Java HotSpot(TM) 64-Bit Server VM (25.73-b02) for windows-amd64 JRE (1.8.0_73-b02), built on Jan 29 2016 17:38:49 by "java_re" with MS VC++ 10.0 (VS2010)
Memory: 4k page, physical 4027256k(875672k free), swap 8052676k(946308k free)
CommandLine flags: -XX:CMSInitiatingOccupancyFraction=50 -XX:CMSMaxAbortablePrecleanTime=6000 -XX:+CMSParallelRemarkEnabled -XX:+CMSScavengeBeforeRemark -XX:ConcGCThreads=4 -XX:InitialHeapSize=536870912 -XX:MaxHeapSize=536870912 -XX:MaxTenuringThreshold=8 -XX:NewRatio=3 -XX:OldPLABSize=16 -XX:ParallelGCThreads=4 -XX:+ParallelRefProcEnabled -XX:PretenureSizeThreshold=67108864 -XX:+PrintGC -XX:+PrintGCApplicationStoppedTime -XX:+PrintGCDateStamps -XX:+PrintGCDetails -XX:+PrintGCTimeStamps -XX:+PrintHeapAtGC -XX:+PrintTenuringDistribution -XX:SurvivorRatio=4 -XX:TargetSurvivorRatio=90 -XX:ThreadStackSize=256 -XX:+UseCMSInitiatingOccupancyOnly -XX:+UseCompressedClassPointers -XX:+UseCompressedOops -XX:+UseConcMarkSweepGC -XX:-UseLargePagesIndividualAllocation -XX:+UseParNewGC 
2016-03-04T11:23:46.658+0000: 1.132: Total time for which application threads were stopped: 0.0774612 seconds, Stopping threads took: 0.0773175 seconds
2016-03-04T11:23:47.016+0000: 1.490: Total time for which application threads were stopped: 0.0002709 seconds, Stopping threads took: 0.0000458 seconds
2016-03-04T11:23:47.066+0000: 1.540: Total time for which application threads were stopped: 0.0001982 seconds, Stopping threads took: 0.0000450 seconds
2016-03-04T11:23:47.993+0000: 2.467: Total time for which application threads were stopped: 0.0002661 seconds, Stopping threads took: 0.0000466 seconds
2016-03-04T11:23:48.360+0000: 2.834: Total time for which application threads were stopped: 0.0003111 seconds, Stopping threads took: 0.0000505 seconds
2016-03-04T11:23:48.385+0000: 2.859: Total time for which application threads were stopped: 0.0002772 seconds, Stopping threads took: 0.0000529 seconds
2016-03-04T11:23:49.403+0000: 3.877: Total time for which application threads were stopped: 0.0029502 seconds, Stopping threads took: 0.0028341 seconds
2016-03-04T11:23:50.018+0000: 4.491: Total time for which application threads were stopped: 0.0008907 seconds, Stopping threads took: 0.0005662 seconds
{Heap before GC invocations=0 (full 0):
 par new generation   total 109248K, used 87424K [0x00000000e0000000, 0x00000000e8000000, 0x00000000e8000000)
  eden space 87424K, 100% used [0x00000000e0000000, 0x00000000e5560000, 0x00000000e5560000)
  from space 21824K,   0% used [0x00000000e5560000, 0x00000000e5560000, 0x00000000e6ab0000)
  to   space 21824K,   0% used [0x00000000e6ab0000, 0x00000000e6ab0000, 0x00000000e8000000)
 concurrent mark-sweep generation total 393216K, used 0K [0x00000000e8000000, 0x0000000100000000, 0x0000000100000000)
 Metaspace       used 10106K, capacity 10350K, committed 10496K, reserved 1058816K
  class space    used 1148K, capacity 1213K, committed 1280K, reserved 1048576K
2016-03-04T11:23:50.047+0000: 4.520: [GC (Allocation Failure) 2016-03-04T11:23:50.047+0000: 4.521: [ParNew
Desired survivor size 20112992 bytes, new threshold 8 (max 8)
- age   1:    5632528 bytes,    5632528 total
: 87424K->5561K(109248K), 0.0274279 secs] 87424K->5561K(502464K), 0.0277564 secs] [Times: user=0.03 sys=0.00, real=0.02 secs] 
Heap after GC invocations=1 (full 0):
 par new generation   total 109248K, used 5561K [0x00000000e0000000, 0x00000000e8000000, 0x00000000e8000000)
  eden space 87424K,   0% used [0x00000000e0000000, 0x00000000e0000000, 0x00000000e5560000)
  from space 21824K,  25% used [0x00000000e6ab0000, 0x00000000e701e468, 0x00000000e8000000)
  to   space 21824K,   0% used [0x00000000e5560000, 0x00000000e5560000, 0x00000000e6ab0000)
 concurrent mark-sweep generation total 393216K, used 0K [0x00000000e8000000, 0x0000000100000000, 0x0000000100000000)
 Metaspace       used 10106K, capacity 10350K, committed 10496K, reserved 1058816K
  class space    used 1148K, capacity 1213K, committed 1280K, reserved 1048576K
}
2016-03-04T11:23:50.067+0000: 4.548: Total time for which application threads were stopped: 0.0281338 seconds, Stopping threads took: 0.0000490 seconds
2016-03-04T11:23:50.077+0000: 4.551: Total time for which application threads were stopped: 0.0007028 seconds, Stopping threads took: 0.0005686 seconds
2016-03-04T11:23:50.087+0000: 4.563: Total time for which application threads were stopped: 0.0002156 seconds, Stopping threads took: 0.0000600 seconds
2016-03-04T11:23:50.087+0000: 4.563: Total time for which application threads were stopped: 0.0001429 seconds, Stopping threads took: 0.0000292 seconds
2016-03-04T11:23:50.087+0000: 4.563: Total time for which application threads were stopped: 0.0001358 seconds, Stopping threads took: 0.0000284 seconds
2016-03-04T11:23:50.087+0000: 4.563: Total time for which application threads were stopped: 0.0001319 seconds, Stopping threads took: 0.0000268 seconds
2016-03-04T11:23:50.087+0000: 4.563: Total time for which application threads were stopped: 0.0001335 seconds, Stopping threads took: 0.0000276 seconds
2016-03-04T11:23:50.087+0000: 4.564: Total time for which application threads were stopped: 0.0001327 seconds, Stopping threads took: 0.0000276 seconds
2016-03-04T11:23:50.087+0000: 4.564: Total time for which application threads were stopped: 0.0001327 seconds, Stopping threads took: 0.0000284 seconds
2016-03-04T11:23:50.087+0000: 4.564: Total time for which application threads were stopped: 0.0001319 seconds, Stopping threads took: 0.0000276 seconds
2016-03-04T11:23:50.087+0000: 4.564: Total time for which application threads were stopped: 0.0001311 seconds, Stopping threads took: 0.0000268 seconds
2016-03-04T11:23:50.087+0000: 4.565: Total time for which application threads were stopped: 0.0004904 seconds, Stopping threads took: 0.0003482 seconds
2016-03-04T11:23:50.439+0000: 4.912: Total time for which application threads were stopped: 0.0003885 seconds, Stopping threads took: 0.0000671 seconds
2016-03-04T11:23:51.301+0000: 5.774: Total time for which application threads were stopped: 0.0002266 seconds, Stopping threads took: 0.0000466 seconds
2016-03-04T11:23:51.301+0000: 5.774: Total time for which application threads were stopped: 0.0001271 seconds, Stopping threads took: 0.0000229 seconds
2016-03-04T11:23:51.301+0000: 5.775: Total time for which application threads were stopped: 0.0001208 seconds, Stopping threads took: 0.0000221 seconds
2016-03-04T11:23:51.302+0000: 5.775: Total time for which application threads were stopped: 0.0001113 seconds, Stopping threads took: 0.0000197 seconds
2016-03-04T11:23:51.302+0000: 5.775: Total time for which application threads were stopped: 0.0001106 seconds, Stopping threads took: 0.0000197 seconds
2016-03-04T11:23:51.315+0000: 5.788: Total time for which application threads were stopped: 0.0002022 seconds, Stopping threads took: 0.0000458 seconds
2016-03-04T11:23:51.316+0000: 5.790: Total time for which application threads were stopped: 0.0001579 seconds, Stopping threads took: 0.0000332 seconds
2016-03-04T11:23:51.317+0000: 5.790: Total time for which application threads were stopped: 0.0001366 seconds, Stopping threads took: 0.0000419 seconds
2016-03-04T11:23:51.317+0000: 5.790: Total time for which application threads were stopped: 0.0001058 seconds, Stopping threads took: 0.0000197 seconds
2016-03-04T11:23:51.317+0000: 5.790: Total time for which application threads were stopped: 0.0001034 seconds, Stopping threads took: 0.0000182 seconds
2016-03-04T11:23:51.317+0000: 5.790: Total time for which application threads were stopped: 0.0001098 seconds, Stopping threads took: 0.0000213 seconds
2016-03-04T11:23:51.318+0000: 5.791: Total time for which application threads were stopped: 0.0001248 seconds, Stopping threads took: 0.0000237 seconds
2016-03-04T11:23:51.334+0000: 5.807: Total time for which application threads were stopped: 0.0002022 seconds, Stopping threads took: 0.0000490 seconds
2016-03-04T11:23:51.344+0000: 5.817: Total time for which application threads were stopped: 0.0003877 seconds, Stopping threads took: 0.0000466 seconds
2016-03-04T11:23:51.344+0000: 5.817: Total time for which application threads were stopped: 0.0001161 seconds, Stopping threads took: 0.0000213 seconds
2016-03-04T11:23:51.344+0000: 5.817: Total time for which application threads were stopped: 0.0001034 seconds, Stopping threads took: 0.0000174 seconds
2016-03-04T11:23:51.344+0000: 5.817: Total time for which application threads were stopped: 0.0001019 seconds, Stopping threads took: 0.0000174 seconds
2016-03-04T11:23:51.344+0000: 5.818: Total time for which application threads were stopped: 0.0001027 seconds, Stopping threads took: 0.0000174 seconds
2016-03-04T11:23:51.345+0000: 5.818: Total time for which application threads were stopped: 0.0001184 seconds, Stopping threads took: 0.0000174 seconds
2016-03-04T11:23:51.345+0000: 5.818: Total time for which application threads were stopped: 0.0001074 seconds, Stopping threads took: 0.0000190 seconds
2016-03-04T11:23:51.345+0000: 5.818: Total time for which application threads were stopped: 0.0001050 seconds, Stopping threads took: 0.0000190 seconds
2016-03-04T11:23:51.345+0000: 5.818: Total time for which application threads were stopped: 0.0002590 seconds, Stopping threads took: 0.0000182 seconds
2016-03-04T11:23:51.355+0000: 5.829: Total time for which application threads were stopped: 0.0001935 seconds, Stopping threads took: 0.0000419 seconds
2016-03-04T11:23:51.359+0000: 5.832: Total time for which application threads were stopped: 0.0001966 seconds, Stopping threads took: 0.0000426 seconds
2016-03-04T11:23:51.359+0000: 5.833: Total time for which application threads were stopped: 0.0001137 seconds, Stopping threads took: 0.0000190 seconds
2016-03-04T11:23:51.360+0000: 5.833: Total time for which application threads were stopped: 0.0001216 seconds, Stopping threads took: 0.0000221 seconds
2016-03-04T11:23:51.379+0000: 5.853: Total time for which application threads were stopped: 0.0001714 seconds, Stopping threads took: 0.0000395 seconds
2016-03-04T11:23:51.389+0000: 5.862: Total time for which application threads were stopped: 0.0002124 seconds, Stopping threads took: 0.0000608 seconds
2016-03-04T11:23:52.202+0000: 6.679: Total time for which application threads were stopped: 0.0001342 seconds, Stopping threads took: 0.0000379 seconds
2016-03-04T11:23:52.202+0000: 6.680: Total time for which application threads were stopped: 0.0000829 seconds, Stopping threads took: 0.0000213 seconds
2016-03-04T11:23:52.202+0000: 6.680: Total time for which application threads were stopped: 0.0000766 seconds, Stopping threads took: 0.0000190 seconds
2016-03-04T11:23:52.202+0000: 6.680: Total time for which application threads were stopped: 0.0000766 seconds, Stopping threads took: 0.0000197 seconds
2016-03-04T11:23:52.202+0000: 6.680: Total time for which application threads were stopped: 0.0000742 seconds, Stopping threads took: 0.0000182 seconds
2016-03-04T11:23:52.202+0000: 6.680: Total time for which application threads were stopped: 0.0000734 seconds, Stopping threads took: 0.0000182 seconds
2016-03-04T11:23:52.202+0000: 6.680: Total time for which application threads were stopped: 0.0000734 seconds, Stopping threads took: 0.0000182 seconds
2016-03-04T11:23:52.202+0000: 6.680: Total time for which application threads were stopped: 0.0000734 seconds, Stopping threads took: 0.0000182 seconds
2016-03-04T11:23:52.202+0000: 6.681: Total time for which application threads were stopped: 0.0000734 seconds, Stopping threads took: 0.0000182 seconds
2016-03-04T11:23:52.202+0000: 6.681: Total time for which application threads were stopped: 0.0000742 seconds, Stopping threads took: 0.0000190 seconds
2016-03-04T11:23:52.202+0000: 6.681: Total time for which application threads were stopped: 0.0000742 seconds, Stopping threads took: 0.0000182 seconds
2016-03-04T11:23:52.202+0000: 6.681: Total time for which application threads were stopped: 0.0000734 seconds, Stopping threads took: 0.0000190 seconds
2016-03-04T11:23:52.202+0000: 6.681: Total time for which application threads were stopped: 0.0000734 seconds, Stopping threads took: 0.0000182 seconds
2016-03-04T11:23:52.202+0000: 6.681: Total time for which application threads were stopped: 0.0000734 seconds, Stopping threads took: 0.0000182 seconds
2016-03-04T11:23:52.202+0000: 6.681: Total time for which application threads were stopped: 0.0000726 seconds, Stopping threads took: 0.0000182 seconds
2016-03-04T11:23:52.202+0000: 6.681: Total time for which application threads were stopped: 0.0000734 seconds, Stopping threads took: 0.0000182 seconds
2016-03-04T11:23:52.202+0000: 6.682: Total time for which application threads were stopped: 0.0000726 seconds, Stopping threads took: 0.0000174 seconds
2016-03-04T11:23:52.202+0000: 6.682: Total time for which application threads were stopped: 0.0000734 seconds, Stopping threads took: 0.0000190 seconds
2016-03-04T11:23:52.202+0000: 6.682: Total time for which application threads were stopped: 0.0000734 seconds, Stopping threads took: 0.0000182 seconds
2016-03-04T11:23:52.202+0000: 6.682: Total time for which application threads were stopped: 0.0002535 seconds, Stopping threads took: 0.0000190 seconds
2016-03-04T11:23:52.202+0000: 6.682: Total time for which application threads were stopped: 0.0001153 seconds, Stopping threads took: 0.0000182 seconds
2016-03-04T11:23:52.202+0000: 6.683: Total time for which application threads were stopped: 0.0001113 seconds, Stopping threads took: 0.0000190 seconds
2016-03-04T11:23:52.202+0000: 6.683: Total time for which application threads were stopped: 0.0001074 seconds, Stopping threads took: 0.0000182 seconds
2016-03-04T11:23:52.202+0000: 6.683: Total time for which application threads were stopped: 0.0001090 seconds, Stopping threads took: 0.0000182 seconds
2016-03-04T11:23:52.212+0000: 6.688: Total time for which application threads were stopped: 0.0001595 seconds, Stopping threads took: 0.0000347 seconds
2016-03-04T11:23:52.212+0000: 6.689: Total time for which application threads were stopped: 0.0001200 seconds, Stopping threads took: 0.0000592 seconds
2016-03-04T11:23:52.222+0000: 6.700: Total time for which application threads were stopped: 0.0001335 seconds, Stopping threads took: 0.0000458 seconds
2016-03-04T11:23:52.222+0000: 6.701: Total time for which application threads were stopped: 0.0000869 seconds, Stopping threads took: 0.0000253 seconds
2016-03-04T11:23:52.222+0000: 6.701: Total time for which application threads were stopped: 0.0000726 seconds, Stopping threads took: 0.0000182 seconds
2016-03-04T11:23:52.639+0000: 7.113: Total time for which application threads were stopped: 0.0001935 seconds, Stopping threads took: 0.0000592 seconds
2016-03-04T11:23:52.643+0000: 7.117: Total time for which application threads were stopped: 0.0003451 seconds, Stopping threads took: 0.0000458 seconds
2016-03-04T11:23:52.773+0000: 7.246: Total time for which application threads were stopped: 0.0002487 seconds, Stopping threads took: 0.0000537 seconds
2016-03-04T11:23:52.773+0000: 7.247: Total time for which application threads were stopped: 0.0001516 seconds, Stopping threads took: 0.0000490 seconds
2016-03-04T11:23:52.978+0000: 7.456: Total time for which application threads were stopped: 0.0004233 seconds, Stopping threads took: 0.0000395 seconds
2016-03-04T11:23:52.978+0000: 7.459: Total time for which application threads were stopped: 0.0002148 seconds, Stopping threads took: 0.0000253 seconds
2016-03-04T11:23:52.988+0000: 7.469: Total time for which application threads were stopped: 0.0004414 seconds, Stopping threads took: 0.0000466 seconds
2016-03-04T11:23:53.322+0000: 7.797: Total time for which application threads were stopped: 0.0002045 seconds, Stopping threads took: 0.0000347 seconds
2016-03-04T11:23:53.322+0000: 7.804: Total time for which application threads were stopped: 0.0001895 seconds, Stopping threads took: 0.0000521 seconds
2016-03-04T11:23:53.332+0000: 7.806: Total time for which application threads were stopped: 0.0003032 seconds, Stopping threads took: 0.0000695 seconds
2016-03-04T11:23:53.352+0000: 7.826: Total time for which application threads were stopped: 0.0002732 seconds, Stopping threads took: 0.0000995 seconds
2016-03-04T11:23:53.352+0000: 7.826: Total time for which application threads were stopped: 0.0003964 seconds, Stopping threads took: 0.0001121 seconds
2016-03-04T11:23:53.352+0000: 7.827: Total time for which application threads were stopped: 0.0002156 seconds, Stopping threads took: 0.0001034 seconds
2016-03-04T11:23:53.442+0000: 7.917: Total time for which application threads were stopped: 0.0003380 seconds, Stopping threads took: 0.0000687 seconds
2016-03-04T11:23:54.444+0000: 8.917: Total time for which application threads were stopped: 0.0001556 seconds, Stopping threads took: 0.0000600 seconds
2016-03-04T11:23:54.504+0000: 8.978: Total time for which application threads were stopped: 0.0003546 seconds, Stopping threads took: 0.0002014 seconds
2016-03-04T11:23:54.504+0000: 8.983: Total time for which application threads were stopped: 0.0001887 seconds, Stopping threads took: 0.0000474 seconds
2016-03-04T11:23:54.514+0000: 8.995: Total time for which application threads were stopped: 0.0003285 seconds, Stopping threads took: 0.0000513 seconds
2016-03-04T11:23:54.658+0000: 9.132: Total time for which application threads were stopped: 0.0004738 seconds, Stopping threads took: 0.0000505 seconds
2016-03-04T11:23:54.770+0000: 9.244: Total time for which application threads were stopped: 0.0002243 seconds, Stopping threads took: 0.0000442 seconds
2016-03-04T11:23:54.825+0000: 9.298: Total time for which application threads were stopped: 0.0001429 seconds, Stopping threads took: 0.0000529 seconds
2016-03-04T11:23:54.825+0000: 9.299: Total time for which application threads were stopped: 0.0000821 seconds, Stopping threads took: 0.0000324 seconds
2016-03-04T11:23:54.916+0000: 9.390: Total time for which application threads were stopped: 0.0001461 seconds, Stopping threads took: 0.0000513 seconds
2016-03-04T11:23:54.916+0000: 9.390: Total time for which application threads were stopped: 0.0000924 seconds, Stopping threads took: 0.0000261 seconds
2016-03-04T11:23:54.916+0000: 9.390: Total time for which application threads were stopped: 0.0000766 seconds, Stopping threads took: 0.0000268 seconds
2016-03-04T11:23:54.916+0000: 9.390: Total time for which application threads were stopped: 0.0000829 seconds, Stopping threads took: 0.0000261 seconds
2016-03-04T11:23:54.916+0000: 9.390: Total time for which application threads were stopped: 0.0000798 seconds, Stopping threads took: 0.0000284 seconds
2016-03-04T11:23:54.916+0000: 9.390: Total time for which application threads were stopped: 0.0000829 seconds, Stopping threads took: 0.0000253 seconds
2016-03-04T11:23:54.916+0000: 9.390: Total time for which application threads were stopped: 0.0000750 seconds, Stopping threads took: 0.0000261 seconds
2016-03-04T11:23:54.916+0000: 9.391: Total time for which application threads were stopped: 0.0000805 seconds, Stopping threads took: 0.0000253 seconds
2016-03-04T11:23:54.916+0000: 9.392: Total time for which application threads were stopped: 0.0000971 seconds, Stopping threads took: 0.0000268 seconds
2016-03-04T11:23:54.916+0000: 9.392: Total time for which application threads were stopped: 0.0000798 seconds, Stopping threads took: 0.0000221 seconds
2016-03-04T11:23:54.916+0000: 9.398: Total time for which application threads were stopped: 0.0000916 seconds, Stopping threads took: 0.0000276 seconds
2016-03-04T11:23:54.916+0000: 9.398: Total time for which application threads were stopped: 0.0002045 seconds, Stopping threads took: 0.0000221 seconds
2016-03-04T11:23:54.916+0000: 9.399: Total time for which application threads were stopped: 0.0000703 seconds, Stopping threads took: 0.0000197 seconds
2016-03-04T11:23:54.916+0000: 9.399: Total time for which application threads were stopped: 0.0000734 seconds, Stopping threads took: 0.0000205 seconds
2016-03-04T11:23:54.926+0000: 9.399: Total time for which application threads were stopped: 0.0000853 seconds, Stopping threads took: 0.0000308 seconds
2016-03-04T11:23:54.926+0000: 9.399: Total time for which application threads were stopped: 0.0000750 seconds, Stopping threads took: 0.0000261 seconds
2016-03-04T11:23:54.926+0000: 9.401: Total time for which application threads were stopped: 0.0000877 seconds, Stopping threads took: 0.0000229 seconds
2016-03-04T11:23:54.926+0000: 9.402: Total time for which application threads were stopped: 0.0000782 seconds, Stopping threads took: 0.0000229 seconds
2016-03-04T11:23:55.006+0000: 9.479: Total time for which application threads were stopped: 0.0706141 seconds, Stopping threads took: 0.0704941 seconds
2016-03-04T11:23:55.006+0000: 9.479: Total time for which application threads were stopped: 0.0001358 seconds, Stopping threads took: 0.0000790 seconds
2016-03-04T11:23:55.006+0000: 9.480: Total time for which application threads were stopped: 0.0001184 seconds, Stopping threads took: 0.0000624 seconds
2016-03-04T11:23:55.006+0000: 9.480: Total time for which application threads were stopped: 0.0001121 seconds, Stopping threads took: 0.0000608 seconds
2016-03-04T11:23:55.006+0000: 9.481: Total time for which application threads were stopped: 0.0001137 seconds, Stopping threads took: 0.0000569 seconds
2016-03-04T11:23:55.006+0000: 9.481: Total time for which application threads were stopped: 0.0002748 seconds, Stopping threads took: 0.0000497 seconds
2016-03-04T11:23:55.006+0000: 9.481: Total time for which application threads were stopped: 0.0001003 seconds, Stopping threads took: 0.0000490 seconds
2016-03-04T11:23:55.016+0000: 9.493: Total time for which application threads were stopped: 0.0001066 seconds, Stopping threads took: 0.0000347 seconds
2016-03-04T11:23:55.016+0000: 9.495: Total time for which application threads were stopped: 0.0000805 seconds, Stopping threads took: 0.0000245 seconds
2016-03-04T11:23:55.016+0000: 9.495: Total time for which application threads were stopped: 0.0000758 seconds, Stopping threads took: 0.0000213 seconds
2016-03-04T11:23:55.026+0000: 9.507: Total time for which application threads were stopped: 0.0001698 seconds, Stopping threads took: 0.0000884 seconds
2016-03-04T11:23:55.036+0000: 9.517: Total time for which application threads were stopped: 0.0001192 seconds, Stopping threads took: 0.0000387 seconds
2016-03-04T11:23:55.036+0000: 9.517: Total time for which application threads were stopped: 0.0000766 seconds, Stopping threads took: 0.0000221 seconds
2016-03-04T11:23:55.036+0000: 9.518: Total time for which application threads were stopped: 0.0003467 seconds, Stopping threads took: 0.0000205 seconds
2016-03-04T11:23:55.056+0000: 9.531: Total time for which application threads were stopped: 0.0003016 seconds, Stopping threads took: 0.0000411 seconds
2016-03-04T11:23:55.076+0000: 9.558: Total time for which application threads were stopped: 0.0001706 seconds, Stopping threads took: 0.0000671 seconds
2016-03-04T11:23:55.096+0000: 9.574: Total time for which application threads were stopped: 0.0001311 seconds, Stopping threads took: 0.0000419 seconds
2016-03-04T11:23:55.096+0000: 9.574: Total time for which application threads were stopped: 0.0000805 seconds, Stopping threads took: 0.0000221 seconds
2016-03-04T11:23:55.096+0000: 9.575: Total time for which application threads were stopped: 0.0000742 seconds, Stopping threads took: 0.0000197 seconds
2016-03-04T11:23:55.096+0000: 9.575: Total time for which application threads were stopped: 0.0000758 seconds, Stopping threads took: 0.0000205 seconds
2016-03-04T11:23:55.096+0000: 9.578: Total time for which application threads were stopped: 0.0001587 seconds, Stopping threads took: 0.0000245 seconds
2016-03-04T11:23:55.096+0000: 9.578: Total time for which application threads were stopped: 0.0000790 seconds, Stopping threads took: 0.0000213 seconds
2016-03-04T11:23:55.096+0000: 9.578: Total time for which application threads were stopped: 0.0000750 seconds, Stopping threads took: 0.0000205 seconds
2016-03-04T11:23:55.096+0000: 9.578: Total time for which application threads were stopped: 0.0000742 seconds, Stopping threads took: 0.0000197 seconds
2016-03-04T11:23:55.106+0000: 9.580: Total time for which application threads were stopped: 0.0001098 seconds, Stopping threads took: 0.0000292 seconds
2016-03-04T11:23:55.106+0000: 9.580: Total time for which application threads were stopped: 0.0000877 seconds, Stopping threads took: 0.0000229 seconds
2016-03-04T11:23:55.106+0000: 9.581: Total time for which application threads were stopped: 0.0000798 seconds, Stopping threads took: 0.0000197 seconds
2016-03-04T11:23:55.106+0000: 9.581: Total time for which application threads were stopped: 0.0000813 seconds, Stopping threads took: 0.0000197 seconds
2016-03-04T11:23:55.106+0000: 9.588: Total time for which application threads were stopped: 0.0000932 seconds, Stopping threads took: 0.0000292 seconds
2016-03-04T11:23:55.116+0000: 9.596: Total time for which application threads were stopped: 0.0004051 seconds, Stopping threads took: 0.0000426 seconds
2016-03-04T11:23:55.116+0000: 9.598: Total time for which application threads were stopped: 0.0001003 seconds, Stopping threads took: 0.0000292 seconds
2016-03-04T11:23:55.116+0000: 9.598: Total time for which application threads were stopped: 0.0000805 seconds, Stopping threads took: 0.0000213 seconds
2016-03-04T11:23:55.116+0000: 9.598: Total time for which application threads were stopped: 0.0000750 seconds, Stopping threads took: 0.0000197 seconds
2016-03-04T11:23:55.126+0000: 9.599: Total time for which application threads were stopped: 0.0001524 seconds, Stopping threads took: 0.0000790 seconds
2016-03-04T11:23:55.126+0000: 9.608: Total time for which application threads were stopped: 0.0001098 seconds, Stopping threads took: 0.0000363 seconds
2016-03-04T11:23:55.146+0000: 9.620: Total time for which application threads were stopped: 0.0001374 seconds, Stopping threads took: 0.0000426 seconds
2016-03-04T11:23:55.146+0000: 9.620: Total time for which application threads were stopped: 0.0000805 seconds, Stopping threads took: 0.0000221 seconds
2016-03-04T11:23:55.146+0000: 9.620: Total time for which application threads were stopped: 0.0000742 seconds, Stopping threads took: 0.0000197 seconds
2016-03-04T11:23:55.146+0000: 9.620: Total time for which application threads were stopped: 0.0000758 seconds, Stopping threads took: 0.0000197 seconds
2016-03-04T11:23:55.176+0000: 9.656: Total time for which application threads were stopped: 0.0001279 seconds, Stopping threads took: 0.0000442 seconds
2016-03-04T11:23:55.176+0000: 9.656: Total time for which application threads were stopped: 0.0000884 seconds, Stopping threads took: 0.0000237 seconds
2016-03-04T11:23:55.176+0000: 9.656: Total time for which application threads were stopped: 0.0000805 seconds, Stopping threads took: 0.0000213 seconds
2016-03-04T11:23:55.176+0000: 9.656: Total time for which application threads were stopped: 0.0000742 seconds, Stopping threads took: 0.0000190 seconds
2016-03-04T11:23:55.176+0000: 9.657: Total time for which application threads were stopped: 0.0000766 seconds, Stopping threads took: 0.0000205 seconds
2016-03-04T11:23:55.618+0000: 10.100: Total time for which application threads were stopped: 0.0001595 seconds, Stopping threads took: 0.0000426 seconds
2016-03-04T11:23:55.618+0000: 10.100: Total time for which application threads were stopped: 0.0000821 seconds, Stopping threads took: 0.0000221 seconds
2016-03-04T11:23:55.618+0000: 10.100: Total time for which application threads were stopped: 0.0000758 seconds, Stopping threads took: 0.0000197 seconds
2016-03-04T11:23:55.628+0000: 10.101: Total time for which application threads were stopped: 0.0001721 seconds, Stopping threads took: 0.0000340 seconds
2016-03-04T11:23:55.638+0000: 10.112: Total time for which application threads were stopped: 0.0004106 seconds, Stopping threads took: 0.0000403 seconds
2016-03-04T11:23:55.658+0000: 10.132: Total time for which application threads were stopped: 0.0001350 seconds, Stopping threads took: 0.0000426 seconds
2016-03-04T11:23:55.658+0000: 10.133: Total time for which application threads were stopped: 0.0000837 seconds, Stopping threads took: 0.0000221 seconds
2016-03-04T11:23:55.658+0000: 10.133: Total time for which application threads were stopped: 0.0000790 seconds, Stopping threads took: 0.0000205 seconds
2016-03-04T11:23:55.688+0000: 10.162: Total time for which application threads were stopped: 0.0001437 seconds, Stopping threads took: 0.0000458 seconds
2016-03-04T11:23:55.688+0000: 10.162: Total time for which application threads were stopped: 0.0000742 seconds, Stopping threads took: 0.0000197 seconds
2016-03-04T11:23:55.688+0000: 10.163: Total time for which application threads were stopped: 0.0000734 seconds, Stopping threads took: 0.0000197 seconds
2016-03-04T11:23:55.688+0000: 10.163: Total time for which application threads were stopped: 0.0000790 seconds, Stopping threads took: 0.0000213 seconds
2016-03-04T11:23:55.688+0000: 10.168: Total time for which application threads were stopped: 0.0001327 seconds, Stopping threads took: 0.0000411 seconds
2016-03-04T11:23:55.688+0000: 10.169: Total time for which application threads were stopped: 0.0001066 seconds, Stopping threads took: 0.0000371 seconds
2016-03-04T11:23:55.698+0000: 10.174: Total time for which application threads were stopped: 0.0001421 seconds, Stopping threads took: 0.0000442 seconds
2016-03-04T11:23:56.011+0000: 10.485: Total time for which application threads were stopped: 0.0001564 seconds, Stopping threads took: 0.0000505 seconds
2016-03-04T11:23:56.012+0000: 10.485: Total time for which application threads were stopped: 0.0002551 seconds, Stopping threads took: 0.0000221 seconds
2016-03-04T11:23:56.012+0000: 10.485: Total time for which application threads were stopped: 0.0000813 seconds, Stopping threads took: 0.0000213 seconds
2016-03-04T11:23:56.023+0000: 10.496: Total time for which application threads were stopped: 0.0001469 seconds, Stopping threads took: 0.0000442 seconds
2016-03-04T11:23:56.025+0000: 10.498: Total time for which application threads were stopped: 0.0001271 seconds, Stopping threads took: 0.0000340 seconds
2016-03-04T11:23:56.025+0000: 10.498: Total time for which application threads were stopped: 0.0000900 seconds, Stopping threads took: 0.0000284 seconds
2016-03-04T11:23:56.026+0000: 10.500: Total time for which application threads were stopped: 0.0001161 seconds, Stopping threads took: 0.0000395 seconds
2016-03-04T11:23:56.026+0000: 10.500: Total time for which application threads were stopped: 0.0000948 seconds, Stopping threads took: 0.0000332 seconds
2016-03-04T11:23:56.027+0000: 10.500: Total time for which application threads were stopped: 0.0000924 seconds, Stopping threads took: 0.0000308 seconds
2016-03-04T11:23:56.027+0000: 10.500: Total time for which application threads were stopped: 0.0000869 seconds, Stopping threads took: 0.0000284 seconds
2016-03-04T11:23:56.027+0000: 10.500: Total time for which application threads were stopped: 0.0000924 seconds, Stopping threads took: 0.0000324 seconds
2016-03-04T11:23:56.028+0000: 10.501: Total time for which application threads were stopped: 0.0001137 seconds, Stopping threads took: 0.0000387 seconds
2016-03-04T11:23:56.028+0000: 10.501: Total time for which application threads were stopped: 0.0000916 seconds, Stopping threads took: 0.0000300 seconds
2016-03-04T11:23:56.029+0000: 10.502: Total time for which application threads were stopped: 0.0001042 seconds, Stopping threads took: 0.0000347 seconds
2016-03-04T11:23:56.029+0000: 10.502: Total time for which application threads were stopped: 0.0000869 seconds, Stopping threads took: 0.0000292 seconds
2016-03-04T11:23:56.029+0000: 10.502: Total time for which application threads were stopped: 0.0000916 seconds, Stopping threads took: 0.0000300 seconds
2016-03-04T11:23:56.029+0000: 10.503: Total time for which application threads were stopped: 0.0000877 seconds, Stopping threads took: 0.0000292 seconds
2016-03-04T11:23:56.029+0000: 10.503: Total time for which application threads were stopped: 0.0000845 seconds, Stopping threads took: 0.0000284 seconds
2016-03-04T11:23:56.030+0000: 10.503: Total time for which application threads were stopped: 0.0000892 seconds, Stopping threads took: 0.0000300 seconds
2016-03-04T11:23:56.030+0000: 10.503: Total time for which application threads were stopped: 0.0000853 seconds, Stopping threads took: 0.0000276 seconds
2016-03-04T11:23:56.030+0000: 10.503: Total time for which application threads were stopped: 0.0000861 seconds, Stopping threads took: 0.0000292 seconds
2016-03-04T11:23:56.030+0000: 10.504: Total time for which application threads were stopped: 0.0000979 seconds, Stopping threads took: 0.0000340 seconds
2016-03-04T11:23:56.056+0000: 10.529: Total time for which application threads were stopped: 0.0001587 seconds, Stopping threads took: 0.0000529 seconds
2016-03-04T11:23:56.056+0000: 10.529: Total time for which application threads were stopped: 0.0000884 seconds, Stopping threads took: 0.0000276 seconds
2016-03-04T11:23:56.056+0000: 10.529: Total time for which application threads were stopped: 0.0000877 seconds, Stopping threads took: 0.0000268 seconds
2016-03-04T11:23:56.056+0000: 10.529: Total time for which application threads were stopped: 0.0000853 seconds, Stopping threads took: 0.0000261 seconds
2016-03-04T11:23:56.217+0000: 10.691: Total time for which application threads were stopped: 0.0001437 seconds, Stopping threads took: 0.0000458 seconds
2016-03-04T11:23:56.218+0000: 10.691: Total time for which application threads were stopped: 0.0001161 seconds, Stopping threads took: 0.0000387 seconds
2016-03-04T11:23:56.219+0000: 10.692: Total time for which application threads were stopped: 0.0001121 seconds, Stopping threads took: 0.0000387 seconds
2016-03-04T11:23:56.238+0000: 10.712: Total time for which application threads were stopped: 0.0001571 seconds, Stopping threads took: 0.0000442 seconds
2016-03-04T11:23:56.247+0000: 10.720: Total time for which application threads were stopped: 0.0001477 seconds, Stopping threads took: 0.0000403 seconds
2016-03-04T11:23:57.720+0000: 12.193: Total time for which application threads were stopped: 0.0001516 seconds, Stopping threads took: 0.0000497 seconds
2016-03-04T11:23:57.720+0000: 12.194: Total time for which application threads were stopped: 0.0000877 seconds, Stopping threads took: 0.0000292 seconds
2016-03-04T11:23:57.721+0000: 12.194: Total time for which application threads were stopped: 0.0000908 seconds, Stopping threads took: 0.0000316 seconds
2016-03-04T11:23:57.721+0000: 12.194: Total time for which application threads were stopped: 0.0000813 seconds, Stopping threads took: 0.0000268 seconds
2016-03-04T11:23:57.755+0000: 12.229: Total time for which application threads were stopped: 0.0001769 seconds, Stopping threads took: 0.0000490 seconds
2016-03-04T11:23:57.764+0000: 12.237: Total time for which application threads were stopped: 0.0022213 seconds, Stopping threads took: 0.0020871 seconds
2016-03-04T11:23:57.788+0000: 12.261: Total time for which application threads were stopped: 0.0001935 seconds, Stopping threads took: 0.0000553 seconds
2016-03-04T11:23:57.789+0000: 12.263: Total time for which application threads were stopped: 0.0001642 seconds, Stopping threads took: 0.0000490 seconds
2016-03-04T11:23:57.850+0000: 12.323: Total time for which application threads were stopped: 0.0001666 seconds, Stopping threads took: 0.0000474 seconds
2016-03-04T11:23:57.854+0000: 12.327: Total time for which application threads were stopped: 0.0001390 seconds, Stopping threads took: 0.0000419 seconds
2016-03-04T11:23:57.854+0000: 12.328: Total time for which application threads were stopped: 0.0000750 seconds, Stopping threads took: 0.0000197 seconds
2016-03-04T11:23:58.857+0000: 13.330: Total time for which application threads were stopped: 0.0001808 seconds, Stopping threads took: 0.0000553 seconds
2016-03-04T11:23:59.098+0000: 13.571: Total time for which application threads were stopped: 0.0001887 seconds, Stopping threads took: 0.0000734 seconds
2016-03-04T11:23:59.098+0000: 13.571: Total time for which application threads were stopped: 0.0000892 seconds, Stopping threads took: 0.0000261 seconds
2016-03-04T11:23:59.099+0000: 13.572: Total time for which application threads were stopped: 0.0001106 seconds, Stopping threads took: 0.0000308 seconds
2016-03-04T11:23:59.099+0000: 13.573: Total time for which application threads were stopped: 0.0000813 seconds, Stopping threads took: 0.0000221 seconds
2016-03-04T11:23:59.100+0000: 13.573: Total time for which application threads were stopped: 0.0001169 seconds, Stopping threads took: 0.0000442 seconds
2016-03-04T11:23:59.100+0000: 13.574: Total time for which application threads were stopped: 0.0001335 seconds, Stopping threads took: 0.0000711 seconds
2016-03-04T11:23:59.144+0000: 13.617: Total time for which application threads were stopped: 0.0005228 seconds, Stopping threads took: 0.0000679 seconds
2016-03-04T11:23:59.144+0000: 13.618: Total time for which application threads were stopped: 0.0003001 seconds, Stopping threads took: 0.0001753 seconds
2016-03-04T11:23:59.293+0000: 13.766: Total time for which application threads were stopped: 0.0266982 seconds, Stopping threads took: 0.0265016 seconds
2016-03-04T11:23:59.381+0000: 13.854: Total time for which application threads were stopped: 0.0001911 seconds, Stopping threads took: 0.0000545 seconds
2016-03-04T11:23:59.385+0000: 13.859: Total time for which application threads were stopped: 0.0001327 seconds, Stopping threads took: 0.0000411 seconds
2016-03-04T11:23:59.386+0000: 13.859: Total time for which application threads were stopped: 0.0000908 seconds, Stopping threads took: 0.0000245 seconds
2016-03-04T11:23:59.389+0000: 13.862: Total time for which application threads were stopped: 0.0005188 seconds, Stopping threads took: 0.0000592 seconds
2016-03-04T11:23:59.625+0000: 14.098: Total time for which application threads were stopped: 0.0003088 seconds, Stopping threads took: 0.0000482 seconds
2016-03-04T11:23:59.625+0000: 14.098: Total time for which application threads were stopped: 0.0001098 seconds, Stopping threads took: 0.0000403 seconds
2016-03-04T11:23:59.633+0000: 14.107: Total time for which application threads were stopped: 0.0001532 seconds, Stopping threads took: 0.0000545 seconds
2016-03-04T11:23:59.848+0000: 14.321: Total time for which application threads were stopped: 0.0002448 seconds, Stopping threads took: 0.0000490 seconds
2016-03-04T11:23:59.869+0000: 14.342: Total time for which application threads were stopped: 0.0002014 seconds, Stopping threads took: 0.0000505 seconds
{Heap before GC invocations=1 (full 0):
 par new generation   total 109248K, used 92985K [0x00000000e0000000, 0x00000000e8000000, 0x00000000e8000000)
  eden space 87424K, 100% used [0x00000000e0000000, 0x00000000e5560000, 0x00000000e5560000)
  from space 21824K,  25% used [0x00000000e6ab0000, 0x00000000e701e468, 0x00000000e8000000)
  to   space 21824K,   0% used [0x00000000e5560000, 0x00000000e5560000, 0x00000000e6ab0000)
 concurrent mark-sweep generation total 393216K, used 0K [0x00000000e8000000, 0x0000000100000000, 0x0000000100000000)
 Metaspace       used 20416K, capacity 20818K, committed 20992K, reserved 1067008K
  class space    used 2368K, capacity 2525K, committed 2560K, reserved 1048576K
2016-03-04T11:23:59.908+0000: 14.381: [GC (Allocation Failure) 2016-03-04T11:23:59.908+0000: 14.381: [ParNew
Desired survivor size 20112992 bytes, new threshold 8 (max 8)
- age   1:    9036624 bytes,    9036624 total
- age   2:    2531952 bytes,   11568576 total
: 92985K->13963K(109248K), 0.0541751 secs] 92985K->13963K(502464K), 0.0543646 secs] [Times: user=0.08 sys=0.02, real=0.05 secs] 
Heap after GC invocations=2 (full 0):
 par new generation   total 109248K, used 13963K [0x00000000e0000000, 0x00000000e8000000, 0x00000000e8000000)
  eden space 87424K,   0% used [0x00000000e0000000, 0x00000000e0000000, 0x00000000e5560000)
  from space 21824K,  63% used [0x00000000e5560000, 0x00000000e6302c08, 0x00000000e6ab0000)
  to   space 21824K,   0% used [0x00000000e6ab0000, 0x00000000e6ab0000, 0x00000000e8000000)
 concurrent mark-sweep generation total 393216K, used 0K [0x00000000e8000000, 0x0000000100000000, 0x0000000100000000)
 Metaspace       used 20416K, capacity 20818K, committed 20992K, reserved 1067008K
  class space    used 2368K, capacity 2525K, committed 2560K, reserved 1048576K
}
2016-03-04T11:23:59.962+0000: 14.436: Total time for which application threads were stopped: 0.0548344 seconds, Stopping threads took: 0.0000545 seconds
2016-03-04T11:24:00.007+0000: 14.480: Total time for which application threads were stopped: 0.0013495 seconds, Stopping threads took: 0.0012169 seconds
2016-03-04T11:24:00.012+0000: 14.485: Total time for which application threads were stopped: 0.0001579 seconds, Stopping threads took: 0.0000521 seconds
2016-03-04T11:24:00.014+0000: 14.487: Total time for which application threads were stopped: 0.0001406 seconds, Stopping threads took: 0.0000576 seconds
2016-03-04T11:24:00.014+0000: 14.487: Total time for which application threads were stopped: 0.0000924 seconds, Stopping threads took: 0.0000324 seconds
2016-03-04T11:24:00.014+0000: 14.487: Total time for which application threads were stopped: 0.0000884 seconds, Stopping threads took: 0.0000292 seconds
2016-03-04T11:24:00.014+0000: 14.488: Total time for which application threads were stopped: 0.0000877 seconds, Stopping threads took: 0.0000284 seconds
2016-03-04T11:24:00.014+0000: 14.488: Total time for which application threads were stopped: 0.0000892 seconds, Stopping threads took: 0.0000300 seconds
2016-03-04T11:24:00.014+0000: 14.488: Total time for which application threads were stopped: 0.0001003 seconds, Stopping threads took: 0.0000387 seconds
2016-03-04T11:24:00.028+0000: 14.502: Total time for which application threads were stopped: 0.0003601 seconds, Stopping threads took: 0.0002503 seconds
2016-03-04T11:24:00.029+0000: 14.502: Total time for which application threads were stopped: 0.0003601 seconds, Stopping threads took: 0.0000340 seconds
2016-03-04T11:24:00.037+0000: 14.510: Total time for which application threads were stopped: 0.0001887 seconds, Stopping threads took: 0.0000584 seconds
2016-03-04T11:24:00.037+0000: 14.510: Total time for which application threads were stopped: 0.0000963 seconds, Stopping threads took: 0.0000316 seconds
2016-03-04T11:24:00.037+0000: 14.510: Total time for which application threads were stopped: 0.0000916 seconds, Stopping threads took: 0.0000292 seconds
2016-03-04T11:24:00.038+0000: 14.511: Total time for which application threads were stopped: 0.0001208 seconds, Stopping threads took: 0.0000387 seconds
2016-03-04T11:24:00.045+0000: 14.518: Total time for which application threads were stopped: 0.0001800 seconds, Stopping threads took: 0.0000592 seconds
2016-03-04T11:24:00.045+0000: 14.518: Total time for which application threads were stopped: 0.0000924 seconds, Stopping threads took: 0.0000300 seconds
2016-03-04T11:24:00.045+0000: 14.518: Total time for which application threads were stopped: 0.0000900 seconds, Stopping threads took: 0.0000284 seconds
2016-03-04T11:24:00.046+0000: 14.519: Total time for which application threads were stopped: 0.0001129 seconds, Stopping threads took: 0.0000363 seconds
2016-03-04T11:24:00.086+0000: 14.559: Total time for which application threads were stopped: 0.0002132 seconds, Stopping threads took: 0.0000884 seconds
2016-03-04T11:24:00.086+0000: 14.559: Total time for which application threads were stopped: 0.0000877 seconds, Stopping threads took: 0.0000213 seconds
2016-03-04T11:24:00.086+0000: 14.559: Total time for which application threads were stopped: 0.0000861 seconds, Stopping threads took: 0.0000205 seconds
2016-03-04T11:24:00.087+0000: 14.561: Total time for which application threads were stopped: 0.0002511 seconds, Stopping threads took: 0.0000442 seconds
2016-03-04T11:24:00.094+0000: 14.567: Total time for which application threads were stopped: 0.0001761 seconds, Stopping threads took: 0.0000466 seconds
2016-03-04T11:24:00.094+0000: 14.567: Total time for which application threads were stopped: 0.0000963 seconds, Stopping threads took: 0.0000237 seconds
2016-03-04T11:24:00.094+0000: 14.568: Total time for which application threads were stopped: 0.0000845 seconds, Stopping threads took: 0.0000197 seconds
2016-03-04T11:24:00.095+0000: 14.568: Total time for which application threads were stopped: 0.0001019 seconds, Stopping threads took: 0.0000253 seconds
2016-03-04T11:24:00.116+0000: 14.590: Total time for which application threads were stopped: 0.0012903 seconds, Stopping threads took: 0.0010589 seconds
2016-03-04T11:24:00.117+0000: 14.590: Total time for which application threads were stopped: 0.0001919 seconds, Stopping threads took: 0.0000458 seconds
2016-03-04T11:24:00.119+0000: 14.592: Total time for which application threads were stopped: 0.0014664 seconds, Stopping threads took: 0.0010787 seconds
2016-03-04T11:24:00.121+0000: 14.594: Total time for which application threads were stopped: 0.0002274 seconds, Stopping threads took: 0.0000403 seconds
2016-03-04T11:24:00.121+0000: 14.594: Total time for which application threads were stopped: 0.0001445 seconds, Stopping threads took: 0.0000221 seconds
2016-03-04T11:24:00.121+0000: 14.595: Total time for which application threads were stopped: 0.0001579 seconds, Stopping threads took: 0.0000237 seconds
2016-03-04T11:24:00.122+0000: 14.596: Total time for which application threads were stopped: 0.0001658 seconds, Stopping threads took: 0.0000261 seconds
2016-03-04T11:24:00.123+0000: 14.596: Total time for which application threads were stopped: 0.0001516 seconds, Stopping threads took: 0.0000245 seconds
2016-03-04T11:24:00.123+0000: 14.596: Total time for which application threads were stopped: 0.0001421 seconds, Stopping threads took: 0.0000205 seconds
2016-03-04T11:24:00.123+0000: 14.597: Total time for which application threads were stopped: 0.0001398 seconds, Stopping threads took: 0.0000213 seconds
2016-03-04T11:24:00.123+0000: 14.597: Total time for which application threads were stopped: 0.0001437 seconds, Stopping threads took: 0.0000213 seconds
2016-03-04T11:24:00.124+0000: 14.597: Total time for which application threads were stopped: 0.0001398 seconds, Stopping threads took: 0.0000205 seconds
2016-03-04T11:24:00.124+0000: 14.598: Total time for which application threads were stopped: 0.0001595 seconds, Stopping threads took: 0.0000237 seconds
2016-03-04T11:24:00.124+0000: 14.598: Total time for which application threads were stopped: 0.0001421 seconds, Stopping threads took: 0.0000205 seconds
2016-03-04T11:24:00.125+0000: 14.598: Total time for which application threads were stopped: 0.0001421 seconds, Stopping threads took: 0.0000213 seconds
2016-03-04T11:24:00.125+0000: 14.598: Total time for which application threads were stopped: 0.0001500 seconds, Stopping threads took: 0.0000221 seconds
2016-03-04T11:24:00.125+0000: 14.599: Total time for which application threads were stopped: 0.0001492 seconds, Stopping threads took: 0.0000221 seconds
2016-03-04T11:24:00.126+0000: 14.599: Total time for which application threads were stopped: 0.0001461 seconds, Stopping threads took: 0.0000213 seconds
2016-03-04T11:24:00.126+0000: 14.599: Total time for which application threads were stopped: 0.0001390 seconds, Stopping threads took: 0.0000205 seconds
2016-03-04T11:24:00.127+0000: 14.600: Total time for which application threads were stopped: 0.0001808 seconds, Stopping threads took: 0.0000253 seconds
2016-03-04T11:24:00.127+0000: 14.600: Total time for which application threads were stopped: 0.0001856 seconds, Stopping threads took: 0.0000213 seconds
2016-03-04T11:24:00.127+0000: 14.601: Total time for which application threads were stopped: 0.0003522 seconds, Stopping threads took: 0.0000213 seconds
2016-03-04T11:24:00.128+0000: 14.602: Total time for which application threads were stopped: 0.0001761 seconds, Stopping threads took: 0.0000276 seconds
2016-03-04T11:24:02.521+0000: 16.995: Total time for which application threads were stopped: 0.0002258 seconds, Stopping threads took: 0.0000537 seconds
2016-03-04T11:24:02.585+0000: 17.059: Total time for which application threads were stopped: 0.0002061 seconds, Stopping threads took: 0.0000521 seconds
2016-03-04T11:24:02.745+0000: 17.219: Total time for which application threads were stopped: 0.0002756 seconds, Stopping threads took: 0.0000576 seconds
2016-03-04T11:24:02.816+0000: 17.289: Total time for which application threads were stopped: 0.0001911 seconds, Stopping threads took: 0.0000513 seconds
2016-03-04T11:24:03.029+0000: 17.502: Total time for which application threads were stopped: 0.0001974 seconds, Stopping threads took: 0.0000482 seconds
2016-03-04T11:24:03.073+0000: 17.546: Total time for which application threads were stopped: 0.0002993 seconds, Stopping threads took: 0.0000576 seconds
2016-03-04T11:24:03.075+0000: 17.548: Total time for which application threads were stopped: 0.0002432 seconds, Stopping threads took: 0.0000395 seconds
2016-03-04T11:24:03.075+0000: 17.548: Total time for which application threads were stopped: 0.0001327 seconds, Stopping threads took: 0.0000253 seconds
2016-03-04T11:24:03.079+0000: 17.553: Total time for which application threads were stopped: 0.0002337 seconds, Stopping threads took: 0.0000450 seconds
2016-03-04T11:24:03.080+0000: 17.553: Total time for which application threads were stopped: 0.0005575 seconds, Stopping threads took: 0.0000213 seconds
2016-03-04T11:24:03.080+0000: 17.554: Total time for which application threads were stopped: 0.0003617 seconds, Stopping threads took: 0.0000403 seconds
2016-03-04T11:24:03.087+0000: 17.560: Total time for which application threads were stopped: 0.0005243 seconds, Stopping threads took: 0.0000671 seconds
2016-03-04T11:24:03.089+0000: 17.563: Total time for which application threads were stopped: 0.0001603 seconds, Stopping threads took: 0.0000411 seconds
2016-03-04T11:24:03.217+0000: 17.691: Total time for which application threads were stopped: 0.1030713 seconds, Stopping threads took: 0.1028865 seconds
2016-03-04T11:24:03.230+0000: 17.703: Total time for which application threads were stopped: 0.0006017 seconds, Stopping threads took: 0.0003861 seconds
2016-03-04T11:24:03.290+0000: 17.763: Total time for which application threads were stopped: 0.0001745 seconds, Stopping threads took: 0.0000442 seconds
2016-03-04T11:24:03.292+0000: 17.765: Total time for which application threads were stopped: 0.0001848 seconds, Stopping threads took: 0.0000490 seconds
2016-03-04T11:24:03.292+0000: 17.766: Total time for which application threads were stopped: 0.0001453 seconds, Stopping threads took: 0.0000363 seconds
2016-03-04T11:24:03.310+0000: 17.784: Total time for which application threads were stopped: 0.0002022 seconds, Stopping threads took: 0.0000466 seconds
2016-03-04T11:24:03.568+0000: 18.041: Total time for which application threads were stopped: 0.2123240 seconds, Stopping threads took: 0.2120595 seconds
2016-03-04T11:24:03.601+0000: 18.074: Total time for which application threads were stopped: 0.0002132 seconds, Stopping threads took: 0.0000521 seconds
2016-03-04T11:24:03.650+0000: 18.124: Total time for which application threads were stopped: 0.0012556 seconds, Stopping threads took: 0.0010147 seconds
2016-03-04T11:24:03.853+0000: 18.327: Total time for which application threads were stopped: 0.0002866 seconds, Stopping threads took: 0.0000561 seconds
2016-03-04T11:24:04.002+0000: 18.475: [GC (CMS Initial Mark) [1 CMS-initial-mark: 0K(393216K)] 59223K(502464K), 0.0427519 secs] [Times: user=0.06 sys=0.00, real=0.04 secs] 
2016-03-04T11:24:04.045+0000: 18.518: Total time for which application threads were stopped: 0.0430757 seconds, Stopping threads took: 0.0000474 seconds
2016-03-04T11:24:04.045+0000: 18.518: [CMS-concurrent-mark-start]
2016-03-04T11:24:04.086+0000: 18.559: [CMS-concurrent-mark: 0.041/0.041 secs] [Times: user=0.03 sys=0.00, real=0.04 secs] 
2016-03-04T11:24:04.086+0000: 18.559: [CMS-concurrent-preclean-start]
2016-03-04T11:24:04.088+0000: 18.562: [CMS-concurrent-preclean: 0.002/0.002 secs] [Times: user=0.00 sys=0.00, real=0.00 secs] 
2016-03-04T11:24:04.088+0000: 18.562: [CMS-concurrent-abortable-preclean-start]
2016-03-04T11:24:04.838+0000: 19.312: Total time for which application threads were stopped: 0.0002266 seconds, Stopping threads took: 0.0000490 seconds
2016-03-04T11:24:04.939+0000: 19.413: Total time for which application threads were stopped: 0.0005022 seconds, Stopping threads took: 0.0000529 seconds
2016-03-04T11:24:05.295+0000: 19.769: Total time for which application threads were stopped: 0.1469824 seconds, Stopping threads took: 0.1464194 seconds
2016-03-04T11:24:06.196+0000: 20.670: Total time for which application threads were stopped: 0.0002677 seconds, Stopping threads took: 0.0000655 seconds
2016-03-04T11:24:06.941+0000: 21.415: Total time for which application threads were stopped: 0.0014917 seconds, Stopping threads took: 0.0011229 seconds
2016-03-04T11:24:06.956+0000: 21.430: Total time for which application threads were stopped: 0.0002290 seconds, Stopping threads took: 0.0000529 seconds
2016-03-04T11:24:07.067+0000: 21.541: Total time for which application threads were stopped: 0.0014285 seconds, Stopping threads took: 0.0013124 seconds
{Heap before GC invocations=2 (full 1):
 par new generation   total 109248K, used 101387K [0x00000000e0000000, 0x00000000e8000000, 0x00000000e8000000)
  eden space 87424K, 100% used [0x00000000e0000000, 0x00000000e5560000, 0x00000000e5560000)
  from space 21824K,  63% used [0x00000000e5560000, 0x00000000e6302c08, 0x00000000e6ab0000)
  to   space 21824K,   0% used [0x00000000e6ab0000, 0x00000000e6ab0000, 0x00000000e8000000)
 concurrent mark-sweep generation total 393216K, used 0K [0x00000000e8000000, 0x0000000100000000, 0x0000000100000000)
 Metaspace       used 23006K, capacity 23378K, committed 23620K, reserved 1071104K
  class space    used 2680K, capacity 2845K, committed 2912K, reserved 1048576K
2016-03-04T11:24:07.240+0000: 21.714: [GC (Allocation Failure) 2016-03-04T11:24:07.240+0000: 21.714: [ParNew2016-03-04T11:24:07.302+0000: 21.775: [CMS-concurrent-abortable-preclean: 1.835/3.213 secs] [Times: user=2.76 sys=0.00, real=3.21 secs] 

Desired survivor size 20112992 bytes, new threshold 8 (max 8)
- age   1:    4856360 bytes,    4856360 total
- age   2:    3655568 bytes,    8511928 total
- age   3:    2522184 bytes,   11034112 total
: 101387K->16456K(109248K), 0.0747724 secs] 101387K->16456K(502464K), 0.0749667 secs] [Times: user=0.08 sys=0.00, real=0.08 secs] 
Heap after GC invocations=3 (full 1):
 par new generation   total 109248K, used 16456K [0x00000000e0000000, 0x00000000e8000000, 0x00000000e8000000)
  eden space 87424K,   0% used [0x00000000e0000000, 0x00000000e0000000, 0x00000000e5560000)
  from space 21824K,  75% used [0x00000000e6ab0000, 0x00000000e7ac23c8, 0x00000000e8000000)
  to   space 21824K,   0% used [0x00000000e5560000, 0x00000000e5560000, 0x00000000e6ab0000)
 concurrent mark-sweep generation total 393216K, used 0K [0x00000000e8000000, 0x0000000100000000, 0x0000000100000000)
 Metaspace       used 23006K, capacity 23378K, committed 23620K, reserved 1071104K
  class space    used 2680K, capacity 2845K, committed 2912K, reserved 1048576K
}
2016-03-04T11:24:07.315+0000: 21.789: Total time for which application threads were stopped: 0.0754349 seconds, Stopping threads took: 0.0000482 seconds
2016-03-04T11:24:07.325+0000: 21.798: Total time for which application threads were stopped: 0.0008868 seconds, Stopping threads took: 0.0006538 seconds
2016-03-04T11:24:07.325+0000: 21.799: [GC (CMS Final Remark) [YG occupancy: 17332 K (109248 K)]{Heap before GC invocations=3 (full 1):
 par new generation   total 109248K, used 17332K [0x00000000e0000000, 0x00000000e8000000, 0x00000000e8000000)
  eden space 87424K,   1% used [0x00000000e0000000, 0x00000000e00db018, 0x00000000e5560000)
  from space 21824K,  75% used [0x00000000e6ab0000, 0x00000000e7ac23c8, 0x00000000e8000000)
  to   space 21824K,   0% used [0x00000000e5560000, 0x00000000e5560000, 0x00000000e6ab0000)
 concurrent mark-sweep generation total 393216K, used 0K [0x00000000e8000000, 0x0000000100000000, 0x0000000100000000)
 Metaspace       used 23040K, capacity 23378K, committed 23620K, reserved 1071104K
  class space    used 2685K, capacity 2845K, committed 2912K, reserved 1048576K
2016-03-04T11:24:07.325+0000: 21.799: [GC (CMS Final Remark) 2016-03-04T11:24:07.325+0000: 21.799: [ParNew
Desired survivor size 20112992 bytes, new threshold 8 (max 8)
- age   1:      34760 bytes,      34760 total
- age   2:    3605320 bytes,    3640080 total
- age   3:    3655536 bytes,    7295616 total
- age   4:    2522184 bytes,    9817800 total
: 17332K->11350K(109248K), 0.0310761 secs] 17332K->11350K(502464K), 0.0312166 secs] [Times: user=0.06 sys=0.00, real=0.03 secs] 
Heap after GC invocations=4 (full 1):
 par new generation   total 109248K, used 11350K [0x00000000e0000000, 0x00000000e8000000, 0x00000000e8000000)
  eden space 87424K,   0% used [0x00000000e0000000, 0x00000000e0000000, 0x00000000e5560000)
  from space 21824K,  52% used [0x00000000e5560000, 0x00000000e6075be0, 0x00000000e6ab0000)
  to   space 21824K,   0% used [0x00000000e6ab0000, 0x00000000e6ab0000, 0x00000000e8000000)
 concurrent mark-sweep generation total 393216K, used 0K [0x00000000e8000000, 0x0000000100000000, 0x0000000100000000)
 Metaspace       used 23040K, capacity 23378K, committed 23620K, reserved 1071104K
  class space    used 2685K, capacity 2845K, committed 2912K, reserved 1048576K
}
2016-03-04T11:24:07.356+0000: 21.830: [Rescan (parallel) , 0.0205887 secs]2016-03-04T11:24:07.377+0000: 21.851: [weak refs processing, 0.0021479 secs]2016-03-04T11:24:07.379+0000: 21.853: [class unloading, 0.0078034 secs]2016-03-04T11:24:07.387+0000: 21.861: [scrub symbol table, 0.0097317 secs]2016-03-04T11:24:07.397+0000: 21.871: [scrub string table, 0.0007446 secs][1 CMS-remark: 0K(393216K)] 11350K(502464K), 0.1010569 secs] [Times: user=0.08 sys=0.00, real=0.10 secs] 
2016-03-04T11:24:07.426+0000: 21.900: Total time for which application threads were stopped: 0.1013127 seconds, Stopping threads took: 0.0000276 seconds
2016-03-04T11:24:07.430+0000: 21.904: Total time for which application threads were stopped: 0.0002953 seconds, Stopping threads took: 0.0000569 seconds
2016-03-04T11:24:07.445+0000: 21.918: [CMS-concurrent-sweep-start]
2016-03-04T11:24:07.445+0000: 21.919: [CMS-concurrent-sweep: 0.000/0.000 secs] [Times: user=0.00 sys=0.00, real=0.00 secs] 
2016-03-04T11:24:07.445+0000: 21.919: [CMS-concurrent-reset-start]
2016-03-04T11:24:07.460+0000: 21.934: [CMS-concurrent-reset: 0.015/0.015 secs] [Times: user=0.00 sys=0.02, real=0.02 secs] 
2016-03-04T11:24:07.500+0000: 21.974: Total time for which application threads were stopped: 0.0002345 seconds, Stopping threads took: 0.0000529 seconds
2016-03-04T11:24:08.539+0000: 23.013: Total time for which application threads were stopped: 0.0002969 seconds, Stopping threads took: 0.0000703 seconds
{Heap before GC invocations=4 (full 1):
 par new generation   total 109248K, used 98774K [0x00000000e0000000, 0x00000000e8000000, 0x00000000e8000000)
  eden space 87424K, 100% used [0x00000000e0000000, 0x00000000e5560000, 0x00000000e5560000)
  from space 21824K,  52% used [0x00000000e5560000, 0x00000000e6075be0, 0x00000000e6ab0000)
  to   space 21824K,   0% used [0x00000000e6ab0000, 0x00000000e6ab0000, 0x00000000e8000000)
 concurrent mark-sweep generation total 393216K, used 0K [0x00000000e8000000, 0x0000000100000000, 0x0000000100000000)
 Metaspace       used 23532K, capacity 23864K, committed 24132K, reserved 1071104K
  class space    used 2747K, capacity 2878K, committed 2912K, reserved 1048576K
2016-03-04T11:24:08.812+0000: 23.285: [GC (Allocation Failure) 2016-03-04T11:24:08.812+0000: 23.286: [ParNew
Desired survivor size 20112992 bytes, new threshold 8 (max 8)
- age   1:     885264 bytes,     885264 total
- age   2:       4200 bytes,     889464 total
- age   3:    2037320 bytes,    2926784 total
- age   4:    3649712 bytes,    6576496 total
- age   5:    2522184 bytes,    9098680 total
: 98774K->14791K(109248K), 0.0397473 secs] 98774K->14791K(502464K), 0.0399202 secs] [Times: user=0.06 sys=0.00, real=0.04 secs] 
Heap after GC invocations=5 (full 1):
 par new generation   total 109248K, used 14791K [0x00000000e0000000, 0x00000000e8000000, 0x00000000e8000000)
  eden space 87424K,   0% used [0x00000000e0000000, 0x00000000e0000000, 0x00000000e5560000)
  from space 21824K,  67% used [0x00000000e6ab0000, 0x00000000e7921c00, 0x00000000e8000000)
  to   space 21824K,   0% used [0x00000000e5560000, 0x00000000e5560000, 0x00000000e6ab0000)
 concurrent mark-sweep generation total 393216K, used 0K [0x00000000e8000000, 0x0000000100000000, 0x0000000100000000)
 Metaspace       used 23532K, capacity 23864K, committed 24132K, reserved 1071104K
  class space    used 2747K, capacity 2878K, committed 2912K, reserved 1048576K
}
2016-03-04T11:24:08.852+0000: 23.326: Total time for which application threads were stopped: 0.0491142 seconds, Stopping threads took: 0.0087344 seconds
2016-03-04T11:24:09.072+0000: 23.546: Total time for which application threads were stopped: 0.0007715 seconds, Stopping threads took: 0.0005188 seconds
2016-03-04T11:24:09.165+0000: 23.639: Total time for which application threads were stopped: 0.0610032 seconds, Stopping threads took: 0.0608382 seconds
2016-03-04T11:24:09.167+0000: 23.640: Total time for which application threads were stopped: 0.0001887 seconds, Stopping threads took: 0.0000616 seconds
{Heap before GC invocations=5 (full 1):
 par new generation   total 109248K, used 102215K [0x00000000e0000000, 0x00000000e8000000, 0x00000000e8000000)
  eden space 87424K, 100% used [0x00000000e0000000, 0x00000000e5560000, 0x00000000e5560000)
  from space 21824K,  67% used [0x00000000e6ab0000, 0x00000000e7921c00, 0x00000000e8000000)
  to   space 21824K,   0% used [0x00000000e5560000, 0x00000000e5560000, 0x00000000e6ab0000)
 concurrent mark-sweep generation total 393216K, used 0K [0x00000000e8000000, 0x0000000100000000, 0x0000000100000000)
 Metaspace       used 24197K, capacity 24592K, committed 24772K, reserved 1071104K
  class space    used 2839K, capacity 3010K, committed 3040K, reserved 1048576K
2016-03-04T11:24:09.678+0000: 24.152: [GC (Allocation Failure) 2016-03-04T11:24:09.678+0000: 24.152: [ParNew
Desired survivor size 20112992 bytes, new threshold 8 (max 8)
- age   1:    1009144 bytes,    1009144 total
- age   2:     307552 bytes,    1316696 total
- age   3:       4200 bytes,    1320896 total
- age   4:    2015392 bytes,    3336288 total
- age   5:    3649248 bytes,    6985536 total
- age   6:    2522184 bytes,    9507720 total
: 102215K->13003K(109248K), 0.0809041 secs] 102215K->13003K(502464K), 0.0811528 secs] [Times: user=0.06 sys=0.00, real=0.08 secs] 
Heap after GC invocations=6 (full 1):
 par new generation   total 109248K, used 13003K [0x00000000e0000000, 0x00000000e8000000, 0x00000000e8000000)
  eden space 87424K,   0% used [0x00000000e0000000, 0x00000000e0000000, 0x00000000e5560000)
  from space 21824K,  59% used [0x00000000e5560000, 0x00000000e6212c20, 0x00000000e6ab0000)
  to   space 21824K,   0% used [0x00000000e6ab0000, 0x00000000e6ab0000, 0x00000000e8000000)
 concurrent mark-sweep generation total 393216K, used 0K [0x00000000e8000000, 0x0000000100000000, 0x0000000100000000)
 Metaspace       used 24197K, capacity 24592K, committed 24772K, reserved 1071104K
  class space    used 2839K, capacity 3010K, committed 3040K, reserved 1048576K
}
2016-03-04T11:24:09.760+0000: 24.234: Total time for which application threads were stopped: 0.1543230 seconds, Stopping threads took: 0.0727035 seconds
2016-03-04T11:24:10.292+0000: 24.766: Total time for which application threads were stopped: 0.0376681 seconds, Stopping threads took: 0.0374976 seconds
{Heap before GC invocations=6 (full 1):
 par new generation   total 109248K, used 100427K [0x00000000e0000000, 0x00000000e8000000, 0x00000000e8000000)
  eden space 87424K, 100% used [0x00000000e0000000, 0x00000000e5560000, 0x00000000e5560000)
  from space 21824K,  59% used [0x00000000e5560000, 0x00000000e6212c20, 0x00000000e6ab0000)
  to   space 21824K,   0% used [0x00000000e6ab0000, 0x00000000e6ab0000, 0x00000000e8000000)
 concurrent mark-sweep generation total 393216K, used 0K [0x00000000e8000000, 0x0000000100000000, 0x0000000100000000)
 Metaspace       used 24414K, capacity 24824K, committed 25156K, reserved 1071104K
  class space    used 2869K, capacity 3044K, committed 3168K, reserved 1048576K
2016-03-04T11:24:10.572+0000: 25.046: [GC (Allocation Failure) 2016-03-04T11:24:10.573+0000: 25.047: [ParNew
Desired survivor size 20112992 bytes, new threshold 8 (max 8)
- age   1:     654688 bytes,     654688 total
- age   2:     149760 bytes,     804448 total
- age   3:     307232 bytes,    1111680 total
- age   4:       4200 bytes,    1115880 total
- age   5:    2015088 bytes,    3130968 total
- age   6:    3646080 bytes,    6777048 total
- age   7:    2522184 bytes,    9299232 total
: 100427K->12554K(109248K), 0.0331023 secs] 100427K->12554K(502464K), 0.0333803 secs] [Times: user=0.06 sys=0.00, real=0.03 secs] 
Heap after GC invocations=7 (full 1):
 par new generation   total 109248K, used 12554K [0x00000000e0000000, 0x00000000e8000000, 0x00000000e8000000)
  eden space 87424K,   0% used [0x00000000e0000000, 0x00000000e0000000, 0x00000000e5560000)
  from space 21824K,  57% used [0x00000000e6ab0000, 0x00000000e76f2bd0, 0x00000000e8000000)
  to   space 21824K,   0% used [0x00000000e5560000, 0x00000000e5560000, 0x00000000e6ab0000)
 concurrent mark-sweep generation total 393216K, used 0K [0x00000000e8000000, 0x0000000100000000, 0x0000000100000000)
 Metaspace       used 24414K, capacity 24824K, committed 25156K, reserved 1071104K
  class space    used 2869K, capacity 3044K, committed 3168K, reserved 1048576K
}
2016-03-04T11:24:10.606+0000: 25.080: Total time for which application threads were stopped: 0.0371556 seconds, Stopping threads took: 0.0032952 seconds
2016-03-04T11:24:10.774+0000: 25.248: Total time for which application threads were stopped: 0.0002345 seconds, Stopping threads took: 0.0000600 seconds
2016-03-04T11:24:10.775+0000: 25.249: Total time for which application threads were stopped: 0.0001832 seconds, Stopping threads took: 0.0000237 seconds
2016-03-04T11:24:10.833+0000: 25.307: Total time for which application threads were stopped: 0.0003095 seconds, Stopping threads took: 0.0000592 seconds
2016-03-04T11:24:10.875+0000: 25.349: Total time for which application threads were stopped: 0.0002866 seconds, Stopping threads took: 0.0000458 seconds
2016-03-04T11:24:10.911+0000: 25.385: Total time for which application threads were stopped: 0.0002764 seconds, Stopping threads took: 0.0000553 seconds
2016-03-04T11:24:10.915+0000: 25.389: Total time for which application threads were stopped: 0.0002582 seconds, Stopping threads took: 0.0000513 seconds
2016-03-04T11:24:11.915+0000: 26.389: Total time for which application threads were stopped: 0.0007770 seconds, Stopping threads took: 0.0005725 seconds
2016-03-04T11:24:12.940+0000: 27.413: Total time for which application threads were stopped: 0.0213823 seconds, Stopping threads took: 0.0212196 seconds
2016-03-04T11:24:13.368+0000: 27.841: Total time for which application threads were stopped: 0.0006712 seconds, Stopping threads took: 0.0000450 seconds
2016-03-04T11:24:13.386+0000: 27.859: Total time for which application threads were stopped: 0.0002795 seconds, Stopping threads took: 0.0000687 seconds
2016-03-04T11:24:13.390+0000: 27.863: Total time for which application threads were stopped: 0.0002100 seconds, Stopping threads took: 0.0000426 seconds
2016-03-04T11:24:14.390+0000: 28.863: Total time for which application threads were stopped: 0.0002306 seconds, Stopping threads took: 0.0000497 seconds
2016-03-04T11:24:15.407+0000: 29.880: Total time for which application threads were stopped: 0.0161982 seconds, Stopping threads took: 0.0159550 seconds
2016-03-04T11:24:16.001+0000: 30.475: Total time for which application threads were stopped: 0.0002693 seconds, Stopping threads took: 0.0000474 seconds
2016-03-04T11:24:17.012+0000: 31.485: Total time for which application threads were stopped: 0.0001887 seconds, Stopping threads took: 0.0000529 seconds
2016-03-04T11:24:18.026+0000: 32.499: Total time for which application threads were stopped: 0.0001761 seconds, Stopping threads took: 0.0000513 seconds
2016-03-04T11:24:19.032+0000: 33.510: Total time for which application threads were stopped: 0.0001777 seconds, Stopping threads took: 0.0000521 seconds
2016-03-04T11:24:19.713+0000: 34.192: Total time for which application threads were stopped: 0.0002298 seconds, Stopping threads took: 0.0000529 seconds
2016-03-04T11:24:19.755+0000: 34.234: Total time for which application threads were stopped: 0.0007652 seconds, Stopping threads took: 0.0000537 seconds
2016-03-04T11:24:19.804+0000: 34.282: Total time for which application threads were stopped: 0.0008520 seconds, Stopping threads took: 0.0000513 seconds
2016-03-04T11:24:19.835+0000: 34.314: Total time for which application threads were stopped: 0.0008062 seconds, Stopping threads took: 0.0000521 seconds
2016-03-04T11:24:20.012+0000: 34.491: Total time for which application threads were stopped: 0.0132062 seconds, Stopping threads took: 0.0129480 seconds
2016-03-04T11:24:20.029+0000: 34.508: Total time for which application threads were stopped: 0.0008655 seconds, Stopping threads took: 0.0000671 seconds
2016-03-04T11:24:20.033+0000: 34.511: Total time for which application threads were stopped: 0.0002709 seconds, Stopping threads took: 0.0000853 seconds
2016-03-04T11:24:20.118+0000: 34.596: Total time for which application threads were stopped: 0.0003064 seconds, Stopping threads took: 0.0000482 seconds
2016-03-04T11:24:20.233+0000: 34.712: Total time for which application threads were stopped: 0.0004738 seconds, Stopping threads took: 0.0000513 seconds
2016-03-04T11:24:20.273+0000: 34.751: Total time for which application threads were stopped: 0.0001864 seconds, Stopping threads took: 0.0000482 seconds
2016-03-04T11:24:20.273+0000: 34.751: Total time for which application threads were stopped: 0.0000845 seconds, Stopping threads took: 0.0000213 seconds
{Heap before GC invocations=7 (full 1):
 par new generation   total 109248K, used 99978K [0x00000000e0000000, 0x00000000e8000000, 0x00000000e8000000)
  eden space 87424K, 100% used [0x00000000e0000000, 0x00000000e5560000, 0x00000000e5560000)
  from space 21824K,  57% used [0x00000000e6ab0000, 0x00000000e76f2bd0, 0x00000000e8000000)
  to   space 21824K,   0% used [0x00000000e5560000, 0x00000000e5560000, 0x00000000e6ab0000)
 concurrent mark-sweep generation total 393216K, used 0K [0x00000000e8000000, 0x0000000100000000, 0x0000000100000000)
 Metaspace       used 27925K, capacity 28328K, committed 28612K, reserved 1075200K
  class space    used 3286K, capacity 3466K, committed 3552K, reserved 1048576K
2016-03-04T11:24:20.472+0000: 34.950: [GC (Allocation Failure) 2016-03-04T11:24:20.472+0000: 34.950: [ParNew
Desired survivor size 20112992 bytes, new threshold 8 (max 8)
- age   1:    4405128 bytes,    4405128 total
- age   2:     119704 bytes,    4524832 total
- age   3:     146064 bytes,    4670896 total
- age   4:     109568 bytes,    4780464 total
- age   5:       4200 bytes,    4784664 total
- age   6:     808840 bytes,    5593504 total
- age   7:    3632088 bytes,    9225592 total
- age   8:    2520952 bytes,   11746544 total
: 99978K->12631K(109248K), 0.0482155 secs] 99978K->12631K(502464K), 0.0484248 secs] [Times: user=0.08 sys=0.00, real=0.05 secs] 
Heap after GC invocations=8 (full 1):
 par new generation   total 109248K, used 12631K [0x00000000e0000000, 0x00000000e8000000, 0x00000000e8000000)
  eden space 87424K,   0% used [0x00000000e0000000, 0x00000000e0000000, 0x00000000e5560000)
  from space 21824K,  57% used [0x00000000e5560000, 0x00000000e61b5f58, 0x00000000e6ab0000)
  to   space 21824K,   0% used [0x00000000e6ab0000, 0x00000000e6ab0000, 0x00000000e8000000)
 concurrent mark-sweep generation total 393216K, used 0K [0x00000000e8000000, 0x0000000100000000, 0x0000000100000000)
 Metaspace       used 27925K, capacity 28328K, committed 28612K, reserved 1075200K
  class space    used 3286K, capacity 3466K, committed 3552K, reserved 1048576K
}
2016-03-04T11:24:20.520+0000: 34.999: Total time for which application threads were stopped: 0.0489483 seconds, Stopping threads took: 0.0000521 seconds
2016-03-04T11:24:20.734+0000: 35.212: Total time for which application threads were stopped: 0.0002361 seconds, Stopping threads took: 0.0000482 seconds
2016-03-04T11:24:20.737+0000: 35.215: Total time for which application threads were stopped: 0.0005109 seconds, Stopping threads took: 0.0003261 seconds
2016-03-04T11:24:20.739+0000: 35.218: Total time for which application threads were stopped: 0.0002235 seconds, Stopping threads took: 0.0000450 seconds
2016-03-04T11:24:20.740+0000: 35.218: Total time for which application threads were stopped: 0.0001453 seconds, Stopping threads took: 0.0000237 seconds
2016-03-04T11:24:20.740+0000: 35.219: Total time for which application threads were stopped: 0.0001540 seconds, Stopping threads took: 0.0000245 seconds
2016-03-04T11:24:20.765+0000: 35.244: Total time for which application threads were stopped: 0.0002361 seconds, Stopping threads took: 0.0000466 seconds
2016-03-04T11:24:20.845+0000: 35.323: Total time for which application threads were stopped: 0.0008497 seconds, Stopping threads took: 0.0006412 seconds
2016-03-04T11:24:20.868+0000: 35.346: Total time for which application threads were stopped: 0.0012058 seconds, Stopping threads took: 0.0010321 seconds
2016-03-04T11:24:20.889+0000: 35.368: Total time for which application threads were stopped: 0.0050648 seconds, Stopping threads took: 0.0048398 seconds
2016-03-04T11:24:20.909+0000: 35.388: Total time for which application threads were stopped: 0.0007762 seconds, Stopping threads took: 0.0000624 seconds
2016-03-04T11:24:20.917+0000: 35.396: Total time for which application threads were stopped: 0.0005559 seconds, Stopping threads took: 0.0003806 seconds
2016-03-04T11:24:20.935+0000: 35.413: Total time for which application threads were stopped: 0.0004659 seconds, Stopping threads took: 0.0000553 seconds
2016-03-04T11:24:20.952+0000: 35.431: Total time for which application threads were stopped: 0.0109351 seconds, Stopping threads took: 0.0107401 seconds
2016-03-04T11:24:20.958+0000: 35.436: Total time for which application threads were stopped: 0.0014230 seconds, Stopping threads took: 0.0012287 seconds
2016-03-04T11:24:20.980+0000: 35.459: Total time for which application threads were stopped: 0.0004588 seconds, Stopping threads took: 0.0002795 seconds
2016-03-04T11:24:21.034+0000: 35.513: Total time for which application threads were stopped: 0.0002456 seconds, Stopping threads took: 0.0000640 seconds
2016-03-04T11:24:21.035+0000: 35.514: Total time for which application threads were stopped: 0.0001848 seconds, Stopping threads took: 0.0000505 seconds
2016-03-04T11:24:21.036+0000: 35.515: Total time for which application threads were stopped: 0.0001556 seconds, Stopping threads took: 0.0000371 seconds
2016-03-04T11:24:21.036+0000: 35.515: Total time for which application threads were stopped: 0.0001263 seconds, Stopping threads took: 0.0000300 seconds
2016-03-04T11:24:21.099+0000: 35.578: Total time for which application threads were stopped: 0.0003174 seconds, Stopping threads took: 0.0000813 seconds
2016-03-04T11:24:21.101+0000: 35.579: Total time for which application threads were stopped: 0.0001848 seconds, Stopping threads took: 0.0000355 seconds
2016-03-04T11:24:21.112+0000: 35.591: Total time for which application threads were stopped: 0.0060259 seconds, Stopping threads took: 0.0057037 seconds
2016-03-04T11:24:21.137+0000: 35.615: Total time for which application threads were stopped: 0.0002511 seconds, Stopping threads took: 0.0000537 seconds
2016-03-04T11:24:21.171+0000: 35.649: Total time for which application threads were stopped: 0.0002543 seconds, Stopping threads took: 0.0000600 seconds
2016-03-04T11:24:21.179+0000: 35.658: Total time for which application threads were stopped: 0.0012019 seconds, Stopping threads took: 0.0010889 seconds
2016-03-04T11:24:21.182+0000: 35.660: Total time for which application threads were stopped: 0.0013132 seconds, Stopping threads took: 0.0011292 seconds
2016-03-04T11:24:21.224+0000: 35.703: Total time for which application threads were stopped: 0.0002511 seconds, Stopping threads took: 0.0000600 seconds
2016-03-04T11:24:21.225+0000: 35.704: Total time for which application threads were stopped: 0.0002029 seconds, Stopping threads took: 0.0000474 seconds
2016-03-04T11:24:21.273+0000: 35.752: Total time for which application threads were stopped: 0.0002227 seconds, Stopping threads took: 0.0000537 seconds
2016-03-04T11:24:21.297+0000: 35.776: Total time for which application threads were stopped: 0.0002693 seconds, Stopping threads took: 0.0000805 seconds
2016-03-04T11:24:21.312+0000: 35.791: Total time for which application threads were stopped: 0.0025261 seconds, Stopping threads took: 0.0022158 seconds
2016-03-04T11:24:21.328+0000: 35.806: Total time for which application threads were stopped: 0.0038756 seconds, Stopping threads took: 0.0036300 seconds
2016-03-04T11:24:21.329+0000: 35.808: Total time for which application threads were stopped: 0.0002258 seconds, Stopping threads took: 0.0000521 seconds
2016-03-04T11:24:21.330+0000: 35.809: Total time for which application threads were stopped: 0.0001911 seconds, Stopping threads took: 0.0000419 seconds
2016-03-04T11:24:21.330+0000: 35.809: Total time for which application threads were stopped: 0.0001358 seconds, Stopping threads took: 0.0000292 seconds
2016-03-04T11:24:21.358+0000: 35.837: Total time for which application threads were stopped: 0.0002566 seconds, Stopping threads took: 0.0000529 seconds
2016-03-04T11:24:21.359+0000: 35.837: Total time for which application threads were stopped: 0.0001335 seconds, Stopping threads took: 0.0000253 seconds
2016-03-04T11:24:21.372+0000: 35.850: Total time for which application threads were stopped: 0.0022268 seconds, Stopping threads took: 0.0020484 seconds
2016-03-04T11:24:21.372+0000: 35.851: Total time for which application threads were stopped: 0.0001287 seconds, Stopping threads took: 0.0000387 seconds
2016-03-04T11:24:21.395+0000: 35.874: Total time for which application threads were stopped: 0.0002361 seconds, Stopping threads took: 0.0000537 seconds
2016-03-04T11:24:21.764+0000: 36.242: Total time for which application threads were stopped: 0.0002480 seconds, Stopping threads took: 0.0000640 seconds
2016-03-04T11:24:21.764+0000: 36.243: Total time for which application threads were stopped: 0.0001161 seconds, Stopping threads took: 0.0000300 seconds
2016-03-04T11:24:21.768+0000: 36.247: Total time for which application threads were stopped: 0.0002085 seconds, Stopping threads took: 0.0000537 seconds
2016-03-04T11:24:21.787+0000: 36.266: Total time for which application threads were stopped: 0.0002598 seconds, Stopping threads took: 0.0000640 seconds
2016-03-04T11:24:21.787+0000: 36.266: Total time for which application threads were stopped: 0.0001216 seconds, Stopping threads took: 0.0000284 seconds
2016-03-04T11:24:21.788+0000: 36.267: Total time for which application threads were stopped: 0.0001492 seconds, Stopping threads took: 0.0000340 seconds
2016-03-04T11:24:21.788+0000: 36.267: Total time for which application threads were stopped: 0.0001516 seconds, Stopping threads took: 0.0000284 seconds
2016-03-04T11:24:21.808+0000: 36.287: Total time for which application threads were stopped: 0.0007810 seconds, Stopping threads took: 0.0000916 seconds
2016-03-04T11:24:22.602+0000: 37.081: Total time for which application threads were stopped: 0.0058419 seconds, Stopping threads took: 0.0031097 seconds
2016-03-04T11:24:22.603+0000: 37.081: Total time for which application threads were stopped: 0.0001966 seconds, Stopping threads took: 0.0000458 seconds
2016-03-04T11:24:22.623+0000: 37.102: Total time for which application threads were stopped: 0.0002519 seconds, Stopping threads took: 0.0000616 seconds
2016-03-04T11:24:22.719+0000: 37.197: Total time for which application threads were stopped: 0.0063038 seconds, Stopping threads took: 0.0061404 seconds
2016-03-04T11:24:22.723+0000: 37.202: Total time for which application threads were stopped: 0.0002227 seconds, Stopping threads took: 0.0000592 seconds
2016-03-04T11:24:22.724+0000: 37.202: Total time for which application threads were stopped: 0.0002187 seconds, Stopping threads took: 0.0000300 seconds
2016-03-04T11:24:23.729+0000: 38.208: Total time for which application threads were stopped: 0.0002369 seconds, Stopping threads took: 0.0000553 seconds
2016-03-04T11:24:24.732+0000: 39.210: Total time for which application threads were stopped: 0.0002006 seconds, Stopping threads took: 0.0000592 seconds
2016-03-04T11:24:24.823+0000: 39.302: Total time for which application threads were stopped: 0.0002132 seconds, Stopping threads took: 0.0000774 seconds
2016-03-04T11:24:24.824+0000: 39.303: Total time for which application threads were stopped: 0.0001145 seconds, Stopping threads took: 0.0000387 seconds
2016-03-04T11:24:24.827+0000: 39.306: Total time for which application threads were stopped: 0.0001943 seconds, Stopping threads took: 0.0000774 seconds
2016-03-04T11:24:24.829+0000: 39.308: Total time for which application threads were stopped: 0.0001674 seconds, Stopping threads took: 0.0000537 seconds
2016-03-04T11:24:24.829+0000: 39.308: Total time for which application threads were stopped: 0.0000916 seconds, Stopping threads took: 0.0000276 seconds
2016-03-04T11:24:24.832+0000: 39.311: Total time for which application threads were stopped: 0.0007060 seconds, Stopping threads took: 0.0005346 seconds
2016-03-04T11:24:24.833+0000: 39.312: Total time for which application threads were stopped: 0.0001263 seconds, Stopping threads took: 0.0000419 seconds
2016-03-04T11:24:25.028+0000: 39.506: Total time for which application threads were stopped: 0.0040186 seconds, Stopping threads took: 0.0038496 seconds
2016-03-04T11:24:25.032+0000: 39.510: Total time for which application threads were stopped: 0.0001879 seconds, Stopping threads took: 0.0000600 seconds
2016-03-04T11:24:25.036+0000: 39.515: Total time for which application threads were stopped: 0.0001737 seconds, Stopping threads took: 0.0000545 seconds
2016-03-04T11:24:25.036+0000: 39.515: Total time for which application threads were stopped: 0.0000995 seconds, Stopping threads took: 0.0000237 seconds
2016-03-04T11:24:25.070+0000: 39.549: Total time for which application threads were stopped: 0.0001887 seconds, Stopping threads took: 0.0000442 seconds
2016-03-04T11:24:25.083+0000: 39.562: Total time for which application threads were stopped: 0.0001974 seconds, Stopping threads took: 0.0000655 seconds
2016-03-04T11:24:25.086+0000: 39.565: Total time for which application threads were stopped: 0.0004201 seconds, Stopping threads took: 0.0000537 seconds
2016-03-04T11:24:25.088+0000: 39.566: Total time for which application threads were stopped: 0.0001279 seconds, Stopping threads took: 0.0000253 seconds
2016-03-04T11:24:25.088+0000: 39.566: Total time for which application threads were stopped: 0.0001129 seconds, Stopping threads took: 0.0000237 seconds
2016-03-04T11:24:25.131+0000: 39.616: Total time for which application threads were stopped: 0.0002377 seconds, Stopping threads took: 0.0000719 seconds
2016-03-04T11:24:25.731+0000: 40.211: Total time for which application threads were stopped: 0.5782785 seconds, Stopping threads took: 0.5780068 seconds
2016-03-04T11:24:25.775+0000: 40.254: Total time for which application threads were stopped: 0.0034279 seconds, Stopping threads took: 0.0025395 seconds
2016-03-04T11:24:26.427+0000: 40.906: Total time for which application threads were stopped: 0.0001966 seconds, Stopping threads took: 0.0000616 seconds
2016-03-04T11:24:26.998+0000: 41.476: Total time for which application threads were stopped: 0.0001745 seconds, Stopping threads took: 0.0000529 seconds
2016-03-04T11:24:27.371+0000: 41.850: Total time for which application threads were stopped: 0.0002519 seconds, Stopping threads took: 0.0000561 seconds
2016-03-04T11:24:28.371+0000: 42.850: Total time for which application threads were stopped: 0.0002235 seconds, Stopping threads took: 0.0000837 seconds
{Heap before GC invocations=8 (full 1):
 par new generation   total 109248K, used 100055K [0x00000000e0000000, 0x00000000e8000000, 0x00000000e8000000)
  eden space 87424K, 100% used [0x00000000e0000000, 0x00000000e5560000, 0x00000000e5560000)
  from space 21824K,  57% used [0x00000000e5560000, 0x00000000e61b5f58, 0x00000000e6ab0000)
  to   space 21824K,   0% used [0x00000000e6ab0000, 0x00000000e6ab0000, 0x00000000e8000000)
 concurrent mark-sweep generation total 393216K, used 0K [0x00000000e8000000, 0x0000000100000000, 0x0000000100000000)
 Metaspace       used 30710K, capacity 30990K, committed 31428K, reserved 1077248K
  class space    used 3618K, capacity 3755K, committed 3808K, reserved 1048576K
2016-03-04T11:24:28.583+0000: 43.062: [GC (Allocation Failure) 2016-03-04T11:24:28.583+0000: 43.062: [ParNew
Desired survivor size 20112992 bytes, new threshold 8 (max 8)
- age   1:    8411520 bytes,    8411520 total
- age   2:    1562976 bytes,    9974496 total
- age   3:     117920 bytes,   10092416 total
- age   4:     145280 bytes,   10237696 total
- age   5:     109408 bytes,   10347104 total
- age   6:       4168 bytes,   10351272 total
- age   7:     743336 bytes,   11094608 total
- age   8:    3611496 bytes,   14706104 total
: 100055K->19287K(109248K), 0.1451773 secs] 100055K->21971K(502464K), 0.1454165 secs] [Times: user=0.17 sys=0.01, real=0.15 secs] 
Heap after GC invocations=9 (full 1):
 par new generation   total 109248K, used 19287K [0x00000000e0000000, 0x00000000e8000000, 0x00000000e8000000)
  eden space 87424K,   0% used [0x00000000e0000000, 0x00000000e0000000, 0x00000000e5560000)
  from space 21824K,  88% used [0x00000000e6ab0000, 0x00000000e7d85f80, 0x00000000e8000000)
  to   space 21824K,   0% used [0x00000000e5560000, 0x00000000e5560000, 0x00000000e6ab0000)
 concurrent mark-sweep generation total 393216K, used 2683K [0x00000000e8000000, 0x0000000100000000, 0x0000000100000000)
 Metaspace       used 30710K, capacity 30990K, committed 31428K, reserved 1077248K
  class space    used 3618K, capacity 3755K, committed 3808K, reserved 1048576K
}
2016-03-04T11:24:28.729+0000: 43.208: Total time for which application threads were stopped: 0.1459259 seconds, Stopping threads took: 0.0000553 seconds
2016-03-04T11:24:28.735+0000: 43.214: Total time for which application threads were stopped: 0.0037469 seconds, Stopping threads took: 0.0034942 seconds
{Heap before GC invocations=9 (full 1):
 par new generation   total 109248K, used 106711K [0x00000000e0000000, 0x00000000e8000000, 0x00000000e8000000)
  eden space 87424K, 100% used [0x00000000e0000000, 0x00000000e5560000, 0x00000000e5560000)
  from space 21824K,  88% used [0x00000000e6ab0000, 0x00000000e7d85f80, 0x00000000e8000000)
  to   space 21824K,   0% used [0x00000000e5560000, 0x00000000e5560000, 0x00000000e6ab0000)
 concurrent mark-sweep generation total 393216K, used 2683K [0x00000000e8000000, 0x0000000100000000, 0x0000000100000000)
 Metaspace       used 30713K, capacity 30990K, committed 31428K, reserved 1077248K
  class space    used 3618K, capacity 3755K, committed 3808K, reserved 1048576K
2016-03-04T11:24:29.422+0000: 43.901: [GC (Allocation Failure) 2016-03-04T11:24:29.422+0000: 43.901: [ParNew
Desired survivor size 20112992 bytes, new threshold 8 (max 8)
- age   1:     572408 bytes,     572408 total
- age   2:    5995216 bytes,    6567624 total
- age   3:    1562976 bytes,    8130600 total
- age   4:     117920 bytes,    8248520 total
- age   5:     145280 bytes,    8393800 total
- age   6:     109408 bytes,    8503208 total
- age   7:       4168 bytes,    8507376 total
- age   8:     743336 bytes,    9250712 total
: 106711K->13643K(109248K), 0.1077145 secs] 109395K->20074K(502464K), 0.1079292 secs] [Times: user=0.16 sys=0.00, real=0.11 secs] 
Heap after GC invocations=10 (full 1):
 par new generation   total 109248K, used 13643K [0x00000000e0000000, 0x00000000e8000000, 0x00000000e8000000)
  eden space 87424K,   0% used [0x00000000e0000000, 0x00000000e0000000, 0x00000000e5560000)
  from space 21824K,  62% used [0x00000000e5560000, 0x00000000e62b2f80, 0x00000000e6ab0000)
  to   space 21824K,   0% used [0x00000000e6ab0000, 0x00000000e6ab0000, 0x00000000e8000000)
 concurrent mark-sweep generation total 393216K, used 6430K [0x00000000e8000000, 0x0000000100000000, 0x0000000100000000)
 Metaspace       used 30713K, capacity 30990K, committed 31428K, reserved 1077248K
  class space    used 3618K, capacity 3755K, committed 3808K, reserved 1048576K
}
2016-03-04T11:24:29.530+0000: 44.009: Total time for which application threads were stopped: 0.1084417 seconds, Stopping threads took: 0.0000545 seconds
2016-03-04T11:24:29.563+0000: 44.042: Total time for which application threads were stopped: 0.0003696 seconds, Stopping threads took: 0.0001571 seconds
2016-03-04T11:24:30.372+0000: 44.851: Total time for which application threads were stopped: 0.0002172 seconds, Stopping threads took: 0.0000592 seconds
2016-03-04T11:24:31.372+0000: 45.851: Total time for which application threads were stopped: 0.0002006 seconds, Stopping threads took: 0.0000576 seconds
2016-03-04T11:24:32.376+0000: 46.854: Total time for which application threads were stopped: 0.0002456 seconds, Stopping threads took: 0.0000877 seconds
2016-03-04T11:24:33.383+0000: 47.861: Total time for which application threads were stopped: 0.0002503 seconds, Stopping threads took: 0.0000640 seconds
2016-03-04T11:24:33.593+0000: 48.071: Total time for which application threads were stopped: 0.0002590 seconds, Stopping threads took: 0.0000561 seconds
2016-03-04T11:24:33.597+0000: 48.075: Total time for which application threads were stopped: 0.0001935 seconds, Stopping threads took: 0.0000600 seconds
2016-03-04T11:24:33.597+0000: 48.076: Total time for which application threads were stopped: 0.0000995 seconds, Stopping threads took: 0.0000300 seconds
2016-03-04T11:24:34.223+0000: 48.701: Total time for which application threads were stopped: 0.0002590 seconds, Stopping threads took: 0.0000608 seconds
2016-03-04T11:24:34.457+0000: 48.935: Total time for which application threads were stopped: 0.0002227 seconds, Stopping threads took: 0.0000458 seconds
2016-03-04T11:24:34.461+0000: 48.939: Total time for which application threads were stopped: 0.0002432 seconds, Stopping threads took: 0.0000584 seconds
2016-03-04T11:24:34.480+0000: 48.958: Total time for which application threads were stopped: 0.0009373 seconds, Stopping threads took: 0.0000719 seconds
2016-03-04T11:24:34.643+0000: 49.121: Total time for which application threads were stopped: 0.0003080 seconds, Stopping threads took: 0.0000553 seconds
2016-03-04T11:24:34.648+0000: 49.126: Total time for which application threads were stopped: 0.0002172 seconds, Stopping threads took: 0.0000640 seconds
2016-03-04T11:24:34.648+0000: 49.127: Total time for which application threads were stopped: 0.0001058 seconds, Stopping threads took: 0.0000276 seconds
2016-03-04T11:24:34.649+0000: 49.127: Total time for which application threads were stopped: 0.0001098 seconds, Stopping threads took: 0.0000284 seconds
2016-03-04T11:24:34.649+0000: 49.127: Total time for which application threads were stopped: 0.0001019 seconds, Stopping threads took: 0.0000261 seconds
2016-03-04T11:24:34.649+0000: 49.127: Total time for which application threads were stopped: 0.0001003 seconds, Stopping threads took: 0.0000261 seconds
2016-03-04T11:24:34.649+0000: 49.127: Total time for which application threads were stopped: 0.0001011 seconds, Stopping threads took: 0.0000261 seconds
2016-03-04T11:24:34.649+0000: 49.127: Total time for which application threads were stopped: 0.0001019 seconds, Stopping threads took: 0.0000261 seconds
2016-03-04T11:24:34.649+0000: 49.127: Total time for which application threads were stopped: 0.0001011 seconds, Stopping threads took: 0.0000261 seconds
2016-03-04T11:24:34.649+0000: 49.128: Total time for which application threads were stopped: 0.0001800 seconds, Stopping threads took: 0.0000261 seconds
2016-03-04T11:24:34.650+0000: 49.128: Total time for which application threads were stopped: 0.0001058 seconds, Stopping threads took: 0.0000284 seconds
2016-03-04T11:24:34.650+0000: 49.128: Total time for which application threads were stopped: 0.0001019 seconds, Stopping threads took: 0.0000261 seconds
2016-03-04T11:24:34.650+0000: 49.128: Total time for which application threads were stopped: 0.0001011 seconds, Stopping threads took: 0.0000253 seconds
2016-03-04T11:24:34.650+0000: 49.128: Total time for which application threads were stopped: 0.0001003 seconds, Stopping threads took: 0.0000261 seconds
2016-03-04T11:24:34.650+0000: 49.128: Total time for which application threads were stopped: 0.0001011 seconds, Stopping threads took: 0.0000261 seconds
2016-03-04T11:24:34.650+0000: 49.129: Total time for which application threads were stopped: 0.0001019 seconds, Stopping threads took: 0.0000261 seconds
2016-03-04T11:24:34.650+0000: 49.129: Total time for which application threads were stopped: 0.0001019 seconds, Stopping threads took: 0.0000261 seconds
2016-03-04T11:24:34.651+0000: 49.129: Total time for which application threads were stopped: 0.0001034 seconds, Stopping threads took: 0.0000276 seconds
2016-03-04T11:24:34.651+0000: 49.129: Total time for which application threads were stopped: 0.0001027 seconds, Stopping threads took: 0.0000268 seconds
2016-03-04T11:24:34.651+0000: 49.130: Total time for which application threads were stopped: 0.0006451 seconds, Stopping threads took: 0.0000261 seconds
2016-03-04T11:24:35.651+0000: 50.129: Total time for which application threads were stopped: 0.0002069 seconds, Stopping threads took: 0.0000553 seconds
2016-03-04T11:24:36.456+0000: 50.934: Total time for which application threads were stopped: 0.0002527 seconds, Stopping threads took: 0.0000916 seconds
2016-03-04T11:24:36.456+0000: 50.934: Total time for which application threads were stopped: 0.0000987 seconds, Stopping threads took: 0.0000221 seconds
2016-03-04T11:24:36.462+0000: 50.940: Total time for which application threads were stopped: 0.0014245 seconds, Stopping threads took: 0.0012713 seconds
2016-03-04T11:24:36.463+0000: 50.942: Total time for which application threads were stopped: 0.0009278 seconds, Stopping threads took: 0.0007968 seconds
2016-03-04T11:24:36.464+0000: 50.943: Total time for which application threads were stopped: 0.0001587 seconds, Stopping threads took: 0.0000521 seconds
2016-03-04T11:24:36.472+0000: 50.950: Total time for which application threads were stopped: 0.0002558 seconds, Stopping threads took: 0.0000782 seconds
2016-03-04T11:24:36.479+0000: 50.957: Total time for which application threads were stopped: 0.0004580 seconds, Stopping threads took: 0.0000513 seconds
2016-03-04T11:24:36.535+0000: 51.013: Total time for which application threads were stopped: 0.0021921 seconds, Stopping threads took: 0.0020255 seconds
2016-03-04T11:24:36.536+0000: 51.014: Total time for which application threads were stopped: 0.0001492 seconds, Stopping threads took: 0.0000355 seconds
2016-03-04T11:24:36.536+0000: 51.014: Total time for which application threads were stopped: 0.0000987 seconds, Stopping threads took: 0.0000237 seconds
2016-03-04T11:24:36.537+0000: 51.015: Total time for which application threads were stopped: 0.0001106 seconds, Stopping threads took: 0.0000268 seconds
2016-03-04T11:24:36.537+0000: 51.015: Total time for which application threads were stopped: 0.0000963 seconds, Stopping threads took: 0.0000229 seconds
2016-03-04T11:24:36.537+0000: 51.015: Total time for which application threads were stopped: 0.0000924 seconds, Stopping threads took: 0.0000221 seconds
2016-03-04T11:24:36.570+0000: 51.048: Total time for which application threads were stopped: 0.0002195 seconds, Stopping threads took: 0.0000711 seconds
2016-03-04T11:24:36.573+0000: 51.052: Total time for which application threads were stopped: 0.0001800 seconds, Stopping threads took: 0.0000521 seconds
2016-03-04T11:24:36.574+0000: 51.052: Total time for which application threads were stopped: 0.0000979 seconds, Stopping threads took: 0.0000229 seconds
2016-03-04T11:24:36.574+0000: 51.052: Total time for which application threads were stopped: 0.0000924 seconds, Stopping threads took: 0.0000221 seconds
2016-03-04T11:24:36.574+0000: 51.052: Total time for which application threads were stopped: 0.0000924 seconds, Stopping threads took: 0.0000213 seconds
2016-03-04T11:24:36.574+0000: 51.052: Total time for which application threads were stopped: 0.0000916 seconds, Stopping threads took: 0.0000221 seconds
2016-03-04T11:24:36.574+0000: 51.053: Total time for which application threads were stopped: 0.0000908 seconds, Stopping threads took: 0.0000213 seconds
2016-03-04T11:24:36.574+0000: 51.053: Total time for which application threads were stopped: 0.0000932 seconds, Stopping threads took: 0.0000213 seconds
2016-03-04T11:24:36.575+0000: 51.053: Total time for which application threads were stopped: 0.0000971 seconds, Stopping threads took: 0.0000213 seconds
2016-03-04T11:24:36.575+0000: 51.053: Total time for which application threads were stopped: 0.0000916 seconds, Stopping threads took: 0.0000213 seconds
2016-03-04T11:24:36.575+0000: 51.053: Total time for which application threads were stopped: 0.0001169 seconds, Stopping threads took: 0.0000355 seconds
2016-03-04T11:24:36.576+0000: 51.054: Total time for which application threads were stopped: 0.0001390 seconds, Stopping threads took: 0.0000340 seconds
2016-03-04T11:24:36.576+0000: 51.055: Total time for which application threads were stopped: 0.0001161 seconds, Stopping threads took: 0.0000324 seconds
2016-03-04T11:24:36.576+0000: 51.055: Total time for which application threads were stopped: 0.0001019 seconds, Stopping threads took: 0.0000276 seconds
2016-03-04T11:24:36.577+0000: 51.055: Total time for which application threads were stopped: 0.0001003 seconds, Stopping threads took: 0.0000268 seconds
2016-03-04T11:24:36.577+0000: 51.055: Total time for which application threads were stopped: 0.0000979 seconds, Stopping threads took: 0.0000268 seconds
2016-03-04T11:24:36.577+0000: 51.055: Total time for which application threads were stopped: 0.0000971 seconds, Stopping threads took: 0.0000261 seconds
2016-03-04T11:24:36.577+0000: 51.056: Total time for which application threads were stopped: 0.0001058 seconds, Stopping threads took: 0.0000253 seconds
2016-03-04T11:24:36.577+0000: 51.056: Total time for which application threads were stopped: 0.0000971 seconds, Stopping threads took: 0.0000221 seconds
2016-03-04T11:24:36.578+0000: 51.057: Total time for which application threads were stopped: 0.0003893 seconds, Stopping threads took: 0.0000261 seconds
2016-03-04T11:24:36.591+0000: 51.069: Total time for which application threads were stopped: 0.0002558 seconds, Stopping threads took: 0.0001106 seconds
2016-03-04T11:24:36.591+0000: 51.069: Total time for which application threads were stopped: 0.0001074 seconds, Stopping threads took: 0.0000308 seconds
2016-03-04T11:24:36.596+0000: 51.074: Total time for which application threads were stopped: 0.0002243 seconds, Stopping threads took: 0.0000576 seconds
2016-03-04T11:24:36.871+0000: 51.350: Total time for which application threads were stopped: 0.0004004 seconds, Stopping threads took: 0.0002243 seconds
{Heap before GC invocations=10 (full 1):
 par new generation   total 109248K, used 101067K [0x00000000e0000000, 0x00000000e8000000, 0x00000000e8000000)
  eden space 87424K, 100% used [0x00000000e0000000, 0x00000000e5560000, 0x00000000e5560000)
  from space 21824K,  62% used [0x00000000e5560000, 0x00000000e62b2f80, 0x00000000e6ab0000)
  to   space 21824K,   0% used [0x00000000e6ab0000, 0x00000000e6ab0000, 0x00000000e8000000)
 concurrent mark-sweep generation total 393216K, used 6430K [0x00000000e8000000, 0x0000000100000000, 0x0000000100000000)
 Metaspace       used 30955K, capacity 31348K, committed 31684K, reserved 1077248K
  class space    used 3635K, capacity 3788K, committed 3808K, reserved 1048576K
2016-03-04T11:24:37.402+0000: 51.880: [GC (Allocation Failure) 2016-03-04T11:24:37.402+0000: 51.880: [ParNew
Desired survivor size 20112992 bytes, new threshold 8 (max 8)
- age   1:    5776008 bytes,    5776008 total
- age   2:      77992 bytes,    5854000 total
- age   3:    2065240 bytes,    7919240 total
- age   4:    1561808 bytes,    9481048 total
- age   5:     117920 bytes,    9598968 total
- age   6:     145280 bytes,    9744248 total
- age   7:      99136 bytes,    9843384 total
- age   8:       4168 bytes,    9847552 total
: 101067K->12622K(109248K), 0.0975026 secs] 107498K->19790K(502464K), 0.0977766 secs] [Times: user=0.13 sys=0.00, real=0.10 secs] 
Heap after GC invocations=11 (full 1):
 par new generation   total 109248K, used 12622K [0x00000000e0000000, 0x00000000e8000000, 0x00000000e8000000)
  eden space 87424K,   0% used [0x00000000e0000000, 0x00000000e0000000, 0x00000000e5560000)
  from space 21824K,  57% used [0x00000000e6ab0000, 0x00000000e7703b20, 0x00000000e8000000)
  to   space 21824K,   0% used [0x00000000e5560000, 0x00000000e5560000, 0x00000000e6ab0000)
 concurrent mark-sweep generation total 393216K, used 7167K [0x00000000e8000000, 0x0000000100000000, 0x0000000100000000)
 Metaspace       used 30955K, capacity 31348K, committed 31684K, reserved 1077248K
  class space    used 3635K, capacity 3788K, committed 3808K, reserved 1048576K
}
2016-03-04T11:24:37.500+0000: 51.978: Total time for which application threads were stopped: 0.0984076 seconds, Stopping threads took: 0.0000711 seconds
2016-03-04T11:24:37.508+0000: 51.986: Total time for which application threads were stopped: 0.0003435 seconds, Stopping threads took: 0.0000869 seconds
{Heap before GC invocations=11 (full 1):
 par new generation   total 109248K, used 100046K [0x00000000e0000000, 0x00000000e8000000, 0x00000000e8000000)
  eden space 87424K, 100% used [0x00000000e0000000, 0x00000000e5560000, 0x00000000e5560000)
  from space 21824K,  57% used [0x00000000e6ab0000, 0x00000000e7703b20, 0x00000000e8000000)
  to   space 21824K,   0% used [0x00000000e5560000, 0x00000000e5560000, 0x00000000e6ab0000)
 concurrent mark-sweep generation total 393216K, used 7167K [0x00000000e8000000, 0x0000000100000000, 0x0000000100000000)
 Metaspace       used 31007K, capacity 31402K, committed 31684K, reserved 1077248K
  class space    used 3640K, capacity 3797K, committed 3808K, reserved 1048576K
2016-03-04T11:24:37.865+0000: 52.343: [GC (Allocation Failure) 2016-03-04T11:24:37.865+0000: 52.344: [ParNew
Desired survivor size 20112992 bytes, new threshold 8 (max 8)
- age   1:     263184 bytes,     263184 total
- age   2:    5404472 bytes,    5667656 total
- age   3:      77992 bytes,    5745648 total
- age   4:    2059512 bytes,    7805160 total
- age   5:    1561808 bytes,    9366968 total
- age   6:     117920 bytes,    9484888 total
- age   7:     145280 bytes,    9630168 total
- age   8:      98200 bytes,    9728368 total
: 100046K->10480K(109248K), 0.0419946 secs] 107214K->17652K(502464K), 0.0422244 secs] [Times: user=0.09 sys=0.00, real=0.04 secs] 
Heap after GC invocations=12 (full 1):
 par new generation   total 109248K, used 10480K [0x00000000e0000000, 0x00000000e8000000, 0x00000000e8000000)
  eden space 87424K,   0% used [0x00000000e0000000, 0x00000000e0000000, 0x00000000e5560000)
  from space 21824K,  48% used [0x00000000e5560000, 0x00000000e5f9c3b0, 0x00000000e6ab0000)
  to   space 21824K,   0% used [0x00000000e6ab0000, 0x00000000e6ab0000, 0x00000000e8000000)
 concurrent mark-sweep generation total 393216K, used 7171K [0x00000000e8000000, 0x0000000100000000, 0x0000000100000000)
 Metaspace       used 31007K, capacity 31402K, committed 31684K, reserved 1077248K
  class space    used 3640K, capacity 3797K, committed 3808K, reserved 1048576K
}
2016-03-04T11:24:37.907+0000: 52.386: Total time for which application threads were stopped: 0.0427922 seconds, Stopping threads took: 0.0000758 seconds
2016-03-04T11:24:37.963+0000: 52.442: Total time for which application threads were stopped: 0.0228629 seconds, Stopping threads took: 0.0226355 seconds
2016-03-04T11:24:38.964+0000: 53.442: Total time for which application threads were stopped: 0.0002914 seconds, Stopping threads took: 0.0000695 seconds
2016-03-04T11:24:39.576+0000: 54.055: Total time for which application threads were stopped: 0.0002480 seconds, Stopping threads took: 0.0000553 seconds
2016-03-04T11:24:39.580+0000: 54.058: Total time for which application threads were stopped: 0.0002124 seconds, Stopping threads took: 0.0000624 seconds
2016-03-04T11:24:39.868+0000: 54.346: Total time for which application threads were stopped: 0.0018304 seconds, Stopping threads took: 0.0015485 seconds
2016-03-04T11:24:39.869+0000: 54.348: Total time for which application threads were stopped: 0.0002551 seconds, Stopping threads took: 0.0001295 seconds
2016-03-04T11:24:39.869+0000: 54.348: Total time for which application threads were stopped: 0.0001263 seconds, Stopping threads took: 0.0000300 seconds
2016-03-04T11:24:39.870+0000: 54.348: Total time for which application threads were stopped: 0.0000963 seconds, Stopping threads took: 0.0000221 seconds
2016-03-04T11:24:39.870+0000: 54.348: Total time for which application threads were stopped: 0.0000948 seconds, Stopping threads took: 0.0000213 seconds
2016-03-04T11:24:39.870+0000: 54.348: Total time for which application threads were stopped: 0.0000995 seconds, Stopping threads took: 0.0000284 seconds
2016-03-04T11:24:39.870+0000: 54.349: Total time for which application threads were stopped: 0.0000971 seconds, Stopping threads took: 0.0000276 seconds
2016-03-04T11:24:39.899+0000: 54.378: Total time for which application threads were stopped: 0.0002329 seconds, Stopping threads took: 0.0000576 seconds
2016-03-04T11:24:39.900+0000: 54.378: Total time for which application threads were stopped: 0.0001137 seconds, Stopping threads took: 0.0000308 seconds
2016-03-04T11:24:39.904+0000: 54.383: Total time for which application threads were stopped: 0.0001864 seconds, Stopping threads took: 0.0000592 seconds
2016-03-04T11:24:44.918+0000: 59.396: Total time for which application threads were stopped: 0.0001848 seconds, Stopping threads took: 0.0000490 seconds
2016-03-04T11:24:47.920+0000: 62.398: Total time for which application threads were stopped: 0.0001887 seconds, Stopping threads took: 0.0000537 seconds
2016-03-04T11:24:50.926+0000: 65.404: Total time for which application threads were stopped: 0.0001800 seconds, Stopping threads took: 0.0000513 seconds
2016-03-04T11:25:11.995+0000: 86.473: Total time for which application threads were stopped: 0.0002219 seconds, Stopping threads took: 0.0000600 seconds
2016-03-04T11:26:07.322+0000: 141.801: Total time for which application threads were stopped: 0.0001974 seconds, Stopping threads took: 0.0000521 seconds
2016-03-04T11:26:07.510+0000: 141.989: Total time for which application threads were stopped: 0.0266295 seconds, Stopping threads took: 0.0264116 seconds
2016-03-04T11:26:07.512+0000: 141.991: Total time for which application threads were stopped: 0.0013140 seconds, Stopping threads took: 0.0011592 seconds
2016-03-04T11:26:07.567+0000: 142.046: Total time for which application threads were stopped: 0.0499591 seconds, Stopping threads took: 0.0497301 seconds
2016-03-04T11:26:07.567+0000: 142.046: Total time for which application threads were stopped: 0.0001137 seconds, Stopping threads took: 0.0000395 seconds
2016-03-04T11:26:07.575+0000: 142.054: Total time for which application threads were stopped: 0.0001714 seconds, Stopping threads took: 0.0000458 seconds
2016-03-04T11:26:07.770+0000: 142.254: Total time for which application threads were stopped: 0.0020381 seconds, Stopping threads took: 0.0014972 seconds
2016-03-04T11:26:07.780+0000: 142.259: Total time for which application threads were stopped: 0.0017404 seconds, Stopping threads took: 0.0014782 seconds
2016-03-04T11:26:07.780+0000: 142.261: Total time for which application threads were stopped: 0.0001508 seconds, Stopping threads took: 0.0000332 seconds
2016-03-04T11:26:09.792+0000: 144.271: Total time for which application threads were stopped: 0.0002179 seconds, Stopping threads took: 0.0000624 seconds
2016-03-04T11:26:20.824+0000: 155.304: Total time for which application threads were stopped: 0.0005425 seconds, Stopping threads took: 0.0003846 seconds
2016-03-04T11:26:51.567+0000: 186.048: Total time for which application threads were stopped: 0.0005599 seconds, Stopping threads took: 0.0000521 seconds
2016-03-04T11:27:19.603+0000: 214.085: Total time for which application threads were stopped: 0.0002408 seconds, Stopping threads took: 0.0000584 seconds
2016-03-04T11:27:43.624+0000: 238.106: Total time for which application threads were stopped: 0.0002211 seconds, Stopping threads took: 0.0000695 seconds
2016-03-04T11:27:55.266+0000: 249.748: Total time for which application threads were stopped: 0.0004169 seconds, Stopping threads took: 0.0000505 seconds
2016-03-04T11:28:11.282+0000: 265.764: Total time for which application threads were stopped: 0.0001958 seconds, Stopping threads took: 0.0000537 seconds
2016-03-04T11:28:26.286+0000: 280.770: Total time for which application threads were stopped: 0.0001895 seconds, Stopping threads took: 0.0000561 seconds
2016-03-04T11:28:35.287+0000: 289.770: Total time for which application threads were stopped: 0.0001793 seconds, Stopping threads took: 0.0000576 seconds
2016-03-04T11:29:01.330+0000: 315.813: Total time for which application threads were stopped: 0.0001966 seconds, Stopping threads took: 0.0000576 seconds
2016-03-04T11:29:03.289+0000: 317.772: Total time for which application threads were stopped: 0.0004059 seconds, Stopping threads took: 0.0000537 seconds
2016-03-04T11:30:08.710+0000: 383.194: Total time for which application threads were stopped: 0.0003917 seconds, Stopping threads took: 0.0000442 seconds
2016-03-04T11:31:15.838+0000: 450.326: Total time for which application threads were stopped: 0.0003806 seconds, Stopping threads took: 0.0000497 seconds
2016-03-04T11:31:26.878+0000: 461.365: Total time for which application threads were stopped: 0.0001721 seconds, Stopping threads took: 0.0000466 seconds
2016-03-04T11:32:22.629+0000: 517.117: Total time for which application threads were stopped: 0.0004280 seconds, Stopping threads took: 0.0000490 seconds
2016-03-04T11:33:05.719+0000: 560.207: Total time for which application threads were stopped: 0.0002022 seconds, Stopping threads took: 0.0000600 seconds
2016-03-04T11:33:25.876+0000: 580.367: Total time for which application threads were stopped: 0.0003585 seconds, Stopping threads took: 0.0000426 seconds
2016-03-04T11:33:55.962+0000: 610.453: Total time for which application threads were stopped: 0.0001982 seconds, Stopping threads took: 0.0000632 seconds
2016-03-04T11:33:57.962+0000: 612.453: Total time for which application threads were stopped: 0.0001714 seconds, Stopping threads took: 0.0000474 seconds
2016-03-04T11:34:12.000+0000: 626.490: Total time for which application threads were stopped: 0.0001982 seconds, Stopping threads took: 0.0000505 seconds
2016-03-04T11:34:18.009+0000: 632.499: Total time for which application threads were stopped: 0.0001982 seconds, Stopping threads took: 0.0000592 seconds
2016-03-04T11:34:25.018+0000: 639.509: Total time for which application threads were stopped: 0.0001871 seconds, Stopping threads took: 0.0000521 seconds
2016-03-04T11:34:32.575+0000: 647.068: Total time for which application threads were stopped: 0.0004146 seconds, Stopping threads took: 0.0000505 seconds
2016-03-04T11:34:35.582+0000: 650.073: Total time for which application threads were stopped: 0.0001800 seconds, Stopping threads took: 0.0000497 seconds
2016-03-04T11:34:42.604+0000: 657.095: Total time for which application threads were stopped: 0.0001998 seconds, Stopping threads took: 0.0000624 seconds
2016-03-04T11:34:43.604+0000: 658.095: Total time for which application threads were stopped: 0.0001864 seconds, Stopping threads took: 0.0000521 seconds
2016-03-04T11:34:44.610+0000: 659.101: Total time for which application threads were stopped: 0.0002527 seconds, Stopping threads took: 0.0001248 seconds
2016-03-04T11:34:45.616+0000: 660.107: Total time for which application threads were stopped: 0.0001824 seconds, Stopping threads took: 0.0000537 seconds
2016-03-04T11:34:47.616+0000: 662.107: Total time for which application threads were stopped: 0.0001824 seconds, Stopping threads took: 0.0000553 seconds
2016-03-04T11:34:52.623+0000: 667.115: Total time for which application threads were stopped: 0.0001816 seconds, Stopping threads took: 0.0000474 seconds
2016-03-04T11:34:54.633+0000: 669.125: Total time for which application threads were stopped: 0.0002006 seconds, Stopping threads took: 0.0000592 seconds
2016-03-04T11:34:55.633+0000: 670.125: Total time for which application threads were stopped: 0.0001895 seconds, Stopping threads took: 0.0000521 seconds
2016-03-04T11:35:01.650+0000: 676.142: Total time for which application threads were stopped: 0.0001879 seconds, Stopping threads took: 0.0000537 seconds
{Heap before GC invocations=12 (full 1):
 par new generation   total 109248K, used 97904K [0x00000000e0000000, 0x00000000e8000000, 0x00000000e8000000)
  eden space 87424K, 100% used [0x00000000e0000000, 0x00000000e5560000, 0x00000000e5560000)
  from space 21824K,  48% used [0x00000000e5560000, 0x00000000e5f9c3b0, 0x00000000e6ab0000)
  to   space 21824K,   0% used [0x00000000e6ab0000, 0x00000000e6ab0000, 0x00000000e8000000)
 concurrent mark-sweep generation total 393216K, used 7171K [0x00000000e8000000, 0x0000000100000000, 0x0000000100000000)
 Metaspace       used 31229K, capacity 31662K, committed 32068K, reserved 1077248K
  class space    used 3650K, capacity 3835K, committed 3936K, reserved 1048576K
2016-03-04T11:35:36.893+0000: 711.388: [GC (Allocation Failure) 2016-03-04T11:35:36.893+0000: 711.388: [ParNew
Desired survivor size 20112992 bytes, new threshold 8 (max 8)
- age   1:    2388200 bytes,    2388200 total
- age   2:      76632 bytes,    2464832 total
- age   3:    3076352 bytes,    5541184 total
- age   4:      77992 bytes,    5619176 total
- age   5:    1989560 bytes,    7608736 total
- age   6:    1560736 bytes,    9169472 total
- age   7:     117920 bytes,    9287392 total
- age   8:     145176 bytes,    9432568 total
: 97904K->14507K(109248K), 0.0448832 secs] 105076K->21778K(502464K), 0.0450601 secs] [Times: user=0.09 sys=0.00, real=0.05 secs] 
Heap after GC invocations=13 (full 1):
 par new generation   total 109248K, used 14507K [0x00000000e0000000, 0x00000000e8000000, 0x00000000e8000000)
  eden space 87424K,   0% used [0x00000000e0000000, 0x00000000e0000000, 0x00000000e5560000)
  from space 21824K,  66% used [0x00000000e6ab0000, 0x00000000e78dace8, 0x00000000e8000000)
  to   space 21824K,   0% used [0x00000000e5560000, 0x00000000e5560000, 0x00000000e6ab0000)
 concurrent mark-sweep generation total 393216K, used 7271K [0x00000000e8000000, 0x0000000100000000, 0x0000000100000000)
 Metaspace       used 31229K, capacity 31662K, committed 32068K, reserved 1077248K
  class space    used 3650K, capacity 3835K, committed 3936K, reserved 1048576K
}
2016-03-04T11:35:36.938+0000: 711.433: Total time for which application threads were stopped: 0.0455220 seconds, Stopping threads took: 0.0000474 seconds
2016-03-04T11:35:38.367+0000: 712.862: Total time for which application threads were stopped: 0.0003498 seconds, Stopping threads took: 0.0000426 seconds
2016-03-04T11:36:32.524+0000: 767.020: Total time for which application threads were stopped: 0.0002780 seconds, Stopping threads took: 0.0000742 seconds
2016-03-04T11:36:44.810+0000: 779.306: Total time for which application threads were stopped: 0.0003885 seconds, Stopping threads took: 0.0000466 seconds
2016-03-04T11:37:50.679+0000: 845.177: Total time for which application threads were stopped: 0.0003861 seconds, Stopping threads took: 0.0000505 seconds
2016-03-04T11:38:58.115+0000: 912.614: Total time for which application threads were stopped: 0.0004209 seconds, Stopping threads took: 0.0000513 seconds
2016-03-04T11:39:17.156+0000: 931.655: Total time for which application threads were stopped: 0.0001998 seconds, Stopping threads took: 0.0000592 seconds
2016-03-04T11:39:25.171+0000: 939.673: Total time for which application threads were stopped: 0.0002164 seconds, Stopping threads took: 0.0000561 seconds
2016-03-04T11:39:29.181+0000: 943.683: Total time for which application threads were stopped: 0.0001824 seconds, Stopping threads took: 0.0000545 seconds
2016-03-04T11:39:31.182+0000: 945.684: Total time for which application threads were stopped: 0.0001919 seconds, Stopping threads took: 0.0000569 seconds
2016-03-04T11:40:04.072+0000: 978.574: Total time for which application threads were stopped: 0.0003861 seconds, Stopping threads took: 0.0000458 seconds
2016-03-04T11:40:21.120+0000: 995.626: Total time for which application threads were stopped: 0.0001871 seconds, Stopping threads took: 0.0000513 seconds
2016-03-04T11:41:11.828+0000: 1046.335: Total time for which application threads were stopped: 0.0004185 seconds, Stopping threads took: 0.0000497 seconds
2016-03-04T11:42:19.041+0000: 1113.549: Total time for which application threads were stopped: 0.0003798 seconds, Stopping threads took: 0.0000482 seconds
2016-03-04T11:43:21.310+0000: 1175.818: Total time for which application threads were stopped: 0.0002172 seconds, Stopping threads took: 0.0000671 seconds
2016-03-04T11:43:24.713+0000: 1179.222: Total time for which application threads were stopped: 0.0003767 seconds, Stopping threads took: 0.0000442 seconds
2016-03-04T11:43:49.789+0000: 1204.297: Total time for which application threads were stopped: 0.0002006 seconds, Stopping threads took: 0.0000584 seconds
2016-03-04T11:43:57.803+0000: 1212.311: Total time for which application threads were stopped: 0.0001887 seconds, Stopping threads took: 0.0000521 seconds
2016-03-04T11:44:29.376+0000: 1243.887: Total time for which application threads were stopped: 0.0004209 seconds, Stopping threads took: 0.0000569 seconds
2016-03-04T11:45:33.325+0000: 1307.836: Total time for which application threads were stopped: 0.0004185 seconds, Stopping threads took: 0.0000513 seconds
2016-03-04T11:46:38.665+0000: 1373.177: Total time for which application threads were stopped: 0.0004043 seconds, Stopping threads took: 0.0000497 seconds
2016-03-04T11:47:43.524+0000: 1438.035: Total time for which application threads were stopped: 0.0003901 seconds, Stopping threads took: 0.0000521 seconds
2016-03-04T11:47:53.560+0000: 1448.071: Total time for which application threads were stopped: 0.0001856 seconds, Stopping threads took: 0.0000576 seconds
2016-03-04T11:48:49.050+0000: 1503.562: Total time for which application threads were stopped: 0.0004043 seconds, Stopping threads took: 0.0000521 seconds
2016-03-04T11:49:18.122+0000: 1532.633: Total time for which application threads were stopped: 0.0001943 seconds, Stopping threads took: 0.0000505 seconds
2016-03-04T11:49:49.231+0000: 1563.747: Total time for which application threads were stopped: 0.0002006 seconds, Stopping threads took: 0.0000600 seconds
2016-03-04T11:49:53.888+0000: 1568.405: Total time for which application threads were stopped: 0.0003601 seconds, Stopping threads took: 0.0000466 seconds
2016-03-04T11:50:59.948+0000: 1634.466: Total time for which application threads were stopped: 0.0003893 seconds, Stopping threads took: 0.0000482 seconds
2016-03-04T11:52:05.477+0000: 1699.995: Total time for which application threads were stopped: 0.0004217 seconds, Stopping threads took: 0.0000545 seconds
2016-03-04T11:53:11.792+0000: 1766.318: Total time for which application threads were stopped: 0.0004106 seconds, Stopping threads took: 0.0000600 seconds
2016-03-04T11:54:17.669+0000: 1832.197: Total time for which application threads were stopped: 0.0003901 seconds, Stopping threads took: 0.0000497 seconds
2016-03-04T11:55:24.707+0000: 1899.236: Total time for which application threads were stopped: 0.0003759 seconds, Stopping threads took: 0.0000458 seconds
2016-03-04T11:56:33.219+0000: 1967.748: Total time for which application threads were stopped: 0.0004304 seconds, Stopping threads took: 0.0000545 seconds
2016-03-04T11:57:10.323+0000: 2004.851: Total time for which application threads were stopped: 0.0001808 seconds, Stopping threads took: 0.0000497 seconds
2016-03-04T11:57:11.331+0000: 2005.860: Total time for which application threads were stopped: 0.0002337 seconds, Stopping threads took: 0.0000537 seconds
2016-03-04T11:57:39.520+0000: 2034.052: Total time for which application threads were stopped: 0.0003727 seconds, Stopping threads took: 0.0000450 seconds
2016-03-04T11:58:47.920+0000: 2102.455: Total time for which application threads were stopped: 0.0004367 seconds, Stopping threads took: 0.0000569 seconds
2016-03-04T11:59:41.024+0000: 2155.564: Total time for which application threads were stopped: 0.0001943 seconds, Stopping threads took: 0.0000561 seconds
2016-03-04T11:59:47.025+0000: 2161.565: Total time for which application threads were stopped: 0.0001824 seconds, Stopping threads took: 0.0000497 seconds
2016-03-04T11:59:49.038+0000: 2163.578: Total time for which application threads were stopped: 0.0001935 seconds, Stopping threads took: 0.0000537 seconds
2016-03-04T11:59:55.627+0000: 2170.169: Total time for which application threads were stopped: 0.0003846 seconds, Stopping threads took: 0.0000466 seconds
2016-03-04T12:00:59.068+0000: 2233.614: Total time for which application threads were stopped: 0.0003901 seconds, Stopping threads took: 0.0000529 seconds
2016-03-04T12:02:04.670+0000: 2299.218: Total time for which application threads were stopped: 0.0004304 seconds, Stopping threads took: 0.0000513 seconds
2016-03-04T12:03:04.772+0000: 2359.322: Total time for which application threads were stopped: 0.0002164 seconds, Stopping threads took: 0.0000687 seconds
2016-03-04T12:03:12.564+0000: 2367.114: Total time for which application threads were stopped: 0.0003822 seconds, Stopping threads took: 0.0000561 seconds
2016-03-04T12:04:16.744+0000: 2431.296: Total time for which application threads were stopped: 0.0003996 seconds, Stopping threads took: 0.0000466 seconds
2016-03-04T12:05:21.321+0000: 2495.873: Total time for which application threads were stopped: 0.0004035 seconds, Stopping threads took: 0.0000545 seconds
2016-03-04T12:06:27.692+0000: 2562.245: Total time for which application threads were stopped: 0.0004225 seconds, Stopping threads took: 0.0000592 seconds
2016-03-04T12:07:34.767+0000: 2629.321: Total time for which application threads were stopped: 0.0003822 seconds, Stopping threads took: 0.0000521 seconds
2016-03-04T12:08:42.527+0000: 2697.081: Total time for which application threads were stopped: 0.0003948 seconds, Stopping threads took: 0.0000458 seconds
2016-03-04T12:09:47.668+0000: 2762.223: Total time for which application threads were stopped: 0.0004019 seconds, Stopping threads took: 0.0000553 seconds
2016-03-04T12:10:26.747+0000: 2801.303: Total time for which application threads were stopped: 0.0002061 seconds, Stopping threads took: 0.0000537 seconds
2016-03-04T12:10:53.405+0000: 2827.962: Total time for which application threads were stopped: 0.0003822 seconds, Stopping threads took: 0.0000434 seconds
2016-03-04T12:11:57.607+0000: 2892.164: Total time for which application threads were stopped: 0.0001998 seconds, Stopping threads took: 0.0000624 seconds
2016-03-04T12:11:59.634+0000: 2894.192: Total time for which application threads were stopped: 0.0003585 seconds, Stopping threads took: 0.0000450 seconds
2016-03-04T12:13:06.266+0000: 2960.826: Total time for which application threads were stopped: 0.0004185 seconds, Stopping threads took: 0.0000513 seconds
2016-03-04T12:14:12.084+0000: 3026.644: Total time for which application threads were stopped: 0.0003854 seconds, Stopping threads took: 0.0000490 seconds
2016-03-04T12:15:16.739+0000: 3091.301: Total time for which application threads were stopped: 0.0004209 seconds, Stopping threads took: 0.0000513 seconds
2016-03-04T12:16:23.676+0000: 3158.244: Total time for which application threads were stopped: 0.0003798 seconds, Stopping threads took: 0.0000490 seconds
2016-03-04T12:17:27.221+0000: 3221.786: Total time for which application threads were stopped: 0.0004233 seconds, Stopping threads took: 0.0000529 seconds
2016-03-04T12:18:23.394+0000: 3277.963: Total time for which application threads were stopped: 0.0002345 seconds, Stopping threads took: 0.0000655 seconds
2016-03-04T12:18:33.742+0000: 3288.312: Total time for which application threads were stopped: 0.0003672 seconds, Stopping threads took: 0.0000513 seconds
2016-03-04T12:18:50.771+0000: 3305.339: Total time for which application threads were stopped: 0.0001887 seconds, Stopping threads took: 0.0000490 seconds
2016-03-04T12:18:52.785+0000: 3307.353: Total time for which application threads were stopped: 0.0002053 seconds, Stopping threads took: 0.0000537 seconds
2016-03-04T12:19:38.032+0000: 3352.607: Total time for which application threads were stopped: 0.0004809 seconds, Stopping threads took: 0.0000497 seconds
2016-03-04T12:19:41.038+0000: 3355.612: Total time for which application threads were stopped: 0.0001832 seconds, Stopping threads took: 0.0000537 seconds
2016-03-04T12:20:43.256+0000: 3417.833: Total time for which application threads were stopped: 0.0003561 seconds, Stopping threads took: 0.0000450 seconds
2016-03-04T12:21:50.540+0000: 3485.118: Total time for which application threads were stopped: 0.0004367 seconds, Stopping threads took: 0.0000648 seconds
2016-03-04T12:22:56.899+0000: 3551.481: Total time for which application threads were stopped: 0.0003814 seconds, Stopping threads took: 0.0000505 seconds
2016-03-04T12:24:00.893+0000: 3615.476: Total time for which application threads were stopped: 0.0004122 seconds, Stopping threads took: 0.0000497 seconds
2016-03-04T12:25:06.612+0000: 3681.196: Total time for which application threads were stopped: 0.0003869 seconds, Stopping threads took: 0.0000584 seconds
2016-03-04T12:26:10.394+0000: 3744.980: Total time for which application threads were stopped: 0.0004256 seconds, Stopping threads took: 0.0000576 seconds
2016-03-04T12:27:15.751+0000: 3810.339: Total time for which application threads were stopped: 0.0003854 seconds, Stopping threads took: 0.0000497 seconds
2016-03-04T12:28:22.446+0000: 3877.035: Total time for which application threads were stopped: 0.0003964 seconds, Stopping threads took: 0.0000592 seconds
2016-03-04T12:29:28.624+0000: 3943.214: Total time for which application threads were stopped: 0.0003743 seconds, Stopping threads took: 0.0000497 seconds
2016-03-04T12:30:34.753+0000: 4009.343: Total time for which application threads were stopped: 0.0003854 seconds, Stopping threads took: 0.0000482 seconds
2016-03-04T12:31:42.296+0000: 4076.886: Total time for which application threads were stopped: 0.0003664 seconds, Stopping threads took: 0.0000466 seconds
2016-03-04T12:32:45.630+0000: 4140.220: Total time for which application threads were stopped: 0.0003893 seconds, Stopping threads took: 0.0000497 seconds
2016-03-04T12:33:50.238+0000: 4204.830: Total time for which application threads were stopped: 0.0003735 seconds, Stopping threads took: 0.0000466 seconds
2016-03-04T12:34:56.750+0000: 4271.345: Total time for which application threads were stopped: 0.0003743 seconds, Stopping threads took: 0.0000505 seconds
2016-03-04T12:36:03.432+0000: 4338.031: Total time for which application threads were stopped: 0.0003680 seconds, Stopping threads took: 0.0000442 seconds
2016-03-04T12:37:11.778+0000: 4406.380: Total time for which application threads were stopped: 0.0004004 seconds, Stopping threads took: 0.0000553 seconds
2016-03-04T12:38:19.590+0000: 4474.197: Total time for which application threads were stopped: 0.0003877 seconds, Stopping threads took: 0.0000513 seconds
2016-03-04T12:39:25.541+0000: 4540.148: Total time for which application threads were stopped: 0.0004154 seconds, Stopping threads took: 0.0000553 seconds
2016-03-04T12:40:31.069+0000: 4605.675: Total time for which application threads were stopped: 0.0003585 seconds, Stopping threads took: 0.0000434 seconds
2016-03-04T12:41:36.648+0000: 4671.258: Total time for which application threads were stopped: 0.0003901 seconds, Stopping threads took: 0.0000529 seconds
2016-03-04T12:42:43.917+0000: 4738.531: Total time for which application threads were stopped: 0.0003703 seconds, Stopping threads took: 0.0000450 seconds
2016-03-04T12:43:50.588+0000: 4805.204: Total time for which application threads were stopped: 0.0003972 seconds, Stopping threads took: 0.0000529 seconds
2016-03-04T12:44:57.876+0000: 4872.495: Total time for which application threads were stopped: 0.0003940 seconds, Stopping threads took: 0.0000458 seconds
2016-03-04T12:46:04.791+0000: 4939.410: Total time for which application threads were stopped: 0.0004051 seconds, Stopping threads took: 0.0000569 seconds
2016-03-04T12:47:11.770+0000: 5006.390: Total time for which application threads were stopped: 0.0004027 seconds, Stopping threads took: 0.0000561 seconds
2016-03-04T12:48:15.572+0000: 5070.192: Total time for which application threads were stopped: 0.0004256 seconds, Stopping threads took: 0.0000553 seconds
2016-03-04T12:49:22.589+0000: 5137.209: Total time for which application threads were stopped: 0.0004114 seconds, Stopping threads took: 0.0000561 seconds
2016-03-04T12:50:31.048+0000: 5205.668: Total time for which application threads were stopped: 0.0003861 seconds, Stopping threads took: 0.0000545 seconds
2016-03-04T12:51:38.532+0000: 5273.156: Total time for which application threads were stopped: 0.0003940 seconds, Stopping threads took: 0.0000482 seconds
{Heap before GC invocations=13 (full 1):
 par new generation   total 109248K, used 101931K [0x00000000e0000000, 0x00000000e8000000, 0x00000000e8000000)
  eden space 87424K, 100% used [0x00000000e0000000, 0x00000000e5560000, 0x00000000e5560000)
  from space 21824K,  66% used [0x00000000e6ab0000, 0x00000000e78dace8, 0x00000000e8000000)
  to   space 21824K,   0% used [0x00000000e5560000, 0x00000000e5560000, 0x00000000e6ab0000)
 concurrent mark-sweep generation total 393216K, used 7271K [0x00000000e8000000, 0x0000000100000000, 0x0000000100000000)
 Metaspace       used 31260K, capacity 31726K, committed 32068K, reserved 1077248K
  class space    used 3650K, capacity 3835K, committed 3936K, reserved 1048576K
2016-03-04T12:52:18.329+0000: 5312.953: [GC (Allocation Failure) 2016-03-04T12:52:18.329+0000: 5312.953: [ParNew
Desired survivor size 20112992 bytes, new threshold 8 (max 8)
- age   1:     134688 bytes,     134688 total
- age   2:    2241968 bytes,    2376656 total
- age   3:      75912 bytes,    2452568 total
- age   4:    3076152 bytes,    5528720 total
- age   5:      77992 bytes,    5606712 total
- age   6:    1911536 bytes,    7518248 total
- age   7:    1517136 bytes,    9035384 total
- age   8:     108752 bytes,    9144136 total
: 101931K->9844K(109248K), 0.8586510 secs] 109202K->17261K(502464K), 0.8589353 secs] [Times: user=0.58 sys=0.00, real=0.86 secs] 
Heap after GC invocations=14 (full 1):
 par new generation   total 109248K, used 9844K [0x00000000e0000000, 0x00000000e8000000, 0x00000000e8000000)
  eden space 87424K,   0% used [0x00000000e0000000, 0x00000000e0000000, 0x00000000e5560000)
  from space 21824K,  45% used [0x00000000e5560000, 0x00000000e5efd1d0, 0x00000000e6ab0000)
  to   space 21824K,   0% used [0x00000000e6ab0000, 0x00000000e6ab0000, 0x00000000e8000000)
 concurrent mark-sweep generation total 393216K, used 7417K [0x00000000e8000000, 0x0000000100000000, 0x0000000100000000)
 Metaspace       used 31260K, capacity 31726K, committed 32068K, reserved 1077248K
  class space    used 3650K, capacity 3835K, committed 3936K, reserved 1048576K
}
2016-03-04T12:52:19.189+0000: 5313.812: Total time for which application threads were stopped: 0.8593869 seconds, Stopping threads took: 0.0000490 seconds
2016-03-04T12:52:46.478+0000: 5341.103: Total time for which application threads were stopped: 0.0003443 seconds, Stopping threads took: 0.0000426 seconds
2016-03-04T12:53:51.817+0000: 5406.452: Total time for which application threads were stopped: 0.0004027 seconds, Stopping threads took: 0.0000521 seconds
2016-03-04T12:54:21.884+0000: 5436.520: Total time for which application threads were stopped: 0.0001998 seconds, Stopping threads took: 0.0000576 seconds
2016-03-04T12:54:51.974+0000: 5466.610: Total time for which application threads were stopped: 0.0002203 seconds, Stopping threads took: 0.0000545 seconds
2016-03-04T12:54:58.558+0000: 5473.196: Total time for which application threads were stopped: 0.0003640 seconds, Stopping threads took: 0.0000450 seconds
2016-03-04T12:55:51.687+0000: 5526.328: Total time for which application threads were stopped: 0.0002053 seconds, Stopping threads took: 0.0000616 seconds
2016-03-04T12:56:03.443+0000: 5538.085: Total time for which application threads were stopped: 0.0003846 seconds, Stopping threads took: 0.0000490 seconds
2016-03-04T12:56:52.586+0000: 5587.228: Total time for which application threads were stopped: 0.0002045 seconds, Stopping threads took: 0.0000561 seconds
2016-03-04T12:57:08.611+0000: 5603.254: Total time for which application threads were stopped: 0.0003490 seconds, Stopping threads took: 0.0000426 seconds
2016-03-04T12:58:14.917+0000: 5669.561: Total time for which application threads were stopped: 0.0004154 seconds, Stopping threads took: 0.0000529 seconds
2016-03-04T12:59:13.077+0000: 5727.720: Total time for which application threads were stopped: 0.0002029 seconds, Stopping threads took: 0.0000592 seconds
2016-03-04T12:59:19.249+0000: 5733.893: Total time for which application threads were stopped: 0.0003656 seconds, Stopping threads took: 0.0000466 seconds
2016-03-04T13:00:23.951+0000: 5798.600: Total time for which application threads were stopped: 0.0003814 seconds, Stopping threads took: 0.0000513 seconds
2016-03-04T13:01:29.638+0000: 5864.288: Total time for which application threads were stopped: 0.0003632 seconds, Stopping threads took: 0.0000474 seconds
2016-03-04T13:02:34.055+0000: 5928.710: Total time for which application threads were stopped: 0.0004177 seconds, Stopping threads took: 0.0000521 seconds
2016-03-04T13:03:39.076+0000: 5993.726: Total time for which application threads were stopped: 0.0003877 seconds, Stopping threads took: 0.0000505 seconds
2016-03-04T13:04:45.762+0000: 6060.412: Total time for which application threads were stopped: 0.0004098 seconds, Stopping threads took: 0.0000529 seconds
2016-03-04T13:05:50.916+0000: 6125.571: Total time for which application threads were stopped: 0.0006902 seconds, Stopping threads took: 0.0000726 seconds
2016-03-04T13:06:57.005+0000: 6191.660: Total time for which application threads were stopped: 0.0003996 seconds, Stopping threads took: 0.0000513 seconds
2016-03-04T13:07:52.175+0000: 6246.830: Total time for which application threads were stopped: 0.0001982 seconds, Stopping threads took: 0.0000584 seconds
2016-03-04T13:08:04.716+0000: 6259.371: Total time for which application threads were stopped: 0.0003514 seconds, Stopping threads took: 0.0000419 seconds
2016-03-04T13:09:09.691+0000: 6324.347: Total time for which application threads were stopped: 0.0004280 seconds, Stopping threads took: 0.0000592 seconds
2016-03-04T13:10:16.070+0000: 6390.726: Total time for which application threads were stopped: 0.0003854 seconds, Stopping threads took: 0.0000497 seconds
2016-03-04T13:11:21.819+0000: 6456.477: Total time for which application threads were stopped: 0.0004075 seconds, Stopping threads took: 0.0000521 seconds
2016-03-04T13:12:26.608+0000: 6521.267: Total time for which application threads were stopped: 0.0005228 seconds, Stopping threads took: 0.0000474 seconds
2016-03-04T13:13:33.518+0000: 6588.176: Total time for which application threads were stopped: 0.0003735 seconds, Stopping threads took: 0.0000513 seconds
2016-03-04T13:14:40.259+0000: 6654.919: Total time for which application threads were stopped: 0.0003767 seconds, Stopping threads took: 0.0000490 seconds
2016-03-04T13:15:46.058+0000: 6720.721: Total time for which application threads were stopped: 0.0004233 seconds, Stopping threads took: 0.0000592 seconds
2016-03-04T13:16:51.605+0000: 6786.268: Total time for which application threads were stopped: 0.0003759 seconds, Stopping threads took: 0.0000442 seconds
2016-03-04T13:17:54.334+0000: 6848.996: Total time for which application threads were stopped: 0.0003893 seconds, Stopping threads took: 0.0000529 seconds
2016-03-04T13:18:59.809+0000: 6914.473: Total time for which application threads were stopped: 0.0003877 seconds, Stopping threads took: 0.0000466 seconds
2016-03-04T13:20:04.004+0000: 6978.669: Total time for which application threads were stopped: 0.0004122 seconds, Stopping threads took: 0.0000561 seconds
2016-03-04T13:21:11.197+0000: 7045.861: Total time for which application threads were stopped: 0.0003648 seconds, Stopping threads took: 0.0000466 seconds
2016-03-04T13:22:17.309+0000: 7111.972: Total time for which application threads were stopped: 0.0004169 seconds, Stopping threads took: 0.0000545 seconds
2016-03-04T13:23:21.864+0000: 7176.531: Total time for which application threads were stopped: 0.0003577 seconds, Stopping threads took: 0.0000450 seconds
2016-03-04T13:24:27.051+0000: 7241.717: Total time for which application threads were stopped: 0.0003854 seconds, Stopping threads took: 0.0000521 seconds
2016-03-04T13:25:30.467+0000: 7305.134: Total time for which application threads were stopped: 0.0003917 seconds, Stopping threads took: 0.0000466 seconds
2016-03-04T13:26:38.689+0000: 7373.355: Total time for which application threads were stopped: 0.0004454 seconds, Stopping threads took: 0.0000537 seconds
2016-03-04T13:27:44.026+0000: 7438.694: Total time for which application threads were stopped: 0.0004027 seconds, Stopping threads took: 0.0000458 seconds
2016-03-04T13:28:49.604+0000: 7504.273: Total time for which application threads were stopped: 0.0003830 seconds, Stopping threads took: 0.0000537 seconds
2016-03-04T13:29:54.125+0000: 7568.795: Total time for which application threads were stopped: 0.0004548 seconds, Stopping threads took: 0.0000616 seconds
2016-03-04T13:30:59.861+0000: 7634.538: Total time for which application threads were stopped: 0.0003743 seconds, Stopping threads took: 0.0000490 seconds
2016-03-04T13:31:23.935+0000: 7658.611: Total time for which application threads were stopped: 0.0002029 seconds, Stopping threads took: 0.0000576 seconds
2016-03-04T13:31:50.006+0000: 7684.683: Total time for which application threads were stopped: 0.0001919 seconds, Stopping threads took: 0.0000545 seconds
2016-03-04T13:32:05.419+0000: 7700.096: Total time for which application threads were stopped: 0.0003861 seconds, Stopping threads took: 0.0000505 seconds
2016-03-04T13:32:22.444+0000: 7717.122: Total time for which application threads were stopped: 0.0002566 seconds, Stopping threads took: 0.0000640 seconds
2016-03-04T13:33:12.785+0000: 7767.463: Total time for which application threads were stopped: 0.0003790 seconds, Stopping threads took: 0.0000490 seconds
2016-03-04T13:34:18.951+0000: 7833.630: Total time for which application threads were stopped: 0.0004414 seconds, Stopping threads took: 0.0000624 seconds
2016-03-04T13:35:23.906+0000: 7898.589: Total time for which application threads were stopped: 0.0003846 seconds, Stopping threads took: 0.0000521 seconds
2016-03-04T13:36:32.900+0000: 7967.588: Total time for which application threads were stopped: 0.0004106 seconds, Stopping threads took: 0.0000505 seconds
2016-03-04T13:37:39.451+0000: 8034.144: Total time for which application threads were stopped: 0.0003680 seconds, Stopping threads took: 0.0000458 seconds
2016-03-04T13:38:46.486+0000: 8101.183: Total time for which application threads were stopped: 0.0004122 seconds, Stopping threads took: 0.0000505 seconds
2016-03-04T13:39:51.517+0000: 8166.215: Total time for which application threads were stopped: 0.0004185 seconds, Stopping threads took: 0.0000505 seconds
2016-03-04T13:40:56.125+0000: 8230.823: Total time for which application threads were stopped: 0.0003925 seconds, Stopping threads took: 0.0000490 seconds
2016-03-04T13:42:02.188+0000: 8296.888: Total time for which application threads were stopped: 0.0003956 seconds, Stopping threads took: 0.0000482 seconds
2016-03-04T13:43:06.361+0000: 8361.065: Total time for which application threads were stopped: 0.0004019 seconds, Stopping threads took: 0.0000490 seconds
2016-03-04T13:44:10.573+0000: 8425.278: Total time for which application threads were stopped: 0.0004904 seconds, Stopping threads took: 0.0000592 seconds
2016-03-04T13:45:17.644+0000: 8492.350: Total time for which application threads were stopped: 0.0004193 seconds, Stopping threads took: 0.0000537 seconds
2016-03-04T13:46:24.764+0000: 8559.472: Total time for which application threads were stopped: 0.0003727 seconds, Stopping threads took: 0.0000474 seconds
2016-03-04T13:47:28.987+0000: 8623.694: Total time for which application threads were stopped: 0.0004106 seconds, Stopping threads took: 0.0000576 seconds
2016-03-04T13:48:35.747+0000: 8690.454: Total time for which application threads were stopped: 0.0004059 seconds, Stopping threads took: 0.0000497 seconds
2016-03-04T13:49:39.140+0000: 8753.848: Total time for which application threads were stopped: 0.0004240 seconds, Stopping threads took: 0.0000561 seconds
2016-03-04T13:50:41.624+0000: 8816.336: Total time for which application threads were stopped: 0.0003932 seconds, Stopping threads took: 0.0000576 seconds
2016-03-04T13:51:46.901+0000: 8881.617: Total time for which application threads were stopped: 0.0004304 seconds, Stopping threads took: 0.0000569 seconds
2016-03-04T13:52:55.597+0000: 8950.315: Total time for which application threads were stopped: 0.0003901 seconds, Stopping threads took: 0.0000600 seconds
2016-03-04T13:54:02.599+0000: 9017.318: Total time for which application threads were stopped: 0.0004185 seconds, Stopping threads took: 0.0000529 seconds
2016-03-04T13:55:09.201+0000: 9083.919: Total time for which application threads were stopped: 0.0003688 seconds, Stopping threads took: 0.0000474 seconds
2016-03-04T13:56:15.218+0000: 9149.941: Total time for which application threads were stopped: 0.0004083 seconds, Stopping threads took: 0.0000537 seconds
2016-03-04T13:57:24.223+0000: 9218.947: Total time for which application threads were stopped: 0.0003830 seconds, Stopping threads took: 0.0000450 seconds
2016-03-04T13:58:32.021+0000: 9286.750: Total time for which application threads were stopped: 0.0004288 seconds, Stopping threads took: 0.0000624 seconds
2016-03-04T13:59:38.232+0000: 9352.963: Total time for which application threads were stopped: 0.0003838 seconds, Stopping threads took: 0.0000434 seconds
2016-03-04T14:00:44.577+0000: 9419.311: Total time for which application threads were stopped: 0.0003893 seconds, Stopping threads took: 0.0000529 seconds
2016-03-04T14:01:40.704+0000: 9475.438: Total time for which application threads were stopped: 0.0001950 seconds, Stopping threads took: 0.0000521 seconds
2016-03-04T14:01:51.516+0000: 9486.250: Total time for which application threads were stopped: 0.0003893 seconds, Stopping threads took: 0.0000442 seconds
2016-03-04T14:02:55.012+0000: 9549.747: Total time for which application threads were stopped: 0.0004580 seconds, Stopping threads took: 0.0000624 seconds
2016-03-04T14:03:59.452+0000: 9614.188: Total time for which application threads were stopped: 0.0004201 seconds, Stopping threads took: 0.0000561 seconds
2016-03-04T14:05:05.822+0000: 9680.559: Total time for which application threads were stopped: 0.0004248 seconds, Stopping threads took: 0.0000569 seconds
2016-03-04T14:06:13.045+0000: 9747.782: Total time for which application threads were stopped: 0.0004943 seconds, Stopping threads took: 0.0000474 seconds
2016-03-04T14:07:19.001+0000: 9813.747: Total time for which application threads were stopped: 0.0008734 seconds, Stopping threads took: 0.0000655 seconds
2016-03-04T14:08:21.164+0000: 9875.912: Total time for which application threads were stopped: 0.0001935 seconds, Stopping threads took: 0.0000513 seconds
2016-03-04T14:08:25.296+0000: 9880.044: Total time for which application threads were stopped: 0.0003617 seconds, Stopping threads took: 0.0000458 seconds
2016-03-04T14:08:44.331+0000: 9899.079: Total time for which application threads were stopped: 0.0001943 seconds, Stopping threads took: 0.0000600 seconds
2016-03-04T14:08:46.331+0000: 9901.079: Total time for which application threads were stopped: 0.0001856 seconds, Stopping threads took: 0.0000584 seconds
2016-03-04T14:09:25.471+0000: 9940.224: Total time for which application threads were stopped: 0.0002464 seconds, Stopping threads took: 0.0000608 seconds
2016-03-04T14:09:31.175+0000: 9945.928: Total time for which application threads were stopped: 0.0003901 seconds, Stopping threads took: 0.0000458 seconds
{Heap before GC invocations=14 (full 1):
 par new generation   total 109248K, used 97268K [0x00000000e0000000, 0x00000000e8000000, 0x00000000e8000000)
  eden space 87424K, 100% used [0x00000000e0000000, 0x00000000e5560000, 0x00000000e5560000)
  from space 21824K,  45% used [0x00000000e5560000, 0x00000000e5efd1d0, 0x00000000e6ab0000)
  to   space 21824K,   0% used [0x00000000e6ab0000, 0x00000000e6ab0000, 0x00000000e8000000)
 concurrent mark-sweep generation total 393216K, used 7417K [0x00000000e8000000, 0x0000000100000000, 0x0000000100000000)
 Metaspace       used 31288K, capacity 31726K, committed 32068K, reserved 1077248K
  class space    used 3650K, capacity 3835K, committed 3936K, reserved 1048576K
2016-03-04T14:10:12.956+0000: 9987.709: [GC (Allocation Failure) 2016-03-04T14:10:12.956+0000: 9987.709: [ParNew
Desired survivor size 20112992 bytes, new threshold 8 (max 8)
- age   1:     126568 bytes,     126568 total
- age   2:      10640 bytes,     137208 total
- age   3:    2241968 bytes,    2379176 total
- age   4:      75912 bytes,    2455088 total
- age   5:    3076152 bytes,    5531240 total
- age   6:      77992 bytes,    5609232 total
- age   7:    1911560 bytes,    7520792 total
- age   8:    1517160 bytes,    9037952 total
: 97268K->13634K(109248K), 0.0443415 secs] 104685K->21160K(502464K), 0.0445618 secs] [Times: user=0.06 sys=0.00, real=0.04 secs] 
Heap after GC invocations=15 (full 1):
 par new generation   total 109248K, used 13634K [0x00000000e0000000, 0x00000000e8000000, 0x00000000e8000000)
  eden space 87424K,   0% used [0x00000000e0000000, 0x00000000e0000000, 0x00000000e5560000)
  from space 21824K,  62% used [0x00000000e6ab0000, 0x00000000e7800a50, 0x00000000e8000000)
  to   space 21824K,   0% used [0x00000000e5560000, 0x00000000e5560000, 0x00000000e6ab0000)
 concurrent mark-sweep generation total 393216K, used 7525K [0x00000000e8000000, 0x0000000100000000, 0x0000000100000000)
 Metaspace       used 31288K, capacity 31726K, committed 32068K, reserved 1077248K
  class space    used 3650K, capacity 3835K, committed 3936K, reserved 1048576K
}
2016-03-04T14:10:12.996+0000: 9987.754: Total time for which application threads were stopped: 0.0450245 seconds, Stopping threads took: 0.0000482 seconds
2016-03-04T14:10:39.366+0000: 10014.119: Total time for which application threads were stopped: 0.0004430 seconds, Stopping threads took: 0.0000561 seconds
2016-03-04T14:11:44.957+0000: 10079.712: Total time for which application threads were stopped: 0.0003885 seconds, Stopping threads took: 0.0000521 seconds
2016-03-04T14:12:49.823+0000: 10144.579: Total time for which application threads were stopped: 0.0003948 seconds, Stopping threads took: 0.0000474 seconds
2016-03-04T14:13:57.161+0000: 10211.920: Total time for which application threads were stopped: 0.0004667 seconds, Stopping threads took: 0.0000584 seconds
2016-03-04T14:15:03.727+0000: 10278.486: Total time for which application threads were stopped: 0.0004130 seconds, Stopping threads took: 0.0000450 seconds
2016-03-04T14:16:07.694+0000: 10342.454: Total time for which application threads were stopped: 0.0003980 seconds, Stopping threads took: 0.0000553 seconds
2016-03-04T14:17:12.594+0000: 10407.356: Total time for which application threads were stopped: 0.0004177 seconds, Stopping threads took: 0.0000553 seconds
2016-03-04T14:18:20.097+0000: 10474.863: Total time for which application threads were stopped: 0.0004011 seconds, Stopping threads took: 0.0000640 seconds
2016-03-04T14:19:24.968+0000: 10539.739: Total time for which application threads were stopped: 0.0004019 seconds, Stopping threads took: 0.0000497 seconds
2016-03-04T14:20:31.017+0000: 10605.792: Total time for which application threads were stopped: 0.0003917 seconds, Stopping threads took: 0.0000521 seconds
2016-03-04T14:21:39.702+0000: 10674.479: Total time for which application threads were stopped: 0.0004351 seconds, Stopping threads took: 0.0000497 seconds
2016-03-04T14:22:46.768+0000: 10741.546: Total time for which application threads were stopped: 0.0004051 seconds, Stopping threads took: 0.0000640 seconds
2016-03-04T14:23:54.175+0000: 10808.955: Total time for which application threads were stopped: 0.0004398 seconds, Stopping threads took: 0.0000553 seconds
2016-03-04T14:25:02.817+0000: 10877.605: Total time for which application threads were stopped: 0.0003696 seconds, Stopping threads took: 0.0000497 seconds
2016-03-04T14:25:14.821+0000: 10889.608: Total time for which application threads were stopped: 0.0001935 seconds, Stopping threads took: 0.0000505 seconds
2016-03-04T14:26:10.189+0000: 10944.981: Total time for which application threads were stopped: 0.0003798 seconds, Stopping threads took: 0.0000490 seconds
2016-03-04T14:27:12.263+0000: 11007.055: Total time for which application threads were stopped: 0.0003822 seconds, Stopping threads took: 0.0000482 seconds
2016-03-04T14:28:19.494+0000: 11074.287: Total time for which application threads were stopped: 0.0004225 seconds, Stopping threads took: 0.0000529 seconds
2016-03-04T14:29:23.340+0000: 11138.149: Total time for which application threads were stopped: 0.0003625 seconds, Stopping threads took: 0.0000474 seconds
2016-03-04T14:30:29.342+0000: 11204.151: Total time for which application threads were stopped: 0.0004327 seconds, Stopping threads took: 0.0000529 seconds
2016-03-04T14:31:37.412+0000: 11272.221: Total time for which application threads were stopped: 0.0003869 seconds, Stopping threads took: 0.0000497 seconds
2016-03-04T14:32:42.694+0000: 11337.503: Total time for which application threads were stopped: 0.0004122 seconds, Stopping threads took: 0.0000490 seconds
2016-03-04T14:32:59.696+0000: 11354.504: Total time for which application threads were stopped: 0.0001919 seconds, Stopping threads took: 0.0000537 seconds
2016-03-04T14:33:47.946+0000: 11402.757: Total time for which application threads were stopped: 0.0004098 seconds, Stopping threads took: 0.0000482 seconds
2016-03-04T14:34:00.947+0000: 11415.758: Total time for which application threads were stopped: 0.0002156 seconds, Stopping threads took: 0.0000521 seconds
2016-03-04T14:34:01.947+0000: 11416.758: Total time for which application threads were stopped: 0.0001793 seconds, Stopping threads took: 0.0000497 seconds
2016-03-04T14:34:07.948+0000: 11422.758: Total time for which application threads were stopped: 0.0001840 seconds, Stopping threads took: 0.0000505 seconds
2016-03-04T14:34:09.948+0000: 11424.758: Total time for which application threads were stopped: 0.0001832 seconds, Stopping threads took: 0.0000497 seconds
2016-03-04T14:34:11.948+0000: 11426.759: Total time for which application threads were stopped: 0.0001879 seconds, Stopping threads took: 0.0000529 seconds
2016-03-04T14:34:13.948+0000: 11428.759: Total time for which application threads were stopped: 0.0001777 seconds, Stopping threads took: 0.0000490 seconds
2016-03-04T14:34:52.507+0000: 11467.318: Total time for which application threads were stopped: 0.0003751 seconds, Stopping threads took: 0.0000474 seconds
2016-03-04T14:35:58.756+0000: 11533.570: Total time for which application threads were stopped: 0.0004296 seconds, Stopping threads took: 0.0000608 seconds
2016-03-04T14:37:06.377+0000: 11601.197: Total time for which application threads were stopped: 0.0004296 seconds, Stopping threads took: 0.0000513 seconds
2016-03-04T14:38:13.525+0000: 11668.348: Total time for which application threads were stopped: 0.0003782 seconds, Stopping threads took: 0.0000490 seconds
2016-03-04T14:39:19.070+0000: 11733.897: Total time for which application threads were stopped: 0.0004280 seconds, Stopping threads took: 0.0000616 seconds
2016-03-04T14:40:26.060+0000: 11800.893: Total time for which application threads were stopped: 0.0003814 seconds, Stopping threads took: 0.0000529 seconds
2016-03-04T14:41:33.406+0000: 11868.241: Total time for which application threads were stopped: 0.0004738 seconds, Stopping threads took: 0.0000616 seconds
2016-03-04T14:42:39.363+0000: 11934.202: Total time for which application threads were stopped: 0.0003719 seconds, Stopping threads took: 0.0000442 seconds
2016-03-04T14:43:46.604+0000: 12001.444: Total time for which application threads were stopped: 0.0003940 seconds, Stopping threads took: 0.0000513 seconds
2016-03-04T14:44:53.009+0000: 12067.855: Total time for which application threads were stopped: 0.0003988 seconds, Stopping threads took: 0.0000474 seconds
2016-03-04T14:45:27.094+0000: 12101.941: Total time for which application threads were stopped: 0.0001966 seconds, Stopping threads took: 0.0000616 seconds
2016-03-04T14:45:58.541+0000: 12133.388: Total time for which application threads were stopped: 0.0004169 seconds, Stopping threads took: 0.0000497 seconds
2016-03-04T14:47:04.109+0000: 12198.962: Total time for which application threads were stopped: 0.0004627 seconds, Stopping threads took: 0.0001050 seconds
2016-03-04T14:48:12.121+0000: 12266.973: Total time for which application threads were stopped: 0.0004043 seconds, Stopping threads took: 0.0000513 seconds
2016-03-04T14:49:17.708+0000: 12332.563: Total time for which application threads were stopped: 0.0004517 seconds, Stopping threads took: 0.0000632 seconds
2016-03-04T14:50:24.361+0000: 12399.220: Total time for which application threads were stopped: 0.0004043 seconds, Stopping threads took: 0.0000553 seconds
2016-03-04T14:51:30.752+0000: 12465.613: Total time for which application threads were stopped: 0.0004075 seconds, Stopping threads took: 0.0000482 seconds
2016-03-04T14:52:37.810+0000: 12532.672: Total time for which application threads were stopped: 0.0003846 seconds, Stopping threads took: 0.0000513 seconds
2016-03-04T14:53:43.723+0000: 12598.586: Total time for which application threads were stopped: 0.0003877 seconds, Stopping threads took: 0.0000442 seconds
2016-03-04T14:54:50.095+0000: 12664.963: Total time for which application threads were stopped: 0.0004004 seconds, Stopping threads took: 0.0000513 seconds
2016-03-04T14:55:56.587+0000: 12731.457: Total time for which application threads were stopped: 0.0003861 seconds, Stopping threads took: 0.0000434 seconds
2016-03-04T14:57:03.716+0000: 12798.589: Total time for which application threads were stopped: 0.0004004 seconds, Stopping threads took: 0.0000521 seconds
2016-03-04T14:58:10.575+0000: 12865.451: Total time for which application threads were stopped: 0.0003790 seconds, Stopping threads took: 0.0000434 seconds
2016-03-04T14:59:16.449+0000: 12931.328: Total time for which application threads were stopped: 0.0003972 seconds, Stopping threads took: 0.0000521 seconds
2016-03-04T15:00:23.205+0000: 12998.085: Total time for which application threads were stopped: 0.0003964 seconds, Stopping threads took: 0.0000450 seconds
2016-03-04T15:01:29.738+0000: 13064.619: Total time for which application threads were stopped: 0.0004359 seconds, Stopping threads took: 0.0000616 seconds
2016-03-04T15:02:38.944+0000: 13133.825: Total time for which application threads were stopped: 0.0003838 seconds, Stopping threads took: 0.0000426 seconds
2016-03-04T15:03:46.372+0000: 13201.255: Total time for which application threads were stopped: 0.0004114 seconds, Stopping threads took: 0.0000545 seconds
2016-03-04T15:04:52.787+0000: 13267.673: Total time for which application threads were stopped: 0.0004296 seconds, Stopping threads took: 0.0000513 seconds
2016-03-04T15:05:58.958+0000: 13333.851: Total time for which application threads were stopped: 0.0003830 seconds, Stopping threads took: 0.0000553 seconds
2016-03-04T15:07:02.980+0000: 13397.875: Total time for which application threads were stopped: 0.0004146 seconds, Stopping threads took: 0.0000497 seconds
2016-03-04T15:08:10.669+0000: 13465.566: Total time for which application threads were stopped: 0.0004011 seconds, Stopping threads took: 0.0000545 seconds
2016-03-04T15:09:17.272+0000: 13532.175: Total time for which application threads were stopped: 0.0004035 seconds, Stopping threads took: 0.0000450 seconds
2016-03-04T15:10:22.405+0000: 13597.314: Total time for which application threads were stopped: 0.0003948 seconds, Stopping threads took: 0.0000513 seconds
2016-03-04T15:11:29.315+0000: 13664.224: Total time for which application threads were stopped: 0.0003885 seconds, Stopping threads took: 0.0000458 seconds
2016-03-04T15:12:33.895+0000: 13728.807: Total time for which application threads were stopped: 0.0003790 seconds, Stopping threads took: 0.0000529 seconds
2016-03-04T15:13:40.850+0000: 13795.764: Total time for which application threads were stopped: 0.0004240 seconds, Stopping threads took: 0.0000505 seconds
2016-03-04T15:14:46.907+0000: 13861.824: Total time for which application threads were stopped: 0.0003980 seconds, Stopping threads took: 0.0000600 seconds
2016-03-04T15:15:52.212+0000: 13927.130: Total time for which application threads were stopped: 0.0004090 seconds, Stopping threads took: 0.0000490 seconds
2016-03-04T15:16:59.822+0000: 13994.743: Total time for which application threads were stopped: 0.0004161 seconds, Stopping threads took: 0.0000545 seconds
2016-03-04T15:18:06.650+0000: 14061.572: Total time for which application threads were stopped: 0.0004256 seconds, Stopping threads took: 0.0000592 seconds
2016-03-04T15:19:12.110+0000: 14127.033: Total time for which application threads were stopped: 0.0003988 seconds, Stopping threads took: 0.0000529 seconds
2016-03-04T15:20:18.497+0000: 14193.428: Total time for which application threads were stopped: 0.0004106 seconds, Stopping threads took: 0.0000497 seconds
2016-03-04T15:21:26.485+0000: 14261.423: Total time for which application threads were stopped: 0.0004698 seconds, Stopping threads took: 0.0000490 seconds
2016-03-04T15:21:50.492+0000: 14285.428: Total time for which application threads were stopped: 0.0001848 seconds, Stopping threads took: 0.0000521 seconds
2016-03-04T15:21:52.492+0000: 14287.428: Total time for which application threads were stopped: 0.0002029 seconds, Stopping threads took: 0.0000592 seconds
2016-03-04T15:22:31.716+0000: 14326.661: Total time for which application threads were stopped: 0.0009278 seconds, Stopping threads took: 0.0005583 seconds
2016-03-04T15:23:36.956+0000: 14391.905: Total time for which application threads were stopped: 0.0004090 seconds, Stopping threads took: 0.0000616 seconds
2016-03-04T15:24:41.157+0000: 14456.108: Total time for which application threads were stopped: 0.0004027 seconds, Stopping threads took: 0.0000505 seconds
2016-03-04T15:25:49.001+0000: 14523.955: Total time for which application threads were stopped: 0.0003775 seconds, Stopping threads took: 0.0000482 seconds
2016-03-04T15:26:55.213+0000: 14590.170: Total time for which application threads were stopped: 0.0004359 seconds, Stopping threads took: 0.0000553 seconds
2016-03-04T15:28:02.960+0000: 14657.919: Total time for which application threads were stopped: 0.0004651 seconds, Stopping threads took: 0.0000640 seconds
2016-03-04T15:29:09.016+0000: 14723.985: Total time for which application threads were stopped: 0.0003932 seconds, Stopping threads took: 0.0000505 seconds
2016-03-04T15:30:15.618+0000: 14790.591: Total time for which application threads were stopped: 0.0004233 seconds, Stopping threads took: 0.0000529 seconds
2016-03-04T15:31:23.630+0000: 14858.605: Total time for which application threads were stopped: 0.0001998 seconds, Stopping threads took: 0.0000576 seconds
2016-03-04T15:31:24.868+0000: 14859.844: Total time for which application threads were stopped: 0.0003830 seconds, Stopping threads took: 0.0000474 seconds
{Heap before GC invocations=15 (full 1):
 par new generation   total 109248K, used 101058K [0x00000000e0000000, 0x00000000e8000000, 0x00000000e8000000)
  eden space 87424K, 100% used [0x00000000e0000000, 0x00000000e5560000, 0x00000000e5560000)
  from space 21824K,  62% used [0x00000000e6ab0000, 0x00000000e7800a50, 0x00000000e8000000)
  to   space 21824K,   0% used [0x00000000e5560000, 0x00000000e5560000, 0x00000000e6ab0000)
 concurrent mark-sweep generation total 393216K, used 7525K [0x00000000e8000000, 0x0000000100000000, 0x0000000100000000)
 Metaspace       used 31298K, capacity 31726K, committed 32068K, reserved 1077248K
  class space    used 3651K, capacity 3835K, committed 3936K, reserved 1048576K
2016-03-04T15:31:54.838+0000: 14889.813: [GC (Allocation Failure) 2016-03-04T15:31:54.884+0000: 14889.860: [ParNew
Desired survivor size 20112992 bytes, new threshold 8 (max 8)
- age   1:     127144 bytes,     127144 total
- age   2:       2504 bytes,     129648 total
- age   3:      10640 bytes,     140288 total
- age   4:    2307536 bytes,    2447824 total
- age   5:      75912 bytes,    2523736 total
- age   6:    3076152 bytes,    5599888 total
- age   7:      77992 bytes,    5677880 total
- age   8:    1911536 bytes,    7589416 total
: 101058K->9347K(109248K), 9.3429558 secs] 108584K->18368K(502464K), 9.4008580 secs] [Times: user=0.09 sys=0.09, real=9.40 secs] 
Heap after GC invocations=16 (full 1):
 par new generation   total 109248K, used 9347K [0x00000000e0000000, 0x00000000e8000000, 0x00000000e8000000)
  eden space 87424K,   0% used [0x00000000e0000000, 0x00000000e0000000, 0x00000000e5560000)
  from space 21824K,  42% used [0x00000000e5560000, 0x00000000e5e80cd0, 0x00000000e6ab0000)
  to   space 21824K,   0% used [0x00000000e6ab0000, 0x00000000e6ab0000, 0x00000000e8000000)
 concurrent mark-sweep generation total 393216K, used 9021K [0x00000000e8000000, 0x0000000100000000, 0x0000000100000000)
 Metaspace       used 31298K, capacity 31726K, committed 32068K, reserved 1077248K
  class space    used 3651K, capacity 3835K, committed 3936K, reserved 1048576K
}
2016-03-04T15:32:04.239+0000: 14899.214: Total time for which application threads were stopped: 9.4483463 seconds, Stopping threads took: 0.0000442 seconds
2016-03-04T15:32:41.694+0000: 14936.669: Total time for which application threads were stopped: 0.0125176 seconds, Stopping threads took: 0.0000561 seconds
2016-03-04T15:33:49.111+0000: 15004.097: Total time for which application threads were stopped: 0.1060680 seconds, Stopping threads took: 0.0000497 seconds
2016-03-04T15:34:54.540+0000: 15069.528: Total time for which application threads were stopped: 0.0004011 seconds, Stopping threads took: 0.0000474 seconds
2016-03-04T15:36:03.468+0000: 15138.462: Total time for which application threads were stopped: 0.0003909 seconds, Stopping threads took: 0.0000505 seconds
2016-03-04T15:37:08.525+0000: 15203.524: Total time for which application threads were stopped: 0.0004122 seconds, Stopping threads took: 0.0000434 seconds
2016-03-04T15:38:16.326+0000: 15271.327: Total time for which application threads were stopped: 0.0186619 seconds, Stopping threads took: 0.0182489 seconds
2016-03-04T15:39:23.826+0000: 15338.828: Total time for which application threads were stopped: 0.0004256 seconds, Stopping threads took: 0.0000616 seconds
2016-03-04T15:40:27.813+0000: 15402.816: Total time for which application threads were stopped: 0.0004161 seconds, Stopping threads took: 0.0000529 seconds
2016-03-04T15:41:37.244+0000: 15472.249: Total time for which application threads were stopped: 0.0004414 seconds, Stopping threads took: 0.0000521 seconds
2016-03-04T15:42:41.965+0000: 15536.975: Total time for which application threads were stopped: 0.0004098 seconds, Stopping threads took: 0.0000513 seconds
2016-03-04T15:43:50.187+0000: 15605.198: Total time for which application threads were stopped: 0.0004075 seconds, Stopping threads took: 0.0000466 seconds
2016-03-04T15:44:59.965+0000: 15674.979: Total time for which application threads were stopped: 0.0003988 seconds, Stopping threads took: 0.0000529 seconds
2016-03-04T15:46:10.517+0000: 15745.532: Total time for which application threads were stopped: 0.0004248 seconds, Stopping threads took: 0.0000513 seconds
2016-03-04T15:47:16.652+0000: 15811.670: Total time for which application threads were stopped: 0.0003964 seconds, Stopping threads took: 0.0000474 seconds
2016-03-04T15:48:20.734+0000: 15875.753: Total time for which application threads were stopped: 0.0004359 seconds, Stopping threads took: 0.0000505 seconds
2016-03-04T15:49:29.920+0000: 15944.947: Total time for which application threads were stopped: 0.0004130 seconds, Stopping threads took: 0.0000632 seconds
2016-03-04T15:50:35.214+0000: 16010.241: Total time for which application threads were stopped: 0.0005670 seconds, Stopping threads took: 0.0000576 seconds
2016-03-04T15:51:41.695+0000: 16076.724: Total time for which application threads were stopped: 0.0003909 seconds, Stopping threads took: 0.0000490 seconds
2016-03-04T15:52:47.152+0000: 16142.180: Total time for which application threads were stopped: 0.0004375 seconds, Stopping threads took: 0.0000561 seconds
2016-03-04T15:53:54.815+0000: 16209.844: Total time for which application threads were stopped: 0.0003854 seconds, Stopping threads took: 0.0000466 seconds
2016-03-04T15:55:02.134+0000: 16277.169: Total time for which application threads were stopped: 0.0004288 seconds, Stopping threads took: 0.0000600 seconds
2016-03-04T15:56:09.197+0000: 16344.234: Total time for which application threads were stopped: 0.0004248 seconds, Stopping threads took: 0.0000521 seconds
2016-03-04T15:57:15.912+0000: 16410.952: Total time for which application threads were stopped: 0.0004296 seconds, Stopping threads took: 0.0000545 seconds
2016-03-04T15:58:22.023+0000: 16477.067: Total time for which application threads were stopped: 0.0004098 seconds, Stopping threads took: 0.0000450 seconds
2016-03-04T15:59:27.905+0000: 16542.953: Total time for which application threads were stopped: 0.0004225 seconds, Stopping threads took: 0.0000569 seconds
2016-03-04T16:00:32.575+0000: 16607.625: Total time for which application threads were stopped: 0.0004169 seconds, Stopping threads took: 0.0000505 seconds
2016-03-04T16:01:39.796+0000: 16674.846: Total time for which application threads were stopped: 0.0004319 seconds, Stopping threads took: 0.0000569 seconds
2016-03-04T16:02:46.918+0000: 16741.973: Total time for which application threads were stopped: 0.0004296 seconds, Stopping threads took: 0.0000521 seconds
2016-03-04T16:03:54.902+0000: 16809.960: Total time for which application threads were stopped: 0.0004098 seconds, Stopping threads took: 0.0000608 seconds
2016-03-04T16:05:00.619+0000: 16875.678: Total time for which application threads were stopped: 0.0004446 seconds, Stopping threads took: 0.0000632 seconds
2016-03-04T16:06:06.297+0000: 16941.359: Total time for which application threads were stopped: 0.0004146 seconds, Stopping threads took: 0.0000553 seconds
2016-03-04T16:07:12.158+0000: 17007.225: Total time for which application threads were stopped: 0.0004217 seconds, Stopping threads took: 0.0000584 seconds
2016-03-04T16:08:22.221+0000: 17077.299: Total time for which application threads were stopped: 0.0004612 seconds, Stopping threads took: 0.0000553 seconds
2016-03-04T16:09:29.891+0000: 17144.972: Total time for which application threads were stopped: 0.0004319 seconds, Stopping threads took: 0.0000553 seconds
2016-03-04T16:10:37.018+0000: 17212.101: Total time for which application threads were stopped: 0.0004027 seconds, Stopping threads took: 0.0000529 seconds
2016-03-04T16:11:42.808+0000: 17277.895: Total time for which application threads were stopped: 0.0005836 seconds, Stopping threads took: 0.0002124 seconds
2016-03-04T16:12:53.028+0000: 17348.118: Total time for which application threads were stopped: 0.0004090 seconds, Stopping threads took: 0.0000561 seconds
2016-03-04T16:14:00.289+0000: 17415.383: Total time for which application threads were stopped: 0.0004051 seconds, Stopping threads took: 0.0000450 seconds
2016-03-04T16:15:05.923+0000: 17481.019: Total time for which application threads were stopped: 0.0004098 seconds, Stopping threads took: 0.0000608 seconds
2016-03-04T16:16:12.259+0000: 17547.355: Total time for which application threads were stopped: 0.0004422 seconds, Stopping threads took: 0.0000608 seconds
2016-03-04T16:17:17.967+0000: 17613.063: Total time for which application threads were stopped: 0.0003932 seconds, Stopping threads took: 0.0000521 seconds
2016-03-04T16:18:24.571+0000: 17679.678: Total time for which application threads were stopped: 0.0004169 seconds, Stopping threads took: 0.0000569 seconds
2016-03-04T16:19:30.944+0000: 17746.055: Total time for which application threads were stopped: 0.0004256 seconds, Stopping threads took: 0.0000608 seconds
2016-03-04T16:20:37.969+0000: 17813.083: Total time for which application threads were stopped: 0.0004312 seconds, Stopping threads took: 0.0000490 seconds
2016-03-04T16:21:44.175+0000: 17879.294: Total time for which application threads were stopped: 0.0004691 seconds, Stopping threads took: 0.0000537 seconds
2016-03-04T16:22:50.531+0000: 17945.653: Total time for which application threads were stopped: 0.0004240 seconds, Stopping threads took: 0.0000466 seconds
2016-03-04T16:23:56.902+0000: 18012.024: Total time for which application threads were stopped: 0.0004209 seconds, Stopping threads took: 0.0000561 seconds
2016-03-04T16:25:01.879+0000: 18077.000: Total time for which application threads were stopped: 0.0003932 seconds, Stopping threads took: 0.0000482 seconds
2016-03-04T16:26:06.846+0000: 18141.970: Total time for which application threads were stopped: 0.0004083 seconds, Stopping threads took: 0.0000529 seconds
2016-03-04T16:27:12.228+0000: 18207.352: Total time for which application threads were stopped: 0.0004035 seconds, Stopping threads took: 0.0000466 seconds
2016-03-04T16:28:20.222+0000: 18275.345: Total time for which application threads were stopped: 0.0004777 seconds, Stopping threads took: 0.0000632 seconds
2016-03-04T16:29:27.562+0000: 18342.689: Total time for which application threads were stopped: 0.0004343 seconds, Stopping threads took: 0.0000553 seconds
2016-03-04T16:30:32.450+0000: 18407.578: Total time for which application threads were stopped: 0.0004122 seconds, Stopping threads took: 0.0000513 seconds
2016-03-04T16:31:39.539+0000: 18474.669: Total time for which application threads were stopped: 0.0004856 seconds, Stopping threads took: 0.0000521 seconds
2016-03-04T16:32:47.083+0000: 18542.215: Total time for which application threads were stopped: 0.0004106 seconds, Stopping threads took: 0.0000458 seconds
2016-03-04T16:33:51.851+0000: 18606.984: Total time for which application threads were stopped: 0.0004098 seconds, Stopping threads took: 0.0000505 seconds
2016-03-04T16:34:58.918+0000: 18674.054: Total time for which application threads were stopped: 0.0004185 seconds, Stopping threads took: 0.0000490 seconds
2016-03-04T16:36:02.686+0000: 18737.823: Total time for which application threads were stopped: 0.0004004 seconds, Stopping threads took: 0.0000513 seconds
2016-03-04T16:37:09.248+0000: 18804.386: Total time for which application threads were stopped: 0.0004051 seconds, Stopping threads took: 0.0000490 seconds
2016-03-04T16:38:15.668+0000: 18870.807: Total time for which application threads were stopped: 0.0004051 seconds, Stopping threads took: 0.0000537 seconds
2016-03-04T16:39:19.759+0000: 18934.898: Total time for which application threads were stopped: 0.0006167 seconds, Stopping threads took: 0.0000497 seconds
2016-03-04T16:40:24.928+0000: 19000.067: Total time for which application threads were stopped: 0.0004714 seconds, Stopping threads took: 0.0000537 seconds
2016-03-04T16:41:27.539+0000: 19062.679: Total time for which application threads were stopped: 0.0003940 seconds, Stopping threads took: 0.0000490 seconds
2016-03-04T16:42:33.515+0000: 19128.656: Total time for which application threads were stopped: 0.0004375 seconds, Stopping threads took: 0.0000592 seconds
2016-03-04T16:43:36.520+0000: 19191.663: Total time for which application threads were stopped: 0.0003925 seconds, Stopping threads took: 0.0000458 seconds
2016-03-04T16:44:44.611+0000: 19259.758: Total time for which application threads were stopped: 0.0004240 seconds, Stopping threads took: 0.0000569 seconds
2016-03-04T16:45:51.219+0000: 19326.370: Total time for which application threads were stopped: 0.0004675 seconds, Stopping threads took: 0.0000545 seconds
2016-03-04T16:46:57.268+0000: 19392.418: Total time for which application threads were stopped: 0.0004019 seconds, Stopping threads took: 0.0000529 seconds
2016-03-04T16:48:04.881+0000: 19460.032: Total time for which application threads were stopped: 0.0004130 seconds, Stopping threads took: 0.0000482 seconds
2016-03-04T16:49:12.898+0000: 19528.055: Total time for which application threads were stopped: 0.0004280 seconds, Stopping threads took: 0.0000569 seconds
2016-03-04T16:50:18.917+0000: 19594.075: Total time for which application threads were stopped: 0.0003996 seconds, Stopping threads took: 0.0000474 seconds
2016-03-04T16:51:27.261+0000: 19662.424: Total time for which application threads were stopped: 0.0004209 seconds, Stopping threads took: 0.0000584 seconds
2016-03-04T16:52:33.591+0000: 19728.755: Total time for which application threads were stopped: 0.0006657 seconds, Stopping threads took: 0.0000592 seconds
2016-03-04T16:53:40.895+0000: 19796.059: Total time for which application threads were stopped: 0.0004777 seconds, Stopping threads took: 0.0000561 seconds
2016-03-04T16:54:44.481+0000: 19859.648: Total time for which application threads were stopped: 0.0004683 seconds, Stopping threads took: 0.0000545 seconds
2016-03-04T16:55:53.461+0000: 19928.630: Total time for which application threads were stopped: 0.0004525 seconds, Stopping threads took: 0.0000616 seconds
{Heap before GC invocations=16 (full 1):
 par new generation   total 109248K, used 96771K [0x00000000e0000000, 0x00000000e8000000, 0x00000000e8000000)
  eden space 87424K, 100% used [0x00000000e0000000, 0x00000000e5560000, 0x00000000e5560000)
  from space 21824K,  42% used [0x00000000e5560000, 0x00000000e5e80cd0, 0x00000000e6ab0000)
  to   space 21824K,   0% used [0x00000000e6ab0000, 0x00000000e6ab0000, 0x00000000e8000000)
 concurrent mark-sweep generation total 393216K, used 9021K [0x00000000e8000000, 0x0000000100000000, 0x0000000100000000)
 Metaspace       used 31298K, capacity 31726K, committed 32068K, reserved 1077248K
  class space    used 3651K, capacity 3835K, committed 3936K, reserved 1048576K
2016-03-04T16:56:12.419+0000: 19947.589: [GC (Allocation Failure) 2016-03-04T16:56:12.440+0000: 19947.609: [ParNew
Desired survivor size 20112992 bytes, new threshold 8 (max 8)
- age   1:     132184 bytes,     132184 total
- age   2:       4536 bytes,     136720 total
- age   3:       2504 bytes,     139224 total
- age   4:      10640 bytes,     149864 total
- age   5:    2241968 bytes,    2391832 total
- age   6:      75912 bytes,    2467744 total
- age   7:    3076152 bytes,    5543896 total
- age   8:      77992 bytes,    5621888 total
: 96771K->9823K(109248K), 13.7762426 secs] 105792K->20748K(502464K), 13.8080262 secs] [Times: user=0.33 sys=0.06, real=13.81 secs] 
Heap after GC invocations=17 (full 1):
 par new generation   total 109248K, used 9823K [0x00000000e0000000, 0x00000000e8000000, 0x00000000e8000000)
  eden space 87424K,   0% used [0x00000000e0000000, 0x00000000e0000000, 0x00000000e5560000)
  from space 21824K,  45% used [0x00000000e6ab0000, 0x00000000e7447f80, 0x00000000e8000000)
  to   space 21824K,   0% used [0x00000000e5560000, 0x00000000e5560000, 0x00000000e6ab0000)
 concurrent mark-sweep generation total 393216K, used 10924K [0x00000000e8000000, 0x0000000100000000, 0x0000000100000000)
 Metaspace       used 31298K, capacity 31726K, committed 32068K, reserved 1077248K
  class space    used 3651K, capacity 3835K, committed 3936K, reserved 1048576K
}
2016-03-04T16:56:26.224+0000: 19961.397: Total time for which application threads were stopped: 13.8512693 seconds, Stopping threads took: 0.0000442 seconds
2016-03-04T16:57:07.654+0000: 20002.822: Total time for which application threads were stopped: 0.0004304 seconds, Stopping threads took: 0.0000561 seconds
2016-03-04T16:58:14.309+0000: 20069.481: Total time for which application threads were stopped: 0.0004256 seconds, Stopping threads took: 0.0000845 seconds
2016-03-04T16:59:20.543+0000: 20135.717: Total time for which application threads were stopped: 0.0004225 seconds, Stopping threads took: 0.0000521 seconds
2016-03-04T17:00:26.223+0000: 20201.402: Total time for which application threads were stopped: 0.0003743 seconds, Stopping threads took: 0.0000474 seconds
2016-03-04T17:01:31.619+0000: 20266.804: Total time for which application threads were stopped: 0.0004501 seconds, Stopping threads took: 0.0000576 seconds
2016-03-04T17:02:35.389+0000: 20330.572: Total time for which application threads were stopped: 0.0003775 seconds, Stopping threads took: 0.0000458 seconds
2016-03-04T17:03:38.473+0000: 20393.663: Total time for which application threads were stopped: 0.0004146 seconds, Stopping threads took: 0.0000505 seconds
2016-03-04T17:04:45.531+0000: 20460.719: Total time for which application threads were stopped: 0.0003972 seconds, Stopping threads took: 0.0000561 seconds
2016-03-04T17:05:51.708+0000: 20526.896: Total time for which application threads were stopped: 0.0004177 seconds, Stopping threads took: 0.0000513 seconds
2016-03-04T17:06:58.798+0000: 20593.989: Total time for which application threads were stopped: 0.0003790 seconds, Stopping threads took: 0.0000466 seconds
2016-03-04T17:08:05.288+0000: 20660.481: Total time for which application threads were stopped: 0.0004035 seconds, Stopping threads took: 0.0000521 seconds
2016-03-04T17:09:10.120+0000: 20725.314: Total time for which application threads were stopped: 0.0003854 seconds, Stopping threads took: 0.0000490 seconds
2016-03-04T17:10:14.309+0000: 20789.503: Total time for which application threads were stopped: 0.0004114 seconds, Stopping threads took: 0.0000529 seconds
2016-03-04T17:11:20.617+0000: 20855.812: Total time for which application threads were stopped: 0.0004075 seconds, Stopping threads took: 0.0000521 seconds
2016-03-04T17:12:25.267+0000: 20920.469: Total time for which application threads were stopped: 0.0005891 seconds, Stopping threads took: 0.0000561 seconds
2016-03-04T17:13:31.253+0000: 20986.457: Total time for which application threads were stopped: 0.0003932 seconds, Stopping threads took: 0.0000474 seconds
2016-03-04T17:14:37.356+0000: 21052.560: Total time for which application threads were stopped: 0.0004501 seconds, Stopping threads took: 0.0000640 seconds
2016-03-04T17:15:42.279+0000: 21117.494: Total time for which application threads were stopped: 0.0004177 seconds, Stopping threads took: 0.0000584 seconds
2016-03-04T17:16:47.029+0000: 21182.239: Total time for which application threads were stopped: 0.0004430 seconds, Stopping threads took: 0.0000576 seconds
2016-03-04T17:17:54.439+0000: 21249.650: Total time for which application threads were stopped: 0.0004027 seconds, Stopping threads took: 0.0000505 seconds
2016-03-04T17:19:01.860+0000: 21317.075: Total time for which application threads were stopped: 0.0004225 seconds, Stopping threads took: 0.0000576 seconds
2016-03-04T17:20:11.168+0000: 21386.383: Total time for which application threads were stopped: 0.0003869 seconds, Stopping threads took: 0.0000434 seconds
2016-03-04T17:21:17.687+0000: 21452.904: Total time for which application threads were stopped: 0.0003964 seconds, Stopping threads took: 0.0000537 seconds
2016-03-04T17:22:24.948+0000: 21520.174: Total time for which application threads were stopped: 0.0004011 seconds, Stopping threads took: 0.0000466 seconds
2016-03-04T17:23:30.760+0000: 21585.987: Total time for which application threads were stopped: 0.0003980 seconds, Stopping threads took: 0.0000537 seconds
2016-03-04T17:24:38.189+0000: 21653.416: Total time for which application threads were stopped: 0.0004035 seconds, Stopping threads took: 0.0000474 seconds
2016-03-04T17:25:45.886+0000: 21721.115: Total time for which application threads were stopped: 0.0004114 seconds, Stopping threads took: 0.0000545 seconds
2016-03-04T17:26:50.342+0000: 21785.574: Total time for which application threads were stopped: 0.0004154 seconds, Stopping threads took: 0.0000569 seconds
2016-03-04T17:27:57.097+0000: 21852.331: Total time for which application threads were stopped: 0.0004019 seconds, Stopping threads took: 0.0000553 seconds
2016-03-04T17:29:03.498+0000: 21918.737: Total time for which application threads were stopped: 0.0005204 seconds, Stopping threads took: 0.0000537 seconds
2016-03-04T17:30:07.976+0000: 21983.225: Total time for which application threads were stopped: 0.0095059 seconds, Stopping threads took: 0.0000632 seconds
2016-03-04T17:31:12.122+0000: 22047.374: Total time for which application threads were stopped: 0.0004130 seconds, Stopping threads took: 0.0000584 seconds
2016-03-04T17:32:20.043+0000: 22115.296: Total time for which application threads were stopped: 0.0003917 seconds, Stopping threads took: 0.0000513 seconds
2016-03-04T17:33:28.696+0000: 22183.963: Total time for which application threads were stopped: 0.0004193 seconds, Stopping threads took: 0.0000537 seconds
2016-03-04T17:34:31.422+0000: 22246.689: Total time for which application threads were stopped: 0.0003814 seconds, Stopping threads took: 0.0000497 seconds
2016-03-04T17:35:35.227+0000: 22310.493: Total time for which application threads were stopped: 0.0004138 seconds, Stopping threads took: 0.0000624 seconds
2016-03-04T17:36:42.654+0000: 22377.921: Total time for which application threads were stopped: 0.0004762 seconds, Stopping threads took: 0.0000726 seconds
2016-03-04T17:37:47.310+0000: 22442.581: Total time for which application threads were stopped: 0.0007557 seconds, Stopping threads took: 0.0000553 seconds
2016-03-04T17:38:52.407+0000: 22507.681: Total time for which application threads were stopped: 0.0003790 seconds, Stopping threads took: 0.0000482 seconds
2016-03-04T17:39:59.511+0000: 22574.785: Total time for which application threads were stopped: 0.0004075 seconds, Stopping threads took: 0.0000513 seconds
2016-03-04T17:41:04.962+0000: 22640.237: Total time for which application threads were stopped: 0.0004035 seconds, Stopping threads took: 0.0000482 seconds
2016-03-04T17:42:10.210+0000: 22705.488: Total time for which application threads were stopped: 0.0004177 seconds, Stopping threads took: 0.0000521 seconds
2016-03-04T17:43:14.639+0000: 22769.919: Total time for which application threads were stopped: 0.0004011 seconds, Stopping threads took: 0.0000490 seconds
2016-03-04T17:44:19.601+0000: 22834.886: Total time for which application threads were stopped: 0.0004004 seconds, Stopping threads took: 0.0000474 seconds
2016-03-04T17:45:24.656+0000: 22899.943: Total time for which application threads were stopped: 0.0003932 seconds, Stopping threads took: 0.0000521 seconds
2016-03-04T17:46:30.495+0000: 22965.782: Total time for which application threads were stopped: 0.0003932 seconds, Stopping threads took: 0.0000497 seconds
2016-03-04T17:47:33.836+0000: 23029.124: Total time for which application threads were stopped: 0.0003861 seconds, Stopping threads took: 0.0000458 