Java HotSpot(TM) 64-Bit Server VM (25.73-b02) for windows-amd64 JRE (1.8.0_73-b02), built on Jan 29 2016 17:38:49 by "java_re" with MS VC++ 10.0 (VS2010)
Memory: 4k page, physical 4027256k(1047256k free), swap 8052676k(1484496k free)
CommandLine flags: -XX:CMSInitiatingOccupancyFraction=50 -XX:CMSMaxAbortablePrecleanTime=6000 -XX:+CMSParallelRemarkEnabled -XX:+CMSScavengeBeforeRemark -XX:ConcGCThreads=4 -XX:InitialHeapSize=536870912 -XX:MaxHeapSize=536870912 -XX:MaxTenuringThreshold=8 -XX:NewRatio=3 -XX:OldPLABSize=16 -XX:ParallelGCThreads=4 -XX:+ParallelRefProcEnabled -XX:PretenureSizeThreshold=67108864 -XX:+PrintGC -XX:+PrintGCApplicationStoppedTime -XX:+PrintGCDateStamps -XX:+PrintGCDetails -XX:+PrintGCTimeStamps -XX:+PrintHeapAtGC -XX:+PrintTenuringDistribution -XX:SurvivorRatio=4 -XX:TargetSurvivorRatio=90 -XX:ThreadStackSize=256 -XX:+UseCMSInitiatingOccupancyOnly -XX:+UseCompressedClassPointers -XX:+UseCompressedOops -XX:+UseConcMarkSweepGC -XX:-UseLargePagesIndividualAllocation -XX:+UseParNewGC 
2016-03-04T11:23:34.215+0000: 1.085: Total time for which application threads were stopped: 0.0011940 seconds, Stopping threads took: 0.0010534 seconds
2016-03-04T11:23:35.156+0000: 2.025: Total time for which application threads were stopped: 0.0002637 seconds, Stopping threads took: 0.0000411 seconds
2016-03-04T11:23:35.239+0000: 2.109: Total time for which application threads were stopped: 0.0002029 seconds, Stopping threads took: 0.0000497 seconds
2016-03-04T11:23:36.239+0000: 3.109: Total time for which application threads were stopped: 0.0009002 seconds, Stopping threads took: 0.0007660 seconds
2016-03-04T11:23:36.435+0000: 3.305: Total time for which application threads were stopped: 0.0002795 seconds, Stopping threads took: 0.0000505 seconds
2016-03-04T11:23:36.651+0000: 3.521: Total time for which application threads were stopped: 0.0003016 seconds, Stopping threads took: 0.0000513 seconds
2016-03-04T11:23:36.678+0000: 3.548: Total time for which application threads were stopped: 0.0002780 seconds, Stopping threads took: 0.0000490 seconds
2016-03-04T11:23:37.681+0000: 4.551: Total time for which application threads were stopped: 0.0001674 seconds, Stopping threads took: 0.0000561 seconds
2016-03-04T11:23:37.781+0000: 4.651: Total time for which application threads were stopped: 0.0278180 seconds, Stopping threads took: 0.0275313 seconds
{Heap before GC invocations=0 (full 0):
 par new generation   total 109248K, used 87424K [0x00000000e0000000, 0x00000000e8000000, 0x00000000e8000000)
  eden space 87424K, 100% used [0x00000000e0000000, 0x00000000e5560000, 0x00000000e5560000)
  from space 21824K,   0% used [0x00000000e5560000, 0x00000000e5560000, 0x00000000e6ab0000)
  to   space 21824K,   0% used [0x00000000e6ab0000, 0x00000000e6ab0000, 0x00000000e8000000)
 concurrent mark-sweep generation total 393216K, used 0K [0x00000000e8000000, 0x0000000100000000, 0x0000000100000000)
 Metaspace       used 10145K, capacity 10350K, committed 10496K, reserved 1058816K
  class space    used 1148K, capacity 1213K, committed 1280K, reserved 1048576K
2016-03-04T11:23:38.238+0000: 5.108: [GC (Allocation Failure) 2016-03-04T11:23:38.238+0000: 5.108: [ParNew
Desired survivor size 20112992 bytes, new threshold 8 (max 8)
- age   1:    5633032 bytes,    5633032 total
: 87424K->5567K(109248K), 0.0216271 secs] 87424K->5567K(502464K), 0.0220653 secs] [Times: user=0.01 sys=0.03, real=0.03 secs] 
Heap after GC invocations=1 (full 0):
 par new generation   total 109248K, used 5567K [0x00000000e0000000, 0x00000000e8000000, 0x00000000e8000000)
  eden space 87424K,   0% used [0x00000000e0000000, 0x00000000e0000000, 0x00000000e5560000)
  from space 21824K,  25% used [0x00000000e6ab0000, 0x00000000e701fd38, 0x00000000e8000000)
  to   space 21824K,   0% used [0x00000000e5560000, 0x00000000e5560000, 0x00000000e6ab0000)
 concurrent mark-sweep generation total 393216K, used 0K [0x00000000e8000000, 0x0000000100000000, 0x0000000100000000)
 Metaspace       used 10145K, capacity 10350K, committed 10496K, reserved 1058816K
  class space    used 1148K, capacity 1213K, committed 1280K, reserved 1048576K
}
2016-03-04T11:23:38.258+0000: 5.130: Total time for which application threads were stopped: 0.0224807 seconds, Stopping threads took: 0.0000450 seconds
2016-03-04T11:23:38.258+0000: 5.132: Total time for which application threads were stopped: 0.0007802 seconds, Stopping threads took: 0.0006396 seconds
2016-03-04T11:23:38.258+0000: 5.133: Total time for which application threads were stopped: 0.0006412 seconds, Stopping threads took: 0.0005520 seconds
2016-03-04T11:23:38.258+0000: 5.135: Total time for which application threads were stopped: 0.0002306 seconds, Stopping threads took: 0.0000774 seconds
2016-03-04T11:23:38.258+0000: 5.135: Total time for which application threads were stopped: 0.0001840 seconds, Stopping threads took: 0.0000616 seconds
2016-03-04T11:23:38.258+0000: 5.136: Total time for which application threads were stopped: 0.0007328 seconds, Stopping threads took: 0.0006080 seconds
2016-03-04T11:23:38.258+0000: 5.136: Total time for which application threads were stopped: 0.0002401 seconds, Stopping threads took: 0.0001469 seconds
2016-03-04T11:23:38.258+0000: 5.137: Total time for which application threads were stopped: 0.0006191 seconds, Stopping threads took: 0.0004746 seconds
2016-03-04T11:23:38.268+0000: 5.139: Total time for which application threads were stopped: 0.0013203 seconds, Stopping threads took: 0.0011647 seconds
2016-03-04T11:23:38.268+0000: 5.139: Total time for which application threads were stopped: 0.0001611 seconds, Stopping threads took: 0.0000332 seconds
2016-03-04T11:23:38.268+0000: 5.139: Total time for which application threads were stopped: 0.0001540 seconds, Stopping threads took: 0.0000292 seconds
2016-03-04T11:23:38.268+0000: 5.139: Total time for which application threads were stopped: 0.0001485 seconds, Stopping threads took: 0.0000245 seconds
2016-03-04T11:23:38.268+0000: 5.139: Total time for which application threads were stopped: 0.0001532 seconds, Stopping threads took: 0.0000284 seconds
2016-03-04T11:23:38.268+0000: 5.140: Total time for which application threads were stopped: 0.0001556 seconds, Stopping threads took: 0.0000284 seconds
2016-03-04T11:23:38.268+0000: 5.142: Total time for which application threads were stopped: 0.0001950 seconds, Stopping threads took: 0.0000387 seconds
2016-03-04T11:23:38.268+0000: 5.142: Total time for which application threads were stopped: 0.0001556 seconds, Stopping threads took: 0.0000268 seconds
2016-03-04T11:23:38.268+0000: 5.143: Total time for which application threads were stopped: 0.0002993 seconds, Stopping threads took: 0.0001690 seconds
2016-03-04T11:23:38.268+0000: 5.143: Total time for which application threads were stopped: 0.0001556 seconds, Stopping threads took: 0.0000276 seconds
2016-03-04T11:23:38.268+0000: 5.143: Total time for which application threads were stopped: 0.0001524 seconds, Stopping threads took: 0.0000268 seconds
2016-03-04T11:23:38.268+0000: 5.143: Total time for which application threads were stopped: 0.0001571 seconds, Stopping threads took: 0.0000316 seconds
2016-03-04T11:23:38.268+0000: 5.144: Total time for which application threads were stopped: 0.0008347 seconds, Stopping threads took: 0.0005930 seconds
2016-03-04T11:23:38.566+0000: 5.436: Total time for which application threads were stopped: 0.0003356 seconds, Stopping threads took: 0.0000497 seconds
2016-03-04T11:23:38.703+0000: 5.573: Total time for which application threads were stopped: 0.0003474 seconds, Stopping threads took: 0.0000426 seconds
2016-03-04T11:23:39.030+0000: 5.900: Total time for which application threads were stopped: 0.0004296 seconds, Stopping threads took: 0.0000419 seconds
2016-03-04T11:23:39.030+0000: 5.903: Total time for which application threads were stopped: 0.0002029 seconds, Stopping threads took: 0.0000237 seconds
2016-03-04T11:23:39.040+0000: 5.912: Total time for which application threads were stopped: 0.0003285 seconds, Stopping threads took: 0.0000387 seconds
2016-03-04T11:23:39.830+0000: 6.700: Total time for which application threads were stopped: 0.0003048 seconds, Stopping threads took: 0.0000750 seconds
2016-03-04T11:23:39.830+0000: 6.700: Total time for which application threads were stopped: 0.0001477 seconds, Stopping threads took: 0.0000261 seconds
2016-03-04T11:23:39.830+0000: 6.700: Total time for which application threads were stopped: 0.0001121 seconds, Stopping threads took: 0.0000253 seconds
2016-03-04T11:23:39.830+0000: 6.700: Total time for which application threads were stopped: 0.0001074 seconds, Stopping threads took: 0.0000245 seconds
2016-03-04T11:23:39.830+0000: 6.701: Total time for which application threads were stopped: 0.0001121 seconds, Stopping threads took: 0.0000253 seconds
2016-03-04T11:23:39.831+0000: 6.701: Total time for which application threads were stopped: 0.0001477 seconds, Stopping threads took: 0.0000245 seconds
2016-03-04T11:23:39.831+0000: 6.701: Total time for which application threads were stopped: 0.0001192 seconds, Stopping threads took: 0.0000268 seconds
2016-03-04T11:23:39.831+0000: 6.701: Total time for which application threads were stopped: 0.0001098 seconds, Stopping threads took: 0.0000253 seconds
2016-03-04T11:23:39.831+0000: 6.701: Total time for which application threads were stopped: 0.0001098 seconds, Stopping threads took: 0.0000245 seconds
2016-03-04T11:23:39.831+0000: 6.702: Total time for which application threads were stopped: 0.0001074 seconds, Stopping threads took: 0.0000245 seconds
2016-03-04T11:23:39.832+0000: 6.702: Total time for which application threads were stopped: 0.0001224 seconds, Stopping threads took: 0.0000332 seconds
2016-03-04T11:23:39.832+0000: 6.702: Total time for which application threads were stopped: 0.0001192 seconds, Stopping threads took: 0.0000292 seconds
2016-03-04T11:23:39.832+0000: 6.702: Total time for which application threads were stopped: 0.0001074 seconds, Stopping threads took: 0.0000245 seconds
2016-03-04T11:23:39.832+0000: 6.702: Total time for which application threads were stopped: 0.0001066 seconds, Stopping threads took: 0.0000253 seconds
2016-03-04T11:23:39.832+0000: 6.702: Total time for which application threads were stopped: 0.0001058 seconds, Stopping threads took: 0.0000245 seconds
2016-03-04T11:23:39.832+0000: 6.702: Total time for which application threads were stopped: 0.0001066 seconds, Stopping threads took: 0.0000245 seconds
2016-03-04T11:23:39.832+0000: 6.703: Total time for which application threads were stopped: 0.0001058 seconds, Stopping threads took: 0.0000245 seconds
2016-03-04T11:23:39.833+0000: 6.703: Total time for which application threads were stopped: 0.0001050 seconds, Stopping threads took: 0.0000237 seconds
2016-03-04T11:23:39.833+0000: 6.703: Total time for which application threads were stopped: 0.0001184 seconds, Stopping threads took: 0.0000245 seconds
2016-03-04T11:23:39.833+0000: 6.703: Total time for which application threads were stopped: 0.0002377 seconds, Stopping threads took: 0.0000245 seconds
2016-03-04T11:23:39.833+0000: 6.704: Total time for which application threads were stopped: 0.0001248 seconds, Stopping threads took: 0.0000276 seconds
2016-03-04T11:23:39.834+0000: 6.704: Total time for which application threads were stopped: 0.0001106 seconds, Stopping threads took: 0.0000253 seconds
2016-03-04T11:23:39.834+0000: 6.704: Total time for which application threads were stopped: 0.0001090 seconds, Stopping threads took: 0.0000245 seconds
2016-03-04T11:23:39.853+0000: 6.723: Total time for which application threads were stopped: 0.0002014 seconds, Stopping threads took: 0.0000553 seconds
2016-03-04T11:23:39.862+0000: 6.741: Total time for which application threads were stopped: 0.0001658 seconds, Stopping threads took: 0.0000403 seconds
2016-03-04T11:23:40.022+0000: 6.895: Total time for which application threads were stopped: 0.0001793 seconds, Stopping threads took: 0.0000553 seconds
2016-03-04T11:23:40.022+0000: 6.896: Total time for which application threads were stopped: 0.0001327 seconds, Stopping threads took: 0.0000268 seconds
2016-03-04T11:23:40.042+0000: 6.918: Total time for which application threads were stopped: 0.0001729 seconds, Stopping threads took: 0.0000474 seconds
2016-03-04T11:23:40.042+0000: 6.918: Total time for which application threads were stopped: 0.0000948 seconds, Stopping threads took: 0.0000261 seconds
2016-03-04T11:23:40.082+0000: 6.953: Total time for which application threads were stopped: 0.0001935 seconds, Stopping threads took: 0.0000513 seconds
2016-03-04T11:23:40.082+0000: 6.961: Total time for which application threads were stopped: 0.0001516 seconds, Stopping threads took: 0.0000347 seconds
2016-03-04T11:23:40.082+0000: 6.961: Total time for which application threads were stopped: 0.0001129 seconds, Stopping threads took: 0.0000213 seconds
2016-03-04T11:23:40.082+0000: 6.961: Total time for which application threads were stopped: 0.0001034 seconds, Stopping threads took: 0.0000190 seconds
2016-03-04T11:23:40.082+0000: 6.961: Total time for which application threads were stopped: 0.0001034 seconds, Stopping threads took: 0.0000190 seconds
2016-03-04T11:23:40.082+0000: 6.962: Total time for which application threads were stopped: 0.0001019 seconds, Stopping threads took: 0.0000182 seconds
2016-03-04T11:23:40.092+0000: 6.962: Total time for which application threads were stopped: 0.0001169 seconds, Stopping threads took: 0.0000284 seconds
2016-03-04T11:23:40.092+0000: 6.962: Total time for which application threads were stopped: 0.0001106 seconds, Stopping threads took: 0.0000261 seconds
2016-03-04T11:23:40.092+0000: 6.962: Total time for which application threads were stopped: 0.0001129 seconds, Stopping threads took: 0.0000268 seconds
2016-03-04T11:23:40.312+0000: 7.185: Total time for which application threads were stopped: 0.0004841 seconds, Stopping threads took: 0.0003167 seconds
2016-03-04T11:23:40.312+0000: 7.186: Total time for which application threads were stopped: 0.0001319 seconds, Stopping threads took: 0.0000371 seconds
2016-03-04T11:23:40.312+0000: 7.186: Total time for which application threads were stopped: 0.0001169 seconds, Stopping threads took: 0.0000300 seconds
2016-03-04T11:23:40.312+0000: 7.186: Total time for which application threads were stopped: 0.0001216 seconds, Stopping threads took: 0.0000300 seconds
2016-03-04T11:23:40.312+0000: 7.186: Total time for which application threads were stopped: 0.0001161 seconds, Stopping threads took: 0.0000292 seconds
2016-03-04T11:23:40.312+0000: 7.186: Total time for which application threads were stopped: 0.0001192 seconds, Stopping threads took: 0.0000292 seconds
2016-03-04T11:23:40.312+0000: 7.186: Total time for which application threads were stopped: 0.0001287 seconds, Stopping threads took: 0.0000324 seconds
2016-03-04T11:23:40.312+0000: 7.187: Total time for which application threads were stopped: 0.0001406 seconds, Stopping threads took: 0.0000347 seconds
2016-03-04T11:23:40.312+0000: 7.187: Total time for which application threads were stopped: 0.0001453 seconds, Stopping threads took: 0.0000284 seconds
2016-03-04T11:23:40.312+0000: 7.187: Total time for which application threads were stopped: 0.0001587 seconds, Stopping threads took: 0.0000324 seconds
2016-03-04T11:23:40.312+0000: 7.188: Total time for which application threads were stopped: 0.0001445 seconds, Stopping threads took: 0.0000292 seconds
2016-03-04T11:23:40.312+0000: 7.188: Total time for which application threads were stopped: 0.0001106 seconds, Stopping threads took: 0.0000292 seconds
2016-03-04T11:23:40.312+0000: 7.188: Total time for which application threads were stopped: 0.0001721 seconds, Stopping threads took: 0.0000261 seconds
2016-03-04T11:23:40.312+0000: 7.188: Total time for which application threads were stopped: 0.0001161 seconds, Stopping threads took: 0.0000284 seconds
2016-03-04T11:23:40.312+0000: 7.188: Total time for which application threads were stopped: 0.0001066 seconds, Stopping threads took: 0.0000276 seconds
2016-03-04T11:23:40.312+0000: 7.188: Total time for which application threads were stopped: 0.0001074 seconds, Stopping threads took: 0.0000284 seconds
2016-03-04T11:23:40.312+0000: 7.189: Total time for which application threads were stopped: 0.0001066 seconds, Stopping threads took: 0.0000276 seconds
2016-03-04T11:23:40.312+0000: 7.189: Total time for which application threads were stopped: 0.0001074 seconds, Stopping threads took: 0.0000276 seconds
2016-03-04T11:23:40.312+0000: 7.189: Total time for which application threads were stopped: 0.0001042 seconds, Stopping threads took: 0.0000284 seconds
2016-03-04T11:23:40.312+0000: 7.189: Total time for which application threads were stopped: 0.0003009 seconds, Stopping threads took: 0.0000276 seconds
2016-03-04T11:23:40.567+0000: 7.437: Total time for which application threads were stopped: 0.0002416 seconds, Stopping threads took: 0.0000529 seconds
2016-03-04T11:23:40.567+0000: 7.437: Total time for which application threads were stopped: 0.0001145 seconds, Stopping threads took: 0.0000205 seconds
2016-03-04T11:23:40.586+0000: 7.458: Total time for which application threads were stopped: 0.0001477 seconds, Stopping threads took: 0.0000426 seconds
2016-03-04T11:23:40.596+0000: 7.471: Total time for which application threads were stopped: 0.0001508 seconds, Stopping threads took: 0.0000521 seconds
2016-03-04T11:23:40.606+0000: 7.485: Total time for which application threads were stopped: 0.0001627 seconds, Stopping threads took: 0.0000379 seconds
2016-03-04T11:23:40.636+0000: 7.509: Total time for which application threads were stopped: 0.0001658 seconds, Stopping threads took: 0.0000379 seconds
2016-03-04T11:23:40.636+0000: 7.510: Total time for which application threads were stopped: 0.0000892 seconds, Stopping threads took: 0.0000253 seconds
2016-03-04T11:23:40.636+0000: 7.510: Total time for which application threads were stopped: 0.0000766 seconds, Stopping threads took: 0.0000182 seconds
2016-03-04T11:23:40.636+0000: 7.512: Total time for which application threads were stopped: 0.0001485 seconds, Stopping threads took: 0.0000268 seconds
2016-03-04T11:23:40.636+0000: 7.512: Total time for which application threads were stopped: 0.0001192 seconds, Stopping threads took: 0.0000213 seconds
2016-03-04T11:23:40.636+0000: 7.512: Total time for which application threads were stopped: 0.0000892 seconds, Stopping threads took: 0.0000332 seconds
2016-03-04T11:23:40.636+0000: 7.512: Total time for which application threads were stopped: 0.0001098 seconds, Stopping threads took: 0.0000395 seconds
2016-03-04T11:23:40.726+0000: 7.597: Total time for which application threads were stopped: 0.0001635 seconds, Stopping threads took: 0.0000569 seconds
2016-03-04T11:23:40.726+0000: 7.600: Total time for which application threads were stopped: 0.0001374 seconds, Stopping threads took: 0.0000521 seconds
2016-03-04T11:23:40.726+0000: 7.603: Total time for which application threads were stopped: 0.0001240 seconds, Stopping threads took: 0.0000466 seconds
2016-03-04T11:23:40.726+0000: 7.603: Total time for which application threads were stopped: 0.0001066 seconds, Stopping threads took: 0.0000387 seconds
2016-03-04T11:23:40.726+0000: 7.604: Total time for which application threads were stopped: 0.0001050 seconds, Stopping threads took: 0.0000395 seconds
2016-03-04T11:23:40.726+0000: 7.604: Total time for which application threads were stopped: 0.0000884 seconds, Stopping threads took: 0.0000284 seconds
2016-03-04T11:23:40.726+0000: 7.604: Total time for which application threads were stopped: 0.0000916 seconds, Stopping threads took: 0.0000316 seconds
2016-03-04T11:23:40.726+0000: 7.605: Total time for which application threads were stopped: 0.0002416 seconds, Stopping threads took: 0.0000324 seconds
2016-03-04T11:23:40.726+0000: 7.605: Total time for which application threads were stopped: 0.0000955 seconds, Stopping threads took: 0.0000332 seconds
2016-03-04T11:23:40.736+0000: 7.606: Total time for which application threads were stopped: 0.0001642 seconds, Stopping threads took: 0.0000300 seconds
2016-03-04T11:23:40.736+0000: 7.606: Total time for which application threads were stopped: 0.0000932 seconds, Stopping threads took: 0.0000332 seconds
2016-03-04T11:23:40.736+0000: 7.606: Total time for which application threads were stopped: 0.0000877 seconds, Stopping threads took: 0.0000308 seconds
2016-03-04T11:23:40.736+0000: 7.608: Total time for which application threads were stopped: 0.0001161 seconds, Stopping threads took: 0.0000426 seconds
2016-03-04T11:23:40.736+0000: 7.608: Total time for which application threads were stopped: 0.0000845 seconds, Stopping threads took: 0.0000276 seconds
2016-03-04T11:23:40.736+0000: 7.613: Total time for which application threads were stopped: 0.0001864 seconds, Stopping threads took: 0.0000434 seconds
2016-03-04T11:23:40.736+0000: 7.613: Total time for which application threads were stopped: 0.0001224 seconds, Stopping threads took: 0.0000245 seconds
2016-03-04T11:23:40.736+0000: 7.614: Total time for which application threads were stopped: 0.0001161 seconds, Stopping threads took: 0.0000213 seconds
2016-03-04T11:23:40.736+0000: 7.614: Total time for which application threads were stopped: 0.0001177 seconds, Stopping threads took: 0.0000213 seconds
2016-03-04T11:23:40.746+0000: 7.617: Total time for which application threads were stopped: 0.0001271 seconds, Stopping threads took: 0.0000403 seconds
2016-03-04T11:23:40.746+0000: 7.617: Total time for which application threads were stopped: 0.0001706 seconds, Stopping threads took: 0.0000553 seconds
2016-03-04T11:23:40.746+0000: 7.618: Total time for which application threads were stopped: 0.0001248 seconds, Stopping threads took: 0.0000213 seconds
2016-03-04T11:23:40.756+0000: 7.630: Total time for which application threads were stopped: 0.0001406 seconds, Stopping threads took: 0.0000497 seconds
2016-03-04T11:23:40.756+0000: 7.630: Total time for which application threads were stopped: 0.0000853 seconds, Stopping threads took: 0.0000221 seconds
2016-03-04T11:23:40.756+0000: 7.630: Total time for which application threads were stopped: 0.0000782 seconds, Stopping threads took: 0.0000182 seconds
2016-03-04T11:23:40.756+0000: 7.633: Total time for which application threads were stopped: 0.0001564 seconds, Stopping threads took: 0.0000687 seconds
2016-03-04T11:23:40.756+0000: 7.633: Total time for which application threads were stopped: 0.0000790 seconds, Stopping threads took: 0.0000197 seconds
2016-03-04T11:23:40.766+0000: 7.640: Total time for which application threads were stopped: 0.0001256 seconds, Stopping threads took: 0.0000371 seconds
2016-03-04T11:23:40.786+0000: 7.656: Total time for which application threads were stopped: 0.0001887 seconds, Stopping threads took: 0.0000387 seconds
2016-03-04T11:23:40.846+0000: 7.725: Total time for which application threads were stopped: 0.0003569 seconds, Stopping threads took: 0.0000584 seconds
2016-03-04T11:23:40.906+0000: 7.784: Total time for which application threads were stopped: 0.0004138 seconds, Stopping threads took: 0.0000624 seconds
2016-03-04T11:23:40.956+0000: 7.831: Total time for which application threads were stopped: 0.0001453 seconds, Stopping threads took: 0.0000419 seconds
2016-03-04T11:23:40.979+0000: 7.850: Total time for which application threads were stopped: 0.0001587 seconds, Stopping threads took: 0.0000434 seconds
2016-03-04T11:23:41.017+0000: 7.887: Total time for which application threads were stopped: 0.0001548 seconds, Stopping threads took: 0.0000442 seconds
2016-03-04T11:23:41.022+0000: 7.892: Total time for which application threads were stopped: 0.0001406 seconds, Stopping threads took: 0.0000411 seconds
2016-03-04T11:23:41.230+0000: 8.108: Total time for which application threads were stopped: 0.0002377 seconds, Stopping threads took: 0.0000426 seconds
2016-03-04T11:23:41.230+0000: 8.108: Total time for which application threads were stopped: 0.0000892 seconds, Stopping threads took: 0.0000229 seconds
2016-03-04T11:23:41.230+0000: 8.109: Total time for which application threads were stopped: 0.0001042 seconds, Stopping threads took: 0.0000371 seconds
2016-03-04T11:23:41.230+0000: 8.109: Total time for which application threads were stopped: 0.0000877 seconds, Stopping threads took: 0.0000229 seconds
2016-03-04T11:23:41.290+0000: 8.162: Total time for which application threads were stopped: 0.0003609 seconds, Stopping threads took: 0.0001785 seconds
2016-03-04T11:23:41.290+0000: 8.162: Total time for which application threads were stopped: 0.0001919 seconds, Stopping threads took: 0.0000537 seconds
2016-03-04T11:23:41.290+0000: 8.163: Total time for which application threads were stopped: 0.0001642 seconds, Stopping threads took: 0.0000537 seconds
2016-03-04T11:23:41.290+0000: 8.164: Total time for which application threads were stopped: 0.0001848 seconds, Stopping threads took: 0.0000553 seconds
2016-03-04T11:23:41.320+0000: 8.193: Total time for which application threads were stopped: 0.0002053 seconds, Stopping threads took: 0.0000419 seconds
2016-03-04T11:23:41.320+0000: 8.193: Total time for which application threads were stopped: 0.0001327 seconds, Stopping threads took: 0.0000221 seconds
2016-03-04T11:23:41.320+0000: 8.193: Total time for which application threads were stopped: 0.0001240 seconds, Stopping threads took: 0.0000205 seconds
2016-03-04T11:23:41.320+0000: 8.193: Total time for which application threads were stopped: 0.0001248 seconds, Stopping threads took: 0.0000205 seconds
2016-03-04T11:23:41.320+0000: 8.198: Total time for which application threads were stopped: 0.0002029 seconds, Stopping threads took: 0.0000545 seconds
2016-03-04T11:23:41.330+0000: 8.201: Total time for which application threads were stopped: 0.0002203 seconds, Stopping threads took: 0.0000553 seconds
2016-03-04T11:23:41.370+0000: 8.246: Total time for which application threads were stopped: 0.0002503 seconds, Stopping threads took: 0.0000790 seconds
2016-03-04T11:23:41.525+0000: 8.396: Total time for which application threads were stopped: 0.0005101 seconds, Stopping threads took: 0.0000569 seconds
2016-03-04T11:23:41.536+0000: 8.406: Total time for which application threads were stopped: 0.0001690 seconds, Stopping threads took: 0.0000576 seconds
2016-03-04T11:23:41.666+0000: 8.536: Total time for which application threads were stopped: 0.0001603 seconds, Stopping threads took: 0.0000419 seconds
2016-03-04T11:23:41.669+0000: 8.540: Total time for which application threads were stopped: 0.0001335 seconds, Stopping threads took: 0.0000363 seconds
2016-03-04T11:23:41.677+0000: 8.547: Total time for which application threads were stopped: 0.0002085 seconds, Stopping threads took: 0.0000561 seconds
2016-03-04T11:23:41.702+0000: 8.579: Total time for which application threads were stopped: 0.0001856 seconds, Stopping threads took: 0.0000553 seconds
2016-03-04T11:23:41.702+0000: 8.579: Total time for which application threads were stopped: 0.0000955 seconds, Stopping threads took: 0.0000268 seconds
2016-03-04T11:23:41.702+0000: 8.581: Total time for which application threads were stopped: 0.0001437 seconds, Stopping threads took: 0.0000387 seconds
2016-03-04T11:23:41.702+0000: 8.581: Total time for which application threads were stopped: 0.0001011 seconds, Stopping threads took: 0.0000268 seconds
2016-03-04T11:23:41.712+0000: 8.586: Total time for which application threads were stopped: 0.0001516 seconds, Stopping threads took: 0.0000458 seconds
2016-03-04T11:23:41.712+0000: 8.586: Total time for which application threads were stopped: 0.0000963 seconds, Stopping threads took: 0.0000276 seconds
2016-03-04T11:23:41.774+0000: 8.644: Total time for which application threads were stopped: 0.0001619 seconds, Stopping threads took: 0.0000466 seconds
2016-03-04T11:23:41.774+0000: 8.644: Total time for which application threads were stopped: 0.0001485 seconds, Stopping threads took: 0.0000213 seconds
2016-03-04T11:23:41.874+0000: 8.745: Total time for which application threads were stopped: 0.0001761 seconds, Stopping threads took: 0.0000458 seconds
2016-03-04T11:23:41.874+0000: 8.745: Total time for which application threads were stopped: 0.0000924 seconds, Stopping threads took: 0.0000221 seconds
2016-03-04T11:23:41.874+0000: 8.745: Total time for which application threads were stopped: 0.0000853 seconds, Stopping threads took: 0.0000221 seconds
2016-03-04T11:23:41.874+0000: 8.746: Total time for which application threads were stopped: 0.0003301 seconds, Stopping threads took: 0.0000245 seconds
2016-03-04T11:23:41.874+0000: 8.746: Total time for which application threads were stopped: 0.0000845 seconds, Stopping threads took: 0.0000205 seconds
2016-03-04T11:23:41.904+0000: 8.775: Total time for which application threads were stopped: 0.0001840 seconds, Stopping threads took: 0.0000584 seconds
2016-03-04T11:23:41.904+0000: 8.777: Total time for which application threads were stopped: 0.0003901 seconds, Stopping threads took: 0.0000419 seconds
2016-03-04T11:23:41.904+0000: 8.783: Total time for which application threads were stopped: 0.0001619 seconds, Stopping threads took: 0.0000545 seconds
2016-03-04T11:23:41.953+0000: 8.823: Total time for which application threads were stopped: 0.0001927 seconds, Stopping threads took: 0.0000521 seconds
2016-03-04T11:23:41.964+0000: 8.834: Total time for which application threads were stopped: 0.0005101 seconds, Stopping threads took: 0.0000442 seconds
2016-03-04T11:23:41.996+0000: 8.872: Total time for which application threads were stopped: 0.0002045 seconds, Stopping threads took: 0.0000687 seconds
{Heap before GC invocations=1 (full 0):
 par new generation   total 109248K, used 92991K [0x00000000e0000000, 0x00000000e8000000, 0x00000000e8000000)
  eden space 87424K, 100% used [0x00000000e0000000, 0x00000000e5560000, 0x00000000e5560000)
  from space 21824K,  25% used [0x00000000e6ab0000, 0x00000000e701fd38, 0x00000000e8000000)
  to   space 21824K,   0% used [0x00000000e5560000, 0x00000000e5560000, 0x00000000e6ab0000)
 concurrent mark-sweep generation total 393216K, used 0K [0x00000000e8000000, 0x0000000100000000, 0x0000000100000000)
 Metaspace       used 21036K, capacity 21394K, committed 21628K, reserved 1069056K
  class space    used 2460K, capacity 2589K, committed 2684K, reserved 1048576K
2016-03-04T11:23:42.006+0000: 8.877: [GC (Allocation Failure) 2016-03-04T11:23:42.006+0000: 8.877: [ParNew
Desired survivor size 20112992 bytes, new threshold 8 (max 8)
- age   1:    7799360 bytes,    7799360 total
- age   2:    2532408 bytes,   10331768 total
: 92991K->12955K(109248K), 0.0393619 secs] 92991K->12955K(502464K), 0.0395586 secs] [Times: user=0.05 sys=0.02, real=0.04 secs] 
Heap after GC invocations=2 (full 0):
 par new generation   total 109248K, used 12955K [0x00000000e0000000, 0x00000000e8000000, 0x00000000e8000000)
  eden space 87424K,   0% used [0x00000000e0000000, 0x00000000e0000000, 0x00000000e5560000)
  from space 21824K,  59% used [0x00000000e5560000, 0x00000000e6206fa0, 0x00000000e6ab0000)
  to   space 21824K,   0% used [0x00000000e6ab0000, 0x00000000e6ab0000, 0x00000000e8000000)
 concurrent mark-sweep generation total 393216K, used 0K [0x00000000e8000000, 0x0000000100000000, 0x0000000100000000)
 Metaspace       used 21036K, capacity 21394K, committed 21628K, reserved 1069056K
  class space    used 2460K, capacity 2589K, committed 2684K, reserved 1048576K
}
2016-03-04T11:23:42.046+0000: 8.917: Total time for which application threads were stopped: 0.0402290 seconds, Stopping threads took: 0.0002709 seconds
2016-03-04T11:23:42.046+0000: 8.917: [GC (CMS Initial Mark) [1 CMS-initial-mark: 0K(393216K)] 12955K(502464K), 0.0065107 secs] [Times: user=0.00 sys=0.00, real=0.00 secs] 
2016-03-04T11:23:42.046+0000: 8.923: Total time for which application threads were stopped: 0.0068163 seconds, Stopping threads took: 0.0000711 seconds
2016-03-04T11:23:42.046+0000: 8.924: [CMS-concurrent-mark-start]
2016-03-04T11:23:42.059+0000: 8.929: [CMS-concurrent-mark: 0.005/0.005 secs] [Times: user=0.03 sys=0.00, real=0.01 secs] 
2016-03-04T11:23:42.059+0000: 8.929: Total time for which application threads were stopped: 0.0001982 seconds, Stopping threads took: 0.0000955 seconds
2016-03-04T11:23:42.059+0000: 8.929: [CMS-concurrent-preclean-start]
2016-03-04T11:23:42.060+0000: 8.930: Total time for which application threads were stopped: 0.0001350 seconds, Stopping threads took: 0.0000537 seconds
2016-03-04T11:23:42.062+0000: 8.933: [CMS-concurrent-preclean: 0.003/0.003 secs] [Times: user=0.00 sys=0.00, real=0.00 secs] 
2016-03-04T11:23:42.063+0000: 8.933: Total time for which application threads were stopped: 0.0001698 seconds, Stopping threads took: 0.0000576 seconds
2016-03-04T11:23:42.063+0000: 8.933: Total time for which application threads were stopped: 0.0000869 seconds, Stopping threads took: 0.0000276 seconds
2016-03-04T11:23:42.063+0000: 8.933: Total time for which application threads were stopped: 0.0000853 seconds, Stopping threads took: 0.0000268 seconds
2016-03-04T11:23:42.063+0000: 8.933: Total time for which application threads were stopped: 0.0001090 seconds, Stopping threads took: 0.0000426 seconds
2016-03-04T11:23:42.063+0000: 8.933: [GC (CMS Final Remark) [YG occupancy: 14704 K (109248 K)]{Heap before GC invocations=2 (full 1):
 par new generation   total 109248K, used 14704K [0x00000000e0000000, 0x00000000e8000000, 0x00000000e8000000)
  eden space 87424K,   2% used [0x00000000e0000000, 0x00000000e01b5228, 0x00000000e5560000)
  from space 21824K,  59% used [0x00000000e5560000, 0x00000000e6206fa0, 0x00000000e6ab0000)
  to   space 21824K,   0% used [0x00000000e6ab0000, 0x00000000e6ab0000, 0x00000000e8000000)
 concurrent mark-sweep generation total 393216K, used 0K [0x00000000e8000000, 0x0000000100000000, 0x0000000100000000)
 Metaspace       used 21049K, capacity 21394K, committed 21628K, reserved 1069056K
  class space    used 2462K, capacity 2589K, committed 2684K, reserved 1048576K
2016-03-04T11:23:42.063+0000: 8.933: [GC (CMS Final Remark) 2016-03-04T11:23:42.063+0000: 8.934: [ParNew
Desired survivor size 20112992 bytes, new threshold 8 (max 8)
- age   1:       8296 bytes,       8296 total
- age   2:    4066376 bytes,    4074672 total
- age   3:    2532144 bytes,    6606816 total
: 14704K->10615K(109248K), 0.0277895 secs] 14704K->10615K(502464K), 0.0279396 secs] [Times: user=0.06 sys=0.00, real=0.03 secs] 
Heap after GC invocations=3 (full 1):
 par new generation   total 109248K, used 10615K [0x00000000e0000000, 0x00000000e8000000, 0x00000000e8000000)
  eden space 87424K,   0% used [0x00000000e0000000, 0x00000000e0000000, 0x00000000e5560000)
  from space 21824K,  48% used [0x00000000e6ab0000, 0x00000000e750df48, 0x00000000e8000000)
  to   space 21824K,   0% used [0x00000000e5560000, 0x00000000e5560000, 0x00000000e6ab0000)
 concurrent mark-sweep generation total 393216K, used 0K [0x00000000e8000000, 0x0000000100000000, 0x0000000100000000)
 Metaspace       used 21049K, capacity 21394K, committed 21628K, reserved 1069056K
  class space    used 2462K, capacity 2589K, committed 2684K, reserved 1048576K
}
2016-03-04T11:23:42.091+0000: 8.962: [Rescan (parallel) , 0.0102395 secs]2016-03-04T11:23:42.102+0000: 8.972: [weak refs processing, 0.0029430 secs]2016-03-04T11:23:42.105+0000: 8.975: [class unloading, 0.0061435 secs]2016-03-04T11:23:42.111+0000: 8.981: [scrub symbol table, 0.0088370 secs]2016-03-04T11:23:42.120+0000: 8.990: [scrub string table, 0.0012871 secs][1 CMS-remark: 0K(393216K)] 10615K(502464K), 0.0591799 secs] [Times: user=0.08 sys=0.00, real=0.06 secs] 
2016-03-04T11:23:42.122+0000: 8.993: Total time for which application threads were stopped: 0.0593971 seconds, Stopping threads took: 0.0000387 seconds
2016-03-04T11:23:42.127+0000: 8.997: Total time for which application threads were stopped: 0.0014474 seconds, Stopping threads took: 0.0013321 seconds
2016-03-04T11:23:42.128+0000: 8.998: Total time for which application threads were stopped: 0.0012792 seconds, Stopping threads took: 0.0012066 seconds
2016-03-04T11:23:42.128+0000: 8.999: Total time for which application threads were stopped: 0.0000979 seconds, Stopping threads took: 0.0000308 seconds
2016-03-04T11:23:42.129+0000: 8.999: Total time for which application threads were stopped: 0.0000971 seconds, Stopping threads took: 0.0000292 seconds
2016-03-04T11:23:42.129+0000: 8.999: [CMS-concurrent-sweep-start]
2016-03-04T11:23:42.130+0000: 9.000: Total time for which application threads were stopped: 0.0012840 seconds, Stopping threads took: 0.0012176 seconds
2016-03-04T11:23:42.130+0000: 9.000: Total time for which application threads were stopped: 0.0000884 seconds, Stopping threads took: 0.0000205 seconds
2016-03-04T11:23:42.130+0000: 9.000: [CMS-concurrent-sweep: 0.001/0.001 secs] [Times: user=0.00 sys=0.00, real=0.00 secs] 
2016-03-04T11:23:42.130+0000: 9.000: Total time for which application threads were stopped: 0.0000971 seconds, Stopping threads took: 0.0000292 seconds
2016-03-04T11:23:42.130+0000: 9.000: [CMS-concurrent-reset-start]
2016-03-04T11:23:42.132+0000: 9.003: Total time for which application threads were stopped: 0.0001721 seconds, Stopping threads took: 0.0000569 seconds
2016-03-04T11:23:42.135+0000: 9.005: Total time for which application threads were stopped: 0.0004027 seconds, Stopping threads took: 0.0002732 seconds
2016-03-04T11:23:42.135+0000: 9.006: Total time for which application threads were stopped: 0.0000932 seconds, Stopping threads took: 0.0000292 seconds
2016-03-04T11:23:42.136+0000: 9.006: Total time for which application threads were stopped: 0.0001777 seconds, Stopping threads took: 0.0000268 seconds
2016-03-04T11:23:42.136+0000: 9.006: Total time for which application threads were stopped: 0.0000900 seconds, Stopping threads took: 0.0000268 seconds
2016-03-04T11:23:42.136+0000: 9.006: Total time for which application threads were stopped: 0.0000884 seconds, Stopping threads took: 0.0000268 seconds
2016-03-04T11:23:42.136+0000: 9.006: Total time for which application threads were stopped: 0.0000877 seconds, Stopping threads took: 0.0000261 seconds
2016-03-04T11:23:42.136+0000: 9.007: Total time for which application threads were stopped: 0.0003482 seconds, Stopping threads took: 0.0000261 seconds
2016-03-04T11:23:42.144+0000: 9.014: [CMS-concurrent-reset: 0.011/0.014 secs] [Times: user=0.01 sys=0.01, real=0.01 secs] 
2016-03-04T11:23:42.149+0000: 9.019: Total time for which application threads were stopped: 0.0002029 seconds, Stopping threads took: 0.0000513 seconds
2016-03-04T11:23:42.149+0000: 9.019: Total time for which application threads were stopped: 0.0000892 seconds, Stopping threads took: 0.0000221 seconds
2016-03-04T11:23:42.149+0000: 9.019: Total time for which application threads were stopped: 0.0000861 seconds, Stopping threads took: 0.0000205 seconds
2016-03-04T11:23:42.150+0000: 9.020: Total time for which application threads were stopped: 0.0000924 seconds, Stopping threads took: 0.0000221 seconds
2016-03-04T11:23:42.154+0000: 9.024: Total time for which application threads were stopped: 0.0001871 seconds, Stopping threads took: 0.0000497 seconds
2016-03-04T11:23:42.154+0000: 9.025: Total time for which application threads were stopped: 0.0002480 seconds, Stopping threads took: 0.0000205 seconds
2016-03-04T11:23:42.155+0000: 9.026: Total time for which application threads were stopped: 0.0001816 seconds, Stopping threads took: 0.0000300 seconds
2016-03-04T11:23:42.156+0000: 9.026: Total time for which application threads were stopped: 0.0001027 seconds, Stopping threads took: 0.0000229 seconds
2016-03-04T11:23:42.164+0000: 9.034: Total time for which application threads were stopped: 0.0001966 seconds, Stopping threads took: 0.0000497 seconds
2016-03-04T11:23:42.178+0000: 9.048: Total time for which application threads were stopped: 0.0005093 seconds, Stopping threads took: 0.0000490 seconds
2016-03-04T11:23:42.180+0000: 9.050: Total time for which application threads were stopped: 0.0001382 seconds, Stopping threads took: 0.0000332 seconds
2016-03-04T11:23:42.180+0000: 9.050: Total time for which application threads were stopped: 0.0000877 seconds, Stopping threads took: 0.0000205 seconds
2016-03-04T11:23:42.180+0000: 9.050: Total time for which application threads were stopped: 0.0000853 seconds, Stopping threads took: 0.0000197 seconds
2016-03-04T11:23:42.181+0000: 9.051: Total time for which application threads were stopped: 0.0001082 seconds, Stopping threads took: 0.0000276 seconds
2016-03-04T11:23:42.201+0000: 9.071: Total time for which application threads were stopped: 0.0001540 seconds, Stopping threads took: 0.0000466 seconds
2016-03-04T11:23:42.215+0000: 9.086: Total time for which application threads were stopped: 0.0001856 seconds, Stopping threads took: 0.0000505 seconds
2016-03-04T11:23:42.219+0000: 9.089: Total time for which application threads were stopped: 0.0001200 seconds, Stopping threads took: 0.0000308 seconds
2016-03-04T11:23:42.219+0000: 9.089: Total time for which application threads were stopped: 0.0000853 seconds, Stopping threads took: 0.0000205 seconds
2016-03-04T11:23:42.219+0000: 9.089: Total time for which application threads were stopped: 0.0000892 seconds, Stopping threads took: 0.0000213 seconds
2016-03-04T11:23:42.265+0000: 9.135: Total time for which application threads were stopped: 0.0001579 seconds, Stopping threads took: 0.0000474 seconds
2016-03-04T11:23:42.266+0000: 9.136: Total time for which application threads were stopped: 0.0001271 seconds, Stopping threads took: 0.0000308 seconds
2016-03-04T11:23:42.266+0000: 9.136: Total time for which application threads were stopped: 0.0000955 seconds, Stopping threads took: 0.0000284 seconds
2016-03-04T11:23:42.266+0000: 9.137: Total time for which application threads were stopped: 0.0000932 seconds, Stopping threads took: 0.0000268 seconds
2016-03-04T11:23:42.267+0000: 9.137: Total time for which application threads were stopped: 0.0001003 seconds, Stopping threads took: 0.0000292 seconds
2016-03-04T11:23:42.283+0000: 9.153: Total time for which application threads were stopped: 0.0002022 seconds, Stopping threads took: 0.0000742 seconds
2016-03-04T11:23:42.284+0000: 9.154: Total time for which application threads were stopped: 0.0001611 seconds, Stopping threads took: 0.0000608 seconds
2016-03-04T11:23:42.285+0000: 9.155: Total time for which application threads were stopped: 0.0001287 seconds, Stopping threads took: 0.0000363 seconds
2016-03-04T11:23:42.285+0000: 9.155: Total time for which application threads were stopped: 0.0001034 seconds, Stopping threads took: 0.0000292 seconds
2016-03-04T11:23:42.285+0000: 9.155: Total time for which application threads were stopped: 0.0000971 seconds, Stopping threads took: 0.0000268 seconds
2016-03-04T11:23:42.289+0000: 9.159: Total time for which application threads were stopped: 0.0001642 seconds, Stopping threads took: 0.0000482 seconds
2016-03-04T11:23:42.289+0000: 9.159: Total time for which application threads were stopped: 0.0000940 seconds, Stopping threads took: 0.0000221 seconds
2016-03-04T11:23:42.289+0000: 9.159: Total time for which application threads were stopped: 0.0000916 seconds, Stopping threads took: 0.0000205 seconds
2016-03-04T11:23:42.289+0000: 9.160: Total time for which application threads were stopped: 0.0001066 seconds, Stopping threads took: 0.0000332 seconds
2016-03-04T11:23:42.290+0000: 9.160: Total time for which application threads were stopped: 0.0001619 seconds, Stopping threads took: 0.0000395 seconds
2016-03-04T11:23:42.291+0000: 9.161: Total time for which application threads were stopped: 0.0001548 seconds, Stopping threads took: 0.0000308 seconds
2016-03-04T11:23:42.291+0000: 9.161: Total time for which application threads were stopped: 0.0001113 seconds, Stopping threads took: 0.0000340 seconds
2016-03-04T11:23:42.291+0000: 9.161: Total time for which application threads were stopped: 0.0001011 seconds, Stopping threads took: 0.0000292 seconds
2016-03-04T11:23:42.794+0000: 9.664: Total time for which application threads were stopped: 0.0002353 seconds, Stopping threads took: 0.0000537 seconds
2016-03-04T11:23:42.794+0000: 9.664: Total time for which application threads were stopped: 0.0000916 seconds, Stopping threads took: 0.0000213 seconds
2016-03-04T11:23:42.794+0000: 9.664: Total time for which application threads were stopped: 0.0000884 seconds, Stopping threads took: 0.0000205 seconds
2016-03-04T11:23:42.795+0000: 9.665: Total time for which application threads were stopped: 0.0001034 seconds, Stopping threads took: 0.0000253 seconds
2016-03-04T11:23:42.808+0000: 9.678: Total time for which application threads were stopped: 0.0005693 seconds, Stopping threads took: 0.0000442 seconds
2016-03-04T11:23:42.906+0000: 9.776: Total time for which application threads were stopped: 0.0001982 seconds, Stopping threads took: 0.0000513 seconds
2016-03-04T11:23:42.907+0000: 9.777: Total time for which application threads were stopped: 0.0001287 seconds, Stopping threads took: 0.0000363 seconds
2016-03-04T11:23:42.907+0000: 9.777: Total time for which application threads were stopped: 0.0001082 seconds, Stopping threads took: 0.0000308 seconds
2016-03-04T11:23:42.968+0000: 9.838: Total time for which application threads were stopped: 0.0002401 seconds, Stopping threads took: 0.0000584 seconds
2016-03-04T11:23:42.969+0000: 9.839: Total time for which application threads were stopped: 0.0001556 seconds, Stopping threads took: 0.0000482 seconds
2016-03-04T11:23:42.985+0000: 9.855: Total time for which application threads were stopped: 0.0001824 seconds, Stopping threads took: 0.0000545 seconds
2016-03-04T11:23:42.985+0000: 9.856: Total time for which application threads were stopped: 0.0001074 seconds, Stopping threads took: 0.0000316 seconds
2016-03-04T11:23:44.275+0000: 11.145: Total time for which application threads were stopped: 0.0002156 seconds, Stopping threads took: 0.0000529 seconds
2016-03-04T11:23:44.275+0000: 11.145: Total time for which application threads were stopped: 0.0000900 seconds, Stopping threads took: 0.0000221 seconds
2016-03-04T11:23:44.277+0000: 11.148: Total time for which application threads were stopped: 0.0001729 seconds, Stopping threads took: 0.0000482 seconds
2016-03-04T11:23:44.279+0000: 11.149: Total time for which application threads were stopped: 0.0001635 seconds, Stopping threads took: 0.0000450 seconds
2016-03-04T11:23:44.279+0000: 11.149: Total time for which application threads were stopped: 0.0001027 seconds, Stopping threads took: 0.0000276 seconds
2016-03-04T11:23:44.280+0000: 11.150: Total time for which application threads were stopped: 0.0001500 seconds, Stopping threads took: 0.0000482 seconds
2016-03-04T11:23:44.280+0000: 11.151: Total time for which application threads were stopped: 0.0001106 seconds, Stopping threads took: 0.0000316 seconds
2016-03-04T11:23:44.281+0000: 11.151: Total time for which application threads were stopped: 0.0001098 seconds, Stopping threads took: 0.0000340 seconds
2016-03-04T11:23:44.281+0000: 11.151: Total time for which application threads were stopped: 0.0001019 seconds, Stopping threads took: 0.0000300 seconds
2016-03-04T11:23:44.281+0000: 11.151: Total time for which application threads were stopped: 0.0001019 seconds, Stopping threads took: 0.0000292 seconds
2016-03-04T11:23:44.282+0000: 11.152: Total time for which application threads were stopped: 0.0001240 seconds, Stopping threads took: 0.0000355 seconds
2016-03-04T11:23:44.282+0000: 11.152: Total time for which application threads were stopped: 0.0000995 seconds, Stopping threads took: 0.0000261 seconds
2016-03-04T11:23:44.283+0000: 11.153: Total time for which application threads were stopped: 0.0001311 seconds, Stopping threads took: 0.0000379 seconds
2016-03-04T11:23:44.283+0000: 11.154: Total time for which application threads were stopped: 0.0003964 seconds, Stopping threads took: 0.0000276 seconds
2016-03-04T11:23:44.284+0000: 11.155: Total time for which application threads were stopped: 0.0001508 seconds, Stopping threads took: 0.0000458 seconds
2016-03-04T11:23:44.311+0000: 11.181: Total time for which application threads were stopped: 0.0001800 seconds, Stopping threads took: 0.0000490 seconds
2016-03-04T11:23:44.311+0000: 11.181: Total time for which application threads were stopped: 0.0001098 seconds, Stopping threads took: 0.0000300 seconds
2016-03-04T11:23:44.311+0000: 11.182: Total time for which application threads were stopped: 0.0001003 seconds, Stopping threads took: 0.0000261 seconds
2016-03-04T11:23:44.311+0000: 11.182: Total time for which application threads were stopped: 0.0000963 seconds, Stopping threads took: 0.0000253 seconds
2016-03-04T11:23:44.402+0000: 11.272: Total time for which application threads were stopped: 0.0001871 seconds, Stopping threads took: 0.0000584 seconds
2016-03-04T11:23:44.403+0000: 11.273: Total time for which application threads were stopped: 0.0001034 seconds, Stopping threads took: 0.0000308 seconds
2016-03-04T11:23:44.404+0000: 11.274: Total time for which application threads were stopped: 0.0001287 seconds, Stopping threads took: 0.0000466 seconds
2016-03-04T11:23:44.469+0000: 11.339: Total time for which application threads were stopped: 0.0001824 seconds, Stopping threads took: 0.0000608 seconds
2016-03-04T11:23:44.487+0000: 11.358: Total time for which application threads were stopped: 0.0001982 seconds, Stopping threads took: 0.0000569 seconds
2016-03-04T11:23:51.499+0000: 18.368: Total time for which application threads were stopped: 0.0002061 seconds, Stopping threads took: 0.0000576 seconds
2016-03-04T11:23:52.192+0000: 19.066: Total time for which application threads were stopped: 0.0001943 seconds, Stopping threads took: 0.0000537 seconds
2016-03-04T11:23:52.192+0000: 19.067: Total time for which application threads were stopped: 0.0001034 seconds, Stopping threads took: 0.0000229 seconds
2016-03-04T11:23:52.685+0000: 19.554: Total time for which application threads were stopped: 0.0002045 seconds, Stopping threads took: 0.0000655 seconds
2016-03-04T11:23:52.685+0000: 19.555: Total time for which application threads were stopped: 0.0001027 seconds, Stopping threads took: 0.0000324 seconds
2016-03-04T11:23:52.685+0000: 19.555: Total time for which application threads were stopped: 0.0000924 seconds, Stopping threads took: 0.0000300 seconds
2016-03-04T11:23:53.322+0000: 20.197: Total time for which application threads were stopped: 0.0001658 seconds, Stopping threads took: 0.0000442 seconds
2016-03-04T11:23:53.322+0000: 20.197: Total time for which application threads were stopped: 0.0003009 seconds, Stopping threads took: 0.0000221 seconds
2016-03-04T11:23:54.322+0000: 21.191: Total time for which application threads were stopped: 0.0001943 seconds, Stopping threads took: 0.0000655 seconds
2016-03-04T11:23:54.504+0000: 21.380: Total time for which application threads were stopped: 0.0001564 seconds, Stopping threads took: 0.0000490 seconds
2016-03-04T11:23:55.868+0000: 22.747: Total time for which application threads were stopped: 0.0001753 seconds, Stopping threads took: 0.0000434 seconds
2016-03-04T11:23:55.958+0000: 22.830: Total time for which application threads were stopped: 0.0001966 seconds, Stopping threads took: 0.0000600 seconds
2016-03-04T11:23:56.063+0000: 22.933: Total time for which application threads were stopped: 0.0001840 seconds, Stopping threads took: 0.0000521 seconds
2016-03-04T11:23:56.065+0000: 22.935: Total time for which application threads were stopped: 0.0001524 seconds, Stopping threads took: 0.0000340 seconds
2016-03-04T11:23:56.065+0000: 22.935: Total time for which application threads were stopped: 0.0001027 seconds, Stopping threads took: 0.0000221 seconds
2016-03-04T11:23:56.068+0000: 22.937: Total time for which application threads were stopped: 0.0002787 seconds, Stopping threads took: 0.0001421 seconds
2016-03-04T11:23:56.071+0000: 22.941: Total time for which application threads were stopped: 0.0001793 seconds, Stopping threads took: 0.0000442 seconds
2016-03-04T11:23:56.071+0000: 22.941: Total time for which application threads were stopped: 0.0000979 seconds, Stopping threads took: 0.0000213 seconds
2016-03-04T11:23:56.071+0000: 22.941: Total time for which application threads were stopped: 0.0000963 seconds, Stopping threads took: 0.0000213 seconds
2016-03-04T11:23:56.072+0000: 22.941: Total time for which application threads were stopped: 0.0000987 seconds, Stopping threads took: 0.0000213 seconds
2016-03-04T11:23:56.072+0000: 22.942: Total time for which application threads were stopped: 0.0000971 seconds, Stopping threads took: 0.0000221 seconds
2016-03-04T11:23:56.072+0000: 22.942: Total time for which application threads were stopped: 0.0000987 seconds, Stopping threads took: 0.0000221 seconds
2016-03-04T11:23:56.137+0000: 23.007: Total time for which application threads were stopped: 0.0001737 seconds, Stopping threads took: 0.0000490 seconds
2016-03-04T11:23:56.182+0000: 23.051: Total time for which application threads were stopped: 0.0002140 seconds, Stopping threads took: 0.0000576 seconds
2016-03-04T11:23:56.318+0000: 23.187: Total time for which application threads were stopped: 0.0002243 seconds, Stopping threads took: 0.0000592 seconds
2016-03-04T11:23:56.323+0000: 23.193: Total time for which application threads were stopped: 0.0001895 seconds, Stopping threads took: 0.0000569 seconds
2016-03-04T11:23:56.399+0000: 23.269: Total time for which application threads were stopped: 0.0001753 seconds, Stopping threads took: 0.0000458 seconds
2016-03-04T11:23:57.178+0000: 24.048: Total time for which application threads were stopped: 0.0002298 seconds, Stopping threads took: 0.0000497 seconds
2016-03-04T11:23:57.218+0000: 24.096: Total time for which application threads were stopped: 0.0002093 seconds, Stopping threads took: 0.0000561 seconds
2016-03-04T11:23:57.256+0000: 24.126: Total time for which application threads were stopped: 0.0002006 seconds, Stopping threads took: 0.0000497 seconds
2016-03-04T11:23:57.270+0000: 24.146: Total time for which application threads were stopped: 0.0001761 seconds, Stopping threads took: 0.0000553 seconds
2016-03-04T11:23:57.270+0000: 24.146: Total time for which application threads were stopped: 0.0001524 seconds, Stopping threads took: 0.0000466 seconds
2016-03-04T11:23:57.280+0000: 24.157: Total time for which application threads were stopped: 0.0001871 seconds, Stopping threads took: 0.0000600 seconds
2016-03-04T11:23:57.300+0000: 24.173: Total time for which application threads were stopped: 0.0001950 seconds, Stopping threads took: 0.0000695 seconds
2016-03-04T11:23:57.318+0000: 24.188: Total time for which application threads were stopped: 0.0002211 seconds, Stopping threads took: 0.0000742 seconds
2016-03-04T11:23:57.362+0000: 24.231: Total time for which application threads were stopped: 0.0002037 seconds, Stopping threads took: 0.0000505 seconds
2016-03-04T11:23:57.464+0000: 24.334: Total time for which application threads were stopped: 0.0002219 seconds, Stopping threads took: 0.0000703 seconds
2016-03-04T11:23:57.474+0000: 24.344: Total time for which application threads were stopped: 0.0001919 seconds, Stopping threads took: 0.0000497 seconds
2016-03-04T11:23:57.480+0000: 24.350: Total time for which application threads were stopped: 0.0001950 seconds, Stopping threads took: 0.0000600 seconds
2016-03-04T11:23:57.488+0000: 24.358: Total time for which application threads were stopped: 0.0001856 seconds, Stopping threads took: 0.0000513 seconds
2016-03-04T11:23:57.502+0000: 24.373: Total time for which application threads were stopped: 0.0005085 seconds, Stopping threads took: 0.0000600 seconds
2016-03-04T11:23:57.512+0000: 24.387: Total time for which application threads were stopped: 0.0002053 seconds, Stopping threads took: 0.0000497 seconds
2016-03-04T11:23:57.512+0000: 24.389: Total time for which application threads were stopped: 0.0001864 seconds, Stopping threads took: 0.0000521 seconds
2016-03-04T11:23:57.542+0000: 24.411: Total time for which application threads were stopped: 0.0112202 seconds, Stopping threads took: 0.0110591 seconds
2016-03-04T11:23:57.542+0000: 24.412: Total time for which application threads were stopped: 0.0001358 seconds, Stopping threads took: 0.0000521 seconds
2016-03-04T11:23:57.542+0000: 24.413: Total time for which application threads were stopped: 0.0008741 seconds, Stopping threads took: 0.0007802 seconds
2016-03-04T11:23:57.542+0000: 24.413: Total time for which application threads were stopped: 0.0001398 seconds, Stopping threads took: 0.0000411 seconds
2016-03-04T11:23:57.542+0000: 24.416: Total time for which application threads were stopped: 0.0017791 seconds, Stopping threads took: 0.0016630 seconds
2016-03-04T11:23:57.542+0000: 24.419: Total time for which application threads were stopped: 0.0012508 seconds, Stopping threads took: 0.0011442 seconds
2016-03-04T11:23:57.542+0000: 24.420: Total time for which application threads were stopped: 0.0009657 seconds, Stopping threads took: 0.0008947 seconds
2016-03-04T11:23:57.542+0000: 24.420: Total time for which application threads were stopped: 0.0001248 seconds, Stopping threads took: 0.0000537 seconds
2016-03-04T11:23:57.552+0000: 24.428: Total time for which application threads were stopped: 0.0003601 seconds, Stopping threads took: 0.0001950 seconds
2016-03-04T11:23:57.592+0000: 24.463: Total time for which application threads were stopped: 0.0002345 seconds, Stopping threads took: 0.0000505 seconds
2016-03-04T11:23:57.622+0000: 24.500: Total time for which application threads were stopped: 0.0002211 seconds, Stopping threads took: 0.0000774 seconds
2016-03-04T11:23:57.643+0000: 24.512: Total time for which application threads were stopped: 0.0002029 seconds, Stopping threads took: 0.0000497 seconds
2016-03-04T11:23:57.653+0000: 24.523: Total time for which application threads were stopped: 0.0001958 seconds, Stopping threads took: 0.0000505 seconds
2016-03-04T11:23:57.654+0000: 24.524: Total time for which application threads were stopped: 0.0001224 seconds, Stopping threads took: 0.0000300 seconds
2016-03-04T11:23:57.694+0000: 24.564: Total time for which application threads were stopped: 0.0005701 seconds, Stopping threads took: 0.0003309 seconds
2016-03-04T11:23:57.694+0000: 24.567: Total time for which application threads were stopped: 0.0002014 seconds, Stopping threads took: 0.0000569 seconds
2016-03-04T11:23:57.716+0000: 24.586: Total time for which application threads were stopped: 0.0005986 seconds, Stopping threads took: 0.0000711 seconds
2016-03-04T11:23:57.744+0000: 24.614: Total time for which application threads were stopped: 0.0002472 seconds, Stopping threads took: 0.0000537 seconds
2016-03-04T11:23:57.757+0000: 24.627: Total time for which application threads were stopped: 0.0003222 seconds, Stopping threads took: 0.0000505 seconds
2016-03-04T11:23:57.760+0000: 24.629: Total time for which application threads were stopped: 0.0002235 seconds, Stopping threads took: 0.0000513 seconds
2016-03-04T11:23:57.791+0000: 24.661: Total time for which application threads were stopped: 0.0003088 seconds, Stopping threads took: 0.0000655 seconds
2016-03-04T11:23:57.794+0000: 24.663: Total time for which application threads were stopped: 0.0003301 seconds, Stopping threads took: 0.0000884 seconds
2016-03-04T11:23:57.801+0000: 24.671: Total time for which application threads were stopped: 0.0003095 seconds, Stopping threads took: 0.0000561 seconds
2016-03-04T11:23:57.805+0000: 24.674: Total time for which application threads were stopped: 0.0002116 seconds, Stopping threads took: 0.0000482 seconds
2016-03-04T11:23:57.805+0000: 24.675: Total time for which application threads were stopped: 0.0001406 seconds, Stopping threads took: 0.0000411 seconds
2016-03-04T11:23:57.866+0000: 24.736: Total time for which application threads were stopped: 0.0002685 seconds, Stopping threads took: 0.0000711 seconds
2016-03-04T11:23:57.886+0000: 24.762: Total time for which application threads were stopped: 0.0002377 seconds, Stopping threads took: 0.0000655 seconds
2016-03-04T11:23:57.896+0000: 24.774: Total time for which application threads were stopped: 0.0002448 seconds, Stopping threads took: 0.0000655 seconds
2016-03-04T11:23:57.916+0000: 24.789: Total time for which application threads were stopped: 0.0002614 seconds, Stopping threads took: 0.0000805 seconds
2016-03-04T11:23:58.046+0000: 24.916: Total time for which application threads were stopped: 0.0008441 seconds, Stopping threads took: 0.0001279 seconds
2016-03-04T11:23:58.062+0000: 24.932: Total time for which application threads were stopped: 0.0002353 seconds, Stopping threads took: 0.0000576 seconds
2016-03-04T11:23:58.068+0000: 24.943: Total time for which application threads were stopped: 0.0002290 seconds, Stopping threads took: 0.0000482 seconds
2016-03-04T11:23:58.078+0000: 24.950: Total time for which application threads were stopped: 0.0002274 seconds, Stopping threads took: 0.0000497 seconds
2016-03-04T11:23:58.078+0000: 24.954: Total time for which application threads were stopped: 0.0016298 seconds, Stopping threads took: 0.0014403 seconds
2016-03-04T11:23:58.088+0000: 24.958: Total time for which application threads were stopped: 0.0002108 seconds, Stopping threads took: 0.0000466 seconds
2016-03-04T11:23:58.860+0000: 25.730: Total time for which application threads were stopped: 0.0004201 seconds, Stopping threads took: 0.0000671 seconds
2016-03-04T11:23:58.861+0000: 25.731: Total time for which application threads were stopped: 0.0002203 seconds, Stopping threads took: 0.0000497 seconds
2016-03-04T11:23:58.862+0000: 25.731: Total time for which application threads were stopped: 0.0001374 seconds, Stopping threads took: 0.0000308 seconds
2016-03-04T11:23:58.862+0000: 25.731: Total time for which application threads were stopped: 0.0001311 seconds, Stopping threads took: 0.0000292 seconds
2016-03-04T11:23:58.862+0000: 25.732: Total time for which application threads were stopped: 0.0001303 seconds, Stopping threads took: 0.0000284 seconds
2016-03-04T11:23:58.895+0000: 25.765: Total time for which application threads were stopped: 0.0007225 seconds, Stopping threads took: 0.0000648 seconds
2016-03-04T11:23:58.920+0000: 25.790: Total time for which application threads were stopped: 0.0054241 seconds, Stopping threads took: 0.0050830 seconds
2016-03-04T11:23:58.946+0000: 25.816: Total time for which application threads were stopped: 0.0003159 seconds, Stopping threads took: 0.0000616 seconds
2016-03-04T11:23:58.947+0000: 25.817: Total time for which application threads were stopped: 0.0002266 seconds, Stopping threads took: 0.0000624 seconds
2016-03-04T11:23:58.948+0000: 25.817: Total time for which application threads were stopped: 0.0001579 seconds, Stopping threads took: 0.0000521 seconds
2016-03-04T11:23:58.948+0000: 25.818: Total time for which application threads were stopped: 0.0001358 seconds, Stopping threads took: 0.0000308 seconds
2016-03-04T11:23:59.067+0000: 25.937: Total time for which application threads were stopped: 0.0017862 seconds, Stopping threads took: 0.0014893 seconds
2016-03-04T11:23:59.067+0000: 25.937: Total time for which application threads were stopped: 0.0001429 seconds, Stopping threads took: 0.0000332 seconds
2016-03-04T11:23:59.072+0000: 25.942: Total time for which application threads were stopped: 0.0002772 seconds, Stopping threads took: 0.0000608 seconds
2016-03-04T11:23:59.106+0000: 25.976: Total time for which application threads were stopped: 0.0003680 seconds, Stopping threads took: 0.0000640 seconds
2016-03-04T11:23:59.120+0000: 25.989: Total time for which application threads were stopped: 0.0003435 seconds, Stopping threads took: 0.0000758 seconds
2016-03-04T11:23:59.531+0000: 26.400: Total time for which application threads were stopped: 0.0002993 seconds, Stopping threads took: 0.0000576 seconds
2016-03-04T11:23:59.531+0000: 26.401: Total time for which application threads were stopped: 0.0001437 seconds, Stopping threads took: 0.0000292 seconds
2016-03-04T11:23:59.531+0000: 26.401: Total time for which application threads were stopped: 0.0001366 seconds, Stopping threads took: 0.0000268 seconds
2016-03-04T11:23:59.534+0000: 26.404: Total time for which application threads were stopped: 0.0019631 seconds, Stopping threads took: 0.0000569 seconds
2016-03-04T11:23:59.544+0000: 26.413: Total time for which application threads were stopped: 0.0002851 seconds, Stopping threads took: 0.0000561 seconds
2016-03-04T11:23:59.544+0000: 26.414: Total time for which application threads were stopped: 0.0001800 seconds, Stopping threads took: 0.0000347 seconds
2016-03-04T11:23:59.545+0000: 26.414: Total time for which application threads were stopped: 0.0001413 seconds, Stopping threads took: 0.0000284 seconds
2016-03-04T11:23:59.545+0000: 26.415: Total time for which application threads were stopped: 0.0001674 seconds, Stopping threads took: 0.0000355 seconds
2016-03-04T11:23:59.725+0000: 26.595: Total time for which application threads were stopped: 0.0002961 seconds, Stopping threads took: 0.0000545 seconds
2016-03-04T11:23:59.726+0000: 26.595: Total time for which application threads were stopped: 0.0001587 seconds, Stopping threads took: 0.0000292 seconds
2016-03-04T11:23:59.726+0000: 26.596: Total time for which application threads were stopped: 0.0001366 seconds, Stopping threads took: 0.0000276 seconds
2016-03-04T11:23:59.727+0000: 26.596: Total time for which application threads were stopped: 0.0001950 seconds, Stopping threads took: 0.0000379 seconds
2016-03-04T11:23:59.767+0000: 26.637: Total time for which application threads were stopped: 0.0084248 seconds, Stopping threads took: 0.0081674 seconds
2016-03-04T11:23:59.769+0000: 26.639: Total time for which application threads were stopped: 0.0002203 seconds, Stopping threads took: 0.0000466 seconds
2016-03-04T11:23:59.769+0000: 26.639: Total time for which application threads were stopped: 0.0001485 seconds, Stopping threads took: 0.0000292 seconds
2016-03-04T11:23:59.771+0000: 26.641: Total time for which application threads were stopped: 0.0003806 seconds, Stopping threads took: 0.0002045 seconds
2016-03-04T11:23:59.786+0000: 26.656: Total time for which application threads were stopped: 0.0003569 seconds, Stopping threads took: 0.0000584 seconds
2016-03-04T11:23:59.787+0000: 26.656: Total time for which application threads were stopped: 0.0002077 seconds, Stopping threads took: 0.0000292 seconds
2016-03-04T11:23:59.787+0000: 26.657: Total time for which application threads were stopped: 0.0001927 seconds, Stopping threads took: 0.0000284 seconds
2016-03-04T11:23:59.787+0000: 26.657: Total time for which application threads were stopped: 0.0002258 seconds, Stopping threads took: 0.0000340 seconds
2016-03-04T11:23:59.788+0000: 26.658: Total time for which application threads were stopped: 0.0002472 seconds, Stopping threads took: 0.0000363 seconds
2016-03-04T11:23:59.789+0000: 26.659: Total time for which application threads were stopped: 0.0002061 seconds, Stopping threads took: 0.0000300 seconds
2016-03-04T11:23:59.789+0000: 26.659: Total time for which application threads were stopped: 0.0002014 seconds, Stopping threads took: 0.0000276 seconds
2016-03-04T11:23:59.791+0000: 26.661: Total time for which application threads were stopped: 0.0003474 seconds, Stopping threads took: 0.0000537 seconds
2016-03-04T11:23:59.805+0000: 26.675: Total time for which application threads were stopped: 0.0003735 seconds, Stopping threads took: 0.0000592 seconds
2016-03-04T11:23:59.805+0000: 26.675: Total time for which application threads were stopped: 0.0002132 seconds, Stopping threads took: 0.0000316 seconds
2016-03-04T11:23:59.806+0000: 26.676: Total time for which application threads were stopped: 0.0002148 seconds, Stopping threads took: 0.0000308 seconds
2016-03-04T11:23:59.806+0000: 26.676: Total time for which application threads were stopped: 0.0002069 seconds, Stopping threads took: 0.0000308 seconds
2016-03-04T11:23:59.806+0000: 26.676: Total time for which application threads were stopped: 0.0002022 seconds, Stopping threads took: 0.0000300 seconds
2016-03-04T11:23:59.807+0000: 26.677: Total time for which application threads were stopped: 0.0002274 seconds, Stopping threads took: 0.0000347 seconds
2016-03-04T11:23:59.807+0000: 26.677: Total time for which application threads were stopped: 0.0001935 seconds, Stopping threads took: 0.0000276 seconds
2016-03-04T11:23:59.808+0000: 26.678: Total time for which application threads were stopped: 0.0006270 seconds, Stopping threads took: 0.0000276 seconds
2016-03-04T11:23:59.809+0000: 26.678: Total time for which application threads were stopped: 0.0002519 seconds, Stopping threads took: 0.0000355 seconds
2016-03-04T11:23:59.809+0000: 26.679: Total time for which application threads were stopped: 0.0002140 seconds, Stopping threads took: 0.0000324 seconds
2016-03-04T11:23:59.809+0000: 26.679: Total time for which application threads were stopped: 0.0001966 seconds, Stopping threads took: 0.0000268 seconds
2016-03-04T11:23:59.810+0000: 26.680: Total time for which application threads were stopped: 0.0006436 seconds, Stopping threads took: 0.0000355 seconds
2016-03-04T11:23:59.811+0000: 26.681: Total time for which application threads were stopped: 0.0005591 seconds, Stopping threads took: 0.0000300 seconds
2016-03-04T11:23:59.816+0000: 26.686: Total time for which application threads were stopped: 0.0003340 seconds, Stopping threads took: 0.0000553 seconds
2016-03-04T11:24:00.820+0000: 27.690: Total time for which application threads were stopped: 0.0004304 seconds, Stopping threads took: 0.0000632 seconds
2016-03-04T11:24:01.836+0000: 28.706: Total time for which application threads were stopped: 0.0005006 seconds, Stopping threads took: 0.0000505 seconds
2016-03-04T11:24:02.565+0000: 29.435: Total time for which application threads were stopped: 0.0005022 seconds, Stopping threads took: 0.0000608 seconds
2016-03-04T11:24:02.575+0000: 29.445: Total time for which application threads were stopped: 0.0004327 seconds, Stopping threads took: 0.0000648 seconds
{Heap before GC invocations=3 (full 1):
 par new generation   total 109248K, used 98039K [0x00000000e0000000, 0x00000000e8000000, 0x00000000e8000000)
  eden space 87424K, 100% used [0x00000000e0000000, 0x00000000e5560000, 0x00000000e5560000)
  from space 21824K,  48% used [0x00000000e6ab0000, 0x00000000e750df48, 0x00000000e8000000)
  to   space 21824K,   0% used [0x00000000e5560000, 0x00000000e5560000, 0x00000000e6ab0000)
 concurrent mark-sweep generation total 393216K, used 0K [0x00000000e8000000, 0x0000000100000000, 0x0000000100000000)
 Metaspace       used 24894K, capacity 25234K, committed 25596K, reserved 1071104K
  class space    used 2884K, capacity 3037K, committed 3068K, reserved 1048576K
2016-03-04T11:24:02.609+0000: 29.478: [GC (Allocation Failure) 2016-03-04T11:24:02.609+0000: 29.479: [ParNew
Desired survivor size 20112992 bytes, new threshold 8 (max 8)
- age   1:    6616912 bytes,    6616912 total
- age   2:       1296 bytes,    6618208 total
- age   3:    2885680 bytes,    9503888 total
- age   4:    2522440 bytes,   12026328 total
: 98039K->14010K(109248K), 0.0461482 secs] 98039K->14010K(502464K), 0.0463891 secs] [Times: user=0.08 sys=0.00, real=0.05 secs] 
Heap after GC invocations=4 (full 1):
 par new generation   total 109248K, used 14010K [0x00000000e0000000, 0x00000000e8000000, 0x00000000e8000000)
  eden space 87424K,   0% used [0x00000000e0000000, 0x00000000e0000000, 0x00000000e5560000)
  from space 21824K,  64% used [0x00000000e5560000, 0x00000000e630ea58, 0x00000000e6ab0000)
  to   space 21824K,   0% used [0x00000000e6ab0000, 0x00000000e6ab0000, 0x00000000e8000000)
 concurrent mark-sweep generation total 393216K, used 0K [0x00000000e8000000, 0x0000000100000000, 0x0000000100000000)
 Metaspace       used 24894K, capacity 25234K, committed 25596K, reserved 1071104K
  class space    used 2884K, capacity 3037K, committed 3068K, reserved 1048576K
}
2016-03-04T11:24:02.655+0000: 29.525: Total time for which application threads were stopped: 0.0470555 seconds, Stopping threads took: 0.0000576 seconds
2016-03-04T11:24:02.716+0000: 29.586: Total time for which application threads were stopped: 0.0004343 seconds, Stopping threads took: 0.0000545 seconds
2016-03-04T11:24:02.717+0000: 29.587: Total time for which application threads were stopped: 0.0004201 seconds, Stopping threads took: 0.0001895 seconds
2016-03-04T11:24:02.768+0000: 29.638: Total time for which application threads were stopped: 0.0157828 seconds, Stopping threads took: 0.0153809 seconds
2016-03-04T11:24:02.941+0000: 29.811: Total time for which application threads were stopped: 0.0003885 seconds, Stopping threads took: 0.0000600 seconds
2016-03-04T11:24:02.962+0000: 29.832: Total time for which application threads were stopped: 0.0003814 seconds, Stopping threads took: 0.0000553 seconds
2016-03-04T11:24:02.965+0000: 29.835: Total time for which application threads were stopped: 0.0008070 seconds, Stopping threads took: 0.0000600 seconds
2016-03-04T11:24:02.969+0000: 29.839: Total time for which application threads were stopped: 0.0003293 seconds, Stopping threads took: 0.0000600 seconds
2016-03-04T11:24:02.977+0000: 29.847: Total time for which application threads were stopped: 0.0003443 seconds, Stopping threads took: 0.0000616 seconds
2016-03-04T11:24:02.979+0000: 29.849: Total time for which application threads were stopped: 0.0003869 seconds, Stopping threads took: 0.0000616 seconds
2016-03-04T11:24:03.066+0000: 29.936: Total time for which application threads were stopped: 0.0004991 seconds, Stopping threads took: 0.0001153 seconds
2016-03-04T11:24:03.067+0000: 29.937: Total time for which application threads were stopped: 0.0002874 seconds, Stopping threads took: 0.0000426 seconds
2016-03-04T11:24:03.067+0000: 29.937: Total time for which application threads were stopped: 0.0001974 seconds, Stopping threads took: 0.0000308 seconds
2016-03-04T11:24:03.068+0000: 29.938: Total time for which application threads were stopped: 0.0001990 seconds, Stopping threads took: 0.0000347 seconds
2016-03-04T11:24:03.069+0000: 29.939: Total time for which application threads were stopped: 0.0002961 seconds, Stopping threads took: 0.0000442 seconds
2016-03-04T11:24:03.069+0000: 29.939: Total time for which application threads were stopped: 0.0001903 seconds, Stopping threads took: 0.0000284 seconds
2016-03-04T11:24:03.070+0000: 29.940: Total time for which application threads were stopped: 0.0005346 seconds, Stopping threads took: 0.0000268 seconds
2016-03-04T11:24:03.211+0000: 30.081: Total time for which application threads were stopped: 0.0003593 seconds, Stopping threads took: 0.0000687 seconds
2016-03-04T11:24:03.214+0000: 30.084: Total time for which application threads were stopped: 0.0004312 seconds, Stopping threads took: 0.0000616 seconds
2016-03-04T11:24:03.214+0000: 30.084: Total time for which application threads were stopped: 0.0002006 seconds, Stopping threads took: 0.0000324 seconds
2016-03-04T11:24:03.214+0000: 30.084: Total time for which application threads were stopped: 0.0002361 seconds, Stopping threads took: 0.0000300 seconds
2016-03-04T11:24:03.217+0000: 30.087: Total time for which application threads were stopped: 0.0005922 seconds, Stopping threads took: 0.0002582 seconds
2016-03-04T11:24:03.388+0000: 30.258: Total time for which application threads were stopped: 0.1051781 seconds, Stopping threads took: 0.1047082 seconds
2016-03-04T11:24:03.466+0000: 30.336: Total time for which application threads were stopped: 0.0004556 seconds, Stopping threads took: 0.0000687 seconds
2016-03-04T11:24:03.467+0000: 30.337: Total time for which application threads were stopped: 0.0003182 seconds, Stopping threads took: 0.0000490 seconds
2016-03-04T11:24:03.468+0000: 30.338: Total time for which application threads were stopped: 0.0003703 seconds, Stopping threads took: 0.0000805 seconds
2016-03-04T11:24:03.650+0000: 30.520: Total time for which application threads were stopped: 0.0005030 seconds, Stopping threads took: 0.0001911 seconds
2016-03-04T11:24:04.743+0000: 31.613: Total time for which application threads were stopped: 0.0003530 seconds, Stopping threads took: 0.0000553 seconds
2016-03-04T11:24:05.430+0000: 32.300: Total time for which application threads were stopped: 0.0003925 seconds, Stopping threads took: 0.0000624 seconds
2016-03-04T11:24:05.434+0000: 32.304: Total time for which application threads were stopped: 0.0007210 seconds, Stopping threads took: 0.0000466 seconds
2016-03-04T11:24:05.785+0000: 32.655: Total time for which application threads were stopped: 0.0011805 seconds, Stopping threads took: 0.0002274 seconds
2016-03-04T11:24:06.208+0000: 33.078: Total time for which application threads were stopped: 0.0003822 seconds, Stopping threads took: 0.0000640 seconds
2016-03-04T11:24:06.816+0000: 33.686: Total time for which application threads were stopped: 0.0031634 seconds, Stopping threads took: 0.0026880 seconds
2016-03-04T11:24:06.883+0000: 33.753: Total time for which application threads were stopped: 0.0004406 seconds, Stopping threads took: 0.0000569 seconds
2016-03-04T11:24:06.884+0000: 33.754: Total time for which application threads were stopped: 0.0002053 seconds, Stopping threads took: 0.0000268 seconds
2016-03-04T11:24:06.887+0000: 33.757: Total time for which application threads were stopped: 0.0004880 seconds, Stopping threads took: 0.0000790 seconds
2016-03-04T11:24:06.890+0000: 33.760: Total time for which application threads were stopped: 0.0003214 seconds, Stopping threads took: 0.0000608 seconds
2016-03-04T11:24:06.904+0000: 33.774: Total time for which application threads were stopped: 0.0012500 seconds, Stopping threads took: 0.0003609 seconds
{Heap before GC invocations=4 (full 1):
 par new generation   total 109248K, used 101434K [0x00000000e0000000, 0x00000000e8000000, 0x00000000e8000000)
  eden space 87424K, 100% used [0x00000000e0000000, 0x00000000e5560000, 0x00000000e5560000)
  from space 21824K,  64% used [0x00000000e5560000, 0x00000000e630ea58, 0x00000000e6ab0000)
  to   space 21824K,   0% used [0x00000000e6ab0000, 0x00000000e6ab0000, 0x00000000e8000000)
 concurrent mark-sweep generation total 393216K, used 0K [0x00000000e8000000, 0x0000000100000000, 0x0000000100000000)
 Metaspace       used 26748K, capacity 27058K, committed 27388K, reserved 1073152K
  class space    used 3117K, capacity 3261K, committed 3324K, reserved 1048576K
2016-03-04T11:24:07.380+0000: 34.250: [GC (Allocation Failure) 2016-03-04T11:24:07.380+0000: 34.250: [ParNew
Desired survivor size 20112992 bytes, new threshold 8 (max 8)
- age   1:    3678704 bytes,    3678704 total
- age   2:    2910152 bytes,    6588856 total
- age   3:       1264 bytes,    6590120 total
- age   4:    2879648 bytes,    9469768 total
- age   5:    2522000 bytes,   11991768 total
: 101434K->14613K(109248K), 0.0533507 secs] 101434K->14613K(502464K), 0.0536049 secs] [Times: user=0.06 sys=0.03, real=0.05 secs] 
Heap after GC invocations=5 (full 1):
 par new generation   total 109248K, used 14613K [0x00000000e0000000, 0x00000000e8000000, 0x00000000e8000000)
  eden space 87424K,   0% used [0x00000000e0000000, 0x00000000e0000000, 0x00000000e5560000)
  from space 21824K,  66% used [0x00000000e6ab0000, 0x00000000e78f5670, 0x00000000e8000000)
  to   space 21824K,   0% used [0x00000000e5560000, 0x00000000e5560000, 0x00000000e6ab0000)
 concurrent mark-sweep generation total 393216K, used 0K [0x00000000e8000000, 0x0000000100000000, 0x0000000100000000)
 Metaspace       used 26748K, capacity 27058K, committed 27388K, reserved 1073152K
  class space    used 3117K, capacity 3261K, committed 3324K, reserved 1048576K
}
2016-03-04T11:24:07.434+0000: 34.304: Total time for which application threads were stopped: 0.1352102 seconds, Stopping threads took: 0.0809357 seconds
2016-03-04T11:24:07.471+0000: 34.341: Total time for which application threads were stopped: 0.0085354 seconds, Stopping threads took: 0.0081461 seconds
2016-03-04T11:24:07.472+0000: 34.342: Total time for which application threads were stopped: 0.0003016 seconds, Stopping threads took: 0.0000403 seconds
2016-03-04T11:24:08.119+0000: 34.989: Total time for which application threads were stopped: 0.1408460 seconds, Stopping threads took: 0.1404393 seconds
{Heap before GC invocations=5 (full 1):
 par new generation   total 109248K, used 102037K [0x00000000e0000000, 0x00000000e8000000, 0x00000000e8000000)
  eden space 87424K, 100% used [0x00000000e0000000, 0x00000000e5560000, 0x00000000e5560000)
  from space 21824K,  66% used [0x00000000e6ab0000, 0x00000000e78f5670, 0x00000000e8000000)
  to   space 21824K,   0% used [0x00000000e5560000, 0x00000000e5560000, 0x00000000e6ab0000)
 concurrent mark-sweep generation total 393216K, used 0K [0x00000000e8000000, 0x0000000100000000, 0x0000000100000000)
 Metaspace       used 27119K, capacity 27448K, committed 27772K, reserved 1073152K
  class space    used 3163K, capacity 3326K, committed 3452K, reserved 1048576K
2016-03-04T11:24:08.575+0000: 35.446: [GC (Allocation Failure) 2016-03-04T11:24:08.576+0000: 35.446: [ParNew
Desired survivor size 20112992 bytes, new threshold 8 (max 8)
- age   1:    1193872 bytes,    1193872 total
- age   2:    1904536 bytes,    3098408 total
- age   3:    2881424 bytes,    5979832 total
- age   4:       1264 bytes,    5981096 total
- age   5:    2879360 bytes,    8860456 total
- age   6:    2522000 bytes,   11382456 total
: 102037K->16827K(109248K), 0.2354064 secs] 102037K->16827K(502464K), 0.2356480 secs] [Times: user=0.09 sys=0.00, real=0.24 secs] 
Heap after GC invocations=6 (full 1):
 par new generation   total 109248K, used 16827K [0x00000000e0000000, 0x00000000e8000000, 0x00000000e8000000)
  eden space 87424K,   0% used [0x00000000e0000000, 0x00000000e0000000, 0x00000000e5560000)
  from space 21824K,  77% used [0x00000000e5560000, 0x00000000e65cefc0, 0x00000000e6ab0000)
  to   space 21824K,   0% used [0x00000000e6ab0000, 0x00000000e6ab0000, 0x00000000e8000000)
 concurrent mark-sweep generation total 393216K, used 0K [0x00000000e8000000, 0x0000000100000000, 0x0000000100000000)
 Metaspace       used 27119K, capacity 27448K, committed 27772K, reserved 1073152K
  class space    used 3163K, capacity 3326K, committed 3452K, reserved 1048576K
}
2016-03-04T11:24:08.811+0000: 35.682: Total time for which application threads were stopped: 0.2364906 seconds, Stopping threads took: 0.0000955 seconds
2016-03-04T11:24:09.145+0000: 36.015: Total time for which application threads were stopped: 0.0025727 seconds, Stopping threads took: 0.0021439 seconds
2016-03-04T11:24:09.148+0000: 36.019: Total time for which application threads were stopped: 0.0009199 seconds, Stopping threads took: 0.0000521 seconds
{Heap before GC invocations=6 (full 1):
 par new generation   total 109248K, used 104251K [0x00000000e0000000, 0x00000000e8000000, 0x00000000e8000000)
  eden space 87424K, 100% used [0x00000000e0000000, 0x00000000e5560000, 0x00000000e5560000)
  from space 21824K,  77% used [0x00000000e5560000, 0x00000000e65cefc0, 0x00000000e6ab0000)
  to   space 21824K,   0% used [0x00000000e6ab0000, 0x00000000e6ab0000, 0x00000000e8000000)
 concurrent mark-sweep generation total 393216K, used 0K [0x00000000e8000000, 0x0000000100000000, 0x0000000100000000)
 Metaspace       used 27420K, capacity 27760K, committed 28028K, reserved 1073152K
  class space    used 3198K, capacity 3362K, committed 3452K, reserved 1048576K
2016-03-04T11:24:09.714+0000: 36.584: [GC (Allocation Failure) 2016-03-04T11:24:09.714+0000: 36.584: [ParNew
Desired survivor size 20112992 bytes, new threshold 8 (max 8)
- age   1:     641824 bytes,     641824 total
- age   2:     100032 bytes,     741856 total
- age   3:    1904016 bytes,    2645872 total
- age   4:    2881064 bytes,    5526936 total
- age   5:       1264 bytes,    5528200 total
- age   6:    2878824 bytes,    8407024 total
- age   7:    2520320 bytes,   10927344 total
: 104251K->13958K(109248K), 0.0464380 secs] 104251K->13958K(502464K), 0.0466410 secs] [Times: user=0.06 sys=0.00, real=0.05 secs] 
Heap after GC invocations=7 (full 1):
 par new generation   total 109248K, used 13958K [0x00000000e0000000, 0x00000000e8000000, 0x00000000e8000000)
  eden space 87424K,   0% used [0x00000000e0000000, 0x00000000e0000000, 0x00000000e5560000)
  from space 21824K,  63% used [0x00000000e6ab0000, 0x00000000e7851b50, 0x00000000e8000000)
  to   space 21824K,   0% used [0x00000000e5560000, 0x00000000e5560000, 0x00000000e6ab0000)
 concurrent mark-sweep generation total 393216K, used 0K [0x00000000e8000000, 0x0000000100000000, 0x0000000100000000)
 Metaspace       used 27420K, capacity 27760K, committed 28028K, reserved 1073152K
  class space    used 3198K, capacity 3362K, committed 3452K, reserved 1048576K
}
2016-03-04T11:24:09.761+0000: 36.631: Total time for which application threads were stopped: 0.0474772 seconds, Stopping threads took: 0.0000766 seconds
2016-03-04T11:24:10.775+0000: 37.645: Total time for which application threads were stopped: 0.0122310 seconds, Stopping threads took: 0.0119119 seconds
{Heap before GC invocations=7 (full 1):
 par new generation   total 109248K, used 101382K [0x00000000e0000000, 0x00000000e8000000, 0x00000000e8000000)
  eden space 87424K, 100% used [0x00000000e0000000, 0x00000000e5560000, 0x00000000e5560000)
  from space 21824K,  63% used [0x00000000e6ab0000, 0x00000000e7851b50, 0x00000000e8000000)
  to   space 21824K,   0% used [0x00000000e5560000, 0x00000000e5560000, 0x00000000e6ab0000)
 concurrent mark-sweep generation total 393216K, used 0K [0x00000000e8000000, 0x0000000100000000, 0x0000000100000000)
 Metaspace       used 27584K, capacity 27896K, committed 28284K, reserved 1075200K
  class space    used 3223K, capacity 3364K, committed 3452K, reserved 1048576K
2016-03-04T11:24:10.876+0000: 37.746: [GC (Allocation Failure) 2016-03-04T11:24:10.876+0000: 37.746: [ParNew
Desired survivor size 20112992 bytes, new threshold 8 (max 8)
- age   1:     962344 bytes,     962344 total
- age   2:     120408 bytes,    1082752 total
- age   3:     100000 bytes,    1182752 total
- age   4:    1903680 bytes,    3086432 total
- age   5:    2880848 bytes,    5967280 total
- age   6:       1264 bytes,    5968544 total
- age   7:    2875464 bytes,    8844008 total
- age   8:    2520320 bytes,   11364328 total
: 101382K->14843K(109248K), 0.0737332 secs] 101382K->14843K(502464K), 0.0739314 secs] [Times: user=0.09 sys=0.01, real=0.07 secs] 
Heap after GC invocations=8 (full 1):
 par new generation   total 109248K, used 14843K [0x00000000e0000000, 0x00000000e8000000, 0x00000000e8000000)
  eden space 87424K,   0% used [0x00000000e0000000, 0x00000000e0000000, 0x00000000e5560000)
  from space 21824K,  68% used [0x00000000e5560000, 0x00000000e63ded88, 0x00000000e6ab0000)
  to   space 21824K,   0% used [0x00000000e6ab0000, 0x00000000e6ab0000, 0x00000000e8000000)
 concurrent mark-sweep generation total 393216K, used 0K [0x00000000e8000000, 0x0000000100000000, 0x0000000100000000)
 Metaspace       used 27584K, capacity 27896K, committed 28284K, reserved 1075200K
  class space    used 3223K, capacity 3364K, committed 3452K, reserved 1048576K
}
2016-03-04T11:24:10.950+0000: 37.820: Total time for which application threads were stopped: 0.0889530 seconds, Stopping threads took: 0.0143062 seconds
2016-03-04T11:24:11.678+0000: 38.548: Total time for which application threads were stopped: 0.0004351 seconds, Stopping threads took: 0.0000584 seconds
2016-03-04T11:24:11.807+0000: 38.677: Total time for which application threads were stopped: 0.0003625 seconds, Stopping threads took: 0.0000632 seconds
2016-03-04T11:24:11.810+0000: 38.680: Total time for which application threads were stopped: 0.0003285 seconds, Stopping threads took: 0.0000474 seconds
2016-03-04T11:24:11.814+0000: 38.684: Total time for which application threads were stopped: 0.0003711 seconds, Stopping threads took: 0.0000648 seconds
2016-03-04T11:24:11.819+0000: 38.689: Total time for which application threads were stopped: 0.0003806 seconds, Stopping threads took: 0.0000632 seconds
2016-03-04T11:24:11.870+0000: 38.740: Total time for which application threads were stopped: 0.0003546 seconds, Stopping threads took: 0.0000529 seconds
2016-03-04T11:24:11.888+0000: 38.759: Total time for which application threads were stopped: 0.0045137 seconds, Stopping threads took: 0.0041181 seconds
2016-03-04T11:24:11.930+0000: 38.800: Total time for which application threads were stopped: 0.0034374 seconds, Stopping threads took: 0.0029612 seconds
2016-03-04T11:24:11.940+0000: 38.810: Total time for which application threads were stopped: 0.0039838 seconds, Stopping threads took: 0.0035945 seconds
2016-03-04T11:24:12.176+0000: 39.046: Total time for which application threads were stopped: 0.0004043 seconds, Stopping threads took: 0.0000632 seconds
2016-03-04T11:24:12.652+0000: 39.522: Total time for which application threads were stopped: 0.0013132 seconds, Stopping threads took: 0.0003080 seconds
2016-03-04T11:24:12.675+0000: 39.544: Total time for which application threads were stopped: 0.0009910 seconds, Stopping threads took: 0.0000553 seconds
2016-03-04T11:24:12.907+0000: 39.776: Total time for which application threads were stopped: 0.0015296 seconds, Stopping threads took: 0.0011703 seconds
2016-03-04T11:24:13.404+0000: 40.273: Total time for which application threads were stopped: 0.0025364 seconds, Stopping threads took: 0.0016085 seconds
2016-03-04T11:24:14.406+0000: 41.275: Total time for which application threads were stopped: 0.0020357 seconds, Stopping threads took: 0.0016812 seconds
2016-03-04T11:24:15.319+0000: 42.189: Total time for which application threads were stopped: 0.0004770 seconds, Stopping threads took: 0.0000640 seconds
2016-03-04T11:24:15.860+0000: 42.730: Total time for which application threads were stopped: 0.0003988 seconds, Stopping threads took: 0.0000561 seconds
2016-03-04T11:24:15.863+0000: 42.733: Total time for which application threads were stopped: 0.0009950 seconds, Stopping threads took: 0.0000584 seconds
2016-03-04T11:24:15.911+0000: 42.781: Total time for which application threads were stopped: 0.0335722 seconds, Stopping threads took: 0.0331268 seconds
2016-03-04T11:24:15.929+0000: 42.799: Total time for which application threads were stopped: 0.0007454 seconds, Stopping threads took: 0.0003775 seconds
2016-03-04T11:24:16.027+0000: 42.897: Total time for which application threads were stopped: 0.0010874 seconds, Stopping threads took: 0.0000624 seconds
2016-03-04T11:24:16.029+0000: 42.899: Total time for which application threads were stopped: 0.0003703 seconds, Stopping threads took: 0.0000466 seconds
2016-03-04T11:24:16.096+0000: 42.965: Total time for which application threads were stopped: 0.0004343 seconds, Stopping threads took: 0.0000632 seconds
2016-03-04T11:24:16.117+0000: 42.987: Total time for which application threads were stopped: 0.0003688 seconds, Stopping threads took: 0.0000600 seconds
2016-03-04T11:24:16.135+0000: 43.004: Total time for which application threads were stopped: 0.0004169 seconds, Stopping threads took: 0.0000782 seconds
2016-03-04T11:24:16.142+0000: 43.012: Total time for which application threads were stopped: 0.0004240 seconds, Stopping threads took: 0.0000695 seconds
2016-03-04T11:24:16.143+0000: 43.013: Total time for which application threads were stopped: 0.0002614 seconds, Stopping threads took: 0.0000395 seconds
2016-03-04T11:24:16.143+0000: 43.013: Total time for which application threads were stopped: 0.0002069 seconds, Stopping threads took: 0.0000292 seconds
2016-03-04T11:24:16.144+0000: 43.013: Total time for which application threads were stopped: 0.0002329 seconds, Stopping threads took: 0.0000308 seconds
2016-03-04T11:24:16.145+0000: 43.015: Total time for which application threads were stopped: 0.0003388 seconds, Stopping threads took: 0.0000434 seconds
2016-03-04T11:24:16.145+0000: 43.015: Total time for which application threads were stopped: 0.0002432 seconds, Stopping threads took: 0.0000347 seconds
2016-03-04T11:24:16.167+0000: 43.037: Total time for which application threads were stopped: 0.0032392 seconds, Stopping threads took: 0.0023650 seconds
2016-03-04T11:24:16.219+0000: 43.089: Total time for which application threads were stopped: 0.0013953 seconds, Stopping threads took: 0.0002329 seconds
2016-03-04T11:24:16.379+0000: 43.249: Total time for which application threads were stopped: 0.0005346 seconds, Stopping threads took: 0.0002235 seconds
2016-03-04T11:24:16.385+0000: 43.254: Total time for which application threads were stopped: 0.0003980 seconds, Stopping threads took: 0.0000624 seconds
2016-03-04T11:24:16.456+0000: 43.326: Total time for which application threads were stopped: 0.0008070 seconds, Stopping threads took: 0.0004604 seconds
2016-03-04T11:24:16.531+0000: 43.401: Total time for which application threads were stopped: 0.0008481 seconds, Stopping threads took: 0.0000640 seconds
2016-03-04T11:24:16.567+0000: 43.437: Total time for which application threads were stopped: 0.0009199 seconds, Stopping threads took: 0.0005599 seconds
2016-03-04T11:24:16.630+0000: 43.500: Total time for which application threads were stopped: 0.0089428 seconds, Stopping threads took: 0.0085938 seconds
2016-03-04T11:24:16.636+0000: 43.505: Total time for which application threads were stopped: 0.0041465 seconds, Stopping threads took: 0.0037659 seconds
2016-03-04T11:24:16.636+0000: 43.506: Total time for which application threads were stopped: 0.0002227 seconds, Stopping threads took: 0.0000395 seconds
2016-03-04T11:24:16.672+0000: 43.542: Total time for which application threads were stopped: 0.0010005 seconds, Stopping threads took: 0.0006491 seconds
{Heap before GC invocations=8 (full 1):
 par new generation   total 109248K, used 102267K [0x00000000e0000000, 0x00000000e8000000, 0x00000000e8000000)
  eden space 87424K, 100% used [0x00000000e0000000, 0x00000000e5560000, 0x00000000e5560000)
  from space 21824K,  68% used [0x00000000e5560000, 0x00000000e63ded88, 0x00000000e6ab0000)
  to   space 21824K,   0% used [0x00000000e6ab0000, 0x00000000e6ab0000, 0x00000000e8000000)
 concurrent mark-sweep generation total 393216K, used 0K [0x00000000e8000000, 0x0000000100000000, 0x0000000100000000)
 Metaspace       used 31328K, capacity 31688K, committed 31996K, reserved 1077248K
  class space    used 3660K, capacity 3818K, committed 3836K, reserved 1048576K
2016-03-04T11:24:17.170+0000: 44.039: [GC (Allocation Failure) 2016-03-04T11:24:17.170+0000: 44.039: [ParNew
Desired survivor size 20112992 bytes, new threshold 8 (max 8)
- age   1:    4888928 bytes,    4888928 total
- age   2:     102880 bytes,    4991808 total
- age   3:     119064 bytes,    5110872 total
- age   4:      98384 bytes,    5209256 total
- age   5:     447752 bytes,    5657008 total
- age   6:    2865872 bytes,    8522880 total
- age   7:       1248 bytes,    8524128 total
- age   8:    2865880 bytes,   11390008 total
: 102267K->13777K(109248K), 0.1692657 secs] 102267K->16440K(502464K), 0.1695026 secs] [Times: user=0.25 sys=0.05, real=0.17 secs] 
Heap after GC invocations=9 (full 1):
 par new generation   total 109248K, used 13777K [0x00000000e0000000, 0x00000000e8000000, 0x00000000e8000000)
  eden space 87424K,   0% used [0x00000000e0000000, 0x00000000e0000000, 0x00000000e5560000)
  from space 21824K,  63% used [0x00000000e6ab0000, 0x00000000e7824740, 0x00000000e8000000)
  to   space 21824K,   0% used [0x00000000e5560000, 0x00000000e5560000, 0x00000000e6ab0000)
 concurrent mark-sweep generation total 393216K, used 2663K [0x00000000e8000000, 0x0000000100000000, 0x0000000100000000)
 Metaspace       used 31328K, capacity 31688K, committed 31996K, reserved 1077248K
  class space    used 3660K, capacity 3818K, committed 3836K, reserved 1048576K
}
2016-03-04T11:24:17.339+0000: 44.209: Total time for which application threads were stopped: 0.1701375 seconds, Stopping threads took: 0.0000648 seconds
2016-03-04T11:24:17.667+0000: 44.536: Total time for which application threads were stopped: 0.0022331 seconds, Stopping threads took: 0.0018652 seconds
2016-03-04T11:24:17.755+0000: 44.625: Total time for which application threads were stopped: 0.0004975 seconds, Stopping threads took: 0.0001153 seconds
2016-03-04T11:24:17.980+0000: 44.850: Total time for which application threads were stopped: 0.0006902 seconds, Stopping threads took: 0.0003735 seconds
2016-03-04T11:24:18.112+0000: 44.982: Total time for which application threads were stopped: 0.0004193 seconds, Stopping threads took: 0.0000671 seconds
2016-03-04T11:24:18.113+0000: 44.983: Total time for which application threads were stopped: 0.0002977 seconds, Stopping threads took: 0.0000458 seconds
2016-03-04T11:24:18.113+0000: 44.983: Total time for which application threads were stopped: 0.0002148 seconds, Stopping threads took: 0.0000308 seconds
2016-03-04T11:24:18.113+0000: 44.983: Total time for which application threads were stopped: 0.0001974 seconds, Stopping threads took: 0.0000308 seconds
2016-03-04T11:24:18.115+0000: 44.984: Total time for which application threads were stopped: 0.0003088 seconds, Stopping threads took: 0.0000521 seconds
2016-03-04T11:24:18.340+0000: 45.210: Total time for which application threads were stopped: 0.0003869 seconds, Stopping threads took: 0.0000632 seconds
2016-03-04T11:24:18.352+0000: 45.222: Total time for which application threads were stopped: 0.0004051 seconds, Stopping threads took: 0.0000632 seconds
2016-03-04T11:24:18.353+0000: 45.223: Total time for which application threads were stopped: 0.0002235 seconds, Stopping threads took: 0.0000363 seconds
2016-03-04T11:24:18.521+0000: 45.391: Total time for which application threads were stopped: 0.0048698 seconds, Stopping threads took: 0.0045318 seconds
2016-03-04T11:24:18.542+0000: 45.412: Total time for which application threads were stopped: 0.0004746 seconds, Stopping threads took: 0.0000703 seconds
2016-03-04T11:24:18.677+0000: 45.552: Total time for which application threads were stopped: 0.0815398 seconds, Stopping threads took: 0.0811220 seconds
2016-03-04T11:24:18.679+0000: 45.554: Total time for which application threads were stopped: 0.0004612 seconds, Stopping threads took: 0.0000711 seconds
2016-03-04T11:24:18.705+0000: 45.580: Total time for which application threads were stopped: 0.0004619 seconds, Stopping threads took: 0.0000529 seconds
2016-03-04T11:24:18.785+0000: 45.660: Total time for which application threads were stopped: 0.0004359 seconds, Stopping threads took: 0.0000671 seconds
2016-03-04T11:24:18.800+0000: 45.675: Total time for which application threads were stopped: 0.0004225 seconds, Stopping threads took: 0.0000608 seconds
2016-03-04T11:24:18.839+0000: 45.713: Total time for which application threads were stopped: 0.0015311 seconds, Stopping threads took: 0.0000640 seconds
2016-03-04T11:24:18.841+0000: 45.716: Total time for which application threads were stopped: 0.0003893 seconds, Stopping threads took: 0.0000561 seconds
2016-03-04T11:24:18.887+0000: 45.762: Total time for which application threads were stopped: 0.0004359 seconds, Stopping threads took: 0.0000632 seconds
2016-03-04T11:24:18.927+0000: 45.802: Total time for which application threads were stopped: 0.0004572 seconds, Stopping threads took: 0.0000679 seconds
2016-03-04T11:24:18.928+0000: 45.803: Total time for which application threads were stopped: 0.0002211 seconds, Stopping threads took: 0.0000442 seconds
2016-03-04T11:24:18.984+0000: 45.859: Total time for which application threads were stopped: 0.0018889 seconds, Stopping threads took: 0.0013037 seconds
2016-03-04T11:24:19.036+0000: 45.911: Total time for which application threads were stopped: 0.0004083 seconds, Stopping threads took: 0.0000561 seconds
2016-03-04T11:24:19.105+0000: 45.980: Total time for which application threads were stopped: 0.0009034 seconds, Stopping threads took: 0.0005117 seconds
2016-03-04T11:24:19.106+0000: 45.981: Total time for which application threads were stopped: 0.0006752 seconds, Stopping threads took: 0.0004035 seconds
2016-03-04T11:24:19.112+0000: 45.986: Total time for which application threads were stopped: 0.0012145 seconds, Stopping threads took: 0.0008378 seconds
2016-03-04T11:24:19.112+0000: 45.987: Total time for which application threads were stopped: 0.0005599 seconds, Stopping threads took: 0.0003474 seconds
2016-03-04T11:24:19.122+0000: 45.997: Total time for which application threads were stopped: 0.0049582 seconds, Stopping threads took: 0.0045824 seconds
2016-03-04T11:24:19.145+0000: 46.020: Total time for which application threads were stopped: 0.0004975 seconds, Stopping threads took: 0.0001137 seconds
2016-03-04T11:24:19.158+0000: 46.032: Total time for which application threads were stopped: 0.0004035 seconds, Stopping threads took: 0.0000766 seconds
2016-03-04T11:24:19.171+0000: 46.046: Total time for which application threads were stopped: 0.0004612 seconds, Stopping threads took: 0.0000782 seconds
2016-03-04T11:24:19.199+0000: 46.074: Total time for which application threads were stopped: 0.0034618 seconds, Stopping threads took: 0.0030425 seconds
2016-03-04T11:24:19.202+0000: 46.077: Total time for which application threads were stopped: 0.0004122 seconds, Stopping threads took: 0.0000687 seconds
2016-03-04T11:24:19.216+0000: 46.091: Total time for which application threads were stopped: 0.0003593 seconds, Stopping threads took: 0.0000663 seconds
2016-03-04T11:24:19.229+0000: 46.104: Total time for which application threads were stopped: 0.0004098 seconds, Stopping threads took: 0.0000640 seconds
2016-03-04T11:24:19.286+0000: 46.161: Total time for which application threads were stopped: 0.0003830 seconds, Stopping threads took: 0.0000671 seconds
2016-03-04T11:24:19.321+0000: 46.196: Total time for which application threads were stopped: 0.0003964 seconds, Stopping threads took: 0.0000687 seconds
2016-03-04T11:24:19.321+0000: 46.196: Total time for which application threads were stopped: 0.0002061 seconds, Stopping threads took: 0.0000379 seconds
2016-03-04T11:24:19.335+0000: 46.210: Total time for which application threads were stopped: 0.0004296 seconds, Stopping threads took: 0.0000774 seconds
2016-03-04T11:24:19.335+0000: 46.210: Total time for which application threads were stopped: 0.0002108 seconds, Stopping threads took: 0.0000355 seconds
2016-03-04T11:24:19.356+0000: 46.231: Total time for which application threads were stopped: 0.0008560 seconds, Stopping threads took: 0.0000608 seconds
2016-03-04T11:24:19.514+0000: 46.389: Total time for which application threads were stopped: 0.0004319 seconds, Stopping threads took: 0.0000624 seconds
2016-03-04T11:24:19.552+0000: 46.426: Total time for which application threads were stopped: 0.0004161 seconds, Stopping threads took: 0.0000671 seconds
2016-03-04T11:24:19.596+0000: 46.471: Total time for which application threads were stopped: 0.0003656 seconds, Stopping threads took: 0.0000529 seconds
2016-03-04T11:24:20.596+0000: 47.471: Total time for which application threads were stopped: 0.0003806 seconds, Stopping threads took: 0.0000663 seconds
2016-03-04T11:24:20.772+0000: 47.647: Total time for which application threads were stopped: 0.0003269 seconds, Stopping threads took: 0.0000497 seconds
2016-03-04T11:24:21.670+0000: 48.545: Total time for which application threads were stopped: 0.0108475 seconds, Stopping threads took: 0.0104155 seconds
2016-03-04T11:24:21.673+0000: 48.548: Total time for which application threads were stopped: 0.0021313 seconds, Stopping threads took: 0.0017396 seconds
2016-03-04T11:24:21.674+0000: 48.549: Total time for which application threads were stopped: 0.0003064 seconds, Stopping threads took: 0.0000513 seconds
2016-03-04T11:24:21.675+0000: 48.550: Total time for which application threads were stopped: 0.0001911 seconds, Stopping threads took: 0.0000300 seconds
2016-03-04T11:24:21.717+0000: 48.592: Total time for which application threads were stopped: 0.0004146 seconds, Stopping threads took: 0.0000695 seconds
2016-03-04T11:24:21.968+0000: 48.843: Total time for which application threads were stopped: 0.0003751 seconds, Stopping threads took: 0.0000640 seconds
2016-03-04T11:24:22.078+0000: 48.953: Total time for which application threads were stopped: 0.0003759 seconds, Stopping threads took: 0.0000545 seconds
2016-03-04T11:24:22.078+0000: 48.953: Total time for which application threads were stopped: 0.0001761 seconds, Stopping threads took: 0.0000237 seconds
2016-03-04T11:24:22.084+0000: 48.959: Total time for which application threads were stopped: 0.0003972 seconds, Stopping threads took: 0.0000655 seconds
2016-03-04T11:24:22.090+0000: 48.965: Total time for which application threads were stopped: 0.0003467 seconds, Stopping threads took: 0.0000553 seconds
2016-03-04T11:24:22.178+0000: 49.053: Total time for which application threads were stopped: 0.0008757 seconds, Stopping threads took: 0.0000529 seconds
2016-03-04T11:24:23.182+0000: 50.057: Total time for which application threads were stopped: 0.0004122 seconds, Stopping threads took: 0.0000616 seconds
2016-03-04T11:24:24.190+0000: 51.065: Total time for which application threads were stopped: 0.0003648 seconds, Stopping threads took: 0.0000640 seconds
2016-03-04T11:24:25.010+0000: 51.885: Total time for which application threads were stopped: 0.0004319 seconds, Stopping threads took: 0.0000529 seconds
2016-03-04T11:24:25.856+0000: 52.731: Total time for which application threads were stopped: 0.0003514 seconds, Stopping threads took: 0.0000616 seconds
2016-03-04T11:24:25.857+0000: 52.732: Total time for which application threads were stopped: 0.0002053 seconds, Stopping threads took: 0.0000576 seconds
2016-03-04T11:24:25.857+0000: 52.732: Total time for which application threads were stopped: 0.0001674 seconds, Stopping threads took: 0.0000300 seconds
2016-03-04T11:24:25.869+0000: 52.744: Total time for which application threads were stopped: 0.0003372 seconds, Stopping threads took: 0.0000592 seconds
2016-03-04T11:24:25.878+0000: 52.753: Total time for which application threads were stopped: 0.0003609 seconds, Stopping threads took: 0.0000640 seconds
2016-03-04T11:24:25.880+0000: 52.755: Total time for which application threads were stopped: 0.0003538 seconds, Stopping threads took: 0.0000569 seconds
2016-03-04T11:24:26.023+0000: 52.899: Total time for which application threads were stopped: 0.0003996 seconds, Stopping threads took: 0.0000537 seconds
2016-03-04T11:24:26.506+0000: 53.381: Total time for which application threads were stopped: 0.0020191 seconds, Stopping threads took: 0.0016985 seconds
2016-03-04T11:24:26.522+0000: 53.397: Total time for which application threads were stopped: 0.0003388 seconds, Stopping threads took: 0.0000687 seconds
2016-03-04T11:24:26.568+0000: 53.443: Total time for which application threads were stopped: 0.0003640 seconds, Stopping threads took: 0.0000624 seconds
2016-03-04T11:24:26.584+0000: 53.459: Total time for which application threads were stopped: 0.0018802 seconds, Stopping threads took: 0.0015991 seconds
2016-03-04T11:24:26.585+0000: 53.460: Total time for which application threads were stopped: 0.0002069 seconds, Stopping threads took: 0.0000600 seconds
2016-03-04T11:24:26.943+0000: 53.818: Total time for which application threads were stopped: 0.1887449 seconds, Stopping threads took: 0.1883816 seconds
2016-03-04T11:24:26.944+0000: 53.819: Total time for which application threads were stopped: 0.0002022 seconds, Stopping threads took: 0.0000419 seconds
2016-03-04T11:24:26.944+0000: 53.819: Total time for which application threads were stopped: 0.0001445 seconds, Stopping threads took: 0.0000268 seconds
2016-03-04T11:24:26.950+0000: 53.825: Total time for which application threads were stopped: 0.0003451 seconds, Stopping threads took: 0.0000671 seconds
2016-03-04T11:24:26.951+0000: 53.826: Total time for which application threads were stopped: 0.0002859 seconds, Stopping threads took: 0.0000442 seconds
2016-03-04T11:24:26.952+0000: 53.827: Total time for which application threads were stopped: 0.0002203 seconds, Stopping threads took: 0.0000379 seconds
2016-03-04T11:24:26.952+0000: 53.827: Total time for which application threads were stopped: 0.0001587 seconds, Stopping threads took: 0.0000276 seconds
2016-03-04T11:24:26.952+0000: 53.827: Total time for which application threads were stopped: 0.0001548 seconds, Stopping threads took: 0.0000261 seconds
2016-03-04T11:24:27.038+0000: 53.913: Total time for which application threads were stopped: 0.0003735 seconds, Stopping threads took: 0.0000561 seconds
2016-03-04T11:24:27.238+0000: 54.113: Total time for which application threads were stopped: 0.0021455 seconds, Stopping threads took: 0.0018446 seconds
2016-03-04T11:24:27.238+0000: 54.113: Total time for which application threads were stopped: 0.0001777 seconds, Stopping threads took: 0.0000347 seconds
2016-03-04T11:24:27.254+0000: 54.129: Total time for which application threads were stopped: 0.0003443 seconds, Stopping threads took: 0.0000648 seconds
2016-03-04T11:24:27.254+0000: 54.129: Total time for which application threads were stopped: 0.0001785 seconds, Stopping threads took: 0.0000292 seconds
2016-03-04T11:24:27.260+0000: 54.135: Total time for which application threads were stopped: 0.0003467 seconds, Stopping threads took: 0.0000592 seconds
2016-03-04T11:24:27.260+0000: 54.136: Total time for which application threads were stopped: 0.0001721 seconds, Stopping threads took: 0.0000300 seconds
2016-03-04T11:24:27.268+0000: 54.143: Total time for which application threads were stopped: 0.0004154 seconds, Stopping threads took: 0.0000537 seconds
2016-03-04T11:24:27.280+0000: 54.156: Total time for which application threads were stopped: 0.0005085 seconds, Stopping threads took: 0.0001524 seconds
2016-03-04T11:24:27.283+0000: 54.158: Total time for which application threads were stopped: 0.0003514 seconds, Stopping threads took: 0.0000624 seconds
2016-03-04T11:24:27.417+0000: 54.292: Total time for which application threads were stopped: 0.0003925 seconds, Stopping threads took: 0.0000545 seconds
2016-03-04T11:24:27.419+0000: 54.295: Total time for which application threads were stopped: 0.0003403 seconds, Stopping threads took: 0.0000608 seconds
2016-03-04T11:24:27.424+0000: 54.299: Total time for which application threads were stopped: 0.0020665 seconds, Stopping threads took: 0.0017270 seconds
2016-03-04T11:24:27.427+0000: 54.302: Total time for which application threads were stopped: 0.0003601 seconds, Stopping threads took: 0.0000695 seconds
2016-03-04T11:24:27.434+0000: 54.310: Total time for which application threads were stopped: 0.0021573 seconds, Stopping threads took: 0.0018581 seconds
2016-03-04T11:24:27.435+0000: 54.310: Total time for which application threads were stopped: 0.0002306 seconds, Stopping threads took: 0.0000474 seconds
2016-03-04T11:24:27.650+0000: 54.525: Total time for which application threads were stopped: 0.0300843 seconds, Stopping threads took: 0.0297574 seconds
2016-03-04T11:24:27.651+0000: 54.526: Total time for which application threads were stopped: 0.0002827 seconds, Stopping threads took: 0.0000553 seconds
2016-03-04T11:24:27.653+0000: 54.528: Total time for which application threads were stopped: 0.0003214 seconds, Stopping threads took: 0.0000687 seconds
2016-03-04T11:24:27.663+0000: 54.538: Total time for which application threads were stopped: 0.0004138 seconds, Stopping threads took: 0.0000979 seconds
2016-03-04T11:24:27.711+0000: 54.586: Total time for which application threads were stopped: 0.0004027 seconds, Stopping threads took: 0.0000600 seconds
2016-03-04T11:24:28.032+0000: 54.907: Total time for which application threads were stopped: 0.0036340 seconds, Stopping threads took: 0.0032992 seconds
2016-03-04T11:24:28.034+0000: 54.910: Total time for which application threads were stopped: 0.0009128 seconds, Stopping threads took: 0.0001169 seconds
2016-03-04T11:24:28.356+0000: 55.232: Total time for which application threads were stopped: 0.0345750 seconds, Stopping threads took: 0.0341557 seconds
2016-03-04T11:24:28.366+0000: 55.241: Total time for which application threads were stopped: 0.0009468 seconds, Stopping threads took: 0.0000505 seconds
{Heap before GC invocations=9 (full 1):
 par new generation   total 109248K, used 101173K [0x00000000e0000000, 0x00000000e8000000, 0x00000000e8000000)
  eden space 87424K,  99% used [0x00000000e0000000, 0x00000000e5558d00, 0x00000000e5560000)
  from space 21824K,  63% used [0x00000000e6ab0000, 0x00000000e7824740, 0x00000000e8000000)
  to   space 21824K,   0% used [0x00000000e5560000, 0x00000000e5560000, 0x00000000e6ab0000)
 concurrent mark-sweep generation total 393216K, used 2663K [0x00000000e8000000, 0x0000000100000000, 0x0000000100000000)
 Metaspace       used 33788K, capacity 34186K, committed 34556K, reserved 1079296K
  class space    used 3913K, capacity 4085K, committed 4092K, reserved 1048576K
2016-03-04T11:24:28.485+0000: 55.361: [GC (Allocation Failure) 2016-03-04T11:24:28.485+0000: 55.361: [ParNew
Desired survivor size 20112992 bytes, new threshold 8 (max 8)
- age   1:    9106488 bytes,    9106488 total
- age   2:    1947592 bytes,   11054080 total
- age   3:     102784 bytes,   11156864 total
- age   4:     117888 bytes,   11274752 total
- age   5:      93264 bytes,   11368016 total
- age   6:     436080 bytes,   11804096 total
- age   7:    2724208 bytes,   14528304 total
- age   8:       1184 bytes,   14529488 total
: 101173K->17010K(109248K), 0.2480614 secs] 103836K->22602K(502464K), 0.2483551 secs] [Times: user=0.14 sys=0.02, real=0.25 secs] 
Heap after GC invocations=10 (full 1):
 par new generation   total 109248K, used 17010K [0x00000000e0000000, 0x00000000e8000000, 0x00000000e8000000)
  eden space 87424K,   0% used [0x00000000e0000000, 0x00000000e0000000, 0x00000000e5560000)
  from space 21824K,  77% used [0x00000000e5560000, 0x00000000e65fc8a8, 0x00000000e6ab0000)
  to   space 21824K,   0% used [0x00000000e6ab0000, 0x00000000e6ab0000, 0x00000000e8000000)
 concurrent mark-sweep generation total 393216K, used 5592K [0x00000000e8000000, 0x0000000100000000, 0x0000000100000000)
 Metaspace       used 33788K, capacity 34186K, committed 34556K, reserved 1079296K
  class space    used 3913K, capacity 4085K, committed 4092K, reserved 1048576K
}
2016-03-04T11:24:28.734+0000: 55.609: Total time for which application threads were stopped: 0.2490532 seconds, Stopping threads took: 0.0000758 seconds
2016-03-04T11:24:28.828+0000: 55.703: Total time for which application threads were stopped: 0.0571450 seconds, Stopping threads took: 0.0567335 seconds
2016-03-04T11:24:29.258+0000: 56.133: Total time for which application threads were stopped: 0.0703709 seconds, Stopping threads took: 0.0699911 seconds
{Heap before GC invocations=10 (full 1):
 par new generation   total 109248K, used 104434K [0x00000000e0000000, 0x00000000e8000000, 0x00000000e8000000)
  eden space 87424K, 100% used [0x00000000e0000000, 0x00000000e5560000, 0x00000000e5560000)
  from space 21824K,  77% used [0x00000000e5560000, 0x00000000e65fc8a8, 0x00000000e6ab0000)
  to   space 21824K,   0% used [0x00000000e6ab0000, 0x00000000e6ab0000, 0x00000000e8000000)
 concurrent mark-sweep generation total 393216K, used 5592K [0x00000000e8000000, 0x0000000100000000, 0x0000000100000000)
 Metaspace       used 33807K, capacity 34250K, committed 34556K, reserved 1079296K
  class space    used 3913K, capacity 4085K, committed 4092K, reserved 1048576K
2016-03-04T11:24:29.668+0000: 56.543: [GC (Allocation Failure) 2016-03-04T11:24:29.668+0000: 56.544: [ParNew
Desired survivor size 20112992 bytes, new threshold 8 (max 8)
- age   1:     136232 bytes,     136232 total
- age   2:    6963376 bytes,    7099608 total
- age   3:    1946032 bytes,    9045640 total
- age   4:     102784 bytes,    9148424 total
- age   5:     117888 bytes,    9266312 total
- age   6:      93264 bytes,    9359576 total
- age   7:     436080 bytes,    9795656 total
- age   8:    2722512 bytes,   12518168 total
: 104434K->19607K(109248K), 0.1131844 secs] 110026K->25201K(502464K), 0.1133842 secs] [Times: user=0.09 sys=0.00, real=0.11 secs] 
Heap after GC invocations=11 (full 1):
 par new generation   total 109248K, used 19607K [0x00000000e0000000, 0x00000000e8000000, 0x00000000e8000000)
  eden space 87424K,   0% used [0x00000000e0000000, 0x00000000e0000000, 0x00000000e5560000)
  from space 21824K,  89% used [0x00000000e6ab0000, 0x00000000e7dd5e80, 0x00000000e8000000)
  to   space 21824K,   0% used [0x00000000e5560000, 0x00000000e5560000, 0x00000000e6ab0000)
 concurrent mark-sweep generation total 393216K, used 5593K [0x00000000e8000000, 0x0000000100000000, 0x0000000100000000)
 Metaspace       used 33807K, capacity 34250K, committed 34556K, reserved 1079296K
  class space    used 3913K, capacity 4085K, committed 4092K, reserved 1048576K
}
2016-03-04T11:24:29.782+0000: 56.657: Total time for which application threads were stopped: 0.3665768 seconds, Stopping threads took: 0.2525798 seconds
2016-03-04T11:24:29.795+0000: 56.670: Total time for which application threads were stopped: 0.0021952 seconds, Stopping threads took: 0.0018667 seconds
2016-03-04T11:24:29.872+0000: 56.747: Total time for which application threads were stopped: 0.0038061 seconds, Stopping threads took: 0.0033323 seconds
2016-03-04T11:24:30.142+0000: 57.017: Total time for which application threads were stopped: 0.0353805 seconds, Stopping threads took: 0.0349833 seconds
2016-03-04T11:24:30.143+0000: 57.018: Total time for which application threads were stopped: 0.0002480 seconds, Stopping threads took: 0.0000419 seconds
2016-03-04T11:24:30.184+0000: 57.059: Total time for which application threads were stopped: 0.0003798 seconds, Stopping threads took: 0.0000537 seconds
2016-03-04T11:24:30.221+0000: 57.097: Total time for which application threads were stopped: 0.0003403 seconds, Stopping threads took: 0.0000608 seconds
2016-03-04T11:24:30.299+0000: 57.174: Total time for which application threads were stopped: 0.0011655 seconds, Stopping threads took: 0.0008157 seconds
2016-03-04T11:24:30.405+0000: 57.280: Total time for which application threads were stopped: 0.0355360 seconds, Stopping threads took: 0.0351886 seconds
{Heap before GC invocations=11 (full 1):
 par new generation   total 109248K, used 107006K [0x00000000e0000000, 0x00000000e8000000, 0x00000000e8000000)
  eden space 87424K,  99% used [0x00000000e0000000, 0x00000000e5559d18, 0x00000000e5560000)
  from space 21824K,  89% used [0x00000000e6ab0000, 0x00000000e7dd5e80, 0x00000000e8000000)
  to   space 21824K,   0% used [0x00000000e5560000, 0x00000000e5560000, 0x00000000e6ab0000)
 concurrent mark-sweep generation total 393216K, used 5593K [0x00000000e8000000, 0x0000000100000000, 0x0000000100000000)
 Metaspace       used 33864K, capacity 34332K, committed 34556K, reserved 1079296K
  class space    used 3914K, capacity 4088K, committed 4092K, reserved 1048576K
2016-03-04T11:24:30.576+0000: 57.451: [GC (Allocation Failure) 2016-03-04T11:24:30.576+0000: 57.451: [ParNew
Desired survivor size 20112992 bytes, new threshold 8 (max 8)
- age   1:     713240 bytes,     713240 total
- age   2:      84456 bytes,     797696 total
- age   3:    6926048 bytes,    7723744 total
- age   4:    1945328 bytes,    9669072 total
- age   5:     102784 bytes,    9771856 total
- age   6:     117888 bytes,    9889744 total
- age   7:      93264 bytes,    9983008 total
- age   8:     436080 bytes,   10419088 total
: 107006K->12648K(109248K), 0.0587401 secs] 112600K->20964K(502464K), 0.0589454 secs] [Times: user=0.11 sys=0.00, real=0.06 secs] 
Heap after GC invocations=12 (full 1):
 par new generation   total 109248K, used 12648K [0x00000000e0000000, 0x00000000e8000000, 0x00000000e8000000)
  eden space 87424K,   0% used [0x00000000e0000000, 0x00000000e0000000, 0x00000000e5560000)
  from space 21824K,  57% used [0x00000000e5560000, 0x00000000e61ba100, 0x00000000e6ab0000)
  to   space 21824K,   0% used [0x00000000e6ab0000, 0x00000000e6ab0000, 0x00000000e8000000)
 concurrent mark-sweep generation total 393216K, used 8316K [0x00000000e8000000, 0x0000000100000000, 0x0000000100000000)
 Metaspace       used 33864K, capacity 34332K, committed 34556K, reserved 1079296K
  class space    used 3914K, capacity 4088K, committed 4092K, reserved 1048576K
}
2016-03-04T11:24:30.635+0000: 57.510: Total time for which application threads were stopped: 0.0686376 seconds, Stopping threads took: 0.0090652 seconds
2016-03-04T11:24:30.636+0000: 57.511: Total time for which application threads were stopped: 0.0003869 seconds, Stopping threads took: 0.0000719 seconds
2016-03-04T11:24:30.642+0000: 57.517: Total time for which application threads were stopped: 0.0004335 seconds, Stopping threads took: 0.0001342 seconds
2016-03-04T11:24:30.648+0000: 57.523: Total time for which application threads were stopped: 0.0003719 seconds, Stopping threads took: 0.0000600 seconds
2016-03-04T11:24:30.862+0000: 57.738: Total time for which application threads were stopped: 0.0006112 seconds, Stopping threads took: 0.0002393 seconds
2016-03-04T11:24:30.877+0000: 57.752: Total time for which application threads were stopped: 0.0008110 seconds, Stopping threads took: 0.0004683 seconds
2016-03-04T11:24:30.882+0000: 57.758: Total time for which application threads were stopped: 0.0004011 seconds, Stopping threads took: 0.0000766 seconds
2016-03-04T11:24:31.038+0000: 57.913: Total time for which application threads were stopped: 0.0218166 seconds, Stopping threads took: 0.0214502 seconds
2016-03-04T11:24:31.041+0000: 57.916: Total time for which application threads were stopped: 0.0004983 seconds, Stopping threads took: 0.0001421 seconds
{Heap before GC invocations=12 (full 1):
 par new generation   total 109248K, used 100072K [0x00000000e0000000, 0x00000000e8000000, 0x00000000e8000000)
  eden space 87424K, 100% used [0x00000000e0000000, 0x00000000e5560000, 0x00000000e5560000)
  from space 21824K,  57% used [0x00000000e5560000, 0x00000000e61ba100, 0x00000000e6ab0000)
  to   space 21824K,   0% used [0x00000000e6ab0000, 0x00000000e6ab0000, 0x00000000e8000000)
 concurrent mark-sweep generation total 393216K, used 8316K [0x00000000e8000000, 0x0000000100000000, 0x0000000100000000)
 Metaspace       used 33926K, capacity 34386K, committed 34684K, reserved 1079296K
  class space    used 3919K, capacity 4097K, committed 4220K, reserved 1048576K
2016-03-04T11:24:31.128+0000: 58.004: [GC (Allocation Failure) 2016-03-04T11:24:31.129+0000: 58.004: [ParNew
Desired survivor size 20112992 bytes, new threshold 8 (max 8)
- age   1:    1258632 bytes,    1258632 total
- age   2:     427280 bytes,    1685912 total
- age   3:      82968 bytes,    1768880 total
- age   4:    6908120 bytes,    8677000 total
- age   5:    1945176 bytes,   10622176 total
- age   6:     102784 bytes,   10724960 total
- age   7:     117888 bytes,   10842848 total
- age   8:      92328 bytes,   10935176 total
: 100072K->13818K(109248K), 0.0604520 secs] 108388K->22569K(502464K), 0.0606929 secs] [Times: user=0.09 sys=0.00, real=0.06 secs] 
Heap after GC invocations=13 (full 1):
 par new generation   total 109248K, used 13818K [0x00000000e0000000, 0x00000000e8000000, 0x00000000e8000000)
  eden space 87424K,   0% used [0x00000000e0000000, 0x00000000e0000000, 0x00000000e5560000)
  from space 21824K,  63% used [0x00000000e6ab0000, 0x00000000e782e950, 0x00000000e8000000)
  to   space 21824K,   0% used [0x00000000e5560000, 0x00000000e5560000, 0x00000000e6ab0000)
 concurrent mark-sweep generation total 393216K, used 8750K [0x00000000e8000000, 0x0000000100000000, 0x0000000100000000)
 Metaspace       used 33926K, capacity 34386K, committed 34684K, reserved 1079296K
  class space    used 3919K, capacity 4097K, committed 4220K, reserved 1048576K
}
2016-03-04T11:24:31.189+0000: 58.065: Total time for which application threads were stopped: 0.0643316 seconds, Stopping threads took: 0.0030449 seconds
2016-03-04T11:24:31.503+0000: 58.378: Total time for which application threads were stopped: 0.0422134 seconds, Stopping threads took: 0.0418509 seconds
2016-03-04T11:24:31.545+0000: 58.420: Total time for which application threads were stopped: 0.0268404 seconds, Stopping threads took: 0.0264850 seconds
2016-03-04T11:24:31.549+0000: 58.424: Total time for which application threads were stopped: 0.0010708 seconds, Stopping threads took: 0.0007257 seconds
2016-03-04T11:24:31.652+0000: 58.527: Total time for which application threads were stopped: 0.0225691 seconds, Stopping threads took: 0.0221822 seconds
2016-03-04T11:24:31.653+0000: 58.528: Total time for which application threads were stopped: 0.0003380 seconds, Stopping threads took: 0.0000561 seconds
2016-03-04T11:24:31.820+0000: 58.695: Total time for which application threads were stopped: 0.0026074 seconds, Stopping threads took: 0.0022639 seconds
2016-03-04T11:24:31.820+0000: 58.696: Total time for which application threads were stopped: 0.0002053 seconds, Stopping threads took: 0.0000419 seconds
2016-03-04T11:24:31.872+0000: 58.747: Total time for which application threads were stopped: 0.0129796 seconds, Stopping threads took: 0.0126605 seconds
2016-03-04T11:24:31.873+0000: 58.749: Total time for which application threads were stopped: 0.0002938 seconds, Stopping threads took: 0.0000537 seconds
2016-03-04T11:24:31.891+0000: 58.767: Total time for which application threads were stopped: 0.0019686 seconds, Stopping threads took: 0.0016559 seconds
2016-03-04T11:24:32.004+0000: 58.879: Total time for which application threads were stopped: 0.0107883 seconds, Stopping threads took: 0.0104029 seconds
2016-03-04T11:24:32.018+0000: 58.894: Total time for which application threads were stopped: 0.0023650 seconds, Stopping threads took: 0.0020760 seconds
2016-03-04T11:24:32.019+0000: 58.895: Total time for which application threads were stopped: 0.0002164 seconds, Stopping threads took: 0.0000379 seconds
2016-03-04T11:24:32.124+0000: 58.999: Total time for which application threads were stopped: 0.0003719 seconds, Stopping threads took: 0.0000569 seconds
2016-03-04T11:24:32.189+0000: 59.064: Total time for which application threads were stopped: 0.0003775 seconds, Stopping threads took: 0.0000513 seconds
2016-03-04T11:24:32.219+0000: 59.093: Total time for which application threads were stopped: 0.0007383 seconds, Stopping threads took: 0.0000561 seconds
2016-03-04T11:24:32.252+0000: 59.127: Total time for which application threads were stopped: 0.0003727 seconds, Stopping threads took: 0.0000608 seconds
2016-03-04T11:24:32.347+0000: 59.221: Total time for which application threads were stopped: 0.0058584 seconds, Stopping threads took: 0.0055252 seconds
2016-03-04T11:24:32.360+0000: 59.234: Total time for which application threads were stopped: 0.0056176 seconds, Stopping threads took: 0.0053262 seconds
2016-03-04T11:24:32.362+0000: 59.236: Total time for which application threads were stopped: 0.0003080 seconds, Stopping threads took: 0.0000545 seconds
2016-03-04T11:24:32.470+0000: 59.344: Total time for which application threads were stopped: 0.0022726 seconds, Stopping threads took: 0.0019157 seconds
2016-03-04T11:24:32.471+0000: 59.345: Total time for which application threads were stopped: 0.0006996 seconds, Stopping threads took: 0.0000395 seconds
2016-03-04T11:24:32.484+0000: 59.358: Total time for which application threads were stopped: 0.0003380 seconds, Stopping threads took: 0.0000513 seconds
2016-03-04T11:24:32.490+0000: 59.364: Total time for which application threads were stopped: 0.0003467 seconds, Stopping threads took: 0.0000703 seconds
{Heap before GC invocations=13 (full 1):
 par new generation   total 109248K, used 101242K [0x00000000e0000000, 0x00000000e8000000, 0x00000000e8000000)
  eden space 87424K, 100% used [0x00000000e0000000, 0x00000000e5560000, 0x00000000e5560000)
  from space 21824K,  63% used [0x00000000e6ab0000, 0x00000000e782e950, 0x00000000e8000000)
  to   space 21824K,   0% used [0x00000000e5560000, 0x00000000e5560000, 0x00000000e6ab0000)
 concurrent mark-sweep generation total 393216K, used 8750K [0x00000000e8000000, 0x0000000100000000, 0x0000000100000000)
 Metaspace       used 34053K, capacity 34520K, committed 34940K, reserved 1079296K
  class space    used 3920K, capacity 4098K, committed 4220K, reserved 1048576K
2016-03-04T11:24:32.604+0000: 59.478: [GC (Allocation Failure) 2016-03-04T11:24:32.604+0000: 59.478: [ParNew
Desired survivor size 20112992 bytes, new threshold 8 (max 8)
- age   1:     956520 bytes,     956520 total
- age   2:     191208 bytes,    1147728 total
- age   3:     326968 bytes,    1474696 total
- age   4:      82968 bytes,    1557664 total
- age   5:    6204376 bytes,    7762040 total
- age   6:    1915048 bytes,    9677088 total
- age   7:     102784 bytes,    9779872 total
- age   8:     117784 bytes,    9897656 total
: 101242K->12871K(109248K), 0.0455931 secs] 109993K->21715K(502464K), 0.0458134 secs] [Times: user=0.09 sys=0.00, real=0.04 secs] 
Heap after GC invocations=14 (full 1):
 par new generation   total 109248K, used 12871K [0x00000000e0000000, 0x00000000e8000000, 0x00000000e8000000)
  eden space 87424K,   0% used [0x00000000e0000000, 0x00000000e0000000, 0x00000000e5560000)
  from space 21824K,  58% used [0x00000000e5560000, 0x00000000e61f1d50, 0x00000000e6ab0000)
  to   space 21824K,   0% used [0x00000000e6ab0000, 0x00000000e6ab0000, 0x00000000e8000000)
 concurrent mark-sweep generation total 393216K, used 8844K [0x00000000e8000000, 0x0000000100000000, 0x0000000100000000)
 Metaspace       used 34053K, capacity 34520K, committed 34940K, reserved 1079296K
  class space    used 3920K, capacity 4098K, committed 4220K, reserved 1048576K
}
2016-03-04T11:24:32.650+0000: 59.524: Total time for which application threads were stopped: 0.0540661 seconds, Stopping threads took: 0.0076273 seconds
2016-03-04T11:24:32.678+0000: 59.552: Total time for which application threads were stopped: 0.0120643 seconds, Stopping threads took: 0.0117319 seconds
2016-03-04T11:24:32.699+0000: 59.574: Total time for which application threads were stopped: 0.0039127 seconds, Stopping threads took: 0.0035463 seconds
2016-03-04T11:24:32.700+0000: 59.574: Total time for which application threads were stopped: 0.0002709 seconds, Stopping threads took: 0.0000703 seconds
2016-03-04T11:24:32.701+0000: 59.576: Total time for which application threads were stopped: 0.0002985 seconds, Stopping threads took: 0.0000513 seconds
2016-03-04T11:24:32.728+0000: 59.603: Total time for which application threads were stopped: 0.0003411 seconds, Stopping threads took: 0.0000513 seconds
2016-03-04T11:24:32.765+0000: 59.640: Total time for which application threads were stopped: 0.0032937 seconds, Stopping threads took: 0.0029565 seconds
2016-03-04T11:24:32.780+0000: 59.654: Total time for which application threads were stopped: 0.0034239 seconds, Stopping threads took: 0.0031033 seconds
2016-03-04T11:24:32.780+0000: 59.655: Total time for which application threads were stopped: 0.0002558 seconds, Stopping threads took: 0.0000632 seconds
2016-03-04T11:24:32.781+0000: 59.655: Total time for which application threads were stopped: 0.0001974 seconds, Stopping threads took: 0.0000371 seconds
2016-03-04T11:24:32.781+0000: 59.656: Total time for which application threads were stopped: 0.0002274 seconds, Stopping threads took: 0.0000363 seconds
2016-03-04T11:24:32.783+0000: 59.657: Total time for which application threads were stopped: 0.0003222 seconds, Stopping threads took: 0.0000561 seconds
2016-03-04T11:24:32.784+0000: 59.659: Total time for which application threads were stopped: 0.0003727 seconds, Stopping threads took: 0.0000632 seconds
2016-03-04T11:24:32.785+0000: 59.659: Total time for which application threads were stopped: 0.0002322 seconds, Stopping threads took: 0.0000284 seconds
2016-03-04T11:24:32.813+0000: 59.687: Total time for which application threads were stopped: 0.0003798 seconds, Stopping threads took: 0.0000592 seconds
2016-03-04T11:24:32.825+0000: 59.699: Total time for which application threads were stopped: 0.0004067 seconds, Stopping threads took: 0.0000790 seconds
2016-03-04T11:24:32.825+0000: 59.700: Total time for which application threads were stopped: 0.0002140 seconds, Stopping threads took: 0.0000355 seconds
2016-03-04T11:24:32.825+0000: 59.700: Total time for which application threads were stopped: 0.0001808 seconds, Stopping threads took: 0.0000284 seconds
2016-03-04T11:24:32.837+0000: 59.711: Total time for which application threads were stopped: 0.0004422 seconds, Stopping threads took: 0.0000726 seconds
2016-03-04T11:24:32.837+0000: 59.712: Total time for which application threads were stopped: 0.0002361 seconds, Stopping threads took: 0.0000355 seconds
2016-03-04T11:24:32.838+0000: 59.713: Total time for which application threads were stopped: 0.0002732 seconds, Stopping threads took: 0.0000624 seconds
2016-03-04T11:24:32.838+0000: 59.713: Total time for which application threads were stopped: 0.0002029 seconds, Stopping threads took: 0.0000324 seconds
2016-03-04T11:24:32.839+0000: 59.714: Total time for which application threads were stopped: 0.0003411 seconds, Stopping threads took: 0.0000316 seconds
2016-03-04T11:24:32.840+0000: 59.714: Total time for which application threads were stopped: 0.0002480 seconds, Stopping threads took: 0.0000474 seconds
2016-03-04T11:24:32.840+0000: 59.715: Total time for which application threads were stopped: 0.0002179 seconds, Stopping threads took: 0.0000426 seconds
2016-03-04T11:24:32.841+0000: 59.715: Total time for which application threads were stopped: 0.0002440 seconds, Stopping threads took: 0.0000411 seconds
2016-03-04T11:24:32.841+0000: 59.715: Total time for which application threads were stopped: 0.0001769 seconds, Stopping threads took: 0.0000284 seconds
2016-03-04T11:24:32.842+0000: 59.716: Total time for which application threads were stopped: 0.0002472 seconds, Stopping threads took: 0.0000387 seconds
2016-03-04T11:24:32.842+0000: 59.717: Total time for which application threads were stopped: 0.0001737 seconds, Stopping threads took: 0.0000276 seconds
2016-03-04T11:24:32.842+0000: 59.717: Total time for which application threads were stopped: 0.0001706 seconds, Stopping threads took: 0.0000276 seconds
2016-03-04T11:24:32.842+0000: 59.717: Total time for which application threads were stopped: 0.0001642 seconds, Stopping threads took: 0.0000268 seconds
2016-03-04T11:24:32.843+0000: 59.717: Total time for which application threads were stopped: 0.0001721 seconds, Stopping threads took: 0.0000276 seconds
2016-03-04T11:24:32.843+0000: 59.717: Total time for which application threads were stopped: 0.0001682 seconds, Stopping threads took: 0.0000268 seconds
2016-03-04T11:24:32.843+0000: 59.718: Total time for which application threads were stopped: 0.0001721 seconds, Stopping threads took: 0.0000268 seconds
2016-03-04T11:24:32.844+0000: 59.718: Total time for which application threads were stopped: 0.0005306 seconds, Stopping threads took: 0.0000253 seconds
2016-03-04T11:24:32.857+0000: 59.732: Total time for which application threads were stopped: 0.0003854 seconds, Stopping threads took: 0.0000561 seconds
2016-03-04T11:24:32.858+0000: 59.733: Total time for which application threads were stopped: 0.0002898 seconds, Stopping threads took: 0.0000466 seconds
2016-03-04T11:24:32.863+0000: 59.738: Total time for which application threads were stopped: 0.0003593 seconds, Stopping threads took: 0.0000648 seconds
2016-03-04T11:24:32.890+0000: 59.764: Total time for which application threads were stopped: 0.0048643 seconds, Stopping threads took: 0.0045847 seconds
2016-03-04T11:24:32.891+0000: 59.765: Total time for which application threads were stopped: 0.0002772 seconds, Stopping threads took: 0.0000821 seconds
2016-03-04T11:24:32.902+0000: 59.776: Total time for which application threads were stopped: 0.0004935 seconds, Stopping threads took: 0.0002022 seconds
2016-03-04T11:24:33.102+0000: 59.977: Total time for which application threads were stopped: 0.0032392 seconds, Stopping threads took: 0.0028696 seconds
2016-03-04T11:24:33.106+0000: 59.981: Total time for which application threads were stopped: 0.0003782 seconds, Stopping threads took: 0.0000869 seconds
2016-03-04T11:24:33.109+0000: 59.984: Total time for which application threads were stopped: 0.0003356 seconds, Stopping threads took: 0.0000632 seconds
2016-03-04T11:24:33.109+0000: 59.984: Total time for which application threads were stopped: 0.0001564 seconds, Stopping threads took: 0.0000237 seconds
2016-03-04T11:24:33.112+0000: 59.987: Total time for which application threads were stopped: 0.0026896 seconds, Stopping threads took: 0.0023895 seconds
2016-03-04T11:24:33.120+0000: 59.994: Total time for which application threads were stopped: 0.0039427 seconds, Stopping threads took: 0.0036316 seconds
2016-03-04T11:24:33.121+0000: 59.996: Total time for which application threads were stopped: 0.0002772 seconds, Stopping threads took: 0.0000466 seconds
2016-03-04T11:24:33.122+0000: 59.997: Total time for which application threads were stopped: 0.0003782 seconds, Stopping threads took: 0.0001532 seconds
2016-03-04T11:24:33.128+0000: 60.003: Total time for which application threads were stopped: 0.0005441 seconds, Stopping threads took: 0.0002290 seconds
2016-03-04T11:24:33.201+0000: 60.075: Total time for which application threads were stopped: 0.0003775 seconds, Stopping threads took: 0.0000592 seconds
2016-03-04T11:24:33.201+0000: 60.075: Total time for which application threads were stopped: 0.0001698 seconds, Stopping threads took: 0.0000292 seconds
2016-03-04T11:24:33.207+0000: 60.082: Total time for which application threads were stopped: 0.0003380 seconds, Stopping threads took: 0.0000561 seconds
{Heap before GC invocations=14 (full 1):
 par new generation   total 109248K, used 100295K [0x00000000e0000000, 0x00000000e8000000, 0x00000000e8000000)
  eden space 87424K, 100% used [0x00000000e0000000, 0x00000000e5560000, 0x00000000e5560000)
  from space 21824K,  58% used [0x00000000e5560000, 0x00000000e61f1d50, 0x00000000e6ab0000)
  to   space 21824K,   0% used [0x00000000e6ab0000, 0x00000000e6ab0000, 0x00000000e8000000)
 concurrent mark-sweep generation total 393216K, used 8844K [0x00000000e8000000, 0x0000000100000000, 0x0000000100000000)
 Metaspace       used 34203K, capacity 34678K, committed 34940K, reserved 1079296K
  class space    used 3930K, capacity 4103K, committed 4220K, reserved 1048576K
2016-03-04T11:24:33.488+0000: 60.363: [GC (Allocation Failure) 2016-03-04T11:24:33.488+0000: 60.363: [ParNew
Desired survivor size 20112992 bytes, new threshold 8 (max 8)
- age   1:    5810856 bytes,    5810856 total
- age   2:     738864 bytes,    6549720 total
- age   3:     136152 bytes,    6685872 total
- age   4:     316000 bytes,    7001872 total
- age   5:      82968 bytes,    7084840 total
- age   6:    2847384 bytes,    9932224 total
- age   7:    1865032 bytes,   11797256 total
- age   8:     102784 bytes,   11900040 total
: 100295K->15316K(109248K), 0.1008697 secs] 109139K->24279K(502464K), 0.1011050 secs] [Times: user=0.14 sys=0.02, real=0.10 secs] 
Heap after GC invocations=15 (full 1):
 par new generation   total 109248K, used 15316K [0x00000000e0000000, 0x00000000e8000000, 0x00000000e8000000)
  eden space 87424K,   0% used [0x00000000e0000000, 0x00000000e0000000, 0x00000000e5560000)
  from space 21824K,  70% used [0x00000000e6ab0000, 0x00000000e79a5260, 0x00000000e8000000)
  to   space 21824K,   0% used [0x00000000e5560000, 0x00000000e5560000, 0x00000000e6ab0000)
 concurrent mark-sweep generation total 393216K, used 8962K [0x00000000e8000000, 0x0000000100000000, 0x0000000100000000)
 Metaspace       used 34203K, capacity 34678K, committed 34940K, reserved 1079296K
  class space    used 3930K, capacity 4103K, committed 4220K, reserved 1048576K
}
2016-03-04T11:24:33.590+0000: 60.464: Total time for which application threads were stopped: 0.1018197 seconds, Stopping threads took: 0.0000742 seconds
2016-03-04T11:24:33.616+0000: 60.491: Total time for which application threads were stopped: 0.0004920 seconds, Stopping threads took: 0.0000900 seconds
2016-03-04T11:24:33.620+0000: 60.495: Total time for which application threads were stopped: 0.0025458 seconds, Stopping threads took: 0.0021479 seconds
2016-03-04T11:24:33.914+0000: 60.788: Total time for which application threads were stopped: 0.0350907 seconds, Stopping threads took: 0.0342994 seconds
{Heap before GC invocations=15 (full 1):
 par new generation   total 109248K, used 102740K [0x00000000e0000000, 0x00000000e8000000, 0x00000000e8000000)
  eden space 87424K, 100% used [0x00000000e0000000, 0x00000000e5560000, 0x00000000e5560000)
  from space 21824K,  70% used [0x00000000e6ab0000, 0x00000000e79a5260, 0x00000000e8000000)
  to   space 21824K,   0% used [0x00000000e5560000, 0x00000000e5560000, 0x00000000e6ab0000)
 concurrent mark-sweep generation total 393216K, used 8962K [0x00000000e8000000, 0x0000000100000000, 0x0000000100000000)
 Metaspace       used 34267K, capacity 34678K, committed 34940K, reserved 1079296K
  class space    used 3935K, capacity 4103K, committed 4220K, reserved 1048576K
2016-03-04T11:24:34.175+0000: 61.050: [GC (Allocation Failure) 2016-03-04T11:24:34.175+0000: 61.050: [ParNew
Desired survivor size 20112992 bytes, new threshold 8 (max 8)
- age   1:     370568 bytes,     370568 total
- age   2:    5239384 bytes,    5609952 total
- age   3:     737400 bytes,    6347352 total
- age   4:     136152 bytes,    6483504 total
- age   5:     315872 bytes,    6799376 total
- age   6:      82968 bytes,    6882344 total
- age   7:    2801136 bytes,    9683480 total
- age   8:    1865032 bytes,   11548512 total
: 102740K->14341K(109248K), 0.0685894 secs] 111703K->23407K(502464K), 0.0688105 secs] [Times: user=0.11 sys=0.00, real=0.07 secs] 
Heap after GC invocations=16 (full 1):
 par new generation   total 109248K, used 14341K [0x00000000e0000000, 0x00000000e8000000, 0x00000000e8000000)
  eden space 87424K,   0% used [0x00000000e0000000, 0x00000000e0000000, 0x00000000e5560000)
  from space 21824K,  65% used [0x00000000e5560000, 0x00000000e6361730, 0x00000000e6ab0000)
  to   space 21824K,   0% used [0x00000000e6ab0000, 0x00000000e6ab0000, 0x00000000e8000000)
 concurrent mark-sweep generation total 393216K, used 9065K [0x00000000e8000000, 0x0000000100000000, 0x0000000100000000)
 Metaspace       used 34267K, capacity 34678K, committed 34940K, reserved 1079296K
  class space    used 3935K, capacity 4103K, committed 4220K, reserved 1048576K
}
2016-03-04T11:24:34.244+0000: 61.119: Total time for which application threads were stopped: 0.0694944 seconds, Stopping threads took: 0.0000671 seconds
2016-03-04T11:24:34.263+0000: 61.137: Total time for which application threads were stopped: 0.0019149 seconds, Stopping threads took: 0.0015588 seconds
2016-03-04T11:24:34.330+0000: 61.205: Total time for which application threads were stopped: 0.0204252 seconds, Stopping threads took: 0.0201338 seconds
2016-03-04T11:24:34.352+0000: 61.227: Total time for which application threads were stopped: 0.0035282 seconds, Stopping threads took: 0.0032328 seconds
2016-03-04T11:24:34.466+0000: 61.341: Total time for which application threads were stopped: 0.0260618 seconds, Stopping threads took: 0.0257096 seconds
2016-03-04T11:24:34.470+0000: 61.345: Total time for which application threads were stopped: 0.0023097 seconds, Stopping threads took: 0.0020073 seconds
2016-03-04T11:24:34.471+0000: 61.346: Total time for which application threads were stopped: 0.0002661 seconds, Stopping threads took: 0.0000521 seconds
2016-03-04T11:24:34.548+0000: 61.423: Total time for which application threads were stopped: 0.0003925 seconds, Stopping threads took: 0.0000584 seconds
2016-03-04T11:24:34.574+0000: 61.449: Total time for which application threads were stopped: 0.0024693 seconds, Stopping threads took: 0.0021123 seconds
2016-03-04T11:24:34.600+0000: 61.475: Total time for which application threads were stopped: 0.0003830 seconds, Stopping threads took: 0.0000648 seconds
{Heap before GC invocations=16 (full 1):
 par new generation   total 109248K, used 101765K [0x00000000e0000000, 0x00000000e8000000, 0x00000000e8000000)
  eden space 87424K, 100% used [0x00000000e0000000, 0x00000000e5560000, 0x00000000e5560000)
  from space 21824K,  65% used [0x00000000e5560000, 0x00000000e6361730, 0x00000000e6ab0000)
  to   space 21824K,   0% used [0x00000000e6ab0000, 0x00000000e6ab0000, 0x00000000e8000000)
 concurrent mark-sweep generation total 393216K, used 9065K [0x00000000e8000000, 0x0000000100000000, 0x0000000100000000)
 Metaspace       used 34438K, capacity 34876K, committed 35196K, reserved 1081344K
  class space    used 3946K, capacity 4104K, committed 4220K, reserved 1048576K
2016-03-04T11:24:34.940+0000: 61.815: [GC (Allocation Failure) 2016-03-04T11:24:34.940+0000: 61.815: [ParNew
Desired survivor size 20112992 bytes, new threshold 8 (max 8)
- age   1:    2266624 bytes,    2266624 total
- age   2:     115016 bytes,    2381640 total
- age   3:    5216704 bytes,    7598344 total
- age   4:     737192 bytes,    8335536 total
- age   5:     136120 bytes,    8471656 total
- age   6:     315792 bytes,    8787448 total
- age   7:      82968 bytes,    8870416 total
- age   8:    2756200 bytes,   11626616 total
: 101765K->14512K(109248K), 0.1246991 secs] 110831K->25412K(502464K), 0.1249345 secs] [Times: user=0.16 sys=0.00, real=0.13 secs] 
Heap after GC invocations=17 (full 1):
 par new generation   total 109248K, used 14512K [0x00000000e0000000, 0x00000000e8000000, 0x00000000e8000000)
  eden space 87424K,   0% used [0x00000000e0000000, 0x00000000e0000000, 0x00000000e5560000)
  from space 21824K,  66% used [0x00000000e6ab0000, 0x00000000e78dc1d0, 0x00000000e8000000)
  to   space 21824K,   0% used [0x00000000e5560000, 0x00000000e5560000, 0x00000000e6ab0000)
 concurrent mark-sweep generation total 393216K, used 10899K [0x00000000e8000000, 0x0000000100000000, 0x0000000100000000)
 Metaspace       used 34438K, capacity 34876K, committed 35196K, reserved 1081344K
  class space    used 3946K, capacity 4104K, committed 4220K, reserved 1048576K
}
2016-03-04T11:24:35.065+0000: 61.940: Total time for which application threads were stopped: 0.1256775 seconds, Stopping threads took: 0.0000821 seconds
2016-03-04T11:24:35.102+0000: 61.976: Total time for which application threads were stopped: 0.0030110 seconds, Stopping threads took: 0.0025893 seconds
{Heap before GC invocations=17 (full 1):
 par new generation   total 109248K, used 101936K [0x00000000e0000000, 0x00000000e8000000, 0x00000000e8000000)
  eden space 87424K, 100% used [0x00000000e0000000, 0x00000000e5560000, 0x00000000e5560000)
  from space 21824K,  66% used [0x00000000e6ab0000, 0x00000000e78dc1d0, 0x00000000e8000000)
  to   space 21824K,   0% used [0x00000000e5560000, 0x00000000e5560000, 0x00000000e6ab0000)
 concurrent mark-sweep generation total 393216K, used 10899K [0x00000000e8000000, 0x0000000100000000, 0x0000000100000000)
 Metaspace       used 34451K, capacity 34888K, committed 35196K, reserved 1081344K
  class space    used 3947K, capacity 4106K, committed 4220K, reserved 1048576K
2016-03-04T11:24:35.476+0000: 62.351: [GC (Allocation Failure) 2016-03-04T11:24:35.476+0000: 62.351: [ParNew
Desired survivor size 20112992 bytes, new threshold 8 (max 8)
- age   1:     239928 bytes,     239928 total
- age   2:    1666304 bytes,    1906232 total
- age   3:     114968 bytes,    2021200 total
- age   4:    5216096 bytes,    7237296 total
- age   5:     737120 bytes,    7974416 total
- age   6:     136120 bytes,    8110536 total
- age   7:     315792 bytes,    8426328 total
- age   8:      82968 bytes,    8509296 total
: 101936K->13667K(109248K), 0.0777068 secs] 112836K->27274K(502464K), 0.0779074 secs] [Times: user=0.11 sys=0.02, real=0.08 secs] 
Heap after GC invocations=18 (full 1):
 par new generation   total 109248K, used 13667K [0x00000000e0000000, 0x00000000e8000000, 0x00000000e8000000)
  eden space 87424K,   0% used [0x00000000e0000000, 0x00000000e0000000, 0x00000000e5560000)
  from space 21824K,  62% used [0x00000000e5560000, 0x00000000e62b8fb8, 0x00000000e6ab0000)
  to   space 21824K,   0% used [0x00000000e6ab0000, 0x00000000e6ab0000, 0x00000000e8000000)
 concurrent mark-sweep generation total 393216K, used 13606K [0x00000000e8000000, 0x0000000100000000, 0x0000000100000000)
 Metaspace       used 34451K, capacity 34888K, committed 35196K, reserved 1081344K
  class space    used 3947K, capacity 4106K, committed 4220K, reserved 1048576K
}
2016-03-04T11:24:35.554+0000: 62.429: Total time for which application threads were stopped: 0.0785486 seconds, Stopping threads took: 0.0000576 seconds
2016-03-04T11:24:36.554+0000: 63.429: Total time for which application threads were stopped: 0.0004067 seconds, Stopping threads took: 0.0000537 seconds
2016-03-04T11:24:37.554+0000: 64.429: Total time for which application threads were stopped: 0.0003932 seconds, Stopping threads took: 0.0000663 seconds
2016-03-04T11:24:38.293+0000: 65.168: Total time for which application threads were stopped: 0.0003798 seconds, Stopping threads took: 0.0000537 seconds
2016-03-04T11:24:38.318+0000: 65.193: Total time for which application threads were stopped: 0.0020800 seconds, Stopping threads took: 0.0017594 seconds
2016-03-04T11:24:38.318+0000: 65.193: Total time for which application threads were stopped: 0.0001800 seconds, Stopping threads took: 0.0000340 seconds
2016-03-04T11:24:38.318+0000: 65.193: Total time for which application threads were stopped: 0.0001595 seconds, Stopping threads took: 0.0000268 seconds
2016-03-04T11:24:38.319+0000: 65.193: Total time for which application threads were stopped: 0.0001627 seconds, Stopping threads took: 0.0000276 seconds
2016-03-04T11:24:38.319+0000: 65.194: Total time for which application threads were stopped: 0.0001587 seconds, Stopping threads took: 0.0000261 seconds
2016-03-04T11:24:38.355+0000: 65.230: Total time for which application threads were stopped: 0.0003443 seconds, Stopping threads took: 0.0000600 seconds
2016-03-04T11:24:38.356+0000: 65.230: Total time for which application threads were stopped: 0.0002045 seconds, Stopping threads took: 0.0000284 seconds
2016-03-04T11:24:38.356+0000: 65.231: Total time for which application threads were stopped: 0.0001769 seconds, Stopping threads took: 0.0000300 seconds
2016-03-04T11:24:38.356+0000: 65.231: Total time for which application threads were stopped: 0.0001611 seconds, Stopping threads took: 0.0000268 seconds
2016-03-04T11:24:38.363+0000: 65.238: Total time for which application threads were stopped: 0.0003553 seconds, Stopping threads took: 0.0000624 seconds
2016-03-04T11:24:38.363+0000: 65.238: Total time for which application threads were stopped: 0.0001737 seconds, Stopping threads took: 0.0000308 seconds
2016-03-04T11:24:38.364+0000: 65.238: Total time for which application threads were stopped: 0.0001745 seconds, Stopping threads took: 0.0000316 seconds
2016-03-04T11:24:38.367+0000: 65.242: Total time for which application threads were stopped: 0.0003230 seconds, Stopping threads took: 0.0000505 seconds
2016-03-04T11:24:38.367+0000: 65.242: Total time for which application threads were stopped: 0.0001619 seconds, Stopping threads took: 0.0000237 seconds
2016-03-04T11:24:38.367+0000: 65.242: Total time for which application threads were stopped: 0.0001532 seconds, Stopping threads took: 0.0000221 seconds
2016-03-04T11:24:38.367+0000: 65.242: Total time for which application threads were stopped: 0.0001564 seconds, Stopping threads took: 0.0000221 seconds
2016-03-04T11:24:38.367+0000: 65.242: Total time for which application threads were stopped: 0.0001793 seconds, Stopping threads took: 0.0000237 seconds
2016-03-04T11:24:38.368+0000: 65.243: Total time for which application threads were stopped: 0.0001564 seconds, Stopping threads took: 0.0000221 seconds
2016-03-04T11:24:38.368+0000: 65.243: Total time for which application threads were stopped: 0.0002187 seconds, Stopping threads took: 0.0000221 seconds
2016-03-04T11:24:38.368+0000: 65.243: Total time for which application threads were stopped: 0.0001587 seconds, Stopping threads took: 0.0000237 seconds
2016-03-04T11:24:38.368+0000: 65.243: Total time for which application threads were stopped: 0.0001548 seconds, Stopping threads took: 0.0000221 seconds
2016-03-04T11:24:38.369+0000: 65.243: Total time for which application threads were stopped: 0.0001571 seconds, Stopping threads took: 0.0000221 seconds
2016-03-04T11:24:38.369+0000: 65.244: Total time for which application threads were stopped: 0.0001524 seconds, Stopping threads took: 0.0000221 seconds
2016-03-04T11:24:38.369+0000: 65.244: Total time for which application threads were stopped: 0.0001571 seconds, Stopping threads took: 0.0000221 seconds
2016-03-04T11:24:38.369+0000: 65.244: Total time for which application threads were stopped: 0.0004146 seconds, Stopping threads took: 0.0000221 seconds
2016-03-04T11:24:38.380+0000: 65.255: Total time for which application threads were stopped: 0.0003980 seconds, Stopping threads took: 0.0000561 seconds
2016-03-04T11:24:38.381+0000: 65.255: Total time for which application threads were stopped: 0.0002306 seconds, Stopping threads took: 0.0000316 seconds
2016-03-04T11:24:38.394+0000: 65.269: Total time for which application threads were stopped: 0.0003411 seconds, Stopping threads took: 0.0000576 seconds
2016-03-04T11:24:38.399+0000: 65.274: Total time for which application threads were stopped: 0.0003577 seconds, Stopping threads took: 0.0000584 seconds
2016-03-04T11:24:38.473+0000: 65.348: Total time for which application threads were stopped: 0.0069734 seconds, Stopping threads took: 0.0066694 seconds
2016-03-04T11:24:38.473+0000: 65.348: Total time for which application threads were stopped: 0.0001524 seconds, Stopping threads took: 0.0000355 seconds
2016-03-04T11:24:38.473+0000: 65.348: Total time for which application threads were stopped: 0.0001319 seconds, Stopping threads took: 0.0000276 seconds
2016-03-04T11:24:38.474+0000: 65.348: Total time for which application threads were stopped: 0.0001358 seconds, Stopping threads took: 0.0000284 seconds
2016-03-04T11:24:38.474+0000: 65.349: Total time for which application threads were stopped: 0.0001287 seconds, Stopping threads took: 0.0000268 seconds
2016-03-04T11:24:38.525+0000: 65.399: Total time for which application threads were stopped: 0.0286463 seconds, Stopping threads took: 0.0281994 seconds
2016-03-04T11:24:38.602+0000: 65.477: Total time for which application threads were stopped: 0.0017830 seconds, Stopping threads took: 0.0015138 seconds
2016-03-04T11:24:38.603+0000: 65.478: Total time for which application threads were stopped: 0.0001658 seconds, Stopping threads took: 0.0000371 seconds
2016-03-04T11:24:38.611+0000: 65.486: Total time for which application threads were stopped: 0.0003625 seconds, Stopping threads took: 0.0000687 seconds
2016-03-04T11:24:38.615+0000: 65.490: Total time for which application threads were stopped: 0.0003482 seconds, Stopping threads took: 0.0000671 seconds
2016-03-04T11:25:09.731+0000: 96.606: Total time for which application threads were stopped: 0.0003561 seconds, Stopping threads took: 0.0000687 seconds
2016-03-04T11:25:30.782+0000: 117.657: Total time for which application threads were stopped: 0.0006080 seconds, Stopping threads took: 0.0001256 seconds
2016-03-04T11:26:07.266+0000: 154.142: Total time for which application threads were stopped: 0.0016946 seconds, Stopping threads took: 0.0014419 seconds
2016-03-04T11:26:07.299+0000: 154.174: Total time for which application threads were stopped: 0.0003427 seconds, Stopping threads took: 0.0000497 seconds
2016-03-04T11:26:07.301+0000: 154.176: Total time for which application threads were stopped: 0.0002219 seconds, Stopping threads took: 0.0000363 seconds
2016-03-04T11:26:07.301+0000: 154.177: Total time for which application threads were stopped: 0.0001311 seconds, Stopping threads took: 0.0000213 seconds
2016-03-04T11:26:07.302+0000: 154.177: Total time for which application threads were stopped: 0.0001366 seconds, Stopping threads took: 0.0000213 seconds
2016-03-04T11:26:07.302+0000: 154.177: Total time for which application threads were stopped: 0.0001303 seconds, Stopping threads took: 0.0000213 seconds
2016-03-04T11:26:07.303+0000: 154.179: Total time for which application threads were stopped: 0.0013843 seconds, Stopping threads took: 0.0012698 seconds
2016-03-04T11:26:07.303+0000: 154.179: Total time for which application threads were stopped: 0.0001295 seconds, Stopping threads took: 0.0000213 seconds
2016-03-04T11:26:07.305+0000: 154.180: Total time for which application threads were stopped: 0.0002653 seconds, Stopping threads took: 0.0000458 seconds
2016-03-04T11:26:07.307+0000: 154.182: Total time for which application threads were stopped: 0.0015588 seconds, Stopping threads took: 0.0013479 seconds
2016-03-04T11:26:07.307+0000: 154.183: Total time for which application threads were stopped: 0.0002424 seconds, Stopping threads took: 0.0001129 seconds
2016-03-04T11:26:07.334+0000: 154.210: Total time for which application threads were stopped: 0.0003080 seconds, Stopping threads took: 0.0000537 seconds
2016-03-04T11:26:07.337+0000: 154.212: Total time for which application threads were stopped: 0.0002669 seconds, Stopping threads took: 0.0000529 seconds
2016-03-04T11:26:07.337+0000: 154.212: Total time for which application threads were stopped: 0.0001619 seconds, Stopping threads took: 0.0000521 seconds
2016-03-04T11:26:07.337+0000: 154.212: Total time for which application threads were stopped: 0.0001319 seconds, Stopping threads took: 0.0000292 seconds
2016-03-04T11:26:07.337+0000: 154.213: Total time for which application threads were stopped: 0.0001319 seconds, Stopping threads took: 0.0000300 seconds
2016-03-04T11:26:07.337+0000: 154.213: Total time for which application threads were stopped: 0.0001350 seconds, Stopping threads took: 0.0000308 seconds
2016-03-04T11:26:07.338+0000: 154.213: Total time for which application threads were stopped: 0.0001469 seconds, Stopping threads took: 0.0000300 seconds
2016-03-04T11:26:07.340+0000: 154.215: Total time for which application threads were stopped: 0.0002645 seconds, Stopping threads took: 0.0000403 seconds
2016-03-04T11:26:07.340+0000: 154.215: Total time for which application threads were stopped: 0.0001366 seconds, Stopping threads took: 0.0000276 seconds
2016-03-04T11:26:07.345+0000: 154.220: Total time for which application threads were stopped: 0.0002748 seconds, Stopping threads took: 0.0000521 seconds
2016-03-04T11:26:07.345+0000: 154.220: Total time for which application threads were stopped: 0.0001571 seconds, Stopping threads took: 0.0000292 seconds
2016-03-04T11:26:07.345+0000: 154.221: Total time for which application threads were stopped: 0.0001350 seconds, Stopping threads took: 0.0000284 seconds
2016-03-04T11:26:07.345+0000: 154.221: Total time for which application threads were stopped: 0.0001327 seconds, Stopping threads took: 0.0000284 seconds
2016-03-04T11:26:07.346+0000: 154.221: Total time for which application threads were stopped: 0.0001421 seconds, Stopping threads took: 0.0000308 seconds
2016-03-04T11:26:07.346+0000: 154.222: Total time for which application threads were stopped: 0.0001303 seconds, Stopping threads took: 0.0000276 seconds
2016-03-04T11:26:07.347+0000: 154.222: Total time for which application threads were stopped: 0.0001421 seconds, Stopping threads took: 0.0000316 seconds
2016-03-04T11:26:07.347+0000: 154.222: Total time for which application threads were stopped: 0.0001335 seconds, Stopping threads took: 0.0000261 seconds
2016-03-04T11:26:07.349+0000: 154.224: Total time for which application threads were stopped: 0.0002061 seconds, Stopping threads took: 0.0000419 seconds
2016-03-04T11:26:07.423+0000: 154.298: Total time for which application threads were stopped: 0.0737459 seconds, Stopping threads took: 0.0734995 seconds
2016-03-04T11:26:07.428+0000: 154.304: Total time for which application threads were stopped: 0.0002543 seconds, Stopping threads took: 0.0000411 seconds
2016-03-04T11:26:07.431+0000: 154.306: Total time for which application threads were stopped: 0.0002787 seconds, Stopping threads took: 0.0000505 seconds
2016-03-04T11:26:07.431+0000: 154.307: Total time for which application threads were stopped: 0.0001271 seconds, Stopping threads took: 0.0000268 seconds
2016-03-04T11:26:07.440+0000: 154.316: Total time for which application threads were stopped: 0.0002637 seconds, Stopping threads took: 0.0000434 seconds
2016-03-04T11:26:07.460+0000: 154.336: Total time for which application threads were stopped: 0.0003167 seconds, Stopping threads took: 0.0000474 seconds
2016-03-04T11:26:07.495+0000: 154.370: Total time for which application threads were stopped: 0.0002922 seconds, Stopping threads took: 0.0000450 seconds
2016-03-04T11:26:07.497+0000: 154.372: Total time for which application threads were stopped: 0.0005575 seconds, Stopping threads took: 0.0003632 seconds
2016-03-04T11:26:07.497+0000: 154.373: Total time for which application threads were stopped: 0.0001319 seconds, Stopping threads took: 0.0000213 seconds
2016-03-04T11:26:07.498+0000: 154.373: Total time for which application threads were stopped: 0.0001469 seconds, Stopping threads took: 0.0000245 seconds
2016-03-04T11:26:07.503+0000: 154.378: Total time for which application threads were stopped: 0.0002709 seconds, Stopping threads took: 0.0000426 seconds
2016-03-04T11:26:07.504+0000: 154.379: Total time for which application threads were stopped: 0.0001721 seconds, Stopping threads took: 0.0000300 seconds
2016-03-04T11:26:07.573+0000: 154.449: Total time for which application threads were stopped: 0.0002606 seconds, Stopping threads took: 0.0000426 seconds
2016-03-04T11:26:07.589+0000: 154.464: Total time for which application threads were stopped: 0.0002637 seconds, Stopping threads took: 0.0000426 seconds
2016-03-04T11:26:07.596+0000: 154.471: Total time for which application threads were stopped: 0.0002472 seconds, Stopping threads took: 0.0000403 seconds
Heap
 par new generation   total 109248K, used 76447K [0x00000000e0000000, 0x00000000e8000000, 0x00000000e8000000)
  eden space 87424K,  71% used [0x00000000e0000000, 0x00000000e3d4ec50, 0x00000000e5560000)
  from space 21824K,  62% used [0x00000000e5560000, 0x00000000e62b8fb8, 0x00000000e6ab0000)
  to   space 21824K,   0% used [0x00000000e6ab0000, 0x00000000e6ab0000, 0x00000000e8000000)
 concurrent mark-sweep generation total 393216K, used 13606K [0x00000000e8000000, 0x0000000100000000, 0x0000000100000000)
 Metaspace       used 34622K, capacity 35098K, committed 35452K, reserved 1081344K
  class space    used 3958K, capacity 4109K, committed 4220K, reserved 1048576K
