Java HotSpot(TM) 64-Bit Server VM (25.73-b02) for windows-amd64 JRE (1.8.0_73-b02), built on Jan 29 2016 17:38:49 by "java_re" with MS VC++ 10.0 (VS2010)
Memory: 4k page, physical 8269212k(4593488k free), swap 10513632k(6156264k free)
CommandLine flags: -XX:CMSInitiatingOccupancyFraction=50 -XX:CMSMaxAbortablePrecleanTime=6000 -XX:+CMSParallelRemarkEnabled -XX:+CMSScavengeBeforeRemark -XX:ConcGCThreads=4 -XX:InitialHeapSize=536870912 -XX:MaxHeapSize=536870912 -XX:MaxTenuringThreshold=8 -XX:NewRatio=3 -XX:OldPLABSize=16 -XX:ParallelGCThreads=4 -XX:+ParallelRefProcEnabled -XX:PretenureSizeThreshold=67108864 -XX:+PrintGC -XX:+PrintGCApplicationStoppedTime -XX:+PrintGCDateStamps -XX:+PrintGCDetails -XX:+PrintGCTimeStamps -XX:+PrintHeapAtGC -XX:+PrintTenuringDistribution -XX:SurvivorRatio=4 -XX:TargetSurvivorRatio=90 -XX:ThreadStackSize=256 -XX:+UseCMSInitiatingOccupancyOnly -XX:+UseCompressedClassPointers -XX:+UseCompressedOops -XX:+UseConcMarkSweepGC -XX:-UseLargePagesIndividualAllocation -XX:+UseParNewGC 
2016-06-21T08:59:58.732+0100: 1.049: Total time for which application threads were stopped: 0.0001958 seconds, Stopping threads took: 0.0000237 seconds
2016-06-21T08:59:58.917+0100: 1.238: Total time for which application threads were stopped: 0.0001251 seconds, Stopping threads took: 0.0000158 seconds
2016-06-21T08:59:59.017+0100: 1.326: Total time for which application threads were stopped: 0.0001828 seconds, Stopping threads took: 0.0000213 seconds
2016-06-21T08:59:59.017+0100: 1.335: Total time for which application threads were stopped: 0.0001346 seconds, Stopping threads took: 0.0000186 seconds
{Heap before GC invocations=0 (full 0):
 par new generation   total 109248K, used 87424K [0x00000000e0000000, 0x00000000e8000000, 0x00000000e8000000)
  eden space 87424K, 100% used [0x00000000e0000000, 0x00000000e5560000, 0x00000000e5560000)
  from space 21824K,   0% used [0x00000000e5560000, 0x00000000e5560000, 0x00000000e6ab0000)
  to   space 21824K,   0% used [0x00000000e6ab0000, 0x00000000e6ab0000, 0x00000000e8000000)
 concurrent mark-sweep generation total 393216K, used 0K [0x00000000e8000000, 0x0000000100000000, 0x0000000100000000)
 Metaspace       used 10108K, capacity 10268K, committed 10496K, reserved 1058816K
  class space    used 1165K, capacity 1208K, committed 1280K, reserved 1048576K
2016-06-21T08:59:59.552+0100: 1.861: [GC (Allocation Failure) 2016-06-21T08:59:59.552+0100: 1.861: [ParNew
Desired survivor size 20112992 bytes, new threshold 8 (max 8)
- age   1:    5897776 bytes,    5897776 total
: 87424K->5836K(109248K), 0.0059281 secs] 87424K->5836K(502464K), 0.0061207 secs] [Times: user=0.00 sys=0.00, real=0.01 secs] 
Heap after GC invocations=1 (full 0):
 par new generation   total 109248K, used 5836K [0x00000000e0000000, 0x00000000e8000000, 0x00000000e8000000)
  eden space 87424K,   0% used [0x00000000e0000000, 0x00000000e0000000, 0x00000000e5560000)
  from space 21824K,  26% used [0x00000000e6ab0000, 0x00000000e70633b0, 0x00000000e8000000)
  to   space 21824K,   0% used [0x00000000e5560000, 0x00000000e5560000, 0x00000000e6ab0000)
 concurrent mark-sweep generation total 393216K, used 0K [0x00000000e8000000, 0x0000000100000000, 0x0000000100000000)
 Metaspace       used 10108K, capacity 10268K, committed 10496K, reserved 1058816K
  class space    used 1165K, capacity 1208K, committed 1280K, reserved 1048576K
}
2016-06-21T08:59:59.558+0100: 1.867: Total time for which application threads were stopped: 0.0063489 seconds, Stopping threads took: 0.0000237 seconds
2016-06-21T09:00:00.041+0100: 2.350: Total time for which application threads were stopped: 0.0001863 seconds, Stopping threads took: 0.0000217 seconds
2016-06-21T09:00:01.041+0100: 3.350: Total time for which application threads were stopped: 0.0000730 seconds, Stopping threads took: 0.0000201 seconds
2016-06-21T09:00:01.262+0100: 3.576: Total time for which application threads were stopped: 0.0001903 seconds, Stopping threads took: 0.0000288 seconds
2016-06-21T09:00:01.830+0100: 4.138: Total time for which application threads were stopped: 0.0002278 seconds, Stopping threads took: 0.0000572 seconds
2016-06-21T09:00:02.830+0100: 5.138: Total time for which application threads were stopped: 0.0001034 seconds, Stopping threads took: 0.0000245 seconds
2016-06-21T09:00:03.758+0100: 6.067: Total time for which application threads were stopped: 0.0002333 seconds, Stopping threads took: 0.0000229 seconds
2016-06-21T09:00:03.760+0100: 6.068: Total time for which application threads were stopped: 0.0001622 seconds, Stopping threads took: 0.0000154 seconds
2016-06-21T09:00:03.764+0100: 6.073: Total time for which application threads were stopped: 0.0002069 seconds, Stopping threads took: 0.0000233 seconds
2016-06-21T09:00:04.764+0100: 7.073: Total time for which application threads were stopped: 0.0001461 seconds, Stopping threads took: 0.0000343 seconds
2016-06-21T09:00:09.101+0100: 11.410: Total time for which application threads were stopped: 0.0000975 seconds, Stopping threads took: 0.0000213 seconds
2016-06-21T09:00:09.102+0100: 11.410: Total time for which application threads were stopped: 0.0000533 seconds, Stopping threads took: 0.0000134 seconds
2016-06-21T09:00:09.102+0100: 11.411: Total time for which application threads were stopped: 0.0001180 seconds, Stopping threads took: 0.0000292 seconds
2016-06-21T09:00:09.378+0100: 11.687: Total time for which application threads were stopped: 0.0002617 seconds, Stopping threads took: 0.0000308 seconds
2016-06-21T09:00:09.542+0100: 11.851: Total time for which application threads were stopped: 0.0001907 seconds, Stopping threads took: 0.0001141 seconds
2016-06-21T09:00:09.543+0100: 11.851: Total time for which application threads were stopped: 0.0000762 seconds, Stopping threads took: 0.0000193 seconds
2016-06-21T09:00:09.877+0100: 12.186: Total time for which application threads were stopped: 0.0002013 seconds, Stopping threads took: 0.0000513 seconds
2016-06-21T09:00:09.877+0100: 12.186: Total time for which application threads were stopped: 0.0001674 seconds, Stopping threads took: 0.0000509 seconds
2016-06-21T09:00:09.880+0100: 12.188: Total time for which application threads were stopped: 0.0002021 seconds, Stopping threads took: 0.0000549 seconds
2016-06-21T09:00:09.880+0100: 12.189: Total time for which application threads were stopped: 0.0002013 seconds, Stopping threads took: 0.0000505 seconds
2016-06-21T09:00:09.893+0100: 12.202: Total time for which application threads were stopped: 0.0008622 seconds, Stopping threads took: 0.0006225 seconds
2016-06-21T09:00:09.894+0100: 12.203: Total time for which application threads were stopped: 0.0001701 seconds, Stopping threads took: 0.0000588 seconds
2016-06-21T09:00:09.895+0100: 12.204: Total time for which application threads were stopped: 0.0005037 seconds, Stopping threads took: 0.0000403 seconds
2016-06-21T09:00:09.896+0100: 12.205: Total time for which application threads were stopped: 0.0003332 seconds, Stopping threads took: 0.0001251 seconds
2016-06-21T09:00:09.899+0100: 12.207: Total time for which application threads were stopped: 0.0002894 seconds, Stopping threads took: 0.0001445 seconds
2016-06-21T09:00:09.899+0100: 12.207: Total time for which application threads were stopped: 0.0000853 seconds, Stopping threads took: 0.0000276 seconds
2016-06-21T09:00:09.899+0100: 12.208: Total time for which application threads were stopped: 0.0000738 seconds, Stopping threads took: 0.0000233 seconds
2016-06-21T09:00:09.899+0100: 12.208: Total time for which application threads were stopped: 0.0000671 seconds, Stopping threads took: 0.0000174 seconds
2016-06-21T09:00:09.900+0100: 12.208: Total time for which application threads were stopped: 0.0000896 seconds, Stopping threads took: 0.0000257 seconds
2016-06-21T09:00:09.921+0100: 12.229: Total time for which application threads were stopped: 0.0011945 seconds, Stopping threads took: 0.0011006 seconds
2016-06-21T09:00:09.935+0100: 12.243: Total time for which application threads were stopped: 0.0000655 seconds, Stopping threads took: 0.0000178 seconds
2016-06-21T09:00:09.935+0100: 12.243: Total time for which application threads were stopped: 0.0000411 seconds, Stopping threads took: 0.0000189 seconds
2016-06-21T09:00:09.935+0100: 12.244: Total time for which application threads were stopped: 0.0002444 seconds, Stopping threads took: 0.0000178 seconds
2016-06-21T09:00:10.049+0100: 12.357: Total time for which application threads were stopped: 0.0000924 seconds, Stopping threads took: 0.0000284 seconds
2016-06-21T09:00:10.049+0100: 12.357: Total time for which application threads were stopped: 0.0000438 seconds, Stopping threads took: 0.0000111 seconds
2016-06-21T09:00:10.050+0100: 12.359: Total time for which application threads were stopped: 0.0001634 seconds, Stopping threads took: 0.0001062 seconds
2016-06-21T09:00:10.050+0100: 12.359: Total time for which application threads were stopped: 0.0000541 seconds, Stopping threads took: 0.0000178 seconds
2016-06-21T09:00:10.053+0100: 12.362: Total time for which application threads were stopped: 0.0001615 seconds, Stopping threads took: 0.0000987 seconds
2016-06-21T09:00:10.415+0100: 12.724: Total time for which application threads were stopped: 0.0002633 seconds, Stopping threads took: 0.0000197 seconds
2016-06-21T09:00:10.424+0100: 12.733: Total time for which application threads were stopped: 0.0001358 seconds, Stopping threads took: 0.0000963 seconds
2016-06-21T09:00:10.424+0100: 12.733: Total time for which application threads were stopped: 0.0000667 seconds, Stopping threads took: 0.0000312 seconds
2016-06-21T09:00:10.424+0100: 12.733: Total time for which application threads were stopped: 0.0000489 seconds, Stopping threads took: 0.0000253 seconds
2016-06-21T09:00:10.424+0100: 12.733: Total time for which application threads were stopped: 0.0000561 seconds, Stopping threads took: 0.0000253 seconds
2016-06-21T09:00:10.425+0100: 12.734: Total time for which application threads were stopped: 0.0000861 seconds, Stopping threads took: 0.0000568 seconds
2016-06-21T09:00:10.425+0100: 12.734: Total time for which application threads were stopped: 0.0000537 seconds, Stopping threads took: 0.0000118 seconds
2016-06-21T09:00:10.425+0100: 12.734: Total time for which application threads were stopped: 0.0001457 seconds, Stopping threads took: 0.0000099 seconds
2016-06-21T09:00:11.425+0100: 13.734: Total time for which application threads were stopped: 0.0000999 seconds, Stopping threads took: 0.0000320 seconds
{Heap before GC invocations=1 (full 0):
 par new generation   total 109248K, used 93260K [0x00000000e0000000, 0x00000000e8000000, 0x00000000e8000000)
  eden space 87424K, 100% used [0x00000000e0000000, 0x00000000e5560000, 0x00000000e5560000)
  from space 21824K,  26% used [0x00000000e6ab0000, 0x00000000e70633b0, 0x00000000e8000000)
  to   space 21824K,   0% used [0x00000000e5560000, 0x00000000e5560000, 0x00000000e6ab0000)
 concurrent mark-sweep generation total 393216K, used 0K [0x00000000e8000000, 0x0000000100000000, 0x0000000100000000)
 Metaspace       used 20459K, capacity 20758K, committed 20992K, reserved 1067008K
  class space    used 2453K, capacity 2550K, committed 2560K, reserved 1048576K
2016-06-21T09:00:12.406+0100: 14.715: [GC (Allocation Failure) 2016-06-21T09:00:12.406+0100: 14.715: [ParNew
Desired survivor size 20112992 bytes, new threshold 8 (max 8)
- age   1:    9143080 bytes,    9143080 total
- age   2:    2592544 bytes,   11735624 total
: 93260K->13645K(109248K), 0.0120689 secs] 93260K->13645K(502464K), 0.0121266 secs] [Times: user=0.00 sys=0.00, real=0.01 secs] 
Heap after GC invocations=2 (full 0):
 par new generation   total 109248K, used 13645K [0x00000000e0000000, 0x00000000e8000000, 0x00000000e8000000)
  eden space 87424K,   0% used [0x00000000e0000000, 0x00000000e0000000, 0x00000000e5560000)
  from space 21824K,  62% used [0x00000000e5560000, 0x00000000e62b3530, 0x00000000e6ab0000)
  to   space 21824K,   0% used [0x00000000e6ab0000, 0x00000000e6ab0000, 0x00000000e8000000)
 concurrent mark-sweep generation total 393216K, used 0K [0x00000000e8000000, 0x0000000100000000, 0x0000000100000000)
 Metaspace       used 20459K, capacity 20758K, committed 20992K, reserved 1067008K
  class space    used 2453K, capacity 2550K, committed 2560K, reserved 1048576K
}
2016-06-21T09:00:12.419+0100: 14.727: Total time for which application threads were stopped: 0.0124128 seconds, Stopping threads took: 0.0000454 seconds
2016-06-21T09:00:12.419+0100: 14.728: Total time for which application threads were stopped: 0.0000849 seconds, Stopping threads took: 0.0000312 seconds
2016-06-21T09:00:12.420+0100: 14.728: Total time for which application threads were stopped: 0.0000683 seconds, Stopping threads took: 0.0000280 seconds
2016-06-21T09:00:12.422+0100: 14.730: Total time for which application threads were stopped: 0.0000991 seconds, Stopping threads took: 0.0000608 seconds
2016-06-21T09:00:13.422+0100: 15.731: Total time for which application threads were stopped: 0.0002329 seconds, Stopping threads took: 0.0000565 seconds
2016-06-21T09:00:14.633+0100: 16.942: Total time for which application threads were stopped: 0.0003624 seconds, Stopping threads took: 0.0001161 seconds
2016-06-21T09:00:14.728+0100: 17.037: Total time for which application threads were stopped: 0.0001172 seconds, Stopping threads took: 0.0000367 seconds
2016-06-21T09:00:15.148+0100: 17.456: Total time for which application threads were stopped: 0.0001303 seconds, Stopping threads took: 0.0000371 seconds
2016-06-21T09:00:15.148+0100: 17.457: Total time for which application threads were stopped: 0.0000557 seconds, Stopping threads took: 0.0000138 seconds
2016-06-21T09:00:15.148+0100: 17.457: Total time for which application threads were stopped: 0.0000513 seconds, Stopping threads took: 0.0000122 seconds
2016-06-21T09:00:15.182+0100: 17.491: Total time for which application threads were stopped: 0.0000711 seconds, Stopping threads took: 0.0000182 seconds
2016-06-21T09:00:15.271+0100: 17.580: Total time for which application threads were stopped: 0.0000955 seconds, Stopping threads took: 0.0000284 seconds
2016-06-21T09:00:16.179+0100: 18.488: Total time for which application threads were stopped: 0.0001220 seconds, Stopping threads took: 0.0000308 seconds
2016-06-21T09:00:16.399+0100: 18.708: Total time for which application threads were stopped: 0.0000659 seconds, Stopping threads took: 0.0000186 seconds
2016-06-21T09:00:16.399+0100: 18.708: Total time for which application threads were stopped: 0.0000276 seconds, Stopping threads took: 0.0000083 seconds
2016-06-21T09:00:16.418+0100: 18.727: [GC (CMS Initial Mark) [1 CMS-initial-mark: 0K(393216K)] 66399K(502464K), 0.0092606 secs] [Times: user=0.06 sys=0.00, real=0.01 secs] 
2016-06-21T09:00:16.427+0100: 18.736: Total time for which application threads were stopped: 0.0093913 seconds, Stopping threads took: 0.0000213 seconds
2016-06-21T09:00:16.428+0100: 18.736: [CMS-concurrent-mark-start]
2016-06-21T09:00:16.428+0100: 18.736: [CMS-concurrent-mark: 0.000/0.000 secs] [Times: user=0.00 sys=0.00, real=0.00 secs] 
2016-06-21T09:00:16.428+0100: 18.736: [CMS-concurrent-preclean-start]
2016-06-21T09:00:16.428+0100: 18.737: [CMS-concurrent-preclean: 0.001/0.001 secs] [Times: user=0.00 sys=0.00, real=0.00 secs] 
2016-06-21T09:00:16.428+0100: 18.737: [CMS-concurrent-abortable-preclean-start]
2016-06-21T09:00:16.457+0100: 18.766: Total time for which application threads were stopped: 0.0000742 seconds, Stopping threads took: 0.0000249 seconds
2016-06-21T09:00:16.487+0100: 18.795: Total time for which application threads were stopped: 0.0000699 seconds, Stopping threads took: 0.0000197 seconds
2016-06-21T09:00:16.487+0100: 18.795: Total time for which application threads were stopped: 0.0000434 seconds, Stopping threads took: 0.0000099 seconds
2016-06-21T09:00:16.489+0100: 18.798: Total time for which application threads were stopped: 0.0000600 seconds, Stopping threads took: 0.0000201 seconds
2016-06-21T09:00:16.719+0100: 19.027: Total time for which application threads were stopped: 0.0000640 seconds, Stopping threads took: 0.0000237 seconds
2016-06-21T09:00:16.720+0100: 19.028: Total time for which application threads were stopped: 0.0000438 seconds, Stopping threads took: 0.0000138 seconds
2016-06-21T09:00:17.111+0100: 19.420: Total time for which application threads were stopped: 0.0000904 seconds, Stopping threads took: 0.0000312 seconds
2016-06-21T09:00:17.136+0100: 19.445: Total time for which application threads were stopped: 0.0000896 seconds, Stopping threads took: 0.0000249 seconds
2016-06-21T09:00:17.149+0100: 19.458: Total time for which application threads were stopped: 0.0000896 seconds, Stopping threads took: 0.0000296 seconds
2016-06-21T09:00:18.046+0100: 20.354: Total time for which application threads were stopped: 0.0001551 seconds, Stopping threads took: 0.0000932 seconds
2016-06-21T09:00:18.143+0100: 20.451: Total time for which application threads were stopped: 0.0000778 seconds, Stopping threads took: 0.0000268 seconds
2016-06-21T09:00:18.237+0100: 20.546: Total time for which application threads were stopped: 0.0001180 seconds, Stopping threads took: 0.0000316 seconds
2016-06-21T09:00:18.547+0100: 20.856: Total time for which application threads were stopped: 0.0000750 seconds, Stopping threads took: 0.0000264 seconds
2016-06-21T09:00:18.902+0100: 21.211: Total time for which application threads were stopped: 0.0000797 seconds, Stopping threads took: 0.0000209 seconds
2016-06-21T09:00:19.753+0100: 22.062: Total time for which application threads were stopped: 0.0000857 seconds, Stopping threads took: 0.0000264 seconds
2016-06-21T09:00:19.755+0100: 22.065: Total time for which application threads were stopped: 0.0000493 seconds, Stopping threads took: 0.0000118 seconds
2016-06-21T09:00:19.755+0100: 22.065: Total time for which application threads were stopped: 0.0000229 seconds, Stopping threads took: 0.0000067 seconds
2016-06-21T09:00:20.229+0100: 22.538: Total time for which application threads were stopped: 0.0000790 seconds, Stopping threads took: 0.0000189 seconds
2016-06-21T09:00:20.350+0100: 22.659: Total time for which application threads were stopped: 0.0000971 seconds, Stopping threads took: 0.0000264 seconds
2016-06-21T09:00:20.352+0100: 22.660: Total time for which application threads were stopped: 0.0000754 seconds, Stopping threads took: 0.0000233 seconds
2016-06-21T09:00:20.357+0100: 22.666: Total time for which application threads were stopped: 0.0000726 seconds, Stopping threads took: 0.0000193 seconds
2016-06-21T09:00:20.366+0100: 22.675: Total time for which application threads were stopped: 0.0000908 seconds, Stopping threads took: 0.0000272 seconds
2016-06-21T09:00:20.571+0100: 22.880: Total time for which application threads were stopped: 0.0000718 seconds, Stopping threads took: 0.0000186 seconds
2016-06-21T09:00:20.812+0100: 23.121: Total time for which application threads were stopped: 0.0000936 seconds, Stopping threads took: 0.0000268 seconds
2016-06-21T09:00:20.974+0100: 23.283: Total time for which application threads were stopped: 0.0000734 seconds, Stopping threads took: 0.0000261 seconds
2016-06-21T09:00:21.164+0100: 23.473: Total time for which application threads were stopped: 0.0002100 seconds, Stopping threads took: 0.0001417 seconds
2016-06-21T09:00:21.164+0100: 23.473: Total time for which application threads were stopped: 0.0001457 seconds, Stopping threads took: 0.0001050 seconds
2016-06-21T09:00:21.166+0100: 23.475: Total time for which application threads were stopped: 0.0000845 seconds, Stopping threads took: 0.0000197 seconds
2016-06-21T09:00:21.166+0100: 23.475: Total time for which application threads were stopped: 0.0000430 seconds, Stopping threads took: 0.0000189 seconds
 CMS: abort preclean due to time 2016-06-21T09:00:22.474+0100: 24.782: [CMS-concurrent-abortable-preclean: 1.989/6.045 secs] [Times: user=2.67 sys=0.05, real=6.05 secs] 
2016-06-21T09:00:22.474+0100: 24.782: [GC (CMS Final Remark) [YG occupancy: 96188 K (109248 K)]{Heap before GC invocations=2 (full 1):
 par new generation   total 109248K, used 96188K [0x00000000e0000000, 0x00000000e8000000, 0x00000000e8000000)
  eden space 87424K,  94% used [0x00000000e0000000, 0x00000000e509beb8, 0x00000000e5560000)
  from space 21824K,  62% used [0x00000000e5560000, 0x00000000e62b3530, 0x00000000e6ab0000)
  to   space 21824K,   0% used [0x00000000e6ab0000, 0x00000000e6ab0000, 0x00000000e8000000)
 concurrent mark-sweep generation total 393216K, used 0K [0x00000000e8000000, 0x0000000100000000, 0x0000000100000000)
 Metaspace       used 25718K, capacity 26054K, committed 26276K, reserved 1073152K
  class space    used 3119K, capacity 3232K, committed 3244K, reserved 1048576K
2016-06-21T09:00:22.474+0100: 24.782: [GC (CMS Final Remark) 2016-06-21T09:00:22.474+0100: 24.782: [ParNew
Desired survivor size 20112992 bytes, new threshold 8 (max 8)
- age   1:    5079936 bytes,    5079936 total
- age   2:    2916184 bytes,    7996120 total
- age   3:    2589456 bytes,   10585576 total
: 96188K->14355K(109248K), 0.0095772 secs] 96188K->14355K(502464K), 0.0096664 secs] [Times: user=0.00 sys=0.03, real=0.01 secs] 
Heap after GC invocations=3 (full 1):
 par new generation   total 109248K, used 14355K [0x00000000e0000000, 0x00000000e8000000, 0x00000000e8000000)
  eden space 87424K,   0% used [0x00000000e0000000, 0x00000000e0000000, 0x00000000e5560000)
  from space 21824K,  65% used [0x00000000e6ab0000, 0x00000000e78b4c00, 0x00000000e8000000)
  to   space 21824K,   0% used [0x00000000e5560000, 0x00000000e5560000, 0x00000000e6ab0000)
 concurrent mark-sweep generation total 393216K, used 0K [0x00000000e8000000, 0x0000000100000000, 0x0000000100000000)
 Metaspace       used 25718K, capacity 26054K, committed 26276K, reserved 1073152K
  class space    used 3119K, capacity 3232K, committed 3244K, reserved 1048576K
}
2016-06-21T09:00:22.484+0100: 24.792: [Rescan (parallel) , 0.0030124 secs]2016-06-21T09:00:22.487+0100: 24.795: [weak refs processing, 0.0003652 secs]2016-06-21T09:00:22.487+0100: 24.795: [class unloading, 0.0044568 secs]2016-06-21T09:00:22.492+0100: 24.800: [scrub symbol table, 0.0035931 secs]2016-06-21T09:00:22.495+0100: 24.804: [scrub string table, 0.0002870 secs][1 CMS-remark: 0K(393216K)] 14355K(502464K), 0.0227890 secs] [Times: user=0.00 sys=0.03, real=0.02 secs] 
2016-06-21T09:00:22.497+0100: 24.805: Total time for which application threads were stopped: 0.0228821 seconds, Stopping threads took: 0.0000304 seconds
2016-06-21T09:00:22.497+0100: 24.805: [CMS-concurrent-sweep-start]
2016-06-21T09:00:22.497+0100: 24.805: [CMS-concurrent-sweep: 0.000/0.000 secs] [Times: user=0.00 sys=0.00, real=0.00 secs] 
2016-06-21T09:00:22.497+0100: 24.805: [CMS-concurrent-reset-start]
2016-06-21T09:00:22.498+0100: 24.806: Total time for which application threads were stopped: 0.0000557 seconds, Stopping threads took: 0.0000233 seconds
2016-06-21T09:00:22.499+0100: 24.807: [CMS-concurrent-reset: 0.002/0.002 secs] [Times: user=0.00 sys=0.00, real=0.00 secs] 
2016-06-21T09:01:00.528+0100: 62.836: Total time for which application threads were stopped: 0.0001003 seconds, Stopping threads took: 0.0000336 seconds
2016-06-21T09:01:44.956+0100: 107.265: Total time for which application threads were stopped: 0.0001003 seconds, Stopping threads took: 0.0000324 seconds
2016-06-21T09:01:44.957+0100: 107.265: Total time for which application threads were stopped: 0.0000659 seconds, Stopping threads took: 0.0000316 seconds
2016-06-21T09:01:44.957+0100: 107.265: Total time for which application threads were stopped: 0.0000407 seconds, Stopping threads took: 0.0000122 seconds
2016-06-21T09:01:44.957+0100: 107.266: Total time for which application threads were stopped: 0.0000711 seconds, Stopping threads took: 0.0000280 seconds
2016-06-21T09:01:44.958+0100: 107.266: Total time for which application threads were stopped: 0.0000699 seconds, Stopping threads took: 0.0000261 seconds
2016-06-21T09:01:44.958+0100: 107.266: Total time for which application threads were stopped: 0.0000545 seconds, Stopping threads took: 0.0000217 seconds
2016-06-21T09:01:44.958+0100: 107.267: Total time for which application threads were stopped: 0.0000576 seconds, Stopping threads took: 0.0000209 seconds
2016-06-21T09:01:44.959+0100: 107.267: Total time for which application threads were stopped: 0.0000616 seconds, Stopping threads took: 0.0000189 seconds
2016-06-21T09:01:44.959+0100: 107.268: Total time for which application threads were stopped: 0.0000687 seconds, Stopping threads took: 0.0000324 seconds
2016-06-21T09:01:44.959+0100: 107.268: Total time for which application threads were stopped: 0.0000450 seconds, Stopping threads took: 0.0000166 seconds
2016-06-21T09:01:44.959+0100: 107.268: Total time for which application threads were stopped: 0.0000489 seconds, Stopping threads took: 0.0000182 seconds
2016-06-21T09:01:44.959+0100: 107.268: Total time for which application threads were stopped: 0.0000403 seconds, Stopping threads took: 0.0000118 seconds
2016-06-21T09:01:44.959+0100: 107.268: Total time for which application threads were stopped: 0.0000474 seconds, Stopping threads took: 0.0000166 seconds
2016-06-21T09:01:45.286+0100: 107.594: Total time for which application threads were stopped: 0.0000884 seconds, Stopping threads took: 0.0000296 seconds
2016-06-21T09:01:45.304+0100: 107.612: Total time for which application threads were stopped: 0.0000896 seconds, Stopping threads took: 0.0000347 seconds
2016-06-21T09:01:45.304+0100: 107.612: Total time for which application threads were stopped: 0.0000525 seconds, Stopping threads took: 0.0000146 seconds
2016-06-21T09:01:45.391+0100: 107.700: Total time for which application threads were stopped: 0.0000868 seconds, Stopping threads took: 0.0000280 seconds
2016-06-21T09:01:45.567+0100: 107.876: Total time for which application threads were stopped: 0.0001315 seconds, Stopping threads took: 0.0000486 seconds
2016-06-21T09:01:45.568+0100: 107.876: Total time for which application threads were stopped: 0.0000837 seconds, Stopping threads took: 0.0000292 seconds
2016-06-21T09:01:45.568+0100: 107.877: Total time for which application threads were stopped: 0.0000568 seconds, Stopping threads took: 0.0000174 seconds
2016-06-21T09:01:45.581+0100: 107.889: Total time for which application threads were stopped: 0.0000896 seconds, Stopping threads took: 0.0000249 seconds
2016-06-21T09:01:45.581+0100: 107.890: Total time for which application threads were stopped: 0.0000545 seconds, Stopping threads took: 0.0000146 seconds
2016-06-21T09:01:45.584+0100: 107.892: Total time for which application threads were stopped: 0.0000912 seconds, Stopping threads took: 0.0000332 seconds
2016-06-21T09:01:45.624+0100: 107.933: Total time for which application threads were stopped: 0.0000900 seconds, Stopping threads took: 0.0000328 seconds
2016-06-21T09:01:45.667+0100: 107.976: Total time for which application threads were stopped: 0.0001011 seconds, Stopping threads took: 0.0000387 seconds
2016-06-21T09:01:45.667+0100: 107.976: Total time for which application threads were stopped: 0.0000509 seconds, Stopping threads took: 0.0000158 seconds
2016-06-21T09:01:45.667+0100: 107.976: Total time for which application threads were stopped: 0.0000584 seconds, Stopping threads took: 0.0000162 seconds
2016-06-21T09:01:45.667+0100: 107.976: Total time for which application threads were stopped: 0.0000482 seconds, Stopping threads took: 0.0000170 seconds
2016-06-21T09:01:45.669+0100: 107.977: Total time for which application threads were stopped: 0.0000793 seconds, Stopping threads took: 0.0000253 seconds
2016-06-21T09:01:45.681+0100: 107.989: Total time for which application threads were stopped: 0.0000936 seconds, Stopping threads took: 0.0000280 seconds
2016-06-21T09:01:45.681+0100: 107.990: Total time for which application threads were stopped: 0.0000561 seconds, Stopping threads took: 0.0000166 seconds
2016-06-21T09:01:45.681+0100: 107.990: Total time for which application threads were stopped: 0.0000470 seconds, Stopping threads took: 0.0000134 seconds
2016-06-21T09:01:45.692+0100: 108.001: Total time for which application threads were stopped: 0.0000801 seconds, Stopping threads took: 0.0000241 seconds
2016-06-21T09:01:45.693+0100: 108.002: Total time for which application threads were stopped: 0.0000857 seconds, Stopping threads took: 0.0000261 seconds
2016-06-21T09:01:45.753+0100: 108.062: Total time for which application threads were stopped: 0.0000884 seconds, Stopping threads took: 0.0000264 seconds
2016-06-21T09:01:45.850+0100: 108.158: Total time for which application threads were stopped: 0.0001062 seconds, Stopping threads took: 0.0000387 seconds
2016-06-21T09:01:45.851+0100: 108.159: Total time for which application threads were stopped: 0.0001295 seconds, Stopping threads took: 0.0000620 seconds
2016-06-21T09:01:45.852+0100: 108.161: Total time for which application threads were stopped: 0.0000991 seconds, Stopping threads took: 0.0000280 seconds
2016-06-21T09:01:45.853+0100: 108.161: Total time for which application threads were stopped: 0.0000576 seconds, Stopping threads took: 0.0000257 seconds
2016-06-21T09:01:45.854+0100: 108.162: Total time for which application threads were stopped: 0.0001232 seconds, Stopping threads took: 0.0000332 seconds
2016-06-21T09:01:45.856+0100: 108.164: Total time for which application threads were stopped: 0.0001121 seconds, Stopping threads took: 0.0000288 seconds
2016-06-21T09:01:45.858+0100: 108.166: Total time for which application threads were stopped: 0.0001034 seconds, Stopping threads took: 0.0000320 seconds
2016-06-21T09:01:45.858+0100: 108.166: Total time for which application threads were stopped: 0.0000572 seconds, Stopping threads took: 0.0000154 seconds
2016-06-21T09:01:45.859+0100: 108.167: Total time for which application threads were stopped: 0.0000572 seconds, Stopping threads took: 0.0000158 seconds
2016-06-21T09:01:45.872+0100: 108.181: Total time for which application threads were stopped: 0.0001532 seconds, Stopping threads took: 0.0000233 seconds
2016-06-21T09:01:45.873+0100: 108.181: Total time for which application threads were stopped: 0.0002388 seconds, Stopping threads took: 0.0000884 seconds
2016-06-21T09:01:45.874+0100: 108.182: Total time for which application threads were stopped: 0.0001820 seconds, Stopping threads took: 0.0000288 seconds
2016-06-21T09:01:45.883+0100: 108.191: Total time for which application threads were stopped: 0.0000865 seconds, Stopping threads took: 0.0000264 seconds
2016-06-21T09:01:45.886+0100: 108.194: Total time for which application threads were stopped: 0.0000979 seconds, Stopping threads took: 0.0000391 seconds
2016-06-21T09:01:46.233+0100: 108.543: Total time for which application threads were stopped: 0.0000900 seconds, Stopping threads took: 0.0000249 seconds
2016-06-21T09:01:46.234+0100: 108.543: Total time for which application threads were stopped: 0.0000525 seconds, Stopping threads took: 0.0000166 seconds
2016-06-21T09:01:46.234+0100: 108.543: Total time for which application threads were stopped: 0.0000588 seconds, Stopping threads took: 0.0000205 seconds
2016-06-21T09:01:46.239+0100: 108.548: Total time for which application threads were stopped: 0.0001828 seconds, Stopping threads took: 0.0000363 seconds
2016-06-21T09:01:46.338+0100: 108.647: Total time for which application threads were stopped: 0.0000928 seconds, Stopping threads took: 0.0000300 seconds
2016-06-21T09:01:46.338+0100: 108.647: Total time for which application threads were stopped: 0.0000620 seconds, Stopping threads took: 0.0000189 seconds
2016-06-21T09:01:46.339+0100: 108.647: Total time for which application threads were stopped: 0.0000521 seconds, Stopping threads took: 0.0000126 seconds
2016-06-21T09:01:46.339+0100: 108.648: Total time for which application threads were stopped: 0.0000628 seconds, Stopping threads took: 0.0000225 seconds
2016-06-21T09:01:46.341+0100: 108.650: Total time for which application threads were stopped: 0.0000797 seconds, Stopping threads took: 0.0000264 seconds
2016-06-21T09:01:46.342+0100: 108.650: Total time for which application threads were stopped: 0.0000730 seconds, Stopping threads took: 0.0000114 seconds
2016-06-21T09:01:46.342+0100: 108.650: Total time for which application threads were stopped: 0.0000375 seconds, Stopping threads took: 0.0000083 seconds
2016-06-21T09:01:46.342+0100: 108.650: Total time for which application threads were stopped: 0.0000489 seconds, Stopping threads took: 0.0000146 seconds
2016-06-21T09:01:46.346+0100: 108.655: Total time for which application threads were stopped: 0.0001022 seconds, Stopping threads took: 0.0000383 seconds
2016-06-21T09:01:46.460+0100: 108.768: Total time for which application threads were stopped: 0.0000865 seconds, Stopping threads took: 0.0000276 seconds
2016-06-21T09:01:46.465+0100: 108.773: Total time for which application threads were stopped: 0.0005448 seconds, Stopping threads took: 0.0004761 seconds
2016-06-21T09:01:46.471+0100: 108.779: Total time for which application threads were stopped: 0.0000999 seconds, Stopping threads took: 0.0000257 seconds
2016-06-21T09:01:46.471+0100: 108.779: Total time for which application threads were stopped: 0.0000707 seconds, Stopping threads took: 0.0000328 seconds
2016-06-21T09:01:46.471+0100: 108.780: Total time for which application threads were stopped: 0.0000715 seconds, Stopping threads took: 0.0000186 seconds
2016-06-21T09:01:46.472+0100: 108.780: Total time for which application threads were stopped: 0.0000628 seconds, Stopping threads took: 0.0000154 seconds
2016-06-21T09:01:46.472+0100: 108.780: Total time for which application threads were stopped: 0.0000628 seconds, Stopping threads took: 0.0000138 seconds
2016-06-21T09:01:46.472+0100: 108.780: Total time for which application threads were stopped: 0.0000718 seconds, Stopping threads took: 0.0000166 seconds
2016-06-21T09:01:46.473+0100: 108.782: Total time for which application threads were stopped: 0.0003154 seconds, Stopping threads took: 0.0001445 seconds
2016-06-21T09:01:46.475+0100: 108.783: Total time for which application threads were stopped: 0.0000936 seconds, Stopping threads took: 0.0000328 seconds
2016-06-21T09:01:46.921+0100: 109.230: Total time for which application threads were stopped: 0.0001022 seconds, Stopping threads took: 0.0000241 seconds
2016-06-21T09:01:46.956+0100: 109.265: Total time for which application threads were stopped: 0.0000892 seconds, Stopping threads took: 0.0000257 seconds
2016-06-21T09:01:46.956+0100: 109.265: Total time for which application threads were stopped: 0.0000509 seconds, Stopping threads took: 0.0000189 seconds
2016-06-21T09:01:46.956+0100: 109.265: Total time for which application threads were stopped: 0.0000470 seconds, Stopping threads took: 0.0000162 seconds
2016-06-21T09:01:46.956+0100: 109.266: Total time for which application threads were stopped: 0.0000438 seconds, Stopping threads took: 0.0000134 seconds
2016-06-21T09:01:46.957+0100: 109.266: Total time for which application threads were stopped: 0.0002629 seconds, Stopping threads took: 0.0002294 seconds
2016-06-21T09:01:46.958+0100: 109.267: Total time for which application threads were stopped: 0.0000537 seconds, Stopping threads took: 0.0000150 seconds
2016-06-21T09:01:46.958+0100: 109.267: Total time for which application threads were stopped: 0.0000351 seconds, Stopping threads took: 0.0000087 seconds
2016-06-21T09:01:46.958+0100: 109.267: Total time for which application threads were stopped: 0.0000245 seconds, Stopping threads took: 0.0000063 seconds
2016-06-21T09:01:46.958+0100: 109.267: Total time for which application threads were stopped: 0.0000241 seconds, Stopping threads took: 0.0000067 seconds
2016-06-21T09:01:46.958+0100: 109.267: Total time for which application threads were stopped: 0.0000280 seconds, Stopping threads took: 0.0000067 seconds
2016-06-21T09:01:46.958+0100: 109.267: Total time for which application threads were stopped: 0.0000482 seconds, Stopping threads took: 0.0000134 seconds
2016-06-21T09:01:46.958+0100: 109.267: Total time for which application threads were stopped: 0.0000549 seconds, Stopping threads took: 0.0000217 seconds
2016-06-21T09:01:46.958+0100: 109.267: Total time for which application threads were stopped: 0.0000399 seconds, Stopping threads took: 0.0000126 seconds
2016-06-21T09:01:47.039+0100: 109.348: Total time for which application threads were stopped: 0.0000600 seconds, Stopping threads took: 0.0000182 seconds
2016-06-21T09:01:48.040+0100: 110.348: Total time for which application threads were stopped: 0.0000825 seconds, Stopping threads took: 0.0000209 seconds
2016-06-21T09:02:40.957+0100: 163.267: Total time for which application threads were stopped: 0.0002538 seconds, Stopping threads took: 0.0001078 seconds
2016-06-21T09:13:20.756+0100: 803.065: Total time for which application threads were stopped: 0.0000959 seconds, Stopping threads took: 0.0000257 seconds
2016-06-21T09:13:20.756+0100: 803.065: Total time for which application threads were stopped: 0.0000434 seconds, Stopping threads took: 0.0000095 seconds
2016-06-21T09:13:20.756+0100: 803.065: Total time for which application threads were stopped: 0.0000438 seconds, Stopping threads took: 0.0000205 seconds
2016-06-21T09:13:20.756+0100: 803.065: Total time for which application threads were stopped: 0.0000391 seconds, Stopping threads took: 0.0000174 seconds
2016-06-21T09:13:20.756+0100: 803.065: Total time for which application threads were stopped: 0.0000422 seconds, Stopping threads took: 0.0000201 seconds
2016-06-21T09:13:20.757+0100: 803.066: Total time for which application threads were stopped: 0.0000600 seconds, Stopping threads took: 0.0000288 seconds
2016-06-21T09:13:20.758+0100: 803.067: Total time for which application threads were stopped: 0.0000766 seconds, Stopping threads took: 0.0000422 seconds
2016-06-21T09:13:21.246+0100: 803.555: Total time for which application threads were stopped: 0.0001216 seconds, Stopping threads took: 0.0000261 seconds
2016-06-21T09:13:21.246+0100: 803.555: Total time for which application threads were stopped: 0.0000478 seconds, Stopping threads took: 0.0000213 seconds
2016-06-21T09:13:21.252+0100: 803.561: Total time for which application threads were stopped: 0.0000813 seconds, Stopping threads took: 0.0000225 seconds
2016-06-21T09:13:21.253+0100: 803.562: Total time for which application threads were stopped: 0.0000628 seconds, Stopping threads took: 0.0000166 seconds
2016-06-21T09:13:21.260+0100: 803.569: Total time for which application threads were stopped: 0.0003505 seconds, Stopping threads took: 0.0000201 seconds
2016-06-21T09:13:21.308+0100: 803.617: Total time for which application threads were stopped: 0.0001062 seconds, Stopping threads took: 0.0000450 seconds
2016-06-21T09:13:21.308+0100: 803.617: Total time for which application threads were stopped: 0.0000596 seconds, Stopping threads took: 0.0000213 seconds
2016-06-21T09:13:21.308+0100: 803.617: Total time for which application threads were stopped: 0.0000450 seconds, Stopping threads took: 0.0000193 seconds
2016-06-21T09:13:21.308+0100: 803.617: Total time for which application threads were stopped: 0.0000375 seconds, Stopping threads took: 0.0000178 seconds
2016-06-21T09:13:21.308+0100: 803.617: Total time for which application threads were stopped: 0.0000351 seconds, Stopping threads took: 0.0000154 seconds
2016-06-21T09:13:21.308+0100: 803.617: Total time for which application threads were stopped: 0.0000320 seconds, Stopping threads took: 0.0000122 seconds
2016-06-21T09:13:21.309+0100: 803.617: Total time for which application threads were stopped: 0.0000489 seconds, Stopping threads took: 0.0000170 seconds
2016-06-21T09:13:21.309+0100: 803.617: Total time for which application threads were stopped: 0.0000525 seconds, Stopping threads took: 0.0000213 seconds
2016-06-21T09:13:21.961+0100: 804.270: Total time for which application threads were stopped: 0.0000987 seconds, Stopping threads took: 0.0000355 seconds
2016-06-21T09:13:21.962+0100: 804.271: Total time for which application threads were stopped: 0.0000900 seconds, Stopping threads took: 0.0000343 seconds
2016-06-21T09:13:21.962+0100: 804.271: Total time for which application threads were stopped: 0.0000513 seconds, Stopping threads took: 0.0000186 seconds
2016-06-21T09:13:21.962+0100: 804.271: Total time for which application threads were stopped: 0.0000521 seconds, Stopping threads took: 0.0000193 seconds
2016-06-21T09:13:21.962+0100: 804.271: Total time for which application threads were stopped: 0.0000450 seconds, Stopping threads took: 0.0000162 seconds
2016-06-21T09:13:21.963+0100: 804.271: Total time for which application threads were stopped: 0.0000454 seconds, Stopping threads took: 0.0000166 seconds
2016-06-21T09:13:21.963+0100: 804.271: Total time for which application threads were stopped: 0.0000422 seconds, Stopping threads took: 0.0000142 seconds
2016-06-21T09:13:21.963+0100: 804.271: Total time for which application threads were stopped: 0.0000418 seconds, Stopping threads took: 0.0000130 seconds
2016-06-21T09:13:21.963+0100: 804.271: Total time for which application threads were stopped: 0.0000414 seconds, Stopping threads took: 0.0000130 seconds
2016-06-21T09:13:21.963+0100: 804.271: Total time for which application threads were stopped: 0.0000395 seconds, Stopping threads took: 0.0000099 seconds
2016-06-21T09:13:21.963+0100: 804.271: Total time for which application threads were stopped: 0.0000351 seconds, Stopping threads took: 0.0000087 seconds
2016-06-21T09:13:21.963+0100: 804.271: Total time for which application threads were stopped: 0.0000418 seconds, Stopping threads took: 0.0000130 seconds
2016-06-21T09:13:21.963+0100: 804.271: Total time for which application threads were stopped: 0.0000363 seconds, Stopping threads took: 0.0000091 seconds
2016-06-21T09:13:21.963+0100: 804.271: Total time for which application threads were stopped: 0.0000339 seconds, Stopping threads took: 0.0000079 seconds
2016-06-21T09:13:21.963+0100: 804.272: Total time for which application threads were stopped: 0.0000363 seconds, Stopping threads took: 0.0000091 seconds
2016-06-21T09:13:21.963+0100: 804.272: Total time for which application threads were stopped: 0.0000336 seconds, Stopping threads took: 0.0000079 seconds
2016-06-21T09:13:21.963+0100: 804.272: Total time for which application threads were stopped: 0.0000336 seconds, Stopping threads took: 0.0000079 seconds
2016-06-21T09:13:21.963+0100: 804.272: Total time for which application threads were stopped: 0.0000600 seconds, Stopping threads took: 0.0000197 seconds
2016-06-21T09:13:21.964+0100: 804.272: Total time for which application threads were stopped: 0.0000414 seconds, Stopping threads took: 0.0000099 seconds
2016-06-21T09:13:21.964+0100: 804.272: Total time for which application threads were stopped: 0.0000399 seconds, Stopping threads took: 0.0000122 seconds
2016-06-21T09:13:21.964+0100: 804.272: Total time for which application threads were stopped: 0.0000355 seconds, Stopping threads took: 0.0000107 seconds
2016-06-21T09:13:21.964+0100: 804.272: Total time for which application threads were stopped: 0.0001500 seconds, Stopping threads took: 0.0000079 seconds
2016-06-21T09:13:21.964+0100: 804.272: Total time for which application threads were stopped: 0.0000411 seconds, Stopping threads took: 0.0000103 seconds
2016-06-21T09:13:21.966+0100: 804.274: Total time for which application threads were stopped: 0.0000592 seconds, Stopping threads took: 0.0000138 seconds
2016-06-21T09:13:21.966+0100: 804.274: Total time for which application threads were stopped: 0.0000272 seconds, Stopping threads took: 0.0000075 seconds
2016-06-21T09:13:21.966+0100: 804.274: Total time for which application threads were stopped: 0.0000336 seconds, Stopping threads took: 0.0000087 seconds
2016-06-21T09:13:21.966+0100: 804.274: Total time for which application threads were stopped: 0.0000363 seconds, Stopping threads took: 0.0000095 seconds
2016-06-21T09:13:21.966+0100: 804.275: Total time for which application threads were stopped: 0.0000371 seconds, Stopping threads took: 0.0000095 seconds
2016-06-21T09:13:21.966+0100: 804.275: Total time for which application threads were stopped: 0.0000253 seconds, Stopping threads took: 0.0000055 seconds
2016-06-21T09:13:21.967+0100: 804.275: Total time for which application threads were stopped: 0.0000371 seconds, Stopping threads took: 0.0000095 seconds
2016-06-21T09:13:21.967+0100: 804.276: Total time for which application threads were stopped: 0.0000371 seconds, Stopping threads took: 0.0000095 seconds
2016-06-21T09:13:21.968+0100: 804.276: Total time for which application threads were stopped: 0.0000580 seconds, Stopping threads took: 0.0000142 seconds
2016-06-21T09:13:21.968+0100: 804.276: Total time for which application threads were stopped: 0.0000430 seconds, Stopping threads took: 0.0000099 seconds
2016-06-21T09:13:21.968+0100: 804.276: Total time for which application threads were stopped: 0.0000403 seconds, Stopping threads took: 0.0000118 seconds
2016-06-21T09:13:21.969+0100: 804.277: Total time for which application threads were stopped: 0.0000691 seconds, Stopping threads took: 0.0000229 seconds
2016-06-21T09:13:22.000+0100: 804.309: Total time for which application threads were stopped: 0.0002601 seconds, Stopping threads took: 0.0000182 seconds
2016-06-21T09:13:22.069+0100: 804.378: Total time for which application threads were stopped: 0.0001354 seconds, Stopping threads took: 0.0000371 seconds
2016-06-21T09:13:22.069+0100: 804.378: Total time for which application threads were stopped: 0.0000545 seconds, Stopping threads took: 0.0000201 seconds
2016-06-21T09:13:22.069+0100: 804.378: Total time for which application threads were stopped: 0.0000450 seconds, Stopping threads took: 0.0000130 seconds
2016-06-21T09:13:22.073+0100: 804.381: Total time for which application threads were stopped: 0.0001042 seconds, Stopping threads took: 0.0000320 seconds
2016-06-21T09:13:22.074+0100: 804.382: Total time for which application threads were stopped: 0.0001046 seconds, Stopping threads took: 0.0000403 seconds
2016-06-21T09:13:22.074+0100: 804.383: Total time for which application threads were stopped: 0.0000995 seconds, Stopping threads took: 0.0000426 seconds
2016-06-21T09:13:22.074+0100: 804.383: Total time for which application threads were stopped: 0.0000604 seconds, Stopping threads took: 0.0000209 seconds
2016-06-21T09:13:22.075+0100: 804.383: Total time for which application threads were stopped: 0.0000541 seconds, Stopping threads took: 0.0000193 seconds
2016-06-21T09:13:22.082+0100: 804.391: Total time for which application threads were stopped: 0.0000983 seconds, Stopping threads took: 0.0000355 seconds
2016-06-21T09:13:22.083+0100: 804.392: Total time for which application threads were stopped: 0.0000904 seconds, Stopping threads took: 0.0000272 seconds
2016-06-21T09:13:22.084+0100: 804.392: Total time for which application threads were stopped: 0.0000632 seconds, Stopping threads took: 0.0000205 seconds
2016-06-21T09:13:22.084+0100: 804.393: Total time for which application threads were stopped: 0.0000663 seconds, Stopping threads took: 0.0000225 seconds
2016-06-21T09:13:22.087+0100: 804.396: Total time for which application threads were stopped: 0.0000963 seconds, Stopping threads took: 0.0000312 seconds
2016-06-21T09:13:22.087+0100: 804.396: Total time for which application threads were stopped: 0.0000663 seconds, Stopping threads took: 0.0000233 seconds
2016-06-21T09:13:22.087+0100: 804.396: Total time for which application threads were stopped: 0.0000588 seconds, Stopping threads took: 0.0000189 seconds
2016-06-21T09:13:22.088+0100: 804.397: Total time for which application threads were stopped: 0.0000576 seconds, Stopping threads took: 0.0000193 seconds
2016-06-21T09:13:22.089+0100: 804.398: Total time for which application threads were stopped: 0.0000892 seconds, Stopping threads took: 0.0000288 seconds
2016-06-21T09:13:22.090+0100: 804.398: Total time for which application threads were stopped: 0.0000450 seconds, Stopping threads took: 0.0000150 seconds
2016-06-21T09:13:22.090+0100: 804.399: Total time for which application threads were stopped: 0.0000422 seconds, Stopping threads took: 0.0000130 seconds
2016-06-21T09:13:22.090+0100: 804.399: Total time for which application threads were stopped: 0.0000482 seconds, Stopping threads took: 0.0000150 seconds
2016-06-21T09:13:22.120+0100: 804.429: Total time for which application threads were stopped: 0.0000975 seconds, Stopping threads took: 0.0000264 seconds
2016-06-21T09:13:22.120+0100: 804.429: Total time for which application threads were stopped: 0.0000553 seconds, Stopping threads took: 0.0000154 seconds
2016-06-21T09:13:22.120+0100: 804.429: Total time for which application threads were stopped: 0.0000355 seconds, Stopping threads took: 0.0000114 seconds
2016-06-21T09:13:22.123+0100: 804.432: Total time for which application threads were stopped: 0.0001003 seconds, Stopping threads took: 0.0000336 seconds
2016-06-21T09:13:22.123+0100: 804.432: Total time for which application threads were stopped: 0.0000604 seconds, Stopping threads took: 0.0000205 seconds
2016-06-21T09:13:22.146+0100: 804.455: Total time for which application threads were stopped: 0.0001097 seconds, Stopping threads took: 0.0000328 seconds
2016-06-21T09:13:22.146+0100: 804.455: Total time for which application threads were stopped: 0.0000505 seconds, Stopping threads took: 0.0000142 seconds
2016-06-21T09:13:22.179+0100: 804.488: Total time for which application threads were stopped: 0.0003517 seconds, Stopping threads took: 0.0000343 seconds
2016-06-21T09:13:22.181+0100: 804.489: Total time for which application threads were stopped: 0.0000849 seconds, Stopping threads took: 0.0000292 seconds
2016-06-21T09:13:22.181+0100: 804.489: Total time for which application threads were stopped: 0.0000486 seconds, Stopping threads took: 0.0000158 seconds
2016-06-21T09:13:22.181+0100: 804.490: Total time for which application threads were stopped: 0.0000734 seconds, Stopping threads took: 0.0000411 seconds
2016-06-21T09:13:22.182+0100: 804.490: Total time for which application threads were stopped: 0.0000568 seconds, Stopping threads took: 0.0000186 seconds
2016-06-21T09:13:22.186+0100: 804.494: Total time for which application threads were stopped: 0.0001046 seconds, Stopping threads took: 0.0000312 seconds
2016-06-21T09:13:22.186+0100: 804.494: Total time for which application threads were stopped: 0.0000489 seconds, Stopping threads took: 0.0000158 seconds
2016-06-21T09:13:22.186+0100: 804.494: Total time for which application threads were stopped: 0.0000438 seconds, Stopping threads took: 0.0000138 seconds
2016-06-21T09:13:22.186+0100: 804.495: Total time for which application threads were stopped: 0.0000718 seconds, Stopping threads took: 0.0000166 seconds
2016-06-21T09:13:22.242+0100: 804.551: Total time for which application threads were stopped: 0.0000963 seconds, Stopping threads took: 0.0000284 seconds
2016-06-21T09:13:22.242+0100: 804.552: Total time for which application threads were stopped: 0.0000580 seconds, Stopping threads took: 0.0000170 seconds
2016-06-21T09:13:22.243+0100: 804.552: Total time for which application threads were stopped: 0.0000537 seconds, Stopping threads took: 0.0000193 seconds
2016-06-21T09:13:22.243+0100: 804.552: Total time for which application threads were stopped: 0.0000521 seconds, Stopping threads took: 0.0000146 seconds
2016-06-21T09:13:22.259+0100: 804.568: Total time for which application threads were stopped: 0.0001579 seconds, Stopping threads took: 0.0000513 seconds
2016-06-21T09:13:22.259+0100: 804.568: Total time for which application threads were stopped: 0.0000580 seconds, Stopping threads took: 0.0000170 seconds
2016-06-21T09:13:22.259+0100: 804.568: Total time for which application threads were stopped: 0.0000497 seconds, Stopping threads took: 0.0000178 seconds
2016-06-21T09:13:22.259+0100: 804.568: Total time for which application threads were stopped: 0.0000533 seconds, Stopping threads took: 0.0000174 seconds
2016-06-21T09:13:22.285+0100: 804.594: Total time for which application threads were stopped: 0.0001121 seconds, Stopping threads took: 0.0000347 seconds
2016-06-21T09:13:22.285+0100: 804.594: Total time for which application threads were stopped: 0.0000821 seconds, Stopping threads took: 0.0000264 seconds
2016-06-21T09:13:22.285+0100: 804.594: Total time for which application threads were stopped: 0.0000624 seconds, Stopping threads took: 0.0000245 seconds
2016-06-21T09:13:22.298+0100: 804.607: Total time for which application threads were stopped: 0.0001066 seconds, Stopping threads took: 0.0000367 seconds
2016-06-21T09:13:22.322+0100: 804.631: Total time for which application threads were stopped: 0.0000940 seconds, Stopping threads took: 0.0000300 seconds
2016-06-21T09:13:22.322+0100: 804.631: Total time for which application threads were stopped: 0.0000766 seconds, Stopping threads took: 0.0000209 seconds
2016-06-21T09:13:22.322+0100: 804.631: Total time for which application threads were stopped: 0.0000608 seconds, Stopping threads took: 0.0000166 seconds
2016-06-21T09:13:22.322+0100: 804.632: Total time for which application threads were stopped: 0.0000636 seconds, Stopping threads took: 0.0000174 seconds
2016-06-21T09:13:22.355+0100: 804.664: Total time for which application threads were stopped: 0.0000742 seconds, Stopping threads took: 0.0000229 seconds
2016-06-21T09:13:22.355+0100: 804.664: Total time for which application threads were stopped: 0.0000336 seconds, Stopping threads took: 0.0000107 seconds
2016-06-21T09:13:22.355+0100: 804.665: Total time for which application threads were stopped: 0.0000292 seconds, Stopping threads took: 0.0000087 seconds
2016-06-21T09:13:22.356+0100: 804.665: Total time for which application threads were stopped: 0.0000336 seconds, Stopping threads took: 0.0000103 seconds
2016-06-21T09:13:22.374+0100: 804.683: Total time for which application threads were stopped: 0.0001022 seconds, Stopping threads took: 0.0000308 seconds
2016-06-21T09:13:22.374+0100: 804.683: Total time for which application threads were stopped: 0.0000557 seconds, Stopping threads took: 0.0000162 seconds
2016-06-21T09:13:22.375+0100: 804.683: Total time for which application threads were stopped: 0.0000533 seconds, Stopping threads took: 0.0000130 seconds
2016-06-21T09:13:22.377+0100: 804.686: Total time for which application threads were stopped: 0.0001559 seconds, Stopping threads took: 0.0000841 seconds
2016-06-21T09:13:22.425+0100: 804.734: Total time for which application threads were stopped: 0.0003865 seconds, Stopping threads took: 0.0000371 seconds
2016-06-21T09:13:22.532+0100: 804.841: Total time for which application threads were stopped: 0.0001109 seconds, Stopping threads took: 0.0000268 seconds
2016-06-21T09:13:22.533+0100: 804.841: Total time for which application threads were stopped: 0.0000628 seconds, Stopping threads took: 0.0000174 seconds
2016-06-21T09:13:22.533+0100: 804.841: Total time for which application threads were stopped: 0.0000501 seconds, Stopping threads took: 0.0000166 seconds
2016-06-21T09:13:22.533+0100: 804.841: Total time for which application threads were stopped: 0.0000533 seconds, Stopping threads took: 0.0000146 seconds
2016-06-21T09:13:22.549+0100: 804.857: Total time for which application threads were stopped: 0.0003537 seconds, Stopping threads took: 0.0000268 seconds
2016-06-21T09:13:22.549+0100: 804.858: Total time for which application threads were stopped: 0.0000865 seconds, Stopping threads took: 0.0000170 seconds
2016-06-21T09:13:22.561+0100: 804.870: Total time for which application threads were stopped: 0.0000943 seconds, Stopping threads took: 0.0000272 seconds
2016-06-21T09:13:22.562+0100: 804.870: Total time for which application threads were stopped: 0.0000647 seconds, Stopping threads took: 0.0000182 seconds
2016-06-21T09:13:22.562+0100: 804.870: Total time for which application threads were stopped: 0.0001788 seconds, Stopping threads took: 0.0000193 seconds
2016-06-21T09:13:22.562+0100: 804.870: Total time for which application threads were stopped: 0.0000462 seconds, Stopping threads took: 0.0000134 seconds
2016-06-21T09:13:22.671+0100: 804.979: Total time for which application threads were stopped: 0.0001101 seconds, Stopping threads took: 0.0000351 seconds
2016-06-21T09:13:23.017+0100: 805.325: Total time for which application threads were stopped: 0.0001101 seconds, Stopping threads took: 0.0000375 seconds
2016-06-21T09:13:23.017+0100: 805.326: Total time for which application threads were stopped: 0.0000604 seconds, Stopping threads took: 0.0000189 seconds
2016-06-21T09:13:23.018+0100: 805.326: Total time for which application threads were stopped: 0.0000640 seconds, Stopping threads took: 0.0000213 seconds
2016-06-21T09:13:23.018+0100: 805.326: Total time for which application threads were stopped: 0.0000624 seconds, Stopping threads took: 0.0000225 seconds
2016-06-21T09:13:23.018+0100: 805.327: Total time for which application threads were stopped: 0.0000529 seconds, Stopping threads took: 0.0000166 seconds
2016-06-21T09:13:23.018+0100: 805.327: Total time for which application threads were stopped: 0.0000486 seconds, Stopping threads took: 0.0000154 seconds
2016-06-21T09:13:23.018+0100: 805.327: Total time for which application threads were stopped: 0.0000442 seconds, Stopping threads took: 0.0000114 seconds
2016-06-21T09:13:23.018+0100: 805.327: Total time for which application threads were stopped: 0.0000422 seconds, Stopping threads took: 0.0000114 seconds
2016-06-21T09:13:23.018+0100: 805.327: Total time for which application threads were stopped: 0.0000505 seconds, Stopping threads took: 0.0000142 seconds
2016-06-21T09:13:23.018+0100: 805.327: Total time for which application threads were stopped: 0.0000458 seconds, Stopping threads took: 0.0000118 seconds
2016-06-21T09:13:23.018+0100: 805.327: Total time for which application threads were stopped: 0.0000442 seconds, Stopping threads took: 0.0000122 seconds
2016-06-21T09:13:23.018+0100: 805.327: Total time for which application threads were stopped: 0.0000466 seconds, Stopping threads took: 0.0000126 seconds
2016-06-21T09:13:23.019+0100: 805.327: Total time for which application threads were stopped: 0.0000458 seconds, Stopping threads took: 0.0000122 seconds
2016-06-21T09:13:23.019+0100: 805.327: Total time for which application threads were stopped: 0.0000509 seconds, Stopping threads took: 0.0000134 seconds
2016-06-21T09:13:23.019+0100: 805.328: Total time for which application threads were stopped: 0.0000497 seconds, Stopping threads took: 0.0000130 seconds
2016-06-21T09:13:23.019+0100: 805.328: Total time for which application threads were stopped: 0.0000505 seconds, Stopping threads took: 0.0000138 seconds
2016-06-21T09:13:23.019+0100: 805.328: Total time for which application threads were stopped: 0.0000466 seconds, Stopping threads took: 0.0000126 seconds
2016-06-21T09:13:23.019+0100: 805.328: Total time for which application threads were stopped: 0.0000482 seconds, Stopping threads took: 0.0000138 seconds
2016-06-21T09:13:23.019+0100: 805.328: Total time for which application threads were stopped: 0.0000458 seconds, Stopping threads took: 0.0000126 seconds
2016-06-21T09:13:23.019+0100: 805.328: Total time for which application threads were stopped: 0.0000493 seconds, Stopping threads took: 0.0000126 seconds
2016-06-21T09:13:23.020+0100: 805.328: Total time for which application threads were stopped: 0.0000454 seconds, Stopping threads took: 0.0000118 seconds
2016-06-21T09:13:23.020+0100: 805.328: Total time for which application threads were stopped: 0.0001496 seconds, Stopping threads took: 0.0000166 seconds
2016-06-21T09:13:23.021+0100: 805.329: Total time for which application threads were stopped: 0.0000801 seconds, Stopping threads took: 0.0000276 seconds
2016-06-21T09:13:23.033+0100: 805.342: Total time for which application threads were stopped: 0.0001078 seconds, Stopping threads took: 0.0000288 seconds
2016-06-21T09:13:23.033+0100: 805.342: Total time for which application threads were stopped: 0.0000592 seconds, Stopping threads took: 0.0000162 seconds
2016-06-21T09:13:23.174+0100: 805.482: Total time for which application threads were stopped: 0.0001082 seconds, Stopping threads took: 0.0000276 seconds
2016-06-21T09:13:23.174+0100: 805.482: Total time for which application threads were stopped: 0.0000628 seconds, Stopping threads took: 0.0000158 seconds
2016-06-21T09:13:23.174+0100: 805.482: Total time for which application threads were stopped: 0.0000422 seconds, Stopping threads took: 0.0000103 seconds
2016-06-21T09:13:23.174+0100: 805.482: Total time for which application threads were stopped: 0.0000414 seconds, Stopping threads took: 0.0000099 seconds
2016-06-21T09:13:23.174+0100: 805.483: Total time for which application threads were stopped: 0.0000407 seconds, Stopping threads took: 0.0000099 seconds
2016-06-21T09:13:23.174+0100: 805.483: Total time for which application threads were stopped: 0.0000407 seconds, Stopping threads took: 0.0000095 seconds
2016-06-21T09:13:23.174+0100: 805.483: Total time for which application threads were stopped: 0.0000438 seconds, Stopping threads took: 0.0000111 seconds
2016-06-21T09:13:23.175+0100: 805.483: Total time for which application threads were stopped: 0.0000493 seconds, Stopping threads took: 0.0000166 seconds
2016-06-21T09:13:23.175+0100: 805.483: Total time for which application threads were stopped: 0.0000434 seconds, Stopping threads took: 0.0000107 seconds
2016-06-21T09:13:23.175+0100: 805.483: Total time for which application threads were stopped: 0.0000403 seconds, Stopping threads took: 0.0000099 seconds
2016-06-21T09:13:23.175+0100: 805.483: Total time for which application threads were stopped: 0.0000414 seconds, Stopping threads took: 0.0000103 seconds
2016-06-21T09:13:23.175+0100: 805.483: Total time for which application threads were stopped: 0.0000403 seconds, Stopping threads took: 0.0000099 seconds
2016-06-21T09:13:23.175+0100: 805.483: Total time for which application threads were stopped: 0.0000399 seconds, Stopping threads took: 0.0000099 seconds
2016-06-21T09:13:23.175+0100: 805.483: Total time for which application threads were stopped: 0.0000407 seconds, Stopping threads took: 0.0000099 seconds
2016-06-21T09:13:23.175+0100: 805.483: Total time for which application threads were stopped: 0.0000399 seconds, Stopping threads took: 0.0000099 seconds
2016-06-21T09:13:23.175+0100: 805.483: Total time for which application threads were stopped: 0.0000450 seconds, Stopping threads took: 0.0000107 seconds
2016-06-21T09:13:23.175+0100: 805.483: Total time for which application threads were stopped: 0.0000403 seconds, Stopping threads took: 0.0000099 seconds
2016-06-21T09:13:23.175+0100: 805.483: Total time for which application threads were stopped: 0.0000426 seconds, Stopping threads took: 0.0000103 seconds
2016-06-21T09:13:23.175+0100: 805.483: Total time for which application threads were stopped: 0.0000403 seconds, Stopping threads took: 0.0000099 seconds
2016-06-21T09:13:23.175+0100: 805.484: Total time for which application threads were stopped: 0.0001315 seconds, Stopping threads took: 0.0000099 seconds
2016-06-21T09:13:24.175+0100: 806.484: Total time for which application threads were stopped: 0.0001015 seconds, Stopping threads took: 0.0000276 seconds
2016-06-21T09:13:25.176+0100: 807.485: Total time for which application threads were stopped: 0.0000940 seconds, Stopping threads took: 0.0000272 seconds
2016-06-21T09:13:31.808+0100: 814.117: Total time for which application threads were stopped: 0.0001038 seconds, Stopping threads took: 0.0000300 seconds
2016-06-21T09:13:31.808+0100: 814.117: Total time for which application threads were stopped: 0.0000545 seconds, Stopping threads took: 0.0000186 seconds
2016-06-21T09:13:32.207+0100: 814.515: Total time for which application threads were stopped: 0.0000991 seconds, Stopping threads took: 0.0000229 seconds
2016-06-21T09:13:33.207+0100: 815.516: Total time for which application threads were stopped: 0.0000742 seconds, Stopping threads took: 0.0000209 seconds
2016-06-21T09:13:38.410+0100: 820.719: Total time for which application threads were stopped: 0.0001263 seconds, Stopping threads took: 0.0000561 seconds
2016-06-21T09:13:39.412+0100: 821.720: Total time for which application threads were stopped: 0.0001161 seconds, Stopping threads took: 0.0000316 seconds
2016-06-21T09:13:40.412+0100: 822.720: Total time for which application threads were stopped: 0.0001003 seconds, Stopping threads took: 0.0000257 seconds
2016-06-21T09:13:41.413+0100: 823.721: Total time for which application threads were stopped: 0.0001082 seconds, Stopping threads took: 0.0000328 seconds
2016-06-21T09:13:42.413+0100: 824.721: Total time for which application threads were stopped: 0.0000857 seconds, Stopping threads took: 0.0000253 seconds
2016-06-21T09:13:52.419+0100: 834.727: Total time for which application threads were stopped: 0.0000857 seconds, Stopping threads took: 0.0000308 seconds
2016-06-21T09:13:58.428+0100: 840.737: Total time for which application threads were stopped: 0.0000940 seconds, Stopping threads took: 0.0000272 seconds
2016-06-21T09:13:59.428+0100: 841.737: Total time for which application threads were stopped: 0.0000703 seconds, Stopping threads took: 0.0000213 seconds
2016-06-21T09:14:00.429+0100: 842.737: Total time for which application threads were stopped: 0.0001050 seconds, Stopping threads took: 0.0000383 seconds
2016-06-21T09:14:01.429+0100: 843.738: Total time for which application threads were stopped: 0.0000857 seconds, Stopping threads took: 0.0000225 seconds
{Heap before GC invocations=3 (full 1):
 par new generation   total 109248K, used 101779K [0x00000000e0000000, 0x00000000e8000000, 0x00000000e8000000)
  eden space 87424K, 100% used [0x00000000e0000000, 0x00000000e5560000, 0x00000000e5560000)
  from space 21824K,  65% used [0x00000000e6ab0000, 0x00000000e78b4c00, 0x00000000e8000000)
  to   space 21824K,   0% used [0x00000000e5560000, 0x00000000e5560000, 0x00000000e6ab0000)
 concurrent mark-sweep generation total 393216K, used 0K [0x00000000e8000000, 0x0000000100000000, 0x0000000100000000)
 Metaspace       used 30017K, capacity 30488K, committed 30884K, reserved 1077248K
  class space    used 3544K, capacity 3683K, committed 3756K, reserved 1048576K
2016-06-21T09:14:02.027+0100: 844.336: [GC (Allocation Failure) 2016-06-21T09:14:02.027+0100: 844.336: [ParNew
Desired survivor size 20112992 bytes, new threshold 8 (max 8)
- age   1:    8145800 bytes,    8145800 total
- age   2:     744736 bytes,    8890536 total
- age   3:    2863328 bytes,   11753864 total
- age   4:    2545432 bytes,   14299296 total
: 101779K->17848K(109248K), 0.0139721 secs] 101779K->17848K(502464K), 0.0140569 secs] [Times: user=0.06 sys=0.00, real=0.01 secs] 
Heap after GC invocations=4 (full 1):
 par new generation   total 109248K, used 17848K [0x00000000e0000000, 0x00000000e8000000, 0x00000000e8000000)
  eden space 87424K,   0% used [0x00000000e0000000, 0x00000000e0000000, 0x00000000e5560000)
  from space 21824K,  81% used [0x00000000e5560000, 0x00000000e66ce1c0, 0x00000000e6ab0000)
  to   space 21824K,   0% used [0x00000000e6ab0000, 0x00000000e6ab0000, 0x00000000e8000000)
 concurrent mark-sweep generation total 393216K, used 0K [0x00000000e8000000, 0x0000000100000000, 0x0000000100000000)
 Metaspace       used 30017K, capacity 30488K, committed 30884K, reserved 1077248K
  class space    used 3544K, capacity 3683K, committed 3756K, reserved 1048576K
}
2016-06-21T09:14:02.041+0100: 844.350: Total time for which application threads were stopped: 0.0142879 seconds, Stopping threads took: 0.0000371 seconds
2016-06-21T09:14:02.041+0100: 844.350: Total time for which application threads were stopped: 0.0000940 seconds, Stopping threads took: 0.0000237 seconds
2016-06-21T09:14:02.041+0100: 844.350: Total time for which application threads were stopped: 0.0000501 seconds, Stopping threads took: 0.0000122 seconds
2016-06-21T09:14:02.041+0100: 844.350: Total time for which application threads were stopped: 0.0000655 seconds, Stopping threads took: 0.0000205 seconds
2016-06-21T09:14:02.042+0100: 844.351: Total time for which application threads were stopped: 0.0000632 seconds, Stopping threads took: 0.0000272 seconds
2016-06-21T09:14:02.042+0100: 844.351: Total time for which application threads were stopped: 0.0000596 seconds, Stopping threads took: 0.0000209 seconds
2016-06-21T09:14:02.042+0100: 844.351: Total time for which application threads were stopped: 0.0000474 seconds, Stopping threads took: 0.0000118 seconds
2016-06-21T09:14:02.042+0100: 844.351: Total time for which application threads were stopped: 0.0000616 seconds, Stopping threads took: 0.0000217 seconds
2016-06-21T09:14:02.042+0100: 844.351: Total time for which application threads were stopped: 0.0000474 seconds, Stopping threads took: 0.0000126 seconds
2016-06-21T09:14:02.042+0100: 844.351: Total time for which application threads were stopped: 0.0000565 seconds, Stopping threads took: 0.0000182 seconds
2016-06-21T09:14:02.042+0100: 844.351: Total time for which application threads were stopped: 0.0000505 seconds, Stopping threads took: 0.0000237 seconds
2016-06-21T09:14:02.042+0100: 844.351: Total time for which application threads were stopped: 0.0000391 seconds, Stopping threads took: 0.0000146 seconds
2016-06-21T09:14:02.042+0100: 844.351: Total time for which application threads were stopped: 0.0000572 seconds, Stopping threads took: 0.0000312 seconds
2016-06-21T09:14:02.042+0100: 844.351: Total time for which application threads were stopped: 0.0001188 seconds, Stopping threads took: 0.0000229 seconds
2016-06-21T09:14:03.043+0100: 845.351: Total time for which application threads were stopped: 0.0000971 seconds, Stopping threads took: 0.0000225 seconds
2016-06-21T09:14:04.043+0100: 846.351: Total time for which application threads were stopped: 0.0000746 seconds, Stopping threads took: 0.0000217 seconds
2016-06-21T09:14:05.044+0100: 847.352: Total time for which application threads were stopped: 0.0000790 seconds, Stopping threads took: 0.0000221 seconds
2016-06-21T09:14:06.044+0100: 848.352: Total time for which application threads were stopped: 0.0001082 seconds, Stopping threads took: 0.0000300 seconds
2016-06-21T09:14:06.709+0100: 849.018: Total time for which application threads were stopped: 0.0001157 seconds, Stopping threads took: 0.0000257 seconds
2016-06-21T09:14:06.709+0100: 849.018: Total time for which application threads were stopped: 0.0000608 seconds, Stopping threads took: 0.0000138 seconds
2016-06-21T09:14:06.761+0100: 849.069: Total time for which application threads were stopped: 0.0000809 seconds, Stopping threads took: 0.0000217 seconds
2016-06-21T09:14:06.761+0100: 849.069: Total time for which application threads were stopped: 0.0000300 seconds, Stopping threads took: 0.0000071 seconds
2016-06-21T09:14:06.761+0100: 849.069: Total time for which application threads were stopped: 0.0000493 seconds, Stopping threads took: 0.0000067 seconds
2016-06-21T09:14:06.761+0100: 849.069: Total time for which application threads were stopped: 0.0000284 seconds, Stopping threads took: 0.0000071 seconds
2016-06-21T09:14:06.761+0100: 849.070: Total time for which application threads were stopped: 0.0000268 seconds, Stopping threads took: 0.0000063 seconds
2016-06-21T09:14:06.761+0100: 849.070: Total time for which application threads were stopped: 0.0000264 seconds, Stopping threads took: 0.0000063 seconds
2016-06-21T09:14:06.761+0100: 849.070: Total time for which application threads were stopped: 0.0000288 seconds, Stopping threads took: 0.0000079 seconds
2016-06-21T09:14:06.761+0100: 849.070: Total time for which application threads were stopped: 0.0000264 seconds, Stopping threads took: 0.0000067 seconds
2016-06-21T09:14:06.790+0100: 849.098: Total time for which application threads were stopped: 0.0000746 seconds, Stopping threads took: 0.0000205 seconds
2016-06-21T09:14:06.799+0100: 849.107: Total time for which application threads were stopped: 0.0000655 seconds, Stopping threads took: 0.0000197 seconds
2016-06-21T09:14:06.799+0100: 849.107: Total time for which application threads were stopped: 0.0000308 seconds, Stopping threads took: 0.0000087 seconds
2016-06-21T09:14:06.799+0100: 849.107: Total time for which application threads were stopped: 0.0000324 seconds, Stopping threads took: 0.0000087 seconds
2016-06-21T09:14:06.896+0100: 849.205: Total time for which application threads were stopped: 0.0003636 seconds, Stopping threads took: 0.0000197 seconds
2016-06-21T09:14:06.897+0100: 849.205: Total time for which application threads were stopped: 0.0001670 seconds, Stopping threads took: 0.0000130 seconds
2016-06-21T09:14:07.014+0100: 849.322: Total time for which application threads were stopped: 0.0004548 seconds, Stopping threads took: 0.0000205 seconds
2016-06-21T09:14:07.204+0100: 849.512: Total time for which application threads were stopped: 0.0001129 seconds, Stopping threads took: 0.0000257 seconds
2016-06-21T09:14:07.207+0100: 849.516: Total time for which application threads were stopped: 0.0001062 seconds, Stopping threads took: 0.0000351 seconds
2016-06-21T09:14:07.207+0100: 849.516: Total time for which application threads were stopped: 0.0000533 seconds, Stopping threads took: 0.0000122 seconds
2016-06-21T09:14:07.207+0100: 849.516: Total time for which application threads were stopped: 0.0000454 seconds, Stopping threads took: 0.0000111 seconds
2016-06-21T09:14:07.207+0100: 849.516: Total time for which application threads were stopped: 0.0000450 seconds, Stopping threads took: 0.0000111 seconds
2016-06-21T09:14:07.207+0100: 849.516: Total time for which application threads were stopped: 0.0000446 seconds, Stopping threads took: 0.0000107 seconds
2016-06-21T09:14:07.207+0100: 849.516: Total time for which application threads were stopped: 0.0000442 seconds, Stopping threads took: 0.0000107 seconds
2016-06-21T09:14:07.207+0100: 849.516: Total time for which application threads were stopped: 0.0000434 seconds, Stopping threads took: 0.0000107 seconds
2016-06-21T09:14:07.207+0100: 849.516: Total time for which application threads were stopped: 0.0000430 seconds, Stopping threads took: 0.0000107 seconds
2016-06-21T09:14:07.208+0100: 849.517: Total time for which application threads were stopped: 0.0001761 seconds, Stopping threads took: 0.0000158 seconds
2016-06-21T09:14:07.209+0100: 849.517: Total time for which application threads were stopped: 0.0001611 seconds, Stopping threads took: 0.0000178 seconds
2016-06-21T09:14:07.213+0100: 849.522: Total time for which application threads were stopped: 0.0002621 seconds, Stopping threads took: 0.0000367 seconds
2016-06-21T09:14:08.214+0100: 850.522: Total time for which application threads were stopped: 0.0001488 seconds, Stopping threads took: 0.0000292 seconds
2016-06-21T09:14:09.214+0100: 851.523: Total time for which application threads were stopped: 0.0001622 seconds, Stopping threads took: 0.0000572 seconds
2016-06-21T09:14:09.693+0100: 852.001: Total time for which application threads were stopped: 0.0005290 seconds, Stopping threads took: 0.0000300 seconds
2016-06-21T09:14:09.828+0100: 852.136: Total time for which application threads were stopped: 0.0000975 seconds, Stopping threads took: 0.0000272 seconds
2016-06-21T09:14:09.828+0100: 852.137: Total time for which application threads were stopped: 0.0000600 seconds, Stopping threads took: 0.0000146 seconds
2016-06-21T09:14:09.828+0100: 852.137: Total time for which application threads were stopped: 0.0000517 seconds, Stopping threads took: 0.0000107 seconds
2016-06-21T09:14:09.828+0100: 852.137: Total time for which application threads were stopped: 0.0000466 seconds, Stopping threads took: 0.0000079 seconds
2016-06-21T09:14:09.829+0100: 852.137: Total time for which application threads were stopped: 0.0000663 seconds, Stopping threads took: 0.0000189 seconds
2016-06-21T09:14:09.829+0100: 852.138: Total time for which application threads were stopped: 0.0000537 seconds, Stopping threads took: 0.0000146 seconds
2016-06-21T09:14:09.829+0100: 852.138: Total time for which application threads were stopped: 0.0000442 seconds, Stopping threads took: 0.0000095 seconds
2016-06-21T09:14:10.613+0100: 852.921: Total time for which application threads were stopped: 0.0004196 seconds, Stopping threads took: 0.0000280 seconds
2016-06-21T09:14:11.578+0100: 853.887: Total time for which application threads were stopped: 0.0001366 seconds, Stopping threads took: 0.0000253 seconds
{Heap before GC invocations=4 (full 1):
 par new generation   total 109248K, used 105272K [0x00000000e0000000, 0x00000000e8000000, 0x00000000e8000000)
  eden space 87424K, 100% used [0x00000000e0000000, 0x00000000e5560000, 0x00000000e5560000)
  from space 21824K,  81% used [0x00000000e5560000, 0x00000000e66ce1c0, 0x00000000e6ab0000)
  to   space 21824K,   0% used [0x00000000e6ab0000, 0x00000000e6ab0000, 0x00000000e8000000)
 concurrent mark-sweep generation total 393216K, used 0K [0x00000000e8000000, 0x0000000100000000, 0x0000000100000000)
 Metaspace       used 35212K, capacity 35612K, committed 35876K, reserved 1081344K
  class space    used 4016K, capacity 4133K, committed 4140K, reserved 1048576K
2016-06-21T09:14:12.143+0100: 854.451: [GC (Allocation Failure) 2016-06-21T09:14:12.143+0100: 854.451: [ParNew
Desired survivor size 20112992 bytes, new threshold 8 (max 8)
- age   1:    8284704 bytes,    8284704 total
- age   2:    4732456 bytes,   13017160 total
- age   3:     665544 bytes,   13682704 total
- age   4:    2713168 bytes,   16395872 total
- age   5:    2241584 bytes,   18637456 total
: 105272K->21635K(109248K), 0.0159904 secs] 105272K->21635K(502464K), 0.0161041 secs] [Times: user=0.06 sys=0.00, real=0.02 secs] 
Heap after GC invocations=5 (full 1):
 par new generation   total 109248K, used 21635K [0x00000000e0000000, 0x00000000e8000000, 0x00000000e8000000)
  eden space 87424K,   0% used [0x00000000e0000000, 0x00000000e0000000, 0x00000000e5560000)
  from space 21824K,  99% used [0x00000000e6ab0000, 0x00000000e7fd0f98, 0x00000000e8000000)
  to   space 21824K,   0% used [0x00000000e5560000, 0x00000000e5560000, 0x00000000e6ab0000)
 concurrent mark-sweep generation total 393216K, used 0K [0x00000000e8000000, 0x0000000100000000, 0x0000000100000000)
 Metaspace       used 35212K, capacity 35612K, committed 35876K, reserved 1081344K
  class space    used 4016K, capacity 4133K, committed 4140K, reserved 1048576K
}
2016-06-21T09:14:12.159+0100: 854.468: Total time for which application threads were stopped: 0.0163801 seconds, Stopping threads took: 0.0000355 seconds
2016-06-21T09:14:12.161+0100: 854.469: Total time for which application threads were stopped: 0.0001090 seconds, Stopping threads took: 0.0000308 seconds
2016-06-21T09:14:12.161+0100: 854.470: Total time for which application threads were stopped: 0.0000746 seconds, Stopping threads took: 0.0000178 seconds
2016-06-21T09:14:12.161+0100: 854.470: Total time for which application threads were stopped: 0.0000565 seconds, Stopping threads took: 0.0000154 seconds
2016-06-21T09:14:12.161+0100: 854.470: Total time for which application threads were stopped: 0.0000600 seconds, Stopping threads took: 0.0000182 seconds
2016-06-21T09:14:12.161+0100: 854.470: Total time for which application threads were stopped: 0.0000537 seconds, Stopping threads took: 0.0000162 seconds
2016-06-21T09:14:12.162+0100: 854.470: Total time for which application threads were stopped: 0.0000545 seconds, Stopping threads took: 0.0000182 seconds
2016-06-21T09:14:12.162+0100: 854.470: Total time for which application threads were stopped: 0.0000462 seconds, Stopping threads took: 0.0000103 seconds
2016-06-21T09:14:12.162+0100: 854.471: Total time for which application threads were stopped: 0.0005645 seconds, Stopping threads took: 0.0005179 seconds
2016-06-21T09:14:12.163+0100: 854.471: Total time for which application threads were stopped: 0.0000718 seconds, Stopping threads took: 0.0000189 seconds
2016-06-21T09:14:12.163+0100: 854.472: Total time for which application threads were stopped: 0.0003948 seconds, Stopping threads took: 0.0003134 seconds
2016-06-21T09:14:12.164+0100: 854.472: Total time for which application threads were stopped: 0.0004030 seconds, Stopping threads took: 0.0003486 seconds
2016-06-21T09:14:12.164+0100: 854.473: Total time for which application threads were stopped: 0.0000703 seconds, Stopping threads took: 0.0000221 seconds
2016-06-21T09:14:12.164+0100: 854.473: Total time for which application threads were stopped: 0.0000470 seconds, Stopping threads took: 0.0000111 seconds
2016-06-21T09:14:12.164+0100: 854.473: Total time for which application threads were stopped: 0.0000418 seconds, Stopping threads took: 0.0000091 seconds
2016-06-21T09:14:12.164+0100: 854.473: Total time for which application threads were stopped: 0.0000450 seconds, Stopping threads took: 0.0000091 seconds
2016-06-21T09:14:12.164+0100: 854.473: Total time for which application threads were stopped: 0.0000422 seconds, Stopping threads took: 0.0000091 seconds
2016-06-21T09:14:12.165+0100: 854.473: Total time for which application threads were stopped: 0.0000825 seconds, Stopping threads took: 0.0000126 seconds
2016-06-21T09:14:12.165+0100: 854.473: Total time for which application threads were stopped: 0.0000636 seconds, Stopping threads took: 0.0000087 seconds
2016-06-21T09:14:12.165+0100: 854.473: Total time for which application threads were stopped: 0.0000643 seconds, Stopping threads took: 0.0000087 seconds
2016-06-21T09:14:12.165+0100: 854.474: Total time for which application threads were stopped: 0.0003884 seconds, Stopping threads took: 0.0003434 seconds
2016-06-21T09:14:12.165+0100: 854.474: Total time for which application threads were stopped: 0.0000497 seconds, Stopping threads took: 0.0000134 seconds
2016-06-21T09:14:12.166+0100: 854.474: Total time for which application threads were stopped: 0.0003762 seconds, Stopping threads took: 0.0002973 seconds
2016-06-21T09:14:12.166+0100: 854.474: Total time for which application threads were stopped: 0.0001784 seconds, Stopping threads took: 0.0000111 seconds
2016-06-21T09:14:12.166+0100: 854.475: Total time for which application threads were stopped: 0.0000754 seconds, Stopping threads took: 0.0000107 seconds
2016-06-21T09:14:13.159+0100: 855.467: Total time for which application threads were stopped: 0.0005736 seconds, Stopping threads took: 0.0000276 seconds
2016-06-21T09:14:13.320+0100: 855.628: Total time for which application threads were stopped: 0.0001366 seconds, Stopping threads took: 0.0000359 seconds
2016-06-21T09:14:13.322+0100: 855.630: Total time for which application threads were stopped: 0.0003446 seconds, Stopping threads took: 0.0002645 seconds
2016-06-21T09:14:13.322+0100: 855.630: Total time for which application threads were stopped: 0.0000620 seconds, Stopping threads took: 0.0000186 seconds
2016-06-21T09:14:13.322+0100: 855.630: Total time for which application threads were stopped: 0.0000707 seconds, Stopping threads took: 0.0000229 seconds
2016-06-21T09:14:13.554+0100: 855.863: Total time for which application threads were stopped: 0.0001615 seconds, Stopping threads took: 0.0000351 seconds
{Heap before GC invocations=5 (full 1):
 par new generation   total 109248K, used 109059K [0x00000000e0000000, 0x00000000e8000000, 0x00000000e8000000)
  eden space 87424K, 100% used [0x00000000e0000000, 0x00000000e5560000, 0x00000000e5560000)
  from space 21824K,  99% used [0x00000000e6ab0000, 0x00000000e7fd0f98, 0x00000000e8000000)
  to   space 21824K,   0% used [0x00000000e5560000, 0x00000000e5560000, 0x00000000e6ab0000)
 concurrent mark-sweep generation total 393216K, used 0K [0x00000000e8000000, 0x0000000100000000, 0x0000000100000000)
 Metaspace       used 35487K, capacity 35868K, committed 36132K, reserved 1081344K
  class space    used 4020K, capacity 4133K, committed 4140K, reserved 1048576K
2016-06-21T09:14:14.030+0100: 856.339: [GC (Allocation Failure) 2016-06-21T09:14:14.030+0100: 856.339: [ParNew
Desired survivor size 20112992 bytes, new threshold 5 (max 8)
- age   1:    8257376 bytes,    8257376 total
- age   2:    3850088 bytes,   12107464 total
- age   3:    4731712 bytes,   16839176 total
- age   4:     665264 bytes,   17504440 total
- age   5:    2712464 bytes,   20216904 total
- age   6:    2122712 bytes,   22339616 total
: 109059K->21824K(109248K), 0.0314176 secs] 109059K->23592K(502464K), 0.0315222 secs] [Times: user=0.11 sys=0.00, real=0.03 secs] 
Heap after GC invocations=6 (full 1):
 par new generation   total 109248K, used 21824K [0x00000000e0000000, 0x00000000e8000000, 0x00000000e8000000)
  eden space 87424K,   0% used [0x00000000e0000000, 0x00000000e0000000, 0x00000000e5560000)
  from space 21824K, 100% used [0x00000000e5560000, 0x00000000e6ab0000, 0x00000000e6ab0000)
  to   space 21824K,   0% used [0x00000000e6ab0000, 0x00000000e6ab0000, 0x00000000e8000000)
 concurrent mark-sweep generation total 393216K, used 1768K [0x00000000e8000000, 0x0000000100000000, 0x0000000100000000)
 Metaspace       used 35487K, capacity 35868K, committed 36132K, reserved 1081344K
  class space    used 4020K, capacity 4133K, committed 4140K, reserved 1048576K
}
2016-06-21T09:14:14.062+0100: 856.370: Total time for which application threads were stopped: 0.0317950 seconds, Stopping threads took: 0.0000399 seconds
2016-06-21T09:14:14.064+0100: 856.372: Total time for which application threads were stopped: 0.0001421 seconds, Stopping threads took: 0.0000387 seconds
2016-06-21T09:14:14.064+0100: 856.372: Total time for which application threads were stopped: 0.0000478 seconds, Stopping threads took: 0.0000118 seconds
2016-06-21T09:14:15.072+0100: 857.380: Total time for which application threads were stopped: 0.0074455 seconds, Stopping threads took: 0.0073543 seconds
{Heap before GC invocations=6 (full 1):
 par new generation   total 109248K, used 109248K [0x00000000e0000000, 0x00000000e8000000, 0x00000000e8000000)
  eden space 87424K, 100% used [0x00000000e0000000, 0x00000000e5560000, 0x00000000e5560000)
  from space 21824K, 100% used [0x00000000e5560000, 0x00000000e6ab0000, 0x00000000e6ab0000)
  to   space 21824K,   0% used [0x00000000e6ab0000, 0x00000000e6ab0000, 0x00000000e8000000)
 concurrent mark-sweep generation total 393216K, used 1768K [0x00000000e8000000, 0x0000000100000000, 0x0000000100000000)
 Metaspace       used 35572K, capacity 35932K, committed 36388K, reserved 1081344K
  class space    used 4022K, capacity 4133K, committed 4140K, reserved 1048576K
2016-06-21T09:14:15.216+0100: 857.524: [GC (Allocation Failure) 2016-06-21T09:14:15.216+0100: 857.524: [ParNew
Desired survivor size 20112992 bytes, new threshold 8 (max 8)
- age   1:    1144992 bytes,    1144992 total
- age   2:    6999840 bytes,    8144832 total
- age   3:    3087280 bytes,   11232112 total
- age   4:    4714136 bytes,   15946248 total
- age   5:     625224 bytes,   16571472 total
: 109248K->21824K(109248K), 0.0352021 secs] 111016K->29450K(502464K), 0.0352913 secs] [Times: user=0.13 sys=0.00, real=0.03 secs] 
Heap after GC invocations=7 (full 1):
 par new generation   total 109248K, used 21824K [0x00000000e0000000, 0x00000000e8000000, 0x00000000e8000000)
  eden space 87424K,   0% used [0x00000000e0000000, 0x00000000e0000000, 0x00000000e5560000)
  from space 21824K, 100% used [0x00000000e6ab0000, 0x00000000e8000000, 0x00000000e8000000)
  to   space 21824K,   0% used [0x00000000e5560000, 0x00000000e5560000, 0x00000000e6ab0000)
 concurrent mark-sweep generation total 393216K, used 7626K [0x00000000e8000000, 0x0000000100000000, 0x0000000100000000)
 Metaspace       used 35572K, capacity 35932K, committed 36388K, reserved 1081344K
  class space    used 4022K, capacity 4133K, committed 4140K, reserved 1048576K
}
2016-06-21T09:14:15.251+0100: 857.560: Total time for which application threads were stopped: 0.0355511 seconds, Stopping threads took: 0.0000324 seconds
2016-06-21T09:14:15.252+0100: 857.560: Total time for which application threads were stopped: 0.0001496 seconds, Stopping threads took: 0.0000367 seconds
2016-06-21T09:14:15.252+0100: 857.560: Total time for which application threads were stopped: 0.0001326 seconds, Stopping threads took: 0.0000221 seconds
2016-06-21T09:14:15.252+0100: 857.561: Total time for which application threads were stopped: 0.0001978 seconds, Stopping threads took: 0.0000722 seconds
2016-06-21T09:14:15.253+0100: 857.561: Total time for which application threads were stopped: 0.0004019 seconds, Stopping threads took: 0.0003308 seconds
{Heap before GC invocations=7 (full 1):
 par new generation   total 109248K, used 109248K [0x00000000e0000000, 0x00000000e8000000, 0x00000000e8000000)
  eden space 87424K, 100% used [0x00000000e0000000, 0x00000000e5560000, 0x00000000e5560000)
  from space 21824K, 100% used [0x00000000e6ab0000, 0x00000000e8000000, 0x00000000e8000000)
  to   space 21824K,   0% used [0x00000000e5560000, 0x00000000e5560000, 0x00000000e6ab0000)
 concurrent mark-sweep generation total 393216K, used 7626K [0x00000000e8000000, 0x0000000100000000, 0x0000000100000000)
 Metaspace       used 35614K, capacity 35962K, committed 36388K, reserved 1081344K
  class space    used 4024K, capacity 4138K, committed 4140K, reserved 1048576K
2016-06-21T09:14:16.158+0100: 858.466: [GC (Allocation Failure) 2016-06-21T09:14:16.158+0100: 858.466: [ParNew
Desired survivor size 20112992 bytes, new threshold 8 (max 8)
- age   1:     223648 bytes,     223648 total
- age   2:      81592 bytes,     305240 total
- age   3:    6999192 bytes,    7304432 total
- age   4:    3084200 bytes,   10388632 total
- age   5:    4713664 bytes,   15102296 total
- age   6:     625224 bytes,   15727520 total
: 109248K->21824K(109248K), 0.0168719 secs] 116874K->29450K(502464K), 0.0169619 secs] [Times: user=0.06 sys=0.00, real=0.02 secs] 
Heap after GC invocations=8 (full 1):
 par new generation   total 109248K, used 21824K [0x00000000e0000000, 0x00000000e8000000, 0x00000000e8000000)
  eden space 87424K,   0% used [0x00000000e0000000, 0x00000000e0000000, 0x00000000e5560000)
  from space 21824K, 100% used [0x00000000e5560000, 0x00000000e6ab0000, 0x00000000e6ab0000)
  to   space 21824K,   0% used [0x00000000e6ab0000, 0x00000000e6ab0000, 0x00000000e8000000)
 concurrent mark-sweep generation total 393216K, used 7626K [0x00000000e8000000, 0x0000000100000000, 0x0000000100000000)
 Metaspace       used 35614K, capacity 35962K, committed 36388K, reserved 1081344K
  class space    used 4024K, capacity 4138K, committed 4140K, reserved 1048576K
}
2016-06-21T09:14:16.175+0100: 858.483: Total time for which application threads were stopped: 0.0172166 seconds, Stopping threads took: 0.0000201 seconds
2016-06-21T09:14:16.175+0100: 858.483: Total time for which application threads were stopped: 0.0000971 seconds, Stopping threads took: 0.0000316 seconds
2016-06-21T09:14:16.175+0100: 858.483: Total time for which application threads were stopped: 0.0000849 seconds, Stopping threads took: 0.0000347 seconds
2016-06-21T09:14:16.175+0100: 858.483: Total time for which application threads were stopped: 0.0000647 seconds, Stopping threads took: 0.0000257 seconds
2016-06-21T09:14:17.175+0100: 859.484: Total time for which application threads were stopped: 0.0002783 seconds, Stopping threads took: 0.0001678 seconds
2016-06-21T09:14:18.176+0100: 860.484: Total time for which application threads were stopped: 0.0001172 seconds, Stopping threads took: 0.0000292 seconds
2016-06-21T09:14:19.176+0100: 861.485: Total time for which application threads were stopped: 0.0000936 seconds, Stopping threads took: 0.0000296 seconds
2016-06-21T09:14:20.082+0100: 862.391: Total time for which application threads were stopped: 0.0001141 seconds, Stopping threads took: 0.0000403 seconds
2016-06-21T09:14:21.082+0100: 863.391: Total time for which application threads were stopped: 0.0001161 seconds, Stopping threads took: 0.0000312 seconds
2016-06-21T09:14:23.722+0100: 866.030: Total time for which application threads were stopped: 0.0001287 seconds, Stopping threads took: 0.0000336 seconds
2016-06-21T09:14:23.722+0100: 866.030: Total time for which application threads were stopped: 0.0000726 seconds, Stopping threads took: 0.0000193 seconds
2016-06-21T09:14:23.722+0100: 866.031: Total time for which application threads were stopped: 0.0000541 seconds, Stopping threads took: 0.0000142 seconds
2016-06-21T09:14:23.729+0100: 866.038: Total time for which application threads were stopped: 0.0001125 seconds, Stopping threads took: 0.0000264 seconds
2016-06-21T09:14:23.729+0100: 866.038: Total time for which application threads were stopped: 0.0000707 seconds, Stopping threads took: 0.0000146 seconds
2016-06-21T09:14:23.729+0100: 866.038: Total time for which application threads were stopped: 0.0000584 seconds, Stopping threads took: 0.0000114 seconds
2016-06-21T09:14:23.730+0100: 866.038: Total time for which application threads were stopped: 0.0000632 seconds, Stopping threads took: 0.0000146 seconds
2016-06-21T09:14:24.730+0100: 867.038: Total time for which application threads were stopped: 0.0001097 seconds, Stopping threads took: 0.0000268 seconds
2016-06-21T09:14:26.731+0100: 869.040: Total time for which application threads were stopped: 0.0000786 seconds, Stopping threads took: 0.0000213 seconds
2016-06-21T09:14:27.732+0100: 870.041: Total time for which application threads were stopped: 0.0000742 seconds, Stopping threads took: 0.0000205 seconds
2016-06-21T09:14:30.735+0100: 873.043: Total time for which application threads were stopped: 0.0000924 seconds, Stopping threads took: 0.0000272 seconds
2016-06-21T09:14:34.736+0100: 877.045: Total time for which application threads were stopped: 0.0000924 seconds, Stopping threads took: 0.0000284 seconds
2016-06-21T09:14:49.741+0100: 892.050: Total time for which application threads were stopped: 0.0001090 seconds, Stopping threads took: 0.0000332 seconds
2016-06-21T09:15:00.746+0100: 903.055: Total time for which application threads were stopped: 0.0007946 seconds, Stopping threads took: 0.0000414 seconds
{Heap before GC invocations=8 (full 1):
 par new generation   total 109248K, used 109248K [0x00000000e0000000, 0x00000000e8000000, 0x00000000e8000000)
  eden space 87424K, 100% used [0x00000000e0000000, 0x00000000e5560000, 0x00000000e5560000)
  from space 21824K, 100% used [0x00000000e5560000, 0x00000000e6ab0000, 0x00000000e6ab0000)
  to   space 21824K,   0% used [0x00000000e6ab0000, 0x00000000e6ab0000, 0x00000000e8000000)
 concurrent mark-sweep generation total 393216K, used 7626K [0x00000000e8000000, 0x0000000100000000, 0x0000000100000000)
 Metaspace       used 36206K, capacity 36640K, committed 37028K, reserved 1081344K
  class space    used 4059K, capacity 4171K, committed 4268K, reserved 1048576K
2016-06-21T09:15:37.389+0100: 939.697: [GC (Allocation Failure) 2016-06-21T09:15:37.389+0100: 939.697: [ParNew
Desired survivor size 20112992 bytes, new threshold 6 (max 8)
- age   1:    7756968 bytes,    7756968 total
- age   2:      56384 bytes,    7813352 total
- age   3:      79080 bytes,    7892432 total
- age   4:    6520488 bytes,   14412920 total
- age   5:    2563696 bytes,   16976616 total
- age   6:    4708208 bytes,   21684824 total
- age   7:     624480 bytes,   22309304 total
: 109248K->21824K(109248K), 0.0295346 secs] 116874K->43323K(502464K), 0.0296258 secs] [Times: user=0.13 sys=0.00, real=0.03 secs] 
Heap after GC invocations=9 (full 1):
 par new generation   total 109248K, used 21824K [0x00000000e0000000, 0x00000000e8000000, 0x00000000e8000000)
  eden space 87424K,   0% used [0x00000000e0000000, 0x00000000e0000000, 0x00000000e5560000)
  from space 21824K, 100% used [0x00000000e6ab0000, 0x00000000e8000000, 0x00000000e8000000)
  to   space 21824K,   0% used [0x00000000e5560000, 0x00000000e5560000, 0x00000000e6ab0000)
 concurrent mark-sweep generation total 393216K, used 21499K [0x00000000e8000000, 0x0000000100000000, 0x0000000100000000)
 Metaspace       used 36206K, capacity 36640K, committed 37028K, reserved 1081344K
  class space    used 4059K, capacity 4171K, committed 4268K, reserved 1048576K
}
2016-06-21T09:15:37.418+0100: 939.727: Total time for which application threads were stopped: 0.0299049 seconds, Stopping threads took: 0.0000347 seconds
2016-06-21T09:15:37.420+0100: 939.729: Total time for which application threads were stopped: 0.0001168 seconds, Stopping threads took: 0.0000422 seconds
2016-06-21T09:15:37.420+0100: 939.729: Total time for which application threads were stopped: 0.0000640 seconds, Stopping threads took: 0.0000130 seconds
2016-06-21T09:15:37.420+0100: 939.729: Total time for which application threads were stopped: 0.0000493 seconds, Stopping threads took: 0.0000138 seconds
2016-06-21T09:15:37.420+0100: 939.729: Total time for which application threads were stopped: 0.0000513 seconds, Stopping threads took: 0.0000122 seconds
2016-06-21T09:15:37.420+0100: 939.729: Total time for which application threads were stopped: 0.0000466 seconds, Stopping threads took: 0.0000103 seconds
2016-06-21T09:15:37.420+0100: 939.729: Total time for which application threads were stopped: 0.0000458 seconds, Stopping threads took: 0.0000107 seconds
2016-06-21T09:15:37.420+0100: 939.729: Total time for which application threads were stopped: 0.0000454 seconds, Stopping threads took: 0.0000099 seconds
2016-06-21T09:15:37.420+0100: 939.729: Total time for which application threads were stopped: 0.0000458 seconds, Stopping threads took: 0.0000099 seconds
2016-06-21T09:15:37.420+0100: 939.729: Total time for which application threads were stopped: 0.0000442 seconds, Stopping threads took: 0.0000099 seconds
2016-06-21T09:15:37.421+0100: 939.729: Total time for which application threads were stopped: 0.0000580 seconds, Stopping threads took: 0.0000174 seconds
2016-06-21T09:15:37.421+0100: 939.729: Total time for which application threads were stopped: 0.0001113 seconds, Stopping threads took: 0.0000722 seconds
2016-06-21T09:15:37.421+0100: 939.729: Total time for which application threads were stopped: 0.0000545 seconds, Stopping threads took: 0.0000146 seconds
2016-06-21T09:15:37.421+0100: 939.729: Total time for which application threads were stopped: 0.0000675 seconds, Stopping threads took: 0.0000272 seconds
2016-06-21T09:15:37.421+0100: 939.730: Total time for which application threads were stopped: 0.0000845 seconds, Stopping threads took: 0.0000189 seconds
2016-06-21T09:15:37.421+0100: 939.730: Total time for which application threads were stopped: 0.0000695 seconds, Stopping threads took: 0.0000197 seconds
2016-06-21T09:15:37.421+0100: 939.730: Total time for which application threads were stopped: 0.0000805 seconds, Stopping threads took: 0.0000367 seconds
2016-06-21T09:15:37.421+0100: 939.730: Total time for which application threads were stopped: 0.0000699 seconds, Stopping threads took: 0.0000264 seconds
2016-06-21T09:15:37.422+0100: 939.730: Total time for which application threads were stopped: 0.0002041 seconds, Stopping threads took: 0.0000268 seconds
2016-06-21T09:15:37.422+0100: 939.730: Total time for which application threads were stopped: 0.0000659 seconds, Stopping threads took: 0.0000245 seconds
2016-06-21T09:15:37.422+0100: 939.730: Total time for which application threads were stopped: 0.0000632 seconds, Stopping threads took: 0.0000245 seconds
2016-06-21T09:15:37.422+0100: 939.730: Total time for which application threads were stopped: 0.0000608 seconds, Stopping threads took: 0.0000225 seconds
2016-06-21T09:15:37.422+0100: 939.731: Total time for which application threads were stopped: 0.0000876 seconds, Stopping threads took: 0.0000466 seconds
2016-06-21T09:15:37.422+0100: 939.731: Total time for which application threads were stopped: 0.0000722 seconds, Stopping threads took: 0.0000257 seconds
2016-06-21T09:15:37.422+0100: 939.731: Total time for which application threads were stopped: 0.0000620 seconds, Stopping threads took: 0.0000233 seconds
2016-06-21T09:15:37.459+0100: 939.767: Total time for which application threads were stopped: 0.0002057 seconds, Stopping threads took: 0.0001283 seconds
2016-06-21T09:15:37.479+0100: 939.787: Total time for which application threads were stopped: 0.0004461 seconds, Stopping threads took: 0.0000197 seconds
{Heap before GC invocations=9 (full 1):
 par new generation   total 109248K, used 109248K [0x00000000e0000000, 0x00000000e8000000, 0x00000000e8000000)
  eden space 87424K, 100% used [0x00000000e0000000, 0x00000000e5560000, 0x00000000e5560000)
  from space 21824K, 100% used [0x00000000e6ab0000, 0x00000000e8000000, 0x00000000e8000000)
  to   space 21824K,   0% used [0x00000000e5560000, 0x00000000e5560000, 0x00000000e6ab0000)
 concurrent mark-sweep generation total 393216K, used 21499K [0x00000000e8000000, 0x0000000100000000, 0x0000000100000000)
 Metaspace       used 36411K, capacity 36800K, committed 37284K, reserved 1083392K
  class space    used 4083K, capacity 4203K, committed 4268K, reserved 1048576K
2016-06-21T09:15:37.902+0100: 940.210: [GC (Allocation Failure) 2016-06-21T09:15:37.902+0100: 940.210: [ParNew
Desired survivor size 20112992 bytes, new threshold 8 (max 8)
- age   1:    2471952 bytes,    2471952 total
- age   2:    7639280 bytes,   10111232 total
- age   3:      56384 bytes,   10167616 total
- age   4:      79080 bytes,   10246696 total
- age   5:    6508632 bytes,   16755328 total
- age   6:    2540544 bytes,   19295872 total
: 109248K->21824K(109248K), 0.0234735 secs] 130747K->48847K(502464K), 0.0235528 secs] [Times: user=0.13 sys=0.00, real=0.02 secs] 
Heap after GC invocations=10 (full 1):
 par new generation   total 109248K, used 21824K [0x00000000e0000000, 0x00000000e8000000, 0x00000000e8000000)
  eden space 87424K,   0% used [0x00000000e0000000, 0x00000000e0000000, 0x00000000e5560000)
  from space 21824K, 100% used [0x00000000e5560000, 0x00000000e6ab0000, 0x00000000e6ab0000)
  to   space 21824K,   0% used [0x00000000e6ab0000, 0x00000000e6ab0000, 0x00000000e8000000)
 concurrent mark-sweep generation total 393216K, used 27023K [0x00000000e8000000, 0x0000000100000000, 0x0000000100000000)
 Metaspace       used 36411K, capacity 36800K, committed 37284K, reserved 1083392K
  class space    used 4083K, capacity 4203K, committed 4268K, reserved 1048576K
}
2016-06-21T09:15:37.925+0100: 940.234: Total time for which application threads were stopped: 0.0237826 seconds, Stopping threads took: 0.0000284 seconds
2016-06-21T09:15:37.926+0100: 940.234: Total time for which application threads were stopped: 0.0001571 seconds, Stopping threads took: 0.0000501 seconds
2016-06-21T09:15:37.926+0100: 940.234: Total time for which application threads were stopped: 0.0000793 seconds, Stopping threads took: 0.0000209 seconds
2016-06-21T09:15:37.926+0100: 940.234: Total time for which application threads were stopped: 0.0000999 seconds, Stopping threads took: 0.0000276 seconds
2016-06-21T09:15:37.926+0100: 940.234: Total time for which application threads were stopped: 0.0000955 seconds, Stopping threads took: 0.0000233 seconds
2016-06-21T09:15:37.926+0100: 940.235: Total time for which application threads were stopped: 0.0000766 seconds, Stopping threads took: 0.0000253 seconds
2016-06-21T09:15:37.926+0100: 940.235: Total time for which application threads were stopped: 0.0001038 seconds, Stopping threads took: 0.0000288 seconds
2016-06-21T09:15:37.926+0100: 940.235: Total time for which application threads were stopped: 0.0000774 seconds, Stopping threads took: 0.0000276 seconds
2016-06-21T09:15:37.926+0100: 940.235: Total time for which application threads were stopped: 0.0000916 seconds, Stopping threads took: 0.0000261 seconds
2016-06-21T09:15:37.927+0100: 940.235: Total time for which application threads were stopped: 0.0000703 seconds, Stopping threads took: 0.0000233 seconds
2016-06-21T09:15:37.927+0100: 940.235: Total time for which application threads were stopped: 0.0000876 seconds, Stopping threads took: 0.0000225 seconds
2016-06-21T09:15:37.927+0100: 940.235: Total time for which application threads were stopped: 0.0001046 seconds, Stopping threads took: 0.0000324 seconds
2016-06-21T09:15:37.927+0100: 940.235: Total time for which application threads were stopped: 0.0001311 seconds, Stopping threads took: 0.0000257 seconds
{Heap before GC invocations=10 (full 1):
 par new generation   total 109248K, used 109248K [0x00000000e0000000, 0x00000000e8000000, 0x00000000e8000000)
  eden space 87424K, 100% used [0x00000000e0000000, 0x00000000e5560000, 0x00000000e5560000)
  from space 21824K, 100% used [0x00000000e5560000, 0x00000000e6ab0000, 0x00000000e6ab0000)
  to   space 21824K,   0% used [0x00000000e6ab0000, 0x00000000e6ab0000, 0x00000000e8000000)
 concurrent mark-sweep generation total 393216K, used 27023K [0x00000000e8000000, 0x0000000100000000, 0x0000000100000000)
 Metaspace       used 36437K, capacity 36864K, committed 37284K, reserved 1083392K
  class space    used 4083K, capacity 4203K, committed 4268K, reserved 1048576K
2016-06-21T09:15:38.183+0100: 940.492: [GC (Allocation Failure) 2016-06-21T09:15:38.183+0100: 940.492: [ParNew
Desired survivor size 20112992 bytes, new threshold 8 (max 8)
- age   1:    1213504 bytes,    1213504 total
- age   2:    1103592 bytes,    2317096 total
- age   3:    7296808 bytes,    9613904 total
- age   4:      55976 bytes,    9669880 total
- age   5:      78360 bytes,    9748240 total
- age   6:    6452800 bytes,   16201040 total
- age   7:    1825280 bytes,   18026320 total
: 109248K->21824K(109248K), 0.0172031 secs] 136271K->51126K(502464K), 0.0173299 secs] [Times: user=0.06 sys=0.00, real=0.02 secs] 
Heap after GC invocations=11 (full 1):
 par new generation   total 109248K, used 21824K [0x00000000e0000000, 0x00000000e8000000, 0x00000000e8000000)
  eden space 87424K,   0% used [0x00000000e0000000, 0x00000000e0000000, 0x00000000e5560000)
  from space 21824K, 100% used [0x00000000e6ab0000, 0x00000000e8000000, 0x00000000e8000000)
  to   space 21824K,   0% used [0x00000000e5560000, 0x00000000e5560000, 0x00000000e6ab0000)
 concurrent mark-sweep generation total 393216K, used 29302K [0x00000000e8000000, 0x0000000100000000, 0x0000000100000000)
 Metaspace       used 36437K, capacity 36864K, committed 37284K, reserved 1083392K
  class space    used 4083K, capacity 4203K, committed 4268K, reserved 1048576K
}
2016-06-21T09:15:38.200+0100: 940.509: Total time for which application threads were stopped: 0.0175580 seconds, Stopping threads took: 0.0000276 seconds
2016-06-21T09:15:38.201+0100: 940.509: Total time for which application threads were stopped: 0.0001461 seconds, Stopping threads took: 0.0000565 seconds
2016-06-21T09:15:38.201+0100: 940.509: Total time for which application threads were stopped: 0.0001236 seconds, Stopping threads took: 0.0000312 seconds
2016-06-21T09:15:38.201+0100: 940.510: Total time for which application threads were stopped: 0.0000947 seconds, Stopping threads took: 0.0000288 seconds
2016-06-21T09:15:38.201+0100: 940.510: Total time for which application threads were stopped: 0.0000940 seconds, Stopping threads took: 0.0000264 seconds
2016-06-21T09:15:38.201+0100: 940.510: Total time for which application threads were stopped: 0.0000971 seconds, Stopping threads took: 0.0000268 seconds
2016-06-21T09:15:38.201+0100: 940.510: Total time for which application threads were stopped: 0.0000758 seconds, Stopping threads took: 0.0000237 seconds
2016-06-21T09:15:38.201+0100: 940.510: Total time for which application threads were stopped: 0.0000742 seconds, Stopping threads took: 0.0000272 seconds
2016-06-21T09:15:38.201+0100: 940.510: Total time for which application threads were stopped: 0.0000703 seconds, Stopping threads took: 0.0000209 seconds
2016-06-21T09:15:38.202+0100: 940.510: Total time for which application threads were stopped: 0.0000766 seconds, Stopping threads took: 0.0000261 seconds
2016-06-21T09:15:38.202+0100: 940.510: Total time for which application threads were stopped: 0.0000707 seconds, Stopping threads took: 0.0000229 seconds
2016-06-21T09:15:38.202+0100: 940.510: Total time for which application threads were stopped: 0.0000734 seconds, Stopping threads took: 0.0000229 seconds
2016-06-21T09:15:38.202+0100: 940.510: Total time for which application threads were stopped: 0.0000738 seconds, Stopping threads took: 0.0000253 seconds
2016-06-21T09:15:38.202+0100: 940.511: Total time for which application threads were stopped: 0.0000793 seconds, Stopping threads took: 0.0000359 seconds
2016-06-21T09:15:38.202+0100: 940.511: Total time for which application threads were stopped: 0.0000888 seconds, Stopping threads took: 0.0000213 seconds
2016-06-21T09:15:38.202+0100: 940.511: Total time for which application threads were stopped: 0.0000995 seconds, Stopping threads took: 0.0000292 seconds
2016-06-21T09:15:38.202+0100: 940.511: Total time for which application threads were stopped: 0.0000979 seconds, Stopping threads took: 0.0000249 seconds
2016-06-21T09:15:38.202+0100: 940.511: Total time for which application threads were stopped: 0.0000793 seconds, Stopping threads took: 0.0000268 seconds
2016-06-21T09:15:38.203+0100: 940.511: Total time for which application threads were stopped: 0.0001042 seconds, Stopping threads took: 0.0000458 seconds
2016-06-21T09:15:38.203+0100: 940.511: Total time for which application threads were stopped: 0.0000979 seconds, Stopping threads took: 0.0000253 seconds
2016-06-21T09:15:38.203+0100: 940.511: Total time for which application threads were stopped: 0.0001311 seconds, Stopping threads took: 0.0000229 seconds
{Heap before GC invocations=11 (full 1):
 par new generation   total 109248K, used 109248K [0x00000000e0000000, 0x00000000e8000000, 0x00000000e8000000)
  eden space 87424K, 100% used [0x00000000e0000000, 0x00000000e5560000, 0x00000000e5560000)
  from space 21824K, 100% used [0x00000000e6ab0000, 0x00000000e8000000, 0x00000000e8000000)
  to   space 21824K,   0% used [0x00000000e5560000, 0x00000000e5560000, 0x00000000e6ab0000)
 concurrent mark-sweep generation total 393216K, used 29302K [0x00000000e8000000, 0x0000000100000000, 0x0000000100000000)
 Metaspace       used 36445K, capacity 36864K, committed 37284K, reserved 1083392K
  class space    used 4083K, capacity 4203K, committed 4268K, reserved 1048576K
2016-06-21T09:15:38.529+0100: 940.837: [GC (Allocation Failure) 2016-06-21T09:15:38.529+0100: 940.837: [ParNew
Desired survivor size 20112992 bytes, new threshold 8 (max 8)
- age   1:    1494400 bytes,    1494400 total
- age   2:    1071752 bytes,    2566152 total
- age   3:    1093424 bytes,    3659576 total
- age   4:    7229352 bytes,   10888928 total
- age   5:      55976 bytes,   10944904 total
- age   6:      78360 bytes,   11023264 total
- age   7:    6010456 bytes,   17033720 total
- age   8:    1799160 bytes,   18832880 total
: 109248K->21824K(109248K), 0.0164618 secs] 138550K->52385K(502464K), 0.0165388 secs] [Times: user=0.06 sys=0.00, real=0.02 secs] 
Heap after GC invocations=12 (full 1):
 par new generation   total 109248K, used 21824K [0x00000000e0000000, 0x00000000e8000000, 0x00000000e8000000)
  eden space 87424K,   0% used [0x00000000e0000000, 0x00000000e0000000, 0x00000000e5560000)
  from space 21824K, 100% used [0x00000000e5560000, 0x00000000e6ab0000, 0x00000000e6ab0000)
  to   space 21824K,   0% used [0x00000000e6ab0000, 0x00000000e6ab0000, 0x00000000e8000000)
 concurrent mark-sweep generation total 393216K, used 30561K [0x00000000e8000000, 0x0000000100000000, 0x0000000100000000)
 Metaspace       used 36445K, capacity 36864K, committed 37284K, reserved 1083392K
  class space    used 4083K, capacity 4203K, committed 4268K, reserved 1048576K
}
2016-06-21T09:15:38.546+0100: 940.854: Total time for which application threads were stopped: 0.0168597 seconds, Stopping threads took: 0.0000308 seconds
{Heap before GC invocations=12 (full 1):
 par new generation   total 109248K, used 109248K [0x00000000e0000000, 0x00000000e8000000, 0x00000000e8000000)
  eden space 87424K, 100% used [0x00000000e0000000, 0x00000000e5560000, 0x00000000e5560000)
  from space 21824K, 100% used [0x00000000e5560000, 0x00000000e6ab0000, 0x00000000e6ab0000)
  to   space 21824K,   0% used [0x00000000e6ab0000, 0x00000000e6ab0000, 0x00000000e8000000)
 concurrent mark-sweep generation total 393216K, used 30561K [0x00000000e8000000, 0x0000000100000000, 0x0000000100000000)
 Metaspace       used 36458K, capacity 36864K, committed 37284K, reserved 1083392K
  class space    used 4083K, capacity 4203K, committed 4268K, reserved 1048576K
2016-06-21T09:15:38.740+0100: 941.048: [GC (Allocation Failure) 2016-06-21T09:15:38.740+0100: 941.048: [ParNew
Desired survivor size 20112992 bytes, new threshold 8 (max 8)
- age   1:    1311712 bytes,    1311712 total
- age   2:     900512 bytes,    2212224 total
- age   3:    1071752 bytes,    3283976 total
- age   4:    1092272 bytes,    4376248 total
- age   5:    7225688 bytes,   11601936 total
- age   6:      51896 bytes,   11653832 total
- age   7:      78152 bytes,   11731984 total
- age   8:    5796760 bytes,   17528744 total
: 109248K->21824K(109248K), 0.0174388 secs] 139809K->54513K(502464K), 0.0175221 secs] [Times: user=0.06 sys=0.00, real=0.02 secs] 
Heap after GC invocations=13 (full 1):
 par new generation   total 109248K, used 21824K [0x00000000e0000000, 0x00000000e8000000, 0x00000000e8000000)
  eden space 87424K,   0% used [0x00000000e0000000, 0x00000000e0000000, 0x00000000e5560000)
  from space 21824K, 100% used [0x00000000e6ab0000, 0x00000000e8000000, 0x00000000e8000000)
  to   space 21824K,   0% used [0x00000000e5560000, 0x00000000e5560000, 0x00000000e6ab0000)
 concurrent mark-sweep generation total 393216K, used 32689K [0x00000000e8000000, 0x0000000100000000, 0x0000000100000000)
 Metaspace       used 36458K, capacity 36864K, committed 37284K, reserved 1083392K
  class space    used 4083K, capacity 4203K, committed 4268K, reserved 1048576K
}
2016-06-21T09:15:38.757+0100: 941.066: Total time for which application threads were stopped: 0.0177574 seconds, Stopping threads took: 0.0000241 seconds
{Heap before GC invocations=13 (full 1):
 par new generation   total 109248K, used 109208K [0x00000000e0000000, 0x00000000e8000000, 0x00000000e8000000)
  eden space 87424K,  99% used [0x00000000e0000000, 0x00000000e55561f8, 0x00000000e5560000)
  from space 21824K, 100% used [0x00000000e6ab0000, 0x00000000e8000000, 0x00000000e8000000)
  to   space 21824K,   0% used [0x00000000e5560000, 0x00000000e5560000, 0x00000000e6ab0000)
 concurrent mark-sweep generation total 393216K, used 32689K [0x00000000e8000000, 0x0000000100000000, 0x0000000100000000)
 Metaspace       used 36504K, capacity 36864K, committed 37284K, reserved 1083392K
  class space    used 4083K, capacity 4203K, committed 4268K, reserved 1048576K
2016-06-21T09:15:39.386+0100: 941.695: [GC (Allocation Failure) 2016-06-21T09:15:39.386+0100: 941.695: [ParNew
Desired survivor size 20112992 bytes, new threshold 8 (max 8)
- age   1:    6300216 bytes,    6300216 total
- age   2:      37912 bytes,    6338128 total
- age   3:     145160 bytes,    6483288 total
- age   4:     475592 bytes,    6958880 total
- age   5:     252464 bytes,    7211344 total
- age   6:     268536 bytes,    7479880 total
- age   7:      51896 bytes,    7531776 total
- age   8:      78016 bytes,    7609792 total
: 109208K->21824K(109248K), 0.0239602 secs] 141898K->60471K(502464K), 0.0240332 secs] [Times: user=0.09 sys=0.00, real=0.02 secs] 
Heap after GC invocations=14 (full 1):
 par new generation   total 109248K, used 21824K [0x00000000e0000000, 0x00000000e8000000, 0x00000000e8000000)
  eden space 87424K,   0% used [0x00000000e0000000, 0x00000000e0000000, 0x00000000e5560000)
  from space 21824K, 100% used [0x00000000e5560000, 0x00000000e6ab0000, 0x00000000e6ab0000)
  to   space 21824K,   0% used [0x00000000e6ab0000, 0x00000000e6ab0000, 0x00000000e8000000)
 concurrent mark-sweep generation total 393216K, used 38647K [0x00000000e8000000, 0x0000000100000000, 0x0000000100000000)
 Metaspace       used 36504K, capacity 36864K, committed 37284K, reserved 1083392K
  class space    used 4083K, capacity 4203K, committed 4268K, reserved 1048576K
}
2016-06-21T09:15:39.410+0100: 941.719: Total time for which application threads were stopped: 0.0242681 seconds, Stopping threads took: 0.0000253 seconds
2016-06-21T09:15:39.970+0100: 942.278: Total time for which application threads were stopped: 0.0001082 seconds, Stopping threads took: 0.0000268 seconds
2016-06-21T09:15:40.327+0100: 942.636: Total time for which application threads were stopped: 0.0005270 seconds, Stopping threads took: 0.0000217 seconds
2016-06-21T09:15:40.492+0100: 942.800: Total time for which application threads were stopped: 0.0000797 seconds, Stopping threads took: 0.0000288 seconds
2016-06-21T09:15:40.498+0100: 942.806: Total time for which application threads were stopped: 0.0005262 seconds, Stopping threads took: 0.0000241 seconds
2016-06-21T09:15:40.663+0100: 942.972: Total time for which application threads were stopped: 0.0001919 seconds, Stopping threads took: 0.0000371 seconds
2016-06-21T09:15:41.664+0100: 943.973: Total time for which application threads were stopped: 0.0001362 seconds, Stopping threads took: 0.0000280 seconds
2016-06-21T09:15:41.894+0100: 944.203: Total time for which application threads were stopped: 0.0005669 seconds, Stopping threads took: 0.0000288 seconds
2016-06-21T09:15:42.895+0100: 945.204: Total time for which application threads were stopped: 0.0002242 seconds, Stopping threads took: 0.0000434 seconds
2016-06-21T09:15:43.896+0100: 946.205: Total time for which application threads were stopped: 0.0001129 seconds, Stopping threads took: 0.0000312 seconds
2016-06-21T09:15:44.747+0100: 947.055: Total time for which application threads were stopped: 0.0001532 seconds, Stopping threads took: 0.0000312 seconds
2016-06-21T09:15:44.847+0100: 947.156: Total time for which application threads were stopped: 0.0001030 seconds, Stopping threads took: 0.0000201 seconds
2016-06-21T09:15:45.101+0100: 947.410: Total time for which application threads were stopped: 0.0001705 seconds, Stopping threads took: 0.0000414 seconds
{Heap before GC invocations=14 (full 1):
 par new generation   total 109248K, used 109248K [0x00000000e0000000, 0x00000000e8000000, 0x00000000e8000000)
  eden space 87424K, 100% used [0x00000000e0000000, 0x00000000e5560000, 0x00000000e5560000)
  from space 21824K, 100% used [0x00000000e5560000, 0x00000000e6ab0000, 0x00000000e6ab0000)
  to   space 21824K,   0% used [0x00000000e6ab0000, 0x00000000e6ab0000, 0x00000000e8000000)
 concurrent mark-sweep generation total 393216K, used 38647K [0x00000000e8000000, 0x0000000100000000, 0x0000000100000000)
 Metaspace       used 43898K, capacity 44268K, committed 44792K, reserved 1089536K
  class space    used 4947K, capacity 5053K, committed 5164K, reserved 1048576K
2016-06-21T09:15:45.164+0100: 947.473: [GC (Allocation Failure) 2016-06-21T09:15:45.164+0100: 947.473: [ParNew
Desired survivor size 20112992 bytes, new threshold 8 (max 8)
- age   1:   11114088 bytes,   11114088 total
- age   2:    6141168 bytes,   17255256 total
- age   3:      37912 bytes,   17293168 total
- age   4:     147080 bytes,   17440248 total
- age   5:     477512 bytes,   17917760 total
- age   6:     265504 bytes,   18183264 total
- age   7:     266760 bytes,   18450024 total
- age   8:      51720 bytes,   18501744 total
: 109248K->19646K(109248K), 0.0128075 secs] 147895K->58370K(502464K), 0.0128742 secs] [Times: user=0.06 sys=0.00, real=0.01 secs] 
Heap after GC invocations=15 (full 1):
 par new generation   total 109248K, used 19646K [0x00000000e0000000, 0x00000000e8000000, 0x00000000e8000000)
  eden space 87424K,   0% used [0x00000000e0000000, 0x00000000e0000000, 0x00000000e5560000)
  from space 21824K,  90% used [0x00000000e6ab0000, 0x00000000e7ddf8d0, 0x00000000e8000000)
  to   space 21824K,   0% used [0x00000000e5560000, 0x00000000e5560000, 0x00000000e6ab0000)
 concurrent mark-sweep generation total 393216K, used 38724K [0x00000000e8000000, 0x0000000100000000, 0x0000000100000000)
 Metaspace       used 43898K, capacity 44268K, committed 44792K, reserved 1089536K
  class space    used 4947K, capacity 5053K, committed 5164K, reserved 1048576K
}
2016-06-21T09:15:45.176+0100: 947.485: Total time for which application threads were stopped: 0.0130720 seconds, Stopping threads took: 0.0000403 seconds
2016-06-21T09:15:45.176+0100: 947.486: [GC (CMS Initial Mark) [1 CMS-initial-mark: 38724K(393216K)] 58972K(502464K), 0.0026318 secs] [Times: user=0.00 sys=0.00, real=0.00 secs] 
2016-06-21T09:15:45.179+0100: 947.488: Total time for which application threads were stopped: 0.0027582 seconds, Stopping threads took: 0.0000288 seconds
2016-06-21T09:15:45.179+0100: 947.488: [CMS-concurrent-mark-start]
2016-06-21T09:15:45.194+0100: 947.503: Total time for which application threads were stopped: 0.0001634 seconds, Stopping threads took: 0.0000797 seconds
2016-06-21T09:15:45.194+0100: 947.503: Total time for which application threads were stopped: 0.0000478 seconds, Stopping threads took: 0.0000122 seconds
2016-06-21T09:15:45.194+0100: 947.503: Total time for which application threads were stopped: 0.0000434 seconds, Stopping threads took: 0.0000091 seconds
2016-06-21T09:15:45.194+0100: 947.503: Total time for which application threads were stopped: 0.0000430 seconds, Stopping threads took: 0.0000087 seconds
2016-06-21T09:15:45.195+0100: 947.504: Total time for which application threads were stopped: 0.0001713 seconds, Stopping threads took: 0.0000608 seconds
2016-06-21T09:15:45.200+0100: 947.509: [CMS-concurrent-mark: 0.019/0.021 secs] [Times: user=0.06 sys=0.00, real=0.02 secs] 
2016-06-21T09:15:45.200+0100: 947.509: [CMS-concurrent-preclean-start]
2016-06-21T09:15:45.201+0100: 947.510: [CMS-concurrent-preclean: 0.001/0.001 secs] [Times: user=0.00 sys=0.00, real=0.00 secs] 
2016-06-21T09:15:45.202+0100: 947.511: [GC (CMS Final Remark) [YG occupancy: 20393 K (109248 K)]{Heap before GC invocations=15 (full 2):
 par new generation   total 109248K, used 20393K [0x00000000e0000000, 0x00000000e8000000, 0x00000000e8000000)
  eden space 87424K,   0% used [0x00000000e0000000, 0x00000000e00bad80, 0x00000000e5560000)
  from space 21824K,  90% used [0x00000000e6ab0000, 0x00000000e7ddf8d0, 0x00000000e8000000)
  to   space 21824K,   0% used [0x00000000e5560000, 0x00000000e5560000, 0x00000000e6ab0000)
 concurrent mark-sweep generation total 393216K, used 38724K [0x00000000e8000000, 0x0000000100000000, 0x0000000100000000)
 Metaspace       used 43900K, capacity 44268K, committed 44792K, reserved 1089536K
  class space    used 4947K, capacity 5053K, committed 5164K, reserved 1048576K
2016-06-21T09:15:45.202+0100: 947.511: [GC (CMS Final Remark) 2016-06-21T09:15:45.202+0100: 947.511: [ParNew
Desired survivor size 20112992 bytes, new threshold 8 (max 8)
- age   1:       9904 bytes,       9904 total
- age   2:    5926216 bytes,    5936120 total
- age   3:    6141168 bytes,   12077288 total
- age   4:      37912 bytes,   12115200 total
- age   5:     150120 bytes,   12265320 total
- age   6:     505192 bytes,   12770512 total
- age   7:     246576 bytes,   13017088 total
- age   8:     266760 bytes,   13283848 total
: 20393K->18468K(109248K), 0.0106494 secs] 59117K->57243K(502464K), 0.0107046 secs] [Times: user=0.00 sys=0.00, real=0.01 secs] 
Heap after GC invocations=16 (full 2):
 par new generation   total 109248K, used 18468K [0x00000000e0000000, 0x00000000e8000000, 0x00000000e8000000)
  eden space 87424K,   0% used [0x00000000e0000000, 0x00000000e0000000, 0x00000000e5560000)
  from space 21824K,  84% used [0x00000000e5560000, 0x00000000e67691f8, 0x00000000e6ab0000)
  to   space 21824K,   0% used [0x00000000e6ab0000, 0x00000000e6ab0000, 0x00000000e8000000)
 concurrent mark-sweep generation total 393216K, used 38774K [0x00000000e8000000, 0x0000000100000000, 0x0000000100000000)
 Metaspace       used 43900K, capacity 44268K, committed 44792K, reserved 1089536K
  class space    used 4947K, capacity 5053K, committed 5164K, reserved 1048576K
}
2016-06-21T09:15:45.213+0100: 947.522: [Rescan (parallel) , 0.0043052 secs]2016-06-21T09:15:45.217+0100: 947.526: [weak refs processing, 0.0006083 secs]2016-06-21T09:15:45.218+0100: 947.527: [class unloading, 0.0132271 secs]2016-06-21T09:15:45.231+0100: 947.540: [scrub symbol table, 0.0107587 secs]2016-06-21T09:15:45.242+0100: 947.551: [scrub string table, 0.0014472 secs][1 CMS-remark: 38774K(393216K)] 57243K(502464K), 0.0431186 secs] [Times: user=0.02 sys=0.00, real=0.04 secs] 
2016-06-21T09:15:45.245+0100: 947.554: Total time for which application threads were stopped: 0.0432796 seconds, Stopping threads took: 0.0000422 seconds
2016-06-21T09:15:45.245+0100: 947.554: [CMS-concurrent-sweep-start]
2016-06-21T09:15:45.263+0100: 947.571: [CMS-concurrent-sweep: 0.016/0.016 secs] [Times: user=0.06 sys=0.00, real=0.02 secs] 
2016-06-21T09:15:45.263+0100: 947.571: [CMS-concurrent-reset-start]
2016-06-21T09:15:45.264+0100: 947.572: [CMS-concurrent-reset: 0.001/0.001 secs] [Times: user=0.00 sys=0.00, real=0.00 secs] 
2016-06-21T09:15:46.246+0100: 948.554: Total time for which application threads were stopped: 0.0002420 seconds, Stopping threads took: 0.0000288 seconds
2016-06-21T09:15:47.247+0100: 949.555: Total time for which application threads were stopped: 0.0001366 seconds, Stopping threads took: 0.0000343 seconds
2016-06-21T09:16:00.251+0100: 962.559: Total time for which application threads were stopped: 0.0001251 seconds, Stopping threads took: 0.0000505 seconds
2016-06-21T09:16:12.257+0100: 974.565: Total time for which application threads were stopped: 0.0001429 seconds, Stopping threads took: 0.0000371 seconds
2016-06-21T09:16:12.825+0100: 975.134: Total time for which application threads were stopped: 0.0001034 seconds, Stopping threads took: 0.0000276 seconds
2016-06-21T09:16:12.888+0100: 975.197: Total time for which application threads were stopped: 0.0001370 seconds, Stopping threads took: 0.0000355 seconds
2016-06-21T09:16:12.923+0100: 975.232: Total time for which application threads were stopped: 0.0001997 seconds, Stopping threads took: 0.0000928 seconds
2016-06-21T09:16:12.961+0100: 975.269: Total time for which application threads were stopped: 0.0001267 seconds, Stopping threads took: 0.0000351 seconds
2016-06-21T09:16:13.961+0100: 976.269: Total time for which application threads were stopped: 0.0001524 seconds, Stopping threads took: 0.0000308 seconds
2016-06-21T09:16:14.961+0100: 977.270: Total time for which application threads were stopped: 0.0002574 seconds, Stopping threads took: 0.0001046 seconds
2016-06-21T09:16:15.961+0100: 978.270: Total time for which application threads were stopped: 0.0001496 seconds, Stopping threads took: 0.0000280 seconds
2016-06-21T09:16:16.962+0100: 979.270: Total time for which application threads were stopped: 0.0001157 seconds, Stopping threads took: 0.0000300 seconds
2016-06-21T09:16:17.321+0100: 979.630: Total time for which application threads were stopped: 0.0001168 seconds, Stopping threads took: 0.0000253 seconds
2016-06-21T09:16:17.431+0100: 979.739: Total time for which application threads were stopped: 0.0001571 seconds, Stopping threads took: 0.0000328 seconds
2016-06-21T09:16:17.502+0100: 979.810: Total time for which application threads were stopped: 0.0001626 seconds, Stopping threads took: 0.0000347 seconds
2016-06-21T09:16:17.502+0100: 979.810: Total time for which application threads were stopped: 0.0000699 seconds, Stopping threads took: 0.0000170 seconds
2016-06-21T09:16:17.530+0100: 979.838: Total time for which application threads were stopped: 0.0007035 seconds, Stopping threads took: 0.0000268 seconds
2016-06-21T09:16:17.531+0100: 979.839: Total time for which application threads were stopped: 0.0006257 seconds, Stopping threads took: 0.0000205 seconds
2016-06-21T09:16:17.535+0100: 979.843: Total time for which application threads were stopped: 0.0007421 seconds, Stopping threads took: 0.0000324 seconds
2016-06-21T09:16:17.576+0100: 979.885: Total time for which application threads were stopped: 0.0007650 seconds, Stopping threads took: 0.0005882 seconds
2016-06-21T09:16:17.947+0100: 980.256: Total time for which application threads were stopped: 0.0002179 seconds, Stopping threads took: 0.0000659 seconds
{Heap before GC invocations=16 (full 2):
 par new generation   total 109248K, used 105892K [0x00000000e0000000, 0x00000000e8000000, 0x00000000e8000000)
  eden space 87424K, 100% used [0x00000000e0000000, 0x00000000e5560000, 0x00000000e5560000)
  from space 21824K,  84% used [0x00000000e5560000, 0x00000000e67691f8, 0x00000000e6ab0000)
  to   space 21824K,   0% used [0x00000000e6ab0000, 0x00000000e6ab0000, 0x00000000e8000000)
 concurrent mark-sweep generation total 393216K, used 23463K [0x00000000e8000000, 0x0000000100000000, 0x0000000100000000)
 Metaspace       used 45510K, capacity 45950K, committed 46328K, reserved 1091584K
  class space    used 5030K, capacity 5154K, committed 5164K, reserved 1048576K
2016-06-21T09:16:18.112+0100: 980.421: [GC (Allocation Failure) 2016-06-21T09:16:18.112+0100: 980.421: [ParNew
Desired survivor size 20112992 bytes, new threshold 8 (max 8)
- age   1:    1634224 bytes,    1634224 total
- age   3:    4064232 bytes,    5698456 total
- age   4:    2399088 bytes,    8097544 total
- age   5:      20808 bytes,    8118352 total
- age   6:      15088 bytes,    8133440 total
- age   7:      18064 bytes,    8151504 total
- age   8:     230320 bytes,    8381824 total
: 105892K->11168K(109248K), 0.0085315 secs] 129356K->34768K(502464K), 0.0087139 secs] [Times: user=0.00 sys=0.00, real=0.01 secs] 
Heap after GC invocations=17 (full 2):
 par new generation   total 109248K, used 11168K [0x00000000e0000000, 0x00000000e8000000, 0x00000000e8000000)
  eden space 87424K,   0% used [0x00000000e0000000, 0x00000000e0000000, 0x00000000e5560000)
  from space 21824K,  51% used [0x00000000e6ab0000, 0x00000000e7598020, 0x00000000e8000000)
  to   space 21824K,   0% used [0x00000000e5560000, 0x00000000e5560000, 0x00000000e6ab0000)
 concurrent mark-sweep generation total 393216K, used 23600K [0x00000000e8000000, 0x0000000100000000, 0x0000000100000000)
 Metaspace       used 45510K, capacity 45950K, committed 46328K, reserved 1091584K
  class space    used 5030K, capacity 5154K, committed 5164K, reserved 1048576K
}
2016-06-21T09:16:18.121+0100: 980.430: Total time for which application threads were stopped: 0.0090044 seconds, Stopping threads took: 0.0000355 seconds
2016-06-21T09:16:18.122+0100: 980.430: Total time for which application threads were stopped: 0.0001705 seconds, Stopping threads took: 0.0000387 seconds
2016-06-21T09:16:18.307+0100: 980.615: Total time for which application threads were stopped: 0.0001153 seconds, Stopping threads took: 0.0000308 seconds
2016-06-21T09:16:18.327+0100: 980.635: Total time for which application threads were stopped: 0.0002313 seconds, Stopping threads took: 0.0000924 seconds
2016-06-21T09:16:18.336+0100: 980.644: Total time for which application threads were stopped: 0.0001382 seconds, Stopping threads took: 0.0000347 seconds
2016-06-21T09:16:18.337+0100: 980.645: Total time for which application threads were stopped: 0.0000967 seconds, Stopping threads took: 0.0000257 seconds
2016-06-21T09:16:18.507+0100: 980.815: Total time for which application threads were stopped: 0.0001315 seconds, Stopping threads took: 0.0000237 seconds
2016-06-21T09:16:18.742+0100: 981.051: Total time for which application threads were stopped: 0.0001946 seconds, Stopping threads took: 0.0000383 seconds
2016-06-21T09:16:19.564+0100: 981.873: Total time for which application threads were stopped: 0.0001378 seconds, Stopping threads took: 0.0000363 seconds
2016-06-21T09:16:19.565+0100: 981.874: Total time for which application threads were stopped: 0.0000786 seconds, Stopping threads took: 0.0000328 seconds
2016-06-21T09:16:19.568+0100: 981.877: Total time for which application threads were stopped: 0.0000999 seconds, Stopping threads took: 0.0000241 seconds
2016-06-21T09:16:19.569+0100: 981.878: Total time for which application threads were stopped: 0.0000707 seconds, Stopping threads took: 0.0000158 seconds
2016-06-21T09:16:19.574+0100: 981.883: Total time for which application threads were stopped: 0.0001236 seconds, Stopping threads took: 0.0000339 seconds
2016-06-21T09:16:19.577+0100: 981.886: Total time for which application threads were stopped: 0.0007504 seconds, Stopping threads took: 0.0000257 seconds
2016-06-21T09:16:19.579+0100: 981.888: Total time for which application threads were stopped: 0.0001022 seconds, Stopping threads took: 0.0000221 seconds
2016-06-21T09:16:19.579+0100: 981.888: Total time for which application threads were stopped: 0.0000797 seconds, Stopping threads took: 0.0000182 seconds
2016-06-21T09:16:19.579+0100: 981.888: Total time for which application threads were stopped: 0.0000470 seconds, Stopping threads took: 0.0000114 seconds
2016-06-21T09:16:19.579+0100: 981.888: Total time for which application threads were stopped: 0.0000545 seconds, Stopping threads took: 0.0000126 seconds
2016-06-21T09:16:19.579+0100: 981.888: Total time for which application threads were stopped: 0.0000576 seconds, Stopping threads took: 0.0000114 seconds
2016-06-21T09:16:20.580+0100: 982.888: Total time for which application threads were stopped: 0.0001516 seconds, Stopping threads took: 0.0000367 seconds
2016-06-21T09:16:21.580+0100: 983.889: Total time for which application threads were stopped: 0.0001318 seconds, Stopping threads took: 0.0000272 seconds
{Heap before GC invocations=17 (full 2):
 par new generation   total 109248K, used 98592K [0x00000000e0000000, 0x00000000e8000000, 0x00000000e8000000)
  eden space 87424K, 100% used [0x00000000e0000000, 0x00000000e5560000, 0x00000000e5560000)
  from space 21824K,  51% used [0x00000000e6ab0000, 0x00000000e7598020, 0x00000000e8000000)
  to   space 21824K,   0% used [0x00000000e5560000, 0x00000000e5560000, 0x00000000e6ab0000)
 concurrent mark-sweep generation total 393216K, used 23600K [0x00000000e8000000, 0x0000000100000000, 0x0000000100000000)
 Metaspace       used 45854K, capacity 46372K, committed 46968K, reserved 1091584K
  class space    used 5069K, capacity 5187K, committed 5292K, reserved 1048576K
2016-06-21T09:16:22.352+0100: 984.661: [GC (Allocation Failure) 2016-06-21T09:16:22.352+0100: 984.661: [ParNew
Desired survivor size 20112992 bytes, new threshold 5 (max 8)
- age   1:   15094680 bytes,   15094680 total
- age   2:     600312 bytes,   15694992 total
- age   4:    4061352 bytes,   19756344 total
- age   5:    2399088 bytes,   22155432 total
- age   6:      20808 bytes,   22176240 total
- age   7:      15088 bytes,   22191328 total
- age   8:      18064 bytes,   22209392 total
: 98592K->21824K(109248K), 0.0265111 secs] 122192K->52400K(502464K), 0.0265917 secs] [Times: user=0.11 sys=0.00, real=0.03 secs] 
Heap after GC invocations=18 (full 2):
 par new generation   total 109248K, used 21824K [0x00000000e0000000, 0x00000000e8000000, 0x00000000e8000000)
  eden space 87424K,   0% used [0x00000000e0000000, 0x00000000e0000000, 0x00000000e5560000)
  from space 21824K, 100% used [0x00000000e5560000, 0x00000000e6ab0000, 0x00000000e6ab0000)
  to   space 21824K,   0% used [0x00000000e6ab0000, 0x00000000e6ab0000, 0x00000000e8000000)
 concurrent mark-sweep generation total 393216K, used 30576K [0x00000000e8000000, 0x0000000100000000, 0x0000000100000000)
 Metaspace       used 45854K, capacity 46372K, committed 46968K, reserved 1091584K
  class space    used 5069K, capacity 5187K, committed 5292K, reserved 1048576K
}
2016-06-21T09:16:22.379+0100: 984.687: Total time for which application threads were stopped: 0.0269702 seconds, Stopping threads took: 0.0000308 seconds
{Heap before GC invocations=18 (full 2):
 par new generation   total 109248K, used 109248K [0x00000000e0000000, 0x00000000e8000000, 0x00000000e8000000)
  eden space 87424K, 100% used [0x00000000e0000000, 0x00000000e5560000, 0x00000000e5560000)
  from space 21824K, 100% used [0x00000000e5560000, 0x00000000e6ab0000, 0x00000000e6ab0000)
  to   space 21824K,   0% used [0x00000000e6ab0000, 0x00000000e6ab0000, 0x00000000e8000000)
 concurrent mark-sweep generation total 393216K, used 30576K [0x00000000e8000000, 0x0000000100000000, 0x0000000100000000)
 Metaspace       used 45854K, capacity 46372K, committed 46968K, reserved 1091584K
  class space    used 5069K, capacity 5187K, committed 5292K, reserved 1048576K
2016-06-21T09:16:22.623+0100: 984.932: [GC (Allocation Failure) 2016-06-21T09:16:22.623+0100: 984.932: [ParNew
Desired survivor size 20112992 bytes, new threshold 5 (max 8)
- age   1:    8233848 bytes,    8233848 total
- age   2:   10417528 bytes,   18651376 total
- age   3:     138024 bytes,   18789400 total
- age   5:    3532272 bytes,   22321672 total
: 109248K->21824K(109248K), 0.0530917 secs] 139824K->80999K(502464K), 0.0531869 secs] [Times: user=0.20 sys=0.00, real=0.05 secs] 
Heap after GC invocations=19 (full 2):
 par new generation   total 109248K, used 21824K [0x00000000e0000000, 0x00000000e8000000, 0x00000000e8000000)
  eden space 87424K,   0% used [0x00000000e0000000, 0x00000000e0000000, 0x00000000e5560000)
  from space 21824K, 100% used [0x00000000e6ab0000, 0x00000000e8000000, 0x00000000e8000000)
  to   space 21824K,   0% used [0x00000000e5560000, 0x00000000e5560000, 0x00000000e6ab0000)
 concurrent mark-sweep generation total 393216K, used 59175K [0x00000000e8000000, 0x0000000100000000, 0x0000000100000000)
 Metaspace       used 45854K, capacity 46372K, committed 46968K, reserved 1091584K
  class space    used 5069K, capacity 5187K, committed 5292K, reserved 1048576K
}
2016-06-21T09:16:22.676+0100: 984.985: Total time for which application threads were stopped: 0.0534569 seconds, Stopping threads took: 0.0000284 seconds
2016-06-21T09:16:22.930+0100: 985.238: Total time for which application threads were stopped: 0.0001970 seconds, Stopping threads took: 0.0000375 seconds
2016-06-21T09:16:23.245+0100: 985.554: Total time for which application threads were stopped: 0.0001966 seconds, Stopping threads took: 0.0000284 seconds
2016-06-21T09:16:23.246+0100: 985.554: Total time for which application threads were stopped: 0.0000679 seconds, Stopping threads took: 0.0000166 seconds
{Heap before GC invocations=19 (full 2):
 par new generation   total 109248K, used 109248K [0x00000000e0000000, 0x00000000e8000000, 0x00000000e8000000)
  eden space 87424K, 100% used [0x00000000e0000000, 0x00000000e5560000, 0x00000000e5560000)
  from space 21824K, 100% used [0x00000000e6ab0000, 0x00000000e8000000, 0x00000000e8000000)
  to   space 21824K,   0% used [0x00000000e5560000, 0x00000000e5560000, 0x00000000e6ab0000)
 concurrent mark-sweep generation total 393216K, used 59175K [0x00000000e8000000, 0x0000000100000000, 0x0000000100000000)
 Metaspace       used 45946K, capacity 46436K, committed 46968K, reserved 1091584K
  class space    used 5076K, capacity 5187K, committed 5292K, reserved 1048576K
2016-06-21T09:16:23.309+0100: 985.618: [GC (Allocation Failure) 2016-06-21T09:16:23.310+0100: 985.618: [ParNew
Desired survivor size 20112992 bytes, new threshold 8 (max 8)
- age   1:    2449552 bytes,    2449552 total
- age   2:    7722208 bytes,   10171760 total
- age   3:    9573176 bytes,   19744936 total
- age   4:     125800 bytes,   19870736 total
: 109248K->21824K(109248K), 0.0323251 secs] 168423K->89367K(502464K), 0.0324582 secs] [Times: user=0.11 sys=0.02, real=0.03 secs] 
Heap after GC invocations=20 (full 2):
 par new generation   total 109248K, used 21824K [0x00000000e0000000, 0x00000000e8000000, 0x00000000e8000000)
  eden space 87424K,   0% used [0x00000000e0000000, 0x00000000e0000000, 0x00000000e5560000)
  from space 21824K, 100% used [0x00000000e5560000, 0x00000000e6ab0000, 0x00000000e6ab0000)
  to   space 21824K,   0% used [0x00000000e6ab0000, 0x00000000e6ab0000, 0x00000000e8000000)
 concurrent mark-sweep generation total 393216K, used 67543K [0x00000000e8000000, 0x0000000100000000, 0x0000000100000000)
 Metaspace       used 45946K, capacity 46436K, committed 46968K, reserved 1091584K
  class space    used 5076K, capacity 5187K, committed 5292K, reserved 1048576K
}
2016-06-21T09:16:23.342+0100: 985.651: Total time for which application threads were stopped: 0.0327262 seconds, Stopping threads took: 0.0000300 seconds
{Heap before GC invocations=20 (full 2):
 par new generation   total 109248K, used 109248K [0x00000000e0000000, 0x00000000e8000000, 0x00000000e8000000)
  eden space 87424K, 100% used [0x00000000e0000000, 0x00000000e5560000, 0x00000000e5560000)
  from space 21824K, 100% used [0x00000000e5560000, 0x00000000e6ab0000, 0x00000000e6ab0000)
  to   space 21824K,   0% used [0x00000000e6ab0000, 0x00000000e6ab0000, 0x00000000e8000000)
 concurrent mark-sweep generation total 393216K, used 67543K [0x00000000e8000000, 0x0000000100000000, 0x0000000100000000)
 Metaspace       used 45954K, capacity 46436K, committed 46968K, reserved 1091584K
  class space    used 5076K, capacity 5187K, committed 5292K, reserved 1048576K
2016-06-21T09:16:23.727+0100: 986.036: [GC (Allocation Failure) 2016-06-21T09:16:23.727+0100: 986.036: [ParNew
Desired survivor size 20112992 bytes, new threshold 4 (max 8)
- age   1:    1912344 bytes,    1912344 total
- age   2:    2214680 bytes,    4127024 total
- age   3:    7722208 bytes,   11849232 total
- age   4:    9562400 bytes,   21411632 total
- age   5:     125800 bytes,   21537432 total
: 109248K->21824K(109248K), 0.0165186 secs] 176791K->89367K(502464K), 0.0166469 secs] [Times: user=0.06 sys=0.00, real=0.02 secs] 
Heap after GC invocations=21 (full 2):
 par new generation   total 109248K, used 21824K [0x00000000e0000000, 0x00000000e8000000, 0x00000000e8000000)
  eden space 87424K,   0% used [0x00000000e0000000, 0x00000000e0000000, 0x00000000e5560000)
  from space 21824K, 100% used [0x00000000e6ab0000, 0x00000000e8000000, 0x00000000e8000000)
  to   space 21824K,   0% used [0x00000000e5560000, 0x00000000e5560000, 0x00000000e6ab0000)
 concurrent mark-sweep generation total 393216K, used 67543K [0x00000000e8000000, 0x0000000100000000, 0x0000000100000000)
 Metaspace       used 45954K, capacity 46436K, committed 46968K, reserved 1091584K
  class space    used 5076K, capacity 5187K, committed 5292K, reserved 1048576K
}
2016-06-21T09:16:23.744+0100: 986.052: Total time for which application threads were stopped: 0.0169308 seconds, Stopping threads took: 0.0000339 seconds
{Heap before GC invocations=21 (full 2):
 par new generation   total 109248K, used 109248K [0x00000000e0000000, 0x00000000e8000000, 0x00000000e8000000)
  eden space 87424K, 100% used [0x00000000e0000000, 0x00000000e5560000, 0x00000000e5560000)
  from space 21824K, 100% used [0x00000000e6ab0000, 0x00000000e8000000, 0x00000000e8000000)
  to   space 21824K,   0% used [0x00000000e5560000, 0x00000000e5560000, 0x00000000e6ab0000)
 concurrent mark-sweep generation total 393216K, used 67543K [0x00000000e8000000, 0x0000000100000000, 0x0000000100000000)
 Metaspace       used 45959K, capacity 46436K, committed 46968K, reserved 1091584K
  class space    used 5076K, capacity 5187K, committed 5292K, reserved 1048576K
2016-06-21T09:16:24.094+0100: 986.402: [GC (Allocation Failure) 2016-06-21T09:16:24.094+0100: 986.402: [ParNew
Desired survivor size 20112992 bytes, new threshold 8 (max 8)
- age   1:     989944 bytes,     989944 total
- age   2:    1528056 bytes,    2518000 total
- age   3:    2214680 bytes,    4732680 total
- age   4:    7722208 bytes,   12454888 total
: 109248K->21334K(109248K), 0.0229773 secs] 176791K->98322K(502464K), 0.0230511 secs] [Times: user=0.05 sys=0.00, real=0.02 secs] 
Heap after GC invocations=22 (full 2):
 par new generation   total 109248K, used 21334K [0x00000000e0000000, 0x00000000e8000000, 0x00000000e8000000)
  eden space 87424K,   0% used [0x00000000e0000000, 0x00000000e0000000, 0x00000000e5560000)
  from space 21824K,  97% used [0x00000000e5560000, 0x00000000e6a35a50, 0x00000000e6ab0000)
  to   space 21824K,   0% used [0x00000000e6ab0000, 0x00000000e6ab0000, 0x00000000e8000000)
 concurrent mark-sweep generation total 393216K, used 76987K [0x00000000e8000000, 0x0000000100000000, 0x0000000100000000)
 Metaspace       used 45959K, capacity 46436K, committed 46968K, reserved 1091584K
  class space    used 5076K, capacity 5187K, committed 5292K, reserved 1048576K
}
2016-06-21T09:16:24.117+0100: 986.426: Total time for which application threads were stopped: 0.0233108 seconds, Stopping threads took: 0.0000237 seconds
{Heap before GC invocations=22 (full 2):
 par new generation   total 109248K, used 108758K [0x00000000e0000000, 0x00000000e8000000, 0x00000000e8000000)
  eden space 87424K, 100% used [0x00000000e0000000, 0x00000000e5560000, 0x00000000e5560000)
  from space 21824K,  97% used [0x00000000e5560000, 0x00000000e6a35a50, 0x00000000e6ab0000)
  to   space 21824K,   0% used [0x00000000e6ab0000, 0x00000000e6ab0000, 0x00000000e8000000)
 concurrent mark-sweep generation total 393216K, used 76987K [0x00000000e8000000, 0x0000000100000000, 0x0000000100000000)
 Metaspace       used 45959K, capacity 46436K, committed 46968K, reserved 1091584K
  class space    used 5076K, capacity 5187K, committed 5292K, reserved 1048576K
2016-06-21T09:16:24.381+0100: 986.689: [GC (Allocation Failure) 2016-06-21T09:16:24.381+0100: 986.690: [ParNew
Desired survivor size 20112992 bytes, new threshold 8 (max 8)
- age   1:    1099224 bytes,    1099224 total
- age   2:     683280 bytes,    1782504 total
- age   3:    1528056 bytes,    3310560 total
- age   4:    2215120 bytes,    5525680 total
- age   5:    7722232 bytes,   13247912 total
: 108758K->16438K(109248K), 0.0120306 secs] 185746K->93426K(502464K), 0.0122051 secs] [Times: user=0.06 sys=0.00, real=0.01 secs] 
Heap after GC invocations=23 (full 2):
 par new generation   total 109248K, used 16438K [0x00000000e0000000, 0x00000000e8000000, 0x00000000e8000000)
  eden space 87424K,   0% used [0x00000000e0000000, 0x00000000e0000000, 0x00000000e5560000)
  from space 21824K,  75% used [0x00000000e6ab0000, 0x00000000e7abdbb0, 0x00000000e8000000)
  to   space 21824K,   0% used [0x00000000e5560000, 0x00000000e5560000, 0x00000000e6ab0000)
 concurrent mark-sweep generation total 393216K, used 76987K [0x00000000e8000000, 0x0000000100000000, 0x0000000100000000)
 Metaspace       used 45959K, capacity 46436K, committed 46968K, reserved 1091584K
  class space    used 5076K, capacity 5187K, committed 5292K, reserved 1048576K
}
2016-06-21T09:16:24.393+0100: 986.702: Total time for which application threads were stopped: 0.0125588 seconds, Stopping threads took: 0.0000505 seconds
{Heap before GC invocations=23 (full 2):
 par new generation   total 109248K, used 103862K [0x00000000e0000000, 0x00000000e8000000, 0x00000000e8000000)
  eden space 87424K, 100% used [0x00000000e0000000, 0x00000000e5560000, 0x00000000e5560000)
  from space 21824K,  75% used [0x00000000e6ab0000, 0x00000000e7abdbb0, 0x00000000e8000000)
  to   space 21824K,   0% used [0x00000000e5560000, 0x00000000e5560000, 0x00000000e6ab0000)
 concurrent mark-sweep generation total 393216K, used 76987K [0x00000000e8000000, 0x0000000100000000, 0x0000000100000000)
 Metaspace       used 45959K, capacity 46436K, committed 46968K, reserved 1091584K
  class space    used 5076K, capacity 5187K, committed 5292K, reserved 1048576K
2016-06-21T09:16:24.702+0100: 987.011: [GC (Allocation Failure) 2016-06-21T09:16:24.702+0100: 987.011: [ParNew
Desired survivor size 20112992 bytes, new threshold 8 (max 8)
- age   1:    2453528 bytes,    2453528 total
- age   2:     671768 bytes,    3125296 total
- age   3:     683440 bytes,    3808736 total
- age   4:     807144 bytes,    4615880 total
- age   5:    2214720 bytes,    6830600 total
- age   6:    7722272 bytes,   14552872 total
: 103862K->15819K(109248K), 0.0110726 secs] 180850K->92807K(502464K), 0.0111456 secs] [Times: user=0.00 sys=0.00, real=0.01 secs] 
Heap after GC invocations=24 (full 2):
 par new generation   total 109248K, used 15819K [0x00000000e0000000, 0x00000000e8000000, 0x00000000e8000000)
  eden space 87424K,   0% used [0x00000000e0000000, 0x00000000e0000000, 0x00000000e5560000)
  from space 21824K,  72% used [0x00000000e5560000, 0x00000000e64d2e50, 0x00000000e6ab0000)
  to   space 21824K,   0% used [0x00000000e6ab0000, 0x00000000e6ab0000, 0x00000000e8000000)
 concurrent mark-sweep generation total 393216K, used 76987K [0x00000000e8000000, 0x0000000100000000, 0x0000000100000000)
 Metaspace       used 45959K, capacity 46436K, committed 46968K, reserved 1091584K
  class space    used 5076K, capacity 5187K, committed 5292K, reserved 1048576K
}
2016-06-21T09:16:24.714+0100: 987.022: Total time for which application threads were stopped: 0.0114120 seconds, Stopping threads took: 0.0000261 seconds
{Heap before GC invocations=24 (full 2):
 par new generation   total 109248K, used 103243K [0x00000000e0000000, 0x00000000e8000000, 0x00000000e8000000)
  eden space 87424K, 100% used [0x00000000e0000000, 0x00000000e5560000, 0x00000000e5560000)
  from space 21824K,  72% used [0x00000000e5560000, 0x00000000e64d2e50, 0x00000000e6ab0000)
  to   space 21824K,   0% used [0x00000000e6ab0000, 0x00000000e6ab0000, 0x00000000e8000000)
 concurrent mark-sweep generation total 393216K, used 76987K [0x00000000e8000000, 0x0000000100000000, 0x0000000100000000)
 Metaspace       used 45959K, capacity 46436K, committed 46968K, reserved 1091584K
  class space    used 5076K, capacity 5187K, committed 5292K, reserved 1048576K
2016-06-21T09:16:25.071+0100: 987.380: [GC (Allocation Failure) 2016-06-21T09:16:25.071+0100: 987.380: [ParNew
Desired survivor size 20112992 bytes, new threshold 8 (max 8)
- age   1:    1037392 bytes,    1037392 total
- age   2:    2229512 bytes,    3266904 total
- age   3:     671648 bytes,    3938552 total
- age   4:     683280 bytes,    4621832 total
- age   5:     807144 bytes,    5428976 total
- age   6:    2216272 bytes,    7645248 total
- age   7:    7709904 bytes,   15355152 total
: 103243K->18727K(109248K), 0.0111855 secs] 180231K->95714K(502464K), 0.0112684 secs] [Times: user=0.06 sys=0.00, real=0.01 secs] 
Heap after GC invocations=25 (full 2):
 par new generation   total 109248K, used 18727K [0x00000000e0000000, 0x00000000e8000000, 0x00000000e8000000)
  eden space 87424K,   0% used [0x00000000e0000000, 0x00000000e0000000, 0x00000000e5560000)
  from space 21824K,  85% used [0x00000000e6ab0000, 0x00000000e7cf9d10, 0x00000000e8000000)
  to   space 21824K,   0% used [0x00000000e5560000, 0x00000000e5560000, 0x00000000e6ab0000)
 concurrent mark-sweep generation total 393216K, used 76987K [0x00000000e8000000, 0x0000000100000000, 0x0000000100000000)
 Metaspace       used 45959K, capacity 46436K, committed 46968K, reserved 1091584K
  class space    used 5076K, capacity 5187K, committed 5292K, reserved 1048576K
}
2016-06-21T09:16:25.083+0100: 987.391: Total time for which application threads were stopped: 0.0115506 seconds, Stopping threads took: 0.0000343 seconds
{Heap before GC invocations=25 (full 2):
 par new generation   total 109248K, used 106151K [0x00000000e0000000, 0x00000000e8000000, 0x00000000e8000000)
  eden space 87424K, 100% used [0x00000000e0000000, 0x00000000e5560000, 0x00000000e5560000)
  from space 21824K,  85% used [0x00000000e6ab0000, 0x00000000e7cf9d10, 0x00000000e8000000)
  to   space 21824K,   0% used [0x00000000e5560000, 0x00000000e5560000, 0x00000000e6ab0000)
 concurrent mark-sweep generation total 393216K, used 76987K [0x00000000e8000000, 0x0000000100000000, 0x0000000100000000)
 Metaspace       used 45971K, capacity 46436K, committed 46968K, reserved 1091584K
  class space    used 5076K, capacity 5187K, committed 5292K, reserved 1048576K
2016-06-21T09:16:25.407+0100: 987.716: [GC (Allocation Failure) 2016-06-21T09:16:25.407+0100: 987.716: [ParNew
Desired survivor size 20112992 bytes, new threshold 8 (max 8)
- age   1:     995520 bytes,     995520 total
- age   2:     782256 bytes,    1777776 total
- age   3:    2229592 bytes,    4007368 total
- age   4:     671688 bytes,    4679056 total
- age   5:     683440 bytes,    5362496 total
- age   6:     807144 bytes,    6169640 total
- age   7:    2214680 bytes,    8384320 total
- age   8:    7697704 bytes,   16082024 total
: 106151K->21549K(109248K), 0.0123164 secs] 183138K->98537K(502464K), 0.0124151 secs] [Times: user=0.00 sys=0.00, real=0.01 secs] 
Heap after GC invocations=26 (full 2):
 par new generation   total 109248K, used 21549K [0x00000000e0000000, 0x00000000e8000000, 0x00000000e8000000)
  eden space 87424K,   0% used [0x00000000e0000000, 0x00000000e0000000, 0x00000000e5560000)
  from space 21824K,  98% used [0x00000000e5560000, 0x00000000e6a6b700, 0x00000000e6ab0000)
  to   space 21824K,   0% used [0x00000000e6ab0000, 0x00000000e6ab0000, 0x00000000e8000000)
 concurrent mark-sweep generation total 393216K, used 76987K [0x00000000e8000000, 0x0000000100000000, 0x0000000100000000)
 Metaspace       used 45971K, capacity 46436K, committed 46968K, reserved 1091584K
  class space    used 5076K, capacity 5187K, committed 5292K, reserved 1048576K
}
2016-06-21T09:16:25.420+0100: 987.728: Total time for which application threads were stopped: 0.0126954 seconds, Stopping threads took: 0.0000284 seconds
{Heap before GC invocations=26 (full 2):
 par new generation   total 109248K, used 108973K [0x00000000e0000000, 0x00000000e8000000, 0x00000000e8000000)
  eden space 87424K, 100% used [0x00000000e0000000, 0x00000000e5560000, 0x00000000e5560000)
  from space 21824K,  98% used [0x00000000e5560000, 0x00000000e6a6b700, 0x00000000e6ab0000)
  to   space 21824K,   0% used [0x00000000e6ab0000, 0x00000000e6ab0000, 0x00000000e8000000)
 concurrent mark-sweep generation total 393216K, used 76987K [0x00000000e8000000, 0x0000000100000000, 0x0000000100000000)
 Metaspace       used 45971K, capacity 46436K, committed 46968K, reserved 1091584K
  class space    used 5076K, capacity 5187K, committed 5292K, reserved 1048576K
2016-06-21T09:16:25.878+0100: 988.186: [GC (Allocation Failure) 2016-06-21T09:16:25.878+0100: 988.186: [ParNew
Desired survivor size 20112992 bytes, new threshold 8 (max 8)
- age   1:    1085896 bytes,    1085896 total
- age   2:     712064 bytes,    1797960 total
- age   3:     782256 bytes,    2580216 total
- age   4:    2229552 bytes,    4809768 total
- age   5:     671728 bytes,    5481496 total
- age   6:     683480 bytes,    6164976 total
- age   7:     807144 bytes,    6972120 total
- age   8:    2214760 bytes,    9186880 total
: 108973K->13259K(109248K), 0.0163035 secs] 185961K->97762K(502464K), 0.0163817 secs] [Times: user=0.06 sys=0.00, real=0.02 secs] 
Heap after GC invocations=27 (full 2):
 par new generation   total 109248K, used 13259K [0x00000000e0000000, 0x00000000e8000000, 0x00000000e8000000)
  eden space 87424K,   0% used [0x00000000e0000000, 0x00000000e0000000, 0x00000000e5560000)
  from space 21824K,  60% used [0x00000000e6ab0000, 0x00000000e77a2cc0, 0x00000000e8000000)
  to   space 21824K,   0% used [0x00000000e5560000, 0x00000000e5560000, 0x00000000e6ab0000)
 concurrent mark-sweep generation total 393216K, used 84503K [0x00000000e8000000, 0x0000000100000000, 0x0000000100000000)
 Metaspace       used 45971K, capacity 46436K, committed 46968K, reserved 1091584K
  class space    used 5076K, capacity 5187K, committed 5292K, reserved 1048576K
}
2016-06-21T09:16:25.894+0100: 988.203: Total time for which application threads were stopped: 0.0166532 seconds, Stopping threads took: 0.0000482 seconds
{Heap before GC invocations=27 (full 2):
 par new generation   total 109248K, used 100683K [0x00000000e0000000, 0x00000000e8000000, 0x00000000e8000000)
  eden space 87424K, 100% used [0x00000000e0000000, 0x00000000e5560000, 0x00000000e5560000)
  from space 21824K,  60% used [0x00000000e6ab0000, 0x00000000e77a2cc0, 0x00000000e8000000)
  to   space 21824K,   0% used [0x00000000e5560000, 0x00000000e5560000, 0x00000000e6ab0000)
 concurrent mark-sweep generation total 393216K, used 84503K [0x00000000e8000000, 0x0000000100000000, 0x0000000100000000)
 Metaspace       used 45971K, capacity 46436K, committed 46968K, reserved 1091584K
  class space    used 5076K, capacity 5187K, committed 5292K, reserved 1048576K
2016-06-21T09:16:26.207+0100: 988.516: [GC (Allocation Failure) 2016-06-21T09:16:26.207+0100: 988.516: [ParNew
Desired survivor size 20112992 bytes, new threshold 8 (max 8)
- age   1:     890144 bytes,     890144 total
- age   2:     679640 bytes,    1569784 total
- age   3:     712104 bytes,    2281888 total
- age   4:     782336 bytes,    3064224 total
- age   5:    2229552 bytes,    5293776 total
- age   6:     671728 bytes,    5965504 total
- age   7:     683560 bytes,    6649064 total
- age   8:     807144 bytes,    7456208 total
: 100683K->8864K(109248K), 0.0115625 secs] 185186K->95530K(502464K), 0.0116517 secs] [Times: user=0.02 sys=0.00, real=0.01 secs] 
Heap after GC invocations=28 (full 2):
 par new generation   total 109248K, used 8864K [0x00000000e0000000, 0x00000000e8000000, 0x00000000e8000000)
  eden space 87424K,   0% used [0x00000000e0000000, 0x00000000e0000000, 0x00000000e5560000)
  from space 21824K,  40% used [0x00000000e5560000, 0x00000000e5e08348, 0x00000000e6ab0000)
  to   space 21824K,   0% used [0x00000000e6ab0000, 0x00000000e6ab0000, 0x00000000e8000000)
 concurrent mark-sweep generation total 393216K, used 86666K [0x00000000e8000000, 0x0000000100000000, 0x0000000100000000)
 Metaspace       used 45971K, capacity 46436K, committed 46968K, reserved 1091584K
  class space    used 5076K, capacity 5187K, committed 5292K, reserved 1048576K
}
2016-06-21T09:16:26.219+0100: 988.528: Total time for which application threads were stopped: 0.0119256 seconds, Stopping threads took: 0.0000261 seconds
{Heap before GC invocations=28 (full 2):
 par new generation   total 109248K, used 96288K [0x00000000e0000000, 0x00000000e8000000, 0x00000000e8000000)
  eden space 87424K, 100% used [0x00000000e0000000, 0x00000000e5560000, 0x00000000e5560000)
  from space 21824K,  40% used [0x00000000e5560000, 0x00000000e5e08348, 0x00000000e6ab0000)
  to   space 21824K,   0% used [0x00000000e6ab0000, 0x00000000e6ab0000, 0x00000000e8000000)
 concurrent mark-sweep generation total 393216K, used 86666K [0x00000000e8000000, 0x0000000100000000, 0x0000000100000000)
 Metaspace       used 45971K, capacity 46436K, committed 46968K, reserved 1091584K
  class space    used 5076K, capacity 5187K, committed 5292K, reserved 1048576K
2016-06-21T09:16:26.490+0100: 988.798: [GC (Allocation Failure) 2016-06-21T09:16:26.490+0100: 988.798: [ParNew
Desired survivor size 20112992 bytes, new threshold 8 (max 8)
- age   1:    3827992 bytes,    3827992 total
- age   2:     633648 bytes,    4461640 total
- age   3:     679720 bytes,    5141360 total
- age   4:     712184 bytes,    5853544 total
- age   5:     782416 bytes,    6635960 total
- age   6:     787704 bytes,    7423664 total
- age   7:     688088 bytes,    8111752 total
- age   8:     683280 bytes,    8795032 total
: 96288K->11020K(109248K), 0.0076421 secs] 182954K->98503K(502464K), 0.0077388 secs] [Times: user=0.00 sys=0.00, real=0.01 secs] 
Heap after GC invocations=29 (full 2):
 par new generation   total 109248K, used 11020K [0x00000000e0000000, 0x00000000e8000000, 0x00000000e8000000)
  eden space 87424K,   0% used [0x00000000e0000000, 0x00000000e0000000, 0x00000000e5560000)
  from space 21824K,  50% used [0x00000000e6ab0000, 0x00000000e75733b0, 0x00000000e8000000)
  to   space 21824K,   0% used [0x00000000e5560000, 0x00000000e5560000, 0x00000000e6ab0000)
 concurrent mark-sweep generation total 393216K, used 87482K [0x00000000e8000000, 0x0000000100000000, 0x0000000100000000)
 Metaspace       used 45971K, capacity 46436K, committed 46968K, reserved 1091584K
  class space    used 5076K, capacity 5187K, committed 5292K, reserved 1048576K
}
2016-06-21T09:16:26.497+0100: 988.806: Total time for which application threads were stopped: 0.0080321 seconds, Stopping threads took: 0.0000257 seconds
{Heap before GC invocations=29 (full 2):
 par new generation   total 109248K, used 98444K [0x00000000e0000000, 0x00000000e8000000, 0x00000000e8000000)
  eden space 87424K, 100% used [0x00000000e0000000, 0x00000000e5560000, 0x00000000e5560000)
  from space 21824K,  50% used [0x00000000e6ab0000, 0x00000000e75733b0, 0x00000000e8000000)
  to   space 21824K,   0% used [0x00000000e5560000, 0x00000000e5560000, 0x00000000e6ab0000)
 concurrent mark-sweep generation total 393216K, used 87482K [0x00000000e8000000, 0x0000000100000000, 0x0000000100000000)
 Metaspace       used 45971K, capacity 46436K, committed 46968K, reserved 1091584K
  class space    used 5076K, capacity 5187K, committed 5292K, reserved 1048576K
2016-06-21T09:16:26.747+0100: 989.056: [GC (Allocation Failure) 2016-06-21T09:16:26.747+0100: 989.056: [ParNew
Desired survivor size 20112992 bytes, new threshold 8 (max 8)
- age   1:     962248 bytes,     962248 total
- age   2:    3596840 bytes,    4559088 total
- age   3:     633568 bytes,    5192656 total
- age   4:     679640 bytes,    5872296 total
- age   5:     712104 bytes,    6584400 total
- age   6:     782256 bytes,    7366656 total
- age   7:     787704 bytes,    8154360 total
- age   8:     671648 bytes,    8826008 total
: 98444K->9868K(109248K), 0.0059529 secs] 185927K->98019K(502464K), 0.0060461 secs] [Times: user=0.06 sys=0.00, real=0.01 secs] 
Heap after GC invocations=30 (full 2):
 par new generation   total 109248K, used 9868K [0x00000000e0000000, 0x00000000e8000000, 0x00000000e8000000)
  eden space 87424K,   0% used [0x00000000e0000000, 0x00000000e0000000, 0x00000000e5560000)
  from space 21824K,  45% used [0x00000000e5560000, 0x00000000e5f03110, 0x00000000e6ab0000)
  to   space 21824K,   0% used [0x00000000e6ab0000, 0x00000000e6ab0000, 0x00000000e8000000)
 concurrent mark-sweep generation total 393216K, used 88150K [0x00000000e8000000, 0x0000000100000000, 0x0000000100000000)
 Metaspace       used 45971K, capacity 46436K, committed 46968K, reserved 1091584K
  class space    used 5076K, capacity 5187K, committed 5292K, reserved 1048576K
}
2016-06-21T09:16:26.753+0100: 989.062: Total time for which application threads were stopped: 0.0063639 seconds, Stopping threads took: 0.0000422 seconds
2016-06-21T09:16:27.754+0100: 990.062: Total time for which application threads were stopped: 0.0001326 seconds, Stopping threads took: 0.0000261 seconds
2016-06-21T09:16:28.754+0100: 991.062: Total time for which application threads were stopped: 0.0000782 seconds, Stopping threads took: 0.0000225 seconds
2016-06-21T09:16:29.269+0100: 991.578: Total time for which application threads were stopped: 0.0001283 seconds, Stopping threads took: 0.0000320 seconds
2016-06-21T09:16:29.270+0100: 991.578: Total time for which application threads were stopped: 0.0000647 seconds, Stopping threads took: 0.0000138 seconds
2016-06-21T09:16:30.270+0100: 992.578: Total time for which application threads were stopped: 0.0000979 seconds, Stopping threads took: 0.0000261 seconds
2016-06-21T09:16:32.271+0100: 994.579: Total time for which application threads were stopped: 0.0001240 seconds, Stopping threads took: 0.0000332 seconds
{Heap before GC invocations=30 (full 2):
 par new generation   total 109248K, used 97292K [0x00000000e0000000, 0x00000000e8000000, 0x00000000e8000000)
  eden space 87424K, 100% used [0x00000000e0000000, 0x00000000e5560000, 0x00000000e5560000)
  from space 21824K,  45% used [0x00000000e5560000, 0x00000000e5f03110, 0x00000000e6ab0000)
  to   space 21824K,   0% used [0x00000000e6ab0000, 0x00000000e6ab0000, 0x00000000e8000000)
 concurrent mark-sweep generation total 393216K, used 88150K [0x00000000e8000000, 0x0000000100000000, 0x0000000100000000)
 Metaspace       used 46118K, capacity 46518K, committed 46968K, reserved 1091584K
  class space    used 5080K, capacity 5190K, committed 5292K, reserved 1048576K
2016-06-21T09:16:32.274+0100: 994.583: [GC (Allocation Failure) 2016-06-21T09:16:32.274+0100: 994.583: [ParNew
Desired survivor size 20112992 bytes, new threshold 8 (max 8)
- age   1:   11360912 bytes,   11360912 total
- age   2:     356792 bytes,   11717704 total
- age   3:    3203200 bytes,   14920904 total
- age   4:     321968 bytes,   15242872 total
- age   5:     335240 bytes,   15578112 total
- age   6:     318464 bytes,   15896576 total
- age   7:     306656 bytes,   16203232 total
- age   8:     377672 bytes,   16580904 total
: 97292K->18433K(109248K), 0.0083511 secs] 185443K->106904K(502464K), 0.0084249 secs] [Times: user=0.03 sys=0.00, real=0.01 secs] 
Heap after GC invocations=31 (full 2):
 par new generation   total 109248K, used 18433K [0x00000000e0000000, 0x00000000e8000000, 0x00000000e8000000)
  eden space 87424K,   0% used [0x00000000e0000000, 0x00000000e0000000, 0x00000000e5560000)
  from space 21824K,  84% used [0x00000000e6ab0000, 0x00000000e7cb0710, 0x00000000e8000000)
  to   space 21824K,   0% used [0x00000000e5560000, 0x00000000e5560000, 0x00000000e6ab0000)
 concurrent mark-sweep generation total 393216K, used 88471K [0x00000000e8000000, 0x0000000100000000, 0x0000000100000000)
 Metaspace       used 46118K, capacity 46518K, committed 46968K, reserved 1091584K
  class space    used 5080K, capacity 5190K, committed 5292K, reserved 1048576K
}
2016-06-21T09:16:32.283+0100: 994.591: Total time for which application threads were stopped: 0.0086851 seconds, Stopping threads took: 0.0000359 seconds
2016-06-21T09:16:33.284+0100: 995.592: Total time for which application threads were stopped: 0.0001326 seconds, Stopping threads took: 0.0000336 seconds
2016-06-21T09:16:34.285+0100: 996.593: Total time for which application threads were stopped: 0.0000983 seconds, Stopping threads took: 0.0000324 seconds
2016-06-21T09:16:35.285+0100: 997.593: Total time for which application threads were stopped: 0.0000995 seconds, Stopping threads took: 0.0000249 seconds
{Heap before GC invocations=31 (full 2):
 par new generation   total 109248K, used 105857K [0x00000000e0000000, 0x00000000e8000000, 0x00000000e8000000)
  eden space 87424K, 100% used [0x00000000e0000000, 0x00000000e5560000, 0x00000000e5560000)
  from space 21824K,  84% used [0x00000000e6ab0000, 0x00000000e7cb0710, 0x00000000e8000000)
  to   space 21824K,   0% used [0x00000000e5560000, 0x00000000e5560000, 0x00000000e6ab0000)
 concurrent mark-sweep generation total 393216K, used 88471K [0x00000000e8000000, 0x0000000100000000, 0x0000000100000000)
 Metaspace       used 46161K, capacity 46646K, committed 47224K, reserved 1091584K
  class space    used 5080K, capacity 5190K, committed 5292K, reserved 1048576K
2016-06-21T09:16:35.552+0100: 997.861: [GC (Allocation Failure) 2016-06-21T09:16:35.552+0100: 997.861: [ParNew
Desired survivor size 20112992 bytes, new threshold 8 (max 8)
- age   1:     304416 bytes,     304416 total
- age   2:   11112800 bytes,   11417216 total
- age   3:     356792 bytes,   11774008 total
- age   4:    3203200 bytes,   14977208 total
- age   5:     321968 bytes,   15299176 total
- age   6:     335240 bytes,   15634416 total
- age   7:     318464 bytes,   15952880 total
- age   8:     306656 bytes,   16259536 total
: 105857K->16798K(109248K), 0.0096345 secs] 194328K->105639K(502464K), 0.0097221 secs] [Times: user=0.00 sys=0.00, real=0.01 secs] 
Heap after GC invocations=32 (full 2):
 par new generation   total 109248K, used 16798K [0x00000000e0000000, 0x00000000e8000000, 0x00000000e8000000)
  eden space 87424K,   0% used [0x00000000e0000000, 0x00000000e0000000, 0x00000000e5560000)
  from space 21824K,  76% used [0x00000000e5560000, 0x00000000e65c7b88, 0x00000000e6ab0000)
  to   space 21824K,   0% used [0x00000000e6ab0000, 0x00000000e6ab0000, 0x00000000e8000000)
 concurrent mark-sweep generation total 393216K, used 88840K [0x00000000e8000000, 0x0000000100000000, 0x0000000100000000)
 Metaspace       used 46161K, capacity 46646K, committed 47224K, reserved 1091584K
  class space    used 5080K, capacity 5190K, committed 5292K, reserved 1048576K
}
2016-06-21T09:16:35.562+0100: 997.871: Total time for which application threads were stopped: 0.0099862 seconds, Stopping threads took: 0.0000336 seconds
2016-06-21T09:16:36.563+0100: 998.871: Total time for which application threads were stopped: 0.0001832 seconds, Stopping threads took: 0.0000884 seconds
2016-06-21T09:16:37.563+0100: 999.872: Total time for which application threads were stopped: 0.0001058 seconds, Stopping threads took: 0.0000324 seconds
2016-06-21T09:16:38.565+0100: 1000.874: Total time for which application threads were stopped: 0.0000940 seconds, Stopping threads took: 0.0000288 seconds
2016-06-21T09:16:39.565+0100: 1001.874: Total time for which application threads were stopped: 0.0001007 seconds, Stopping threads took: 0.0000276 seconds
{Heap before GC invocations=32 (full 2):
 par new generation   total 109248K, used 104176K [0x00000000e0000000, 0x00000000e8000000, 0x00000000e8000000)
  eden space 87424K,  99% used [0x00000000e0000000, 0x00000000e5554780, 0x00000000e5560000)
  from space 21824K,  76% used [0x00000000e5560000, 0x00000000e65c7b88, 0x00000000e6ab0000)
  to   space 21824K,   0% used [0x00000000e6ab0000, 0x00000000e6ab0000, 0x00000000e8000000)
 concurrent mark-sweep generation total 393216K, used 88840K [0x00000000e8000000, 0x0000000100000000, 0x0000000100000000)
 Metaspace       used 46195K, capacity 46646K, committed 47224K, reserved 1091584K
  class space    used 5080K, capacity 5190K, committed 5292K, reserved 1048576K
2016-06-21T09:16:40.389+0100: 1002.698: [GC (Allocation Failure) 2016-06-21T09:16:40.390+0100: 1002.698: [ParNew
Desired survivor size 20112992 bytes, new threshold 8 (max 8)
- age   1:     294216 bytes,     294216 total
- age   2:      16328 bytes,     310544 total
- age   3:   11112760 bytes,   11423304 total
- age   4:     356792 bytes,   11780096 total
- age   5:    3203240 bytes,   14983336 total
- age   6:     321968 bytes,   15305304 total
- age   7:     335240 bytes,   15640544 total
- age   8:     318544 bytes,   15959088 total
: 104176K->16616K(109248K), 0.0075253 secs] 193017K->105757K(502464K), 0.0076161 secs] [Times: user=0.01 sys=0.00, real=0.01 secs] 
Heap after GC invocations=33 (full 2):
 par new generation   total 109248K, used 16616K [0x00000000e0000000, 0x00000000e8000000, 0x00000000e8000000)
  eden space 87424K,   0% used [0x00000000e0000000, 0x00000000e0000000, 0x00000000e5560000)
  from space 21824K,  76% used [0x00000000e6ab0000, 0x00000000e7aea328, 0x00000000e8000000)
  to   space 21824K,   0% used [0x00000000e5560000, 0x00000000e5560000, 0x00000000e6ab0000)
 concurrent mark-sweep generation total 393216K, used 89141K [0x00000000e8000000, 0x0000000100000000, 0x0000000100000000)
 Metaspace       used 46195K, capacity 46646K, committed 47224K, reserved 1091584K
  class space    used 5080K, capacity 5190K, committed 5292K, reserved 1048576K
}
2016-06-21T09:16:40.397+0100: 1002.706: Total time for which application threads were stopped: 0.0078549 seconds, Stopping threads took: 0.0000205 seconds
2016-06-21T09:16:41.397+0100: 1003.706: Total time for which application threads were stopped: 0.0001224 seconds, Stopping threads took: 0.0000268 seconds
2016-06-21T09:16:42.399+0100: 1004.707: Total time for which application threads were stopped: 0.0000920 seconds, Stopping threads took: 0.0000296 seconds
2016-06-21T09:16:44.399+0100: 1006.708: Total time for which application threads were stopped: 0.0001243 seconds, Stopping threads took: 0.0000328 seconds
{Heap before GC invocations=33 (full 2):
 par new generation   total 109248K, used 104040K [0x00000000e0000000, 0x00000000e8000000, 0x00000000e8000000)
  eden space 87424K, 100% used [0x00000000e0000000, 0x00000000e5560000, 0x00000000e5560000)
  from space 21824K,  76% used [0x00000000e6ab0000, 0x00000000e7aea328, 0x00000000e8000000)
  to   space 21824K,   0% used [0x00000000e5560000, 0x00000000e5560000, 0x00000000e6ab0000)
 concurrent mark-sweep generation total 393216K, used 89141K [0x00000000e8000000, 0x0000000100000000, 0x0000000100000000)
 Metaspace       used 46207K, capacity 46646K, committed 47224K, reserved 1091584K
  class space    used 5081K, capacity 5190K, committed 5292K, reserved 1048576K
2016-06-21T09:16:44.891+0100: 1007.200: [GC (Allocation Failure) 2016-06-21T09:16:44.891+0100: 1007.200: [ParNew
Desired survivor size 20112992 bytes, new threshold 8 (max 8)
- age   1:     300304 bytes,     300304 total
- age   2:      13312 bytes,     313616 total
- age   3:      16328 bytes,     329944 total
- age   4:   11112760 bytes,   11442704 total
- age   5:     356792 bytes,   11799496 total
- age   6:    3203200 bytes,   15002696 total
- age   7:     321968 bytes,   15324664 total
- age   8:     335240 bytes,   15659904 total
: 104040K->15747K(109248K), 0.0078355 secs] 193181K->105200K(502464K), 0.0079287 secs] [Times: user=0.00 sys=0.00, real=0.01 secs] 
Heap after GC invocations=34 (full 2):
 par new generation   total 109248K, used 15747K [0x00000000e0000000, 0x00000000e8000000, 0x00000000e8000000)
  eden space 87424K,   0% used [0x00000000e0000000, 0x00000000e0000000, 0x00000000e5560000)
  from space 21824K,  72% used [0x00000000e5560000, 0x00000000e64c0fd0, 0x00000000e6ab0000)
  to   space 21824K,   0% used [0x00000000e6ab0000, 0x00000000e6ab0000, 0x00000000e8000000)
 concurrent mark-sweep generation total 393216K, used 89453K [0x00000000e8000000, 0x0000000100000000, 0x0000000100000000)
 Metaspace       used 46207K, capacity 46646K, committed 47224K, reserved 1091584K
  class space    used 5081K, capacity 5190K, committed 5292K, reserved 1048576K
}
2016-06-21T09:16:44.899+0100: 1007.208: Total time for which application threads were stopped: 0.0081999 seconds, Stopping threads took: 0.0000395 seconds
2016-06-21T09:16:45.900+0100: 1008.209: Total time for which application threads were stopped: 0.0001307 seconds, Stopping threads took: 0.0000537 seconds
{Heap before GC invocations=34 (full 2):
 par new generation   total 109248K, used 103171K [0x00000000e0000000, 0x00000000e8000000, 0x00000000e8000000)
  eden space 87424K, 100% used [0x00000000e0000000, 0x00000000e5560000, 0x00000000e5560000)
  from space 21824K,  72% used [0x00000000e5560000, 0x00000000e64c0fd0, 0x00000000e6ab0000)
  to   space 21824K,   0% used [0x00000000e6ab0000, 0x00000000e6ab0000, 0x00000000e8000000)
 concurrent mark-sweep generation total 393216K, used 89453K [0x00000000e8000000, 0x0000000100000000, 0x0000000100000000)
 Metaspace       used 46212K, capacity 46646K, committed 47224K, reserved 1091584K
  class space    used 5081K, capacity 5190K, committed 5292K, reserved 1048576K
2016-06-21T09:16:46.273+0100: 1008.582: [GC (Allocation Failure) 2016-06-21T09:16:46.273+0100: 1008.582: [ParNew
Desired survivor size 20112992 bytes, new threshold 8 (max 8)
- age   1:     324704 bytes,     324704 total
- age   2:      18056 bytes,     342760 total
- age   3:      13312 bytes,     356072 total
- age   4:      16328 bytes,     372400 total
- age   5:   11112760 bytes,   11485160 total
- age   6:     356832 bytes,   11841992 total
- age   7:    3203200 bytes,   15045192 total
- age   8:     321968 bytes,   15367160 total
: 103171K->16032K(109248K), 0.0064890 secs] 192624K->105813K(502464K), 0.0065834 secs] [Times: user=0.00 sys=0.00, real=0.01 secs] 
Heap after GC invocations=35 (full 2):
 par new generation   total 109248K, used 16032K [0x00000000e0000000, 0x00000000e8000000, 0x00000000e8000000)
  eden space 87424K,   0% used [0x00000000e0000000, 0x00000000e0000000, 0x00000000e5560000)
  from space 21824K,  73% used [0x00000000e6ab0000, 0x00000000e7a58120, 0x00000000e8000000)
  to   space 21824K,   0% used [0x00000000e5560000, 0x00000000e5560000, 0x00000000e6ab0000)
 concurrent mark-sweep generation total 393216K, used 89781K [0x00000000e8000000, 0x0000000100000000, 0x0000000100000000)
 Metaspace       used 46212K, capacity 46646K, committed 47224K, reserved 1091584K
  class space    used 5081K, capacity 5190K, committed 5292K, reserved 1048576K
}
2016-06-21T09:16:46.279+0100: 1008.588: Total time for which application threads were stopped: 0.0068230 seconds, Stopping threads took: 0.0000261 seconds
2016-06-21T09:16:47.280+0100: 1009.589: Total time for which application threads were stopped: 0.0001141 seconds, Stopping threads took: 0.0000328 seconds
2016-06-21T09:16:48.280+0100: 1010.588: Total time for which application threads were stopped: 0.0001484 seconds, Stopping threads took: 0.0000367 seconds
{Heap before GC invocations=35 (full 2):
 par new generation   total 109248K, used 103456K [0x00000000e0000000, 0x00000000e8000000, 0x00000000e8000000)
  eden space 87424K, 100% used [0x00000000e0000000, 0x00000000e5560000, 0x00000000e5560000)
  from space 21824K,  73% used [0x00000000e6ab0000, 0x00000000e7a58120, 0x00000000e8000000)
  to   space 21824K,   0% used [0x00000000e5560000, 0x00000000e5560000, 0x00000000e6ab0000)
 concurrent mark-sweep generation total 393216K, used 89781K [0x00000000e8000000, 0x0000000100000000, 0x0000000100000000)
 Metaspace       used 46212K, capacity 46646K, committed 47224K, reserved 1091584K
  class space    used 5081K, capacity 5190K, committed 5292K, reserved 1048576K
2016-06-21T09:16:48.286+0100: 1010.594: [GC (Allocation Failure) 2016-06-21T09:16:48.286+0100: 1010.594: [ParNew
Desired survivor size 20112992 bytes, new threshold 8 (max 8)
- age   1:     313816 bytes,     313816 total
- age   2:      19800 bytes,     333616 total
- age   3:      18056 bytes,     351672 total
- age   4:      13312 bytes,     364984 total
- age   5:      16328 bytes,     381312 total
- age   6:   11112760 bytes,   11494072 total
- age   7:     356832 bytes,   11850904 total
- age   8:    3203280 bytes,   15054184 total
: 103456K->15047K(109248K), 0.0059352 secs] 193237K->105144K(502464K), 0.0060031 secs] [Times: user=0.00 sys=0.00, real=0.01 secs] 
Heap after GC invocations=36 (full 2):
 par new generation   total 109248K, used 15047K [0x00000000e0000000, 0x00000000e8000000, 0x00000000e8000000)
  eden space 87424K,   0% used [0x00000000e0000000, 0x00000000e0000000, 0x00000000e5560000)
  from space 21824K,  68% used [0x00000000e5560000, 0x00000000e6411e50, 0x00000000e6ab0000)
  to   space 21824K,   0% used [0x00000000e6ab0000, 0x00000000e6ab0000, 0x00000000e8000000)
 concurrent mark-sweep generation total 393216K, used 90097K [0x00000000e8000000, 0x0000000100000000, 0x0000000100000000)
 Metaspace       used 46212K, capacity 46646K, committed 47224K, reserved 1091584K
  class space    used 5081K, capacity 5190K, committed 5292K, reserved 1048576K
}
2016-06-21T09:16:48.292+0100: 1010.600: Total time for which application threads were stopped: 0.0061859 seconds, Stopping threads took: 0.0000201 seconds
2016-06-21T09:16:49.292+0100: 1011.601: Total time for which application threads were stopped: 0.0002317 seconds, Stopping threads took: 0.0000537 seconds
2016-06-21T09:16:55.192+0100: 1017.500: Total time for which application threads were stopped: 0.0001354 seconds, Stopping threads took: 0.0000359 seconds
2016-06-21T09:16:55.349+0100: 1017.658: Total time for which application threads were stopped: 0.0002534 seconds, Stopping threads took: 0.0001050 seconds
2016-06-21T09:16:55.944+0100: 1018.252: Total time for which application threads were stopped: 0.0001453 seconds, Stopping threads took: 0.0000284 seconds
2016-06-21T09:16:55.946+0100: 1018.254: Total time for which application threads were stopped: 0.0001105 seconds, Stopping threads took: 0.0000280 seconds
2016-06-21T09:16:56.070+0100: 1018.378: Total time for which application threads were stopped: 0.0002578 seconds, Stopping threads took: 0.0000454 seconds
2016-06-21T09:16:56.112+0100: 1018.420: Total time for which application threads were stopped: 0.0001800 seconds, Stopping threads took: 0.0000489 seconds
2016-06-21T09:16:56.124+0100: 1018.432: Total time for which application threads were stopped: 0.0002416 seconds, Stopping threads took: 0.0000940 seconds
2016-06-21T09:16:56.145+0100: 1018.453: Total time for which application threads were stopped: 0.0001611 seconds, Stopping threads took: 0.0000253 seconds
2016-06-21T09:16:56.152+0100: 1018.460: Total time for which application threads were stopped: 0.0001701 seconds, Stopping threads took: 0.0000284 seconds
{Heap before GC invocations=36 (full 2):
 par new generation   total 109248K, used 102471K [0x00000000e0000000, 0x00000000e8000000, 0x00000000e8000000)
  eden space 87424K, 100% used [0x00000000e0000000, 0x00000000e5560000, 0x00000000e5560000)
  from space 21824K,  68% used [0x00000000e5560000, 0x00000000e6411e50, 0x00000000e6ab0000)
  to   space 21824K,   0% used [0x00000000e6ab0000, 0x00000000e6ab0000, 0x00000000e8000000)
 concurrent mark-sweep generation total 393216K, used 90097K [0x00000000e8000000, 0x0000000100000000, 0x0000000100000000)
 Metaspace       used 46402K, capacity 46870K, committed 47224K, reserved 1091584K
  class space    used 5091K, capacity 5222K, committed 5292K, reserved 1048576K
2016-06-21T09:16:56.300+0100: 1018.608: [GC (Allocation Failure) 2016-06-21T09:16:56.300+0100: 1018.608: [ParNew
Desired survivor size 20112992 bytes, new threshold 8 (max 8)
- age   1:     650528 bytes,     650528 total
- age   2:      20392 bytes,     670920 total
- age   3:      17992 bytes,     688912 total
- age   4:      17936 bytes,     706848 total
- age   5:      12904 bytes,     719752 total
- age   6:      15704 bytes,     735456 total
- age   7:   11112184 bytes,   11847640 total
- age   8:     356792 bytes,   12204432 total
: 102471K->12419K(109248K), 0.0085315 secs] 192568K->105645K(502464K), 0.0086251 secs] [Times: user=0.00 sys=0.00, real=0.01 secs] 
Heap after GC invocations=37 (full 2):
 par new generation   total 109248K, used 12419K [0x00000000e0000000, 0x00000000e8000000, 0x00000000e8000000)
  eden space 87424K,   0% used [0x00000000e0000000, 0x00000000e0000000, 0x00000000e5560000)
  from space 21824K,  56% used [0x00000000e6ab0000, 0x00000000e76d0d30, 0x00000000e8000000)
  to   space 21824K,   0% used [0x00000000e5560000, 0x00000000e5560000, 0x00000000e6ab0000)
 concurrent mark-sweep generation total 393216K, used 93226K [0x00000000e8000000, 0x0000000100000000, 0x0000000100000000)
 Metaspace       used 46402K, capacity 46870K, committed 47224K, reserved 1091584K
  class space    used 5091K, capacity 5222K, committed 5292K, reserved 1048576K
}
2016-06-21T09:16:56.309+0100: 1018.617: Total time for which application threads were stopped: 0.0090052 seconds, Stopping threads took: 0.0000679 seconds
2016-06-21T09:16:57.309+0100: 1019.618: Total time for which application threads were stopped: 0.0001484 seconds, Stopping threads took: 0.0000272 seconds
2016-06-21T09:16:58.310+0100: 1020.618: Total time for which application threads were stopped: 0.0001078 seconds, Stopping threads took: 0.0000288 seconds
{Heap before GC invocations=37 (full 2):
 par new generation   total 109248K, used 99843K [0x00000000e0000000, 0x00000000e8000000, 0x00000000e8000000)
  eden space 87424K, 100% used [0x00000000e0000000, 0x00000000e5560000, 0x00000000e5560000)
  from space 21824K,  56% used [0x00000000e6ab0000, 0x00000000e76d0d30, 0x00000000e8000000)
  to   space 21824K,   0% used [0x00000000e5560000, 0x00000000e5560000, 0x00000000e6ab0000)
 concurrent mark-sweep generation total 393216K, used 93226K [0x00000000e8000000, 0x0000000100000000, 0x0000000100000000)
 Metaspace       used 46411K, capacity 46870K, committed 47224K, reserved 1091584K
  class space    used 5092K, capacity 5222K, committed 5292K, reserved 1048576K
2016-06-21T09:16:58.452+0100: 1020.760: [GC (Allocation Failure) 2016-06-21T09:16:58.452+0100: 1020.760: [ParNew
Desired survivor size 20112992 bytes, new threshold 8 (max 8)
- age   1:     331720 bytes,     331720 total
- age   2:     354816 bytes,     686536 total
- age   3:      19864 bytes,     706400 total
- age   4:      17296 bytes,     723696 total
- age   5:      17336 bytes,     741032 total
- age   6:      12568 bytes,     753600 total
- age   7:      15176 bytes,     768776 total
- age   8:   11111896 bytes,   11880672 total
: 99843K->11755K(109248K), 0.0062407 secs] 193069K->105331K(502464K), 0.0063418 secs] [Times: user=0.06 sys=0.00, real=0.01 secs] 
Heap after GC invocations=38 (full 2):
 par new generation   total 109248K, used 11755K [0x00000000e0000000, 0x00000000e8000000, 0x00000000e8000000)
  eden space 87424K,   0% used [0x00000000e0000000, 0x00000000e0000000, 0x00000000e5560000)
  from space 21824K,  53% used [0x00000000e5560000, 0x00000000e60dafb0, 0x00000000e6ab0000)
  to   space 21824K,   0% used [0x00000000e6ab0000, 0x00000000e6ab0000, 0x00000000e8000000)
 concurrent mark-sweep generation total 393216K, used 93575K [0x00000000e8000000, 0x0000000100000000, 0x0000000100000000)
 Metaspace       used 46411K, capacity 46870K, committed 47224K, reserved 1091584K
  class space    used 5092K, capacity 5222K, committed 5292K, reserved 1048576K
}
2016-06-21T09:16:58.458+0100: 1020.766: Total time for which application threads were stopped: 0.0066604 seconds, Stopping threads took: 0.0000272 seconds
2016-06-21T09:16:59.458+0100: 1021.767: Total time for which application threads were stopped: 0.0001437 seconds, Stopping threads took: 0.0000489 seconds
2016-06-21T09:17:00.459+0100: 1022.767: Total time for which application threads were stopped: 0.0000991 seconds, Stopping threads took: 0.0000261 seconds
{Heap before GC invocations=38 (full 2):
 par new generation   total 109248K, used 99179K [0x00000000e0000000, 0x00000000e8000000, 0x00000000e8000000)
  eden space 87424K, 100% used [0x00000000e0000000, 0x00000000e5560000, 0x00000000e5560000)
  from space 21824K,  53% used [0x00000000e5560000, 0x00000000e60dafb0, 0x00000000e6ab0000)
  to   space 21824K,   0% used [0x00000000e6ab0000, 0x00000000e6ab0000, 0x00000000e8000000)
 concurrent mark-sweep generation total 393216K, used 93575K [0x00000000e8000000, 0x0000000100000000, 0x0000000100000000)
 Metaspace       used 46411K, capacity 46870K, committed 47224K, reserved 1091584K
  class space    used 5092K, capacity 5222K, committed 5292K, reserved 1048576K
2016-06-21T09:17:01.238+0100: 1023.546: [GC (Allocation Failure) 2016-06-21T09:17:01.238+0100: 1023.546: [ParNew
Desired survivor size 20112992 bytes, new threshold 8 (max 8)
- age   1:     304576 bytes,     304576 total
- age   2:      43392 bytes,     347968 total
- age   3:     354408 bytes,     702376 total
- age   4:      19528 bytes,     721904 total
- age   5:      16936 bytes,     738840 total
- age   6:      16976 bytes,     755816 total
- age   7:      12280 bytes,     768096 total
- age   8:      14792 bytes,     782888 total
: 99179K->1428K(109248K), 0.0081877 secs] 192755K->105873K(502464K), 0.0082864 secs] [Times: user=0.00 sys=0.00, real=0.01 secs] 
Heap after GC invocations=39 (full 2):
 par new generation   total 109248K, used 1428K [0x00000000e0000000, 0x00000000e8000000, 0x00000000e8000000)
  eden space 87424K,   0% used [0x00000000e0000000, 0x00000000e0000000, 0x00000000e5560000)
  from space 21824K,   6% used [0x00000000e6ab0000, 0x00000000e6c15008, 0x00000000e8000000)
  to   space 21824K,   0% used [0x00000000e5560000, 0x00000000e5560000, 0x00000000e6ab0000)
 concurrent mark-sweep generation total 393216K, used 104445K [0x00000000e8000000, 0x0000000100000000, 0x0000000100000000)
 Metaspace       used 46411K, capacity 46870K, committed 47224K, reserved 1091584K
  class space    used 5092K, capacity 5222K, committed 5292K, reserved 1048576K
}
2016-06-21T09:17:01.246+0100: 1023.554: Total time for which application threads were stopped: 0.0085686 seconds, Stopping threads took: 0.0000387 seconds
2016-06-21T09:17:02.246+0100: 1024.554: Total time for which application threads were stopped: 0.0000928 seconds, Stopping threads took: 0.0000280 seconds
{Heap before GC invocations=39 (full 2):
 par new generation   total 109248K, used 88852K [0x00000000e0000000, 0x00000000e8000000, 0x00000000e8000000)
  eden space 87424K, 100% used [0x00000000e0000000, 0x00000000e5560000, 0x00000000e5560000)
  from space 21824K,   6% used [0x00000000e6ab0000, 0x00000000e6c15008, 0x00000000e8000000)
  to   space 21824K,   0% used [0x00000000e5560000, 0x00000000e5560000, 0x00000000e6ab0000)
 concurrent mark-sweep generation total 393216K, used 104445K [0x00000000e8000000, 0x0000000100000000, 0x0000000100000000)
 Metaspace       used 46411K, capacity 46870K, committed 47224K, reserved 1091584K
  class space    used 5092K, capacity 5222K, committed 5292K, reserved 1048576K
2016-06-21T09:17:07.029+0100: 1029.338: [GC (Allocation Failure) 2016-06-21T09:17:07.029+0100: 1029.338: [ParNew
Desired survivor size 20112992 bytes, new threshold 8 (max 8)
- age   1:     351128 bytes,     351128 total
- age   2:      16456 bytes,     367584 total
- age   3:      42936 bytes,     410520 total
- age   4:     354192 bytes,     764712 total
- age   5:      19072 bytes,     783784 total
- age   6:      16672 bytes,     800456 total
- age   7:      16520 bytes,     816976 total
- age   8:      12040 bytes,     829016 total
: 88852K->1072K(109248K), 0.0042440 secs] 193297K->105532K(502464K), 0.0043171 secs] [Times: user=0.06 sys=0.00, real=0.00 secs] 
Heap after GC invocations=40 (full 2):
 par new generation   total 109248K, used 1072K [0x00000000e0000000, 0x00000000e8000000, 0x00000000e8000000)
  eden space 87424K,   0% used [0x00000000e0000000, 0x00000000e0000000, 0x00000000e5560000)
  from space 21824K,   4% used [0x00000000e5560000, 0x00000000e566c160, 0x00000000e6ab0000)
  to   space 21824K,   0% used [0x00000000e6ab0000, 0x00000000e6ab0000, 0x00000000e8000000)
 concurrent mark-sweep generation total 393216K, used 104460K [0x00000000e8000000, 0x0000000100000000, 0x0000000100000000)
 Metaspace       used 46411K, capacity 46870K, committed 47224K, reserved 1091584K
  class space    used 5092K, capacity 5222K, committed 5292K, reserved 1048576K
}
2016-06-21T09:17:07.033+0100: 1029.342: Total time for which application threads were stopped: 0.0045160 seconds, Stopping threads took: 0.0000186 seconds
2016-06-21T09:17:09.034+0100: 1031.342: Total time for which application threads were stopped: 0.0001370 seconds, Stopping threads took: 0.0000541 seconds
2016-06-21T09:17:10.034+0100: 1032.342: Total time for which application threads were stopped: 0.0001157 seconds, Stopping threads took: 0.0000324 seconds
2016-06-21T09:17:11.034+0100: 1033.343: Total time for which application threads were stopped: 0.0001287 seconds, Stopping threads took: 0.0000572 seconds
{Heap before GC invocations=40 (full 2):
 par new generation   total 109248K, used 88496K [0x00000000e0000000, 0x00000000e8000000, 0x00000000e8000000)
  eden space 87424K, 100% used [0x00000000e0000000, 0x00000000e5560000, 0x00000000e5560000)
  from space 21824K,   4% used [0x00000000e5560000, 0x00000000e566c160, 0x00000000e6ab0000)
  to   space 21824K,   0% used [0x00000000e6ab0000, 0x00000000e6ab0000, 0x00000000e8000000)
 concurrent mark-sweep generation total 393216K, used 104460K [0x00000000e8000000, 0x0000000100000000, 0x0000000100000000)
 Metaspace       used 46411K, capacity 46870K, committed 47224K, reserved 1091584K
  class space    used 5092K, capacity 5222K, committed 5292K, reserved 1048576K
2016-06-21T09:17:11.223+0100: 1033.532: [GC (Allocation Failure) 2016-06-21T09:17:11.223+0100: 1033.532: [ParNew
Desired survivor size 20112992 bytes, new threshold 8 (max 8)
- age   1:     306944 bytes,     306944 total
- age   2:      17928 bytes,     324872 total
- age   3:      16000 bytes,     340872 total
- age   4:      42576 bytes,     383448 total
- age   5:     353928 bytes,     737376 total
- age   6:      18856 bytes,     756232 total
- age   7:      16384 bytes,     772616 total
- age   8:      14960 bytes,     787576 total
: 88496K->924K(109248K), 0.0029998 secs] 192956K->105396K(502464K), 0.0030763 secs] [Times: user=0.00 sys=0.00, real=0.00 secs] 
Heap after GC invocations=41 (full 2):
 par new generation   total 109248K, used 924K [0x00000000e0000000, 0x00000000e8000000, 0x00000000e8000000)
  eden space 87424K,   0% used [0x00000000e0000000, 0x00000000e0000000, 0x00000000e5560000)
  from space 21824K,   4% used [0x00000000e6ab0000, 0x00000000e6b97198, 0x00000000e8000000)
  to   space 21824K,   0% used [0x00000000e5560000, 0x00000000e5560000, 0x00000000e6ab0000)
 concurrent mark-sweep generation total 393216K, used 104471K [0x00000000e8000000, 0x0000000100000000, 0x0000000100000000)
 Metaspace       used 46411K, capacity 46870K, committed 47224K, reserved 1091584K
  class space    used 5092K, capacity 5222K, committed 5292K, reserved 1048576K
}
2016-06-21T09:17:11.226+0100: 1033.535: Total time for which application threads were stopped: 0.0033282 seconds, Stopping threads took: 0.0000249 seconds
2016-06-21T09:17:11.509+0100: 1033.818: Total time for which application threads were stopped: 0.0001232 seconds, Stopping threads took: 0.0000308 seconds
2016-06-21T09:17:12.510+0100: 1034.818: Total time for which application threads were stopped: 0.0000987 seconds, Stopping threads took: 0.0000276 seconds
2016-06-21T09:17:14.511+0100: 1036.820: Total time for which application threads were stopped: 0.0001192 seconds, Stopping threads took: 0.0000264 seconds
2016-06-21T09:17:14.985+0100: 1037.293: Total time for which application threads were stopped: 0.0001318 seconds, Stopping threads took: 0.0000312 seconds
2016-06-21T09:17:15.985+0100: 1038.293: Total time for which application threads were stopped: 0.0001050 seconds, Stopping threads took: 0.0000272 seconds
2016-06-21T09:17:16.986+0100: 1039.294: Total time for which application threads were stopped: 0.0001129 seconds, Stopping threads took: 0.0000284 seconds
2016-06-21T09:17:18.986+0100: 1041.295: Total time for which application threads were stopped: 0.0000829 seconds, Stopping threads took: 0.0000264 seconds
2016-06-21T09:17:19.987+0100: 1042.295: Total time for which application threads were stopped: 0.0001011 seconds, Stopping threads took: 0.0000288 seconds
{Heap before GC invocations=41 (full 2):
 par new generation   total 109248K, used 88334K [0x00000000e0000000, 0x00000000e8000000, 0x00000000e8000000)
  eden space 87424K,  99% used [0x00000000e0000000, 0x00000000e555c808, 0x00000000e5560000)
  from space 21824K,   4% used [0x00000000e6ab0000, 0x00000000e6b97198, 0x00000000e8000000)
  to   space 21824K,   0% used [0x00000000e5560000, 0x00000000e5560000, 0x00000000e6ab0000)
 concurrent mark-sweep generation total 393216K, used 104471K [0x00000000e8000000, 0x0000000100000000, 0x0000000100000000)
 Metaspace       used 46558K, capacity 47068K, committed 47480K, reserved 1091584K
  class space    used 5097K, capacity 5223K, committed 5292K, reserved 1048576K
2016-06-21T09:17:24.896+0100: 1047.204: [GC (Allocation Failure) 2016-06-21T09:17:24.896+0100: 1047.204: [ParNew
Desired survivor size 20112992 bytes, new threshold 8 (max 8)
- age   1:     387888 bytes,     387888 total
- age   2:      17432 bytes,     405320 total
- age   3:      17592 bytes,     422912 total
- age   4:      15832 bytes,     438744 total
- age   5:      40984 bytes,     479728 total
- age   6:     353640 bytes,     833368 total
- age   7:      18592 bytes,     851960 total
- age   8:      16120 bytes,     868080 total
: 88334K->1189K(109248K), 0.0030724 secs] 192806K->105675K(502464K), 0.0031506 secs] [Times: user=0.00 sys=0.00, real=0.00 secs] 
Heap after GC invocations=42 (full 2):
 par new generation   total 109248K, used 1189K [0x00000000e0000000, 0x00000000e8000000, 0x00000000e8000000)
  eden space 87424K,   0% used [0x00000000e0000000, 0x00000000e0000000, 0x00000000e5560000)
  from space 21824K,   5% used [0x00000000e5560000, 0x00000000e56894f0, 0x00000000e6ab0000)
  to   space 21824K,   0% used [0x00000000e6ab0000, 0x00000000e6ab0000, 0x00000000e8000000)
 concurrent mark-sweep generation total 393216K, used 104486K [0x00000000e8000000, 0x0000000100000000, 0x0000000100000000)
 Metaspace       used 46558K, capacity 47068K, committed 47480K, reserved 1091584K
  class space    used 5097K, capacity 5223K, committed 5292K, reserved 1048576K
}
2016-06-21T09:17:24.899+0100: 1047.208: Total time for which application threads were stopped: 0.0034028 seconds, Stopping threads took: 0.0000264 seconds
2016-06-21T09:17:29.902+0100: 1052.210: Total time for which application threads were stopped: 0.0001611 seconds, Stopping threads took: 0.0000253 seconds
2016-06-21T09:17:30.427+0100: 1052.736: Total time for which application threads were stopped: 0.0001224 seconds, Stopping threads took: 0.0000261 seconds
2016-06-21T09:17:31.427+0100: 1053.736: Total time for which application threads were stopped: 0.0001220 seconds, Stopping threads took: 0.0000268 seconds
2016-06-21T09:17:32.428+0100: 1054.736: Total time for which application threads were stopped: 0.0001263 seconds, Stopping threads took: 0.0000272 seconds
2016-06-21T09:17:33.428+0100: 1055.737: Total time for which application threads were stopped: 0.0001551 seconds, Stopping threads took: 0.0000280 seconds
2016-06-21T09:17:35.429+0100: 1057.738: Total time for which application threads were stopped: 0.0001271 seconds, Stopping threads took: 0.0000292 seconds
2016-06-21T09:17:40.436+0100: 1062.744: Total time for which application threads were stopped: 0.0001236 seconds, Stopping threads took: 0.0000245 seconds
2016-06-21T09:17:42.436+0100: 1064.745: Total time for which application threads were stopped: 0.0001468 seconds, Stopping threads took: 0.0000300 seconds
2016-06-21T09:17:48.438+0100: 1070.746: Total time for which application threads were stopped: 0.0001232 seconds, Stopping threads took: 0.0000284 seconds
2016-06-21T09:17:52.441+0100: 1074.749: Total time for which application threads were stopped: 0.0001318 seconds, Stopping threads took: 0.0000288 seconds
{Heap before GC invocations=42 (full 2):
 par new generation   total 109248K, used 88613K [0x00000000e0000000, 0x00000000e8000000, 0x00000000e8000000)
  eden space 87424K, 100% used [0x00000000e0000000, 0x00000000e5560000, 0x00000000e5560000)
  from space 21824K,   5% used [0x00000000e5560000, 0x00000000e56894f0, 0x00000000e6ab0000)
  to   space 21824K,   0% used [0x00000000e6ab0000, 0x00000000e6ab0000, 0x00000000e8000000)
 concurrent mark-sweep generation total 393216K, used 104486K [0x00000000e8000000, 0x0000000100000000, 0x0000000100000000)
 Metaspace       used 46832K, capacity 47292K, committed 47736K, reserved 1091584K
  class space    used 5119K, capacity 5255K, committed 5292K, reserved 1048576K
2016-06-21T09:17:57.066+0100: 1079.374: [GC (Allocation Failure) 2016-06-21T09:17:57.066+0100: 1079.374: [ParNew
Desired survivor size 20112992 bytes, new threshold 8 (max 8)
- age   1:    3357456 bytes,    3357456 total
- age   2:      46656 bytes,    3404112 total
- age   3:      17256 bytes,    3421368 total
- age   4:      17496 bytes,    3438864 total
- age   5:      15664 bytes,    3454528 total
- age   6:      40936 bytes,    3495464 total
- age   7:     353592 bytes,    3849056 total
- age   8:      18544 bytes,    3867600 total
: 88613K->4066K(109248K), 0.0042361 secs] 193099K->108567K(502464K), 0.0043518 secs] [Times: user=0.00 sys=0.00, real=0.00 secs] 
Heap after GC invocations=43 (full 2):
 par new generation   total 109248K, used 4066K [0x00000000e0000000, 0x00000000e8000000, 0x00000000e8000000)
  eden space 87424K,   0% used [0x00000000e0000000, 0x00000000e0000000, 0x00000000e5560000)
  from space 21824K,  18% used [0x00000000e6ab0000, 0x00000000e6ea8868, 0x00000000e8000000)
  to   space 21824K,   0% used [0x00000000e5560000, 0x00000000e5560000, 0x00000000e6ab0000)
 concurrent mark-sweep generation total 393216K, used 104501K [0x00000000e8000000, 0x0000000100000000, 0x0000000100000000)
 Metaspace       used 46832K, capacity 47292K, committed 47736K, reserved 1091584K
  class space    used 5119K, capacity 5255K, committed 5292K, reserved 1048576K
}
2016-06-21T09:17:57.070+0100: 1079.379: Total time for which application threads were stopped: 0.0047233 seconds, Stopping threads took: 0.0000434 seconds
2016-06-21T09:17:57.071+0100: 1079.379: Total time for which application threads were stopped: 0.0001701 seconds, Stopping threads took: 0.0000414 seconds
2016-06-21T09:17:57.071+0100: 1079.379: Total time for which application threads were stopped: 0.0001074 seconds, Stopping threads took: 0.0000264 seconds
2016-06-21T09:17:57.071+0100: 1079.379: Total time for which application threads were stopped: 0.0001291 seconds, Stopping threads took: 0.0000371 seconds
{Heap before GC invocations=43 (full 2):
 par new generation   total 109248K, used 91490K [0x00000000e0000000, 0x00000000e8000000, 0x00000000e8000000)
  eden space 87424K, 100% used [0x00000000e0000000, 0x00000000e5560000, 0x00000000e5560000)
  from space 21824K,  18% used [0x00000000e6ab0000, 0x00000000e6ea8868, 0x00000000e8000000)
  to   space 21824K,   0% used [0x00000000e5560000, 0x00000000e5560000, 0x00000000e6ab0000)
 concurrent mark-sweep generation total 393216K, used 104501K [0x00000000e8000000, 0x0000000100000000, 0x0000000100000000)
 Metaspace       used 46832K, capacity 47292K, committed 47736K, reserved 1091584K
  class space    used 5119K, capacity 5255K, committed 5292K, reserved 1048576K
2016-06-21T09:17:57.461+0100: 1079.770: [GC (Allocation Failure) 2016-06-21T09:17:57.461+0100: 1079.770: [ParNew
Desired survivor size 20112992 bytes, new threshold 8 (max 8)
- age   1:    2033440 bytes,    2033440 total
- age   2:    2776504 bytes,    4809944 total
- age   3:      46656 bytes,    4856600 total
- age   4:      17256 bytes,    4873856 total
- age   5:      17496 bytes,    4891352 total
- age   6:      15688 bytes,    4907040 total
- age   7:      40976 bytes,    4948016 total
- age   8:     353592 bytes,    5301608 total
: 91490K->5708K(109248K), 0.0042476 secs] 195991K->110228K(502464K), 0.0043250 secs] [Times: user=0.00 sys=0.00, real=0.01 secs] 
Heap after GC invocations=44 (full 2):
 par new generation   total 109248K, used 5708K [0x00000000e0000000, 0x00000000e8000000, 0x00000000e8000000)
  eden space 87424K,   0% used [0x00000000e0000000, 0x00000000e0000000, 0x00000000e5560000)
  from space 21824K,  26% used [0x00000000e5560000, 0x00000000e5af33b8, 0x00000000e6ab0000)
  to   space 21824K,   0% used [0x00000000e6ab0000, 0x00000000e6ab0000, 0x00000000e8000000)
 concurrent mark-sweep generation total 393216K, used 104519K [0x00000000e8000000, 0x0000000100000000, 0x0000000100000000)
 Metaspace       used 46832K, capacity 47292K, committed 47736K, reserved 1091584K
  class space    used 5119K, capacity 5255K, committed 5292K, reserved 1048576K
}
2016-06-21T09:17:57.466+0100: 1079.774: Total time for which application threads were stopped: 0.0045871 seconds, Stopping threads took: 0.0000280 seconds
{Heap before GC invocations=44 (full 2):
 par new generation   total 109248K, used 93132K [0x00000000e0000000, 0x00000000e8000000, 0x00000000e8000000)
  eden space 87424K, 100% used [0x00000000e0000000, 0x00000000e5560000, 0x00000000e5560000)
  from space 21824K,  26% used [0x00000000e5560000, 0x00000000e5af33b8, 0x00000000e6ab0000)
  to   space 21824K,   0% used [0x00000000e6ab0000, 0x00000000e6ab0000, 0x00000000e8000000)
 concurrent mark-sweep generation total 393216K, used 104519K [0x00000000e8000000, 0x0000000100000000, 0x0000000100000000)
 Metaspace       used 46832K, capacity 47292K, committed 47736K, reserved 1091584K
  class space    used 5119K, capacity 5255K, committed 5292K, reserved 1048576K
2016-06-21T09:17:58.011+0100: 1080.320: [GC (Allocation Failure) 2016-06-21T09:17:58.011+0100: 1080.320: [ParNew
Desired survivor size 20112992 bytes, new threshold 8 (max 8)
- age   1:    2212824 bytes,    2212824 total
- age   2:     469512 bytes,    2682336 total
- age   3:    2770232 bytes,    5452568 total
- age   4:      46656 bytes,    5499224 total
- age   5:      17256 bytes,    5516480 total
- age   6:      17496 bytes,    5533976 total
- age   7:      15664 bytes,    5549640 total
- age   8:      40936 bytes,    5590576 total
: 93132K->7122K(109248K), 0.0041726 secs] 197652K->111988K(502464K), 0.0042602 secs] [Times: user=0.06 sys=0.00, real=0.01 secs] 
Heap after GC invocations=45 (full 2):
 par new generation   total 109248K, used 7122K [0x00000000e0000000, 0x00000000e8000000, 0x00000000e8000000)
  eden space 87424K,   0% used [0x00000000e0000000, 0x00000000e0000000, 0x00000000e5560000)
  from space 21824K,  32% used [0x00000000e6ab0000, 0x00000000e71a4be0, 0x00000000e8000000)
  to   space 21824K,   0% used [0x00000000e5560000, 0x00000000e5560000, 0x00000000e6ab0000)
 concurrent mark-sweep generation total 393216K, used 104865K [0x00000000e8000000, 0x0000000100000000, 0x0000000100000000)
 Metaspace       used 46832K, capacity 47292K, committed 47736K, reserved 1091584K
  class space    used 5119K, capacity 5255K, committed 5292K, reserved 1048576K
}
2016-06-21T09:17:58.016+0100: 1080.324: Total time for which application threads were stopped: 0.0045468 seconds, Stopping threads took: 0.0000383 seconds
2016-06-21T09:17:58.684+0100: 1080.993: Total time for which application threads were stopped: 0.0001342 seconds, Stopping threads took: 0.0000221 seconds
2016-06-21T09:17:58.688+0100: 1080.997: Total time for which application threads were stopped: 0.0001540 seconds, Stopping threads took: 0.0000233 seconds
{Heap before GC invocations=45 (full 2):
 par new generation   total 109248K, used 94544K [0x00000000e0000000, 0x00000000e8000000, 0x00000000e8000000)
  eden space 87424K,  99% used [0x00000000e0000000, 0x00000000e555f5c8, 0x00000000e5560000)
  from space 21824K,  32% used [0x00000000e6ab0000, 0x00000000e71a4be0, 0x00000000e8000000)
  to   space 21824K,   0% used [0x00000000e5560000, 0x00000000e5560000, 0x00000000e6ab0000)
 concurrent mark-sweep generation total 393216K, used 104865K [0x00000000e8000000, 0x0000000100000000, 0x0000000100000000)
 Metaspace       used 46834K, capacity 47292K, committed 47736K, reserved 1091584K
  class space    used 5119K, capacity 5255K, committed 5292K, reserved 1048576K
2016-06-21T09:17:59.587+0100: 1081.896: [GC (Allocation Failure) 2016-06-21T09:17:59.587+0100: 1081.896: [ParNew
Desired survivor size 20112992 bytes, new threshold 8 (max 8)
- age   1:     151976 bytes,     151976 total
- age   2:         32 bytes,     152008 total
- age   4:     154312 bytes,     306320 total
- age   5:      46656 bytes,     352976 total
- age   6:      17256 bytes,     370232 total
- age   7:      17472 bytes,     387704 total
- age   8:      15640 bytes,     403344 total
: 94544K->2471K(109248K), 0.0033018 secs] 199409K->107377K(502464K), 0.0033843 secs] [Times: user=0.00 sys=0.00, real=0.00 secs] 
Heap after GC invocations=46 (full 2):
 par new generation   total 109248K, used 2471K [0x00000000e0000000, 0x00000000e8000000, 0x00000000e8000000)
  eden space 87424K,   0% used [0x00000000e0000000, 0x00000000e0000000, 0x00000000e5560000)
  from space 21824K,  11% used [0x00000000e5560000, 0x00000000e57c9f40, 0x00000000e6ab0000)
  to   space 21824K,   0% used [0x00000000e6ab0000, 0x00000000e6ab0000, 0x00000000e8000000)
 concurrent mark-sweep generation total 393216K, used 104906K [0x00000000e8000000, 0x0000000100000000, 0x0000000100000000)
 Metaspace       used 46834K, capacity 47292K, committed 47736K, reserved 1091584K
  class space    used 5119K, capacity 5255K, committed 5292K, reserved 1048576K
}
2016-06-21T09:17:59.591+0100: 1081.899: Total time for which application threads were stopped: 0.0036401 seconds, Stopping threads took: 0.0000312 seconds
2016-06-21T09:18:01.591+0100: 1083.899: Total time for which application threads were stopped: 0.0001054 seconds, Stopping threads took: 0.0000268 seconds
2016-06-21T09:18:01.708+0100: 1084.017: Total time for which application threads were stopped: 0.0001026 seconds, Stopping threads took: 0.0000217 seconds
2016-06-21T09:18:01.708+0100: 1084.017: Total time for which application threads were stopped: 0.0000533 seconds, Stopping threads took: 0.0000103 seconds
2016-06-21T09:18:02.709+0100: 1085.017: Total time for which application threads were stopped: 0.0001303 seconds, Stopping threads took: 0.0000261 seconds
{Heap before GC invocations=46 (full 2):
 par new generation   total 109248K, used 89895K [0x00000000e0000000, 0x00000000e8000000, 0x00000000e8000000)
  eden space 87424K, 100% used [0x00000000e0000000, 0x00000000e5560000, 0x00000000e5560000)
  from space 21824K,  11% used [0x00000000e5560000, 0x00000000e57c9f40, 0x00000000e6ab0000)
  to   space 21824K,   0% used [0x00000000e6ab0000, 0x00000000e6ab0000, 0x00000000e8000000)
 concurrent mark-sweep generation total 393216K, used 104906K [0x00000000e8000000, 0x0000000100000000, 0x0000000100000000)
 Metaspace       used 46873K, capacity 47356K, committed 47736K, reserved 1091584K
  class space    used 5125K, capacity 5255K, committed 5292K, reserved 1048576K
2016-06-21T09:18:08.684+0100: 1090.993: [GC (Allocation Failure) 2016-06-21T09:18:08.684+0100: 1090.993: [ParNew
Desired survivor size 20112992 bytes, new threshold 8 (max 8)
- age   1:     317376 bytes,     317376 total
- age   2:       1048 bytes,     318424 total
- age   5:     109992 bytes,     428416 total
- age   6:      46248 bytes,     474664 total
- age   7:      16896 bytes,     491560 total
- age   8:      17136 bytes,     508696 total
: 89895K->825K(109248K), 0.0029334 secs] 194801K->105746K(502464K), 0.0030132 secs] [Times: user=0.02 sys=0.00, real=0.00 secs] 
Heap after GC invocations=47 (full 2):
 par new generation   total 109248K, used 825K [0x00000000e0000000, 0x00000000e8000000, 0x00000000e8000000)
  eden space 87424K,   0% used [0x00000000e0000000, 0x00000000e0000000, 0x00000000e5560000)
  from space 21824K,   3% used [0x00000000e6ab0000, 0x00000000e6b7e4a0, 0x00000000e8000000)
  to   space 21824K,   0% used [0x00000000e5560000, 0x00000000e5560000, 0x00000000e6ab0000)
 concurrent mark-sweep generation total 393216K, used 104921K [0x00000000e8000000, 0x0000000100000000, 0x0000000100000000)
 Metaspace       used 46873K, capacity 47356K, committed 47736K, reserved 1091584K
  class space    used 5125K, capacity 5255K, committed 5292K, reserved 1048576K
}
2016-06-21T09:18:08.687+0100: 1090.996: Total time for which application threads were stopped: 0.0032646 seconds, Stopping threads took: 0.0000245 seconds
2016-06-21T09:18:09.688+0100: 1091.996: Total time for which application threads were stopped: 0.0000833 seconds, Stopping threads took: 0.0000237 seconds
{Heap before GC invocations=47 (full 2):
 par new generation   total 109248K, used 88249K [0x00000000e0000000, 0x00000000e8000000, 0x00000000e8000000)
  eden space 87424K, 100% used [0x00000000e0000000, 0x00000000e5560000, 0x00000000e5560000)
  from space 21824K,   3% used [0x00000000e6ab0000, 0x00000000e6b7e4a0, 0x00000000e8000000)
  to   space 21824K,   0% used [0x00000000e5560000, 0x00000000e5560000, 0x00000000e6ab0000)
 concurrent mark-sweep generation total 393216K, used 104921K [0x00000000e8000000, 0x0000000100000000, 0x0000000100000000)
 Metaspace       used 46873K, capacity 47356K, committed 47736K, reserved 1091584K
  class space    used 5125K, capacity 5255K, committed 5292K, reserved 1048576K
2016-06-21T09:18:10.579+0100: 1092.887: [GC (Allocation Failure) 2016-06-21T09:18:10.579+0100: 1092.887: [ParNew
Desired survivor size 20112992 bytes, new threshold 8 (max 8)
- age   1:     317184 bytes,     317184 total
- age   2:      27752 bytes,     344936 total
- age   3:       1048 bytes,     345984 total
- age   6:     109920 bytes,     455904 total
- age   7:      45688 bytes,     501592 total
- age   8:      16464 bytes,     518056 total
: 88249K->650K(109248K), 0.0033870 secs] 193170K->105588K(502464K), 0.0035047 secs] [Times: user=0.00 sys=0.00, real=0.00 secs] 
Heap after GC invocations=48 (full 2):
 par new generation   total 109248K, used 650K [0x00000000e0000000, 0x00000000e8000000, 0x00000000e8000000)
  eden space 87424K,   0% used [0x00000000e0000000, 0x00000000e0000000, 0x00000000e5560000)
  from space 21824K,   2% used [0x00000000e5560000, 0x00000000e5602af8, 0x00000000e6ab0000)
  to   space 21824K,   0% used [0x00000000e6ab0000, 0x00000000e6ab0000, 0x00000000e8000000)
 concurrent mark-sweep generation total 393216K, used 104937K [0x00000000e8000000, 0x0000000100000000, 0x0000000100000000)
 Metaspace       used 46873K, capacity 47356K, committed 47736K, reserved 1091584K
  class space    used 5125K, capacity 5255K, committed 5292K, reserved 1048576K
}
2016-06-21T09:18:10.582+0100: 1092.891: Total time for which application threads were stopped: 0.0038035 seconds, Stopping threads took: 0.0000312 seconds
2016-06-21T09:18:11.583+0100: 1093.891: Total time for which application threads were stopped: 0.0001326 seconds, Stopping threads took: 0.0000296 seconds
2016-06-21T09:18:11.635+0100: 1093.944: Total time for which application threads were stopped: 0.0001121 seconds, Stopping threads took: 0.0000343 seconds
2016-06-21T09:18:12.637+0100: 1094.945: Total time for which application threads were stopped: 0.0001488 seconds, Stopping threads took: 0.0000304 seconds
2016-06-21T09:18:13.637+0100: 1095.945: Total time for which application threads were stopped: 0.0000979 seconds, Stopping threads took: 0.0000264 seconds
{Heap before GC invocations=48 (full 2):
 par new generation   total 109248K, used 88074K [0x00000000e0000000, 0x00000000e8000000, 0x00000000e8000000)
  eden space 87424K, 100% used [0x00000000e0000000, 0x00000000e5560000, 0x00000000e5560000)
  from space 21824K,   2% used [0x00000000e5560000, 0x00000000e5602af8, 0x00000000e6ab0000)
  to   space 21824K,   0% used [0x00000000e6ab0000, 0x00000000e6ab0000, 0x00000000e8000000)
 concurrent mark-sweep generation total 393216K, used 104937K [0x00000000e8000000, 0x0000000100000000, 0x0000000100000000)
 Metaspace       used 47042K, capacity 47558K, committed 47736K, reserved 1091584K
  class space    used 5147K, capacity 5278K, committed 5292K, reserved 1048576K
2016-06-21T09:18:17.039+0100: 1099.347: [GC (Allocation Failure) 2016-06-21T09:18:17.039+0100: 1099.347: [ParNew
Desired survivor size 20112992 bytes, new threshold 8 (max 8)
- age   1:    1327328 bytes,    1327328 total
- age   2:      23040 bytes,    1350368 total
- age   3:      25456 bytes,    1375824 total
- age   4:       1048 bytes,    1376872 total
- age   7:     109872 bytes,    1486744 total
- age   8:      45280 bytes,    1532024 total
: 88074K->1645K(109248K), 0.0035232 secs] 193012K->106598K(502464K), 0.0036010 secs] [Times: user=0.00 sys=0.00, real=0.00 secs] 
Heap after GC invocations=49 (full 2):
 par new generation   total 109248K, used 1645K [0x00000000e0000000, 0x00000000e8000000, 0x00000000e8000000)
  eden space 87424K,   0% used [0x00000000e0000000, 0x00000000e0000000, 0x00000000e5560000)
  from space 21824K,   7% used [0x00000000e6ab0000, 0x00000000e6c4b500, 0x00000000e8000000)
  to   space 21824K,   0% used [0x00000000e5560000, 0x00000000e5560000, 0x00000000e6ab0000)
 concurrent mark-sweep generation total 393216K, used 104953K [0x00000000e8000000, 0x0000000100000000, 0x0000000100000000)
 Metaspace       used 47042K, capacity 47558K, committed 47736K, reserved 1091584K
  class space    used 5147K, capacity 5278K, committed 5292K, reserved 1048576K
}
2016-06-21T09:18:17.042+0100: 1099.351: Total time for which application threads were stopped: 0.0038888 seconds, Stopping threads took: 0.0000379 seconds
2016-06-21T09:18:17.043+0100: 1099.351: Total time for which application threads were stopped: 0.0001180 seconds, Stopping threads took: 0.0000308 seconds
2016-06-21T09:18:17.357+0100: 1099.666: Total time for which application threads were stopped: 0.0001796 seconds, Stopping threads took: 0.0000347 seconds
2016-06-21T09:18:18.358+0100: 1100.666: Total time for which application threads were stopped: 0.0001129 seconds, Stopping threads took: 0.0000339 seconds
2016-06-21T09:18:19.358+0100: 1101.666: Total time for which application threads were stopped: 0.0001003 seconds, Stopping threads took: 0.0000284 seconds
{Heap before GC invocations=49 (full 2):
 par new generation   total 109248K, used 89069K [0x00000000e0000000, 0x00000000e8000000, 0x00000000e8000000)
  eden space 87424K, 100% used [0x00000000e0000000, 0x00000000e5560000, 0x00000000e5560000)
  from space 21824K,   7% used [0x00000000e6ab0000, 0x00000000e6c4b500, 0x00000000e8000000)
  to   space 21824K,   0% used [0x00000000e5560000, 0x00000000e5560000, 0x00000000e6ab0000)
 concurrent mark-sweep generation total 393216K, used 104953K [0x00000000e8000000, 0x0000000100000000, 0x0000000100000000)
 Metaspace       used 47069K, capacity 47558K, committed 47736K, reserved 1091584K
  class space    used 5148K, capacity 5278K, committed 5292K, reserved 1048576K
2016-06-21T09:18:19.642+0100: 1101.950: [GC (Allocation Failure) 2016-06-21T09:18:19.642+0100: 1101.950: [ParNew
Desired survivor size 20112992 bytes, new threshold 8 (max 8)
- age   1:    1164936 bytes,    1164936 total
- age   2:     347728 bytes,    1512664 total
- age   3:      23040 bytes,    1535704 total
- age   4:      25224 bytes,    1560928 total
- age   5:       1024 bytes,    1561952 total
- age   8:     109872 bytes,    1671824 total
: 89069K->2502K(109248K), 0.0034960 secs] 194022K->107500K(502464K), 0.0035753 secs] [Times: user=0.00 sys=0.00, real=0.00 secs] 
Heap after GC invocations=50 (full 2):
 par new generation   total 109248K, used 2502K [0x00000000e0000000, 0x00000000e8000000, 0x00000000e8000000)
  eden space 87424K,   0% used [0x00000000e0000000, 0x00000000e0000000, 0x00000000e5560000)
  from space 21824K,  11% used [0x00000000e5560000, 0x00000000e57d18a0, 0x00000000e6ab0000)
  to   space 21824K,   0% used [0x00000000e6ab0000, 0x00000000e6ab0000, 0x00000000e8000000)
 concurrent mark-sweep generation total 393216K, used 104998K [0x00000000e8000000, 0x0000000100000000, 0x0000000100000000)
 Metaspace       used 47069K, capacity 47558K, committed 47736K, reserved 1091584K
  class space    used 5148K, capacity 5278K, committed 5292K, reserved 1048576K
}
2016-06-21T09:18:19.645+0100: 1101.953: Total time for which application threads were stopped: 0.0038047 seconds, Stopping threads took: 0.0000292 seconds
2016-06-21T09:18:19.728+0100: 1102.037: Total time for which application threads were stopped: 0.0001646 seconds, Stopping threads took: 0.0000193 seconds
2016-06-21T09:18:19.729+0100: 1102.037: Total time for which application threads were stopped: 0.0001062 seconds, Stopping threads took: 0.0000111 seconds
2016-06-21T09:18:19.759+0100: 1102.067: Total time for which application threads were stopped: 0.0001930 seconds, Stopping threads took: 0.0000280 seconds
2016-06-21T09:18:20.759+0100: 1103.067: Total time for which application threads were stopped: 0.0000983 seconds, Stopping threads took: 0.0000268 seconds
2016-06-21T09:18:21.759+0100: 1104.068: Total time for which application threads were stopped: 0.0001267 seconds, Stopping threads took: 0.0000336 seconds
2016-06-21T09:18:22.430+0100: 1104.738: Total time for which application threads were stopped: 0.0002424 seconds, Stopping threads took: 0.0000253 seconds
2016-06-21T09:18:22.430+0100: 1104.739: Total time for which application threads were stopped: 0.0001650 seconds, Stopping threads took: 0.0000170 seconds
{Heap before GC invocations=50 (full 2):
 par new generation   total 109248K, used 89926K [0x00000000e0000000, 0x00000000e8000000, 0x00000000e8000000)
  eden space 87424K, 100% used [0x00000000e0000000, 0x00000000e5560000, 0x00000000e5560000)
  from space 21824K,  11% used [0x00000000e5560000, 0x00000000e57d18a0, 0x00000000e6ab0000)
  to   space 21824K,   0% used [0x00000000e6ab0000, 0x00000000e6ab0000, 0x00000000e8000000)
 concurrent mark-sweep generation total 393216K, used 104998K [0x00000000e8000000, 0x0000000100000000, 0x0000000100000000)
 Metaspace       used 47109K, capacity 47628K, committed 47992K, reserved 1091584K
  class space    used 5148K, capacity 5279K, committed 5292K, reserved 1048576K
2016-06-21T09:18:23.168+0100: 1105.477: [GC (Allocation Failure) 2016-06-21T09:18:23.168+0100: 1105.477: [ParNew
Desired survivor size 20112992 bytes, new threshold 8 (max 8)
- age   1:    1312408 bytes,    1312408 total
- age   2:     315296 bytes,    1627704 total
- age   3:     126408 bytes,    1754112 total
- age   4:      22968 bytes,    1777080 total
- age   5:      25104 bytes,    1802184 total
- age   6:       1000 bytes,    1803184 total
: 89926K->2082K(109248K), 0.0034676 secs] 194924K->107189K(502464K), 0.0035536 secs] [Times: user=0.06 sys=0.00, real=0.00 secs] 
Heap after GC invocations=51 (full 2):
 par new generation   total 109248K, used 2082K [0x00000000e0000000, 0x00000000e8000000, 0x00000000e8000000)
  eden space 87424K,   0% used [0x00000000e0000000, 0x00000000e0000000, 0x00000000e5560000)
  from space 21824K,   9% used [0x00000000e6ab0000, 0x00000000e6cb8af0, 0x00000000e8000000)
  to   space 21824K,   0% used [0x00000000e5560000, 0x00000000e5560000, 0x00000000e6ab0000)
 concurrent mark-sweep generation total 393216K, used 105107K [0x00000000e8000000, 0x0000000100000000, 0x0000000100000000)
 Metaspace       used 47109K, capacity 47628K, committed 47992K, reserved 1091584K
  class space    used 5148K, capacity 5279K, committed 5292K, reserved 1048576K
}
2016-06-21T09:18:23.172+0100: 1105.480: Total time for which application threads were stopped: 0.0038299 seconds, Stopping threads took: 0.0000316 seconds
2016-06-21T09:18:23.173+0100: 1105.482: Total time for which application threads were stopped: 0.0001299 seconds, Stopping threads took: 0.0000371 seconds
2016-06-21T09:18:23.174+0100: 1105.482: Total time for which application threads were stopped: 0.0000722 seconds, Stopping threads took: 0.0000221 seconds
2016-06-21T09:18:23.174+0100: 1105.482: Total time for which application threads were stopped: 0.0000734 seconds, Stopping threads took: 0.0000134 seconds
2016-06-21T09:18:23.174+0100: 1105.483: Total time for which application threads were stopped: 0.0002049 seconds, Stopping threads took: 0.0000229 seconds
2016-06-21T09:18:24.175+0100: 1106.483: Total time for which application threads were stopped: 0.0000809 seconds, Stopping threads took: 0.0000229 seconds
2016-06-21T09:18:25.175+0100: 1107.484: Total time for which application threads were stopped: 0.0001765 seconds, Stopping threads took: 0.0000651 seconds
2016-06-21T09:19:48.217+0100: 1190.526: Total time for which application threads were stopped: 0.0001405 seconds, Stopping threads took: 0.0000458 seconds
2016-06-21T09:20:38.011+0100: 1240.320: Total time for which application threads were stopped: 0.0001157 seconds, Stopping threads took: 0.0000300 seconds
2016-06-21T09:20:38.071+0100: 1240.380: Total time for which application threads were stopped: 0.0001247 seconds, Stopping threads took: 0.0000450 seconds
2016-06-21T09:20:39.072+0100: 1241.381: Total time for which application threads were stopped: 0.0001188 seconds, Stopping threads took: 0.0000308 seconds
2016-06-21T09:20:40.073+0100: 1242.381: Total time for which application threads were stopped: 0.0001354 seconds, Stopping threads took: 0.0000332 seconds
{Heap before GC invocations=51 (full 2):
 par new generation   total 109248K, used 89506K [0x00000000e0000000, 0x00000000e8000000, 0x00000000e8000000)
  eden space 87424K, 100% used [0x00000000e0000000, 0x00000000e5560000, 0x00000000e5560000)
  from space 21824K,   9% used [0x00000000e6ab0000, 0x00000000e6cb8af0, 0x00000000e8000000)
  to   space 21824K,   0% used [0x00000000e5560000, 0x00000000e5560000, 0x00000000e6ab0000)
 concurrent mark-sweep generation total 393216K, used 105107K [0x00000000e8000000, 0x0000000100000000, 0x0000000100000000)
 Metaspace       used 47411K, capacity 47948K, committed 48376K, reserved 1091584K
  class space    used 5188K, capacity 5343K, committed 5420K, reserved 1048576K
2016-06-21T09:20:40.977+0100: 1243.285: [GC (Allocation Failure) 2016-06-21T09:20:40.977+0100: 1243.285: [ParNew
Desired survivor size 20112992 bytes, new threshold 8 (max 8)
- age   1:    1933024 bytes,    1933024 total
- age   2:     333936 bytes,    2266960 total
- age   3:     314904 bytes,    2581864 total
- age   4:     123280 bytes,    2705144 total
- age   5:      22576 bytes,    2727720 total
- age   6:      24808 bytes,    2752528 total
- age   7:       1000 bytes,    2753528 total
: 89506K->3370K(109248K), 0.0039168 secs] 194613K->108477K(502464K), 0.0040194 secs] [Times: user=0.00 sys=0.00, real=0.00 secs] 
Heap after GC invocations=52 (full 2):
 par new generation   total 109248K, used 3370K [0x00000000e0000000, 0x00000000e8000000, 0x00000000e8000000)
  eden space 87424K,   0% used [0x00000000e0000000, 0x00000000e0000000, 0x00000000e5560000)
  from space 21824K,  15% used [0x00000000e5560000, 0x00000000e58aa890, 0x00000000e6ab0000)
  to   space 21824K,   0% used [0x00000000e6ab0000, 0x00000000e6ab0000, 0x00000000e8000000)
 concurrent mark-sweep generation total 393216K, used 105107K [0x00000000e8000000, 0x0000000100000000, 0x0000000100000000)
 Metaspace       used 47411K, capacity 47948K, committed 48376K, reserved 1091584K
  class space    used 5188K, capacity 5343K, committed 5420K, reserved 1048576K
}
2016-06-21T09:20:40.981+0100: 1243.289: Total time for which application threads were stopped: 0.0042863 seconds, Stopping threads took: 0.0000261 seconds
2016-06-21T09:20:40.981+0100: 1243.290: Total time for which application threads were stopped: 0.0001378 seconds, Stopping threads took: 0.0000478 seconds
2016-06-21T09:20:40.981+0100: 1243.290: Total time for which application threads were stopped: 0.0000876 seconds, Stopping threads took: 0.0000276 seconds
2016-06-21T09:20:41.982+0100: 1244.291: Total time for which application threads were stopped: 0.0000943 seconds, Stopping threads took: 0.0000280 seconds
2016-06-21T09:20:42.983+0100: 1245.291: Total time for which application threads were stopped: 0.0000857 seconds, Stopping threads took: 0.0000261 seconds
2016-06-21T09:20:43.983+0100: 1246.291: Total time for which application threads were stopped: 0.0001117 seconds, Stopping threads took: 0.0000288 seconds
{Heap before GC invocations=52 (full 2):
 par new generation   total 109248K, used 90794K [0x00000000e0000000, 0x00000000e8000000, 0x00000000e8000000)
  eden space 87424K, 100% used [0x00000000e0000000, 0x00000000e5560000, 0x00000000e5560000)
  from space 21824K,  15% used [0x00000000e5560000, 0x00000000e58aa890, 0x00000000e6ab0000)
  to   space 21824K,   0% used [0x00000000e6ab0000, 0x00000000e6ab0000, 0x00000000e8000000)
 concurrent mark-sweep generation total 393216K, used 105107K [0x00000000e8000000, 0x0000000100000000, 0x0000000100000000)
 Metaspace       used 47450K, capacity 47948K, committed 48376K, reserved 1091584K
  class space    used 5188K, capacity 5343K, committed 5420K, reserved 1048576K
2016-06-21T09:20:44.482+0100: 1246.791: [GC (Allocation Failure) 2016-06-21T09:20:44.482+0100: 1246.791: [ParNew
Desired survivor size 20112992 bytes, new threshold 8 (max 8)
- age   1:     829856 bytes,     829856 total
- age   2:     322288 bytes,    1152144 total
- age   3:     330040 bytes,    1482184 total
- age   4:     314904 bytes,    1797088 total
- age   5:     123208 bytes,    1920296 total
- age   6:      22384 bytes,    1942680 total
- age   7:      24640 bytes,    1967320 total
- age   8:        976 bytes,    1968296 total
: 90794K->3421K(109248K), 0.0037553 secs] 195901K->108528K(502464K), 0.0038363 secs] [Times: user=0.06 sys=0.00, real=0.00 secs] 
Heap after GC invocations=53 (full 2):
 par new generation   total 109248K, used 3421K [0x00000000e0000000, 0x00000000e8000000, 0x00000000e8000000)
  eden space 87424K,   0% used [0x00000000e0000000, 0x00000000e0000000, 0x00000000e5560000)
  from space 21824K,  15% used [0x00000000e6ab0000, 0x00000000e6e075a0, 0x00000000e8000000)
  to   space 21824K,   0% used [0x00000000e5560000, 0x00000000e5560000, 0x00000000e6ab0000)
 concurrent mark-sweep generation total 393216K, used 105107K [0x00000000e8000000, 0x0000000100000000, 0x0000000100000000)
 Metaspace       used 47450K, capacity 47948K, committed 48376K, reserved 1091584K
  class space    used 5188K, capacity 5343K, committed 5420K, reserved 1048576K
}
2016-06-21T09:20:44.486+0100: 1246.795: Total time for which application threads were stopped: 0.0041118 seconds, Stopping threads took: 0.0000351 seconds
2016-06-21T09:20:44.487+0100: 1246.796: Total time for which application threads were stopped: 0.0001780 seconds, Stopping threads took: 0.0000857 seconds
2016-06-21T09:20:44.487+0100: 1246.796: Total time for which application threads were stopped: 0.0001026 seconds, Stopping threads took: 0.0000213 seconds
2016-06-21T09:20:44.487+0100: 1246.796: Total time for which application threads were stopped: 0.0001382 seconds, Stopping threads took: 0.0000237 seconds
2016-06-21T09:20:46.488+0100: 1248.796: Total time for which application threads were stopped: 0.0000825 seconds, Stopping threads took: 0.0000229 seconds
2016-06-21T09:20:47.489+0100: 1249.797: Total time for which application threads were stopped: 0.0001228 seconds, Stopping threads took: 0.0000568 seconds
2016-06-21T09:20:53.492+0100: 1255.800: Total time for which application threads were stopped: 0.0000983 seconds, Stopping threads took: 0.0000292 seconds
2016-06-21T09:20:54.492+0100: 1256.801: Total time for which application threads were stopped: 0.0001607 seconds, Stopping threads took: 0.0000541 seconds
{Heap before GC invocations=53 (full 2):
 par new generation   total 109248K, used 90845K [0x00000000e0000000, 0x00000000e8000000, 0x00000000e8000000)
  eden space 87424K, 100% used [0x00000000e0000000, 0x00000000e5560000, 0x00000000e5560000)
  from space 21824K,  15% used [0x00000000e6ab0000, 0x00000000e6e075a0, 0x00000000e8000000)
  to   space 21824K,   0% used [0x00000000e5560000, 0x00000000e5560000, 0x00000000e6ab0000)
 concurrent mark-sweep generation total 393216K, used 105107K [0x00000000e8000000, 0x0000000100000000, 0x0000000100000000)
 Metaspace       used 47467K, capacity 48012K, committed 48376K, reserved 1091584K
  class space    used 5188K, capacity 5343K, committed 5420K, reserved 1048576K
2016-06-21T09:20:54.872+0100: 1257.180: [GC (Allocation Failure) 2016-06-21T09:20:54.872+0100: 1257.180: [ParNew
Desired survivor size 20112992 bytes, new threshold 8 (max 8)
- age   1:    1076248 bytes,    1076248 total
- age   2:     133912 bytes,    1210160 total
- age   3:     318048 bytes,    1528208 total
- age   4:     329992 bytes,    1858200 total
- age   5:     241216 bytes,    2099416 total
- age   6:     123112 bytes,    2222528 total
- age   7:      22336 bytes,    2244864 total
- age   8:      24592 bytes,    2269456 total
: 90845K->2953K(109248K), 0.0045223 secs] 195952K->108061K(502464K), 0.0046187 secs] [Times: user=0.06 sys=0.00, real=0.00 secs] 
Heap after GC invocations=54 (full 2):
 par new generation   total 109248K, used 2953K [0x00000000e0000000, 0x00000000e8000000, 0x00000000e8000000)
  eden space 87424K,   0% used [0x00000000e0000000, 0x00000000e0000000, 0x00000000e5560000)
  from space 21824K,  13% used [0x00000000e5560000, 0x00000000e5842650, 0x00000000e6ab0000)
  to   space 21824K,   0% used [0x00000000e6ab0000, 0x00000000e6ab0000, 0x00000000e8000000)
 concurrent mark-sweep generation total 393216K, used 105107K [0x00000000e8000000, 0x0000000100000000, 0x0000000100000000)
 Metaspace       used 47467K, capacity 48012K, committed 48376K, reserved 1091584K
  class space    used 5188K, capacity 5343K, committed 5420K, reserved 1048576K
}
2016-06-21T09:20:54.877+0100: 1257.185: Total time for which application threads were stopped: 0.0048650 seconds, Stopping threads took: 0.0000284 seconds
2016-06-21T09:20:54.877+0100: 1257.185: Total time for which application threads were stopped: 0.0001232 seconds, Stopping threads took: 0.0000446 seconds
2016-06-21T09:20:54.877+0100: 1257.186: Total time for which application threads were stopped: 0.0000663 seconds, Stopping threads took: 0.0000292 seconds
2016-06-21T09:20:55.877+0100: 1258.185: Total time for which application threads were stopped: 0.0000845 seconds, Stopping threads took: 0.0000276 seconds
2016-06-21T09:20:56.877+0100: 1259.186: Total time for which application threads were stopped: 0.0000928 seconds, Stopping threads took: 0.0000284 seconds
2016-06-21T09:21:03.882+0100: 1266.191: Total time for which application threads were stopped: 0.0007777 seconds, Stopping threads took: 0.0006806 seconds
{Heap before GC invocations=54 (full 2):
 par new generation   total 109248K, used 90377K [0x00000000e0000000, 0x00000000e8000000, 0x00000000e8000000)
  eden space 87424K, 100% used [0x00000000e0000000, 0x00000000e5560000, 0x00000000e5560000)
  from space 21824K,  13% used [0x00000000e5560000, 0x00000000e5842650, 0x00000000e6ab0000)
  to   space 21824K,   0% used [0x00000000e6ab0000, 0x00000000e6ab0000, 0x00000000e8000000)
 concurrent mark-sweep generation total 393216K, used 105107K [0x00000000e8000000, 0x0000000100000000, 0x0000000100000000)
 Metaspace       used 47680K, capacity 48204K, committed 48632K, reserved 1093632K
  class space    used 5210K, capacity 5343K, committed 5420K, reserved 1048576K
2016-06-21T09:21:04.375+0100: 1266.683: [GC (Allocation Failure) 2016-06-21T09:21:04.375+0100: 1266.683: [ParNew
Desired survivor size 20112992 bytes, new threshold 1 (max 8)
- age   1:   20442712 bytes,   20442712 total
- age   2:     215960 bytes,   20658672 total
- age   3:      32648 bytes,   20691320 total
- age   4:     317896 bytes,   21009216 total
- age   5:     329968 bytes,   21339184 total
- age   6:     238424 bytes,   21577608 total
- age   7:     123088 bytes,   21700696 total
- age   8:      22288 bytes,   21722984 total
: 90377K->21824K(109248K), 0.0159514 secs] 195485K->132486K(502464K), 0.0160276 secs] [Times: user=0.05 sys=0.00, real=0.02 secs] 
Heap after GC invocations=55 (full 2):
 par new generation   total 109248K, used 21824K [0x00000000e0000000, 0x00000000e8000000, 0x00000000e8000000)
  eden space 87424K,   0% used [0x00000000e0000000, 0x00000000e0000000, 0x00000000e5560000)
  from space 21824K, 100% used [0x00000000e6ab0000, 0x00000000e8000000, 0x00000000e8000000)
  to   space 21824K,   0% used [0x00000000e5560000, 0x00000000e5560000, 0x00000000e6ab0000)
 concurrent mark-sweep generation total 393216K, used 110662K [0x00000000e8000000, 0x0000000100000000, 0x0000000100000000)
 Metaspace       used 47680K, capacity 48204K, committed 48632K, reserved 1093632K
  class space    used 5210K, capacity 5343K, committed 5420K, reserved 1048576K
}
2016-06-21T09:21:04.391+0100: 1266.699: Total time for which application threads were stopped: 0.0163256 seconds, Stopping threads took: 0.0000363 seconds
{Heap before GC invocations=55 (full 2):
 par new generation   total 109248K, used 109248K [0x00000000e0000000, 0x00000000e8000000, 0x00000000e8000000)
  eden space 87424K, 100% used [0x00000000e0000000, 0x00000000e5560000, 0x00000000e5560000)
  from space 21824K, 100% used [0x00000000e6ab0000, 0x00000000e8000000, 0x00000000e8000000)
  to   space 21824K,   0% used [0x00000000e5560000, 0x00000000e5560000, 0x00000000e6ab0000)
 concurrent mark-sweep generation total 393216K, used 110662K [0x00000000e8000000, 0x0000000100000000, 0x0000000100000000)
 Metaspace       used 47743K, capacity 48204K, committed 48632K, reserved 1093632K
  class space    used 5211K, capacity 5343K, committed 5420K, reserved 1048576K
2016-06-21T09:21:05.113+0100: 1267.421: [GC (Allocation Failure) 2016-06-21T09:21:05.113+0100: 1267.421: [ParNew
Desired survivor size 20112992 bytes, new threshold 8 (max 8)
- age   1:    1032768 bytes,    1032768 total
: 109248K->16081K(109248K), 0.0230061 secs] 219910K->147734K(502464K), 0.0230937 secs] [Times: user=0.05 sys=0.00, real=0.02 secs] 
Heap after GC invocations=56 (full 2):
 par new generation   total 109248K, used 16081K [0x00000000e0000000, 0x00000000e8000000, 0x00000000e8000000)
  eden space 87424K,   0% used [0x00000000e0000000, 0x00000000e0000000, 0x00000000e5560000)
  from space 21824K,  73% used [0x00000000e5560000, 0x00000000e6514740, 0x00000000e6ab0000)
  to   space 21824K,   0% used [0x00000000e6ab0000, 0x00000000e6ab0000, 0x00000000e8000000)
 concurrent mark-sweep generation total 393216K, used 131652K [0x00000000e8000000, 0x0000000100000000, 0x0000000100000000)
 Metaspace       used 47743K, capacity 48204K, committed 48632K, reserved 1093632K
  class space    used 5211K, capacity 5343K, committed 5420K, reserved 1048576K
}
2016-06-21T09:21:05.136+0100: 1267.445: Total time for which application threads were stopped: 0.0233708 seconds, Stopping threads took: 0.0000347 seconds
{Heap before GC invocations=56 (full 2):
 par new generation   total 109248K, used 103505K [0x00000000e0000000, 0x00000000e8000000, 0x00000000e8000000)
  eden space 87424K, 100% used [0x00000000e0000000, 0x00000000e5560000, 0x00000000e5560000)
  from space 21824K,  73% used [0x00000000e5560000, 0x00000000e6514740, 0x00000000e6ab0000)
  to   space 21824K,   0% used [0x00000000e6ab0000, 0x00000000e6ab0000, 0x00000000e8000000)
 concurrent mark-sweep generation total 393216K, used 131652K [0x00000000e8000000, 0x0000000100000000, 0x0000000100000000)
 Metaspace       used 47765K, capacity 48332K, committed 48632K, reserved 1093632K
  class space    used 5211K, capacity 5343K, committed 5420K, reserved 1048576K
2016-06-21T09:21:05.671+0100: 1267.980: [GC (Allocation Failure) 2016-06-21T09:21:05.671+0100: 1267.980: [ParNew
Desired survivor size 20112992 bytes, new threshold 8 (max 8)
- age   1:    1374960 bytes,    1374960 total
- age   2:     614904 bytes,    1989864 total
: 103505K->4115K(109248K), 0.0034727 secs] 235158K->135767K(502464K), 0.0035591 secs] [Times: user=0.00 sys=0.00, real=0.00 secs] 
Heap after GC invocations=57 (full 2):
 par new generation   total 109248K, used 4115K [0x00000000e0000000, 0x00000000e8000000, 0x00000000e8000000)
  eden space 87424K,   0% used [0x00000000e0000000, 0x00000000e0000000, 0x00000000e5560000)
  from space 21824K,  18% used [0x00000000e6ab0000, 0x00000000e6eb4c00, 0x00000000e8000000)
  to   space 21824K,   0% used [0x00000000e5560000, 0x00000000e5560000, 0x00000000e6ab0000)
 concurrent mark-sweep generation total 393216K, used 131652K [0x00000000e8000000, 0x0000000100000000, 0x0000000100000000)
 Metaspace       used 47765K, capacity 48332K, committed 48632K, reserved 1093632K
  class space    used 5211K, capacity 5343K, committed 5420K, reserved 1048576K
}
2016-06-21T09:21:05.675+0100: 1267.983: Total time for which application threads were stopped: 0.0038319 seconds, Stopping threads took: 0.0000359 seconds
{Heap before GC invocations=57 (full 2):
 par new generation   total 109248K, used 91539K [0x00000000e0000000, 0x00000000e8000000, 0x00000000e8000000)
  eden space 87424K, 100% used [0x00000000e0000000, 0x00000000e5560000, 0x00000000e5560000)
  from space 21824K,  18% used [0x00000000e6ab0000, 0x00000000e6eb4c00, 0x00000000e8000000)
  to   space 21824K,   0% used [0x00000000e5560000, 0x00000000e5560000, 0x00000000e6ab0000)
 concurrent mark-sweep generation total 393216K, used 131652K [0x00000000e8000000, 0x0000000100000000, 0x0000000100000000)
 Metaspace       used 47777K, capacity 48332K, committed 48632K, reserved 1093632K
  class space    used 5211K, capacity 5343K, committed 5420K, reserved 1048576K
2016-06-21T09:21:05.928+0100: 1268.236: [GC (Allocation Failure) 2016-06-21T09:21:05.928+0100: 1268.236: [ParNew
Desired survivor size 20112992 bytes, new threshold 8 (max 8)
- age   1:     710976 bytes,     710976 total
- age   2:      44696 bytes,     755672 total
- age   3:     434664 bytes,    1190336 total
: 91539K->1745K(109248K), 0.0028837 secs] 223191K->133397K(502464K), 0.0029567 secs] [Times: user=0.00 sys=0.00, real=0.00 secs] 
Heap after GC invocations=58 (full 2):
 par new generation   total 109248K, used 1745K [0x00000000e0000000, 0x00000000e8000000, 0x00000000e8000000)
  eden space 87424K,   0% used [0x00000000e0000000, 0x00000000e0000000, 0x00000000e5560000)
  from space 21824K,   7% used [0x00000000e5560000, 0x00000000e5714450, 0x00000000e6ab0000)
  to   space 21824K,   0% used [0x00000000e6ab0000, 0x00000000e6ab0000, 0x00000000e8000000)
 concurrent mark-sweep generation total 393216K, used 131652K [0x00000000e8000000, 0x0000000100000000, 0x0000000100000000)
 Metaspace       used 47777K, capacity 48332K, committed 48632K, reserved 1093632K
  class space    used 5211K, capacity 5343K, committed 5420K, reserved 1048576K
}
2016-06-21T09:21:05.931+0100: 1268.239: Total time for which application threads were stopped: 0.0032544 seconds, Stopping threads took: 0.0000391 seconds
{Heap before GC invocations=58 (full 2):
 par new generation   total 109248K, used 89169K [0x00000000e0000000, 0x00000000e8000000, 0x00000000e8000000)
  eden space 87424K, 100% used [0x00000000e0000000, 0x00000000e5560000, 0x00000000e5560000)
  from space 21824K,   7% used [0x00000000e5560000, 0x00000000e5714450, 0x00000000e6ab0000)
  to   space 21824K,   0% used [0x00000000e6ab0000, 0x00000000e6ab0000, 0x00000000e8000000)
 concurrent mark-sweep generation total 393216K, used 131652K [0x00000000e8000000, 0x0000000100000000, 0x0000000100000000)
 Metaspace       used 47778K, capacity 48332K, committed 48632K, reserved 1093632K
  class space    used 5211K, capacity 5343K, committed 5420K, reserved 1048576K
2016-06-21T09:21:06.201+0100: 1268.510: [GC (Allocation Failure) 2016-06-21T09:21:06.201+0100: 1268.510: [ParNew
Desired survivor size 20112992 bytes, new threshold 8 (max 8)
- age   1:     286320 bytes,     286320 total
- age   2:     389744 bytes,     676064 total
- age   3:      44696 bytes,     720760 total
- age   4:     434664 bytes,    1155424 total
: 89169K->1482K(109248K), 0.0029271 secs] 220821K->133135K(502464K), 0.0029938 secs] [Times: user=0.06 sys=0.00, real=0.00 secs] 
Heap after GC invocations=59 (full 2):
 par new generation   total 109248K, used 1482K [0x00000000e0000000, 0x00000000e8000000, 0x00000000e8000000)
  eden space 87424K,   0% used [0x00000000e0000000, 0x00000000e0000000, 0x00000000e5560000)
  from space 21824K,   6% used [0x00000000e6ab0000, 0x00000000e6c22a80, 0x00000000e8000000)
  to   space 21824K,   0% used [0x00000000e5560000, 0x00000000e5560000, 0x00000000e6ab0000)
 concurrent mark-sweep generation total 393216K, used 131652K [0x00000000e8000000, 0x0000000100000000, 0x0000000100000000)
 Metaspace       used 47778K, capacity 48332K, committed 48632K, reserved 1093632K
  class space    used 5211K, capacity 5343K, committed 5420K, reserved 1048576K
}
2016-06-21T09:21:06.204+0100: 1268.513: Total time for which application threads were stopped: 0.0032481 seconds, Stopping threads took: 0.0000332 seconds
{Heap before GC invocations=59 (full 2):
 par new generation   total 109248K, used 88906K [0x00000000e0000000, 0x00000000e8000000, 0x00000000e8000000)
  eden space 87424K, 100% used [0x00000000e0000000, 0x00000000e5560000, 0x00000000e5560000)
  from space 21824K,   6% used [0x00000000e6ab0000, 0x00000000e6c22a80, 0x00000000e8000000)
  to   space 21824K,   0% used [0x00000000e5560000, 0x00000000e5560000, 0x00000000e6ab0000)
 concurrent mark-sweep generation total 393216K, used 131652K [0x00000000e8000000, 0x0000000100000000, 0x0000000100000000)
 Metaspace       used 47778K, capacity 48332K, committed 48632K, reserved 1093632K
  class space    used 5211K, capacity 5343K, committed 5420K, reserved 1048576K
2016-06-21T09:21:06.471+0100: 1268.779: [GC (Allocation Failure) 2016-06-21T09:21:06.471+0100: 1268.779: [ParNew
Desired survivor size 20112992 bytes, new threshold 8 (max 8)
- age   1:    2377944 bytes,    2377944 total
- age   2:     221712 bytes,    2599656 total
- age   3:      29280 bytes,    2628936 total
- age   4:      44696 bytes,    2673632 total
- age   5:     434664 bytes,    3108296 total
: 88906K->3166K(109248K), 0.0038990 secs] 220559K->134819K(502464K), 0.0039898 secs] [Times: user=0.00 sys=0.00, real=0.00 secs] 
Heap after GC invocations=60 (full 2):
 par new generation   total 109248K, used 3166K [0x00000000e0000000, 0x00000000e8000000, 0x00000000e8000000)
  eden space 87424K,   0% used [0x00000000e0000000, 0x00000000e0000000, 0x00000000e5560000)
  from space 21824K,  14% used [0x00000000e5560000, 0x00000000e5877908, 0x00000000e6ab0000)
  to   space 21824K,   0% used [0x00000000e6ab0000, 0x00000000e6ab0000, 0x00000000e8000000)
 concurrent mark-sweep generation total 393216K, used 131652K [0x00000000e8000000, 0x0000000100000000, 0x0000000100000000)
 Metaspace       used 47778K, capacity 48332K, committed 48632K, reserved 1093632K
  class space    used 5211K, capacity 5343K, committed 5420K, reserved 1048576K
}
2016-06-21T09:21:06.475+0100: 1268.783: Total time for which application threads were stopped: 0.0043996 seconds, Stopping threads took: 0.0001674 seconds
{Heap before GC invocations=60 (full 2):
 par new generation   total 109248K, used 90590K [0x00000000e0000000, 0x00000000e8000000, 0x00000000e8000000)
  eden space 87424K, 100% used [0x00000000e0000000, 0x00000000e5560000, 0x00000000e5560000)
  from space 21824K,  14% used [0x00000000e5560000, 0x00000000e5877908, 0x00000000e6ab0000)
  to   space 21824K,   0% used [0x00000000e6ab0000, 0x00000000e6ab0000, 0x00000000e8000000)
 concurrent mark-sweep generation total 393216K, used 131652K [0x00000000e8000000, 0x0000000100000000, 0x0000000100000000)
 Metaspace       used 47778K, capacity 48332K, committed 48632K, reserved 1093632K
  class space    used 5211K, capacity 5343K, committed 5420K, reserved 1048576K
2016-06-21T09:21:06.681+0100: 1268.989: [GC (Allocation Failure) 2016-06-21T09:21:06.681+0100: 1268.989: [ParNew
Desired survivor size 20112992 bytes, new threshold 8 (max 8)
- age   1:    1397640 bytes,    1397640 total
- age   2:     778592 bytes,    2176232 total
- age   3:     221712 bytes,    2397944 total
- age   4:      29280 bytes,    2427224 total
- age   5:      44696 bytes,    2471920 total
- age   6:     434664 bytes,    2906584 total
: 90590K->3245K(109248K), 0.0041019 secs] 222243K->134898K(502464K), 0.0041947 secs] [Times: user=0.00 sys=0.00, real=0.00 secs] 
Heap after GC invocations=61 (full 2):
 par new generation   total 109248K, used 3245K [0x00000000e0000000, 0x00000000e8000000, 0x00000000e8000000)
  eden space 87424K,   0% used [0x00000000e0000000, 0x00000000e0000000, 0x00000000e5560000)
  from space 21824K,  14% used [0x00000000e6ab0000, 0x00000000e6ddb598, 0x00000000e8000000)
  to   space 21824K,   0% used [0x00000000e5560000, 0x00000000e5560000, 0x00000000e6ab0000)
 concurrent mark-sweep generation total 393216K, used 131652K [0x00000000e8000000, 0x0000000100000000, 0x0000000100000000)
 Metaspace       used 47778K, capacity 48332K, committed 48632K, reserved 1093632K
  class space    used 5211K, capacity 5343K, committed 5420K, reserved 1048576K
}
2016-06-21T09:21:06.685+0100: 1268.993: Total time for which application threads were stopped: 0.0044766 seconds, Stopping threads took: 0.0000387 seconds
{Heap before GC invocations=61 (full 2):
 par new generation   total 109248K, used 90669K [0x00000000e0000000, 0x00000000e8000000, 0x00000000e8000000)
  eden space 87424K, 100% used [0x00000000e0000000, 0x00000000e5560000, 0x00000000e5560000)
  from space 21824K,  14% used [0x00000000e6ab0000, 0x00000000e6ddb598, 0x00000000e8000000)
  to   space 21824K,   0% used [0x00000000e5560000, 0x00000000e5560000, 0x00000000e6ab0000)
 concurrent mark-sweep generation total 393216K, used 131652K [0x00000000e8000000, 0x0000000100000000, 0x0000000100000000)
 Metaspace       used 47778K, capacity 48332K, committed 48632K, reserved 1093632K
  class space    used 5211K, capacity 5343K, committed 5420K, reserved 1048576K
2016-06-21T09:21:07.187+0100: 1269.495: [GC (Allocation Failure) 2016-06-21T09:21:07.187+0100: 1269.495: [ParNew
Desired survivor size 20112992 bytes, new threshold 8 (max 8)
- age   1:    1346480 bytes,    1346480 total
- age   2:     140424 bytes,    1486904 total
- age   3:     778592 bytes,    2265496 total
- age   4:     221712 bytes,    2487208 total
- age   5:      29280 bytes,    2516488 total
- age   6:      44696 bytes,    2561184 total
- age   7:     434664 bytes,    2995848 total
: 90669K->4140K(109248K), 0.0037589 secs] 222322K->135793K(502464K), 0.0038497 secs] [Times: user=0.00 sys=0.00, real=0.00 secs] 
Heap after GC invocations=62 (full 2):
 par new generation   total 109248K, used 4140K [0x00000000e0000000, 0x00000000e8000000, 0x00000000e8000000)
  eden space 87424K,   0% used [0x00000000e0000000, 0x00000000e0000000, 0x00000000e5560000)
  from space 21824K,  18% used [0x00000000e5560000, 0x00000000e596b368, 0x00000000e6ab0000)
  to   space 21824K,   0% used [0x00000000e6ab0000, 0x00000000e6ab0000, 0x00000000e8000000)
 concurrent mark-sweep generation total 393216K, used 131652K [0x00000000e8000000, 0x0000000100000000, 0x0000000100000000)
 Metaspace       used 47778K, capacity 48332K, committed 48632K, reserved 1093632K
  class space    used 5211K, capacity 5343K, committed 5420K, reserved 1048576K
}
2016-06-21T09:21:07.191+0100: 1269.499: Total time for which application threads were stopped: 0.0041209 seconds, Stopping threads took: 0.0000387 seconds
{Heap before GC invocations=62 (full 2):
 par new generation   total 109248K, used 91564K [0x00000000e0000000, 0x00000000e8000000, 0x00000000e8000000)
  eden space 87424K, 100% used [0x00000000e0000000, 0x00000000e5560000, 0x00000000e5560000)
  from space 21824K,  18% used [0x00000000e5560000, 0x00000000e596b368, 0x00000000e6ab0000)
  to   space 21824K,   0% used [0x00000000e6ab0000, 0x00000000e6ab0000, 0x00000000e8000000)
 concurrent mark-sweep generation total 393216K, used 131652K [0x00000000e8000000, 0x0000000100000000, 0x0000000100000000)
 Metaspace       used 47778K, capacity 48332K, committed 48632K, reserved 1093632K
  class space    used 5211K, capacity 5343K, committed 5420K, reserved 1048576K
2016-06-21T09:21:07.462+0100: 1269.771: [GC (Allocation Failure) 2016-06-21T09:21:07.462+0100: 1269.771: [ParNew
Desired survivor size 20112992 bytes, new threshold 8 (max 8)
- age   1:    1133504 bytes,    1133504 total
- age   2:      42992 bytes,    1176496 total
- age   3:     140424 bytes,    1316920 total
- age   4:     778592 bytes,    2095512 total
- age   5:     221712 bytes,    2317224 total
- age   6:      29280 bytes,    2346504 total
- age   7:      44696 bytes,    2391200 total
- age   8:     434664 bytes,    2825864 total
: 91564K->3383K(109248K), 0.0041268 secs] 223217K->135036K(502464K), 0.0042559 secs] [Times: user=0.00 sys=0.00, real=0.01 secs] 
Heap after GC invocations=63 (full 2):
 par new generation   total 109248K, used 3383K [0x00000000e0000000, 0x00000000e8000000, 0x00000000e8000000)
  eden space 87424K,   0% used [0x00000000e0000000, 0x00000000e0000000, 0x00000000e5560000)
  from space 21824K,  15% used [0x00000000e6ab0000, 0x00000000e6dfdfe0, 0x00000000e8000000)
  to   space 21824K,   0% used [0x00000000e5560000, 0x00000000e5560000, 0x00000000e6ab0000)
 concurrent mark-sweep generation total 393216K, used 131652K [0x00000000e8000000, 0x0000000100000000, 0x0000000100000000)
 Metaspace       used 47778K, capacity 48332K, committed 48632K, reserved 1093632K
  class space    used 5211K, capacity 5343K, committed 5420K, reserved 1048576K
}
2016-06-21T09:21:07.467+0100: 1269.775: Total time for which application threads were stopped: 0.0046033 seconds, Stopping threads took: 0.0000363 seconds
{Heap before GC invocations=63 (full 2):
 par new generation   total 109248K, used 90807K [0x00000000e0000000, 0x00000000e8000000, 0x00000000e8000000)
  eden space 87424K, 100% used [0x00000000e0000000, 0x00000000e5560000, 0x00000000e5560000)
  from space 21824K,  15% used [0x00000000e6ab0000, 0x00000000e6dfdfe0, 0x00000000e8000000)
  to   space 21824K,   0% used [0x00000000e5560000, 0x00000000e5560000, 0x00000000e6ab0000)
 concurrent mark-sweep generation total 393216K, used 131652K [0x00000000e8000000, 0x0000000100000000, 0x0000000100000000)
 Metaspace       used 47780K, capacity 48332K, committed 48632K, reserved 1093632K
  class space    used 5211K, capacity 5343K, committed 5420K, reserved 1048576K
2016-06-21T09:21:07.775+0100: 1270.084: [GC (Allocation Failure) 2016-06-21T09:21:07.775+0100: 1270.084: [ParNew
Desired survivor size 20112992 bytes, new threshold 8 (max 8)
- age   1:    1360048 bytes,    1360048 total
- age   2:     142064 bytes,    1502112 total
- age   3:      42992 bytes,    1545104 total
- age   4:     140424 bytes,    1685528 total
- age   5:     778592 bytes,    2464120 total
- age   6:     221712 bytes,    2685832 total
- age   7:      29280 bytes,    2715112 total
- age   8:      44696 bytes,    2759808 total
: 90807K->3225K(109248K), 0.0075924 secs] 222460K->135302K(502464K), 0.0076717 secs] [Times: user=0.05 sys=0.00, real=0.01 secs] 
Heap after GC invocations=64 (full 2):
 par new generation   total 109248K, used 3225K [0x00000000e0000000, 0x00000000e8000000, 0x00000000e8000000)
  eden space 87424K,   0% used [0x00000000e0000000, 0x00000000e0000000, 0x00000000e5560000)
  from space 21824K,  14% used [0x00000000e5560000, 0x00000000e5886470, 0x00000000e6ab0000)
  to   space 21824K,   0% used [0x00000000e6ab0000, 0x00000000e6ab0000, 0x00000000e8000000)
 concurrent mark-sweep generation total 393216K, used 132077K [0x00000000e8000000, 0x0000000100000000, 0x0000000100000000)
 Metaspace       used 47780K, capacity 48332K, committed 48632K, reserved 1093632K
  class space    used 5211K, capacity 5343K, committed 5420K, reserved 1048576K
}
2016-06-21T09:21:07.783+0100: 1270.092: Total time for which application threads were stopped: 0.0079477 seconds, Stopping threads took: 0.0000363 seconds
{Heap before GC invocations=64 (full 2):
 par new generation   total 109248K, used 90649K [0x00000000e0000000, 0x00000000e8000000, 0x00000000e8000000)
  eden space 87424K, 100% used [0x00000000e0000000, 0x00000000e5560000, 0x00000000e5560000)
  from space 21824K,  14% used [0x00000000e5560000, 0x00000000e5886470, 0x00000000e6ab0000)
  to   space 21824K,   0% used [0x00000000e6ab0000, 0x00000000e6ab0000, 0x00000000e8000000)
 concurrent mark-sweep generation total 393216K, used 132077K [0x00000000e8000000, 0x0000000100000000, 0x0000000100000000)
 Metaspace       used 47780K, capacity 48332K, committed 48632K, reserved 1093632K
  class space    used 5211K, capacity 5343K, committed 5420K, reserved 1048576K
2016-06-21T09:21:08.207+0100: 1270.516: [GC (Allocation Failure) 2016-06-21T09:21:08.207+0100: 1270.516: [ParNew
Desired survivor size 20112992 bytes, new threshold 8 (max 8)
- age   1:    2844664 bytes,    2844664 total
- age   2:      28768 bytes,    2873432 total
- age   3:     142064 bytes,    3015496 total
- age   4:      42992 bytes,    3058488 total
- age   5:     140424 bytes,    3198912 total
- age   6:      57680 bytes,    3256592 total
- age   7:     221712 bytes,    3478304 total
- age   8:      29280 bytes,    3507584 total
: 90649K->4462K(109248K), 0.0052898 secs] 222726K->136584K(502464K), 0.0053659 secs] [Times: user=0.00 sys=0.00, real=0.01 secs] 
Heap after GC invocations=65 (full 2):
 par new generation   total 109248K, used 4462K [0x00000000e0000000, 0x00000000e8000000, 0x00000000e8000000)
  eden space 87424K,   0% used [0x00000000e0000000, 0x00000000e0000000, 0x00000000e5560000)
  from space 21824K,  20% used [0x00000000e6ab0000, 0x00000000e6f0ba58, 0x00000000e8000000)
  to   space 21824K,   0% used [0x00000000e5560000, 0x00000000e5560000, 0x00000000e6ab0000)
 concurrent mark-sweep generation total 393216K, used 132121K [0x00000000e8000000, 0x0000000100000000, 0x0000000100000000)
 Metaspace       used 47780K, capacity 48332K, committed 48632K, reserved 1093632K
  class space    used 5211K, capacity 5343K, committed 5420K, reserved 1048576K
}
2016-06-21T09:21:08.213+0100: 1270.521: Total time for which application threads were stopped: 0.0056628 seconds, Stopping threads took: 0.0000367 seconds
{Heap before GC invocations=65 (full 2):
 par new generation   total 109248K, used 91886K [0x00000000e0000000, 0x00000000e8000000, 0x00000000e8000000)
  eden space 87424K, 100% used [0x00000000e0000000, 0x00000000e5560000, 0x00000000e5560000)
  from space 21824K,  20% used [0x00000000e6ab0000, 0x00000000e6f0ba58, 0x00000000e8000000)
  to   space 21824K,   0% used [0x00000000e5560000, 0x00000000e5560000, 0x00000000e6ab0000)
 concurrent mark-sweep generation total 393216K, used 132121K [0x00000000e8000000, 0x0000000100000000, 0x0000000100000000)
 Metaspace       used 47780K, capacity 48332K, committed 48632K, reserved 1093632K
  class space    used 5211K, capacity 5343K, committed 5420K, reserved 1048576K
2016-06-21T09:21:08.503+0100: 1270.812: [GC (Allocation Failure) 2016-06-21T09:21:08.503+0100: 1270.812: [ParNew
Desired survivor size 20112992 bytes, new threshold 8 (max 8)
- age   1:    1654136 bytes,    1654136 total
- age   2:    1518264 bytes,    3172400 total
- age   3:      28768 bytes,    3201168 total
- age   4:     142064 bytes,    3343232 total
- age   5:      42992 bytes,    3386224 total
- age   6:     140424 bytes,    3526648 total
- age   7:      57680 bytes,    3584328 total
- age   8:     221712 bytes,    3806040 total
: 91886K->4245K(109248K), 0.0037526 secs] 224008K->136395K(502464K), 0.0038438 secs] [Times: user=0.00 sys=0.00, real=0.00 secs] 
Heap after GC invocations=66 (full 2):
 par new generation   total 109248K, used 4245K [0x00000000e0000000, 0x00000000e8000000, 0x00000000e8000000)
  eden space 87424K,   0% used [0x00000000e0000000, 0x00000000e0000000, 0x00000000e5560000)
  from space 21824K,  19% used [0x00000000e5560000, 0x00000000e59854d8, 0x00000000e6ab0000)
  to   space 21824K,   0% used [0x00000000e6ab0000, 0x00000000e6ab0000, 0x00000000e8000000)
 concurrent mark-sweep generation total 393216K, used 132150K [0x00000000e8000000, 0x0000000100000000, 0x0000000100000000)
 Metaspace       used 47780K, capacity 48332K, committed 48632K, reserved 1093632K
  class space    used 5211K, capacity 5343K, committed 5420K, reserved 1048576K
}
2016-06-21T09:21:08.508+0100: 1270.816: Total time for which application threads were stopped: 0.0041142 seconds, Stopping threads took: 0.0000300 seconds
{Heap before GC invocations=66 (full 2):
 par new generation   total 109248K, used 91669K [0x00000000e0000000, 0x00000000e8000000, 0x00000000e8000000)
  eden space 87424K, 100% used [0x00000000e0000000, 0x00000000e5560000, 0x00000000e5560000)
  from space 21824K,  19% used [0x00000000e5560000, 0x00000000e59854d8, 0x00000000e6ab0000)
  to   space 21824K,   0% used [0x00000000e6ab0000, 0x00000000e6ab0000, 0x00000000e8000000)
 concurrent mark-sweep generation total 393216K, used 132150K [0x00000000e8000000, 0x0000000100000000, 0x0000000100000000)
 Metaspace       used 47781K, capacity 48332K, committed 48632K, reserved 1093632K
  class space    used 5212K, capacity 5343K, committed 5420K, reserved 1048576K
2016-06-21T09:21:08.722+0100: 1271.031: [GC (Allocation Failure) 2016-06-21T09:21:08.723+0100: 1271.031: [ParNew
Desired survivor size 20112992 bytes, new threshold 8 (max 8)
- age   1:    1251320 bytes,    1251320 total
- age   2:     174064 bytes,    1425384 total
- age   3:    1518264 bytes,    2943648 total
- age   4:      28768 bytes,    2972416 total
- age   5:     142064 bytes,    3114480 total
- age   6:      42992 bytes,    3157472 total
- age   7:     140424 bytes,    3297896 total
- age   8:      57680 bytes,    3355576 total
: 91669K->4505K(109248K), 0.0081940 secs] 223819K->136872K(502464K), 0.0083685 secs] [Times: user=0.00 sys=0.00, real=0.01 secs] 
Heap after GC invocations=67 (full 2):
 par new generation   total 109248K, used 4505K [0x00000000e0000000, 0x00000000e8000000, 0x00000000e8000000)
  eden space 87424K,   0% used [0x00000000e0000000, 0x00000000e0000000, 0x00000000e5560000)
  from space 21824K,  20% used [0x00000000e6ab0000, 0x00000000e6f16418, 0x00000000e8000000)
  to   space 21824K,   0% used [0x00000000e5560000, 0x00000000e5560000, 0x00000000e6ab0000)
 concurrent mark-sweep generation total 393216K, used 132367K [0x00000000e8000000, 0x0000000100000000, 0x0000000100000000)
 Metaspace       used 47781K, capacity 48332K, committed 48632K, reserved 1093632K
  class space    used 5212K, capacity 5343K, committed 5420K, reserved 1048576K
}
2016-06-21T09:21:08.731+0100: 1271.039: Total time for which application threads were stopped: 0.0086523 seconds, Stopping threads took: 0.0000399 seconds
{Heap before GC invocations=67 (full 2):
 par new generation   total 109248K, used 91929K [0x00000000e0000000, 0x00000000e8000000, 0x00000000e8000000)
  eden space 87424K, 100% used [0x00000000e0000000, 0x00000000e5560000, 0x00000000e5560000)
  from space 21824K,  20% used [0x00000000e6ab0000, 0x00000000e6f16418, 0x00000000e8000000)
  to   space 21824K,   0% used [0x00000000e5560000, 0x00000000e5560000, 0x00000000e6ab0000)
 concurrent mark-sweep generation total 393216K, used 132367K [0x00000000e8000000, 0x0000000100000000, 0x0000000100000000)
 Metaspace       used 47781K, capacity 48332K, committed 48632K, reserved 1093632K
  class space    used 5212K, capacity 5343K, committed 5420K, reserved 1048576K
2016-06-21T09:21:09.001+0100: 1271.309: [GC (Allocation Failure) 2016-06-21T09:21:09.001+0100: 1271.309: [ParNew
Desired survivor size 20112992 bytes, new threshold 8 (max 8)
- age   1:     681376 bytes,     681376 total
- age   2:      78136 bytes,     759512 total
- age   3:     174064 bytes,     933576 total
- age   4:    1518264 bytes,    2451840 total
- age   5:      28768 bytes,    2480608 total
- age   6:     142064 bytes,    2622672 total
- age   7:      42992 bytes,    2665664 total
- age   8:     140424 bytes,    2806088 total
: 91929K->2999K(109248K), 0.0031715 secs] 224296K->135423K(502464K), 0.0032587 secs] [Times: user=0.00 sys=0.00, real=0.00 secs] 
Heap after GC invocations=68 (full 2):
 par new generation   total 109248K, used 2999K [0x00000000e0000000, 0x00000000e8000000, 0x00000000e8000000)
  eden space 87424K,   0% used [0x00000000e0000000, 0x00000000e0000000, 0x00000000e5560000)
  from space 21824K,  13% used [0x00000000e5560000, 0x00000000e584dfa8, 0x00000000e6ab0000)
  to   space 21824K,   0% used [0x00000000e6ab0000, 0x00000000e6ab0000, 0x00000000e8000000)
 concurrent mark-sweep generation total 393216K, used 132423K [0x00000000e8000000, 0x0000000100000000, 0x0000000100000000)
 Metaspace       used 47781K, capacity 48332K, committed 48632K, reserved 1093632K
  class space    used 5212K, capacity 5343K, committed 5420K, reserved 1048576K
}
2016-06-21T09:21:09.004+0100: 1271.313: Total time for which application threads were stopped: 0.0035394 seconds, Stopping threads took: 0.0000359 seconds
{Heap before GC invocations=68 (full 2):
 par new generation   total 109248K, used 90423K [0x00000000e0000000, 0x00000000e8000000, 0x00000000e8000000)
  eden space 87424K, 100% used [0x00000000e0000000, 0x00000000e5560000, 0x00000000e5560000)
  from space 21824K,  13% used [0x00000000e5560000, 0x00000000e584dfa8, 0x00000000e6ab0000)
  to   space 21824K,   0% used [0x00000000e6ab0000, 0x00000000e6ab0000, 0x00000000e8000000)
 concurrent mark-sweep generation total 393216K, used 132423K [0x00000000e8000000, 0x0000000100000000, 0x0000000100000000)
 Metaspace       used 47781K, capacity 48332K, committed 48632K, reserved 1093632K
  class space    used 5212K, capacity 5343K, committed 5420K, reserved 1048576K
2016-06-21T09:21:09.229+0100: 1271.537: [GC (Allocation Failure) 2016-06-21T09:21:09.229+0100: 1271.537: [ParNew
Desired survivor size 20112992 bytes, new threshold 8 (max 8)
- age   1:    1494832 bytes,    1494832 total
- age   2:     402784 bytes,    1897616 total
- age   3:      78136 bytes,    1975752 total
- age   4:     174064 bytes,    2149816 total
- age   5:    1534664 bytes,    3684480 total
- age   6:      28768 bytes,    3713248 total
- age   7:     142064 bytes,    3855312 total
- age   8:      42992 bytes,    3898304 total
: 90423K->4506K(109248K), 0.0041979 secs] 222847K->137067K(502464K), 0.0043435 secs] [Times: user=0.00 sys=0.00, real=0.00 secs] 
Heap after GC invocations=69 (full 2):
 par new generation   total 109248K, used 4506K [0x00000000e0000000, 0x00000000e8000000, 0x00000000e8000000)
  eden space 87424K,   0% used [0x00000000e0000000, 0x00000000e0000000, 0x00000000e5560000)
  from space 21824K,  20% used [0x00000000e6ab0000, 0x00000000e6f16ab0, 0x00000000e8000000)
  to   space 21824K,   0% used [0x00000000e5560000, 0x00000000e5560000, 0x00000000e6ab0000)
 concurrent mark-sweep generation total 393216K, used 132561K [0x00000000e8000000, 0x0000000100000000, 0x0000000100000000)
 Metaspace       used 47781K, capacity 48332K, committed 48632K, reserved 1093632K
  class space    used 5212K, capacity 5343K, committed 5420K, reserved 1048576K
}
2016-06-21T09:21:09.233+0100: 1271.541: Total time for which application threads were stopped: 0.0046246 seconds, Stopping threads took: 0.0000387 seconds
{Heap before GC invocations=69 (full 2):
 par new generation   total 109248K, used 91930K [0x00000000e0000000, 0x00000000e8000000, 0x00000000e8000000)
  eden space 87424K, 100% used [0x00000000e0000000, 0x00000000e5560000, 0x00000000e5560000)
  from space 21824K,  20% used [0x00000000e6ab0000, 0x00000000e6f16ab0, 0x00000000e8000000)
  to   space 21824K,   0% used [0x00000000e5560000, 0x00000000e5560000, 0x00000000e6ab0000)
 concurrent mark-sweep generation total 393216K, used 132561K [0x00000000e8000000, 0x0000000100000000, 0x0000000100000000)
 Metaspace       used 47781K, capacity 48332K, committed 48632K, reserved 1093632K
  class space    used 5212K, capacity 5343K, committed 5420K, reserved 1048576K
2016-06-21T09:21:09.438+0100: 1271.747: [GC (Allocation Failure) 2016-06-21T09:21:09.438+0100: 1271.747: [ParNew
Desired survivor size 20112992 bytes, new threshold 8 (max 8)
- age   1:     483672 bytes,     483672 total
- age   2:     141136 bytes,     624808 total
- age   3:     402784 bytes,    1027592 total
- age   4:      78136 bytes,    1105728 total
- age   5:     174064 bytes,    1279792 total
- age   6:    1518264 bytes,    2798056 total
- age   7:      28768 bytes,    2826824 total
- age   8:     142064 bytes,    2968888 total
: 91930K->3487K(109248K), 0.0034691 secs] 224491K->136090K(502464K), 0.0035489 secs] [Times: user=0.00 sys=0.00, real=0.00 secs] 
Heap after GC invocations=70 (full 2):
 par new generation   total 109248K, used 3487K [0x00000000e0000000, 0x00000000e8000000, 0x00000000e8000000)
  eden space 87424K,   0% used [0x00000000e0000000, 0x00000000e0000000, 0x00000000e5560000)
  from space 21824K,  15% used [0x00000000e5560000, 0x00000000e58c7dd0, 0x00000000e6ab0000)
  to   space 21824K,   0% used [0x00000000e6ab0000, 0x00000000e6ab0000, 0x00000000e8000000)
 concurrent mark-sweep generation total 393216K, used 132603K [0x00000000e8000000, 0x0000000100000000, 0x0000000100000000)
 Metaspace       used 47781K, capacity 48332K, committed 48632K, reserved 1093632K
  class space    used 5212K, capacity 5343K, committed 5420K, reserved 1048576K
}
2016-06-21T09:21:09.442+0100: 1271.750: Total time for which application threads were stopped: 0.0038599 seconds, Stopping threads took: 0.0000339 seconds
{Heap before GC invocations=70 (full 2):
 par new generation   total 109248K, used 90911K [0x00000000e0000000, 0x00000000e8000000, 0x00000000e8000000)
  eden space 87424K, 100% used [0x00000000e0000000, 0x00000000e5560000, 0x00000000e5560000)
  from space 21824K,  15% used [0x00000000e5560000, 0x00000000e58c7dd0, 0x00000000e6ab0000)
  to   space 21824K,   0% used [0x00000000e6ab0000, 0x00000000e6ab0000, 0x00000000e8000000)
 concurrent mark-sweep generation total 393216K, used 132603K [0x00000000e8000000, 0x0000000100000000, 0x0000000100000000)
 Metaspace       used 47781K, capacity 48332K, committed 48632K, reserved 1093632K
  class space    used 5212K, capacity 5343K, committed 5420K, reserved 1048576K
2016-06-21T09:21:09.623+0100: 1271.932: [GC (Allocation Failure) 2016-06-21T09:21:09.623+0100: 1271.932: [ParNew
Desired survivor size 20112992 bytes, new threshold 8 (max 8)
- age   1:    1620072 bytes,    1620072 total
- age   2:      58888 bytes,    1678960 total
- age   3:     141136 bytes,    1820096 total
- age   4:     402784 bytes,    2222880 total
- age   5:      78136 bytes,    2301016 total
- age   6:     174064 bytes,    2475080 total
- age   7:    1518264 bytes,    3993344 total
- age   8:      28768 bytes,    4022112 total
: 90911K->4619K(109248K), 0.0063007 secs] 223514K->137361K(502464K), 0.0064342 secs] [Times: user=0.05 sys=0.00, real=0.01 secs] 
Heap after GC invocations=71 (full 2):
 par new generation   total 109248K, used 4619K [0x00000000e0000000, 0x00000000e8000000, 0x00000000e8000000)
  eden space 87424K,   0% used [0x00000000e0000000, 0x00000000e0000000, 0x00000000e5560000)
  from space 21824K,  21% used [0x00000000e6ab0000, 0x00000000e6f32c48, 0x00000000e8000000)
  to   space 21824K,   0% used [0x00000000e5560000, 0x00000000e5560000, 0x00000000e6ab0000)
 concurrent mark-sweep generation total 393216K, used 132742K [0x00000000e8000000, 0x0000000100000000, 0x0000000100000000)
 Metaspace       used 47781K, capacity 48332K, committed 48632K, reserved 1093632K
  class space    used 5212K, capacity 5343K, committed 5420K, reserved 1048576K
}
2016-06-21T09:21:09.630+0100: 1271.938: Total time for which application threads were stopped: 0.0067046 seconds, Stopping threads took: 0.0000284 seconds
{Heap before GC invocations=71 (full 2):
 par new generation   total 109248K, used 92043K [0x00000000e0000000, 0x00000000e8000000, 0x00000000e8000000)
  eden space 87424K, 100% used [0x00000000e0000000, 0x00000000e5560000, 0x00000000e5560000)
  from space 21824K,  21% used [0x00000000e6ab0000, 0x00000000e6f32c48, 0x00000000e8000000)
  to   space 21824K,   0% used [0x00000000e5560000, 0x00000000e5560000, 0x00000000e6ab0000)
 concurrent mark-sweep generation total 393216K, used 132742K [0x00000000e8000000, 0x0000000100000000, 0x0000000100000000)
 Metaspace       used 47781K, capacity 48332K, committed 48632K, reserved 1093632K
  class space    used 5212K, capacity 5343K, committed 5420K, reserved 1048576K
2016-06-21T09:21:09.853+0100: 1272.161: [GC (Allocation Failure) 2016-06-21T09:21:09.853+0100: 1272.161: [ParNew
Desired survivor size 20112992 bytes, new threshold 8 (max 8)
- age   1:     295552 bytes,     295552 total
- age   2:      43000 bytes,     338552 total
- age   3:      58888 bytes,     397440 total
- age   4:     141136 bytes,     538576 total
- age   5:     402784 bytes,     941360 total
- age   6:      78136 bytes,    1019496 total
- age   7:     174064 bytes,    1193560 total
- age   8:    1518264 bytes,    2711824 total
: 92043K->3511K(109248K), 0.0029978 secs] 224785K->136282K(502464K), 0.0030874 secs] [Times: user=0.00 sys=0.00, real=0.00 secs] 
Heap after GC invocations=72 (full 2):
 par new generation   total 109248K, used 3511K [0x00000000e0000000, 0x00000000e8000000, 0x00000000e8000000)
  eden space 87424K,   0% used [0x00000000e0000000, 0x00000000e0000000, 0x00000000e5560000)
  from space 21824K,  16% used [0x00000000e5560000, 0x00000000e58cdff0, 0x00000000e6ab0000)
  to   space 21824K,   0% used [0x00000000e6ab0000, 0x00000000e6ab0000, 0x00000000e8000000)
 concurrent mark-sweep generation total 393216K, used 132770K [0x00000000e8000000, 0x0000000100000000, 0x0000000100000000)
 Metaspace       used 47781K, capacity 48332K, committed 48632K, reserved 1093632K
  class space    used 5212K, capacity 5343K, committed 5420K, reserved 1048576K
}
2016-06-21T09:21:09.856+0100: 1272.164: Total time for which application threads were stopped: 0.0033535 seconds, Stopping threads took: 0.0000375 seconds
{Heap before GC invocations=72 (full 2):
 par new generation   total 109248K, used 90935K [0x00000000e0000000, 0x00000000e8000000, 0x00000000e8000000)
  eden space 87424K, 100% used [0x00000000e0000000, 0x00000000e5560000, 0x00000000e5560000)
  from space 21824K,  16% used [0x00000000e5560000, 0x00000000e58cdff0, 0x00000000e6ab0000)
  to   space 21824K,   0% used [0x00000000e6ab0000, 0x00000000e6ab0000, 0x00000000e8000000)
 concurrent mark-sweep generation total 393216K, used 132770K [0x00000000e8000000, 0x0000000100000000, 0x0000000100000000)
 Metaspace       used 47781K, capacity 48332K, committed 48632K, reserved 1093632K
  class space    used 5212K, capacity 5343K, committed 5420K, reserved 1048576K
2016-06-21T09:21:10.270+0100: 1272.578: [GC (Allocation Failure) 2016-06-21T09:21:10.270+0100: 1272.578: [ParNew
Desired survivor size 20112992 bytes, new threshold 8 (max 8)
- age   1:     714800 bytes,     714800 total
- age   2:      13352 bytes,     728152 total
- age   3:      43000 bytes,     771152 total
- age   4:      58888 bytes,     830040 total
- age   5:     141136 bytes,     971176 total
- age   6:     402784 bytes,    1373960 total
- age   7:      78136 bytes,    1452096 total
- age   8:     174064 bytes,    1626160 total
: 90935K->1881K(109248K), 0.0039432 secs] 223706K->136134K(502464K), 0.0040822 secs] [Times: user=0.00 sys=0.00, real=0.00 secs] 
Heap after GC invocations=73 (full 2):
 par new generation   total 109248K, used 1881K [0x00000000e0000000, 0x00000000e8000000, 0x00000000e8000000)
  eden space 87424K,   0% used [0x00000000e0000000, 0x00000000e0000000, 0x00000000e5560000)
  from space 21824K,   8% used [0x00000000e6ab0000, 0x00000000e6c86448, 0x00000000e8000000)
  to   space 21824K,   0% used [0x00000000e5560000, 0x00000000e5560000, 0x00000000e6ab0000)
 concurrent mark-sweep generation total 393216K, used 134253K [0x00000000e8000000, 0x0000000100000000, 0x0000000100000000)
 Metaspace       used 47781K, capacity 48332K, committed 48632K, reserved 1093632K
  class space    used 5212K, capacity 5343K, committed 5420K, reserved 1048576K
}
2016-06-21T09:21:10.274+0100: 1272.582: Total time for which application threads were stopped: 0.0043609 seconds, Stopping threads took: 0.0000383 seconds
{Heap before GC invocations=73 (full 2):
 par new generation   total 109248K, used 89305K [0x00000000e0000000, 0x00000000e8000000, 0x00000000e8000000)
  eden space 87424K, 100% used [0x00000000e0000000, 0x00000000e5560000, 0x00000000e5560000)
  from space 21824K,   8% used [0x00000000e6ab0000, 0x00000000e6c86448, 0x00000000e8000000)
  to   space 21824K,   0% used [0x00000000e5560000, 0x00000000e5560000, 0x00000000e6ab0000)
 concurrent mark-sweep generation total 393216K, used 134253K [0x00000000e8000000, 0x0000000100000000, 0x0000000100000000)
 Metaspace       used 47781K, capacity 48332K, committed 48632K, reserved 1093632K
  class space    used 5212K, capacity 5343K, committed 5420K, reserved 1048576K
2016-06-21T09:21:10.725+0100: 1273.033: [GC (Allocation Failure) 2016-06-21T09:21:10.725+0100: 1273.033: [ParNew
Desired survivor size 20112992 bytes, new threshold 8 (max 8)
- age   1:    1436272 bytes,    1436272 total
- age   2:     125120 bytes,    1561392 total
- age   3:      13352 bytes,    1574744 total
- age   4:      43000 bytes,    1617744 total
- age   5:      58888 bytes,    1676632 total
- age   6:     141136 bytes,    1817768 total
- age   7:     402784 bytes,    2220552 total
- age   8:      78136 bytes,    2298688 total
: 89305K->3150K(109248K), 0.0045820 secs] 223558K->137574K(502464K), 0.0046688 secs] [Times: user=0.00 sys=0.00, real=0.01 secs] 
Heap after GC invocations=74 (full 2):
 par new generation   total 109248K, used 3150K [0x00000000e0000000, 0x00000000e8000000, 0x00000000e8000000)
  eden space 87424K,   0% used [0x00000000e0000000, 0x00000000e0000000, 0x00000000e5560000)
  from space 21824K,  14% used [0x00000000e5560000, 0x00000000e5873890, 0x00000000e6ab0000)
  to   space 21824K,   0% used [0x00000000e6ab0000, 0x00000000e6ab0000, 0x00000000e8000000)
 concurrent mark-sweep generation total 393216K, used 134423K [0x00000000e8000000, 0x0000000100000000, 0x0000000100000000)
 Metaspace       used 47781K, capacity 48332K, committed 48632K, reserved 1093632K
  class space    used 5212K, capacity 5343K, committed 5420K, reserved 1048576K
}
2016-06-21T09:21:10.730+0100: 1273.038: Total time for which application threads were stopped: 0.0049250 seconds, Stopping threads took: 0.0000245 seconds
{Heap before GC invocations=74 (full 2):
 par new generation   total 109248K, used 90574K [0x00000000e0000000, 0x00000000e8000000, 0x00000000e8000000)
  eden space 87424K, 100% used [0x00000000e0000000, 0x00000000e5560000, 0x00000000e5560000)
  from space 21824K,  14% used [0x00000000e5560000, 0x00000000e5873890, 0x00000000e6ab0000)
  to   space 21824K,   0% used [0x00000000e6ab0000, 0x00000000e6ab0000, 0x00000000e8000000)
 concurrent mark-sweep generation total 393216K, used 134423K [0x00000000e8000000, 0x0000000100000000, 0x0000000100000000)
 Metaspace       used 47781K, capacity 48332K, committed 48632K, reserved 1093632K
  class space    used 5212K, capacity 5343K, committed 5420K, reserved 1048576K
2016-06-21T09:21:10.936+0100: 1273.245: [GC (Allocation Failure) 2016-06-21T09:21:10.937+0100: 1273.245: [ParNew
Desired survivor size 20112992 bytes, new threshold 8 (max 8)
- age   1:     844576 bytes,     844576 total
- age   2:      26912 bytes,     871488 total
- age   3:     125120 bytes,     996608 total
- age   4:      13352 bytes,    1009960 total
- age   5:      43000 bytes,    1052960 total
- age   6:      58888 bytes,    1111848 total
- age   7:     141136 bytes,    1252984 total
- age   8:     402824 bytes,    1655808 total
: 90574K->2383K(109248K), 0.0034699 secs] 224998K->136884K(502464K), 0.0035651 secs] [Times: user=0.00 sys=0.01, real=0.00 secs] 
Heap after GC invocations=75 (full 2):
 par new generation   total 109248K, used 2383K [0x00000000e0000000, 0x00000000e8000000, 0x00000000e8000000)
  eden space 87424K,   0% used [0x00000000e0000000, 0x00000000e0000000, 0x00000000e5560000)
  from space 21824K,  10% used [0x00000000e6ab0000, 0x00000000e6d03ec0, 0x00000000e8000000)
  to   space 21824K,   0% used [0x00000000e5560000, 0x00000000e5560000, 0x00000000e6ab0000)
 concurrent mark-sweep generation total 393216K, used 134500K [0x00000000e8000000, 0x0000000100000000, 0x0000000100000000)
 Metaspace       used 47781K, capacity 48332K, committed 48632K, reserved 1093632K
  class space    used 5212K, capacity 5343K, committed 5420K, reserved 1048576K
}
2016-06-21T09:21:10.940+0100: 1273.249: Total time for which application threads were stopped: 0.0038213 seconds, Stopping threads took: 0.0000261 seconds
{Heap before GC invocations=75 (full 2):
 par new generation   total 109248K, used 89807K [0x00000000e0000000, 0x00000000e8000000, 0x00000000e8000000)
  eden space 87424K, 100% used [0x00000000e0000000, 0x00000000e5560000, 0x00000000e5560000)
  from space 21824K,  10% used [0x00000000e6ab0000, 0x00000000e6d03ec0, 0x00000000e8000000)
  to   space 21824K,   0% used [0x00000000e5560000, 0x00000000e5560000, 0x00000000e6ab0000)
 concurrent mark-sweep generation total 393216K, used 134500K [0x00000000e8000000, 0x0000000100000000, 0x0000000100000000)
 Metaspace       used 47781K, capacity 48332K, committed 48632K, reserved 1093632K
  class space    used 5212K, capacity 5343K, committed 5420K, reserved 1048576K
2016-06-21T09:21:11.101+0100: 1273.410: [GC (Allocation Failure) 2016-06-21T09:21:11.101+0100: 1273.410: [ParNew
Desired survivor size 20112992 bytes, new threshold 8 (max 8)
- age   1:    4630288 bytes,    4630288 total
- age   2:      11624 bytes,    4641912 total
- age   3:      26912 bytes,    4668824 total
- age   4:     125120 bytes,    4793944 total
- age   5:      13352 bytes,    4807296 total
- age   6:      43000 bytes,    4850296 total
- age   7:      58888 bytes,    4909184 total
- age   8:     141136 bytes,    5050320 total
: 89807K->5528K(109248K), 0.0050588 secs] 224308K->140423K(502464K), 0.0051599 secs] [Times: user=0.00 sys=0.00, real=0.00 secs] 
Heap after GC invocations=76 (full 2):
 par new generation   total 109248K, used 5528K [0x00000000e0000000, 0x00000000e8000000, 0x00000000e8000000)
  eden space 87424K,   0% used [0x00000000e0000000, 0x00000000e0000000, 0x00000000e5560000)
  from space 21824K,  25% used [0x00000000e5560000, 0x00000000e5ac63d0, 0x00000000e6ab0000)
  to   space 21824K,   0% used [0x00000000e6ab0000, 0x00000000e6ab0000, 0x00000000e8000000)
 concurrent mark-sweep generation total 393216K, used 134894K [0x00000000e8000000, 0x0000000100000000, 0x0000000100000000)
 Metaspace       used 47781K, capacity 48332K, committed 48632K, reserved 1093632K
  class space    used 5212K, capacity 5343K, committed 5420K, reserved 1048576K
}
2016-06-21T09:21:11.106+0100: 1273.415: Total time for which application threads were stopped: 0.0054556 seconds, Stopping threads took: 0.0000426 seconds
{Heap before GC invocations=76 (full 2):
 par new generation   total 109248K, used 92952K [0x00000000e0000000, 0x00000000e8000000, 0x00000000e8000000)
  eden space 87424K, 100% used [0x00000000e0000000, 0x00000000e5560000, 0x00000000e5560000)
  from space 21824K,  25% used [0x00000000e5560000, 0x00000000e5ac63d0, 0x00000000e6ab0000)
  to   space 21824K,   0% used [0x00000000e6ab0000, 0x00000000e6ab0000, 0x00000000e8000000)
 concurrent mark-sweep generation total 393216K, used 134894K [0x00000000e8000000, 0x0000000100000000, 0x0000000100000000)
 Metaspace       used 47783K, capacity 48332K, committed 48632K, reserved 1093632K
  class space    used 5212K, capacity 5343K, committed 5420K, reserved 1048576K
2016-06-21T09:21:11.444+0100: 1273.752: [GC (Allocation Failure) 2016-06-21T09:21:11.444+0100: 1273.752: [ParNew
Desired survivor size 20112992 bytes, new threshold 8 (max 8)
- age   1:    1851008 bytes,    1851008 total
- age   2:    3090224 bytes,    4941232 total
- age   3:      11624 bytes,    4952856 total
- age   4:      26912 bytes,    4979768 total
- age   5:     125120 bytes,    5104888 total
- age   6:      13352 bytes,    5118240 total
- age   7:      43000 bytes,    5161240 total
- age   8:      58888 bytes,    5220128 total
: 92952K->6441K(109248K), 0.0044959 secs] 227847K->141474K(502464K), 0.0045954 secs] [Times: user=0.00 sys=0.00, real=0.00 secs] 
Heap after GC invocations=77 (full 2):
 par new generation   total 109248K, used 6441K [0x00000000e0000000, 0x00000000e8000000, 0x00000000e8000000)
  eden space 87424K,   0% used [0x00000000e0000000, 0x00000000e0000000, 0x00000000e5560000)
  from space 21824K,  29% used [0x00000000e6ab0000, 0x00000000e70fa790, 0x00000000e8000000)
  to   space 21824K,   0% used [0x00000000e5560000, 0x00000000e5560000, 0x00000000e6ab0000)
 concurrent mark-sweep generation total 393216K, used 135032K [0x00000000e8000000, 0x0000000100000000, 0x0000000100000000)
 Metaspace       used 47783K, capacity 48332K, committed 48632K, reserved 1093632K
  class space    used 5212K, capacity 5343K, committed 5420K, reserved 1048576K
}
2016-06-21T09:21:11.448+0100: 1273.757: Total time for which application threads were stopped: 0.0048630 seconds, Stopping threads took: 0.0000371 seconds
{Heap before GC invocations=77 (full 2):
 par new generation   total 109248K, used 93865K [0x00000000e0000000, 0x00000000e8000000, 0x00000000e8000000)
  eden space 87424K, 100% used [0x00000000e0000000, 0x00000000e5560000, 0x00000000e5560000)
  from space 21824K,  29% used [0x00000000e6ab0000, 0x00000000e70fa790, 0x00000000e8000000)
  to   space 21824K,   0% used [0x00000000e5560000, 0x00000000e5560000, 0x00000000e6ab0000)
 concurrent mark-sweep generation total 393216K, used 135032K [0x00000000e8000000, 0x0000000100000000, 0x0000000100000000)
 Metaspace       used 47783K, capacity 48332K, committed 48632K, reserved 1093632K
  class space    used 5212K, capacity 5343K, committed 5420K, reserved 1048576K
2016-06-21T09:21:11.621+0100: 1273.929: [GC (Allocation Failure) 2016-06-21T09:21:11.621+0100: 1273.930: [ParNew
Desired survivor size 20112992 bytes, new threshold 8 (max 8)
- age   1:    1201304 bytes,    1201304 total
- age   2:      94032 bytes,    1295336 total
- age   3:    3090224 bytes,    4385560 total
- age   4:      11624 bytes,    4397184 total
- age   5:      26912 bytes,    4424096 total
- age   6:     125120 bytes,    4549216 total
- age   7:      13352 bytes,    4562568 total
- age   8:      43000 bytes,    4605568 total
: 93865K->5119K(109248K), 0.0037478 secs] 228898K->140209K(502464K), 0.0038485 secs] [Times: user=0.00 sys=0.02, real=0.00 secs] 
Heap after GC invocations=78 (full 2):
 par new generation   total 109248K, used 5119K [0x00000000e0000000, 0x00000000e8000000, 0x00000000e8000000)
  eden space 87424K,   0% used [0x00000000e0000000, 0x00000000e0000000, 0x00000000e5560000)
  from space 21824K,  23% used [0x00000000e5560000, 0x00000000e5a5fcf8, 0x00000000e6ab0000)
  to   space 21824K,   0% used [0x00000000e6ab0000, 0x00000000e6ab0000, 0x00000000e8000000)
 concurrent mark-sweep generation total 393216K, used 135089K [0x00000000e8000000, 0x0000000100000000, 0x0000000100000000)
 Metaspace       used 47783K, capacity 48332K, committed 48632K, reserved 1093632K
  class space    used 5212K, capacity 5343K, committed 5420K, reserved 1048576K
}
2016-06-21T09:21:11.625+0100: 1273.933: Total time for which application threads were stopped: 0.0041228 seconds, Stopping threads took: 0.0000359 seconds
{Heap before GC invocations=78 (full 2):
 par new generation   total 109248K, used 92543K [0x00000000e0000000, 0x00000000e8000000, 0x00000000e8000000)
  eden space 87424K, 100% used [0x00000000e0000000, 0x00000000e5560000, 0x00000000e5560000)
  from space 21824K,  23% used [0x00000000e5560000, 0x00000000e5a5fcf8, 0x00000000e6ab0000)
  to   space 21824K,   0% used [0x00000000e6ab0000, 0x00000000e6ab0000, 0x00000000e8000000)
 concurrent mark-sweep generation total 393216K, used 135089K [0x00000000e8000000, 0x0000000100000000, 0x0000000100000000)
 Metaspace       used 47783K, capacity 48332K, committed 48632K, reserved 1093632K
  class space    used 5212K, capacity 5343K, committed 5420K, reserved 1048576K
2016-06-21T09:21:11.862+0100: 1274.170: [GC (Allocation Failure) 2016-06-21T09:21:11.862+0100: 1274.170: [ParNew
Desired survivor size 20112992 bytes, new threshold 8 (max 8)
- age   1:     480808 bytes,     480808 total
- age   2:      42640 bytes,     523448 total
- age   3:      94032 bytes,     617480 total
- age   4:    3090224 bytes,    3707704 total
- age   5:      11624 bytes,    3719328 total
- age   6:      26912 bytes,    3746240 total
- age   7:     125120 bytes,    3871360 total
- age   8:      13352 bytes,    3884712 total
: 92543K->4367K(109248K), 0.0034356 secs] 227633K->139499K(502464K), 0.0035394 secs] [Times: user=0.00 sys=0.00, real=0.00 secs] 
Heap after GC invocations=79 (full 2):
 par new generation   total 109248K, used 4367K [0x00000000e0000000, 0x00000000e8000000, 0x00000000e8000000)
  eden space 87424K,   0% used [0x00000000e0000000, 0x00000000e0000000, 0x00000000e5560000)
  from space 21824K,  20% used [0x00000000e6ab0000, 0x00000000e6ef3d90, 0x00000000e8000000)
  to   space 21824K,   0% used [0x00000000e5560000, 0x00000000e5560000, 0x00000000e6ab0000)
 concurrent mark-sweep generation total 393216K, used 135132K [0x00000000e8000000, 0x0000000100000000, 0x0000000100000000)
 Metaspace       used 47783K, capacity 48332K, committed 48632K, reserved 1093632K
  class space    used 5212K, capacity 5343K, committed 5420K, reserved 1048576K
}
2016-06-21T09:21:11.865+0100: 1274.174: Total time for which application threads were stopped: 0.0039069 seconds, Stopping threads took: 0.0000853 seconds
{Heap before GC invocations=79 (full 2):
 par new generation   total 109248K, used 91791K [0x00000000e0000000, 0x00000000e8000000, 0x00000000e8000000)
  eden space 87424K, 100% used [0x00000000e0000000, 0x00000000e5560000, 0x00000000e5560000)
  from space 21824K,  20% used [0x00000000e6ab0000, 0x00000000e6ef3d90, 0x00000000e8000000)
  to   space 21824K,   0% used [0x00000000e5560000, 0x00000000e5560000, 0x00000000e6ab0000)
 concurrent mark-sweep generation total 393216K, used 135132K [0x00000000e8000000, 0x0000000100000000, 0x0000000100000000)
 Metaspace       used 47783K, capacity 48332K, committed 48632K, reserved 1093632K
  class space    used 5212K, capacity 5343K, committed 5420K, reserved 1048576K
2016-06-21T09:21:12.016+0100: 1274.325: [GC (Allocation Failure) 2016-06-21T09:21:12.016+0100: 1274.325: [ParNew
Desired survivor size 20112992 bytes, new threshold 8 (max 8)
- age   1:     604784 bytes,     604784 total
- age   2:      11728 bytes,     616512 total
- age   3:      42640 bytes,     659152 total
- age   4:      94032 bytes,     753184 total
- age   5:    3090224 bytes,    3843408 total
- age   6:      11624 bytes,    3855032 total
- age   7:      26912 bytes,    3881944 total
- age   8:     125120 bytes,    4007064 total
: 91791K->4205K(109248K), 0.0033266 secs] 226923K->139350K(502464K), 0.0034008 secs] [Times: user=0.00 sys=0.00, real=0.00 secs] 
Heap after GC invocations=80 (full 2):
 par new generation   total 109248K, used 4205K [0x00000000e0000000, 0x00000000e8000000, 0x00000000e8000000)
  eden space 87424K,   0% used [0x00000000e0000000, 0x00000000e0000000, 0x00000000e5560000)
  from space 21824K,  19% used [0x00000000e5560000, 0x00000000e597b540, 0x00000000e6ab0000)
  to   space 21824K,   0% used [0x00000000e6ab0000, 0x00000000e6ab0000, 0x00000000e8000000)
 concurrent mark-sweep generation total 393216K, used 135145K [0x00000000e8000000, 0x0000000100000000, 0x0000000100000000)
 Metaspace       used 47783K, capacity 48332K, committed 48632K, reserved 1093632K
  class space    used 5212K, capacity 5343K, committed 5420K, reserved 1048576K
}
2016-06-21T09:21:12.019+0100: 1274.328: Total time for which application threads were stopped: 0.0036839 seconds, Stopping threads took: 0.0000324 seconds
{Heap before GC invocations=80 (full 2):
 par new generation   total 109248K, used 91629K [0x00000000e0000000, 0x00000000e8000000, 0x00000000e8000000)
  eden space 87424K, 100% used [0x00000000e0000000, 0x00000000e5560000, 0x00000000e5560000)
  from space 21824K,  19% used [0x00000000e5560000, 0x00000000e597b540, 0x00000000e6ab0000)
  to   space 21824K,   0% used [0x00000000e6ab0000, 0x00000000e6ab0000, 0x00000000e8000000)
 concurrent mark-sweep generation total 393216K, used 135145K [0x00000000e8000000, 0x0000000100000000, 0x0000000100000000)
 Metaspace       used 47783K, capacity 48332K, committed 48632K, reserved 1093632K
  class space    used 5212K, capacity 5343K, committed 5420K, reserved 1048576K
2016-06-21T09:21:12.220+0100: 1274.528: [GC (Allocation Failure) 2016-06-21T09:21:12.220+0100: 1274.528: [ParNew
Desired survivor size 20112992 bytes, new threshold 8 (max 8)
- age   1:    1597664 bytes,    1597664 total
- age   2:      76528 bytes,    1674192 total
- age   3:      11728 bytes,    1685920 total
- age   4:      42640 bytes,    1728560 total
- age   5:      94032 bytes,    1822592 total
- age   6:    3090224 bytes,    4912816 total
- age   7:      11624 bytes,    4924440 total
- age   8:      26912 bytes,    4951352 total
: 91629K->5148K(109248K), 0.0052704 secs] 226774K->140416K(502464K), 0.0053446 secs] [Times: user=0.00 sys=0.00, real=0.00 secs] 
Heap after GC invocations=81 (full 2):
 par new generation   total 109248K, used 5148K [0x00000000e0000000, 0x00000000e8000000, 0x00000000e8000000)
  eden space 87424K,   0% used [0x00000000e0000000, 0x00000000e0000000, 0x00000000e5560000)
  from space 21824K,  23% used [0x00000000e6ab0000, 0x00000000e6fb71c8, 0x00000000e8000000)
  to   space 21824K,   0% used [0x00000000e5560000, 0x00000000e5560000, 0x00000000e6ab0000)
 concurrent mark-sweep generation total 393216K, used 135267K [0x00000000e8000000, 0x0000000100000000, 0x0000000100000000)
 Metaspace       used 47783K, capacity 48332K, committed 48632K, reserved 1093632K
  class space    used 5212K, capacity 5343K, committed 5420K, reserved 1048576K
}
2016-06-21T09:21:12.225+0100: 1274.534: Total time for which application threads were stopped: 0.0056079 seconds, Stopping threads took: 0.0000347 seconds
{Heap before GC invocations=81 (full 2):
 par new generation   total 109248K, used 92572K [0x00000000e0000000, 0x00000000e8000000, 0x00000000e8000000)
  eden space 87424K, 100% used [0x00000000e0000000, 0x00000000e5560000, 0x00000000e5560000)
  from space 21824K,  23% used [0x00000000e6ab0000, 0x00000000e6fb71c8, 0x00000000e8000000)
  to   space 21824K,   0% used [0x00000000e5560000, 0x00000000e5560000, 0x00000000e6ab0000)
 concurrent mark-sweep generation total 393216K, used 135267K [0x00000000e8000000, 0x0000000100000000, 0x0000000100000000)
 Metaspace       used 47783K, capacity 48332K, committed 48632K, reserved 1093632K
  class space    used 5212K, capacity 5343K, committed 5420K, reserved 1048576K
2016-06-21T09:21:12.512+0100: 1274.820: [GC (Allocation Failure) 2016-06-21T09:21:12.512+0100: 1274.820: [ParNew
Desired survivor size 20112992 bytes, new threshold 8 (max 8)
- age   1:    1642360 bytes,    1642360 total
- age   2:     125200 bytes,    1767560 total
- age   3:      76528 bytes,    1844088 total
- age   4:      11728 bytes,    1855816 total
- age   5:      42640 bytes,    1898456 total
- age   6:      94032 bytes,    1992488 total
- age   7:    3090224 bytes,    5082712 total
- age   8:      11624 bytes,    5094336 total
: 92572K->5794K(109248K), 0.0042808 secs] 227840K->141089K(502464K), 0.0044252 secs] [Times: user=0.06 sys=0.00, real=0.00 secs] 
Heap after GC invocations=82 (full 2):
 par new generation   total 109248K, used 5794K [0x00000000e0000000, 0x00000000e8000000, 0x00000000e8000000)
  eden space 87424K,   0% used [0x00000000e0000000, 0x00000000e0000000, 0x00000000e5560000)
  from space 21824K,  26% used [0x00000000e5560000, 0x00000000e5b08aa0, 0x00000000e6ab0000)
  to   space 21824K,   0% used [0x00000000e6ab0000, 0x00000000e6ab0000, 0x00000000e8000000)
 concurrent mark-sweep generation total 393216K, used 135294K [0x00000000e8000000, 0x0000000100000000, 0x0000000100000000)
 Metaspace       used 47783K, capacity 48332K, committed 48632K, reserved 1093632K
  class space    used 5212K, capacity 5343K, committed 5420K, reserved 1048576K
}
2016-06-21T09:21:12.516+0100: 1274.825: Total time for which application threads were stopped: 0.0047545 seconds, Stopping threads took: 0.0000545 seconds
{Heap before GC invocations=82 (full 2):
 par new generation   total 109248K, used 93218K [0x00000000e0000000, 0x00000000e8000000, 0x00000000e8000000)
  eden space 87424K, 100% used [0x00000000e0000000, 0x00000000e5560000, 0x00000000e5560000)
  from space 21824K,  26% used [0x00000000e5560000, 0x00000000e5b08aa0, 0x00000000e6ab0000)
  to   space 21824K,   0% used [0x00000000e6ab0000, 0x00000000e6ab0000, 0x00000000e8000000)
 concurrent mark-sweep generation total 393216K, used 135294K [0x00000000e8000000, 0x0000000100000000, 0x0000000100000000)
 Metaspace       used 47783K, capacity 48332K, committed 48632K, reserved 1093632K
  class space    used 5212K, capacity 5343K, committed 5420K, reserved 1048576K
2016-06-21T09:21:12.679+0100: 1274.987: [GC (Allocation Failure) 2016-06-21T09:21:12.679+0100: 1274.987: [ParNew
Desired survivor size 20112992 bytes, new threshold 8 (max 8)
- age   1:    1396904 bytes,    1396904 total
- age   2:      10960 bytes,    1407864 total
- age   3:     125200 bytes,    1533064 total
- age   4:      76528 bytes,    1609592 total
- age   5:      11728 bytes,    1621320 total
- age   6:      42640 bytes,    1663960 total
- age   7:      94032 bytes,    1757992 total
- age   8:    3090224 bytes,    4848216 total
: 93218K->5403K(109248K), 0.0048149 secs] 228513K->140709K(502464K), 0.0049132 secs] [Times: user=0.00 sys=0.00, real=0.01 secs] 
Heap after GC invocations=83 (full 2):
 par new generation   total 109248K, used 5403K [0x00000000e0000000, 0x00000000e8000000, 0x00000000e8000000)
  eden space 87424K,   0% used [0x00000000e0000000, 0x00000000e0000000, 0x00000000e5560000)
  from space 21824K,  24% used [0x00000000e6ab0000, 0x00000000e6ff6d38, 0x00000000e8000000)
  to   space 21824K,   0% used [0x00000000e5560000, 0x00000000e5560000, 0x00000000e6ab0000)
 concurrent mark-sweep generation total 393216K, used 135306K [0x00000000e8000000, 0x0000000100000000, 0x0000000100000000)
 Metaspace       used 47783K, capacity 48332K, committed 48632K, reserved 1093632K
  class space    used 5212K, capacity 5343K, committed 5420K, reserved 1048576K
}
2016-06-21T09:21:12.684+0100: 1274.992: Total time for which application threads were stopped: 0.0052163 seconds, Stopping threads took: 0.0000324 seconds
{Heap before GC invocations=83 (full 2):
 par new generation   total 109248K, used 92827K [0x00000000e0000000, 0x00000000e8000000, 0x00000000e8000000)
  eden space 87424K, 100% used [0x00000000e0000000, 0x00000000e5560000, 0x00000000e5560000)
  from space 21824K,  24% used [0x00000000e6ab0000, 0x00000000e6ff6d38, 0x00000000e8000000)
  to   space 21824K,   0% used [0x00000000e5560000, 0x00000000e5560000, 0x00000000e6ab0000)
 concurrent mark-sweep generation total 393216K, used 135306K [0x00000000e8000000, 0x0000000100000000, 0x0000000100000000)
 Metaspace       used 47783K, capacity 48332K, committed 48632K, reserved 1093632K
  class space    used 5212K, capacity 5343K, committed 5420K, reserved 1048576K
2016-06-21T09:21:12.843+0100: 1275.151: [GC (Allocation Failure) 2016-06-21T09:21:12.843+0100: 1275.151: [ParNew
Desired survivor size 20112992 bytes, new threshold 8 (max 8)
- age   1:    1826488 bytes,    1826488 total
- age   2:      26352 bytes,    1852840 total
- age   3:      10960 bytes,    1863800 total
- age   4:     125200 bytes,    1989000 total
- age   5:      76528 bytes,    2065528 total
- age   6:      11728 bytes,    2077256 total
- age   7:      42640 bytes,    2119896 total
- age   8:      94032 bytes,    2213928 total
: 92827K->2769K(109248K), 0.0082710 secs] 228133K->141093K(502464K), 0.0083618 secs] [Times: user=0.00 sys=0.00, real=0.01 secs] 
Heap after GC invocations=84 (full 2):
 par new generation   total 109248K, used 2769K [0x00000000e0000000, 0x00000000e8000000, 0x00000000e8000000)
  eden space 87424K,   0% used [0x00000000e0000000, 0x00000000e0000000, 0x00000000e5560000)
  from space 21824K,  12% used [0x00000000e5560000, 0x00000000e5814450, 0x00000000e6ab0000)
  to   space 21824K,   0% used [0x00000000e6ab0000, 0x00000000e6ab0000, 0x00000000e8000000)
 concurrent mark-sweep generation total 393216K, used 138324K [0x00000000e8000000, 0x0000000100000000, 0x0000000100000000)
 Metaspace       used 47783K, capacity 48332K, committed 48632K, reserved 1093632K
  class space    used 5212K, capacity 5343K, committed 5420K, reserved 1048576K
}
2016-06-21T09:21:12.851+0100: 1275.159: Total time for which application threads were stopped: 0.0086456 seconds, Stopping threads took: 0.0000343 seconds
{Heap before GC invocations=84 (full 2):
 par new generation   total 109248K, used 90193K [0x00000000e0000000, 0x00000000e8000000, 0x00000000e8000000)
  eden space 87424K, 100% used [0x00000000e0000000, 0x00000000e5560000, 0x00000000e5560000)
  from space 21824K,  12% used [0x00000000e5560000, 0x00000000e5814450, 0x00000000e6ab0000)
  to   space 21824K,   0% used [0x00000000e6ab0000, 0x00000000e6ab0000, 0x00000000e8000000)
 concurrent mark-sweep generation total 393216K, used 138324K [0x00000000e8000000, 0x0000000100000000, 0x0000000100000000)
 Metaspace       used 47783K, capacity 48332K, committed 48632K, reserved 1093632K
  class space    used 5212K, capacity 5343K, committed 5420K, reserved 1048576K
2016-06-21T09:21:13.042+0100: 1275.350: [GC (Allocation Failure) 2016-06-21T09:21:13.042+0100: 1275.350: [ParNew
Desired survivor size 20112992 bytes, new threshold 8 (max 8)
- age   1:     438704 bytes,     438704 total
- age   2:      43064 bytes,     481768 total
- age   3:      26352 bytes,     508120 total
- age   4:      10960 bytes,     519080 total
- age   5:     125200 bytes,     644280 total
- age   6:      76528 bytes,     720808 total
- age   7:      11728 bytes,     732536 total
- age   8:      42640 bytes,     775176 total
: 90193K->1873K(109248K), 0.0032789 secs] 228517K->140289K(502464K), 0.0033483 secs] [Times: user=0.00 sys=0.00, real=0.00 secs] 
Heap after GC invocations=85 (full 2):
 par new generation   total 109248K, used 1873K [0x00000000e0000000, 0x00000000e8000000, 0x00000000e8000000)
  eden space 87424K,   0% used [0x00000000e0000000, 0x00000000e0000000, 0x00000000e5560000)
  from space 21824K,   8% used [0x00000000e6ab0000, 0x00000000e6c84520, 0x00000000e8000000)
  to   space 21824K,   0% used [0x00000000e5560000, 0x00000000e5560000, 0x00000000e6ab0000)
 concurrent mark-sweep generation total 393216K, used 138416K [0x00000000e8000000, 0x0000000100000000, 0x0000000100000000)
 Metaspace       used 47783K, capacity 48332K, committed 48632K, reserved 1093632K
  class space    used 5212K, capacity 5343K, committed 5420K, reserved 1048576K
}
2016-06-21T09:21:13.045+0100: 1275.354: Total time for which application threads were stopped: 0.0035816 seconds, Stopping threads took: 0.0000209 seconds
{Heap before GC invocations=85 (full 2):
 par new generation   total 109248K, used 89297K [0x00000000e0000000, 0x00000000e8000000, 0x00000000e8000000)
  eden space 87424K, 100% used [0x00000000e0000000, 0x00000000e5560000, 0x00000000e5560000)
  from space 21824K,   8% used [0x00000000e6ab0000, 0x00000000e6c84520, 0x00000000e8000000)
  to   space 21824K,   0% used [0x00000000e5560000, 0x00000000e5560000, 0x00000000e6ab0000)
 concurrent mark-sweep generation total 393216K, used 138416K [0x00000000e8000000, 0x0000000100000000, 0x0000000100000000)
 Metaspace       used 47783K, capacity 48332K, committed 48632K, reserved 1093632K
  class space    used 5212K, capacity 5343K, committed 5420K, reserved 1048576K
2016-06-21T09:21:13.246+0100: 1275.555: [GC (Allocation Failure) 2016-06-21T09:21:13.246+0100: 1275.555: [ParNew
Desired survivor size 20112992 bytes, new threshold 8 (max 8)
- age   1:    1892992 bytes,    1892992 total
- age   2:      91376 bytes,    1984368 total
- age   3:      43064 bytes,    2027432 total
- age   4:      26352 bytes,    2053784 total
- age   5:      10960 bytes,    2064744 total
- age   6:     125200 bytes,    2189944 total
- age   7:      76528 bytes,    2266472 total
- age   8:      11728 bytes,    2278200 total
: 89297K->2454K(109248K), 0.0039965 secs] 227713K->140912K(502464K), 0.0040636 secs] [Times: user=0.06 sys=0.00, real=0.00 secs] 
Heap after GC invocations=86 (full 2):
 par new generation   total 109248K, used 2454K [0x00000000e0000000, 0x00000000e8000000, 0x00000000e8000000)
  eden space 87424K,   0% used [0x00000000e0000000, 0x00000000e0000000, 0x00000000e5560000)
  from space 21824K,  11% used [0x00000000e5560000, 0x00000000e57c5930, 0x00000000e6ab0000)
  to   space 21824K,   0% used [0x00000000e6ab0000, 0x00000000e6ab0000, 0x00000000e8000000)
 concurrent mark-sweep generation total 393216K, used 138458K [0x00000000e8000000, 0x0000000100000000, 0x0000000100000000)
 Metaspace       used 47783K, capacity 48332K, committed 48632K, reserved 1093632K
  class space    used 5212K, capacity 5343K, committed 5420K, reserved 1048576K
}
2016-06-21T09:21:13.250+0100: 1275.559: Total time for which application threads were stopped: 0.0043001 seconds, Stopping threads took: 0.0000296 seconds
2016-06-21T09:21:15.251+0100: 1277.559: Total time for which application threads were stopped: 0.0001003 seconds, Stopping threads took: 0.0000264 seconds
{Heap before GC invocations=86 (full 2):
 par new generation   total 109248K, used 89878K [0x00000000e0000000, 0x00000000e8000000, 0x00000000e8000000)
  eden space 87424K, 100% used [0x00000000e0000000, 0x00000000e5560000, 0x00000000e5560000)
  from space 21824K,  11% used [0x00000000e5560000, 0x00000000e57c5930, 0x00000000e6ab0000)
  to   space 21824K,   0% used [0x00000000e6ab0000, 0x00000000e6ab0000, 0x00000000e8000000)
 concurrent mark-sweep generation total 393216K, used 138458K [0x00000000e8000000, 0x0000000100000000, 0x0000000100000000)
 Metaspace       used 47804K, capacity 48332K, committed 48632K, reserved 1093632K
  class space    used 5212K, capacity 5343K, committed 5420K, reserved 1048576K
2016-06-21T09:21:16.192+0100: 1278.501: [GC (Allocation Failure) 2016-06-21T09:21:16.192+0100: 1278.501: [ParNew
Desired survivor size 20112992 bytes, new threshold 8 (max 8)
- age   1:   14455256 bytes,   14455256 total
- age   2:       8424 bytes,   14463680 total
- age   3:       9376 bytes,   14473056 total
- age   4:      10264 bytes,   14483320 total
- age   5:       9952 bytes,   14493272 total
- age   6:      10960 bytes,   14504232 total
- age   7:      10400 bytes,   14514632 total
- age   8:      10928 bytes,   14525560 total
: 89878K->15380K(109248K), 0.0058764 secs] 228336K->153850K(502464K), 0.0059739 secs] [Times: user=0.00 sys=0.00, real=0.01 secs] 
Heap after GC invocations=87 (full 2):
 par new generation   total 109248K, used 15380K [0x00000000e0000000, 0x00000000e8000000, 0x00000000e8000000)
  eden space 87424K,   0% used [0x00000000e0000000, 0x00000000e0000000, 0x00000000e5560000)
  from space 21824K,  70% used [0x00000000e6ab0000, 0x00000000e79b50c0, 0x00000000e8000000)
  to   space 21824K,   0% used [0x00000000e5560000, 0x00000000e5560000, 0x00000000e6ab0000)
 concurrent mark-sweep generation total 393216K, used 138469K [0x00000000e8000000, 0x0000000100000000, 0x0000000100000000)
 Metaspace       used 47804K, capacity 48332K, committed 48632K, reserved 1093632K
  class space    used 5212K, capacity 5343K, committed 5420K, reserved 1048576K
}
2016-06-21T09:21:16.198+0100: 1278.507: Total time for which application threads were stopped: 0.0062510 seconds, Stopping threads took: 0.0000272 seconds
2016-06-21T09:21:16.198+0100: 1278.507: Total time for which application threads were stopped: 0.0000943 seconds, Stopping threads took: 0.0000241 seconds
2016-06-21T09:21:17.198+0100: 1279.507: Total time for which application threads were stopped: 0.0001547 seconds, Stopping threads took: 0.0000328 seconds
{Heap before GC invocations=87 (full 2):
 par new generation   total 109248K, used 102798K [0x00000000e0000000, 0x00000000e8000000, 0x00000000e8000000)
  eden space 87424K,  99% used [0x00000000e0000000, 0x00000000e555e990, 0x00000000e5560000)
  from space 21824K,  70% used [0x00000000e6ab0000, 0x00000000e79b50c0, 0x00000000e8000000)
  to   space 21824K,   0% used [0x00000000e5560000, 0x00000000e5560000, 0x00000000e6ab0000)
 concurrent mark-sweep generation total 393216K, used 138469K [0x00000000e8000000, 0x0000000100000000, 0x0000000100000000)
 Metaspace       used 47863K, capacity 48396K, committed 48632K, reserved 1093632K
  class space    used 5213K, capacity 5343K, committed 5420K, reserved 1048576K
2016-06-21T09:21:17.699+0100: 1280.008: [GC (Allocation Failure) 2016-06-21T09:21:17.699+0100: 1280.008: [ParNew
Desired survivor size 20112992 bytes, new threshold 8 (max 8)
- age   1:     350568 bytes,     350568 total
- age   2:   14104128 bytes,   14454696 total
- age   3:       8424 bytes,   14463120 total
- age   4:       9376 bytes,   14472496 total
- age   5:      10264 bytes,   14482760 total
- age   6:       9952 bytes,   14492712 total
- age   7:      10960 bytes,   14503672 total
- age   8:      10400 bytes,   14514072 total
: 102798K->14497K(109248K), 0.0061176 secs] 241268K->152978K(502464K), 0.0061985 secs] [Times: user=0.06 sys=0.00, real=0.01 secs] 
Heap after GC invocations=88 (full 2):
 par new generation   total 109248K, used 14497K [0x00000000e0000000, 0x00000000e8000000, 0x00000000e8000000)
  eden space 87424K,   0% used [0x00000000e0000000, 0x00000000e0000000, 0x00000000e5560000)
  from space 21824K,  66% used [0x00000000e5560000, 0x00000000e63885e8, 0x00000000e6ab0000)
  to   space 21824K,   0% used [0x00000000e6ab0000, 0x00000000e6ab0000, 0x00000000e8000000)
 concurrent mark-sweep generation total 393216K, used 138480K [0x00000000e8000000, 0x0000000100000000, 0x0000000100000000)
 Metaspace       used 47863K, capacity 48396K, committed 48632K, reserved 1093632K
  class space    used 5213K, capacity 5343K, committed 5420K, reserved 1048576K
}
2016-06-21T09:21:17.705+0100: 1280.014: Total time for which application threads were stopped: 0.0064389 seconds, Stopping threads took: 0.0000201 seconds
2016-06-21T09:21:17.705+0100: 1280.014: Total time for which application threads were stopped: 0.0001370 seconds, Stopping threads took: 0.0000478 seconds
{Heap before GC invocations=88 (full 2):
 par new generation   total 109248K, used 101921K [0x00000000e0000000, 0x00000000e8000000, 0x00000000e8000000)
  eden space 87424K, 100% used [0x00000000e0000000, 0x00000000e5560000, 0x00000000e5560000)
  from space 21824K,  66% used [0x00000000e5560000, 0x00000000e63885e8, 0x00000000e6ab0000)
  to   space 21824K,   0% used [0x00000000e6ab0000, 0x00000000e6ab0000, 0x00000000e8000000)
 concurrent mark-sweep generation total 393216K, used 138480K [0x00000000e8000000, 0x0000000100000000, 0x0000000100000000)
 Metaspace       used 47864K, capacity 48396K, committed 48632K, reserved 1093632K
  class space    used 5213K, capacity 5343K, committed 5420K, reserved 1048576K
2016-06-21T09:21:18.076+0100: 1280.384: [GC (Allocation Failure) 2016-06-21T09:21:18.076+0100: 1280.384: [ParNew
Desired survivor size 20112992 bytes, new threshold 8 (max 8)
- age   1:    3411880 bytes,    3411880 total
- age   2:     112312 bytes,    3524192 total
- age   3:   14103736 bytes,   17627928 total
- age   4:       8424 bytes,   17636352 total
- age   5:       9376 bytes,   17645728 total
- age   6:      10264 bytes,   17655992 total
- age   7:       9952 bytes,   17665944 total
- age   8:      10960 bytes,   17676904 total
: 101921K->17471K(109248K), 0.0062494 secs] 240402K->155963K(502464K), 0.0063331 secs] [Times: user=0.06 sys=0.00, real=0.01 secs] 
Heap after GC invocations=89 (full 2):
 par new generation   total 109248K, used 17471K [0x00000000e0000000, 0x00000000e8000000, 0x00000000e8000000)
  eden space 87424K,   0% used [0x00000000e0000000, 0x00000000e0000000, 0x00000000e5560000)
  from space 21824K,  80% used [0x00000000e6ab0000, 0x00000000e7bbff20, 0x00000000e8000000)
  to   space 21824K,   0% used [0x00000000e5560000, 0x00000000e5560000, 0x00000000e6ab0000)
 concurrent mark-sweep generation total 393216K, used 138491K [0x00000000e8000000, 0x0000000100000000, 0x0000000100000000)
 Metaspace       used 47864K, capacity 48396K, committed 48632K, reserved 1093632K
  class space    used 5213K, capacity 5343K, committed 5420K, reserved 1048576K
}
2016-06-21T09:21:18.082+0100: 1280.390: Total time for which application threads were stopped: 0.0066221 seconds, Stopping threads took: 0.0000379 seconds
{Heap before GC invocations=89 (full 2):
 par new generation   total 109248K, used 104895K [0x00000000e0000000, 0x00000000e8000000, 0x00000000e8000000)
  eden space 87424K, 100% used [0x00000000e0000000, 0x00000000e5560000, 0x00000000e5560000)
  from space 21824K,  80% used [0x00000000e6ab0000, 0x00000000e7bbff20, 0x00000000e8000000)
  to   space 21824K,   0% used [0x00000000e5560000, 0x00000000e5560000, 0x00000000e6ab0000)
 concurrent mark-sweep generation total 393216K, used 138491K [0x00000000e8000000, 0x0000000100000000, 0x0000000100000000)
 Metaspace       used 47864K, capacity 48396K, committed 48632K, reserved 1093632K
  class space    used 5213K, capacity 5343K, committed 5420K, reserved 1048576K
2016-06-21T09:21:18.253+0100: 1280.561: [GC (Allocation Failure) 2016-06-21T09:21:18.253+0100: 1280.561: [ParNew
Desired survivor size 20112992 bytes, new threshold 8 (max 8)
- age   1:    1363712 bytes,    1363712 total
- age   2:    2847168 bytes,    4210880 total
- age   3:     112312 bytes,    4323192 total
- age   4:   14103736 bytes,   18426928 total
- age   5:       8424 bytes,   18435352 total
- age   6:       9376 bytes,   18444728 total
- age   7:      10264 bytes,   18454992 total
- age   8:       9952 bytes,   18464944 total
: 104895K->19500K(109248K), 0.0059289 secs] 243387K->158002K(502464K), 0.0059944 secs] [Times: user=0.00 sys=0.00, real=0.01 secs] 
Heap after GC invocations=90 (full 2):
 par new generation   total 109248K, used 19500K [0x00000000e0000000, 0x00000000e8000000, 0x00000000e8000000)
  eden space 87424K,   0% used [0x00000000e0000000, 0x00000000e0000000, 0x00000000e5560000)
  from space 21824K,  89% used [0x00000000e5560000, 0x00000000e686b2b0, 0x00000000e6ab0000)
  to   space 21824K,   0% used [0x00000000e6ab0000, 0x00000000e6ab0000, 0x00000000e8000000)
 concurrent mark-sweep generation total 393216K, used 138502K [0x00000000e8000000, 0x0000000100000000, 0x0000000100000000)
 Metaspace       used 47864K, capacity 48396K, committed 48632K, reserved 1093632K
  class space    used 5213K, capacity 5343K, committed 5420K, reserved 1048576K
}
2016-06-21T09:21:18.259+0100: 1280.567: Total time for which application threads were stopped: 0.0062091 seconds, Stopping threads took: 0.0000292 seconds
{Heap before GC invocations=90 (full 2):
 par new generation   total 109248K, used 106924K [0x00000000e0000000, 0x00000000e8000000, 0x00000000e8000000)
  eden space 87424K, 100% used [0x00000000e0000000, 0x00000000e5560000, 0x00000000e5560000)
  from space 21824K,  89% used [0x00000000e5560000, 0x00000000e686b2b0, 0x00000000e6ab0000)
  to   space 21824K,   0% used [0x00000000e6ab0000, 0x00000000e6ab0000, 0x00000000e8000000)
 concurrent mark-sweep generation total 393216K, used 138502K [0x00000000e8000000, 0x0000000100000000, 0x0000000100000000)
 Metaspace       used 47864K, capacity 48396K, committed 48632K, reserved 1093632K
  class space    used 5213K, capacity 5343K, committed 5420K, reserved 1048576K
2016-06-21T09:21:18.435+0100: 1280.744: [GC (Allocation Failure) 2016-06-21T09:21:18.435+0100: 1280.744: [ParNew
Desired survivor size 20112992 bytes, new threshold 5 (max 8)
- age   1:    2926392 bytes,    2926392 total
- age   2:     470376 bytes,    3396768 total
- age   3:    2840928 bytes,    6237696 total
- age   4:     112312 bytes,    6350008 total
- age   5:   14103736 bytes,   20453744 total
- age   6:       8424 bytes,   20462168 total
- age   7:       9376 bytes,   20471544 total
- age   8:      10264 bytes,   20481808 total
: 106924K->21585K(109248K), 0.0062605 secs] 245426K->160097K(502464K), 0.0063327 secs] [Times: user=0.06 sys=0.00, real=0.01 secs] 
Heap after GC invocations=91 (full 2):
 par new generation   total 109248K, used 21585K [0x00000000e0000000, 0x00000000e8000000, 0x00000000e8000000)
  eden space 87424K,   0% used [0x00000000e0000000, 0x00000000e0000000, 0x00000000e5560000)
  from space 21824K,  98% used [0x00000000e6ab0000, 0x00000000e7fc46d0, 0x00000000e8000000)
  to   space 21824K,   0% used [0x00000000e5560000, 0x00000000e5560000, 0x00000000e6ab0000)
 concurrent mark-sweep generation total 393216K, used 138512K [0x00000000e8000000, 0x0000000100000000, 0x0000000100000000)
 Metaspace       used 47864K, capacity 48396K, committed 48632K, reserved 1093632K
  class space    used 5213K, capacity 5343K, committed 5420K, reserved 1048576K
}
2016-06-21T09:21:18.442+0100: 1280.750: Total time for which application threads were stopped: 0.0071806 seconds, Stopping threads took: 0.0006127 seconds
2016-06-21T09:21:19.443+0100: 1281.752: Total time for which application threads were stopped: 0.0000947 seconds, Stopping threads took: 0.0000217 seconds
2016-06-21T09:21:20.444+0100: 1282.753: Total time for which application threads were stopped: 0.0005708 seconds, Stopping threads took: 0.0004800 seconds
2016-06-21T09:28:05.657+0100: 1687.966: Total time for which application threads were stopped: 0.0001212 seconds, Stopping threads took: 0.0000379 seconds
2016-06-21T09:28:54.023+0100: 1736.331: Total time for which application threads were stopped: 0.0001421 seconds, Stopping threads took: 0.0000280 seconds
2016-06-21T09:28:54.089+0100: 1736.398: Total time for which application threads were stopped: 0.0000853 seconds, Stopping threads took: 0.0000292 seconds
2016-06-21T09:28:58.090+0100: 1740.398: Total time for which application threads were stopped: 0.0000726 seconds, Stopping threads took: 0.0000205 seconds
2016-06-21T09:28:58.415+0100: 1740.724: Total time for which application threads were stopped: 0.0012897 seconds, Stopping threads took: 0.0000249 seconds
2016-06-21T09:28:58.417+0100: 1740.725: Total time for which application threads were stopped: 0.0008535 seconds, Stopping threads took: 0.0000253 seconds
2016-06-21T09:28:59.417+0100: 1741.726: Total time for which application threads were stopped: 0.0007374 seconds, Stopping threads took: 0.0006371 seconds
{Heap before GC invocations=91 (full 2):
 par new generation   total 109248K, used 109009K [0x00000000e0000000, 0x00000000e8000000, 0x00000000e8000000)
  eden space 87424K, 100% used [0x00000000e0000000, 0x00000000e5560000, 0x00000000e5560000)
  from space 21824K,  98% used [0x00000000e6ab0000, 0x00000000e7fc46d0, 0x00000000e8000000)
  to   space 21824K,   0% used [0x00000000e5560000, 0x00000000e5560000, 0x00000000e6ab0000)
 concurrent mark-sweep generation total 393216K, used 138512K [0x00000000e8000000, 0x0000000100000000, 0x0000000100000000)
 Metaspace       used 48009K, capacity 48510K, committed 48888K, reserved 1093632K
  class space    used 5222K, capacity 5378K, committed 5420K, reserved 1048576K
2016-06-21T09:28:59.814+0100: 1742.122: [GC (Allocation Failure) 2016-06-21T09:28:59.814+0100: 1742.122: [ParNew
Desired survivor size 20112992 bytes, new threshold 8 (max 8)
- age   1:     371656 bytes,     371656 total
- age   4:      43296 bytes,     414952 total
- age   5:      28848 bytes,     443800 total
: 109009K->4776K(109248K), 0.0103817 secs] 247521K->157032K(502464K), 0.0104871 secs] [Times: user=0.00 sys=0.00, real=0.01 secs] 
Heap after GC invocations=92 (full 2):
 par new generation   total 109248K, used 4776K [0x00000000e0000000, 0x00000000e8000000, 0x00000000e8000000)
  eden space 87424K,   0% used [0x00000000e0000000, 0x00000000e0000000, 0x00000000e5560000)
  from space 21824K,  21% used [0x00000000e5560000, 0x00000000e5a0a080, 0x00000000e6ab0000)
  to   space 21824K,   0% used [0x00000000e6ab0000, 0x00000000e6ab0000, 0x00000000e8000000)
 concurrent mark-sweep generation total 393216K, used 152256K [0x00000000e8000000, 0x0000000100000000, 0x0000000100000000)
 Metaspace       used 48009K, capacity 48510K, committed 48888K, reserved 1093632K
  class space    used 5222K, capacity 5378K, committed 5420K, reserved 1048576K
}
2016-06-21T09:28:59.824+0100: 1742.132: Total time for which application threads were stopped: 0.0108752 seconds, Stopping threads took: 0.0001528 seconds
2016-06-21T09:28:59.824+0100: 1742.133: Total time for which application threads were stopped: 0.0001121 seconds, Stopping threads took: 0.0000308 seconds
2016-06-21T09:29:00.830+0100: 1743.139: Total time for which application threads were stopped: 0.0058085 seconds, Stopping threads took: 0.0057216 seconds
2016-06-21T09:29:03.835+0100: 1746.144: Total time for which application threads were stopped: 0.0000908 seconds, Stopping threads took: 0.0000292 seconds
2016-06-21T09:29:04.836+0100: 1747.144: Total time for which application threads were stopped: 0.0000754 seconds, Stopping threads took: 0.0000241 seconds
2016-06-21T09:29:05.836+0100: 1748.144: Total time for which application threads were stopped: 0.0001240 seconds, Stopping threads took: 0.0000332 seconds
2016-06-21T09:29:06.836+0100: 1749.144: Total time for which application threads were stopped: 0.0001540 seconds, Stopping threads took: 0.0000328 seconds
2016-06-21T09:29:07.836+0100: 1750.145: Total time for which application threads were stopped: 0.0001018 seconds, Stopping threads took: 0.0000312 seconds
2016-06-21T09:29:16.840+0100: 1759.148: Total time for which application threads were stopped: 0.0000987 seconds, Stopping threads took: 0.0000272 seconds
2016-06-21T09:29:17.841+0100: 1760.149: Total time for which application threads were stopped: 0.0000979 seconds, Stopping threads took: 0.0000261 seconds
{Heap before GC invocations=92 (full 2):
 par new generation   total 109248K, used 92200K [0x00000000e0000000, 0x00000000e8000000, 0x00000000e8000000)
  eden space 87424K, 100% used [0x00000000e0000000, 0x00000000e5560000, 0x00000000e5560000)
  from space 21824K,  21% used [0x00000000e5560000, 0x00000000e5a0a080, 0x00000000e6ab0000)
  to   space 21824K,   0% used [0x00000000e6ab0000, 0x00000000e6ab0000, 0x00000000e8000000)
 concurrent mark-sweep generation total 393216K, used 152256K [0x00000000e8000000, 0x0000000100000000, 0x0000000100000000)
 Metaspace       used 48129K, capacity 48740K, committed 48888K, reserved 1093632K
  class space    used 5231K, capacity 5395K, committed 5420K, reserved 1048576K
2016-06-21T09:29:18.146+0100: 1760.454: [GC (Allocation Failure) 2016-06-21T09:29:18.146+0100: 1760.454: [ParNew
Desired survivor size 20112992 bytes, new threshold 8 (max 8)
- age   1:     821920 bytes,     821920 total
- age   2:      77032 bytes,     898952 total
- age   6:      28528 bytes,     927480 total
: 92200K->1543K(109248K), 0.0039188 secs] 244456K->153799K(502464K), 0.0040210 secs] [Times: user=0.00 sys=0.00, real=0.00 secs] 
Heap after GC invocations=93 (full 2):
 par new generation   total 109248K, used 1543K [0x00000000e0000000, 0x00000000e8000000, 0x00000000e8000000)
  eden space 87424K,   0% used [0x00000000e0000000, 0x00000000e0000000, 0x00000000e5560000)
  from space 21824K,   7% used [0x00000000e6ab0000, 0x00000000e6c31d20, 0x00000000e8000000)
  to   space 21824K,   0% used [0x00000000e5560000, 0x00000000e5560000, 0x00000000e6ab0000)
 concurrent mark-sweep generation total 393216K, used 152256K [0x00000000e8000000, 0x0000000100000000, 0x0000000100000000)
 Metaspace       used 48129K, capacity 48740K, committed 48888K, reserved 1093632K
  class space    used 5231K, capacity 5395K, committed 5420K, reserved 1048576K
}
2016-06-21T09:29:18.150+0100: 1760.458: Total time for which application threads were stopped: 0.0042859 seconds, Stopping threads took: 0.0000347 seconds
2016-06-21T09:29:54.168+0100: 1796.476: Total time for which application threads were stopped: 0.0000813 seconds, Stopping threads took: 0.0000257 seconds
2016-06-21T09:33:35.585+0100: 2017.893: Total time for which application threads were stopped: 0.0001619 seconds, Stopping threads took: 0.0000347 seconds
2016-06-21T09:33:36.107+0100: 2018.415: Total time for which application threads were stopped: 0.0001251 seconds, Stopping threads took: 0.0000268 seconds
2016-06-21T09:33:49.113+0100: 2031.421: Total time for which application threads were stopped: 0.0000947 seconds, Stopping threads took: 0.0000264 seconds
2016-06-21T09:33:49.626+0100: 2031.934: Total time for which application threads were stopped: 0.0002376 seconds, Stopping threads took: 0.0000217 seconds
2016-06-21T09:37:35.720+0100: 2258.030: Total time for which application threads were stopped: 0.0001354 seconds, Stopping threads took: 0.0000296 seconds
2016-06-21T09:37:35.745+0100: 2258.054: Total time for which application threads were stopped: 0.0000983 seconds, Stopping threads took: 0.0000276 seconds
2016-06-21T09:37:36.746+0100: 2259.054: Total time for which application threads were stopped: 0.0000912 seconds, Stopping threads took: 0.0000264 seconds
2016-06-21T09:37:37.746+0100: 2260.055: Total time for which application threads were stopped: 0.0000833 seconds, Stopping threads took: 0.0000339 seconds
2016-06-21T09:37:39.747+0100: 2262.056: Total time for which application threads were stopped: 0.0001062 seconds, Stopping threads took: 0.0000280 seconds
{Heap before GC invocations=93 (full 2):
 par new generation   total 109248K, used 88967K [0x00000000e0000000, 0x00000000e8000000, 0x00000000e8000000)
  eden space 87424K, 100% used [0x00000000e0000000, 0x00000000e5560000, 0x00000000e5560000)
  from space 21824K,   7% used [0x00000000e6ab0000, 0x00000000e6c31d20, 0x00000000e8000000)
  to   space 21824K,   0% used [0x00000000e5560000, 0x00000000e5560000, 0x00000000e6ab0000)
 concurrent mark-sweep generation total 393216K, used 152256K [0x00000000e8000000, 0x0000000100000000, 0x0000000100000000)
 Metaspace       used 48143K, capacity 48746K, committed 48888K, reserved 1093632K
  class space    used 5232K, capacity 5396K, committed 5420K, reserved 1048576K
2016-06-21T09:37:39.788+0100: 2262.096: [GC (Allocation Failure) 2016-06-21T09:37:39.788+0100: 2262.096: [ParNew
Desired survivor size 20112992 bytes, new threshold 8 (max 8)
- age   1:     766360 bytes,     766360 total
- age   2:     262256 bytes,    1028616 total
- age   3:      45400 bytes,    1074016 total
- age   7:      28528 bytes,    1102544 total
: 88967K->1471K(109248K), 0.0040048 secs] 241223K->153727K(502464K), 0.0040846 secs] [Times: user=0.00 sys=0.00, real=0.00 secs] 
Heap after GC invocations=94 (full 2):
 par new generation   total 109248K, used 1471K [0x00000000e0000000, 0x00000000e8000000, 0x00000000e8000000)
  eden space 87424K,   0% used [0x00000000e0000000, 0x00000000e0000000, 0x00000000e5560000)
  from space 21824K,   6% used [0x00000000e5560000, 0x00000000e56cfdb0, 0x00000000e6ab0000)
  to   space 21824K,   0% used [0x00000000e6ab0000, 0x00000000e6ab0000, 0x00000000e8000000)
 concurrent mark-sweep generation total 393216K, used 152256K [0x00000000e8000000, 0x0000000100000000, 0x0000000100000000)
 Metaspace       used 48143K, capacity 48746K, committed 48888K, reserved 1093632K
  class space    used 5232K, capacity 5396K, committed 5420K, reserved 1048576K
}
2016-06-21T09:37:39.792+0100: 2262.101: Total time for which application threads were stopped: 0.0043364 seconds, Stopping threads took: 0.0000249 seconds
2016-06-21T09:37:42.794+0100: 2265.102: Total time for which application threads were stopped: 0.0000940 seconds, Stopping threads took: 0.0000351 seconds
2016-06-21T09:37:43.794+0100: 2266.103: Total time for which application threads were stopped: 0.0001168 seconds, Stopping threads took: 0.0000272 seconds
2016-06-21T09:37:44.795+0100: 2267.103: Total time for which application threads were stopped: 0.0000979 seconds, Stopping threads took: 0.0000328 seconds
2016-06-21T09:37:46.797+0100: 2269.105: Total time for which application threads were stopped: 0.0000904 seconds, Stopping threads took: 0.0000261 seconds
2016-06-21T09:37:51.801+0100: 2274.109: Total time for which application threads were stopped: 0.0000979 seconds, Stopping threads took: 0.0000268 seconds
2016-06-21T09:37:52.801+0100: 2275.109: Total time for which application threads were stopped: 0.0000865 seconds, Stopping threads took: 0.0000261 seconds
2016-06-21T09:37:54.802+0100: 2277.111: Total time for which application threads were stopped: 0.0000924 seconds, Stopping threads took: 0.0000280 seconds
2016-06-21T09:38:25.820+0100: 2308.128: Total time for which application threads were stopped: 0.0001445 seconds, Stopping threads took: 0.0000561 seconds
2016-06-21T09:43:35.276+0100: 2617.584: Total time for which application threads were stopped: 0.0001326 seconds, Stopping threads took: 0.0000280 seconds
2016-06-21T09:43:35.527+0100: 2617.835: Total time for which application threads were stopped: 0.0000987 seconds, Stopping threads took: 0.0000261 seconds
2016-06-21T09:43:36.527+0100: 2618.835: Total time for which application threads were stopped: 0.0000758 seconds, Stopping threads took: 0.0000233 seconds
{Heap before GC invocations=94 (full 2):
 par new generation   total 109248K, used 88838K [0x00000000e0000000, 0x00000000e8000000, 0x00000000e8000000)
  eden space 87424K,  99% used [0x00000000e0000000, 0x00000000e5551c18, 0x00000000e5560000)
  from space 21824K,   6% used [0x00000000e5560000, 0x00000000e56cfdb0, 0x00000000e6ab0000)
  to   space 21824K,   0% used [0x00000000e6ab0000, 0x00000000e6ab0000, 0x00000000e8000000)
 concurrent mark-sweep generation total 393216K, used 152256K [0x00000000e8000000, 0x0000000100000000, 0x0000000100000000)
 Metaspace       used 48189K, capacity 48752K, committed 48888K, reserved 1093632K
  class space    used 5233K, capacity 5397K, committed 5420K, reserved 1048576K
2016-06-21T09:43:39.089+0100: 2621.398: [GC (Allocation Failure) 2016-06-21T09:43:39.089+0100: 2621.398: [ParNew
Desired survivor size 20112992 bytes, new threshold 8 (max 8)
- age   1:     352512 bytes,     352512 total
- age   2:     312680 bytes,     665192 total
- age   3:      39920 bytes,     705112 total
- age   4:      45024 bytes,     750136 total
- age   8:      14080 bytes,     764216 total
: 88838K->1075K(109248K), 0.0032390 secs] 241094K->153331K(502464K), 0.0033318 secs] [Times: user=0.00 sys=0.00, real=0.00 secs] 
Heap after GC invocations=95 (full 2):
 par new generation   total 109248K, used 1075K [0x00000000e0000000, 0x00000000e8000000, 0x00000000e8000000)
  eden space 87424K,   0% used [0x00000000e0000000, 0x00000000e0000000, 0x00000000e5560000)
  from space 21824K,   4% used [0x00000000e6ab0000, 0x00000000e6bbcc40, 0x00000000e8000000)
  to   space 21824K,   0% used [0x00000000e5560000, 0x00000000e5560000, 0x00000000e6ab0000)
 concurrent mark-sweep generation total 393216K, used 152256K [0x00000000e8000000, 0x0000000100000000, 0x0000000100000000)
 Metaspace       used 48189K, capacity 48752K, committed 48888K, reserved 1093632K
  class space    used 5233K, capacity 5397K, committed 5420K, reserved 1048576K
}
2016-06-21T09:43:39.093+0100: 2621.401: Total time for which application threads were stopped: 0.0035595 seconds, Stopping threads took: 0.0000292 seconds
2016-06-21T09:43:39.093+0100: 2621.402: Total time for which application threads were stopped: 0.0001386 seconds, Stopping threads took: 0.0000801 seconds
2016-06-21T09:43:39.093+0100: 2621.402: Total time for which application threads were stopped: 0.0000936 seconds, Stopping threads took: 0.0000249 seconds
2016-06-21T09:43:39.093+0100: 2621.402: Total time for which application threads were stopped: 0.0001066 seconds, Stopping threads took: 0.0000659 seconds
2016-06-21T09:43:39.093+0100: 2621.402: Total time for which application threads were stopped: 0.0000640 seconds, Stopping threads took: 0.0000316 seconds
2016-06-21T09:43:40.094+0100: 2622.402: Total time for which application threads were stopped: 0.0001046 seconds, Stopping threads took: 0.0000245 seconds
2016-06-21T09:43:41.094+0100: 2623.403: Total time for which application threads were stopped: 0.0000936 seconds, Stopping threads took: 0.0000292 seconds
2016-06-21T09:43:42.095+0100: 2624.404: Total time for which application threads were stopped: 0.0000916 seconds, Stopping threads took: 0.0000284 seconds
2016-06-21T09:43:44.096+0100: 2626.404: Total time for which application threads were stopped: 0.0000987 seconds, Stopping threads took: 0.0000304 seconds
2016-06-21T09:45:31.156+0100: 2733.465: Total time for which application threads were stopped: 0.0001157 seconds, Stopping threads took: 0.0000355 seconds
2016-06-21T09:58:33.119+0100: 3515.427: Total time for which application threads were stopped: 0.0001630 seconds, Stopping threads took: 0.0000336 seconds
2016-06-21T09:58:33.341+0100: 3515.649: Total time for which application threads were stopped: 0.0000778 seconds, Stopping threads took: 0.0000213 seconds
{Heap before GC invocations=95 (full 2):
 par new generation   total 109248K, used 88499K [0x00000000e0000000, 0x00000000e8000000, 0x00000000e8000000)
  eden space 87424K, 100% used [0x00000000e0000000, 0x00000000e5560000, 0x00000000e5560000)
  from space 21824K,   4% used [0x00000000e6ab0000, 0x00000000e6bbcc40, 0x00000000e8000000)
  to   space 21824K,   0% used [0x00000000e5560000, 0x00000000e5560000, 0x00000000e6ab0000)
 concurrent mark-sweep generation total 393216K, used 152256K [0x00000000e8000000, 0x0000000100000000, 0x0000000100000000)
 Metaspace       used 48230K, capacity 48816K, committed 49144K, reserved 1093632K
  class space    used 5233K, capacity 5397K, committed 5420K, reserved 1048576K
2016-06-21T09:58:35.265+0100: 3517.573: [GC (Allocation Failure) 2016-06-21T09:58:35.265+0100: 3517.574: [ParNew
Desired survivor size 20112992 bytes, new threshold 8 (max 8)
- age   1:     629992 bytes,     629992 total
- age   2:      37976 bytes,     667968 total
- age   3:      51448 bytes,     719416 total
- age   4:      31688 bytes,     751104 total
- age   5:      45024 bytes,     796128 total
: 88499K->1035K(109248K), 0.0047864 secs] 240755K->153305K(502464K), 0.0049167 secs] [Times: user=0.00 sys=0.00, real=0.00 secs] 
Heap after GC invocations=96 (full 2):
 par new generation   total 109248K, used 1035K [0x00000000e0000000, 0x00000000e8000000, 0x00000000e8000000)
  eden space 87424K,   0% used [0x00000000e0000000, 0x00000000e0000000, 0x00000000e5560000)
  from space 21824K,   4% used [0x00000000e5560000, 0x00000000e5662e80, 0x00000000e6ab0000)
  to   space 21824K,   0% used [0x00000000e6ab0000, 0x00000000e6ab0000, 0x00000000e8000000)
 concurrent mark-sweep generation total 393216K, used 152270K [0x00000000e8000000, 0x0000000100000000, 0x0000000100000000)
 Metaspace       used 48230K, capacity 48816K, committed 49144K, reserved 1093632K
  class space    used 5233K, capacity 5397K, committed 5420K, reserved 1048576K
}
2016-06-21T09:58:35.270+0100: 3517.578: Total time for which application threads were stopped: 0.0051721 seconds, Stopping threads took: 0.0000217 seconds
2016-06-21T09:58:35.270+0100: 3517.579: Total time for which application threads were stopped: 0.0002128 seconds, Stopping threads took: 0.0000292 seconds
2016-06-21T09:58:40.272+0100: 3522.580: Total time for which application threads were stopped: 0.0000951 seconds, Stopping threads took: 0.0000304 seconds
2016-06-21T09:58:43.273+0100: 3525.581: Total time for which application threads were stopped: 0.0000754 seconds, Stopping threads took: 0.0000221 seconds
2016-06-21T09:58:47.274+0100: 3529.582: Total time for which application threads were stopped: 0.0000963 seconds, Stopping threads took: 0.0000304 seconds
2016-06-21T09:58:54.278+0100: 3536.586: Total time for which application threads were stopped: 0.0002108 seconds, Stopping threads took: 0.0000466 seconds
{Heap before GC invocations=96 (full 2):
 par new generation   total 109248K, used 88459K [0x00000000e0000000, 0x00000000e8000000, 0x00000000e8000000)
  eden space 87424K, 100% used [0x00000000e0000000, 0x00000000e5560000, 0x00000000e5560000)
  from space 21824K,   4% used [0x00000000e5560000, 0x00000000e5662e80, 0x00000000e6ab0000)
  to   space 21824K,   0% used [0x00000000e6ab0000, 0x00000000e6ab0000, 0x00000000e8000000)
 concurrent mark-sweep generation total 393216K, used 152270K [0x00000000e8000000, 0x0000000100000000, 0x0000000100000000)
 Metaspace       used 48239K, capacity 48816K, committed 49144K, reserved 1093632K
  class space    used 5233K, capacity 5397K, committed 5420K, reserved 1048576K
2016-06-21T09:58:55.491+0100: 3537.800: [GC (Allocation Failure) 2016-06-21T09:58:55.491+0100: 3537.800: [ParNew
Desired survivor size 20112992 bytes, new threshold 8 (max 8)
- age   1:     506280 bytes,     506280 total
- age   2:     197936 bytes,     704216 total
- age   3:      23248 bytes,     727464 total
- age   4:      51448 bytes,     778912 total
- age   5:      31688 bytes,     810600 total
- age   6:      45024 bytes,     855624 total
: 88459K->1150K(109248K), 0.0035224 secs] 240729K->153420K(502464K), 0.0036006 secs] [Times: user=0.00 sys=0.00, real=0.00 secs] 
Heap after GC invocations=97 (full 2):
 par new generation   total 109248K, used 1150K [0x00000000e0000000, 0x00000000e8000000, 0x00000000e8000000)
  eden space 87424K,   0% used [0x00000000e0000000, 0x00000000e0000000, 0x00000000e5560000)
  from space 21824K,   5% used [0x00000000e6ab0000, 0x00000000e6bcfa18, 0x00000000e8000000)
  to   space 21824K,   0% used [0x00000000e5560000, 0x00000000e5560000, 0x00000000e6ab0000)
 concurrent mark-sweep generation total 393216K, used 152270K [0x00000000e8000000, 0x0000000100000000, 0x0000000100000000)
 Metaspace       used 48239K, capacity 48816K, committed 49144K, reserved 1093632K
  class space    used 5233K, capacity 5397K, committed 5420K, reserved 1048576K
}
2016-06-21T09:58:55.495+0100: 3537.804: Total time for which application threads were stopped: 0.0038820 seconds, Stopping threads took: 0.0000249 seconds
2016-06-21T10:00:00.529+0100: 3602.837: Total time for which application threads were stopped: 0.0001109 seconds, Stopping threads took: 0.0000332 seconds
2016-06-21T10:02:07.246+0100: 3729.554: Total time for which application threads were stopped: 0.0001769 seconds, Stopping threads took: 0.0000407 seconds
2016-06-21T10:02:07.511+0100: 3729.820: Total time for which application threads were stopped: 0.0000987 seconds, Stopping threads took: 0.0000249 seconds
2016-06-21T10:02:08.512+0100: 3730.820: Total time for which application threads were stopped: 0.0000983 seconds, Stopping threads took: 0.0000324 seconds
2016-06-21T10:02:09.512+0100: 3731.820: Total time for which application threads were stopped: 0.0000868 seconds, Stopping threads took: 0.0000261 seconds
2016-06-21T10:02:23.521+0100: 3745.829: Total time for which application threads were stopped: 0.0001030 seconds, Stopping threads took: 0.0000276 seconds
2016-06-21T10:02:27.523+0100: 3749.831: Total time for which application threads were stopped: 0.0000880 seconds, Stopping threads took: 0.0000261 seconds
2016-06-21T10:02:28.524+0100: 3750.832: Total time for which application threads were stopped: 0.0000936 seconds, Stopping threads took: 0.0000276 seconds
2016-06-21T10:05:07.629+0100: 3909.937: Total time for which application threads were stopped: 0.0001678 seconds, Stopping threads took: 0.0000363 seconds
2016-06-21T10:05:07.973+0100: 3910.281: Total time for which application threads were stopped: 0.0000947 seconds, Stopping threads took: 0.0000245 seconds
2016-06-21T10:05:10.974+0100: 3913.282: Total time for which application threads were stopped: 0.0000959 seconds, Stopping threads took: 0.0000288 seconds
{Heap before GC invocations=97 (full 2):
 par new generation   total 109248K, used 88574K [0x00000000e0000000, 0x00000000e8000000, 0x00000000e8000000)
  eden space 87424K, 100% used [0x00000000e0000000, 0x00000000e5560000, 0x00000000e5560000)
  from space 21824K,   5% used [0x00000000e6ab0000, 0x00000000e6bcfa18, 0x00000000e8000000)
  to   space 21824K,   0% used [0x00000000e5560000, 0x00000000e5560000, 0x00000000e6ab0000)
 concurrent mark-sweep generation total 393216K, used 152270K [0x00000000e8000000, 0x0000000100000000, 0x0000000100000000)
 Metaspace       used 48255K, capacity 48816K, committed 49144K, reserved 1093632K
  class space    used 5233K, capacity 5397K, committed 5420K, reserved 1048576K
2016-06-21T10:05:11.341+0100: 3913.650: [GC (Allocation Failure) 2016-06-21T10:05:11.341+0100: 3913.650: [ParNew
Desired survivor size 20112992 bytes, new threshold 8 (max 8)
- age   1:     321696 bytes,     321696 total
- age   2:     222864 bytes,     544560 total
- age   3:      25904 bytes,     570464 total
- age   4:      23208 bytes,     593672 total
- age   5:      51448 bytes,     645120 total
- age   6:      31688 bytes,     676808 total
- age   7:      45024 bytes,     721832 total
: 88574K->873K(109248K), 0.0047770 secs] 240844K->153143K(502464K), 0.0048678 secs] [Times: user=0.05 sys=0.02, real=0.00 secs] 
Heap after GC invocations=98 (full 2):
 par new generation   total 109248K, used 873K [0x00000000e0000000, 0x00000000e8000000, 0x00000000e8000000)
  eden space 87424K,   0% used [0x00000000e0000000, 0x00000000e0000000, 0x00000000e5560000)
  from space 21824K,   4% used [0x00000000e5560000, 0x00000000e563a4d8, 0x00000000e6ab0000)
  to   space 21824K,   0% used [0x00000000e6ab0000, 0x00000000e6ab0000, 0x00000000e8000000)
 concurrent mark-sweep generation total 393216K, used 152270K [0x00000000e8000000, 0x0000000100000000, 0x0000000100000000)
 Metaspace       used 48255K, capacity 48816K, committed 49144K, reserved 1093632K
  class space    used 5233K, capacity 5397K, committed 5420K, reserved 1048576K
}
2016-06-21T10:05:11.346+0100: 3913.655: Total time for which application threads were stopped: 0.0051863 seconds, Stopping threads took: 0.0000296 seconds
2016-06-21T10:05:11.347+0100: 3913.655: Total time for which application threads were stopped: 0.0004374 seconds, Stopping threads took: 0.0002523 seconds
2016-06-21T10:05:11.347+0100: 3913.656: Total time for which application threads were stopped: 0.0000746 seconds, Stopping threads took: 0.0000264 seconds
2016-06-21T10:05:12.348+0100: 3914.656: Total time for which application threads were stopped: 0.0000888 seconds, Stopping threads took: 0.0000280 seconds
2016-06-21T10:05:14.349+0100: 3916.657: Total time for which application threads were stopped: 0.0001121 seconds, Stopping threads took: 0.0000454 seconds
2016-06-21T10:05:16.350+0100: 3918.659: Total time for which application threads were stopped: 0.0000876 seconds, Stopping threads took: 0.0000257 seconds
2016-06-21T10:05:17.000+0100: 3919.309: Total time for which application threads were stopped: 0.0002444 seconds, Stopping threads took: 0.0000292 seconds
2016-06-21T10:05:17.001+0100: 3919.309: Total time for which application threads were stopped: 0.0001575 seconds, Stopping threads took: 0.0000134 seconds
2016-06-21T10:05:18.001+0100: 3920.309: Total time for which application threads were stopped: 0.0000715 seconds, Stopping threads took: 0.0000233 seconds
2016-06-21T10:05:25.004+0100: 3927.313: Total time for which application threads were stopped: 0.0000920 seconds, Stopping threads took: 0.0000292 seconds
2016-06-21T10:07:18.282+0100: 4040.591: Total time for which application threads were stopped: 0.0001630 seconds, Stopping threads took: 0.0000336 seconds
2016-06-21T10:07:18.465+0100: 4040.775: Total time for which application threads were stopped: 0.0000999 seconds, Stopping threads took: 0.0000261 seconds
2016-06-21T10:07:23.469+0100: 4045.777: Total time for which application threads were stopped: 0.0000892 seconds, Stopping threads took: 0.0000280 seconds
{Heap before GC invocations=98 (full 2):
 par new generation   total 109248K, used 88297K [0x00000000e0000000, 0x00000000e8000000, 0x00000000e8000000)
  eden space 87424K, 100% used [0x00000000e0000000, 0x00000000e5560000, 0x00000000e5560000)
  from space 21824K,   4% used [0x00000000e5560000, 0x00000000e563a4d8, 0x00000000e6ab0000)
  to   space 21824K,   0% used [0x00000000e6ab0000, 0x00000000e6ab0000, 0x00000000e8000000)
 concurrent mark-sweep generation total 393216K, used 152270K [0x00000000e8000000, 0x0000000100000000, 0x0000000100000000)
 Metaspace       used 48255K, capacity 48816K, committed 49144K, reserved 1093632K
  class space    used 5233K, capacity 5397K, committed 5420K, reserved 1048576K
2016-06-21T10:07:34.898+0100: 4057.206: [GC (Allocation Failure) 2016-06-21T10:07:34.898+0100: 4057.207: [ParNew
Desired survivor size 20112992 bytes, new threshold 8 (max 8)
- age   1:     194128 bytes,     194128 total
- age   2:     180488 bytes,     374616 total
- age   3:     207472 bytes,     582088 total
- age   4:      25904 bytes,     607992 total
- age   5:      23208 bytes,     631200 total
- age   6:      51448 bytes,     682648 total
- age   7:      31688 bytes,     714336 total
- age   8:      45024 bytes,     759360 total
: 88297K->1095K(109248K), 0.0037913 secs] 240567K->153365K(502464K), 0.0038659 secs] [Times: user=0.00 sys=0.00, real=0.00 secs] 
Heap after GC invocations=99 (full 2):
 par new generation   total 109248K, used 1095K [0x00000000e0000000, 0x00000000e8000000, 0x00000000e8000000)
  eden space 87424K,   0% used [0x00000000e0000000, 0x00000000e0000000, 0x00000000e5560000)
  from space 21824K,   5% used [0x00000000e6ab0000, 0x00000000e6bc1c08, 0x00000000e8000000)
  to   space 21824K,   0% used [0x00000000e5560000, 0x00000000e5560000, 0x00000000e6ab0000)
 concurrent mark-sweep generation total 393216K, used 152270K [0x00000000e8000000, 0x0000000100000000, 0x0000000100000000)
 Metaspace       used 48255K, capacity 48816K, committed 49144K, reserved 1093632K
  class space    used 5233K, capacity 5397K, committed 5420K, reserved 1048576K
}
2016-06-21T10:07:34.902+0100: 4057.210: Total time for which application threads were stopped: 0.0041339 seconds, Stopping threads took: 0.0000276 seconds
2016-06-21T10:07:34.903+0100: 4057.211: Total time for which application threads were stopped: 0.0001236 seconds, Stopping threads took: 0.0000588 seconds
2016-06-21T10:07:37.904+0100: 4060.212: Total time for which application threads were stopped: 0.0000876 seconds, Stopping threads took: 0.0000257 seconds
2016-06-21T10:07:38.904+0100: 4061.213: Total time for which application threads were stopped: 0.0000928 seconds, Stopping threads took: 0.0000296 seconds
2016-06-21T10:07:39.905+0100: 4062.213: Total time for which application threads were stopped: 0.0000880 seconds, Stopping threads took: 0.0000268 seconds
2016-06-21T10:09:48.818+0100: 4191.126: Total time for which application threads were stopped: 0.0001776 seconds, Stopping threads took: 0.0000355 seconds
2016-06-21T10:09:49.016+0100: 4191.325: Total time for which application threads were stopped: 0.0001326 seconds, Stopping threads took: 0.0000292 seconds
2016-06-21T10:09:55.020+0100: 4197.328: Total time for which application threads were stopped: 0.0000983 seconds, Stopping threads took: 0.0000312 seconds
2016-06-21T10:09:56.020+0100: 4198.329: Total time for which application threads were stopped: 0.0000916 seconds, Stopping threads took: 0.0000300 seconds
{Heap before GC invocations=99 (full 2):
 par new generation   total 109248K, used 88519K [0x00000000e0000000, 0x00000000e8000000, 0x00000000e8000000)
  eden space 87424K, 100% used [0x00000000e0000000, 0x00000000e5560000, 0x00000000e5560000)
  from space 21824K,   5% used [0x00000000e6ab0000, 0x00000000e6bc1c08, 0x00000000e8000000)
  to   space 21824K,   0% used [0x00000000e5560000, 0x00000000e5560000, 0x00000000e6ab0000)
 concurrent mark-sweep generation total 393216K, used 152270K [0x00000000e8000000, 0x0000000100000000, 0x0000000100000000)
 Metaspace       used 48263K, capacity 48816K, committed 49144K, reserved 1093632K
  class space    used 5233K, capacity 5397K, committed 5420K, reserved 1048576K
2016-06-21T10:09:59.582+0100: 4201.891: [GC (Allocation Failure) 2016-06-21T10:09:59.582+0100: 4201.891: [ParNew
Desired survivor size 20112992 bytes, new threshold 8 (max 8)
- age   1:     357640 bytes,     357640 total
- age   2:      36312 bytes,     393952 total
- age   3:     179880 bytes,     573832 total
- age   4:     207056 bytes,     780888 total
- age   5:      25904 bytes,     806792 total
- age   6:      23032 bytes,     829824 total
- age   7:      51448 bytes,     881272 total
- age   8:      31688 bytes,     912960 total
: 88519K->1194K(109248K), 0.0039464 secs] 240789K->153509K(502464K), 0.0040147 secs] [Times: user=0.00 sys=0.00, real=0.00 secs] 
Heap after GC invocations=100 (full 2):
 par new generation   total 109248K, used 1194K [0x00000000e0000000, 0x00000000e8000000, 0x00000000e8000000)
  eden space 87424K,   0% used [0x00000000e0000000, 0x00000000e0000000, 0x00000000e5560000)
  from space 21824K,   5% used [0x00000000e5560000, 0x00000000e568abd8, 0x00000000e6ab0000)
  to   space 21824K,   0% used [0x00000000e6ab0000, 0x00000000e6ab0000, 0x00000000e8000000)
 concurrent mark-sweep generation total 393216K, used 152314K [0x00000000e8000000, 0x0000000100000000, 0x0000000100000000)
 Metaspace       used 48263K, capacity 48816K, committed 49144K, reserved 1093632K
  class space    used 5233K, capacity 5397K, committed 5420K, reserved 1048576K
}
2016-06-21T10:09:59.586+0100: 4201.895: Total time for which application threads were stopped: 0.0043151 seconds, Stopping threads took: 0.0000229 seconds
2016-06-21T10:09:59.587+0100: 4201.895: Total time for which application threads were stopped: 0.0001295 seconds, Stopping threads took: 0.0000442 seconds
2016-06-21T10:09:59.587+0100: 4201.896: Total time for which application threads were stopped: 0.0001567 seconds, Stopping threads took: 0.0000304 seconds
2016-06-21T10:10:01.336+0100: 4203.645: Total time for which application threads were stopped: 0.0008910 seconds, Stopping threads took: 0.0000253 seconds
2016-06-21T10:10:02.337+0100: 4204.645: Total time for which application threads were stopped: 0.0000932 seconds, Stopping threads took: 0.0000272 seconds
2016-06-21T10:28:00.966+0100: 5283.275: Total time for which application threads were stopped: 0.0001007 seconds, Stopping threads took: 0.0000336 seconds
2016-06-21T10:35:01.211+0100: 5703.519: Total time for which application threads were stopped: 0.0001184 seconds, Stopping threads took: 0.0000363 seconds
2016-06-21T10:36:01.249+0100: 5763.558: Total time for which application threads were stopped: 0.0001141 seconds, Stopping threads took: 0.0000332 seconds
2016-06-21T10:40:30.405+0100: 6032.713: Total time for which application threads were stopped: 0.0001082 seconds, Stopping threads took: 0.0000320 seconds
2016-06-21T10:41:00.426+0100: 6062.734: Total time for which application threads were stopped: 0.0000900 seconds, Stopping threads took: 0.0000264 seconds
2016-06-21T11:08:30.415+0100: 7712.724: Total time for which application threads were stopped: 0.0007990 seconds, Stopping threads took: 0.0002372 seconds
2016-06-21T11:45:48.453+0100: 9950.762: Total time for which application threads were stopped: 0.0027653 seconds, Stopping threads took: 0.0003253 seconds
2016-06-21T11:45:48.485+0100: 9950.794: Total time for which application threads were stopped: 0.0001899 seconds, Stopping threads took: 0.0000217 seconds
2016-06-21T11:45:48.486+0100: 9950.794: Total time for which application threads were stopped: 0.0000699 seconds, Stopping threads took: 0.0000130 seconds
2016-06-21T11:45:48.508+0100: 9950.817: Total time for which application threads were stopped: 0.0002720 seconds, Stopping threads took: 0.0000363 seconds
2016-06-21T11:45:48.720+0100: 9951.028: Total time for which application threads were stopped: 0.0001855 seconds, Stopping threads took: 0.0000304 seconds
2016-06-21T11:45:48.720+0100: 9951.029: Total time for which application threads were stopped: 0.0000770 seconds, Stopping threads took: 0.0000213 seconds
2016-06-21T11:45:48.720+0100: 9951.029: Total time for which application threads were stopped: 0.0000549 seconds, Stopping threads took: 0.0000103 seconds
2016-06-21T11:45:48.723+0100: 9951.032: Total time for which application threads were stopped: 0.0001492 seconds, Stopping threads took: 0.0000343 seconds
2016-06-21T11:45:48.725+0100: 9951.033: Total time for which application threads were stopped: 0.0001026 seconds, Stopping threads took: 0.0000399 seconds
2016-06-21T11:45:48.741+0100: 9951.050: Total time for which application threads were stopped: 0.0001216 seconds, Stopping threads took: 0.0000371 seconds
2016-06-21T11:45:48.741+0100: 9951.050: Total time for which application threads were stopped: 0.0000845 seconds, Stopping threads took: 0.0000312 seconds
2016-06-21T11:45:48.744+0100: 9951.053: Total time for which application threads were stopped: 0.0001536 seconds, Stopping threads took: 0.0000430 seconds
2016-06-21T11:45:48.747+0100: 9951.056: Total time for which application threads were stopped: 0.0001393 seconds, Stopping threads took: 0.0000537 seconds
2016-06-21T11:45:49.748+0100: 9952.057: Total time for which application threads were stopped: 0.0001729 seconds, Stopping threads took: 0.0000276 seconds
2016-06-21T11:45:50.011+0100: 9952.320: Total time for which application threads were stopped: 0.0000975 seconds, Stopping threads took: 0.0000316 seconds
2016-06-21T11:45:50.011+0100: 9952.320: Total time for which application threads were stopped: 0.0000805 seconds, Stopping threads took: 0.0000264 seconds
2016-06-21T11:45:51.012+0100: 9953.321: Total time for which application threads were stopped: 0.0000995 seconds, Stopping threads took: 0.0000284 seconds
2016-06-21T11:45:55.630+0100: 9957.938: Total time for which application threads were stopped: 0.0001157 seconds, Stopping threads took: 0.0000308 seconds
2016-06-21T11:45:55.679+0100: 9957.988: Total time for which application threads were stopped: 0.0001180 seconds, Stopping threads took: 0.0000320 seconds
2016-06-21T11:45:55.681+0100: 9957.989: Total time for which application threads were stopped: 0.0001141 seconds, Stopping threads took: 0.0000300 seconds
2016-06-21T11:45:55.690+0100: 9957.999: Total time for which application threads were stopped: 0.0001224 seconds, Stopping threads took: 0.0000332 seconds
2016-06-21T11:45:55.692+0100: 9958.000: Total time for which application threads were stopped: 0.0001188 seconds, Stopping threads took: 0.0000324 seconds
2016-06-21T11:45:56.541+0100: 9958.849: Total time for which application threads were stopped: 0.0001066 seconds, Stopping threads took: 0.0000217 seconds
2016-06-21T11:45:56.613+0100: 9958.921: Total time for which application threads were stopped: 0.0001236 seconds, Stopping threads took: 0.0000249 seconds
2016-06-21T11:45:56.808+0100: 9959.116: Total time for which application threads were stopped: 0.0001200 seconds, Stopping threads took: 0.0000268 seconds
2016-06-21T11:45:56.809+0100: 9959.118: Total time for which application threads were stopped: 0.0000829 seconds, Stopping threads took: 0.0000197 seconds
2016-06-21T11:45:56.870+0100: 9959.179: Total time for which application threads were stopped: 0.0001903 seconds, Stopping threads took: 0.0000395 seconds
2016-06-21T11:45:56.871+0100: 9959.180: Total time for which application threads were stopped: 0.0001303 seconds, Stopping threads took: 0.0000367 seconds
2016-06-21T11:45:57.586+0100: 9959.894: Total time for which application threads were stopped: 0.0001338 seconds, Stopping threads took: 0.0000245 seconds
2016-06-21T11:46:38.604+0100: 10000.913: Total time for which application threads were stopped: 0.0001125 seconds, Stopping threads took: 0.0000359 seconds
2016-06-21T11:47:37.643+0100: 10059.952: Total time for which application threads were stopped: 0.0001090 seconds, Stopping threads took: 0.0000336 seconds
2016-06-21T12:33:53.928+0100: 12836.236: Total time for which application threads were stopped: 0.0026358 seconds, Stopping threads took: 0.0005681 seconds
2016-06-21T12:33:53.983+0100: 12836.292: Total time for which application threads were stopped: 0.0005262 seconds, Stopping threads took: 0.0000383 seconds
2016-06-21T12:33:54.004+0100: 12836.312: Total time for which application threads were stopped: 0.0002594 seconds, Stopping threads took: 0.0000371 seconds
2016-06-21T12:33:54.010+0100: 12836.318: Total time for which application threads were stopped: 0.0001745 seconds, Stopping threads took: 0.0000280 seconds
2016-06-21T12:33:54.411+0100: 12836.719: Total time for which application threads were stopped: 0.0001082 seconds, Stopping threads took: 0.0000478 seconds
{Heap before GC invocations=100 (full 2):
 par new generation   total 109248K, used 88618K [0x00000000e0000000, 0x00000000e8000000, 0x00000000e8000000)
  eden space 87424K, 100% used [0x00000000e0000000, 0x00000000e5560000, 0x00000000e5560000)
  from space 21824K,   5% used [0x00000000e5560000, 0x00000000e568abd8, 0x00000000e6ab0000)
  to   space 21824K,   0% used [0x00000000e6ab0000, 0x00000000e6ab0000, 0x00000000e8000000)
 concurrent mark-sweep generation total 393216K, used 152314K [0x00000000e8000000, 0x0000000100000000, 0x0000000100000000)
 Metaspace       used 48528K, capacity 49136K, committed 49400K, reserved 1093632K
  class space    used 5238K, capacity 5397K, committed 5420K, reserved 1048576K
2016-06-21T12:33:55.169+0100: 12837.478: [GC (Allocation Failure) 2016-06-21T12:33:55.170+0100: 12837.478: [ParNew
Desired survivor size 20112992 bytes, new threshold 8 (max 8)
- age   1:     828520 bytes,     828520 total
- age   2:      16256 bytes,     844776 total
- age   3:      36272 bytes,     881048 total
- age   4:     179544 bytes,    1060592 total
- age   5:     192608 bytes,    1253200 total
- age   6:      25232 bytes,    1278432 total
- age   7:      23032 bytes,    1301464 total
- age   8:      51448 bytes,    1352912 total
: 88618K->1550K(109248K), 0.0227712 secs] 240933K->153896K(502464K), 0.0229378 secs] [Times: user=0.03 sys=0.08, real=0.02 secs] 
Heap after GC invocations=101 (full 2):
 par new generation   total 109248K, used 1550K [0x00000000e0000000, 0x00000000e8000000, 0x00000000e8000000)
  eden space 87424K,   0% used [0x00000000e0000000, 0x00000000e0000000, 0x00000000e5560000)
  from space 21824K,   7% used [0x00000000e6ab0000, 0x00000000e6c33990, 0x00000000e8000000)
  to   space 21824K,   0% used [0x00000000e5560000, 0x00000000e5560000, 0x00000000e6ab0000)
 concurrent mark-sweep generation total 393216K, used 152346K [0x00000000e8000000, 0x0000000100000000, 0x0000000100000000)
 Metaspace       used 48528K, capacity 49136K, committed 49400K, reserved 1093632K
  class space    used 5238K, capacity 5397K, committed 5420K, reserved 1048576K
}
2016-06-21T12:33:55.192+0100: 12837.501: Total time for which application threads were stopped: 0.0235208 seconds, Stopping threads took: 0.0001090 seconds
2016-06-21T12:33:55.193+0100: 12837.501: Total time for which application threads were stopped: 0.0002222 seconds, Stopping threads took: 0.0000754 seconds
2016-06-21T12:33:57.193+0100: 12839.502: Total time for which application threads were stopped: 0.0001188 seconds, Stopping threads took: 0.0000339 seconds
{Heap before GC invocations=101 (full 2):
 par new generation   total 109248K, used 88952K [0x00000000e0000000, 0x00000000e8000000, 0x00000000e8000000)
  eden space 87424K,  99% used [0x00000000e0000000, 0x00000000e555a868, 0x00000000e5560000)
  from space 21824K,   7% used [0x00000000e6ab0000, 0x00000000e6c33990, 0x00000000e8000000)
  to   space 21824K,   0% used [0x00000000e5560000, 0x00000000e5560000, 0x00000000e6ab0000)
 concurrent mark-sweep generation total 393216K, used 152346K [0x00000000e8000000, 0x0000000100000000, 0x0000000100000000)
 Metaspace       used 48528K, capacity 49136K, committed 49400K, reserved 1093632K
  class space    used 5238K, capacity 5397K, committed 5420K, reserved 1048576K
2016-06-21T12:33:57.696+0100: 12840.004: [GC (Allocation Failure) 2016-06-21T12:33:57.696+0100: 12840.004: [ParNew
Desired survivor size 20112992 bytes, new threshold 8 (max 8)
- age   1:     314720 bytes,     314720 total
- age   2:     551832 bytes,     866552 total
- age   3:      16256 bytes,     882808 total
- age   4:      36272 bytes,     919080 total
- age   5:     179544 bytes,    1098624 total
- age   6:     192608 bytes,    1291232 total
- age   7:      25232 bytes,    1316464 total
- age   8:      23032 bytes,    1339496 total
: 88952K->1652K(109248K), 0.0042693 secs] 241298K->154049K(502464K), 0.0043526 secs] [Times: user=0.00 sys=0.00, real=0.00 secs] 
Heap after GC invocations=102 (full 2):
 par new generation   total 109248K, used 1652K [0x00000000e0000000, 0x00000000e8000000, 0x00000000e8000000)
  eden space 87424K,   0% used [0x00000000e0000000, 0x00000000e0000000, 0x00000000e5560000)
  from space 21824K,   7% used [0x00000000e5560000, 0x00000000e56fd1f0, 0x00000000e6ab0000)
  to   space 21824K,   0% used [0x00000000e6ab0000, 0x00000000e6ab0000, 0x00000000e8000000)
 concurrent mark-sweep generation total 393216K, used 152396K [0x00000000e8000000, 0x0000000100000000, 0x0000000100000000)
 Metaspace       used 48528K, capacity 49136K, committed 49400K, reserved 1093632K
  class space    used 5238K, capacity 5397K, committed 5420K, reserved 1048576K
}
2016-06-21T12:33:57.700+0100: 12840.008: Total time for which application threads were stopped: 0.0046376 seconds, Stopping threads took: 0.0000249 seconds
2016-06-21T12:33:58.700+0100: 12841.008: Total time for which application threads were stopped: 0.0000943 seconds, Stopping threads took: 0.0000292 seconds
{Heap before GC invocations=102 (full 2):
 par new generation   total 109248K, used 89076K [0x00000000e0000000, 0x00000000e8000000, 0x00000000e8000000)
  eden space 87424K, 100% used [0x00000000e0000000, 0x00000000e5560000, 0x00000000e5560000)
  from space 21824K,   7% used [0x00000000e5560000, 0x00000000e56fd1f0, 0x00000000e6ab0000)
  to   space 21824K,   0% used [0x00000000e6ab0000, 0x00000000e6ab0000, 0x00000000e8000000)
 concurrent mark-sweep generation total 393216K, used 152396K [0x00000000e8000000, 0x0000000100000000, 0x0000000100000000)
 Metaspace       used 48528K, capacity 49136K, committed 49400K, reserved 1093632K
  class space    used 5238K, capacity 5397K, committed 5420K, reserved 1048576K
2016-06-21T12:33:59.233+0100: 12841.541: [GC (Allocation Failure) 2016-06-21T12:33:59.233+0100: 12841.541: [ParNew
Desired survivor size 20112992 bytes, new threshold 8 (max 8)
- age   1:     323344 bytes,     323344 total
- age   2:      16792 bytes,     340136 total
- age   3:     541384 bytes,     881520 total
- age   4:      16256 bytes,     897776 total
- age   5:      36272 bytes,     934048 total
- age   6:     179544 bytes,    1113592 total
- age   7:     192608 bytes,    1306200 total
- age   8:      25232 bytes,    1331432 total
: 89076K->1884K(109248K), 0.0046360 secs] 241473K->154303K(502464K), 0.0047035 secs] [Times: user=0.05 sys=0.01, real=0.00 secs] 
Heap after GC invocations=103 (full 2):
 par new generation   total 109248K, used 1884K [0x00000000e0000000, 0x00000000e8000000, 0x00000000e8000000)
  eden space 87424K,   0% used [0x00000000e0000000, 0x00000000e0000000, 0x00000000e5560000)
  from space 21824K,   8% used [0x00000000e6ab0000, 0x00000000e6c87330, 0x00000000e8000000)
  to   space 21824K,   0% used [0x00000000e5560000, 0x00000000e5560000, 0x00000000e6ab0000)
 concurrent mark-sweep generation total 393216K, used 152418K [0x00000000e8000000, 0x0000000100000000, 0x0000000100000000)
 Metaspace       used 48528K, capacity 49136K, committed 49400K, reserved 1093632K
  class space    used 5238K, capacity 5397K, committed 5420K, reserved 1048576K
}
2016-06-21T12:33:59.238+0100: 12841.546: Total time for which application threads were stopped: 0.0050533 seconds, Stopping threads took: 0.0000312 seconds
2016-06-21T12:34:01.239+0100: 12843.547: Total time for which application threads were stopped: 0.0001007 seconds, Stopping threads took: 0.0000249 seconds
{Heap before GC invocations=103 (full 2):
 par new generation   total 109248K, used 89308K [0x00000000e0000000, 0x00000000e8000000, 0x00000000e8000000)
  eden space 87424K, 100% used [0x00000000e0000000, 0x00000000e5560000, 0x00000000e5560000)
  from space 21824K,   8% used [0x00000000e6ab0000, 0x00000000e6c87330, 0x00000000e8000000)
  to   space 21824K,   0% used [0x00000000e5560000, 0x00000000e5560000, 0x00000000e6ab0000)
 concurrent mark-sweep generation total 393216K, used 152418K [0x00000000e8000000, 0x0000000100000000, 0x0000000100000000)
 Metaspace       used 48529K, capacity 49136K, committed 49400K, reserved 1093632K
  class space    used 5238K, capacity 5397K, committed 5420K, reserved 1048576K
2016-06-21T12:34:01.428+0100: 12843.737: [GC (Allocation Failure) 2016-06-21T12:34:01.447+0100: 12843.756: [ParNew
Desired survivor size 20112992 bytes, new threshold 8 (max 8)
- age   1:     306992 bytes,     306992 total
- age   2:      18368 bytes,     325360 total
- age   3:      16792 bytes,     342152 total
- age   4:     529960 bytes,     872112 total
- age   5:      15936 bytes,     888048 total
- age   6:      36272 bytes,     924320 total
- age   7:     179544 bytes,    1103864 total
- age   8:     192608 bytes,    1296472 total
: 89308K->1603K(109248K), 0.0033341 secs] 241727K->154045K(502464K), 0.0225055 secs] [Times: user=0.00 sys=0.00, real=0.02 secs] 
Heap after GC invocations=104 (full 2):
 par new generation   total 109248K, used 1603K [0x00000000e0000000, 0x00000000e8000000, 0x00000000e8000000)
  eden space 87424K,   0% used [0x00000000e0000000, 0x00000000e0000000, 0x00000000e5560000)
  from space 21824K,   7% used [0x00000000e5560000, 0x00000000e56f0d80, 0x00000000e6ab0000)
  to   space 21824K,   0% used [0x00000000e6ab0000, 0x00000000e6ab0000, 0x00000000e8000000)
 concurrent mark-sweep generation total 393216K, used 152441K [0x00000000e8000000, 0x0000000100000000, 0x0000000100000000)
 Metaspace       used 48529K, capacity 49136K, committed 49400K, reserved 1093632K
  class space    used 5238K, capacity 5397K, committed 5420K, reserved 1048576K
}
2016-06-21T12:34:01.451+0100: 12843.759: Total time for which application threads were stopped: 0.0227179 seconds, Stopping threads took: 0.0000209 seconds
{Heap before GC invocations=104 (full 2):
 par new generation   total 109248K, used 89027K [0x00000000e0000000, 0x00000000e8000000, 0x00000000e8000000)
  eden space 87424K, 100% used [0x00000000e0000000, 0x00000000e5560000, 0x00000000e5560000)
  from space 21824K,   7% used [0x00000000e5560000, 0x00000000e56f0d80, 0x00000000e6ab0000)
  to   space 21824K,   0% used [0x00000000e6ab0000, 0x00000000e6ab0000, 0x00000000e8000000)
 concurrent mark-sweep generation total 393216K, used 152441K [0x00000000e8000000, 0x0000000100000000, 0x0000000100000000)
 Metaspace       used 48529K, capacity 49136K, committed 49400K, reserved 1093632K
  class space    used 5238K, capacity 5397K, committed 5420K, reserved 1048576K
2016-06-21T12:34:03.384+0100: 12845.692: [GC (Allocation Failure) 2016-06-21T12:34:03.384+0100: 12845.692: [ParNew
Desired survivor size 20112992 bytes, new threshold 8 (max 8)
- age   1:     316520 bytes,     316520 total
- age   2:      16416 bytes,     332936 total
- age   3:      18368 bytes,     351304 total
- age   4:      16792 bytes,     368096 total
- age   5:     520000 bytes,     888096 total
- age   6:      15936 bytes,     904032 total
- age   7:      36272 bytes,     940304 total
- age   8:     178080 bytes,    1118384 total
: 89027K->1725K(109248K), 0.0031162 secs] 241469K->154353K(502464K), 0.0031889 secs] [Times: user=0.00 sys=0.00, real=0.00 secs] 
Heap after GC invocations=105 (full 2):
 par new generation   total 109248K, used 1725K [0x00000000e0000000, 0x00000000e8000000, 0x00000000e8000000)
  eden space 87424K,   0% used [0x00000000e0000000, 0x00000000e0000000, 0x00000000e5560000)
  from space 21824K,   7% used [0x00000000e6ab0000, 0x00000000e6c5f400, 0x00000000e8000000)
  to   space 21824K,   0% used [0x00000000e5560000, 0x00000000e5560000, 0x00000000e6ab0000)
 concurrent mark-sweep generation total 393216K, used 152628K [0x00000000e8000000, 0x0000000100000000, 0x0000000100000000)
 Metaspace       used 48529K, capacity 49136K, committed 49400K, reserved 1093632K
  class space    used 5238K, capacity 5397K, committed 5420K, reserved 1048576K
}
2016-06-21T12:34:03.387+0100: 12845.696: Total time for which application threads were stopped: 0.0033736 seconds, Stopping threads took: 0.0000217 seconds
2016-06-21T12:34:04.387+0100: 12846.696: Total time for which application threads were stopped: 0.0001038 seconds, Stopping threads took: 0.0000304 seconds
{Heap before GC invocations=105 (full 2):
 par new generation   total 109248K, used 89149K [0x00000000e0000000, 0x00000000e8000000, 0x00000000e8000000)
  eden space 87424K, 100% used [0x00000000e0000000, 0x00000000e5560000, 0x00000000e5560000)
  from space 21824K,   7% used [0x00000000e6ab0000, 0x00000000e6c5f400, 0x00000000e8000000)
  to   space 21824K,   0% used [0x00000000e5560000, 0x00000000e5560000, 0x00000000e6ab0000)
 concurrent mark-sweep generation total 393216K, used 152628K [0x00000000e8000000, 0x0000000100000000, 0x0000000100000000)
 Metaspace       used 48529K, capacity 49136K, committed 49400K, reserved 1093632K
  class space    used 5238K, capacity 5397K, committed 5420K, reserved 1048576K
2016-06-21T12:34:05.335+0100: 12847.643: [GC (Allocation Failure) 2016-06-21T12:34:05.335+0100: 12847.643: [ParNew
Desired survivor size 20112992 bytes, new threshold 8 (max 8)
- age   1:     308936 bytes,     308936 total
- age   2:      16392 bytes,     325328 total
- age   3:      16416 bytes,     341744 total
- age   4:      18368 bytes,     360112 total
- age   5:      16792 bytes,     376904 total
- age   6:     510112 bytes,     887016 total
- age   7:      15816 bytes,     902832 total
- age   8:      34040 bytes,     936872 total
: 89149K->1261K(109248K), 0.0059762 secs] 241777K->154061K(502464K), 0.0060761 secs] [Times: user=0.00 sys=0.00, real=0.01 secs] 
Heap after GC invocations=106 (full 2):
 par new generation   total 109248K, used 1261K [0x00000000e0000000, 0x00000000e8000000, 0x00000000e8000000)
  eden space 87424K,   0% used [0x00000000e0000000, 0x00000000e0000000, 0x00000000e5560000)
  from space 21824K,   5% used [0x00000000e5560000, 0x00000000e569b4c8, 0x00000000e6ab0000)
  to   space 21824K,   0% used [0x00000000e6ab0000, 0x00000000e6ab0000, 0x00000000e8000000)
 concurrent mark-sweep generation total 393216K, used 152800K [0x00000000e8000000, 0x0000000100000000, 0x0000000100000000)
 Metaspace       used 48529K, capacity 49136K, committed 49400K, reserved 1093632K
  class space    used 5238K, capacity 5397K, committed 5420K, reserved 1048576K
}
2016-06-21T12:34:05.341+0100: 12847.649: Total time for which application threads were stopped: 0.0064409 seconds, Stopping threads took: 0.0000320 seconds
2016-06-21T12:34:06.341+0100: 12848.650: Total time for which application threads were stopped: 0.0001275 seconds, Stopping threads took: 0.0000561 seconds
{Heap before GC invocations=106 (full 2):
 par new generation   total 109248K, used 88685K [0x00000000e0000000, 0x00000000e8000000, 0x00000000e8000000)
  eden space 87424K, 100% used [0x00000000e0000000, 0x00000000e5560000, 0x00000000e5560000)
  from space 21824K,   5% used [0x00000000e5560000, 0x00000000e569b4c8, 0x00000000e6ab0000)
  to   space 21824K,   0% used [0x00000000e6ab0000, 0x00000000e6ab0000, 0x00000000e8000000)
 concurrent mark-sweep generation total 393216K, used 152800K [0x00000000e8000000, 0x0000000100000000, 0x0000000100000000)
 Metaspace       used 48543K, capacity 49136K, committed 49400K, reserved 1093632K
  class space    used 5238K, capacity 5397K, committed 5420K, reserved 1048576K
2016-06-21T12:34:07.309+0100: 12849.617: [GC (Allocation Failure) 2016-06-21T12:34:07.309+0100: 12849.617: [ParNew
Desired survivor size 20112992 bytes, new threshold 8 (max 8)
- age   1:     292776 bytes,     292776 total
- age   2:      16832 bytes,     309608 total
- age   3:      16392 bytes,     326000 total
- age   4:      16072 bytes,     342072 total
- age   5:      18368 bytes,     360440 total
- age   6:      16792 bytes,     377232 total
- age   7:     500488 bytes,     877720 total
- age   8:      13848 bytes,     891568 total
: 88685K->966K(109248K), 0.0033618 secs] 241485K->153799K(502464K), 0.0034399 secs] [Times: user=0.02 sys=0.00, real=0.00 secs] 
Heap after GC invocations=107 (full 2):
 par new generation   total 109248K, used 966K [0x00000000e0000000, 0x00000000e8000000, 0x00000000e8000000)
  eden space 87424K,   0% used [0x00000000e0000000, 0x00000000e0000000, 0x00000000e5560000)
  from space 21824K,   4% used [0x00000000e6ab0000, 0x00000000e6ba19c0, 0x00000000e8000000)
  to   space 21824K,   0% used [0x00000000e5560000, 0x00000000e5560000, 0x00000000e6ab0000)
 concurrent mark-sweep generation total 393216K, used 152832K [0x00000000e8000000, 0x0000000100000000, 0x0000000100000000)
 Metaspace       used 48543K, capacity 49136K, committed 49400K, reserved 1093632K
  class space    used 5238K, capacity 5397K, committed 5420K, reserved 1048576K
}
2016-06-21T12:34:07.312+0100: 12849.620: Total time for which application threads were stopped: 0.0039192 seconds, Stopping threads took: 0.0000257 seconds
{Heap before GC invocations=107 (full 2):
 par new generation   total 109248K, used 88390K [0x00000000e0000000, 0x00000000e8000000, 0x00000000e8000000)
  eden space 87424K, 100% used [0x00000000e0000000, 0x00000000e5560000, 0x00000000e5560000)
  from space 21824K,   4% used [0x00000000e6ab0000, 0x00000000e6ba19c0, 0x00000000e8000000)
  to   space 21824K,   0% used [0x00000000e5560000, 0x00000000e5560000, 0x00000000e6ab0000)
 concurrent mark-sweep generation total 393216K, used 152832K [0x00000000e8000000, 0x0000000100000000, 0x0000000100000000)
 Metaspace       used 48551K, capacity 49200K, committed 49400K, reserved 1093632K
  class space    used 5238K, capacity 5397K, committed 5420K, reserved 1048576K
2016-06-21T12:34:08.121+0100: 12850.429: [GC (Allocation Failure) 2016-06-21T12:34:08.121+0100: 12850.429: [ParNew
Desired survivor size 20112992 bytes, new threshold 8 (max 8)
- age   1:    1775704 bytes,    1775704 total
- age   2:      16752 bytes,    1792456 total
- age   3:      16832 bytes,    1809288 total
- age   4:      16392 bytes,    1825680 total
- age   5:      15952 bytes,    1841632 total
- age   6:      18224 bytes,    1859856 total
- age   7:      16552 bytes,    1876408 total
- age   8:     498856 bytes,    2375264 total
: 88390K->2708K(109248K), 0.0045069 secs] 241223K->155553K(502464K), 0.0045973 secs] [Times: user=0.06 sys=0.00, real=0.00 secs] 
Heap after GC invocations=108 (full 2):
 par new generation   total 109248K, used 2708K [0x00000000e0000000, 0x00000000e8000000, 0x00000000e8000000)
  eden space 87424K,   0% used [0x00000000e0000000, 0x00000000e0000000, 0x00000000e5560000)
  from space 21824K,  12% used [0x00000000e5560000, 0x00000000e58051d0, 0x00000000e6ab0000)
  to   space 21824K,   0% used [0x00000000e6ab0000, 0x00000000e6ab0000, 0x00000000e8000000)
 concurrent mark-sweep generation total 393216K, used 152845K [0x00000000e8000000, 0x0000000100000000, 0x0000000100000000)
 Metaspace       used 48551K, capacity 49200K, committed 49400K, reserved 1093632K
  class space    used 5238K, capacity 5397K, committed 5420K, reserved 1048576K
}
2016-06-21T12:34:08.126+0100: 12850.434: Total time for which application threads were stopped: 0.0050825 seconds, Stopping threads took: 0.0000414 seconds
2016-06-21T12:34:08.126+0100: 12850.435: Total time for which application threads were stopped: 0.0002980 seconds, Stopping threads took: 0.0000533 seconds
2016-06-21T12:34:08.126+0100: 12850.435: Total time for which application threads were stopped: 0.0001176 seconds, Stopping threads took: 0.0000300 seconds
{Heap before GC invocations=108 (full 2):
 par new generation   total 109248K, used 90132K [0x00000000e0000000, 0x00000000e8000000, 0x00000000e8000000)
  eden space 87424K, 100% used [0x00000000e0000000, 0x00000000e5560000, 0x00000000e5560000)
  from space 21824K,  12% used [0x00000000e5560000, 0x00000000e58051d0, 0x00000000e6ab0000)
  to   space 21824K,   0% used [0x00000000e6ab0000, 0x00000000e6ab0000, 0x00000000e8000000)
 concurrent mark-sweep generation total 393216K, used 152845K [0x00000000e8000000, 0x0000000100000000, 0x0000000100000000)
 Metaspace       used 48552K, capacity 49200K, committed 49400K, reserved 1093632K
  class space    used 5238K, capacity 5397K, committed 5420K, reserved 1048576K
2016-06-21T12:34:08.424+0100: 12850.733: [GC (Allocation Failure) 2016-06-21T12:34:08.424+0100: 12850.733: [ParNew
Desired survivor size 20112992 bytes, new threshold 8 (max 8)
- age   1:    1859296 bytes,    1859296 total
- age   2:      34920 bytes,    1894216 total
- age   3:      16752 bytes,    1910968 total
- age   4:      16832 bytes,    1927800 total
- age   5:      16392 bytes,    1944192 total
- age   6:      15760 bytes,    1959952 total
- age   7:      18056 bytes,    1978008 total
- age   8:      16480 bytes,    1994488 total
: 90132K->2416K(109248K), 0.0050541 secs] 242977K->155750K(502464K), 0.0051251 secs] [Times: user=0.00 sys=0.00, real=0.01 secs] 
Heap after GC invocations=109 (full 2):
 par new generation   total 109248K, used 2416K [0x00000000e0000000, 0x00000000e8000000, 0x00000000e8000000)
  eden space 87424K,   0% used [0x00000000e0000000, 0x00000000e0000000, 0x00000000e5560000)
  from space 21824K,  11% used [0x00000000e6ab0000, 0x00000000e6d0c1f0, 0x00000000e8000000)
  to   space 21824K,   0% used [0x00000000e5560000, 0x00000000e5560000, 0x00000000e6ab0000)
 concurrent mark-sweep generation total 393216K, used 153334K [0x00000000e8000000, 0x0000000100000000, 0x0000000100000000)
 Metaspace       used 48552K, capacity 49200K, committed 49400K, reserved 1093632K
  class space    used 5238K, capacity 5397K, committed 5420K, reserved 1048576K
}
2016-06-21T12:34:08.430+0100: 12850.738: Total time for which application threads were stopped: 0.0053190 seconds, Stopping threads took: 0.0000225 seconds
2016-06-21T12:34:09.430+0100: 12851.739: Total time for which application threads were stopped: 0.0002013 seconds, Stopping threads took: 0.0000383 seconds
2016-06-21T12:34:12.432+0100: 12854.740: Total time for which application threads were stopped: 0.0001311 seconds, Stopping threads took: 0.0000253 seconds
{Heap before GC invocations=109 (full 2):
 par new generation   total 109248K, used 89840K [0x00000000e0000000, 0x00000000e8000000, 0x00000000e8000000)
  eden space 87424K, 100% used [0x00000000e0000000, 0x00000000e5560000, 0x00000000e5560000)
  from space 21824K,  11% used [0x00000000e6ab0000, 0x00000000e6d0c1f0, 0x00000000e8000000)
  to   space 21824K,   0% used [0x00000000e5560000, 0x00000000e5560000, 0x00000000e6ab0000)
 concurrent mark-sweep generation total 393216K, used 153334K [0x00000000e8000000, 0x0000000100000000, 0x0000000100000000)
 Metaspace       used 48580K, capacity 49212K, committed 49400K, reserved 1093632K
  class space    used 5239K, capacity 5399K, committed 5420K, reserved 1048576K
2016-06-21T12:34:15.194+0100: 12857.502: [GC (Allocation Failure) 2016-06-21T12:34:15.194+0100: 12857.502: [ParNew
Desired survivor size 20112992 bytes, new threshold 8 (max 8)
- age   1:    4953048 bytes,    4953048 total
- age   2:       1808 bytes,    4954856 total
- age   3:      29736 bytes,    4984592 total
- age   4:      16752 bytes,    5001344 total
- age   5:      16832 bytes,    5018176 total
- age   6:      15960 bytes,    5034136 total
- age   7:      15568 bytes,    5049704 total
- age   8:      17528 bytes,    5067232 total
: 89840K->6318K(109248K), 0.0081095 secs] 243174K->159668K(502464K), 0.0082054 secs] [Times: user=0.00 sys=0.00, real=0.01 secs] 
Heap after GC invocations=110 (full 2):
 par new generation   total 109248K, used 6318K [0x00000000e0000000, 0x00000000e8000000, 0x00000000e8000000)
  eden space 87424K,   0% used [0x00000000e0000000, 0x00000000e0000000, 0x00000000e5560000)
  from space 21824K,  28% used [0x00000000e5560000, 0x00000000e5b8b9a0, 0x00000000e6ab0000)
  to   space 21824K,   0% used [0x00000000e6ab0000, 0x00000000e6ab0000, 0x00000000e8000000)
 concurrent mark-sweep generation total 393216K, used 153349K [0x00000000e8000000, 0x0000000100000000, 0x0000000100000000)
 Metaspace       used 48580K, capacity 49212K, committed 49400K, reserved 1093632K
  class space    used 5239K, capacity 5399K, committed 5420K, reserved 1048576K
}
2016-06-21T12:34:15.202+0100: 12857.511: Total time for which application threads were stopped: 0.0085398 seconds, Stopping threads took: 0.0000355 seconds
2016-06-21T12:34:15.202+0100: 12857.511: Total time for which application threads were stopped: 0.0001212 seconds, Stopping threads took: 0.0000332 seconds
2016-06-21T12:34:15.202+0100: 12857.511: Total time for which application threads were stopped: 0.0000718 seconds, Stopping threads took: 0.0000134 seconds
2016-06-21T12:34:15.203+0100: 12857.511: Total time for which application threads were stopped: 0.0000525 seconds, Stopping threads took: 0.0000103 seconds
2016-06-21T12:34:15.203+0100: 12857.511: Total time for which application threads were stopped: 0.0000600 seconds, Stopping threads took: 0.0000122 seconds
2016-06-21T12:34:15.203+0100: 12857.511: Total time for which application threads were stopped: 0.0001997 seconds, Stopping threads took: 0.0000197 seconds
2016-06-21T12:34:15.203+0100: 12857.511: Total time for which application threads were stopped: 0.0000537 seconds, Stopping threads took: 0.0000114 seconds
2016-06-21T12:34:15.203+0100: 12857.511: Total time for which application threads were stopped: 0.0000466 seconds, Stopping threads took: 0.0000087 seconds
2016-06-21T12:34:15.203+0100: 12857.511: Total time for which application threads were stopped: 0.0000458 seconds, Stopping threads took: 0.0000091 seconds
2016-06-21T12:34:15.203+0100: 12857.512: Total time for which application threads were stopped: 0.0000466 seconds, Stopping threads took: 0.0000091 seconds
2016-06-21T12:34:15.203+0100: 12857.512: Total time for which application threads were stopped: 0.0000880 seconds, Stopping threads took: 0.0000095 seconds
2016-06-21T12:34:15.203+0100: 12857.512: Total time for which application threads were stopped: 0.0000608 seconds, Stopping threads took: 0.0000122 seconds
2016-06-21T12:34:15.204+0100: 12857.512: Total time for which application threads were stopped: 0.0001871 seconds, Stopping threads took: 0.0000111 seconds
{Heap before GC invocations=110 (full 2):
 par new generation   total 109248K, used 93742K [0x00000000e0000000, 0x00000000e8000000, 0x00000000e8000000)
  eden space 87424K, 100% used [0x00000000e0000000, 0x00000000e5560000, 0x00000000e5560000)
  from space 21824K,  28% used [0x00000000e5560000, 0x00000000e5b8b9a0, 0x00000000e6ab0000)
  to   space 21824K,   0% used [0x00000000e6ab0000, 0x00000000e6ab0000, 0x00000000e8000000)
 concurrent mark-sweep generation total 393216K, used 153349K [0x00000000e8000000, 0x0000000100000000, 0x0000000100000000)
 Metaspace       used 48582K, capacity 49212K, committed 49400K, reserved 1093632K
  class space    used 5239K, capacity 5399K, committed 5420K, reserved 1048576K
2016-06-21T12:34:15.634+0100: 12857.943: [GC (Allocation Failure) 2016-06-21T12:34:15.634+0100: 12857.943: [ParNew
Desired survivor size 20112992 bytes, new threshold 2 (max 8)
- age   1:   17201056 bytes,   17201056 total
- age   2:    4781944 bytes,   21983000 total
- age   3:        384 bytes,   21983384 total
- age   4:      29736 bytes,   22013120 total
- age   5:      16752 bytes,   22029872 total
- age   6:      16832 bytes,   22046704 total
- age   7:      15960 bytes,   22062664 total
- age   8:      15568 bytes,   22078232 total
: 93742K->21824K(109248K), 0.0217768 secs] 247092K->175726K(502464K), 0.0218680 secs] [Times: user=0.05 sys=0.03, real=0.02 secs] 
Heap after GC invocations=111 (full 2):
 par new generation   total 109248K, used 21824K [0x00000000e0000000, 0x00000000e8000000, 0x00000000e8000000)
  eden space 87424K,   0% used [0x00000000e0000000, 0x00000000e0000000, 0x00000000e5560000)
  from space 21824K, 100% used [0x00000000e6ab0000, 0x00000000e8000000, 0x00000000e8000000)
  to   space 21824K,   0% used [0x00000000e5560000, 0x00000000e5560000, 0x00000000e6ab0000)
 concurrent mark-sweep generation total 393216K, used 153902K [0x00000000e8000000, 0x0000000100000000, 0x0000000100000000)
 Metaspace       used 48582K, capacity 49212K, committed 49400K, reserved 1093632K
  class space    used 5239K, capacity 5399K, committed 5420K, reserved 1048576K
}
2016-06-21T12:34:15.656+0100: 12857.965: Total time for which application threads were stopped: 0.0221735 seconds, Stopping threads took: 0.0000304 seconds
{Heap before GC invocations=111 (full 2):
 par new generation   total 109248K, used 109248K [0x00000000e0000000, 0x00000000e8000000, 0x00000000e8000000)
  eden space 87424K, 100% used [0x00000000e0000000, 0x00000000e5560000, 0x00000000e5560000)
  from space 21824K, 100% used [0x00000000e6ab0000, 0x00000000e8000000, 0x00000000e8000000)
  to   space 21824K,   0% used [0x00000000e5560000, 0x00000000e5560000, 0x00000000e6ab0000)
 concurrent mark-sweep generation total 393216K, used 153902K [0x00000000e8000000, 0x0000000100000000, 0x0000000100000000)
 Metaspace       used 48582K, capacity 49212K, committed 49400K, reserved 1093632K
  class space    used 5239K, capacity 5399K, committed 5420K, reserved 1048576K
2016-06-21T12:34:15.934+0100: 12858.242: [GC (Allocation Failure) 2016-06-21T12:34:15.934+0100: 12858.242: [ParNew
Desired survivor size 20112992 bytes, new threshold 8 (max 8)
- age   1:    1366640 bytes,    1366640 total
- age   2:   15127528 bytes,   16494168 total
: 109248K->21824K(109248K), 0.0205203 secs] 263150K->181839K(502464K), 0.0206004 secs] [Times: user=0.05 sys=0.06, real=0.02 secs] 
Heap after GC invocations=112 (full 2):
 par new generation   total 109248K, used 21824K [0x00000000e0000000, 0x00000000e8000000, 0x00000000e8000000)
  eden space 87424K,   0% used [0x00000000e0000000, 0x00000000e0000000, 0x00000000e5560000)
  from space 21824K, 100% used [0x00000000e5560000, 0x00000000e6ab0000, 0x00000000e6ab0000)
  to   space 21824K,   0% used [0x00000000e6ab0000, 0x00000000e6ab0000, 0x00000000e8000000)
 concurrent mark-sweep generation total 393216K, used 160015K [0x00000000e8000000, 0x0000000100000000, 0x0000000100000000)
 Metaspace       used 48582K, capacity 49212K, committed 49400K, reserved 1093632K
  class space    used 5239K, capacity 5399K, committed 5420K, reserved 1048576K
}
2016-06-21T12:34:15.954+0100: 12858.263: Total time for which application threads were stopped: 0.0209565 seconds, Stopping threads took: 0.0000379 seconds
{Heap before GC invocations=112 (full 2):
 par new generation   total 109248K, used 109248K [0x00000000e0000000, 0x00000000e8000000, 0x00000000e8000000)
  eden space 87424K, 100% used [0x00000000e0000000, 0x00000000e5560000, 0x00000000e5560000)
  from space 21824K, 100% used [0x00000000e5560000, 0x00000000e6ab0000, 0x00000000e6ab0000)
  to   space 21824K,   0% used [0x00000000e6ab0000, 0x00000000e6ab0000, 0x00000000e8000000)
 concurrent mark-sweep generation total 393216K, used 160015K [0x00000000e8000000, 0x0000000100000000, 0x0000000100000000)
 Metaspace       used 48586K, capacity 49212K, committed 49400K, reserved 1093632K
  class space    used 5239K, capacity 5399K, committed 5420K, reserved 1048576K
2016-06-21T12:34:16.166+0100: 12858.475: [GC (Allocation Failure) 2016-06-21T12:34:16.166+0100: 12858.475: [ParNew
Desired survivor size 20112992 bytes, new threshold 8 (max 8)
- age   1:    1316192 bytes,    1316192 total
- age   2:     785224 bytes,    2101416 total
- age   3:   15100032 bytes,   17201448 total
: 109248K->21824K(109248K), 0.0068913 secs] 269263K->182585K(502464K), 0.0069698 secs] [Times: user=0.06 sys=0.00, real=0.01 secs] 
Heap after GC invocations=113 (full 2):
 par new generation   total 109248K, used 21824K [0x00000000e0000000, 0x00000000e8000000, 0x00000000e8000000)
  eden space 87424K,   0% used [0x00000000e0000000, 0x00000000e0000000, 0x00000000e5560000)
  from space 21824K, 100% used [0x00000000e6ab0000, 0x00000000e8000000, 0x00000000e8000000)
  to   space 21824K,   0% used [0x00000000e5560000, 0x00000000e5560000, 0x00000000e6ab0000)
 concurrent mark-sweep generation total 393216K, used 160761K [0x00000000e8000000, 0x0000000100000000, 0x0000000100000000)
 Metaspace       used 48586K, capacity 49212K, committed 49400K, reserved 1093632K
  class space    used 5239K, capacity 5399K, committed 5420K, reserved 1048576K
}
2016-06-21T12:34:16.174+0100: 12858.482: Total time for which application threads were stopped: 0.0072785 seconds, Stopping threads took: 0.0000209 seconds
{Heap before GC invocations=113 (full 2):
 par new generation   total 109248K, used 109248K [0x00000000e0000000, 0x00000000e8000000, 0x00000000e8000000)
  eden space 87424K, 100% used [0x00000000e0000000, 0x00000000e5560000, 0x00000000e5560000)
  from space 21824K, 100% used [0x00000000e6ab0000, 0x00000000e8000000, 0x00000000e8000000)
  to   space 21824K,   0% used [0x00000000e5560000, 0x00000000e5560000, 0x00000000e6ab0000)
 concurrent mark-sweep generation total 393216K, used 160761K [0x00000000e8000000, 0x0000000100000000, 0x0000000100000000)
 Metaspace       used 48586K, capacity 49212K, committed 49400K, reserved 1093632K
  class space    used 5239K, capacity 5399K, committed 5420K, reserved 1048576K
2016-06-21T12:34:16.350+0100: 12858.660: [GC (Allocation Failure) 2016-06-21T12:34:16.350+0100: 12858.660: [ParNew
Desired survivor size 20112992 bytes, new threshold 8 (max 8)
- age   1:    1107040 bytes,    1107040 total
- age   2:     785984 bytes,    1893024 total
- age   3:     785224 bytes,    2678248 total
- age   4:   15064880 bytes,   17743128 total
: 109248K->21824K(109248K), 0.0095279 secs] 270009K->182599K(502464K), 0.0095942 secs] [Times: user=0.03 sys=0.02, real=0.01 secs] 
Heap after GC invocations=114 (full 2):
 par new generation   total 109248K, used 21824K [0x00000000e0000000, 0x00000000e8000000, 0x00000000e8000000)
  eden space 87424K,   0% used [0x00000000e0000000, 0x00000000e0000000, 0x00000000e5560000)
  from space 21824K, 100% used [0x00000000e5560000, 0x00000000e6ab0000, 0x00000000e6ab0000)
  to   space 21824K,   0% used [0x00000000e6ab0000, 0x00000000e6ab0000, 0x00000000e8000000)
 concurrent mark-sweep generation total 393216K, used 160775K [0x00000000e8000000, 0x0000000100000000, 0x0000000100000000)
 Metaspace       used 48586K, capacity 49212K, committed 49400K, reserved 1093632K
  class space    used 5239K, capacity 5399K, committed 5420K, reserved 1048576K
}
2016-06-21T12:34:16.360+0100: 12858.669: Total time for which application threads were stopped: 0.0098555 seconds, Stopping threads took: 0.0000237 seconds
{Heap before GC invocations=114 (full 2):
 par new generation   total 109248K, used 109248K [0x00000000e0000000, 0x00000000e8000000, 0x00000000e8000000)
  eden space 87424K, 100% used [0x00000000e0000000, 0x00000000e5560000, 0x00000000e5560000)
  from space 21824K, 100% used [0x00000000e5560000, 0x00000000e6ab0000, 0x00000000e6ab0000)
  to   space 21824K,   0% used [0x00000000e6ab0000, 0x00000000e6ab0000, 0x00000000e8000000)
 concurrent mark-sweep generation total 393216K, used 160775K [0x00000000e8000000, 0x0000000100000000, 0x0000000100000000)
 Metaspace       used 48587K, capacity 49212K, committed 49400K, reserved 1093632K
  class space    used 5239K, capacity 5399K, committed 5420K, reserved 1048576K
2016-06-21T12:34:16.501+0100: 12858.810: [GC (Allocation Failure) 2016-06-21T12:34:16.501+0100: 12858.810: [ParNew
Desired survivor size 20112992 bytes, new threshold 8 (max 8)
- age   1:    2559008 bytes,    2559008 total
- age   2:     748896 bytes,    3307904 total
- age   3:     785144 bytes,    4093048 total
- age   4:     777400 bytes,    4870448 total
- age   5:   14648328 bytes,   19518776 total
: 109248K->21824K(109248K), 0.0071522 secs] 270023K->183056K(502464K), 0.0072556 secs] [Times: user=0.00 sys=0.00, real=0.01 secs] 
Heap after GC invocations=115 (full 2):
 par new generation   total 109248K, used 21824K [0x00000000e0000000, 0x00000000e8000000, 0x00000000e8000000)
  eden space 87424K,   0% used [0x00000000e0000000, 0x00000000e0000000, 0x00000000e5560000)
  from space 21824K, 100% used [0x00000000e6ab0000, 0x00000000e8000000, 0x00000000e8000000)
  to   space 21824K,   0% used [0x00000000e5560000, 0x00000000e5560000, 0x00000000e6ab0000)
 concurrent mark-sweep generation total 393216K, used 161232K [0x00000000e8000000, 0x0000000100000000, 0x0000000100000000)
 Metaspace       used 48587K, capacity 49212K, committed 49400K, reserved 1093632K
  class space    used 5239K, capacity 5399K, committed 5420K, reserved 1048576K
}
2016-06-21T12:34:16.509+0100: 12858.817: Total time for which application threads were stopped: 0.0074708 seconds, Stopping threads took: 0.0000209 seconds
2016-06-21T12:34:18.510+0100: 12860.818: Total time for which application threads were stopped: 0.0001330 seconds, Stopping threads took: 0.0000292 seconds
2016-06-21T12:34:19.510+0100: 12861.819: Total time for which application threads were stopped: 0.0000738 seconds, Stopping threads took: 0.0000245 seconds
{Heap before GC invocations=115 (full 2):
 par new generation   total 109248K, used 109248K [0x00000000e0000000, 0x00000000e8000000, 0x00000000e8000000)
  eden space 87424K, 100% used [0x00000000e0000000, 0x00000000e5560000, 0x00000000e5560000)
  from space 21824K, 100% used [0x00000000e6ab0000, 0x00000000e8000000, 0x00000000e8000000)
  to   space 21824K,   0% used [0x00000000e5560000, 0x00000000e5560000, 0x00000000e6ab0000)
 concurrent mark-sweep generation total 393216K, used 161232K [0x00000000e8000000, 0x0000000100000000, 0x0000000100000000)
 Metaspace       used 48751K, capacity 49360K, committed 49400K, reserved 1093632K
  class space    used 5246K, capacity 5413K, committed 5420K, reserved 1048576K
2016-06-21T12:34:28.259+0100: 12870.567: [GC (Allocation Failure) 2016-06-21T12:34:28.259+0100: 12870.568: [ParNew
Desired survivor size 20112992 bytes, new threshold 8 (max 8)
- age   1:    5573072 bytes,    5573072 total
- age   2:    1453240 bytes,    7026312 total
- age   3:      12360 bytes,    7038672 total
- age   4:       6384 bytes,    7045056 total
- age   5:      17928 bytes,    7062984 total
- age   6:     502168 bytes,    7565152 total
: 109248K->19588K(109248K), 0.0067571 secs] 270480K->180820K(502464K), 0.0068617 secs] [Times: user=0.05 sys=0.00, real=0.01 secs] 
Heap after GC invocations=116 (full 2):
 par new generation   total 109248K, used 19588K [0x00000000e0000000, 0x00000000e8000000, 0x00000000e8000000)
  eden space 87424K,   0% used [0x00000000e0000000, 0x00000000e0000000, 0x00000000e5560000)
  from space 21824K,  89% used [0x00000000e5560000, 0x00000000e6881138, 0x00000000e6ab0000)
  to   space 21824K,   0% used [0x00000000e6ab0000, 0x00000000e6ab0000, 0x00000000e8000000)
 concurrent mark-sweep generation total 393216K, used 161232K [0x00000000e8000000, 0x0000000100000000, 0x0000000100000000)
 Metaspace       used 48751K, capacity 49360K, committed 49400K, reserved 1093632K
  class space    used 5246K, capacity 5413K, committed 5420K, reserved 1048576K
}
2016-06-21T12:34:28.266+0100: 12870.574: Total time for which application threads were stopped: 0.0070484 seconds, Stopping threads took: 0.0000205 seconds
2016-06-21T12:34:28.266+0100: 12870.575: Total time for which application threads were stopped: 0.0001401 seconds, Stopping threads took: 0.0000296 seconds
2016-06-21T12:34:28.266+0100: 12870.575: Total time for which application threads were stopped: 0.0000734 seconds, Stopping threads took: 0.0000292 seconds
2016-06-21T12:34:28.266+0100: 12870.575: Total time for which application threads were stopped: 0.0000801 seconds, Stopping threads took: 0.0000182 seconds
2016-06-21T12:34:28.266+0100: 12870.575: Total time for which application threads were stopped: 0.0000754 seconds, Stopping threads took: 0.0000213 seconds
2016-06-21T12:34:28.266+0100: 12870.575: Total time for which application threads were stopped: 0.0000572 seconds, Stopping threads took: 0.0000182 seconds
2016-06-21T12:34:29.266+0100: 12871.575: Total time for which application threads were stopped: 0.0001220 seconds, Stopping threads took: 0.0000355 seconds
2016-06-21T12:34:30.267+0100: 12872.575: Total time for which application threads were stopped: 0.0000955 seconds, Stopping threads took: 0.0000292 seconds
2016-06-21T12:34:31.268+0100: 12873.576: Total time for which application threads were stopped: 0.0001062 seconds, Stopping threads took: 0.0000268 seconds
2016-06-21T12:34:32.269+0100: 12874.577: Total time for which application threads were stopped: 0.0000904 seconds, Stopping threads took: 0.0000272 seconds
2016-06-21T12:34:41.274+0100: 12883.582: Total time for which application threads were stopped: 0.0001366 seconds, Stopping threads took: 0.0000482 seconds
{Heap before GC invocations=116 (full 2):
 par new generation   total 109248K, used 107012K [0x00000000e0000000, 0x00000000e8000000, 0x00000000e8000000)
  eden space 87424K, 100% used [0x00000000e0000000, 0x00000000e5560000, 0x00000000e5560000)
  from space 21824K,  89% used [0x00000000e5560000, 0x00000000e6881138, 0x00000000e6ab0000)
  to   space 21824K,   0% used [0x00000000e6ab0000, 0x00000000e6ab0000, 0x00000000e8000000)
 concurrent mark-sweep generation total 393216K, used 161232K [0x00000000e8000000, 0x0000000100000000, 0x0000000100000000)
 Metaspace       used 48751K, capacity 49360K, committed 49400K, reserved 1093632K
  class space    used 5247K, capacity 5413K, committed 5420K, reserved 1048576K
2016-06-21T12:34:41.478+0100: 12883.787: [GC (Allocation Failure) 2016-06-21T12:34:41.479+0100: 12883.787: [ParNew
Desired survivor size 20112992 bytes, new threshold 8 (max 8)
- age   1:     231768 bytes,     231768 total
- age   2:    5055032 bytes,    5286800 total
- age   3:    1453200 bytes,    6740000 total
- age   4:      12360 bytes,    6752360 total
- age   5:       6384 bytes,    6758744 total
- age   6:      17888 bytes,    6776632 total
- age   7:     502208 bytes,    7278840 total
: 107012K->9647K(109248K), 0.0044876 secs] 268244K->170879K(502464K), 0.0046577 secs] [Times: user=0.02 sys=0.00, real=0.01 secs] 
Heap after GC invocations=117 (full 2):
 par new generation   total 109248K, used 9647K [0x00000000e0000000, 0x00000000e8000000, 0x00000000e8000000)
  eden space 87424K,   0% used [0x00000000e0000000, 0x00000000e0000000, 0x00000000e5560000)
  from space 21824K,  44% used [0x00000000e6ab0000, 0x00000000e741bd68, 0x00000000e8000000)
  to   space 21824K,   0% used [0x00000000e5560000, 0x00000000e5560000, 0x00000000e6ab0000)
 concurrent mark-sweep generation total 393216K, used 161232K [0x00000000e8000000, 0x0000000100000000, 0x0000000100000000)
 Metaspace       used 48751K, capacity 49360K, committed 49400K, reserved 1093632K
  class space    used 5247K, capacity 5413K, committed 5420K, reserved 1048576K
}
2016-06-21T12:34:41.483+0100: 12883.792: Total time for which application threads were stopped: 0.0050008 seconds, Stopping threads took: 0.0000272 seconds
{Heap before GC invocations=117 (full 2):
 par new generation   total 109248K, used 97071K [0x00000000e0000000, 0x00000000e8000000, 0x00000000e8000000)
  eden space 87424K, 100% used [0x00000000e0000000, 0x00000000e5560000, 0x00000000e5560000)
  from space 21824K,  44% used [0x00000000e6ab0000, 0x00000000e741bd68, 0x00000000e8000000)
  to   space 21824K,   0% used [0x00000000e5560000, 0x00000000e5560000, 0x00000000e6ab0000)
 concurrent mark-sweep generation total 393216K, used 161232K [0x00000000e8000000, 0x0000000100000000, 0x0000000100000000)
 Metaspace       used 48751K, capacity 49360K, committed 49400K, reserved 1093632K
  class space    used 5247K, capacity 5413K, committed 5420K, reserved 1048576K
2016-06-21T12:34:43.862+0100: 12886.170: [GC (Allocation Failure) 2016-06-21T12:34:43.862+0100: 12886.170: [ParNew
Desired survivor size 20112992 bytes, new threshold 3 (max 8)
- age   1:   15095592 bytes,   15095592 total
- age   2:      49704 bytes,   15145296 total
- age   3:    5054656 bytes,   20199952 total
- age   4:    1453200 bytes,   21653152 total
- age   5:      12360 bytes,   21665512 total
- age   6:       6384 bytes,   21671896 total
- age   7:      17888 bytes,   21689784 total
- age   8:     502128 bytes,   22191912 total
: 97071K->21824K(109248K), 0.0386089 secs] 258303K->195666K(502464K), 0.0386890 secs] [Times: user=0.13 sys=0.00, real=0.04 secs] 
Heap after GC invocations=118 (full 2):
 par new generation   total 109248K, used 21824K [0x00000000e0000000, 0x00000000e8000000, 0x00000000e8000000)
  eden space 87424K,   0% used [0x00000000e0000000, 0x00000000e0000000, 0x00000000e5560000)
  from space 21824K, 100% used [0x00000000e5560000, 0x00000000e6ab0000, 0x00000000e6ab0000)
  to   space 21824K,   0% used [0x00000000e6ab0000, 0x00000000e6ab0000, 0x00000000e8000000)
 concurrent mark-sweep generation total 393216K, used 173842K [0x00000000e8000000, 0x0000000100000000, 0x0000000100000000)
 Metaspace       used 48751K, capacity 49360K, committed 49400K, reserved 1093632K
  class space    used 5247K, capacity 5413K, committed 5420K, reserved 1048576K
}
2016-06-21T12:34:43.900+0100: 12886.209: Total time for which application threads were stopped: 0.0389752 seconds, Stopping threads took: 0.0000237 seconds
{Heap before GC invocations=118 (full 2):
 par new generation   total 109248K, used 109248K [0x00000000e0000000, 0x00000000e8000000, 0x00000000e8000000)
  eden space 87424K, 100% used [0x00000000e0000000, 0x00000000e5560000, 0x00000000e5560000)
  from space 21824K, 100% used [0x00000000e5560000, 0x00000000e6ab0000, 0x00000000e6ab0000)
  to   space 21824K,   0% used [0x00000000e6ab0000, 0x00000000e6ab0000, 0x00000000e8000000)
 concurrent mark-sweep generation total 393216K, used 173842K [0x00000000e8000000, 0x0000000100000000, 0x0000000100000000)
 Metaspace       used 48751K, capacity 49360K, committed 49400K, reserved 1093632K
  class space    used 5247K, capacity 5413K, committed 5420K, reserved 1048576K
2016-06-21T12:34:44.070+0100: 12886.379: [GC (Allocation Failure) 2016-06-21T12:34:44.070+0100: 12886.379: [ParNew
Desired survivor size 20112992 bytes, new threshold 2 (max 8)
- age   1:    9956568 bytes,    9956568 total
- age   2:   12322360 bytes,   22278928 total
- age   3:      36904 bytes,   22315832 total
: 109248K->21824K(109248K), 0.0487964 secs] 283090K->219212K(502464K), 0.0489444 secs] [Times: user=0.17 sys=0.00, real=0.05 secs] 
Heap after GC invocations=119 (full 2):
 par new generation   total 109248K, used 21824K [0x00000000e0000000, 0x00000000e8000000, 0x00000000e8000000)
  eden space 87424K,   0% used [0x00000000e0000000, 0x00000000e0000000, 0x00000000e5560000)
  from space 21824K, 100% used [0x00000000e6ab0000, 0x00000000e8000000, 0x00000000e8000000)
  to   space 21824K,   0% used [0x00000000e5560000, 0x00000000e5560000, 0x00000000e6ab0000)
 concurrent mark-sweep generation total 393216K, used 197388K [0x00000000e8000000, 0x0000000100000000, 0x0000000100000000)
 Metaspace       used 48751K, capacity 49360K, committed 49400K, reserved 1093632K
  class space    used 5247K, capacity 5413K, committed 5420K, reserved 1048576K
}
2016-06-21T12:34:44.119+0100: 12886.428: Total time for which application threads were stopped: 0.0493033 seconds, Stopping threads took: 0.0000367 seconds
2016-06-21T12:34:44.119+0100: 12886.428: [GC (CMS Initial Mark) [1 CMS-initial-mark: 197388K(393216K)] 220317K(502464K), 0.0048231 secs] [Times: user=0.01 sys=0.00, real=0.01 secs] 
2016-06-21T12:34:44.124+0100: 12886.433: Total time for which application threads were stopped: 0.0049783 seconds, Stopping threads took: 0.0000296 seconds
2016-06-21T12:34:44.124+0100: 12886.433: [CMS-concurrent-mark-start]
2016-06-21T12:34:44.184+0100: 12886.493: [CMS-concurrent-mark: 0.060/0.060 secs] [Times: user=0.14 sys=0.05, real=0.06 secs] 
2016-06-21T12:34:44.184+0100: 12886.493: [CMS-concurrent-preclean-start]
2016-06-21T12:34:44.186+0100: 12886.494: [CMS-concurrent-preclean: 0.001/0.001 secs] [Times: user=0.00 sys=0.00, real=0.00 secs] 
2016-06-21T12:34:44.186+0100: 12886.494: [GC (CMS Final Remark) [YG occupancy: 22929 K (109248 K)]{Heap before GC invocations=119 (full 3):
 par new generation   total 109248K, used 22929K [0x00000000e0000000, 0x00000000e8000000, 0x00000000e8000000)
  eden space 87424K,   1% used [0x00000000e0000000, 0x00000000e01144b0, 0x00000000e5560000)
  from space 21824K, 100% used [0x00000000e6ab0000, 0x00000000e8000000, 0x00000000e8000000)
  to   space 21824K,   0% used [0x00000000e5560000, 0x00000000e5560000, 0x00000000e6ab0000)
 concurrent mark-sweep generation total 393216K, used 197388K [0x00000000e8000000, 0x0000000100000000, 0x0000000100000000)
 Metaspace       used 48751K, capacity 49360K, committed 49400K, reserved 1093632K
  class space    used 5247K, capacity 5413K, committed 5420K, reserved 1048576K
2016-06-21T12:34:44.186+0100: 12886.495: [GC (CMS Final Remark) 2016-06-21T12:34:44.186+0100: 12886.495: [ParNew
Desired survivor size 20112992 bytes, new threshold 8 (max 8)
- age   1:     188888 bytes,     188888 total
- age   2:    9956432 bytes,   10145320 total
: 22929K->21824K(109248K), 0.0256999 secs] 220317K->231281K(502464K), 0.0257619 secs] [Times: user=0.06 sys=0.00, real=0.03 secs] 
Heap after GC invocations=120 (full 3):
 par new generation   total 109248K, used 21824K [0x00000000e0000000, 0x00000000e8000000, 0x00000000e8000000)
  eden space 87424K,   0% used [0x00000000e0000000, 0x00000000e0000000, 0x00000000e5560000)
  from space 21824K, 100% used [0x00000000e5560000, 0x00000000e6ab0000, 0x00000000e6ab0000)
  to   space 21824K,   0% used [0x00000000e6ab0000, 0x00000000e6ab0000, 0x00000000e8000000)
 concurrent mark-sweep generation total 393216K, used 209457K [0x00000000e8000000, 0x0000000100000000, 0x0000000100000000)
 Metaspace       used 48751K, capacity 49360K, committed 49400K, reserved 1093632K
  class space    used 5247K, capacity 5413K, committed 5420K, reserved 1048576K
}
2016-06-21T12:34:44.212+0100: 12886.520: [Rescan (parallel) , 0.0087806 secs]2016-06-21T12:34:44.221+0100: 12886.529: [weak refs processing, 0.0076753 secs]2016-06-21T12:34:44.228+0100: 12886.537: [class unloading, 0.0610836 secs]2016-06-21T12:34:44.290+0100: 12886.598: [scrub symbol table, 0.0217855 secs]2016-06-21T12:34:44.311+0100: 12886.620: [scrub string table, 0.0011405 secs][1 CMS-remark: 209457K(393216K)] 231281K(502464K), 0.1278126 secs] [Times: user=0.17 sys=0.05, real=0.13 secs] 
2016-06-21T12:34:44.314+0100: 12886.622: Total time for which application threads were stopped: 0.1281123 seconds, Stopping threads took: 0.0001705 seconds
2016-06-21T12:34:44.314+0100: 12886.622: [CMS-concurrent-sweep-start]
2016-06-21T12:34:44.493+0100: 12886.802: Total time for which application threads were stopped: 0.0003012 seconds, Stopping threads took: 0.0000312 seconds
2016-06-21T12:34:44.493+0100: 12886.802: Total time for which application threads were stopped: 0.0000955 seconds, Stopping threads took: 0.0000174 seconds
2016-06-21T12:34:44.517+0100: 12886.826: [CMS-concurrent-sweep: 0.203/0.204 secs] [Times: user=0.44 sys=0.14, real=0.20 secs] 
2016-06-21T12:34:44.517+0100: 12886.826: [CMS-concurrent-reset-start]
2016-06-21T12:34:44.519+0100: 12886.828: [CMS-concurrent-reset: 0.002/0.002 secs] [Times: user=0.00 sys=0.00, real=0.00 secs] 
{Heap before GC invocations=120 (full 3):
 par new generation   total 109248K, used 109248K [0x00000000e0000000, 0x00000000e8000000, 0x00000000e8000000)
  eden space 87424K, 100% used [0x00000000e0000000, 0x00000000e5560000, 0x00000000e5560000)
  from space 21824K, 100% used [0x00000000e5560000, 0x00000000e6ab0000, 0x00000000e6ab0000)
  to   space 21824K,   0% used [0x00000000e6ab0000, 0x00000000e6ab0000, 0x00000000e8000000)
 concurrent mark-sweep generation total 393216K, used 74902K [0x00000000e8000000, 0x0000000100000000, 0x0000000100000000)
 Metaspace       used 48748K, capacity 49354K, committed 49400K, reserved 1093632K
  class space    used 5246K, capacity 5412K, committed 5420K, reserved 1048576K
2016-06-21T12:34:44.601+0100: 12886.910: [GC (Allocation Failure) 2016-06-21T12:34:44.601+0100: 12886.910: [ParNew
Desired survivor size 20112992 bytes, new threshold 8 (max 8)
- age   1:    3754976 bytes,    3754976 total
- age   2:     212040 bytes,    3967016 total
- age   3:    9956432 bytes,   13923448 total
: 109248K->16782K(109248K), 0.0088528 secs] 184150K->91684K(502464K), 0.0089243 secs] [Times: user=0.06 sys=0.00, real=0.01 secs] 
Heap after GC invocations=121 (full 3):
 par new generation   total 109248K, used 16782K [0x00000000e0000000, 0x00000000e8000000, 0x00000000e8000000)
  eden space 87424K,   0% used [0x00000000e0000000, 0x00000000e0000000, 0x00000000e5560000)
  from space 21824K,  76% used [0x00000000e6ab0000, 0x00000000e7b138c0, 0x00000000e8000000)
  to   space 21824K,   0% used [0x00000000e5560000, 0x00000000e5560000, 0x00000000e6ab0000)
 concurrent mark-sweep generation total 393216K, used 74902K [0x00000000e8000000, 0x0000000100000000, 0x0000000100000000)
 Metaspace       used 48748K, capacity 49354K, committed 49400K, reserved 1093632K
  class space    used 5246K, capacity 5412K, committed 5420K, reserved 1048576K
}
2016-06-21T12:34:44.610+0100: 12886.919: Total time for which application threads were stopped: 0.0091911 seconds, Stopping threads took: 0.0000284 seconds
{Heap before GC invocations=121 (full 3):
 par new generation   total 109248K, used 104206K [0x00000000e0000000, 0x00000000e8000000, 0x00000000e8000000)
  eden space 87424K, 100% used [0x00000000e0000000, 0x00000000e5560000, 0x00000000e5560000)
  from space 21824K,  76% used [0x00000000e6ab0000, 0x00000000e7b138c0, 0x00000000e8000000)
  to   space 21824K,   0% used [0x00000000e5560000, 0x00000000e5560000, 0x00000000e6ab0000)
 concurrent mark-sweep generation total 393216K, used 74902K [0x00000000e8000000, 0x0000000100000000, 0x0000000100000000)
 Metaspace       used 48748K, capacity 49354K, committed 49400K, reserved 1093632K
  class space    used 5246K, capacity 5412K, committed 5420K, reserved 1048576K
2016-06-21T12:34:44.847+0100: 12887.156: [GC (Allocation Failure) 2016-06-21T12:34:44.847+0100: 12887.156: [ParNew
Desired survivor size 20112992 bytes, new threshold 8 (max 8)
- age   1:    1328880 bytes,    1328880 total
- age   2:    2900048 bytes,    4228928 total
- age   3:     188640 bytes,    4417568 total
- age   4:    9956432 bytes,   14374000 total
: 104206K->21824K(109248K), 0.0082461 secs] 179108K->96726K(502464K), 0.0083187 secs] [Times: user=0.00 sys=0.00, real=0.01 secs] 
Heap after GC invocations=122 (full 3):
 par new generation   total 109248K, used 21824K [0x00000000e0000000, 0x00000000e8000000, 0x00000000e8000000)
  eden space 87424K,   0% used [0x00000000e0000000, 0x00000000e0000000, 0x00000000e5560000)
  from space 21824K, 100% used [0x00000000e5560000, 0x00000000e6ab0000, 0x00000000e6ab0000)
  to   space 21824K,   0% used [0x00000000e6ab0000, 0x00000000e6ab0000, 0x00000000e8000000)
 concurrent mark-sweep generation total 393216K, used 74902K [0x00000000e8000000, 0x0000000100000000, 0x0000000100000000)
 Metaspace       used 48748K, capacity 49354K, committed 49400K, reserved 1093632K
  class space    used 5246K, capacity 5412K, committed 5420K, reserved 1048576K
}
2016-06-21T12:34:44.856+0100: 12887.164: Total time for which application threads were stopped: 0.0085465 seconds, Stopping threads took: 0.0000237 seconds
{Heap before GC invocations=122 (full 3):
 par new generation   total 109248K, used 109248K [0x00000000e0000000, 0x00000000e8000000, 0x00000000e8000000)
  eden space 87424K, 100% used [0x00000000e0000000, 0x00000000e5560000, 0x00000000e5560000)
  from space 21824K, 100% used [0x00000000e5560000, 0x00000000e6ab0000, 0x00000000e6ab0000)
  to   space 21824K,   0% used [0x00000000e6ab0000, 0x00000000e6ab0000, 0x00000000e8000000)
 concurrent mark-sweep generation total 393216K, used 74902K [0x00000000e8000000, 0x0000000100000000, 0x0000000100000000)
 Metaspace       used 48748K, capacity 49354K, committed 49400K, reserved 1093632K
  class space    used 5246K, capacity 5412K, committed 5420K, reserved 1048576K
2016-06-21T12:34:45.032+0100: 12887.341: [GC (Allocation Failure) 2016-06-21T12:34:45.032+0100: 12887.341: [ParNew
Desired survivor size 20112992 bytes, new threshold 8 (max 8)
- age   1:    1188912 bytes,    1188912 total
- age   2:    1042872 bytes,    2231784 total
- age   3:    2879688 bytes,    5111472 total
- age   4:     188640 bytes,    5300112 total
- age   5:    9956432 bytes,   15256544 total
: 109248K->17854K(109248K), 0.0095634 secs] 184150K->92757K(502464K), 0.0096574 secs] [Times: user=0.00 sys=0.00, real=0.01 secs] 
Heap after GC invocations=123 (full 3):
 par new generation   total 109248K, used 17854K [0x00000000e0000000, 0x00000000e8000000, 0x00000000e8000000)
  eden space 87424K,   0% used [0x00000000e0000000, 0x00000000e0000000, 0x00000000e5560000)
  from space 21824K,  81% used [0x00000000e6ab0000, 0x00000000e7c1fb48, 0x00000000e8000000)
  to   space 21824K,   0% used [0x00000000e5560000, 0x00000000e5560000, 0x00000000e6ab0000)
 concurrent mark-sweep generation total 393216K, used 74902K [0x00000000e8000000, 0x0000000100000000, 0x0000000100000000)
 Metaspace       used 48748K, capacity 49354K, committed 49400K, reserved 1093632K
  class space    used 5246K, capacity 5412K, committed 5420K, reserved 1048576K
}
2016-06-21T12:34:45.042+0100: 12887.351: Total time for which application threads were stopped: 0.0099589 seconds, Stopping threads took: 0.0000359 seconds
{Heap before GC invocations=123 (full 3):
 par new generation   total 109248K, used 105278K [0x00000000e0000000, 0x00000000e8000000, 0x00000000e8000000)
  eden space 87424K, 100% used [0x00000000e0000000, 0x00000000e5560000, 0x00000000e5560000)
  from space 21824K,  81% used [0x00000000e6ab0000, 0x00000000e7c1fb48, 0x00000000e8000000)
  to   space 21824K,   0% used [0x00000000e5560000, 0x00000000e5560000, 0x00000000e6ab0000)
 concurrent mark-sweep generation total 393216K, used 74902K [0x00000000e8000000, 0x0000000100000000, 0x0000000100000000)
 Metaspace       used 48748K, capacity 49354K, committed 49400K, reserved 1093632K
  class space    used 5246K, capacity 5412K, committed 5420K, reserved 1048576K
2016-06-21T12:34:45.230+0100: 12887.539: [GC (Allocation Failure) 2016-06-21T12:34:45.231+0100: 12887.539: [ParNew
Desired survivor size 20112992 bytes, new threshold 8 (max 8)
- age   1:     962064 bytes,     962064 total
- age   2:     751536 bytes,    1713600 total
- age   3:    1026016 bytes,    2739616 total
- age   4:    2907896 bytes,    5647512 total
- age   5:     188640 bytes,    5836152 total
- age   6:    9917256 bytes,   15753408 total
: 105278K->21824K(109248K), 0.0089894 secs] 180181K->96833K(502464K), 0.0090869 secs] [Times: user=0.06 sys=0.00, real=0.01 secs] 
Heap after GC invocations=124 (full 3):
 par new generation   total 109248K, used 21824K [0x00000000e0000000, 0x00000000e8000000, 0x00000000e8000000)
  eden space 87424K,   0% used [0x00000000e0000000, 0x00000000e0000000, 0x00000000e5560000)
  from space 21824K, 100% used [0x00000000e5560000, 0x00000000e6ab0000, 0x00000000e6ab0000)
  to   space 21824K,   0% used [0x00000000e6ab0000, 0x00000000e6ab0000, 0x00000000e8000000)
 concurrent mark-sweep generation total 393216K, used 75009K [0x00000000e8000000, 0x0000000100000000, 0x0000000100000000)
 Metaspace       used 48748K, capacity 49354K, committed 49400K, reserved 1093632K
  class space    used 5246K, capacity 5412K, committed 5420K, reserved 1048576K
}
2016-06-21T12:34:45.240+0100: 12887.548: Total time for which application threads were stopped: 0.0093348 seconds, Stopping threads took: 0.0000213 seconds
{Heap before GC invocations=124 (full 3):
 par new generation   total 109248K, used 109248K [0x00000000e0000000, 0x00000000e8000000, 0x00000000e8000000)
  eden space 87424K, 100% used [0x00000000e0000000, 0x00000000e5560000, 0x00000000e5560000)
  from space 21824K, 100% used [0x00000000e5560000, 0x00000000e6ab0000, 0x00000000e6ab0000)
  to   space 21824K,   0% used [0x00000000e6ab0000, 0x00000000e6ab0000, 0x00000000e8000000)
 concurrent mark-sweep generation total 393216K, used 75009K [0x00000000e8000000, 0x0000000100000000, 0x0000000100000000)
 Metaspace       used 48748K, capacity 49354K, committed 49400K, reserved 1093632K
  class space    used 5246K, capacity 5412K, committed 5420K, reserved 1048576K
2016-06-21T12:34:45.420+0100: 12887.728: [GC (Allocation Failure) 2016-06-21T12:34:45.420+0100: 12887.729: [ParNew
Desired survivor size 20112992 bytes, new threshold 8 (max 8)
- age   1:    2448336 bytes,    2448336 total
- age   2:     749096 bytes,    3197432 total
- age   3:     751536 bytes,    3948968 total
- age   4:     305464 bytes,    4254432 total
- age   5:    2906296 bytes,    7160728 total
- age   6:     188640 bytes,    7349368 total
- age   7:    9917336 bytes,   17266704 total
: 109248K->21824K(109248K), 0.0092531 secs] 184257K->96833K(502464K), 0.0093439 secs] [Times: user=0.06 sys=0.00, real=0.01 secs] 
Heap after GC invocations=125 (full 3):
 par new generation   total 109248K, used 21824K [0x00000000e0000000, 0x00000000e8000000, 0x00000000e8000000)
  eden space 87424K,   0% used [0x00000000e0000000, 0x00000000e0000000, 0x00000000e5560000)
  from space 21824K, 100% used [0x00000000e6ab0000, 0x00000000e8000000, 0x00000000e8000000)
  to   space 21824K,   0% used [0x00000000e5560000, 0x00000000e5560000, 0x00000000e6ab0000)
 concurrent mark-sweep generation total 393216K, used 75009K [0x00000000e8000000, 0x0000000100000000, 0x0000000100000000)
 Metaspace       used 48748K, capacity 49354K, committed 49400K, reserved 1093632K
  class space    used 5246K, capacity 5412K, committed 5420K, reserved 1048576K
}
2016-06-21T12:34:45.430+0100: 12887.738: Total time for which application threads were stopped: 0.0096123 seconds, Stopping threads took: 0.0000387 seconds
{Heap before GC invocations=125 (full 3):
 par new generation   total 109248K, used 109248K [0x00000000e0000000, 0x00000000e8000000, 0x00000000e8000000)
  eden space 87424K, 100% used [0x00000000e0000000, 0x00000000e5560000, 0x00000000e5560000)
  from space 21824K, 100% used [0x00000000e6ab0000, 0x00000000e8000000, 0x00000000e8000000)
  to   space 21824K,   0% used [0x00000000e5560000, 0x00000000e5560000, 0x00000000e6ab0000)
 concurrent mark-sweep generation total 393216K, used 75009K [0x00000000e8000000, 0x0000000100000000, 0x0000000100000000)
 Metaspace       used 48748K, capacity 49354K, committed 49400K, reserved 1093632K
  class space    used 5246K, capacity 5412K, committed 5420K, reserved 1048576K
2016-06-21T12:34:45.685+0100: 12887.993: [GC (Allocation Failure) 2016-06-21T12:34:45.685+0100: 12887.993: [ParNew
Desired survivor size 20112992 bytes, new threshold 8 (max 8)
- age   1:    1236152 bytes,    1236152 total
- age   2:    2206688 bytes,    3442840 total
- age   3:     749056 bytes,    4191896 total
- age   4:     751536 bytes,    4943432 total
- age   5:     305344 bytes,    5248776 total
- age   6:    2878728 bytes,    8127504 total
- age   7:     188640 bytes,    8316144 total
- age   8:    9917456 bytes,   18233600 total
: 109248K->20567K(109248K), 0.0104275 secs] 184257K->95576K(502464K), 0.0105286 secs] [Times: user=0.05 sys=0.00, real=0.01 secs] 
Heap after GC invocations=126 (full 3):
 par new generation   total 109248K, used 20567K [0x00000000e0000000, 0x00000000e8000000, 0x00000000e8000000)
  eden space 87424K,   0% used [0x00000000e0000000, 0x00000000e0000000, 0x00000000e5560000)
  from space 21824K,  94% used [0x00000000e5560000, 0x00000000e6975d98, 0x00000000e6ab0000)
  to   space 21824K,   0% used [0x00000000e6ab0000, 0x00000000e6ab0000, 0x00000000e8000000)
 concurrent mark-sweep generation total 393216K, used 75009K [0x00000000e8000000, 0x0000000100000000, 0x0000000100000000)
 Metaspace       used 48748K, capacity 49354K, committed 49400K, reserved 1093632K
  class space    used 5246K, capacity 5412K, committed 5420K, reserved 1048576K
}
2016-06-21T12:34:45.695+0100: 12888.004: Total time for which application threads were stopped: 0.0108318 seconds, Stopping threads took: 0.0000367 seconds
{Heap before GC invocations=126 (full 3):
 par new generation   total 109248K, used 107991K [0x00000000e0000000, 0x00000000e8000000, 0x00000000e8000000)
  eden space 87424K, 100% used [0x00000000e0000000, 0x00000000e5560000, 0x00000000e5560000)
  from space 21824K,  94% used [0x00000000e5560000, 0x00000000e6975d98, 0x00000000e6ab0000)
  to   space 21824K,   0% used [0x00000000e6ab0000, 0x00000000e6ab0000, 0x00000000e8000000)
 concurrent mark-sweep generation total 393216K, used 75009K [0x00000000e8000000, 0x0000000100000000, 0x0000000100000000)
 Metaspace       used 48748K, capacity 49354K, committed 49400K, reserved 1093632K
  class space    used 5246K, capacity 5412K, committed 5420K, reserved 1048576K
2016-06-21T12:34:45.952+0100: 12888.261: [GC (Allocation Failure) 2016-06-21T12:34:45.952+0100: 12888.261: [ParNew
Desired survivor size 20112992 bytes, new threshold 8 (max 8)
- age   1:    1044312 bytes,    1044312 total
- age   2:     815104 bytes,    1859416 total
- age   3:    2206648 bytes,    4066064 total
- age   4:     749096 bytes,    4815160 total
- age   5:     767936 bytes,    5583096 total
- age   6:     305104 bytes,    5888200 total
- age   7:    3154392 bytes,    9042592 total
- age   8:     188640 bytes,    9231232 total
: 107991K->14427K(109248K), 0.0145441 secs] 183000K->99116K(502464K), 0.0146281 secs] [Times: user=0.00 sys=0.00, real=0.02 secs] 
Heap after GC invocations=127 (full 3):
 par new generation   total 109248K, used 14427K [0x00000000e0000000, 0x00000000e8000000, 0x00000000e8000000)
  eden space 87424K,   0% used [0x00000000e0000000, 0x00000000e0000000, 0x00000000e5560000)
  from space 21824K,  66% used [0x00000000e6ab0000, 0x00000000e78c6c20, 0x00000000e8000000)
  to   space 21824K,   0% used [0x00000000e5560000, 0x00000000e5560000, 0x00000000e6ab0000)
 concurrent mark-sweep generation total 393216K, used 84689K [0x00000000e8000000, 0x0000000100000000, 0x0000000100000000)
 Metaspace       used 48748K, capacity 49354K, committed 49400K, reserved 1093632K
  class space    used 5246K, capacity 5412K, committed 5420K, reserved 1048576K
}
2016-06-21T12:34:45.967+0100: 12888.275: Total time for which application threads were stopped: 0.0148832 seconds, Stopping threads took: 0.0000343 seconds
{Heap before GC invocations=127 (full 3):
 par new generation   total 109248K, used 101851K [0x00000000e0000000, 0x00000000e8000000, 0x00000000e8000000)
  eden space 87424K, 100% used [0x00000000e0000000, 0x00000000e5560000, 0x00000000e5560000)
  from space 21824K,  66% used [0x00000000e6ab0000, 0x00000000e78c6c20, 0x00000000e8000000)
  to   space 21824K,   0% used [0x00000000e5560000, 0x00000000e5560000, 0x00000000e6ab0000)
 concurrent mark-sweep generation total 393216K, used 84689K [0x00000000e8000000, 0x0000000100000000, 0x0000000100000000)
 Metaspace       used 48748K, capacity 49354K, committed 49400K, reserved 1093632K
  class space    used 5246K, capacity 5412K, committed 5420K, reserved 1048576K
2016-06-21T12:34:46.192+0100: 12888.500: [GC (Allocation Failure) 2016-06-21T12:34:46.192+0100: 12888.500: [ParNew
Desired survivor size 20112992 bytes, new threshold 8 (max 8)
- age   1:    1075440 bytes,    1075440 total
- age   2:     697816 bytes,    1773256 total
- age   3:     831504 bytes,    2604760 total
- age   4:    2223048 bytes,    4827808 total
- age   5:     765496 bytes,    5593304 total
- age   6:     751536 bytes,    6344840 total
- age   7:     321504 bytes,    6666344 total
- age   8:    3283880 bytes,    9950224 total
: 101851K->12986K(109248K), 0.0070184 secs] 186540K->97859K(502464K), 0.0071005 secs] [Times: user=0.00 sys=0.00, real=0.01 secs] 
Heap after GC invocations=128 (full 3):
 par new generation   total 109248K, used 12986K [0x00000000e0000000, 0x00000000e8000000, 0x00000000e8000000)
  eden space 87424K,   0% used [0x00000000e0000000, 0x00000000e0000000, 0x00000000e5560000)
  from space 21824K,  59% used [0x00000000e5560000, 0x00000000e620e8d0, 0x00000000e6ab0000)
  to   space 21824K,   0% used [0x00000000e6ab0000, 0x00000000e6ab0000, 0x00000000e8000000)
 concurrent mark-sweep generation total 393216K, used 84873K [0x00000000e8000000, 0x0000000100000000, 0x0000000100000000)
 Metaspace       used 48748K, capacity 49354K, committed 49400K, reserved 1093632K
  class space    used 5246K, capacity 5412K, committed 5420K, reserved 1048576K
}
2016-06-21T12:34:46.199+0100: 12888.508: Total time for which application threads were stopped: 0.0073172 seconds, Stopping threads took: 0.0000245 seconds
{Heap before GC invocations=128 (full 3):
 par new generation   total 109248K, used 100410K [0x00000000e0000000, 0x00000000e8000000, 0x00000000e8000000)
  eden space 87424K, 100% used [0x00000000e0000000, 0x00000000e5560000, 0x00000000e5560000)
  from space 21824K,  59% used [0x00000000e5560000, 0x00000000e620e8d0, 0x00000000e6ab0000)
  to   space 21824K,   0% used [0x00000000e6ab0000, 0x00000000e6ab0000, 0x00000000e8000000)
 concurrent mark-sweep generation total 393216K, used 84873K [0x00000000e8000000, 0x0000000100000000, 0x0000000100000000)
 Metaspace       used 48748K, capacity 49354K, committed 49400K, reserved 1093632K
  class space    used 5246K, capacity 5412K, committed 5420K, reserved 1048576K
2016-06-21T12:34:46.450+0100: 12888.758: [GC (Allocation Failure) 2016-06-21T12:34:46.450+0100: 12888.758: [ParNew
Desired survivor size 20112992 bytes, new threshold 8 (max 8)
- age   1:    1064416 bytes,    1064416 total
- age   2:     662760 bytes,    1727176 total
- age   3:     681416 bytes,    2408592 total
- age   4:     815104 bytes,    3223696 total
- age   5:    2206528 bytes,    5430224 total
- age   6:     749016 bytes,    6179240 total
- age   7:     767936 bytes,    6947176 total
- age   8:     305104 bytes,    7252280 total
: 100410K->10177K(109248K), 0.0092373 secs] 185283K->97863K(502464K), 0.0093052 secs] [Times: user=0.06 sys=0.00, real=0.01 secs] 
Heap after GC invocations=129 (full 3):
 par new generation   total 109248K, used 10177K [0x00000000e0000000, 0x00000000e8000000, 0x00000000e8000000)
  eden space 87424K,   0% used [0x00000000e0000000, 0x00000000e0000000, 0x00000000e5560000)
  from space 21824K,  46% used [0x00000000e6ab0000, 0x00000000e74a0550, 0x00000000e8000000)
  to   space 21824K,   0% used [0x00000000e5560000, 0x00000000e5560000, 0x00000000e6ab0000)
 concurrent mark-sweep generation total 393216K, used 87686K [0x00000000e8000000, 0x0000000100000000, 0x0000000100000000)
 Metaspace       used 48748K, capacity 49354K, committed 49400K, reserved 1093632K
  class space    used 5246K, capacity 5412K, committed 5420K, reserved 1048576K
}
2016-06-21T12:34:46.459+0100: 12888.768: Total time for which application threads were stopped: 0.0095212 seconds, Stopping threads took: 0.0000264 seconds
{Heap before GC invocations=129 (full 3):
 par new generation   total 109248K, used 97601K [0x00000000e0000000, 0x00000000e8000000, 0x00000000e8000000)
  eden space 87424K, 100% used [0x00000000e0000000, 0x00000000e5560000, 0x00000000e5560000)
  from space 21824K,  46% used [0x00000000e6ab0000, 0x00000000e74a0550, 0x00000000e8000000)
  to   space 21824K,   0% used [0x00000000e5560000, 0x00000000e5560000, 0x00000000e6ab0000)
 concurrent mark-sweep generation total 393216K, used 87686K [0x00000000e8000000, 0x0000000100000000, 0x0000000100000000)
 Metaspace       used 48748K, capacity 49354K, committed 49400K, reserved 1093632K
  class space    used 5246K, capacity 5412K, committed 5420K, reserved 1048576K
2016-06-21T12:34:46.730+0100: 12889.039: [GC (Allocation Failure) 2016-06-21T12:34:46.730+0100: 12889.039: [ParNew
Desired survivor size 20112992 bytes, new threshold 8 (max 8)
- age   1:    3685880 bytes,    3685880 total
- age   2:     754872 bytes,    4440752 total
- age   3:     662760 bytes,    5103512 total
- age   4:     681416 bytes,    5784928 total
- age   5:     815104 bytes,    6600032 total
- age   6:     764760 bytes,    7364792 total
- age   7:     749256 bytes,    8114048 total
- age   8:     751576 bytes,    8865624 total
: 97601K->9720K(109248K), 0.0052917 secs] 185287K->97705K(502464K), 0.0053924 secs] [Times: user=0.06 sys=0.00, real=0.01 secs] 
Heap after GC invocations=130 (full 3):
 par new generation   total 109248K, used 9720K [0x00000000e0000000, 0x00000000e8000000, 0x00000000e8000000)
  eden space 87424K,   0% used [0x00000000e0000000, 0x00000000e0000000, 0x00000000e5560000)
  from space 21824K,  44% used [0x00000000e5560000, 0x00000000e5ede1f8, 0x00000000e6ab0000)
  to   space 21824K,   0% used [0x00000000e6ab0000, 0x00000000e6ab0000, 0x00000000e8000000)
 concurrent mark-sweep generation total 393216K, used 87985K [0x00000000e8000000, 0x0000000100000000, 0x0000000100000000)
 Metaspace       used 48748K, capacity 49354K, committed 49400K, reserved 1093632K
  class space    used 5246K, capacity 5412K, committed 5420K, reserved 1048576K
}
2016-06-21T12:34:46.736+0100: 12889.044: Total time for which application threads were stopped: 0.0056644 seconds, Stopping threads took: 0.0000438 seconds
2016-06-21T12:34:47.737+0100: 12890.045: Total time for which application threads were stopped: 0.0001038 seconds, Stopping threads took: 0.0000241 seconds
2016-06-21T12:34:48.737+0100: 12891.046: Total time for which application threads were stopped: 0.0001263 seconds, Stopping threads took: 0.0000339 seconds
{Heap before GC invocations=130 (full 3):
 par new generation   total 109248K, used 97144K [0x00000000e0000000, 0x00000000e8000000, 0x00000000e8000000)
  eden space 87424K, 100% used [0x00000000e0000000, 0x00000000e5560000, 0x00000000e5560000)
  from space 21824K,  44% used [0x00000000e5560000, 0x00000000e5ede1f8, 0x00000000e6ab0000)
  to   space 21824K,   0% used [0x00000000e6ab0000, 0x00000000e6ab0000, 0x00000000e8000000)
 concurrent mark-sweep generation total 393216K, used 87985K [0x00000000e8000000, 0x0000000100000000, 0x0000000100000000)
 Metaspace       used 48813K, capacity 49418K, committed 49656K, reserved 1093632K
  class space    used 5247K, capacity 5412K, committed 5420K, reserved 1048576K
2016-06-21T12:34:48.759+0100: 12891.068: [GC (Allocation Failure) 2016-06-21T12:34:48.759+0100: 12891.068: [ParNew
Desired survivor size 20112992 bytes, new threshold 8 (max 8)
- age   1:   11404632 bytes,   11404632 total
- age   2:    3206360 bytes,   14610992 total
- age   3:     361208 bytes,   14972200 total
- age   4:     318560 bytes,   15290760 total
- age   5:     353536 bytes,   15644296 total
- age   6:     306704 bytes,   15951000 total
- age   7:     354920 bytes,   16305920 total
- age   8:     355416 bytes,   16661336 total
: 97144K->18208K(109248K), 0.0073081 secs] 185129K->106544K(502464K), 0.0073780 secs] [Times: user=0.06 sys=0.00, real=0.01 secs] 
Heap after GC invocations=131 (full 3):
 par new generation   total 109248K, used 18208K [0x00000000e0000000, 0x00000000e8000000, 0x00000000e8000000)
  eden space 87424K,   0% used [0x00000000e0000000, 0x00000000e0000000, 0x00000000e5560000)
  from space 21824K,  83% used [0x00000000e6ab0000, 0x00000000e7c78330, 0x00000000e8000000)
  to   space 21824K,   0% used [0x00000000e5560000, 0x00000000e5560000, 0x00000000e6ab0000)
 concurrent mark-sweep generation total 393216K, used 88335K [0x00000000e8000000, 0x0000000100000000, 0x0000000100000000)
 Metaspace       used 48813K, capacity 49418K, committed 49656K, reserved 1093632K
  class space    used 5247K, capacity 5412K, committed 5420K, reserved 1048576K
}
2016-06-21T12:34:48.767+0100: 12891.076: Total time for which application threads were stopped: 0.0076204 seconds, Stopping threads took: 0.0000253 seconds
2016-06-21T12:34:49.768+0100: 12892.076: Total time for which application threads were stopped: 0.0000951 seconds, Stopping threads took: 0.0000284 seconds
2016-06-21T12:34:50.768+0100: 12893.076: Total time for which application threads were stopped: 0.0000884 seconds, Stopping threads took: 0.0000241 seconds
{Heap before GC invocations=131 (full 3):
 par new generation   total 109248K, used 105632K [0x00000000e0000000, 0x00000000e8000000, 0x00000000e8000000)
  eden space 87424K, 100% used [0x00000000e0000000, 0x00000000e5560000, 0x00000000e5560000)
  from space 21824K,  83% used [0x00000000e6ab0000, 0x00000000e7c78330, 0x00000000e8000000)
  to   space 21824K,   0% used [0x00000000e5560000, 0x00000000e5560000, 0x00000000e6ab0000)
 concurrent mark-sweep generation total 393216K, used 88335K [0x00000000e8000000, 0x0000000100000000, 0x0000000100000000)
 Metaspace       used 48815K, capacity 49418K, committed 49656K, reserved 1093632K
  class space    used 5247K, capacity 5412K, committed 5420K, reserved 1048576K
2016-06-21T12:34:50.817+0100: 12893.126: [GC (Allocation Failure) 2016-06-21T12:34:50.817+0100: 12893.126: [ParNew
Desired survivor size 20112992 bytes, new threshold 8 (max 8)
- age   1:     306560 bytes,     306560 total
- age   2:   11274800 bytes,   11581360 total
- age   3:    3206280 bytes,   14787640 total
- age   4:     361208 bytes,   15148848 total
- age   5:     318360 bytes,   15467208 total
- age   6:     353456 bytes,   15820664 total
- age   7:     306704 bytes,   16127368 total
- age   8:     354920 bytes,   16482288 total
: 105632K->17239K(109248K), 0.0069663 secs] 193968K->105923K(502464K), 0.0070358 secs] [Times: user=0.00 sys=0.00, real=0.01 secs] 
Heap after GC invocations=132 (full 3):
 par new generation   total 109248K, used 17239K [0x00000000e0000000, 0x00000000e8000000, 0x00000000e8000000)
  eden space 87424K,   0% used [0x00000000e0000000, 0x00000000e0000000, 0x00000000e5560000)
  from space 21824K,  78% used [0x00000000e5560000, 0x00000000e6635e10, 0x00000000e6ab0000)
  to   space 21824K,   0% used [0x00000000e6ab0000, 0x00000000e6ab0000, 0x00000000e8000000)
 concurrent mark-sweep generation total 393216K, used 88683K [0x00000000e8000000, 0x0000000100000000, 0x0000000100000000)
 Metaspace       used 48815K, capacity 49418K, committed 49656K, reserved 1093632K
  class space    used 5247K, capacity 5412K, committed 5420K, reserved 1048576K
}
2016-06-21T12:34:50.824+0100: 12893.133: Total time for which application threads were stopped: 0.0072122 seconds, Stopping threads took: 0.0000197 seconds
2016-06-21T12:34:51.825+0100: 12894.133: Total time for which application threads were stopped: 0.0000943 seconds, Stopping threads took: 0.0000237 seconds
{Heap before GC invocations=132 (full 3):
 par new generation   total 109248K, used 104663K [0x00000000e0000000, 0x00000000e8000000, 0x00000000e8000000)
  eden space 87424K, 100% used [0x00000000e0000000, 0x00000000e5560000, 0x00000000e5560000)
  from space 21824K,  78% used [0x00000000e5560000, 0x00000000e6635e10, 0x00000000e6ab0000)
  to   space 21824K,   0% used [0x00000000e6ab0000, 0x00000000e6ab0000, 0x00000000e8000000)
 concurrent mark-sweep generation total 393216K, used 88683K [0x00000000e8000000, 0x0000000100000000, 0x0000000100000000)
 Metaspace       used 48815K, capacity 49418K, committed 49656K, reserved 1093632K
  class space    used 5247K, capacity 5412K, committed 5420K, reserved 1048576K
2016-06-21T12:34:52.274+0100: 12894.582: [GC (Allocation Failure) 2016-06-21T12:34:52.274+0100: 12894.582: [ParNew
Desired survivor size 20112992 bytes, new threshold 8 (max 8)
- age   1:     315728 bytes,     315728 total
- age   2:      24312 bytes,     340040 total
- age   3:   11274752 bytes,   11614792 total
- age   4:    3206280 bytes,   14821072 total
- age   5:     361208 bytes,   15182280 total
- age   6:     318360 bytes,   15500640 total
- age   7:     353456 bytes,   15854096 total
- age   8:     306704 bytes,   16160800 total
: 104663K->16779K(109248K), 0.0068218 secs] 193347K->105810K(502464K), 0.0069114 secs] [Times: user=0.02 sys=0.00, real=0.01 secs] 
Heap after GC invocations=133 (full 3):
 par new generation   total 109248K, used 16779K [0x00000000e0000000, 0x00000000e8000000, 0x00000000e8000000)
  eden space 87424K,   0% used [0x00000000e0000000, 0x00000000e0000000, 0x00000000e5560000)
  from space 21824K,  76% used [0x00000000e6ab0000, 0x00000000e7b12db0, 0x00000000e8000000)
  to   space 21824K,   0% used [0x00000000e5560000, 0x00000000e5560000, 0x00000000e6ab0000)
 concurrent mark-sweep generation total 393216K, used 89031K [0x00000000e8000000, 0x0000000100000000, 0x0000000100000000)
 Metaspace       used 48815K, capacity 49418K, committed 49656K, reserved 1093632K
  class space    used 5247K, capacity 5412K, committed 5420K, reserved 1048576K
}
2016-06-21T12:34:52.281+0100: 12894.589: Total time for which application threads were stopped: 0.0071700 seconds, Stopping threads took: 0.0000292 seconds
{Heap before GC invocations=133 (full 3):
 par new generation   total 109248K, used 104203K [0x00000000e0000000, 0x00000000e8000000, 0x00000000e8000000)
  eden space 87424K, 100% used [0x00000000e0000000, 0x00000000e5560000, 0x00000000e5560000)
  from space 21824K,  76% used [0x00000000e6ab0000, 0x00000000e7b12db0, 0x00000000e8000000)
  to   space 21824K,   0% used [0x00000000e5560000, 0x00000000e5560000, 0x00000000e6ab0000)
 concurrent mark-sweep generation total 393216K, used 89031K [0x00000000e8000000, 0x0000000100000000, 0x0000000100000000)
 Metaspace       used 48815K, capacity 49418K, committed 49656K, reserved 1093632K
  class space    used 5247K, capacity 5412K, committed 5420K, reserved 1048576K
2016-06-21T12:34:53.976+0100: 12896.284: [GC (Allocation Failure) 2016-06-21T12:34:53.976+0100: 12896.284: [ParNew
Desired survivor size 20112992 bytes, new threshold 8 (max 8)
- age   1:     321216 bytes,     321216 total
- age   2:      20056 bytes,     341272 total
- age   3:      23976 bytes,     365248 total
- age   4:   11274608 bytes,   11639856 total
- age   5:    3206280 bytes,   14846136 total
- age   6:     361208 bytes,   15207344 total
- age   7:     318360 bytes,   15525704 total
- age   8:     353416 bytes,   15879120 total
: 104203K->15931K(109248K), 0.0048539 secs] 193234K->105263K(502464K), 0.0049199 secs] [Times: user=0.00 sys=0.00, real=0.00 secs] 
Heap after GC invocations=134 (full 3):
 par new generation   total 109248K, used 15931K [0x00000000e0000000, 0x00000000e8000000, 0x00000000e8000000)
  eden space 87424K,   0% used [0x00000000e0000000, 0x00000000e0000000, 0x00000000e5560000)
  from space 21824K,  73% used [0x00000000e5560000, 0x00000000e64eef90, 0x00000000e6ab0000)
  to   space 21824K,   0% used [0x00000000e6ab0000, 0x00000000e6ab0000, 0x00000000e8000000)
 concurrent mark-sweep generation total 393216K, used 89331K [0x00000000e8000000, 0x0000000100000000, 0x0000000100000000)
 Metaspace       used 48815K, capacity 49418K, committed 49656K, reserved 1093632K
  class space    used 5247K, capacity 5412K, committed 5420K, reserved 1048576K
}
2016-06-21T12:34:53.981+0100: 12896.289: Total time for which application threads were stopped: 0.0051018 seconds, Stopping threads took: 0.0000217 seconds
2016-06-21T12:34:54.981+0100: 12897.289: Total time for which application threads were stopped: 0.0000971 seconds, Stopping threads took: 0.0000288 seconds
{Heap before GC invocations=134 (full 3):
 par new generation   total 109248K, used 103355K [0x00000000e0000000, 0x00000000e8000000, 0x00000000e8000000)
  eden space 87424K, 100% used [0x00000000e0000000, 0x00000000e5560000, 0x00000000e5560000)
  from space 21824K,  73% used [0x00000000e5560000, 0x00000000e64eef90, 0x00000000e6ab0000)
  to   space 21824K,   0% used [0x00000000e6ab0000, 0x00000000e6ab0000, 0x00000000e8000000)
 concurrent mark-sweep generation total 393216K, used 89331K [0x00000000e8000000, 0x0000000100000000, 0x0000000100000000)
 Metaspace       used 48815K, capacity 49418K, committed 49656K, reserved 1093632K
  class space    used 5247K, capacity 5412K, committed 5420K, reserved 1048576K
2016-06-21T12:34:55.334+0100: 12897.642: [GC (Allocation Failure) 2016-06-21T12:34:55.334+0100: 12897.642: [ParNew
Desired survivor size 20112992 bytes, new threshold 8 (max 8)
- age   1:     307840 bytes,     307840 total
- age   2:      24496 bytes,     332336 total
- age   3:      19552 bytes,     351888 total
- age   4:      23496 bytes,     375384 total
- age   5:   11274536 bytes,   11649920 total
- age   6:    3206280 bytes,   14856200 total
- age   7:     361208 bytes,   15217408 total
- age   8:     318360 bytes,   15535768 total
: 103355K->16307K(109248K), 0.0049649 secs] 192687K->105985K(502464K), 0.0050493 secs] [Times: user=0.00 sys=0.00, real=0.00 secs] 
Heap after GC invocations=135 (full 3):
 par new generation   total 109248K, used 16307K [0x00000000e0000000, 0x00000000e8000000, 0x00000000e8000000)
  eden space 87424K,   0% used [0x00000000e0000000, 0x00000000e0000000, 0x00000000e5560000)
  from space 21824K,  74% used [0x00000000e6ab0000, 0x00000000e7a9ce80, 0x00000000e8000000)
  to   space 21824K,   0% used [0x00000000e5560000, 0x00000000e5560000, 0x00000000e6ab0000)
 concurrent mark-sweep generation total 393216K, used 89678K [0x00000000e8000000, 0x0000000100000000, 0x0000000100000000)
 Metaspace       used 48815K, capacity 49418K, committed 49656K, reserved 1093632K
  class space    used 5247K, capacity 5412K, committed 5420K, reserved 1048576K
}
2016-06-21T12:34:55.339+0100: 12897.647: Total time for which application threads were stopped: 0.0052830 seconds, Stopping threads took: 0.0000414 seconds
2016-06-21T12:34:56.339+0100: 12898.647: Total time for which application threads were stopped: 0.0000801 seconds, Stopping threads took: 0.0000233 seconds
{Heap before GC invocations=135 (full 3):
 par new generation   total 109248K, used 103731K [0x00000000e0000000, 0x00000000e8000000, 0x00000000e8000000)
  eden space 87424K, 100% used [0x00000000e0000000, 0x00000000e5560000, 0x00000000e5560000)
  from space 21824K,  74% used [0x00000000e6ab0000, 0x00000000e7a9ce80, 0x00000000e8000000)
  to   space 21824K,   0% used [0x00000000e5560000, 0x00000000e5560000, 0x00000000e6ab0000)
 concurrent mark-sweep generation total 393216K, used 89678K [0x00000000e8000000, 0x0000000100000000, 0x0000000100000000)
 Metaspace       used 48815K, capacity 49418K, committed 49656K, reserved 1093632K
  class space    used 5247K, capacity 5412K, committed 5420K, reserved 1048576K
2016-06-21T12:35:05.223+0100: 12907.532: [GC (Allocation Failure) 2016-06-21T12:35:05.223+0100: 12907.532: [ParNew
Desired survivor size 20112992 bytes, new threshold 8 (max 8)
- age   1:    3392672 bytes,    3392672 total
- age   2:      18120 bytes,    3410792 total
- age   3:      24232 bytes,    3435024 total
- age   4:      19456 bytes,    3454480 total
- age   5:      21848 bytes,    3476328 total
- age   6:   11274064 bytes,   14750392 total
- age   7:    3206280 bytes,   17956672 total
- age   8:     361208 bytes,   18317880 total
: 103731K->18382K(109248K), 0.0059668 secs] 193409K->108372K(502464K), 0.0060441 secs] [Times: user=0.00 sys=0.00, real=0.01 secs] 
Heap after GC invocations=136 (full 3):
 par new generation   total 109248K, used 18382K [0x00000000e0000000, 0x00000000e8000000, 0x00000000e8000000)
  eden space 87424K,   0% used [0x00000000e0000000, 0x00000000e0000000, 0x00000000e5560000)
  from space 21824K,  84% used [0x00000000e5560000, 0x00000000e6753970, 0x00000000e6ab0000)
  to   space 21824K,   0% used [0x00000000e6ab0000, 0x00000000e6ab0000, 0x00000000e8000000)
 concurrent mark-sweep generation total 393216K, used 89990K [0x00000000e8000000, 0x0000000100000000, 0x0000000100000000)
 Metaspace       used 48815K, capacity 49418K, committed 49656K, reserved 1093632K
  class space    used 5247K, capacity 5412K, committed 5420K, reserved 1048576K
}
2016-06-21T12:35:05.229+0100: 12907.538: Total time for which application threads were stopped: 0.0063007 seconds, Stopping threads took: 0.0000225 seconds
{Heap before GC invocations=136 (full 3):
 par new generation   total 109248K, used 105806K [0x00000000e0000000, 0x00000000e8000000, 0x00000000e8000000)
  eden space 87424K, 100% used [0x00000000e0000000, 0x00000000e5560000, 0x00000000e5560000)
  from space 21824K,  84% used [0x00000000e5560000, 0x00000000e6753970, 0x00000000e6ab0000)
  to   space 21824K,   0% used [0x00000000e6ab0000, 0x00000000e6ab0000, 0x00000000e8000000)
 concurrent mark-sweep generation total 393216K, used 89990K [0x00000000e8000000, 0x0000000100000000, 0x0000000100000000)
 Metaspace       used 48815K, capacity 49418K, committed 49656K, reserved 1093632K
  class space    used 5247K, capacity 5412K, committed 5420K, reserved 1048576K
2016-06-21T12:35:05.413+0100: 12907.722: [GC (Allocation Failure) 2016-06-21T12:35:05.413+0100: 12907.722: [ParNew
Desired survivor size 20112992 bytes, new threshold 8 (max 8)
- age   1:    1341240 bytes,    1341240 total
- age   2:    2477256 bytes,    3818496 total
- age   3:      18120 bytes,    3836616 total
- age   4:      24232 bytes,    3860848 total
- age   5:      19456 bytes,    3880304 total
- age   6:      21848 bytes,    3902152 total
- age   7:   11274064 bytes,   15176216 total
- age   8:    3206280 bytes,   18382496 total
: 105806K->19061K(109248K), 0.0050675 secs] 195796K->109405K(502464K), 0.0051433 secs] [Times: user=0.00 sys=0.00, real=0.00 secs] 
Heap after GC invocations=137 (full 3):
 par new generation   total 109248K, used 19061K [0x00000000e0000000, 0x00000000e8000000, 0x00000000e8000000)
  eden space 87424K,   0% used [0x00000000e0000000, 0x00000000e0000000, 0x00000000e5560000)
  from space 21824K,  87% used [0x00000000e6ab0000, 0x00000000e7d4d700, 0x00000000e8000000)
  to   space 21824K,   0% used [0x00000000e5560000, 0x00000000e5560000, 0x00000000e6ab0000)
 concurrent mark-sweep generation total 393216K, used 90344K [0x00000000e8000000, 0x0000000100000000, 0x0000000100000000)
 Metaspace       used 48815K, capacity 49418K, committed 49656K, reserved 1093632K
  class space    used 5247K, capacity 5412K, committed 5420K, reserved 1048576K
}
2016-06-21T12:35:05.418+0100: 12907.727: Total time for which application threads were stopped: 0.0054090 seconds, Stopping threads took: 0.0000316 seconds
{Heap before GC invocations=137 (full 3):
 par new generation   total 109248K, used 106485K [0x00000000e0000000, 0x00000000e8000000, 0x00000000e8000000)
  eden space 87424K, 100% used [0x00000000e0000000, 0x00000000e5560000, 0x00000000e5560000)
  from space 21824K,  87% used [0x00000000e6ab0000, 0x00000000e7d4d700, 0x00000000e8000000)
  to   space 21824K,   0% used [0x00000000e5560000, 0x00000000e5560000, 0x00000000e6ab0000)
 concurrent mark-sweep generation total 393216K, used 90344K [0x00000000e8000000, 0x0000000100000000, 0x0000000100000000)
 Metaspace       used 48815K, capacity 49418K, committed 49656K, reserved 1093632K
  class space    used 5247K, capacity 5412K, committed 5420K, reserved 1048576K
2016-06-21T12:35:05.639+0100: 12907.947: [GC (Allocation Failure) 2016-06-21T12:35:05.639+0100: 12907.947: [ParNew
Desired survivor size 20112992 bytes, new threshold 8 (max 8)
- age   1:    2037112 bytes,    2037112 total
- age   2:     584904 bytes,    2622016 total
- age   3:    2454600 bytes,    5076616 total
- age   4:      18120 bytes,    5094736 total
- age   5:      24232 bytes,    5118968 total
- age   6:      19456 bytes,    5138424 total
- age   7:      21848 bytes,    5160272 total
- age   8:   11274064 bytes,   16434336 total
: 106485K->18796K(109248K), 0.0087763 secs] 196829K->112272K(502464K), 0.0088690 secs] [Times: user=0.06 sys=0.00, real=0.01 secs] 
Heap after GC invocations=138 (full 3):
 par new generation   total 109248K, used 18796K [0x00000000e0000000, 0x00000000e8000000, 0x00000000e8000000)
  eden space 87424K,   0% used [0x00000000e0000000, 0x00000000e0000000, 0x00000000e5560000)
  from space 21824K,  86% used [0x00000000e5560000, 0x00000000e67bb040, 0x00000000e6ab0000)
  to   space 21824K,   0% used [0x00000000e6ab0000, 0x00000000e6ab0000, 0x00000000e8000000)
 concurrent mark-sweep generation total 393216K, used 93476K [0x00000000e8000000, 0x0000000100000000, 0x0000000100000000)
 Metaspace       used 48815K, capacity 49418K, committed 49656K, reserved 1093632K
  class space    used 5247K, capacity 5412K, committed 5420K, reserved 1048576K
}
2016-06-21T12:35:05.647+0100: 12907.956: Total time for which application threads were stopped: 0.0091821 seconds, Stopping threads took: 0.0000316 seconds
{Heap before GC invocations=138 (full 3):
 par new generation   total 109248K, used 106220K [0x00000000e0000000, 0x00000000e8000000, 0x00000000e8000000)
  eden space 87424K, 100% used [0x00000000e0000000, 0x00000000e5560000, 0x00000000e5560000)
  from space 21824K,  86% used [0x00000000e5560000, 0x00000000e67bb040, 0x00000000e6ab0000)
  to   space 21824K,   0% used [0x00000000e6ab0000, 0x00000000e6ab0000, 0x00000000e8000000)
 concurrent mark-sweep generation total 393216K, used 93476K [0x00000000e8000000, 0x0000000100000000, 0x0000000100000000)
 Metaspace       used 48815K, capacity 49418K, committed 49656K, reserved 1093632K
  class space    used 5247K, capacity 5412K, committed 5420K, reserved 1048576K
2016-06-21T12:35:05.834+0100: 12908.143: [GC (Allocation Failure) 2016-06-21T12:35:05.834+0100: 12908.143: [ParNew
Desired survivor size 20112992 bytes, new threshold 8 (max 8)
- age   1:    2382688 bytes,    2382688 total
- age   2:     469952 bytes,    2852640 total
- age   3:     584904 bytes,    3437544 total
- age   4:    2447848 bytes,    5885392 total
- age   5:      18144 bytes,    5903536 total
- age   6:      24232 bytes,    5927768 total
- age   7:      19456 bytes,    5947224 total
- age   8:      21848 bytes,    5969072 total
: 106220K->7759K(109248K), 0.0159225 secs] 199696K->112265K(502464K), 0.0159991 secs] [Times: user=0.03 sys=0.03, real=0.02 secs] 
Heap after GC invocations=139 (full 3):
 par new generation   total 109248K, used 7759K [0x00000000e0000000, 0x00000000e8000000, 0x00000000e8000000)
  eden space 87424K,   0% used [0x00000000e0000000, 0x00000000e0000000, 0x00000000e5560000)
  from space 21824K,  35% used [0x00000000e6ab0000, 0x00000000e7243f90, 0x00000000e8000000)
  to   space 21824K,   0% used [0x00000000e5560000, 0x00000000e5560000, 0x00000000e6ab0000)
 concurrent mark-sweep generation total 393216K, used 104505K [0x00000000e8000000, 0x0000000100000000, 0x0000000100000000)
 Metaspace       used 48815K, capacity 49418K, committed 49656K, reserved 1093632K
  class space    used 5247K, capacity 5412K, committed 5420K, reserved 1048576K
}
2016-06-21T12:35:05.850+0100: 12908.159: Total time for which application threads were stopped: 0.0162538 seconds, Stopping threads took: 0.0000296 seconds
2016-06-21T12:35:06.850+0100: 12909.159: Total time for which application threads were stopped: 0.0000999 seconds, Stopping threads took: 0.0000261 seconds
2016-06-21T12:35:08.851+0100: 12911.160: Total time for which application threads were stopped: 0.0002179 seconds, Stopping threads took: 0.0000825 seconds
{Heap before GC invocations=139 (full 3):
 par new generation   total 109248K, used 95183K [0x00000000e0000000, 0x00000000e8000000, 0x00000000e8000000)
  eden space 87424K, 100% used [0x00000000e0000000, 0x00000000e5560000, 0x00000000e5560000)
  from space 21824K,  35% used [0x00000000e6ab0000, 0x00000000e7243f90, 0x00000000e8000000)
  to   space 21824K,   0% used [0x00000000e5560000, 0x00000000e5560000, 0x00000000e6ab0000)
 concurrent mark-sweep generation total 393216K, used 104505K [0x00000000e8000000, 0x0000000100000000, 0x0000000100000000)
 Metaspace       used 48821K, capacity 49418K, committed 49656K, reserved 1093632K
  class space    used 5247K, capacity 5412K, committed 5420K, reserved 1048576K
2016-06-21T12:35:09.433+0100: 12911.741: [GC (Allocation Failure) 2016-06-21T12:35:09.433+0100: 12911.741: [ParNew
Desired survivor size 20112992 bytes, new threshold 8 (max 8)
- age   1:     237312 bytes,     237312 total
- age   4:        312 bytes,     237624 total
- age   5:      69208 bytes,     306832 total
- age   6:      17928 bytes,     324760 total
- age   7:      23920 bytes,     348680 total
- age   8:      19168 bytes,     367848 total
: 95183K->2451K(109248K), 0.0023496 secs] 199689K->106978K(502464K), 0.0024222 secs] [Times: user=0.00 sys=0.00, real=0.00 secs] 
Heap after GC invocations=140 (full 3):
 par new generation   total 109248K, used 2451K [0x00000000e0000000, 0x00000000e8000000, 0x00000000e8000000)
  eden space 87424K,   0% used [0x00000000e0000000, 0x00000000e0000000, 0x00000000e5560000)
  from space 21824K,  11% used [0x00000000e5560000, 0x00000000e57c4fa0, 0x00000000e6ab0000)
  to   space 21824K,   0% used [0x00000000e6ab0000, 0x00000000e6ab0000, 0x00000000e8000000)
 concurrent mark-sweep generation total 393216K, used 104526K [0x00000000e8000000, 0x0000000100000000, 0x0000000100000000)
 Metaspace       used 48821K, capacity 49418K, committed 49656K, reserved 1093632K
  class space    used 5247K, capacity 5412K, committed 5420K, reserved 1048576K
}
2016-06-21T12:35:09.435+0100: 12911.744: Total time for which application threads were stopped: 0.0026050 seconds, Stopping threads took: 0.0000225 seconds
2016-06-21T12:35:10.435+0100: 12912.744: Total time for which application threads were stopped: 0.0001026 seconds, Stopping threads took: 0.0000253 seconds
{Heap before GC invocations=140 (full 3):
 par new generation   total 109248K, used 89875K [0x00000000e0000000, 0x00000000e8000000, 0x00000000e8000000)
  eden space 87424K, 100% used [0x00000000e0000000, 0x00000000e5560000, 0x00000000e5560000)
  from space 21824K,  11% used [0x00000000e5560000, 0x00000000e57c4fa0, 0x00000000e6ab0000)
  to   space 21824K,   0% used [0x00000000e6ab0000, 0x00000000e6ab0000, 0x00000000e8000000)
 concurrent mark-sweep generation total 393216K, used 104526K [0x00000000e8000000, 0x0000000100000000, 0x0000000100000000)
 Metaspace       used 48821K, capacity 49418K, committed 49656K, reserved 1093632K
  class space    used 5247K, capacity 5412K, committed 5420K, reserved 1048576K
2016-06-21T12:35:10.742+0100: 12913.050: [GC (Allocation Failure) 2016-06-21T12:35:10.742+0100: 12913.050: [ParNew
Desired survivor size 20112992 bytes, new threshold 8 (max 8)
- age   1:     303384 bytes,     303384 total
- age   2:      18032 bytes,     321416 total
- age   5:        312 bytes,     321728 total
- age   6:      25408 bytes,     347136 total
- age   7:      17712 bytes,     364848 total
- age   8:      23608 bytes,     388456 total
: 89875K->651K(109248K), 0.0025434 secs] 194402K->105196K(502464K), 0.0025999 secs] [Times: user=0.00 sys=0.00, real=0.00 secs] 
Heap after GC invocations=141 (full 3):
 par new generation   total 109248K, used 651K [0x00000000e0000000, 0x00000000e8000000, 0x00000000e8000000)
  eden space 87424K,   0% used [0x00000000e0000000, 0x00000000e0000000, 0x00000000e5560000)
  from space 21824K,   2% used [0x00000000e6ab0000, 0x00000000e6b52dc0, 0x00000000e8000000)
  to   space 21824K,   0% used [0x00000000e5560000, 0x00000000e5560000, 0x00000000e6ab0000)
 concurrent mark-sweep generation total 393216K, used 104545K [0x00000000e8000000, 0x0000000100000000, 0x0000000100000000)
 Metaspace       used 48821K, capacity 49418K, committed 49656K, reserved 1093632K
  class space    used 5247K, capacity 5412K, committed 5420K, reserved 1048576K
}
2016-06-21T12:35:10.744+0100: 12913.053: Total time for which application threads were stopped: 0.0028067 seconds, Stopping threads took: 0.0000241 seconds
2016-06-21T12:35:11.138+0100: 12913.446: Total time for which application threads were stopped: 0.0001630 seconds, Stopping threads took: 0.0000272 seconds
2016-06-21T12:35:12.139+0100: 12914.447: Total time for which application threads were stopped: 0.0001109 seconds, Stopping threads took: 0.0000300 seconds
2016-06-21T12:35:13.139+0100: 12915.447: Total time for which application threads were stopped: 0.0000916 seconds, Stopping threads took: 0.0000261 seconds
2016-06-21T12:35:14.140+0100: 12916.449: Total time for which application threads were stopped: 0.0002475 seconds, Stopping threads took: 0.0000339 seconds
{Heap before GC invocations=141 (full 3):
 par new generation   total 109248K, used 88075K [0x00000000e0000000, 0x00000000e8000000, 0x00000000e8000000)
  eden space 87424K, 100% used [0x00000000e0000000, 0x00000000e5560000, 0x00000000e5560000)
  from space 21824K,   2% used [0x00000000e6ab0000, 0x00000000e6b52dc0, 0x00000000e8000000)
  to   space 21824K,   0% used [0x00000000e5560000, 0x00000000e5560000, 0x00000000e6ab0000)
 concurrent mark-sweep generation total 393216K, used 104545K [0x00000000e8000000, 0x0000000100000000, 0x0000000100000000)
 Metaspace       used 48824K, capacity 49482K, committed 49656K, reserved 1093632K
  class space    used 5247K, capacity 5412K, committed 5420K, reserved 1048576K
2016-06-21T12:35:14.809+0100: 12917.118: [GC (Allocation Failure) 2016-06-21T12:35:14.809+0100: 12917.118: [ParNew
Desired survivor size 20112992 bytes, new threshold 8 (max 8)
- age   1:     801680 bytes,     801680 total
- age   2:      16256 bytes,     817936 total
- age   3:      15272 bytes,     833208 total
- age   6:        312 bytes,     833520 total
- age   7:      25336 bytes,     858856 total
- age   8:      17520 bytes,     876376 total
: 88075K->991K(109248K), 0.0022008 secs] 192620K->105559K(502464K), 0.0022706 secs] [Times: user=0.00 sys=0.00, real=0.00 secs] 
Heap after GC invocations=142 (full 3):
 par new generation   total 109248K, used 991K [0x00000000e0000000, 0x00000000e8000000, 0x00000000e8000000)
  eden space 87424K,   0% used [0x00000000e0000000, 0x00000000e0000000, 0x00000000e5560000)
  from space 21824K,   4% used [0x00000000e5560000, 0x00000000e5657ec8, 0x00000000e6ab0000)
  to   space 21824K,   0% used [0x00000000e6ab0000, 0x00000000e6ab0000, 0x00000000e8000000)
 concurrent mark-sweep generation total 393216K, used 104568K [0x00000000e8000000, 0x0000000100000000, 0x0000000100000000)
 Metaspace       used 48824K, capacity 49482K, committed 49656K, reserved 1093632K
  class space    used 5247K, capacity 5412K, committed 5420K, reserved 1048576K
}
2016-06-21T12:35:14.812+0100: 12917.120: Total time for which application threads were stopped: 0.0024909 seconds, Stopping threads took: 0.0000320 seconds
2016-06-21T12:35:14.812+0100: 12917.121: Total time for which application threads were stopped: 0.0001362 seconds, Stopping threads took: 0.0000557 seconds
2016-06-21T12:35:16.813+0100: 12919.121: Total time for which application threads were stopped: 0.0001078 seconds, Stopping threads took: 0.0000249 seconds
{Heap before GC invocations=142 (full 3):
 par new generation   total 109248K, used 88415K [0x00000000e0000000, 0x00000000e8000000, 0x00000000e8000000)
  eden space 87424K, 100% used [0x00000000e0000000, 0x00000000e5560000, 0x00000000e5560000)
  from space 21824K,   4% used [0x00000000e5560000, 0x00000000e5657ec8, 0x00000000e6ab0000)
  to   space 21824K,   0% used [0x00000000e6ab0000, 0x00000000e6ab0000, 0x00000000e8000000)
 concurrent mark-sweep generation total 393216K, used 104568K [0x00000000e8000000, 0x0000000100000000, 0x0000000100000000)
 Metaspace       used 48840K, capacity 49482K, committed 49656K, reserved 1093632K
  class space    used 5247K, capacity 5412K, committed 5420K, reserved 1048576K
2016-06-21T12:35:17.629+0100: 12919.938: [GC (Allocation Failure) 2016-06-21T12:35:17.629+0100: 12919.938: [ParNew
Desired survivor size 20112992 bytes, new threshold 8 (max 8)
- age   1:    1367448 bytes,    1367448 total
- age   2:     240512 bytes,    1607960 total
- age   3:      16208 bytes,    1624168 total
- age   4:      15184 bytes,    1639352 total
- age   7:        312 bytes,    1639664 total
- age   8:      25312 bytes,    1664976 total
: 88415K->1916K(109248K), 0.0037407 secs] 192983K->106501K(502464K), 0.0038047 secs] [Times: user=0.00 sys=0.00, real=0.00 secs] 
Heap after GC invocations=143 (full 3):
 par new generation   total 109248K, used 1916K [0x00000000e0000000, 0x00000000e8000000, 0x00000000e8000000)
  eden space 87424K,   0% used [0x00000000e0000000, 0x00000000e0000000, 0x00000000e5560000)
  from space 21824K,   8% used [0x00000000e6ab0000, 0x00000000e6c8f070, 0x00000000e8000000)
  to   space 21824K,   0% used [0x00000000e5560000, 0x00000000e5560000, 0x00000000e6ab0000)
 concurrent mark-sweep generation total 393216K, used 104585K [0x00000000e8000000, 0x0000000100000000, 0x0000000100000000)
 Metaspace       used 48840K, capacity 49482K, committed 49656K, reserved 1093632K
  class space    used 5247K, capacity 5412K, committed 5420K, reserved 1048576K
}
2016-06-21T12:35:17.633+0100: 12919.942: Total time for which application threads were stopped: 0.0040431 seconds, Stopping threads took: 0.0000189 seconds
2016-06-21T12:35:18.633+0100: 12920.942: Total time for which application threads were stopped: 0.0000983 seconds, Stopping threads took: 0.0000296 seconds
2016-06-21T12:35:19.634+0100: 12921.942: Total time for which application threads were stopped: 0.0001662 seconds, Stopping threads took: 0.0000628 seconds
{Heap before GC invocations=143 (full 3):
 par new generation   total 109248K, used 89340K [0x00000000e0000000, 0x00000000e8000000, 0x00000000e8000000)
  eden space 87424K, 100% used [0x00000000e0000000, 0x00000000e5560000, 0x00000000e5560000)
  from space 21824K,   8% used [0x00000000e6ab0000, 0x00000000e6c8f070, 0x00000000e8000000)
  to   space 21824K,   0% used [0x00000000e5560000, 0x00000000e5560000, 0x00000000e6ab0000)
 concurrent mark-sweep generation total 393216K, used 104585K [0x00000000e8000000, 0x0000000100000000, 0x0000000100000000)
 Metaspace       used 48847K, capacity 49482K, committed 49656K, reserved 1093632K
  class space    used 5247K, capacity 5412K, committed 5420K, reserved 1048576K
2016-06-21T12:35:19.762+0100: 12922.071: [GC (Allocation Failure) 2016-06-21T12:35:19.762+0100: 12922.071: [ParNew
Desired survivor size 20112992 bytes, new threshold 8 (max 8)
- age   1:    1347712 bytes,    1347712 total
- age   2:     367384 bytes,    1715096 total
- age   3:      19168 bytes,    1734264 total
- age   4:      16088 bytes,    1750352 total
- age   5:      15136 bytes,    1765488 total
- age   8:        312 bytes,    1765800 total
: 89340K->2833K(109248K), 0.0024120 secs] 193925K->107443K(502464K), 0.0025067 secs] [Times: user=0.00 sys=0.00, real=0.00 secs] 
Heap after GC invocations=144 (full 3):
 par new generation   total 109248K, used 2833K [0x00000000e0000000, 0x00000000e8000000, 0x00000000e8000000)
  eden space 87424K,   0% used [0x00000000e0000000, 0x00000000e0000000, 0x00000000e5560000)
  from space 21824K,  12% used [0x00000000e5560000, 0x00000000e5824420, 0x00000000e6ab0000)
  to   space 21824K,   0% used [0x00000000e6ab0000, 0x00000000e6ab0000, 0x00000000e8000000)
 concurrent mark-sweep generation total 393216K, used 104610K [0x00000000e8000000, 0x0000000100000000, 0x0000000100000000)
 Metaspace       used 48847K, capacity 49482K, committed 49656K, reserved 1093632K
  class space    used 5247K, capacity 5412K, committed 5420K, reserved 1048576K
}
2016-06-21T12:35:19.765+0100: 12922.073: Total time for which application threads were stopped: 0.0027688 seconds, Stopping threads took: 0.0000264 seconds
2016-06-21T12:35:19.765+0100: 12922.074: Total time for which application threads were stopped: 0.0001330 seconds, Stopping threads took: 0.0000462 seconds
2016-06-21T12:35:19.765+0100: 12922.074: Total time for which application threads were stopped: 0.0000868 seconds, Stopping threads took: 0.0000328 seconds
2016-06-21T12:35:19.765+0100: 12922.074: Total time for which application threads were stopped: 0.0000770 seconds, Stopping threads took: 0.0000320 seconds
2016-06-21T12:35:20.765+0100: 12923.074: Total time for which application threads were stopped: 0.0001054 seconds, Stopping threads took: 0.0000300 seconds
2016-06-21T12:35:22.994+0100: 12925.303: Total time for which application threads were stopped: 0.0000920 seconds, Stopping threads took: 0.0000189 seconds
{Heap before GC invocations=144 (full 3):
 par new generation   total 109248K, used 90257K [0x00000000e0000000, 0x00000000e8000000, 0x00000000e8000000)
  eden space 87424K, 100% used [0x00000000e0000000, 0x00000000e5560000, 0x00000000e5560000)
  from space 21824K,  12% used [0x00000000e5560000, 0x00000000e5824420, 0x00000000e6ab0000)
  to   space 21824K,   0% used [0x00000000e6ab0000, 0x00000000e6ab0000, 0x00000000e8000000)
 concurrent mark-sweep generation total 393216K, used 104610K [0x00000000e8000000, 0x0000000100000000, 0x0000000100000000)
 Metaspace       used 48873K, capacity 49482K, committed 49656K, reserved 1093632K
  class space    used 5247K, capacity 5412K, committed 5420K, reserved 1048576K
2016-06-21T12:35:23.580+0100: 12925.889: [GC (Allocation Failure) 2016-06-21T12:35:23.580+0100: 12925.889: [ParNew
Desired survivor size 20112992 bytes, new threshold 8 (max 8)
- age   1:    1735528 bytes,    1735528 total
- age   2:     304304 bytes,    2039832 total
- age   3:     334896 bytes,    2374728 total
- age   4:      16064 bytes,    2390792 total
- age   5:      16016 bytes,    2406808 total
- age   6:      15016 bytes,    2421824 total
: 90257K->2706K(109248K), 0.0026812 secs] 194867K->107316K(502464K), 0.0027424 secs] [Times: user=0.00 sys=0.00, real=0.00 secs] 
Heap after GC invocations=145 (full 3):
 par new generation   total 109248K, used 2706K [0x00000000e0000000, 0x00000000e8000000, 0x00000000e8000000)
  eden space 87424K,   0% used [0x00000000e0000000, 0x00000000e0000000, 0x00000000e5560000)
  from space 21824K,  12% used [0x00000000e6ab0000, 0x00000000e6d549f0, 0x00000000e8000000)
  to   space 21824K,   0% used [0x00000000e5560000, 0x00000000e5560000, 0x00000000e6ab0000)
 concurrent mark-sweep generation total 393216K, used 104610K [0x00000000e8000000, 0x0000000100000000, 0x0000000100000000)
 Metaspace       used 48873K, capacity 49482K, committed 49656K, reserved 1093632K
  class space    used 5247K, capacity 5412K, committed 5420K, reserved 1048576K
}
2016-06-21T12:35:23.583+0100: 12925.892: Total time for which application threads were stopped: 0.0029255 seconds, Stopping threads took: 0.0000217 seconds
2016-06-21T12:35:23.583+0100: 12925.892: Total time for which application threads were stopped: 0.0001125 seconds, Stopping threads took: 0.0000470 seconds
2016-06-21T12:35:23.583+0100: 12925.892: Total time for which application threads were stopped: 0.0000868 seconds, Stopping threads took: 0.0000450 seconds
2016-06-21T12:35:24.584+0100: 12926.892: Total time for which application threads were stopped: 0.0000896 seconds, Stopping threads took: 0.0000292 seconds
2016-06-21T12:35:24.615+0100: 12926.923: Total time for which application threads were stopped: 0.0001559 seconds, Stopping threads took: 0.0000296 seconds
{Heap before GC invocations=145 (full 3):
 par new generation   total 109248K, used 90130K [0x00000000e0000000, 0x00000000e8000000, 0x00000000e8000000)
  eden space 87424K, 100% used [0x00000000e0000000, 0x00000000e5560000, 0x00000000e5560000)
  from space 21824K,  12% used [0x00000000e6ab0000, 0x00000000e6d549f0, 0x00000000e8000000)
  to   space 21824K,   0% used [0x00000000e5560000, 0x00000000e5560000, 0x00000000e6ab0000)
 concurrent mark-sweep generation total 393216K, used 104610K [0x00000000e8000000, 0x0000000100000000, 0x0000000100000000)
 Metaspace       used 48884K, capacity 49482K, committed 49656K, reserved 1093632K
  class space    used 5247K, capacity 5412K, committed 5420K, reserved 1048576K
2016-06-21T12:35:25.241+0100: 12927.550: [GC (Allocation Failure) 2016-06-21T12:35:25.241+0100: 12927.550: [ParNew
Desired survivor size 20112992 bytes, new threshold 8 (max 8)
- age   1:     795152 bytes,     795152 total
- age   2:     242704 bytes,    1037856 total
- age   3:     300104 bytes,    1337960 total
- age   4:     334896 bytes,    1672856 total
- age   5:      15992 bytes,    1688848 total
- age   6:      15920 bytes,    1704768 total
- age   7:      14944 bytes,    1719712 total
: 90130K->2360K(109248K), 0.0028975 secs] 194740K->106970K(502464K), 0.0029950 secs] [Times: user=0.00 sys=0.00, real=0.00 secs] 
Heap after GC invocations=146 (full 3):
 par new generation   total 109248K, used 2360K [0x00000000e0000000, 0x00000000e8000000, 0x00000000e8000000)
  eden space 87424K,   0% used [0x00000000e0000000, 0x00000000e0000000, 0x00000000e5560000)
  from space 21824K,  10% used [0x00000000e5560000, 0x00000000e57ae168, 0x00000000e6ab0000)
  to   space 21824K,   0% used [0x00000000e6ab0000, 0x00000000e6ab0000, 0x00000000e8000000)
 concurrent mark-sweep generation total 393216K, used 104610K [0x00000000e8000000, 0x0000000100000000, 0x0000000100000000)
 Metaspace       used 48884K, capacity 49482K, committed 49656K, reserved 1093632K
  class space    used 5247K, capacity 5412K, committed 5420K, reserved 1048576K
}
2016-06-21T12:35:25.244+0100: 12927.553: Total time for which application threads were stopped: 0.0032469 seconds, Stopping threads took: 0.0000264 seconds
2016-06-21T12:35:25.244+0100: 12927.553: Total time for which application threads were stopped: 0.0000928 seconds, Stopping threads took: 0.0000332 seconds
2016-06-21T12:35:25.244+0100: 12927.553: Total time for which application threads were stopped: 0.0000565 seconds, Stopping threads took: 0.0000257 seconds
2016-06-21T12:35:25.244+0100: 12927.554: Total time for which application threads were stopped: 0.0000722 seconds, Stopping threads took: 0.0000118 seconds
2016-06-21T12:35:26.245+0100: 12928.554: Total time for which application threads were stopped: 0.0000876 seconds, Stopping threads took: 0.0000241 seconds
2016-06-21T12:35:27.246+0100: 12929.554: Total time for which application threads were stopped: 0.0000975 seconds, Stopping threads took: 0.0000249 seconds
2016-06-21T12:35:28.246+0100: 12930.555: Total time for which application threads were stopped: 0.0000793 seconds, Stopping threads took: 0.0000253 seconds
{Heap before GC invocations=146 (full 3):
 par new generation   total 109248K, used 89784K [0x00000000e0000000, 0x00000000e8000000, 0x00000000e8000000)
  eden space 87424K, 100% used [0x00000000e0000000, 0x00000000e5560000, 0x00000000e5560000)
  from space 21824K,  10% used [0x00000000e5560000, 0x00000000e57ae168, 0x00000000e6ab0000)
  to   space 21824K,   0% used [0x00000000e6ab0000, 0x00000000e6ab0000, 0x00000000e8000000)
 concurrent mark-sweep generation total 393216K, used 104610K [0x00000000e8000000, 0x0000000100000000, 0x0000000100000000)
 Metaspace       used 48890K, capacity 49482K, committed 49656K, reserved 1093632K
  class space    used 5247K, capacity 5412K, committed 5420K, reserved 1048576K
2016-06-21T12:35:28.350+0100: 12930.659: [GC (Allocation Failure) 2016-06-21T12:35:28.350+0100: 12930.659: [ParNew
Desired survivor size 20112992 bytes, new threshold 8 (max 8)
- age   1:     877144 bytes,     877144 total
- age   2:     122784 bytes,     999928 total
- age   3:     238856 bytes,    1238784 total
- age   4:     300104 bytes,    1538888 total
- age   5:     261208 bytes,    1800096 total
- age   6:      15968 bytes,    1816064 total
- age   7:      15848 bytes,    1831912 total
- age   8:      14920 bytes,    1846832 total
: 89784K->2511K(109248K), 0.0024238 secs] 194394K->107121K(502464K), 0.0025083 secs] [Times: user=0.00 sys=0.00, real=0.00 secs] 
Heap after GC invocations=147 (full 3):
 par new generation   total 109248K, used 2511K [0x00000000e0000000, 0x00000000e8000000, 0x00000000e8000000)
  eden space 87424K,   0% used [0x00000000e0000000, 0x00000000e0000000, 0x00000000e5560000)
  from space 21824K,  11% used [0x00000000e6ab0000, 0x00000000e6d23ca8, 0x00000000e8000000)
  to   space 21824K,   0% used [0x00000000e5560000, 0x00000000e5560000, 0x00000000e6ab0000)
 concurrent mark-sweep generation total 393216K, used 104610K [0x00000000e8000000, 0x0000000100000000, 0x0000000100000000)
 Metaspace       used 48890K, capacity 49482K, committed 49656K, reserved 1093632K
  class space    used 5247K, capacity 5412K, committed 5420K, reserved 1048576K
}
2016-06-21T12:35:28.353+0100: 12930.661: Total time for which application threads were stopped: 0.0028071 seconds, Stopping threads took: 0.0000284 seconds
2016-06-21T12:35:28.353+0100: 12930.661: Total time for which application threads were stopped: 0.0001421 seconds, Stopping threads took: 0.0000545 seconds
2016-06-21T12:35:28.353+0100: 12930.662: Total time for which application threads were stopped: 0.0000711 seconds, Stopping threads took: 0.0000264 seconds
{Heap before GC invocations=147 (full 3):
 par new generation   total 109248K, used 89935K [0x00000000e0000000, 0x00000000e8000000, 0x00000000e8000000)
  eden space 87424K, 100% used [0x00000000e0000000, 0x00000000e5560000, 0x00000000e5560000)
  from space 21824K,  11% used [0x00000000e6ab0000, 0x00000000e6d23ca8, 0x00000000e8000000)
  to   space 21824K,   0% used [0x00000000e5560000, 0x00000000e5560000, 0x00000000e6ab0000)
 concurrent mark-sweep generation total 393216K, used 104610K [0x00000000e8000000, 0x0000000100000000, 0x0000000100000000)
 Metaspace       used 48890K, capacity 49482K, committed 49656K, reserved 1093632K
  class space    used 5247K, capacity 5412K, committed 5420K, reserved 1048576K
2016-06-21T12:35:33.021+0100: 12935.330: [GC (Allocation Failure) 2016-06-21T12:35:33.021+0100: 12935.330: [ParNew
Desired survivor size 20112992 bytes, new threshold 1 (max 8)
- age   1:   20688480 bytes,   20688480 total
- age   2:     216384 bytes,   20904864 total
- age   3:      28840 bytes,   20933704 total
- age   4:     238856 bytes,   21172560 total
- age   5:     300104 bytes,   21472664 total
- age   6:     258464 bytes,   21731128 total
- age   7:      15968 bytes,   21747096 total
- age   8:      15800 bytes,   21762896 total
: 89935K->21824K(109248K), 0.0123950 secs] 194545K->132242K(502464K), 0.0124732 secs] [Times: user=0.06 sys=0.00, real=0.01 secs] 
Heap after GC invocations=148 (full 3):
 par new generation   total 109248K, used 21824K [0x00000000e0000000, 0x00000000e8000000, 0x00000000e8000000)
  eden space 87424K,   0% used [0x00000000e0000000, 0x00000000e0000000, 0x00000000e5560000)
  from space 21824K, 100% used [0x00000000e5560000, 0x00000000e6ab0000, 0x00000000e6ab0000)
  to   space 21824K,   0% used [0x00000000e6ab0000, 0x00000000e6ab0000, 0x00000000e8000000)
 concurrent mark-sweep generation total 393216K, used 110418K [0x00000000e8000000, 0x0000000100000000, 0x0000000100000000)
 Metaspace       used 48890K, capacity 49482K, committed 49656K, reserved 1093632K
  class space    used 5247K, capacity 5412K, committed 5420K, reserved 1048576K
}
2016-06-21T12:35:33.034+0100: 12935.342: Total time for which application threads were stopped: 0.0128166 seconds, Stopping threads took: 0.0000288 seconds
{Heap before GC invocations=148 (full 3):
 par new generation   total 109248K, used 109248K [0x00000000e0000000, 0x00000000e8000000, 0x00000000e8000000)
  eden space 87424K, 100% used [0x00000000e0000000, 0x00000000e5560000, 0x00000000e5560000)
  from space 21824K, 100% used [0x00000000e5560000, 0x00000000e6ab0000, 0x00000000e6ab0000)
  to   space 21824K,   0% used [0x00000000e6ab0000, 0x00000000e6ab0000, 0x00000000e8000000)
 concurrent mark-sweep generation total 393216K, used 110418K [0x00000000e8000000, 0x0000000100000000, 0x0000000100000000)
 Metaspace       used 48890K, capacity 49482K, committed 49656K, reserved 1093632K
  class space    used 5247K, capacity 5412K, committed 5420K, reserved 1048576K
2016-06-21T12:35:33.198+0100: 12935.507: [GC (Allocation Failure) 2016-06-21T12:35:33.198+0100: 12935.507: [ParNew
Desired survivor size 20112992 bytes, new threshold 8 (max 8)
- age   1:    2124744 bytes,    2124744 total
: 109248K->16126K(109248K), 0.0148492 secs] 219666K->146882K(502464K), 0.0149514 secs] [Times: user=0.03 sys=0.03, real=0.02 secs] 
Heap after GC invocations=149 (full 3):
 par new generation   total 109248K, used 16126K [0x00000000e0000000, 0x00000000e8000000, 0x00000000e8000000)
  eden space 87424K,   0% used [0x00000000e0000000, 0x00000000e0000000, 0x00000000e5560000)
  from space 21824K,  73% used [0x00000000e6ab0000, 0x00000000e7a6f8a0, 0x00000000e8000000)
  to   space 21824K,   0% used [0x00000000e5560000, 0x00000000e5560000, 0x00000000e6ab0000)
 concurrent mark-sweep generation total 393216K, used 130756K [0x00000000e8000000, 0x0000000100000000, 0x0000000100000000)
 Metaspace       used 48890K, capacity 49482K, committed 49656K, reserved 1093632K
  class space    used 5247K, capacity 5412K, committed 5420K, reserved 1048576K
}
2016-06-21T12:35:33.213+0100: 12935.522: Total time for which application threads were stopped: 0.0152163 seconds, Stopping threads took: 0.0000343 seconds
{Heap before GC invocations=149 (full 3):
 par new generation   total 109248K, used 103550K [0x00000000e0000000, 0x00000000e8000000, 0x00000000e8000000)
  eden space 87424K, 100% used [0x00000000e0000000, 0x00000000e5560000, 0x00000000e5560000)
  from space 21824K,  73% used [0x00000000e6ab0000, 0x00000000e7a6f8a0, 0x00000000e8000000)
  to   space 21824K,   0% used [0x00000000e5560000, 0x00000000e5560000, 0x00000000e6ab0000)
 concurrent mark-sweep generation total 393216K, used 130756K [0x00000000e8000000, 0x0000000100000000, 0x0000000100000000)
 Metaspace       used 48890K, capacity 49482K, committed 49656K, reserved 1093632K
  class space    used 5247K, capacity 5412K, committed 5420K, reserved 1048576K
2016-06-21T12:35:33.370+0100: 12935.678: [GC (Allocation Failure) 2016-06-21T12:35:33.370+0100: 12935.678: [ParNew
Desired survivor size 20112992 bytes, new threshold 8 (max 8)
- age   1:    1020280 bytes,    1020280 total
- age   2:     503176 bytes,    1523456 total
: 103550K->4253K(109248K), 0.0024214 secs] 234306K->135009K(502464K), 0.0025016 secs] [Times: user=0.00 sys=0.00, real=0.00 secs] 
Heap after GC invocations=150 (full 3):
 par new generation   total 109248K, used 4253K [0x00000000e0000000, 0x00000000e8000000, 0x00000000e8000000)
  eden space 87424K,   0% used [0x00000000e0000000, 0x00000000e0000000, 0x00000000e5560000)
  from space 21824K,  19% used [0x00000000e5560000, 0x00000000e5987760, 0x00000000e6ab0000)
  to   space 21824K,   0% used [0x00000000e6ab0000, 0x00000000e6ab0000, 0x00000000e8000000)
 concurrent mark-sweep generation total 393216K, used 130756K [0x00000000e8000000, 0x0000000100000000, 0x0000000100000000)
 Metaspace       used 48890K, capacity 49482K, committed 49656K, reserved 1093632K
  class space    used 5247K, capacity 5412K, committed 5420K, reserved 1048576K
}
2016-06-21T12:35:33.373+0100: 12935.681: Total time for which application threads were stopped: 0.0027282 seconds, Stopping threads took: 0.0000272 seconds
{Heap before GC invocations=150 (full 3):
 par new generation   total 109248K, used 91677K [0x00000000e0000000, 0x00000000e8000000, 0x00000000e8000000)
  eden space 87424K, 100% used [0x00000000e0000000, 0x00000000e5560000, 0x00000000e5560000)
  from space 21824K,  19% used [0x00000000e5560000, 0x00000000e5987760, 0x00000000e6ab0000)
  to   space 21824K,   0% used [0x00000000e6ab0000, 0x00000000e6ab0000, 0x00000000e8000000)
 concurrent mark-sweep generation total 393216K, used 130756K [0x00000000e8000000, 0x0000000100000000, 0x0000000100000000)
 Metaspace       used 48890K, capacity 49482K, committed 49656K, reserved 1093632K
  class space    used 5247K, capacity 5412K, committed 5420K, reserved 1048576K
2016-06-21T12:35:33.519+0100: 12935.828: [GC (Allocation Failure) 2016-06-21T12:35:33.520+0100: 12935.828: [ParNew
Desired survivor size 20112992 bytes, new threshold 8 (max 8)
- age   1:    2146136 bytes,    2146136 total
- age   2:      44048 bytes,    2190184 total
- age   3:     322936 bytes,    2513120 total
: 91677K->3241K(109248K), 0.0030424 secs] 222433K->133997K(502464K), 0.0031166 secs] [Times: user=0.00 sys=0.00, real=0.00 secs] 
Heap after GC invocations=151 (full 3):
 par new generation   total 109248K, used 3241K [0x00000000e0000000, 0x00000000e8000000, 0x00000000e8000000)
  eden space 87424K,   0% used [0x00000000e0000000, 0x00000000e0000000, 0x00000000e5560000)
  from space 21824K,  14% used [0x00000000e6ab0000, 0x00000000e6dda5c0, 0x00000000e8000000)
  to   space 21824K,   0% used [0x00000000e5560000, 0x00000000e5560000, 0x00000000e6ab0000)
 concurrent mark-sweep generation total 393216K, used 130756K [0x00000000e8000000, 0x0000000100000000, 0x0000000100000000)
 Metaspace       used 48890K, capacity 49482K, committed 49656K, reserved 1093632K
  class space    used 5247K, capacity 5412K, committed 5420K, reserved 1048576K
}
2016-06-21T12:35:33.523+0100: 12935.831: Total time for which application threads were stopped: 0.0033456 seconds, Stopping threads took: 0.0000312 seconds
{Heap before GC invocations=151 (full 3):
 par new generation   total 109248K, used 90665K [0x00000000e0000000, 0x00000000e8000000, 0x00000000e8000000)
  eden space 87424K, 100% used [0x00000000e0000000, 0x00000000e5560000, 0x00000000e5560000)
  from space 21824K,  14% used [0x00000000e6ab0000, 0x00000000e6dda5c0, 0x00000000e8000000)
  to   space 21824K,   0% used [0x00000000e5560000, 0x00000000e5560000, 0x00000000e6ab0000)
 concurrent mark-sweep generation total 393216K, used 130756K [0x00000000e8000000, 0x0000000100000000, 0x0000000100000000)
 Metaspace       used 48890K, capacity 49482K, committed 49656K, reserved 1093632K
  class space    used 5247K, capacity 5412K, committed 5420K, reserved 1048576K
2016-06-21T12:35:33.728+0100: 12936.037: [GC (Allocation Failure) 2016-06-21T12:35:33.728+0100: 12936.037: [ParNew
Desired survivor size 20112992 bytes, new threshold 8 (max 8)
- age   1:    1864424 bytes,    1864424 total
- age   2:     373480 bytes,    2237904 total
- age   3:      44048 bytes,    2281952 total
- age   4:     322936 bytes,    2604888 total
: 90665K->3110K(109248K), 0.0029196 secs] 221421K->133866K(502464K), 0.0029895 secs] [Times: user=0.00 sys=0.00, real=0.00 secs] 
Heap after GC invocations=152 (full 3):
 par new generation   total 109248K, used 3110K [0x00000000e0000000, 0x00000000e8000000, 0x00000000e8000000)
  eden space 87424K,   0% used [0x00000000e0000000, 0x00000000e0000000, 0x00000000e5560000)
  from space 21824K,  14% used [0x00000000e5560000, 0x00000000e58699d0, 0x00000000e6ab0000)
  to   space 21824K,   0% used [0x00000000e6ab0000, 0x00000000e6ab0000, 0x00000000e8000000)
 concurrent mark-sweep generation total 393216K, used 130756K [0x00000000e8000000, 0x0000000100000000, 0x0000000100000000)
 Metaspace       used 48890K, capacity 49482K, committed 49656K, reserved 1093632K
  class space    used 5247K, capacity 5412K, committed 5420K, reserved 1048576K
}
2016-06-21T12:35:33.731+0100: 12936.040: Total time for which application threads were stopped: 0.0032370 seconds, Stopping threads took: 0.0000292 seconds
{Heap before GC invocations=152 (full 3):
 par new generation   total 109248K, used 90534K [0x00000000e0000000, 0x00000000e8000000, 0x00000000e8000000)
  eden space 87424K, 100% used [0x00000000e0000000, 0x00000000e5560000, 0x00000000e5560000)
  from space 21824K,  14% used [0x00000000e5560000, 0x00000000e58699d0, 0x00000000e6ab0000)
  to   space 21824K,   0% used [0x00000000e6ab0000, 0x00000000e6ab0000, 0x00000000e8000000)
 concurrent mark-sweep generation total 393216K, used 130756K [0x00000000e8000000, 0x0000000100000000, 0x0000000100000000)
 Metaspace       used 48890K, capacity 49482K, committed 49656K, reserved 1093632K
  class space    used 5247K, capacity 5412K, committed 5420K, reserved 1048576K
2016-06-21T12:35:33.919+0100: 12936.228: [GC (Allocation Failure) 2016-06-21T12:35:33.919+0100: 12936.228: [ParNew
Desired survivor size 20112992 bytes, new threshold 8 (max 8)
- age   1:    2104680 bytes,    2104680 total
- age   2:     221784 bytes,    2326464 total
- age   3:      13016 bytes,    2339480 total
- age   4:      44048 bytes,    2383528 total
- age   5:     306536 bytes,    2690064 total
: 90534K->3152K(109248K), 0.0027601 secs] 221290K->133908K(502464K), 0.0028438 secs] [Times: user=0.06 sys=0.00, real=0.00 secs] 
Heap after GC invocations=153 (full 3):
 par new generation   total 109248K, used 3152K [0x00000000e0000000, 0x00000000e8000000, 0x00000000e8000000)
  eden space 87424K,   0% used [0x00000000e0000000, 0x00000000e0000000, 0x00000000e5560000)
  from space 21824K,  14% used [0x00000000e6ab0000, 0x00000000e6dc42b8, 0x00000000e8000000)
  to   space 21824K,   0% used [0x00000000e5560000, 0x00000000e5560000, 0x00000000e6ab0000)
 concurrent mark-sweep generation total 393216K, used 130756K [0x00000000e8000000, 0x0000000100000000, 0x0000000100000000)
 Metaspace       used 48890K, capacity 49482K, committed 49656K, reserved 1093632K
  class space    used 5247K, capacity 5412K, committed 5420K, reserved 1048576K
}
2016-06-21T12:35:33.922+0100: 12936.231: Total time for which application threads were stopped: 0.0030384 seconds, Stopping threads took: 0.0000261 seconds
{Heap before GC invocations=153 (full 3):
 par new generation   total 109248K, used 90576K [0x00000000e0000000, 0x00000000e8000000, 0x00000000e8000000)
  eden space 87424K, 100% used [0x00000000e0000000, 0x00000000e5560000, 0x00000000e5560000)
  from space 21824K,  14% used [0x00000000e6ab0000, 0x00000000e6dc42b8, 0x00000000e8000000)
  to   space 21824K,   0% used [0x00000000e5560000, 0x00000000e5560000, 0x00000000e6ab0000)
 concurrent mark-sweep generation total 393216K, used 130756K [0x00000000e8000000, 0x0000000100000000, 0x0000000100000000)
 Metaspace       used 48890K, capacity 49482K, committed 49656K, reserved 1093632K
  class space    used 5247K, capacity 5412K, committed 5420K, reserved 1048576K
2016-06-21T12:35:34.086+0100: 12936.394: [GC (Allocation Failure) 2016-06-21T12:35:34.086+0100: 12936.394: [ParNew
Desired survivor size 20112992 bytes, new threshold 8 (max 8)
- age   1:    1118616 bytes,    1118616 total
- age   2:     893776 bytes,    2012392 total
- age   3:     221784 bytes,    2234176 total
- age   4:      13016 bytes,    2247192 total
- age   5:      44048 bytes,    2291240 total
- age   6:     322936 bytes,    2614176 total
: 90576K->3510K(109248K), 0.0027440 secs] 221332K->134266K(502464K), 0.0028324 secs] [Times: user=0.00 sys=0.00, real=0.00 secs] 
Heap after GC invocations=154 (full 3):
 par new generation   total 109248K, used 3510K [0x00000000e0000000, 0x00000000e8000000, 0x00000000e8000000)
  eden space 87424K,   0% used [0x00000000e0000000, 0x00000000e0000000, 0x00000000e5560000)
  from space 21824K,  16% used [0x00000000e5560000, 0x00000000e58cdb30, 0x00000000e6ab0000)
  to   space 21824K,   0% used [0x00000000e6ab0000, 0x00000000e6ab0000, 0x00000000e8000000)
 concurrent mark-sweep generation total 393216K, used 130756K [0x00000000e8000000, 0x0000000100000000, 0x0000000100000000)
 Metaspace       used 48890K, capacity 49482K, committed 49656K, reserved 1093632K
  class space    used 5247K, capacity 5412K, committed 5420K, reserved 1048576K
}
2016-06-21T12:35:34.088+0100: 12936.397: Total time for which application threads were stopped: 0.0031660 seconds, Stopping threads took: 0.0000324 seconds
{Heap before GC invocations=154 (full 3):
 par new generation   total 109248K, used 90934K [0x00000000e0000000, 0x00000000e8000000, 0x00000000e8000000)
  eden space 87424K, 100% used [0x00000000e0000000, 0x00000000e5560000, 0x00000000e5560000)
  from space 21824K,  16% used [0x00000000e5560000, 0x00000000e58cdb30, 0x00000000e6ab0000)
  to   space 21824K,   0% used [0x00000000e6ab0000, 0x00000000e6ab0000, 0x00000000e8000000)
 concurrent mark-sweep generation total 393216K, used 130756K [0x00000000e8000000, 0x0000000100000000, 0x0000000100000000)
 Metaspace       used 48890K, capacity 49482K, committed 49656K, reserved 1093632K
  class space    used 5247K, capacity 5412K, committed 5420K, reserved 1048576K
2016-06-21T12:35:34.239+0100: 12936.547: [GC (Allocation Failure) 2016-06-21T12:35:34.239+0100: 12936.547: [ParNew
Desired survivor size 20112992 bytes, new threshold 8 (max 8)
- age   1:    1458856 bytes,    1458856 total
- age   2:      25504 bytes,    1484360 total
- age   3:     893776 bytes,    2378136 total
- age   4:     221784 bytes,    2599920 total
- age   5:      13016 bytes,    2612936 total
- age   6:      44048 bytes,    2656984 total
- age   7:     306536 bytes,    2963520 total
: 90934K->3314K(109248K), 0.0029200 secs] 221690K->134070K(502464K), 0.0030116 secs] [Times: user=0.00 sys=0.00, real=0.00 secs] 
Heap after GC invocations=155 (full 3):
 par new generation   total 109248K, used 3314K [0x00000000e0000000, 0x00000000e8000000, 0x00000000e8000000)
  eden space 87424K,   0% used [0x00000000e0000000, 0x00000000e0000000, 0x00000000e5560000)
  from space 21824K,  15% used [0x00000000e6ab0000, 0x00000000e6deca20, 0x00000000e8000000)
  to   space 21824K,   0% used [0x00000000e5560000, 0x00000000e5560000, 0x00000000e6ab0000)
 concurrent mark-sweep generation total 393216K, used 130756K [0x00000000e8000000, 0x0000000100000000, 0x0000000100000000)
 Metaspace       used 48890K, capacity 49482K, committed 49656K, reserved 1093632K
  class space    used 5247K, capacity 5412K, committed 5420K, reserved 1048576K
}
2016-06-21T12:35:34.242+0100: 12936.550: Total time for which application threads were stopped: 0.0033124 seconds, Stopping threads took: 0.0000312 seconds
{Heap before GC invocations=155 (full 3):
 par new generation   total 109248K, used 90738K [0x00000000e0000000, 0x00000000e8000000, 0x00000000e8000000)
  eden space 87424K, 100% used [0x00000000e0000000, 0x00000000e5560000, 0x00000000e5560000)
  from space 21824K,  15% used [0x00000000e6ab0000, 0x00000000e6deca20, 0x00000000e8000000)
  to   space 21824K,   0% used [0x00000000e5560000, 0x00000000e5560000, 0x00000000e6ab0000)
 concurrent mark-sweep generation total 393216K, used 130756K [0x00000000e8000000, 0x0000000100000000, 0x0000000100000000)
 Metaspace       used 48890K, capacity 49482K, committed 49656K, reserved 1093632K
  class space    used 5247K, capacity 5412K, committed 5420K, reserved 1048576K
2016-06-21T12:35:34.597+0100: 12936.906: [GC (Allocation Failure) 2016-06-21T12:35:34.597+0100: 12936.906: [ParNew
Desired survivor size 20112992 bytes, new threshold 8 (max 8)
- age   1:     736272 bytes,     736272 total
- age   2:     140984 bytes,     877256 total
- age   3:      25504 bytes,     902760 total
- age   4:     893776 bytes,    1796536 total
- age   5:     221784 bytes,    2018320 total
- age   6:      13016 bytes,    2031336 total
- age   7:      44048 bytes,    2075384 total
- age   8:     306536 bytes,    2381920 total
: 90738K->2986K(109248K), 0.0024329 secs] 221494K->133742K(502464K), 0.0025225 secs] [Times: user=0.00 sys=0.00, real=0.00 secs] 
Heap after GC invocations=156 (full 3):
 par new generation   total 109248K, used 2986K [0x00000000e0000000, 0x00000000e8000000, 0x00000000e8000000)
  eden space 87424K,   0% used [0x00000000e0000000, 0x00000000e0000000, 0x00000000e5560000)
  from space 21824K,  13% used [0x00000000e5560000, 0x00000000e584aa60, 0x00000000e6ab0000)
  to   space 21824K,   0% used [0x00000000e6ab0000, 0x00000000e6ab0000, 0x00000000e8000000)
 concurrent mark-sweep generation total 393216K, used 130756K [0x00000000e8000000, 0x0000000100000000, 0x0000000100000000)
 Metaspace       used 48890K, capacity 49482K, committed 49656K, reserved 1093632K
  class space    used 5247K, capacity 5412K, committed 5420K, reserved 1048576K
}
2016-06-21T12:35:34.600+0100: 12936.908: Total time for which application threads were stopped: 0.0028103 seconds, Stopping threads took: 0.0000399 seconds
{Heap before GC invocations=156 (full 3):
 par new generation   total 109248K, used 90410K [0x00000000e0000000, 0x00000000e8000000, 0x00000000e8000000)
  eden space 87424K, 100% used [0x00000000e0000000, 0x00000000e5560000, 0x00000000e5560000)
  from space 21824K,  13% used [0x00000000e5560000, 0x00000000e584aa60, 0x00000000e6ab0000)
  to   space 21824K,   0% used [0x00000000e6ab0000, 0x00000000e6ab0000, 0x00000000e8000000)
 concurrent mark-sweep generation total 393216K, used 130756K [0x00000000e8000000, 0x0000000100000000, 0x0000000100000000)
 Metaspace       used 48890K, capacity 49482K, committed 49656K, reserved 1093632K
  class space    used 5247K, capacity 5412K, committed 5420K, reserved 1048576K
2016-06-21T12:35:34.788+0100: 12937.096: [GC (Allocation Failure) 2016-06-21T12:35:34.788+0100: 12937.096: [ParNew
Desired survivor size 20112992 bytes, new threshold 8 (max 8)
- age   1:    1426064 bytes,    1426064 total
- age   2:      43880 bytes,    1469944 total
- age   3:     140984 bytes,    1610928 total
- age   4:      25504 bytes,    1636432 total
- age   5:     893776 bytes,    2530208 total
- age   6:     221784 bytes,    2751992 total
- age   7:      13016 bytes,    2765008 total
- age   8:      44048 bytes,    2809056 total
: 90410K->3366K(109248K), 0.0034293 secs] 221166K->134421K(502464K), 0.0035236 secs] [Times: user=0.00 sys=0.00, real=0.00 secs] 
Heap after GC invocations=157 (full 3):
 par new generation   total 109248K, used 3366K [0x00000000e0000000, 0x00000000e8000000, 0x00000000e8000000)
  eden space 87424K,   0% used [0x00000000e0000000, 0x00000000e0000000, 0x00000000e5560000)
  from space 21824K,  15% used [0x00000000e6ab0000, 0x00000000e6df9830, 0x00000000e8000000)
  to   space 21824K,   0% used [0x00000000e5560000, 0x00000000e5560000, 0x00000000e6ab0000)
 concurrent mark-sweep generation total 393216K, used 131055K [0x00000000e8000000, 0x0000000100000000, 0x0000000100000000)
 Metaspace       used 48890K, capacity 49482K, committed 49656K, reserved 1093632K
  class space    used 5247K, capacity 5412K, committed 5420K, reserved 1048576K
}
2016-06-21T12:35:34.792+0100: 12937.100: Total time for which application threads were stopped: 0.0037841 seconds, Stopping threads took: 0.0000359 seconds
{Heap before GC invocations=157 (full 3):
 par new generation   total 109248K, used 90790K [0x00000000e0000000, 0x00000000e8000000, 0x00000000e8000000)
  eden space 87424K, 100% used [0x00000000e0000000, 0x00000000e5560000, 0x00000000e5560000)
  from space 21824K,  15% used [0x00000000e6ab0000, 0x00000000e6df9830, 0x00000000e8000000)
  to   space 21824K,   0% used [0x00000000e5560000, 0x00000000e5560000, 0x00000000e6ab0000)
 concurrent mark-sweep generation total 393216K, used 131055K [0x00000000e8000000, 0x0000000100000000, 0x0000000100000000)
 Metaspace       used 48890K, capacity 49482K, committed 49656K, reserved 1093632K
  class space    used 5247K, capacity 5412K, committed 5420K, reserved 1048576K
2016-06-21T12:35:34.964+0100: 12937.272: [GC (Allocation Failure) 2016-06-21T12:35:34.964+0100: 12937.272: [ParNew
Desired survivor size 20112992 bytes, new threshold 8 (max 8)
- age   1:    2946600 bytes,    2946600 total
- age   2:      28680 bytes,    2975280 total
- age   3:      43880 bytes,    3019160 total
- age   4:     140984 bytes,    3160144 total
- age   5:      25504 bytes,    3185648 total
- age   6:     172864 bytes,    3358512 total
- age   7:     221784 bytes,    3580296 total
- age   8:      13016 bytes,    3593312 total
: 90790K->3985K(109248K), 0.0033629 secs] 221845K->135084K(502464K), 0.0034589 secs] [Times: user=0.00 sys=0.00, real=0.00 secs] 
Heap after GC invocations=158 (full 3):
 par new generation   total 109248K, used 3985K [0x00000000e0000000, 0x00000000e8000000, 0x00000000e8000000)
  eden space 87424K,   0% used [0x00000000e0000000, 0x00000000e0000000, 0x00000000e5560000)
  from space 21824K,  18% used [0x00000000e5560000, 0x00000000e59444d0, 0x00000000e6ab0000)
  to   space 21824K,   0% used [0x00000000e6ab0000, 0x00000000e6ab0000, 0x00000000e8000000)
 concurrent mark-sweep generation total 393216K, used 131098K [0x00000000e8000000, 0x0000000100000000, 0x0000000100000000)
 Metaspace       used 48890K, capacity 49482K, committed 49656K, reserved 1093632K
  class space    used 5247K, capacity 5412K, committed 5420K, reserved 1048576K
}
2016-06-21T12:35:34.967+0100: 12937.276: Total time for which application threads were stopped: 0.0038007 seconds, Stopping threads took: 0.0000604 seconds
{Heap before GC invocations=158 (full 3):
 par new generation   total 109248K, used 91409K [0x00000000e0000000, 0x00000000e8000000, 0x00000000e8000000)
  eden space 87424K, 100% used [0x00000000e0000000, 0x00000000e5560000, 0x00000000e5560000)
  from space 21824K,  18% used [0x00000000e5560000, 0x00000000e59444d0, 0x00000000e6ab0000)
  to   space 21824K,   0% used [0x00000000e6ab0000, 0x00000000e6ab0000, 0x00000000e8000000)
 concurrent mark-sweep generation total 393216K, used 131098K [0x00000000e8000000, 0x0000000100000000, 0x0000000100000000)
 Metaspace       used 48890K, capacity 49482K, committed 49656K, reserved 1093632K
  class space    used 5247K, capacity 5412K, committed 5420K, reserved 1048576K
2016-06-21T12:35:35.184+0100: 12937.493: [GC (Allocation Failure) 2016-06-21T12:35:35.184+0100: 12937.493: [ParNew
Desired survivor size 20112992 bytes, new threshold 8 (max 8)
- age   1:    1852760 bytes,    1852760 total
- age   2:    1518936 bytes,    3371696 total
- age   3:      28680 bytes,    3400376 total
- age   4:      43880 bytes,    3444256 total
- age   5:     140984 bytes,    3585240 total
- age   6:      25504 bytes,    3610744 total
- age   7:     172864 bytes,    3783608 total
- age   8:     221784 bytes,    4005392 total
: 91409K->4616K(109248K), 0.0037174 secs] 222508K->135728K(502464K), 0.0038035 secs] [Times: user=0.06 sys=0.00, real=0.00 secs] 
Heap after GC invocations=159 (full 3):
 par new generation   total 109248K, used 4616K [0x00000000e0000000, 0x00000000e8000000, 0x00000000e8000000)
  eden space 87424K,   0% used [0x00000000e0000000, 0x00000000e0000000, 0x00000000e5560000)
  from space 21824K,  21% used [0x00000000e6ab0000, 0x00000000e6f32220, 0x00000000e8000000)
  to   space 21824K,   0% used [0x00000000e5560000, 0x00000000e5560000, 0x00000000e6ab0000)
 concurrent mark-sweep generation total 393216K, used 131112K [0x00000000e8000000, 0x0000000100000000, 0x0000000100000000)
 Metaspace       used 48890K, capacity 49482K, committed 49656K, reserved 1093632K
  class space    used 5247K, capacity 5412K, committed 5420K, reserved 1048576K
}
2016-06-21T12:35:35.188+0100: 12937.497: Total time for which application threads were stopped: 0.0040703 seconds, Stopping threads took: 0.0000296 seconds
{Heap before GC invocations=159 (full 3):
 par new generation   total 109248K, used 92040K [0x00000000e0000000, 0x00000000e8000000, 0x00000000e8000000)
  eden space 87424K, 100% used [0x00000000e0000000, 0x00000000e5560000, 0x00000000e5560000)
  from space 21824K,  21% used [0x00000000e6ab0000, 0x00000000e6f32220, 0x00000000e8000000)
  to   space 21824K,   0% used [0x00000000e5560000, 0x00000000e5560000, 0x00000000e6ab0000)
 concurrent mark-sweep generation total 393216K, used 131112K [0x00000000e8000000, 0x0000000100000000, 0x0000000100000000)
 Metaspace       used 48890K, capacity 49482K, committed 49656K, reserved 1093632K
  class space    used 5247K, capacity 5412K, committed 5420K, reserved 1048576K
2016-06-21T12:35:35.377+0100: 12937.686: [GC (Allocation Failure) 2016-06-21T12:35:35.377+0100: 12937.686: [ParNew
Desired survivor size 20112992 bytes, new threshold 8 (max 8)
- age   1:    1449376 bytes,    1449376 total
- age   2:     173584 bytes,    1622960 total
- age   3:    1518936 bytes,    3141896 total
- age   4:      28680 bytes,    3170576 total
- age   5:      43880 bytes,    3214456 total
- age   6:     140984 bytes,    3355440 total
- age   7:      25504 bytes,    3380944 total
- age   8:     172864 bytes,    3553808 total
: 92040K->3744K(109248K), 0.0037028 secs] 223152K->135072K(502464K), 0.0037881 secs] [Times: user=0.00 sys=0.00, real=0.00 secs] 
Heap after GC invocations=160 (full 3):
 par new generation   total 109248K, used 3744K [0x00000000e0000000, 0x00000000e8000000, 0x00000000e8000000)
  eden space 87424K,   0% used [0x00000000e0000000, 0x00000000e0000000, 0x00000000e5560000)
  from space 21824K,  17% used [0x00000000e5560000, 0x00000000e5908030, 0x00000000e6ab0000)
  to   space 21824K,   0% used [0x00000000e6ab0000, 0x00000000e6ab0000, 0x00000000e8000000)
 concurrent mark-sweep generation total 393216K, used 131328K [0x00000000e8000000, 0x0000000100000000, 0x0000000100000000)
 Metaspace       used 48890K, capacity 49482K, committed 49656K, reserved 1093632K
  class space    used 5247K, capacity 5412K, committed 5420K, reserved 1048576K
}
2016-06-21T12:35:35.381+0100: 12937.689: Total time for which application threads were stopped: 0.0040652 seconds, Stopping threads took: 0.0000359 seconds
{Heap before GC invocations=160 (full 3):
 par new generation   total 109248K, used 91168K [0x00000000e0000000, 0x00000000e8000000, 0x00000000e8000000)
  eden space 87424K, 100% used [0x00000000e0000000, 0x00000000e5560000, 0x00000000e5560000)
  from space 21824K,  17% used [0x00000000e5560000, 0x00000000e5908030, 0x00000000e6ab0000)
  to   space 21824K,   0% used [0x00000000e6ab0000, 0x00000000e6ab0000, 0x00000000e8000000)
 concurrent mark-sweep generation total 393216K, used 131328K [0x00000000e8000000, 0x0000000100000000, 0x0000000100000000)
 Metaspace       used 48890K, capacity 49482K, committed 49656K, reserved 1093632K
  class space    used 5247K, capacity 5412K, committed 5420K, reserved 1048576K
2016-06-21T12:35:35.541+0100: 12937.849: [GC (Allocation Failure) 2016-06-21T12:35:35.541+0100: 12937.850: [ParNew
Desired survivor size 20112992 bytes, new threshold 8 (max 8)
- age   1:     994856 bytes,     994856 total
- age   2:      27960 bytes,    1022816 total
- age   3:     173584 bytes,    1196400 total
- age   4:    1518936 bytes,    2715336 total
- age   5:      28680 bytes,    2744016 total
- age   6:      43880 bytes,    2787896 total
- age   7:     140984 bytes,    2928880 total
- age   8:      25504 bytes,    2954384 total
: 91168K->3538K(109248K), 0.0023974 secs] 222496K->135036K(502464K), 0.0024870 secs] [Times: user=0.00 sys=0.00, real=0.00 secs] 
Heap after GC invocations=161 (full 3):
 par new generation   total 109248K, used 3538K [0x00000000e0000000, 0x00000000e8000000, 0x00000000e8000000)
  eden space 87424K,   0% used [0x00000000e0000000, 0x00000000e0000000, 0x00000000e5560000)
  from space 21824K,  16% used [0x00000000e6ab0000, 0x00000000e6e24b70, 0x00000000e8000000)
  to   space 21824K,   0% used [0x00000000e5560000, 0x00000000e5560000, 0x00000000e6ab0000)
 concurrent mark-sweep generation total 393216K, used 131497K [0x00000000e8000000, 0x0000000100000000, 0x0000000100000000)
 Metaspace       used 48890K, capacity 49482K, committed 49656K, reserved 1093632K
  class space    used 5247K, capacity 5412K, committed 5420K, reserved 1048576K
}
2016-06-21T12:35:35.544+0100: 12937.852: Total time for which application threads were stopped: 0.0027546 seconds, Stopping threads took: 0.0000316 seconds
{Heap before GC invocations=161 (full 3):
 par new generation   total 109248K, used 90962K [0x00000000e0000000, 0x00000000e8000000, 0x00000000e8000000)
  eden space 87424K, 100% used [0x00000000e0000000, 0x00000000e5560000, 0x00000000e5560000)
  from space 21824K,  16% used [0x00000000e6ab0000, 0x00000000e6e24b70, 0x00000000e8000000)
  to   space 21824K,   0% used [0x00000000e5560000, 0x00000000e5560000, 0x00000000e6ab0000)
 concurrent mark-sweep generation total 393216K, used 131497K [0x00000000e8000000, 0x0000000100000000, 0x0000000100000000)
 Metaspace       used 48890K, capacity 49482K, committed 49656K, reserved 1093632K
  class space    used 5247K, capacity 5412K, committed 5420K, reserved 1048576K
2016-06-21T12:35:35.648+0100: 12937.956: [GC (Allocation Failure) 2016-06-21T12:35:35.648+0100: 12937.956: [ParNew
Desired survivor size 20112992 bytes, new threshold 8 (max 8)
- age   1:    1810904 bytes,    1810904 total
- age   2:     402320 bytes,    2213224 total
- age   3:      27960 bytes,    2241184 total
- age   4:     173584 bytes,    2414768 total
- age   5:    1518936 bytes,    3933704 total
- age   6:      28680 bytes,    3962384 total
- age   7:      43880 bytes,    4006264 total
- age   8:     140984 bytes,    4147248 total
: 90962K->4396K(109248K), 0.0033361 secs] 222460K->135919K(502464K), 0.0034162 secs] [Times: user=0.00 sys=0.00, real=0.00 secs] 
Heap after GC invocations=162 (full 3):
 par new generation   total 109248K, used 4396K [0x00000000e0000000, 0x00000000e8000000, 0x00000000e8000000)
  eden space 87424K,   0% used [0x00000000e0000000, 0x00000000e0000000, 0x00000000e5560000)
  from space 21824K,  20% used [0x00000000e5560000, 0x00000000e59ab148, 0x00000000e6ab0000)
  to   space 21824K,   0% used [0x00000000e6ab0000, 0x00000000e6ab0000, 0x00000000e8000000)
 concurrent mark-sweep generation total 393216K, used 131522K [0x00000000e8000000, 0x0000000100000000, 0x0000000100000000)
 Metaspace       used 48890K, capacity 49482K, committed 49656K, reserved 1093632K
  class space    used 5247K, capacity 5412K, committed 5420K, reserved 1048576K
}
2016-06-21T12:35:35.651+0100: 12937.960: Total time for which application threads were stopped: 0.0036448 seconds, Stopping threads took: 0.0000355 seconds
{Heap before GC invocations=162 (full 3):
 par new generation   total 109248K, used 91820K [0x00000000e0000000, 0x00000000e8000000, 0x00000000e8000000)
  eden space 87424K, 100% used [0x00000000e0000000, 0x00000000e5560000, 0x00000000e5560000)
  from space 21824K,  20% used [0x00000000e5560000, 0x00000000e59ab148, 0x00000000e6ab0000)
  to   space 21824K,   0% used [0x00000000e6ab0000, 0x00000000e6ab0000, 0x00000000e8000000)
 concurrent mark-sweep generation total 393216K, used 131522K [0x00000000e8000000, 0x0000000100000000, 0x0000000100000000)
 Metaspace       used 48890K, capacity 49482K, committed 49656K, reserved 1093632K
  class space    used 5247K, capacity 5412K, committed 5420K, reserved 1048576K
2016-06-21T12:35:35.787+0100: 12938.096: [GC (Allocation Failure) 2016-06-21T12:35:35.787+0100: 12938.096: [ParNew
Desired survivor size 20112992 bytes, new threshold 8 (max 8)
- age   1:     310032 bytes,     310032 total
- age   2:     141584 bytes,     451616 total
- age   3:     418720 bytes,     870336 total
- age   4:      27960 bytes,     898296 total
- age   5:     173584 bytes,    1071880 total
- age   6:    1518936 bytes,    2590816 total
- age   7:      28680 bytes,    2619496 total
- age   8:      43880 bytes,    2663376 total
: 91820K->4224K(109248K), 0.0021791 secs] 223343K->135885K(502464K), 0.0022553 secs] [Times: user=0.00 sys=0.00, real=0.00 secs] 
Heap after GC invocations=163 (full 3):
 par new generation   total 109248K, used 4224K [0x00000000e0000000, 0x00000000e8000000, 0x00000000e8000000)
  eden space 87424K,   0% used [0x00000000e0000000, 0x00000000e0000000, 0x00000000e5560000)
  from space 21824K,  19% used [0x00000000e6ab0000, 0x00000000e6ed0228, 0x00000000e8000000)
  to   space 21824K,   0% used [0x00000000e5560000, 0x00000000e5560000, 0x00000000e6ab0000)
 concurrent mark-sweep generation total 393216K, used 131660K [0x00000000e8000000, 0x0000000100000000, 0x0000000100000000)
 Metaspace       used 48890K, capacity 49482K, committed 49656K, reserved 1093632K
  class space    used 5247K, capacity 5412K, committed 5420K, reserved 1048576K
}
2016-06-21T12:35:35.789+0100: 12938.098: Total time for which application threads were stopped: 0.0024818 seconds, Stopping threads took: 0.0000328 seconds
{Heap before GC invocations=163 (full 3):
 par new generation   total 109248K, used 91648K [0x00000000e0000000, 0x00000000e8000000, 0x00000000e8000000)
  eden space 87424K, 100% used [0x00000000e0000000, 0x00000000e5560000, 0x00000000e5560000)
  from space 21824K,  19% used [0x00000000e6ab0000, 0x00000000e6ed0228, 0x00000000e8000000)
  to   space 21824K,   0% used [0x00000000e5560000, 0x00000000e5560000, 0x00000000e6ab0000)
 concurrent mark-sweep generation total 393216K, used 131660K [0x00000000e8000000, 0x0000000100000000, 0x0000000100000000)
 Metaspace       used 48890K, capacity 49482K, committed 49656K, reserved 1093632K
  class space    used 5247K, capacity 5412K, committed 5420K, reserved 1048576K
2016-06-21T12:35:35.893+0100: 12938.201: [GC (Allocation Failure) 2016-06-21T12:35:35.893+0100: 12938.201: [ParNew
Desired survivor size 20112992 bytes, new threshold 8 (max 8)
- age   1:    1525536 bytes,    1525536 total
- age   2:      58496 bytes,    1584032 total
- age   3:     141544 bytes,    1725576 total
- age   4:     418720 bytes,    2144296 total
- age   5:      27960 bytes,    2172256 total
- age   6:     173584 bytes,    2345840 total
- age   7:    1518936 bytes,    3864776 total
- age   8:      28680 bytes,    3893456 total
: 91648K->4182K(109248K), 0.0030542 secs] 223309K->135886K(502464K), 0.0031288 secs] [Times: user=0.00 sys=0.00, real=0.00 secs] 
Heap after GC invocations=164 (full 3):
 par new generation   total 109248K, used 4182K [0x00000000e0000000, 0x00000000e8000000, 0x00000000e8000000)
  eden space 87424K,   0% used [0x00000000e0000000, 0x00000000e0000000, 0x00000000e5560000)
  from space 21824K,  19% used [0x00000000e5560000, 0x00000000e5975940, 0x00000000e6ab0000)
  to   space 21824K,   0% used [0x00000000e6ab0000, 0x00000000e6ab0000, 0x00000000e8000000)
 concurrent mark-sweep generation total 393216K, used 131704K [0x00000000e8000000, 0x0000000100000000, 0x0000000100000000)
 Metaspace       used 48890K, capacity 49482K, committed 49656K, reserved 1093632K
  class space    used 5247K, capacity 5412K, committed 5420K, reserved 1048576K
}
2016-06-21T12:35:35.896+0100: 12938.205: Total time for which application threads were stopped: 0.0033854 seconds, Stopping threads took: 0.0000292 seconds
{Heap before GC invocations=164 (full 3):
 par new generation   total 109248K, used 91606K [0x00000000e0000000, 0x00000000e8000000, 0x00000000e8000000)
  eden space 87424K, 100% used [0x00000000e0000000, 0x00000000e5560000, 0x00000000e5560000)
  from space 21824K,  19% used [0x00000000e5560000, 0x00000000e5975940, 0x00000000e6ab0000)
  to   space 21824K,   0% used [0x00000000e6ab0000, 0x00000000e6ab0000, 0x00000000e8000000)
 concurrent mark-sweep generation total 393216K, used 131704K [0x00000000e8000000, 0x0000000100000000, 0x0000000100000000)
 Metaspace       used 48890K, capacity 49482K, committed 49656K, reserved 1093632K
  class space    used 5247K, capacity 5412K, committed 5420K, reserved 1048576K
2016-06-21T12:35:36.038+0100: 12938.346: [GC (Allocation Failure) 2016-06-21T12:35:36.038+0100: 12938.346: [ParNew
Desired survivor size 20112992 bytes, new threshold 8 (max 8)
- age   1:     241256 bytes,     241256 total
- age   2:      42936 bytes,     284192 total
- age   3:      58496 bytes,     342688 total
- age   4:     141544 bytes,     484232 total
- age   5:     402320 bytes,     886552 total
- age   6:      27960 bytes,     914512 total
- age   7:     173584 bytes,    1088096 total
- age   8:    1518936 bytes,    2607032 total
: 91606K->3868K(109248K), 0.0022126 secs] 223310K->135601K(502464K), 0.0022896 secs] [Times: user=0.00 sys=0.00, real=0.00 secs] 
Heap after GC invocations=165 (full 3):
 par new generation   total 109248K, used 3868K [0x00000000e0000000, 0x00000000e8000000, 0x00000000e8000000)
  eden space 87424K,   0% used [0x00000000e0000000, 0x00000000e0000000, 0x00000000e5560000)
  from space 21824K,  17% used [0x00000000e6ab0000, 0x00000000e6e77308, 0x00000000e8000000)
  to   space 21824K,   0% used [0x00000000e5560000, 0x00000000e5560000, 0x00000000e6ab0000)
 concurrent mark-sweep generation total 393216K, used 131732K [0x00000000e8000000, 0x0000000100000000, 0x0000000100000000)
 Metaspace       used 48890K, capacity 49482K, committed 49656K, reserved 1093632K
  class space    used 5247K, capacity 5412K, committed 5420K, reserved 1048576K
}
2016-06-21T12:35:36.040+0100: 12938.349: Total time for which application threads were stopped: 0.0025130 seconds, Stopping threads took: 0.0000241 seconds
{Heap before GC invocations=165 (full 3):
 par new generation   total 109248K, used 91292K [0x00000000e0000000, 0x00000000e8000000, 0x00000000e8000000)
  eden space 87424K, 100% used [0x00000000e0000000, 0x00000000e5560000, 0x00000000e5560000)
  from space 21824K,  17% used [0x00000000e6ab0000, 0x00000000e6e77308, 0x00000000e8000000)
  to   space 21824K,   0% used [0x00000000e5560000, 0x00000000e5560000, 0x00000000e6ab0000)
 concurrent mark-sweep generation total 393216K, used 131732K [0x00000000e8000000, 0x0000000100000000, 0x0000000100000000)
 Metaspace       used 48890K, capacity 49482K, committed 49656K, reserved 1093632K
  class space    used 5247K, capacity 5412K, committed 5420K, reserved 1048576K
2016-06-21T12:35:36.148+0100: 12938.456: [GC (Allocation Failure) 2016-06-21T12:35:36.148+0100: 12938.457: [ParNew
Desired survivor size 20112992 bytes, new threshold 8 (max 8)
- age   1:     778720 bytes,     778720 total
- age   2:      13304 bytes,     792024 total
- age   3:      42936 bytes,     834960 total
- age   4:      58496 bytes,     893456 total
- age   5:     141544 bytes,    1035000 total
- age   6:     418720 bytes,    1453720 total
- age   7:      27960 bytes,    1481680 total
- age   8:     173584 bytes,    1655264 total
: 91292K->1827K(109248K), 0.0046921 secs] 223025K->135043K(502464K), 0.0047647 secs] [Times: user=0.00 sys=0.00, real=0.01 secs] 
Heap after GC invocations=166 (full 3):
 par new generation   total 109248K, used 1827K [0x00000000e0000000, 0x00000000e8000000, 0x00000000e8000000)
  eden space 87424K,   0% used [0x00000000e0000000, 0x00000000e0000000, 0x00000000e5560000)
  from space 21824K,   8% used [0x00000000e5560000, 0x00000000e5728f10, 0x00000000e6ab0000)
  to   space 21824K,   0% used [0x00000000e6ab0000, 0x00000000e6ab0000, 0x00000000e8000000)
 concurrent mark-sweep generation total 393216K, used 133215K [0x00000000e8000000, 0x0000000100000000, 0x0000000100000000)
 Metaspace       used 48890K, capacity 49482K, committed 49656K, reserved 1093632K
  class space    used 5247K, capacity 5412K, committed 5420K, reserved 1048576K
}
2016-06-21T12:35:36.153+0100: 12938.461: Total time for which application threads were stopped: 0.0049854 seconds, Stopping threads took: 0.0000229 seconds
{Heap before GC invocations=166 (full 3):
 par new generation   total 109248K, used 89251K [0x00000000e0000000, 0x00000000e8000000, 0x00000000e8000000)
  eden space 87424K, 100% used [0x00000000e0000000, 0x00000000e5560000, 0x00000000e5560000)
  from space 21824K,   8% used [0x00000000e5560000, 0x00000000e5728f10, 0x00000000e6ab0000)
  to   space 21824K,   0% used [0x00000000e6ab0000, 0x00000000e6ab0000, 0x00000000e8000000)
 concurrent mark-sweep generation total 393216K, used 133215K [0x00000000e8000000, 0x0000000100000000, 0x0000000100000000)
 Metaspace       used 48890K, capacity 49482K, committed 49656K, reserved 1093632K
  class space    used 5247K, capacity 5412K, committed 5420K, reserved 1048576K
2016-06-21T12:35:36.290+0100: 12938.599: [GC (Allocation Failure) 2016-06-21T12:35:36.290+0100: 12938.599: [ParNew
Desired survivor size 20112992 bytes, new threshold 8 (max 8)
- age   1:    1798112 bytes,    1798112 total
- age   2:     125160 bytes,    1923272 total
- age   3:      13304 bytes,    1936576 total
- age   4:      42936 bytes,    1979512 total
- age   5:      58496 bytes,    2038008 total
- age   6:     141544 bytes,    2179552 total
- age   7:     402320 bytes,    2581872 total
- age   8:      27960 bytes,    2609832 total
: 89251K->3654K(109248K), 0.0045152 secs] 222467K->137039K(502464K), 0.0046021 secs] [Times: user=0.00 sys=0.00, real=0.01 secs] 
Heap after GC invocations=167 (full 3):
 par new generation   total 109248K, used 3654K [0x00000000e0000000, 0x00000000e8000000, 0x00000000e8000000)
  eden space 87424K,   0% used [0x00000000e0000000, 0x00000000e0000000, 0x00000000e5560000)
  from space 21824K,  16% used [0x00000000e6ab0000, 0x00000000e6e41840, 0x00000000e8000000)
  to   space 21824K,   0% used [0x00000000e5560000, 0x00000000e5560000, 0x00000000e6ab0000)
 concurrent mark-sweep generation total 393216K, used 133385K [0x00000000e8000000, 0x0000000100000000, 0x0000000100000000)
 Metaspace       used 48890K, capacity 49482K, committed 49656K, reserved 1093632K
  class space    used 5247K, capacity 5412K, committed 5420K, reserved 1048576K
}
2016-06-21T12:35:36.295+0100: 12938.604: Total time for which application threads were stopped: 0.0048630 seconds, Stopping threads took: 0.0000300 seconds
{Heap before GC invocations=167 (full 3):
 par new generation   total 109248K, used 91078K [0x00000000e0000000, 0x00000000e8000000, 0x00000000e8000000)
  eden space 87424K, 100% used [0x00000000e0000000, 0x00000000e5560000, 0x00000000e5560000)
  from space 21824K,  16% used [0x00000000e6ab0000, 0x00000000e6e41840, 0x00000000e8000000)
  to   space 21824K,   0% used [0x00000000e5560000, 0x00000000e5560000, 0x00000000e6ab0000)
 concurrent mark-sweep generation total 393216K, used 133385K [0x00000000e8000000, 0x0000000100000000, 0x0000000100000000)
 Metaspace       used 48890K, capacity 49482K, committed 49656K, reserved 1093632K
  class space    used 5247K, capacity 5412K, committed 5420K, reserved 1048576K
2016-06-21T12:35:36.406+0100: 12938.715: [GC (Allocation Failure) 2016-06-21T12:35:36.406+0100: 12938.715: [ParNew
Desired survivor size 20112992 bytes, new threshold 8 (max 8)
- age   1:     927600 bytes,     927600 total
- age   2:      26912 bytes,     954512 total
- age   3:     125160 bytes,    1079672 total
- age   4:      13304 bytes,    1092976 total
- age   5:      42936 bytes,    1135912 total
- age   6:      58496 bytes,    1194408 total
- age   7:     141544 bytes,    1335952 total
- age   8:     418720 bytes,    1754672 total
: 91078K->2575K(109248K), 0.0026694 secs] 224463K->135989K(502464K), 0.0027444 secs] [Times: user=0.00 sys=0.00, real=0.00 secs] 
Heap after GC invocations=168 (full 3):
 par new generation   total 109248K, used 2575K [0x00000000e0000000, 0x00000000e8000000, 0x00000000e8000000)
  eden space 87424K,   0% used [0x00000000e0000000, 0x00000000e0000000, 0x00000000e5560000)
  from space 21824K,  11% used [0x00000000e5560000, 0x00000000e57e3ec0, 0x00000000e6ab0000)
  to   space 21824K,   0% used [0x00000000e6ab0000, 0x00000000e6ab0000, 0x00000000e8000000)
 concurrent mark-sweep generation total 393216K, used 133413K [0x00000000e8000000, 0x0000000100000000, 0x0000000100000000)
 Metaspace       used 48890K, capacity 49482K, committed 49656K, reserved 1093632K
  class space    used 5247K, capacity 5412K, committed 5420K, reserved 1048576K
}
2016-06-21T12:35:36.409+0100: 12938.718: Total time for which application threads were stopped: 0.0030365 seconds, Stopping threads took: 0.0000489 seconds
{Heap before GC invocations=168 (full 3):
 par new generation   total 109248K, used 89999K [0x00000000e0000000, 0x00000000e8000000, 0x00000000e8000000)
  eden space 87424K, 100% used [0x00000000e0000000, 0x00000000e5560000, 0x00000000e5560000)
  from space 21824K,  11% used [0x00000000e5560000, 0x00000000e57e3ec0, 0x00000000e6ab0000)
  to   space 21824K,   0% used [0x00000000e6ab0000, 0x00000000e6ab0000, 0x00000000e8000000)
 concurrent mark-sweep generation total 393216K, used 133413K [0x00000000e8000000, 0x0000000100000000, 0x0000000100000000)
 Metaspace       used 48890K, capacity 49482K, committed 49656K, reserved 1093632K
  class space    used 5247K, capacity 5412K, committed 5420K, reserved 1048576K
2016-06-21T12:35:36.531+0100: 12938.840: [GC (Allocation Failure) 2016-06-21T12:35:36.531+0100: 12938.840: [ParNew
Desired survivor size 20112992 bytes, new threshold 8 (max 8)
- age   1:    3275520 bytes,    3275520 total
- age   2:      11840 bytes,    3287360 total
- age   3:      26912 bytes,    3314272 total
- age   4:     125160 bytes,    3439432 total
- age   5:      13304 bytes,    3452736 total
- age   6:      42936 bytes,    3495672 total
- age   7:      58496 bytes,    3554168 total
- age   8:     141544 bytes,    3695712 total
: 89999K->3748K(109248K), 0.0022943 secs] 223413K->137555K(502464K), 0.0024191 secs] [Times: user=0.00 sys=0.00, real=0.00 secs] 
Heap after GC invocations=169 (full 3):
 par new generation   total 109248K, used 3748K [0x00000000e0000000, 0x00000000e8000000, 0x00000000e8000000)
  eden space 87424K,   0% used [0x00000000e0000000, 0x00000000e0000000, 0x00000000e5560000)
  from space 21824K,  17% used [0x00000000e6ab0000, 0x00000000e6e59350, 0x00000000e8000000)
  to   space 21824K,   0% used [0x00000000e5560000, 0x00000000e5560000, 0x00000000e6ab0000)
 concurrent mark-sweep generation total 393216K, used 133806K [0x00000000e8000000, 0x0000000100000000, 0x0000000100000000)
 Metaspace       used 48890K, capacity 49482K, committed 49656K, reserved 1093632K
  class space    used 5247K, capacity 5412K, committed 5420K, reserved 1048576K
}
2016-06-21T12:35:36.534+0100: 12938.842: Total time for which application threads were stopped: 0.0025975 seconds, Stopping threads took: 0.0000209 seconds
{Heap before GC invocations=169 (full 3):
 par new generation   total 109248K, used 91172K [0x00000000e0000000, 0x00000000e8000000, 0x00000000e8000000)
  eden space 87424K, 100% used [0x00000000e0000000, 0x00000000e5560000, 0x00000000e5560000)
  from space 21824K,  17% used [0x00000000e6ab0000, 0x00000000e6e59350, 0x00000000e8000000)
  to   space 21824K,   0% used [0x00000000e5560000, 0x00000000e5560000, 0x00000000e6ab0000)
 concurrent mark-sweep generation total 393216K, used 133806K [0x00000000e8000000, 0x0000000100000000, 0x0000000100000000)
 Metaspace       used 48890K, capacity 49482K, committed 49656K, reserved 1093632K
  class space    used 5248K, capacity 5412K, committed 5420K, reserved 1048576K
2016-06-21T12:35:36.724+0100: 12939.033: [GC (Allocation Failure) 2016-06-21T12:35:36.724+0100: 12939.033: [ParNew
Desired survivor size 20112992 bytes, new threshold 8 (max 8)
- age   1:    1007032 bytes,    1007032 total
- age   2:    3090616 bytes,    4097648 total
- age   3:      11840 bytes,    4109488 total
- age   4:      26912 bytes,    4136400 total
- age   5:     125160 bytes,    4261560 total
- age   6:      13304 bytes,    4274864 total
- age   7:      42936 bytes,    4317800 total
- age   8:      58496 bytes,    4376296 total
: 91172K->4769K(109248K), 0.0027286 secs] 224979K->138714K(502464K), 0.0028209 secs] [Times: user=0.00 sys=0.00, real=0.00 secs] 
Heap after GC invocations=170 (full 3):
 par new generation   total 109248K, used 4769K [0x00000000e0000000, 0x00000000e8000000, 0x00000000e8000000)
  eden space 87424K,   0% used [0x00000000e0000000, 0x00000000e0000000, 0x00000000e5560000)
  from space 21824K,  21% used [0x00000000e5560000, 0x00000000e5a08620, 0x00000000e6ab0000)
  to   space 21824K,   0% used [0x00000000e6ab0000, 0x00000000e6ab0000, 0x00000000e8000000)
 concurrent mark-sweep generation total 393216K, used 133944K [0x00000000e8000000, 0x0000000100000000, 0x0000000100000000)
 Metaspace       used 48890K, capacity 49482K, committed 49656K, reserved 1093632K
  class space    used 5248K, capacity 5412K, committed 5420K, reserved 1048576K
}
2016-06-21T12:35:36.727+0100: 12939.036: Total time for which application threads were stopped: 0.0031182 seconds, Stopping threads took: 0.0000320 seconds
2016-06-21T12:35:36.728+0100: 12939.036: Total time for which application threads were stopped: 0.0003237 seconds, Stopping threads took: 0.0000612 seconds
{Heap before GC invocations=170 (full 3):
 par new generation   total 109248K, used 92193K [0x00000000e0000000, 0x00000000e8000000, 0x00000000e8000000)
  eden space 87424K, 100% used [0x00000000e0000000, 0x00000000e5560000, 0x00000000e5560000)
  from space 21824K,  21% used [0x00000000e5560000, 0x00000000e5a08620, 0x00000000e6ab0000)
  to   space 21824K,   0% used [0x00000000e6ab0000, 0x00000000e6ab0000, 0x00000000e8000000)
 concurrent mark-sweep generation total 393216K, used 133944K [0x00000000e8000000, 0x0000000100000000, 0x0000000100000000)
 Metaspace       used 48890K, capacity 49482K, committed 49656K, reserved 1093632K
  class space    used 5248K, capacity 5412K, committed 5420K, reserved 1048576K
2016-06-21T12:35:36.879+0100: 12939.188: [GC (Allocation Failure) 2016-06-21T12:35:36.879+0100: 12939.188: [ParNew
Desired survivor size 20112992 bytes, new threshold 8 (max 8)
- age   1:     982160 bytes,     982160 total
- age   2:     147840 bytes,    1130000 total
- age   3:    3090616 bytes,    4220616 total
- age   4:      11840 bytes,    4232456 total
- age   5:      26912 bytes,    4259368 total
- age   6:     125160 bytes,    4384528 total
- age   7:      13304 bytes,    4397832 total
- age   8:      42936 bytes,    4440768 total
: 92193K->4671K(109248K), 0.0027155 secs] 226138K->138673K(502464K), 0.0028640 secs] [Times: user=0.00 sys=0.00, real=0.00 secs] 
Heap after GC invocations=171 (full 3):
 par new generation   total 109248K, used 4671K [0x00000000e0000000, 0x00000000e8000000, 0x00000000e8000000)
  eden space 87424K,   0% used [0x00000000e0000000, 0x00000000e0000000, 0x00000000e5560000)
  from space 21824K,  21% used [0x00000000e6ab0000, 0x00000000e6f3fc10, 0x00000000e8000000)
  to   space 21824K,   0% used [0x00000000e5560000, 0x00000000e5560000, 0x00000000e6ab0000)
 concurrent mark-sweep generation total 393216K, used 134002K [0x00000000e8000000, 0x0000000100000000, 0x0000000100000000)
 Metaspace       used 48890K, capacity 49482K, committed 49656K, reserved 1093632K
  class space    used 5248K, capacity 5412K, committed 5420K, reserved 1048576K
}
2016-06-21T12:35:36.882+0100: 12939.190: Total time for which application threads were stopped: 0.0031241 seconds, Stopping threads took: 0.0000351 seconds
{Heap before GC invocations=171 (full 3):
 par new generation   total 109248K, used 92095K [0x00000000e0000000, 0x00000000e8000000, 0x00000000e8000000)
  eden space 87424K, 100% used [0x00000000e0000000, 0x00000000e5560000, 0x00000000e5560000)
  from space 21824K,  21% used [0x00000000e6ab0000, 0x00000000e6f3fc10, 0x00000000e8000000)
  to   space 21824K,   0% used [0x00000000e5560000, 0x00000000e5560000, 0x00000000e6ab0000)
 concurrent mark-sweep generation total 393216K, used 134002K [0x00000000e8000000, 0x0000000100000000, 0x0000000100000000)
 Metaspace       used 48890K, capacity 49482K, committed 49656K, reserved 1093632K
  class space    used 5248K, capacity 5412K, committed 5420K, reserved 1048576K
2016-06-21T12:35:37.044+0100: 12939.352: [GC (Allocation Failure) 2016-06-21T12:35:37.044+0100: 12939.352: [ParNew
Desired survivor size 20112992 bytes, new threshold 8 (max 8)
- age   1:     298520 bytes,     298520 total
- age   2:      42976 bytes,     341496 total
- age   3:     147840 bytes,     489336 total
- age   4:    3090616 bytes,    3579952 total
- age   5:      11840 bytes,    3591792 total
- age   6:      26912 bytes,    3618704 total
- age   7:     125160 bytes,    3743864 total
- age   8:      13304 bytes,    3757168 total
: 92095K->4142K(109248K), 0.0026386 secs] 226097K->138186K(502464K), 0.0027108 secs] [Times: user=0.06 sys=0.00, real=0.00 secs] 
Heap after GC invocations=172 (full 3):
 par new generation   total 109248K, used 4142K [0x00000000e0000000, 0x00000000e8000000, 0x00000000e8000000)
  eden space 87424K,   0% used [0x00000000e0000000, 0x00000000e0000000, 0x00000000e5560000)
  from space 21824K,  18% used [0x00000000e5560000, 0x00000000e596b830, 0x00000000e6ab0000)
  to   space 21824K,   0% used [0x00000000e6ab0000, 0x00000000e6ab0000, 0x00000000e8000000)
 concurrent mark-sweep generation total 393216K, used 134044K [0x00000000e8000000, 0x0000000100000000, 0x0000000100000000)
 Metaspace       used 48890K, capacity 49482K, committed 49656K, reserved 1093632K
  class space    used 5248K, capacity 5412K, committed 5420K, reserved 1048576K
}
2016-06-21T12:35:37.047+0100: 12939.355: Total time for which application threads were stopped: 0.0029753 seconds, Stopping threads took: 0.0000264 seconds
{Heap before GC invocations=172 (full 3):
 par new generation   total 109248K, used 91566K [0x00000000e0000000, 0x00000000e8000000, 0x00000000e8000000)
  eden space 87424K, 100% used [0x00000000e0000000, 0x00000000e5560000, 0x00000000e5560000)
  from space 21824K,  18% used [0x00000000e5560000, 0x00000000e596b830, 0x00000000e6ab0000)
  to   space 21824K,   0% used [0x00000000e6ab0000, 0x00000000e6ab0000, 0x00000000e8000000)
 concurrent mark-sweep generation total 393216K, used 134044K [0x00000000e8000000, 0x0000000100000000, 0x0000000100000000)
 Metaspace       used 48890K, capacity 49482K, committed 49656K, reserved 1093632K
  class space    used 5248K, capacity 5412K, committed 5420K, reserved 1048576K
2016-06-21T12:35:37.205+0100: 12939.514: [GC (Allocation Failure) 2016-06-21T12:35:37.205+0100: 12939.514: [ParNew
Desired survivor size 20112992 bytes, new threshold 8 (max 8)
- age   1:     494232 bytes,     494232 total
- age   2:      11872 bytes,     506104 total
- age   3:      42976 bytes,     549080 total
- age   4:     147840 bytes,     696920 total
- age   5:    3090616 bytes,    3787536 total
- age   6:      11840 bytes,    3799376 total
- age   7:      26912 bytes,    3826288 total
- age   8:     125160 bytes,    3951448 total
: 91566K->4001K(109248K), 0.0023393 secs] 225610K->138059K(502464K), 0.0024704 secs] [Times: user=0.00 sys=0.00, real=0.00 secs] 
Heap after GC invocations=173 (full 3):
 par new generation   total 109248K, used 4001K [0x00000000e0000000, 0x00000000e8000000, 0x00000000e8000000)
  eden space 87424K,   0% used [0x00000000e0000000, 0x00000000e0000000, 0x00000000e5560000)
  from space 21824K,  18% used [0x00000000e6ab0000, 0x00000000e6e986b0, 0x00000000e8000000)
  to   space 21824K,   0% used [0x00000000e5560000, 0x00000000e5560000, 0x00000000e6ab0000)
 concurrent mark-sweep generation total 393216K, used 134057K [0x00000000e8000000, 0x0000000100000000, 0x0000000100000000)
 Metaspace       used 48890K, capacity 49482K, committed 49656K, reserved 1093632K
  class space    used 5248K, capacity 5412K, committed 5420K, reserved 1048576K
}
2016-06-21T12:35:37.208+0100: 12939.516: Total time for which application threads were stopped: 0.0027211 seconds, Stopping threads took: 0.0000268 seconds
{Heap before GC invocations=173 (full 3):
 par new generation   total 109248K, used 91425K [0x00000000e0000000, 0x00000000e8000000, 0x00000000e8000000)
  eden space 87424K, 100% used [0x00000000e0000000, 0x00000000e5560000, 0x00000000e5560000)
  from space 21824K,  18% used [0x00000000e6ab0000, 0x00000000e6e986b0, 0x00000000e8000000)
  to   space 21824K,   0% used [0x00000000e5560000, 0x00000000e5560000, 0x00000000e6ab0000)
 concurrent mark-sweep generation total 393216K, used 134057K [0x00000000e8000000, 0x0000000100000000, 0x0000000100000000)
 Metaspace       used 48890K, capacity 49482K, committed 49656K, reserved 1093632K
  class space    used 5248K, capacity 5412K, committed 5420K, reserved 1048576K
2016-06-21T12:35:37.443+0100: 12939.752: [GC (Allocation Failure) 2016-06-21T12:35:37.443+0100: 12939.752: [ParNew
Desired survivor size 20112992 bytes, new threshold 8 (max 8)
- age   1:    1694080 bytes,    1694080 total
- age   2:      76032 bytes,    1770112 total
- age   3:      11872 bytes,    1781984 total
- age   4:      42976 bytes,    1824960 total
- age   5:     147840 bytes,    1972800 total
- age   6:    3090616 bytes,    5063416 total
- age   7:      11840 bytes,    5075256 total
- age   8:      26912 bytes,    5102168 total
: 91425K->5418K(109248K), 0.0057978 secs] 225483K->139598K(502464K), 0.0058827 secs] [Times: user=0.00 sys=0.00, real=0.01 secs] 
Heap after GC invocations=174 (full 3):
 par new generation   total 109248K, used 5418K [0x00000000e0000000, 0x00000000e8000000, 0x00000000e8000000)
  eden space 87424K,   0% used [0x00000000e0000000, 0x00000000e0000000, 0x00000000e5560000)
  from space 21824K,  24% used [0x00000000e5560000, 0x00000000e5aaaa60, 0x00000000e6ab0000)
  to   space 21824K,   0% used [0x00000000e6ab0000, 0x00000000e6ab0000, 0x00000000e8000000)
 concurrent mark-sweep generation total 393216K, used 134180K [0x00000000e8000000, 0x0000000100000000, 0x0000000100000000)
 Metaspace       used 48890K, capacity 49482K, committed 49656K, reserved 1093632K
  class space    used 5248K, capacity 5412K, committed 5420K, reserved 1048576K
}
2016-06-21T12:35:37.449+0100: 12939.758: Total time for which application threads were stopped: 0.0062103 seconds, Stopping threads took: 0.0000253 seconds
{Heap before GC invocations=174 (full 3):
 par new generation   total 109248K, used 92842K [0x00000000e0000000, 0x00000000e8000000, 0x00000000e8000000)
  eden space 87424K, 100% used [0x00000000e0000000, 0x00000000e5560000, 0x00000000e5560000)
  from space 21824K,  24% used [0x00000000e5560000, 0x00000000e5aaaa60, 0x00000000e6ab0000)
  to   space 21824K,   0% used [0x00000000e6ab0000, 0x00000000e6ab0000, 0x00000000e8000000)
 concurrent mark-sweep generation total 393216K, used 134180K [0x00000000e8000000, 0x0000000100000000, 0x0000000100000000)
 Metaspace       used 48890K, capacity 49482K, committed 49656K, reserved 1093632K
  class space    used 5248K, capacity 5412K, committed 5420K, reserved 1048576K
2016-06-21T12:35:37.575+0100: 12939.884: [GC (Allocation Failure) 2016-06-21T12:35:37.575+0100: 12939.884: [ParNew
Desired survivor size 20112992 bytes, new threshold 8 (max 8)
- age   1:    1570824 bytes,    1570824 total
- age   2:     125712 bytes,    1696536 total
- age   3:      76032 bytes,    1772568 total
- age   4:      11872 bytes,    1784440 total
- age   5:      42976 bytes,    1827416 total
- age   6:     147840 bytes,    1975256 total
- age   7:    3090616 bytes,    5065872 total
- age   8:      11840 bytes,    5077712 total
: 92842K->6392K(109248K), 0.0032631 secs] 227022K->140599K(502464K), 0.0033353 secs] [Times: user=0.06 sys=0.00, real=0.00 secs] 
Heap after GC invocations=175 (full 3):
 par new generation   total 109248K, used 6392K [0x00000000e0000000, 0x00000000e8000000, 0x00000000e8000000)
  eden space 87424K,   0% used [0x00000000e0000000, 0x00000000e0000000, 0x00000000e5560000)
  from space 21824K,  29% used [0x00000000e6ab0000, 0x00000000e70ee3d0, 0x00000000e8000000)
  to   space 21824K,   0% used [0x00000000e5560000, 0x00000000e5560000, 0x00000000e6ab0000)
 concurrent mark-sweep generation total 393216K, used 134206K [0x00000000e8000000, 0x0000000100000000, 0x0000000100000000)
 Metaspace       used 48890K, capacity 49482K, committed 49656K, reserved 1093632K
  class space    used 5248K, capacity 5412K, committed 5420K, reserved 1048576K
}
2016-06-21T12:35:37.579+0100: 12939.888: Total time for which application threads were stopped: 0.0035244 seconds, Stopping threads took: 0.0000245 seconds
{Heap before GC invocations=175 (full 3):
 par new generation   total 109248K, used 93816K [0x00000000e0000000, 0x00000000e8000000, 0x00000000e8000000)
  eden space 87424K, 100% used [0x00000000e0000000, 0x00000000e5560000, 0x00000000e5560000)
  from space 21824K,  29% used [0x00000000e6ab0000, 0x00000000e70ee3d0, 0x00000000e8000000)
  to   space 21824K,   0% used [0x00000000e5560000, 0x00000000e5560000, 0x00000000e6ab0000)
 concurrent mark-sweep generation total 393216K, used 134206K [0x00000000e8000000, 0x0000000100000000, 0x0000000100000000)
 Metaspace       used 48890K, capacity 49482K, committed 49656K, reserved 1093632K
  class space    used 5248K, capacity 5412K, committed 5420K, reserved 1048576K
2016-06-21T12:35:37.650+0100: 12939.959: [GC (Allocation Failure) 2016-06-21T12:35:37.650+0100: 12939.959: [ParNew
Desired survivor size 20112992 bytes, new threshold 8 (max 8)
- age   1:    1248584 bytes,    1248584 total
- age   2:      10704 bytes,    1259288 total
- age   3:     125712 bytes,    1385000 total
- age   4:      76032 bytes,    1461032 total
- age   5:      11872 bytes,    1472904 total
- age   6:      42976 bytes,    1515880 total
- age   7:     147840 bytes,    1663720 total
- age   8:    3090616 bytes,    4754336 total
: 93816K->5224K(109248K), 0.0029208 secs] 228023K->139443K(502464K), 0.0030653 secs] [Times: user=0.00 sys=0.00, real=0.00 secs] 
Heap after GC invocations=176 (full 3):
 par new generation   total 109248K, used 5224K [0x00000000e0000000, 0x00000000e8000000, 0x00000000e8000000)
  eden space 87424K,   0% used [0x00000000e0000000, 0x00000000e0000000, 0x00000000e5560000)
  from space 21824K,  23% used [0x00000000e5560000, 0x00000000e5a7a240, 0x00000000e6ab0000)
  to   space 21824K,   0% used [0x00000000e6ab0000, 0x00000000e6ab0000, 0x00000000e8000000)
 concurrent mark-sweep generation total 393216K, used 134218K [0x00000000e8000000, 0x0000000100000000, 0x0000000100000000)
 Metaspace       used 48890K, capacity 49482K, committed 49656K, reserved 1093632K
  class space    used 5248K, capacity 5412K, committed 5420K, reserved 1048576K
}
2016-06-21T12:35:37.654+0100: 12939.962: Total time for which application threads were stopped: 0.0033010 seconds, Stopping threads took: 0.0000241 seconds
{Heap before GC invocations=176 (full 3):
 par new generation   total 109248K, used 92648K [0x00000000e0000000, 0x00000000e8000000, 0x00000000e8000000)
  eden space 87424K, 100% used [0x00000000e0000000, 0x00000000e5560000, 0x00000000e5560000)
  from space 21824K,  23% used [0x00000000e5560000, 0x00000000e5a7a240, 0x00000000e6ab0000)
  to   space 21824K,   0% used [0x00000000e6ab0000, 0x00000000e6ab0000, 0x00000000e8000000)
 concurrent mark-sweep generation total 393216K, used 134218K [0x00000000e8000000, 0x0000000100000000, 0x0000000100000000)
 Metaspace       used 48890K, capacity 49482K, committed 49656K, reserved 1093632K
  class space    used 5248K, capacity 5412K, committed 5420K, reserved 1048576K
2016-06-21T12:35:37.786+0100: 12940.094: [GC (Allocation Failure) 2016-06-21T12:35:37.786+0100: 12940.094: [ParNew
Desired survivor size 20112992 bytes, new threshold 8 (max 8)
- age   1:    1470432 bytes,    1470432 total
- age   2:      26608 bytes,    1497040 total
- age   3:      10704 bytes,    1507744 total
- age   4:     125712 bytes,    1633456 total
- age   5:      76032 bytes,    1709488 total
- age   6:      11872 bytes,    1721360 total
- age   7:      42976 bytes,    1764336 total
- age   8:     147840 bytes,    1912176 total
: 92648K->2420K(109248K), 0.0042618 secs] 226867K->139657K(502464K), 0.0043329 secs] [Times: user=0.00 sys=0.00, real=0.00 secs] 
Heap after GC invocations=177 (full 3):
 par new generation   total 109248K, used 2420K [0x00000000e0000000, 0x00000000e8000000, 0x00000000e8000000)
  eden space 87424K,   0% used [0x00000000e0000000, 0x00000000e0000000, 0x00000000e5560000)
  from space 21824K,  11% used [0x00000000e6ab0000, 0x00000000e6d0d0a8, 0x00000000e8000000)
  to   space 21824K,   0% used [0x00000000e5560000, 0x00000000e5560000, 0x00000000e6ab0000)
 concurrent mark-sweep generation total 393216K, used 137237K [0x00000000e8000000, 0x0000000100000000, 0x0000000100000000)
 Metaspace       used 48890K, capacity 49482K, committed 49656K, reserved 1093632K
  class space    used 5248K, capacity 5412K, committed 5420K, reserved 1048576K
}
2016-06-21T12:35:37.790+0100: 12940.099: Total time for which application threads were stopped: 0.0045433 seconds, Stopping threads took: 0.0000241 seconds
{Heap before GC invocations=177 (full 3):
 par new generation   total 109248K, used 89844K [0x00000000e0000000, 0x00000000e8000000, 0x00000000e8000000)
  eden space 87424K, 100% used [0x00000000e0000000, 0x00000000e5560000, 0x00000000e5560000)
  from space 21824K,  11% used [0x00000000e6ab0000, 0x00000000e6d0d0a8, 0x00000000e8000000)
  to   space 21824K,   0% used [0x00000000e5560000, 0x00000000e5560000, 0x00000000e6ab0000)
 concurrent mark-sweep generation total 393216K, used 137237K [0x00000000e8000000, 0x0000000100000000, 0x0000000100000000)
 Metaspace       used 48890K, capacity 49482K, committed 49656K, reserved 1093632K
  class space    used 5248K, capacity 5412K, committed 5420K, reserved 1048576K
2016-06-21T12:35:37.880+0100: 12940.189: [GC (Allocation Failure) 2016-06-21T12:35:37.880+0100: 12940.189: [ParNew
Desired survivor size 20112992 bytes, new threshold 8 (max 8)
- age   1:    1915000 bytes,    1915000 total
- age   2:      42768 bytes,    1957768 total
- age   3:      26608 bytes,    1984376 total
- age   4:      10704 bytes,    1995080 total
- age   5:     125712 bytes,    2120792 total
- age   6:      76032 bytes,    2196824 total
- age   7:      11872 bytes,    2208696 total
- age   8:      42976 bytes,    2251672 total
: 89844K->2653K(109248K), 0.0032177 secs] 227081K->140035K(502464K), 0.0032781 secs] [Times: user=0.00 sys=0.00, real=0.00 secs] 
Heap after GC invocations=178 (full 3):
 par new generation   total 109248K, used 2653K [0x00000000e0000000, 0x00000000e8000000, 0x00000000e8000000)
  eden space 87424K,   0% used [0x00000000e0000000, 0x00000000e0000000, 0x00000000e5560000)
  from space 21824K,  12% used [0x00000000e5560000, 0x00000000e57f7540, 0x00000000e6ab0000)
  to   space 21824K,   0% used [0x00000000e6ab0000, 0x00000000e6ab0000, 0x00000000e8000000)
 concurrent mark-sweep generation total 393216K, used 137381K [0x00000000e8000000, 0x0000000100000000, 0x0000000100000000)
 Metaspace       used 48890K, capacity 49482K, committed 49656K, reserved 1093632K
  class space    used 5248K, capacity 5412K, committed 5420K, reserved 1048576K
}
2016-06-21T12:35:37.884+0100: 12940.192: Total time for which application threads were stopped: 0.0034656 seconds, Stopping threads took: 0.0000229 seconds
{Heap before GC invocations=178 (full 3):
 par new generation   total 109248K, used 90077K [0x00000000e0000000, 0x00000000e8000000, 0x00000000e8000000)
  eden space 87424K, 100% used [0x00000000e0000000, 0x00000000e5560000, 0x00000000e5560000)
  from space 21824K,  12% used [0x00000000e5560000, 0x00000000e57f7540, 0x00000000e6ab0000)
  to   space 21824K,   0% used [0x00000000e6ab0000, 0x00000000e6ab0000, 0x00000000e8000000)
 concurrent mark-sweep generation total 393216K, used 137381K [0x00000000e8000000, 0x0000000100000000, 0x0000000100000000)
 Metaspace       used 48890K, capacity 49482K, committed 49656K, reserved 1093632K
  class space    used 5248K, capacity 5412K, committed 5420K, reserved 1048576K
2016-06-21T12:35:38.001+0100: 12940.310: [GC (Allocation Failure) 2016-06-21T12:35:38.001+0100: 12940.310: [ParNew
Desired survivor size 20112992 bytes, new threshold 8 (max 8)
- age   1:    1359680 bytes,    1359680 total
- age   2:      91200 bytes,    1450880 total
- age   3:      42768 bytes,    1493648 total
- age   4:      26608 bytes,    1520256 total
- age   5:      10704 bytes,    1530960 total
- age   6:     125712 bytes,    1656672 total
- age   7:      76032 bytes,    1732704 total
- age   8:      11872 bytes,    1744576 total
: 90077K->2805K(109248K), 0.0027167 secs] 227459K->140229K(502464K), 0.0028134 secs] [Times: user=0.00 sys=0.00, real=0.00 secs] 
Heap after GC invocations=179 (full 3):
 par new generation   total 109248K, used 2805K [0x00000000e0000000, 0x00000000e8000000, 0x00000000e8000000)
  eden space 87424K,   0% used [0x00000000e0000000, 0x00000000e0000000, 0x00000000e5560000)
  from space 21824K,  12% used [0x00000000e6ab0000, 0x00000000e6d6d5e0, 0x00000000e8000000)
  to   space 21824K,   0% used [0x00000000e5560000, 0x00000000e5560000, 0x00000000e6ab0000)
 concurrent mark-sweep generation total 393216K, used 137423K [0x00000000e8000000, 0x0000000100000000, 0x0000000100000000)
 Metaspace       used 48890K, capacity 49482K, committed 49656K, reserved 1093632K
  class space    used 5248K, capacity 5412K, committed 5420K, reserved 1048576K
}
2016-06-21T12:35:38.004+0100: 12940.313: Total time for which application threads were stopped: 0.0030866 seconds, Stopping threads took: 0.0000339 seconds
2016-06-21T12:35:39.005+0100: 12941.313: Total time for which application threads were stopped: 0.0000908 seconds, Stopping threads took: 0.0000237 seconds
{Heap before GC invocations=179 (full 3):
 par new generation   total 109248K, used 90229K [0x00000000e0000000, 0x00000000e8000000, 0x00000000e8000000)
  eden space 87424K, 100% used [0x00000000e0000000, 0x00000000e5560000, 0x00000000e5560000)
  from space 21824K,  12% used [0x00000000e6ab0000, 0x00000000e6d6d5e0, 0x00000000e8000000)
  to   space 21824K,   0% used [0x00000000e5560000, 0x00000000e5560000, 0x00000000e6ab0000)
 concurrent mark-sweep generation total 393216K, used 137423K [0x00000000e8000000, 0x0000000100000000, 0x0000000100000000)
 Metaspace       used 48892K, capacity 49482K, committed 49656K, reserved 1093632K
  class space    used 5248K, capacity 5412K, committed 5420K, reserved 1048576K
2016-06-21T12:35:40.261+0100: 12942.570: [GC (Allocation Failure) 2016-06-21T12:35:40.261+0100: 12942.570: [ParNew
Desired survivor size 20112992 bytes, new threshold 8 (max 8)
- age   1:   16884248 bytes,   16884248 total
- age   2:       8200 bytes,   16892448 total
- age   3:       9200 bytes,   16901648 total
- age   4:       9968 bytes,   16911616 total
- age   5:      10208 bytes,   16921824 total
- age   6:      10704 bytes,   16932528 total
- age   7:      10912 bytes,   16943440 total
- age   8:      10432 bytes,   16953872 total
: 90229K->17113K(109248K), 0.0060516 secs] 227653K->154549K(502464K), 0.0061444 secs] [Times: user=0.05 sys=0.00, real=0.01 secs] 
Heap after GC invocations=180 (full 3):
 par new generation   total 109248K, used 17113K [0x00000000e0000000, 0x00000000e8000000, 0x00000000e8000000)
  eden space 87424K,   0% used [0x00000000e0000000, 0x00000000e0000000, 0x00000000e5560000)
  from space 21824K,  78% used [0x00000000e5560000, 0x00000000e66167e0, 0x00000000e6ab0000)
  to   space 21824K,   0% used [0x00000000e6ab0000, 0x00000000e6ab0000, 0x00000000e8000000)
 concurrent mark-sweep generation total 393216K, used 137435K [0x00000000e8000000, 0x0000000100000000, 0x0000000100000000)
 Metaspace       used 48892K, capacity 49482K, committed 49656K, reserved 1093632K
  class space    used 5248K, capacity 5412K, committed 5420K, reserved 1048576K
}
2016-06-21T12:35:40.267+0100: 12942.576: Total time for which application threads were stopped: 0.0064306 seconds, Stopping threads took: 0.0000422 seconds
2016-06-21T12:35:40.269+0100: 12942.577: Total time for which application threads were stopped: 0.0001761 seconds, Stopping threads took: 0.0000458 seconds
{Heap before GC invocations=180 (full 3):
 par new generation   total 109248K, used 104530K [0x00000000e0000000, 0x00000000e8000000, 0x00000000e8000000)
  eden space 87424K,  99% used [0x00000000e0000000, 0x00000000e555e0e8, 0x00000000e5560000)
  from space 21824K,  78% used [0x00000000e5560000, 0x00000000e66167e0, 0x00000000e6ab0000)
  to   space 21824K,   0% used [0x00000000e6ab0000, 0x00000000e6ab0000, 0x00000000e8000000)
 concurrent mark-sweep generation total 393216K, used 137435K [0x00000000e8000000, 0x0000000100000000, 0x0000000100000000)
 Metaspace       used 48914K, capacity 49558K, committed 49656K, reserved 1093632K
  class space    used 5249K, capacity 5414K, committed 5420K, reserved 1048576K
2016-06-21T12:35:41.262+0100: 12943.571: [GC (Allocation Failure) 2016-06-21T12:35:41.338+0100: 12943.647: [ParNew
Desired survivor size 20112992 bytes, new threshold 8 (max 8)
- age   1:    2350400 bytes,    2350400 total
- age   2:   14193136 bytes,   16543536 total
- age   3:       8200 bytes,   16551736 total
- age   4:       9200 bytes,   16560936 total
- age   5:       9968 bytes,   16570904 total
- age   6:      10208 bytes,   16581112 total
- age   7:      10704 bytes,   16591816 total
- age   8:      10912 bytes,   16602728 total
: 104530K->17901K(109248K), 0.0044785 secs] 241966K->155347K(502464K), 0.0805463 secs] [Times: user=0.03 sys=0.00, real=0.08 secs] 
Heap after GC invocations=181 (full 3):
 par new generation   total 109248K, used 17901K [0x00000000e0000000, 0x00000000e8000000, 0x00000000e8000000)
  eden space 87424K,   0% used [0x00000000e0000000, 0x00000000e0000000, 0x00000000e5560000)
  from space 21824K,  82% used [0x00000000e6ab0000, 0x00000000e7c2b690, 0x00000000e8000000)
  to   space 21824K,   0% used [0x00000000e5560000, 0x00000000e5560000, 0x00000000e6ab0000)
 concurrent mark-sweep generation total 393216K, used 137446K [0x00000000e8000000, 0x0000000100000000, 0x0000000100000000)
 Metaspace       used 48914K, capacity 49558K, committed 49656K, reserved 1093632K
  class space    used 5249K, capacity 5414K, committed 5420K, reserved 1048576K
}
2016-06-21T12:35:41.343+0100: 12943.651: Total time for which application threads were stopped: 0.0807939 seconds, Stopping threads took: 0.0000300 seconds
2016-06-21T12:35:41.343+0100: 12943.652: Total time for which application threads were stopped: 0.0001109 seconds, Stopping threads took: 0.0000339 seconds
{Heap before GC invocations=181 (full 3):
 par new generation   total 109248K, used 105325K [0x00000000e0000000, 0x00000000e8000000, 0x00000000e8000000)
  eden space 87424K, 100% used [0x00000000e0000000, 0x00000000e5560000, 0x00000000e5560000)
  from space 21824K,  82% used [0x00000000e6ab0000, 0x00000000e7c2b690, 0x00000000e8000000)
  to   space 21824K,   0% used [0x00000000e5560000, 0x00000000e5560000, 0x00000000e6ab0000)
 concurrent mark-sweep generation total 393216K, used 137446K [0x00000000e8000000, 0x0000000100000000, 0x0000000100000000)
 Metaspace       used 48916K, capacity 49558K, committed 49656K, reserved 1093632K
  class space    used 5249K, capacity 5414K, committed 5420K, reserved 1048576K
2016-06-21T12:35:41.489+0100: 12943.797: [GC (Allocation Failure) 2016-06-21T12:35:41.489+0100: 12943.797: [ParNew
Desired survivor size 20112992 bytes, new threshold 8 (max 8)
- age   1:    2112864 bytes,    2112864 total
- age   2:    2109248 bytes,    4222112 total
- age   3:   14192744 bytes,   18414856 total
- age   4:       8200 bytes,   18423056 total
- age   5:       9200 bytes,   18432256 total
- age   6:       9968 bytes,   18442224 total
- age   7:      10208 bytes,   18452432 total
- age   8:      10704 bytes,   18463136 total
: 105325K->19034K(109248K), 0.0043285 secs] 242771K->156491K(502464K), 0.0043858 secs] [Times: user=0.00 sys=0.00, real=0.00 secs] 
Heap after GC invocations=182 (full 3):
 par new generation   total 109248K, used 19034K [0x00000000e0000000, 0x00000000e8000000, 0x00000000e8000000)
  eden space 87424K,   0% used [0x00000000e0000000, 0x00000000e0000000, 0x00000000e5560000)
  from space 21824K,  87% used [0x00000000e5560000, 0x00000000e67f6950, 0x00000000e6ab0000)
  to   space 21824K,   0% used [0x00000000e6ab0000, 0x00000000e6ab0000, 0x00000000e8000000)
 concurrent mark-sweep generation total 393216K, used 137457K [0x00000000e8000000, 0x0000000100000000, 0x0000000100000000)
 Metaspace       used 48916K, capacity 49558K, committed 49656K, reserved 1093632K
  class space    used 5249K, capacity 5414K, committed 5420K, reserved 1048576K
}
2016-06-21T12:35:41.493+0100: 12943.802: Total time for which application threads were stopped: 0.0045760 seconds, Stopping threads took: 0.0000209 seconds
{Heap before GC invocations=182 (full 3):
 par new generation   total 109248K, used 106458K [0x00000000e0000000, 0x00000000e8000000, 0x00000000e8000000)
  eden space 87424K, 100% used [0x00000000e0000000, 0x00000000e5560000, 0x00000000e5560000)
  from space 21824K,  87% used [0x00000000e5560000, 0x00000000e67f6950, 0x00000000e6ab0000)
  to   space 21824K,   0% used [0x00000000e6ab0000, 0x00000000e6ab0000, 0x00000000e8000000)
 concurrent mark-sweep generation total 393216K, used 137457K [0x00000000e8000000, 0x0000000100000000, 0x0000000100000000)
 Metaspace       used 48916K, capacity 49558K, committed 49656K, reserved 1093632K
  class space    used 5249K, capacity 5414K, committed 5420K, reserved 1048576K
2016-06-21T12:35:41.632+0100: 12943.941: [GC (Allocation Failure) 2016-06-21T12:35:41.632+0100: 12943.941: [ParNew
Desired survivor size 20112992 bytes, new threshold 4 (max 8)
- age   1:    1149936 bytes,    1149936 total
- age   2:     875248 bytes,    2025184 total
- age   3:    2102704 bytes,    4127888 total
- age   4:   16405496 bytes,   20533384 total
- age   5:       8200 bytes,   20541584 total
- age   6:       9200 bytes,   20550784 total
- age   7:       9968 bytes,   20560752 total
- age   8:      10208 bytes,   20570960 total
: 106458K->21382K(109248K), 0.0048559 secs] 243915K->159554K(502464K), 0.0049384 secs] [Times: user=0.00 sys=0.00, real=0.01 secs] 
Heap after GC invocations=183 (full 3):
 par new generation   total 109248K, used 21382K [0x00000000e0000000, 0x00000000e8000000, 0x00000000e8000000)
  eden space 87424K,   0% used [0x00000000e0000000, 0x00000000e0000000, 0x00000000e5560000)
  from space 21824K,  97% used [0x00000000e6ab0000, 0x00000000e7f91a80, 0x00000000e8000000)
  to   space 21824K,   0% used [0x00000000e5560000, 0x00000000e5560000, 0x00000000e6ab0000)
 concurrent mark-sweep generation total 393216K, used 138171K [0x00000000e8000000, 0x0000000100000000, 0x0000000100000000)
 Metaspace       used 48916K, capacity 49558K, committed 49656K, reserved 1093632K
  class space    used 5249K, capacity 5414K, committed 5420K, reserved 1048576K
}
2016-06-21T12:35:41.637+0100: 12943.946: Total time for which application threads were stopped: 0.0051334 seconds, Stopping threads took: 0.0000300 seconds
{Heap before GC invocations=183 (full 3):
 par new generation   total 109248K, used 108806K [0x00000000e0000000, 0x00000000e8000000, 0x00000000e8000000)
  eden space 87424K, 100% used [0x00000000e0000000, 0x00000000e5560000, 0x00000000e5560000)
  from space 21824K,  97% used [0x00000000e6ab0000, 0x00000000e7f91a80, 0x00000000e8000000)
  to   space 21824K,   0% used [0x00000000e5560000, 0x00000000e5560000, 0x00000000e6ab0000)
 concurrent mark-sweep generation total 393216K, used 138171K [0x00000000e8000000, 0x0000000100000000, 0x0000000100000000)
 Metaspace       used 48916K, capacity 49558K, committed 49656K, reserved 1093632K
  class space    used 5249K, capacity 5414K, committed 5420K, reserved 1048576K
2016-06-21T12:35:41.766+0100: 12944.075: [GC (Allocation Failure) 2016-06-21T12:35:41.766+0100: 12944.075: [ParNew
Desired survivor size 20112992 bytes, new threshold 8 (max 8)
- age   1:    2138088 bytes,    2138088 total
- age   2:     470376 bytes,    2608464 total
- age   3:     875584 bytes,    3484048 total
- age   4:    2096176 bytes,    5580224 total
: 108806K->8543K(109248K), 0.0217965 secs] 246978K->160628K(502464K), 0.0218629 secs] [Times: user=0.05 sys=0.02, real=0.02 secs] 
Heap after GC invocations=184 (full 3):
 par new generation   total 109248K, used 8543K [0x00000000e0000000, 0x00000000e8000000, 0x00000000e8000000)
  eden space 87424K,   0% used [0x00000000e0000000, 0x00000000e0000000, 0x00000000e5560000)
  from space 21824K,  39% used [0x00000000e5560000, 0x00000000e5db7c30, 0x00000000e6ab0000)
  to   space 21824K,   0% used [0x00000000e6ab0000, 0x00000000e6ab0000, 0x00000000e8000000)
 concurrent mark-sweep generation total 393216K, used 152085K [0x00000000e8000000, 0x0000000100000000, 0x0000000100000000)
 Metaspace       used 48916K, capacity 49558K, committed 49656K, reserved 1093632K
  class space    used 5249K, capacity 5414K, committed 5420K, reserved 1048576K
}
2016-06-21T12:35:41.788+0100: 12944.097: Total time for which application threads were stopped: 0.0220796 seconds, Stopping threads took: 0.0000201 seconds
2016-06-21T12:35:43.789+0100: 12946.098: Total time for which application threads were stopped: 0.0001362 seconds, Stopping threads took: 0.0000734 seconds
2016-06-21T12:35:45.790+0100: 12948.098: Total time for which application threads were stopped: 0.0000975 seconds, Stopping threads took: 0.0000320 seconds
{Heap before GC invocations=184 (full 3):
 par new generation   total 109248K, used 95967K [0x00000000e0000000, 0x00000000e8000000, 0x00000000e8000000)
  eden space 87424K, 100% used [0x00000000e0000000, 0x00000000e5560000, 0x00000000e5560000)
  from space 21824K,  39% used [0x00000000e5560000, 0x00000000e5db7c30, 0x00000000e6ab0000)
  to   space 21824K,   0% used [0x00000000e6ab0000, 0x00000000e6ab0000, 0x00000000e8000000)
 concurrent mark-sweep generation total 393216K, used 152085K [0x00000000e8000000, 0x0000000100000000, 0x0000000100000000)
 Metaspace       used 48946K, capacity 49558K, committed 49656K, reserved 1093632K
  class space    used 5249K, capacity 5414K, committed 5420K, reserved 1048576K
2016-06-21T12:35:49.214+0100: 12951.523: [GC (Allocation Failure) 2016-06-21T12:35:49.214+0100: 12951.523: [ParNew
Desired survivor size 20112992 bytes, new threshold 8 (max 8)
- age   1:     439184 bytes,     439184 total
- age   4:      43040 bytes,     482224 total
- age   5:      20040 bytes,     502264 total
: 95967K->2196K(109248K), 0.0020622 secs] 248052K->154282K(502464K), 0.0021684 secs] [Times: user=0.00 sys=0.00, real=0.00 secs] 
Heap after GC invocations=185 (full 3):
 par new generation   total 109248K, used 2196K [0x00000000e0000000, 0x00000000e8000000, 0x00000000e8000000)
  eden space 87424K,   0% used [0x00000000e0000000, 0x00000000e0000000, 0x00000000e5560000)
  from space 21824K,  10% used [0x00000000e6ab0000, 0x00000000e6cd5300, 0x00000000e8000000)
  to   space 21824K,   0% used [0x00000000e5560000, 0x00000000e5560000, 0x00000000e6ab0000)
 concurrent mark-sweep generation total 393216K, used 152085K [0x00000000e8000000, 0x0000000100000000, 0x0000000100000000)
 Metaspace       used 48946K, capacity 49558K, committed 49656K, reserved 1093632K
  class space    used 5249K, capacity 5414K, committed 5420K, reserved 1048576K
}
2016-06-21T12:35:49.216+0100: 12951.525: Total time for which application threads were stopped: 0.0024155 seconds, Stopping threads took: 0.0000336 seconds
2016-06-21T12:35:49.217+0100: 12951.525: Total time for which application threads were stopped: 0.0001401 seconds, Stopping threads took: 0.0000715 seconds
2016-06-21T12:35:50.218+0100: 12952.526: Total time for which application threads were stopped: 0.0001105 seconds, Stopping threads took: 0.0000268 seconds
2016-06-21T12:35:51.218+0100: 12953.526: Total time for which application threads were stopped: 0.0001291 seconds, Stopping threads took: 0.0000347 seconds
2016-06-21T12:35:56.220+0100: 12958.529: Total time for which application threads were stopped: 0.0001765 seconds, Stopping threads took: 0.0000924 seconds
2016-06-21T12:35:57.221+0100: 12959.529: Total time for which application threads were stopped: 0.0000904 seconds, Stopping threads took: 0.0000264 seconds
{Heap before GC invocations=185 (full 3):
 par new generation   total 109248K, used 89620K [0x00000000e0000000, 0x00000000e8000000, 0x00000000e8000000)
  eden space 87424K, 100% used [0x00000000e0000000, 0x00000000e5560000, 0x00000000e5560000)
  from space 21824K,  10% used [0x00000000e6ab0000, 0x00000000e6cd5300, 0x00000000e8000000)
  to   space 21824K,   0% used [0x00000000e5560000, 0x00000000e5560000, 0x00000000e6ab0000)
 concurrent mark-sweep generation total 393216K, used 152085K [0x00000000e8000000, 0x0000000100000000, 0x0000000100000000)
 Metaspace       used 48954K, capacity 49558K, committed 49656K, reserved 1093632K
  class space    used 5249K, capacity 5414K, committed 5420K, reserved 1048576K
2016-06-21T12:36:01.058+0100: 12963.367: [GC (Allocation Failure) 2016-06-21T12:36:01.058+0100: 12963.367: [ParNew
Desired survivor size 20112992 bytes, new threshold 8 (max 8)
- age   1:     607888 bytes,     607888 total
- age   2:      93304 bytes,     701192 total
- age   5:        448 bytes,     701640 total
- age   6:      18992 bytes,     720632 total
: 89620K->1068K(109248K), 0.0022091 secs] 241706K->153153K(502464K), 0.0022888 secs] [Times: user=0.00 sys=0.00, real=0.00 secs] 
Heap after GC invocations=186 (full 3):
 par new generation   total 109248K, used 1068K [0x00000000e0000000, 0x00000000e8000000, 0x00000000e8000000)
  eden space 87424K,   0% used [0x00000000e0000000, 0x00000000e0000000, 0x00000000e5560000)
  from space 21824K,   4% used [0x00000000e5560000, 0x00000000e566b180, 0x00000000e6ab0000)
  to   space 21824K,   0% used [0x00000000e6ab0000, 0x00000000e6ab0000, 0x00000000e8000000)
 concurrent mark-sweep generation total 393216K, used 152085K [0x00000000e8000000, 0x0000000100000000, 0x0000000100000000)
 Metaspace       used 48954K, capacity 49558K, committed 49656K, reserved 1093632K
  class space    used 5249K, capacity 5414K, committed 5420K, reserved 1048576K
}
2016-06-21T12:36:01.060+0100: 12963.369: Total time for which application threads were stopped: 0.0025217 seconds, Stopping threads took: 0.0000237 seconds
2016-06-21T12:36:07.063+0100: 12969.371: Total time for which application threads were stopped: 0.0000983 seconds, Stopping threads took: 0.0000292 seconds
2016-06-21T12:36:09.065+0100: 12971.373: Total time for which application threads were stopped: 0.0000928 seconds, Stopping threads took: 0.0000292 seconds
2016-06-21T12:36:12.066+0100: 12974.375: Total time for which application threads were stopped: 0.0001054 seconds, Stopping threads took: 0.0000300 seconds
2016-06-21T12:36:15.067+0100: 12977.376: Total time for which application threads were stopped: 0.0001224 seconds, Stopping threads took: 0.0000336 seconds
{Heap before GC invocations=186 (full 3):
 par new generation   total 109248K, used 88492K [0x00000000e0000000, 0x00000000e8000000, 0x00000000e8000000)
  eden space 87424K, 100% used [0x00000000e0000000, 0x00000000e5560000, 0x00000000e5560000)
  from space 21824K,   4% used [0x00000000e5560000, 0x00000000e566b180, 0x00000000e6ab0000)
  to   space 21824K,   0% used [0x00000000e6ab0000, 0x00000000e6ab0000, 0x00000000e8000000)
 concurrent mark-sweep generation total 393216K, used 152085K [0x00000000e8000000, 0x0000000100000000, 0x0000000100000000)
 Metaspace       used 48978K, capacity 49622K, committed 49656K, reserved 1093632K
  class space    used 5249K, capacity 5414K, committed 5420K, reserved 1048576K
2016-06-21T12:36:17.596+0100: 12979.904: [GC (Allocation Failure) 2016-06-21T12:36:17.596+0100: 12979.904: [ParNew
Desired survivor size 20112992 bytes, new threshold 8 (max 8)
- age   1:     891392 bytes,     891392 total
- age   2:     165496 bytes,    1056888 total
- age   3:      87288 bytes,    1144176 total
- age   6:        448 bytes,    1144624 total
- age   7:       4544 bytes,    1149168 total
: 88492K->1449K(109248K), 0.0024155 secs] 240577K->153534K(502464K), 0.0024739 secs] [Times: user=0.00 sys=0.00, real=0.00 secs] 
Heap after GC invocations=187 (full 3):
 par new generation   total 109248K, used 1449K [0x00000000e0000000, 0x00000000e8000000, 0x00000000e8000000)
  eden space 87424K,   0% used [0x00000000e0000000, 0x00000000e0000000, 0x00000000e5560000)
  from space 21824K,   6% used [0x00000000e6ab0000, 0x00000000e6c1a638, 0x00000000e8000000)
  to   space 21824K,   0% used [0x00000000e5560000, 0x00000000e5560000, 0x00000000e6ab0000)
 concurrent mark-sweep generation total 393216K, used 152085K [0x00000000e8000000, 0x0000000100000000, 0x0000000100000000)
 Metaspace       used 48978K, capacity 49622K, committed 49656K, reserved 1093632K
  class space    used 5249K, capacity 5414K, committed 5420K, reserved 1048576K
}
2016-06-21T12:36:17.598+0100: 12979.907: Total time for which application threads were stopped: 0.0027112 seconds, Stopping threads took: 0.0000205 seconds
2016-06-21T12:36:17.598+0100: 12979.907: Total time for which application threads were stopped: 0.0001437 seconds, Stopping threads took: 0.0000825 seconds
2016-06-21T12:36:17.599+0100: 12979.907: Total time for which application threads were stopped: 0.0001007 seconds, Stopping threads took: 0.0000478 seconds
2016-06-21T12:36:18.599+0100: 12980.908: Total time for which application threads were stopped: 0.0001015 seconds, Stopping threads took: 0.0000296 seconds
2016-06-21T12:36:24.603+0100: 12986.911: Total time for which application threads were stopped: 0.0001074 seconds, Stopping threads took: 0.0000268 seconds
2016-06-21T12:36:25.603+0100: 12987.911: Total time for which application threads were stopped: 0.0000920 seconds, Stopping threads took: 0.0000280 seconds
{Heap before GC invocations=187 (full 3):
 par new generation   total 109248K, used 88873K [0x00000000e0000000, 0x00000000e8000000, 0x00000000e8000000)
  eden space 87424K, 100% used [0x00000000e0000000, 0x00000000e5560000, 0x00000000e5560000)
  from space 21824K,   6% used [0x00000000e6ab0000, 0x00000000e6c1a638, 0x00000000e8000000)
  to   space 21824K,   0% used [0x00000000e5560000, 0x00000000e5560000, 0x00000000e6ab0000)
 concurrent mark-sweep generation total 393216K, used 152085K [0x00000000e8000000, 0x0000000100000000, 0x0000000100000000)
 Metaspace       used 48983K, capacity 49628K, committed 49656K, reserved 1093632K
  class space    used 5249K, capacity 5415K, committed 5420K, reserved 1048576K
2016-06-21T12:36:37.853+0100: 13000.162: [GC (Allocation Failure) 2016-06-21T12:36:37.853+0100: 13000.162: [ParNew
Desired survivor size 20112992 bytes, new threshold 8 (max 8)
- age   1:     333536 bytes,     333536 total
- age   2:     421976 bytes,     755512 total
- age   3:     165072 bytes,     920584 total
- age   4:      87216 bytes,    1007800 total
- age   7:        448 bytes,    1008248 total
- age   8:       4184 bytes,    1012432 total
: 88873K->1132K(109248K), 0.0021060 secs] 240958K->153217K(502464K), 0.0021964 secs] [Times: user=0.00 sys=0.00, real=0.00 secs] 
Heap after GC invocations=188 (full 3):
 par new generation   total 109248K, used 1132K [0x00000000e0000000, 0x00000000e8000000, 0x00000000e8000000)
  eden space 87424K,   0% used [0x00000000e0000000, 0x00000000e0000000, 0x00000000e5560000)
  from space 21824K,   5% used [0x00000000e5560000, 0x00000000e567b080, 0x00000000e6ab0000)
  to   space 21824K,   0% used [0x00000000e6ab0000, 0x00000000e6ab0000, 0x00000000e8000000)
 concurrent mark-sweep generation total 393216K, used 152085K [0x00000000e8000000, 0x0000000100000000, 0x0000000100000000)
 Metaspace       used 48983K, capacity 49628K, committed 49656K, reserved 1093632K
  class space    used 5249K, capacity 5415K, committed 5420K, reserved 1048576K
}
2016-06-21T12:36:37.856+0100: 13000.164: Total time for which application threads were stopped: 0.0024818 seconds, Stopping threads took: 0.0000257 seconds
2016-06-21T12:36:37.856+0100: 13000.164: Total time for which application threads were stopped: 0.0001105 seconds, Stopping threads took: 0.0000320 seconds
2016-06-21T12:36:37.856+0100: 13000.165: Total time for which application threads were stopped: 0.0000932 seconds, Stopping threads took: 0.0000414 seconds
2016-06-21T12:36:39.857+0100: 13002.165: Total time for which application threads were stopped: 0.0001038 seconds, Stopping threads took: 0.0000308 seconds
2016-06-21T12:36:40.857+0100: 13003.166: Total time for which application threads were stopped: 0.0001240 seconds, Stopping threads took: 0.0000411 seconds
2016-06-21T12:36:50.864+0100: 13013.173: Total time for which application threads were stopped: 0.0000884 seconds, Stopping threads took: 0.0000300 seconds
{Heap before GC invocations=188 (full 3):
 par new generation   total 109248K, used 88556K [0x00000000e0000000, 0x00000000e8000000, 0x00000000e8000000)
  eden space 87424K, 100% used [0x00000000e0000000, 0x00000000e5560000, 0x00000000e5560000)
  from space 21824K,   5% used [0x00000000e5560000, 0x00000000e567b080, 0x00000000e6ab0000)
  to   space 21824K,   0% used [0x00000000e6ab0000, 0x00000000e6ab0000, 0x00000000e8000000)
 concurrent mark-sweep generation total 393216K, used 152085K [0x00000000e8000000, 0x0000000100000000, 0x0000000100000000)
 Metaspace       used 48992K, capacity 49628K, committed 49656K, reserved 1093632K
  class space    used 5249K, capacity 5415K, committed 5420K, reserved 1048576K
2016-06-21T12:36:50.993+0100: 13013.302: [GC (Allocation Failure) 2016-06-21T12:36:50.993+0100: 13013.302: [ParNew
Desired survivor size 20112992 bytes, new threshold 8 (max 8)
- age   1:     641248 bytes,     641248 total
- age   2:      26480 bytes,     667728 total
- age   3:     120256 bytes,     787984 total
- age   4:     164928 bytes,     952912 total
- age   5:      87144 bytes,    1040056 total
- age   8:        448 bytes,    1040504 total
: 88556K->1469K(109248K), 0.0023314 secs] 240641K->153559K(502464K), 0.0024191 secs] [Times: user=0.00 sys=0.00, real=0.00 secs] 
Heap after GC invocations=189 (full 3):
 par new generation   total 109248K, used 1469K [0x00000000e0000000, 0x00000000e8000000, 0x00000000e8000000)
  eden space 87424K,   0% used [0x00000000e0000000, 0x00000000e0000000, 0x00000000e5560000)
  from space 21824K,   6% used [0x00000000e6ab0000, 0x00000000e6c1f640, 0x00000000e8000000)
  to   space 21824K,   0% used [0x00000000e5560000, 0x00000000e5560000, 0x00000000e6ab0000)
 concurrent mark-sweep generation total 393216K, used 152089K [0x00000000e8000000, 0x0000000100000000, 0x0000000100000000)
 Metaspace       used 48992K, capacity 49628K, committed 49656K, reserved 1093632K
  class space    used 5249K, capacity 5415K, committed 5420K, reserved 1048576K
}
2016-06-21T12:36:50.995+0100: 13013.304: Total time for which application threads were stopped: 0.0026263 seconds, Stopping threads took: 0.0000253 seconds
2016-06-21T12:36:50.995+0100: 13013.304: Total time for which application threads were stopped: 0.0001228 seconds, Stopping threads took: 0.0000525 seconds
2016-06-21T12:36:50.996+0100: 13013.305: Total time for which application threads were stopped: 0.0001875 seconds, Stopping threads took: 0.0000371 seconds
2016-06-21T12:37:04.002+0100: 13026.310: Total time for which application threads were stopped: 0.0000979 seconds, Stopping threads took: 0.0000316 seconds
{Heap before GC invocations=189 (full 3):
 par new generation   total 109248K, used 88893K [0x00000000e0000000, 0x00000000e8000000, 0x00000000e8000000)
  eden space 87424K, 100% used [0x00000000e0000000, 0x00000000e5560000, 0x00000000e5560000)
  from space 21824K,   6% used [0x00000000e6ab0000, 0x00000000e6c1f640, 0x00000000e8000000)
  to   space 21824K,   0% used [0x00000000e5560000, 0x00000000e5560000, 0x00000000e6ab0000)
 concurrent mark-sweep generation total 393216K, used 152089K [0x00000000e8000000, 0x0000000100000000, 0x0000000100000000)
 Metaspace       used 48993K, capacity 49628K, committed 49656K, reserved 1093632K
  class space    used 5249K, capacity 5415K, committed 5420K, reserved 1048576K
2016-06-21T12:37:18.385+0100: 13040.694: [GC (Allocation Failure) 2016-06-21T12:37:18.385+0100: 13040.694: [ParNew
Desired survivor size 20112992 bytes, new threshold 8 (max 8)
- age   1:     425960 bytes,     425960 total
- age   2:     261592 bytes,     687552 total
- age   3:      25592 bytes,     713144 total
- age   4:     119912 bytes,     833056 total
- age   5:     164880 bytes,     997936 total
- age   6:      87072 bytes,    1085008 total
: 88893K->1329K(109248K), 0.0025280 secs] 240983K->153419K(502464K), 0.0026074 secs] [Times: user=0.00 sys=0.00, real=0.00 secs] 
Heap after GC invocations=190 (full 3):
 par new generation   total 109248K, used 1329K [0x00000000e0000000, 0x00000000e8000000, 0x00000000e8000000)
  eden space 87424K,   0% used [0x00000000e0000000, 0x00000000e0000000, 0x00000000e5560000)
  from space 21824K,   6% used [0x00000000e5560000, 0x00000000e56ac6b8, 0x00000000e6ab0000)
  to   space 21824K,   0% used [0x00000000e6ab0000, 0x00000000e6ab0000, 0x00000000e8000000)
 concurrent mark-sweep generation total 393216K, used 152089K [0x00000000e8000000, 0x0000000100000000, 0x0000000100000000)
 Metaspace       used 48993K, capacity 49628K, committed 49656K, reserved 1093632K
  class space    used 5249K, capacity 5415K, committed 5420K, reserved 1048576K
}
2016-06-21T12:37:18.388+0100: 13040.697: Total time for which application threads were stopped: 0.0028809 seconds, Stopping threads took: 0.0000328 seconds
2016-06-21T12:37:47.147+0100: 13069.456: Total time for which application threads were stopped: 0.0002396 seconds, Stopping threads took: 0.0000288 seconds
{Heap before GC invocations=190 (full 3):
 par new generation   total 109248K, used 88753K [0x00000000e0000000, 0x00000000e8000000, 0x00000000e8000000)
  eden space 87424K, 100% used [0x00000000e0000000, 0x00000000e5560000, 0x00000000e5560000)
  from space 21824K,   6% used [0x00000000e5560000, 0x00000000e56ac6b8, 0x00000000e6ab0000)
  to   space 21824K,   0% used [0x00000000e6ab0000, 0x00000000e6ab0000, 0x00000000e8000000)
 concurrent mark-sweep generation total 393216K, used 152089K [0x00000000e8000000, 0x0000000100000000, 0x0000000100000000)
 Metaspace       used 48993K, capacity 49628K, committed 49656K, reserved 1093632K
  class space    used 5249K, capacity 5415K, committed 5420K, reserved 1048576K
2016-06-21T12:37:52.324+0100: 13074.633: [GC (Allocation Failure) 2016-06-21T12:37:52.324+0100: 13074.633: [ParNew
Desired survivor size 20112992 bytes, new threshold 8 (max 8)
- age   1:     457296 bytes,     457296 total
- age   2:     133456 bytes,     590752 total
- age   3:     101696 bytes,     692448 total
- age   4:      25416 bytes,     717864 total
- age   5:     119528 bytes,     837392 total
- age   6:     164568 bytes,    1001960 total
- age   7:      86976 bytes,    1088936 total
: 88753K->1477K(109248K), 0.0022000 secs] 240843K->153567K(502464K), 0.0022916 secs] [Times: user=0.00 sys=0.00, real=0.00 secs] 
Heap after GC invocations=191 (full 3):
 par new generation   total 109248K, used 1477K [0x00000000e0000000, 0x00000000e8000000, 0x00000000e8000000)
  eden space 87424K,   0% used [0x00000000e0000000, 0x00000000e0000000, 0x00000000e5560000)
  from space 21824K,   6% used [0x00000000e6ab0000, 0x00000000e6c21680, 0x00000000e8000000)
  to   space 21824K,   0% used [0x00000000e5560000, 0x00000000e5560000, 0x00000000e6ab0000)
 concurrent mark-sweep generation total 393216K, used 152089K [0x00000000e8000000, 0x0000000100000000, 0x0000000100000000)
 Metaspace       used 48993K, capacity 49628K, committed 49656K, reserved 1093632K
  class space    used 5249K, capacity 5415K, committed 5420K, reserved 1048576K
}
2016-06-21T12:37:52.327+0100: 13074.635: Total time for which application threads were stopped: 0.0025533 seconds, Stopping threads took: 0.0000284 seconds
2016-06-21T12:37:52.327+0100: 13074.636: Total time for which application threads were stopped: 0.0001172 seconds, Stopping threads took: 0.0000399 seconds
2016-06-21T12:37:52.327+0100: 13074.636: Total time for which application threads were stopped: 0.0000675 seconds, Stopping threads took: 0.0000253 seconds
2016-06-21T12:37:52.895+0100: 13075.204: Total time for which application threads were stopped: 0.0002100 seconds, Stopping threads took: 0.0000225 seconds
2016-06-21T12:37:52.896+0100: 13075.205: Total time for which application threads were stopped: 0.0001622 seconds, Stopping threads took: 0.0000146 seconds
{Heap before GC invocations=191 (full 3):
 par new generation   total 109248K, used 88901K [0x00000000e0000000, 0x00000000e8000000, 0x00000000e8000000)
  eden space 87424K, 100% used [0x00000000e0000000, 0x00000000e5560000, 0x00000000e5560000)
  from space 21824K,   6% used [0x00000000e6ab0000, 0x00000000e6c21680, 0x00000000e8000000)
  to   space 21824K,   0% used [0x00000000e5560000, 0x00000000e5560000, 0x00000000e6ab0000)
 concurrent mark-sweep generation total 393216K, used 152089K [0x00000000e8000000, 0x0000000100000000, 0x0000000100000000)
 Metaspace       used 48994K, capacity 49628K, committed 49656K, reserved 1093632K
  class space    used 5249K, capacity 5415K, committed 5420K, reserved 1048576K
2016-06-21T12:38:27.042+0100: 13109.351: [GC (Allocation Failure) 2016-06-21T12:38:27.042+0100: 13109.351: [ParNew
Desired survivor size 20112992 bytes, new threshold 8 (max 8)
- age   1:     242808 bytes,     242808 total
- age   2:     182256 bytes,     425064 total
- age   3:     132656 bytes,     557720 total
- age   4:      86816 bytes,     644536 total
- age   5:      24760 bytes,     669296 total
- age   6:     119264 bytes,     788560 total
- age   7:     164448 bytes,     953008 total
- age   8:      86880 bytes,    1039888 total
: 88901K->1437K(109248K), 0.0023022 secs] 240991K->153527K(502464K), 0.0023899 secs] [Times: user=0.00 sys=0.00, real=0.00 secs] 
Heap after GC invocations=192 (full 3):
 par new generation   total 109248K, used 1437K [0x00000000e0000000, 0x00000000e8000000, 0x00000000e8000000)
  eden space 87424K,   0% used [0x00000000e0000000, 0x00000000e0000000, 0x00000000e5560000)
  from space 21824K,   6% used [0x00000000e5560000, 0x00000000e56c7528, 0x00000000e6ab0000)
  to   space 21824K,   0% used [0x00000000e6ab0000, 0x00000000e6ab0000, 0x00000000e8000000)
 concurrent mark-sweep generation total 393216K, used 152089K [0x00000000e8000000, 0x0000000100000000, 0x0000000100000000)
 Metaspace       used 48994K, capacity 49628K, committed 49656K, reserved 1093632K
  class space    used 5249K, capacity 5415K, committed 5420K, reserved 1048576K
}
2016-06-21T12:38:27.045+0100: 13109.354: Total time for which application threads were stopped: 0.0026326 seconds, Stopping threads took: 0.0000280 seconds
2016-06-21T12:38:27.045+0100: 13109.354: Total time for which application threads were stopped: 0.0001480 seconds, Stopping threads took: 0.0000336 seconds
2016-06-21T12:38:40.053+0100: 13122.361: Total time for which application threads were stopped: 0.0000936 seconds, Stopping threads took: 0.0000268 seconds
{Heap before GC invocations=192 (full 3):
 par new generation   total 109248K, used 88861K [0x00000000e0000000, 0x00000000e8000000, 0x00000000e8000000)
  eden space 87424K, 100% used [0x00000000e0000000, 0x00000000e5560000, 0x00000000e5560000)
  from space 21824K,   6% used [0x00000000e5560000, 0x00000000e56c7528, 0x00000000e6ab0000)
  to   space 21824K,   0% used [0x00000000e6ab0000, 0x00000000e6ab0000, 0x00000000e8000000)
 concurrent mark-sweep generation total 393216K, used 152089K [0x00000000e8000000, 0x0000000100000000, 0x0000000100000000)
 Metaspace       used 48997K, capacity 49628K, committed 49656K, reserved 1093632K
  class space    used 5249K, capacity 5415K, committed 5420K, reserved 1048576K
2016-06-21T12:38:45.231+0100: 13127.541: [GC (Allocation Failure) 2016-06-21T12:38:45.232+0100: 13127.541: [ParNew
Desired survivor size 20112992 bytes, new threshold 8 (max 8)
- age   1:     315208 bytes,     315208 total
- age   2:      35552 bytes,     350760 total
- age   3:     181400 bytes,     532160 total
- age   4:     132480 bytes,     664640 total
- age   5:      86528 bytes,     751168 total
- age   6:      24568 bytes,     775736 total
- age   7:     118352 bytes,     894088 total
- age   8:     164400 bytes,    1058488 total
: 88861K->1400K(109248K), 0.0025845 secs] 240951K->153575K(502464K), 0.0026812 secs] [Times: user=0.06 sys=0.00, real=0.00 secs] 
Heap after GC invocations=193 (full 3):
 par new generation   total 109248K, used 1400K [0x00000000e0000000, 0x00000000e8000000, 0x00000000e8000000)
  eden space 87424K,   0% used [0x00000000e0000000, 0x00000000e0000000, 0x00000000e5560000)
  from space 21824K,   6% used [0x00000000e6ab0000, 0x00000000e6c0e378, 0x00000000e8000000)
  to   space 21824K,   0% used [0x00000000e5560000, 0x00000000e5560000, 0x00000000e6ab0000)
 concurrent mark-sweep generation total 393216K, used 152174K [0x00000000e8000000, 0x0000000100000000, 0x0000000100000000)
 Metaspace       used 48997K, capacity 49628K, committed 49656K, reserved 1093632K
  class space    used 5249K, capacity 5415K, committed 5420K, reserved 1048576K
}
2016-06-21T12:38:45.234+0100: 13127.543: Total time for which application threads were stopped: 0.0029319 seconds, Stopping threads took: 0.0000272 seconds
2016-06-21T12:38:45.235+0100: 13127.544: Total time for which application threads were stopped: 0.0001192 seconds, Stopping threads took: 0.0000296 seconds
2016-06-21T12:38:45.235+0100: 13127.544: Total time for which application threads were stopped: 0.0000659 seconds, Stopping threads took: 0.0000142 seconds
2016-06-21T12:38:46.236+0100: 13128.544: Total time for which application threads were stopped: 0.0001259 seconds, Stopping threads took: 0.0000288 seconds
2016-06-21T12:38:47.236+0100: 13129.545: Total time for which application threads were stopped: 0.0000793 seconds, Stopping threads took: 0.0000237 seconds
2016-06-21T12:39:37.267+0100: 13179.575: Total time for which application threads were stopped: 0.0001425 seconds, Stopping threads took: 0.0000411 seconds
2016-06-21T12:40:27.290+0100: 13229.598: Total time for which application threads were stopped: 0.0001018 seconds, Stopping threads took: 0.0000280 seconds
2016-06-21T14:00:21.960+0100: 18024.287: Total time for which application threads were stopped: 0.0010686 seconds, Stopping threads took: 0.0002361 seconds
2016-06-21T14:00:21.977+0100: 18024.304: Total time for which application threads were stopped: 0.0004125 seconds, Stopping threads took: 0.0000193 seconds
2016-06-21T14:00:21.978+0100: 18024.305: Total time for which application threads were stopped: 0.0000596 seconds, Stopping threads took: 0.0000103 seconds
2016-06-21T14:00:22.013+0100: 18024.341: Total time for which application threads were stopped: 0.0000900 seconds, Stopping threads took: 0.0000241 seconds
2016-06-21T14:00:23.014+0100: 18025.341: Total time for which application threads were stopped: 0.0003711 seconds, Stopping threads took: 0.0001330 seconds
{Heap before GC invocations=193 (full 3):
 par new generation   total 109248K, used 88824K [0x00000000e0000000, 0x00000000e8000000, 0x00000000e8000000)
  eden space 87424K, 100% used [0x00000000e0000000, 0x00000000e5560000, 0x00000000e5560000)
  from space 21824K,   6% used [0x00000000e6ab0000, 0x00000000e6c0e378, 0x00000000e8000000)
  to   space 21824K,   0% used [0x00000000e5560000, 0x00000000e5560000, 0x00000000e6ab0000)
 concurrent mark-sweep generation total 393216K, used 152174K [0x00000000e8000000, 0x0000000100000000, 0x0000000100000000)
 Metaspace       used 49004K, capacity 49628K, committed 49656K, reserved 1093632K
  class space    used 5249K, capacity 5415K, committed 5420K, reserved 1048576K
2016-06-21T14:00:23.218+0100: 18025.545: [GC (Allocation Failure) 2016-06-21T14:00:23.218+0100: 18025.545: [ParNew
Desired survivor size 20112992 bytes, new threshold 8 (max 8)
- age   1:    2002232 bytes,    2002232 total
- age   2:      15256 bytes,    2017488 total
- age   3:      34896 bytes,    2052384 total
- age   4:     181064 bytes,    2233448 total
- age   5:     132328 bytes,    2365776 total
- age   6:      71600 bytes,    2437376 total
- age   7:      24520 bytes,    2461896 total
- age   8:     118184 bytes,    2580080 total
: 88824K->2892K(109248K), 0.0251311 secs] 240999K->155228K(502464K), 0.0253229 secs] [Times: user=0.03 sys=0.02, real=0.03 secs] 
Heap after GC invocations=194 (full 3):
 par new generation   total 109248K, used 2892K [0x00000000e0000000, 0x00000000e8000000, 0x00000000e8000000)
  eden space 87424K,   0% used [0x00000000e0000000, 0x00000000e0000000, 0x00000000e5560000)
  from space 21824K,  13% used [0x00000000e5560000, 0x00000000e5833290, 0x00000000e6ab0000)
  to   space 21824K,   0% used [0x00000000e6ab0000, 0x00000000e6ab0000, 0x00000000e8000000)
 concurrent mark-sweep generation total 393216K, used 152335K [0x00000000e8000000, 0x0000000100000000, 0x0000000100000000)
 Metaspace       used 49004K, capacity 49628K, committed 49656K, reserved 1093632K
  class space    used 5249K, capacity 5415K, committed 5420K, reserved 1048576K
}
2016-06-21T14:00:23.243+0100: 18025.571: Total time for which application threads were stopped: 0.0256778 seconds, Stopping threads took: 0.0000225 seconds
2016-06-21T14:00:23.244+0100: 18025.571: Total time for which application threads were stopped: 0.0004030 seconds, Stopping threads took: 0.0002511 seconds
2016-06-21T14:00:23.244+0100: 18025.572: Total time for which application threads were stopped: 0.0001318 seconds, Stopping threads took: 0.0000186 seconds
2016-06-21T14:00:23.244+0100: 18025.572: Total time for which application threads were stopped: 0.0000699 seconds, Stopping threads took: 0.0000261 seconds
{Heap before GC invocations=194 (full 3):
 par new generation   total 109248K, used 90316K [0x00000000e0000000, 0x00000000e8000000, 0x00000000e8000000)
  eden space 87424K, 100% used [0x00000000e0000000, 0x00000000e5560000, 0x00000000e5560000)
  from space 21824K,  13% used [0x00000000e5560000, 0x00000000e5833290, 0x00000000e6ab0000)
  to   space 21824K,   0% used [0x00000000e6ab0000, 0x00000000e6ab0000, 0x00000000e8000000)
 concurrent mark-sweep generation total 393216K, used 152335K [0x00000000e8000000, 0x0000000100000000, 0x0000000100000000)
 Metaspace       used 49007K, capacity 49628K, committed 49656K, reserved 1093632K
  class space    used 5249K, capacity 5415K, committed 5420K, reserved 1048576K
2016-06-21T14:00:23.547+0100: 18025.873: [GC (Allocation Failure) 2016-06-21T14:00:23.547+0100: 18025.873: [ParNew
Desired survivor size 20112992 bytes, new threshold 8 (max 8)
- age   1:    1792976 bytes,    1792976 total
- age   2:     204504 bytes,    1997480 total
- age   3:      14784 bytes,    2012264 total
- age   4:      34896 bytes,    2047160 total
- age   5:     181064 bytes,    2228224 total
- age   6:     132304 bytes,    2360528 total
- age   7:      71576 bytes,    2432104 total
- age   8:      24440 bytes,    2456544 total
: 90316K->3136K(109248K), 0.0056383 secs] 242652K->155587K(502464K), 0.0057149 secs] [Times: user=0.00 sys=0.00, real=0.01 secs] 
Heap after GC invocations=195 (full 3):
 par new generation   total 109248K, used 3136K [0x00000000e0000000, 0x00000000e8000000, 0x00000000e8000000)
  eden space 87424K,   0% used [0x00000000e0000000, 0x00000000e0000000, 0x00000000e5560000)
  from space 21824K,  14% used [0x00000000e6ab0000, 0x00000000e6dc0128, 0x00000000e8000000)
  to   space 21824K,   0% used [0x00000000e5560000, 0x00000000e5560000, 0x00000000e6ab0000)
 concurrent mark-sweep generation total 393216K, used 152450K [0x00000000e8000000, 0x0000000100000000, 0x0000000100000000)
 Metaspace       used 49007K, capacity 49628K, committed 49656K, reserved 1093632K
  class space    used 5249K, capacity 5415K, committed 5420K, reserved 1048576K
}
2016-06-21T14:00:23.553+0100: 18025.879: Total time for which application threads were stopped: 0.0059652 seconds, Stopping threads took: 0.0000280 seconds
{Heap before GC invocations=195 (full 3):
 par new generation   total 109248K, used 90560K [0x00000000e0000000, 0x00000000e8000000, 0x00000000e8000000)
  eden space 87424K, 100% used [0x00000000e0000000, 0x00000000e5560000, 0x00000000e5560000)
  from space 21824K,  14% used [0x00000000e6ab0000, 0x00000000e6dc0128, 0x00000000e8000000)
  to   space 21824K,   0% used [0x00000000e5560000, 0x00000000e5560000, 0x00000000e6ab0000)
 concurrent mark-sweep generation total 393216K, used 152450K [0x00000000e8000000, 0x0000000100000000, 0x0000000100000000)
 Metaspace       used 49010K, capacity 49628K, committed 49656K, reserved 1093632K
  class space    used 5249K, capacity 5415K, committed 5420K, reserved 1048576K
2016-06-21T14:00:25.236+0100: 18027.564: [GC (Allocation Failure) 2016-06-21T14:00:25.236+0100: 18027.564: [ParNew
Desired survivor size 20112992 bytes, new threshold 8 (max 8)
- age   1:     940112 bytes,     940112 total
- age   2:      26784 bytes,     966896 total
- age   3:     198264 bytes,    1165160 total
- age   4:      14112 bytes,    1179272 total
- age   5:      34560 bytes,    1213832 total
- age   6:     181064 bytes,    1394896 total
- age   7:     132232 bytes,    1527128 total
- age   8:      71216 bytes,    1598344 total
: 90560K->2184K(109248K), 0.0045188 secs] 243011K->154659K(502464K), 0.0045867 secs] [Times: user=0.00 sys=0.00, real=0.00 secs] 
Heap after GC invocations=196 (full 3):
 par new generation   total 109248K, used 2184K [0x00000000e0000000, 0x00000000e8000000, 0x00000000e8000000)
  eden space 87424K,   0% used [0x00000000e0000000, 0x00000000e0000000, 0x00000000e5560000)
  from space 21824K,  10% used [0x00000000e5560000, 0x00000000e57820a8, 0x00000000e6ab0000)
  to   space 21824K,   0% used [0x00000000e6ab0000, 0x00000000e6ab0000, 0x00000000e8000000)
 concurrent mark-sweep generation total 393216K, used 152474K [0x00000000e8000000, 0x0000000100000000, 0x0000000100000000)
 Metaspace       used 49010K, capacity 49628K, committed 49656K, reserved 1093632K
  class space    used 5249K, capacity 5415K, committed 5420K, reserved 1048576K
}
2016-06-21T14:00:25.241+0100: 18027.568: Total time for which application threads were stopped: 0.0049625 seconds, Stopping threads took: 0.0000304 seconds
2016-06-21T14:00:25.241+0100: 18027.568: Total time for which application threads were stopped: 0.0001528 seconds, Stopping threads took: 0.0000675 seconds
2016-06-21T14:00:25.241+0100: 18027.569: Total time for which application threads were stopped: 0.0000908 seconds, Stopping threads took: 0.0000316 seconds
2016-06-21T14:00:25.242+0100: 18027.569: Total time for which application threads were stopped: 0.0000995 seconds, Stopping threads took: 0.0000517 seconds
2016-06-21T14:00:25.242+0100: 18027.569: Total time for which application threads were stopped: 0.0000687 seconds, Stopping threads took: 0.0000257 seconds
2016-06-21T14:00:25.242+0100: 18027.569: Total time for which application threads were stopped: 0.0000959 seconds, Stopping threads took: 0.0000616 seconds
2016-06-21T14:00:25.242+0100: 18027.569: Total time for which application threads were stopped: 0.0000699 seconds, Stopping threads took: 0.0000217 seconds
2016-06-21T14:00:25.242+0100: 18027.569: Total time for which application threads were stopped: 0.0001236 seconds, Stopping threads took: 0.0000225 seconds
2016-06-21T14:00:25.242+0100: 18027.569: Total time for which application threads were stopped: 0.0000545 seconds, Stopping threads took: 0.0000233 seconds
2016-06-21T14:00:25.242+0100: 18027.569: Total time for which application threads were stopped: 0.0000778 seconds, Stopping threads took: 0.0000213 seconds
2016-06-21T14:00:25.242+0100: 18027.570: Total time for which application threads were stopped: 0.0001816 seconds, Stopping threads took: 0.0000205 seconds
2016-06-21T14:00:25.242+0100: 18027.570: Total time for which application threads were stopped: 0.0000671 seconds, Stopping threads took: 0.0000217 seconds
2016-06-21T14:00:25.243+0100: 18027.570: Total time for which application threads were stopped: 0.0001978 seconds, Stopping threads took: 0.0000395 seconds
2016-06-21T14:00:26.244+0100: 18028.571: Total time for which application threads were stopped: 0.0002029 seconds, Stopping threads took: 0.0000525 seconds
{Heap before GC invocations=196 (full 3):
 par new generation   total 109248K, used 89608K [0x00000000e0000000, 0x00000000e8000000, 0x00000000e8000000)
  eden space 87424K, 100% used [0x00000000e0000000, 0x00000000e5560000, 0x00000000e5560000)
  from space 21824K,  10% used [0x00000000e5560000, 0x00000000e57820a8, 0x00000000e6ab0000)
  to   space 21824K,   0% used [0x00000000e6ab0000, 0x00000000e6ab0000, 0x00000000e8000000)
 concurrent mark-sweep generation total 393216K, used 152474K [0x00000000e8000000, 0x0000000100000000, 0x0000000100000000)
 Metaspace       used 49010K, capacity 49628K, committed 49656K, reserved 1093632K
  class space    used 5249K, capacity 5415K, committed 5420K, reserved 1048576K
2016-06-21T14:00:28.256+0100: 18030.583: [GC (Allocation Failure) 2016-06-21T14:00:28.256+0100: 18030.583: [ParNew
Desired survivor size 20112992 bytes, new threshold 1 (max 8)
- age   1:   21168704 bytes,   21168704 total
- age   2:       4840 bytes,   21173544 total
- age   3:      25360 bytes,   21198904 total
- age   4:     197544 bytes,   21396448 total
- age   5:      14112 bytes,   21410560 total
- age   6:      34560 bytes,   21445120 total
- age   7:     181064 bytes,   21626184 total
- age   8:     132184 bytes,   21758368 total
: 89608K->21824K(109248K), 0.0216347 secs] 242083K->175120K(502464K), 0.0217326 secs] [Times: user=0.00 sys=0.06, real=0.02 secs] 
Heap after GC invocations=197 (full 3):
 par new generation   total 109248K, used 21824K [0x00000000e0000000, 0x00000000e8000000, 0x00000000e8000000)
  eden space 87424K,   0% used [0x00000000e0000000, 0x00000000e0000000, 0x00000000e5560000)
  from space 21824K, 100% used [0x00000000e6ab0000, 0x00000000e8000000, 0x00000000e8000000)
  to   space 21824K,   0% used [0x00000000e5560000, 0x00000000e5560000, 0x00000000e6ab0000)
 concurrent mark-sweep generation total 393216K, used 153296K [0x00000000e8000000, 0x0000000100000000, 0x0000000100000000)
 Metaspace       used 49010K, capacity 49628K, committed 49656K, reserved 1093632K
  class space    used 5249K, capacity 5415K, committed 5420K, reserved 1048576K
}
2016-06-21T14:00:28.278+0100: 18030.605: Total time for which application threads were stopped: 0.0220125 seconds, Stopping threads took: 0.0000383 seconds
2016-06-21T14:00:28.279+0100: 18030.605: Total time for which application threads were stopped: 0.0002033 seconds, Stopping threads took: 0.0000616 seconds
2016-06-21T14:00:28.279+0100: 18030.605: Total time for which application threads were stopped: 0.0000876 seconds, Stopping threads took: 0.0000320 seconds
2016-06-21T14:00:28.279+0100: 18030.606: Total time for which application threads were stopped: 0.0000766 seconds, Stopping threads took: 0.0000292 seconds
2016-06-21T14:00:28.279+0100: 18030.606: Total time for which application threads were stopped: 0.0000833 seconds, Stopping threads took: 0.0000268 seconds
2016-06-21T14:00:28.279+0100: 18030.606: Total time for which application threads were stopped: 0.0000683 seconds, Stopping threads took: 0.0000261 seconds
2016-06-21T14:00:28.279+0100: 18030.606: Total time for which application threads were stopped: 0.0000695 seconds, Stopping threads took: 0.0000245 seconds
2016-06-21T14:00:28.279+0100: 18030.606: Total time for which application threads were stopped: 0.0001480 seconds, Stopping threads took: 0.0000138 seconds
2016-06-21T14:00:28.279+0100: 18030.606: Total time for which application threads were stopped: 0.0000651 seconds, Stopping threads took: 0.0000217 seconds
2016-06-21T14:00:28.279+0100: 18030.606: Total time for which application threads were stopped: 0.0000592 seconds, Stopping threads took: 0.0000138 seconds
2016-06-21T14:00:28.279+0100: 18030.606: Total time for which application threads were stopped: 0.0000525 seconds, Stopping threads took: 0.0000107 seconds
2016-06-21T14:00:28.280+0100: 18030.606: Total time for which application threads were stopped: 0.0000651 seconds, Stopping threads took: 0.0000253 seconds
{Heap before GC invocations=197 (full 3):
 par new generation   total 109248K, used 109248K [0x00000000e0000000, 0x00000000e8000000, 0x00000000e8000000)
  eden space 87424K, 100% used [0x00000000e0000000, 0x00000000e5560000, 0x00000000e5560000)
  from space 21824K, 100% used [0x00000000e6ab0000, 0x00000000e8000000, 0x00000000e8000000)
  to   space 21824K,   0% used [0x00000000e5560000, 0x00000000e5560000, 0x00000000e6ab0000)
 concurrent mark-sweep generation total 393216K, used 153296K [0x00000000e8000000, 0x0000000100000000, 0x0000000100000000)
 Metaspace       used 49010K, capacity 49628K, committed 49656K, reserved 1093632K
  class space    used 5249K, capacity 5415K, committed 5420K, reserved 1048576K
2016-06-21T14:00:28.501+0100: 18030.828: [GC (Allocation Failure) 2016-06-21T14:00:28.501+0100: 18030.828: [ParNew
Desired survivor size 20112992 bytes, new threshold 8 (max 8)
- age   1:    1930296 bytes,    1930296 total
: 109248K->16160K(109248K), 0.0389267 secs] 262544K->190348K(502464K), 0.0390056 secs] [Times: user=0.05 sys=0.06, real=0.04 secs] 
Heap after GC invocations=198 (full 3):
 par new generation   total 109248K, used 16160K [0x00000000e0000000, 0x00000000e8000000, 0x00000000e8000000)
  eden space 87424K,   0% used [0x00000000e0000000, 0x00000000e0000000, 0x00000000e5560000)
  from space 21824K,  74% used [0x00000000e5560000, 0x00000000e6528240, 0x00000000e6ab0000)
  to   space 21824K,   0% used [0x00000000e6ab0000, 0x00000000e6ab0000, 0x00000000e8000000)
 concurrent mark-sweep generation total 393216K, used 174188K [0x00000000e8000000, 0x0000000100000000, 0x0000000100000000)
 Metaspace       used 49010K, capacity 49628K, committed 49656K, reserved 1093632K
  class space    used 5249K, capacity 5415K, committed 5420K, reserved 1048576K
}
2016-06-21T14:00:28.540+0100: 18030.867: Total time for which application threads were stopped: 0.0392618 seconds, Stopping threads took: 0.0000296 seconds
{Heap before GC invocations=198 (full 3):
 par new generation   total 109248K, used 103584K [0x00000000e0000000, 0x00000000e8000000, 0x00000000e8000000)
  eden space 87424K, 100% used [0x00000000e0000000, 0x00000000e5560000, 0x00000000e5560000)
  from space 21824K,  74% used [0x00000000e5560000, 0x00000000e6528240, 0x00000000e6ab0000)
  to   space 21824K,   0% used [0x00000000e6ab0000, 0x00000000e6ab0000, 0x00000000e8000000)
 concurrent mark-sweep generation total 393216K, used 174188K [0x00000000e8000000, 0x0000000100000000, 0x0000000100000000)
 Metaspace       used 49010K, capacity 49628K, committed 49656K, reserved 1093632K
  class space    used 5249K, capacity 5415K, committed 5420K, reserved 1048576K
2016-06-21T14:00:28.747+0100: 18031.074: [GC (Allocation Failure) 2016-06-21T14:00:28.747+0100: 18031.074: [ParNew
Desired survivor size 20112992 bytes, new threshold 8 (max 8)
- age   1:    1212704 bytes,    1212704 total
- age   2:    1145776 bytes,    2358480 total
: 103584K->4242K(109248K), 0.0031948 secs] 277772K->178430K(502464K), 0.0032883 secs] [Times: user=0.06 sys=0.00, real=0.00 secs] 
Heap after GC invocations=199 (full 3):
 par new generation   total 109248K, used 4242K [0x00000000e0000000, 0x00000000e8000000, 0x00000000e8000000)
  eden space 87424K,   0% used [0x00000000e0000000, 0x00000000e0000000, 0x00000000e5560000)
  from space 21824K,  19% used [0x00000000e6ab0000, 0x00000000e6ed4860, 0x00000000e8000000)
  to   space 21824K,   0% used [0x00000000e5560000, 0x00000000e5560000, 0x00000000e6ab0000)
 concurrent mark-sweep generation total 393216K, used 174188K [0x00000000e8000000, 0x0000000100000000, 0x0000000100000000)
 Metaspace       used 49010K, capacity 49628K, committed 49656K, reserved 1093632K
  class space    used 5249K, capacity 5415K, committed 5420K, reserved 1048576K
}
2016-06-21T14:00:28.751+0100: 18031.077: Total time for which application threads were stopped: 0.0035627 seconds, Stopping threads took: 0.0000371 seconds
{Heap before GC invocations=199 (full 3):
 par new generation   total 109248K, used 91666K [0x00000000e0000000, 0x00000000e8000000, 0x00000000e8000000)
  eden space 87424K, 100% used [0x00000000e0000000, 0x00000000e5560000, 0x00000000e5560000)
  from space 21824K,  19% used [0x00000000e6ab0000, 0x00000000e6ed4860, 0x00000000e8000000)
  to   space 21824K,   0% used [0x00000000e5560000, 0x00000000e5560000, 0x00000000e6ab0000)
 concurrent mark-sweep generation total 393216K, used 174188K [0x00000000e8000000, 0x0000000100000000, 0x0000000100000000)
 Metaspace       used 49010K, capacity 49628K, committed 49656K, reserved 1093632K
  class space    used 5249K, capacity 5415K, committed 5420K, reserved 1048576K
2016-06-21T14:00:28.950+0100: 18031.277: [GC (Allocation Failure) 2016-06-21T14:00:28.950+0100: 18031.277: [ParNew
Desired survivor size 20112992 bytes, new threshold 8 (max 8)
- age   1:    2239936 bytes,    2239936 total
- age   2:     820608 bytes,    3060544 total
- age   3:     785312 bytes,    3845856 total
: 91666K->4434K(109248K), 0.0038951 secs] 265854K->178623K(502464K), 0.0039768 secs] [Times: user=0.03 sys=0.03, real=0.00 secs] 
Heap after GC invocations=200 (full 3):
 par new generation   total 109248K, used 4434K [0x00000000e0000000, 0x00000000e8000000, 0x00000000e8000000)
  eden space 87424K,   0% used [0x00000000e0000000, 0x00000000e0000000, 0x00000000e5560000)
  from space 21824K,  20% used [0x00000000e5560000, 0x00000000e59b4bd0, 0x00000000e6ab0000)
  to   space 21824K,   0% used [0x00000000e6ab0000, 0x00000000e6ab0000, 0x00000000e8000000)
 concurrent mark-sweep generation total 393216K, used 174188K [0x00000000e8000000, 0x0000000100000000, 0x0000000100000000)
 Metaspace       used 49010K, capacity 49628K, committed 49656K, reserved 1093632K
  class space    used 5249K, capacity 5415K, committed 5420K, reserved 1048576K
}
2016-06-21T14:00:28.954+0100: 18031.281: Total time for which application threads were stopped: 0.0042369 seconds, Stopping threads took: 0.0000316 seconds
{Heap before GC invocations=200 (full 3):
 par new generation   total 109248K, used 91858K [0x00000000e0000000, 0x00000000e8000000, 0x00000000e8000000)
  eden space 87424K, 100% used [0x00000000e0000000, 0x00000000e5560000, 0x00000000e5560000)
  from space 21824K,  20% used [0x00000000e5560000, 0x00000000e59b4bd0, 0x00000000e6ab0000)
  to   space 21824K,   0% used [0x00000000e6ab0000, 0x00000000e6ab0000, 0x00000000e8000000)
 concurrent mark-sweep generation total 393216K, used 174188K [0x00000000e8000000, 0x0000000100000000, 0x0000000100000000)
 Metaspace       used 49010K, capacity 49628K, committed 49656K, reserved 1093632K
  class space    used 5249K, capacity 5415K, committed 5420K, reserved 1048576K
2016-06-21T14:00:29.151+0100: 18031.478: [GC (Allocation Failure) 2016-06-21T14:00:29.151+0100: 18031.478: [ParNew
Desired survivor size 20112992 bytes, new threshold 8 (max 8)
- age   1:    1137664 bytes,    1137664 total
- age   2:    1523728 bytes,    2661392 total
- age   3:     820608 bytes,    3482000 total
- age   4:     785312 bytes,    4267312 total
: 91858K->5979K(109248K), 0.0027842 secs] 266047K->180168K(502464K), 0.0028577 secs] [Times: user=0.00 sys=0.00, real=0.00 secs] 
Heap after GC invocations=201 (full 3):
 par new generation   total 109248K, used 5979K [0x00000000e0000000, 0x00000000e8000000, 0x00000000e8000000)
  eden space 87424K,   0% used [0x00000000e0000000, 0x00000000e0000000, 0x00000000e5560000)
  from space 21824K,  27% used [0x00000000e6ab0000, 0x00000000e7086f10, 0x00000000e8000000)
  to   space 21824K,   0% used [0x00000000e5560000, 0x00000000e5560000, 0x00000000e6ab0000)
 concurrent mark-sweep generation total 393216K, used 174188K [0x00000000e8000000, 0x0000000100000000, 0x0000000100000000)
 Metaspace       used 49010K, capacity 49628K, committed 49656K, reserved 1093632K
  class space    used 5249K, capacity 5415K, committed 5420K, reserved 1048576K
}
2016-06-21T14:00:29.154+0100: 18031.481: Total time for which application threads were stopped: 0.0031150 seconds, Stopping threads took: 0.0000288 seconds
2016-06-21T14:00:30.155+0100: 18032.482: Total time for which application threads were stopped: 0.0002313 seconds, Stopping threads took: 0.0000565 seconds
2016-06-21T14:00:31.156+0100: 18033.483: Total time for which application threads were stopped: 0.0001129 seconds, Stopping threads took: 0.0000284 seconds
{Heap before GC invocations=201 (full 3):
 par new generation   total 109248K, used 93403K [0x00000000e0000000, 0x00000000e8000000, 0x00000000e8000000)
  eden space 87424K, 100% used [0x00000000e0000000, 0x00000000e5560000, 0x00000000e5560000)
  from space 21824K,  27% used [0x00000000e6ab0000, 0x00000000e7086f10, 0x00000000e8000000)
  to   space 21824K,   0% used [0x00000000e5560000, 0x00000000e5560000, 0x00000000e6ab0000)
 concurrent mark-sweep generation total 393216K, used 174188K [0x00000000e8000000, 0x0000000100000000, 0x0000000100000000)
 Metaspace       used 49082K, capacity 49698K, committed 49912K, reserved 1093632K
  class space    used 5250K, capacity 5416K, committed 5420K, reserved 1048576K
2016-06-21T14:00:39.478+0100: 18041.805: [GC (Allocation Failure) 2016-06-21T14:00:39.478+0100: 18041.805: [ParNew
Desired survivor size 20112992 bytes, new threshold 8 (max 8)
- age   1:    8951760 bytes,    8951760 total
- age   2:      33408 bytes,    8985168 total
- age   3:      32016 bytes,    9017184 total
- age   4:      33408 bytes,    9050592 total
- age   5:      30912 bytes,    9081504 total
: 93403K->9676K(109248K), 0.0075036 secs] 267592K->183865K(502464K), 0.0076038 secs] [Times: user=0.02 sys=0.03, real=0.01 secs] 
Heap after GC invocations=202 (full 3):
 par new generation   total 109248K, used 9676K [0x00000000e0000000, 0x00000000e8000000, 0x00000000e8000000)
  eden space 87424K,   0% used [0x00000000e0000000, 0x00000000e0000000, 0x00000000e5560000)
  from space 21824K,  44% used [0x00000000e5560000, 0x00000000e5ed32e0, 0x00000000e6ab0000)
  to   space 21824K,   0% used [0x00000000e6ab0000, 0x00000000e6ab0000, 0x00000000e8000000)
 concurrent mark-sweep generation total 393216K, used 174188K [0x00000000e8000000, 0x0000000100000000, 0x0000000100000000)
 Metaspace       used 49082K, capacity 49698K, committed 49912K, reserved 1093632K
  class space    used 5250K, capacity 5416K, committed 5420K, reserved 1048576K
}
2016-06-21T14:00:39.486+0100: 18041.812: Total time for which application threads were stopped: 0.0080104 seconds, Stopping threads took: 0.0000383 seconds
2016-06-21T14:00:39.486+0100: 18041.813: Total time for which application threads were stopped: 0.0001176 seconds, Stopping threads took: 0.0000324 seconds
2016-06-21T14:00:39.486+0100: 18041.813: Total time for which application threads were stopped: 0.0000797 seconds, Stopping threads took: 0.0000237 seconds
2016-06-21T14:00:39.486+0100: 18041.813: Total time for which application threads were stopped: 0.0000612 seconds, Stopping threads took: 0.0000178 seconds
2016-06-21T14:00:39.486+0100: 18041.813: Total time for which application threads were stopped: 0.0001334 seconds, Stopping threads took: 0.0000359 seconds
2016-06-21T14:00:40.487+0100: 18042.813: Total time for which application threads were stopped: 0.0001899 seconds, Stopping threads took: 0.0000272 seconds
{Heap before GC invocations=202 (full 3):
 par new generation   total 109248K, used 97100K [0x00000000e0000000, 0x00000000e8000000, 0x00000000e8000000)
  eden space 87424K, 100% used [0x00000000e0000000, 0x00000000e5560000, 0x00000000e5560000)
  from space 21824K,  44% used [0x00000000e5560000, 0x00000000e5ed32e0, 0x00000000e6ab0000)
  to   space 21824K,   0% used [0x00000000e6ab0000, 0x00000000e6ab0000, 0x00000000e8000000)
 concurrent mark-sweep generation total 393216K, used 174188K [0x00000000e8000000, 0x0000000100000000, 0x0000000100000000)
 Metaspace       used 49117K, capacity 49698K, committed 49912K, reserved 1093632K
  class space    used 5250K, capacity 5416K, committed 5420K, reserved 1048576K
2016-06-21T14:00:50.091+0100: 18052.418: [GC (Allocation Failure) 2016-06-21T14:00:50.091+0100: 18052.418: [ParNew
Desired survivor size 20112992 bytes, new threshold 8 (max 8)
- age   1:     162448 bytes,     162448 total
- age   2:    6560232 bytes,    6722680 total
- age   3:      33408 bytes,    6756088 total
- age   4:      32016 bytes,    6788104 total
- age   5:      33408 bytes,    6821512 total
- age   6:      30912 bytes,    6852424 total
: 97100K->8500K(109248K), 0.0034210 secs] 271289K->182688K(502464K), 0.0035003 secs] [Times: user=0.06 sys=0.00, real=0.00 secs] 
Heap after GC invocations=203 (full 3):
 par new generation   total 109248K, used 8500K [0x00000000e0000000, 0x00000000e8000000, 0x00000000e8000000)
  eden space 87424K,   0% used [0x00000000e0000000, 0x00000000e0000000, 0x00000000e5560000)
  from space 21824K,  38% used [0x00000000e6ab0000, 0x00000000e72fd0d0, 0x00000000e8000000)
  to   space 21824K,   0% used [0x00000000e5560000, 0x00000000e5560000, 0x00000000e6ab0000)
 concurrent mark-sweep generation total 393216K, used 174188K [0x00000000e8000000, 0x0000000100000000, 0x0000000100000000)
 Metaspace       used 49117K, capacity 49698K, committed 49912K, reserved 1093632K
  class space    used 5250K, capacity 5416K, committed 5420K, reserved 1048576K
}
2016-06-21T14:00:50.094+0100: 18052.421: Total time for which application threads were stopped: 0.0037545 seconds, Stopping threads took: 0.0000233 seconds
2016-06-21T14:00:50.095+0100: 18052.422: Total time for which application threads were stopped: 0.0002578 seconds, Stopping threads took: 0.0000833 seconds
{Heap before GC invocations=203 (full 3):
 par new generation   total 109248K, used 95924K [0x00000000e0000000, 0x00000000e8000000, 0x00000000e8000000)
  eden space 87424K, 100% used [0x00000000e0000000, 0x00000000e5560000, 0x00000000e5560000)
  from space 21824K,  38% used [0x00000000e6ab0000, 0x00000000e72fd0d0, 0x00000000e8000000)
  to   space 21824K,   0% used [0x00000000e5560000, 0x00000000e5560000, 0x00000000e6ab0000)
 concurrent mark-sweep generation total 393216K, used 174188K [0x00000000e8000000, 0x0000000100000000, 0x0000000100000000)
 Metaspace       used 49117K, capacity 49698K, committed 49912K, reserved 1093632K
  class space    used 5250K, capacity 5416K, committed 5420K, reserved 1048576K
2016-06-21T14:00:54.644+0100: 18056.971: [GC (Allocation Failure) 2016-06-21T14:00:54.644+0100: 18056.971: [ParNew
Desired survivor size 20112992 bytes, new threshold 3 (max 8)
- age   1:   15219224 bytes,   15219224 total
- age   2:      22416 bytes,   15241640 total
- age   3:    6559992 bytes,   21801632 total
- age   4:      33408 bytes,   21835040 total
- age   5:      32016 bytes,   21867056 total
- age   6:      33408 bytes,   21900464 total
- age   7:      30912 bytes,   21931376 total
: 95924K->21824K(109248K), 0.0355124 secs] 270112K->200979K(502464K), 0.0356095 secs] [Times: user=0.08 sys=0.05, real=0.03 secs] 
Heap after GC invocations=204 (full 3):
 par new generation   total 109248K, used 21824K [0x00000000e0000000, 0x00000000e8000000, 0x00000000e8000000)
  eden space 87424K,   0% used [0x00000000e0000000, 0x00000000e0000000, 0x00000000e5560000)
  from space 21824K, 100% used [0x00000000e5560000, 0x00000000e6ab0000, 0x00000000e6ab0000)
  to   space 21824K,   0% used [0x00000000e6ab0000, 0x00000000e6ab0000, 0x00000000e8000000)
 concurrent mark-sweep generation total 393216K, used 179155K [0x00000000e8000000, 0x0000000100000000, 0x0000000100000000)
 Metaspace       used 49117K, capacity 49698K, committed 49912K, reserved 1093632K
  class space    used 5250K, capacity 5416K, committed 5420K, reserved 1048576K
}
2016-06-21T14:00:54.680+0100: 18057.007: Total time for which application threads were stopped: 0.0359182 seconds, Stopping threads took: 0.0000264 seconds
{Heap before GC invocations=204 (full 3):
 par new generation   total 109248K, used 109248K [0x00000000e0000000, 0x00000000e8000000, 0x00000000e8000000)
  eden space 87424K, 100% used [0x00000000e0000000, 0x00000000e5560000, 0x00000000e5560000)
  from space 21824K, 100% used [0x00000000e5560000, 0x00000000e6ab0000, 0x00000000e6ab0000)
  to   space 21824K,   0% used [0x00000000e6ab0000, 0x00000000e6ab0000, 0x00000000e8000000)
 concurrent mark-sweep generation total 393216K, used 179155K [0x00000000e8000000, 0x0000000100000000, 0x0000000100000000)
 Metaspace       used 49117K, capacity 49698K, committed 49912K, reserved 1093632K
  class space    used 5250K, capacity 5416K, committed 5420K, reserved 1048576K
2016-06-21T14:00:54.796+0100: 18057.123: [GC (Allocation Failure) 2016-06-21T14:00:54.796+0100: 18057.123: [ParNew
Desired survivor size 20112992 bytes, new threshold 2 (max 8)
- age   1:   13869032 bytes,   13869032 total
- age   2:    8413656 bytes,   22282688 total
- age   3:      18488 bytes,   22301176 total
: 109248K->21824K(109248K), 0.0592756 secs] 288403K->228350K(502464K), 0.0593629 secs] [Times: user=0.13 sys=0.05, real=0.06 secs] 
Heap after GC invocations=205 (full 3):
 par new generation   total 109248K, used 21824K [0x00000000e0000000, 0x00000000e8000000, 0x00000000e8000000)
  eden space 87424K,   0% used [0x00000000e0000000, 0x00000000e0000000, 0x00000000e5560000)
  from space 21824K, 100% used [0x00000000e6ab0000, 0x00000000e8000000, 0x00000000e8000000)
  to   space 21824K,   0% used [0x00000000e5560000, 0x00000000e5560000, 0x00000000e6ab0000)
 concurrent mark-sweep generation total 393216K, used 206526K [0x00000000e8000000, 0x0000000100000000, 0x0000000100000000)
 Metaspace       used 49117K, capacity 49698K, committed 49912K, reserved 1093632K
  class space    used 5250K, capacity 5416K, committed 5420K, reserved 1048576K
}
2016-06-21T14:00:54.856+0100: 18057.182: Total time for which application threads were stopped: 0.0596333 seconds, Stopping threads took: 0.0000308 seconds
2016-06-21T14:00:54.856+0100: 18057.182: [GC (CMS Initial Mark) [1 CMS-initial-mark: 206526K(393216K)] 229373K(502464K), 0.0043325 secs] [Times: user=0.06 sys=0.00, real=0.00 secs] 
2016-06-21T14:00:54.860+0100: 18057.187: Total time for which application threads were stopped: 0.0044718 seconds, Stopping threads took: 0.0000229 seconds
2016-06-21T14:00:54.860+0100: 18057.187: [CMS-concurrent-mark-start]
2016-06-21T14:00:54.901+0100: 18057.228: [CMS-concurrent-mark: 0.041/0.041 secs] [Times: user=0.08 sys=0.05, real=0.04 secs] 
2016-06-21T14:00:54.901+0100: 18057.228: [CMS-concurrent-preclean-start]
2016-06-21T14:00:54.903+0100: 18057.229: [CMS-concurrent-preclean: 0.001/0.001 secs] [Times: user=0.00 sys=0.00, real=0.00 secs] 
2016-06-21T14:00:54.903+0100: 18057.230: [GC (CMS Final Remark) [YG occupancy: 22846 K (109248 K)]{Heap before GC invocations=205 (full 4):
 par new generation   total 109248K, used 22846K [0x00000000e0000000, 0x00000000e8000000, 0x00000000e8000000)
  eden space 87424K,   1% used [0x00000000e0000000, 0x00000000e00ffae0, 0x00000000e5560000)
  from space 21824K, 100% used [0x00000000e6ab0000, 0x00000000e8000000, 0x00000000e8000000)
  to   space 21824K,   0% used [0x00000000e5560000, 0x00000000e5560000, 0x00000000e6ab0000)
 concurrent mark-sweep generation total 393216K, used 206526K [0x00000000e8000000, 0x0000000100000000, 0x0000000100000000)
 Metaspace       used 49117K, capacity 49698K, committed 49912K, reserved 1093632K
  class space    used 5250K, capacity 5416K, committed 5420K, reserved 1048576K
2016-06-21T14:00:54.903+0100: 18057.230: [GC (CMS Final Remark) 2016-06-21T14:00:54.903+0100: 18057.230: [ParNew
Desired survivor size 20112992 bytes, new threshold 8 (max 8)
- age   1:     286416 bytes,     286416 total
- age   2:   13868960 bytes,   14155376 total
: 22846K->21824K(109248K), 0.0290242 secs] 229373K->236585K(502464K), 0.0290861 secs] [Times: user=0.09 sys=0.02, real=0.03 secs] 
Heap after GC invocations=206 (full 4):
 par new generation   total 109248K, used 21824K [0x00000000e0000000, 0x00000000e8000000, 0x00000000e8000000)
  eden space 87424K,   0% used [0x00000000e0000000, 0x00000000e0000000, 0x00000000e5560000)
  from space 21824K, 100% used [0x00000000e5560000, 0x00000000e6ab0000, 0x00000000e6ab0000)
  to   space 21824K,   0% used [0x00000000e6ab0000, 0x00000000e6ab0000, 0x00000000e8000000)
 concurrent mark-sweep generation total 393216K, used 214761K [0x00000000e8000000, 0x0000000100000000, 0x0000000100000000)
 Metaspace       used 49117K, capacity 49698K, committed 49912K, reserved 1093632K
  class space    used 5250K, capacity 5416K, committed 5420K, reserved 1048576K
}
2016-06-21T14:00:54.932+0100: 18057.259: [Rescan (parallel) , 0.0067551 secs]2016-06-21T14:00:54.939+0100: 18057.266: [weak refs processing, 0.0088441 secs]2016-06-21T14:00:54.948+0100: 18057.275: [class unloading, 0.0715660 secs]2016-06-21T14:00:55.020+0100: 18057.346: [scrub symbol table, 0.0223058 secs]2016-06-21T14:00:55.042+0100: 18057.369: [scrub string table, 0.0014263 secs][1 CMS-remark: 214761K(393216K)] 236585K(502464K), 0.1411566 secs] [Times: user=0.28 sys=0.08, real=0.14 secs] 
2016-06-21T14:00:55.044+0100: 18057.371: Total time for which application threads were stopped: 0.1413244 seconds, Stopping threads took: 0.0000509 seconds
2016-06-21T14:00:55.044+0100: 18057.371: [CMS-concurrent-sweep-start]
2016-06-21T14:00:55.253+0100: 18057.580: [CMS-concurrent-sweep: 0.209/0.209 secs] [Times: user=0.44 sys=0.19, real=0.21 secs] 
2016-06-21T14:00:55.253+0100: 18057.580: [CMS-concurrent-reset-start]
2016-06-21T14:00:55.255+0100: 18057.582: [CMS-concurrent-reset: 0.002/0.002 secs] [Times: user=0.00 sys=0.00, real=0.00 secs] 
{Heap before GC invocations=206 (full 4):
 par new generation   total 109248K, used 109248K [0x00000000e0000000, 0x00000000e8000000, 0x00000000e8000000)
  eden space 87424K, 100% used [0x00000000e0000000, 0x00000000e5560000, 0x00000000e5560000)
  from space 21824K, 100% used [0x00000000e5560000, 0x00000000e6ab0000, 0x00000000e6ab0000)
  to   space 21824K,   0% used [0x00000000e6ab0000, 0x00000000e6ab0000, 0x00000000e8000000)
 concurrent mark-sweep generation total 393216K, used 67195K [0x00000000e8000000, 0x0000000100000000, 0x0000000100000000)
 Metaspace       used 49113K, capacity 49692K, committed 49912K, reserved 1093632K
  class space    used 5249K, capacity 5415K, committed 5420K, reserved 1048576K
2016-06-21T14:00:55.271+0100: 18057.597: [GC (Allocation Failure) 2016-06-21T14:00:55.271+0100: 18057.597: [ParNew
Desired survivor size 20112992 bytes, new threshold 3 (max 8)
- age   1:    6748424 bytes,    6748424 total
- age   2:     286368 bytes,    7034792 total
- age   3:   13843720 bytes,   20878512 total
: 109248K->21824K(109248K), 0.0151662 secs] 176443K->89247K(502464K), 0.0152534 secs] [Times: user=0.06 sys=0.00, real=0.02 secs] 
Heap after GC invocations=207 (full 4):
 par new generation   total 109248K, used 21824K [0x00000000e0000000, 0x00000000e8000000, 0x00000000e8000000)
  eden space 87424K,   0% used [0x00000000e0000000, 0x00000000e0000000, 0x00000000e5560000)
  from space 21824K, 100% used [0x00000000e6ab0000, 0x00000000e8000000, 0x00000000e8000000)
  to   space 21824K,   0% used [0x00000000e5560000, 0x00000000e5560000, 0x00000000e6ab0000)
 concurrent mark-sweep generation total 393216K, used 67423K [0x00000000e8000000, 0x0000000100000000, 0x0000000100000000)
 Metaspace       used 49113K, capacity 49692K, committed 49912K, reserved 1093632K
  class space    used 5249K, capacity 5415K, committed 5420K, reserved 1048576K
}
2016-06-21T14:00:55.286+0100: 18057.613: Total time for which application threads were stopped: 0.0155858 seconds, Stopping threads took: 0.0000284 seconds
{Heap before GC invocations=207 (full 4):
 par new generation   total 109248K, used 109248K [0x00000000e0000000, 0x00000000e8000000, 0x00000000e8000000)
  eden space 87424K, 100% used [0x00000000e0000000, 0x00000000e5560000, 0x00000000e5560000)
  from space 21824K, 100% used [0x00000000e6ab0000, 0x00000000e8000000, 0x00000000e8000000)
  to   space 21824K,   0% used [0x00000000e5560000, 0x00000000e5560000, 0x00000000e6ab0000)
 concurrent mark-sweep generation total 393216K, used 67423K [0x00000000e8000000, 0x0000000100000000, 0x0000000100000000)
 Metaspace       used 49113K, capacity 49692K, committed 49912K, reserved 1093632K
  class space    used 5249K, capacity 5415K, committed 5420K, reserved 1048576K
2016-06-21T14:00:55.440+0100: 18057.767: [GC (Allocation Failure) 2016-06-21T14:00:55.440+0100: 18057.767: [ParNew
Desired survivor size 20112992 bytes, new threshold 8 (max 8)
- age   1:    1389040 bytes,    1389040 total
- age   2:    6739336 bytes,    8128376 total
- age   3:     286368 bytes,    8414744 total
: 109248K->17214K(109248K), 0.0214649 secs] 176671K->98157K(502464K), 0.0215348 secs] [Times: user=0.06 sys=0.00, real=0.02 secs] 
Heap after GC invocations=208 (full 4):
 par new generation   total 109248K, used 17214K [0x00000000e0000000, 0x00000000e8000000, 0x00000000e8000000)
  eden space 87424K,   0% used [0x00000000e0000000, 0x00000000e0000000, 0x00000000e5560000)
  from space 21824K,  78% used [0x00000000e5560000, 0x00000000e662f9a0, 0x00000000e6ab0000)
  to   space 21824K,   0% used [0x00000000e6ab0000, 0x00000000e6ab0000, 0x00000000e8000000)
 concurrent mark-sweep generation total 393216K, used 80942K [0x00000000e8000000, 0x0000000100000000, 0x0000000100000000)
 Metaspace       used 49113K, capacity 49692K, committed 49912K, reserved 1093632K
  class space    used 5249K, capacity 5415K, committed 5420K, reserved 1048576K
}
2016-06-21T14:00:55.462+0100: 18057.788: Total time for which application threads were stopped: 0.0217914 seconds, Stopping threads took: 0.0000284 seconds
{Heap before GC invocations=208 (full 4):
 par new generation   total 109248K, used 104638K [0x00000000e0000000, 0x00000000e8000000, 0x00000000e8000000)
  eden space 87424K, 100% used [0x00000000e0000000, 0x00000000e5560000, 0x00000000e5560000)
  from space 21824K,  78% used [0x00000000e5560000, 0x00000000e662f9a0, 0x00000000e6ab0000)
  to   space 21824K,   0% used [0x00000000e6ab0000, 0x00000000e6ab0000, 0x00000000e8000000)
 concurrent mark-sweep generation total 393216K, used 80942K [0x00000000e8000000, 0x0000000100000000, 0x0000000100000000)
 Metaspace       used 49113K, capacity 49692K, committed 49912K, reserved 1093632K
  class space    used 5249K, capacity 5415K, committed 5420K, reserved 1048576K
2016-06-21T14:00:55.626+0100: 18057.953: [GC (Allocation Failure) 2016-06-21T14:00:55.626+0100: 18057.953: [ParNew
Desired survivor size 20112992 bytes, new threshold 8 (max 8)
- age   1:     900936 bytes,     900936 total
- age   2:     984776 bytes,    1885712 total
- age   3:    7637840 bytes,    9523552 total
- age   4:     286368 bytes,    9809920 total
: 104638K->12261K(109248K), 0.0100075 secs] 185581K->93204K(502464K), 0.0100778 secs] [Times: user=0.00 sys=0.00, real=0.01 secs] 
Heap after GC invocations=209 (full 4):
 par new generation   total 109248K, used 12261K [0x00000000e0000000, 0x00000000e8000000, 0x00000000e8000000)
  eden space 87424K,   0% used [0x00000000e0000000, 0x00000000e0000000, 0x00000000e5560000)
  from space 21824K,  56% used [0x00000000e6ab0000, 0x00000000e76a9580, 0x00000000e8000000)
  to   space 21824K,   0% used [0x00000000e5560000, 0x00000000e5560000, 0x00000000e6ab0000)
 concurrent mark-sweep generation total 393216K, used 80942K [0x00000000e8000000, 0x0000000100000000, 0x0000000100000000)
 Metaspace       used 49113K, capacity 49692K, committed 49912K, reserved 1093632K
  class space    used 5249K, capacity 5415K, committed 5420K, reserved 1048576K
}
2016-06-21T14:00:55.636+0100: 18057.963: Total time for which application threads were stopped: 0.0102629 seconds, Stopping threads took: 0.0000245 seconds
{Heap before GC invocations=209 (full 4):
 par new generation   total 109248K, used 99685K [0x00000000e0000000, 0x00000000e8000000, 0x00000000e8000000)
  eden space 87424K, 100% used [0x00000000e0000000, 0x00000000e5560000, 0x00000000e5560000)
  from space 21824K,  56% used [0x00000000e6ab0000, 0x00000000e76a9580, 0x00000000e8000000)
  to   space 21824K,   0% used [0x00000000e5560000, 0x00000000e5560000, 0x00000000e6ab0000)
 concurrent mark-sweep generation total 393216K, used 80942K [0x00000000e8000000, 0x0000000100000000, 0x0000000100000000)
 Metaspace       used 49113K, capacity 49692K, committed 49912K, reserved 1093632K
  class space    used 5249K, capacity 5415K, committed 5420K, reserved 1048576K
2016-06-21T14:00:55.797+0100: 18058.124: [GC (Allocation Failure) 2016-06-21T14:00:55.797+0100: 18058.124: [ParNew
Desired survivor size 20112992 bytes, new threshold 8 (max 8)
- age   1:     956112 bytes,     956112 total
- age   2:     715504 bytes,    1671616 total
- age   3:     984776 bytes,    2656392 total
- age   4:    7589896 bytes,   10246288 total
- age   5:     286368 bytes,   10532656 total
: 99685K->11028K(109248K), 0.0100616 secs] 180628K->91971K(502464K), 0.0101516 secs] [Times: user=0.00 sys=0.00, real=0.01 secs] 
Heap after GC invocations=210 (full 4):
 par new generation   total 109248K, used 11028K [0x00000000e0000000, 0x00000000e8000000, 0x00000000e8000000)
  eden space 87424K,   0% used [0x00000000e0000000, 0x00000000e0000000, 0x00000000e5560000)
  from space 21824K,  50% used [0x00000000e5560000, 0x00000000e6025318, 0x00000000e6ab0000)
  to   space 21824K,   0% used [0x00000000e6ab0000, 0x00000000e6ab0000, 0x00000000e8000000)
 concurrent mark-sweep generation total 393216K, used 80942K [0x00000000e8000000, 0x0000000100000000, 0x0000000100000000)
 Metaspace       used 49113K, capacity 49692K, committed 49912K, reserved 1093632K
  class space    used 5249K, capacity 5415K, committed 5420K, reserved 1048576K
}
2016-06-21T14:00:55.808+0100: 18058.134: Total time for which application threads were stopped: 0.0104279 seconds, Stopping threads took: 0.0000257 seconds
{Heap before GC invocations=210 (full 4):
 par new generation   total 109248K, used 98452K [0x00000000e0000000, 0x00000000e8000000, 0x00000000e8000000)
  eden space 87424K, 100% used [0x00000000e0000000, 0x00000000e5560000, 0x00000000e5560000)
  from space 21824K,  50% used [0x00000000e5560000, 0x00000000e6025318, 0x00000000e6ab0000)
  to   space 21824K,   0% used [0x00000000e6ab0000, 0x00000000e6ab0000, 0x00000000e8000000)
 concurrent mark-sweep generation total 393216K, used 80942K [0x00000000e8000000, 0x0000000100000000, 0x0000000100000000)
 Metaspace       used 49113K, capacity 49692K, committed 49912K, reserved 1093632K
  class space    used 5249K, capacity 5415K, committed 5420K, reserved 1048576K
2016-06-21T14:00:56.003+0100: 18058.330: [GC (Allocation Failure) 2016-06-21T14:00:56.003+0100: 18058.330: [ParNew
Desired survivor size 20112992 bytes, new threshold 8 (max 8)
- age   1:    2487280 bytes,    2487280 total
- age   2:     722968 bytes,    3210248 total
- age   3:     715704 bytes,    3925952 total
- age   4:     263904 bytes,    4189856 total
- age   5:    7485664 bytes,   11675520 total
- age   6:     286368 bytes,   11961888 total
: 98452K->16888K(109248K), 0.0103450 secs] 179395K->97831K(502464K), 0.0104338 secs] [Times: user=0.00 sys=0.00, real=0.01 secs] 
Heap after GC invocations=211 (full 4):
 par new generation   total 109248K, used 16888K [0x00000000e0000000, 0x00000000e8000000, 0x00000000e8000000)
  eden space 87424K,   0% used [0x00000000e0000000, 0x00000000e0000000, 0x00000000e5560000)
  from space 21824K,  77% used [0x00000000e6ab0000, 0x00000000e7b2e3b0, 0x00000000e8000000)
  to   space 21824K,   0% used [0x00000000e5560000, 0x00000000e5560000, 0x00000000e6ab0000)
 concurrent mark-sweep generation total 393216K, used 80942K [0x00000000e8000000, 0x0000000100000000, 0x0000000100000000)
 Metaspace       used 49113K, capacity 49692K, committed 49912K, reserved 1093632K
  class space    used 5249K, capacity 5415K, committed 5420K, reserved 1048576K
}
2016-06-21T14:00:56.013+0100: 18058.340: Total time for which application threads were stopped: 0.0107256 seconds, Stopping threads took: 0.0000292 seconds
{Heap before GC invocations=211 (full 4):
 par new generation   total 109248K, used 104312K [0x00000000e0000000, 0x00000000e8000000, 0x00000000e8000000)
  eden space 87424K, 100% used [0x00000000e0000000, 0x00000000e5560000, 0x00000000e5560000)
  from space 21824K,  77% used [0x00000000e6ab0000, 0x00000000e7b2e3b0, 0x00000000e8000000)
  to   space 21824K,   0% used [0x00000000e5560000, 0x00000000e5560000, 0x00000000e6ab0000)
 concurrent mark-sweep generation total 393216K, used 80942K [0x00000000e8000000, 0x0000000100000000, 0x0000000100000000)
 Metaspace       used 49113K, capacity 49692K, committed 49912K, reserved 1093632K
  class space    used 5249K, capacity 5415K, committed 5420K, reserved 1048576K
2016-06-21T14:00:56.198+0100: 18058.525: [GC (Allocation Failure) 2016-06-21T14:00:56.199+0100: 18058.525: [ParNew
Desired survivor size 20112992 bytes, new threshold 8 (max 8)
- age   1:    1114064 bytes,    1114064 total
- age   2:    2256176 bytes,    3370240 total
- age   3:     706568 bytes,    4076808 total
- age   4:     715544 bytes,    4792352 total
- age   5:     263864 bytes,    5056216 total
- age   6:    7333872 bytes,   12390088 total
- age   7:     286368 bytes,   12676456 total
: 104312K->12573K(109248K), 0.0106474 secs] 185255K->93515K(502464K), 0.0107315 secs] [Times: user=0.06 sys=0.00, real=0.01 secs] 
Heap after GC invocations=212 (full 4):
 par new generation   total 109248K, used 12573K [0x00000000e0000000, 0x00000000e8000000, 0x00000000e8000000)
  eden space 87424K,   0% used [0x00000000e0000000, 0x00000000e0000000, 0x00000000e5560000)
  from space 21824K,  57% used [0x00000000e5560000, 0x00000000e61a74b0, 0x00000000e6ab0000)
  to   space 21824K,   0% used [0x00000000e6ab0000, 0x00000000e6ab0000, 0x00000000e8000000)
 concurrent mark-sweep generation total 393216K, used 80942K [0x00000000e8000000, 0x0000000100000000, 0x0000000100000000)
 Metaspace       used 49113K, capacity 49692K, committed 49912K, reserved 1093632K
  class space    used 5249K, capacity 5415K, committed 5420K, reserved 1048576K
}
2016-06-21T14:00:56.209+0100: 18058.536: Total time for which application threads were stopped: 0.0109597 seconds, Stopping threads took: 0.0000264 seconds
{Heap before GC invocations=212 (full 4):
 par new generation   total 109248K, used 99997K [0x00000000e0000000, 0x00000000e8000000, 0x00000000e8000000)
  eden space 87424K, 100% used [0x00000000e0000000, 0x00000000e5560000, 0x00000000e5560000)
  from space 21824K,  57% used [0x00000000e5560000, 0x00000000e61a74b0, 0x00000000e6ab0000)
  to   space 21824K,   0% used [0x00000000e6ab0000, 0x00000000e6ab0000, 0x00000000e8000000)
 concurrent mark-sweep generation total 393216K, used 80942K [0x00000000e8000000, 0x0000000100000000, 0x0000000100000000)
 Metaspace       used 49113K, capacity 49692K, committed 49912K, reserved 1093632K
  class space    used 5249K, capacity 5415K, committed 5420K, reserved 1048576K
2016-06-21T14:00:56.359+0100: 18058.686: [GC (Allocation Failure) 2016-06-21T14:00:56.360+0100: 18058.686: [ParNew
Desired survivor size 20112992 bytes, new threshold 8 (max 8)
- age   1:    1036760 bytes,    1036760 total
- age   2:     814760 bytes,    1851520 total
- age   3:    2256256 bytes,    4107776 total
- age   4:     706568 bytes,    4814344 total
- age   5:     715664 bytes,    5530008 total
- age   6:     263864 bytes,    5793872 total
- age   7:    7509936 bytes,   13303808 total
- age   8:     286368 bytes,   13590176 total
: 99997K->19070K(109248K), 0.0108606 secs] 180939K->100013K(502464K), 0.0109399 secs] [Times: user=0.00 sys=0.00, real=0.01 secs] 
Heap after GC invocations=213 (full 4):
 par new generation   total 109248K, used 19070K [0x00000000e0000000, 0x00000000e8000000, 0x00000000e8000000)
  eden space 87424K,   0% used [0x00000000e0000000, 0x00000000e0000000, 0x00000000e5560000)
  from space 21824K,  87% used [0x00000000e6ab0000, 0x00000000e7d4fb70, 0x00000000e8000000)
  to   space 21824K,   0% used [0x00000000e5560000, 0x00000000e5560000, 0x00000000e6ab0000)
 concurrent mark-sweep generation total 393216K, used 80942K [0x00000000e8000000, 0x0000000100000000, 0x0000000100000000)
 Metaspace       used 49113K, capacity 49692K, committed 49912K, reserved 1093632K
  class space    used 5249K, capacity 5415K, committed 5420K, reserved 1048576K
}
2016-06-21T14:00:56.371+0100: 18058.697: Total time for which application threads were stopped: 0.0111851 seconds, Stopping threads took: 0.0000233 seconds
{Heap before GC invocations=213 (full 4):
 par new generation   total 109248K, used 106494K [0x00000000e0000000, 0x00000000e8000000, 0x00000000e8000000)
  eden space 87424K, 100% used [0x00000000e0000000, 0x00000000e5560000, 0x00000000e5560000)
  from space 21824K,  87% used [0x00000000e6ab0000, 0x00000000e7d4fb70, 0x00000000e8000000)
  to   space 21824K,   0% used [0x00000000e5560000, 0x00000000e5560000, 0x00000000e6ab0000)
 concurrent mark-sweep generation total 393216K, used 80942K [0x00000000e8000000, 0x0000000100000000, 0x0000000100000000)
 Metaspace       used 49113K, capacity 49692K, committed 49912K, reserved 1093632K
  class space    used 5249K, capacity 5415K, committed 5420K, reserved 1048576K
2016-06-21T14:00:56.538+0100: 18058.864: [GC (Allocation Failure) 2016-06-21T14:00:56.538+0100: 18058.864: [ParNew
Desired survivor size 20112992 bytes, new threshold 8 (max 8)
- age   1:    1015800 bytes,    1015800 total
- age   2:     749536 bytes,    1765336 total
- age   3:     814760 bytes,    2580096 total
- age   4:    2256296 bytes,    4836392 total
- age   5:     706648 bytes,    5543040 total
- age   6:     715504 bytes,    6258544 total
- age   7:     263864 bytes,    6522408 total
- age   8:    7497264 bytes,   14019672 total
: 106494K->14168K(109248K), 0.0113568 secs] 187437K->95390K(502464K), 0.0114499 secs] [Times: user=0.06 sys=0.00, real=0.01 secs] 
Heap after GC invocations=214 (full 4):
 par new generation   total 109248K, used 14168K [0x00000000e0000000, 0x00000000e8000000, 0x00000000e8000000)
  eden space 87424K,   0% used [0x00000000e0000000, 0x00000000e0000000, 0x00000000e5560000)
  from space 21824K,  64% used [0x00000000e5560000, 0x00000000e63361a0, 0x00000000e6ab0000)
  to   space 21824K,   0% used [0x00000000e6ab0000, 0x00000000e6ab0000, 0x00000000e8000000)
 concurrent mark-sweep generation total 393216K, used 81222K [0x00000000e8000000, 0x0000000100000000, 0x0000000100000000)
 Metaspace       used 49113K, capacity 49692K, committed 49912K, reserved 1093632K
  class space    used 5249K, capacity 5415K, committed 5420K, reserved 1048576K
}
2016-06-21T14:00:56.549+0100: 18058.876: Total time for which application threads were stopped: 0.0117030 seconds, Stopping threads took: 0.0000261 seconds
{Heap before GC invocations=214 (full 4):
 par new generation   total 109248K, used 101592K [0x00000000e0000000, 0x00000000e8000000, 0x00000000e8000000)
  eden space 87424K, 100% used [0x00000000e0000000, 0x00000000e5560000, 0x00000000e5560000)
  from space 21824K,  64% used [0x00000000e5560000, 0x00000000e63361a0, 0x00000000e6ab0000)
  to   space 21824K,   0% used [0x00000000e6ab0000, 0x00000000e6ab0000, 0x00000000e8000000)
 concurrent mark-sweep generation total 393216K, used 81222K [0x00000000e8000000, 0x0000000100000000, 0x0000000100000000)
 Metaspace       used 49113K, capacity 49692K, committed 49912K, reserved 1093632K
  class space    used 5249K, capacity 5415K, committed 5420K, reserved 1048576K
2016-06-21T14:00:56.696+0100: 18059.023: [GC (Allocation Failure) 2016-06-21T14:00:56.696+0100: 18059.023: [ParNew
Desired survivor size 20112992 bytes, new threshold 8 (max 8)
- age   1:    1176656 bytes,    1176656 total
- age   2:     561504 bytes,    1738160 total
- age   3:     749536 bytes,    2487696 total
- age   4:     814760 bytes,    3302456 total
- age   5:    2256136 bytes,    5558592 total
- age   6:     706568 bytes,    6265160 total
- age   7:     715504 bytes,    6980664 total
- age   8:     263864 bytes,    7244528 total
: 101592K->14249K(109248K), 0.0388505 secs] 182814K->101848K(502464K), 0.0389152 secs] [Times: user=0.11 sys=0.00, real=0.04 secs] 
Heap after GC invocations=215 (full 4):
 par new generation   total 109248K, used 14249K [0x00000000e0000000, 0x00000000e8000000, 0x00000000e8000000)
  eden space 87424K,   0% used [0x00000000e0000000, 0x00000000e0000000, 0x00000000e5560000)
  from space 21824K,  65% used [0x00000000e6ab0000, 0x00000000e789a500, 0x00000000e8000000)
  to   space 21824K,   0% used [0x00000000e5560000, 0x00000000e5560000, 0x00000000e6ab0000)
 concurrent mark-sweep generation total 393216K, used 87599K [0x00000000e8000000, 0x0000000100000000, 0x0000000100000000)
 Metaspace       used 49113K, capacity 49692K, committed 49912K, reserved 1093632K
  class space    used 5249K, capacity 5415K, committed 5420K, reserved 1048576K
}
2016-06-21T14:00:56.735+0100: 18059.062: Total time for which application threads were stopped: 0.0391300 seconds, Stopping threads took: 0.0000213 seconds
{Heap before GC invocations=215 (full 4):
 par new generation   total 109248K, used 101673K [0x00000000e0000000, 0x00000000e8000000, 0x00000000e8000000)
  eden space 87424K, 100% used [0x00000000e0000000, 0x00000000e5560000, 0x00000000e5560000)
  from space 21824K,  65% used [0x00000000e6ab0000, 0x00000000e789a500, 0x00000000e8000000)
  to   space 21824K,   0% used [0x00000000e5560000, 0x00000000e5560000, 0x00000000e6ab0000)
 concurrent mark-sweep generation total 393216K, used 87599K [0x00000000e8000000, 0x0000000100000000, 0x0000000100000000)
 Metaspace       used 49113K, capacity 49692K, committed 49912K, reserved 1093632K
  class space    used 5249K, capacity 5415K, committed 5420K, reserved 1048576K
2016-06-21T14:00:56.865+0100: 18059.192: [GC (Allocation Failure) 2016-06-21T14:00:56.865+0100: 18059.193: [ParNew
Desired survivor size 20112992 bytes, new threshold 8 (max 8)
- age   1:    3821288 bytes,    3821288 total
- age   2:     778152 bytes,    4599440 total
- age   3:     561504 bytes,    5160944 total
- age   4:     749536 bytes,    5910480 total
- age   5:     831160 bytes,    6741640 total
- age   6:     814448 bytes,    7556088 total
- age   7:     706608 bytes,    8262696 total
- age   8:     715624 bytes,    8978320 total
: 101673K->10218K(109248K), 0.0048859 secs] 189272K->98076K(502464K), 0.0049668 secs] [Times: user=0.00 sys=0.00, real=0.00 secs] 
Heap after GC invocations=216 (full 4):
 par new generation   total 109248K, used 10218K [0x00000000e0000000, 0x00000000e8000000, 0x00000000e8000000)
  eden space 87424K,   0% used [0x00000000e0000000, 0x00000000e0000000, 0x00000000e5560000)
  from space 21824K,  46% used [0x00000000e5560000, 0x00000000e5f5ab10, 0x00000000e6ab0000)
  to   space 21824K,   0% used [0x00000000e6ab0000, 0x00000000e6ab0000, 0x00000000e8000000)
 concurrent mark-sweep generation total 393216K, used 87858K [0x00000000e8000000, 0x0000000100000000, 0x0000000100000000)
 Metaspace       used 49113K, capacity 49692K, committed 49912K, reserved 1093632K
  class space    used 5249K, capacity 5415K, committed 5420K, reserved 1048576K
}
2016-06-21T14:00:56.870+0100: 18059.198: Total time for which application threads were stopped: 0.0051769 seconds, Stopping threads took: 0.0000257 seconds
{Heap before GC invocations=216 (full 4):
 par new generation   total 109248K, used 97124K [0x00000000e0000000, 0x00000000e8000000, 0x00000000e8000000)
  eden space 87424K,  99% used [0x00000000e0000000, 0x00000000e54de640, 0x00000000e5560000)
  from space 21824K,  46% used [0x00000000e5560000, 0x00000000e5f5ab10, 0x00000000e6ab0000)
  to   space 21824K,   0% used [0x00000000e6ab0000, 0x00000000e6ab0000, 0x00000000e8000000)
 concurrent mark-sweep generation total 393216K, used 87858K [0x00000000e8000000, 0x0000000100000000, 0x0000000100000000)
 Metaspace       used 49113K, capacity 49692K, committed 49912K, reserved 1093632K
  class space    used 5249K, capacity 5415K, committed 5420K, reserved 1048576K
2016-06-21T14:00:57.021+0100: 18059.349: [GC (Allocation Failure) 2016-06-21T14:00:57.022+0100: 18059.349: [ParNew
Desired survivor size 20112992 bytes, new threshold 8 (max 8)
- age   1:    4781648 bytes,    4781648 total
- age   2:    3581936 bytes,    8363584 total
- age   3:     778152 bytes,    9141736 total
- age   4:     561504 bytes,    9703240 total
- age   5:     749536 bytes,   10452776 total
- age   6:     831160 bytes,   11283936 total
- age   7:     814328 bytes,   12098264 total
- age   8:     706648 bytes,   12804912 total
: 97124K->15687K(109248K), 0.0055325 secs] 184982K->104245K(502464K), 0.0055929 secs] [Times: user=0.00 sys=0.00, real=0.01 secs] 
Heap after GC invocations=217 (full 4):
 par new generation   total 109248K, used 15687K [0x00000000e0000000, 0x00000000e8000000, 0x00000000e8000000)
  eden space 87424K,   0% used [0x00000000e0000000, 0x00000000e0000000, 0x00000000e5560000)
  from space 21824K,  71% used [0x00000000e6ab0000, 0x00000000e7a01cc0, 0x00000000e8000000)
  to   space 21824K,   0% used [0x00000000e5560000, 0x00000000e5560000, 0x00000000e6ab0000)
 concurrent mark-sweep generation total 393216K, used 88558K [0x00000000e8000000, 0x0000000100000000, 0x0000000100000000)
 Metaspace       used 49113K, capacity 49692K, committed 49912K, reserved 1093632K
  class space    used 5249K, capacity 5415K, committed 5420K, reserved 1048576K
}
2016-06-21T14:00:57.027+0100: 18059.354: Total time for which application threads were stopped: 0.0058306 seconds, Stopping threads took: 0.0000225 seconds
2016-06-21T14:00:58.027+0100: 18060.354: Total time for which application threads were stopped: 0.0001393 seconds, Stopping threads took: 0.0000379 seconds
2016-06-21T14:00:59.027+0100: 18061.354: Total time for which application threads were stopped: 0.0000849 seconds, Stopping threads took: 0.0000276 seconds
{Heap before GC invocations=217 (full 4):
 par new generation   total 109248K, used 103111K [0x00000000e0000000, 0x00000000e8000000, 0x00000000e8000000)
  eden space 87424K, 100% used [0x00000000e0000000, 0x00000000e5560000, 0x00000000e5560000)
  from space 21824K,  71% used [0x00000000e6ab0000, 0x00000000e7a01cc0, 0x00000000e8000000)
  to   space 21824K,   0% used [0x00000000e5560000, 0x00000000e5560000, 0x00000000e6ab0000)
 concurrent mark-sweep generation total 393216K, used 88558K [0x00000000e8000000, 0x0000000100000000, 0x0000000100000000)
 Metaspace       used 49113K, capacity 49692K, committed 49912K, reserved 1093632K
  class space    used 5249K, capacity 5415K, committed 5420K, reserved 1048576K
2016-06-21T14:00:59.834+0100: 18062.162: [GC (Allocation Failure) 2016-06-21T14:00:59.834+0100: 18062.162: [ParNew
Desired survivor size 20112992 bytes, new threshold 8 (max 8)
- age   1:    7339000 bytes,    7339000 total
- age   2:    4269536 bytes,   11608536 total
- age   3:    3204736 bytes,   14813272 total
- age   4:     368152 bytes,   15181424 total
- age   5:     299104 bytes,   15480528 total
- age   6:     355936 bytes,   15836464 total
- age   7:     306168 bytes,   16142632 total
- age   8:     388008 bytes,   16530640 total
: 103111K->17545K(109248K), 0.0055021 secs] 191669K->106442K(502464K), 0.0055637 secs] [Times: user=0.00 sys=0.00, real=0.01 secs] 
Heap after GC invocations=218 (full 4):
 par new generation   total 109248K, used 17545K [0x00000000e0000000, 0x00000000e8000000, 0x00000000e8000000)
  eden space 87424K,   0% used [0x00000000e0000000, 0x00000000e0000000, 0x00000000e5560000)
  from space 21824K,  80% used [0x00000000e5560000, 0x00000000e6682660, 0x00000000e6ab0000)
  to   space 21824K,   0% used [0x00000000e6ab0000, 0x00000000e6ab0000, 0x00000000e8000000)
 concurrent mark-sweep generation total 393216K, used 88896K [0x00000000e8000000, 0x0000000100000000, 0x0000000100000000)
 Metaspace       used 49113K, capacity 49692K, committed 49912K, reserved 1093632K
  class space    used 5249K, capacity 5415K, committed 5420K, reserved 1048576K
}
2016-06-21T14:00:59.840+0100: 18062.167: Total time for which application threads were stopped: 0.0057417 seconds, Stopping threads took: 0.0000178 seconds
2016-06-21T14:01:50.867+0100: 18113.193: Total time for which application threads were stopped: 0.0000975 seconds, Stopping threads took: 0.0000268 seconds
2016-06-21T14:02:40.888+0100: 18163.215: Total time for which application threads were stopped: 0.0001378 seconds, Stopping threads took: 0.0000387 seconds
2016-06-21T14:10:50.867+0100: 18653.196: Total time for which application threads were stopped: 0.0001168 seconds, Stopping threads took: 0.0000257 seconds
2016-06-21T14:10:50.914+0100: 18653.244: Total time for which application threads were stopped: 0.0002057 seconds, Stopping threads took: 0.0000300 seconds
2016-06-21T14:10:50.914+0100: 18653.248: Total time for which application threads were stopped: 0.0000920 seconds, Stopping threads took: 0.0000284 seconds
2016-06-21T14:10:50.914+0100: 18653.249: Total time for which application threads were stopped: 0.0000501 seconds, Stopping threads took: 0.0000209 seconds
2016-06-21T14:10:50.914+0100: 18653.249: Total time for which application threads were stopped: 0.0001236 seconds, Stopping threads took: 0.0000584 seconds
2016-06-21T14:10:50.914+0100: 18653.250: Total time for which application threads were stopped: 0.0000695 seconds, Stopping threads took: 0.0000347 seconds
2016-06-21T14:10:50.914+0100: 18653.250: Total time for which application threads were stopped: 0.0000833 seconds, Stopping threads took: 0.0000391 seconds
2016-06-21T14:10:50.914+0100: 18653.251: Total time for which application threads were stopped: 0.0001137 seconds, Stopping threads took: 0.0000458 seconds
2016-06-21T14:10:51.914+0100: 18654.241: Total time for which application threads were stopped: 0.0001307 seconds, Stopping threads took: 0.0000272 seconds
2016-06-21T14:10:53.128+0100: 18655.455: Total time for which application threads were stopped: 0.0000876 seconds, Stopping threads took: 0.0000284 seconds
2016-06-21T14:10:53.129+0100: 18655.456: Total time for which application threads were stopped: 0.0001172 seconds, Stopping threads took: 0.0000217 seconds
2016-06-21T14:10:53.130+0100: 18655.457: Total time for which application threads were stopped: 0.0000679 seconds, Stopping threads took: 0.0000245 seconds
2016-06-21T14:10:53.130+0100: 18655.457: Total time for which application threads were stopped: 0.0000489 seconds, Stopping threads took: 0.0000158 seconds
2016-06-21T14:10:53.130+0100: 18655.457: Total time for which application threads were stopped: 0.0000458 seconds, Stopping threads took: 0.0000178 seconds
2016-06-21T14:10:53.131+0100: 18655.457: Total time for which application threads were stopped: 0.0000667 seconds, Stopping threads took: 0.0000174 seconds
2016-06-21T14:10:53.131+0100: 18655.458: Total time for which application threads were stopped: 0.0001899 seconds, Stopping threads took: 0.0000209 seconds
2016-06-21T14:10:53.131+0100: 18655.458: Total time for which application threads were stopped: 0.0000572 seconds, Stopping threads took: 0.0000182 seconds
2016-06-21T14:10:53.131+0100: 18655.458: Total time for which application threads were stopped: 0.0000466 seconds, Stopping threads took: 0.0000103 seconds
2016-06-21T14:10:53.131+0100: 18655.458: Total time for which application threads were stopped: 0.0000517 seconds, Stopping threads took: 0.0000134 seconds
2016-06-21T14:10:53.132+0100: 18655.458: Total time for which application threads were stopped: 0.0000529 seconds, Stopping threads took: 0.0000130 seconds
2016-06-21T14:10:54.132+0100: 18656.459: Total time for which application threads were stopped: 0.0001571 seconds, Stopping threads took: 0.0000371 seconds
2016-06-21T14:10:55.248+0100: 18657.574: Total time for which application threads were stopped: 0.0001074 seconds, Stopping threads took: 0.0000359 seconds
2016-06-21T14:10:55.248+0100: 18657.574: Total time for which application threads were stopped: 0.0001366 seconds, Stopping threads took: 0.0000908 seconds
2016-06-21T14:10:56.248+0100: 18658.575: Total time for which application threads were stopped: 0.0001165 seconds, Stopping threads took: 0.0000304 seconds
2016-06-21T14:10:57.249+0100: 18659.576: Total time for which application threads were stopped: 0.0001851 seconds, Stopping threads took: 0.0000434 seconds
2016-06-21T14:10:59.250+0100: 18661.577: Total time for which application threads were stopped: 0.0002558 seconds, Stopping threads took: 0.0000580 seconds
2016-06-21T14:11:00.250+0100: 18662.576: Total time for which application threads were stopped: 0.0001161 seconds, Stopping threads took: 0.0000391 seconds
2016-06-21T14:11:01.264+0100: 18663.590: Total time for which application threads were stopped: 0.0002669 seconds, Stopping threads took: 0.0000592 seconds
2016-06-21T14:11:03.272+0100: 18665.599: Total time for which application threads were stopped: 0.0001243 seconds, Stopping threads took: 0.0000375 seconds
2016-06-21T14:11:04.272+0100: 18666.599: Total time for which application threads were stopped: 0.0000967 seconds, Stopping threads took: 0.0000308 seconds
2016-06-21T14:11:05.632+0100: 18667.959: Total time for which application threads were stopped: 0.0000979 seconds, Stopping threads took: 0.0000304 seconds
2016-06-21T14:11:06.647+0100: 18668.974: Total time for which application threads were stopped: 0.0002751 seconds, Stopping threads took: 0.0000636 seconds
2016-06-21T14:11:07.648+0100: 18669.975: Total time for which application threads were stopped: 0.0001342 seconds, Stopping threads took: 0.0000474 seconds
2016-06-21T14:11:08.649+0100: 18670.976: Total time for which application threads were stopped: 0.0001121 seconds, Stopping threads took: 0.0000284 seconds
2016-06-21T14:11:09.650+0100: 18671.976: Total time for which application threads were stopped: 0.0000983 seconds, Stopping threads took: 0.0000363 seconds
2016-06-21T14:11:15.683+0100: 18678.010: Total time for which application threads were stopped: 0.0000983 seconds, Stopping threads took: 0.0000328 seconds
2016-06-21T14:11:23.693+0100: 18686.020: Total time for which application threads were stopped: 0.0001520 seconds, Stopping threads took: 0.0000561 seconds
2016-06-21T14:11:26.695+0100: 18689.022: Total time for which application threads were stopped: 0.0001480 seconds, Stopping threads took: 0.0000403 seconds
2016-06-21T14:11:29.706+0100: 18692.032: Total time for which application threads were stopped: 0.0002215 seconds, Stopping threads took: 0.0000592 seconds
2016-06-21T14:11:31.006+0100: 18693.332: Total time for which application threads were stopped: 0.0001200 seconds, Stopping threads took: 0.0000391 seconds
2016-06-21T14:11:32.006+0100: 18694.332: Total time for which application threads were stopped: 0.0001776 seconds, Stopping threads took: 0.0000343 seconds
2016-06-21T14:11:32.746+0100: 18695.073: Total time for which application threads were stopped: 0.0000782 seconds, Stopping threads took: 0.0000174 seconds
2016-06-21T14:11:34.747+0100: 18697.074: Total time for which application threads were stopped: 0.0000868 seconds, Stopping threads took: 0.0000249 seconds
2016-06-21T14:11:35.748+0100: 18698.074: Total time for which application threads were stopped: 0.0001101 seconds, Stopping threads took: 0.0000300 seconds
2016-06-21T14:11:36.748+0100: 18699.075: Total time for which application threads were stopped: 0.0000995 seconds, Stopping threads took: 0.0000399 seconds
2016-06-21T14:11:37.749+0100: 18700.075: Total time for which application threads were stopped: 0.0001066 seconds, Stopping threads took: 0.0000268 seconds
2016-06-21T14:11:38.749+0100: 18701.076: Total time for which application threads were stopped: 0.0001113 seconds, Stopping threads took: 0.0000343 seconds
2016-06-21T14:11:40.752+0100: 18703.079: Total time for which application threads were stopped: 0.0001358 seconds, Stopping threads took: 0.0000387 seconds
2016-06-21T14:11:42.762+0100: 18705.089: Total time for which application threads were stopped: 0.0002680 seconds, Stopping threads took: 0.0001022 seconds
2016-06-21T14:24:54.624+0100: 19496.951: Total time for which application threads were stopped: 0.0012470 seconds, Stopping threads took: 0.0003746 seconds
2016-06-21T14:24:54.660+0100: 19496.986: Total time for which application threads were stopped: 0.0001559 seconds, Stopping threads took: 0.0000304 seconds
{Heap before GC invocations=218 (full 4):
 par new generation   total 109248K, used 104969K [0x00000000e0000000, 0x00000000e8000000, 0x00000000e8000000)
  eden space 87424K, 100% used [0x00000000e0000000, 0x00000000e5560000, 0x00000000e5560000)
  from space 21824K,  80% used [0x00000000e5560000, 0x00000000e6682660, 0x00000000e6ab0000)
  to   space 21824K,   0% used [0x00000000e6ab0000, 0x00000000e6ab0000, 0x00000000e8000000)
 concurrent mark-sweep generation total 393216K, used 88896K [0x00000000e8000000, 0x0000000100000000, 0x0000000100000000)
 Metaspace       used 49497K, capacity 50076K, committed 50168K, reserved 1093632K
  class space    used 5270K, capacity 5415K, committed 5420K, reserved 1048576K
2016-06-21T14:24:55.148+0100: 19497.476: [GC (Allocation Failure) 2016-06-21T14:24:55.148+0100: 19497.476: [ParNew
Desired survivor size 20112992 bytes, new threshold 8 (max 8)
- age   1:     602424 bytes,     602424 total
- age   2:    7108592 bytes,    7711016 total
- age   3:    4269536 bytes,   11980552 total
- age   4:    3204736 bytes,   15185288 total
- age   5:     368152 bytes,   15553440 total
- age   6:     299104 bytes,   15852544 total
- age   7:     355936 bytes,   16208480 total
- age   8:     306168 bytes,   16514648 total
: 104969K->16855K(109248K), 0.0558278 secs] 193866K->106132K(502464K), 0.0559656 secs] [Times: user=0.06 sys=0.19, real=0.06 secs] 
Heap after GC invocations=219 (full 4):
 par new generation   total 109248K, used 16855K [0x00000000e0000000, 0x00000000e8000000, 0x00000000e8000000)
  eden space 87424K,   0% used [0x00000000e0000000, 0x00000000e0000000, 0x00000000e5560000)
  from space 21824K,  77% used [0x00000000e6ab0000, 0x00000000e7b25f90, 0x00000000e8000000)
  to   space 21824K,   0% used [0x00000000e5560000, 0x00000000e5560000, 0x00000000e6ab0000)
 concurrent mark-sweep generation total 393216K, used 89276K [0x00000000e8000000, 0x0000000100000000, 0x0000000100000000)
 Metaspace       used 49497K, capacity 50076K, committed 50168K, reserved 1093632K
  class space    used 5270K, capacity 5415K, committed 5420K, reserved 1048576K
}
2016-06-21T14:24:55.205+0100: 19497.532: Total time for which application threads were stopped: 0.0564156 seconds, Stopping threads took: 0.0000272 seconds
2016-06-21T14:24:56.206+0100: 19498.533: Total time for which application threads were stopped: 0.0001015 seconds, Stopping threads took: 0.0000261 seconds
{Heap before GC invocations=219 (full 4):
 par new generation   total 109248K, used 104279K [0x00000000e0000000, 0x00000000e8000000, 0x00000000e8000000)
  eden space 87424K, 100% used [0x00000000e0000000, 0x00000000e5560000, 0x00000000e5560000)
  from space 21824K,  77% used [0x00000000e6ab0000, 0x00000000e7b25f90, 0x00000000e8000000)
  to   space 21824K,   0% used [0x00000000e5560000, 0x00000000e5560000, 0x00000000e6ab0000)
 concurrent mark-sweep generation total 393216K, used 89276K [0x00000000e8000000, 0x0000000100000000, 0x0000000100000000)
 Metaspace       used 49497K, capacity 50076K, committed 50168K, reserved 1093632K
  class space    used 5270K, capacity 5415K, committed 5420K, reserved 1048576K
2016-06-21T14:24:56.247+0100: 19498.574: [GC (Allocation Failure) 2016-06-21T14:24:56.247+0100: 19498.574: [ParNew
Desired survivor size 20112992 bytes, new threshold 8 (max 8)
- age   1:    1569848 bytes,    1569848 total
- age   2:     397480 bytes,    1967328 total
- age   3:    7108592 bytes,    9075920 total
- age   4:    4269536 bytes,   13345456 total
- age   5:    3204736 bytes,   16550192 total
- age   6:     368152 bytes,   16918344 total
- age   7:     299104 bytes,   17217448 total
- age   8:     355936 bytes,   17573384 total
: 104279K->19168K(109248K), 0.0068447 secs] 193556K->108745K(502464K), 0.0069118 secs] [Times: user=0.06 sys=0.00, real=0.01 secs] 
Heap after GC invocations=220 (full 4):
 par new generation   total 109248K, used 19168K [0x00000000e0000000, 0x00000000e8000000, 0x00000000e8000000)
  eden space 87424K,   0% used [0x00000000e0000000, 0x00000000e0000000, 0x00000000e5560000)
  from space 21824K,  87% used [0x00000000e5560000, 0x00000000e6818290, 0x00000000e6ab0000)
  to   space 21824K,   0% used [0x00000000e6ab0000, 0x00000000e6ab0000, 0x00000000e8000000)
 concurrent mark-sweep generation total 393216K, used 89576K [0x00000000e8000000, 0x0000000100000000, 0x0000000100000000)
 Metaspace       used 49497K, capacity 50076K, committed 50168K, reserved 1093632K
  class space    used 5270K, capacity 5415K, committed 5420K, reserved 1048576K
}
2016-06-21T14:24:56.254+0100: 19498.581: Total time for which application threads were stopped: 0.0071870 seconds, Stopping threads took: 0.0000205 seconds
2016-06-21T14:24:56.255+0100: 19498.582: Total time for which application threads were stopped: 0.0002108 seconds, Stopping threads took: 0.0000505 seconds
2016-06-21T14:24:56.255+0100: 19498.582: Total time for which application threads were stopped: 0.0000762 seconds, Stopping threads took: 0.0000343 seconds
{Heap before GC invocations=220 (full 4):
 par new generation   total 109248K, used 106592K [0x00000000e0000000, 0x00000000e8000000, 0x00000000e8000000)
  eden space 87424K, 100% used [0x00000000e0000000, 0x00000000e5560000, 0x00000000e5560000)
  from space 21824K,  87% used [0x00000000e5560000, 0x00000000e6818290, 0x00000000e6ab0000)
  to   space 21824K,   0% used [0x00000000e6ab0000, 0x00000000e6ab0000, 0x00000000e8000000)
 concurrent mark-sweep generation total 393216K, used 89576K [0x00000000e8000000, 0x0000000100000000, 0x0000000100000000)
 Metaspace       used 49497K, capacity 50076K, committed 50168K, reserved 1093632K
  class space    used 5270K, capacity 5415K, committed 5420K, reserved 1048576K
2016-06-21T14:24:56.530+0100: 19498.857: [GC (Allocation Failure) 2016-06-21T14:24:56.530+0100: 19498.857: [ParNew
Desired survivor size 20112992 bytes, new threshold 8 (max 8)
- age   1:    1657448 bytes,    1657448 total
- age   2:       8456 bytes,    1665904 total
- age   3:     397480 bytes,    2063384 total
- age   4:    7108296 bytes,    9171680 total
- age   5:    4269536 bytes,   13441216 total
- age   6:    3204736 bytes,   16645952 total
- age   7:     368152 bytes,   17014104 total
- age   8:     299104 bytes,   17313208 total
: 106592K->18160K(109248K), 0.0081462 secs] 196169K->108086K(502464K), 0.0082117 secs] [Times: user=0.00 sys=0.00, real=0.01 secs] 
Heap after GC invocations=221 (full 4):
 par new generation   total 109248K, used 18160K [0x00000000e0000000, 0x00000000e8000000, 0x00000000e8000000)
  eden space 87424K,   0% used [0x00000000e0000000, 0x00000000e0000000, 0x00000000e5560000)
  from space 21824K,  83% used [0x00000000e6ab0000, 0x00000000e7c6c290, 0x00000000e8000000)
  to   space 21824K,   0% used [0x00000000e5560000, 0x00000000e5560000, 0x00000000e6ab0000)
 concurrent mark-sweep generation total 393216K, used 89925K [0x00000000e8000000, 0x0000000100000000, 0x0000000100000000)
 Metaspace       used 49497K, capacity 50076K, committed 50168K, reserved 1093632K
  class space    used 5270K, capacity 5415K, committed 5420K, reserved 1048576K
}
2016-06-21T14:24:56.538+0100: 19498.866: Total time for which application threads were stopped: 0.0084308 seconds, Stopping threads took: 0.0000213 seconds
2016-06-21T14:24:58.539+0100: 19500.865: Total time for which application threads were stopped: 0.0000955 seconds, Stopping threads took: 0.0000261 seconds
2016-06-21T14:24:59.539+0100: 19501.866: Total time for which application threads were stopped: 0.0000734 seconds, Stopping threads took: 0.0000205 seconds
{Heap before GC invocations=221 (full 4):
 par new generation   total 109248K, used 105584K [0x00000000e0000000, 0x00000000e8000000, 0x00000000e8000000)
  eden space 87424K, 100% used [0x00000000e0000000, 0x00000000e5560000, 0x00000000e5560000)
  from space 21824K,  83% used [0x00000000e6ab0000, 0x00000000e7c6c290, 0x00000000e8000000)
  to   space 21824K,   0% used [0x00000000e5560000, 0x00000000e5560000, 0x00000000e6ab0000)
 concurrent mark-sweep generation total 393216K, used 89925K [0x00000000e8000000, 0x0000000100000000, 0x0000000100000000)
 Metaspace       used 49501K, capacity 50076K, committed 50168K, reserved 1093632K
  class space    used 5270K, capacity 5415K, committed 5420K, reserved 1048576K
2016-06-21T14:25:02.617+0100: 19504.943: [GC (Allocation Failure) 2016-06-21T14:25:02.617+0100: 19504.943: [ParNew
Desired survivor size 20112992 bytes, new threshold 8 (max 8)
- age   1:    3646488 bytes,    3646488 total
- age   2:       4280 bytes,    3650768 total
- age   3:       3312 bytes,    3654080 total
- age   4:     397480 bytes,    4051560 total
- age   5:    7108296 bytes,   11159856 total
- age   6:    4269536 bytes,   15429392 total
- age   7:    3204736 bytes,   18634128 total
- age   8:     368152 bytes,   19002280 total
: 105584K->19125K(109248K), 0.0070551 secs] 195510K->109344K(502464K), 0.0071250 secs] [Times: user=0.00 sys=0.00, real=0.01 secs] 
Heap after GC invocations=222 (full 4):
 par new generation   total 109248K, used 19125K [0x00000000e0000000, 0x00000000e8000000, 0x00000000e8000000)
  eden space 87424K,   0% used [0x00000000e0000000, 0x00000000e0000000, 0x00000000e5560000)
  from space 21824K,  87% used [0x00000000e5560000, 0x00000000e680d7d0, 0x00000000e6ab0000)
  to   space 21824K,   0% used [0x00000000e6ab0000, 0x00000000e6ab0000, 0x00000000e8000000)
 concurrent mark-sweep generation total 393216K, used 90218K [0x00000000e8000000, 0x0000000100000000, 0x0000000100000000)
 Metaspace       used 49501K, capacity 50076K, committed 50168K, reserved 1093632K
  class space    used 5270K, capacity 5415K, committed 5420K, reserved 1048576K
}
2016-06-21T14:25:02.624+0100: 19504.950: Total time for which application threads were stopped: 0.0074278 seconds, Stopping threads took: 0.0000245 seconds
2016-06-21T14:25:02.624+0100: 19504.951: Total time for which application threads were stopped: 0.0002913 seconds, Stopping threads took: 0.0001358 seconds
2016-06-21T14:25:02.624+0100: 19504.951: Total time for which application threads were stopped: 0.0002783 seconds, Stopping threads took: 0.0000726 seconds
2016-06-21T14:25:02.625+0100: 19504.951: Total time for which application threads were stopped: 0.0000940 seconds, Stopping threads took: 0.0000320 seconds
2016-06-21T14:25:02.625+0100: 19504.951: Total time for which application threads were stopped: 0.0000912 seconds, Stopping threads took: 0.0000525 seconds
2016-06-21T14:25:02.625+0100: 19504.951: Total time for which application threads were stopped: 0.0001338 seconds, Stopping threads took: 0.0000466 seconds
2016-06-21T14:25:02.625+0100: 19504.952: Total time for which application threads were stopped: 0.0000817 seconds, Stopping threads took: 0.0000138 seconds
2016-06-21T14:25:02.625+0100: 19504.952: Total time for which application threads were stopped: 0.0000509 seconds, Stopping threads took: 0.0000209 seconds
2016-06-21T14:25:02.625+0100: 19504.952: Total time for which application threads were stopped: 0.0000525 seconds, Stopping threads took: 0.0000237 seconds
2016-06-21T14:25:02.625+0100: 19504.952: Total time for which application threads were stopped: 0.0000754 seconds, Stopping threads took: 0.0000233 seconds
2016-06-21T14:25:02.626+0100: 19504.952: Total time for which application threads were stopped: 0.0000513 seconds, Stopping threads took: 0.0000229 seconds
2016-06-21T14:25:02.626+0100: 19504.952: Total time for which application threads were stopped: 0.0000734 seconds, Stopping threads took: 0.0000213 seconds
2016-06-21T14:25:02.626+0100: 19504.952: Total time for which application threads were stopped: 0.0000865 seconds, Stopping threads took: 0.0000186 seconds
2016-06-21T14:25:02.626+0100: 19504.952: Total time for which application threads were stopped: 0.0000497 seconds, Stopping threads took: 0.0000209 seconds
2016-06-21T14:25:02.626+0100: 19504.952: Total time for which application threads were stopped: 0.0000462 seconds, Stopping threads took: 0.0000178 seconds
2016-06-21T14:25:02.626+0100: 19504.953: Total time for which application threads were stopped: 0.0000734 seconds, Stopping threads took: 0.0000450 seconds
2016-06-21T14:25:02.626+0100: 19504.953: Total time for which application threads were stopped: 0.0001847 seconds, Stopping threads took: 0.0000087 seconds
2016-06-21T14:25:02.626+0100: 19504.953: Total time for which application threads were stopped: 0.0000486 seconds, Stopping threads took: 0.0000197 seconds
2016-06-21T14:25:02.626+0100: 19504.953: Total time for which application threads were stopped: 0.0001409 seconds, Stopping threads took: 0.0000189 seconds
{Heap before GC invocations=222 (full 4):
 par new generation   total 109248K, used 106549K [0x00000000e0000000, 0x00000000e8000000, 0x00000000e8000000)
  eden space 87424K, 100% used [0x00000000e0000000, 0x00000000e5560000, 0x00000000e5560000)
  from space 21824K,  87% used [0x00000000e5560000, 0x00000000e680d7d0, 0x00000000e6ab0000)
  to   space 21824K,   0% used [0x00000000e6ab0000, 0x00000000e6ab0000, 0x00000000e8000000)
 concurrent mark-sweep generation total 393216K, used 90218K [0x00000000e8000000, 0x0000000100000000, 0x0000000100000000)
 Metaspace       used 49501K, capacity 50076K, committed 50168K, reserved 1093632K
  class space    used 5270K, capacity 5415K, committed 5420K, reserved 1048576K
2016-06-21T14:25:02.730+0100: 19505.057: [GC (Allocation Failure) 2016-06-21T14:25:02.730+0100: 19505.057: [ParNew
Desired survivor size 20112992 bytes, new threshold 8 (max 8)
- age   1:    3794472 bytes,    3794472 total
- age   2:    3509000 bytes,    7303472 total
- age   3:       2856 bytes,    7306328 total
- age   4:       3312 bytes,    7309640 total
- age   5:     397480 bytes,    7707120 total
- age   6:    7108296 bytes,   14815416 total
- age   7:    4269536 bytes,   19084952 total
- age   8:    3204736 bytes,   22289688 total
: 106549K->21824K(109248K), 0.0383977 secs] 196768K->127281K(502464K), 0.0384510 secs] [Times: user=0.05 sys=0.06, real=0.04 secs] 
Heap after GC invocations=223 (full 4):
 par new generation   total 109248K, used 21824K [0x00000000e0000000, 0x00000000e8000000, 0x00000000e8000000)
  eden space 87424K,   0% used [0x00000000e0000000, 0x00000000e0000000, 0x00000000e5560000)
  from space 21824K, 100% used [0x00000000e6ab0000, 0x00000000e8000000, 0x00000000e8000000)
  to   space 21824K,   0% used [0x00000000e5560000, 0x00000000e5560000, 0x00000000e6ab0000)
 concurrent mark-sweep generation total 393216K, used 105457K [0x00000000e8000000, 0x0000000100000000, 0x0000000100000000)
 Metaspace       used 49501K, capacity 50076K, committed 50168K, reserved 1093632K
  class space    used 5270K, capacity 5415K, committed 5420K, reserved 1048576K
}
2016-06-21T14:25:02.769+0100: 19505.096: Total time for which application threads were stopped: 0.0388138 seconds, Stopping threads took: 0.0000205 seconds
{Heap before GC invocations=223 (full 4):
 par new generation   total 109248K, used 109248K [0x00000000e0000000, 0x00000000e8000000, 0x00000000e8000000)
  eden space 87424K, 100% used [0x00000000e0000000, 0x00000000e5560000, 0x00000000e5560000)
  from space 21824K, 100% used [0x00000000e6ab0000, 0x00000000e8000000, 0x00000000e8000000)
  to   space 21824K,   0% used [0x00000000e5560000, 0x00000000e5560000, 0x00000000e6ab0000)
 concurrent mark-sweep generation total 393216K, used 105457K [0x00000000e8000000, 0x0000000100000000, 0x0000000100000000)
 Metaspace       used 49501K, capacity 50076K, committed 50168K, reserved 1093632K
  class space    used 5270K, capacity 5415K, committed 5420K, reserved 1048576K
2016-06-21T14:25:02.909+0100: 19505.236: [GC (Allocation Failure) 2016-06-21T14:25:02.909+0100: 19505.236: [ParNew
Desired survivor size 20112992 bytes, new threshold 8 (max 8)
- age   1:    1490192 bytes,    1490192 total
- age   2:    3054736 bytes,    4544928 total
- age   3:    3503248 bytes,    8048176 total
- age   4:       2856 bytes,    8051032 total
- age   5:       3312 bytes,    8054344 total
- age   6:     397480 bytes,    8451824 total
- age   7:    7108296 bytes,   15560120 total
- age   8:    2497344 bytes,   18057464 total
: 109248K->21824K(109248K), 0.0134099 secs] 214705K->132142K(502464K), 0.0134751 secs] [Times: user=0.06 sys=0.00, real=0.01 secs] 
Heap after GC invocations=224 (full 4):
 par new generation   total 109248K, used 21824K [0x00000000e0000000, 0x00000000e8000000, 0x00000000e8000000)
  eden space 87424K,   0% used [0x00000000e0000000, 0x00000000e0000000, 0x00000000e5560000)
  from space 21824K, 100% used [0x00000000e5560000, 0x00000000e6ab0000, 0x00000000e6ab0000)
  to   space 21824K,   0% used [0x00000000e6ab0000, 0x00000000e6ab0000, 0x00000000e8000000)
 concurrent mark-sweep generation total 393216K, used 110318K [0x00000000e8000000, 0x0000000100000000, 0x0000000100000000)
 Metaspace       used 49501K, capacity 50076K, committed 50168K, reserved 1093632K
  class space    used 5270K, capacity 5415K, committed 5420K, reserved 1048576K
}
2016-06-21T14:25:02.923+0100: 19505.250: Total time for which application threads were stopped: 0.0136547 seconds, Stopping threads took: 0.0000193 seconds
{Heap before GC invocations=224 (full 4):
 par new generation   total 109248K, used 109248K [0x00000000e0000000, 0x00000000e8000000, 0x00000000e8000000)
  eden space 87424K, 100% used [0x00000000e0000000, 0x00000000e5560000, 0x00000000e5560000)
  from space 21824K, 100% used [0x00000000e5560000, 0x00000000e6ab0000, 0x00000000e6ab0000)
  to   space 21824K,   0% used [0x00000000e6ab0000, 0x00000000e6ab0000, 0x00000000e8000000)
 concurrent mark-sweep generation total 393216K, used 110318K [0x00000000e8000000, 0x0000000100000000, 0x0000000100000000)
 Metaspace       used 49501K, capacity 50076K, committed 50168K, reserved 1093632K
  class space    used 5270K, capacity 5415K, committed 5420K, reserved 1048576K
2016-06-21T14:25:03.071+0100: 19505.399: [GC (Allocation Failure) 2016-06-21T14:25:03.071+0100: 19505.399: [ParNew
Desired survivor size 20112992 bytes, new threshold 8 (max 8)
- age   1:    2106632 bytes,    2106632 total
- age   2:     819872 bytes,    2926504 total
- age   3:    3031080 bytes,    5957584 total
- age   4:    3503248 bytes,    9460832 total
- age   5:       2856 bytes,    9463688 total
- age   6:       3312 bytes,    9467000 total
- age   7:     397480 bytes,    9864480 total
- age   8:    7108296 bytes,   16972776 total
: 109248K->18368K(109248K), 0.0116868 secs] 219566K->131146K(502464K), 0.0117586 secs] [Times: user=0.03 sys=0.02, real=0.01 secs] 
Heap after GC invocations=225 (full 4):
 par new generation   total 109248K, used 18368K [0x00000000e0000000, 0x00000000e8000000, 0x00000000e8000000)
  eden space 87424K,   0% used [0x00000000e0000000, 0x00000000e0000000, 0x00000000e5560000)
  from space 21824K,  84% used [0x00000000e6ab0000, 0x00000000e7ca0388, 0x00000000e8000000)
  to   space 21824K,   0% used [0x00000000e5560000, 0x00000000e5560000, 0x00000000e6ab0000)
 concurrent mark-sweep generation total 393216K, used 112777K [0x00000000e8000000, 0x0000000100000000, 0x0000000100000000)
 Metaspace       used 49501K, capacity 50076K, committed 50168K, reserved 1093632K
  class space    used 5270K, capacity 5415K, committed 5420K, reserved 1048576K
}
2016-06-21T14:25:03.083+0100: 19505.411: Total time for which application threads were stopped: 0.0119844 seconds, Stopping threads took: 0.0000268 seconds
{Heap before GC invocations=225 (full 4):
 par new generation   total 109248K, used 105792K [0x00000000e0000000, 0x00000000e8000000, 0x00000000e8000000)
  eden space 87424K, 100% used [0x00000000e0000000, 0x00000000e5560000, 0x00000000e5560000)
  from space 21824K,  84% used [0x00000000e6ab0000, 0x00000000e7ca0388, 0x00000000e8000000)
  to   space 21824K,   0% used [0x00000000e5560000, 0x00000000e5560000, 0x00000000e6ab0000)
 concurrent mark-sweep generation total 393216K, used 112777K [0x00000000e8000000, 0x0000000100000000, 0x0000000100000000)
 Metaspace       used 49501K, capacity 50076K, committed 50168K, reserved 1093632K
  class space    used 5270K, capacity 5415K, committed 5420K, reserved 1048576K
2016-06-21T14:25:03.217+0100: 19505.544: [GC (Allocation Failure) 2016-06-21T14:25:03.217+0100: 19505.544: [ParNew
Desired survivor size 20112992 bytes, new threshold 8 (max 8)
- age   1:    1015960 bytes,    1015960 total
- age   2:    1507184 bytes,    2523144 total
- age   3:     819872 bytes,    3343016 total
- age   4:    3031080 bytes,    6374096 total
- age   5:    3503248 bytes,    9877344 total
- age   6:       2856 bytes,    9880200 total
- age   7:       3312 bytes,    9883512 total
- age   8:     397584 bytes,   10281096 total
: 105792K->15530K(109248K), 0.0156612 secs] 218570K->135249K(502464K), 0.0157244 secs] [Times: user=0.08 sys=0.00, real=0.02 secs] 
Heap after GC invocations=226 (full 4):
 par new generation   total 109248K, used 15530K [0x00000000e0000000, 0x00000000e8000000, 0x00000000e8000000)
  eden space 87424K,   0% used [0x00000000e0000000, 0x00000000e0000000, 0x00000000e5560000)
  from space 21824K,  71% used [0x00000000e5560000, 0x00000000e648a948, 0x00000000e6ab0000)
  to   space 21824K,   0% used [0x00000000e6ab0000, 0x00000000e6ab0000, 0x00000000e8000000)
 concurrent mark-sweep generation total 393216K, used 119719K [0x00000000e8000000, 0x0000000100000000, 0x0000000100000000)
 Metaspace       used 49501K, capacity 50076K, committed 50168K, reserved 1093632K
  class space    used 5270K, capacity 5415K, committed 5420K, reserved 1048576K
}
2016-06-21T14:25:03.233+0100: 19505.560: Total time for which application threads were stopped: 0.0159375 seconds, Stopping threads took: 0.0000217 seconds
{Heap before GC invocations=226 (full 4):
 par new generation   total 109248K, used 102954K [0x00000000e0000000, 0x00000000e8000000, 0x00000000e8000000)
  eden space 87424K, 100% used [0x00000000e0000000, 0x00000000e5560000, 0x00000000e5560000)
  from space 21824K,  71% used [0x00000000e5560000, 0x00000000e648a948, 0x00000000e6ab0000)
  to   space 21824K,   0% used [0x00000000e6ab0000, 0x00000000e6ab0000, 0x00000000e8000000)
 concurrent mark-sweep generation total 393216K, used 119719K [0x00000000e8000000, 0x0000000100000000, 0x0000000100000000)
 Metaspace       used 49501K, capacity 50076K, committed 50168K, reserved 1093632K
  class space    used 5270K, capacity 5415K, committed 5420K, reserved 1048576K
2016-06-21T14:25:03.341+0100: 19505.668: [GC (Allocation Failure) 2016-06-21T14:25:03.341+0100: 19505.668: [ParNew
Desired survivor size 20112992 bytes, new threshold 8 (max 8)
- age   1:    2580144 bytes,    2580144 total
- age   2:     819904 bytes,    3400048 total
- age   3:     786272 bytes,    4186320 total
- age   4:     819872 bytes,    5006192 total
- age   5:    3039680 bytes,    8045872 total
- age   6:    3503248 bytes,   11549120 total
- age   7:       2856 bytes,   11551976 total
- age   8:       3312 bytes,   11555288 total
: 102954K->14411K(109248K), 0.0049874 secs] 222673K->134519K(502464K), 0.0050525 secs] [Times: user=0.05 sys=0.02, real=0.00 secs] 
Heap after GC invocations=227 (full 4):
 par new generation   total 109248K, used 14411K [0x00000000e0000000, 0x00000000e8000000, 0x00000000e8000000)
  eden space 87424K,   0% used [0x00000000e0000000, 0x00000000e0000000, 0x00000000e5560000)
  from space 21824K,  66% used [0x00000000e6ab0000, 0x00000000e78c2ef0, 0x00000000e8000000)
  to   space 21824K,   0% used [0x00000000e5560000, 0x00000000e5560000, 0x00000000e6ab0000)
 concurrent mark-sweep generation total 393216K, used 120108K [0x00000000e8000000, 0x0000000100000000, 0x0000000100000000)
 Metaspace       used 49501K, capacity 50076K, committed 50168K, reserved 1093632K
  class space    used 5270K, capacity 5415K, committed 5420K, reserved 1048576K
}
2016-06-21T14:25:03.347+0100: 19505.673: Total time for which application threads were stopped: 0.0052440 seconds, Stopping threads took: 0.0000308 seconds
2016-06-21T14:25:04.348+0100: 19506.674: Total time for which application threads were stopped: 0.0001796 seconds, Stopping threads took: 0.0000414 seconds
2016-06-21T14:25:05.349+0100: 19507.675: Total time for which application threads were stopped: 0.0001334 seconds, Stopping threads took: 0.0000264 seconds
{Heap before GC invocations=227 (full 4):
 par new generation   total 109248K, used 101835K [0x00000000e0000000, 0x00000000e8000000, 0x00000000e8000000)
  eden space 87424K, 100% used [0x00000000e0000000, 0x00000000e5560000, 0x00000000e5560000)
  from space 21824K,  66% used [0x00000000e6ab0000, 0x00000000e78c2ef0, 0x00000000e8000000)
  to   space 21824K,   0% used [0x00000000e5560000, 0x00000000e5560000, 0x00000000e6ab0000)
 concurrent mark-sweep generation total 393216K, used 120108K [0x00000000e8000000, 0x0000000100000000, 0x0000000100000000)
 Metaspace       used 49573K, capacity 50158K, committed 50168K, reserved 1093632K
  class space    used 5272K, capacity 5418K, committed 5420K, reserved 1048576K
2016-06-21T14:25:13.255+0100: 19515.581: [GC (Allocation Failure) 2016-06-21T14:25:13.255+0100: 19515.581: [ParNew
Desired survivor size 20112992 bytes, new threshold 8 (max 8)
- age   1:    1283488 bytes,    1283488 total
- age   2:      32720 bytes,    1316208 total
- age   3:      32704 bytes,    1348912 total
- age   4:      26904 bytes,    1375816 total
- age   5:      10752 bytes,    1386568 total
- age   6:     312496 bytes,    1699064 total
- age   7:       6624 bytes,    1705688 total
- age   8:       2856 bytes,    1708544 total
: 101835K->4882K(109248K), 0.0035749 secs] 221943K->124994K(502464K), 0.0036460 secs] [Times: user=0.00 sys=0.00, real=0.00 secs] 
Heap after GC invocations=228 (full 4):
 par new generation   total 109248K, used 4882K [0x00000000e0000000, 0x00000000e8000000, 0x00000000e8000000)
  eden space 87424K,   0% used [0x00000000e0000000, 0x00000000e0000000, 0x00000000e5560000)
  from space 21824K,  22% used [0x00000000e5560000, 0x00000000e5a24aa0, 0x00000000e6ab0000)
  to   space 21824K,   0% used [0x00000000e6ab0000, 0x00000000e6ab0000, 0x00000000e8000000)
 concurrent mark-sweep generation total 393216K, used 120111K [0x00000000e8000000, 0x0000000100000000, 0x0000000100000000)
 Metaspace       used 49573K, capacity 50158K, committed 50168K, reserved 1093632K
  class space    used 5272K, capacity 5418K, committed 5420K, reserved 1048576K
}
2016-06-21T14:25:13.258+0100: 19515.585: Total time for which application threads were stopped: 0.0039969 seconds, Stopping threads took: 0.0000328 seconds
2016-06-21T14:25:13.259+0100: 19515.585: Total time for which application threads were stopped: 0.0001733 seconds, Stopping threads took: 0.0001105 seconds
2016-06-21T14:25:13.259+0100: 19515.586: Total time for which application threads were stopped: 0.0001026 seconds, Stopping threads took: 0.0000699 seconds
2016-06-21T14:25:13.259+0100: 19515.586: Total time for which application threads were stopped: 0.0002313 seconds, Stopping threads took: 0.0000758 seconds
2016-06-21T14:25:13.259+0100: 19515.586: Total time for which application threads were stopped: 0.0000770 seconds, Stopping threads took: 0.0000355 seconds
2016-06-21T14:25:13.259+0100: 19515.586: Total time for which application threads were stopped: 0.0000612 seconds, Stopping threads took: 0.0000276 seconds
2016-06-21T14:25:25.264+0100: 19527.590: Total time for which application threads were stopped: 0.0001034 seconds, Stopping threads took: 0.0000296 seconds
{Heap before GC invocations=228 (full 4):
 par new generation   total 109248K, used 92306K [0x00000000e0000000, 0x00000000e8000000, 0x00000000e8000000)
  eden space 87424K, 100% used [0x00000000e0000000, 0x00000000e5560000, 0x00000000e5560000)
  from space 21824K,  22% used [0x00000000e5560000, 0x00000000e5a24aa0, 0x00000000e6ab0000)
  to   space 21824K,   0% used [0x00000000e6ab0000, 0x00000000e6ab0000, 0x00000000e8000000)
 concurrent mark-sweep generation total 393216K, used 120111K [0x00000000e8000000, 0x0000000100000000, 0x0000000100000000)
 Metaspace       used 49573K, capacity 50158K, committed 50168K, reserved 1093632K
  class space    used 5272K, capacity 5418K, committed 5420K, reserved 1048576K
2016-06-21T14:25:30.275+0100: 19532.602: [GC (Allocation Failure) 2016-06-21T14:25:30.275+0100: 19532.602: [ParNew
Desired survivor size 20112992 bytes, new threshold 8 (max 8)
- age   1:     251368 bytes,     251368 total
- age   2:     499504 bytes,     750872 total
- age   3:      32720 bytes,     783592 total
- age   4:      32704 bytes,     816296 total
- age   5:      26904 bytes,     843200 total
- age   6:      10752 bytes,     853952 total
- age   7:      28016 bytes,     881968 total
- age   8:       6232 bytes,     888200 total
: 92306K->1470K(109248K), 0.0026962 secs] 212418K->121585K(502464K), 0.0027842 secs] [Times: user=0.00 sys=0.00, real=0.00 secs] 
Heap after GC invocations=229 (full 4):
 par new generation   total 109248K, used 1470K [0x00000000e0000000, 0x00000000e8000000, 0x00000000e8000000)
  eden space 87424K,   0% used [0x00000000e0000000, 0x00000000e0000000, 0x00000000e5560000)
  from space 21824K,   6% used [0x00000000e6ab0000, 0x00000000e6c1fba0, 0x00000000e8000000)
  to   space 21824K,   0% used [0x00000000e5560000, 0x00000000e5560000, 0x00000000e6ab0000)
 concurrent mark-sweep generation total 393216K, used 120114K [0x00000000e8000000, 0x0000000100000000, 0x0000000100000000)
 Metaspace       used 49573K, capacity 50158K, committed 50168K, reserved 1093632K
  class space    used 5272K, capacity 5418K, committed 5420K, reserved 1048576K
}
2016-06-21T14:25:30.278+0100: 19532.604: Total time for which application threads were stopped: 0.0029931 seconds, Stopping threads took: 0.0000221 seconds
{Heap before GC invocations=229 (full 4):
 par new generation   total 109248K, used 88894K [0x00000000e0000000, 0x00000000e8000000, 0x00000000e8000000)
  eden space 87424K, 100% used [0x00000000e0000000, 0x00000000e5560000, 0x00000000e5560000)
  from space 21824K,   6% used [0x00000000e6ab0000, 0x00000000e6c1fba0, 0x00000000e8000000)
  to   space 21824K,   0% used [0x00000000e5560000, 0x00000000e5560000, 0x00000000e6ab0000)
 concurrent mark-sweep generation total 393216K, used 120114K [0x00000000e8000000, 0x0000000100000000, 0x0000000100000000)
 Metaspace       used 49573K, capacity 50158K, committed 50168K, reserved 1093632K
  class space    used 5272K, capacity 5418K, committed 5420K, reserved 1048576K
2016-06-21T14:25:34.674+0100: 19537.000: [GC (Allocation Failure) 2016-06-21T14:25:34.674+0100: 19537.000: [ParNew
Desired survivor size 20112992 bytes, new threshold 1 (max 8)
- age   1:   21686760 bytes,   21686760 total
- age   2:      23848 bytes,   21710608 total
- age   3:     499032 bytes,   22209640 total
- age   4:      32720 bytes,   22242360 total
- age   5:      32704 bytes,   22275064 total
- age   6:      26904 bytes,   22301968 total
- age   7:      10752 bytes,   22312720 total
- age   8:      28016 bytes,   22340736 total
: 88894K->21824K(109248K), 0.0333574 secs] 209009K->147008K(502464K), 0.0334194 secs] [Times: user=0.11 sys=0.02, real=0.03 secs] 
Heap after GC invocations=230 (full 4):
 par new generation   total 109248K, used 21824K [0x00000000e0000000, 0x00000000e8000000, 0x00000000e8000000)
  eden space 87424K,   0% used [0x00000000e0000000, 0x00000000e0000000, 0x00000000e5560000)
  from space 21824K, 100% used [0x00000000e5560000, 0x00000000e6ab0000, 0x00000000e6ab0000)
  to   space 21824K,   0% used [0x00000000e6ab0000, 0x00000000e6ab0000, 0x00000000e8000000)
 concurrent mark-sweep generation total 393216K, used 125184K [0x00000000e8000000, 0x0000000100000000, 0x0000000100000000)
 Metaspace       used 49573K, capacity 50158K, committed 50168K, reserved 1093632K
  class space    used 5272K, capacity 5418K, committed 5420K, reserved 1048576K
}
2016-06-21T14:25:34.707+0100: 19537.034: Total time for which application threads were stopped: 0.0336037 seconds, Stopping threads took: 0.0000205 seconds
{Heap before GC invocations=230 (full 4):
 par new generation   total 109248K, used 109248K [0x00000000e0000000, 0x00000000e8000000, 0x00000000e8000000)
  eden space 87424K, 100% used [0x00000000e0000000, 0x00000000e5560000, 0x00000000e5560000)
  from space 21824K, 100% used [0x00000000e5560000, 0x00000000e6ab0000, 0x00000000e6ab0000)
  to   space 21824K,   0% used [0x00000000e6ab0000, 0x00000000e6ab0000, 0x00000000e8000000)
 concurrent mark-sweep generation total 393216K, used 125184K [0x00000000e8000000, 0x0000000100000000, 0x0000000100000000)
 Metaspace       used 49573K, capacity 50158K, committed 50168K, reserved 1093632K
  class space    used 5272K, capacity 5418K, committed 5420K, reserved 1048576K
2016-06-21T14:25:34.802+0100: 19537.129: [GC (Allocation Failure) 2016-06-21T14:25:34.802+0100: 19537.129: [ParNew
Desired survivor size 20112992 bytes, new threshold 1 (max 8)
- age   1:   20595152 bytes,   20595152 total
: 109248K->21824K(109248K), 0.0616386 secs] 234432K->173482K(502464K), 0.0617085 secs] [Times: user=0.14 sys=0.05, real=0.06 secs] 
Heap after GC invocations=231 (full 4):
 par new generation   total 109248K, used 21824K [0x00000000e0000000, 0x00000000e8000000, 0x00000000e8000000)
  eden space 87424K,   0% used [0x00000000e0000000, 0x00000000e0000000, 0x00000000e5560000)
  from space 21824K, 100% used [0x00000000e6ab0000, 0x00000000e8000000, 0x00000000e8000000)
  to   space 21824K,   0% used [0x00000000e5560000, 0x00000000e5560000, 0x00000000e6ab0000)
 concurrent mark-sweep generation total 393216K, used 151658K [0x00000000e8000000, 0x0000000100000000, 0x0000000100000000)
 Metaspace       used 49573K, capacity 50158K, committed 50168K, reserved 1093632K
  class space    used 5272K, capacity 5418K, committed 5420K, reserved 1048576K
}
2016-06-21T14:25:34.863+0100: 19537.190: Total time for which application threads were stopped: 0.0619825 seconds, Stopping threads took: 0.0000324 seconds
{Heap before GC invocations=231 (full 4):
 par new generation   total 109248K, used 109248K [0x00000000e0000000, 0x00000000e8000000, 0x00000000e8000000)
  eden space 87424K, 100% used [0x00000000e0000000, 0x00000000e5560000, 0x00000000e5560000)
  from space 21824K, 100% used [0x00000000e6ab0000, 0x00000000e8000000, 0x00000000e8000000)
  to   space 21824K,   0% used [0x00000000e5560000, 0x00000000e5560000, 0x00000000e6ab0000)
 concurrent mark-sweep generation total 393216K, used 151658K [0x00000000e8000000, 0x0000000100000000, 0x0000000100000000)
 Metaspace       used 49577K, capacity 50158K, committed 50168K, reserved 1093632K
  class space    used 5272K, capacity 5418K, committed 5420K, reserved 1048576K
2016-06-21T14:25:35.047+0100: 19537.374: [GC (Allocation Failure) 2016-06-21T14:25:35.047+0100: 19537.374: [ParNew
Desired survivor size 20112992 bytes, new threshold 8 (max 8)
- age   1:    4013032 bytes,    4013032 total
: 109248K->18839K(109248K), 0.0371649 secs] 260906K->190545K(502464K), 0.0372509 secs] [Times: user=0.09 sys=0.02, real=0.04 secs] 
Heap after GC invocations=232 (full 4):
 par new generation   total 109248K, used 18839K [0x00000000e0000000, 0x00000000e8000000, 0x00000000e8000000)
  eden space 87424K,   0% used [0x00000000e0000000, 0x00000000e0000000, 0x00000000e5560000)
  from space 21824K,  86% used [0x00000000e5560000, 0x00000000e67c5ce0, 0x00000000e6ab0000)
  to   space 21824K,   0% used [0x00000000e6ab0000, 0x00000000e6ab0000, 0x00000000e8000000)
 concurrent mark-sweep generation total 393216K, used 171706K [0x00000000e8000000, 0x0000000100000000, 0x0000000100000000)
 Metaspace       used 49577K, capacity 50158K, committed 50168K, reserved 1093632K
  class space    used 5272K, capacity 5418K, committed 5420K, reserved 1048576K
}
2016-06-21T14:25:35.084+0100: 19537.411: Total time for which application threads were stopped: 0.0375087 seconds, Stopping threads took: 0.0000288 seconds
{Heap before GC invocations=232 (full 4):
 par new generation   total 109248K, used 106263K [0x00000000e0000000, 0x00000000e8000000, 0x00000000e8000000)
  eden space 87424K, 100% used [0x00000000e0000000, 0x00000000e5560000, 0x00000000e5560000)
  from space 21824K,  86% used [0x00000000e5560000, 0x00000000e67c5ce0, 0x00000000e6ab0000)
  to   space 21824K,   0% used [0x00000000e6ab0000, 0x00000000e6ab0000, 0x00000000e8000000)
 concurrent mark-sweep generation total 393216K, used 171706K [0x00000000e8000000, 0x0000000100000000, 0x0000000100000000)
 Metaspace       used 49577K, capacity 50158K, committed 50168K, reserved 1093632K
  class space    used 5272K, capacity 5418K, committed 5420K, reserved 1048576K
2016-06-21T14:25:35.223+0100: 19537.549: [GC (Allocation Failure) 2016-06-21T14:25:35.223+0100: 19537.549: [ParNew
Desired survivor size 20112992 bytes, new threshold 8 (max 8)
- age   1:    1310168 bytes,    1310168 total
- age   2:    3472712 bytes,    4782880 total
: 106263K->6412K(109248K), 0.0048899 secs] 277969K->178118K(502464K), 0.0049554 secs] [Times: user=0.00 sys=0.00, real=0.00 secs] 
Heap after GC invocations=233 (full 4):
 par new generation   total 109248K, used 6412K [0x00000000e0000000, 0x00000000e8000000, 0x00000000e8000000)
  eden space 87424K,   0% used [0x00000000e0000000, 0x00000000e0000000, 0x00000000e5560000)
  from space 21824K,  29% used [0x00000000e6ab0000, 0x00000000e70f3070, 0x00000000e8000000)
  to   space 21824K,   0% used [0x00000000e5560000, 0x00000000e5560000, 0x00000000e6ab0000)
 concurrent mark-sweep generation total 393216K, used 171706K [0x00000000e8000000, 0x0000000100000000, 0x0000000100000000)
 Metaspace       used 49577K, capacity 50158K, committed 50168K, reserved 1093632K
  class space    used 5272K, capacity 5418K, committed 5420K, reserved 1048576K
}
2016-06-21T14:25:35.228+0100: 19537.554: Total time for which application threads were stopped: 0.0051413 seconds, Stopping threads took: 0.0000221 seconds
{Heap before GC invocations=233 (full 4):
 par new generation   total 109248K, used 93836K [0x00000000e0000000, 0x00000000e8000000, 0x00000000e8000000)
  eden space 87424K, 100% used [0x00000000e0000000, 0x00000000e5560000, 0x00000000e5560000)
  from space 21824K,  29% used [0x00000000e6ab0000, 0x00000000e70f3070, 0x00000000e8000000)
  to   space 21824K,   0% used [0x00000000e5560000, 0x00000000e5560000, 0x00000000e6ab0000)
 concurrent mark-sweep generation total 393216K, used 171706K [0x00000000e8000000, 0x0000000100000000, 0x0000000100000000)
 Metaspace       used 49577K, capacity 50158K, committed 50168K, reserved 1093632K
  class space    used 5272K, capacity 5418K, committed 5420K, reserved 1048576K
2016-06-21T14:25:35.367+0100: 19537.695: [GC (Allocation Failure) 2016-06-21T14:25:35.367+0100: 19537.695: [ParNew
Desired survivor size 20112992 bytes, new threshold 8 (max 8)
- age   1:    1286184 bytes,    1286184 total
- age   2:    1033800 bytes,    2319984 total
- age   3:    3482824 bytes,    5802808 total
: 93836K->6657K(109248K), 0.0053490 secs] 265542K->178364K(502464K), 0.0054058 secs] [Times: user=0.00 sys=0.00, real=0.01 secs] 
Heap after GC invocations=234 (full 4):
 par new generation   total 109248K, used 6657K [0x00000000e0000000, 0x00000000e8000000, 0x00000000e8000000)
  eden space 87424K,   0% used [0x00000000e0000000, 0x00000000e0000000, 0x00000000e5560000)
  from space 21824K,  30% used [0x00000000e5560000, 0x00000000e5be0790, 0x00000000e6ab0000)
  to   space 21824K,   0% used [0x00000000e6ab0000, 0x00000000e6ab0000, 0x00000000e8000000)
 concurrent mark-sweep generation total 393216K, used 171706K [0x00000000e8000000, 0x0000000100000000, 0x0000000100000000)
 Metaspace       used 49577K, capacity 50158K, committed 50168K, reserved 1093632K
  class space    used 5272K, capacity 5418K, committed 5420K, reserved 1048576K
}
2016-06-21T14:25:35.373+0100: 19537.700: Total time for which application threads were stopped: 0.0055898 seconds, Stopping threads took: 0.0000205 seconds
{Heap before GC invocations=234 (full 4):
 par new generation   total 109248K, used 94081K [0x00000000e0000000, 0x00000000e8000000, 0x00000000e8000000)
  eden space 87424K, 100% used [0x00000000e0000000, 0x00000000e5560000, 0x00000000e5560000)
  from space 21824K,  30% used [0x00000000e5560000, 0x00000000e5be0790, 0x00000000e6ab0000)
  to   space 21824K,   0% used [0x00000000e6ab0000, 0x00000000e6ab0000, 0x00000000e8000000)
 concurrent mark-sweep generation total 393216K, used 171706K [0x00000000e8000000, 0x0000000100000000, 0x0000000100000000)
 Metaspace       used 49577K, capacity 50158K, committed 50168K, reserved 1093632K
  class space    used 5272K, capacity 5418K, committed 5420K, reserved 1048576K
2016-06-21T14:25:35.520+0100: 19537.847: [GC (Allocation Failure) 2016-06-21T14:25:35.520+0100: 19537.847: [ParNew
Desired survivor size 20112992 bytes, new threshold 8 (max 8)
- age   1:    1025640 bytes,    1025640 total
- age   2:     739520 bytes,    1765160 total
- age   3:    1033800 bytes,    2798960 total
- age   4:    3487976 bytes,    6286936 total
: 94081K->9393K(109248K), 0.0056952 secs] 265788K->181100K(502464K), 0.0057512 secs] [Times: user=0.00 sys=0.00, real=0.01 secs] 
Heap after GC invocations=235 (full 4):
 par new generation   total 109248K, used 9393K [0x00000000e0000000, 0x00000000e8000000, 0x00000000e8000000)
  eden space 87424K,   0% used [0x00000000e0000000, 0x00000000e0000000, 0x00000000e5560000)
  from space 21824K,  43% used [0x00000000e6ab0000, 0x00000000e73dc750, 0x00000000e8000000)
  to   space 21824K,   0% used [0x00000000e5560000, 0x00000000e5560000, 0x00000000e6ab0000)
 concurrent mark-sweep generation total 393216K, used 171706K [0x00000000e8000000, 0x0000000100000000, 0x0000000100000000)
 Metaspace       used 49577K, capacity 50158K, committed 50168K, reserved 1093632K
  class space    used 5272K, capacity 5418K, committed 5420K, reserved 1048576K
}
2016-06-21T14:25:35.526+0100: 19537.853: Total time for which application threads were stopped: 0.0059668 seconds, Stopping threads took: 0.0000186 seconds
{Heap before GC invocations=235 (full 4):
 par new generation   total 109248K, used 96817K [0x00000000e0000000, 0x00000000e8000000, 0x00000000e8000000)
  eden space 87424K, 100% used [0x00000000e0000000, 0x00000000e5560000, 0x00000000e5560000)
  from space 21824K,  43% used [0x00000000e6ab0000, 0x00000000e73dc750, 0x00000000e8000000)
  to   space 21824K,   0% used [0x00000000e5560000, 0x00000000e5560000, 0x00000000e6ab0000)
 concurrent mark-sweep generation total 393216K, used 171706K [0x00000000e8000000, 0x0000000100000000, 0x0000000100000000)
 Metaspace       used 49577K, capacity 50158K, committed 50168K, reserved 1093632K
  class space    used 5272K, capacity 5418K, committed 5420K, reserved 1048576K
2016-06-21T14:25:35.651+0100: 19537.978: [GC (Allocation Failure) 2016-06-21T14:25:35.651+0100: 19537.978: [ParNew
Desired survivor size 20112992 bytes, new threshold 8 (max 8)
- age   1:    2693288 bytes,    2693288 total
- age   2:     728904 bytes,    3422192 total
- age   3:     739520 bytes,    4161712 total
- age   4:     312888 bytes,    4474600 total
- age   5:    3490528 bytes,    7965128 total
: 96817K->8618K(109248K), 0.0060078 secs] 268524K->180324K(502464K), 0.0060769 secs] [Times: user=0.06 sys=0.00, real=0.01 secs] 
Heap after GC invocations=236 (full 4):
 par new generation   total 109248K, used 8618K [0x00000000e0000000, 0x00000000e8000000, 0x00000000e8000000)
  eden space 87424K,   0% used [0x00000000e0000000, 0x00000000e0000000, 0x00000000e5560000)
  from space 21824K,  39% used [0x00000000e5560000, 0x00000000e5dca890, 0x00000000e6ab0000)
  to   space 21824K,   0% used [0x00000000e6ab0000, 0x00000000e6ab0000, 0x00000000e8000000)
 concurrent mark-sweep generation total 393216K, used 171706K [0x00000000e8000000, 0x0000000100000000, 0x0000000100000000)
 Metaspace       used 49577K, capacity 50158K, committed 50168K, reserved 1093632K
  class space    used 5272K, capacity 5418K, committed 5420K, reserved 1048576K
}
2016-06-21T14:25:35.657+0100: 19537.984: Total time for which application threads were stopped: 0.0063126 seconds, Stopping threads took: 0.0000308 seconds
{Heap before GC invocations=236 (full 4):
 par new generation   total 109248K, used 96042K [0x00000000e0000000, 0x00000000e8000000, 0x00000000e8000000)
  eden space 87424K, 100% used [0x00000000e0000000, 0x00000000e5560000, 0x00000000e5560000)
  from space 21824K,  39% used [0x00000000e5560000, 0x00000000e5dca890, 0x00000000e6ab0000)
  to   space 21824K,   0% used [0x00000000e6ab0000, 0x00000000e6ab0000, 0x00000000e8000000)
 concurrent mark-sweep generation total 393216K, used 171706K [0x00000000e8000000, 0x0000000100000000, 0x0000000100000000)
 Metaspace       used 49577K, capacity 50158K, committed 50168K, reserved 1093632K
  class space    used 5272K, capacity 5418K, committed 5420K, reserved 1048576K
2016-06-21T14:25:35.832+0100: 19538.159: [GC (Allocation Failure) 2016-06-21T14:25:35.832+0100: 19538.159: [ParNew
Desired survivor size 20112992 bytes, new threshold 8 (max 8)
- age   1:    1043536 bytes,    1043536 total
- age   2:    2218968 bytes,    3262504 total
- age   3:     728904 bytes,    3991408 total
- age   4:     739520 bytes,    4730928 total
- age   5:     312888 bytes,    5043816 total
- age   6:    3432992 bytes,    8476808 total
: 96042K->11911K(109248K), 0.0062802 secs] 267748K->183617K(502464K), 0.0063674 secs] [Times: user=0.00 sys=0.00, real=0.01 secs] 
Heap after GC invocations=237 (full 4):
 par new generation   total 109248K, used 11911K [0x00000000e0000000, 0x00000000e8000000, 0x00000000e8000000)
  eden space 87424K,   0% used [0x00000000e0000000, 0x00000000e0000000, 0x00000000e5560000)
  from space 21824K,  54% used [0x00000000e6ab0000, 0x00000000e7651cd0, 0x00000000e8000000)
  to   space 21824K,   0% used [0x00000000e5560000, 0x00000000e5560000, 0x00000000e6ab0000)
 concurrent mark-sweep generation total 393216K, used 171706K [0x00000000e8000000, 0x0000000100000000, 0x0000000100000000)
 Metaspace       used 49577K, capacity 50158K, committed 50168K, reserved 1093632K
  class space    used 5272K, capacity 5418K, committed 5420K, reserved 1048576K
}
2016-06-21T14:25:35.839+0100: 19538.165: Total time for which application threads were stopped: 0.0066217 seconds, Stopping threads took: 0.0000296 seconds
{Heap before GC invocations=237 (full 4):
 par new generation   total 109248K, used 99335K [0x00000000e0000000, 0x00000000e8000000, 0x00000000e8000000)
  eden space 87424K, 100% used [0x00000000e0000000, 0x00000000e5560000, 0x00000000e5560000)
  from space 21824K,  54% used [0x00000000e6ab0000, 0x00000000e7651cd0, 0x00000000e8000000)
  to   space 21824K,   0% used [0x00000000e5560000, 0x00000000e5560000, 0x00000000e6ab0000)
 concurrent mark-sweep generation total 393216K, used 171706K [0x00000000e8000000, 0x0000000100000000, 0x0000000100000000)
 Metaspace       used 49577K, capacity 50158K, committed 50168K, reserved 1093632K
  class space    used 5272K, capacity 5418K, committed 5420K, reserved 1048576K
2016-06-21T14:25:36.036+0100: 19538.363: [GC (Allocation Failure) 2016-06-21T14:25:36.036+0100: 19538.363: [ParNew
Desired survivor size 20112992 bytes, new threshold 8 (max 8)
- age   1:    1012880 bytes,    1012880 total
- age   2:     825456 bytes,    1838336 total
- age   3:    2218968 bytes,    4057304 total
- age   4:     728904 bytes,    4786208 total
- age   5:     739520 bytes,    5525728 total
- age   6:     312888 bytes,    5838616 total
- age   7:    3387040 bytes,    9225656 total
: 99335K->10402K(109248K), 0.0062115 secs] 271041K->182109K(502464K), 0.0062676 secs] [Times: user=0.00 sys=0.00, real=0.01 secs] 
Heap after GC invocations=238 (full 4):
 par new generation   total 109248K, used 10402K [0x00000000e0000000, 0x00000000e8000000, 0x00000000e8000000)
  eden space 87424K,   0% used [0x00000000e0000000, 0x00000000e0000000, 0x00000000e5560000)
  from space 21824K,  47% used [0x00000000e5560000, 0x00000000e5f88990, 0x00000000e6ab0000)
  to   space 21824K,   0% used [0x00000000e6ab0000, 0x00000000e6ab0000, 0x00000000e8000000)
 concurrent mark-sweep generation total 393216K, used 171706K [0x00000000e8000000, 0x0000000100000000, 0x0000000100000000)
 Metaspace       used 49577K, capacity 50158K, committed 50168K, reserved 1093632K
  class space    used 5272K, capacity 5418K, committed 5420K, reserved 1048576K
}
2016-06-21T14:25:36.042+0100: 19538.369: Total time for which application threads were stopped: 0.0065644 seconds, Stopping threads took: 0.0000225 seconds
{Heap before GC invocations=238 (full 4):
 par new generation   total 109248K, used 97826K [0x00000000e0000000, 0x00000000e8000000, 0x00000000e8000000)
  eden space 87424K, 100% used [0x00000000e0000000, 0x00000000e5560000, 0x00000000e5560000)
  from space 21824K,  47% used [0x00000000e5560000, 0x00000000e5f88990, 0x00000000e6ab0000)
  to   space 21824K,   0% used [0x00000000e6ab0000, 0x00000000e6ab0000, 0x00000000e8000000)
 concurrent mark-sweep generation total 393216K, used 171706K [0x00000000e8000000, 0x0000000100000000, 0x0000000100000000)
 Metaspace       used 49577K, capacity 50158K, committed 50168K, reserved 1093632K
  class space    used 5272K, capacity 5418K, committed 5420K, reserved 1048576K
2016-06-21T14:25:36.162+0100: 19538.489: [GC (Allocation Failure) 2016-06-21T14:25:36.162+0100: 19538.489: [ParNew
Desired survivor size 20112992 bytes, new threshold 8 (max 8)
- age   1:    1228984 bytes,    1228984 total
- age   2:     714992 bytes,    1943976 total
- age   3:     825456 bytes,    2769432 total
- age   4:    2218968 bytes,    4988400 total
- age   5:     728904 bytes,    5717304 total
- age   6:     739520 bytes,    6456824 total
- age   7:     312888 bytes,    6769712 total
- age   8:    3317016 bytes,   10086728 total
: 97826K->14398K(109248K), 0.0069612 secs] 269533K->186105K(502464K), 0.0070231 secs] [Times: user=0.00 sys=0.00, real=0.01 secs] 
Heap after GC invocations=239 (full 4):
 par new generation   total 109248K, used 14398K [0x00000000e0000000, 0x00000000e8000000, 0x00000000e8000000)
  eden space 87424K,   0% used [0x00000000e0000000, 0x00000000e0000000, 0x00000000e5560000)
  from space 21824K,  65% used [0x00000000e6ab0000, 0x00000000e78bfa18, 0x00000000e8000000)
  to   space 21824K,   0% used [0x00000000e5560000, 0x00000000e5560000, 0x00000000e6ab0000)
 concurrent mark-sweep generation total 393216K, used 171706K [0x00000000e8000000, 0x0000000100000000, 0x0000000100000000)
 Metaspace       used 49577K, capacity 50158K, committed 50168K, reserved 1093632K
  class space    used 5272K, capacity 5418K, committed 5420K, reserved 1048576K
}
2016-06-21T14:25:36.169+0100: 19538.496: Total time for which application threads were stopped: 0.0072087 seconds, Stopping threads took: 0.0000316 seconds
{Heap before GC invocations=239 (full 4):
 par new generation   total 109248K, used 101822K [0x00000000e0000000, 0x00000000e8000000, 0x00000000e8000000)
  eden space 87424K, 100% used [0x00000000e0000000, 0x00000000e5560000, 0x00000000e5560000)
  from space 21824K,  65% used [0x00000000e6ab0000, 0x00000000e78bfa18, 0x00000000e8000000)
  to   space 21824K,   0% used [0x00000000e5560000, 0x00000000e5560000, 0x00000000e6ab0000)
 concurrent mark-sweep generation total 393216K, used 171706K [0x00000000e8000000, 0x0000000100000000, 0x0000000100000000)
 Metaspace       used 49577K, capacity 50158K, committed 50168K, reserved 1093632K
  class space    used 5272K, capacity 5418K, committed 5420K, reserved 1048576K
2016-06-21T14:25:36.293+0100: 19538.619: [GC (Allocation Failure) 2016-06-21T14:25:36.293+0100: 19538.620: [ParNew
Desired survivor size 20112992 bytes, new threshold 8 (max 8)
- age   1:    1233904 bytes,    1233904 total
- age   2:     605616 bytes,    1839520 total
- age   3:     714992 bytes,    2554512 total
- age   4:     825456 bytes,    3379968 total
- age   5:    2218968 bytes,    5598936 total
- age   6:     728904 bytes,    6327840 total
- age   7:     739520 bytes,    7067360 total
- age   8:     312888 bytes,    7380248 total
: 101822K->10672K(109248K), 0.0135157 secs] 273529K->185619K(502464K), 0.0135978 secs] [Times: user=0.06 sys=0.00, real=0.01 secs] 
Heap after GC invocations=240 (full 4):
 par new generation   total 109248K, used 10672K [0x00000000e0000000, 0x00000000e8000000, 0x00000000e8000000)
  eden space 87424K,   0% used [0x00000000e0000000, 0x00000000e0000000, 0x00000000e5560000)
  from space 21824K,  48% used [0x00000000e5560000, 0x00000000e5fcc018, 0x00000000e6ab0000)
  to   space 21824K,   0% used [0x00000000e6ab0000, 0x00000000e6ab0000, 0x00000000e8000000)
 concurrent mark-sweep generation total 393216K, used 174947K [0x00000000e8000000, 0x0000000100000000, 0x0000000100000000)
 Metaspace       used 49577K, capacity 50158K, committed 50168K, reserved 1093632K
  class space    used 5272K, capacity 5418K, committed 5420K, reserved 1048576K
}
2016-06-21T14:25:36.306+0100: 19538.633: Total time for which application threads were stopped: 0.0138023 seconds, Stopping threads took: 0.0000292 seconds
{Heap before GC invocations=240 (full 4):
 par new generation   total 109248K, used 98096K [0x00000000e0000000, 0x00000000e8000000, 0x00000000e8000000)
  eden space 87424K, 100% used [0x00000000e0000000, 0x00000000e5560000, 0x00000000e5560000)
  from space 21824K,  48% used [0x00000000e5560000, 0x00000000e5fcc018, 0x00000000e6ab0000)
  to   space 21824K,   0% used [0x00000000e6ab0000, 0x00000000e6ab0000, 0x00000000e8000000)
 concurrent mark-sweep generation total 393216K, used 174947K [0x00000000e8000000, 0x0000000100000000, 0x0000000100000000)
 Metaspace       used 49577K, capacity 50158K, committed 50168K, reserved 1093632K
  class space    used 5272K, capacity 5418K, committed 5420K, reserved 1048576K
2016-06-21T14:25:36.436+0100: 19538.762: [GC (Allocation Failure) 2016-06-21T14:25:36.436+0100: 19538.762: [ParNew
Desired survivor size 20112992 bytes, new threshold 8 (max 8)
- age   1:    3902920 bytes,    3902920 total
- age   2:     776776 bytes,    4679696 total
- age   3:     605616 bytes,    5285312 total
- age   4:     714992 bytes,    6000304 total
- age   5:     825456 bytes,    6825760 total
- age   6:     777160 bytes,    7602920 total
- age   7:     728904 bytes,    8331824 total
- age   8:     739600 bytes,    9071424 total
: 98096K->10442K(109248K), 0.0050667 secs] 273043K->185696K(502464K), 0.0051259 secs] [Times: user=0.05 sys=0.02, real=0.00 secs] 
Heap after GC invocations=241 (full 4):
 par new generation   total 109248K, used 10442K [0x00000000e0000000, 0x00000000e8000000, 0x00000000e8000000)
  eden space 87424K,   0% used [0x00000000e0000000, 0x00000000e0000000, 0x00000000e5560000)
  from space 21824K,  47% used [0x00000000e6ab0000, 0x00000000e74e29d0, 0x00000000e8000000)
  to   space 21824K,   0% used [0x00000000e5560000, 0x00000000e5560000, 0x00000000e6ab0000)
 concurrent mark-sweep generation total 393216K, used 175254K [0x00000000e8000000, 0x0000000100000000, 0x0000000100000000)
 Metaspace       used 49577K, capacity 50158K, committed 50168K, reserved 1093632K
  class space    used 5272K, capacity 5418K, committed 5420K, reserved 1048576K
}
2016-06-21T14:25:36.441+0100: 19538.767: Total time for which application threads were stopped: 0.0053423 seconds, Stopping threads took: 0.0000189 seconds
{Heap before GC invocations=241 (full 4):
 par new generation   total 109248K, used 97866K [0x00000000e0000000, 0x00000000e8000000, 0x00000000e8000000)
  eden space 87424K, 100% used [0x00000000e0000000, 0x00000000e5560000, 0x00000000e5560000)
  from space 21824K,  47% used [0x00000000e6ab0000, 0x00000000e74e29d0, 0x00000000e8000000)
  to   space 21824K,   0% used [0x00000000e5560000, 0x00000000e5560000, 0x00000000e6ab0000)
 concurrent mark-sweep generation total 393216K, used 175254K [0x00000000e8000000, 0x0000000100000000, 0x0000000100000000)
 Metaspace       used 49577K, capacity 50158K, committed 50168K, reserved 1093632K
  class space    used 5272K, capacity 5418K, committed 5420K, reserved 1048576K
2016-06-21T14:25:37.628+0100: 19539.954: [GC (Allocation Failure) 2016-06-21T14:25:37.628+0100: 19539.954: [ParNew
Desired survivor size 20112992 bytes, new threshold 8 (max 8)
- age   1:   11456856 bytes,   11456856 total
- age   2:    3216536 bytes,   14673392 total
- age   3:     366856 bytes,   15040248 total
- age   4:     294016 bytes,   15334264 total
- age   5:     354192 bytes,   15688456 total
- age   6:     317096 bytes,   16005552 total
- age   7:     350696 bytes,   16356248 total
- age   8:     368136 bytes,   16724384 total
: 97866K->18413K(109248K), 0.0057398 secs] 273120K->194022K(502464K), 0.0058093 secs] [Times: user=0.00 sys=0.00, real=0.00 secs] 
Heap after GC invocations=242 (full 4):
 par new generation   total 109248K, used 18413K [0x00000000e0000000, 0x00000000e8000000, 0x00000000e8000000)
  eden space 87424K,   0% used [0x00000000e0000000, 0x00000000e0000000, 0x00000000e5560000)
  from space 21824K,  84% used [0x00000000e5560000, 0x00000000e675b4d0, 0x00000000e6ab0000)
  to   space 21824K,   0% used [0x00000000e6ab0000, 0x00000000e6ab0000, 0x00000000e8000000)
 concurrent mark-sweep generation total 393216K, used 175609K [0x00000000e8000000, 0x0000000100000000, 0x0000000100000000)
 Metaspace       used 49577K, capacity 50158K, committed 50168K, reserved 1093632K
  class space    used 5272K, capacity 5418K, committed 5420K, reserved 1048576K
}
2016-06-21T14:25:37.633+0100: 19539.960: Total time for which application threads were stopped: 0.0060761 seconds, Stopping threads took: 0.0000193 seconds
2016-06-21T14:29:56.090+0100: 19798.417: Total time for which application threads were stopped: 0.0001753 seconds, Stopping threads took: 0.0000442 seconds
2016-06-21T14:29:56.279+0100: 19798.605: Total time for which application threads were stopped: 0.0001176 seconds, Stopping threads took: 0.0000241 seconds
{Heap before GC invocations=242 (full 4):
 par new generation   total 109248K, used 105837K [0x00000000e0000000, 0x00000000e8000000, 0x00000000e8000000)
  eden space 87424K, 100% used [0x00000000e0000000, 0x00000000e5560000, 0x00000000e5560000)
  from space 21824K,  84% used [0x00000000e5560000, 0x00000000e675b4d0, 0x00000000e6ab0000)
  to   space 21824K,   0% used [0x00000000e6ab0000, 0x00000000e6ab0000, 0x00000000e8000000)
 concurrent mark-sweep generation total 393216K, used 175609K [0x00000000e8000000, 0x0000000100000000, 0x0000000100000000)
 Metaspace       used 49577K, capacity 50158K, committed 50168K, reserved 1093632K
  class space    used 5272K, capacity 5418K, committed 5420K, reserved 1048576K
2016-06-21T14:29:56.803+0100: 19799.130: [GC (Allocation Failure) 2016-06-21T14:29:56.804+0100: 19799.131: [ParNew
Desired survivor size 20112992 bytes, new threshold 8 (max 8)
- age   1:     294208 bytes,     294208 total
- age   2:   11295208 bytes,   11589416 total
- age   3:    3216536 bytes,   14805952 total
- age   4:     366776 bytes,   15172728 total
- age   5:     294016 bytes,   15466744 total
- age   6:     354192 bytes,   15820936 total
- age   7:     317056 bytes,   16137992 total
- age   8:     350696 bytes,   16488688 total
: 105837K->17372K(109248K), 0.0073689 secs] 281446K->193341K(502464K), 0.0074724 secs] [Times: user=0.00 sys=0.00, real=0.01 secs] 
Heap after GC invocations=243 (full 4):
 par new generation   total 109248K, used 17372K [0x00000000e0000000, 0x00000000e8000000, 0x00000000e8000000)
  eden space 87424K,   0% used [0x00000000e0000000, 0x00000000e0000000, 0x00000000e5560000)
  from space 21824K,  79% used [0x00000000e6ab0000, 0x00000000e7ba7290, 0x00000000e8000000)
  to   space 21824K,   0% used [0x00000000e5560000, 0x00000000e5560000, 0x00000000e6ab0000)
 concurrent mark-sweep generation total 393216K, used 175969K [0x00000000e8000000, 0x0000000100000000, 0x0000000100000000)
 Metaspace       used 49577K, capacity 50158K, committed 50168K, reserved 1093632K
  class space    used 5272K, capacity 5418K, committed 5420K, reserved 1048576K
}
2016-06-21T14:29:56.811+0100: 19799.138: Total time for which application threads were stopped: 0.0077396 seconds, Stopping threads took: 0.0000296 seconds
{Heap before GC invocations=243 (full 4):
 par new generation   total 109248K, used 104796K [0x00000000e0000000, 0x00000000e8000000, 0x00000000e8000000)
  eden space 87424K, 100% used [0x00000000e0000000, 0x00000000e5560000, 0x00000000e5560000)
  from space 21824K,  79% used [0x00000000e6ab0000, 0x00000000e7ba7290, 0x00000000e8000000)
  to   space 21824K,   0% used [0x00000000e5560000, 0x00000000e5560000, 0x00000000e6ab0000)
 concurrent mark-sweep generation total 393216K, used 175969K [0x00000000e8000000, 0x0000000100000000, 0x0000000100000000)
 Metaspace       used 49578K, capacity 50158K, committed 50168K, reserved 1093632K
  class space    used 5272K, capacity 5418K, committed 5420K, reserved 1048576K
2016-06-21T14:29:57.636+0100: 19799.963: [GC (Allocation Failure) 2016-06-21T14:29:57.636+0100: 19799.963: [ParNew
Desired survivor size 20112992 bytes, new threshold 8 (max 8)
- age   1:    1869752 bytes,    1869752 total
- age   2:      45728 bytes,    1915480 total
- age   3:   11294912 bytes,   13210392 total
- age   4:    3216536 bytes,   16426928 total
- age   5:     366776 bytes,   16793704 total
- age   6:     294016 bytes,   17087720 total
- age   7:     354192 bytes,   17441912 total
- age   8:     317056 bytes,   17758968 total
: 104796K->18432K(109248K), 0.0057844 secs] 280765K->194744K(502464K), 0.0058661 secs] [Times: user=0.06 sys=0.00, real=0.01 secs] 
Heap after GC invocations=244 (full 4):
 par new generation   total 109248K, used 18432K [0x00000000e0000000, 0x00000000e8000000, 0x00000000e8000000)
  eden space 87424K,   0% used [0x00000000e0000000, 0x00000000e0000000, 0x00000000e5560000)
  from space 21824K,  84% used [0x00000000e5560000, 0x00000000e6760100, 0x00000000e6ab0000)
  to   space 21824K,   0% used [0x00000000e6ab0000, 0x00000000e6ab0000, 0x00000000e8000000)
 concurrent mark-sweep generation total 393216K, used 176312K [0x00000000e8000000, 0x0000000100000000, 0x0000000100000000)
 Metaspace       used 49578K, capacity 50158K, committed 50168K, reserved 1093632K
  class space    used 5272K, capacity 5418K, committed 5420K, reserved 1048576K
}
2016-06-21T14:29:57.642+0100: 19799.969: Total time for which application threads were stopped: 0.0061077 seconds, Stopping threads took: 0.0000245 seconds
2016-06-21T14:29:57.642+0100: 19799.969: Total time for which application threads were stopped: 0.0001145 seconds, Stopping threads took: 0.0000336 seconds
2016-06-21T14:29:57.642+0100: 19799.969: Total time for which application threads were stopped: 0.0001279 seconds, Stopping threads took: 0.0000687 seconds
{Heap before GC invocations=244 (full 4):
 par new generation   total 109248K, used 105856K [0x00000000e0000000, 0x00000000e8000000, 0x00000000e8000000)
  eden space 87424K, 100% used [0x00000000e0000000, 0x00000000e5560000, 0x00000000e5560000)
  from space 21824K,  84% used [0x00000000e5560000, 0x00000000e6760100, 0x00000000e6ab0000)
  to   space 21824K,   0% used [0x00000000e6ab0000, 0x00000000e6ab0000, 0x00000000e8000000)
 concurrent mark-sweep generation total 393216K, used 176312K [0x00000000e8000000, 0x0000000100000000, 0x0000000100000000)
 Metaspace       used 49578K, capacity 50158K, committed 50168K, reserved 1093632K
  class space    used 5272K, capacity 5418K, committed 5420K, reserved 1048576K
2016-06-21T14:29:58.166+0100: 19800.494: [GC (Allocation Failure) 2016-06-21T14:29:58.167+0100: 19800.494: [ParNew
Desired survivor size 20112992 bytes, new threshold 8 (max 8)
- age   1:    1944280 bytes,    1944280 total
- age   2:       6840 bytes,    1951120 total
- age   3:      45728 bytes,    1996848 total
- age   4:   11294912 bytes,   13291760 total
- age   5:    3216536 bytes,   16508296 total
- age   6:     366776 bytes,   16875072 total
- age   7:     294016 bytes,   17169088 total
- age   8:     354192 bytes,   17523280 total
: 105856K->18464K(109248K), 0.0056300 secs] 282168K->195087K(502464K), 0.0057856 secs] [Times: user=0.06 sys=0.00, real=0.01 secs] 
Heap after GC invocations=245 (full 4):
 par new generation   total 109248K, used 18464K [0x00000000e0000000, 0x00000000e8000000, 0x00000000e8000000)
  eden space 87424K,   0% used [0x00000000e0000000, 0x00000000e0000000, 0x00000000e5560000)
  from space 21824K,  84% used [0x00000000e6ab0000, 0x00000000e7cb8160, 0x00000000e8000000)
  to   space 21824K,   0% used [0x00000000e5560000, 0x00000000e5560000, 0x00000000e6ab0000)
 concurrent mark-sweep generation total 393216K, used 176623K [0x00000000e8000000, 0x0000000100000000, 0x0000000100000000)
 Metaspace       used 49578K, capacity 50158K, committed 50168K, reserved 1093632K
  class space    used 5272K, capacity 5418K, committed 5420K, reserved 1048576K
}
2016-06-21T14:29:58.172+0100: 19800.500: Total time for which application threads were stopped: 0.0060686 seconds, Stopping threads took: 0.0000276 seconds
2016-06-21T14:30:00.174+0100: 19802.501: Total time for which application threads were stopped: 0.0001883 seconds, Stopping threads took: 0.0000339 seconds
2016-06-21T14:30:01.174+0100: 19803.501: Total time for which application threads were stopped: 0.0000790 seconds, Stopping threads took: 0.0000229 seconds
{Heap before GC invocations=245 (full 4):
 par new generation   total 109248K, used 105888K [0x00000000e0000000, 0x00000000e8000000, 0x00000000e8000000)
  eden space 87424K, 100% used [0x00000000e0000000, 0x00000000e5560000, 0x00000000e5560000)
  from space 21824K,  84% used [0x00000000e6ab0000, 0x00000000e7cb8160, 0x00000000e8000000)
  to   space 21824K,   0% used [0x00000000e5560000, 0x00000000e5560000, 0x00000000e6ab0000)
 concurrent mark-sweep generation total 393216K, used 176623K [0x00000000e8000000, 0x0000000100000000, 0x0000000100000000)
 Metaspace       used 49596K, capacity 50158K, committed 50168K, reserved 1093632K
  class space    used 5272K, capacity 5418K, committed 5420K, reserved 1048576K
2016-06-21T14:30:07.136+0100: 19809.463: [GC (Allocation Failure) 2016-06-21T14:30:07.137+0100: 19809.464: [ParNew
Desired survivor size 20112992 bytes, new threshold 7 (max 8)
- age   1:    5412280 bytes,    5412280 total
- age   2:       1880 bytes,    5414160 total
- age   3:       1656 bytes,    5415816 total
- age   4:      45728 bytes,    5461544 total
- age   5:   11294912 bytes,   16756456 total
- age   6:    3216536 bytes,   19972992 total
- age   7:     366776 bytes,   20339768 total
- age   8:     294016 bytes,   20633784 total
: 105888K->21406K(109248K), 0.0061780 secs] 282511K->198377K(502464K), 0.0062688 secs] [Times: user=0.06 sys=0.00, real=0.01 secs] 
Heap after GC invocations=246 (full 4):
 par new generation   total 109248K, used 21406K [0x00000000e0000000, 0x00000000e8000000, 0x00000000e8000000)
  eden space 87424K,   0% used [0x00000000e0000000, 0x00000000e0000000, 0x00000000e5560000)
  from space 21824K,  98% used [0x00000000e5560000, 0x00000000e6a47900, 0x00000000e6ab0000)
  to   space 21824K,   0% used [0x00000000e6ab0000, 0x00000000e6ab0000, 0x00000000e8000000)
 concurrent mark-sweep generation total 393216K, used 176970K [0x00000000e8000000, 0x0000000100000000, 0x0000000100000000)
 Metaspace       used 49596K, capacity 50158K, committed 50168K, reserved 1093632K
  class space    used 5272K, capacity 5418K, committed 5420K, reserved 1048576K
}
2016-06-21T14:30:07.143+0100: 19809.470: Total time for which application threads were stopped: 0.0064681 seconds, Stopping threads took: 0.0000237 seconds
2016-06-21T14:30:07.143+0100: 19809.470: Total time for which application threads were stopped: 0.0001433 seconds, Stopping threads took: 0.0000561 seconds
2016-06-21T14:30:07.143+0100: 19809.470: Total time for which application threads were stopped: 0.0000734 seconds, Stopping threads took: 0.0000280 seconds
2016-06-21T14:30:07.143+0100: 19809.470: Total time for which application threads were stopped: 0.0000833 seconds, Stopping threads took: 0.0000276 seconds
2016-06-21T14:30:07.143+0100: 19809.470: Total time for which application threads were stopped: 0.0000734 seconds, Stopping threads took: 0.0000300 seconds
2016-06-21T14:30:07.143+0100: 19809.470: Total time for which application threads were stopped: 0.0000576 seconds, Stopping threads took: 0.0000276 seconds
2016-06-21T14:30:07.144+0100: 19809.471: Total time for which application threads were stopped: 0.0000730 seconds, Stopping threads took: 0.0000284 seconds
2016-06-21T14:30:07.144+0100: 19809.471: Total time for which application threads were stopped: 0.0000675 seconds, Stopping threads took: 0.0000261 seconds
2016-06-21T14:30:07.144+0100: 19809.471: Total time for which application threads were stopped: 0.0001149 seconds, Stopping threads took: 0.0000264 seconds
2016-06-21T14:30:07.144+0100: 19809.471: Total time for which application threads were stopped: 0.0000600 seconds, Stopping threads took: 0.0000253 seconds
2016-06-21T14:30:07.144+0100: 19809.471: Total time for which application threads were stopped: 0.0000683 seconds, Stopping threads took: 0.0000292 seconds
2016-06-21T14:30:07.144+0100: 19809.471: Total time for which application threads were stopped: 0.0000470 seconds, Stopping threads took: 0.0000095 seconds
2016-06-21T14:30:07.144+0100: 19809.471: Total time for which application threads were stopped: 0.0000770 seconds, Stopping threads took: 0.0000284 seconds
2016-06-21T14:30:07.144+0100: 19809.471: Total time for which application threads were stopped: 0.0000592 seconds, Stopping threads took: 0.0000111 seconds
2016-06-21T14:30:07.145+0100: 19809.472: Total time for which application threads were stopped: 0.0003908 seconds, Stopping threads took: 0.0003296 seconds
2016-06-21T14:30:07.145+0100: 19809.472: Total time for which application threads were stopped: 0.0000805 seconds, Stopping threads took: 0.0000312 seconds
2016-06-21T14:30:07.145+0100: 19809.472: Total time for which application threads were stopped: 0.0000667 seconds, Stopping threads took: 0.0000261 seconds
2016-06-21T14:30:07.145+0100: 19809.472: Total time for which application threads were stopped: 0.0000636 seconds, Stopping threads took: 0.0000249 seconds
2016-06-21T14:30:07.145+0100: 19809.472: Total time for which application threads were stopped: 0.0002037 seconds, Stopping threads took: 0.0000154 seconds
{Heap before GC invocations=246 (full 4):
 par new generation   total 109248K, used 108827K [0x00000000e0000000, 0x00000000e8000000, 0x00000000e8000000)
  eden space 87424K,  99% used [0x00000000e0000000, 0x00000000e555f3e0, 0x00000000e5560000)
  from space 21824K,  98% used [0x00000000e5560000, 0x00000000e6a47900, 0x00000000e6ab0000)
  to   space 21824K,   0% used [0x00000000e6ab0000, 0x00000000e6ab0000, 0x00000000e8000000)
 concurrent mark-sweep generation total 393216K, used 176970K [0x00000000e8000000, 0x0000000100000000, 0x0000000100000000)
 Metaspace       used 49598K, capacity 50158K, committed 50168K, reserved 1093632K
  class space    used 5272K, capacity 5418K, committed 5420K, reserved 1048576K
2016-06-21T14:30:07.263+0100: 19809.590: [GC (Allocation Failure) 2016-06-21T14:30:07.263+0100: 19809.590: [ParNew
Desired survivor size 20112992 bytes, new threshold 7 (max 8)
- age   1:    3410320 bytes,    3410320 total
- age   2:    4347472 bytes,    7757792 total
- age   3:        456 bytes,    7758248 total
- age   4:       1656 bytes,    7759904 total
- age   5:      45728 bytes,    7805632 total
- age   6:   11294912 bytes,   19100544 total
- age   7:    3216536 bytes,   22317080 total
: 108827K->21824K(109248K), 0.0382516 secs] 285798K->213331K(502464K), 0.0383061 secs] [Times: user=0.06 sys=0.06, real=0.04 secs] 
Heap after GC invocations=247 (full 4):
 par new generation   total 109248K, used 21824K [0x00000000e0000000, 0x00000000e8000000, 0x00000000e8000000)
  eden space 87424K,   0% used [0x00000000e0000000, 0x00000000e0000000, 0x00000000e5560000)
  from space 21824K, 100% used [0x00000000e6ab0000, 0x00000000e8000000, 0x00000000e8000000)
  to   space 21824K,   0% used [0x00000000e5560000, 0x00000000e5560000, 0x00000000e6ab0000)
 concurrent mark-sweep generation total 393216K, used 191507K [0x00000000e8000000, 0x0000000100000000, 0x0000000100000000)
 Metaspace       used 49598K, capacity 50158K, committed 50168K, reserved 1093632K
  class space    used 5272K, capacity 5418K, committed 5420K, reserved 1048576K
}
2016-06-21T14:30:07.301+0100: 19809.628: Total time for which application threads were stopped: 0.0385433 seconds, Stopping threads took: 0.0000225 seconds
{Heap before GC invocations=247 (full 4):
 par new generation   total 109248K, used 109248K [0x00000000e0000000, 0x00000000e8000000, 0x00000000e8000000)
  eden space 87424K, 100% used [0x00000000e0000000, 0x00000000e5560000, 0x00000000e5560000)
  from space 21824K, 100% used [0x00000000e6ab0000, 0x00000000e8000000, 0x00000000e8000000)
  to   space 21824K,   0% used [0x00000000e5560000, 0x00000000e5560000, 0x00000000e6ab0000)
 concurrent mark-sweep generation total 393216K, used 191507K [0x00000000e8000000, 0x0000000100000000, 0x0000000100000000)
 Metaspace       used 49598K, capacity 50158K, committed 50168K, reserved 1093632K
  class space    used 5272K, capacity 5418K, committed 5420K, reserved 1048576K
2016-06-21T14:30:07.461+0100: 19809.788: [GC (Allocation Failure) 2016-06-21T14:30:07.461+0100: 19809.788: [ParNew
Desired survivor size 20112992 bytes, new threshold 7 (max 8)
- age   1:    1667288 bytes,    1667288 total
- age   2:    3201832 bytes,    4869120 total
- age   3:    4336520 bytes,    9205640 total
- age   4:        456 bytes,    9206096 total
- age   5:       1656 bytes,    9207752 total
- age   6:      45728 bytes,    9253480 total
- age   7:   11294912 bytes,   20548392 total
: 109248K->21824K(109248K), 0.0129512 secs] 300755K->216586K(502464K), 0.0130223 secs] [Times: user=0.03 sys=0.02, real=0.01 secs] 
Heap after GC invocations=248 (full 4):
 par new generation   total 109248K, used 21824K [0x00000000e0000000, 0x00000000e8000000, 0x00000000e8000000)
  eden space 87424K,   0% used [0x00000000e0000000, 0x00000000e0000000, 0x00000000e5560000)
  from space 21824K, 100% used [0x00000000e5560000, 0x00000000e6ab0000, 0x00000000e6ab0000)
  to   space 21824K,   0% used [0x00000000e6ab0000, 0x00000000e6ab0000, 0x00000000e8000000)
 concurrent mark-sweep generation total 393216K, used 194762K [0x00000000e8000000, 0x0000000100000000, 0x0000000100000000)
 Metaspace       used 49598K, capacity 50158K, committed 50168K, reserved 1093632K
  class space    used 5272K, capacity 5418K, committed 5420K, reserved 1048576K
}
2016-06-21T14:30:07.474+0100: 19809.801: Total time for which application threads were stopped: 0.0132757 seconds, Stopping threads took: 0.0000272 seconds
{Heap before GC invocations=248 (full 4):
 par new generation   total 109248K, used 109248K [0x00000000e0000000, 0x00000000e8000000, 0x00000000e8000000)
  eden space 87424K, 100% used [0x00000000e0000000, 0x00000000e5560000, 0x00000000e5560000)
  from space 21824K, 100% used [0x00000000e5560000, 0x00000000e6ab0000, 0x00000000e6ab0000)
  to   space 21824K,   0% used [0x00000000e6ab0000, 0x00000000e6ab0000, 0x00000000e8000000)
 concurrent mark-sweep generation total 393216K, used 194762K [0x00000000e8000000, 0x0000000100000000, 0x0000000100000000)
 Metaspace       used 49598K, capacity 50158K, committed 50168K, reserved 1093632K
  class space    used 5272K, capacity 5418K, committed 5420K, reserved 1048576K
2016-06-21T14:30:07.649+0100: 19809.975: [GC (Allocation Failure) 2016-06-21T14:30:07.649+0100: 19809.975: [ParNew
Desired survivor size 20112992 bytes, new threshold 8 (max 8)
- age   1:    2292848 bytes,    2292848 total
- age   2:     786808 bytes,    3079656 total
- age   3:    3174976 bytes,    6254632 total
- age   4:    4336488 bytes,   10591120 total
- age   5:        456 bytes,   10591576 total
- age   6:       1656 bytes,   10593232 total
- age   7:      45800 bytes,   10639032 total
: 109248K->15478K(109248K), 0.0222383 secs] 304010K->221290K(502464K), 0.0223038 secs] [Times: user=0.06 sys=0.03, real=0.02 secs] 
Heap after GC invocations=249 (full 4):
 par new generation   total 109248K, used 15478K [0x00000000e0000000, 0x00000000e8000000, 0x00000000e8000000)
  eden space 87424K,   0% used [0x00000000e0000000, 0x00000000e0000000, 0x00000000e5560000)
  from space 21824K,  70% used [0x00000000e6ab0000, 0x00000000e79cdad0, 0x00000000e8000000)
  to   space 21824K,   0% used [0x00000000e5560000, 0x00000000e5560000, 0x00000000e6ab0000)
 concurrent mark-sweep generation total 393216K, used 205811K [0x00000000e8000000, 0x0000000100000000, 0x0000000100000000)
 Metaspace       used 49598K, capacity 50158K, committed 50168K, reserved 1093632K
  class space    used 5272K, capacity 5418K, committed 5420K, reserved 1048576K
}
2016-06-21T14:30:07.671+0100: 19809.998: Total time for which application threads were stopped: 0.0225245 seconds, Stopping threads took: 0.0000217 seconds
2016-06-21T14:30:07.671+0100: 19809.998: [GC (CMS Initial Mark) [1 CMS-initial-mark: 205811K(393216K)] 221290K(502464K), 0.0015467 secs] [Times: user=0.00 sys=0.00, real=0.00 secs] 
2016-06-21T14:30:07.673+0100: 19810.000: Total time for which application threads were stopped: 0.0016979 seconds, Stopping threads took: 0.0000217 seconds
2016-06-21T14:30:07.673+0100: 19810.000: [CMS-concurrent-mark-start]
2016-06-21T14:30:07.704+0100: 19810.031: [CMS-concurrent-mark: 0.031/0.031 secs] [Times: user=0.11 sys=0.02, real=0.03 secs] 
2016-06-21T14:30:07.704+0100: 19810.031: [CMS-concurrent-preclean-start]
2016-06-21T14:30:07.705+0100: 19810.032: [CMS-concurrent-preclean: 0.001/0.001 secs] [Times: user=0.00 sys=0.00, real=0.00 secs] 
2016-06-21T14:30:07.706+0100: 19810.033: [GC (CMS Final Remark) [YG occupancy: 16819 K (109248 K)]{Heap before GC invocations=249 (full 5):
 par new generation   total 109248K, used 16819K [0x00000000e0000000, 0x00000000e8000000, 0x00000000e8000000)
  eden space 87424K,   1% used [0x00000000e0000000, 0x00000000e014f170, 0x00000000e5560000)
  from space 21824K,  70% used [0x00000000e6ab0000, 0x00000000e79cdad0, 0x00000000e8000000)
  to   space 21824K,   0% used [0x00000000e5560000, 0x00000000e5560000, 0x00000000e6ab0000)
 concurrent mark-sweep generation total 393216K, used 205811K [0x00000000e8000000, 0x0000000100000000, 0x0000000100000000)
 Metaspace       used 49598K, capacity 50158K, committed 50168K, reserved 1093632K
  class space    used 5272K, capacity 5418K, committed 5420K, reserved 1048576K
2016-06-21T14:30:07.706+0100: 19810.033: [GC (CMS Final Remark) 2016-06-21T14:30:07.706+0100: 19810.033: [ParNew
Desired survivor size 20112992 bytes, new threshold 8 (max 8)
- age   1:      84704 bytes,      84704 total
- age   2:    2025920 bytes,    2110624 total
- age   3:     786808 bytes,    2897432 total
- age   4:    3174976 bytes,    6072408 total
- age   5:    4336488 bytes,   10408896 total
- age   6:        456 bytes,   10409352 total
- age   7:       1656 bytes,   10411008 total
- age   8:      45728 bytes,   10456736 total
: 16819K->12800K(109248K), 0.0045283 secs] 222630K->218612K(502464K), 0.0045851 secs] [Times: user=0.00 sys=0.00, real=0.00 secs] 
Heap after GC invocations=250 (full 5):
 par new generation   total 109248K, used 12800K [0x00000000e0000000, 0x00000000e8000000, 0x00000000e8000000)
  eden space 87424K,   0% used [0x00000000e0000000, 0x00000000e0000000, 0x00000000e5560000)
  from space 21824K,  58% used [0x00000000e5560000, 0x00000000e61e02e0, 0x00000000e6ab0000)
  to   space 21824K,   0% used [0x00000000e6ab0000, 0x00000000e6ab0000, 0x00000000e8000000)
 concurrent mark-sweep generation total 393216K, used 205811K [0x00000000e8000000, 0x0000000100000000, 0x0000000100000000)
 Metaspace       used 49598K, capacity 50158K, committed 50168K, reserved 1093632K
  class space    used 5272K, capacity 5418K, committed 5420K, reserved 1048576K
}
2016-06-21T14:30:07.711+0100: 19810.038: [Rescan (parallel) , 0.0016702 secs]2016-06-21T14:30:07.712+0100: 19810.039: [weak refs processing, 0.0068084 secs]2016-06-21T14:30:07.719+0100: 19810.046: [class unloading, 0.0661618 secs]2016-06-21T14:30:07.785+0100: 19810.112: [scrub symbol table, 0.0264073 secs]2016-06-21T14:30:07.812+0100: 19810.139: [scrub string table, 0.0012719 secs][1 CMS-remark: 205811K(393216K)] 218612K(502464K), 0.1081494 secs] [Times: user=0.05 sys=0.11, real=0.11 secs] 
2016-06-21T14:30:07.814+0100: 19810.141: Total time for which application threads were stopped: 0.1083235 seconds, Stopping threads took: 0.0000438 seconds
2016-06-21T14:30:07.814+0100: 19810.141: [CMS-concurrent-sweep-start]
2016-06-21T14:30:08.008+0100: 19810.335: [CMS-concurrent-sweep: 0.194/0.194 secs] [Times: user=0.28 sys=0.08, real=0.19 secs] 
2016-06-21T14:30:08.008+0100: 19810.335: [CMS-concurrent-reset-start]
2016-06-21T14:30:08.009+0100: 19810.336: [CMS-concurrent-reset: 0.001/0.001 secs] [Times: user=0.00 sys=0.00, real=0.00 secs] 
{Heap before GC invocations=250 (full 5):
 par new generation   total 109248K, used 100224K [0x00000000e0000000, 0x00000000e8000000, 0x00000000e8000000)
  eden space 87424K, 100% used [0x00000000e0000000, 0x00000000e5560000, 0x00000000e5560000)
  from space 21824K,  58% used [0x00000000e5560000, 0x00000000e61e02e0, 0x00000000e6ab0000)
  to   space 21824K,   0% used [0x00000000e6ab0000, 0x00000000e6ab0000, 0x00000000e8000000)
 concurrent mark-sweep generation total 393216K, used 49773K [0x00000000e8000000, 0x0000000100000000, 0x0000000100000000)
 Metaspace       used 49598K, capacity 50158K, committed 50168K, reserved 1093632K
  class space    used 5272K, capacity 5418K, committed 5420K, reserved 1048576K
2016-06-21T14:30:08.037+0100: 19810.363: [GC (Allocation Failure) 2016-06-21T14:30:08.037+0100: 19810.363: [ParNew
Desired survivor size 20112992 bytes, new threshold 8 (max 8)
- age   1:    1204112 bytes,    1204112 total
- age   3:    1506736 bytes,    2710848 total
- age   4:     786448 bytes,    3497296 total
- age   5:    3174976 bytes,    6672272 total
- age   6:    4336424 bytes,   11008696 total
- age   7:        456 bytes,   11009152 total
- age   8:       1656 bytes,   11010808 total
: 100224K->14830K(109248K), 0.0064965 secs] 149998K->64649K(502464K), 0.0065802 secs] [Times: user=0.00 sys=0.00, real=0.01 secs] 
Heap after GC invocations=251 (full 5):
 par new generation   total 109248K, used 14830K [0x00000000e0000000, 0x00000000e8000000, 0x00000000e8000000)
  eden space 87424K,   0% used [0x00000000e0000000, 0x00000000e0000000, 0x00000000e5560000)
  from space 21824K,  67% used [0x00000000e6ab0000, 0x00000000e792bbe8, 0x00000000e8000000)
  to   space 21824K,   0% used [0x00000000e5560000, 0x00000000e5560000, 0x00000000e6ab0000)
 concurrent mark-sweep generation total 393216K, used 49818K [0x00000000e8000000, 0x0000000100000000, 0x0000000100000000)
 Metaspace       used 49598K, capacity 50158K, committed 50168K, reserved 1093632K
  class space    used 5272K, capacity 5418K, committed 5420K, reserved 1048576K
}
2016-06-21T14:30:08.043+0100: 19810.370: Total time for which application threads were stopped: 0.0068502 seconds, Stopping threads took: 0.0000304 seconds
{Heap before GC invocations=251 (full 5):
 par new generation   total 109248K, used 102254K [0x00000000e0000000, 0x00000000e8000000, 0x00000000e8000000)
  eden space 87424K, 100% used [0x00000000e0000000, 0x00000000e5560000, 0x00000000e5560000)
  from space 21824K,  67% used [0x00000000e6ab0000, 0x00000000e792bbe8, 0x00000000e8000000)
  to   space 21824K,   0% used [0x00000000e5560000, 0x00000000e5560000, 0x00000000e6ab0000)
 concurrent mark-sweep generation total 393216K, used 49818K [0x00000000e8000000, 0x0000000100000000, 0x0000000100000000)
 Metaspace       used 49598K, capacity 50158K, committed 50168K, reserved 1093632K
  class space    used 5272K, capacity 5418K, committed 5420K, reserved 1048576K
2016-06-21T14:30:08.253+0100: 19810.580: [GC (Allocation Failure) 2016-06-21T14:30:08.253+0100: 19810.580: [ParNew
Desired survivor size 20112992 bytes, new threshold 8 (max 8)
- age   1:    2576488 bytes,    2576488 total
- age   2:     820672 bytes,    3397160 total
- age   4:     785824 bytes,    4182984 total
- age   5:     786448 bytes,    4969432 total
- age   6:    3174976 bytes,    8144408 total
- age   7:    4336360 bytes,   12480768 total
- age   8:        456 bytes,   12481224 total
: 102254K->15247K(109248K), 0.0045306 secs] 152073K->65067K(502464K), 0.0046080 secs] [Times: user=0.00 sys=0.00, real=0.00 secs] 
Heap after GC invocations=252 (full 5):
 par new generation   total 109248K, used 15247K [0x00000000e0000000, 0x00000000e8000000, 0x00000000e8000000)
  eden space 87424K,   0% used [0x00000000e0000000, 0x00000000e0000000, 0x00000000e5560000)
  from space 21824K,  69% used [0x00000000e5560000, 0x00000000e6443ec8, 0x00000000e6ab0000)
  to   space 21824K,   0% used [0x00000000e6ab0000, 0x00000000e6ab0000, 0x00000000e8000000)
 concurrent mark-sweep generation total 393216K, used 49820K [0x00000000e8000000, 0x0000000100000000, 0x0000000100000000)
 Metaspace       used 49598K, capacity 50158K, committed 50168K, reserved 1093632K
  class space    used 5272K, capacity 5418K, committed 5420K, reserved 1048576K
}
2016-06-21T14:30:08.258+0100: 19810.584: Total time for which application threads were stopped: 0.0048733 seconds, Stopping threads took: 0.0000264 seconds
2016-06-21T14:30:09.259+0100: 19811.585: Total time for which application threads were stopped: 0.0002369 seconds, Stopping threads took: 0.0000509 seconds
2016-06-21T14:30:10.260+0100: 19812.586: Total time for which application threads were stopped: 0.0001015 seconds, Stopping threads took: 0.0000288 seconds
2016-06-21T14:30:14.262+0100: 19816.589: Total time for which application threads were stopped: 0.0009837 seconds, Stopping threads took: 0.0008369 seconds
2016-06-21T14:30:18.267+0100: 19820.593: Total time for which application threads were stopped: 0.0001030 seconds, Stopping threads took: 0.0000296 seconds
{Heap before GC invocations=252 (full 5):
 par new generation   total 109248K, used 102671K [0x00000000e0000000, 0x00000000e8000000, 0x00000000e8000000)
  eden space 87424K, 100% used [0x00000000e0000000, 0x00000000e5560000, 0x00000000e5560000)
  from space 21824K,  69% used [0x00000000e5560000, 0x00000000e6443ec8, 0x00000000e6ab0000)
  to   space 21824K,   0% used [0x00000000e6ab0000, 0x00000000e6ab0000, 0x00000000e8000000)
 concurrent mark-sweep generation total 393216K, used 49820K [0x00000000e8000000, 0x0000000100000000, 0x0000000100000000)
 Metaspace       used 49634K, capacity 50222K, committed 50424K, reserved 1093632K
  class space    used 5272K, capacity 5418K, committed 5420K, reserved 1048576K
2016-06-21T14:30:20.250+0100: 19822.577: [GC (Allocation Failure) 2016-06-21T14:30:20.250+0100: 19822.577: [ParNew
Desired survivor size 20112992 bytes, new threshold 8 (max 8)
- age   1:    1044216 bytes,    1044216 total
- age   2:      32016 bytes,    1076232 total
- age   3:      33408 bytes,    1109640 total
- age   5:      27232 bytes,    1136872 total
- age   6:      14696 bytes,    1151568 total
- age   7:     382784 bytes,    1534352 total
- age   8:      95872 bytes,    1630224 total
: 102671K->9623K(109248K), 0.0031774 secs] 152491K->59443K(502464K), 0.0032508 secs] [Times: user=0.00 sys=0.00, real=0.00 secs] 
Heap after GC invocations=253 (full 5):
 par new generation   total 109248K, used 9623K [0x00000000e0000000, 0x00000000e8000000, 0x00000000e8000000)
  eden space 87424K,   0% used [0x00000000e0000000, 0x00000000e0000000, 0x00000000e5560000)
  from space 21824K,  44% used [0x00000000e6ab0000, 0x00000000e7415d20, 0x00000000e8000000)
  to   space 21824K,   0% used [0x00000000e5560000, 0x00000000e5560000, 0x00000000e6ab0000)
 concurrent mark-sweep generation total 393216K, used 49820K [0x00000000e8000000, 0x0000000100000000, 0x0000000100000000)
 Metaspace       used 49634K, capacity 50222K, committed 50424K, reserved 1093632K
  class space    used 5272K, capacity 5418K, committed 5420K, reserved 1048576K
}
2016-06-21T14:30:20.254+0100: 19822.581: Total time for which application threads were stopped: 0.0034802 seconds, Stopping threads took: 0.0000213 seconds
2016-06-21T14:30:20.254+0100: 19822.581: Total time for which application threads were stopped: 0.0001271 seconds, Stopping threads took: 0.0000466 seconds
2016-06-21T14:30:20.254+0100: 19822.581: Total time for which application threads were stopped: 0.0000916 seconds, Stopping threads took: 0.0000367 seconds
2016-06-21T14:30:20.254+0100: 19822.581: Total time for which application threads were stopped: 0.0000908 seconds, Stopping threads took: 0.0000486 seconds
2016-06-21T14:30:20.254+0100: 19822.581: Total time for which application threads were stopped: 0.0000853 seconds, Stopping threads took: 0.0000442 seconds
2016-06-21T14:30:20.255+0100: 19822.582: Total time for which application threads were stopped: 0.0001413 seconds, Stopping threads took: 0.0000296 seconds
{Heap before GC invocations=253 (full 5):
 par new generation   total 109248K, used 97047K [0x00000000e0000000, 0x00000000e8000000, 0x00000000e8000000)
  eden space 87424K, 100% used [0x00000000e0000000, 0x00000000e5560000, 0x00000000e5560000)
  from space 21824K,  44% used [0x00000000e6ab0000, 0x00000000e7415d20, 0x00000000e8000000)
  to   space 21824K,   0% used [0x00000000e5560000, 0x00000000e5560000, 0x00000000e6ab0000)
 concurrent mark-sweep generation total 393216K, used 49820K [0x00000000e8000000, 0x0000000100000000, 0x0000000100000000)
 Metaspace       used 49634K, capacity 50222K, committed 50424K, reserved 1093632K
  class space    used 5272K, capacity 5418K, committed 5420K, reserved 1048576K
2016-06-21T14:30:34.057+0100: 19836.385: [GC (Allocation Failure) 2016-06-21T14:30:34.057+0100: 19836.385: [ParNew
Desired survivor size 20112992 bytes, new threshold 8 (max 8)
- age   1:     165344 bytes,     165344 total
- age   2:     487016 bytes,     652360 total
- age   3:      32016 bytes,     684376 total
- age   4:      33408 bytes,     717784 total
- age   6:      27272 bytes,     745056 total
- age   7:      14696 bytes,     759752 total
- age   8:     215176 bytes,     974928 total
: 97047K->2576K(109248K), 0.0029863 secs] 146867K->52488K(502464K), 0.0030760 secs] [Times: user=0.00 sys=0.00, real=0.00 secs] 
Heap after GC invocations=254 (full 5):
 par new generation   total 109248K, used 2576K [0x00000000e0000000, 0x00000000e8000000, 0x00000000e8000000)
  eden space 87424K,   0% used [0x00000000e0000000, 0x00000000e0000000, 0x00000000e5560000)
  from space 21824K,  11% used [0x00000000e5560000, 0x00000000e57e4180, 0x00000000e6ab0000)
  to   space 21824K,   0% used [0x00000000e6ab0000, 0x00000000e6ab0000, 0x00000000e8000000)
 concurrent mark-sweep generation total 393216K, used 49911K [0x00000000e8000000, 0x0000000100000000, 0x0000000100000000)
 Metaspace       used 49634K, capacity 50222K, committed 50424K, reserved 1093632K
  class space    used 5272K, capacity 5418K, committed 5420K, reserved 1048576K
}
2016-06-21T14:30:34.060+0100: 19836.388: Total time for which application threads were stopped: 0.0033479 seconds, Stopping threads took: 0.0000288 seconds
{Heap before GC invocations=254 (full 5):
 par new generation   total 109248K, used 90000K [0x00000000e0000000, 0x00000000e8000000, 0x00000000e8000000)
  eden space 87424K, 100% used [0x00000000e0000000, 0x00000000e5560000, 0x00000000e5560000)
  from space 21824K,  11% used [0x00000000e5560000, 0x00000000e57e4180, 0x00000000e6ab0000)
  to   space 21824K,   0% used [0x00000000e6ab0000, 0x00000000e6ab0000, 0x00000000e8000000)
 concurrent mark-sweep generation total 393216K, used 49911K [0x00000000e8000000, 0x0000000100000000, 0x0000000100000000)
 Metaspace       used 49634K, capacity 50222K, committed 50424K, reserved 1093632K
  class space    used 5272K, capacity 5418K, committed 5420K, reserved 1048576K
2016-06-21T14:30:36.447+0100: 19838.775: [GC (Allocation Failure) 2016-06-21T14:30:36.447+0100: 19838.775: [ParNew
Desired survivor size 20112992 bytes, new threshold 1 (max 8)
- age   1:   21443496 bytes,   21443496 total
- age   2:      23936 bytes,   21467432 total
- age   3:     486640 bytes,   21954072 total
- age   4:      32016 bytes,   21986088 total
- age   5:      33408 bytes,   22019496 total
- age   7:      27232 bytes,   22046728 total
- age   8:      14696 bytes,   22061424 total
: 90000K->21824K(109248K), 0.0252526 secs] 139912K->78567K(502464K), 0.0253328 secs] [Times: user=0.11 sys=0.00, real=0.02 secs] 
Heap after GC invocations=255 (full 5):
 par new generation   total 109248K, used 21824K [0x00000000e0000000, 0x00000000e8000000, 0x00000000e8000000)
  eden space 87424K,   0% used [0x00000000e0000000, 0x00000000e0000000, 0x00000000e5560000)
  from space 21824K, 100% used [0x00000000e6ab0000, 0x00000000e8000000, 0x00000000e8000000)
  to   space 21824K,   0% used [0x00000000e5560000, 0x00000000e5560000, 0x00000000e6ab0000)
 concurrent mark-sweep generation total 393216K, used 56743K [0x00000000e8000000, 0x0000000100000000, 0x0000000100000000)
 Metaspace       used 49634K, capacity 50222K, committed 50424K, reserved 1093632K
  class space    used 5272K, capacity 5418K, committed 5420K, reserved 1048576K
}
2016-06-21T14:30:36.472+0100: 19838.800: Total time for which application threads were stopped: 0.0255898 seconds, Stopping threads took: 0.0000276 seconds
{Heap before GC invocations=255 (full 5):
 par new generation   total 109248K, used 109248K [0x00000000e0000000, 0x00000000e8000000, 0x00000000e8000000)
  eden space 87424K, 100% used [0x00000000e0000000, 0x00000000e5560000, 0x00000000e5560000)
  from space 21824K, 100% used [0x00000000e6ab0000, 0x00000000e8000000, 0x00000000e8000000)
  to   space 21824K,   0% used [0x00000000e5560000, 0x00000000e5560000, 0x00000000e6ab0000)
 concurrent mark-sweep generation total 393216K, used 56743K [0x00000000e8000000, 0x0000000100000000, 0x0000000100000000)
 Metaspace       used 49634K, capacity 50222K, committed 50424K, reserved 1093632K
  class space    used 5272K, capacity 5418K, committed 5420K, reserved 1048576K
2016-06-21T14:30:36.605+0100: 19838.932: [GC (Allocation Failure) 2016-06-21T14:30:36.605+0100: 19838.932: [ParNew
Desired survivor size 20112992 bytes, new threshold 1 (max 8)
- age   1:   21058616 bytes,   21058616 total
: 109248K->21824K(109248K), 0.0436649 secs] 165991K->103204K(502464K), 0.0437356 secs] [Times: user=0.16 sys=0.00, real=0.04 secs] 
Heap after GC invocations=256 (full 5):
 par new generation   total 109248K, used 21824K [0x00000000e0000000, 0x00000000e8000000, 0x00000000e8000000)
  eden space 87424K,   0% used [0x00000000e0000000, 0x00000000e0000000, 0x00000000e5560000)
  from space 21824K, 100% used [0x00000000e5560000, 0x00000000e6ab0000, 0x00000000e6ab0000)
  to   space 21824K,   0% used [0x00000000e6ab0000, 0x00000000e6ab0000, 0x00000000e8000000)
 concurrent mark-sweep generation total 393216K, used 81380K [0x00000000e8000000, 0x0000000100000000, 0x0000000100000000)
 Metaspace       used 49634K, capacity 50222K, committed 50424K, reserved 1093632K
  class space    used 5272K, capacity 5418K, committed 5420K, reserved 1048576K
}
2016-06-21T14:30:36.649+0100: 19838.976: Total time for which application threads were stopped: 0.0439215 seconds, Stopping threads took: 0.0000225 seconds
{Heap before GC invocations=256 (full 5):
 par new generation   total 109248K, used 109248K [0x00000000e0000000, 0x00000000e8000000, 0x00000000e8000000)
  eden space 87424K, 100% used [0x00000000e0000000, 0x00000000e5560000, 0x00000000e5560000)
  from space 21824K, 100% used [0x00000000e5560000, 0x00000000e6ab0000, 0x00000000e6ab0000)
  to   space 21824K,   0% used [0x00000000e6ab0000, 0x00000000e6ab0000, 0x00000000e8000000)
 concurrent mark-sweep generation total 393216K, used 81380K [0x00000000e8000000, 0x0000000100000000, 0x0000000100000000)
 Metaspace       used 49634K, capacity 50222K, committed 50424K, reserved 1093632K
  class space    used 5272K, capacity 5418K, committed 5420K, reserved 1048576K
2016-06-21T14:30:36.807+0100: 19839.134: [GC (Allocation Failure) 2016-06-21T14:30:36.807+0100: 19839.134: [ParNew
Desired survivor size 20112992 bytes, new threshold 8 (max 8)
- age   1:    4349328 bytes,    4349328 total
: 109248K->19500K(109248K), 0.0253103 secs] 190628K->121381K(502464K), 0.0253944 secs] [Times: user=0.13 sys=0.00, real=0.03 secs] 
Heap after GC invocations=257 (full 5):
 par new generation   total 109248K, used 19500K [0x00000000e0000000, 0x00000000e8000000, 0x00000000e8000000)
  eden space 87424K,   0% used [0x00000000e0000000, 0x00000000e0000000, 0x00000000e5560000)
  from space 21824K,  89% used [0x00000000e6ab0000, 0x00000000e7dbb220, 0x00000000e8000000)
  to   space 21824K,   0% used [0x00000000e5560000, 0x00000000e5560000, 0x00000000e6ab0000)
 concurrent mark-sweep generation total 393216K, used 101881K [0x00000000e8000000, 0x0000000100000000, 0x0000000100000000)
 Metaspace       used 49634K, capacity 50222K, committed 50424K, reserved 1093632K
  class space    used 5272K, capacity 5418K, committed 5420K, reserved 1048576K
}
2016-06-21T14:30:36.832+0100: 19839.160: Total time for which application threads were stopped: 0.0256458 seconds, Stopping threads took: 0.0000257 seconds
{Heap before GC invocations=257 (full 5):
 par new generation   total 109248K, used 106924K [0x00000000e0000000, 0x00000000e8000000, 0x00000000e8000000)
  eden space 87424K, 100% used [0x00000000e0000000, 0x00000000e5560000, 0x00000000e5560000)
  from space 21824K,  89% used [0x00000000e6ab0000, 0x00000000e7dbb220, 0x00000000e8000000)
  to   space 21824K,   0% used [0x00000000e5560000, 0x00000000e5560000, 0x00000000e6ab0000)
 concurrent mark-sweep generation total 393216K, used 101881K [0x00000000e8000000, 0x0000000100000000, 0x0000000100000000)
 Metaspace       used 49634K, capacity 50222K, committed 50424K, reserved 1093632K
  class space    used 5272K, capacity 5418K, committed 5420K, reserved 1048576K
2016-06-21T14:30:37.024+0100: 19839.352: [GC (Allocation Failure) 2016-06-21T14:30:37.024+0100: 19839.352: [ParNew
Desired survivor size 20112992 bytes, new threshold 8 (max 8)
- age   1:    1323368 bytes,    1323368 total
- age   2:    3165072 bytes,    4488440 total
: 106924K->5279K(109248K), 0.0054520 secs] 208805K->107160K(502464K), 0.0055381 secs] [Times: user=0.03 sys=0.00, real=0.01 secs] 
Heap after GC invocations=258 (full 5):
 par new generation   total 109248K, used 5279K [0x00000000e0000000, 0x00000000e8000000, 0x00000000e8000000)
  eden space 87424K,   0% used [0x00000000e0000000, 0x00000000e0000000, 0x00000000e5560000)
  from space 21824K,  24% used [0x00000000e5560000, 0x00000000e5a87e60, 0x00000000e6ab0000)
  to   space 21824K,   0% used [0x00000000e6ab0000, 0x00000000e6ab0000, 0x00000000e8000000)
 concurrent mark-sweep generation total 393216K, used 101881K [0x00000000e8000000, 0x0000000100000000, 0x0000000100000000)
 Metaspace       used 49634K, capacity 50222K, committed 50424K, reserved 1093632K
  class space    used 5272K, capacity 5418K, committed 5420K, reserved 1048576K
}
2016-06-21T14:30:37.030+0100: 19839.357: Total time for which application threads were stopped: 0.0058006 seconds, Stopping threads took: 0.0000261 seconds
{Heap before GC invocations=258 (full 5):
 par new generation   total 109248K, used 92703K [0x00000000e0000000, 0x00000000e8000000, 0x00000000e8000000)
  eden space 87424K, 100% used [0x00000000e0000000, 0x00000000e5560000, 0x00000000e5560000)
  from space 21824K,  24% used [0x00000000e5560000, 0x00000000e5a87e60, 0x00000000e6ab0000)
  to   space 21824K,   0% used [0x00000000e6ab0000, 0x00000000e6ab0000, 0x00000000e8000000)
 concurrent mark-sweep generation total 393216K, used 101881K [0x00000000e8000000, 0x0000000100000000, 0x0000000100000000)
 Metaspace       used 49634K, capacity 50222K, committed 50424K, reserved 1093632K
  class space    used 5272K, capacity 5418K, committed 5420K, reserved 1048576K
2016-06-21T14:30:37.245+0100: 19839.571: [GC (Allocation Failure) 2016-06-21T14:30:37.245+0100: 19839.571: [ParNew
Desired survivor size 20112992 bytes, new threshold 8 (max 8)
- age   1:    1148000 bytes,    1148000 total
- age   2:    1042464 bytes,    2190464 total
- age   3:    3136088 bytes,    5326552 total
: 92703K->5205K(109248K), 0.0049755 secs] 194584K->107086K(502464K), 0.0050446 secs] [Times: user=0.06 sys=0.00, real=0.01 secs] 
Heap after GC invocations=259 (full 5):
 par new generation   total 109248K, used 5205K [0x00000000e0000000, 0x00000000e8000000, 0x00000000e8000000)
  eden space 87424K,   0% used [0x00000000e0000000, 0x00000000e0000000, 0x00000000e5560000)
  from space 21824K,  23% used [0x00000000e6ab0000, 0x00000000e6fc5770, 0x00000000e8000000)
  to   space 21824K,   0% used [0x00000000e5560000, 0x00000000e5560000, 0x00000000e6ab0000)
 concurrent mark-sweep generation total 393216K, used 101881K [0x00000000e8000000, 0x0000000100000000, 0x0000000100000000)
 Metaspace       used 49634K, capacity 50222K, committed 50424K, reserved 1093632K
  class space    used 5272K, capacity 5418K, committed 5420K, reserved 1048576K
}
2016-06-21T14:30:37.250+0100: 19839.576: Total time for which application threads were stopped: 0.0052590 seconds, Stopping threads took: 0.0000225 seconds
{Heap before GC invocations=259 (full 5):
 par new generation   total 109248K, used 92629K [0x00000000e0000000, 0x00000000e8000000, 0x00000000e8000000)
  eden space 87424K, 100% used [0x00000000e0000000, 0x00000000e5560000, 0x00000000e5560000)
  from space 21824K,  23% used [0x00000000e6ab0000, 0x00000000e6fc5770, 0x00000000e8000000)
  to   space 21824K,   0% used [0x00000000e5560000, 0x00000000e5560000, 0x00000000e6ab0000)
 concurrent mark-sweep generation total 393216K, used 101881K [0x00000000e8000000, 0x0000000100000000, 0x0000000100000000)
 Metaspace       used 49634K, capacity 50222K, committed 50424K, reserved 1093632K
  class space    used 5272K, capacity 5418K, committed 5420K, reserved 1048576K
2016-06-21T14:30:37.684+0100: 19840.011: [GC (Allocation Failure) 2016-06-21T14:30:37.684+0100: 19840.011: [ParNew
Desired survivor size 20112992 bytes, new threshold 8 (max 8)
- age   1:    1002312 bytes,    1002312 total
- age   2:     761984 bytes,    1764296 total
- age   3:    1042464 bytes,    2806760 total
- age   4:    3245080 bytes,    6051840 total
: 92629K->7725K(109248K), 0.0051847 secs] 194510K->109606K(502464K), 0.0052791 secs] [Times: user=0.06 sys=0.00, real=0.00 secs] 
Heap after GC invocations=260 (full 5):
 par new generation   total 109248K, used 7725K [0x00000000e0000000, 0x00000000e8000000, 0x00000000e8000000)
  eden space 87424K,   0% used [0x00000000e0000000, 0x00000000e0000000, 0x00000000e5560000)
  from space 21824K,  35% used [0x00000000e5560000, 0x00000000e5ceb548, 0x00000000e6ab0000)
  to   space 21824K,   0% used [0x00000000e6ab0000, 0x00000000e6ab0000, 0x00000000e8000000)
 concurrent mark-sweep generation total 393216K, used 101881K [0x00000000e8000000, 0x0000000100000000, 0x0000000100000000)
 Metaspace       used 49634K, capacity 50222K, committed 50424K, reserved 1093632K
  class space    used 5272K, capacity 5418K, committed 5420K, reserved 1048576K
}
2016-06-21T14:30:37.689+0100: 19840.016: Total time for which application threads were stopped: 0.0055491 seconds, Stopping threads took: 0.0000395 seconds
{Heap before GC invocations=260 (full 5):
 par new generation   total 109248K, used 95149K [0x00000000e0000000, 0x00000000e8000000, 0x00000000e8000000)
  eden space 87424K, 100% used [0x00000000e0000000, 0x00000000e5560000, 0x00000000e5560000)
  from space 21824K,  35% used [0x00000000e5560000, 0x00000000e5ceb548, 0x00000000e6ab0000)
  to   space 21824K,   0% used [0x00000000e6ab0000, 0x00000000e6ab0000, 0x00000000e8000000)
 concurrent mark-sweep generation total 393216K, used 101881K [0x00000000e8000000, 0x0000000100000000, 0x0000000100000000)
 Metaspace       used 49634K, capacity 50222K, committed 50424K, reserved 1093632K
  class space    used 5272K, capacity 5418K, committed 5420K, reserved 1048576K
2016-06-21T14:30:37.899+0100: 19840.225: [GC (Allocation Failure) 2016-06-21T14:30:37.899+0100: 19840.226: [ParNew
Desired survivor size 20112992 bytes, new threshold 8 (max 8)
- age   1:    2382408 bytes,    2382408 total
- age   2:     764928 bytes,    3147336 total
- age   3:     761984 bytes,    3909320 total
- age   4:     321552 bytes,    4230872 total
- age   5:    3268344 bytes,    7499216 total
: 95149K->8693K(109248K), 0.0055321 secs] 197030K->110574K(502464K), 0.0055969 secs] [Times: user=0.00 sys=0.00, real=0.01 secs] 
Heap after GC invocations=261 (full 5):
 par new generation   total 109248K, used 8693K [0x00000000e0000000, 0x00000000e8000000, 0x00000000e8000000)
  eden space 87424K,   0% used [0x00000000e0000000, 0x00000000e0000000, 0x00000000e5560000)
  from space 21824K,  39% used [0x00000000e6ab0000, 0x00000000e732d460, 0x00000000e8000000)
  to   space 21824K,   0% used [0x00000000e5560000, 0x00000000e5560000, 0x00000000e6ab0000)
 concurrent mark-sweep generation total 393216K, used 101881K [0x00000000e8000000, 0x0000000100000000, 0x0000000100000000)
 Metaspace       used 49634K, capacity 50222K, committed 50424K, reserved 1093632K
  class space    used 5272K, capacity 5418K, committed 5420K, reserved 1048576K
}
2016-06-21T14:30:37.905+0100: 19840.231: Total time for which application threads were stopped: 0.0058140 seconds, Stopping threads took: 0.0000237 seconds
{Heap before GC invocations=261 (full 5):
 par new generation   total 109248K, used 96117K [0x00000000e0000000, 0x00000000e8000000, 0x00000000e8000000)
  eden space 87424K, 100% used [0x00000000e0000000, 0x00000000e5560000, 0x00000000e5560000)
  from space 21824K,  39% used [0x00000000e6ab0000, 0x00000000e732d460, 0x00000000e8000000)
  to   space 21824K,   0% used [0x00000000e5560000, 0x00000000e5560000, 0x00000000e6ab0000)
 concurrent mark-sweep generation total 393216K, used 101881K [0x00000000e8000000, 0x0000000100000000, 0x0000000100000000)
 Metaspace       used 49634K, capacity 50222K, committed 50424K, reserved 1093632K
  class space    used 5272K, capacity 5418K, committed 5420K, reserved 1048576K
2016-06-21T14:30:38.103+0100: 19840.430: [GC (Allocation Failure) 2016-06-21T14:30:38.103+0100: 19840.430: [ParNew
Desired survivor size 20112992 bytes, new threshold 8 (max 8)
- age   1:    1212088 bytes,    1212088 total
- age   2:    2206840 bytes,    3418928 total
- age   3:     764928 bytes,    4183856 total
- age   4:     761984 bytes,    4945840 total
- age   5:     321552 bytes,    5267392 total
- age   6:    3089584 bytes,    8356976 total
: 96117K->10271K(109248K), 0.0069162 secs] 197998K->112152K(502464K), 0.0069979 secs] [Times: user=0.06 sys=0.00, real=0.01 secs] 
Heap after GC invocations=262 (full 5):
 par new generation   total 109248K, used 10271K [0x00000000e0000000, 0x00000000e8000000, 0x00000000e8000000)
  eden space 87424K,   0% used [0x00000000e0000000, 0x00000000e0000000, 0x00000000e5560000)
  from space 21824K,  47% used [0x00000000e5560000, 0x00000000e5f67e68, 0x00000000e6ab0000)
  to   space 21824K,   0% used [0x00000000e6ab0000, 0x00000000e6ab0000, 0x00000000e8000000)
 concurrent mark-sweep generation total 393216K, used 101881K [0x00000000e8000000, 0x0000000100000000, 0x0000000100000000)
 Metaspace       used 49634K, capacity 50222K, committed 50424K, reserved 1093632K
  class space    used 5272K, capacity 5418K, committed 5420K, reserved 1048576K
}
2016-06-21T14:30:38.110+0100: 19840.437: Total time for which application threads were stopped: 0.0072643 seconds, Stopping threads took: 0.0000308 seconds
{Heap before GC invocations=262 (full 5):
 par new generation   total 109248K, used 97695K [0x00000000e0000000, 0x00000000e8000000, 0x00000000e8000000)
  eden space 87424K, 100% used [0x00000000e0000000, 0x00000000e5560000, 0x00000000e5560000)
  from space 21824K,  47% used [0x00000000e5560000, 0x00000000e5f67e68, 0x00000000e6ab0000)
  to   space 21824K,   0% used [0x00000000e6ab0000, 0x00000000e6ab0000, 0x00000000e8000000)
 concurrent mark-sweep generation total 393216K, used 101881K [0x00000000e8000000, 0x0000000100000000, 0x0000000100000000)
 Metaspace       used 49634K, capacity 50222K, committed 50424K, reserved 1093632K
  class space    used 5272K, capacity 5418K, committed 5420K, reserved 1048576K
2016-06-21T14:30:38.296+0100: 19840.623: [GC (Allocation Failure) 2016-06-21T14:30:38.296+0100: 19840.623: [ParNew
Desired survivor size 20112992 bytes, new threshold 8 (max 8)
- age   1:    1046568 bytes,    1046568 total
- age   2:     815104 bytes,    1861672 total
- age   3:    2206840 bytes,    4068512 total
- age   4:     764928 bytes,    4833440 total
- age   5:     761984 bytes,    5595424 total
- age   6:     321592 bytes,    5917016 total
- age   7:    3020984 bytes,    8938000 total
: 97695K->10969K(109248K), 0.0068692 secs] 199576K->112850K(502464K), 0.0069434 secs] [Times: user=0.00 sys=0.00, real=0.01 secs] 
Heap after GC invocations=263 (full 5):
 par new generation   total 109248K, used 10969K [0x00000000e0000000, 0x00000000e8000000, 0x00000000e8000000)
  eden space 87424K,   0% used [0x00000000e0000000, 0x00000000e0000000, 0x00000000e5560000)
  from space 21824K,  50% used [0x00000000e6ab0000, 0x00000000e7566720, 0x00000000e8000000)
  to   space 21824K,   0% used [0x00000000e5560000, 0x00000000e5560000, 0x00000000e6ab0000)
 concurrent mark-sweep generation total 393216K, used 101881K [0x00000000e8000000, 0x0000000100000000, 0x0000000100000000)
 Metaspace       used 49634K, capacity 50222K, committed 50424K, reserved 1093632K
  class space    used 5272K, capacity 5418K, committed 5420K, reserved 1048576K
}
2016-06-21T14:30:38.303+0100: 19840.630: Total time for which application threads were stopped: 0.0072083 seconds, Stopping threads took: 0.0000257 seconds
{Heap before GC invocations=263 (full 5):
 par new generation   total 109248K, used 98393K [0x00000000e0000000, 0x00000000e8000000, 0x00000000e8000000)
  eden space 87424K, 100% used [0x00000000e0000000, 0x00000000e5560000, 0x00000000e5560000)
  from space 21824K,  50% used [0x00000000e6ab0000, 0x00000000e7566720, 0x00000000e8000000)
  to   space 21824K,   0% used [0x00000000e5560000, 0x00000000e5560000, 0x00000000e6ab0000)
 concurrent mark-sweep generation total 393216K, used 101881K [0x00000000e8000000, 0x0000000100000000, 0x0000000100000000)
 Metaspace       used 49634K, capacity 50222K, committed 50424K, reserved 1093632K
  class space    used 5272K, capacity 5418K, committed 5420K, reserved 1048576K
2016-06-21T14:30:38.494+0100: 19840.821: [GC (Allocation Failure) 2016-06-21T14:30:38.494+0100: 19840.821: [ParNew
Desired survivor size 20112992 bytes, new threshold 8 (max 8)
- age   1:    1081456 bytes,    1081456 total
- age   2:     681672 bytes,    1763128 total
- age   3:     815104 bytes,    2578232 total
- age   4:    2206840 bytes,    4785072 total
- age   5:     764928 bytes,    5550000 total
- age   6:     761984 bytes,    6311984 total
- age   7:     321552 bytes,    6633536 total
- age   8:    3259144 bytes,    9892680 total
: 98393K->10494K(109248K), 0.0069947 secs] 200274K->112375K(502464K), 0.0070689 secs] [Times: user=0.06 sys=0.00, real=0.01 secs] 
Heap after GC invocations=264 (full 5):
 par new generation   total 109248K, used 10494K [0x00000000e0000000, 0x00000000e8000000, 0x00000000e8000000)
  eden space 87424K,   0% used [0x00000000e0000000, 0x00000000e0000000, 0x00000000e5560000)
  from space 21824K,  48% used [0x00000000e5560000, 0x00000000e5f9f960, 0x00000000e6ab0000)
  to   space 21824K,   0% used [0x00000000e6ab0000, 0x00000000e6ab0000, 0x00000000e8000000)
 concurrent mark-sweep generation total 393216K, used 101881K [0x00000000e8000000, 0x0000000100000000, 0x0000000100000000)
 Metaspace       used 49634K, capacity 50222K, committed 50424K, reserved 1093632K
  class space    used 5272K, capacity 5418K, committed 5420K, reserved 1048576K
}
2016-06-21T14:30:38.501+0100: 19840.828: Total time for which application threads were stopped: 0.0072864 seconds, Stopping threads took: 0.0000225 seconds
{Heap before GC invocations=264 (full 5):
 par new generation   total 109248K, used 97918K [0x00000000e0000000, 0x00000000e8000000, 0x00000000e8000000)
  eden space 87424K, 100% used [0x00000000e0000000, 0x00000000e5560000, 0x00000000e5560000)
  from space 21824K,  48% used [0x00000000e5560000, 0x00000000e5f9f960, 0x00000000e6ab0000)
  to   space 21824K,   0% used [0x00000000e6ab0000, 0x00000000e6ab0000, 0x00000000e8000000)
 concurrent mark-sweep generation total 393216K, used 101881K [0x00000000e8000000, 0x0000000100000000, 0x0000000100000000)
 Metaspace       used 49634K, capacity 50222K, committed 50424K, reserved 1093632K
  class space    used 5272K, capacity 5418K, committed 5420K, reserved 1048576K
2016-06-21T14:30:38.640+0100: 19840.966: [GC (Allocation Failure) 2016-06-21T14:30:38.640+0100: 19840.966: [ParNew
Desired survivor size 20112992 bytes, new threshold 8 (max 8)
- age   1:    1014208 bytes,    1014208 total
- age   2:     662760 bytes,    1676968 total
- age   3:     681672 bytes,    2358640 total
- age   4:     815104 bytes,    3173744 total
- age   5:    2206880 bytes,    5380624 total
- age   6:     764928 bytes,    6145552 total
- age   7:     762024 bytes,    6907576 total
- age   8:     321592 bytes,    7229168 total
: 97918K->10062K(109248K), 0.0100182 secs] 199799K->114895K(502464K), 0.0101133 secs] [Times: user=0.00 sys=0.00, real=0.01 secs] 
Heap after GC invocations=265 (full 5):
 par new generation   total 109248K, used 10062K [0x00000000e0000000, 0x00000000e8000000, 0x00000000e8000000)
  eden space 87424K,   0% used [0x00000000e0000000, 0x00000000e0000000, 0x00000000e5560000)
  from space 21824K,  46% used [0x00000000e6ab0000, 0x00000000e7483b48, 0x00000000e8000000)
  to   space 21824K,   0% used [0x00000000e5560000, 0x00000000e5560000, 0x00000000e6ab0000)
 concurrent mark-sweep generation total 393216K, used 104832K [0x00000000e8000000, 0x0000000100000000, 0x0000000100000000)
 Metaspace       used 49634K, capacity 50222K, committed 50424K, reserved 1093632K
  class space    used 5272K, capacity 5418K, committed 5420K, reserved 1048576K
}
2016-06-21T14:30:38.650+0100: 19840.976: Total time for which application threads were stopped: 0.0103616 seconds, Stopping threads took: 0.0000225 seconds
{Heap before GC invocations=265 (full 5):
 par new generation   total 109248K, used 97486K [0x00000000e0000000, 0x00000000e8000000, 0x00000000e8000000)
  eden space 87424K, 100% used [0x00000000e0000000, 0x00000000e5560000, 0x00000000e5560000)
  from space 21824K,  46% used [0x00000000e6ab0000, 0x00000000e7483b48, 0x00000000e8000000)
  to   space 21824K,   0% used [0x00000000e5560000, 0x00000000e5560000, 0x00000000e6ab0000)
 concurrent mark-sweep generation total 393216K, used 104832K [0x00000000e8000000, 0x0000000100000000, 0x0000000100000000)
 Metaspace       used 49634K, capacity 50222K, committed 50424K, reserved 1093632K
  class space    used 5272K, capacity 5418K, committed 5420K, reserved 1048576K
2016-06-21T14:30:38.783+0100: 19841.110: [GC (Allocation Failure) 2016-06-21T14:30:38.783+0100: 19841.110: [ParNew
Desired survivor size 20112992 bytes, new threshold 8 (max 8)
- age   1:    3839376 bytes,    3839376 total
- age   2:     774872 bytes,    4614248 total
- age   3:     662800 bytes,    5277048 total
- age   4:     681712 bytes,    5958760 total
- age   5:     815104 bytes,    6773864 total
- age   6:     765032 bytes,    7538896 total
- age   7:     764928 bytes,    8303824 total
- age   8:     762024 bytes,    9065848 total
: 97486K->9889K(109248K), 0.0048228 secs] 202319K->115037K(502464K), 0.0048895 secs] [Times: user=0.00 sys=0.00, real=0.01 secs] 
Heap after GC invocations=266 (full 5):
 par new generation   total 109248K, used 9889K [0x00000000e0000000, 0x00000000e8000000, 0x00000000e8000000)
  eden space 87424K,   0% used [0x00000000e0000000, 0x00000000e0000000, 0x00000000e5560000)
  from space 21824K,  45% used [0x00000000e5560000, 0x00000000e5f086a8, 0x00000000e6ab0000)
  to   space 21824K,   0% used [0x00000000e6ab0000, 0x00000000e6ab0000, 0x00000000e8000000)
 concurrent mark-sweep generation total 393216K, used 105147K [0x00000000e8000000, 0x0000000100000000, 0x0000000100000000)
 Metaspace       used 49634K, capacity 50222K, committed 50424K, reserved 1093632K
  class space    used 5272K, capacity 5418K, committed 5420K, reserved 1048576K
}
2016-06-21T14:30:38.788+0100: 19841.115: Total time for which application threads were stopped: 0.0050695 seconds, Stopping threads took: 0.0000213 seconds
2016-06-21T14:30:39.788+0100: 19842.115: Total time for which application threads were stopped: 0.0000963 seconds, Stopping threads took: 0.0000288 seconds
{Heap before GC invocations=266 (full 5):
 par new generation   total 109248K, used 97313K [0x00000000e0000000, 0x00000000e8000000, 0x00000000e8000000)
  eden space 87424K, 100% used [0x00000000e0000000, 0x00000000e5560000, 0x00000000e5560000)
  from space 21824K,  45% used [0x00000000e5560000, 0x00000000e5f086a8, 0x00000000e6ab0000)
  to   space 21824K,   0% used [0x00000000e6ab0000, 0x00000000e6ab0000, 0x00000000e8000000)
 concurrent mark-sweep generation total 393216K, used 105147K [0x00000000e8000000, 0x0000000100000000, 0x0000000100000000)
 Metaspace       used 49634K, capacity 50222K, committed 50424K, reserved 1093632K
  class space    used 5272K, capacity 5418K, committed 5420K, reserved 1048576K
2016-06-21T14:30:40.481+0100: 19842.808: [GC (Allocation Failure) 2016-06-21T14:30:40.481+0100: 19842.808: [ParNew
Desired survivor size 20112992 bytes, new threshold 8 (max 8)
- age   1:   13156616 bytes,   13156616 total
- age   2:    3204584 bytes,   16361200 total
- age   3:     364792 bytes,   16725992 total
- age   4:     318360 bytes,   17044352 total
- age   5:     353672 bytes,   17398024 total
- age   6:     306704 bytes,   17704728 total
- age   7:     355032 bytes,   18059760 total
- age   8:     371328 bytes,   18431088 total
: 97313K->20244K(109248K), 0.0079279 secs] 202461K->125753K(502464K), 0.0080069 secs] [Times: user=0.05 sys=0.00, real=0.01 secs] 
Heap after GC invocations=267 (full 5):
 par new generation   total 109248K, used 20244K [0x00000000e0000000, 0x00000000e8000000, 0x00000000e8000000)
  eden space 87424K,   0% used [0x00000000e0000000, 0x00000000e0000000, 0x00000000e5560000)
  from space 21824K,  92% used [0x00000000e6ab0000, 0x00000000e7e751f8, 0x00000000e8000000)
  to   space 21824K,   0% used [0x00000000e5560000, 0x00000000e5560000, 0x00000000e6ab0000)
 concurrent mark-sweep generation total 393216K, used 105508K [0x00000000e8000000, 0x0000000100000000, 0x0000000100000000)
 Metaspace       used 49634K, capacity 50222K, committed 50424K, reserved 1093632K
  class space    used 5272K, capacity 5418K, committed 5420K, reserved 1048576K
}
2016-06-21T14:30:40.489+0100: 19842.816: Total time for which application threads were stopped: 0.0082378 seconds, Stopping threads took: 0.0000304 seconds
2016-06-21T15:02:07.808+0100: 21730.135: Total time for which application threads were stopped: 0.0013149 seconds, Stopping threads took: 0.0003438 seconds
2016-06-21T15:02:07.843+0100: 21730.170: Total time for which application threads were stopped: 0.0001457 seconds, Stopping threads took: 0.0000225 seconds
{Heap before GC invocations=267 (full 5):
 par new generation   total 109248K, used 107612K [0x00000000e0000000, 0x00000000e8000000, 0x00000000e8000000)
  eden space 87424K,  99% used [0x00000000e0000000, 0x00000000e5551fc0, 0x00000000e5560000)
  from space 21824K,  92% used [0x00000000e6ab0000, 0x00000000e7e751f8, 0x00000000e8000000)
  to   space 21824K,   0% used [0x00000000e5560000, 0x00000000e5560000, 0x00000000e6ab0000)
 concurrent mark-sweep generation total 393216K, used 105508K [0x00000000e8000000, 0x0000000100000000, 0x0000000100000000)
 Metaspace       used 49636K, capacity 50222K, committed 50424K, reserved 1093632K
  class space    used 5272K, capacity 5418K, committed 5420K, reserved 1048576K
2016-06-21T15:02:08.633+0100: 21730.960: [GC (Allocation Failure) 2016-06-21T15:02:08.633+0100: 21730.960: [ParNew
Desired survivor size 20112992 bytes, new threshold 8 (max 8)
- age   1:     440504 bytes,     440504 total
- age   2:   13044488 bytes,   13484992 total
- age   3:    3204584 bytes,   16689576 total
- age   4:     364792 bytes,   17054368 total
- age   5:     318440 bytes,   17372808 total
- age   6:     353712 bytes,   17726520 total
- age   7:     306704 bytes,   18033224 total
- age   8:     355032 bytes,   18388256 total
: 107612K->18597K(109248K), 0.0643159 secs] 213121K->124470K(502464K), 0.0644912 secs] [Times: user=0.08 sys=0.14, real=0.07 secs] 
Heap after GC invocations=268 (full 5):
 par new generation   total 109248K, used 18597K [0x00000000e0000000, 0x00000000e8000000, 0x00000000e8000000)
  eden space 87424K,   0% used [0x00000000e0000000, 0x00000000e0000000, 0x00000000e5560000)
  from space 21824K,  85% used [0x00000000e5560000, 0x00000000e67897a0, 0x00000000e6ab0000)
  to   space 21824K,   0% used [0x00000000e6ab0000, 0x00000000e6ab0000, 0x00000000e8000000)
 concurrent mark-sweep generation total 393216K, used 105872K [0x00000000e8000000, 0x0000000100000000, 0x0000000100000000)
 Metaspace       used 49636K, capacity 50222K, committed 50424K, reserved 1093632K
  class space    used 5272K, capacity 5418K, committed 5420K, reserved 1048576K
}
2016-06-21T15:02:08.698+0100: 21731.024: Total time for which application threads were stopped: 0.0649183 seconds, Stopping threads took: 0.0000213 seconds
{Heap before GC invocations=268 (full 5):
 par new generation   total 109248K, used 106021K [0x00000000e0000000, 0x00000000e8000000, 0x00000000e8000000)
  eden space 87424K, 100% used [0x00000000e0000000, 0x00000000e5560000, 0x00000000e5560000)
  from space 21824K,  85% used [0x00000000e5560000, 0x00000000e67897a0, 0x00000000e6ab0000)
  to   space 21824K,   0% used [0x00000000e6ab0000, 0x00000000e6ab0000, 0x00000000e8000000)
 concurrent mark-sweep generation total 393216K, used 105872K [0x00000000e8000000, 0x0000000100000000, 0x0000000100000000)
 Metaspace       used 49636K, capacity 50222K, committed 50424K, reserved 1093632K
  class space    used 5272K, capacity 5418K, committed 5420K, reserved 1048576K
2016-06-21T15:02:09.220+0100: 21731.547: [GC (Allocation Failure) 2016-06-21T15:02:09.220+0100: 21731.547: [ParNew
Desired survivor size 20112992 bytes, new threshold 8 (max 8)
- age   1:    1949776 bytes,    1949776 total
- age   2:     182328 bytes,    2132104 total
- age   3:   11272288 bytes,   13404392 total
- age   4:    3204624 bytes,   16609016 total
- age   5:     364792 bytes,   16973808 total
- age   6:     318400 bytes,   17292208 total
- age   7:     353712 bytes,   17645920 total
- age   8:     306704 bytes,   17952624 total
: 106021K->18787K(109248K), 0.0130227 secs] 211894K->125007K(502464K), 0.0131083 secs] [Times: user=0.00 sys=0.00, real=0.01 secs] 
Heap after GC invocations=269 (full 5):
 par new generation   total 109248K, used 18787K [0x00000000e0000000, 0x00000000e8000000, 0x00000000e8000000)
  eden space 87424K,   0% used [0x00000000e0000000, 0x00000000e0000000, 0x00000000e5560000)
  from space 21824K,  86% used [0x00000000e6ab0000, 0x00000000e7d08e90, 0x00000000e8000000)
  to   space 21824K,   0% used [0x00000000e5560000, 0x00000000e5560000, 0x00000000e6ab0000)
 concurrent mark-sweep generation total 393216K, used 106219K [0x00000000e8000000, 0x0000000100000000, 0x0000000100000000)
 Metaspace       used 49636K, capacity 50222K, committed 50424K, reserved 1093632K
  class space    used 5272K, capacity 5418K, committed 5420K, reserved 1048576K
}
2016-06-21T15:02:09.233+0100: 21731.560: Total time for which application threads were stopped: 0.0135682 seconds, Stopping threads took: 0.0000264 seconds
2016-06-21T15:02:09.233+0100: 21731.561: Total time for which application threads were stopped: 0.0002017 seconds, Stopping threads took: 0.0000557 seconds
2016-06-21T15:02:09.234+0100: 21731.561: Total time for which application threads were stopped: 0.0000671 seconds, Stopping threads took: 0.0000134 seconds
{Heap before GC invocations=269 (full 5):
 par new generation   total 109248K, used 106211K [0x00000000e0000000, 0x00000000e8000000, 0x00000000e8000000)
  eden space 87424K, 100% used [0x00000000e0000000, 0x00000000e5560000, 0x00000000e5560000)
  from space 21824K,  86% used [0x00000000e6ab0000, 0x00000000e7d08e90, 0x00000000e8000000)
  to   space 21824K,   0% used [0x00000000e5560000, 0x00000000e5560000, 0x00000000e6ab0000)
 concurrent mark-sweep generation total 393216K, used 106219K [0x00000000e8000000, 0x0000000100000000, 0x0000000100000000)
 Metaspace       used 49636K, capacity 50222K, committed 50424K, reserved 1093632K
  class space    used 5272K, capacity 5418K, committed 5420K, reserved 1048576K
2016-06-21T15:02:09.502+0100: 21731.830: [GC (Allocation Failure) 2016-06-21T15:02:09.502+0100: 21731.830: [ParNew
Desired survivor size 20112992 bytes, new threshold 8 (max 8)
- age   1:     218832 bytes,     218832 total
- age   2:       5344 bytes,     224176 total
- age   3:     181992 bytes,     406168 total
- age   4:   13044192 bytes,   13450360 total
- age   5:    3204584 bytes,   16654944 total
- age   6:     364792 bytes,   17019736 total
- age   7:     318360 bytes,   17338096 total
- age   8:     353672 bytes,   17691768 total
: 106211K->18414K(109248K), 0.0054023 secs] 212431K->124935K(502464K), 0.0054662 secs] [Times: user=0.00 sys=0.00, real=0.01 secs] 
Heap after GC invocations=270 (full 5):
 par new generation   total 109248K, used 18414K [0x00000000e0000000, 0x00000000e8000000, 0x00000000e8000000)
  eden space 87424K,   0% used [0x00000000e0000000, 0x00000000e0000000, 0x00000000e5560000)
  from space 21824K,  84% used [0x00000000e5560000, 0x00000000e675bbb8, 0x00000000e6ab0000)
  to   space 21824K,   0% used [0x00000000e6ab0000, 0x00000000e6ab0000, 0x00000000e8000000)
 concurrent mark-sweep generation total 393216K, used 106520K [0x00000000e8000000, 0x0000000100000000, 0x0000000100000000)
 Metaspace       used 49636K, capacity 50222K, committed 50424K, reserved 1093632K
  class space    used 5272K, capacity 5418K, committed 5420K, reserved 1048576K
}
2016-06-21T15:02:09.508+0100: 21731.835: Total time for which application threads were stopped: 0.0057512 seconds, Stopping threads took: 0.0000217 seconds
2016-06-21T15:02:10.509+0100: 21732.835: Total time for which application threads were stopped: 0.0002834 seconds, Stopping threads took: 0.0000300 seconds
2016-06-21T15:02:11.509+0100: 21733.836: Total time for which application threads were stopped: 0.0001046 seconds, Stopping threads took: 0.0000276 seconds
{Heap before GC invocations=270 (full 5):
 par new generation   total 109248K, used 105838K [0x00000000e0000000, 0x00000000e8000000, 0x00000000e8000000)
  eden space 87424K, 100% used [0x00000000e0000000, 0x00000000e5560000, 0x00000000e5560000)
  from space 21824K,  84% used [0x00000000e5560000, 0x00000000e675bbb8, 0x00000000e6ab0000)
  to   space 21824K,   0% used [0x00000000e6ab0000, 0x00000000e6ab0000, 0x00000000e8000000)
 concurrent mark-sweep generation total 393216K, used 106520K [0x00000000e8000000, 0x0000000100000000, 0x0000000100000000)
 Metaspace       used 49648K, capacity 50222K, committed 50424K, reserved 1093632K
  class space    used 5272K, capacity 5418K, committed 5420K, reserved 1048576K
2016-06-21T15:02:14.428+0100: 21736.755: [GC (Allocation Failure) 2016-06-21T15:02:14.428+0100: 21736.755: [ParNew
Desired survivor size 20112992 bytes, new threshold 6 (max 8)
- age   1:    5109776 bytes,    5109776 total
- age   2:        568 bytes,    5110344 total
- age   3:        704 bytes,    5111048 total
- age   4:     179832 bytes,    5290880 total
- age   5:   13044192 bytes,   18335072 total
- age   6:    3204584 bytes,   21539656 total
- age   7:     364792 bytes,   21904448 total
- age   8:     318360 bytes,   22222808 total
: 105838K->21824K(109248K), 0.0111282 secs] 212359K->130137K(502464K), 0.0112652 secs] [Times: user=0.00 sys=0.03, real=0.01 secs] 
Heap after GC invocations=271 (full 5):
 par new generation   total 109248K, used 21824K [0x00000000e0000000, 0x00000000e8000000, 0x00000000e8000000)
  eden space 87424K,   0% used [0x00000000e0000000, 0x00000000e0000000, 0x00000000e5560000)
  from space 21824K, 100% used [0x00000000e6ab0000, 0x00000000e8000000, 0x00000000e8000000)
  to   space 21824K,   0% used [0x00000000e5560000, 0x00000000e5560000, 0x00000000e6ab0000)
 concurrent mark-sweep generation total 393216K, used 108313K [0x00000000e8000000, 0x0000000100000000, 0x0000000100000000)
 Metaspace       used 49648K, capacity 50222K, committed 50424K, reserved 1093632K
  class space    used 5272K, capacity 5418K, committed 5420K, reserved 1048576K
}
2016-06-21T15:02:14.440+0100: 21736.766: Total time for which application threads were stopped: 0.0115486 seconds, Stopping threads took: 0.0000383 seconds
2016-06-21T15:02:14.440+0100: 21736.767: Total time for which application threads were stopped: 0.0001958 seconds, Stopping threads took: 0.0000979 seconds
2016-06-21T15:02:14.440+0100: 21736.767: Total time for which application threads were stopped: 0.0000857 seconds, Stopping threads took: 0.0000442 seconds
2016-06-21T15:02:14.440+0100: 21736.767: Total time for which application threads were stopped: 0.0000580 seconds, Stopping threads took: 0.0000257 seconds
2016-06-21T15:02:14.440+0100: 21736.767: Total time for which application threads were stopped: 0.0001816 seconds, Stopping threads took: 0.0000189 seconds
2016-06-21T15:02:14.441+0100: 21736.767: Total time for which application threads were stopped: 0.0001070 seconds, Stopping threads took: 0.0000592 seconds
2016-06-21T15:02:14.441+0100: 21736.767: Total time for which application threads were stopped: 0.0001137 seconds, Stopping threads took: 0.0000276 seconds
2016-06-21T15:02:14.441+0100: 21736.767: Total time for which application threads were stopped: 0.0000561 seconds, Stopping threads took: 0.0000237 seconds
2016-06-21T15:02:14.441+0100: 21736.768: Total time for which application threads were stopped: 0.0002455 seconds, Stopping threads took: 0.0000513 seconds
2016-06-21T15:02:14.441+0100: 21736.768: Total time for which application threads were stopped: 0.0001082 seconds, Stopping threads took: 0.0000284 seconds
2016-06-21T15:02:14.441+0100: 21736.768: Total time for which application threads were stopped: 0.0001074 seconds, Stopping threads took: 0.0000434 seconds
2016-06-21T15:02:14.441+0100: 21736.768: Total time for which application threads were stopped: 0.0000643 seconds, Stopping threads took: 0.0000316 seconds
2016-06-21T15:02:14.442+0100: 21736.768: Total time for which application threads were stopped: 0.0000947 seconds, Stopping threads took: 0.0000268 seconds
2016-06-21T15:02:14.442+0100: 21736.768: Total time for which application threads were stopped: 0.0000545 seconds, Stopping threads took: 0.0000107 seconds
2016-06-21T15:02:14.442+0100: 21736.769: Total time for which application threads were stopped: 0.0002009 seconds, Stopping threads took: 0.0000517 seconds
2016-06-21T15:02:14.442+0100: 21736.769: Total time for which application threads were stopped: 0.0000545 seconds, Stopping threads took: 0.0000217 seconds
2016-06-21T15:02:14.442+0100: 21736.769: Total time for which application threads were stopped: 0.0000549 seconds, Stopping threads took: 0.0000257 seconds
2016-06-21T15:02:14.442+0100: 21736.769: Total time for which application threads were stopped: 0.0000790 seconds, Stopping threads took: 0.0000363 seconds
2016-06-21T15:02:14.442+0100: 21736.769: Total time for which application threads were stopped: 0.0002365 seconds, Stopping threads took: 0.0000253 seconds
{Heap before GC invocations=271 (full 5):
 par new generation   total 109248K, used 109248K [0x00000000e0000000, 0x00000000e8000000, 0x00000000e8000000)
  eden space 87424K, 100% used [0x00000000e0000000, 0x00000000e5560000, 0x00000000e5560000)
  from space 21824K, 100% used [0x00000000e6ab0000, 0x00000000e8000000, 0x00000000e8000000)
  to   space 21824K,   0% used [0x00000000e5560000, 0x00000000e5560000, 0x00000000e6ab0000)
 concurrent mark-sweep generation total 393216K, used 108313K [0x00000000e8000000, 0x0000000100000000, 0x0000000100000000)
 Metaspace       used 49649K, capacity 50222K, committed 50424K, reserved 1093632K
  class space    used 5272K, capacity 5418K, committed 5420K, reserved 1048576K
2016-06-21T15:02:14.576+0100: 21736.902: [GC (Allocation Failure) 2016-06-21T15:02:14.576+0100: 21736.902: [ParNew
Desired survivor size 20112992 bytes, new threshold 6 (max 8)
- age   1:    5976944 bytes,    5976944 total
- age   2:    4865088 bytes,   10842032 total
- age   3:        528 bytes,   10842560 total
- age   4:        704 bytes,   10843264 total
- age   5:     179504 bytes,   11022768 total
- age   6:   11271992 bytes,   22294760 total
: 109248K->21824K(109248K), 0.0244769 secs] 217561K->143496K(502464K), 0.0245354 secs] [Times: user=0.03 sys=0.06, real=0.02 secs] 
Heap after GC invocations=272 (full 5):
 par new generation   total 109248K, used 21824K [0x00000000e0000000, 0x00000000e8000000, 0x00000000e8000000)
  eden space 87424K,   0% used [0x00000000e0000000, 0x00000000e0000000, 0x00000000e5560000)
  from space 21824K, 100% used [0x00000000e5560000, 0x00000000e6ab0000, 0x00000000e6ab0000)
  to   space 21824K,   0% used [0x00000000e6ab0000, 0x00000000e6ab0000, 0x00000000e8000000)
 concurrent mark-sweep generation total 393216K, used 121672K [0x00000000e8000000, 0x0000000100000000, 0x0000000100000000)
 Metaspace       used 49649K, capacity 50222K, committed 50424K, reserved 1093632K
  class space    used 5272K, capacity 5418K, committed 5420K, reserved 1048576K
}
2016-06-21T15:02:14.600+0100: 21736.927: Total time for which application threads were stopped: 0.0250012 seconds, Stopping threads took: 0.0000292 seconds
{Heap before GC invocations=272 (full 5):
 par new generation   total 109248K, used 109248K [0x00000000e0000000, 0x00000000e8000000, 0x00000000e8000000)
  eden space 87424K, 100% used [0x00000000e0000000, 0x00000000e5560000, 0x00000000e5560000)
  from space 21824K, 100% used [0x00000000e5560000, 0x00000000e6ab0000, 0x00000000e6ab0000)
  to   space 21824K,   0% used [0x00000000e6ab0000, 0x00000000e6ab0000, 0x00000000e8000000)
 concurrent mark-sweep generation total 393216K, used 121672K [0x00000000e8000000, 0x0000000100000000, 0x0000000100000000)
 Metaspace       used 49649K, capacity 50222K, committed 50424K, reserved 1093632K
  class space    used 5272K, capacity 5418K, committed 5420K, reserved 1048576K
2016-06-21T15:02:14.728+0100: 21737.055: [GC (Allocation Failure) 2016-06-21T15:02:14.728+0100: 21737.055: [ParNew
Desired survivor size 20112992 bytes, new threshold 8 (max 8)
- age   1:    1614184 bytes,    1614184 total
- age   2:    5866016 bytes,    7480200 total
- age   3:    4855680 bytes,   12335880 total
- age   4:        528 bytes,   12336408 total
- age   5:        704 bytes,   12337112 total
- age   6:     179504 bytes,   12516616 total
: 109248K->17328K(109248K), 0.0240036 secs] 230920K->150027K(502464K), 0.0240644 secs] [Times: user=0.09 sys=0.03, real=0.02 secs] 
Heap after GC invocations=273 (full 5):
 par new generation   total 109248K, used 17328K [0x00000000e0000000, 0x00000000e8000000, 0x00000000e8000000)
  eden space 87424K,   0% used [0x00000000e0000000, 0x00000000e0000000, 0x00000000e5560000)
  from space 21824K,  79% used [0x00000000e6ab0000, 0x00000000e7b9c2e0, 0x00000000e8000000)
  to   space 21824K,   0% used [0x00000000e5560000, 0x00000000e5560000, 0x00000000e6ab0000)
 concurrent mark-sweep generation total 393216K, used 132699K [0x00000000e8000000, 0x0000000100000000, 0x0000000100000000)
 Metaspace       used 49649K, capacity 50222K, committed 50424K, reserved 1093632K
  class space    used 5272K, capacity 5418K, committed 5420K, reserved 1048576K
}
2016-06-21T15:02:14.752+0100: 21737.079: Total time for which application threads were stopped: 0.0242752 seconds, Stopping threads took: 0.0000213 seconds
{Heap before GC invocations=273 (full 5):
 par new generation   total 109248K, used 104752K [0x00000000e0000000, 0x00000000e8000000, 0x00000000e8000000)
  eden space 87424K, 100% used [0x00000000e0000000, 0x00000000e5560000, 0x00000000e5560000)
  from space 21824K,  79% used [0x00000000e6ab0000, 0x00000000e7b9c2e0, 0x00000000e8000000)
  to   space 21824K,   0% used [0x00000000e5560000, 0x00000000e5560000, 0x00000000e6ab0000)
 concurrent mark-sweep generation total 393216K, used 132699K [0x00000000e8000000, 0x0000000100000000, 0x0000000100000000)
 Metaspace       used 49649K, capacity 50222K, committed 50424K, reserved 1093632K
  class space    used 5272K, capacity 5418K, committed 5420K, reserved 1048576K
2016-06-21T15:02:14.850+0100: 21737.177: [GC (Allocation Failure) 2016-06-21T15:02:14.850+0100: 21737.177: [ParNew
Desired survivor size 20112992 bytes, new threshold 8 (max 8)
- age   1:    2249224 bytes,    2249224 total
- age   2:     819800 bytes,    3069024 total
- age   3:    5854800 bytes,    8923824 total
- age   4:    4855680 bytes,   13779504 total
- age   5:        528 bytes,   13780032 total
- age   6:        704 bytes,   13780736 total
- age   7:     179504 bytes,   13960240 total
: 104752K->18352K(109248K), 0.0050430 secs] 237451K->151051K(502464K), 0.0051117 secs] [Times: user=0.00 sys=0.00, real=0.01 secs] 
Heap after GC invocations=274 (full 5):
 par new generation   total 109248K, used 18352K [0x00000000e0000000, 0x00000000e8000000, 0x00000000e8000000)
  eden space 87424K,   0% used [0x00000000e0000000, 0x00000000e0000000, 0x00000000e5560000)
  from space 21824K,  84% used [0x00000000e5560000, 0x00000000e674c090, 0x00000000e6ab0000)
  to   space 21824K,   0% used [0x00000000e6ab0000, 0x00000000e6ab0000, 0x00000000e8000000)
 concurrent mark-sweep generation total 393216K, used 132699K [0x00000000e8000000, 0x0000000100000000, 0x0000000100000000)
 Metaspace       used 49649K, capacity 50222K, committed 50424K, reserved 1093632K
  class space    used 5272K, capacity 5418K, committed 5420K, reserved 1048576K
}
2016-06-21T15:02:14.856+0100: 21737.182: Total time for which application threads were stopped: 0.0053632 seconds, Stopping threads took: 0.0000217 seconds
{Heap before GC invocations=274 (full 5):
 par new generation   total 109248K, used 105776K [0x00000000e0000000, 0x00000000e8000000, 0x00000000e8000000)
  eden space 87424K, 100% used [0x00000000e0000000, 0x00000000e5560000, 0x00000000e5560000)
  from space 21824K,  84% used [0x00000000e5560000, 0x00000000e674c090, 0x00000000e6ab0000)
  to   space 21824K,   0% used [0x00000000e6ab0000, 0x00000000e6ab0000, 0x00000000e8000000)
 concurrent mark-sweep generation total 393216K, used 132699K [0x00000000e8000000, 0x0000000100000000, 0x0000000100000000)
 Metaspace       used 49649K, capacity 50222K, committed 50424K, reserved 1093632K
  class space    used 5272K, capacity 5418K, committed 5420K, reserved 1048576K
2016-06-21T15:02:14.968+0100: 21737.295: [GC (Allocation Failure) 2016-06-21T15:02:14.968+0100: 21737.295: [ParNew
Desired survivor size 20112992 bytes, new threshold 8 (max 8)
- age   1:    1188536 bytes,    1188536 total
- age   2:    1506640 bytes,    2695176 total
- age   3:     819800 bytes,    3514976 total
- age   4:    5849448 bytes,    9364424 total
- age   5:    4855680 bytes,   14220104 total
- age   6:        528 bytes,   14220632 total
- age   7:        704 bytes,   14221336 total
- age   8:     179504 bytes,   14400840 total
: 105776K->16532K(109248K), 0.0050414 secs] 238475K->149232K(502464K), 0.0051090 secs] [Times: user=0.00 sys=0.00, real=0.01 secs] 
Heap after GC invocations=275 (full 5):
 par new generation   total 109248K, used 16532K [0x00000000e0000000, 0x00000000e8000000, 0x00000000e8000000)
  eden space 87424K,   0% used [0x00000000e0000000, 0x00000000e0000000, 0x00000000e5560000)
  from space 21824K,  75% used [0x00000000e6ab0000, 0x00000000e7ad53e0, 0x00000000e8000000)
  to   space 21824K,   0% used [0x00000000e5560000, 0x00000000e5560000, 0x00000000e6ab0000)
 concurrent mark-sweep generation total 393216K, used 132699K [0x00000000e8000000, 0x0000000100000000, 0x0000000100000000)
 Metaspace       used 49649K, capacity 50222K, committed 50424K, reserved 1093632K
  class space    used 5272K, capacity 5418K, committed 5420K, reserved 1048576K
}
2016-06-21T15:02:14.974+0100: 21737.301: Total time for which application threads were stopped: 0.0053355 seconds, Stopping threads took: 0.0000213 seconds
{Heap before GC invocations=275 (full 5):
 par new generation   total 109248K, used 103956K [0x00000000e0000000, 0x00000000e8000000, 0x00000000e8000000)
  eden space 87424K, 100% used [0x00000000e0000000, 0x00000000e5560000, 0x00000000e5560000)
  from space 21824K,  75% used [0x00000000e6ab0000, 0x00000000e7ad53e0, 0x00000000e8000000)
  to   space 21824K,   0% used [0x00000000e5560000, 0x00000000e5560000, 0x00000000e6ab0000)
 concurrent mark-sweep generation total 393216K, used 132699K [0x00000000e8000000, 0x0000000100000000, 0x0000000100000000)
 Metaspace       used 49649K, capacity 50222K, committed 50424K, reserved 1093632K
  class space    used 5272K, capacity 5418K, committed 5420K, reserved 1048576K
2016-06-21T15:02:15.068+0100: 21737.395: [GC (Allocation Failure) 2016-06-21T15:02:15.068+0100: 21737.395: [ParNew
Desired survivor size 20112992 bytes, new threshold 8 (max 8)
- age   1:    2729800 bytes,    2729800 total
- age   2:     820288 bytes,    3550088 total
- age   3:     785728 bytes,    4335816 total
- age   4:     819800 bytes,    5155616 total
- age   5:    5846312 bytes,   11001928 total
- age   6:    4855680 bytes,   15857608 total
- age   7:        528 bytes,   15858136 total
- age   8:        704 bytes,   15858840 total
: 103956K->18301K(109248K), 0.0057378 secs] 236656K->151175K(502464K), 0.0058104 secs] [Times: user=0.00 sys=0.00, real=0.01 secs] 
Heap after GC invocations=276 (full 5):
 par new generation   total 109248K, used 18301K [0x00000000e0000000, 0x00000000e8000000, 0x00000000e8000000)
  eden space 87424K,   0% used [0x00000000e0000000, 0x00000000e0000000, 0x00000000e5560000)
  from space 21824K,  83% used [0x00000000e5560000, 0x00000000e673f4e0, 0x00000000e6ab0000)
  to   space 21824K,   0% used [0x00000000e6ab0000, 0x00000000e6ab0000, 0x00000000e8000000)
 concurrent mark-sweep generation total 393216K, used 132874K [0x00000000e8000000, 0x0000000100000000, 0x0000000100000000)
 Metaspace       used 49649K, capacity 50222K, committed 50424K, reserved 1093632K
  class space    used 5272K, capacity 5418K, committed 5420K, reserved 1048576K
}
2016-06-21T15:02:15.074+0100: 21737.401: Total time for which application threads were stopped: 0.0060177 seconds, Stopping threads took: 0.0000189 seconds
2016-06-21T15:02:16.075+0100: 21738.401: Total time for which application threads were stopped: 0.0001251 seconds, Stopping threads took: 0.0000339 seconds
2016-06-21T15:02:25.080+0100: 21747.407: Total time for which application threads were stopped: 0.0002791 seconds, Stopping threads took: 0.0000537 seconds
{Heap before GC invocations=276 (full 5):
 par new generation   total 109248K, used 105725K [0x00000000e0000000, 0x00000000e8000000, 0x00000000e8000000)
  eden space 87424K, 100% used [0x00000000e0000000, 0x00000000e5560000, 0x00000000e5560000)
  from space 21824K,  83% used [0x00000000e5560000, 0x00000000e673f4e0, 0x00000000e6ab0000)
  to   space 21824K,   0% used [0x00000000e6ab0000, 0x00000000e6ab0000, 0x00000000e8000000)
 concurrent mark-sweep generation total 393216K, used 132874K [0x00000000e8000000, 0x0000000100000000, 0x0000000100000000)
 Metaspace       used 49675K, capacity 50286K, committed 50424K, reserved 1093632K
  class space    used 5272K, capacity 5418K, committed 5420K, reserved 1048576K
2016-06-21T15:02:25.537+0100: 21747.864: [GC (Allocation Failure) 2016-06-21T15:02:25.537+0100: 21747.864: [ParNew
Desired survivor size 20112992 bytes, new threshold 8 (max 8)
- age   1:    5468104 bytes,    5468104 total
- age   2:    1466736 bytes,    6934840 total
- age   3:      22840 bytes,    6957680 total
- age   4:      13184 bytes,    6970864 total
- age   5:      15312 bytes,    6986176 total
- age   6:     246600 bytes,    7232776 total
- age   7:     216992 bytes,    7449768 total
- age   8:        528 bytes,    7450296 total
: 105725K->16073K(109248K), 0.0046238 secs] 238599K->148949K(502464K), 0.0046996 secs] [Times: user=0.00 sys=0.00, real=0.00 secs] 
Heap after GC invocations=277 (full 5):
 par new generation   total 109248K, used 16073K [0x00000000e0000000, 0x00000000e8000000, 0x00000000e8000000)
  eden space 87424K,   0% used [0x00000000e0000000, 0x00000000e0000000, 0x00000000e5560000)
  from space 21824K,  73% used [0x00000000e6ab0000, 0x00000000e7a62670, 0x00000000e8000000)
  to   space 21824K,   0% used [0x00000000e5560000, 0x00000000e5560000, 0x00000000e6ab0000)
 concurrent mark-sweep generation total 393216K, used 132875K [0x00000000e8000000, 0x0000000100000000, 0x0000000100000000)
 Metaspace       used 49675K, capacity 50286K, committed 50424K, reserved 1093632K
  class space    used 5272K, capacity 5418K, committed 5420K, reserved 1048576K
}
2016-06-21T15:02:25.542+0100: 21747.869: Total time for which application threads were stopped: 0.0049684 seconds, Stopping threads took: 0.0000245 seconds
2016-06-21T15:02:25.542+0100: 21747.869: Total time for which application threads were stopped: 0.0001165 seconds, Stopping threads took: 0.0000288 seconds
2016-06-21T15:02:25.542+0100: 21747.869: Total time for which application threads were stopped: 0.0000568 seconds, Stopping threads took: 0.0000241 seconds
2016-06-21T15:02:25.542+0100: 21747.869: Total time for which application threads were stopped: 0.0000568 seconds, Stopping threads took: 0.0000170 seconds
2016-06-21T15:02:25.542+0100: 21747.870: Total time for which application threads were stopped: 0.0000924 seconds, Stopping threads took: 0.0000142 seconds
2016-06-21T15:02:25.542+0100: 21747.870: Total time for which application threads were stopped: 0.0000553 seconds, Stopping threads took: 0.0000162 seconds
{Heap before GC invocations=277 (full 5):
 par new generation   total 109248K, used 103497K [0x00000000e0000000, 0x00000000e8000000, 0x00000000e8000000)
  eden space 87424K, 100% used [0x00000000e0000000, 0x00000000e5560000, 0x00000000e5560000)
  from space 21824K,  73% used [0x00000000e6ab0000, 0x00000000e7a62670, 0x00000000e8000000)
  to   space 21824K,   0% used [0x00000000e5560000, 0x00000000e5560000, 0x00000000e6ab0000)
 concurrent mark-sweep generation total 393216K, used 132875K [0x00000000e8000000, 0x0000000100000000, 0x0000000100000000)
 Metaspace       used 49675K, capacity 50286K, committed 50424K, reserved 1093632K
  class space    used 5272K, capacity 5418K, committed 5420K, reserved 1048576K
2016-06-21T15:02:39.115+0100: 21761.442: [GC (Allocation Failure) 2016-06-21T15:02:39.115+0100: 21761.442: [ParNew
Desired survivor size 20112992 bytes, new threshold 8 (max 8)
- age   1:     925848 bytes,     925848 total
- age   2:    5719184 bytes,    6645032 total
- age   3:    1466736 bytes,    8111768 total
- age   4:      22840 bytes,    8134608 total
- age   5:      13184 bytes,    8147792 total
- age   6:      15312 bytes,    8163104 total
- age   7:     246600 bytes,    8409704 total
- age   8:     216816 bytes,    8626520 total
: 103497K->9675K(109248K), 0.0037991 secs] 236373K->142551K(502464K), 0.0038682 secs] [Times: user=0.00 sys=0.00, real=0.00 secs] 
Heap after GC invocations=278 (full 5):
 par new generation   total 109248K, used 9675K [0x00000000e0000000, 0x00000000e8000000, 0x00000000e8000000)
  eden space 87424K,   0% used [0x00000000e0000000, 0x00000000e0000000, 0x00000000e5560000)
  from space 21824K,  44% used [0x00000000e5560000, 0x00000000e5ed2f28, 0x00000000e6ab0000)
  to   space 21824K,   0% used [0x00000000e6ab0000, 0x00000000e6ab0000, 0x00000000e8000000)
 concurrent mark-sweep generation total 393216K, used 132875K [0x00000000e8000000, 0x0000000100000000, 0x0000000100000000)
 Metaspace       used 49675K, capacity 50286K, committed 50424K, reserved 1093632K
  class space    used 5272K, capacity 5418K, committed 5420K, reserved 1048576K
}
2016-06-21T15:02:39.119+0100: 21761.446: Total time for which application threads were stopped: 0.0040526 seconds, Stopping threads took: 0.0000213 seconds
{Heap before GC invocations=278 (full 5):
 par new generation   total 109248K, used 97099K [0x00000000e0000000, 0x00000000e8000000, 0x00000000e8000000)
  eden space 87424K, 100% used [0x00000000e0000000, 0x00000000e5560000, 0x00000000e5560000)
  from space 21824K,  44% used [0x00000000e5560000, 0x00000000e5ed2f28, 0x00000000e6ab0000)
  to   space 21824K,   0% used [0x00000000e6ab0000, 0x00000000e6ab0000, 0x00000000e8000000)
 concurrent mark-sweep generation total 393216K, used 132875K [0x00000000e8000000, 0x0000000100000000, 0x0000000100000000)
 Metaspace       used 49675K, capacity 50286K, committed 50424K, reserved 1093632K
  class space    used 5272K, capacity 5418K, committed 5420K, reserved 1048576K
2016-06-21T15:02:39.234+0100: 21761.561: [GC (Allocation Failure) 2016-06-21T15:02:39.234+0100: 21761.561: [ParNew
Desired survivor size 20112992 bytes, new threshold 3 (max 8)
- age   1:   15161160 bytes,   15161160 total
- age   2:     341552 bytes,   15502712 total
- age   3:    4956592 bytes,   20459304 total
- age   4:    1466736 bytes,   21926040 total
- age   5:      22840 bytes,   21948880 total
- age   6:      13184 bytes,   21962064 total
- age   7:      15312 bytes,   21977376 total
- age   8:     246600 bytes,   22223976 total
: 97099K->21824K(109248K), 0.0492061 secs] 229975K->169001K(502464K), 0.0492646 secs] [Times: user=0.13 sys=0.02, real=0.05 secs] 
Heap after GC invocations=279 (full 5):
 par new generation   total 109248K, used 21824K [0x00000000e0000000, 0x00000000e8000000, 0x00000000e8000000)
  eden space 87424K,   0% used [0x00000000e0000000, 0x00000000e0000000, 0x00000000e5560000)
  from space 21824K, 100% used [0x00000000e6ab0000, 0x00000000e8000000, 0x00000000e8000000)
  to   space 21824K,   0% used [0x00000000e5560000, 0x00000000e5560000, 0x00000000e6ab0000)
 concurrent mark-sweep generation total 393216K, used 147177K [0x00000000e8000000, 0x0000000100000000, 0x0000000100000000)
 Metaspace       used 49675K, capacity 50286K, committed 50424K, reserved 1093632K
  class space    used 5272K, capacity 5418K, committed 5420K, reserved 1048576K
}
2016-06-21T15:02:39.283+0100: 21761.610: Total time for which application threads were stopped: 0.0494726 seconds, Stopping threads took: 0.0000221 seconds
{Heap before GC invocations=279 (full 5):
 par new generation   total 109248K, used 109248K [0x00000000e0000000, 0x00000000e8000000, 0x00000000e8000000)
  eden space 87424K, 100% used [0x00000000e0000000, 0x00000000e5560000, 0x00000000e5560000)
  from space 21824K, 100% used [0x00000000e6ab0000, 0x00000000e8000000, 0x00000000e8000000)
  to   space 21824K,   0% used [0x00000000e5560000, 0x00000000e5560000, 0x00000000e6ab0000)
 concurrent mark-sweep generation total 393216K, used 147177K [0x00000000e8000000, 0x0000000100000000, 0x0000000100000000)
 Metaspace       used 49675K, capacity 50286K, committed 50424K, reserved 1093632K
  class space    used 5272K, capacity 5418K, committed 5420K, reserved 1048576K
2016-06-21T15:02:39.385+0100: 21761.711: [GC (Allocation Failure) 2016-06-21T15:02:39.385+0100: 21761.711: [ParNew
Desired survivor size 20112992 bytes, new threshold 2 (max 8)
- age   1:   10361432 bytes,   10361432 total
- age   2:   11921584 bytes,   22283016 total
- age   3:      28624 bytes,   22311640 total
: 109248K->21824K(109248K), 0.0581008 secs] 256425K->191209K(502464K), 0.0581628 secs] [Times: user=0.20 sys=0.03, real=0.06 secs] 
Heap after GC invocations=280 (full 5):
 par new generation   total 109248K, used 21824K [0x00000000e0000000, 0x00000000e8000000, 0x00000000e8000000)
  eden space 87424K,   0% used [0x00000000e0000000, 0x00000000e0000000, 0x00000000e5560000)
  from space 21824K, 100% used [0x00000000e5560000, 0x00000000e6ab0000, 0x00000000e6ab0000)
  to   space 21824K,   0% used [0x00000000e6ab0000, 0x00000000e6ab0000, 0x00000000e8000000)
 concurrent mark-sweep generation total 393216K, used 169385K [0x00000000e8000000, 0x0000000100000000, 0x0000000100000000)
 Metaspace       used 49675K, capacity 50286K, committed 50424K, reserved 1093632K
  class space    used 5272K, capacity 5418K, committed 5420K, reserved 1048576K
}
2016-06-21T15:02:39.443+0100: 21761.770: Total time for which application threads were stopped: 0.0584202 seconds, Stopping threads took: 0.0000229 seconds
{Heap before GC invocations=280 (full 5):
 par new generation   total 109248K, used 109248K [0x00000000e0000000, 0x00000000e8000000, 0x00000000e8000000)
  eden space 87424K, 100% used [0x00000000e0000000, 0x00000000e5560000, 0x00000000e5560000)
  from space 21824K, 100% used [0x00000000e5560000, 0x00000000e6ab0000, 0x00000000e6ab0000)
  to   space 21824K,   0% used [0x00000000e6ab0000, 0x00000000e6ab0000, 0x00000000e8000000)
 concurrent mark-sweep generation total 393216K, used 169385K [0x00000000e8000000, 0x0000000100000000, 0x0000000100000000)
 Metaspace       used 49677K, capacity 50286K, committed 50424K, reserved 1093632K
  class space    used 5272K, capacity 5418K, committed 5420K, reserved 1048576K
2016-06-21T15:02:39.581+0100: 21761.908: [GC (Allocation Failure) 2016-06-21T15:02:39.581+0100: 21761.908: [ParNew
Desired survivor size 20112992 bytes, new threshold 8 (max 8)
- age   1:    3320416 bytes,    3320416 total
- age   2:   10361304 bytes,   13681720 total
: 109248K->19396K(109248K), 0.0281198 secs] 278633K->200428K(502464K), 0.0281802 secs] [Times: user=0.08 sys=0.00, real=0.03 secs] 
Heap after GC invocations=281 (full 5):
 par new generation   total 109248K, used 19396K [0x00000000e0000000, 0x00000000e8000000, 0x00000000e8000000)
  eden space 87424K,   0% used [0x00000000e0000000, 0x00000000e0000000, 0x00000000e5560000)
  from space 21824K,  88% used [0x00000000e6ab0000, 0x00000000e7da11c0, 0x00000000e8000000)
  to   space 21824K,   0% used [0x00000000e5560000, 0x00000000e5560000, 0x00000000e6ab0000)
 concurrent mark-sweep generation total 393216K, used 181032K [0x00000000e8000000, 0x0000000100000000, 0x0000000100000000)
 Metaspace       used 49677K, capacity 50286K, committed 50424K, reserved 1093632K
  class space    used 5272K, capacity 5418K, committed 5420K, reserved 1048576K
}
2016-06-21T15:02:39.609+0100: 21761.936: Total time for which application threads were stopped: 0.0284000 seconds, Stopping threads took: 0.0000229 seconds
{Heap before GC invocations=281 (full 5):
 par new generation   total 109248K, used 106820K [0x00000000e0000000, 0x00000000e8000000, 0x00000000e8000000)
  eden space 87424K, 100% used [0x00000000e0000000, 0x00000000e5560000, 0x00000000e5560000)
  from space 21824K,  88% used [0x00000000e6ab0000, 0x00000000e7da11c0, 0x00000000e8000000)
  to   space 21824K,   0% used [0x00000000e5560000, 0x00000000e5560000, 0x00000000e6ab0000)
 concurrent mark-sweep generation total 393216K, used 181032K [0x00000000e8000000, 0x0000000100000000, 0x0000000100000000)
 Metaspace       used 49677K, capacity 50286K, committed 50424K, reserved 1093632K
  class space    used 5272K, capacity 5418K, committed 5420K, reserved 1048576K
2016-06-21T15:02:39.749+0100: 21762.076: [GC (Allocation Failure) 2016-06-21T15:02:39.749+0100: 21762.076: [ParNew
Desired survivor size 20112992 bytes, new threshold 8 (max 8)
- age   1:    1342864 bytes,    1342864 total
- age   2:    2507920 bytes,    3850784 total
- age   3:   10361304 bytes,   14212088 total
: 106820K->20423K(109248K), 0.0087865 secs] 287852K->201455K(502464K), 0.0088517 secs] [Times: user=0.00 sys=0.00, real=0.01 secs] 
Heap after GC invocations=282 (full 5):
 par new generation   total 109248K, used 20423K [0x00000000e0000000, 0x00000000e8000000, 0x00000000e8000000)
  eden space 87424K,   0% used [0x00000000e0000000, 0x00000000e0000000, 0x00000000e5560000)
  from space 21824K,  93% used [0x00000000e5560000, 0x00000000e6951c10, 0x00000000e6ab0000)
  to   space 21824K,   0% used [0x00000000e6ab0000, 0x00000000e6ab0000, 0x00000000e8000000)
 concurrent mark-sweep generation total 393216K, used 181032K [0x00000000e8000000, 0x0000000100000000, 0x0000000100000000)
 Metaspace       used 49677K, capacity 50286K, committed 50424K, reserved 1093632K
  class space    used 5272K, capacity 5418K, committed 5420K, reserved 1048576K
}
2016-06-21T15:02:39.758+0100: 21762.085: Total time for which application threads were stopped: 0.0090747 seconds, Stopping threads took: 0.0000217 seconds
{Heap before GC invocations=282 (full 5):
 par new generation   total 109248K, used 107847K [0x00000000e0000000, 0x00000000e8000000, 0x00000000e8000000)
  eden space 87424K, 100% used [0x00000000e0000000, 0x00000000e5560000, 0x00000000e5560000)
  from space 21824K,  93% used [0x00000000e5560000, 0x00000000e6951c10, 0x00000000e6ab0000)
  to   space 21824K,   0% used [0x00000000e6ab0000, 0x00000000e6ab0000, 0x00000000e8000000)
 concurrent mark-sweep generation total 393216K, used 181032K [0x00000000e8000000, 0x0000000100000000, 0x0000000100000000)
 Metaspace       used 49677K, capacity 50286K, committed 50424K, reserved 1093632K
  class space    used 5272K, capacity 5418K, committed 5420K, reserved 1048576K
2016-06-21T15:02:39.885+0100: 21762.212: [GC (Allocation Failure) 2016-06-21T15:02:39.885+0100: 21762.212: [ParNew
Desired survivor size 20112992 bytes, new threshold 8 (max 8)
- age   1:    1033480 bytes,    1033480 total
- age   2:    1057304 bytes,    2090784 total
- age   3:    2507920 bytes,    4598704 total
- age   4:   10361384 bytes,   14960088 total
: 107847K->18513K(109248K), 0.0101761 secs] 288879K->199546K(502464K), 0.0102432 secs] [Times: user=0.06 sys=0.00, real=0.01 secs] 
Heap after GC invocations=283 (full 5):
 par new generation   total 109248K, used 18513K [0x00000000e0000000, 0x00000000e8000000, 0x00000000e8000000)
  eden space 87424K,   0% used [0x00000000e0000000, 0x00000000e0000000, 0x00000000e5560000)
  from space 21824K,  84% used [0x00000000e6ab0000, 0x00000000e7cc4700, 0x00000000e8000000)
  to   space 21824K,   0% used [0x00000000e5560000, 0x00000000e5560000, 0x00000000e6ab0000)
 concurrent mark-sweep generation total 393216K, used 181032K [0x00000000e8000000, 0x0000000100000000, 0x0000000100000000)
 Metaspace       used 49677K, capacity 50286K, committed 50424K, reserved 1093632K
  class space    used 5272K, capacity 5418K, committed 5420K, reserved 1048576K
}
2016-06-21T15:02:39.895+0100: 21762.222: Total time for which application threads were stopped: 0.0104721 seconds, Stopping threads took: 0.0000217 seconds
{Heap before GC invocations=283 (full 5):
 par new generation   total 109248K, used 105937K [0x00000000e0000000, 0x00000000e8000000, 0x00000000e8000000)
  eden space 87424K, 100% used [0x00000000e0000000, 0x00000000e5560000, 0x00000000e5560000)
  from space 21824K,  84% used [0x00000000e6ab0000, 0x00000000e7cc4700, 0x00000000e8000000)
  to   space 21824K,   0% used [0x00000000e5560000, 0x00000000e5560000, 0x00000000e6ab0000)
 concurrent mark-sweep generation total 393216K, used 181032K [0x00000000e8000000, 0x0000000100000000, 0x0000000100000000)
 Metaspace       used 49677K, capacity 50286K, committed 50424K, reserved 1093632K
  class space    used 5272K, capacity 5418K, committed 5420K, reserved 1048576K
2016-06-21T15:02:40.029+0100: 21762.357: [GC (Allocation Failure) 2016-06-21T15:02:40.030+0100: 21762.357: [ParNew
Desired survivor size 20112992 bytes, new threshold 8 (max 8)
- age   1:    1173040 bytes,    1173040 total
- age   2:     785384 bytes,    1958424 total
- age   3:    1057304 bytes,    3015728 total
- age   4:    2507920 bytes,    5523648 total
- age   5:   10361384 bytes,   15885032 total
: 105937K->21824K(109248K), 0.0093080 secs] 286970K->202856K(502464K), 0.0093850 secs] [Times: user=0.02 sys=0.00, real=0.01 secs] 
Heap after GC invocations=284 (full 5):
 par new generation   total 109248K, used 21824K [0x00000000e0000000, 0x00000000e8000000, 0x00000000e8000000)
  eden space 87424K,   0% used [0x00000000e0000000, 0x00000000e0000000, 0x00000000e5560000)
  from space 21824K, 100% used [0x00000000e5560000, 0x00000000e6ab0000, 0x00000000e6ab0000)
  to   space 21824K,   0% used [0x00000000e6ab0000, 0x00000000e6ab0000, 0x00000000e8000000)
 concurrent mark-sweep generation total 393216K, used 181032K [0x00000000e8000000, 0x0000000100000000, 0x0000000100000000)
 Metaspace       used 49677K, capacity 50286K, committed 50424K, reserved 1093632K
  class space    used 5272K, capacity 5418K, committed 5420K, reserved 1048576K
}
2016-06-21T15:02:40.039+0100: 21762.366: Total time for which application threads were stopped: 0.0096593 seconds, Stopping threads took: 0.0000284 seconds
{Heap before GC invocations=284 (full 5):
 par new generation   total 109248K, used 109248K [0x00000000e0000000, 0x00000000e8000000, 0x00000000e8000000)
  eden space 87424K, 100% used [0x00000000e0000000, 0x00000000e5560000, 0x00000000e5560000)
  from space 21824K, 100% used [0x00000000e5560000, 0x00000000e6ab0000, 0x00000000e6ab0000)
  to   space 21824K,   0% used [0x00000000e6ab0000, 0x00000000e6ab0000, 0x00000000e8000000)
 concurrent mark-sweep generation total 393216K, used 181032K [0x00000000e8000000, 0x0000000100000000, 0x0000000100000000)
 Metaspace       used 49677K, capacity 50286K, committed 50424K, reserved 1093632K
  class space    used 5272K, capacity 5418K, committed 5420K, reserved 1048576K
2016-06-21T15:02:40.174+0100: 21762.501: [GC (Allocation Failure) 2016-06-21T15:02:40.174+0100: 21762.501: [ParNew
Desired survivor size 20112992 bytes, new threshold 8 (max 8)
- age   1:    2468936 bytes,    2468936 total
- age   2:     758512 bytes,    3227448 total
- age   3:     785384 bytes,    4012832 total
- age   4:     336432 bytes,    4349264 total
- age   5:    2508000 bytes,    6857264 total
- age   6:   10361384 bytes,   17218648 total
: 109248K->21107K(109248K), 0.0097904 secs] 290280K->202140K(502464K), 0.0098634 secs] [Times: user=0.00 sys=0.00, real=0.01 secs] 
Heap after GC invocations=285 (full 5):
 par new generation   total 109248K, used 21107K [0x00000000e0000000, 0x00000000e8000000, 0x00000000e8000000)
  eden space 87424K,   0% used [0x00000000e0000000, 0x00000000e0000000, 0x00000000e5560000)
  from space 21824K,  96% used [0x00000000e6ab0000, 0x00000000e7f4ce28, 0x00000000e8000000)
  to   space 21824K,   0% used [0x00000000e5560000, 0x00000000e5560000, 0x00000000e6ab0000)
 concurrent mark-sweep generation total 393216K, used 181032K [0x00000000e8000000, 0x0000000100000000, 0x0000000100000000)
 Metaspace       used 49677K, capacity 50286K, committed 50424K, reserved 1093632K
  class space    used 5272K, capacity 5418K, committed 5420K, reserved 1048576K
}
2016-06-21T15:02:40.184+0100: 21762.511: Total time for which application threads were stopped: 0.0100774 seconds, Stopping threads took: 0.0000197 seconds
{Heap before GC invocations=285 (full 5):
 par new generation   total 109248K, used 108531K [0x00000000e0000000, 0x00000000e8000000, 0x00000000e8000000)
  eden space 87424K, 100% used [0x00000000e0000000, 0x00000000e5560000, 0x00000000e5560000)
  from space 21824K,  96% used [0x00000000e6ab0000, 0x00000000e7f4ce28, 0x00000000e8000000)
  to   space 21824K,   0% used [0x00000000e5560000, 0x00000000e5560000, 0x00000000e6ab0000)
 concurrent mark-sweep generation total 393216K, used 181032K [0x00000000e8000000, 0x0000000100000000, 0x0000000100000000)
 Metaspace       used 49677K, capacity 50286K, committed 50424K, reserved 1093632K
  class space    used 5272K, capacity 5418K, committed 5420K, reserved 1048576K
2016-06-21T15:02:40.305+0100: 21762.632: [GC (Allocation Failure) 2016-06-21T15:02:40.305+0100: 21762.632: [ParNew
Desired survivor size 20112992 bytes, new threshold 8 (max 8)
- age   1:    1145680 bytes,    1145680 total
- age   2:     780288 bytes,    1925968 total
- age   3:     758512 bytes,    2684480 total
- age   4:     785384 bytes,    3469864 total
- age   5:     336392 bytes,    3806256 total
- age   6:    2507960 bytes,    6314216 total
- age   7:   10361304 bytes,   16675520 total
: 108531K->21824K(109248K), 0.0110816 secs] 289564K->204264K(502464K), 0.0111385 secs] [Times: user=0.06 sys=0.00, real=0.01 secs] 
Heap after GC invocations=286 (full 5):
 par new generation   total 109248K, used 21824K [0x00000000e0000000, 0x00000000e8000000, 0x00000000e8000000)
  eden space 87424K,   0% used [0x00000000e0000000, 0x00000000e0000000, 0x00000000e5560000)
  from space 21824K, 100% used [0x00000000e5560000, 0x00000000e6ab0000, 0x00000000e6ab0000)
  to   space 21824K,   0% used [0x00000000e6ab0000, 0x00000000e6ab0000, 0x00000000e8000000)
 concurrent mark-sweep generation total 393216K, used 182440K [0x00000000e8000000, 0x0000000100000000, 0x0000000100000000)
 Metaspace       used 49677K, capacity 50286K, committed 50424K, reserved 1093632K
  class space    used 5272K, capacity 5418K, committed 5420K, reserved 1048576K
}
2016-06-21T15:02:40.316+0100: 21762.643: Total time for which application threads were stopped: 0.0113248 seconds, Stopping threads took: 0.0000221 seconds
{Heap before GC invocations=286 (full 5):
 par new generation   total 109248K, used 109248K [0x00000000e0000000, 0x00000000e8000000, 0x00000000e8000000)
  eden space 87424K, 100% used [0x00000000e0000000, 0x00000000e5560000, 0x00000000e5560000)
  from space 21824K, 100% used [0x00000000e5560000, 0x00000000e6ab0000, 0x00000000e6ab0000)
  to   space 21824K,   0% used [0x00000000e6ab0000, 0x00000000e6ab0000, 0x00000000e8000000)
 concurrent mark-sweep generation total 393216K, used 182440K [0x00000000e8000000, 0x0000000100000000, 0x0000000100000000)
 Metaspace       used 49677K, capacity 50286K, committed 50424K, reserved 1093632K
  class space    used 5272K, capacity 5418K, committed 5420K, reserved 1048576K
2016-06-21T15:02:40.450+0100: 21762.777: [GC (Allocation Failure) 2016-06-21T15:02:40.450+0100: 21762.777: [ParNew
Desired survivor size 20112992 bytes, new threshold 8 (max 8)
- age   1:     973904 bytes,     973904 total
- age   2:     810208 bytes,    1784112 total
- age   3:     780288 bytes,    2564400 total
- age   4:     791312 bytes,    3355712 total
- age   5:     785384 bytes,    4141096 total
- age   6:     336392 bytes,    4477488 total
- age   7:    2508000 bytes,    6985488 total
- age   8:   10361304 bytes,   17346792 total
: 109248K->21471K(109248K), 0.0100928 secs] 291688K->203911K(502464K), 0.0101583 secs] [Times: user=0.06 sys=0.00, real=0.01 secs] 
Heap after GC invocations=287 (full 5):
 par new generation   total 109248K, used 21471K [0x00000000e0000000, 0x00000000e8000000, 0x00000000e8000000)
  eden space 87424K,   0% used [0x00000000e0000000, 0x00000000e0000000, 0x00000000e5560000)
  from space 21824K,  98% used [0x00000000e6ab0000, 0x00000000e7fa7cc0, 0x00000000e8000000)
  to   space 21824K,   0% used [0x00000000e5560000, 0x00000000e5560000, 0x00000000e6ab0000)
 concurrent mark-sweep generation total 393216K, used 182440K [0x00000000e8000000, 0x0000000100000000, 0x0000000100000000)
 Metaspace       used 49677K, capacity 50286K, committed 50424K, reserved 1093632K
  class space    used 5272K, capacity 5418K, committed 5420K, reserved 1048576K
}
2016-06-21T15:02:40.460+0100: 21762.787: Total time for which application threads were stopped: 0.0103774 seconds, Stopping threads took: 0.0000209 seconds
{Heap before GC invocations=287 (full 5):
 par new generation   total 109248K, used 108895K [0x00000000e0000000, 0x00000000e8000000, 0x00000000e8000000)
  eden space 87424K, 100% used [0x00000000e0000000, 0x00000000e5560000, 0x00000000e5560000)
  from space 21824K,  98% used [0x00000000e6ab0000, 0x00000000e7fa7cc0, 0x00000000e8000000)
  to   space 21824K,   0% used [0x00000000e5560000, 0x00000000e5560000, 0x00000000e6ab0000)
 concurrent mark-sweep generation total 393216K, used 182440K [0x00000000e8000000, 0x0000000100000000, 0x0000000100000000)
 Metaspace       used 49677K, capacity 50286K, committed 50424K, reserved 1093632K
  class space    used 5272K, capacity 5418K, committed 5420K, reserved 1048576K
2016-06-21T15:02:40.612+0100: 21762.939: [GC (Allocation Failure) 2016-06-21T15:02:40.612+0100: 21762.939: [ParNew
Desired survivor size 20112992 bytes, new threshold 8 (max 8)
- age   1:    1108480 bytes,    1108480 total
- age   2:     648544 bytes,    1757024 total
- age   3:     810208 bytes,    2567232 total
- age   4:     780288 bytes,    3347520 total
- age   5:     758512 bytes,    4106032 total
- age   6:     785384 bytes,    4891416 total
- age   7:     336392 bytes,    5227808 total
- age   8:    2507960 bytes,    7735768 total
: 108895K->15066K(109248K), 0.0202783 secs] 291335K->207603K(502464K), 0.0203446 secs] [Times: user=0.03 sys=0.02, real=0.02 secs] 
Heap after GC invocations=288 (full 5):
 par new generation   total 109248K, used 15066K [0x00000000e0000000, 0x00000000e8000000, 0x00000000e8000000)
  eden space 87424K,   0% used [0x00000000e0000000, 0x00000000e0000000, 0x00000000e5560000)
  from space 21824K,  69% used [0x00000000e5560000, 0x00000000e6416b20, 0x00000000e6ab0000)
  to   space 21824K,   0% used [0x00000000e6ab0000, 0x00000000e6ab0000, 0x00000000e8000000)
 concurrent mark-sweep generation total 393216K, used 192536K [0x00000000e8000000, 0x0000000100000000, 0x0000000100000000)
 Metaspace       used 49677K, capacity 50286K, committed 50424K, reserved 1093632K
  class space    used 5272K, capacity 5418K, committed 5420K, reserved 1048576K
}
2016-06-21T15:02:40.633+0100: 21762.959: Total time for which application threads were stopped: 0.0205286 seconds, Stopping threads took: 0.0000209 seconds
{Heap before GC invocations=288 (full 5):
 par new generation   total 109248K, used 102490K [0x00000000e0000000, 0x00000000e8000000, 0x00000000e8000000)
  eden space 87424K, 100% used [0x00000000e0000000, 0x00000000e5560000, 0x00000000e5560000)
  from space 21824K,  69% used [0x00000000e5560000, 0x00000000e6416b20, 0x00000000e6ab0000)
  to   space 21824K,   0% used [0x00000000e6ab0000, 0x00000000e6ab0000, 0x00000000e8000000)
 concurrent mark-sweep generation total 393216K, used 192536K [0x00000000e8000000, 0x0000000100000000, 0x0000000100000000)
 Metaspace       used 49677K, capacity 50286K, committed 50424K, reserved 1093632K
  class space    used 5272K, capacity 5418K, committed 5420K, reserved 1048576K
2016-06-21T15:02:40.778+0100: 21763.105: [GC (Allocation Failure) 2016-06-21T15:02:40.778+0100: 21763.105: [ParNew
Desired survivor size 20112992 bytes, new threshold 8 (max 8)
- age   1:    1402904 bytes,    1402904 total
- age   2:     689160 bytes,    2092064 total
- age   3:     648544 bytes,    2740608 total
- age   4:     810208 bytes,    3550816 total
- age   5:     780288 bytes,    4331104 total
- age   6:     758512 bytes,    5089616 total
- age   7:     785384 bytes,    5875000 total
- age   8:     336392 bytes,    6211392 total
: 102490K->7774K(109248K), 0.0103351 secs] 295027K->202761K(502464K), 0.0103952 secs] [Times: user=0.06 sys=0.00, real=0.01 secs] 
Heap after GC invocations=289 (full 5):
 par new generation   total 109248K, used 7774K [0x00000000e0000000, 0x00000000e8000000, 0x00000000e8000000)
  eden space 87424K,   0% used [0x00000000e0000000, 0x00000000e0000000, 0x00000000e5560000)
  from space 21824K,  35% used [0x00000000e6ab0000, 0x00000000e7247ac0, 0x00000000e8000000)
  to   space 21824K,   0% used [0x00000000e5560000, 0x00000000e5560000, 0x00000000e6ab0000)
 concurrent mark-sweep generation total 393216K, used 194986K [0x00000000e8000000, 0x0000000100000000, 0x0000000100000000)
 Metaspace       used 49677K, capacity 50286K, committed 50424K, reserved 1093632K
  class space    used 5272K, capacity 5418K, committed 5420K, reserved 1048576K
}
2016-06-21T15:02:40.789+0100: 21763.116: Total time for which application threads were stopped: 0.0106719 seconds, Stopping threads took: 0.0000201 seconds
{Heap before GC invocations=289 (full 5):
 par new generation   total 109248K, used 95198K [0x00000000e0000000, 0x00000000e8000000, 0x00000000e8000000)
  eden space 87424K, 100% used [0x00000000e0000000, 0x00000000e5560000, 0x00000000e5560000)
  from space 21824K,  35% used [0x00000000e6ab0000, 0x00000000e7247ac0, 0x00000000e8000000)
  to   space 21824K,   0% used [0x00000000e5560000, 0x00000000e5560000, 0x00000000e6ab0000)
 concurrent mark-sweep generation total 393216K, used 194986K [0x00000000e8000000, 0x0000000100000000, 0x0000000100000000)
 Metaspace       used 49677K, capacity 50286K, committed 50424K, reserved 1093632K
  class space    used 5272K, capacity 5418K, committed 5420K, reserved 1048576K
2016-06-21T15:02:40.914+0100: 21763.241: [GC (Allocation Failure) 2016-06-21T15:02:40.914+0100: 21763.241: [ParNew
Desired survivor size 20112992 bytes, new threshold 8 (max 8)
- age   1:    3779584 bytes,    3779584 total
- age   2:     766608 bytes,    4546192 total
- age   3:     689160 bytes,    5235352 total
- age   4:     648544 bytes,    5883896 total
- age   5:     810208 bytes,    6694104 total
- age   6:     780288 bytes,    7474392 total
- age   7:     758512 bytes,    8232904 total
- age   8:     785424 bytes,    9018328 total
: 95198K->10107K(109248K), 0.0049479 secs] 290185K->205423K(502464K), 0.0050114 secs] [Times: user=0.00 sys=0.00, real=0.00 secs] 
Heap after GC invocations=290 (full 5):
 par new generation   total 109248K, used 10107K [0x00000000e0000000, 0x00000000e8000000, 0x00000000e8000000)
  eden space 87424K,   0% used [0x00000000e0000000, 0x00000000e0000000, 0x00000000e5560000)
  from space 21824K,  46% used [0x00000000e5560000, 0x00000000e5f3edd8, 0x00000000e6ab0000)
  to   space 21824K,   0% used [0x00000000e6ab0000, 0x00000000e6ab0000, 0x00000000e8000000)
 concurrent mark-sweep generation total 393216K, used 195316K [0x00000000e8000000, 0x0000000100000000, 0x0000000100000000)
 Metaspace       used 49677K, capacity 50286K, committed 50424K, reserved 1093632K
  class space    used 5272K, capacity 5418K, committed 5420K, reserved 1048576K
}
2016-06-21T15:02:40.919+0100: 21763.246: Total time for which application threads were stopped: 0.0052475 seconds, Stopping threads took: 0.0000308 seconds
{Heap before GC invocations=290 (full 5):
 par new generation   total 109248K, used 97531K [0x00000000e0000000, 0x00000000e8000000, 0x00000000e8000000)
  eden space 87424K, 100% used [0x00000000e0000000, 0x00000000e5560000, 0x00000000e5560000)
  from space 21824K,  46% used [0x00000000e5560000, 0x00000000e5f3edd8, 0x00000000e6ab0000)
  to   space 21824K,   0% used [0x00000000e6ab0000, 0x00000000e6ab0000, 0x00000000e8000000)
 concurrent mark-sweep generation total 393216K, used 195316K [0x00000000e8000000, 0x0000000100000000, 0x0000000100000000)
 Metaspace       used 49677K, capacity 50286K, committed 50424K, reserved 1093632K
  class space    used 5272K, capacity 5418K, committed 5420K, reserved 1048576K
2016-06-21T15:02:42.390+0100: 21764.717: [GC (Allocation Failure) 2016-06-21T15:02:42.390+0100: 21764.717: [ParNew
Desired survivor size 20112992 bytes, new threshold 8 (max 8)
- age   1:   11418104 bytes,   11418104 total
- age   2:    3211416 bytes,   14629520 total
- age   3:     356648 bytes,   14986168 total
- age   4:     328360 bytes,   15314528 total
- age   5:     337024 bytes,   15651552 total
- age   6:     318248 bytes,   15969800 total
- age   7:     353968 bytes,   16323768 total
- age   8:     364952 bytes,   16688720 total
: 97531K->19151K(109248K), 0.0057623 secs] 292847K->214835K(502464K), 0.0058432 secs] [Times: user=0.00 sys=0.00, real=0.01 secs] 
Heap after GC invocations=291 (full 5):
 par new generation   total 109248K, used 19151K [0x00000000e0000000, 0x00000000e8000000, 0x00000000e8000000)
  eden space 87424K,   0% used [0x00000000e0000000, 0x00000000e0000000, 0x00000000e5560000)
  from space 21824K,  87% used [0x00000000e6ab0000, 0x00000000e7d63dd0, 0x00000000e8000000)
  to   space 21824K,   0% used [0x00000000e5560000, 0x00000000e5560000, 0x00000000e6ab0000)
 concurrent mark-sweep generation total 393216K, used 195683K [0x00000000e8000000, 0x0000000100000000, 0x0000000100000000)
 Metaspace       used 49677K, capacity 50286K, committed 50424K, reserved 1093632K
  class space    used 5272K, capacity 5418K, committed 5420K, reserved 1048576K
}
2016-06-21T15:02:42.396+0100: 21764.723: Total time for which application threads were stopped: 0.0060911 seconds, Stopping threads took: 0.0000201 seconds
2016-06-21T15:02:43.397+0100: 21765.723: Total time for which application threads were stopped: 0.0002491 seconds, Stopping threads took: 0.0000292 seconds
2016-06-21T15:20:59.325+0100: 22861.652: Total time for which application threads were stopped: 0.0001275 seconds, Stopping threads took: 0.0000292 seconds
2016-06-21T15:20:59.339+0100: 22861.666: Total time for which application threads were stopped: 0.0000797 seconds, Stopping threads took: 0.0000197 seconds
2016-06-21T15:21:00.339+0100: 22862.666: Total time for which application threads were stopped: 0.0001915 seconds, Stopping threads took: 0.0000253 seconds
{Heap before GC invocations=291 (full 5):
 par new generation   total 109248K, used 106575K [0x00000000e0000000, 0x00000000e8000000, 0x00000000e8000000)
  eden space 87424K, 100% used [0x00000000e0000000, 0x00000000e5560000, 0x00000000e5560000)
  from space 21824K,  87% used [0x00000000e6ab0000, 0x00000000e7d63dd0, 0x00000000e8000000)
  to   space 21824K,   0% used [0x00000000e5560000, 0x00000000e5560000, 0x00000000e6ab0000)
 concurrent mark-sweep generation total 393216K, used 195683K [0x00000000e8000000, 0x0000000100000000, 0x0000000100000000)
 Metaspace       used 49697K, capacity 50286K, committed 50424K, reserved 1093632K
  class space    used 5272K, capacity 5418K, committed 5420K, reserved 1048576K
2016-06-21T15:21:00.344+0100: 22862.671: [GC (Allocation Failure) 2016-06-21T15:21:00.344+0100: 22862.671: [ParNew
Desired survivor size 20112992 bytes, new threshold 8 (max 8)
- age   1:    1327320 bytes,    1327320 total
- age   2:   11252776 bytes,   12580096 total
- age   3:    3211416 bytes,   15791512 total
- age   4:     356608 bytes,   16148120 total
- age   5:     328360 bytes,   16476480 total
- age   6:     336944 bytes,   16813424 total
- age   7:     318248 bytes,   17131672 total
- age   8:     353888 bytes,   17485560 total
: 106575K->18371K(109248K), 0.0085765 secs] 302259K->214412K(502464K), 0.0086709 secs] [Times: user=0.00 sys=0.00, real=0.01 secs] 
Heap after GC invocations=292 (full 5):
 par new generation   total 109248K, used 18371K [0x00000000e0000000, 0x00000000e8000000, 0x00000000e8000000)
  eden space 87424K,   0% used [0x00000000e0000000, 0x00000000e0000000, 0x00000000e5560000)
  from space 21824K,  84% used [0x00000000e5560000, 0x00000000e6750e10, 0x00000000e6ab0000)
  to   space 21824K,   0% used [0x00000000e6ab0000, 0x00000000e6ab0000, 0x00000000e8000000)
 concurrent mark-sweep generation total 393216K, used 196041K [0x00000000e8000000, 0x0000000100000000, 0x0000000100000000)
 Metaspace       used 49697K, capacity 50286K, committed 50424K, reserved 1093632K
  class space    used 5272K, capacity 5418K, committed 5420K, reserved 1048576K
}
2016-06-21T15:21:00.353+0100: 22862.680: Total time for which application threads were stopped: 0.0089334 seconds, Stopping threads took: 0.0000308 seconds
2016-06-21T15:21:00.353+0100: 22862.681: Total time for which application threads were stopped: 0.0001386 seconds, Stopping threads took: 0.0000450 seconds
2016-06-21T15:21:00.353+0100: 22862.681: Total time for which application threads were stopped: 0.0000825 seconds, Stopping threads took: 0.0000288 seconds
{Heap before GC invocations=292 (full 5):
 par new generation   total 109248K, used 105795K [0x00000000e0000000, 0x00000000e8000000, 0x00000000e8000000)
  eden space 87424K, 100% used [0x00000000e0000000, 0x00000000e5560000, 0x00000000e5560000)
  from space 21824K,  84% used [0x00000000e5560000, 0x00000000e6750e10, 0x00000000e6ab0000)
  to   space 21824K,   0% used [0x00000000e6ab0000, 0x00000000e6ab0000, 0x00000000e8000000)
 concurrent mark-sweep generation total 393216K, used 196041K [0x00000000e8000000, 0x0000000100000000, 0x0000000100000000)
 Metaspace       used 49697K, capacity 50286K, committed 50424K, reserved 1093632K
  class space    used 5272K, capacity 5418K, committed 5420K, reserved 1048576K
2016-06-21T15:21:00.704+0100: 22863.030: [GC (Allocation Failure) 2016-06-21T15:21:00.704+0100: 22863.030: [ParNew
Desired survivor size 20112992 bytes, new threshold 8 (max 8)
- age   1:    1101728 bytes,    1101728 total
- age   2:      55792 bytes,    1157520 total
- age   3:   11252480 bytes,   12410000 total
- age   4:    3211416 bytes,   15621416 total
- age   5:     356608 bytes,   15978024 total
- age   6:     328360 bytes,   16306384 total
- age   7:     336944 bytes,   16643328 total
- age   8:     318248 bytes,   16961576 total
: 105795K->17141K(109248K), 0.0054311 secs] 301836K->213528K(502464K), 0.0055325 secs] [Times: user=0.00 sys=0.00, real=0.01 secs] 
Heap after GC invocations=293 (full 5):
 par new generation   total 109248K, used 17141K [0x00000000e0000000, 0x00000000e8000000, 0x00000000e8000000)
  eden space 87424K,   0% used [0x00000000e0000000, 0x00000000e0000000, 0x00000000e5560000)
  from space 21824K,  78% used [0x00000000e6ab0000, 0x00000000e7b6d450, 0x00000000e8000000)
  to   space 21824K,   0% used [0x00000000e5560000, 0x00000000e5560000, 0x00000000e6ab0000)
 concurrent mark-sweep generation total 393216K, used 196387K [0x00000000e8000000, 0x0000000100000000, 0x0000000100000000)
 Metaspace       used 49697K, capacity 50286K, committed 50424K, reserved 1093632K
  class space    used 5272K, capacity 5418K, committed 5420K, reserved 1048576K
}
2016-06-21T15:21:00.709+0100: 22863.036: Total time for which application threads were stopped: 0.0058570 seconds, Stopping threads took: 0.0000332 seconds
{Heap before GC invocations=293 (full 5):
 par new generation   total 109248K, used 104565K [0x00000000e0000000, 0x00000000e8000000, 0x00000000e8000000)
  eden space 87424K, 100% used [0x00000000e0000000, 0x00000000e5560000, 0x00000000e5560000)
  from space 21824K,  78% used [0x00000000e6ab0000, 0x00000000e7b6d450, 0x00000000e8000000)
  to   space 21824K,   0% used [0x00000000e5560000, 0x00000000e5560000, 0x00000000e6ab0000)
 concurrent mark-sweep generation total 393216K, used 196387K [0x00000000e8000000, 0x0000000100000000, 0x0000000100000000)
 Metaspace       used 49697K, capacity 50286K, committed 50424K, reserved 1093632K
  class space    used 5272K, capacity 5418K, committed 5420K, reserved 1048576K
2016-06-21T15:21:00.989+0100: 22863.317: [GC (Allocation Failure) 2016-06-21T15:21:00.989+0100: 22863.317: [ParNew
Desired survivor size 20112992 bytes, new threshold 8 (max 8)
- age   1:    1203224 bytes,    1203224 total
- age   2:       3488 bytes,    1206712 total
- age   3:      53544 bytes,    1260256 total
- age   4:   11252480 bytes,   12512736 total
- age   5:    3211416 bytes,   15724152 total
- age   6:     356608 bytes,   16080760 total
- age   7:     328360 bytes,   16409120 total
- age   8:     336944 bytes,   16746064 total
: 104565K->17723K(109248K), 0.0049455 secs] 300952K->214423K(502464K), 0.0050134 secs] [Times: user=0.00 sys=0.00, real=0.00 secs] 
Heap after GC invocations=294 (full 5):
 par new generation   total 109248K, used 17723K [0x00000000e0000000, 0x00000000e8000000, 0x00000000e8000000)
  eden space 87424K,   0% used [0x00000000e0000000, 0x00000000e0000000, 0x00000000e5560000)
  from space 21824K,  81% used [0x00000000e5560000, 0x00000000e66aedf0, 0x00000000e6ab0000)
  to   space 21824K,   0% used [0x00000000e6ab0000, 0x00000000e6ab0000, 0x00000000e8000000)
 concurrent mark-sweep generation total 393216K, used 196699K [0x00000000e8000000, 0x0000000100000000, 0x0000000100000000)
 Metaspace       used 49697K, capacity 50286K, committed 50424K, reserved 1093632K
  class space    used 5272K, capacity 5418K, committed 5420K, reserved 1048576K
}
2016-06-21T15:21:00.995+0100: 22863.322: Total time for which application threads were stopped: 0.0052491 seconds, Stopping threads took: 0.0000261 seconds
2016-06-21T15:21:00.995+0100: 22863.322: [GC (CMS Initial Mark) [1 CMS-initial-mark: 196699K(393216K)] 214645K(502464K), 0.0013753 secs] [Times: user=0.00 sys=0.00, real=0.00 secs] 
2016-06-21T15:21:00.996+0100: 22863.323: Total time for which application threads were stopped: 0.0015301 seconds, Stopping threads took: 0.0000466 seconds
2016-06-21T15:21:00.996+0100: 22863.323: [CMS-concurrent-mark-start]
2016-06-21T15:21:01.027+0100: 22863.354: [CMS-concurrent-mark: 0.030/0.030 secs] [Times: user=0.09 sys=0.03, real=0.03 secs] 
2016-06-21T15:21:01.027+0100: 22863.354: [CMS-concurrent-preclean-start]
2016-06-21T15:21:01.028+0100: 22863.355: [CMS-concurrent-preclean: 0.001/0.001 secs] [Times: user=0.00 sys=0.00, real=0.00 secs] 
2016-06-21T15:21:01.028+0100: 22863.356: [GC (CMS Final Remark) [YG occupancy: 18615 K (109248 K)]{Heap before GC invocations=294 (full 6):
 par new generation   total 109248K, used 18615K [0x00000000e0000000, 0x00000000e8000000, 0x00000000e8000000)
  eden space 87424K,   1% used [0x00000000e0000000, 0x00000000e00def00, 0x00000000e5560000)
  from space 21824K,  81% used [0x00000000e5560000, 0x00000000e66aedf0, 0x00000000e6ab0000)
  to   space 21824K,   0% used [0x00000000e6ab0000, 0x00000000e6ab0000, 0x00000000e8000000)
 concurrent mark-sweep generation total 393216K, used 196699K [0x00000000e8000000, 0x0000000100000000, 0x0000000100000000)
 Metaspace       used 49697K, capacity 50286K, committed 50424K, reserved 1093632K
  class space    used 5272K, capacity 5418K, committed 5420K, reserved 1048576K
2016-06-21T15:21:01.029+0100: 22863.356: [GC (CMS Final Remark) 2016-06-21T15:21:01.029+0100: 22863.356: [ParNew
Desired survivor size 20112992 bytes, new threshold 8 (max 8)
- age   1:      51824 bytes,      51824 total
- age   2:    1172736 bytes,    1224560 total
- age   3:       2064 bytes,    1226624 total
- age   4:      53544 bytes,    1280168 total
- age   5:   11252480 bytes,   12532648 total
- age   6:    3211416 bytes,   15744064 total
- age   7:     356608 bytes,   16100672 total
- age   8:     328360 bytes,   16429032 total
: 18615K->17073K(109248K), 0.0050608 secs] 215314K->214103K(502464K), 0.0051208 secs] [Times: user=0.06 sys=0.00, real=0.00 secs] 
Heap after GC invocations=295 (full 6):
 par new generation   total 109248K, used 17073K [0x00000000e0000000, 0x00000000e8000000, 0x00000000e8000000)
  eden space 87424K,   0% used [0x00000000e0000000, 0x00000000e0000000, 0x00000000e5560000)
  from space 21824K,  78% used [0x00000000e6ab0000, 0x00000000e7b5c410, 0x00000000e8000000)
  to   space 21824K,   0% used [0x00000000e5560000, 0x00000000e5560000, 0x00000000e6ab0000)
 concurrent mark-sweep generation total 393216K, used 197030K [0x00000000e8000000, 0x0000000100000000, 0x0000000100000000)
 Metaspace       used 49697K, capacity 50286K, committed 50424K, reserved 1093632K
  class space    used 5272K, capacity 5418K, committed 5420K, reserved 1048576K
}
2016-06-21T15:21:01.034+0100: 22863.361: [Rescan (parallel) , 0.0016059 secs]2016-06-21T15:21:01.035+0100: 22863.362: [weak refs processing, 0.0074167 secs]2016-06-21T15:21:01.043+0100: 22863.370: [class unloading, 0.0640877 secs]2016-06-21T15:21:01.107+0100: 22863.434: [scrub symbol table, 0.0279737 secs]2016-06-21T15:21:01.135+0100: 22863.462: [scrub string table, 0.0009707 secs][1 CMS-remark: 197030K(393216K)] 214103K(502464K), 0.1082958 secs] [Times: user=0.09 sys=0.06, real=0.11 secs] 
2016-06-21T15:21:01.137+0100: 22863.464: Total time for which application threads were stopped: 0.1084490 seconds, Stopping threads took: 0.0000418 seconds
2016-06-21T15:21:01.137+0100: 22863.464: [CMS-concurrent-sweep-start]
2016-06-21T15:21:01.305+0100: 22863.632: [CMS-concurrent-sweep: 0.168/0.168 secs] [Times: user=0.23 sys=0.06, real=0.17 secs] 
2016-06-21T15:21:01.305+0100: 22863.632: [CMS-concurrent-reset-start]
2016-06-21T15:21:01.306+0100: 22863.633: [CMS-concurrent-reset: 0.001/0.001 secs] [Times: user=0.00 sys=0.00, real=0.00 secs] 
2016-06-21T15:21:02.138+0100: 22864.465: Total time for which application threads were stopped: 0.0001749 seconds, Stopping threads took: 0.0000241 seconds
2016-06-21T15:21:03.139+0100: 22865.465: Total time for which application threads were stopped: 0.0001208 seconds, Stopping threads took: 0.0000264 seconds
{Heap before GC invocations=295 (full 6):
 par new generation   total 109248K, used 104487K [0x00000000e0000000, 0x00000000e8000000, 0x00000000e8000000)
  eden space 87424K,  99% used [0x00000000e0000000, 0x00000000e555d838, 0x00000000e5560000)
  from space 21824K,  78% used [0x00000000e6ab0000, 0x00000000e7b5c410, 0x00000000e8000000)
  to   space 21824K,   0% used [0x00000000e5560000, 0x00000000e5560000, 0x00000000e6ab0000)
 concurrent mark-sweep generation total 393216K, used 36741K [0x00000000e8000000, 0x0000000100000000, 0x0000000100000000)
 Metaspace       used 49698K, capacity 50256K, committed 50424K, reserved 1093632K
  class space    used 5270K, capacity 5413K, committed 5420K, reserved 1048576K
2016-06-21T15:21:05.677+0100: 22868.004: [GC (Allocation Failure) 2016-06-21T15:21:05.677+0100: 22868.005: [ParNew
Desired survivor size 20112992 bytes, new threshold 8 (max 8)
- age   1:    8642928 bytes,    8642928 total
- age   3:       1832 bytes,    8644760 total
- age   4:        432 bytes,    8645192 total
- age   5:      51384 bytes,    8696576 total
- age   6:      26200 bytes,    8722776 total
- age   7:      43000 bytes,    8765776 total
- age   8:      39248 bytes,    8805024 total
: 104487K->9691K(109248K), 0.0051496 secs] 141229K->46477K(502464K), 0.0052317 secs] [Times: user=0.00 sys=0.00, real=0.01 secs] 
Heap after GC invocations=296 (full 6):
 par new generation   total 109248K, used 9691K [0x00000000e0000000, 0x00000000e8000000, 0x00000000e8000000)
  eden space 87424K,   0% used [0x00000000e0000000, 0x00000000e0000000, 0x00000000e5560000)
  from space 21824K,  44% used [0x00000000e5560000, 0x00000000e5ed6e68, 0x00000000e6ab0000)
  to   space 21824K,   0% used [0x00000000e6ab0000, 0x00000000e6ab0000, 0x00000000e8000000)
 concurrent mark-sweep generation total 393216K, used 36785K [0x00000000e8000000, 0x0000000100000000, 0x0000000100000000)
 Metaspace       used 49698K, capacity 50256K, committed 50424K, reserved 1093632K
  class space    used 5270K, capacity 5413K, committed 5420K, reserved 1048576K
}
2016-06-21T15:21:05.683+0100: 22868.010: Total time for which application threads were stopped: 0.0054524 seconds, Stopping threads took: 0.0000233 seconds
2016-06-21T15:21:05.683+0100: 22868.010: Total time for which application threads were stopped: 0.0001275 seconds, Stopping threads took: 0.0000446 seconds
2016-06-21T15:21:05.683+0100: 22868.010: Total time for which application threads were stopped: 0.0000817 seconds, Stopping threads took: 0.0000249 seconds
2016-06-21T15:21:05.683+0100: 22868.010: Total time for which application threads were stopped: 0.0000493 seconds, Stopping threads took: 0.0000103 seconds
2016-06-21T15:21:05.683+0100: 22868.010: Total time for which application threads were stopped: 0.0000501 seconds, Stopping threads took: 0.0000099 seconds
2016-06-21T15:21:05.683+0100: 22868.011: Total time for which application threads were stopped: 0.0000718 seconds, Stopping threads took: 0.0000280 seconds
2016-06-21T15:21:05.684+0100: 22868.011: Total time for which application threads were stopped: 0.0001220 seconds, Stopping threads took: 0.0000391 seconds
2016-06-21T15:21:05.684+0100: 22868.011: Total time for which application threads were stopped: 0.0000703 seconds, Stopping threads took: 0.0000213 seconds
2016-06-21T15:21:05.684+0100: 22868.011: Total time for which application threads were stopped: 0.0000557 seconds, Stopping threads took: 0.0000122 seconds
2016-06-21T15:21:05.684+0100: 22868.011: Total time for which application threads were stopped: 0.0000778 seconds, Stopping threads took: 0.0000099 seconds
2016-06-21T15:21:05.684+0100: 22868.011: Total time for which application threads were stopped: 0.0000482 seconds, Stopping threads took: 0.0000095 seconds
2016-06-21T15:21:05.684+0100: 22868.011: Total time for which application threads were stopped: 0.0000821 seconds, Stopping threads took: 0.0000367 seconds
2016-06-21T15:21:05.684+0100: 22868.011: Total time for which application threads were stopped: 0.0000549 seconds, Stopping threads took: 0.0000249 seconds
2016-06-21T15:21:05.684+0100: 22868.011: Total time for which application threads were stopped: 0.0000738 seconds, Stopping threads took: 0.0000268 seconds
2016-06-21T15:21:05.684+0100: 22868.011: Total time for which application threads were stopped: 0.0000612 seconds, Stopping threads took: 0.0000138 seconds
2016-06-21T15:21:05.685+0100: 22868.012: Total time for which application threads were stopped: 0.0000738 seconds, Stopping threads took: 0.0000107 seconds
2016-06-21T15:21:05.685+0100: 22868.012: Total time for which application threads were stopped: 0.0000395 seconds, Stopping threads took: 0.0000114 seconds
2016-06-21T15:21:05.685+0100: 22868.012: Total time for which application threads were stopped: 0.0000790 seconds, Stopping threads took: 0.0000272 seconds
2016-06-21T15:21:05.685+0100: 22868.012: Total time for which application threads were stopped: 0.0001303 seconds, Stopping threads took: 0.0000237 seconds
{Heap before GC invocations=296 (full 6):
 par new generation   total 109248K, used 97115K [0x00000000e0000000, 0x00000000e8000000, 0x00000000e8000000)
  eden space 87424K, 100% used [0x00000000e0000000, 0x00000000e5560000, 0x00000000e5560000)
  from space 21824K,  44% used [0x00000000e5560000, 0x00000000e5ed6e68, 0x00000000e6ab0000)
  to   space 21824K,   0% used [0x00000000e6ab0000, 0x00000000e6ab0000, 0x00000000e8000000)
 concurrent mark-sweep generation total 393216K, used 36785K [0x00000000e8000000, 0x0000000100000000, 0x0000000100000000)
 Metaspace       used 49698K, capacity 50256K, committed 50424K, reserved 1093632K
  class space    used 5270K, capacity 5413K, committed 5420K, reserved 1048576K
2016-06-21T15:21:05.807+0100: 22868.134: [GC (Allocation Failure) 2016-06-21T15:21:05.807+0100: 22868.134: [ParNew
Desired survivor size 20112992 bytes, new threshold 2 (max 8)
- age   1:   13528640 bytes,   13528640 total
- age   2:    8505072 bytes,   22033712 total
- age   4:        408 bytes,   22034120 total
- age   5:        432 bytes,   22034552 total
- age   6:      51384 bytes,   22085936 total
- age   7:      26200 bytes,   22112136 total
- age   8:      43000 bytes,   22155136 total
: 97115K->21824K(109248K), 0.0089369 secs] 133901K->59064K(502464K), 0.0090017 secs] [Times: user=0.06 sys=0.00, real=0.01 secs] 
Heap after GC invocations=297 (full 6):
 par new generation   total 109248K, used 21824K [0x00000000e0000000, 0x00000000e8000000, 0x00000000e8000000)
  eden space 87424K,   0% used [0x00000000e0000000, 0x00000000e0000000, 0x00000000e5560000)
  from space 21824K, 100% used [0x00000000e6ab0000, 0x00000000e8000000, 0x00000000e8000000)
  to   space 21824K,   0% used [0x00000000e5560000, 0x00000000e5560000, 0x00000000e6ab0000)
 concurrent mark-sweep generation total 393216K, used 37240K [0x00000000e8000000, 0x0000000100000000, 0x0000000100000000)
 Metaspace       used 49698K, capacity 50256K, committed 50424K, reserved 1093632K
  class space    used 5270K, capacity 5413K, committed 5420K, reserved 1048576K
}
2016-06-21T15:21:05.817+0100: 22868.143: Total time for which application threads were stopped: 0.0093163 seconds, Stopping threads took: 0.0000245 seconds
{Heap before GC invocations=297 (full 6):
 par new generation   total 109248K, used 109248K [0x00000000e0000000, 0x00000000e8000000, 0x00000000e8000000)
  eden space 87424K, 100% used [0x00000000e0000000, 0x00000000e5560000, 0x00000000e5560000)
  from space 21824K, 100% used [0x00000000e6ab0000, 0x00000000e8000000, 0x00000000e8000000)
  to   space 21824K,   0% used [0x00000000e5560000, 0x00000000e5560000, 0x00000000e6ab0000)
 concurrent mark-sweep generation total 393216K, used 37240K [0x00000000e8000000, 0x0000000100000000, 0x0000000100000000)
 Metaspace       used 49698K, capacity 50256K, committed 50424K, reserved 1093632K
  class space    used 5270K, capacity 5413K, committed 5420K, reserved 1048576K
2016-06-21T15:21:05.951+0100: 22868.277: [GC (Allocation Failure) 2016-06-21T15:21:05.951+0100: 22868.277: [ParNew
Desired survivor size 20112992 bytes, new threshold 8 (max 8)
- age   1:    1899808 bytes,    1899808 total
- age   2:   12966232 bytes,   14866040 total
: 109248K->21824K(109248K), 0.0108085 secs] 146488K->67473K(502464K), 0.0109166 secs] [Times: user=0.06 sys=0.00, real=0.01 secs] 
Heap after GC invocations=298 (full 6):
 par new generation   total 109248K, used 21824K [0x00000000e0000000, 0x00000000e8000000, 0x00000000e8000000)
  eden space 87424K,   0% used [0x00000000e0000000, 0x00000000e0000000, 0x00000000e5560000)
  from space 21824K, 100% used [0x00000000e5560000, 0x00000000e6ab0000, 0x00000000e6ab0000)
  to   space 21824K,   0% used [0x00000000e6ab0000, 0x00000000e6ab0000, 0x00000000e8000000)
 concurrent mark-sweep generation total 393216K, used 45649K [0x00000000e8000000, 0x0000000100000000, 0x0000000100000000)
 Metaspace       used 49698K, capacity 50256K, committed 50424K, reserved 1093632K
  class space    used 5270K, capacity 5413K, committed 5420K, reserved 1048576K
}
2016-06-21T15:21:05.962+0100: 22868.288: Total time for which application threads were stopped: 0.0111361 seconds, Stopping threads took: 0.0000205 seconds
{Heap before GC invocations=298 (full 6):
 par new generation   total 109248K, used 109248K [0x00000000e0000000, 0x00000000e8000000, 0x00000000e8000000)
  eden space 87424K, 100% used [0x00000000e0000000, 0x00000000e5560000, 0x00000000e5560000)
  from space 21824K, 100% used [0x00000000e5560000, 0x00000000e6ab0000, 0x00000000e6ab0000)
  to   space 21824K,   0% used [0x00000000e6ab0000, 0x00000000e6ab0000, 0x00000000e8000000)
 concurrent mark-sweep generation total 393216K, used 45649K [0x00000000e8000000, 0x0000000100000000, 0x0000000100000000)
 Metaspace       used 49698K, capacity 50256K, committed 50424K, reserved 1093632K
  class space    used 5270K, capacity 5413K, committed 5420K, reserved 1048576K
2016-06-21T15:21:06.091+0100: 22868.418: [GC (Allocation Failure) 2016-06-21T15:21:06.091+0100: 22868.418: [ParNew
Desired survivor size 20112992 bytes, new threshold 8 (max 8)
- age   1:    1875720 bytes,    1875720 total
- age   2:     785312 bytes,    2661032 total
- age   3:   12952384 bytes,   15613416 total
: 109248K->16930K(109248K), 0.0053667 secs] 154897K->62580K(502464K), 0.0054437 secs] [Times: user=0.06 sys=0.00, real=0.00 secs] 
Heap after GC invocations=299 (full 6):
 par new generation   total 109248K, used 16930K [0x00000000e0000000, 0x00000000e8000000, 0x00000000e8000000)
  eden space 87424K,   0% used [0x00000000e0000000, 0x00000000e0000000, 0x00000000e5560000)
  from space 21824K,  77% used [0x00000000e6ab0000, 0x00000000e7b38b50, 0x00000000e8000000)
  to   space 21824K,   0% used [0x00000000e5560000, 0x00000000e5560000, 0x00000000e6ab0000)
 concurrent mark-sweep generation total 393216K, used 45649K [0x00000000e8000000, 0x0000000100000000, 0x0000000100000000)
 Metaspace       used 49698K, capacity 50256K, committed 50424K, reserved 1093632K
  class space    used 5270K, capacity 5413K, committed 5420K, reserved 1048576K
}
2016-06-21T15:21:06.096+0100: 22868.423: Total time for which application threads were stopped: 0.0056498 seconds, Stopping threads took: 0.0000225 seconds
{Heap before GC invocations=299 (full 6):
 par new generation   total 109248K, used 104354K [0x00000000e0000000, 0x00000000e8000000, 0x00000000e8000000)
  eden space 87424K, 100% used [0x00000000e0000000, 0x00000000e5560000, 0x00000000e5560000)
  from space 21824K,  77% used [0x00000000e6ab0000, 0x00000000e7b38b50, 0x00000000e8000000)
  to   space 21824K,   0% used [0x00000000e5560000, 0x00000000e5560000, 0x00000000e6ab0000)
 concurrent mark-sweep generation total 393216K, used 45649K [0x00000000e8000000, 0x0000000100000000, 0x0000000100000000)
 Metaspace       used 49698K, capacity 50256K, committed 50424K, reserved 1093632K
  class space    used 5270K, capacity 5413K, committed 5420K, reserved 1048576K
2016-06-21T15:21:06.230+0100: 22868.557: [GC (Allocation Failure) 2016-06-21T15:21:06.230+0100: 22868.557: [ParNew
Desired survivor size 20112992 bytes, new threshold 8 (max 8)
- age   1:    1574240 bytes,    1574240 total
- age   2:    1540672 bytes,    3114912 total
- age   3:     785312 bytes,    3900224 total
- age   4:   12934400 bytes,   16834624 total
: 104354K->21824K(109248K), 0.0059372 secs] 150004K->67473K(502464K), 0.0060587 secs] [Times: user=0.06 sys=0.00, real=0.01 secs] 
Heap after GC invocations=300 (full 6):
 par new generation   total 109248K, used 21824K [0x00000000e0000000, 0x00000000e8000000, 0x00000000e8000000)
  eden space 87424K,   0% used [0x00000000e0000000, 0x00000000e0000000, 0x00000000e5560000)
  from space 21824K, 100% used [0x00000000e5560000, 0x00000000e6ab0000, 0x00000000e6ab0000)
  to   space 21824K,   0% used [0x00000000e6ab0000, 0x00000000e6ab0000, 0x00000000e8000000)
 concurrent mark-sweep generation total 393216K, used 45649K [0x00000000e8000000, 0x0000000100000000, 0x0000000100000000)
 Metaspace       used 49698K, capacity 50256K, committed 50424K, reserved 1093632K
  class space    used 5270K, capacity 5413K, committed 5420K, reserved 1048576K
}
2016-06-21T15:21:06.236+0100: 22868.563: Total time for which application threads were stopped: 0.0062845 seconds, Stopping threads took: 0.0000312 seconds
{Heap before GC invocations=300 (full 6):
 par new generation   total 109248K, used 109248K [0x00000000e0000000, 0x00000000e8000000, 0x00000000e8000000)
  eden space 87424K, 100% used [0x00000000e0000000, 0x00000000e5560000, 0x00000000e5560000)
  from space 21824K, 100% used [0x00000000e5560000, 0x00000000e6ab0000, 0x00000000e6ab0000)
  to   space 21824K,   0% used [0x00000000e6ab0000, 0x00000000e6ab0000, 0x00000000e8000000)
 concurrent mark-sweep generation total 393216K, used 45649K [0x00000000e8000000, 0x0000000100000000, 0x0000000100000000)
 Metaspace       used 49698K, capacity 50256K, committed 50424K, reserved 1093632K
  class space    used 5270K, capacity 5413K, committed 5420K, reserved 1048576K
2016-06-21T15:21:06.357+0100: 22868.684: [GC (Allocation Failure) 2016-06-21T15:21:06.357+0100: 22868.684: [ParNew
Desired survivor size 20112992 bytes, new threshold 8 (max 8)
- age   1:    2486872 bytes,    2486872 total
- age   2:     785312 bytes,    3272184 total
- age   3:     819760 bytes,    4091944 total
- age   4:     785312 bytes,    4877256 total
- age   5:   12918192 bytes,   17795448 total
: 109248K->21824K(109248K), 0.0058507 secs] 154897K->67473K(502464K), 0.0059143 secs] [Times: user=0.06 sys=0.00, real=0.01 secs] 
Heap after GC invocations=301 (full 6):
 par new generation   total 109248K, used 21824K [0x00000000e0000000, 0x00000000e8000000, 0x00000000e8000000)
  eden space 87424K,   0% used [0x00000000e0000000, 0x00000000e0000000, 0x00000000e5560000)
  from space 21824K, 100% used [0x00000000e6ab0000, 0x00000000e8000000, 0x00000000e8000000)
  to   space 21824K,   0% used [0x00000000e5560000, 0x00000000e5560000, 0x00000000e6ab0000)
 concurrent mark-sweep generation total 393216K, used 45649K [0x00000000e8000000, 0x0000000100000000, 0x0000000100000000)
 Metaspace       used 49698K, capacity 50256K, committed 50424K, reserved 1093632K
  class space    used 5270K, capacity 5413K, committed 5420K, reserved 1048576K
}
2016-06-21T15:21:06.364+0100: 22868.690: Total time for which application threads were stopped: 0.0061207 seconds, Stopping threads took: 0.0000213 seconds
2016-06-21T15:21:07.364+0100: 22869.690: Total time for which application threads were stopped: 0.0001544 seconds, Stopping threads took: 0.0000280 seconds
2016-06-21T15:21:08.364+0100: 22870.691: Total time for which application threads were stopped: 0.0000975 seconds, Stopping threads took: 0.0000272 seconds
2016-06-21T15:21:16.368+0100: 22878.694: Total time for which application threads were stopped: 0.0001421 seconds, Stopping threads took: 0.0000272 seconds
{Heap before GC invocations=301 (full 6):
 par new generation   total 109248K, used 109248K [0x00000000e0000000, 0x00000000e8000000, 0x00000000e8000000)
  eden space 87424K, 100% used [0x00000000e0000000, 0x00000000e5560000, 0x00000000e5560000)
  from space 21824K, 100% used [0x00000000e6ab0000, 0x00000000e8000000, 0x00000000e8000000)
  to   space 21824K,   0% used [0x00000000e5560000, 0x00000000e5560000, 0x00000000e6ab0000)
 concurrent mark-sweep generation total 393216K, used 45649K [0x00000000e8000000, 0x0000000100000000, 0x0000000100000000)
 Metaspace       used 49727K, capacity 50256K, committed 50424K, reserved 1093632K
  class space    used 5270K, capacity 5413K, committed 5420K, reserved 1048576K
2016-06-21T15:21:16.488+0100: 22878.815: [GC (Allocation Failure) 2016-06-21T15:21:16.488+0100: 22878.815: [ParNew
Desired survivor size 20112992 bytes, new threshold 8 (max 8)
- age   1:    3334440 bytes,    3334440 total
- age   2:       4960 bytes,    3339400 total
- age   4:       8408 bytes,    3347808 total
- age   5:      28336 bytes,    3376144 total
- age   6:     423640 bytes,    3799784 total
: 109248K->14327K(109248K), 0.0029177 secs] 154897K->59976K(502464K), 0.0030345 secs] [Times: user=0.00 sys=0.00, real=0.00 secs] 
Heap after GC invocations=302 (full 6):
 par new generation   total 109248K, used 14327K [0x00000000e0000000, 0x00000000e8000000, 0x00000000e8000000)
  eden space 87424K,   0% used [0x00000000e0000000, 0x00000000e0000000, 0x00000000e5560000)
  from space 21824K,  65% used [0x00000000e5560000, 0x00000000e635de20, 0x00000000e6ab0000)
  to   space 21824K,   0% used [0x00000000e6ab0000, 0x00000000e6ab0000, 0x00000000e8000000)
 concurrent mark-sweep generation total 393216K, used 45649K [0x00000000e8000000, 0x0000000100000000, 0x0000000100000000)
 Metaspace       used 49727K, capacity 50256K, committed 50424K, reserved 1093632K
  class space    used 5270K, capacity 5413K, committed 5420K, reserved 1048576K
}
2016-06-21T15:21:16.491+0100: 22878.818: Total time for which application threads were stopped: 0.0033140 seconds, Stopping threads took: 0.0000324 seconds
2016-06-21T15:21:16.491+0100: 22878.818: Total time for which application threads were stopped: 0.0001559 seconds, Stopping threads took: 0.0000454 seconds
2016-06-21T15:21:16.492+0100: 22878.818: Total time for which application threads were stopped: 0.0000612 seconds, Stopping threads took: 0.0000122 seconds
2016-06-21T15:21:16.492+0100: 22878.819: Total time for which application threads were stopped: 0.0003332 seconds, Stopping threads took: 0.0002783 seconds
2016-06-21T15:21:16.492+0100: 22878.819: Total time for which application threads were stopped: 0.0000845 seconds, Stopping threads took: 0.0000312 seconds
2016-06-21T15:21:16.492+0100: 22878.819: Total time for which application threads were stopped: 0.0001093 seconds, Stopping threads took: 0.0000636 seconds
2016-06-21T15:21:22.496+0100: 22884.822: Total time for which application threads were stopped: 0.0000825 seconds, Stopping threads took: 0.0000276 seconds
{Heap before GC invocations=302 (full 6):
 par new generation   total 109248K, used 101751K [0x00000000e0000000, 0x00000000e8000000, 0x00000000e8000000)
  eden space 87424K, 100% used [0x00000000e0000000, 0x00000000e5560000, 0x00000000e5560000)
  from space 21824K,  65% used [0x00000000e5560000, 0x00000000e635de20, 0x00000000e6ab0000)
  to   space 21824K,   0% used [0x00000000e6ab0000, 0x00000000e6ab0000, 0x00000000e8000000)
 concurrent mark-sweep generation total 393216K, used 45649K [0x00000000e8000000, 0x0000000100000000, 0x0000000100000000)
 Metaspace       used 49727K, capacity 50256K, committed 50424K, reserved 1093632K
  class space    used 5270K, capacity 5413K, committed 5420K, reserved 1048576K
2016-06-21T15:21:28.704+0100: 22891.030: [GC (Allocation Failure) 2016-06-21T15:21:28.704+0100: 22891.030: [ParNew
Desired survivor size 20112992 bytes, new threshold 8 (max 8)
- age   1:    2761352 bytes,    2761352 total
- age   2:    2757184 bytes,    5518536 total
- age   3:       4960 bytes,    5523496 total
- age   5:       8408 bytes,    5531904 total
- age   6:      28336 bytes,    5560240 total
- age   7:     423640 bytes,    5983880 total
: 101751K->7556K(109248K), 0.0048299 secs] 147400K->53206K(502464K), 0.0049447 secs] [Times: user=0.00 sys=0.00, real=0.01 secs] 
Heap after GC invocations=303 (full 6):
 par new generation   total 109248K, used 7556K [0x00000000e0000000, 0x00000000e8000000, 0x00000000e8000000)
  eden space 87424K,   0% used [0x00000000e0000000, 0x00000000e0000000, 0x00000000e5560000)
  from space 21824K,  34% used [0x00000000e6ab0000, 0x00000000e72113e8, 0x00000000e8000000)
  to   space 21824K,   0% used [0x00000000e5560000, 0x00000000e5560000, 0x00000000e6ab0000)
 concurrent mark-sweep generation total 393216K, used 45649K [0x00000000e8000000, 0x0000000100000000, 0x0000000100000000)
 Metaspace       used 49727K, capacity 50256K, committed 50424K, reserved 1093632K
  class space    used 5270K, capacity 5413K, committed 5420K, reserved 1048576K
}
2016-06-21T15:21:28.709+0100: 22891.035: Total time for which application threads were stopped: 0.0051528 seconds, Stopping threads took: 0.0000288 seconds
{Heap before GC invocations=303 (full 6):
 par new generation   total 109248K, used 94980K [0x00000000e0000000, 0x00000000e8000000, 0x00000000e8000000)
  eden space 87424K, 100% used [0x00000000e0000000, 0x00000000e5560000, 0x00000000e5560000)
  from space 21824K,  34% used [0x00000000e6ab0000, 0x00000000e72113e8, 0x00000000e8000000)
  to   space 21824K,   0% used [0x00000000e5560000, 0x00000000e5560000, 0x00000000e6ab0000)
 concurrent mark-sweep generation total 393216K, used 45649K [0x00000000e8000000, 0x0000000100000000, 0x0000000100000000)
 Metaspace       used 49727K, capacity 50256K, committed 50424K, reserved 1093632K
  class space    used 5270K, capacity 5413K, committed 5420K, reserved 1048576K
2016-06-21T15:21:28.825+0100: 22891.152: [GC (Allocation Failure) 2016-06-21T15:21:28.825+0100: 22891.152: [ParNew
Desired survivor size 20112992 bytes, new threshold 3 (max 8)
- age   1:   17693128 bytes,   17693128 total
- age   2:    1344600 bytes,   19037728 total
- age   3:    2757184 bytes,   21794912 total
- age   4:       4960 bytes,   21799872 total
- age   6:       8408 bytes,   21808280 total
- age   7:      28336 bytes,   21836616 total
- age   8:     423640 bytes,   22260256 total
: 94980K->21824K(109248K), 0.0294947 secs] 140630K->80010K(502464K), 0.0295638 secs] [Times: user=0.13 sys=0.00, real=0.03 secs] 
Heap after GC invocations=304 (full 6):
 par new generation   total 109248K, used 21824K [0x00000000e0000000, 0x00000000e8000000, 0x00000000e8000000)
  eden space 87424K,   0% used [0x00000000e0000000, 0x00000000e0000000, 0x00000000e5560000)
  from space 21824K, 100% used [0x00000000e5560000, 0x00000000e6ab0000, 0x00000000e6ab0000)
  to   space 21824K,   0% used [0x00000000e6ab0000, 0x00000000e6ab0000, 0x00000000e8000000)
 concurrent mark-sweep generation total 393216K, used 58186K [0x00000000e8000000, 0x0000000100000000, 0x0000000100000000)
 Metaspace       used 49727K, capacity 50256K, committed 50424K, reserved 1093632K
  class space    used 5270K, capacity 5413K, committed 5420K, reserved 1048576K
}
2016-06-21T15:21:28.854+0100: 22891.181: Total time for which application threads were stopped: 0.0297497 seconds, Stopping threads took: 0.0000217 seconds
{Heap before GC invocations=304 (full 6):
 par new generation   total 109248K, used 109248K [0x00000000e0000000, 0x00000000e8000000, 0x00000000e8000000)
  eden space 87424K, 100% used [0x00000000e0000000, 0x00000000e5560000, 0x00000000e5560000)
  from space 21824K, 100% used [0x00000000e5560000, 0x00000000e6ab0000, 0x00000000e6ab0000)
  to   space 21824K,   0% used [0x00000000e6ab0000, 0x00000000e6ab0000, 0x00000000e8000000)
 concurrent mark-sweep generation total 393216K, used 58186K [0x00000000e8000000, 0x0000000100000000, 0x0000000100000000)
 Metaspace       used 49727K, capacity 50256K, committed 50424K, reserved 1093632K
  class space    used 5270K, capacity 5413K, committed 5420K, reserved 1048576K
2016-06-21T15:21:28.937+0100: 22891.264: [GC (Allocation Failure) 2016-06-21T15:21:28.937+0100: 22891.264: [ParNew
Desired survivor size 20112992 bytes, new threshold 2 (max 8)
- age   1:   10737792 bytes,   10737792 total
- age   2:   11452336 bytes,   22190128 total
- age   3:     146088 bytes,   22336216 total
: 109248K->21824K(109248K), 0.0377207 secs] 167434K->100759K(502464K), 0.0378067 secs] [Times: user=0.09 sys=0.00, real=0.04 secs] 
Heap after GC invocations=305 (full 6):
 par new generation   total 109248K, used 21824K [0x00000000e0000000, 0x00000000e8000000, 0x00000000e8000000)
  eden space 87424K,   0% used [0x00000000e0000000, 0x00000000e0000000, 0x00000000e5560000)
  from space 21824K, 100% used [0x00000000e6ab0000, 0x00000000e8000000, 0x00000000e8000000)
  to   space 21824K,   0% used [0x00000000e5560000, 0x00000000e5560000, 0x00000000e6ab0000)
 concurrent mark-sweep generation total 393216K, used 78935K [0x00000000e8000000, 0x0000000100000000, 0x0000000100000000)
 Metaspace       used 49727K, capacity 50256K, committed 50424K, reserved 1093632K
  class space    used 5270K, capacity 5413K, committed 5420K, reserved 1048576K
}
2016-06-21T15:21:28.975+0100: 22891.302: Total time for which application threads were stopped: 0.0380306 seconds, Stopping threads took: 0.0000280 seconds
{Heap before GC invocations=305 (full 6):
 par new generation   total 109248K, used 109248K [0x00000000e0000000, 0x00000000e8000000, 0x00000000e8000000)
  eden space 87424K, 100% used [0x00000000e0000000, 0x00000000e5560000, 0x00000000e5560000)
  from space 21824K, 100% used [0x00000000e6ab0000, 0x00000000e8000000, 0x00000000e8000000)
  to   space 21824K,   0% used [0x00000000e5560000, 0x00000000e5560000, 0x00000000e6ab0000)
 concurrent mark-sweep generation total 393216K, used 78935K [0x00000000e8000000, 0x0000000100000000, 0x0000000100000000)
 Metaspace       used 49727K, capacity 50256K, committed 50424K, reserved 1093632K
  class space    used 5270K, capacity 5413K, committed 5420K, reserved 1048576K
2016-06-21T15:21:29.097+0100: 22891.424: [GC (Allocation Failure) 2016-06-21T15:21:29.097+0100: 22891.424: [ParNew
Desired survivor size 20112992 bytes, new threshold 8 (max 8)
- age   1:    2797272 bytes,    2797272 total
- age   2:   11043200 bytes,   13840472 total
: 109248K->20182K(109248K), 0.0228955 secs] 188183K->110444K(502464K), 0.0229536 secs] [Times: user=0.06 sys=0.00, real=0.02 secs] 
Heap after GC invocations=306 (full 6):
 par new generation   total 109248K, used 20182K [0x00000000e0000000, 0x00000000e8000000, 0x00000000e8000000)
  eden space 87424K,   0% used [0x00000000e0000000, 0x00000000e0000000, 0x00000000e5560000)
  from space 21824K,  92% used [0x00000000e5560000, 0x00000000e6915880, 0x00000000e6ab0000)
  to   space 21824K,   0% used [0x00000000e6ab0000, 0x00000000e6ab0000, 0x00000000e8000000)
 concurrent mark-sweep generation total 393216K, used 90261K [0x00000000e8000000, 0x0000000100000000, 0x0000000100000000)
 Metaspace       used 49727K, capacity 50256K, committed 50424K, reserved 1093632K
  class space    used 5270K, capacity 5413K, committed 5420K, reserved 1048576K
}
2016-06-21T15:21:29.120+0100: 22891.447: Total time for which application threads were stopped: 0.0231521 seconds, Stopping threads took: 0.0000264 seconds
{Heap before GC invocations=306 (full 6):
 par new generation   total 109248K, used 107606K [0x00000000e0000000, 0x00000000e8000000, 0x00000000e8000000)
  eden space 87424K, 100% used [0x00000000e0000000, 0x00000000e5560000, 0x00000000e5560000)
  from space 21824K,  92% used [0x00000000e5560000, 0x00000000e6915880, 0x00000000e6ab0000)
  to   space 21824K,   0% used [0x00000000e6ab0000, 0x00000000e6ab0000, 0x00000000e8000000)
 concurrent mark-sweep generation total 393216K, used 90261K [0x00000000e8000000, 0x0000000100000000, 0x0000000100000000)
 Metaspace       used 49727K, capacity 50256K, committed 50424K, reserved 1093632K
  class space    used 5270K, capacity 5413K, committed 5420K, reserved 1048576K
2016-06-21T15:21:29.239+0100: 22891.566: [GC (Allocation Failure) 2016-06-21T15:21:29.239+0100: 22891.566: [ParNew
Desired survivor size 20112992 bytes, new threshold 8 (max 8)
- age   1:    1380856 bytes,    1380856 total
- age   2:    2099640 bytes,    3480496 total
- age   3:   10737672 bytes,   14218168 total
: 107606K->19487K(109248K), 0.0090921 secs] 197868K->109749K(502464K), 0.0091615 secs] [Times: user=0.00 sys=0.00, real=0.01 secs] 
Heap after GC invocations=307 (full 6):
 par new generation   total 109248K, used 19487K [0x00000000e0000000, 0x00000000e8000000, 0x00000000e8000000)
  eden space 87424K,   0% used [0x00000000e0000000, 0x00000000e0000000, 0x00000000e5560000)
  from space 21824K,  89% used [0x00000000e6ab0000, 0x00000000e7db7d78, 0x00000000e8000000)
  to   space 21824K,   0% used [0x00000000e5560000, 0x00000000e5560000, 0x00000000e6ab0000)
 concurrent mark-sweep generation total 393216K, used 90261K [0x00000000e8000000, 0x0000000100000000, 0x0000000100000000)
 Metaspace       used 49727K, capacity 50256K, committed 50424K, reserved 1093632K
  class space    used 5270K, capacity 5413K, committed 5420K, reserved 1048576K
}
2016-06-21T15:21:29.248+0100: 22891.575: Total time for which application threads were stopped: 0.0093960 seconds, Stopping threads took: 0.0000201 seconds
{Heap before GC invocations=307 (full 6):
 par new generation   total 109248K, used 106911K [0x00000000e0000000, 0x00000000e8000000, 0x00000000e8000000)
  eden space 87424K, 100% used [0x00000000e0000000, 0x00000000e5560000, 0x00000000e5560000)
  from space 21824K,  89% used [0x00000000e6ab0000, 0x00000000e7db7d78, 0x00000000e8000000)
  to   space 21824K,   0% used [0x00000000e5560000, 0x00000000e5560000, 0x00000000e6ab0000)
 concurrent mark-sweep generation total 393216K, used 90261K [0x00000000e8000000, 0x0000000100000000, 0x0000000100000000)
 Metaspace       used 49727K, capacity 50256K, committed 50424K, reserved 1093632K
  class space    used 5270K, capacity 5413K, committed 5420K, reserved 1048576K
2016-06-21T15:21:29.357+0100: 22891.684: [GC (Allocation Failure) 2016-06-21T15:21:29.357+0100: 22891.684: [ParNew
Desired survivor size 20112992 bytes, new threshold 8 (max 8)
- age   1:    1002192 bytes,    1002192 total
- age   2:    1035736 bytes,    2037928 total
- age   3:    2099640 bytes,    4137568 total
- age   4:   10737672 bytes,   14875240 total
: 106911K->17574K(109248K), 0.0093033 secs] 197173K->107836K(502464K), 0.0093806 secs] [Times: user=0.06 sys=0.00, real=0.01 secs] 
Heap after GC invocations=308 (full 6):
 par new generation   total 109248K, used 17574K [0x00000000e0000000, 0x00000000e8000000, 0x00000000e8000000)
  eden space 87424K,   0% used [0x00000000e0000000, 0x00000000e0000000, 0x00000000e5560000)
  from space 21824K,  80% used [0x00000000e5560000, 0x00000000e6689ac0, 0x00000000e6ab0000)
  to   space 21824K,   0% used [0x00000000e6ab0000, 0x00000000e6ab0000, 0x00000000e8000000)
 concurrent mark-sweep generation total 393216K, used 90261K [0x00000000e8000000, 0x0000000100000000, 0x0000000100000000)
 Metaspace       used 49727K, capacity 50256K, committed 50424K, reserved 1093632K
  class space    used 5270K, capacity 5413K, committed 5420K, reserved 1048576K
}
2016-06-21T15:21:29.367+0100: 22891.694: Total time for which application threads were stopped: 0.0095954 seconds, Stopping threads took: 0.0000209 seconds
{Heap before GC invocations=308 (full 6):
 par new generation   total 109248K, used 104998K [0x00000000e0000000, 0x00000000e8000000, 0x00000000e8000000)
  eden space 87424K, 100% used [0x00000000e0000000, 0x00000000e5560000, 0x00000000e5560000)
  from space 21824K,  80% used [0x00000000e5560000, 0x00000000e6689ac0, 0x00000000e6ab0000)
  to   space 21824K,   0% used [0x00000000e6ab0000, 0x00000000e6ab0000, 0x00000000e8000000)
 concurrent mark-sweep generation total 393216K, used 90261K [0x00000000e8000000, 0x0000000100000000, 0x0000000100000000)
 Metaspace       used 49727K, capacity 50256K, committed 50424K, reserved 1093632K
  class space    used 5270K, capacity 5413K, committed 5420K, reserved 1048576K
2016-06-21T15:21:29.485+0100: 22891.811: [GC (Allocation Failure) 2016-06-21T15:21:29.485+0100: 22891.811: [ParNew
Desired survivor size 20112992 bytes, new threshold 8 (max 8)
- age   1:    1163920 bytes,    1163920 total
- age   2:     824448 bytes,    1988368 total
- age   3:    1035736 bytes,    3024104 total
- age   4:    2099640 bytes,    5123744 total
- age   5:   10737672 bytes,   15861416 total
: 104998K->21824K(109248K), 0.0099364 secs] 195260K->112085K(502464K), 0.0100237 secs] [Times: user=0.00 sys=0.00, real=0.01 secs] 
Heap after GC invocations=309 (full 6):
 par new generation   total 109248K, used 21824K [0x00000000e0000000, 0x00000000e8000000, 0x00000000e8000000)
  eden space 87424K,   0% used [0x00000000e0000000, 0x00000000e0000000, 0x00000000e5560000)
  from space 21824K, 100% used [0x00000000e6ab0000, 0x00000000e8000000, 0x00000000e8000000)
  to   space 21824K,   0% used [0x00000000e5560000, 0x00000000e5560000, 0x00000000e6ab0000)
 concurrent mark-sweep generation total 393216K, used 90261K [0x00000000e8000000, 0x0000000100000000, 0x0000000100000000)
 Metaspace       used 49727K, capacity 50256K, committed 50424K, reserved 1093632K
  class space    used 5270K, capacity 5413K, committed 5420K, reserved 1048576K
}
2016-06-21T15:21:29.495+0100: 22891.821: Total time for which application threads were stopped: 0.0102854 seconds, Stopping threads took: 0.0000288 seconds
{Heap before GC invocations=309 (full 6):
 par new generation   total 109248K, used 109248K [0x00000000e0000000, 0x00000000e8000000, 0x00000000e8000000)
  eden space 87424K, 100% used [0x00000000e0000000, 0x00000000e5560000, 0x00000000e5560000)
  from space 21824K, 100% used [0x00000000e6ab0000, 0x00000000e8000000, 0x00000000e8000000)
  to   space 21824K,   0% used [0x00000000e5560000, 0x00000000e5560000, 0x00000000e6ab0000)
 concurrent mark-sweep generation total 393216K, used 90261K [0x00000000e8000000, 0x0000000100000000, 0x0000000100000000)
 Metaspace       used 49727K, capacity 50256K, committed 50424K, reserved 1093632K
  class space    used 5270K, capacity 5413K, committed 5420K, reserved 1048576K
2016-06-21T15:21:29.604+0100: 22891.931: [GC (Allocation Failure) 2016-06-21T15:21:29.604+0100: 22891.931: [ParNew
Desired survivor size 20112992 bytes, new threshold 8 (max 8)
- age   1:    2490000 bytes,    2490000 total
- age   2:     750992 bytes,    3240992 total
- age   3:     824448 bytes,    4065440 total
- age   4:     314824 bytes,    4380264 total
- age   5:    2099640 bytes,    6479904 total
- age   6:   10737672 bytes,   17217576 total
: 109248K->21824K(109248K), 0.0109849 secs] 199509K->112085K(502464K), 0.0110461 secs] [Times: user=0.06 sys=0.00, real=0.01 secs] 
Heap after GC invocations=310 (full 6):
 par new generation   total 109248K, used 21824K [0x00000000e0000000, 0x00000000e8000000, 0x00000000e8000000)
  eden space 87424K,   0% used [0x00000000e0000000, 0x00000000e0000000, 0x00000000e5560000)
  from space 21824K, 100% used [0x00000000e5560000, 0x00000000e6ab0000, 0x00000000e6ab0000)
  to   space 21824K,   0% used [0x00000000e6ab0000, 0x00000000e6ab0000, 0x00000000e8000000)
 concurrent mark-sweep generation total 393216K, used 90261K [0x00000000e8000000, 0x0000000100000000, 0x0000000100000000)
 Metaspace       used 49727K, capacity 50256K, committed 50424K, reserved 1093632K
  class space    used 5270K, capacity 5413K, committed 5420K, reserved 1048576K
}
2016-06-21T15:21:29.615+0100: 22891.942: Total time for which application threads were stopped: 0.0112885 seconds, Stopping threads took: 0.0000284 seconds
{Heap before GC invocations=310 (full 6):
 par new generation   total 109248K, used 109248K [0x00000000e0000000, 0x00000000e8000000, 0x00000000e8000000)
  eden space 87424K, 100% used [0x00000000e0000000, 0x00000000e5560000, 0x00000000e5560000)
  from space 21824K, 100% used [0x00000000e5560000, 0x00000000e6ab0000, 0x00000000e6ab0000)
  to   space 21824K,   0% used [0x00000000e6ab0000, 0x00000000e6ab0000, 0x00000000e8000000)
 concurrent mark-sweep generation total 393216K, used 90261K [0x00000000e8000000, 0x0000000100000000, 0x0000000100000000)
 Metaspace       used 49727K, capacity 50256K, committed 50424K, reserved 1093632K
  class space    used 5270K, capacity 5413K, committed 5420K, reserved 1048576K
2016-06-21T15:21:29.721+0100: 22892.049: [GC (Allocation Failure) 2016-06-21T15:21:29.721+0100: 22892.049: [ParNew
Desired survivor size 20112992 bytes, new threshold 8 (max 8)
- age   1:    1267936 bytes,    1267936 total
- age   2:    2243720 bytes,    3511656 total
- age   3:     750992 bytes,    4262648 total
- age   4:     840848 bytes,    5103496 total
- age   5:     331224 bytes,    5434720 total
- age   6:    2099640 bytes,    7534360 total
- age   7:   10737704 bytes,   18272064 total
: 109248K->21370K(109248K), 0.0115336 secs] 199509K->111632K(502464K), 0.0116019 secs] [Times: user=0.06 sys=0.00, real=0.01 secs] 
Heap after GC invocations=311 (full 6):
 par new generation   total 109248K, used 21370K [0x00000000e0000000, 0x00000000e8000000, 0x00000000e8000000)
  eden space 87424K,   0% used [0x00000000e0000000, 0x00000000e0000000, 0x00000000e5560000)
  from space 21824K,  97% used [0x00000000e6ab0000, 0x00000000e7f8e9e0, 0x00000000e8000000)
  to   space 21824K,   0% used [0x00000000e5560000, 0x00000000e5560000, 0x00000000e6ab0000)
 concurrent mark-sweep generation total 393216K, used 90261K [0x00000000e8000000, 0x0000000100000000, 0x0000000100000000)
 Metaspace       used 49727K, capacity 50256K, committed 50424K, reserved 1093632K
  class space    used 5270K, capacity 5413K, committed 5420K, reserved 1048576K
}
2016-06-21T15:21:29.733+0100: 22892.060: Total time for which application threads were stopped: 0.0117879 seconds, Stopping threads took: 0.0000201 seconds
{Heap before GC invocations=311 (full 6):
 par new generation   total 109248K, used 108794K [0x00000000e0000000, 0x00000000e8000000, 0x00000000e8000000)
  eden space 87424K, 100% used [0x00000000e0000000, 0x00000000e5560000, 0x00000000e5560000)
  from space 21824K,  97% used [0x00000000e6ab0000, 0x00000000e7f8e9e0, 0x00000000e8000000)
  to   space 21824K,   0% used [0x00000000e5560000, 0x00000000e5560000, 0x00000000e6ab0000)
 concurrent mark-sweep generation total 393216K, used 90261K [0x00000000e8000000, 0x0000000100000000, 0x0000000100000000)
 Metaspace       used 49727K, capacity 50256K, committed 50424K, reserved 1093632K
  class space    used 5270K, capacity 5413K, committed 5420K, reserved 1048576K
2016-06-21T15:21:29.874+0100: 22892.201: [GC (Allocation Failure) 2016-06-21T15:21:29.874+0100: 22892.201: [ParNew
Desired survivor size 20112992 bytes, new threshold 8 (max 8)
- age   1:     985152 bytes,     985152 total
- age   2:     796384 bytes,    1781536 total
- age   3:    2243720 bytes,    4025256 total
- age   4:     750992 bytes,    4776248 total
- age   5:     824448 bytes,    5600696 total
- age   6:     314824 bytes,    5915520 total
- age   7:    2099640 bytes,    8015160 total
- age   8:   10737672 bytes,   18752832 total
: 108794K->21824K(109248K), 0.0139574 secs] 199056K->112099K(502464K), 0.0140396 secs] [Times: user=0.02 sys=0.00, real=0.01 secs] 
Heap after GC invocations=312 (full 6):
 par new generation   total 109248K, used 21824K [0x00000000e0000000, 0x00000000e8000000, 0x00000000e8000000)
  eden space 87424K,   0% used [0x00000000e0000000, 0x00000000e0000000, 0x00000000e5560000)
  from space 21824K, 100% used [0x00000000e5560000, 0x00000000e6ab0000, 0x00000000e6ab0000)
  to   space 21824K,   0% used [0x00000000e6ab0000, 0x00000000e6ab0000, 0x00000000e8000000)
 concurrent mark-sweep generation total 393216K, used 90275K [0x00000000e8000000, 0x0000000100000000, 0x0000000100000000)
 Metaspace       used 49727K, capacity 50256K, committed 50424K, reserved 1093632K
  class space    used 5270K, capacity 5413K, committed 5420K, reserved 1048576K
}
2016-06-21T15:21:29.889+0100: 22892.215: Total time for which application threads were stopped: 0.0142973 seconds, Stopping threads took: 0.0000261 seconds
{Heap before GC invocations=312 (full 6):
 par new generation   total 109248K, used 109248K [0x00000000e0000000, 0x00000000e8000000, 0x00000000e8000000)
  eden space 87424K, 100% used [0x00000000e0000000, 0x00000000e5560000, 0x00000000e5560000)
  from space 21824K, 100% used [0x00000000e5560000, 0x00000000e6ab0000, 0x00000000e6ab0000)
  to   space 21824K,   0% used [0x00000000e6ab0000, 0x00000000e6ab0000, 0x00000000e8000000)
 concurrent mark-sweep generation total 393216K, used 90275K [0x00000000e8000000, 0x0000000100000000, 0x0000000100000000)
 Metaspace       used 49727K, capacity 50256K, committed 50424K, reserved 1093632K
  class space    used 5270K, capacity 5413K, committed 5420K, reserved 1048576K
2016-06-21T15:21:30.037+0100: 22892.365: [GC (Allocation Failure) 2016-06-21T15:21:30.037+0100: 22892.365: [ParNew
Desired survivor size 20112992 bytes, new threshold 8 (max 8)
- age   1:     988232 bytes,     988232 total
- age   2:     622416 bytes,    1610648 total
- age   3:     796384 bytes,    2407032 total
- age   4:    2243720 bytes,    4650752 total
- age   5:     750992 bytes,    5401744 total
- age   6:     824448 bytes,    6226192 total
- age   7:     314824 bytes,    6541016 total
- age   8:    2099640 bytes,    8640656 total
: 109248K->17602K(109248K), 0.0163777 secs] 199523K->118356K(502464K), 0.0164413 secs] [Times: user=0.06 sys=0.00, real=0.02 secs] 
Heap after GC invocations=313 (full 6):
 par new generation   total 109248K, used 17602K [0x00000000e0000000, 0x00000000e8000000, 0x00000000e8000000)
  eden space 87424K,   0% used [0x00000000e0000000, 0x00000000e0000000, 0x00000000e5560000)
  from space 21824K,  80% used [0x00000000e6ab0000, 0x00000000e7be0be0, 0x00000000e8000000)
  to   space 21824K,   0% used [0x00000000e5560000, 0x00000000e5560000, 0x00000000e6ab0000)
 concurrent mark-sweep generation total 393216K, used 100753K [0x00000000e8000000, 0x0000000100000000, 0x0000000100000000)
 Metaspace       used 49727K, capacity 50256K, committed 50424K, reserved 1093632K
  class space    used 5270K, capacity 5413K, committed 5420K, reserved 1048576K
}
2016-06-21T15:21:30.054+0100: 22892.381: Total time for which application threads were stopped: 0.0166272 seconds, Stopping threads took: 0.0000197 seconds
{Heap before GC invocations=313 (full 6):
 par new generation   total 109248K, used 105026K [0x00000000e0000000, 0x00000000e8000000, 0x00000000e8000000)
  eden space 87424K, 100% used [0x00000000e0000000, 0x00000000e5560000, 0x00000000e5560000)
  from space 21824K,  80% used [0x00000000e6ab0000, 0x00000000e7be0be0, 0x00000000e8000000)
  to   space 21824K,   0% used [0x00000000e5560000, 0x00000000e5560000, 0x00000000e6ab0000)
 concurrent mark-sweep generation total 393216K, used 100753K [0x00000000e8000000, 0x0000000100000000, 0x0000000100000000)
 Metaspace       used 49727K, capacity 50256K, committed 50424K, reserved 1093632K
  class space    used 5270K, capacity 5413K, committed 5420K, reserved 1048576K
2016-06-21T15:21:30.184+0100: 22892.511: [GC (Allocation Failure) 2016-06-21T15:21:30.184+0100: 22892.511: [ParNew
Desired survivor size 20112992 bytes, new threshold 8 (max 8)
- age   1:    3856712 bytes,    3856712 total
- age   2:     727064 bytes,    4583776 total
- age   3:     622416 bytes,    5206192 total
- age   4:     796384 bytes,    6002576 total
- age   5:     801912 bytes,    6804488 total
- age   6:     750992 bytes,    7555480 total
- age   7:     824448 bytes,    8379928 total
- age   8:     314824 bytes,    8694752 total
: 105026K->11790K(109248K), 0.0098291 secs] 205780K->114595K(502464K), 0.0098918 secs] [Times: user=0.05 sys=0.00, real=0.01 secs] 
Heap after GC invocations=314 (full 6):
 par new generation   total 109248K, used 11790K [0x00000000e0000000, 0x00000000e8000000, 0x00000000e8000000)
  eden space 87424K,   0% used [0x00000000e0000000, 0x00000000e0000000, 0x00000000e5560000)
  from space 21824K,  54% used [0x00000000e5560000, 0x00000000e60e3950, 0x00000000e6ab0000)
  to   space 21824K,   0% used [0x00000000e6ab0000, 0x00000000e6ab0000, 0x00000000e8000000)
 concurrent mark-sweep generation total 393216K, used 102805K [0x00000000e8000000, 0x0000000100000000, 0x0000000100000000)
 Metaspace       used 49727K, capacity 50256K, committed 50424K, reserved 1093632K
  class space    used 5270K, capacity 5413K, committed 5420K, reserved 1048576K
}
2016-06-21T15:21:30.194+0100: 22892.521: Total time for which application threads were stopped: 0.0100754 seconds, Stopping threads took: 0.0000221 seconds
{Heap before GC invocations=314 (full 6):
 par new generation   total 109248K, used 99214K [0x00000000e0000000, 0x00000000e8000000, 0x00000000e8000000)
  eden space 87424K, 100% used [0x00000000e0000000, 0x00000000e5560000, 0x00000000e5560000)
  from space 21824K,  54% used [0x00000000e5560000, 0x00000000e60e3950, 0x00000000e6ab0000)
  to   space 21824K,   0% used [0x00000000e6ab0000, 0x00000000e6ab0000, 0x00000000e8000000)
 concurrent mark-sweep generation total 393216K, used 102805K [0x00000000e8000000, 0x0000000100000000, 0x0000000100000000)
 Metaspace       used 49727K, capacity 50256K, committed 50424K, reserved 1093632K
  class space    used 5270K, capacity 5413K, committed 5420K, reserved 1048576K
2016-06-21T15:21:30.325+0100: 22892.652: [GC (Allocation Failure) 2016-06-21T15:21:30.325+0100: 22892.652: [ParNew
Desired survivor size 20112992 bytes, new threshold 8 (max 8)
- age   1:     885752 bytes,     885752 total
- age   2:    3623736 bytes,    4509488 total
- age   3:     727064 bytes,    5236552 total
- age   4:     622416 bytes,    5858968 total
- age   5:     796384 bytes,    6655352 total
- age   6:     801912 bytes,    7457264 total
- age   7:     750992 bytes,    8208256 total
- age   8:     824448 bytes,    9032704 total
: 99214K->10102K(109248K), 0.0063295 secs] 202019K->113215K(502464K), 0.0063911 secs] [Times: user=0.05 sys=0.00, real=0.01 secs] 
Heap after GC invocations=315 (full 6):
 par new generation   total 109248K, used 10102K [0x00000000e0000000, 0x00000000e8000000, 0x00000000e8000000)
  eden space 87424K,   0% used [0x00000000e0000000, 0x00000000e0000000, 0x00000000e5560000)
  from space 21824K,  46% used [0x00000000e6ab0000, 0x00000000e748d870, 0x00000000e8000000)
  to   space 21824K,   0% used [0x00000000e5560000, 0x00000000e5560000, 0x00000000e6ab0000)
 concurrent mark-sweep generation total 393216K, used 103113K [0x00000000e8000000, 0x0000000100000000, 0x0000000100000000)
 Metaspace       used 49727K, capacity 50256K, committed 50424K, reserved 1093632K
  class space    used 5270K, capacity 5413K, committed 5420K, reserved 1048576K
}
2016-06-21T15:21:30.331+0100: 22892.658: Total time for which application threads were stopped: 0.0066165 seconds, Stopping threads took: 0.0000229 seconds
{Heap before GC invocations=315 (full 6):
 par new generation   total 109248K, used 97526K [0x00000000e0000000, 0x00000000e8000000, 0x00000000e8000000)
  eden space 87424K, 100% used [0x00000000e0000000, 0x00000000e5560000, 0x00000000e5560000)
  from space 21824K,  46% used [0x00000000e6ab0000, 0x00000000e748d870, 0x00000000e8000000)
  to   space 21824K,   0% used [0x00000000e5560000, 0x00000000e5560000, 0x00000000e6ab0000)
 concurrent mark-sweep generation total 393216K, used 103113K [0x00000000e8000000, 0x0000000100000000, 0x0000000100000000)
 Metaspace       used 49727K, capacity 50256K, committed 50424K, reserved 1093632K
  class space    used 5270K, capacity 5413K, committed 5420K, reserved 1048576K
2016-06-21T15:21:32.015+0100: 22894.342: [GC (Allocation Failure) 2016-06-21T15:21:32.015+0100: 22894.342: [ParNew
Desired survivor size 20112992 bytes, new threshold 8 (max 8)
- age   1:   11365520 bytes,   11365520 total
- age   2:     324792 bytes,   11690312 total
- age   3:    3230136 bytes,   14920448 total
- age   4:     349904 bytes,   15270352 total
- age   5:     327216 bytes,   15597568 total
- age   6:     320904 bytes,   15918472 total
- age   7:     342712 bytes,   16261184 total
- age   8:     373792 bytes,   16634976 total
: 97526K->18432K(109248K), 0.0058977 secs] 200639K->121919K(502464K), 0.0059581 secs] [Times: user=0.00 sys=0.00, real=0.01 secs] 
Heap after GC invocations=316 (full 6):
 par new generation   total 109248K, used 18432K [0x00000000e0000000, 0x00000000e8000000, 0x00000000e8000000)
  eden space 87424K,   0% used [0x00000000e0000000, 0x00000000e0000000, 0x00000000e5560000)
  from space 21824K,  84% used [0x00000000e5560000, 0x00000000e6760130, 0x00000000e6ab0000)
  to   space 21824K,   0% used [0x00000000e6ab0000, 0x00000000e6ab0000, 0x00000000e8000000)
 concurrent mark-sweep generation total 393216K, used 103487K [0x00000000e8000000, 0x0000000100000000, 0x0000000100000000)
 Metaspace       used 49727K, capacity 50256K, committed 50424K, reserved 1093632K
  class space    used 5270K, capacity 5413K, committed 5420K, reserved 1048576K
}
2016-06-21T15:21:32.021+0100: 22894.348: Total time for which application threads were stopped: 0.0062024 seconds, Stopping threads took: 0.0000209 seconds
2016-06-21T15:21:33.022+0100: 22895.348: Total time for which application threads were stopped: 0.0001022 seconds, Stopping threads took: 0.0000300 seconds
2016-06-21T15:22:23.044+0100: 22945.370: Total time for which application threads were stopped: 0.0001409 seconds, Stopping threads took: 0.0000383 seconds
2016-06-21T15:23:13.074+0100: 22995.400: Total time for which application threads were stopped: 0.0000888 seconds, Stopping threads took: 0.0000276 seconds
2016-06-21T15:34:56.682+0100: 23699.009: Total time for which application threads were stopped: 0.0002487 seconds, Stopping threads took: 0.0000308 seconds
2016-06-21T15:34:56.718+0100: 23699.045: Total time for which application threads were stopped: 0.0001922 seconds, Stopping threads took: 0.0000186 seconds
2016-06-21T15:34:57.719+0100: 23700.046: Total time for which application threads were stopped: 0.0001129 seconds, Stopping threads took: 0.0000249 seconds
{Heap before GC invocations=316 (full 6):
 par new generation   total 109248K, used 105856K [0x00000000e0000000, 0x00000000e8000000, 0x00000000e8000000)
  eden space 87424K, 100% used [0x00000000e0000000, 0x00000000e5560000, 0x00000000e5560000)
  from space 21824K,  84% used [0x00000000e5560000, 0x00000000e6760130, 0x00000000e6ab0000)
  to   space 21824K,   0% used [0x00000000e6ab0000, 0x00000000e6ab0000, 0x00000000e8000000)
 concurrent mark-sweep generation total 393216K, used 103487K [0x00000000e8000000, 0x0000000100000000, 0x0000000100000000)
 Metaspace       used 49730K, capacity 50256K, committed 50424K, reserved 1093632K
  class space    used 5270K, capacity 5413K, committed 5420K, reserved 1048576K
2016-06-21T15:34:57.886+0100: 23700.213: [GC (Allocation Failure) 2016-06-21T15:34:57.886+0100: 23700.213: [ParNew
Desired survivor size 20112992 bytes, new threshold 8 (max 8)
- age   1:    1613504 bytes,    1613504 total
- age   2:   11236864 bytes,   12850368 total
- age   3:     324792 bytes,   13175160 total
- age   4:    3230176 bytes,   16405336 total
- age   5:     349864 bytes,   16755200 total
- age   6:     327216 bytes,   17082416 total
- age   7:     320784 bytes,   17403200 total
- age   8:     342752 bytes,   17745952 total
: 105856K->18373K(109248K), 0.0540617 secs] 209343K->122226K(502464K), 0.0541757 secs] [Times: user=0.05 sys=0.17, real=0.05 secs] 
Heap after GC invocations=317 (full 6):
 par new generation   total 109248K, used 18373K [0x00000000e0000000, 0x00000000e8000000, 0x00000000e8000000)
  eden space 87424K,   0% used [0x00000000e0000000, 0x00000000e0000000, 0x00000000e5560000)
  from space 21824K,  84% used [0x00000000e6ab0000, 0x00000000e7ca14f0, 0x00000000e8000000)
  to   space 21824K,   0% used [0x00000000e5560000, 0x00000000e5560000, 0x00000000e6ab0000)
 concurrent mark-sweep generation total 393216K, used 103853K [0x00000000e8000000, 0x0000000100000000, 0x0000000100000000)
 Metaspace       used 49730K, capacity 50256K, committed 50424K, reserved 1093632K
  class space    used 5270K, capacity 5413K, committed 5420K, reserved 1048576K
}
2016-06-21T15:34:57.940+0100: 23700.267: Total time for which application threads were stopped: 0.0547643 seconds, Stopping threads took: 0.0000237 seconds
2016-06-21T15:34:57.940+0100: 23700.268: Total time for which application threads were stopped: 0.0002171 seconds, Stopping threads took: 0.0000805 seconds
2016-06-21T15:34:57.941+0100: 23700.268: Total time for which application threads were stopped: 0.0001133 seconds, Stopping threads took: 0.0000316 seconds
{Heap before GC invocations=317 (full 6):
 par new generation   total 109248K, used 105797K [0x00000000e0000000, 0x00000000e8000000, 0x00000000e8000000)
  eden space 87424K, 100% used [0x00000000e0000000, 0x00000000e5560000, 0x00000000e5560000)
  from space 21824K,  84% used [0x00000000e6ab0000, 0x00000000e7ca14f0, 0x00000000e8000000)
  to   space 21824K,   0% used [0x00000000e5560000, 0x00000000e5560000, 0x00000000e6ab0000)
 concurrent mark-sweep generation total 393216K, used 103853K [0x00000000e8000000, 0x0000000100000000, 0x0000000100000000)
 Metaspace       used 49730K, capacity 50256K, committed 50424K, reserved 1093632K
  class space    used 5270K, capacity 5413K, committed 5420K, reserved 1048576K
2016-06-21T15:34:58.417+0100: 23700.744: [GC (Allocation Failure) 2016-06-21T15:34:58.417+0100: 23700.744: [ParNew
Desired survivor size 20112992 bytes, new threshold 8 (max 8)
- age   1:    1458752 bytes,    1458752 total
- age   2:      37032 bytes,    1495784 total
- age   3:   11236568 bytes,   12732352 total
- age   4:     324752 bytes,   13057104 total
- age   5:    3230136 bytes,   16287240 total
- age   6:     349864 bytes,   16637104 total
- age   7:     327216 bytes,   16964320 total
- age   8:     320784 bytes,   17285104 total
: 105797K->18622K(109248K), 0.0090502 secs] 209650K->122811K(502464K), 0.0091402 secs] [Times: user=0.05 sys=0.00, real=0.01 secs] 
Heap after GC invocations=318 (full 6):
 par new generation   total 109248K, used 18622K [0x00000000e0000000, 0x00000000e8000000, 0x00000000e8000000)
  eden space 87424K,   0% used [0x00000000e0000000, 0x00000000e0000000, 0x00000000e5560000)
  from space 21824K,  85% used [0x00000000e5560000, 0x00000000e678f8b0, 0x00000000e6ab0000)
  to   space 21824K,   0% used [0x00000000e6ab0000, 0x00000000e6ab0000, 0x00000000e8000000)
 concurrent mark-sweep generation total 393216K, used 104189K [0x00000000e8000000, 0x0000000100000000, 0x0000000100000000)
 Metaspace       used 49730K, capacity 50256K, committed 50424K, reserved 1093632K
  class space    used 5270K, capacity 5413K, committed 5420K, reserved 1048576K
}
2016-06-21T15:34:58.426+0100: 23700.753: Total time for which application threads were stopped: 0.0094043 seconds, Stopping threads took: 0.0000339 seconds
{Heap before GC invocations=318 (full 6):
 par new generation   total 109248K, used 106046K [0x00000000e0000000, 0x00000000e8000000, 0x00000000e8000000)
  eden space 87424K, 100% used [0x00000000e0000000, 0x00000000e5560000, 0x00000000e5560000)
  from space 21824K,  85% used [0x00000000e5560000, 0x00000000e678f8b0, 0x00000000e6ab0000)
  to   space 21824K,   0% used [0x00000000e6ab0000, 0x00000000e6ab0000, 0x00000000e8000000)
 concurrent mark-sweep generation total 393216K, used 104189K [0x00000000e8000000, 0x0000000100000000, 0x0000000100000000)
 Metaspace       used 49730K, capacity 50256K, committed 50424K, reserved 1093632K
  class space    used 5270K, capacity 5413K, committed 5420K, reserved 1048576K
2016-06-21T15:34:58.757+0100: 23701.083: [GC (Allocation Failure) 2016-06-21T15:34:58.757+0100: 23701.083: [ParNew
Desired survivor size 20112992 bytes, new threshold 8 (max 8)
- age   1:    1556264 bytes,    1556264 total
- age   2:       3464 bytes,    1559728 total
- age   3:      34784 bytes,    1594512 total
- age   4:   11236568 bytes,   12831080 total
- age   5:     324792 bytes,   13155872 total
- age   6:    3230136 bytes,   16386008 total
- age   7:     349904 bytes,   16735912 total
- age   8:     327216 bytes,   17063128 total
: 106046K->17260K(109248K), 0.0074349 secs] 210235K->121764K(502464K), 0.0075363 secs] [Times: user=0.00 sys=0.00, real=0.01 secs] 
Heap after GC invocations=319 (full 6):
 par new generation   total 109248K, used 17260K [0x00000000e0000000, 0x00000000e8000000, 0x00000000e8000000)
  eden space 87424K,   0% used [0x00000000e0000000, 0x00000000e0000000, 0x00000000e5560000)
  from space 21824K,  79% used [0x00000000e6ab0000, 0x00000000e7b8b1e8, 0x00000000e8000000)
  to   space 21824K,   0% used [0x00000000e5560000, 0x00000000e5560000, 0x00000000e6ab0000)
 concurrent mark-sweep generation total 393216K, used 104503K [0x00000000e8000000, 0x0000000100000000, 0x0000000100000000)
 Metaspace       used 49730K, capacity 50256K, committed 50424K, reserved 1093632K
  class space    used 5270K, capacity 5413K, committed 5420K, reserved 1048576K
}
2016-06-21T15:34:58.764+0100: 23701.091: Total time for which application threads were stopped: 0.0078146 seconds, Stopping threads took: 0.0000280 seconds
2016-06-21T15:35:00.765+0100: 23703.091: Total time for which application threads were stopped: 0.0001903 seconds, Stopping threads took: 0.0000296 seconds
{Heap before GC invocations=319 (full 6):
 par new generation   total 109248K, used 104684K [0x00000000e0000000, 0x00000000e8000000, 0x00000000e8000000)
  eden space 87424K, 100% used [0x00000000e0000000, 0x00000000e5560000, 0x00000000e5560000)
  from space 21824K,  79% used [0x00000000e6ab0000, 0x00000000e7b8b1e8, 0x00000000e8000000)
  to   space 21824K,   0% used [0x00000000e5560000, 0x00000000e5560000, 0x00000000e6ab0000)
 concurrent mark-sweep generation total 393216K, used 104503K [0x00000000e8000000, 0x0000000100000000, 0x0000000100000000)
 Metaspace       used 49734K, capacity 50256K, committed 50424K, reserved 1093632K
  class space    used 5270K, capacity 5413K, committed 5420K, reserved 1048576K
2016-06-21T15:35:03.496+0100: 23705.823: [GC (Allocation Failure) 2016-06-21T15:35:03.496+0100: 23705.824: [ParNew
Desired survivor size 20112992 bytes, new threshold 7 (max 8)
- age   1:    7092576 bytes,    7092576 total
- age   2:        568 bytes,    7093144 total
- age   3:        408 bytes,    7093552 total
- age   4:      32656 bytes,    7126208 total
- age   5:   11236568 bytes,   18362776 total
- age   6:     324752 bytes,   18687528 total
- age   7:    3230136 bytes,   21917664 total
- age   8:     349864 bytes,   22267528 total
: 104684K->21824K(109248K), 0.0150221 secs] 209188K->130254K(502464K), 0.0150782 secs] [Times: user=0.03 sys=0.00, real=0.01 secs] 
Heap after GC invocations=320 (full 6):
 par new generation   total 109248K, used 21824K [0x00000000e0000000, 0x00000000e8000000, 0x00000000e8000000)
  eden space 87424K,   0% used [0x00000000e0000000, 0x00000000e0000000, 0x00000000e5560000)
  from space 21824K, 100% used [0x00000000e5560000, 0x00000000e6ab0000, 0x00000000e6ab0000)
  to   space 21824K,   0% used [0x00000000e6ab0000, 0x00000000e6ab0000, 0x00000000e8000000)
 concurrent mark-sweep generation total 393216K, used 108430K [0x00000000e8000000, 0x0000000100000000, 0x0000000100000000)
 Metaspace       used 49734K, capacity 50256K, committed 50424K, reserved 1093632K
  class space    used 5270K, capacity 5413K, committed 5420K, reserved 1048576K
}
2016-06-21T15:35:03.512+0100: 23705.839: Total time for which application threads were stopped: 0.0153237 seconds, Stopping threads took: 0.0000217 seconds
2016-06-21T15:35:03.512+0100: 23705.839: Total time for which application threads were stopped: 0.0001599 seconds, Stopping threads took: 0.0000762 seconds
2016-06-21T15:35:03.512+0100: 23705.839: Total time for which application threads were stopped: 0.0001441 seconds, Stopping threads took: 0.0000446 seconds
2016-06-21T15:35:03.512+0100: 23705.839: Total time for which application threads were stopped: 0.0000801 seconds, Stopping threads took: 0.0000363 seconds
2016-06-21T15:35:03.512+0100: 23705.839: Total time for which application threads were stopped: 0.0000734 seconds, Stopping threads took: 0.0000407 seconds
2016-06-21T15:35:03.512+0100: 23705.839: Total time for which application threads were stopped: 0.0000813 seconds, Stopping threads took: 0.0000304 seconds
2016-06-21T15:35:03.512+0100: 23705.839: Total time for which application threads were stopped: 0.0000774 seconds, Stopping threads took: 0.0000482 seconds
2016-06-21T15:35:03.512+0100: 23705.840: Total time for which application threads were stopped: 0.0000722 seconds, Stopping threads took: 0.0000284 seconds
2016-06-21T15:35:03.513+0100: 23705.840: Total time for which application threads were stopped: 0.0001097 seconds, Stopping threads took: 0.0000253 seconds
2016-06-21T15:35:03.513+0100: 23705.840: Total time for which application threads were stopped: 0.0000572 seconds, Stopping threads took: 0.0000103 seconds
2016-06-21T15:35:03.513+0100: 23705.840: Total time for which application threads were stopped: 0.0000438 seconds, Stopping threads took: 0.0000107 seconds
2016-06-21T15:35:03.513+0100: 23705.840: Total time for which application threads were stopped: 0.0000407 seconds, Stopping threads took: 0.0000111 seconds
2016-06-21T15:35:03.513+0100: 23705.840: Total time for which application threads were stopped: 0.0002124 seconds, Stopping threads took: 0.0000118 seconds
2016-06-21T15:35:03.513+0100: 23705.840: Total time for which application threads were stopped: 0.0000608 seconds, Stopping threads took: 0.0000126 seconds
2016-06-21T15:35:03.513+0100: 23705.840: Total time for which application threads were stopped: 0.0000671 seconds, Stopping threads took: 0.0000253 seconds
2016-06-21T15:35:03.513+0100: 23705.840: Total time for which application threads were stopped: 0.0000525 seconds, Stopping threads took: 0.0000217 seconds
2016-06-21T15:35:03.513+0100: 23705.840: Total time for which application threads were stopped: 0.0000572 seconds, Stopping threads took: 0.0000253 seconds
2016-06-21T15:35:03.513+0100: 23705.841: Total time for which application threads were stopped: 0.0000529 seconds, Stopping threads took: 0.0000233 seconds
2016-06-21T15:35:03.514+0100: 23705.841: Total time for which application threads were stopped: 0.0001741 seconds, Stopping threads took: 0.0000221 seconds
{Heap before GC invocations=320 (full 6):
 par new generation   total 109248K, used 109248K [0x00000000e0000000, 0x00000000e8000000, 0x00000000e8000000)
  eden space 87424K, 100% used [0x00000000e0000000, 0x00000000e5560000, 0x00000000e5560000)
  from space 21824K, 100% used [0x00000000e5560000, 0x00000000e6ab0000, 0x00000000e6ab0000)
  to   space 21824K,   0% used [0x00000000e6ab0000, 0x00000000e6ab0000, 0x00000000e8000000)
 concurrent mark-sweep generation total 393216K, used 108430K [0x00000000e8000000, 0x0000000100000000, 0x0000000100000000)
 Metaspace       used 49734K, capacity 50256K, committed 50424K, reserved 1093632K
  class space    used 5270K, capacity 5413K, committed 5420K, reserved 1048576K
2016-06-21T15:35:03.659+0100: 23705.986: [GC (Allocation Failure) 2016-06-21T15:35:03.659+0100: 23705.986: [ParNew
Desired survivor size 20112992 bytes, new threshold 6 (max 8)
- age   1:    7207944 bytes,    7207944 total
- age   2:    6984016 bytes,   14191960 total
- age   3:        528 bytes,   14192488 total
- age   4:        408 bytes,   14192896 total
- age   5:      32368 bytes,   14225264 total
- age   6:    7692024 bytes,   21917288 total
- age   7:     324752 bytes,   22242040 total
: 109248K->21824K(109248K), 0.0192894 secs] 217678K->141561K(502464K), 0.0193455 secs] [Times: user=0.03 sys=0.03, real=0.02 secs] 
Heap after GC invocations=321 (full 6):
 par new generation   total 109248K, used 21824K [0x00000000e0000000, 0x00000000e8000000, 0x00000000e8000000)
  eden space 87424K,   0% used [0x00000000e0000000, 0x00000000e0000000, 0x00000000e5560000)
  from space 21824K, 100% used [0x00000000e6ab0000, 0x00000000e8000000, 0x00000000e8000000)
  to   space 21824K,   0% used [0x00000000e5560000, 0x00000000e5560000, 0x00000000e6ab0000)
 concurrent mark-sweep generation total 393216K, used 119737K [0x00000000e8000000, 0x0000000100000000, 0x0000000100000000)
 Metaspace       used 49734K, capacity 50256K, committed 50424K, reserved 1093632K
  class space    used 5270K, capacity 5413K, committed 5420K, reserved 1048576K
}
2016-06-21T15:35:03.679+0100: 23706.005: Total time for which application threads were stopped: 0.0195725 seconds, Stopping threads took: 0.0000205 seconds
{Heap before GC invocations=321 (full 6):
 par new generation   total 109248K, used 109248K [0x00000000e0000000, 0x00000000e8000000, 0x00000000e8000000)
  eden space 87424K, 100% used [0x00000000e0000000, 0x00000000e5560000, 0x00000000e5560000)
  from space 21824K, 100% used [0x00000000e6ab0000, 0x00000000e8000000, 0x00000000e8000000)
  to   space 21824K,   0% used [0x00000000e5560000, 0x00000000e5560000, 0x00000000e6ab0000)
 concurrent mark-sweep generation total 393216K, used 119737K [0x00000000e8000000, 0x0000000100000000, 0x0000000100000000)
 Metaspace       used 49734K, capacity 50256K, committed 50424K, reserved 1093632K
  class space    used 5270K, capacity 5413K, committed 5420K, reserved 1048576K
2016-06-21T15:35:03.821+0100: 23706.148: [GC (Allocation Failure) 2016-06-21T15:35:03.821+0100: 23706.148: [ParNew
Desired survivor size 20112992 bytes, new threshold 8 (max 8)
- age   1:    1241304 bytes,    1241304 total
- age   2:    5922800 bytes,    7164104 total
- age   3:    6587984 bytes,   13752088 total
- age   4:        480 bytes,   13752568 total
- age   5:        408 bytes,   13752976 total
- age   6:      32120 bytes,   13785096 total
: 109248K->21824K(109248K), 0.0168814 secs] 228985K->151157K(502464K), 0.0169469 secs] [Times: user=0.05 sys=0.02, real=0.02 secs] 
Heap after GC invocations=322 (full 6):
 par new generation   total 109248K, used 21824K [0x00000000e0000000, 0x00000000e8000000, 0x00000000e8000000)
  eden space 87424K,   0% used [0x00000000e0000000, 0x00000000e0000000, 0x00000000e5560000)
  from space 21824K, 100% used [0x00000000e5560000, 0x00000000e6ab0000, 0x00000000e6ab0000)
  to   space 21824K,   0% used [0x00000000e6ab0000, 0x00000000e6ab0000, 0x00000000e8000000)
 concurrent mark-sweep generation total 393216K, used 129333K [0x00000000e8000000, 0x0000000100000000, 0x0000000100000000)
 Metaspace       used 49734K, capacity 50256K, committed 50424K, reserved 1093632K
  class space    used 5270K, capacity 5413K, committed 5420K, reserved 1048576K
}
2016-06-21T15:35:03.838+0100: 23706.165: Total time for which application threads were stopped: 0.0172012 seconds, Stopping threads took: 0.0000221 seconds
{Heap before GC invocations=322 (full 6):
 par new generation   total 109248K, used 109248K [0x00000000e0000000, 0x00000000e8000000, 0x00000000e8000000)
  eden space 87424K, 100% used [0x00000000e0000000, 0x00000000e5560000, 0x00000000e5560000)
  from space 21824K, 100% used [0x00000000e5560000, 0x00000000e6ab0000, 0x00000000e6ab0000)
  to   space 21824K,   0% used [0x00000000e6ab0000, 0x00000000e6ab0000, 0x00000000e8000000)
 concurrent mark-sweep generation total 393216K, used 129333K [0x00000000e8000000, 0x0000000100000000, 0x0000000100000000)
 Metaspace       used 49734K, capacity 50256K, committed 50424K, reserved 1093632K
  class space    used 5270K, capacity 5413K, committed 5420K, reserved 1048576K
2016-06-21T15:35:03.953+0100: 23706.281: [GC (Allocation Failure) 2016-06-21T15:35:03.953+0100: 23706.281: [ParNew
Desired survivor size 20112992 bytes, new threshold 8 (max 8)
- age   1:    2291760 bytes,    2291760 total
- age   2:     750584 bytes,    3042344 total
- age   3:    5918080 bytes,    8960424 total
- age   4:    6587984 bytes,   15548408 total
- age   5:        480 bytes,   15548888 total
- age   6:        408 bytes,   15549296 total
- age   7:      32120 bytes,   15581416 total
: 109248K->18998K(109248K), 0.0058120 secs] 238581K->148331K(502464K), 0.0058795 secs] [Times: user=0.00 sys=0.00, real=0.01 secs] 
Heap after GC invocations=323 (full 6):
 par new generation   total 109248K, used 18998K [0x00000000e0000000, 0x00000000e8000000, 0x00000000e8000000)
  eden space 87424K,   0% used [0x00000000e0000000, 0x00000000e0000000, 0x00000000e5560000)
  from space 21824K,  87% used [0x00000000e6ab0000, 0x00000000e7d3d820, 0x00000000e8000000)
  to   space 21824K,   0% used [0x00000000e5560000, 0x00000000e5560000, 0x00000000e6ab0000)
 concurrent mark-sweep generation total 393216K, used 129333K [0x00000000e8000000, 0x0000000100000000, 0x0000000100000000)
 Metaspace       used 49734K, capacity 50256K, committed 50424K, reserved 1093632K
  class space    used 5270K, capacity 5413K, committed 5420K, reserved 1048576K
}
2016-06-21T15:35:03.959+0100: 23706.287: Total time for which application threads were stopped: 0.0060911 seconds, Stopping threads took: 0.0000261 seconds
{Heap before GC invocations=323 (full 6):
 par new generation   total 109248K, used 106422K [0x00000000e0000000, 0x00000000e8000000, 0x00000000e8000000)
  eden space 87424K, 100% used [0x00000000e0000000, 0x00000000e5560000, 0x00000000e5560000)
  from space 21824K,  87% used [0x00000000e6ab0000, 0x00000000e7d3d820, 0x00000000e8000000)
  to   space 21824K,   0% used [0x00000000e5560000, 0x00000000e5560000, 0x00000000e6ab0000)
 concurrent mark-sweep generation total 393216K, used 129333K [0x00000000e8000000, 0x0000000100000000, 0x0000000100000000)
 Metaspace       used 49734K, capacity 50256K, committed 50424K, reserved 1093632K
  class space    used 5270K, capacity 5413K, committed 5420K, reserved 1048576K
2016-06-21T15:35:04.069+0100: 23706.396: [GC (Allocation Failure) 2016-06-21T15:35:04.069+0100: 23706.396: [ParNew
Desired survivor size 20112992 bytes, new threshold 8 (max 8)
- age   1:    1222392 bytes,    1222392 total
- age   2:    1507064 bytes,    2729456 total
- age   3:     750584 bytes,    3480040 total
- age   4:    5907272 bytes,    9387312 total
- age   5:    6587984 bytes,   15975296 total
- age   6:        480 bytes,   15975776 total
- age   7:        408 bytes,   15976184 total
- age   8:      32120 bytes,   16008304 total
: 106422K->21824K(109248K), 0.0053940 secs] 235755K->151157K(502464K), 0.0054591 secs] [Times: user=0.00 sys=0.00, real=0.01 secs] 
Heap after GC invocations=324 (full 6):
 par new generation   total 109248K, used 21824K [0x00000000e0000000, 0x00000000e8000000, 0x00000000e8000000)
  eden space 87424K,   0% used [0x00000000e0000000, 0x00000000e0000000, 0x00000000e5560000)
  from space 21824K, 100% used [0x00000000e5560000, 0x00000000e6ab0000, 0x00000000e6ab0000)
  to   space 21824K,   0% used [0x00000000e6ab0000, 0x00000000e6ab0000, 0x00000000e8000000)
 concurrent mark-sweep generation total 393216K, used 129333K [0x00000000e8000000, 0x0000000100000000, 0x0000000100000000)
 Metaspace       used 49734K, capacity 50256K, committed 50424K, reserved 1093632K
  class space    used 5270K, capacity 5413K, committed 5420K, reserved 1048576K
}
2016-06-21T15:35:04.075+0100: 23706.402: Total time for which application threads were stopped: 0.0056415 seconds, Stopping threads took: 0.0000292 seconds
{Heap before GC invocations=324 (full 6):
 par new generation   total 109248K, used 108855K [0x00000000e0000000, 0x00000000e8000000, 0x00000000e8000000)
  eden space 87424K,  99% used [0x00000000e0000000, 0x00000000e54fdc88, 0x00000000e5560000)
  from space 21824K, 100% used [0x00000000e5560000, 0x00000000e6ab0000, 0x00000000e6ab0000)
  to   space 21824K,   0% used [0x00000000e6ab0000, 0x00000000e6ab0000, 0x00000000e8000000)
 concurrent mark-sweep generation total 393216K, used 129333K [0x00000000e8000000, 0x0000000100000000, 0x0000000100000000)
 Metaspace       used 49734K, capacity 50256K, committed 50424K, reserved 1093632K
  class space    used 5270K, capacity 5413K, committed 5420K, reserved 1048576K
2016-06-21T15:35:04.168+0100: 23706.495: [GC (Allocation Failure) 2016-06-21T15:35:04.169+0100: 23706.495: [ParNew
Desired survivor size 20112992 bytes, new threshold 8 (max 8)
- age   1:    3106936 bytes,    3106936 total
- age   2:     819968 bytes,    3926904 total
- age   3:     786112 bytes,    4713016 total
- age   4:     750584 bytes,    5463600 total
- age   5:    5888088 bytes,   11351688 total
- age   6:    6587664 bytes,   17939352 total
- age   7:        480 bytes,   17939832 total
- age   8:        408 bytes,   17940240 total
: 108855K->21824K(109248K), 0.0059304 secs] 238189K->151189K(502464K), 0.0060169 secs] [Times: user=0.06 sys=0.00, real=0.01 secs] 
Heap after GC invocations=325 (full 6):
 par new generation   total 109248K, used 21824K [0x00000000e0000000, 0x00000000e8000000, 0x00000000e8000000)
  eden space 87424K,   0% used [0x00000000e0000000, 0x00000000e0000000, 0x00000000e5560000)
  from space 21824K, 100% used [0x00000000e6ab0000, 0x00000000e8000000, 0x00000000e8000000)
  to   space 21824K,   0% used [0x00000000e5560000, 0x00000000e5560000, 0x00000000e6ab0000)
 concurrent mark-sweep generation total 393216K, used 129365K [0x00000000e8000000, 0x0000000100000000, 0x0000000100000000)
 Metaspace       used 49734K, capacity 50256K, committed 50424K, reserved 1093632K
  class space    used 5270K, capacity 5413K, committed 5420K, reserved 1048576K
}
2016-06-21T15:35:04.175+0100: 23706.501: Total time for which application threads were stopped: 0.0062988 seconds, Stopping threads took: 0.0000292 seconds
2016-06-21T15:35:05.175+0100: 23707.501: Total time for which application threads were stopped: 0.0000912 seconds, Stopping threads took: 0.0000288 seconds
2016-06-21T15:43:33.467+0100: 24215.794: Total time for which application threads were stopped: 0.0009075 seconds, Stopping threads took: 0.0001922 seconds
2016-06-21T15:43:33.498+0100: 24215.825: Total time for which application threads were stopped: 0.0001978 seconds, Stopping threads took: 0.0000853 seconds
{Heap before GC invocations=325 (full 6):
 par new generation   total 109248K, used 109248K [0x00000000e0000000, 0x00000000e8000000, 0x00000000e8000000)
  eden space 87424K, 100% used [0x00000000e0000000, 0x00000000e5560000, 0x00000000e5560000)
  from space 21824K, 100% used [0x00000000e6ab0000, 0x00000000e8000000, 0x00000000e8000000)
  to   space 21824K,   0% used [0x00000000e5560000, 0x00000000e5560000, 0x00000000e6ab0000)
 concurrent mark-sweep generation total 393216K, used 129365K [0x00000000e8000000, 0x0000000100000000, 0x0000000100000000)
 Metaspace       used 49750K, capacity 50320K, committed 50424K, reserved 1093632K
  class space    used 5270K, capacity 5413K, committed 5420K, reserved 1048576K
2016-06-21T15:43:34.888+0100: 24217.215: [GC (Allocation Failure) 2016-06-21T15:43:34.888+0100: 24217.215: [ParNew
Desired survivor size 20112992 bytes, new threshold 8 (max 8)
- age   1:    5287720 bytes,    5287720 total
- age   2:    2232808 bytes,    7520528 total
- age   3:      28256 bytes,    7548784 total
- age   4:      29720 bytes,    7578504 total
- age   5:      22904 bytes,    7601408 total
- age   6:     310000 bytes,    7911408 total
- age   7:     305848 bytes,    8217256 total
- age   8:        480 bytes,    8217736 total
: 109248K->16522K(109248K), 0.0237810 secs] 238613K->145888K(502464K), 0.0239985 secs] [Times: user=0.09 sys=0.03, real=0.02 secs] 
Heap after GC invocations=326 (full 6):
 par new generation   total 109248K, used 16522K [0x00000000e0000000, 0x00000000e8000000, 0x00000000e8000000)
  eden space 87424K,   0% used [0x00000000e0000000, 0x00000000e0000000, 0x00000000e5560000)
  from space 21824K,  75% used [0x00000000e5560000, 0x00000000e6582b50, 0x00000000e6ab0000)
  to   space 21824K,   0% used [0x00000000e6ab0000, 0x00000000e6ab0000, 0x00000000e8000000)
 concurrent mark-sweep generation total 393216K, used 129366K [0x00000000e8000000, 0x0000000100000000, 0x0000000100000000)
 Metaspace       used 49750K, capacity 50320K, committed 50424K, reserved 1093632K
  class space    used 5270K, capacity 5413K, committed 5420K, reserved 1048576K
}
2016-06-21T15:43:34.912+0100: 24217.239: Total time for which application threads were stopped: 0.0242673 seconds, Stopping threads took: 0.0000209 seconds
2016-06-21T15:43:34.913+0100: 24217.240: Total time for which application threads were stopped: 0.0001986 seconds, Stopping threads took: 0.0000837 seconds
2016-06-21T15:43:34.913+0100: 24217.240: Total time for which application threads were stopped: 0.0000778 seconds, Stopping threads took: 0.0000316 seconds
2016-06-21T15:43:34.913+0100: 24217.240: Total time for which application threads were stopped: 0.0001899 seconds, Stopping threads took: 0.0000553 seconds
2016-06-21T15:43:34.913+0100: 24217.240: Total time for which application threads were stopped: 0.0001078 seconds, Stopping threads took: 0.0000604 seconds
2016-06-21T15:43:34.914+0100: 24217.240: Total time for which application threads were stopped: 0.0001524 seconds, Stopping threads took: 0.0000237 seconds
2016-06-21T15:43:34.914+0100: 24217.241: Total time for which application threads were stopped: 0.0000671 seconds, Stopping threads took: 0.0000229 seconds
{Heap before GC invocations=326 (full 6):
 par new generation   total 109248K, used 103946K [0x00000000e0000000, 0x00000000e8000000, 0x00000000e8000000)
  eden space 87424K, 100% used [0x00000000e0000000, 0x00000000e5560000, 0x00000000e5560000)
  from space 21824K,  75% used [0x00000000e5560000, 0x00000000e6582b50, 0x00000000e6ab0000)
  to   space 21824K,   0% used [0x00000000e6ab0000, 0x00000000e6ab0000, 0x00000000e8000000)
 concurrent mark-sweep generation total 393216K, used 129366K [0x00000000e8000000, 0x0000000100000000, 0x0000000100000000)
 Metaspace       used 49750K, capacity 50320K, committed 50424K, reserved 1093632K
  class space    used 5270K, capacity 5413K, committed 5420K, reserved 1048576K
2016-06-21T15:43:35.180+0100: 24217.507: [GC (Allocation Failure) 2016-06-21T15:43:35.180+0100: 24217.507: [ParNew
Desired survivor size 20112992 bytes, new threshold 8 (max 8)
- age   1:    1522728 bytes,    1522728 total
- age   2:    3838288 bytes,    5361016 total
- age   3:    2232888 bytes,    7593904 total
- age   4:      28296 bytes,    7622200 total
- age   5:      29680 bytes,    7651880 total
- age   6:      22904 bytes,    7674784 total
- age   7:     309720 bytes,    7984504 total
- age   8:     305144 bytes,    8289648 total
: 103946K->11095K(109248K), 0.0043111 secs] 233312K->140461K(502464K), 0.0043960 secs] [Times: user=0.00 sys=0.00, real=0.00 secs] 
Heap after GC invocations=327 (full 6):
 par new generation   total 109248K, used 11095K [0x00000000e0000000, 0x00000000e8000000, 0x00000000e8000000)
  eden space 87424K,   0% used [0x00000000e0000000, 0x00000000e0000000, 0x00000000e5560000)
  from space 21824K,  50% used [0x00000000e6ab0000, 0x00000000e7585cd8, 0x00000000e8000000)
  to   space 21824K,   0% used [0x00000000e5560000, 0x00000000e5560000, 0x00000000e6ab0000)
 concurrent mark-sweep generation total 393216K, used 129366K [0x00000000e8000000, 0x0000000100000000, 0x0000000100000000)
 Metaspace       used 49750K, capacity 50320K, committed 50424K, reserved 1093632K
  class space    used 5270K, capacity 5413K, committed 5420K, reserved 1048576K
}
2016-06-21T15:43:35.185+0100: 24217.512: Total time for which application threads were stopped: 0.0046372 seconds, Stopping threads took: 0.0000288 seconds
2016-06-21T15:43:36.185+0100: 24218.512: Total time for which application threads were stopped: 0.0001567 seconds, Stopping threads took: 0.0000272 seconds
{Heap before GC invocations=327 (full 6):
 par new generation   total 109248K, used 98519K [0x00000000e0000000, 0x00000000e8000000, 0x00000000e8000000)
  eden space 87424K, 100% used [0x00000000e0000000, 0x00000000e5560000, 0x00000000e5560000)
  from space 21824K,  50% used [0x00000000e6ab0000, 0x00000000e7585cd8, 0x00000000e8000000)
  to   space 21824K,   0% used [0x00000000e5560000, 0x00000000e5560000, 0x00000000e6ab0000)
 concurrent mark-sweep generation total 393216K, used 129366K [0x00000000e8000000, 0x0000000100000000, 0x0000000100000000)
 Metaspace       used 49755K, capacity 50320K, committed 50424K, reserved 1093632K
  class space    used 5270K, capacity 5413K, committed 5420K, reserved 1048576K
2016-06-21T15:43:36.591+0100: 24218.918: [GC (Allocation Failure) 2016-06-21T15:43:36.592+0100: 24218.918: [ParNew
Desired survivor size 20112992 bytes, new threshold 8 (max 8)
- age   1:     370160 bytes,     370160 total
- age   2:       1856 bytes,     372016 total
- age   3:    4595200 bytes,    4967216 total
- age   4:    2232808 bytes,    7200024 total
- age   5:      28256 bytes,    7228280 total
- age   6:      29680 bytes,    7257960 total
- age   7:      22904 bytes,    7280864 total
- age   8:     309696 bytes,    7590560 total
: 98519K->8885K(109248K), 0.0074913 secs] 227885K->138548K(502464K), 0.0075734 secs] [Times: user=0.05 sys=0.00, real=0.01 secs] 
Heap after GC invocations=328 (full 6):
 par new generation   total 109248K, used 8885K [0x00000000e0000000, 0x00000000e8000000, 0x00000000e8000000)
  eden space 87424K,   0% used [0x00000000e0000000, 0x00000000e0000000, 0x00000000e5560000)
  from space 21824K,  40% used [0x00000000e5560000, 0x00000000e5e0d518, 0x00000000e6ab0000)
  to   space 21824K,   0% used [0x00000000e6ab0000, 0x00000000e6ab0000, 0x00000000e8000000)
 concurrent mark-sweep generation total 393216K, used 129663K [0x00000000e8000000, 0x0000000100000000, 0x0000000100000000)
 Metaspace       used 49755K, capacity 50320K, committed 50424K, reserved 1093632K
  class space    used 5270K, capacity 5413K, committed 5420K, reserved 1048576K
}
2016-06-21T15:43:36.599+0100: 24218.926: Total time for which application threads were stopped: 0.0079398 seconds, Stopping threads took: 0.0000272 seconds
2016-06-21T15:43:36.599+0100: 24218.926: Total time for which application threads were stopped: 0.0002684 seconds, Stopping threads took: 0.0000446 seconds
2016-06-21T15:43:36.600+0100: 24218.927: Total time for which application threads were stopped: 0.0001086 seconds, Stopping threads took: 0.0000418 seconds
2016-06-21T15:43:36.600+0100: 24218.927: Total time for which application threads were stopped: 0.0000991 seconds, Stopping threads took: 0.0000189 seconds
2016-06-21T15:43:36.600+0100: 24218.927: Total time for which application threads were stopped: 0.0001054 seconds, Stopping threads took: 0.0000197 seconds
2016-06-21T15:43:36.600+0100: 24218.927: Total time for which application threads were stopped: 0.0000545 seconds, Stopping threads took: 0.0000114 seconds
2016-06-21T15:43:36.600+0100: 24218.927: Total time for which application threads were stopped: 0.0000679 seconds, Stopping threads took: 0.0000225 seconds
2016-06-21T15:43:36.600+0100: 24218.927: Total time for which application threads were stopped: 0.0001259 seconds, Stopping threads took: 0.0000284 seconds
2016-06-21T15:43:36.600+0100: 24218.927: Total time for which application threads were stopped: 0.0001058 seconds, Stopping threads took: 0.0000387 seconds
2016-06-21T15:43:36.600+0100: 24218.927: Total time for which application threads were stopped: 0.0000896 seconds, Stopping threads took: 0.0000434 seconds
2016-06-21T15:43:36.601+0100: 24218.927: Total time for which application threads were stopped: 0.0000754 seconds, Stopping threads took: 0.0000229 seconds
2016-06-21T15:43:36.601+0100: 24218.928: Total time for which application threads were stopped: 0.0000928 seconds, Stopping threads took: 0.0000158 seconds
2016-06-21T15:43:36.601+0100: 24218.928: Total time for which application threads were stopped: 0.0001291 seconds, Stopping threads took: 0.0000438 seconds
2016-06-21T15:43:36.601+0100: 24218.928: Total time for which application threads were stopped: 0.0000707 seconds, Stopping threads took: 0.0000213 seconds
2016-06-21T15:43:36.601+0100: 24218.928: Total time for which application threads were stopped: 0.0002286 seconds, Stopping threads took: 0.0000541 seconds
{Heap before GC invocations=328 (full 6):
 par new generation   total 109248K, used 96309K [0x00000000e0000000, 0x00000000e8000000, 0x00000000e8000000)
  eden space 87424K, 100% used [0x00000000e0000000, 0x00000000e5560000, 0x00000000e5560000)
  from space 21824K,  40% used [0x00000000e5560000, 0x00000000e5e0d518, 0x00000000e6ab0000)
  to   space 21824K,   0% used [0x00000000e6ab0000, 0x00000000e6ab0000, 0x00000000e8000000)
 concurrent mark-sweep generation total 393216K, used 129663K [0x00000000e8000000, 0x0000000100000000, 0x0000000100000000)
 Metaspace       used 49758K, capacity 50320K, committed 50424K, reserved 1093632K
  class space    used 5270K, capacity 5413K, committed 5420K, reserved 1048576K
2016-06-21T15:43:39.765+0100: 24222.093: [GC (Allocation Failure) 2016-06-21T15:43:39.766+0100: 24222.093: [ParNew
Desired survivor size 20112992 bytes, new threshold 5 (max 8)
- age   1:   16191416 bytes,   16191416 total
- age   2:       3688 bytes,   16195104 total
- age   3:        432 bytes,   16195536 total
- age   4:    3833080 bytes,   20028616 total
- age   5:    2232808 bytes,   22261424 total
- age   6:      28176 bytes,   22289600 total
- age   7:      29680 bytes,   22319280 total
- age   8:      22904 bytes,   22342184 total
: 96309K->21824K(109248K), 0.0190984 secs] 225972K->157196K(502464K), 0.0191765 secs] [Times: user=0.05 sys=0.01, real=0.02 secs] 
Heap after GC invocations=329 (full 6):
 par new generation   total 109248K, used 21824K [0x00000000e0000000, 0x00000000e8000000, 0x00000000e8000000)
  eden space 87424K,   0% used [0x00000000e0000000, 0x00000000e0000000, 0x00000000e5560000)
  from space 21824K, 100% used [0x00000000e6ab0000, 0x00000000e8000000, 0x00000000e8000000)
  to   space 21824K,   0% used [0x00000000e5560000, 0x00000000e5560000, 0x00000000e6ab0000)
 concurrent mark-sweep generation total 393216K, used 135372K [0x00000000e8000000, 0x0000000100000000, 0x0000000100000000)
 Metaspace       used 49758K, capacity 50320K, committed 50424K, reserved 1093632K
  class space    used 5270K, capacity 5413K, committed 5420K, reserved 1048576K
}
2016-06-21T15:43:39.785+0100: 24222.112: Total time for which application threads were stopped: 0.0193680 seconds, Stopping threads took: 0.0000213 seconds
2016-06-21T15:43:39.785+0100: 24222.112: Total time for which application threads were stopped: 0.0001409 seconds, Stopping threads took: 0.0000679 seconds
2016-06-21T15:43:39.785+0100: 24222.112: Total time for which application threads were stopped: 0.0000955 seconds, Stopping threads took: 0.0000312 seconds
2016-06-21T15:43:39.785+0100: 24222.112: Total time for which application threads were stopped: 0.0000821 seconds, Stopping threads took: 0.0000458 seconds
2016-06-21T15:43:39.785+0100: 24222.112: Total time for which application threads were stopped: 0.0000679 seconds, Stopping threads took: 0.0000217 seconds
2016-06-21T15:43:39.785+0100: 24222.112: Total time for which application threads were stopped: 0.0000521 seconds, Stopping threads took: 0.0000233 seconds
2016-06-21T15:43:39.785+0100: 24222.113: Total time for which application threads were stopped: 0.0000726 seconds, Stopping threads took: 0.0000407 seconds
2016-06-21T15:43:39.785+0100: 24222.113: Total time for which application threads were stopped: 0.0000521 seconds, Stopping threads took: 0.0000201 seconds
2016-06-21T15:43:39.786+0100: 24222.113: Total time for which application threads were stopped: 0.0000624 seconds, Stopping threads took: 0.0000201 seconds
2016-06-21T15:43:39.786+0100: 24222.113: Total time for which application threads were stopped: 0.0001654 seconds, Stopping threads took: 0.0000213 seconds
2016-06-21T15:43:39.786+0100: 24222.113: Total time for which application threads were stopped: 0.0000683 seconds, Stopping threads took: 0.0000257 seconds
2016-06-21T15:43:39.786+0100: 24222.113: Total time for which application threads were stopped: 0.0001326 seconds, Stopping threads took: 0.0000663 seconds
{Heap before GC invocations=329 (full 6):
 par new generation   total 109248K, used 109248K [0x00000000e0000000, 0x00000000e8000000, 0x00000000e8000000)
  eden space 87424K, 100% used [0x00000000e0000000, 0x00000000e5560000, 0x00000000e5560000)
  from space 21824K, 100% used [0x00000000e6ab0000, 0x00000000e8000000, 0x00000000e8000000)
  to   space 21824K,   0% used [0x00000000e5560000, 0x00000000e5560000, 0x00000000e6ab0000)
 concurrent mark-sweep generation total 393216K, used 135372K [0x00000000e8000000, 0x0000000100000000, 0x0000000100000000)
 Metaspace       used 49758K, capacity 50320K, committed 50424K, reserved 1093632K
  class space    used 5270K, capacity 5413K, committed 5420K, reserved 1048576K
2016-06-21T15:43:39.920+0100: 24222.248: [GC (Allocation Failure) 2016-06-21T15:43:39.920+0100: 24222.248: [ParNew
Desired survivor size 20112992 bytes, new threshold 5 (max 8)
- age   1:    1726400 bytes,    1726400 total
- age   2:   16010224 bytes,   17736624 total
- age   3:       3648 bytes,   17740272 total
- age   4:        432 bytes,   17740704 total
- age   5:    3833080 bytes,   21573784 total
: 109248K->21824K(109248K), 0.0133850 secs] 244620K->159481K(502464K), 0.0134652 secs] [Times: user=0.05 sys=0.00, real=0.01 secs] 
Heap after GC invocations=330 (full 6):
 par new generation   total 109248K, used 21824K [0x00000000e0000000, 0x00000000e8000000, 0x00000000e8000000)
  eden space 87424K,   0% used [0x00000000e0000000, 0x00000000e0000000, 0x00000000e5560000)
  from space 21824K, 100% used [0x00000000e5560000, 0x00000000e6ab0000, 0x00000000e6ab0000)
  to   space 21824K,   0% used [0x00000000e6ab0000, 0x00000000e6ab0000, 0x00000000e8000000)
 concurrent mark-sweep generation total 393216K, used 137657K [0x00000000e8000000, 0x0000000100000000, 0x0000000100000000)
 Metaspace       used 49758K, capacity 50320K, committed 50424K, reserved 1093632K
  class space    used 5270K, capacity 5413K, committed 5420K, reserved 1048576K
}
2016-06-21T15:43:39.934+0100: 24222.261: Total time for which application threads were stopped: 0.0137005 seconds, Stopping threads took: 0.0000221 seconds
{Heap before GC invocations=330 (full 6):
 par new generation   total 109248K, used 109248K [0x00000000e0000000, 0x00000000e8000000, 0x00000000e8000000)
  eden space 87424K, 100% used [0x00000000e0000000, 0x00000000e5560000, 0x00000000e5560000)
  from space 21824K, 100% used [0x00000000e5560000, 0x00000000e6ab0000, 0x00000000e6ab0000)
  to   space 21824K,   0% used [0x00000000e6ab0000, 0x00000000e6ab0000, 0x00000000e8000000)
 concurrent mark-sweep generation total 393216K, used 137657K [0x00000000e8000000, 0x0000000100000000, 0x0000000100000000)
 Metaspace       used 49758K, capacity 50320K, committed 50424K, reserved 1093632K
  class space    used 5270K, capacity 5413K, committed 5420K, reserved 1048576K
2016-06-21T15:43:40.081+0100: 24222.408: [GC (Allocation Failure) 2016-06-21T15:43:40.081+0100: 24222.408: [ParNew
Desired survivor size 20112992 bytes, new threshold 8 (max 8)
- age   1:    1001400 bytes,    1001400 total
- age   2:    1146112 bytes,    2147512 total
- age   3:   15923160 bytes,   18070672 total
- age   4:       3648 bytes,   18074320 total
- age   5:        432 bytes,   18074752 total
: 109248K->21824K(109248K), 0.0100284 secs] 246905K->163303K(502464K), 0.0100951 secs] [Times: user=0.00 sys=0.00, real=0.01 secs] 
Heap after GC invocations=331 (full 6):
 par new generation   total 109248K, used 21824K [0x00000000e0000000, 0x00000000e8000000, 0x00000000e8000000)
  eden space 87424K,   0% used [0x00000000e0000000, 0x00000000e0000000, 0x00000000e5560000)
  from space 21824K, 100% used [0x00000000e6ab0000, 0x00000000e8000000, 0x00000000e8000000)
  to   space 21824K,   0% used [0x00000000e5560000, 0x00000000e5560000, 0x00000000e6ab0000)
 concurrent mark-sweep generation total 393216K, used 141479K [0x00000000e8000000, 0x0000000100000000, 0x0000000100000000)
 Metaspace       used 49758K, capacity 50320K, committed 50424K, reserved 1093632K
  class space    used 5270K, capacity 5413K, committed 5420K, reserved 1048576K
}
2016-06-21T15:43:40.091+0100: 24222.418: Total time for which application threads were stopped: 0.0103079 seconds, Stopping threads took: 0.0000205 seconds
{Heap before GC invocations=331 (full 6):
 par new generation   total 109248K, used 109248K [0x00000000e0000000, 0x00000000e8000000, 0x00000000e8000000)
  eden space 87424K, 100% used [0x00000000e0000000, 0x00000000e5560000, 0x00000000e5560000)
  from space 21824K, 100% used [0x00000000e6ab0000, 0x00000000e8000000, 0x00000000e8000000)
  to   space 21824K,   0% used [0x00000000e5560000, 0x00000000e5560000, 0x00000000e6ab0000)
 concurrent mark-sweep generation total 393216K, used 141479K [0x00000000e8000000, 0x0000000100000000, 0x0000000100000000)
 Metaspace       used 49758K, capacity 50320K, committed 50424K, reserved 1093632K
  class space    used 5270K, capacity 5413K, committed 5420K, reserved 1048576K
2016-06-21T15:43:40.263+0100: 24222.589: [GC (Allocation Failure) 2016-06-21T15:43:40.263+0100: 24222.589: [ParNew
Desired survivor size 20112992 bytes, new threshold 8 (max 8)
- age   1:    2011512 bytes,    2011512 total
- age   2:     819168 bytes,    2830680 total
- age   3:     785648 bytes,    3616328 total
- age   4:   15893888 bytes,   19510216 total
- age   5:       3648 bytes,   19513864 total
- age   6:        432 bytes,   19514296 total
: 109248K->21612K(109248K), 0.0074739 secs] 250727K->163092K(502464K), 0.0075636 secs] [Times: user=0.03 sys=0.00, real=0.01 secs] 
Heap after GC invocations=332 (full 6):
 par new generation   total 109248K, used 21612K [0x00000000e0000000, 0x00000000e8000000, 0x00000000e8000000)
  eden space 87424K,   0% used [0x00000000e0000000, 0x00000000e0000000, 0x00000000e5560000)
  from space 21824K,  99% used [0x00000000e5560000, 0x00000000e6a7b3b8, 0x00000000e6ab0000)
  to   space 21824K,   0% used [0x00000000e6ab0000, 0x00000000e6ab0000, 0x00000000e8000000)
 concurrent mark-sweep generation total 393216K, used 141479K [0x00000000e8000000, 0x0000000100000000, 0x0000000100000000)
 Metaspace       used 49758K, capacity 50320K, committed 50424K, reserved 1093632K
  class space    used 5270K, capacity 5413K, committed 5420K, reserved 1048576K
}
2016-06-21T15:43:40.270+0100: 24222.597: Total time for which application threads were stopped: 0.0078190 seconds, Stopping threads took: 0.0000300 seconds
{Heap before GC invocations=332 (full 6):
 par new generation   total 109248K, used 109036K [0x00000000e0000000, 0x00000000e8000000, 0x00000000e8000000)
  eden space 87424K, 100% used [0x00000000e0000000, 0x00000000e5560000, 0x00000000e5560000)
  from space 21824K,  99% used [0x00000000e5560000, 0x00000000e6a7b3b8, 0x00000000e6ab0000)
  to   space 21824K,   0% used [0x00000000e6ab0000, 0x00000000e6ab0000, 0x00000000e8000000)
 concurrent mark-sweep generation total 393216K, used 141479K [0x00000000e8000000, 0x0000000100000000, 0x0000000100000000)
 Metaspace       used 49758K, capacity 50320K, committed 50424K, reserved 1093632K
  class space    used 5270K, capacity 5413K, committed 5420K, reserved 1048576K
2016-06-21T15:43:40.404+0100: 24222.731: [GC (Allocation Failure) 2016-06-21T15:43:40.405+0100: 24222.731: [ParNew
Desired survivor size 20112992 bytes, new threshold 8 (max 8)
- age   1:    1085480 bytes,    1085480 total
- age   2:    1471176 bytes,    2556656 total
- age   3:     817824 bytes,    3374480 total
- age   4:     784112 bytes,    4158592 total
- age   5:   15728776 bytes,   19887368 total
- age   6:       3648 bytes,   19891016 total
- age   7:        432 bytes,   19891448 total
: 109036K->21824K(109248K), 0.0082224 secs] 250516K->163509K(502464K), 0.0083148 secs] [Times: user=0.06 sys=0.00, real=0.01 secs] 
Heap after GC invocations=333 (full 6):
 par new generation   total 109248K, used 21824K [0x00000000e0000000, 0x00000000e8000000, 0x00000000e8000000)
  eden space 87424K,   0% used [0x00000000e0000000, 0x00000000e0000000, 0x00000000e5560000)
  from space 21824K, 100% used [0x00000000e6ab0000, 0x00000000e8000000, 0x00000000e8000000)
  to   space 21824K,   0% used [0x00000000e5560000, 0x00000000e5560000, 0x00000000e6ab0000)
 concurrent mark-sweep generation total 393216K, used 141685K [0x00000000e8000000, 0x0000000100000000, 0x0000000100000000)
 Metaspace       used 49758K, capacity 50320K, committed 50424K, reserved 1093632K
  class space    used 5270K, capacity 5413K, committed 5420K, reserved 1048576K
}
2016-06-21T15:43:40.413+0100: 24222.740: Total time for which application threads were stopped: 0.0085753 seconds, Stopping threads took: 0.0000221 seconds
2016-06-21T15:45:29.457+0100: 24331.788: Total time for which application threads were stopped: 0.0001086 seconds, Stopping threads took: 0.0000257 seconds
2016-06-21T15:45:30.457+0100: 24332.784: Total time for which application threads were stopped: 0.0004216 seconds, Stopping threads took: 0.0001078 seconds
2016-06-21T15:45:32.458+0100: 24334.785: Total time for which application threads were stopped: 0.0001153 seconds, Stopping threads took: 0.0000272 seconds
2016-06-21T15:45:37.574+0100: 24339.901: Total time for which application threads were stopped: 0.0001018 seconds, Stopping threads took: 0.0000257 seconds
2016-06-21T15:45:38.578+0100: 24340.905: Total time for which application threads were stopped: 0.0002617 seconds, Stopping threads took: 0.0000580 seconds
2016-06-21T15:45:41.419+0100: 24343.746: Total time for which application threads were stopped: 0.0002033 seconds, Stopping threads took: 0.0000264 seconds
2016-06-21T15:45:42.420+0100: 24344.747: Total time for which application threads were stopped: 0.0001346 seconds, Stopping threads took: 0.0000351 seconds
2016-06-21T15:45:44.420+0100: 24346.747: Total time for which application threads were stopped: 0.0000904 seconds, Stopping threads took: 0.0000237 seconds
2016-06-21T15:45:45.421+0100: 24347.747: Total time for which application threads were stopped: 0.0001022 seconds, Stopping threads took: 0.0000308 seconds
2016-06-21T15:45:46.422+0100: 24348.748: Total time for which application threads were stopped: 0.0000880 seconds, Stopping threads took: 0.0000221 seconds
2016-06-21T15:45:48.431+0100: 24350.758: Total time for which application threads were stopped: 0.0001255 seconds, Stopping threads took: 0.0000339 seconds
{Heap before GC invocations=333 (full 6):
 par new generation   total 109248K, used 109239K [0x00000000e0000000, 0x00000000e8000000, 0x00000000e8000000)
  eden space 87424K,  99% used [0x00000000e0000000, 0x00000000e555df80, 0x00000000e5560000)
  from space 21824K, 100% used [0x00000000e6ab0000, 0x00000000e8000000, 0x00000000e8000000)
  to   space 21824K,   0% used [0x00000000e5560000, 0x00000000e5560000, 0x00000000e6ab0000)
 concurrent mark-sweep generation total 393216K, used 141685K [0x00000000e8000000, 0x0000000100000000, 0x0000000100000000)
 Metaspace       used 49769K, capacity 50384K, committed 50424K, reserved 1093632K
  class space    used 5270K, capacity 5413K, committed 5420K, reserved 1048576K
2016-06-21T15:45:49.093+0100: 24351.420: [GC (Allocation Failure) 2016-06-21T15:45:49.093+0100: 24351.420: [ParNew
Desired survivor size 20112992 bytes, new threshold 8 (max 8)
- age   1:     231288 bytes,     231288 total
- age   2:      30000 bytes,     261288 total
- age   3:      21480 bytes,     282768 total
- age   4:       1272 bytes,     284040 total
- age   5:       1856 bytes,     285896 total
- age   6:     584376 bytes,     870272 total
- age   7:       3608 bytes,     873880 total
- age   8:        432 bytes,     874312 total
: 109239K->19222K(109248K), 0.0044643 secs] 250925K->160908K(502464K), 0.0045504 secs] [Times: user=0.00 sys=0.00, real=0.01 secs] 
Heap after GC invocations=334 (full 6):
 par new generation   total 109248K, used 19222K [0x00000000e0000000, 0x00000000e8000000, 0x00000000e8000000)
  eden space 87424K,   0% used [0x00000000e0000000, 0x00000000e0000000, 0x00000000e5560000)
  from space 21824K,  88% used [0x00000000e5560000, 0x00000000e6825b00, 0x00000000e6ab0000)
  to   space 21824K,   0% used [0x00000000e6ab0000, 0x00000000e6ab0000, 0x00000000e8000000)
 concurrent mark-sweep generation total 393216K, used 141685K [0x00000000e8000000, 0x0000000100000000, 0x0000000100000000)
 Metaspace       used 49769K, capacity 50384K, committed 50424K, reserved 1093632K
  class space    used 5270K, capacity 5413K, committed 5420K, reserved 1048576K
}
2016-06-21T15:45:49.098+0100: 24351.425: Total time for which application threads were stopped: 0.0049791 seconds, Stopping threads took: 0.0000363 seconds
2016-06-21T15:45:49.098+0100: 24351.425: Total time for which application threads were stopped: 0.0001563 seconds, Stopping threads took: 0.0000458 seconds
2016-06-21T15:45:49.098+0100: 24351.425: Total time for which application threads were stopped: 0.0000742 seconds, Stopping threads took: 0.0000253 seconds
2016-06-21T15:45:49.098+0100: 24351.426: Total time for which application threads were stopped: 0.0001188 seconds, Stopping threads took: 0.0000545 seconds
2016-06-21T15:45:49.098+0100: 24351.426: Total time for which application threads were stopped: 0.0001192 seconds, Stopping threads took: 0.0000833 seconds
2016-06-21T15:45:50.099+0100: 24352.426: Total time for which application threads were stopped: 0.0002605 seconds, Stopping threads took: 0.0001165 seconds
2016-06-21T15:45:51.100+0100: 24353.426: Total time for which application threads were stopped: 0.0002720 seconds, Stopping threads took: 0.0000643 seconds
2016-06-21T15:45:54.116+0100: 24356.443: Total time for which application threads were stopped: 0.0002104 seconds, Stopping threads took: 0.0000738 seconds
2016-06-21T15:47:34.255+0100: 24456.582: Total time for which application threads were stopped: 0.0002447 seconds, Stopping threads took: 0.0000900 seconds
2016-06-21T15:55:19.800+0100: 24922.127: Total time for which application threads were stopped: 0.0002065 seconds, Stopping threads took: 0.0000572 seconds
2016-06-21T15:56:47.895+0100: 25010.222: Total time for which application threads were stopped: 0.0001536 seconds, Stopping threads took: 0.0000328 seconds
2016-06-21T15:56:47.909+0100: 25010.235: Total time for which application threads were stopped: 0.0000809 seconds, Stopping threads took: 0.0000193 seconds
2016-06-21T15:56:48.909+0100: 25011.236: Total time for which application threads were stopped: 0.0001125 seconds, Stopping threads took: 0.0000336 seconds
{Heap before GC invocations=334 (full 6):
 par new generation   total 109248K, used 106646K [0x00000000e0000000, 0x00000000e8000000, 0x00000000e8000000)
  eden space 87424K, 100% used [0x00000000e0000000, 0x00000000e5560000, 0x00000000e5560000)
  from space 21824K,  88% used [0x00000000e5560000, 0x00000000e6825b00, 0x00000000e6ab0000)
  to   space 21824K,   0% used [0x00000000e6ab0000, 0x00000000e6ab0000, 0x00000000e8000000)
 concurrent mark-sweep generation total 393216K, used 141685K [0x00000000e8000000, 0x0000000100000000, 0x0000000100000000)
 Metaspace       used 49773K, capacity 50384K, committed 50424K, reserved 1093632K
  class space    used 5270K, capacity 5413K, committed 5420K, reserved 1048576K
2016-06-21T15:56:49.323+0100: 25011.649: [GC (Allocation Failure) 2016-06-21T15:56:49.323+0100: 25011.649: [ParNew
Desired survivor size 20112992 bytes, new threshold 8 (max 8)
- age   1:    2102256 bytes,    2102256 total
- age   2:      84728 bytes,    2186984 total
- age   3:      30000 bytes,    2216984 total
- age   4:      21480 bytes,    2238464 total
- age   5:       1272 bytes,    2239736 total
- age   6:       1856 bytes,    2241592 total
- age   7:     379152 bytes,    2620744 total
- age   8:       3432 bytes,    2624176 total
: 106646K->4885K(109248K), 0.0046179 secs] 248332K->146571K(502464K), 0.0047185 secs] [Times: user=0.00 sys=0.01, real=0.01 secs] 
Heap after GC invocations=335 (full 6):
 par new generation   total 109248K, used 4885K [0x00000000e0000000, 0x00000000e8000000, 0x00000000e8000000)
  eden space 87424K,   0% used [0x00000000e0000000, 0x00000000e0000000, 0x00000000e5560000)
  from space 21824K,  22% used [0x00000000e6ab0000, 0x00000000e6f75660, 0x00000000e8000000)
  to   space 21824K,   0% used [0x00000000e5560000, 0x00000000e5560000, 0x00000000e6ab0000)
 concurrent mark-sweep generation total 393216K, used 141686K [0x00000000e8000000, 0x0000000100000000, 0x0000000100000000)
 Metaspace       used 49773K, capacity 50384K, committed 50424K, reserved 1093632K
  class space    used 5270K, capacity 5413K, committed 5420K, reserved 1048576K
}
2016-06-21T15:56:49.328+0100: 25011.654: Total time for which application threads were stopped: 0.0051129 seconds, Stopping threads took: 0.0000261 seconds
2016-06-21T15:56:49.328+0100: 25011.654: Total time for which application threads were stopped: 0.0001386 seconds, Stopping threads took: 0.0000529 seconds
2016-06-21T15:56:49.328+0100: 25011.655: Total time for which application threads were stopped: 0.0000742 seconds, Stopping threads took: 0.0000280 seconds
{Heap before GC invocations=335 (full 6):
 par new generation   total 109248K, used 92309K [0x00000000e0000000, 0x00000000e8000000, 0x00000000e8000000)
  eden space 87424K, 100% used [0x00000000e0000000, 0x00000000e5560000, 0x00000000e5560000)
  from space 21824K,  22% used [0x00000000e6ab0000, 0x00000000e6f75660, 0x00000000e8000000)
  to   space 21824K,   0% used [0x00000000e5560000, 0x00000000e5560000, 0x00000000e6ab0000)
 concurrent mark-sweep generation total 393216K, used 141686K [0x00000000e8000000, 0x0000000100000000, 0x0000000100000000)
 Metaspace       used 49773K, capacity 50384K, committed 50424K, reserved 1093632K
  class space    used 5270K, capacity 5413K, committed 5420K, reserved 1048576K
2016-06-21T15:56:49.640+0100: 25011.967: [GC (Allocation Failure) 2016-06-21T15:56:49.640+0100: 25011.967: [ParNew
Desired survivor size 20112992 bytes, new threshold 8 (max 8)
- age   1:     174152 bytes,     174152 total
- age   2:      70072 bytes,     244224 total
- age   3:      84768 bytes,     328992 total
- age   4:      30000 bytes,     358992 total
- age   5:      21480 bytes,     380472 total
- age   6:       1272 bytes,     381744 total
- age   7:       1856 bytes,     383600 total
- age   8:     379152 bytes,     762752 total
: 92309K->1701K(109248K), 0.0027467 secs] 233995K->143391K(502464K), 0.0028162 secs] [Times: user=0.00 sys=0.00, real=0.00 secs] 
Heap after GC invocations=336 (full 6):
 par new generation   total 109248K, used 1701K [0x00000000e0000000, 0x00000000e8000000, 0x00000000e8000000)
  eden space 87424K,   0% used [0x00000000e0000000, 0x00000000e0000000, 0x00000000e5560000)
  from space 21824K,   7% used [0x00000000e5560000, 0x00000000e5709780, 0x00000000e6ab0000)
  to   space 21824K,   0% used [0x00000000e6ab0000, 0x00000000e6ab0000, 0x00000000e8000000)
 concurrent mark-sweep generation total 393216K, used 141689K [0x00000000e8000000, 0x0000000100000000, 0x0000000100000000)
 Metaspace       used 49773K, capacity 50384K, committed 50424K, reserved 1093632K
  class space    used 5270K, capacity 5413K, committed 5420K, reserved 1048576K
}
2016-06-21T15:56:49.643+0100: 25011.970: Total time for which application threads were stopped: 0.0030913 seconds, Stopping threads took: 0.0000205 seconds
{Heap before GC invocations=336 (full 6):
 par new generation   total 109248K, used 89125K [0x00000000e0000000, 0x00000000e8000000, 0x00000000e8000000)
  eden space 87424K, 100% used [0x00000000e0000000, 0x00000000e5560000, 0x00000000e5560000)
  from space 21824K,   7% used [0x00000000e5560000, 0x00000000e5709780, 0x00000000e6ab0000)
  to   space 21824K,   0% used [0x00000000e6ab0000, 0x00000000e6ab0000, 0x00000000e8000000)
 concurrent mark-sweep generation total 393216K, used 141689K [0x00000000e8000000, 0x0000000100000000, 0x0000000100000000)
 Metaspace       used 49773K, capacity 50384K, committed 50424K, reserved 1093632K
  class space    used 5270K, capacity 5413K, committed 5420K, reserved 1048576K
2016-06-21T15:56:50.038+0100: 25012.365: [GC (Allocation Failure) 2016-06-21T15:56:50.039+0100: 25012.365: [ParNew
Desired survivor size 20112992 bytes, new threshold 8 (max 8)
- age   1:     120200 bytes,     120200 total
- age   2:        696 bytes,     120896 total
- age   3:      65904 bytes,     186800 total
- age   4:      84096 bytes,     270896 total
- age   5:      30000 bytes,     300896 total
- age   6:      21480 bytes,     322376 total
- age   7:       1272 bytes,     323648 total
- age   8:       1856 bytes,     325504 total
: 89125K->671K(109248K), 0.0038441 secs] 230815K->142730K(502464K), 0.0039089 secs] [Times: user=0.00 sys=0.00, real=0.00 secs] 
Heap after GC invocations=337 (full 6):
 par new generation   total 109248K, used 671K [0x00000000e0000000, 0x00000000e8000000, 0x00000000e8000000)
  eden space 87424K,   0% used [0x00000000e0000000, 0x00000000e0000000, 0x00000000e5560000)
  from space 21824K,   3% used [0x00000000e6ab0000, 0x00000000e6b57df0, 0x00000000e8000000)
  to   space 21824K,   0% used [0x00000000e5560000, 0x00000000e5560000, 0x00000000e6ab0000)
 concurrent mark-sweep generation total 393216K, used 142059K [0x00000000e8000000, 0x0000000100000000, 0x0000000100000000)
 Metaspace       used 49773K, capacity 50384K, committed 50424K, reserved 1093632K
  class space    used 5270K, capacity 5413K, committed 5420K, reserved 1048576K
}
2016-06-21T15:56:50.042+0100: 25012.369: Total time for which application threads were stopped: 0.0041086 seconds, Stopping threads took: 0.0000197 seconds
2016-06-21T15:56:50.043+0100: 25012.369: Total time for which application threads were stopped: 0.0001421 seconds, Stopping threads took: 0.0000197 seconds
2016-06-21T15:56:50.043+0100: 25012.369: Total time for which application threads were stopped: 0.0000845 seconds, Stopping threads took: 0.0000308 seconds
2016-06-21T15:56:50.043+0100: 25012.370: Total time for which application threads were stopped: 0.0000592 seconds, Stopping threads took: 0.0000126 seconds
2016-06-21T15:56:52.044+0100: 25014.371: Total time for which application threads were stopped: 0.0001247 seconds, Stopping threads took: 0.0000347 seconds
{Heap before GC invocations=337 (full 6):
 par new generation   total 109248K, used 88095K [0x00000000e0000000, 0x00000000e8000000, 0x00000000e8000000)
  eden space 87424K, 100% used [0x00000000e0000000, 0x00000000e5560000, 0x00000000e5560000)
  from space 21824K,   3% used [0x00000000e6ab0000, 0x00000000e6b57df0, 0x00000000e8000000)
  to   space 21824K,   0% used [0x00000000e5560000, 0x00000000e5560000, 0x00000000e6ab0000)
 concurrent mark-sweep generation total 393216K, used 142059K [0x00000000e8000000, 0x0000000100000000, 0x0000000100000000)
 Metaspace       used 49781K, capacity 50384K, committed 50424K, reserved 1093632K
  class space    used 5270K, capacity 5413K, committed 5420K, reserved 1048576K
2016-06-21T15:56:55.083+0100: 25017.410: [GC (Allocation Failure) 2016-06-21T15:56:55.083+0100: 25017.410: [ParNew
Desired survivor size 20112992 bytes, new threshold 1 (max 8)
- age   1:   21704536 bytes,   21704536 total
- age   2:       1216 bytes,   21705752 total
- age   3:        696 bytes,   21706448 total
- age   4:      65864 bytes,   21772312 total
- age   5:      83424 bytes,   21855736 total
- age   6:      30000 bytes,   21885736 total
- age   7:      21480 bytes,   21907216 total
- age   8:       1272 bytes,   21908488 total
: 88095K->21561K(109248K), 0.0188509 secs] 230154K->163622K(502464K), 0.0189574 secs] [Times: user=0.03 sys=0.03, real=0.02 secs] 
Heap after GC invocations=338 (full 6):
 par new generation   total 109248K, used 21561K [0x00000000e0000000, 0x00000000e8000000, 0x00000000e8000000)
  eden space 87424K,   0% used [0x00000000e0000000, 0x00000000e0000000, 0x00000000e5560000)
  from space 21824K,  98% used [0x00000000e5560000, 0x00000000e6a6e590, 0x00000000e6ab0000)
  to   space 21824K,   0% used [0x00000000e6ab0000, 0x00000000e6ab0000, 0x00000000e8000000)
 concurrent mark-sweep generation total 393216K, used 142061K [0x00000000e8000000, 0x0000000100000000, 0x0000000100000000)
 Metaspace       used 49781K, capacity 50384K, committed 50424K, reserved 1093632K
  class space    used 5270K, capacity 5413K, committed 5420K, reserved 1048576K
}
2016-06-21T15:56:55.102+0100: 25017.429: Total time for which application threads were stopped: 0.0192847 seconds, Stopping threads took: 0.0000537 seconds
2016-06-21T15:56:55.103+0100: 25017.429: Total time for which application threads were stopped: 0.0002096 seconds, Stopping threads took: 0.0000600 seconds
2016-06-21T15:56:55.103+0100: 25017.429: Total time for which application threads were stopped: 0.0000955 seconds, Stopping threads took: 0.0000324 seconds
2016-06-21T15:56:55.103+0100: 25017.430: Total time for which application threads were stopped: 0.0001149 seconds, Stopping threads took: 0.0000659 seconds
2016-06-21T15:56:55.103+0100: 25017.430: Total time for which application threads were stopped: 0.0000865 seconds, Stopping threads took: 0.0000328 seconds
2016-06-21T15:56:55.103+0100: 25017.430: Total time for which application threads were stopped: 0.0000940 seconds, Stopping threads took: 0.0000442 seconds
2016-06-21T15:56:55.103+0100: 25017.430: Total time for which application threads were stopped: 0.0000951 seconds, Stopping threads took: 0.0000521 seconds
2016-06-21T15:56:55.103+0100: 25017.430: Total time for which application threads were stopped: 0.0000592 seconds, Stopping threads took: 0.0000268 seconds
2016-06-21T15:56:55.104+0100: 25017.430: Total time for which application threads were stopped: 0.0000726 seconds, Stopping threads took: 0.0000253 seconds
2016-06-21T15:56:55.104+0100: 25017.430: Total time for which application threads were stopped: 0.0000876 seconds, Stopping threads took: 0.0000442 seconds
2016-06-21T15:56:55.104+0100: 25017.430: Total time for which application threads were stopped: 0.0001382 seconds, Stopping threads took: 0.0000217 seconds
2016-06-21T15:56:55.104+0100: 25017.431: Total time for which application threads were stopped: 0.0001737 seconds, Stopping threads took: 0.0000292 seconds
{Heap before GC invocations=338 (full 6):
 par new generation   total 109248K, used 108985K [0x00000000e0000000, 0x00000000e8000000, 0x00000000e8000000)
  eden space 87424K, 100% used [0x00000000e0000000, 0x00000000e5560000, 0x00000000e5560000)
  from space 21824K,  98% used [0x00000000e5560000, 0x00000000e6a6e590, 0x00000000e6ab0000)
  to   space 21824K,   0% used [0x00000000e6ab0000, 0x00000000e6ab0000, 0x00000000e8000000)
 concurrent mark-sweep generation total 393216K, used 142061K [0x00000000e8000000, 0x0000000100000000, 0x0000000100000000)
 Metaspace       used 49781K, capacity 50384K, committed 50424K, reserved 1093632K
  class space    used 5270K, capacity 5413K, committed 5420K, reserved 1048576K
2016-06-21T15:56:55.216+0100: 25017.544: [GC (Allocation Failure) 2016-06-21T15:56:55.217+0100: 25017.544: [ParNew
Desired survivor size 20112992 bytes, new threshold 8 (max 8)
- age   1:    1772816 bytes,    1772816 total
: 108985K->7121K(109248K), 0.0424601 secs] 251046K->170268K(502464K), 0.0425482 secs] [Times: user=0.06 sys=0.06, real=0.04 secs] 
Heap after GC invocations=339 (full 6):
 par new generation   total 109248K, used 7121K [0x00000000e0000000, 0x00000000e8000000, 0x00000000e8000000)
  eden space 87424K,   0% used [0x00000000e0000000, 0x00000000e0000000, 0x00000000e5560000)
  from space 21824K,  32% used [0x00000000e6ab0000, 0x00000000e71a4540, 0x00000000e8000000)
  to   space 21824K,   0% used [0x00000000e5560000, 0x00000000e5560000, 0x00000000e6ab0000)
 concurrent mark-sweep generation total 393216K, used 163147K [0x00000000e8000000, 0x0000000100000000, 0x0000000100000000)
 Metaspace       used 49781K, capacity 50384K, committed 50424K, reserved 1093632K
  class space    used 5270K, capacity 5413K, committed 5420K, reserved 1048576K
}
2016-06-21T15:56:55.259+0100: 25017.586: Total time for which application threads were stopped: 0.0427649 seconds, Stopping threads took: 0.0000205 seconds
{Heap before GC invocations=339 (full 6):
 par new generation   total 109248K, used 94545K [0x00000000e0000000, 0x00000000e8000000, 0x00000000e8000000)
  eden space 87424K, 100% used [0x00000000e0000000, 0x00000000e5560000, 0x00000000e5560000)
  from space 21824K,  32% used [0x00000000e6ab0000, 0x00000000e71a4540, 0x00000000e8000000)
  to   space 21824K,   0% used [0x00000000e5560000, 0x00000000e5560000, 0x00000000e6ab0000)
 concurrent mark-sweep generation total 393216K, used 163147K [0x00000000e8000000, 0x0000000100000000, 0x0000000100000000)
 Metaspace       used 49781K, capacity 50384K, committed 50424K, reserved 1093632K
  class space    used 5270K, capacity 5413K, committed 5420K, reserved 1048576K
2016-06-21T15:56:55.421+0100: 25017.748: [GC (Allocation Failure) 2016-06-21T15:56:55.421+0100: 25017.748: [ParNew
Desired survivor size 20112992 bytes, new threshold 8 (max 8)
- age   1:    1518192 bytes,    1518192 total
- age   2:     789600 bytes,    2307792 total
: 94545K->3494K(109248K), 0.0025276 secs] 257692K->166641K(502464K), 0.0026034 secs] [Times: user=0.00 sys=0.00, real=0.00 secs] 
Heap after GC invocations=340 (full 6):
 par new generation   total 109248K, used 3494K [0x00000000e0000000, 0x00000000e8000000, 0x00000000e8000000)
  eden space 87424K,   0% used [0x00000000e0000000, 0x00000000e0000000, 0x00000000e5560000)
  from space 21824K,  16% used [0x00000000e5560000, 0x00000000e58c9908, 0x00000000e6ab0000)
  to   space 21824K,   0% used [0x00000000e6ab0000, 0x00000000e6ab0000, 0x00000000e8000000)
 concurrent mark-sweep generation total 393216K, used 163147K [0x00000000e8000000, 0x0000000100000000, 0x0000000100000000)
 Metaspace       used 49781K, capacity 50384K, committed 50424K, reserved 1093632K
  class space    used 5270K, capacity 5413K, committed 5420K, reserved 1048576K
}
2016-06-21T15:56:55.424+0100: 25017.751: Total time for which application threads were stopped: 0.0028375 seconds, Stopping threads took: 0.0000324 seconds
{Heap before GC invocations=340 (full 6):
 par new generation   total 109248K, used 90918K [0x00000000e0000000, 0x00000000e8000000, 0x00000000e8000000)
  eden space 87424K, 100% used [0x00000000e0000000, 0x00000000e5560000, 0x00000000e5560000)
  from space 21824K,  16% used [0x00000000e5560000, 0x00000000e58c9908, 0x00000000e6ab0000)
  to   space 21824K,   0% used [0x00000000e6ab0000, 0x00000000e6ab0000, 0x00000000e8000000)
 concurrent mark-sweep generation total 393216K, used 163147K [0x00000000e8000000, 0x0000000100000000, 0x0000000100000000)
 Metaspace       used 49781K, capacity 50384K, committed 50424K, reserved 1093632K
  class space    used 5270K, capacity 5413K, committed 5420K, reserved 1048576K
2016-06-21T15:56:55.569+0100: 25017.896: [GC (Allocation Failure) 2016-06-21T15:56:55.569+0100: 25017.896: [ParNew
Desired survivor size 20112992 bytes, new threshold 8 (max 8)
- age   1:    2137872 bytes,    2137872 total
- age   2:     853408 bytes,    2991280 total
- age   3:     806000 bytes,    3797280 total
: 90918K->4423K(109248K), 0.0041019 secs] 254065K->167570K(502464K), 0.0041730 secs] [Times: user=0.00 sys=0.00, real=0.00 secs] 
Heap after GC invocations=341 (full 6):
 par new generation   total 109248K, used 4423K [0x00000000e0000000, 0x00000000e8000000, 0x00000000e8000000)
  eden space 87424K,   0% used [0x00000000e0000000, 0x00000000e0000000, 0x00000000e5560000)
  from space 21824K,  20% used [0x00000000e6ab0000, 0x00000000e6f01c60, 0x00000000e8000000)
  to   space 21824K,   0% used [0x00000000e5560000, 0x00000000e5560000, 0x00000000e6ab0000)
 concurrent mark-sweep generation total 393216K, used 163147K [0x00000000e8000000, 0x0000000100000000, 0x0000000100000000)
 Metaspace       used 49781K, capacity 50384K, committed 50424K, reserved 1093632K
  class space    used 5270K, capacity 5413K, committed 5420K, reserved 1048576K
}
2016-06-21T15:56:55.573+0100: 25017.900: Total time for which application threads were stopped: 0.0043901 seconds, Stopping threads took: 0.0000233 seconds
{Heap before GC invocations=341 (full 6):
 par new generation   total 109248K, used 91847K [0x00000000e0000000, 0x00000000e8000000, 0x00000000e8000000)
  eden space 87424K, 100% used [0x00000000e0000000, 0x00000000e5560000, 0x00000000e5560000)
  from space 21824K,  20% used [0x00000000e6ab0000, 0x00000000e6f01c60, 0x00000000e8000000)
  to   space 21824K,   0% used [0x00000000e5560000, 0x00000000e5560000, 0x00000000e6ab0000)
 concurrent mark-sweep generation total 393216K, used 163147K [0x00000000e8000000, 0x0000000100000000, 0x0000000100000000)
 Metaspace       used 49781K, capacity 50384K, committed 50424K, reserved 1093632K
  class space    used 5270K, capacity 5413K, committed 5420K, reserved 1048576K
2016-06-21T15:56:55.702+0100: 25018.028: [GC (Allocation Failure) 2016-06-21T15:56:55.702+0100: 25018.028: [ParNew
Desired survivor size 20112992 bytes, new threshold 8 (max 8)
- age   1:    1083680 bytes,    1083680 total
- age   2:    1507328 bytes,    2591008 total
- age   3:     820608 bytes,    3411616 total
- age   4:     789600 bytes,    4201216 total
: 91847K->5669K(109248K), 0.0029240 secs] 254994K->168816K(502464K), 0.0029887 secs] [Times: user=0.06 sys=0.00, real=0.00 secs] 
Heap after GC invocations=342 (full 6):
 par new generation   total 109248K, used 5669K [0x00000000e0000000, 0x00000000e8000000, 0x00000000e8000000)
  eden space 87424K,   0% used [0x00000000e0000000, 0x00000000e0000000, 0x00000000e5560000)
  from space 21824K,  25% used [0x00000000e5560000, 0x00000000e5ae96d0, 0x00000000e6ab0000)
  to   space 21824K,   0% used [0x00000000e6ab0000, 0x00000000e6ab0000, 0x00000000e8000000)
 concurrent mark-sweep generation total 393216K, used 163147K [0x00000000e8000000, 0x0000000100000000, 0x0000000100000000)
 Metaspace       used 49781K, capacity 50384K, committed 50424K, reserved 1093632K
  class space    used 5270K, capacity 5413K, committed 5420K, reserved 1048576K
}
2016-06-21T15:56:55.705+0100: 25018.031: Total time for which application threads were stopped: 0.0032966 seconds, Stopping threads took: 0.0000217 seconds
2016-06-21T15:58:32.500+0100: 25114.827: Total time for which application threads were stopped: 0.0001555 seconds, Stopping threads took: 0.0000312 seconds
2016-06-21T15:59:03.899+0100: 25146.226: Total time for which application threads were stopped: 0.0000979 seconds, Stopping threads took: 0.0000347 seconds
2016-06-21T15:59:04.909+0100: 25147.236: Total time for which application threads were stopped: 0.0004528 seconds, Stopping threads took: 0.0001054 seconds
2016-06-21T15:59:11.920+0100: 25154.246: Total time for which application threads were stopped: 0.0001603 seconds, Stopping threads took: 0.0000403 seconds
2016-06-21T15:59:14.921+0100: 25157.247: Total time for which application threads were stopped: 0.0002424 seconds, Stopping threads took: 0.0000659 seconds
2016-06-21T15:59:30.940+0100: 25173.266: Total time for which application threads were stopped: 0.0003304 seconds, Stopping threads took: 0.0000793 seconds
{Heap before GC invocations=342 (full 6):
 par new generation   total 109248K, used 93093K [0x00000000e0000000, 0x00000000e8000000, 0x00000000e8000000)
  eden space 87424K, 100% used [0x00000000e0000000, 0x00000000e5560000, 0x00000000e5560000)
  from space 21824K,  25% used [0x00000000e5560000, 0x00000000e5ae96d0, 0x00000000e6ab0000)
  to   space 21824K,   0% used [0x00000000e6ab0000, 0x00000000e6ab0000, 0x00000000e8000000)
 concurrent mark-sweep generation total 393216K, used 163147K [0x00000000e8000000, 0x0000000100000000, 0x0000000100000000)
 Metaspace       used 49988K, capacity 50546K, committed 50808K, reserved 1095680K
  class space    used 5302K, capacity 5446K, committed 5548K, reserved 1048576K
2016-06-21T15:59:33.272+0100: 25175.599: [GC (Allocation Failure) 2016-06-21T15:59:33.272+0100: 25175.599: [ParNew
Desired survivor size 20112992 bytes, new threshold 8 (max 8)
- age   1:    6467248 bytes,    6467248 total
- age   2:      32976 bytes,    6500224 total
- age   3:      32136 bytes,    6532360 total
- age   4:      33448 bytes,    6565808 total
- age   5:      35240 bytes,    6601048 total
: 93093K->7768K(109248K), 0.0122821 secs] 256240K->170915K(502464K), 0.0123512 secs] [Times: user=0.05 sys=0.02, real=0.01 secs] 
Heap after GC invocations=343 (full 6):
 par new generation   total 109248K, used 7768K [0x00000000e0000000, 0x00000000e8000000, 0x00000000e8000000)
  eden space 87424K,   0% used [0x00000000e0000000, 0x00000000e0000000, 0x00000000e5560000)
  from space 21824K,  35% used [0x00000000e6ab0000, 0x00000000e72462f0, 0x00000000e8000000)
  to   space 21824K,   0% used [0x00000000e5560000, 0x00000000e5560000, 0x00000000e6ab0000)
 concurrent mark-sweep generation total 393216K, used 163147K [0x00000000e8000000, 0x0000000100000000, 0x0000000100000000)
 Metaspace       used 49988K, capacity 50546K, committed 50808K, reserved 1095680K
  class space    used 5302K, capacity 5446K, committed 5548K, reserved 1048576K
}
2016-06-21T15:59:33.285+0100: 25175.612: Total time for which application threads were stopped: 0.0126654 seconds, Stopping threads took: 0.0000339 seconds
2016-06-21T15:59:33.285+0100: 25175.612: Total time for which application threads were stopped: 0.0001417 seconds, Stopping threads took: 0.0000367 seconds
2016-06-21T15:59:33.285+0100: 25175.612: Total time for which application threads were stopped: 0.0000695 seconds, Stopping threads took: 0.0000367 seconds
2016-06-21T15:59:33.285+0100: 25175.612: Total time for which application threads were stopped: 0.0001251 seconds, Stopping threads took: 0.0000549 seconds
2016-06-21T15:59:33.286+0100: 25175.612: Total time for which application threads were stopped: 0.0000790 seconds, Stopping threads took: 0.0000450 seconds
2016-06-21T15:59:42.335+0100: 25184.662: Total time for which application threads were stopped: 0.0001232 seconds, Stopping threads took: 0.0000351 seconds
2016-06-21T15:59:44.335+0100: 25186.662: Total time for which application threads were stopped: 0.0001571 seconds, Stopping threads took: 0.0000403 seconds
2016-06-21T15:59:52.349+0100: 25194.676: Total time for which application threads were stopped: 0.0000766 seconds, Stopping threads took: 0.0000209 seconds
2016-06-21T16:08:04.310+0100: 25686.637: Total time for which application threads were stopped: 0.0010836 seconds, Stopping threads took: 0.0002345 seconds
2016-06-21T16:08:04.342+0100: 25686.668: Total time for which application threads were stopped: 0.0001622 seconds, Stopping threads took: 0.0000272 seconds
2016-06-21T16:08:05.342+0100: 25687.669: Total time for which application threads were stopped: 0.0004299 seconds, Stopping threads took: 0.0000932 seconds
{Heap before GC invocations=343 (full 6):
 par new generation   total 109248K, used 95192K [0x00000000e0000000, 0x00000000e8000000, 0x00000000e8000000)
  eden space 87424K, 100% used [0x00000000e0000000, 0x00000000e5560000, 0x00000000e5560000)
  from space 21824K,  35% used [0x00000000e6ab0000, 0x00000000e72462f0, 0x00000000e8000000)
  to   space 21824K,   0% used [0x00000000e5560000, 0x00000000e5560000, 0x00000000e6ab0000)
 concurrent mark-sweep generation total 393216K, used 163147K [0x00000000e8000000, 0x0000000100000000, 0x0000000100000000)
 Metaspace       used 50017K, capacity 50550K, committed 50808K, reserved 1095680K
  class space    used 5302K, capacity 5446K, committed 5548K, reserved 1048576K
2016-06-21T16:08:05.617+0100: 25687.944: [GC (Allocation Failure) 2016-06-21T16:08:05.617+0100: 25687.944: [ParNew
Desired survivor size 20112992 bytes, new threshold 8 (max 8)
- age   1:    1678944 bytes,    1678944 total
- age   2:    6183576 bytes,    7862520 total
- age   3:      32976 bytes,    7895496 total
- age   4:      32056 bytes,    7927552 total
- age   5:      33408 bytes,    7960960 total
- age   6:      35200 bytes,    7996160 total
: 95192K->8069K(109248K), 0.0234064 secs] 258339K->171216K(502464K), 0.0235339 secs] [Times: user=0.06 sys=0.05, real=0.02 secs] 
Heap after GC invocations=344 (full 6):
 par new generation   total 109248K, used 8069K [0x00000000e0000000, 0x00000000e8000000, 0x00000000e8000000)
  eden space 87424K,   0% used [0x00000000e0000000, 0x00000000e0000000, 0x00000000e5560000)
  from space 21824K,  36% used [0x00000000e5560000, 0x00000000e5d41660, 0x00000000e6ab0000)
  to   space 21824K,   0% used [0x00000000e6ab0000, 0x00000000e6ab0000, 0x00000000e8000000)
 concurrent mark-sweep generation total 393216K, used 163147K [0x00000000e8000000, 0x0000000100000000, 0x0000000100000000)
 Metaspace       used 50017K, capacity 50550K, committed 50808K, reserved 1095680K
  class space    used 5302K, capacity 5446K, committed 5548K, reserved 1048576K
}
2016-06-21T16:08:05.641+0100: 25687.967: Total time for which application threads were stopped: 0.0239535 seconds, Stopping threads took: 0.0000304 seconds
2016-06-21T16:08:05.641+0100: 25687.968: Total time for which application threads were stopped: 0.0002416 seconds, Stopping threads took: 0.0000928 seconds
2016-06-21T16:08:05.641+0100: 25687.968: Total time for which application threads were stopped: 0.0001962 seconds, Stopping threads took: 0.0001409 seconds
{Heap before GC invocations=344 (full 6):
 par new generation   total 109248K, used 95493K [0x00000000e0000000, 0x00000000e8000000, 0x00000000e8000000)
  eden space 87424K, 100% used [0x00000000e0000000, 0x00000000e5560000, 0x00000000e5560000)
  from space 21824K,  36% used [0x00000000e5560000, 0x00000000e5d41660, 0x00000000e6ab0000)
  to   space 21824K,   0% used [0x00000000e6ab0000, 0x00000000e6ab0000, 0x00000000e8000000)
 concurrent mark-sweep generation total 393216K, used 163147K [0x00000000e8000000, 0x0000000100000000, 0x0000000100000000)
 Metaspace       used 50017K, capacity 50550K, committed 50808K, reserved 1095680K
  class space    used 5302K, capacity 5446K, committed 5548K, reserved 1048576K
2016-06-21T16:08:05.975+0100: 25688.302: [GC (Allocation Failure) 2016-06-21T16:08:05.975+0100: 25688.302: [ParNew
Desired survivor size 20112992 bytes, new threshold 8 (max 8)
- age   1:    1581752 bytes,    1581752 total
- age   2:     156096 bytes,    1737848 total
- age   3:    6940408 bytes,    8678256 total
- age   4:      32936 bytes,    8711192 total
- age   5:      32056 bytes,    8743248 total
- age   6:      33408 bytes,    8776656 total
- age   7:      35200 bytes,    8811856 total
: 95493K->9266K(109248K), 0.0050351 secs] 258640K->172413K(502464K), 0.0051157 secs] [Times: user=0.00 sys=0.00, real=0.01 secs] 
Heap after GC invocations=345 (full 6):
 par new generation   total 109248K, used 9266K [0x00000000e0000000, 0x00000000e8000000, 0x00000000e8000000)
  eden space 87424K,   0% used [0x00000000e0000000, 0x00000000e0000000, 0x00000000e5560000)
  from space 21824K,  42% used [0x00000000e6ab0000, 0x00000000e73bc9d0, 0x00000000e8000000)
  to   space 21824K,   0% used [0x00000000e5560000, 0x00000000e5560000, 0x00000000e6ab0000)
 concurrent mark-sweep generation total 393216K, used 163147K [0x00000000e8000000, 0x0000000100000000, 0x0000000100000000)
 Metaspace       used 50017K, capacity 50550K, committed 50808K, reserved 1095680K
  class space    used 5302K, capacity 5446K, committed 5548K, reserved 1048576K
}
2016-06-21T16:08:05.980+0100: 25688.307: Total time for which application threads were stopped: 0.0053355 seconds, Stopping threads took: 0.0000276 seconds
{Heap before GC invocations=345 (full 6):
 par new generation   total 109248K, used 96690K [0x00000000e0000000, 0x00000000e8000000, 0x00000000e8000000)
  eden space 87424K, 100% used [0x00000000e0000000, 0x00000000e5560000, 0x00000000e5560000)
  from space 21824K,  42% used [0x00000000e6ab0000, 0x00000000e73bc9d0, 0x00000000e8000000)
  to   space 21824K,   0% used [0x00000000e5560000, 0x00000000e5560000, 0x00000000e6ab0000)
 concurrent mark-sweep generation total 393216K, used 163147K [0x00000000e8000000, 0x0000000100000000, 0x0000000100000000)
 Metaspace       used 50020K, capacity 50550K, committed 50808K, reserved 1095680K
  class space    used 5302K, capacity 5446K, committed 5548K, reserved 1048576K
2016-06-21T16:08:08.010+0100: 25690.337: [GC (Allocation Failure) 2016-06-21T16:08:08.010+0100: 25690.337: [ParNew
Desired survivor size 20112992 bytes, new threshold 8 (max 8)
- age   1:      55760 bytes,      55760 total
- age   2:       1712 bytes,      57472 total
- age   3:     150184 bytes,     207656 total
- age   4:    6176864 bytes,    6384520 total
- age   5:      32936 bytes,    6417456 total
- age   6:      32056 bytes,    6449512 total
- age   7:      33448 bytes,    6482960 total
- age   8:      35240 bytes,    6518200 total
: 96690K->6859K(109248K), 0.0035986 secs] 259837K->170006K(502464K), 0.0036815 secs] [Times: user=0.00 sys=0.00, real=0.00 secs] 
Heap after GC invocations=346 (full 6):
 par new generation   total 109248K, used 6859K [0x00000000e0000000, 0x00000000e8000000, 0x00000000e8000000)
  eden space 87424K,   0% used [0x00000000e0000000, 0x00000000e0000000, 0x00000000e5560000)
  from space 21824K,  31% used [0x00000000e5560000, 0x00000000e5c12e70, 0x00000000e6ab0000)
  to   space 21824K,   0% used [0x00000000e6ab0000, 0x00000000e6ab0000, 0x00000000e8000000)
 concurrent mark-sweep generation total 393216K, used 163147K [0x00000000e8000000, 0x0000000100000000, 0x0000000100000000)
 Metaspace       used 50020K, capacity 50550K, committed 50808K, reserved 1095680K
  class space    used 5302K, capacity 5446K, committed 5548K, reserved 1048576K
}
2016-06-21T16:08:08.014+0100: 25690.341: Total time for which application threads were stopped: 0.0039539 seconds, Stopping threads took: 0.0000351 seconds
2016-06-21T16:08:08.014+0100: 25690.341: Total time for which application threads were stopped: 0.0001737 seconds, Stopping threads took: 0.0000280 seconds
2016-06-21T16:08:08.014+0100: 25690.341: Total time for which application threads were stopped: 0.0001180 seconds, Stopping threads took: 0.0000632 seconds
2016-06-21T16:08:08.014+0100: 25690.341: Total time for which application threads were stopped: 0.0000446 seconds, Stopping threads took: 0.0000146 seconds
2016-06-21T16:08:08.015+0100: 25690.341: Total time for which application threads were stopped: 0.0000916 seconds, Stopping threads took: 0.0000229 seconds
2016-06-21T16:08:08.015+0100: 25690.341: Total time for which application threads were stopped: 0.0000509 seconds, Stopping threads took: 0.0000201 seconds
2016-06-21T16:08:08.015+0100: 25690.341: Total time for which application threads were stopped: 0.0000395 seconds, Stopping threads took: 0.0000114 seconds
2016-06-21T16:08:08.015+0100: 25690.342: Total time for which application threads were stopped: 0.0004619 seconds, Stopping threads took: 0.0002996 seconds
2016-06-21T16:08:08.015+0100: 25690.342: Total time for which application threads were stopped: 0.0000600 seconds, Stopping threads took: 0.0000154 seconds
2016-06-21T16:08:08.015+0100: 25690.342: Total time for which application threads were stopped: 0.0000442 seconds, Stopping threads took: 0.0000130 seconds
2016-06-21T16:08:08.015+0100: 25690.342: Total time for which application threads were stopped: 0.0000533 seconds, Stopping threads took: 0.0000134 seconds
2016-06-21T16:08:08.015+0100: 25690.342: Total time for which application threads were stopped: 0.0000363 seconds, Stopping threads took: 0.0000091 seconds
2016-06-21T16:08:08.016+0100: 25690.342: Total time for which application threads were stopped: 0.0001161 seconds, Stopping threads took: 0.0000628 seconds
2016-06-21T16:08:08.016+0100: 25690.342: Total time for which application threads were stopped: 0.0000620 seconds, Stopping threads took: 0.0000312 seconds
2016-06-21T16:08:08.016+0100: 25690.342: Total time for which application threads were stopped: 0.0001816 seconds, Stopping threads took: 0.0000217 seconds
{Heap before GC invocations=346 (full 6):
 par new generation   total 109248K, used 94283K [0x00000000e0000000, 0x00000000e8000000, 0x00000000e8000000)
  eden space 87424K, 100% used [0x00000000e0000000, 0x00000000e5560000, 0x00000000e5560000)
  from space 21824K,  31% used [0x00000000e5560000, 0x00000000e5c12e70, 0x00000000e6ab0000)
  to   space 21824K,   0% used [0x00000000e6ab0000, 0x00000000e6ab0000, 0x00000000e8000000)
 concurrent mark-sweep generation total 393216K, used 163147K [0x00000000e8000000, 0x0000000100000000, 0x0000000100000000)
 Metaspace       used 50020K, capacity 50550K, committed 50808K, reserved 1095680K
  class space    used 5302K, capacity 5446K, committed 5548K, reserved 1048576K
2016-06-21T16:08:11.026+0100: 25693.353: [GC (Allocation Failure) 2016-06-21T16:08:11.026+0100: 25693.353: [ParNew
Desired survivor size 20112992 bytes, new threshold 5 (max 8)
- age   1:   15912568 bytes,   15912568 total
- age   2:       3120 bytes,   15915688 total
- age   3:        288 bytes,   15915976 total
- age   4:     149368 bytes,   16065344 total
- age   5:    6176864 bytes,   22242208 total
- age   6:      32936 bytes,   22275144 total
- age   7:      32016 bytes,   22307160 total
- age   8:      33408 bytes,   22340568 total
: 94283K->21824K(109248K), 0.0240814 secs] 257430K->190910K(502464K), 0.0242464 secs] [Times: user=0.05 sys=0.08, real=0.02 secs] 
Heap after GC invocations=347 (full 6):
 par new generation   total 109248K, used 21824K [0x00000000e0000000, 0x00000000e8000000, 0x00000000e8000000)
  eden space 87424K,   0% used [0x00000000e0000000, 0x00000000e0000000, 0x00000000e5560000)
  from space 21824K, 100% used [0x00000000e6ab0000, 0x00000000e8000000, 0x00000000e8000000)
  to   space 21824K,   0% used [0x00000000e5560000, 0x00000000e5560000, 0x00000000e6ab0000)
 concurrent mark-sweep generation total 393216K, used 169086K [0x00000000e8000000, 0x0000000100000000, 0x0000000100000000)
 Metaspace       used 50020K, capacity 50550K, committed 50808K, reserved 1095680K
  class space    used 5302K, capacity 5446K, committed 5548K, reserved 1048576K
}
2016-06-21T16:08:11.050+0100: 25693.377: Total time for which application threads were stopped: 0.0244655 seconds, Stopping threads took: 0.0000209 seconds
2016-06-21T16:08:11.050+0100: 25693.377: Total time for which application threads were stopped: 0.0001540 seconds, Stopping threads took: 0.0000817 seconds
2016-06-21T16:08:11.050+0100: 25693.377: Total time for which application threads were stopped: 0.0000565 seconds, Stopping threads took: 0.0000241 seconds
2016-06-21T16:08:11.050+0100: 25693.377: Total time for which application threads were stopped: 0.0000608 seconds, Stopping threads took: 0.0000249 seconds
2016-06-21T16:08:11.050+0100: 25693.377: Total time for which application threads were stopped: 0.0001113 seconds, Stopping threads took: 0.0000391 seconds
2016-06-21T16:08:11.050+0100: 25693.378: Total time for which application threads were stopped: 0.0000872 seconds, Stopping threads took: 0.0000430 seconds
2016-06-21T16:08:11.050+0100: 25693.378: Total time for which application threads were stopped: 0.0000888 seconds, Stopping threads took: 0.0000395 seconds
2016-06-21T16:08:11.051+0100: 25693.378: Total time for which application threads were stopped: 0.0003442 seconds, Stopping threads took: 0.0000399 seconds
2016-06-21T16:08:11.051+0100: 25693.378: Total time for which application threads were stopped: 0.0000872 seconds, Stopping threads took: 0.0000446 seconds
2016-06-21T16:08:11.051+0100: 25693.378: Total time for which application threads were stopped: 0.0000908 seconds, Stopping threads took: 0.0000395 seconds
2016-06-21T16:08:11.051+0100: 25693.378: Total time for which application threads were stopped: 0.0000691 seconds, Stopping threads took: 0.0000253 seconds
2016-06-21T16:08:11.051+0100: 25693.378: Total time for which application threads were stopped: 0.0000588 seconds, Stopping threads took: 0.0000237 seconds
{Heap before GC invocations=347 (full 6):
 par new generation   total 109248K, used 109248K [0x00000000e0000000, 0x00000000e8000000, 0x00000000e8000000)
  eden space 87424K, 100% used [0x00000000e0000000, 0x00000000e5560000, 0x00000000e5560000)
  from space 21824K, 100% used [0x00000000e6ab0000, 0x00000000e8000000, 0x00000000e8000000)
  to   space 21824K,   0% used [0x00000000e5560000, 0x00000000e5560000, 0x00000000e6ab0000)
 concurrent mark-sweep generation total 393216K, used 169086K [0x00000000e8000000, 0x0000000100000000, 0x0000000100000000)
 Metaspace       used 50020K, capacity 50550K, committed 50808K, reserved 1095680K
  class space    used 5302K, capacity 5446K, committed 5548K, reserved 1048576K
2016-06-21T16:08:11.174+0100: 25693.501: [GC (Allocation Failure) 2016-06-21T16:08:11.174+0100: 25693.501: [ParNew
Desired survivor size 20112992 bytes, new threshold 8 (max 8)
- age   1:    1996688 bytes,    1996688 total
- age   2:   15500392 bytes,   17497080 total
- age   3:       3120 bytes,   17500200 total
- age   4:        288 bytes,   17500488 total
- age   5:     149368 bytes,   17649856 total
: 109248K->20464K(109248K), 0.0149455 secs] 278334K->195689K(502464K), 0.0150249 secs] [Times: user=0.03 sys=0.03, real=0.01 secs] 
Heap after GC invocations=348 (full 6):
 par new generation   total 109248K, used 20464K [0x00000000e0000000, 0x00000000e8000000, 0x00000000e8000000)
  eden space 87424K,   0% used [0x00000000e0000000, 0x00000000e0000000, 0x00000000e5560000)
  from space 21824K,  93% used [0x00000000e5560000, 0x00000000e695c3f0, 0x00000000e6ab0000)
  to   space 21824K,   0% used [0x00000000e6ab0000, 0x00000000e6ab0000, 0x00000000e8000000)
 concurrent mark-sweep generation total 393216K, used 175224K [0x00000000e8000000, 0x0000000100000000, 0x0000000100000000)
 Metaspace       used 50020K, capacity 50550K, committed 50808K, reserved 1095680K
  class space    used 5302K, capacity 5446K, committed 5548K, reserved 1048576K
}
2016-06-21T16:08:11.189+0100: 25693.516: Total time for which application threads were stopped: 0.0152515 seconds, Stopping threads took: 0.0000209 seconds
{Heap before GC invocations=348 (full 6):
 par new generation   total 109248K, used 107888K [0x00000000e0000000, 0x00000000e8000000, 0x00000000e8000000)
  eden space 87424K, 100% used [0x00000000e0000000, 0x00000000e5560000, 0x00000000e5560000)
  from space 21824K,  93% used [0x00000000e5560000, 0x00000000e695c3f0, 0x00000000e6ab0000)
  to   space 21824K,   0% used [0x00000000e6ab0000, 0x00000000e6ab0000, 0x00000000e8000000)
 concurrent mark-sweep generation total 393216K, used 175224K [0x00000000e8000000, 0x0000000100000000, 0x0000000100000000)
 Metaspace       used 50020K, capacity 50550K, committed 50808K, reserved 1095680K
  class space    used 5302K, capacity 5446K, committed 5548K, reserved 1048576K
2016-06-21T16:08:11.293+0100: 25693.621: [GC (Allocation Failure) 2016-06-21T16:08:11.293+0100: 25693.621: [ParNew
Desired survivor size 20112992 bytes, new threshold 8 (max 8)
- age   1:    1284928 bytes,    1284928 total
- age   2:    1145776 bytes,    2430704 total
- age   3:   15530792 bytes,   17961496 total
- age   4:       3120 bytes,   17964616 total
- age   5:        288 bytes,   17964904 total
- age   6:     149368 bytes,   18114272 total
: 107888K->21824K(109248K), 0.0062956 secs] 283113K->197048K(502464K), 0.0063568 secs] [Times: user=0.06 sys=0.00, real=0.01 secs] 
Heap after GC invocations=349 (full 6):
 par new generation   total 109248K, used 21824K [0x00000000e0000000, 0x00000000e8000000, 0x00000000e8000000)
  eden space 87424K,   0% used [0x00000000e0000000, 0x00000000e0000000, 0x00000000e5560000)
  from space 21824K, 100% used [0x00000000e6ab0000, 0x00000000e8000000, 0x00000000e8000000)
  to   space 21824K,   0% used [0x00000000e5560000, 0x00000000e5560000, 0x00000000e6ab0000)
 concurrent mark-sweep generation total 393216K, used 175224K [0x00000000e8000000, 0x0000000100000000, 0x0000000100000000)
 Metaspace       used 50020K, capacity 50550K, committed 50808K, reserved 1095680K
  class space    used 5302K, capacity 5446K, committed 5548K, reserved 1048576K
}
2016-06-21T16:08:11.300+0100: 25693.627: Total time for which application threads were stopped: 0.0065609 seconds, Stopping threads took: 0.0000201 seconds
{Heap before GC invocations=349 (full 6):
 par new generation   total 109248K, used 109248K [0x00000000e0000000, 0x00000000e8000000, 0x00000000e8000000)
  eden space 87424K, 100% used [0x00000000e0000000, 0x00000000e5560000, 0x00000000e5560000)
  from space 21824K, 100% used [0x00000000e6ab0000, 0x00000000e8000000, 0x00000000e8000000)
  to   space 21824K,   0% used [0x00000000e5560000, 0x00000000e5560000, 0x00000000e6ab0000)
 concurrent mark-sweep generation total 393216K, used 175224K [0x00000000e8000000, 0x0000000100000000, 0x0000000100000000)
 Metaspace       used 50020K, capacity 50550K, committed 50808K, reserved 1095680K
  class space    used 5302K, capacity 5446K, committed 5548K, reserved 1048576K
2016-06-21T16:08:11.409+0100: 25693.736: [GC (Allocation Failure) 2016-06-21T16:08:11.409+0100: 25693.736: [ParNew
Desired survivor size 20112992 bytes, new threshold 8 (max 8)
- age   1:    2263872 bytes,    2263872 total
- age   2:     752328 bytes,    3016200 total
- age   3:     785312 bytes,    3801512 total
- age   4:   15284032 bytes,   19085544 total
- age   5:       3120 bytes,   19088664 total
- age   6:        288 bytes,   19088952 total
- age   7:     149368 bytes,   19238320 total
: 109248K->21824K(109248K), 0.0072754 secs] 284472K->197328K(502464K), 0.0073583 secs] [Times: user=0.00 sys=0.00, real=0.01 secs] 
Heap after GC invocations=350 (full 6):
 par new generation   total 109248K, used 21824K [0x00000000e0000000, 0x00000000e8000000, 0x00000000e8000000)
  eden space 87424K,   0% used [0x00000000e0000000, 0x00000000e0000000, 0x00000000e5560000)
  from space 21824K, 100% used [0x00000000e5560000, 0x00000000e6ab0000, 0x00000000e6ab0000)
  to   space 21824K,   0% used [0x00000000e6ab0000, 0x00000000e6ab0000, 0x00000000e8000000)
 concurrent mark-sweep generation total 393216K, used 175504K [0x00000000e8000000, 0x0000000100000000, 0x0000000100000000)
 Metaspace       used 50020K, capacity 50550K, committed 50808K, reserved 1095680K
  class space    used 5302K, capacity 5446K, committed 5548K, reserved 1048576K
}
2016-06-21T16:08:11.417+0100: 25693.744: Total time for which application threads were stopped: 0.0075845 seconds, Stopping threads took: 0.0000284 seconds
{Heap before GC invocations=350 (full 6):
 par new generation   total 109248K, used 109248K [0x00000000e0000000, 0x00000000e8000000, 0x00000000e8000000)
  eden space 87424K, 100% used [0x00000000e0000000, 0x00000000e5560000, 0x00000000e5560000)
  from space 21824K, 100% used [0x00000000e5560000, 0x00000000e6ab0000, 0x00000000e6ab0000)
  to   space 21824K,   0% used [0x00000000e6ab0000, 0x00000000e6ab0000, 0x00000000e8000000)
 concurrent mark-sweep generation total 393216K, used 175504K [0x00000000e8000000, 0x0000000100000000, 0x0000000100000000)
 Metaspace       used 50020K, capacity 50550K, committed 50808K, reserved 1095680K
  class space    used 5302K, capacity 5446K, committed 5548K, reserved 1048576K
2016-06-21T16:08:11.516+0100: 25693.843: [GC (Allocation Failure) 2016-06-21T16:08:11.516+0100: 25693.843: [ParNew
Desired survivor size 20112992 bytes, new threshold 8 (max 8)
- age   1:    1193504 bytes,    1193504 total
- age   2:    1507200 bytes,    2700704 total
- age   3:     750024 bytes,    3450728 total
- age   4:     768912 bytes,    4219640 total
- age   5:   15099280 bytes,   19318920 total
- age   6:       3120 bytes,   19322040 total
- age   7:        288 bytes,   19322328 total
- age   8:     149368 bytes,   19471696 total
: 109248K->21824K(109248K), 0.0068431 secs] 284752K->197515K(502464K), 0.0069063 secs] [Times: user=0.00 sys=0.00, real=0.01 secs] 
Heap after GC invocations=351 (full 6):
 par new generation   total 109248K, used 21824K [0x00000000e0000000, 0x00000000e8000000, 0x00000000e8000000)
  eden space 87424K,   0% used [0x00000000e0000000, 0x00000000e0000000, 0x00000000e5560000)
  from space 21824K, 100% used [0x00000000e6ab0000, 0x00000000e8000000, 0x00000000e8000000)
  to   space 21824K,   0% used [0x00000000e5560000, 0x00000000e5560000, 0x00000000e6ab0000)
 concurrent mark-sweep generation total 393216K, used 175691K [0x00000000e8000000, 0x0000000100000000, 0x0000000100000000)
 Metaspace       used 50020K, capacity 50550K, committed 50808K, reserved 1095680K
  class space    used 5302K, capacity 5446K, committed 5548K, reserved 1048576K
}
2016-06-21T16:08:11.523+0100: 25693.850: Total time for which application threads were stopped: 0.0071420 seconds, Stopping threads took: 0.0000296 seconds
2016-06-21T16:08:23.527+0100: 25705.853: Total time for which application threads were stopped: 0.0001429 seconds, Stopping threads took: 0.0000557 seconds
2016-06-21T16:09:01.320+0100: 25743.646: Total time for which application threads were stopped: 0.0001228 seconds, Stopping threads took: 0.0000253 seconds
2016-06-21T16:09:01.338+0100: 25743.664: Total time for which application threads were stopped: 0.0001018 seconds, Stopping threads took: 0.0000292 seconds
{Heap before GC invocations=351 (full 6):
 par new generation   total 109248K, used 109248K [0x00000000e0000000, 0x00000000e8000000, 0x00000000e8000000)
  eden space 87424K, 100% used [0x00000000e0000000, 0x00000000e5560000, 0x00000000e5560000)
  from space 21824K, 100% used [0x00000000e6ab0000, 0x00000000e8000000, 0x00000000e8000000)
  to   space 21824K,   0% used [0x00000000e5560000, 0x00000000e5560000, 0x00000000e6ab0000)
 concurrent mark-sweep generation total 393216K, used 175691K [0x00000000e8000000, 0x0000000100000000, 0x0000000100000000)
 Metaspace       used 50029K, capacity 50614K, committed 50808K, reserved 1095680K
  class space    used 5302K, capacity 5446K, committed 5548K, reserved 1048576K
2016-06-21T16:09:02.260+0100: 25744.587: [GC (Allocation Failure) 2016-06-21T16:09:02.260+0100: 25744.587: [ParNew
Desired survivor size 20112992 bytes, new threshold 8 (max 8)
- age   1:    1623112 bytes,    1623112 total
- age   2:      29512 bytes,    1652624 total
- age   3:      11184 bytes,    1663808 total
- age   4:       2112 bytes,    1665920 total
- age   6:     566472 bytes,    2232392 total
- age   7:       2904 bytes,    2235296 total
- age   8:        288 bytes,    2235584 total
: 109248K->18839K(109248K), 0.0040234 secs] 284939K->194672K(502464K), 0.0041000 secs] [Times: user=0.00 sys=0.00, real=0.00 secs] 
Heap after GC invocations=352 (full 6):
 par new generation   total 109248K, used 18839K [0x00000000e0000000, 0x00000000e8000000, 0x00000000e8000000)
  eden space 87424K,   0% used [0x00000000e0000000, 0x00000000e0000000, 0x00000000e5560000)
  from space 21824K,  86% used [0x00000000e5560000, 0x00000000e67c5cc0, 0x00000000e6ab0000)
  to   space 21824K,   0% used [0x00000000e6ab0000, 0x00000000e6ab0000, 0x00000000e8000000)
 concurrent mark-sweep generation total 393216K, used 175833K [0x00000000e8000000, 0x0000000100000000, 0x0000000100000000)
 Metaspace       used 50029K, capacity 50614K, committed 50808K, reserved 1095680K
  class space    used 5302K, capacity 5446K, committed 5548K, reserved 1048576K
}
2016-06-21T16:09:02.264+0100: 25744.591: Total time for which application threads were stopped: 0.0042918 seconds, Stopping threads took: 0.0000225 seconds
2016-06-21T16:09:02.265+0100: 25744.591: Total time for which application threads were stopped: 0.0001200 seconds, Stopping threads took: 0.0000505 seconds
2016-06-21T16:09:02.265+0100: 25744.591: Total time for which application threads were stopped: 0.0000825 seconds, Stopping threads took: 0.0000395 seconds
2016-06-21T16:09:02.265+0100: 25744.591: Total time for which application threads were stopped: 0.0000640 seconds, Stopping threads took: 0.0000300 seconds
2016-06-21T16:09:02.265+0100: 25744.591: Total time for which application threads were stopped: 0.0001168 seconds, Stopping threads took: 0.0000651 seconds
2016-06-21T16:09:02.265+0100: 25744.592: Total time for which application threads were stopped: 0.0000912 seconds, Stopping threads took: 0.0000501 seconds
2016-06-21T16:09:02.265+0100: 25744.592: Total time for which application threads were stopped: 0.0000616 seconds, Stopping threads took: 0.0000288 seconds
{Heap before GC invocations=352 (full 6):
 par new generation   total 109248K, used 106263K [0x00000000e0000000, 0x00000000e8000000, 0x00000000e8000000)
  eden space 87424K, 100% used [0x00000000e0000000, 0x00000000e5560000, 0x00000000e5560000)
  from space 21824K,  86% used [0x00000000e5560000, 0x00000000e67c5cc0, 0x00000000e6ab0000)
  to   space 21824K,   0% used [0x00000000e6ab0000, 0x00000000e6ab0000, 0x00000000e8000000)
 concurrent mark-sweep generation total 393216K, used 175833K [0x00000000e8000000, 0x0000000100000000, 0x0000000100000000)
 Metaspace       used 50029K, capacity 50614K, committed 50808K, reserved 1095680K
  class space    used 5302K, capacity 5446K, committed 5548K, reserved 1048576K
2016-06-21T16:09:02.544+0100: 25744.871: [GC (Allocation Failure) 2016-06-21T16:09:02.544+0100: 25744.871: [ParNew
Desired survivor size 20112992 bytes, new threshold 8 (max 8)
- age   1:    1608808 bytes,    1608808 total
- age   2:      43480 bytes,    1652288 total
- age   3:      29512 bytes,    1681800 total
- age   4:      11184 bytes,    1692984 total
- age   5:       2112 bytes,    1695096 total
- age   7:     281424 bytes,    1976520 total
- age   8:       2432 bytes,    1978952 total
: 106263K->4943K(109248K), 0.0027645 secs] 282096K->180777K(502464K), 0.0028569 secs] [Times: user=0.06 sys=0.00, real=0.00 secs] 
Heap after GC invocations=353 (full 6):
 par new generation   total 109248K, used 4943K [0x00000000e0000000, 0x00000000e8000000, 0x00000000e8000000)
  eden space 87424K,   0% used [0x00000000e0000000, 0x00000000e0000000, 0x00000000e5560000)
  from space 21824K,  22% used [0x00000000e6ab0000, 0x00000000e6f83ec0, 0x00000000e8000000)
  to   space 21824K,   0% used [0x00000000e5560000, 0x00000000e5560000, 0x00000000e6ab0000)
 concurrent mark-sweep generation total 393216K, used 175833K [0x00000000e8000000, 0x0000000100000000, 0x0000000100000000)
 Metaspace       used 50029K, capacity 50614K, committed 50808K, reserved 1095680K
  class space    used 5302K, capacity 5446K, committed 5548K, reserved 1048576K
}
2016-06-21T16:09:02.547+0100: 25744.874: Total time for which application threads were stopped: 0.0031975 seconds, Stopping threads took: 0.0000284 seconds
{Heap before GC invocations=353 (full 6):
 par new generation   total 109248K, used 92367K [0x00000000e0000000, 0x00000000e8000000, 0x00000000e8000000)
  eden space 87424K, 100% used [0x00000000e0000000, 0x00000000e5560000, 0x00000000e5560000)
  from space 21824K,  22% used [0x00000000e6ab0000, 0x00000000e6f83ec0, 0x00000000e8000000)
  to   space 21824K,   0% used [0x00000000e5560000, 0x00000000e5560000, 0x00000000e6ab0000)
 concurrent mark-sweep generation total 393216K, used 175833K [0x00000000e8000000, 0x0000000100000000, 0x0000000100000000)
 Metaspace       used 50029K, capacity 50614K, committed 50808K, reserved 1095680K
  class space    used 5302K, capacity 5446K, committed 5548K, reserved 1048576K
2016-06-21T16:09:02.810+0100: 25745.137: [GC (Allocation Failure) 2016-06-21T16:09:02.810+0100: 25745.137: [ParNew
Desired survivor size 20112992 bytes, new threshold 8 (max 8)
- age   1:    1697960 bytes,    1697960 total
- age   2:       3512 bytes,    1701472 total
- age   3:      40600 bytes,    1742072 total
- age   4:      29512 bytes,    1771584 total
- age   5:      11184 bytes,    1782768 total
- age   6:       2112 bytes,    1784880 total
- age   8:     281424 bytes,    2066304 total
: 92367K->2288K(109248K), 0.0027941 secs] 268201K->178124K(502464K), 0.0028648 secs] [Times: user=0.06 sys=0.00, real=0.00 secs] 
Heap after GC invocations=354 (full 6):
 par new generation   total 109248K, used 2288K [0x00000000e0000000, 0x00000000e8000000, 0x00000000e8000000)
  eden space 87424K,   0% used [0x00000000e0000000, 0x00000000e0000000, 0x00000000e5560000)
  from space 21824K,  10% used [0x00000000e5560000, 0x00000000e579c2b0, 0x00000000e6ab0000)
  to   space 21824K,   0% used [0x00000000e6ab0000, 0x00000000e6ab0000, 0x00000000e8000000)
 concurrent mark-sweep generation total 393216K, used 175836K [0x00000000e8000000, 0x0000000100000000, 0x0000000100000000)
 Metaspace       used 50029K, capacity 50614K, committed 50808K, reserved 1095680K
  class space    used 5302K, capacity 5446K, committed 5548K, reserved 1048576K
}
2016-06-21T16:09:02.813+0100: 25745.140: Total time for which application threads were stopped: 0.0031213 seconds, Stopping threads took: 0.0000253 seconds
2016-06-21T16:09:04.814+0100: 25747.141: Total time for which application threads were stopped: 0.0001761 seconds, Stopping threads took: 0.0000205 seconds
{Heap before GC invocations=354 (full 6):
 par new generation   total 109248K, used 89712K [0x00000000e0000000, 0x00000000e8000000, 0x00000000e8000000)
  eden space 87424K, 100% used [0x00000000e0000000, 0x00000000e5560000, 0x00000000e5560000)
  from space 21824K,  10% used [0x00000000e5560000, 0x00000000e579c2b0, 0x00000000e6ab0000)
  to   space 21824K,   0% used [0x00000000e6ab0000, 0x00000000e6ab0000, 0x00000000e8000000)
 concurrent mark-sweep generation total 393216K, used 175836K [0x00000000e8000000, 0x0000000100000000, 0x0000000100000000)
 Metaspace       used 50045K, capacity 50678K, committed 50808K, reserved 1095680K
  class space    used 5302K, capacity 5446K, committed 5548K, reserved 1048576K
2016-06-21T16:09:07.261+0100: 25749.587: [GC (Allocation Failure) 2016-06-21T16:09:07.261+0100: 25749.587: [ParNew
Desired survivor size 20112992 bytes, new threshold 8 (max 8)
- age   1:   11738672 bytes,   11738672 total
- age   2:       1832 bytes,   11740504 total
- age   3:        456 bytes,   11740960 total
- age   4:      37472 bytes,   11778432 total
- age   5:      29512 bytes,   11807944 total
- age   6:      11184 bytes,   11819128 total
- age   7:       2112 bytes,   11821240 total
: 89712K->12790K(109248K), 0.0057915 secs] 265548K->188900K(502464K), 0.0058764 secs] [Times: user=0.06 sys=0.00, real=0.01 secs] 
Heap after GC invocations=355 (full 6):
 par new generation   total 109248K, used 12790K [0x00000000e0000000, 0x00000000e8000000, 0x00000000e8000000)
  eden space 87424K,   0% used [0x00000000e0000000, 0x00000000e0000000, 0x00000000e5560000)
  from space 21824K,  58% used [0x00000000e6ab0000, 0x00000000e772d9a0, 0x00000000e8000000)
  to   space 21824K,   0% used [0x00000000e5560000, 0x00000000e5560000, 0x00000000e6ab0000)
 concurrent mark-sweep generation total 393216K, used 176110K [0x00000000e8000000, 0x0000000100000000, 0x0000000100000000)
 Metaspace       used 50045K, capacity 50678K, committed 50808K, reserved 1095680K
  class space    used 5302K, capacity 5446K, committed 5548K, reserved 1048576K
}
2016-06-21T16:09:07.266+0100: 25749.593: Total time for which application threads were stopped: 0.0061803 seconds, Stopping threads took: 0.0000288 seconds
2016-06-21T16:09:07.267+0100: 25749.593: Total time for which application threads were stopped: 0.0001283 seconds, Stopping threads took: 0.0000450 seconds
2016-06-21T16:09:07.267+0100: 25749.594: Total time for which application threads were stopped: 0.0001042 seconds, Stopping threads took: 0.0000604 seconds
2016-06-21T16:09:07.267+0100: 25749.594: Total time for which application threads were stopped: 0.0000797 seconds, Stopping threads took: 0.0000363 seconds
2016-06-21T16:09:07.267+0100: 25749.594: Total time for which application threads were stopped: 0.0001449 seconds, Stopping threads took: 0.0000300 seconds
2016-06-21T16:09:07.267+0100: 25749.594: Total time for which application threads were stopped: 0.0000663 seconds, Stopping threads took: 0.0000312 seconds
2016-06-21T16:09:07.267+0100: 25749.594: Total time for which application threads were stopped: 0.0000643 seconds, Stopping threads took: 0.0000343 seconds
2016-06-21T16:09:07.267+0100: 25749.594: Total time for which application threads were stopped: 0.0000825 seconds, Stopping threads took: 0.0000280 seconds
2016-06-21T16:09:07.267+0100: 25749.594: Total time for which application threads were stopped: 0.0000541 seconds, Stopping threads took: 0.0000237 seconds
2016-06-21T16:09:07.268+0100: 25749.594: Total time for which application threads were stopped: 0.0001271 seconds, Stopping threads took: 0.0000111 seconds
2016-06-21T16:09:07.268+0100: 25749.594: Total time for which application threads were stopped: 0.0000833 seconds, Stopping threads took: 0.0000249 seconds
2016-06-21T16:09:07.268+0100: 25749.595: Total time for which application threads were stopped: 0.0000829 seconds, Stopping threads took: 0.0000257 seconds
2016-06-21T16:09:07.268+0100: 25749.595: Total time for which application threads were stopped: 0.0001307 seconds, Stopping threads took: 0.0000233 seconds
2016-06-21T16:09:07.268+0100: 25749.595: Total time for which application threads were stopped: 0.0000565 seconds, Stopping threads took: 0.0000241 seconds
2016-06-21T16:09:07.268+0100: 25749.595: Total time for which application threads were stopped: 0.0002005 seconds, Stopping threads took: 0.0000103 seconds
{Heap before GC invocations=355 (full 6):
 par new generation   total 109248K, used 100214K [0x00000000e0000000, 0x00000000e8000000, 0x00000000e8000000)
  eden space 87424K, 100% used [0x00000000e0000000, 0x00000000e5560000, 0x00000000e5560000)
  from space 21824K,  58% used [0x00000000e6ab0000, 0x00000000e772d9a0, 0x00000000e8000000)
  to   space 21824K,   0% used [0x00000000e5560000, 0x00000000e5560000, 0x00000000e6ab0000)
 concurrent mark-sweep generation total 393216K, used 176110K [0x00000000e8000000, 0x0000000100000000, 0x0000000100000000)
 Metaspace       used 50045K, capacity 50678K, committed 50808K, reserved 1095680K
  class space    used 5302K, capacity 5446K, committed 5548K, reserved 1048576K
2016-06-21T16:09:07.383+0100: 25749.710: [GC (Allocation Failure) 2016-06-21T16:09:07.383+0100: 25749.710: [ParNew
Desired survivor size 20112992 bytes, new threshold 2 (max 8)
- age   1:   10202768 bytes,   10202768 total
- age   2:   11582792 bytes,   21785560 total
- age   3:        408 bytes,   21785968 total
- age   4:        456 bytes,   21786424 total
- age   5:      37472 bytes,   21823896 total
- age   6:      29512 bytes,   21853408 total
- age   7:      11184 bytes,   21864592 total
- age   8:       2112 bytes,   21866704 total
: 100214K->21824K(109248K), 0.0099447 secs] 276324K->198871K(502464K), 0.0100308 secs] [Times: user=0.03 sys=0.03, real=0.01 secs] 
Heap after GC invocations=356 (full 6):
 par new generation   total 109248K, used 21824K [0x00000000e0000000, 0x00000000e8000000, 0x00000000e8000000)
  eden space 87424K,   0% used [0x00000000e0000000, 0x00000000e0000000, 0x00000000e5560000)
  from space 21824K, 100% used [0x00000000e5560000, 0x00000000e6ab0000, 0x00000000e6ab0000)
  to   space 21824K,   0% used [0x00000000e6ab0000, 0x00000000e6ab0000, 0x00000000e8000000)
 concurrent mark-sweep generation total 393216K, used 177047K [0x00000000e8000000, 0x0000000100000000, 0x0000000100000000)
 Metaspace       used 50045K, capacity 50678K, committed 50808K, reserved 1095680K
  class space    used 5302K, capacity 5446K, committed 5548K, reserved 1048576K
}
2016-06-21T16:09:07.393+0100: 25749.720: Total time for which application threads were stopped: 0.0102526 seconds, Stopping threads took: 0.0000225 seconds
{Heap before GC invocations=356 (full 6):
 par new generation   total 109248K, used 109248K [0x00000000e0000000, 0x00000000e8000000, 0x00000000e8000000)
  eden space 87424K, 100% used [0x00000000e0000000, 0x00000000e5560000, 0x00000000e5560000)
  from space 21824K, 100% used [0x00000000e5560000, 0x00000000e6ab0000, 0x00000000e6ab0000)
  to   space 21824K,   0% used [0x00000000e6ab0000, 0x00000000e6ab0000, 0x00000000e8000000)
 concurrent mark-sweep generation total 393216K, used 177047K [0x00000000e8000000, 0x0000000100000000, 0x0000000100000000)
 Metaspace       used 50045K, capacity 50678K, committed 50808K, reserved 1095680K
  class space    used 5302K, capacity 5446K, committed 5548K, reserved 1048576K
2016-06-21T16:09:07.521+0100: 25749.848: [GC (Allocation Failure) 2016-06-21T16:09:07.521+0100: 25749.848: [ParNew
Desired survivor size 20112992 bytes, new threshold 8 (max 8)
- age   1:    1442384 bytes,    1442384 total
- age   2:    9408160 bytes,   10850544 total
: 109248K->18298K(109248K), 0.0196159 secs] 286295K->206720K(502464K), 0.0196814 secs] [Times: user=0.05 sys=0.02, real=0.02 secs] 
Heap after GC invocations=357 (full 6):
 par new generation   total 109248K, used 18298K [0x00000000e0000000, 0x00000000e8000000, 0x00000000e8000000)
  eden space 87424K,   0% used [0x00000000e0000000, 0x00000000e0000000, 0x00000000e5560000)
  from space 21824K,  83% used [0x00000000e6ab0000, 0x00000000e7c8ea80, 0x00000000e8000000)
  to   space 21824K,   0% used [0x00000000e5560000, 0x00000000e5560000, 0x00000000e6ab0000)
 concurrent mark-sweep generation total 393216K, used 188421K [0x00000000e8000000, 0x0000000100000000, 0x0000000100000000)
 Metaspace       used 50045K, capacity 50678K, committed 50808K, reserved 1095680K
  class space    used 5302K, capacity 5446K, committed 5548K, reserved 1048576K
}
2016-06-21T16:09:07.540+0100: 25749.867: Total time for which application threads were stopped: 0.0200691 seconds, Stopping threads took: 0.0000268 seconds
{Heap before GC invocations=357 (full 6):
 par new generation   total 109248K, used 105722K [0x00000000e0000000, 0x00000000e8000000, 0x00000000e8000000)
  eden space 87424K, 100% used [0x00000000e0000000, 0x00000000e5560000, 0x00000000e5560000)
  from space 21824K,  83% used [0x00000000e6ab0000, 0x00000000e7c8ea80, 0x00000000e8000000)
  to   space 21824K,   0% used [0x00000000e5560000, 0x00000000e5560000, 0x00000000e6ab0000)
 concurrent mark-sweep generation total 393216K, used 188421K [0x00000000e8000000, 0x0000000100000000, 0x0000000100000000)
 Metaspace       used 50045K, capacity 50678K, committed 50808K, reserved 1095680K
  class space    used 5302K, capacity 5446K, committed 5548K, reserved 1048576K
2016-06-21T16:09:07.682+0100: 25750.009: [GC (Allocation Failure) 2016-06-21T16:09:07.682+0100: 25750.009: [ParNew
Desired survivor size 20112992 bytes, new threshold 8 (max 8)
- age   1:    2031784 bytes,    2031784 total
- age   2:     819000 bytes,    2850784 total
- age   3:    9481912 bytes,   12332696 total
: 105722K->16253K(109248K), 0.0049064 secs] 294144K->204675K(502464K), 0.0049657 secs] [Times: user=0.03 sys=0.00, real=0.01 secs] 
Heap after GC invocations=358 (full 6):
 par new generation   total 109248K, used 16253K [0x00000000e0000000, 0x00000000e8000000, 0x00000000e8000000)
  eden space 87424K,   0% used [0x00000000e0000000, 0x00000000e0000000, 0x00000000e5560000)
  from space 21824K,  74% used [0x00000000e5560000, 0x00000000e653f578, 0x00000000e6ab0000)
  to   space 21824K,   0% used [0x00000000e6ab0000, 0x00000000e6ab0000, 0x00000000e8000000)
 concurrent mark-sweep generation total 393216K, used 188421K [0x00000000e8000000, 0x0000000100000000, 0x0000000100000000)
 Metaspace       used 50045K, capacity 50678K, committed 50808K, reserved 1095680K
  class space    used 5302K, capacity 5446K, committed 5548K, reserved 1048576K
}
2016-06-21T16:09:07.687+0100: 25750.014: Total time for which application threads were stopped: 0.0051772 seconds, Stopping threads took: 0.0000205 seconds
{Heap before GC invocations=358 (full 6):
 par new generation   total 109248K, used 103677K [0x00000000e0000000, 0x00000000e8000000, 0x00000000e8000000)
  eden space 87424K, 100% used [0x00000000e0000000, 0x00000000e5560000, 0x00000000e5560000)
  from space 21824K,  74% used [0x00000000e5560000, 0x00000000e653f578, 0x00000000e6ab0000)
  to   space 21824K,   0% used [0x00000000e6ab0000, 0x00000000e6ab0000, 0x00000000e8000000)
 concurrent mark-sweep generation total 393216K, used 188421K [0x00000000e8000000, 0x0000000100000000, 0x0000000100000000)
 Metaspace       used 50045K, capacity 50678K, committed 50808K, reserved 1095680K
  class space    used 5302K, capacity 5446K, committed 5548K, reserved 1048576K
2016-06-21T16:09:07.839+0100: 25750.166: [GC (Allocation Failure) 2016-06-21T16:09:07.839+0100: 25750.166: [ParNew
Desired survivor size 20112992 bytes, new threshold 8 (max 8)
- age   1:    1116560 bytes,    1116560 total
- age   2:    1524136 bytes,    2640696 total
- age   3:     819080 bytes,    3459776 total
- age   4:    9388416 bytes,   12848192 total
: 103677K->15736K(109248K), 0.0048054 secs] 292099K->204157K(502464K), 0.0048733 secs] [Times: user=0.06 sys=0.00, real=0.01 secs] 
Heap after GC invocations=359 (full 6):
 par new generation   total 109248K, used 15736K [0x00000000e0000000, 0x00000000e8000000, 0x00000000e8000000)
  eden space 87424K,   0% used [0x00000000e0000000, 0x00000000e0000000, 0x00000000e5560000)
  from space 21824K,  72% used [0x00000000e6ab0000, 0x00000000e7a0e060, 0x00000000e8000000)
  to   space 21824K,   0% used [0x00000000e5560000, 0x00000000e5560000, 0x00000000e6ab0000)
 concurrent mark-sweep generation total 393216K, used 188421K [0x00000000e8000000, 0x0000000100000000, 0x0000000100000000)
 Metaspace       used 50045K, capacity 50678K, committed 50808K, reserved 1095680K
  class space    used 5302K, capacity 5446K, committed 5548K, reserved 1048576K
}
2016-06-21T16:09:07.844+0100: 25750.171: Total time for which application threads were stopped: 0.0050545 seconds, Stopping threads took: 0.0000197 seconds
{Heap before GC invocations=359 (full 6):
 par new generation   total 109248K, used 102067K [0x00000000e0000000, 0x00000000e8000000, 0x00000000e8000000)
  eden space 87424K,  98% used [0x00000000e0000000, 0x00000000e544eee0, 0x00000000e5560000)
  from space 21824K,  72% used [0x00000000e6ab0000, 0x00000000e7a0e060, 0x00000000e8000000)
  to   space 21824K,   0% used [0x00000000e5560000, 0x00000000e5560000, 0x00000000e6ab0000)
 concurrent mark-sweep generation total 393216K, used 188421K [0x00000000e8000000, 0x0000000100000000, 0x0000000100000000)
 Metaspace       used 50045K, capacity 50678K, committed 50808K, reserved 1095680K
  class space    used 5302K, capacity 5446K, committed 5548K, reserved 1048576K
2016-06-21T16:09:07.972+0100: 25750.299: [GC (Allocation Failure) 2016-06-21T16:09:07.972+0100: 25750.299: [ParNew
Desired survivor size 20112992 bytes, new threshold 8 (max 8)
- age   1:    1659520 bytes,    1659520 total
- age   2:     783152 bytes,    2442672 total
- age   3:     784168 bytes,    3226840 total
- age   4:     816312 bytes,    4043152 total
- age   5:    9349232 bytes,   13392384 total
: 102067K->19200K(109248K), 0.0045200 secs] 290489K->207622K(502464K), 0.0045827 secs] [Times: user=0.00 sys=0.00, real=0.01 secs] 
Heap after GC invocations=360 (full 6):
 par new generation   total 109248K, used 19200K [0x00000000e0000000, 0x00000000e8000000, 0x00000000e8000000)
  eden space 87424K,   0% used [0x00000000e0000000, 0x00000000e0000000, 0x00000000e5560000)
  from space 21824K,  87% used [0x00000000e5560000, 0x00000000e6820240, 0x00000000e6ab0000)
  to   space 21824K,   0% used [0x00000000e6ab0000, 0x00000000e6ab0000, 0x00000000e8000000)
 concurrent mark-sweep generation total 393216K, used 188421K [0x00000000e8000000, 0x0000000100000000, 0x0000000100000000)
 Metaspace       used 50045K, capacity 50678K, committed 50808K, reserved 1095680K
  class space    used 5302K, capacity 5446K, committed 5548K, reserved 1048576K
}
2016-06-21T16:09:07.977+0100: 25750.304: Total time for which application threads were stopped: 0.0048409 seconds, Stopping threads took: 0.0000205 seconds
2016-06-21T16:09:59.002+0100: 25801.329: Total time for which application threads were stopped: 0.0001236 seconds, Stopping threads took: 0.0000371 seconds
2016-06-21T16:13:11.957+0100: 25994.297: Total time for which application threads were stopped: 0.0001247 seconds, Stopping threads took: 0.0000261 seconds
2016-06-21T16:13:12.958+0100: 25995.285: Total time for which application threads were stopped: 0.0000837 seconds, Stopping threads took: 0.0000225 seconds
2016-06-21T16:33:22.065+0100: 27204.392: Total time for which application threads were stopped: 0.0015522 seconds, Stopping threads took: 0.0003107 seconds
2016-06-21T16:33:22.112+0100: 27204.439: Total time for which application threads were stopped: 0.0002049 seconds, Stopping threads took: 0.0000264 seconds
{Heap before GC invocations=360 (full 6):
 par new generation   total 109248K, used 106624K [0x00000000e0000000, 0x00000000e8000000, 0x00000000e8000000)
  eden space 87424K, 100% used [0x00000000e0000000, 0x00000000e5560000, 0x00000000e5560000)
  from space 21824K,  87% used [0x00000000e5560000, 0x00000000e6820240, 0x00000000e6ab0000)
  to   space 21824K,   0% used [0x00000000e6ab0000, 0x00000000e6ab0000, 0x00000000e8000000)
 concurrent mark-sweep generation total 393216K, used 188421K [0x00000000e8000000, 0x0000000100000000, 0x0000000100000000)
 Metaspace       used 50050K, capacity 50678K, committed 50808K, reserved 1095680K
  class space    used 5302K, capacity 5446K, committed 5548K, reserved 1048576K
2016-06-21T16:33:23.452+0100: 27205.780: [GC (Allocation Failure) 2016-06-21T16:33:23.452+0100: 27205.780: [ParNew
Desired survivor size 20112992 bytes, new threshold 8 (max 8)
- age   1:    4495456 bytes,    4495456 total
- age   2:       5280 bytes,    4500736 total
- age   3:       1816 bytes,    4502552 total
- age   4:      26240 bytes,    4528792 total
- age   5:      29112 bytes,    4557904 total
- age   6:     434992 bytes,    4992896 total
: 106624K->8391K(109248K), 0.0232331 secs] 295046K->196813K(502464K), 0.0234052 secs] [Times: user=0.01 sys=0.03, real=0.03 secs] 
Heap after GC invocations=361 (full 6):
 par new generation   total 109248K, used 8391K [0x00000000e0000000, 0x00000000e8000000, 0x00000000e8000000)
  eden space 87424K,   0% used [0x00000000e0000000, 0x00000000e0000000, 0x00000000e5560000)
  from space 21824K,  38% used [0x00000000e6ab0000, 0x00000000e72e1e88, 0x00000000e8000000)
  to   space 21824K,   0% used [0x00000000e5560000, 0x00000000e5560000, 0x00000000e6ab0000)
 concurrent mark-sweep generation total 393216K, used 188421K [0x00000000e8000000, 0x0000000100000000, 0x0000000100000000)
 Metaspace       used 50050K, capacity 50678K, committed 50808K, reserved 1095680K
  class space    used 5302K, capacity 5446K, committed 5548K, reserved 1048576K
}
2016-06-21T16:33:23.477+0100: 27205.803: Total time for which application threads were stopped: 0.0239270 seconds, Stopping threads took: 0.0000292 seconds
2016-06-21T16:33:23.477+0100: 27205.804: Total time for which application threads were stopped: 0.0002219 seconds, Stopping threads took: 0.0000790 seconds
2016-06-21T16:33:23.478+0100: 27205.804: Total time for which application threads were stopped: 0.0001741 seconds, Stopping threads took: 0.0000363 seconds
2016-06-21T16:33:23.478+0100: 27205.804: Total time for which application threads were stopped: 0.0000963 seconds, Stopping threads took: 0.0000347 seconds
2016-06-21T16:33:23.478+0100: 27205.804: Total time for which application threads were stopped: 0.0000782 seconds, Stopping threads took: 0.0000434 seconds
2016-06-21T16:33:23.478+0100: 27205.804: Total time for which application threads were stopped: 0.0001161 seconds, Stopping threads took: 0.0000296 seconds
2016-06-21T16:33:23.478+0100: 27205.805: Total time for which application threads were stopped: 0.0002163 seconds, Stopping threads took: 0.0000257 seconds
{Heap before GC invocations=361 (full 6):
 par new generation   total 109248K, used 95815K [0x00000000e0000000, 0x00000000e8000000, 0x00000000e8000000)
  eden space 87424K, 100% used [0x00000000e0000000, 0x00000000e5560000, 0x00000000e5560000)
  from space 21824K,  38% used [0x00000000e6ab0000, 0x00000000e72e1e88, 0x00000000e8000000)
  to   space 21824K,   0% used [0x00000000e5560000, 0x00000000e5560000, 0x00000000e6ab0000)
 concurrent mark-sweep generation total 393216K, used 188421K [0x00000000e8000000, 0x0000000100000000, 0x0000000100000000)
 Metaspace       used 50050K, capacity 50678K, committed 50808K, reserved 1095680K
  class space    used 5302K, capacity 5446K, committed 5548K, reserved 1048576K
2016-06-21T16:33:23.764+0100: 27206.092: [GC (Allocation Failure) 2016-06-21T16:33:23.764+0100: 27206.092: [ParNew
Desired survivor size 20112992 bytes, new threshold 8 (max 8)
- age   1:    1505968 bytes,    1505968 total
- age   2:    3073784 bytes,    4579752 total
- age   3:       5280 bytes,    4585032 total
- age   4:       1816 bytes,    4586848 total
- age   5:      26200 bytes,    4613048 total
- age   6:      29112 bytes,    4642160 total
- age   7:     434992 bytes,    5077152 total
: 95815K->6335K(109248K), 0.0046550 secs] 284237K->194756K(502464K), 0.0047395 secs] [Times: user=0.00 sys=0.00, real=0.01 secs] 
Heap after GC invocations=362 (full 6):
 par new generation   total 109248K, used 6335K [0x00000000e0000000, 0x00000000e8000000, 0x00000000e8000000)
  eden space 87424K,   0% used [0x00000000e0000000, 0x00000000e0000000, 0x00000000e5560000)
  from space 21824K,  29% used [0x00000000e5560000, 0x00000000e5b8fc88, 0x00000000e6ab0000)
  to   space 21824K,   0% used [0x00000000e6ab0000, 0x00000000e6ab0000, 0x00000000e8000000)
 concurrent mark-sweep generation total 393216K, used 188421K [0x00000000e8000000, 0x0000000100000000, 0x0000000100000000)
 Metaspace       used 50050K, capacity 50678K, committed 50808K, reserved 1095680K
  class space    used 5302K, capacity 5446K, committed 5548K, reserved 1048576K
}
2016-06-21T16:33:23.769+0100: 27206.097: Total time for which application threads were stopped: 0.0049779 seconds, Stopping threads took: 0.0000272 seconds
{Heap before GC invocations=362 (full 6):
 par new generation   total 109248K, used 93759K [0x00000000e0000000, 0x00000000e8000000, 0x00000000e8000000)
  eden space 87424K, 100% used [0x00000000e0000000, 0x00000000e5560000, 0x00000000e5560000)
  from space 21824K,  29% used [0x00000000e5560000, 0x00000000e5b8fc88, 0x00000000e6ab0000)
  to   space 21824K,   0% used [0x00000000e6ab0000, 0x00000000e6ab0000, 0x00000000e8000000)
 concurrent mark-sweep generation total 393216K, used 188421K [0x00000000e8000000, 0x0000000100000000, 0x0000000100000000)
 Metaspace       used 50050K, capacity 50678K, committed 50808K, reserved 1095680K
  class space    used 5302K, capacity 5446K, committed 5548K, reserved 1048576K
2016-06-21T16:33:25.361+0100: 27207.688: [GC (Allocation Failure) 2016-06-21T16:33:25.361+0100: 27207.688: [ParNew
Desired survivor size 20112992 bytes, new threshold 8 (max 8)
- age   1:     361144 bytes,     361144 total
- age   2:       1808 bytes,     362952 total
- age   3:    3068576 bytes,    3431528 total
- age   4:       5280 bytes,    3436808 total
- age   5:       1816 bytes,    3438624 total
- age   6:      26200 bytes,    3464824 total
- age   7:      29192 bytes,    3494016 total
- age   8:     434992 bytes,    3929008 total
: 93759K->4499K(109248K), 0.0040218 secs] 282180K->192921K(502464K), 0.0041015 secs] [Times: user=0.00 sys=0.00, real=0.00 secs] 
Heap after GC invocations=363 (full 6):
 par new generation   total 109248K, used 4499K [0x00000000e0000000, 0x00000000e8000000, 0x00000000e8000000)
  eden space 87424K,   0% used [0x00000000e0000000, 0x00000000e0000000, 0x00000000e5560000)
  from space 21824K,  20% used [0x00000000e6ab0000, 0x00000000e6f14ea0, 0x00000000e8000000)
  to   space 21824K,   0% used [0x00000000e5560000, 0x00000000e5560000, 0x00000000e6ab0000)
 concurrent mark-sweep generation total 393216K, used 188421K [0x00000000e8000000, 0x0000000100000000, 0x0000000100000000)
 Metaspace       used 50050K, capacity 50678K, committed 50808K, reserved 1095680K
  class space    used 5302K, capacity 5446K, committed 5548K, reserved 1048576K
}
2016-06-21T16:33:25.365+0100: 27207.692: Total time for which application threads were stopped: 0.0044766 seconds, Stopping threads took: 0.0000201 seconds
2016-06-21T16:33:25.366+0100: 27207.692: Total time for which application threads were stopped: 0.0001863 seconds, Stopping threads took: 0.0001204 seconds
2016-06-21T16:33:25.366+0100: 27207.692: Total time for which application threads were stopped: 0.0001417 seconds, Stopping threads took: 0.0000486 seconds
2016-06-21T16:33:25.366+0100: 27207.692: Total time for which application threads were stopped: 0.0000683 seconds, Stopping threads took: 0.0000217 seconds
2016-06-21T16:33:25.366+0100: 27207.693: Total time for which application threads were stopped: 0.0000482 seconds, Stopping threads took: 0.0000193 seconds
2016-06-21T16:33:25.366+0100: 27207.693: Total time for which application threads were stopped: 0.0000651 seconds, Stopping threads took: 0.0000320 seconds
2016-06-21T16:33:25.366+0100: 27207.693: Total time for which application threads were stopped: 0.0001812 seconds, Stopping threads took: 0.0000264 seconds
2016-06-21T16:33:25.366+0100: 27207.693: Total time for which application threads were stopped: 0.0001062 seconds, Stopping threads took: 0.0000320 seconds
2016-06-21T16:33:25.366+0100: 27207.693: Total time for which application threads were stopped: 0.0000561 seconds, Stopping threads took: 0.0000245 seconds
2016-06-21T16:33:25.367+0100: 27207.693: Total time for which application threads were stopped: 0.0000533 seconds, Stopping threads took: 0.0000237 seconds
2016-06-21T16:33:25.367+0100: 27207.693: Total time for which application threads were stopped: 0.0001007 seconds, Stopping threads took: 0.0000355 seconds
2016-06-21T16:33:25.367+0100: 27207.693: Total time for which application threads were stopped: 0.0000711 seconds, Stopping threads took: 0.0000288 seconds
2016-06-21T16:33:25.367+0100: 27207.693: Total time for which application threads were stopped: 0.0000478 seconds, Stopping threads took: 0.0000178 seconds
2016-06-21T16:33:25.367+0100: 27207.693: Total time for which application threads were stopped: 0.0000797 seconds, Stopping threads took: 0.0000288 seconds
2016-06-21T16:33:25.367+0100: 27207.694: Total time for which application threads were stopped: 0.0002072 seconds, Stopping threads took: 0.0000722 seconds
2016-06-21T16:33:26.367+0100: 27208.693: Total time for which application threads were stopped: 0.0000813 seconds, Stopping threads took: 0.0000233 seconds
{Heap before GC invocations=363 (full 6):
 par new generation   total 109248K, used 91923K [0x00000000e0000000, 0x00000000e8000000, 0x00000000e8000000)
  eden space 87424K, 100% used [0x00000000e0000000, 0x00000000e5560000, 0x00000000e5560000)
  from space 21824K,  20% used [0x00000000e6ab0000, 0x00000000e6f14ea0, 0x00000000e8000000)
  to   space 21824K,   0% used [0x00000000e5560000, 0x00000000e5560000, 0x00000000e6ab0000)
 concurrent mark-sweep generation total 393216K, used 188421K [0x00000000e8000000, 0x0000000100000000, 0x0000000100000000)
 Metaspace       used 50052K, capacity 50678K, committed 50808K, reserved 1095680K
  class space    used 5302K, capacity 5446K, committed 5548K, reserved 1048576K
2016-06-21T16:33:28.505+0100: 27210.832: [GC (Allocation Failure) 2016-06-21T16:33:28.505+0100: 27210.832: [ParNew
Desired survivor size 20112992 bytes, new threshold 4 (max 8)
- age   1:   19964832 bytes,   19964832 total
- age   2:       5920 bytes,   19970752 total
- age   3:        384 bytes,   19971136 total
- age   4:    2306456 bytes,   22277592 total
- age   5:       5280 bytes,   22282872 total
- age   6:       1816 bytes,   22284688 total
- age   7:      26200 bytes,   22310888 total
- age   8:      29112 bytes,   22340000 total
: 91923K->21824K(109248K), 0.0174088 secs] 280345K->212260K(502464K), 0.0174803 secs] [Times: user=0.03 sys=0.03, real=0.02 secs] 
Heap after GC invocations=364 (full 6):
 par new generation   total 109248K, used 21824K [0x00000000e0000000, 0x00000000e8000000, 0x00000000e8000000)
  eden space 87424K,   0% used [0x00000000e0000000, 0x00000000e0000000, 0x00000000e5560000)
  from space 21824K, 100% used [0x00000000e5560000, 0x00000000e6ab0000, 0x00000000e6ab0000)
  to   space 21824K,   0% used [0x00000000e6ab0000, 0x00000000e6ab0000, 0x00000000e8000000)
 concurrent mark-sweep generation total 393216K, used 190436K [0x00000000e8000000, 0x0000000100000000, 0x0000000100000000)
 Metaspace       used 50052K, capacity 50678K, committed 50808K, reserved 1095680K
  class space    used 5302K, capacity 5446K, committed 5548K, reserved 1048576K
}
2016-06-21T16:33:28.522+0100: 27210.849: Total time for which application threads were stopped: 0.0177179 seconds, Stopping threads took: 0.0000205 seconds
2016-06-21T16:33:28.522+0100: 27210.850: Total time for which application threads were stopped: 0.0001397 seconds, Stopping threads took: 0.0000509 seconds
2016-06-21T16:33:28.522+0100: 27210.850: Total time for which application threads were stopped: 0.0001263 seconds, Stopping threads took: 0.0000371 seconds
2016-06-21T16:33:28.523+0100: 27210.850: Total time for which application threads were stopped: 0.0001062 seconds, Stopping threads took: 0.0000596 seconds
2016-06-21T16:33:28.523+0100: 27210.850: Total time for which application threads were stopped: 0.0000762 seconds, Stopping threads took: 0.0000339 seconds
2016-06-21T16:33:28.523+0100: 27210.850: Total time for which application threads were stopped: 0.0001453 seconds, Stopping threads took: 0.0000391 seconds
2016-06-21T16:33:28.523+0100: 27210.850: Total time for which application threads were stopped: 0.0000738 seconds, Stopping threads took: 0.0000304 seconds
2016-06-21T16:33:28.523+0100: 27210.851: Total time for which application threads were stopped: 0.0000932 seconds, Stopping threads took: 0.0000513 seconds
2016-06-21T16:33:28.523+0100: 27210.851: Total time for which application threads were stopped: 0.0000809 seconds, Stopping threads took: 0.0000391 seconds
2016-06-21T16:33:28.523+0100: 27210.851: Total time for which application threads were stopped: 0.0000659 seconds, Stopping threads took: 0.0000221 seconds
2016-06-21T16:33:28.523+0100: 27210.851: Total time for which application threads were stopped: 0.0000679 seconds, Stopping threads took: 0.0000253 seconds
2016-06-21T16:33:28.523+0100: 27210.851: Total time for which application threads were stopped: 0.0001800 seconds, Stopping threads took: 0.0000624 seconds
{Heap before GC invocations=364 (full 6):
 par new generation   total 109248K, used 109248K [0x00000000e0000000, 0x00000000e8000000, 0x00000000e8000000)
  eden space 87424K, 100% used [0x00000000e0000000, 0x00000000e5560000, 0x00000000e5560000)
  from space 21824K, 100% used [0x00000000e5560000, 0x00000000e6ab0000, 0x00000000e6ab0000)
  to   space 21824K,   0% used [0x00000000e6ab0000, 0x00000000e6ab0000, 0x00000000e8000000)
 concurrent mark-sweep generation total 393216K, used 190436K [0x00000000e8000000, 0x0000000100000000, 0x0000000100000000)
 Metaspace       used 50052K, capacity 50678K, committed 50808K, reserved 1095680K
  class space    used 5302K, capacity 5446K, committed 5548K, reserved 1048576K
2016-06-21T16:33:28.656+0100: 27210.983: [GC (Allocation Failure) 2016-06-21T16:33:28.656+0100: 27210.983: [ParNew
Desired survivor size 20112992 bytes, new threshold 2 (max 8)
- age   1:    1639040 bytes,    1639040 total
- age   2:   19538200 bytes,   21177240 total
- age   3:       5880 bytes,   21183120 total
- age   4:        384 bytes,   21183504 total
: 109248K->21824K(109248K), 0.0167057 secs] 299684K->214981K(502464K), 0.0167839 secs] [Times: user=0.00 sys=0.02, real=0.02 secs] 
Heap after GC invocations=365 (full 6):
 par new generation   total 109248K, used 21824K [0x00000000e0000000, 0x00000000e8000000, 0x00000000e8000000)
  eden space 87424K,   0% used [0x00000000e0000000, 0x00000000e0000000, 0x00000000e5560000)
  from space 21824K, 100% used [0x00000000e6ab0000, 0x00000000e8000000, 0x00000000e8000000)
  to   space 21824K,   0% used [0x00000000e5560000, 0x00000000e5560000, 0x00000000e6ab0000)
 concurrent mark-sweep generation total 393216K, used 193157K [0x00000000e8000000, 0x0000000100000000, 0x0000000100000000)
 Metaspace       used 50052K, capacity 50678K, committed 50808K, reserved 1095680K
  class space    used 5302K, capacity 5446K, committed 5548K, reserved 1048576K
}
2016-06-21T16:33:28.673+0100: 27210.999: Total time for which application threads were stopped: 0.0170448 seconds, Stopping threads took: 0.0000205 seconds
{Heap before GC invocations=365 (full 6):
 par new generation   total 109248K, used 109248K [0x00000000e0000000, 0x00000000e8000000, 0x00000000e8000000)
  eden space 87424K, 100% used [0x00000000e0000000, 0x00000000e5560000, 0x00000000e5560000)
  from space 21824K, 100% used [0x00000000e6ab0000, 0x00000000e8000000, 0x00000000e8000000)
  to   space 21824K,   0% used [0x00000000e5560000, 0x00000000e5560000, 0x00000000e6ab0000)
 concurrent mark-sweep generation total 393216K, used 193157K [0x00000000e8000000, 0x0000000100000000, 0x0000000100000000)
 Metaspace       used 50052K, capacity 50678K, committed 50808K, reserved 1095680K
  class space    used 5302K, capacity 5446K, committed 5548K, reserved 1048576K
2016-06-21T16:33:28.818+0100: 27211.145: [GC (Allocation Failure) 2016-06-21T16:33:28.818+0100: 27211.145: [ParNew
Desired survivor size 20112992 bytes, new threshold 8 (max 8)
- age   1:    1086992 bytes,    1086992 total
- age   2:    1147168 bytes,    2234160 total
: 109248K->17876K(109248K), 0.0283811 secs] 302405K->230076K(502464K), 0.0284454 secs] [Times: user=0.05 sys=0.06, real=0.03 secs] 
Heap after GC invocations=366 (full 6):
 par new generation   total 109248K, used 17876K [0x00000000e0000000, 0x00000000e8000000, 0x00000000e8000000)
  eden space 87424K,   0% used [0x00000000e0000000, 0x00000000e0000000, 0x00000000e5560000)
  from space 21824K,  81% used [0x00000000e5560000, 0x00000000e66d5180, 0x00000000e6ab0000)
  to   space 21824K,   0% used [0x00000000e6ab0000, 0x00000000e6ab0000, 0x00000000e8000000)
 concurrent mark-sweep generation total 393216K, used 212199K [0x00000000e8000000, 0x0000000100000000, 0x0000000100000000)
 Metaspace       used 50052K, capacity 50678K, committed 50808K, reserved 1095680K
  class space    used 5302K, capacity 5446K, committed 5548K, reserved 1048576K
}
2016-06-21T16:33:28.847+0100: 27211.173: Total time for which application threads were stopped: 0.0286472 seconds, Stopping threads took: 0.0000241 seconds
2016-06-21T16:33:28.847+0100: 27211.174: [GC (CMS Initial Mark) [1 CMS-initial-mark: 212199K(393216K)] 230076K(502464K), 0.0012048 secs] [Times: user=0.00 sys=0.00, real=0.00 secs] 
2016-06-21T16:33:28.848+0100: 27211.175: Total time for which application threads were stopped: 0.0013473 seconds, Stopping threads took: 0.0000395 seconds
2016-06-21T16:33:28.848+0100: 27211.175: [CMS-concurrent-mark-start]
2016-06-21T16:33:28.891+0100: 27211.218: [CMS-concurrent-mark: 0.043/0.043 secs] [Times: user=0.16 sys=0.03, real=0.04 secs] 
2016-06-21T16:33:28.891+0100: 27211.218: [CMS-concurrent-preclean-start]
2016-06-21T16:33:28.893+0100: 27211.220: [CMS-concurrent-preclean: 0.001/0.001 secs] [Times: user=0.00 sys=0.00, real=0.00 secs] 
2016-06-21T16:33:28.893+0100: 27211.220: [GC (CMS Final Remark) [YG occupancy: 19147 K (109248 K)]{Heap before GC invocations=366 (full 7):
 par new generation   total 109248K, used 19147K [0x00000000e0000000, 0x00000000e8000000, 0x00000000e8000000)
  eden space 87424K,   1% used [0x00000000e0000000, 0x00000000e013dbc0, 0x00000000e5560000)
  from space 21824K,  81% used [0x00000000e5560000, 0x00000000e66d5180, 0x00000000e6ab0000)
  to   space 21824K,   0% used [0x00000000e6ab0000, 0x00000000e6ab0000, 0x00000000e8000000)
 concurrent mark-sweep generation total 393216K, used 212199K [0x00000000e8000000, 0x0000000100000000, 0x0000000100000000)
 Metaspace       used 50052K, capacity 50678K, committed 50808K, reserved 1095680K
  class space    used 5302K, capacity 5446K, committed 5548K, reserved 1048576K
2016-06-21T16:33:28.893+0100: 27211.220: [GC (CMS Final Remark) 2016-06-21T16:33:28.893+0100: 27211.220: [ParNew
Desired survivor size 20112992 bytes, new threshold 8 (max 8)
- age   1:     139960 bytes,     139960 total
- age   2:     790408 bytes,     930368 total
- age   3:    1147168 bytes,    2077536 total
: 19147K->4702K(109248K), 0.0020235 secs] 231347K->216902K(502464K), 0.0020745 secs] [Times: user=0.00 sys=0.00, real=0.00 secs] 
Heap after GC invocations=367 (full 7):
 par new generation   total 109248K, used 4702K [0x00000000e0000000, 0x00000000e8000000, 0x00000000e8000000)
  eden space 87424K,   0% used [0x00000000e0000000, 0x00000000e0000000, 0x00000000e5560000)
  from space 21824K,  21% used [0x00000000e6ab0000, 0x00000000e6f47b60, 0x00000000e8000000)
  to   space 21824K,   0% used [0x00000000e5560000, 0x00000000e5560000, 0x00000000e6ab0000)
 concurrent mark-sweep generation total 393216K, used 212199K [0x00000000e8000000, 0x0000000100000000, 0x0000000100000000)
 Metaspace       used 50052K, capacity 50678K, committed 50808K, reserved 1095680K
  class space    used 5302K, capacity 5446K, committed 5548K, reserved 1048576K
}
2016-06-21T16:33:28.895+0100: 27211.222: [Rescan (parallel) , 0.0008835 secs]2016-06-21T16:33:28.896+0100: 27211.223: [weak refs processing, 0.0088130 secs]2016-06-21T16:33:28.905+0100: 27211.232: [class unloading, 0.0965940 secs]2016-06-21T16:33:29.002+0100: 27211.329: [scrub symbol table, 0.0365198 secs]2016-06-21T16:33:29.038+0100: 27211.365: [scrub string table, 0.0010307 secs][1 CMS-remark: 212199K(393216K)] 216902K(502464K), 0.1470875 secs] [Times: user=0.02 sys=0.14, real=0.15 secs] 
2016-06-21T16:33:29.040+0100: 27211.367: Total time for which application threads were stopped: 0.1473729 seconds, Stopping threads took: 0.0000288 seconds
2016-06-21T16:33:29.040+0100: 27211.367: [CMS-concurrent-sweep-start]
{Heap before GC invocations=367 (full 7):
 par new generation   total 109248K, used 92126K [0x00000000e0000000, 0x00000000e8000000, 0x00000000e8000000)
  eden space 87424K, 100% used [0x00000000e0000000, 0x00000000e5560000, 0x00000000e5560000)
  from space 21824K,  21% used [0x00000000e6ab0000, 0x00000000e6f47b60, 0x00000000e8000000)
  to   space 21824K,   0% used [0x00000000e5560000, 0x00000000e5560000, 0x00000000e6ab0000)
 concurrent mark-sweep generation total 393216K, used 109303K [0x00000000e8000000, 0x0000000100000000, 0x0000000100000000)
 Metaspace       used 50052K, capacity 50678K, committed 50808K, reserved 1095680K
  class space    used 5302K, capacity 5446K, committed 5548K, reserved 1048576K
2016-06-21T16:33:29.176+0100: 27211.503: [GC (Allocation Failure) 2016-06-21T16:33:29.176+0100: 27211.503: [ParNew
Desired survivor size 20112992 bytes, new threshold 8 (max 8)
- age   1:    2034352 bytes,    2034352 total
- age   2:      33280 bytes,    2067632 total
- age   3:     785736 bytes,    2853368 total
- age   4:     785984 bytes,    3639352 total
: 92126K->4404K(109248K), 0.0023875 secs] 201430K->113707K(502464K), 0.0024542 secs] [Times: user=0.00 sys=0.00, real=0.00 secs] 
Heap after GC invocations=368 (full 7):
 par new generation   total 109248K, used 4404K [0x00000000e0000000, 0x00000000e8000000, 0x00000000e8000000)
  eden space 87424K,   0% used [0x00000000e0000000, 0x00000000e0000000, 0x00000000e5560000)
  from space 21824K,  20% used [0x00000000e5560000, 0x00000000e59ad060, 0x00000000e6ab0000)
  to   space 21824K,   0% used [0x00000000e6ab0000, 0x00000000e6ab0000, 0x00000000e8000000)
 concurrent mark-sweep generation total 393216K, used 109303K [0x00000000e8000000, 0x0000000100000000, 0x0000000100000000)
 Metaspace       used 50052K, capacity 50678K, committed 50808K, reserved 1095680K
  class space    used 5302K, capacity 5446K, committed 5548K, reserved 1048576K
}
2016-06-21T16:33:29.179+0100: 27211.506: Total time for which application threads were stopped: 0.0026571 seconds, Stopping threads took: 0.0000205 seconds
2016-06-21T16:33:29.245+0100: 27211.572: [CMS-concurrent-sweep: 0.202/0.205 secs] [Times: user=0.28 sys=0.13, real=0.20 secs] 
2016-06-21T16:33:29.245+0100: 27211.572: [CMS-concurrent-reset-start]
2016-06-21T16:33:29.246+0100: 27211.573: [CMS-concurrent-reset: 0.001/0.001 secs] [Times: user=0.00 sys=0.00, real=0.00 secs] 
{Heap before GC invocations=368 (full 7):
 par new generation   total 109248K, used 91828K [0x00000000e0000000, 0x00000000e8000000, 0x00000000e8000000)
  eden space 87424K, 100% used [0x00000000e0000000, 0x00000000e5560000, 0x00000000e5560000)
  from space 21824K,  20% used [0x00000000e5560000, 0x00000000e59ad060, 0x00000000e6ab0000)
  to   space 21824K,   0% used [0x00000000e6ab0000, 0x00000000e6ab0000, 0x00000000e8000000)
 concurrent mark-sweep generation total 393216K, used 55512K [0x00000000e8000000, 0x0000000100000000, 0x0000000100000000)
 Metaspace       used 50052K, capacity 50678K, committed 50808K, reserved 1095680K
  class space    used 5302K, capacity 5446K, committed 5548K, reserved 1048576K
2016-06-21T16:33:29.292+0100: 27211.619: [GC (Allocation Failure) 2016-06-21T16:33:29.292+0100: 27211.619: [ParNew
Desired survivor size 20112992 bytes, new threshold 8 (max 8)
- age   1:    1115824 bytes,    1115824 total
- age   2:    1507800 bytes,    2623624 total
- age   3:      33280 bytes,    2656904 total
- age   4:     785736 bytes,    3442640 total
- age   5:     786064 bytes,    4228704 total
: 91828K->5719K(109248K), 0.0027033 secs] 147340K->61231K(502464K), 0.0027669 secs] [Times: user=0.00 sys=0.00, real=0.00 secs] 
Heap after GC invocations=369 (full 7):
 par new generation   total 109248K, used 5719K [0x00000000e0000000, 0x00000000e8000000, 0x00000000e8000000)
  eden space 87424K,   0% used [0x00000000e0000000, 0x00000000e0000000, 0x00000000e5560000)
  from space 21824K,  26% used [0x00000000e6ab0000, 0x00000000e7045c90, 0x00000000e8000000)
  to   space 21824K,   0% used [0x00000000e5560000, 0x00000000e5560000, 0x00000000e6ab0000)
 concurrent mark-sweep generation total 393216K, used 55512K [0x00000000e8000000, 0x0000000100000000, 0x0000000100000000)
 Metaspace       used 50052K, capacity 50678K, committed 50808K, reserved 1095680K
  class space    used 5302K, capacity 5446K, committed 5548K, reserved 1048576K
}
2016-06-21T16:33:29.295+0100: 27211.622: Total time for which application threads were stopped: 0.0029848 seconds, Stopping threads took: 0.0000213 seconds
2016-06-21T16:38:47.248+0100: 27529.575: Total time for which application threads were stopped: 0.0002447 seconds, Stopping threads took: 0.0000332 seconds
2016-06-21T16:38:47.289+0100: 27529.616: Total time for which application threads were stopped: 0.0001666 seconds, Stopping threads took: 0.0000375 seconds
{Heap before GC invocations=369 (full 7):
 par new generation   total 109248K, used 93143K [0x00000000e0000000, 0x00000000e8000000, 0x00000000e8000000)
  eden space 87424K, 100% used [0x00000000e0000000, 0x00000000e5560000, 0x00000000e5560000)
  from space 21824K,  26% used [0x00000000e6ab0000, 0x00000000e7045c90, 0x00000000e8000000)
  to   space 21824K,   0% used [0x00000000e5560000, 0x00000000e5560000, 0x00000000e6ab0000)
 concurrent mark-sweep generation total 393216K, used 55512K [0x00000000e8000000, 0x0000000100000000, 0x0000000100000000)
 Metaspace       used 50056K, capacity 50678K, committed 50808K, reserved 1095680K
  class space    used 5302K, capacity 5446K, committed 5548K, reserved 1048576K
2016-06-21T16:38:48.934+0100: 27531.261: [GC (Allocation Failure) 2016-06-21T16:38:48.934+0100: 27531.261: [ParNew
Desired survivor size 20112992 bytes, new threshold 8 (max 8)
- age   1:    7703304 bytes,    7703304 total
- age   2:      32496 bytes,    7735800 total
- age   3:      32488 bytes,    7768288 total
- age   4:        480 bytes,    7768768 total
- age   5:      31336 bytes,    7800104 total
- age   6:      31624 bytes,    7831728 total
: 93143K->8804K(109248K), 0.0105531 secs] 148655K->64317K(502464K), 0.0108203 secs] [Times: user=0.00 sys=0.03, real=0.01 secs] 
Heap after GC invocations=370 (full 7):
 par new generation   total 109248K, used 8804K [0x00000000e0000000, 0x00000000e8000000, 0x00000000e8000000)
  eden space 87424K,   0% used [0x00000000e0000000, 0x00000000e0000000, 0x00000000e5560000)
  from space 21824K,  40% used [0x00000000e5560000, 0x00000000e5df9290, 0x00000000e6ab0000)
  to   space 21824K,   0% used [0x00000000e6ab0000, 0x00000000e6ab0000, 0x00000000e8000000)
 concurrent mark-sweep generation total 393216K, used 55512K [0x00000000e8000000, 0x0000000100000000, 0x0000000100000000)
 Metaspace       used 50056K, capacity 50678K, committed 50808K, reserved 1095680K
  class space    used 5302K, capacity 5446K, committed 5548K, reserved 1048576K
}
2016-06-21T16:38:48.945+0100: 27531.272: Total time for which application threads were stopped: 0.0111294 seconds, Stopping threads took: 0.0000257 seconds
2016-06-21T16:38:48.945+0100: 27531.272: Total time for which application threads were stopped: 0.0001622 seconds, Stopping threads took: 0.0000489 seconds
2016-06-21T16:38:48.945+0100: 27531.272: Total time for which application threads were stopped: 0.0000632 seconds, Stopping threads took: 0.0000178 seconds
2016-06-21T16:38:48.945+0100: 27531.273: Total time for which application threads were stopped: 0.0000951 seconds, Stopping threads took: 0.0000454 seconds
2016-06-21T16:38:48.945+0100: 27531.273: Total time for which application threads were stopped: 0.0001674 seconds, Stopping threads took: 0.0000245 seconds
2016-06-21T16:38:48.945+0100: 27531.273: Total time for which application threads were stopped: 0.0000758 seconds, Stopping threads took: 0.0000280 seconds
2016-06-21T16:38:48.945+0100: 27531.273: Total time for which application threads were stopped: 0.0000715 seconds, Stopping threads took: 0.0000308 seconds
{Heap before GC invocations=370 (full 7):
 par new generation   total 109248K, used 96228K [0x00000000e0000000, 0x00000000e8000000, 0x00000000e8000000)
  eden space 87424K, 100% used [0x00000000e0000000, 0x00000000e5560000, 0x00000000e5560000)
  from space 21824K,  40% used [0x00000000e5560000, 0x00000000e5df9290, 0x00000000e6ab0000)
  to   space 21824K,   0% used [0x00000000e6ab0000, 0x00000000e6ab0000, 0x00000000e8000000)
 concurrent mark-sweep generation total 393216K, used 55512K [0x00000000e8000000, 0x0000000100000000, 0x0000000100000000)
 Metaspace       used 50056K, capacity 50678K, committed 50808K, reserved 1095680K
  class space    used 5302K, capacity 5446K, committed 5548K, reserved 1048576K
2016-06-21T16:38:49.336+0100: 27531.664: [GC (Allocation Failure) 2016-06-21T16:38:49.336+0100: 27531.664: [ParNew
Desired survivor size 20112992 bytes, new threshold 8 (max 8)
- age   1:    1574008 bytes,    1574008 total
- age   2:    6163216 bytes,    7737224 total
- age   3:      32456 bytes,    7769680 total
- age   4:      32488 bytes,    7802168 total
- age   5:        480 bytes,    7802648 total
- age   6:      31336 bytes,    7833984 total
- age   7:      31584 bytes,    7865568 total
: 96228K->8363K(109248K), 0.0031995 secs] 151741K->63876K(502464K), 0.0032741 secs] [Times: user=0.00 sys=0.00, real=0.00 secs] 
Heap after GC invocations=371 (full 7):
 par new generation   total 109248K, used 8363K [0x00000000e0000000, 0x00000000e8000000, 0x00000000e8000000)
  eden space 87424K,   0% used [0x00000000e0000000, 0x00000000e0000000, 0x00000000e5560000)
  from space 21824K,  38% used [0x00000000e6ab0000, 0x00000000e72dae38, 0x00000000e8000000)
  to   space 21824K,   0% used [0x00000000e5560000, 0x00000000e5560000, 0x00000000e6ab0000)
 concurrent mark-sweep generation total 393216K, used 55512K [0x00000000e8000000, 0x0000000100000000, 0x0000000100000000)
 Metaspace       used 50056K, capacity 50678K, committed 50808K, reserved 1095680K
  class space    used 5302K, capacity 5446K, committed 5548K, reserved 1048576K
}
2016-06-21T16:38:49.340+0100: 27531.667: Total time for which application threads were stopped: 0.0035528 seconds, Stopping threads took: 0.0000253 seconds
{Heap before GC invocations=371 (full 7):
 par new generation   total 109248K, used 95787K [0x00000000e0000000, 0x00000000e8000000, 0x00000000e8000000)
  eden space 87424K, 100% used [0x00000000e0000000, 0x00000000e5560000, 0x00000000e5560000)
  from space 21824K,  38% used [0x00000000e6ab0000, 0x00000000e72dae38, 0x00000000e8000000)
  to   space 21824K,   0% used [0x00000000e5560000, 0x00000000e5560000, 0x00000000e6ab0000)
 concurrent mark-sweep generation total 393216K, used 55512K [0x00000000e8000000, 0x0000000100000000, 0x0000000100000000)
 Metaspace       used 50056K, capacity 50678K, committed 50808K, reserved 1095680K
  class space    used 5302K, capacity 5446K, committed 5548K, reserved 1048576K
2016-06-21T16:38:50.040+0100: 27532.367: [GC (Allocation Failure) 2016-06-21T16:38:50.040+0100: 27532.367: [ParNew
Desired survivor size 20112992 bytes, new threshold 8 (max 8)
- age   1:    1664528 bytes,    1664528 total
- age   2:       3464 bytes,    1667992 total
- age   3:    6160336 bytes,    7828328 total
- age   4:      32456 bytes,    7860784 total
- age   5:      32488 bytes,    7893272 total
- age   6:        480 bytes,    7893752 total
- age   7:      31336 bytes,    7925088 total
- age   8:      31584 bytes,    7956672 total
: 95787K->8360K(109248K), 0.0047620 secs] 151300K->63872K(502464K), 0.0048180 secs] [Times: user=0.00 sys=0.00, real=0.01 secs] 
Heap after GC invocations=372 (full 7):
 par new generation   total 109248K, used 8360K [0x00000000e0000000, 0x00000000e8000000, 0x00000000e8000000)
  eden space 87424K,   0% used [0x00000000e0000000, 0x00000000e0000000, 0x00000000e5560000)
  from space 21824K,  38% used [0x00000000e5560000, 0x00000000e5d8a0d0, 0x00000000e6ab0000)
  to   space 21824K,   0% used [0x00000000e6ab0000, 0x00000000e6ab0000, 0x00000000e8000000)
 concurrent mark-sweep generation total 393216K, used 55512K [0x00000000e8000000, 0x0000000100000000, 0x0000000100000000)
 Metaspace       used 50056K, capacity 50678K, committed 50808K, reserved 1095680K
  class space    used 5302K, capacity 5446K, committed 5548K, reserved 1048576K
}
2016-06-21T16:38:50.045+0100: 27532.372: Total time for which application threads were stopped: 0.0050249 seconds, Stopping threads took: 0.0000221 seconds
2016-06-21T16:38:54.048+0100: 27536.375: Total time for which application threads were stopped: 0.0001038 seconds, Stopping threads took: 0.0000316 seconds
{Heap before GC invocations=372 (full 7):
 par new generation   total 109248K, used 95784K [0x00000000e0000000, 0x00000000e8000000, 0x00000000e8000000)
  eden space 87424K, 100% used [0x00000000e0000000, 0x00000000e5560000, 0x00000000e5560000)
  from space 21824K,  38% used [0x00000000e5560000, 0x00000000e5d8a0d0, 0x00000000e6ab0000)
  to   space 21824K,   0% used [0x00000000e6ab0000, 0x00000000e6ab0000, 0x00000000e8000000)
 concurrent mark-sweep generation total 393216K, used 55512K [0x00000000e8000000, 0x0000000100000000, 0x0000000100000000)
 Metaspace       used 50056K, capacity 50678K, committed 50808K, reserved 1095680K
  class space    used 5302K, capacity 5446K, committed 5548K, reserved 1048576K
2016-06-21T16:39:00.995+0100: 27543.321: [GC (Allocation Failure) 2016-06-21T16:39:00.995+0100: 27543.321: [ParNew
Desired survivor size 20112992 bytes, new threshold 8 (max 8)
- age   1:   11508208 bytes,   11508208 total
- age   2:       1952 bytes,   11510160 total
- age   3:        408 bytes,   11510568 total
- age   4:    6919320 bytes,   18429888 total
- age   5:      32456 bytes,   18462344 total
- age   6:      32488 bytes,   18494832 total
- age   7:        480 bytes,   18495312 total
- age   8:      31336 bytes,   18526648 total
: 95784K->19037K(109248K), 0.0066746 secs] 151296K->74580K(502464K), 0.0067661 secs] [Times: user=0.06 sys=0.00, real=0.01 secs] 
Heap after GC invocations=373 (full 7):
 par new generation   total 109248K, used 19037K [0x00000000e0000000, 0x00000000e8000000, 0x00000000e8000000)
  eden space 87424K,   0% used [0x00000000e0000000, 0x00000000e0000000, 0x00000000e5560000)
  from space 21824K,  87% used [0x00000000e6ab0000, 0x00000000e7d474a8, 0x00000000e8000000)
  to   space 21824K,   0% used [0x00000000e5560000, 0x00000000e5560000, 0x00000000e6ab0000)
 concurrent mark-sweep generation total 393216K, used 55543K [0x00000000e8000000, 0x0000000100000000, 0x0000000100000000)
 Metaspace       used 50056K, capacity 50678K, committed 50808K, reserved 1095680K
  class space    used 5302K, capacity 5446K, committed 5548K, reserved 1048576K
}
2016-06-21T16:39:01.002+0100: 27543.328: Total time for which application threads were stopped: 0.0070231 seconds, Stopping threads took: 0.0000300 seconds
2016-06-21T16:39:01.002+0100: 27543.328: Total time for which application threads were stopped: 0.0001204 seconds, Stopping threads took: 0.0000529 seconds
2016-06-21T16:39:01.002+0100: 27543.329: Total time for which application threads were stopped: 0.0000943 seconds, Stopping threads took: 0.0000300 seconds
2016-06-21T16:39:01.002+0100: 27543.329: Total time for which application threads were stopped: 0.0000908 seconds, Stopping threads took: 0.0000355 seconds
2016-06-21T16:39:01.002+0100: 27543.329: Total time for which application threads were stopped: 0.0000521 seconds, Stopping threads took: 0.0000209 seconds
2016-06-21T16:39:01.002+0100: 27543.329: Total time for which application threads were stopped: 0.0002392 seconds, Stopping threads took: 0.0000213 seconds
2016-06-21T16:39:01.003+0100: 27543.329: Total time for which application threads were stopped: 0.0000900 seconds, Stopping threads took: 0.0000336 seconds
2016-06-21T16:39:01.003+0100: 27543.329: Total time for which application threads were stopped: 0.0001082 seconds, Stopping threads took: 0.0000233 seconds
2016-06-21T16:39:01.003+0100: 27543.329: Total time for which application threads were stopped: 0.0000616 seconds, Stopping threads took: 0.0000288 seconds
2016-06-21T16:39:01.003+0100: 27543.329: Total time for which application threads were stopped: 0.0000900 seconds, Stopping threads took: 0.0000225 seconds
2016-06-21T16:39:01.003+0100: 27543.330: Total time for which application threads were stopped: 0.0000545 seconds, Stopping threads took: 0.0000245 seconds
2016-06-21T16:39:01.003+0100: 27543.330: Total time for which application threads were stopped: 0.0000679 seconds, Stopping threads took: 0.0000221 seconds
2016-06-21T16:39:01.003+0100: 27543.330: Total time for which application threads were stopped: 0.0000525 seconds, Stopping threads took: 0.0000221 seconds
2016-06-21T16:39:01.003+0100: 27543.330: Total time for which application threads were stopped: 0.0000521 seconds, Stopping threads took: 0.0000225 seconds
2016-06-21T16:39:01.004+0100: 27543.330: Total time for which application threads were stopped: 0.0002673 seconds, Stopping threads took: 0.0000114 seconds
{Heap before GC invocations=373 (full 7):
 par new generation   total 109248K, used 106461K [0x00000000e0000000, 0x00000000e8000000, 0x00000000e8000000)
  eden space 87424K, 100% used [0x00000000e0000000, 0x00000000e5560000, 0x00000000e5560000)
  from space 21824K,  87% used [0x00000000e6ab0000, 0x00000000e7d474a8, 0x00000000e8000000)
  to   space 21824K,   0% used [0x00000000e5560000, 0x00000000e5560000, 0x00000000e6ab0000)
 concurrent mark-sweep generation total 393216K, used 55543K [0x00000000e8000000, 0x0000000100000000, 0x0000000100000000)
 Metaspace       used 50056K, capacity 50678K, committed 50808K, reserved 1095680K
  class space    used 5302K, capacity 5446K, committed 5548K, reserved 1048576K
2016-06-21T16:39:01.141+0100: 27543.468: [GC (Allocation Failure) 2016-06-21T16:39:01.141+0100: 27543.468: [ParNew
Desired survivor size 20112992 bytes, new threshold 5 (max 8)
- age   1:    5026696 bytes,    5026696 total
- age   2:   10289712 bytes,   15316408 total
- age   3:        528 bytes,   15316936 total
- age   4:        408 bytes,   15317344 total
- age   5:    6919320 bytes,   22236664 total
- age   6:      32456 bytes,   22269120 total
- age   7:      32488 bytes,   22301608 total
- age   8:        480 bytes,   22302088 total
: 106461K->21824K(109248K), 0.0125332 secs] 162004K->84516K(502464K), 0.0125991 secs] [Times: user=0.00 sys=0.00, real=0.01 secs] 
Heap after GC invocations=374 (full 7):
 par new generation   total 109248K, used 21824K [0x00000000e0000000, 0x00000000e8000000, 0x00000000e8000000)
  eden space 87424K,   0% used [0x00000000e0000000, 0x00000000e0000000, 0x00000000e5560000)
  from space 21824K, 100% used [0x00000000e5560000, 0x00000000e6ab0000, 0x00000000e6ab0000)
  to   space 21824K,   0% used [0x00000000e6ab0000, 0x00000000e6ab0000, 0x00000000e8000000)
 concurrent mark-sweep generation total 393216K, used 62692K [0x00000000e8000000, 0x0000000100000000, 0x0000000100000000)
 Metaspace       used 50056K, capacity 50678K, committed 50808K, reserved 1095680K
  class space    used 5302K, capacity 5446K, committed 5548K, reserved 1048576K
}
2016-06-21T16:39:01.154+0100: 27543.480: Total time for which application threads were stopped: 0.0128194 seconds, Stopping threads took: 0.0000213 seconds
{Heap before GC invocations=374 (full 7):
 par new generation   total 109248K, used 109248K [0x00000000e0000000, 0x00000000e8000000, 0x00000000e8000000)
  eden space 87424K, 100% used [0x00000000e0000000, 0x00000000e5560000, 0x00000000e5560000)
  from space 21824K, 100% used [0x00000000e5560000, 0x00000000e6ab0000, 0x00000000e6ab0000)
  to   space 21824K,   0% used [0x00000000e6ab0000, 0x00000000e6ab0000, 0x00000000e8000000)
 concurrent mark-sweep generation total 393216K, used 62692K [0x00000000e8000000, 0x0000000100000000, 0x0000000100000000)
 Metaspace       used 50056K, capacity 50678K, committed 50808K, reserved 1095680K
  class space    used 5302K, capacity 5446K, committed 5548K, reserved 1048576K
2016-06-21T16:39:01.283+0100: 27543.610: [GC (Allocation Failure) 2016-06-21T16:39:01.283+0100: 27543.610: [ParNew
Desired survivor size 20112992 bytes, new threshold 8 (max 8)
- age   1:    1026432 bytes,    1026432 total
- age   2:    3979280 bytes,    5005712 total
- age   3:   10267152 bytes,   15272864 total
- age   4:        528 bytes,   15273392 total
- age   5:        408 bytes,   15273800 total
: 109248K->21824K(109248K), 0.0139282 secs] 171940K->91432K(502464K), 0.0139953 secs] [Times: user=0.03 sys=0.01, real=0.01 secs] 
Heap after GC invocations=375 (full 7):
 par new generation   total 109248K, used 21824K [0x00000000e0000000, 0x00000000e8000000, 0x00000000e8000000)
  eden space 87424K,   0% used [0x00000000e0000000, 0x00000000e0000000, 0x00000000e5560000)
  from space 21824K, 100% used [0x00000000e6ab0000, 0x00000000e8000000, 0x00000000e8000000)
  to   space 21824K,   0% used [0x00000000e5560000, 0x00000000e5560000, 0x00000000e6ab0000)
 concurrent mark-sweep generation total 393216K, used 69608K [0x00000000e8000000, 0x0000000100000000, 0x0000000100000000)
 Metaspace       used 50056K, capacity 50678K, committed 50808K, reserved 1095680K
  class space    used 5302K, capacity 5446K, committed 5548K, reserved 1048576K
}
2016-06-21T16:39:01.297+0100: 27543.624: Total time for which application threads were stopped: 0.0142200 seconds, Stopping threads took: 0.0000205 seconds
{Heap before GC invocations=375 (full 7):
 par new generation   total 109248K, used 109248K [0x00000000e0000000, 0x00000000e8000000, 0x00000000e8000000)
  eden space 87424K, 100% used [0x00000000e0000000, 0x00000000e5560000, 0x00000000e5560000)
  from space 21824K, 100% used [0x00000000e6ab0000, 0x00000000e8000000, 0x00000000e8000000)
  to   space 21824K,   0% used [0x00000000e5560000, 0x00000000e5560000, 0x00000000e6ab0000)
 concurrent mark-sweep generation total 393216K, used 69608K [0x00000000e8000000, 0x0000000100000000, 0x0000000100000000)
 Metaspace       used 50056K, capacity 50678K, committed 50808K, reserved 1095680K
  class space    used 5302K, capacity 5446K, committed 5548K, reserved 1048576K
2016-06-21T16:39:01.415+0100: 27543.742: [GC (Allocation Failure) 2016-06-21T16:39:01.415+0100: 27543.742: [ParNew
Desired survivor size 20112992 bytes, new threshold 8 (max 8)
- age   1:    1921448 bytes,    1921448 total
- age   2:     785688 bytes,    2707136 total
- age   3:    3976584 bytes,    6683720 total
- age   4:   10257696 bytes,   16941416 total
- age   5:        528 bytes,   16941944 total
- age   6:        408 bytes,   16942352 total
: 109248K->21478K(109248K), 0.0054358 secs] 178856K->91087K(502464K), 0.0055148 secs] [Times: user=0.06 sys=0.00, real=0.01 secs] 
Heap after GC invocations=376 (full 7):
 par new generation   total 109248K, used 21478K [0x00000000e0000000, 0x00000000e8000000, 0x00000000e8000000)
  eden space 87424K,   0% used [0x00000000e0000000, 0x00000000e0000000, 0x00000000e5560000)
  from space 21824K,  98% used [0x00000000e5560000, 0x00000000e6a59b68, 0x00000000e6ab0000)
  to   space 21824K,   0% used [0x00000000e6ab0000, 0x00000000e6ab0000, 0x00000000e8000000)
 concurrent mark-sweep generation total 393216K, used 69608K [0x00000000e8000000, 0x0000000100000000, 0x0000000100000000)
 Metaspace       used 50056K, capacity 50678K, committed 50808K, reserved 1095680K
  class space    used 5302K, capacity 5446K, committed 5548K, reserved 1048576K
}
2016-06-21T16:39:01.421+0100: 27543.748: Total time for which application threads were stopped: 0.0057331 seconds, Stopping threads took: 0.0000217 seconds
{Heap before GC invocations=376 (full 7):
 par new generation   total 109248K, used 108902K [0x00000000e0000000, 0x00000000e8000000, 0x00000000e8000000)
  eden space 87424K, 100% used [0x00000000e0000000, 0x00000000e5560000, 0x00000000e5560000)
  from space 21824K,  98% used [0x00000000e5560000, 0x00000000e6a59b68, 0x00000000e6ab0000)
  to   space 21824K,   0% used [0x00000000e6ab0000, 0x00000000e6ab0000, 0x00000000e8000000)
 concurrent mark-sweep generation total 393216K, used 69608K [0x00000000e8000000, 0x0000000100000000, 0x0000000100000000)
 Metaspace       used 50056K, capacity 50678K, committed 50808K, reserved 1095680K
  class space    used 5302K, capacity 5446K, committed 5548K, reserved 1048576K
2016-06-21T16:39:01.530+0100: 27543.857: [GC (Allocation Failure) 2016-06-21T16:39:01.530+0100: 27543.857: [ParNew
Desired survivor size 20112992 bytes, new threshold 8 (max 8)
- age   1:    1624760 bytes,    1624760 total
- age   2:    1540600 bytes,    3165360 total
- age   3:     785688 bytes,    3951048 total
- age   4:    3968528 bytes,    7919576 total
- age   5:   10257696 bytes,   18177272 total
- age   6:        528 bytes,   18177800 total
- age   7:        408 bytes,   18178208 total
: 108902K->21824K(109248K), 0.0062522 secs] 178511K->91432K(502464K), 0.0063319 secs] [Times: user=0.06 sys=0.00, real=0.01 secs] 
Heap after GC invocations=377 (full 7):
 par new generation   total 109248K, used 21824K [0x00000000e0000000, 0x00000000e8000000, 0x00000000e8000000)
  eden space 87424K,   0% used [0x00000000e0000000, 0x00000000e0000000, 0x00000000e5560000)
  from space 21824K, 100% used [0x00000000e6ab0000, 0x00000000e8000000, 0x00000000e8000000)
  to   space 21824K,   0% used [0x00000000e5560000, 0x00000000e5560000, 0x00000000e6ab0000)
 concurrent mark-sweep generation total 393216K, used 69608K [0x00000000e8000000, 0x0000000100000000, 0x0000000100000000)
 Metaspace       used 50056K, capacity 50678K, committed 50808K, reserved 1095680K
  class space    used 5302K, capacity 5446K, committed 5548K, reserved 1048576K
}
2016-06-21T16:39:01.536+0100: 27543.863: Total time for which application threads were stopped: 0.0065534 seconds, Stopping threads took: 0.0000245 seconds
{Heap before GC invocations=377 (full 7):
 par new generation   total 109248K, used 108816K [0x00000000e0000000, 0x00000000e8000000, 0x00000000e8000000)
  eden space 87424K,  99% used [0x00000000e0000000, 0x00000000e54f43b0, 0x00000000e5560000)
  from space 21824K, 100% used [0x00000000e6ab0000, 0x00000000e8000000, 0x00000000e8000000)
  to   space 21824K,   0% used [0x00000000e5560000, 0x00000000e5560000, 0x00000000e6ab0000)
 concurrent mark-sweep generation total 393216K, used 69608K [0x00000000e8000000, 0x0000000100000000, 0x0000000100000000)
 Metaspace       used 50056K, capacity 50678K, committed 50808K, reserved 1095680K
  class space    used 5302K, capacity 5446K, committed 5548K, reserved 1048576K
2016-06-21T16:39:01.634+0100: 27543.962: [GC (Allocation Failure) 2016-06-21T16:39:01.634+0100: 27543.962: [ParNew
Desired survivor size 20112992 bytes, new threshold 6 (max 8)
- age   1:    5358912 bytes,    5358912 total
- age   2:     785184 bytes,    6144096 total
- age   3:     818808 bytes,    6962904 total
- age   4:     784424 bytes,    7747328 total
- age   5:    4056856 bytes,   11804184 total
- age   6:   10136336 bytes,   21940520 total
- age   7:        528 bytes,   21941048 total
- age   8:        408 bytes,   21941456 total
: 108816K->21824K(109248K), 0.0072663 secs] 178425K->91587K(502464K), 0.0073374 secs] [Times: user=0.06 sys=0.00, real=0.01 secs] 
Heap after GC invocations=378 (full 7):
 par new generation   total 109248K, used 21824K [0x00000000e0000000, 0x00000000e8000000, 0x00000000e8000000)
  eden space 87424K,   0% used [0x00000000e0000000, 0x00000000e0000000, 0x00000000e5560000)
  from space 21824K, 100% used [0x00000000e5560000, 0x00000000e6ab0000, 0x00000000e6ab0000)
  to   space 21824K,   0% used [0x00000000e6ab0000, 0x00000000e6ab0000, 0x00000000e8000000)
 concurrent mark-sweep generation total 393216K, used 69763K [0x00000000e8000000, 0x0000000100000000, 0x0000000100000000)
 Metaspace       used 50056K, capacity 50678K, committed 50808K, reserved 1095680K
  class space    used 5302K, capacity 5446K, committed 5548K, reserved 1048576K
}
2016-06-21T16:39:01.642+0100: 27543.969: Total time for which application threads were stopped: 0.0075995 seconds, Stopping threads took: 0.0000209 seconds
2016-06-21T16:40:55.755+0100: 27658.083: Total time for which application threads were stopped: 0.0001318 seconds, Stopping threads took: 0.0000399 seconds
2016-06-21T16:40:56.756+0100: 27659.082: Total time for which application threads were stopped: 0.0002692 seconds, Stopping threads took: 0.0000679 seconds
2016-06-21T16:41:45.779+0100: 27708.106: Total time for which application threads were stopped: 0.0003292 seconds, Stopping threads took: 0.0001046 seconds
2016-06-21T16:43:08.756+0100: 27791.083: Total time for which application threads were stopped: 0.0001709 seconds, Stopping threads took: 0.0000391 seconds
2016-06-21T16:43:08.766+0100: 27791.093: Total time for which application threads were stopped: 0.0002542 seconds, Stopping threads took: 0.0000521 seconds
2016-06-21T16:43:08.773+0100: 27791.099: Total time for which application threads were stopped: 0.0001141 seconds, Stopping threads took: 0.0000193 seconds
2016-06-21T16:43:08.781+0100: 27791.108: Total time for which application threads were stopped: 0.0001326 seconds, Stopping threads took: 0.0000304 seconds
2016-06-21T16:43:08.789+0100: 27791.116: Total time for which application threads were stopped: 0.0001761 seconds, Stopping threads took: 0.0000245 seconds
2016-06-21T16:43:08.811+0100: 27791.139: Total time for which application threads were stopped: 0.0001161 seconds, Stopping threads took: 0.0000237 seconds
2016-06-21T16:43:08.812+0100: 27791.139: Total time for which application threads were stopped: 0.0002759 seconds, Stopping threads took: 0.0000237 seconds
2016-06-21T16:43:08.813+0100: 27791.140: Total time for which application threads were stopped: 0.0002771 seconds, Stopping threads took: 0.0000253 seconds
2016-06-21T16:43:08.815+0100: 27791.142: Total time for which application threads were stopped: 0.0001338 seconds, Stopping threads took: 0.0000288 seconds
2016-06-21T16:43:08.827+0100: 27791.154: Total time for which application threads were stopped: 0.0001275 seconds, Stopping threads took: 0.0000375 seconds
2016-06-21T16:43:08.836+0100: 27791.163: Total time for which application threads were stopped: 0.0001962 seconds, Stopping threads took: 0.0000209 seconds
2016-06-21T16:43:08.845+0100: 27791.172: Total time for which application threads were stopped: 0.0000987 seconds, Stopping threads took: 0.0000320 seconds
2016-06-21T16:43:08.913+0100: 27791.241: Total time for which application threads were stopped: 0.0002049 seconds, Stopping threads took: 0.0000300 seconds
2016-06-21T16:43:09.914+0100: 27792.241: Total time for which application threads were stopped: 0.0002819 seconds, Stopping threads took: 0.0000632 seconds
2016-06-21T16:43:16.916+0100: 27799.242: Total time for which application threads were stopped: 0.0000943 seconds, Stopping threads took: 0.0000257 seconds
2016-06-21T16:43:59.931+0100: 27842.258: Total time for which application threads were stopped: 0.0002175 seconds, Stopping threads took: 0.0000588 seconds
2016-06-21T16:44:09.935+0100: 27852.262: Total time for which application threads were stopped: 0.0001737 seconds, Stopping threads took: 0.0000426 seconds
2016-06-21T16:44:54.588+0100: 27896.914: Total time for which application threads were stopped: 0.0001318 seconds, Stopping threads took: 0.0000280 seconds
2016-06-21T16:44:55.588+0100: 27897.915: Total time for which application threads were stopped: 0.0002132 seconds, Stopping threads took: 0.0000525 seconds
2016-06-21T16:47:01.758+0100: 28024.085: Total time for which application threads were stopped: 0.0001429 seconds, Stopping threads took: 0.0000367 seconds
2016-06-21T16:47:02.759+0100: 28025.085: Total time for which application threads were stopped: 0.0002136 seconds, Stopping threads took: 0.0000521 seconds
2016-06-21T16:49:03.116+0100: 28145.443: Total time for which application threads were stopped: 0.0001397 seconds, Stopping threads took: 0.0000387 seconds
2016-06-21T16:49:03.130+0100: 28145.458: Total time for which application threads were stopped: 0.0001622 seconds, Stopping threads took: 0.0000237 seconds
{Heap before GC invocations=378 (full 7):
 par new generation   total 109248K, used 109248K [0x00000000e0000000, 0x00000000e8000000, 0x00000000e8000000)
  eden space 87424K, 100% used [0x00000000e0000000, 0x00000000e5560000, 0x00000000e5560000)
  from space 21824K, 100% used [0x00000000e5560000, 0x00000000e6ab0000, 0x00000000e6ab0000)
  to   space 21824K,   0% used [0x00000000e6ab0000, 0x00000000e6ab0000, 0x00000000e8000000)
 concurrent mark-sweep generation total 393216K, used 69763K [0x00000000e8000000, 0x0000000100000000, 0x0000000100000000)
 Metaspace       used 50110K, capacity 50710K, committed 50808K, reserved 1095680K
  class space    used 5306K, capacity 5478K, committed 5548K, reserved 1048576K
2016-06-21T16:49:03.443+0100: 28145.770: [GC (Allocation Failure) 2016-06-21T16:49:03.443+0100: 28145.770: [ParNew
Desired survivor size 20112992 bytes, new threshold 8 (max 8)
- age   1:    2498912 bytes,    2498912 total
- age   2:    3758344 bytes,    6257256 total
- age   3:      27496 bytes,    6284752 total
- age   4:      24760 bytes,    6309512 total
- age   5:      19456 bytes,    6328968 total
- age   6:     441016 bytes,    6769984 total
: 109248K->19859K(109248K), 0.0041675 secs] 179011K->89751K(502464K), 0.0042622 secs] [Times: user=0.00 sys=0.00, real=0.00 secs] 
Heap after GC invocations=379 (full 7):
 par new generation   total 109248K, used 19859K [0x00000000e0000000, 0x00000000e8000000, 0x00000000e8000000)
  eden space 87424K,   0% used [0x00000000e0000000, 0x00000000e0000000, 0x00000000e5560000)
  from space 21824K,  91% used [0x00000000e6ab0000, 0x00000000e7e14fa0, 0x00000000e8000000)
  to   space 21824K,   0% used [0x00000000e5560000, 0x00000000e5560000, 0x00000000e6ab0000)
 concurrent mark-sweep generation total 393216K, used 69891K [0x00000000e8000000, 0x0000000100000000, 0x0000000100000000)
 Metaspace       used 50110K, capacity 50710K, committed 50808K, reserved 1095680K
  class space    used 5306K, capacity 5478K, committed 5548K, reserved 1048576K
}
2016-06-21T16:49:03.448+0100: 28145.774: Total time for which application threads were stopped: 0.0045847 seconds, Stopping threads took: 0.0000241 seconds
2016-06-21T16:49:03.448+0100: 28145.775: Total time for which application threads were stopped: 0.0002041 seconds, Stopping threads took: 0.0000699 seconds
2016-06-21T16:49:03.448+0100: 28145.775: Total time for which application threads were stopped: 0.0000647 seconds, Stopping threads took: 0.0000193 seconds
2016-06-21T16:49:03.448+0100: 28145.775: Total time for which application threads were stopped: 0.0002215 seconds, Stopping threads took: 0.0000493 seconds
2016-06-21T16:49:03.448+0100: 28145.775: Total time for which application threads were stopped: 0.0000825 seconds, Stopping threads took: 0.0000347 seconds
{Heap before GC invocations=379 (full 7):
 par new generation   total 109248K, used 107283K [0x00000000e0000000, 0x00000000e8000000, 0x00000000e8000000)
  eden space 87424K, 100% used [0x00000000e0000000, 0x00000000e5560000, 0x00000000e5560000)
  from space 21824K,  91% used [0x00000000e6ab0000, 0x00000000e7e14fa0, 0x00000000e8000000)
  to   space 21824K,   0% used [0x00000000e5560000, 0x00000000e5560000, 0x00000000e6ab0000)
 concurrent mark-sweep generation total 393216K, used 69891K [0x00000000e8000000, 0x0000000100000000, 0x0000000100000000)
 Metaspace       used 50111K, capacity 50710K, committed 50808K, reserved 1095680K
  class space    used 5306K, capacity 5478K, committed 5548K, reserved 1048576K
2016-06-21T16:49:04.890+0100: 28147.217: [GC (Allocation Failure) 2016-06-21T16:49:04.890+0100: 28147.217: [ParNew
Desired survivor size 20112992 bytes, new threshold 8 (max 8)
- age   1:    1425832 bytes,    1425832 total
- age   2:    2385696 bytes,    3811528 total
- age   3:    3758344 bytes,    7569872 total
- age   4:      27496 bytes,    7597368 total
- age   5:      24720 bytes,    7622088 total
- age   6:      19456 bytes,    7641544 total
- age   7:     441016 bytes,    8082560 total
: 107283K->11624K(109248K), 0.0037731 secs] 177175K->81516K(502464K), 0.0038493 secs] [Times: user=0.00 sys=0.00, real=0.00 secs] 
Heap after GC invocations=380 (full 7):
 par new generation   total 109248K, used 11624K [0x00000000e0000000, 0x00000000e8000000, 0x00000000e8000000)
  eden space 87424K,   0% used [0x00000000e0000000, 0x00000000e0000000, 0x00000000e5560000)
  from space 21824K,  53% used [0x00000000e5560000, 0x00000000e60ba0e8, 0x00000000e6ab0000)
  to   space 21824K,   0% used [0x00000000e6ab0000, 0x00000000e6ab0000, 0x00000000e8000000)
 concurrent mark-sweep generation total 393216K, used 69891K [0x00000000e8000000, 0x0000000100000000, 0x0000000100000000)
 Metaspace       used 50111K, capacity 50710K, committed 50808K, reserved 1095680K
  class space    used 5306K, capacity 5478K, committed 5548K, reserved 1048576K
}
2016-06-21T16:49:04.894+0100: 28147.220: Total time for which application threads were stopped: 0.0041067 seconds, Stopping threads took: 0.0000233 seconds
2016-06-21T16:49:04.894+0100: 28147.221: Total time for which application threads were stopped: 0.0001204 seconds, Stopping threads took: 0.0000292 seconds
2016-06-21T16:49:04.894+0100: 28147.221: Total time for which application threads were stopped: 0.0001504 seconds, Stopping threads took: 0.0000786 seconds
{Heap before GC invocations=380 (full 7):
 par new generation   total 109248K, used 99048K [0x00000000e0000000, 0x00000000e8000000, 0x00000000e8000000)
  eden space 87424K, 100% used [0x00000000e0000000, 0x00000000e5560000, 0x00000000e5560000)
  from space 21824K,  53% used [0x00000000e5560000, 0x00000000e60ba0e8, 0x00000000e6ab0000)
  to   space 21824K,   0% used [0x00000000e6ab0000, 0x00000000e6ab0000, 0x00000000e8000000)
 concurrent mark-sweep generation total 393216K, used 69891K [0x00000000e8000000, 0x0000000100000000, 0x0000000100000000)
 Metaspace       used 50111K, capacity 50710K, committed 50808K, reserved 1095680K
  class space    used 5306K, capacity 5478K, committed 5548K, reserved 1048576K
2016-06-21T16:49:05.233+0100: 28147.560: [GC (Allocation Failure) 2016-06-21T16:49:05.233+0100: 28147.560: [ParNew
Desired survivor size 20112992 bytes, new threshold 8 (max 8)
- age   1:    1515872 bytes,    1515872 total
- age   2:      11184 bytes,    1527056 total
- age   3:    2385256 bytes,    3912312 total
- age   4:    3758344 bytes,    7670656 total
- age   5:      27496 bytes,    7698152 total
- age   6:      24720 bytes,    7722872 total
- age   7:      19456 bytes,    7742328 total
- age   8:     441016 bytes,    8183344 total
: 99048K->8505K(109248K), 0.0035651 secs] 168940K->78397K(502464K), 0.0036815 secs] [Times: user=0.06 sys=0.00, real=0.00 secs] 
Heap after GC invocations=381 (full 7):
 par new generation   total 109248K, used 8505K [0x00000000e0000000, 0x00000000e8000000, 0x00000000e8000000)
  eden space 87424K,   0% used [0x00000000e0000000, 0x00000000e0000000, 0x00000000e5560000)
  from space 21824K,  38% used [0x00000000e6ab0000, 0x00000000e72fe608, 0x00000000e8000000)
  to   space 21824K,   0% used [0x00000000e5560000, 0x00000000e5560000, 0x00000000e6ab0000)
 concurrent mark-sweep generation total 393216K, used 69891K [0x00000000e8000000, 0x0000000100000000, 0x0000000100000000)
 Metaspace       used 50111K, capacity 50710K, committed 50808K, reserved 1095680K
  class space    used 5306K, capacity 5478K, committed 5548K, reserved 1048576K
}
2016-06-21T16:49:05.237+0100: 28147.564: Total time for which application threads were stopped: 0.0039393 seconds, Stopping threads took: 0.0000288 seconds
2016-06-21T16:49:07.239+0100: 28149.565: Total time for which application threads were stopped: 0.0001070 seconds, Stopping threads took: 0.0000296 seconds
{Heap before GC invocations=381 (full 7):
 par new generation   total 109248K, used 95929K [0x00000000e0000000, 0x00000000e8000000, 0x00000000e8000000)
  eden space 87424K, 100% used [0x00000000e0000000, 0x00000000e5560000, 0x00000000e5560000)
  from space 21824K,  38% used [0x00000000e6ab0000, 0x00000000e72fe608, 0x00000000e8000000)
  to   space 21824K,   0% used [0x00000000e5560000, 0x00000000e5560000, 0x00000000e6ab0000)
 concurrent mark-sweep generation total 393216K, used 69891K [0x00000000e8000000, 0x0000000100000000, 0x0000000100000000)
 Metaspace       used 50111K, capacity 50710K, committed 50808K, reserved 1095680K
  class space    used 5306K, capacity 5478K, committed 5548K, reserved 1048576K
2016-06-21T16:49:12.217+0100: 28154.544: [GC (Allocation Failure) 2016-06-21T16:49:12.217+0100: 28154.544: [ParNew
Desired survivor size 20112992 bytes, new threshold 8 (max 8)
- age   1:    2649288 bytes,    2649288 total
- age   2:       1880 bytes,    2651168 total
- age   3:       6000 bytes,    2657168 total
- age   4:    2383936 bytes,    5041104 total
- age   5:    3758344 bytes,    8799448 total
- age   6:      27496 bytes,    8826944 total
- age   7:      24720 bytes,    8851664 total
- age   8:      19456 bytes,    8871120 total
: 95929K->9638K(109248K), 0.0047663 secs] 165821K->79961K(502464K), 0.0048259 secs] [Times: user=0.06 sys=0.00, real=0.00 secs] 
Heap after GC invocations=382 (full 7):
 par new generation   total 109248K, used 9638K [0x00000000e0000000, 0x00000000e8000000, 0x00000000e8000000)
  eden space 87424K,   0% used [0x00000000e0000000, 0x00000000e0000000, 0x00000000e5560000)
  from space 21824K,  44% used [0x00000000e5560000, 0x00000000e5ec9ae8, 0x00000000e6ab0000)
  to   space 21824K,   0% used [0x00000000e6ab0000, 0x00000000e6ab0000, 0x00000000e8000000)
 concurrent mark-sweep generation total 393216K, used 70322K [0x00000000e8000000, 0x0000000100000000, 0x0000000100000000)
 Metaspace       used 50111K, capacity 50710K, committed 50808K, reserved 1095680K
  class space    used 5306K, capacity 5478K, committed 5548K, reserved 1048576K
}
2016-06-21T16:49:12.222+0100: 28154.548: Total time for which application threads were stopped: 0.0050651 seconds, Stopping threads took: 0.0000221 seconds
2016-06-21T16:49:12.222+0100: 28154.549: Total time for which application threads were stopped: 0.0001153 seconds, Stopping threads took: 0.0000280 seconds
2016-06-21T16:49:12.222+0100: 28154.549: Total time for which application threads were stopped: 0.0000896 seconds, Stopping threads took: 0.0000458 seconds
2016-06-21T16:49:12.222+0100: 28154.549: Total time for which application threads were stopped: 0.0001326 seconds, Stopping threads took: 0.0000264 seconds
2016-06-21T16:49:12.222+0100: 28154.549: Total time for which application threads were stopped: 0.0001015 seconds, Stopping threads took: 0.0000300 seconds
2016-06-21T16:49:12.222+0100: 28154.549: Total time for which application threads were stopped: 0.0000663 seconds, Stopping threads took: 0.0000233 seconds
2016-06-21T16:49:12.222+0100: 28154.549: Total time for which application threads were stopped: 0.0000959 seconds, Stopping threads took: 0.0000221 seconds
2016-06-21T16:49:12.222+0100: 28154.549: Total time for which application threads were stopped: 0.0000580 seconds, Stopping threads took: 0.0000229 seconds
2016-06-21T16:49:12.222+0100: 28154.549: Total time for which application threads were stopped: 0.0000572 seconds, Stopping threads took: 0.0000245 seconds
2016-06-21T16:49:12.223+0100: 28154.549: Total time for which application threads were stopped: 0.0000592 seconds, Stopping threads took: 0.0000201 seconds
2016-06-21T16:49:12.223+0100: 28154.550: Total time for which application threads were stopped: 0.0000576 seconds, Stopping threads took: 0.0000249 seconds
2016-06-21T16:49:12.223+0100: 28154.550: Total time for which application threads were stopped: 0.0000525 seconds, Stopping threads took: 0.0000213 seconds
2016-06-21T16:49:12.223+0100: 28154.550: Total time for which application threads were stopped: 0.0000557 seconds, Stopping threads took: 0.0000233 seconds
2016-06-21T16:49:12.223+0100: 28154.550: Total time for which application threads were stopped: 0.0000501 seconds, Stopping threads took: 0.0000189 seconds
2016-06-21T16:49:12.223+0100: 28154.550: Total time for which application threads were stopped: 0.0001334 seconds, Stopping threads took: 0.0000245 seconds
{Heap before GC invocations=382 (full 7):
 par new generation   total 109248K, used 97062K [0x00000000e0000000, 0x00000000e8000000, 0x00000000e8000000)
  eden space 87424K, 100% used [0x00000000e0000000, 0x00000000e5560000, 0x00000000e5560000)
  from space 21824K,  44% used [0x00000000e5560000, 0x00000000e5ec9ae8, 0x00000000e6ab0000)
  to   space 21824K,   0% used [0x00000000e6ab0000, 0x00000000e6ab0000, 0x00000000e8000000)
 concurrent mark-sweep generation total 393216K, used 70322K [0x00000000e8000000, 0x0000000100000000, 0x0000000100000000)
 Metaspace       used 50111K, capacity 50710K, committed 50808K, reserved 1095680K
  class space    used 5306K, capacity 5478K, committed 5548K, reserved 1048576K
2016-06-21T16:49:12.342+0100: 28154.669: [GC (Allocation Failure) 2016-06-21T16:49:12.342+0100: 28154.669: [ParNew
Desired survivor size 20112992 bytes, new threshold 6 (max 8)
- age   1:   13367832 bytes,   13367832 total
- age   2:    2514368 bytes,   15882200 total
- age   3:        456 bytes,   15882656 total
- age   4:       6000 bytes,   15888656 total
- age   5:    2383936 bytes,   18272592 total
- age   6:    3758344 bytes,   22030936 total
- age   7:      27496 bytes,   22058432 total
- age   8:      24720 bytes,   22083152 total
: 97062K->21824K(109248K), 0.0153999 secs] 167385K->98056K(502464K), 0.0154836 secs] [Times: user=0.06 sys=0.00, real=0.02 secs] 
Heap after GC invocations=383 (full 7):
 par new generation   total 109248K, used 21824K [0x00000000e0000000, 0x00000000e8000000, 0x00000000e8000000)
  eden space 87424K,   0% used [0x00000000e0000000, 0x00000000e0000000, 0x00000000e5560000)
  from space 21824K, 100% used [0x00000000e6ab0000, 0x00000000e8000000, 0x00000000e8000000)
  to   space 21824K,   0% used [0x00000000e5560000, 0x00000000e5560000, 0x00000000e6ab0000)
 concurrent mark-sweep generation total 393216K, used 76232K [0x00000000e8000000, 0x0000000100000000, 0x0000000100000000)
 Metaspace       used 50111K, capacity 50710K, committed 50808K, reserved 1095680K
  class space    used 5306K, capacity 5478K, committed 5548K, reserved 1048576K
}
2016-06-21T16:49:12.358+0100: 28154.685: Total time for which application threads were stopped: 0.0157181 seconds, Stopping threads took: 0.0000229 seconds
{Heap before GC invocations=383 (full 7):
 par new generation   total 109248K, used 109248K [0x00000000e0000000, 0x00000000e8000000, 0x00000000e8000000)
  eden space 87424K, 100% used [0x00000000e0000000, 0x00000000e5560000, 0x00000000e5560000)
  from space 21824K, 100% used [0x00000000e6ab0000, 0x00000000e8000000, 0x00000000e8000000)
  to   space 21824K,   0% used [0x00000000e5560000, 0x00000000e5560000, 0x00000000e6ab0000)
 concurrent mark-sweep generation total 393216K, used 76232K [0x00000000e8000000, 0x0000000100000000, 0x0000000100000000)
 Metaspace       used 50111K, capacity 50710K, committed 50808K, reserved 1095680K
  class space    used 5306K, capacity 5478K, committed 5548K, reserved 1048576K
2016-06-21T16:49:12.501+0100: 28154.827: [GC (Allocation Failure) 2016-06-21T16:49:12.501+0100: 28154.827: [ParNew
Desired survivor size 20112992 bytes, new threshold 8 (max 8)
- age   1:    1238896 bytes,    1238896 total
- age   2:   12422048 bytes,   13660944 total
- age   3:    2487744 bytes,   16148688 total
- age   4:        456 bytes,   16149144 total
- age   5:       3744 bytes,   16152888 total
- age   6:    2364264 bytes,   18517152 total
: 109248K->21824K(109248K), 0.0124905 secs] 185480K->103125K(502464K), 0.0125549 secs] [Times: user=0.00 sys=0.00, real=0.01 secs] 
Heap after GC invocations=384 (full 7):
 par new generation   total 109248K, used 21824K [0x00000000e0000000, 0x00000000e8000000, 0x00000000e8000000)
  eden space 87424K,   0% used [0x00000000e0000000, 0x00000000e0000000, 0x00000000e5560000)
  from space 21824K, 100% used [0x00000000e5560000, 0x00000000e6ab0000, 0x00000000e6ab0000)
  to   space 21824K,   0% used [0x00000000e6ab0000, 0x00000000e6ab0000, 0x00000000e8000000)
 concurrent mark-sweep generation total 393216K, used 81301K [0x00000000e8000000, 0x0000000100000000, 0x0000000100000000)
 Metaspace       used 50111K, capacity 50710K, committed 50808K, reserved 1095680K
  class space    used 5306K, capacity 5478K, committed 5548K, reserved 1048576K
}
2016-06-21T16:49:12.513+0100: 28154.840: Total time for which application threads were stopped: 0.0128016 seconds, Stopping threads took: 0.0000201 seconds
{Heap before GC invocations=384 (full 7):
 par new generation   total 109248K, used 109248K [0x00000000e0000000, 0x00000000e8000000, 0x00000000e8000000)
  eden space 87424K, 100% used [0x00000000e0000000, 0x00000000e5560000, 0x00000000e5560000)
  from space 21824K, 100% used [0x00000000e5560000, 0x00000000e6ab0000, 0x00000000e6ab0000)
  to   space 21824K,   0% used [0x00000000e6ab0000, 0x00000000e6ab0000, 0x00000000e8000000)
 concurrent mark-sweep generation total 393216K, used 81301K [0x00000000e8000000, 0x0000000100000000, 0x0000000100000000)
 Metaspace       used 50111K, capacity 50710K, committed 50808K, reserved 1095680K
  class space    used 5306K, capacity 5478K, committed 5548K, reserved 1048576K
2016-06-21T16:49:12.638+0100: 28154.965: [GC (Allocation Failure) 2016-06-21T16:49:12.638+0100: 28154.965: [ParNew
Desired survivor size 20112992 bytes, new threshold 7 (max 8)
- age   1:    2463064 bytes,    2463064 total
- age   2:     743688 bytes,    3206752 total
- age   3:   12325536 bytes,   15532288 total
- age   4:    2486624 bytes,   18018912 total
- age   5:        456 bytes,   18019368 total
- age   6:       3528 bytes,   18022896 total
- age   7:    2352032 bytes,   20374928 total
: 109248K->21824K(109248K), 0.0071084 secs] 190549K->103361K(502464K), 0.0071842 secs] [Times: user=0.06 sys=0.00, real=0.01 secs] 
Heap after GC invocations=385 (full 7):
 par new generation   total 109248K, used 21824K [0x00000000e0000000, 0x00000000e8000000, 0x00000000e8000000)
  eden space 87424K,   0% used [0x00000000e0000000, 0x00000000e0000000, 0x00000000e5560000)
  from space 21824K, 100% used [0x00000000e6ab0000, 0x00000000e8000000, 0x00000000e8000000)
  to   space 21824K,   0% used [0x00000000e5560000, 0x00000000e5560000, 0x00000000e6ab0000)
 concurrent mark-sweep generation total 393216K, used 81537K [0x00000000e8000000, 0x0000000100000000, 0x0000000100000000)
 Metaspace       used 50111K, capacity 50710K, committed 50808K, reserved 1095680K
  class space    used 5306K, capacity 5478K, committed 5548K, reserved 1048576K
}
2016-06-21T16:49:12.646+0100: 28154.972: Total time for which application threads were stopped: 0.0074400 seconds, Stopping threads took: 0.0000245 seconds
{Heap before GC invocations=385 (full 7):
 par new generation   total 109248K, used 109248K [0x00000000e0000000, 0x00000000e8000000, 0x00000000e8000000)
  eden space 87424K, 100% used [0x00000000e0000000, 0x00000000e5560000, 0x00000000e5560000)
  from space 21824K, 100% used [0x00000000e6ab0000, 0x00000000e8000000, 0x00000000e8000000)
  to   space 21824K,   0% used [0x00000000e5560000, 0x00000000e5560000, 0x00000000e6ab0000)
 concurrent mark-sweep generation total 393216K, used 81537K [0x00000000e8000000, 0x0000000100000000, 0x0000000100000000)
 Metaspace       used 50111K, capacity 50710K, committed 50808K, reserved 1095680K
  class space    used 5306K, capacity 5478K, committed 5548K, reserved 1048576K
2016-06-21T16:49:12.781+0100: 28155.108: [GC (Allocation Failure) 2016-06-21T16:49:12.781+0100: 28155.108: [ParNew
Desired survivor size 20112992 bytes, new threshold 8 (max 8)
- age   1:    1106976 bytes,    1106976 total
- age   2:    1857184 bytes,    2964160 total
- age   3:     743640 bytes,    3707800 total
- age   4:   11781400 bytes,   15489200 total
- age   5:    2486560 bytes,   17975760 total
- age   6:        456 bytes,   17976216 total
- age   7:       3528 bytes,   17979744 total
: 109248K->21824K(109248K), 0.0088619 secs] 190785K->106255K(502464K), 0.0089326 secs] [Times: user=0.00 sys=0.00, real=0.01 secs] 
Heap after GC invocations=386 (full 7):
 par new generation   total 109248K, used 21824K [0x00000000e0000000, 0x00000000e8000000, 0x00000000e8000000)
  eden space 87424K,   0% used [0x00000000e0000000, 0x00000000e0000000, 0x00000000e5560000)
  from space 21824K, 100% used [0x00000000e5560000, 0x00000000e6ab0000, 0x00000000e6ab0000)
  to   space 21824K,   0% used [0x00000000e6ab0000, 0x00000000e6ab0000, 0x00000000e8000000)
 concurrent mark-sweep generation total 393216K, used 84431K [0x00000000e8000000, 0x0000000100000000, 0x0000000100000000)
 Metaspace       used 50111K, capacity 50710K, committed 50808K, reserved 1095680K
  class space    used 5306K, capacity 5478K, committed 5548K, reserved 1048576K
}
2016-06-21T16:49:12.790+0100: 28155.117: Total time for which application threads were stopped: 0.0091690 seconds, Stopping threads took: 0.0000225 seconds
{Heap before GC invocations=386 (full 7):
 par new generation   total 109248K, used 109248K [0x00000000e0000000, 0x00000000e8000000, 0x00000000e8000000)
  eden space 87424K, 100% used [0x00000000e0000000, 0x00000000e5560000, 0x00000000e5560000)
  from space 21824K, 100% used [0x00000000e5560000, 0x00000000e6ab0000, 0x00000000e6ab0000)
  to   space 21824K,   0% used [0x00000000e6ab0000, 0x00000000e6ab0000, 0x00000000e8000000)
 concurrent mark-sweep generation total 393216K, used 84431K [0x00000000e8000000, 0x0000000100000000, 0x0000000100000000)
 Metaspace       used 50111K, capacity 50710K, committed 50808K, reserved 1095680K
  class space    used 5306K, capacity 5478K, committed 5548K, reserved 1048576K
2016-06-21T16:49:12.916+0100: 28155.242: [GC (Allocation Failure) 2016-06-21T16:49:12.916+0100: 28155.242: [ParNew
Desired survivor size 20112992 bytes, new threshold 8 (max 8)
- age   1:    1468472 bytes,    1468472 total
- age   2:     752032 bytes,    2220504 total
- age   3:    1857184 bytes,    4077688 total
- age   4:     743640 bytes,    4821328 total
- age   5:   11819960 bytes,   16641288 total
- age   6:    2486528 bytes,   19127816 total
- age   7:        456 bytes,   19128272 total
- age   8:       3528 bytes,   19131800 total
: 109248K->21824K(109248K), 0.0065869 secs] 193679K->106343K(502464K), 0.0066540 secs] [Times: user=0.06 sys=0.00, real=0.01 secs] 
Heap after GC invocations=387 (full 7):
 par new generation   total 109248K, used 21824K [0x00000000e0000000, 0x00000000e8000000, 0x00000000e8000000)
  eden space 87424K,   0% used [0x00000000e0000000, 0x00000000e0000000, 0x00000000e5560000)
  from space 21824K, 100% used [0x00000000e6ab0000, 0x00000000e8000000, 0x00000000e8000000)
  to   space 21824K,   0% used [0x00000000e5560000, 0x00000000e5560000, 0x00000000e6ab0000)
 concurrent mark-sweep generation total 393216K, used 84519K [0x00000000e8000000, 0x0000000100000000, 0x0000000100000000)
 Metaspace       used 50111K, capacity 50710K, committed 50808K, reserved 1095680K
  class space    used 5306K, capacity 5478K, committed 5548K, reserved 1048576K
}
2016-06-21T16:49:12.923+0100: 28155.249: Total time for which application threads were stopped: 0.0069146 seconds, Stopping threads took: 0.0000213 seconds
2016-06-21T16:49:13.923+0100: 28156.249: Total time for which application threads were stopped: 0.0001338 seconds, Stopping threads took: 0.0000347 seconds
2016-06-21T16:49:14.923+0100: 28157.250: Total time for which application threads were stopped: 0.0001259 seconds, Stopping threads took: 0.0000359 seconds
2016-06-21T16:50:03.952+0100: 28206.279: Total time for which application threads were stopped: 0.0001125 seconds, Stopping threads took: 0.0000343 seconds
2016-06-21T16:50:57.159+0100: 28259.485: Total time for which application threads were stopped: 0.0001038 seconds, Stopping threads took: 0.0000197 seconds
2016-06-21T16:50:57.169+0100: 28259.496: Total time for which application threads were stopped: 0.0000845 seconds, Stopping threads took: 0.0000205 seconds
{Heap before GC invocations=387 (full 7):
 par new generation   total 109248K, used 109248K [0x00000000e0000000, 0x00000000e8000000, 0x00000000e8000000)
  eden space 87424K, 100% used [0x00000000e0000000, 0x00000000e5560000, 0x00000000e5560000)
  from space 21824K, 100% used [0x00000000e6ab0000, 0x00000000e8000000, 0x00000000e8000000)
  to   space 21824K,   0% used [0x00000000e5560000, 0x00000000e5560000, 0x00000000e6ab0000)
 concurrent mark-sweep generation total 393216K, used 84519K [0x00000000e8000000, 0x0000000100000000, 0x0000000100000000)
 Metaspace       used 50123K, capacity 50710K, committed 50808K, reserved 1095680K
  class space    used 5306K, capacity 5478K, committed 5548K, reserved 1048576K
2016-06-21T16:50:58.631+0100: 28260.958: [GC (Allocation Failure) 2016-06-21T16:50:58.631+0100: 28260.958: [ParNew
Desired survivor size 20112992 bytes, new threshold 8 (max 8)
- age   1:    3892152 bytes,    3892152 total
- age   2:      48592 bytes,    3940744 total
- age   3:      25896 bytes,    3966640 total
- age   4:     374024 bytes,    4340664 total
- age   5:      81152 bytes,    4421816 total
- age   6:     723544 bytes,    5145360 total
- age   7:     180376 bytes,    5325736 total
- age   8:        456 bytes,    5326192 total
: 109248K->17929K(109248K), 0.0044221 secs] 193767K->102453K(502464K), 0.0045259 secs] [Times: user=0.00 sys=0.00, real=0.00 secs] 
Heap after GC invocations=388 (full 7):
 par new generation   total 109248K, used 17929K [0x00000000e0000000, 0x00000000e8000000, 0x00000000e8000000)
  eden space 87424K,   0% used [0x00000000e0000000, 0x00000000e0000000, 0x00000000e5560000)
  from space 21824K,  82% used [0x00000000e5560000, 0x00000000e66e2720, 0x00000000e6ab0000)
  to   space 21824K,   0% used [0x00000000e6ab0000, 0x00000000e6ab0000, 0x00000000e8000000)
 concurrent mark-sweep generation total 393216K, used 84523K [0x00000000e8000000, 0x0000000100000000, 0x0000000100000000)
 Metaspace       used 50123K, capacity 50710K, committed 50808K, reserved 1095680K
  class space    used 5306K, capacity 5478K, committed 5548K, reserved 1048576K
}
2016-06-21T16:50:58.636+0100: 28260.963: Total time for which application threads were stopped: 0.0048003 seconds, Stopping threads took: 0.0000261 seconds
2016-06-21T16:50:58.636+0100: 28260.963: Total time for which application threads were stopped: 0.0001488 seconds, Stopping threads took: 0.0000501 seconds
2016-06-21T16:50:58.636+0100: 28260.963: Total time for which application threads were stopped: 0.0000758 seconds, Stopping threads took: 0.0000292 seconds
2016-06-21T16:50:58.636+0100: 28260.963: Total time for which application threads were stopped: 0.0000793 seconds, Stopping threads took: 0.0000217 seconds
2016-06-21T16:50:58.636+0100: 28260.963: Total time for which application threads were stopped: 0.0000758 seconds, Stopping threads took: 0.0000276 seconds
2016-06-21T16:50:58.637+0100: 28260.963: Total time for which application threads were stopped: 0.0001165 seconds, Stopping threads took: 0.0000659 seconds
2016-06-21T16:50:58.637+0100: 28260.964: Total time for which application threads were stopped: 0.0000671 seconds, Stopping threads took: 0.0000193 seconds
{Heap before GC invocations=388 (full 7):
 par new generation   total 109248K, used 105353K [0x00000000e0000000, 0x00000000e8000000, 0x00000000e8000000)
  eden space 87424K, 100% used [0x00000000e0000000, 0x00000000e5560000, 0x00000000e5560000)
  from space 21824K,  82% used [0x00000000e5560000, 0x00000000e66e2720, 0x00000000e6ab0000)
  to   space 21824K,   0% used [0x00000000e6ab0000, 0x00000000e6ab0000, 0x00000000e8000000)
 concurrent mark-sweep generation total 393216K, used 84523K [0x00000000e8000000, 0x0000000100000000, 0x0000000100000000)
 Metaspace       used 50125K, capacity 50710K, committed 50808K, reserved 1095680K
  class space    used 5306K, capacity 5478K, committed 5548K, reserved 1048576K
2016-06-21T16:50:59.019+0100: 28261.346: [GC (Allocation Failure) 2016-06-21T16:50:59.019+0100: 28261.346: [ParNew
Desired survivor size 20112992 bytes, new threshold 8 (max 8)
- age   1:    1528728 bytes,    1528728 total
- age   2:    2428272 bytes,    3957000 total
- age   3:      48592 bytes,    4005592 total
- age   4:      25896 bytes,    4031488 total
- age   5:     374024 bytes,    4405512 total
- age   6:      81152 bytes,    4486664 total
- age   7:     480784 bytes,    4967448 total
- age   8:     179504 bytes,    5146952 total
: 105353K->7904K(109248K), 0.0038284 secs] 189877K->92428K(502464K), 0.0039207 secs] [Times: user=0.00 sys=0.00, real=0.00 secs] 
Heap after GC invocations=389 (full 7):
 par new generation   total 109248K, used 7904K [0x00000000e0000000, 0x00000000e8000000, 0x00000000e8000000)
  eden space 87424K,   0% used [0x00000000e0000000, 0x00000000e0000000, 0x00000000e5560000)
  from space 21824K,  36% used [0x00000000e6ab0000, 0x00000000e72680f0, 0x00000000e8000000)
  to   space 21824K,   0% used [0x00000000e5560000, 0x00000000e5560000, 0x00000000e6ab0000)
 concurrent mark-sweep generation total 393216K, used 84523K [0x00000000e8000000, 0x0000000100000000, 0x0000000100000000)
 Metaspace       used 50125K, capacity 50710K, committed 50808K, reserved 1095680K
  class space    used 5306K, capacity 5478K, committed 5548K, reserved 1048576K
}
2016-06-21T16:50:59.023+0100: 28261.350: Total time for which application threads were stopped: 0.0042294 seconds, Stopping threads took: 0.0000288 seconds
{Heap before GC invocations=389 (full 7):
 par new generation   total 109248K, used 95328K [0x00000000e0000000, 0x00000000e8000000, 0x00000000e8000000)
  eden space 87424K, 100% used [0x00000000e0000000, 0x00000000e5560000, 0x00000000e5560000)
  from space 21824K,  36% used [0x00000000e6ab0000, 0x00000000e72680f0, 0x00000000e8000000)
  to   space 21824K,   0% used [0x00000000e5560000, 0x00000000e5560000, 0x00000000e6ab0000)
 concurrent mark-sweep generation total 393216K, used 84523K [0x00000000e8000000, 0x0000000100000000, 0x0000000100000000)
 Metaspace       used 50125K, capacity 50710K, committed 50808K, reserved 1095680K
  class space    used 5306K, capacity 5478K, committed 5548K, reserved 1048576K
2016-06-21T16:50:59.311+0100: 28261.638: [GC (Allocation Failure) 2016-06-21T16:50:59.311+0100: 28261.638: [ParNew
Desired survivor size 20112992 bytes, new threshold 8 (max 8)
- age   1:    1591552 bytes,    1591552 total
- age   2:       3464 bytes,    1595016 total
- age   3:    2425216 bytes,    4020232 total
- age   4:      48592 bytes,    4068824 total
- age   5:      25896 bytes,    4094720 total
- age   6:     374024 bytes,    4468744 total
- age   7:      81152 bytes,    4549896 total
- age   8:     480784 bytes,    5030680 total
: 95328K->6125K(109248K), 0.0038276 secs] 179852K->90824K(502464K), 0.0038963 secs] [Times: user=0.06 sys=0.00, real=0.00 secs] 
Heap after GC invocations=390 (full 7):
 par new generation   total 109248K, used 6125K [0x00000000e0000000, 0x00000000e8000000, 0x00000000e8000000)
  eden space 87424K,   0% used [0x00000000e0000000, 0x00000000e0000000, 0x00000000e5560000)
  from space 21824K,  28% used [0x00000000e5560000, 0x00000000e5b5b700, 0x00000000e6ab0000)
  to   space 21824K,   0% used [0x00000000e6ab0000, 0x00000000e6ab0000, 0x00000000e8000000)
 concurrent mark-sweep generation total 393216K, used 84699K [0x00000000e8000000, 0x0000000100000000, 0x0000000100000000)
 Metaspace       used 50125K, capacity 50710K, committed 50808K, reserved 1095680K
  class space    used 5306K, capacity 5478K, committed 5548K, reserved 1048576K
}
2016-06-21T16:50:59.315+0100: 28261.642: Total time for which application threads were stopped: 0.0041189 seconds, Stopping threads took: 0.0000217 seconds
2016-06-21T16:51:00.315+0100: 28262.642: Total time for which application threads were stopped: 0.0001030 seconds, Stopping threads took: 0.0000347 seconds
{Heap before GC invocations=390 (full 7):
 par new generation   total 109248K, used 93549K [0x00000000e0000000, 0x00000000e8000000, 0x00000000e8000000)
  eden space 87424K, 100% used [0x00000000e0000000, 0x00000000e5560000, 0x00000000e5560000)
  from space 21824K,  28% used [0x00000000e5560000, 0x00000000e5b5b700, 0x00000000e6ab0000)
  to   space 21824K,   0% used [0x00000000e6ab0000, 0x00000000e6ab0000, 0x00000000e8000000)
 concurrent mark-sweep generation total 393216K, used 84699K [0x00000000e8000000, 0x0000000100000000, 0x0000000100000000)
 Metaspace       used 50126K, capacity 50710K, committed 50808K, reserved 1095680K
  class space    used 5306K, capacity 5478K, committed 5548K, reserved 1048576K
2016-06-21T16:51:07.055+0100: 28269.381: [GC (Allocation Failure) 2016-06-21T16:51:07.055+0100: 28269.381: [ParNew
Desired survivor size 20112992 bytes, new threshold 4 (max 8)
- age   1:   18814568 bytes,   18814568 total
- age   2:       4160 bytes,   18818728 total
- age   3:        408 bytes,   18819136 total
- age   4:    2422080 bytes,   21241216 total
- age   5:      48592 bytes,   21289808 total
- age   6:      25896 bytes,   21315704 total
- age   7:     374024 bytes,   21689728 total
- age   8:      81152 bytes,   21770880 total
: 93549K->21824K(109248K), 0.0094197 secs] 178248K->106994K(502464K), 0.0095081 secs] [Times: user=0.06 sys=0.00, real=0.01 secs] 
Heap after GC invocations=391 (full 7):
 par new generation   total 109248K, used 21824K [0x00000000e0000000, 0x00000000e8000000, 0x00000000e8000000)
  eden space 87424K,   0% used [0x00000000e0000000, 0x00000000e0000000, 0x00000000e5560000)
  from space 21824K, 100% used [0x00000000e6ab0000, 0x00000000e8000000, 0x00000000e8000000)
  to   space 21824K,   0% used [0x00000000e5560000, 0x00000000e5560000, 0x00000000e6ab0000)
 concurrent mark-sweep generation total 393216K, used 85170K [0x00000000e8000000, 0x0000000100000000, 0x0000000100000000)
 Metaspace       used 50126K, capacity 50710K, committed 50808K, reserved 1095680K
  class space    used 5306K, capacity 5478K, committed 5548K, reserved 1048576K
}
2016-06-21T16:51:07.064+0100: 28269.391: Total time for which application threads were stopped: 0.0097292 seconds, Stopping threads took: 0.0000276 seconds
2016-06-21T16:51:07.064+0100: 28269.391: Total time for which application threads were stopped: 0.0001397 seconds, Stopping threads took: 0.0000596 seconds
2016-06-21T16:51:07.065+0100: 28269.391: Total time for which application threads were stopped: 0.0000908 seconds, Stopping threads took: 0.0000359 seconds
2016-06-21T16:51:07.065+0100: 28269.391: Total time for which application threads were stopped: 0.0000857 seconds, Stopping threads took: 0.0000399 seconds
2016-06-21T16:51:07.065+0100: 28269.391: Total time for which application threads were stopped: 0.0000959 seconds, Stopping threads took: 0.0000324 seconds
2016-06-21T16:51:07.065+0100: 28269.392: Total time for which application threads were stopped: 0.0000797 seconds, Stopping threads took: 0.0000332 seconds
2016-06-21T16:51:07.065+0100: 28269.392: Total time for which application threads were stopped: 0.0000651 seconds, Stopping threads took: 0.0000288 seconds
2016-06-21T16:51:07.065+0100: 28269.392: Total time for which application threads were stopped: 0.0000572 seconds, Stopping threads took: 0.0000264 seconds
2016-06-21T16:51:07.065+0100: 28269.392: Total time for which application threads were stopped: 0.0000711 seconds, Stopping threads took: 0.0000237 seconds
2016-06-21T16:51:07.065+0100: 28269.392: Total time for which application threads were stopped: 0.0000580 seconds, Stopping threads took: 0.0000241 seconds
2016-06-21T16:51:07.065+0100: 28269.392: Total time for which application threads were stopped: 0.0000537 seconds, Stopping threads took: 0.0000233 seconds
2016-06-21T16:51:07.066+0100: 28269.392: Total time for which application threads were stopped: 0.0001228 seconds, Stopping threads took: 0.0000217 seconds
2016-06-21T16:51:07.066+0100: 28269.392: Total time for which application threads were stopped: 0.0000766 seconds, Stopping threads took: 0.0000122 seconds
2016-06-21T16:51:07.066+0100: 28269.392: Total time for which application threads were stopped: 0.0000659 seconds, Stopping threads took: 0.0000209 seconds
2016-06-21T16:51:07.066+0100: 28269.393: Total time for which application threads were stopped: 0.0001374 seconds, Stopping threads took: 0.0000126 seconds
{Heap before GC invocations=391 (full 7):
 par new generation   total 109248K, used 109248K [0x00000000e0000000, 0x00000000e8000000, 0x00000000e8000000)
  eden space 87424K, 100% used [0x00000000e0000000, 0x00000000e5560000, 0x00000000e5560000)
  from space 21824K, 100% used [0x00000000e6ab0000, 0x00000000e8000000, 0x00000000e8000000)
  to   space 21824K,   0% used [0x00000000e5560000, 0x00000000e5560000, 0x00000000e6ab0000)
 concurrent mark-sweep generation total 393216K, used 85170K [0x00000000e8000000, 0x0000000100000000, 0x0000000100000000)
 Metaspace       used 50126K, capacity 50710K, committed 50808K, reserved 1095680K
  class space    used 5306K, capacity 5478K, committed 5548K, reserved 1048576K
2016-06-21T16:51:07.170+0100: 28269.496: [GC (Allocation Failure) 2016-06-21T16:51:07.170+0100: 28269.496: [ParNew
Desired survivor size 20112992 bytes, new threshold 2 (max 8)
- age   1:    4398872 bytes,    4398872 total
- age   2:   17693360 bytes,   22092232 total
- age   3:       2736 bytes,   22094968 total
- age   4:        408 bytes,   22095376 total
: 109248K->21824K(109248K), 0.0151180 secs] 194418K->110894K(502464K), 0.0152258 secs] [Times: user=0.06 sys=0.00, real=0.01 secs] 
Heap after GC invocations=392 (full 7):
 par new generation   total 109248K, used 21824K [0x00000000e0000000, 0x00000000e8000000, 0x00000000e8000000)
  eden space 87424K,   0% used [0x00000000e0000000, 0x00000000e0000000, 0x00000000e5560000)
  from space 21824K, 100% used [0x00000000e5560000, 0x00000000e6ab0000, 0x00000000e6ab0000)
  to   space 21824K,   0% used [0x00000000e6ab0000, 0x00000000e6ab0000, 0x00000000e8000000)
 concurrent mark-sweep generation total 393216K, used 89070K [0x00000000e8000000, 0x0000000100000000, 0x0000000100000000)
 Metaspace       used 50126K, capacity 50710K, committed 50808K, reserved 1095680K
  class space    used 5306K, capacity 5478K, committed 5548K, reserved 1048576K
}
2016-06-21T16:51:07.185+0100: 28269.512: Total time for which application threads were stopped: 0.0154109 seconds, Stopping threads took: 0.0000213 seconds
{Heap before GC invocations=392 (full 7):
 par new generation   total 109248K, used 109248K [0x00000000e0000000, 0x00000000e8000000, 0x00000000e8000000)
  eden space 87424K, 100% used [0x00000000e0000000, 0x00000000e5560000, 0x00000000e5560000)
  from space 21824K, 100% used [0x00000000e5560000, 0x00000000e6ab0000, 0x00000000e6ab0000)
  to   space 21824K,   0% used [0x00000000e6ab0000, 0x00000000e6ab0000, 0x00000000e8000000)
 concurrent mark-sweep generation total 393216K, used 89070K [0x00000000e8000000, 0x0000000100000000, 0x0000000100000000)
 Metaspace       used 50126K, capacity 50710K, committed 50808K, reserved 1095680K
  class space    used 5306K, capacity 5478K, committed 5548K, reserved 1048576K
2016-06-21T16:51:07.295+0100: 28269.622: [GC (Allocation Failure) 2016-06-21T16:51:07.295+0100: 28269.622: [ParNew
Desired survivor size 20112992 bytes, new threshold 8 (max 8)
- age   1:    1564256 bytes,    1564256 total
- age   2:    3396504 bytes,    4960760 total
: 109248K->19844K(109248K), 0.0231458 secs] 198318K->126177K(502464K), 0.0232062 secs] [Times: user=0.06 sys=0.06, real=0.02 secs] 
Heap after GC invocations=393 (full 7):
 par new generation   total 109248K, used 19844K [0x00000000e0000000, 0x00000000e8000000, 0x00000000e8000000)
  eden space 87424K,   0% used [0x00000000e0000000, 0x00000000e0000000, 0x00000000e5560000)
  from space 21824K,  90% used [0x00000000e6ab0000, 0x00000000e7e11040, 0x00000000e8000000)
  to   space 21824K,   0% used [0x00000000e5560000, 0x00000000e5560000, 0x00000000e6ab0000)
 concurrent mark-sweep generation total 393216K, used 106333K [0x00000000e8000000, 0x0000000100000000, 0x0000000100000000)
 Metaspace       used 50126K, capacity 50710K, committed 50808K, reserved 1095680K
  class space    used 5306K, capacity 5478K, committed 5548K, reserved 1048576K
}
2016-06-21T16:51:07.318+0100: 28269.645: Total time for which application threads were stopped: 0.0233993 seconds, Stopping threads took: 0.0000197 seconds
{Heap before GC invocations=393 (full 7):
 par new generation   total 109248K, used 107268K [0x00000000e0000000, 0x00000000e8000000, 0x00000000e8000000)
  eden space 87424K, 100% used [0x00000000e0000000, 0x00000000e5560000, 0x00000000e5560000)
  from space 21824K,  90% used [0x00000000e6ab0000, 0x00000000e7e11040, 0x00000000e8000000)
  to   space 21824K,   0% used [0x00000000e5560000, 0x00000000e5560000, 0x00000000e6ab0000)
 concurrent mark-sweep generation total 393216K, used 106333K [0x00000000e8000000, 0x0000000100000000, 0x0000000100000000)
 Metaspace       used 50126K, capacity 50710K, committed 50808K, reserved 1095680K
  class space    used 5306K, capacity 5478K, committed 5548K, reserved 1048576K
2016-06-21T16:51:07.423+0100: 28269.750: [GC (Allocation Failure) 2016-06-21T16:51:07.423+0100: 28269.750: [ParNew
Desired survivor size 20112992 bytes, new threshold 8 (max 8)
- age   1:    2197920 bytes,    2197920 total
- age   2:     819456 bytes,    3017376 total
- age   3:    3396504 bytes,    6413880 total
: 107268K->9741K(109248K), 0.0046392 secs] 213601K->116075K(502464K), 0.0047624 secs] [Times: user=0.00 sys=0.00, real=0.00 secs] 
Heap after GC invocations=394 (full 7):
 par new generation   total 109248K, used 9741K [0x00000000e0000000, 0x00000000e8000000, 0x00000000e8000000)
  eden space 87424K,   0% used [0x00000000e0000000, 0x00000000e0000000, 0x00000000e5560000)
  from space 21824K,  44% used [0x00000000e5560000, 0x00000000e5ee35f0, 0x00000000e6ab0000)
  to   space 21824K,   0% used [0x00000000e6ab0000, 0x00000000e6ab0000, 0x00000000e8000000)
 concurrent mark-sweep generation total 393216K, used 106333K [0x00000000e8000000, 0x0000000100000000, 0x0000000100000000)
 Metaspace       used 50126K, capacity 50710K, committed 50808K, reserved 1095680K
  class space    used 5306K, capacity 5478K, committed 5548K, reserved 1048576K
}
2016-06-21T16:51:07.428+0100: 28269.755: Total time for which application threads were stopped: 0.0050091 seconds, Stopping threads took: 0.0000264 seconds
{Heap before GC invocations=394 (full 7):
 par new generation   total 109248K, used 97165K [0x00000000e0000000, 0x00000000e8000000, 0x00000000e8000000)
  eden space 87424K, 100% used [0x00000000e0000000, 0x00000000e5560000, 0x00000000e5560000)
  from space 21824K,  44% used [0x00000000e5560000, 0x00000000e5ee35f0, 0x00000000e6ab0000)
  to   space 21824K,   0% used [0x00000000e6ab0000, 0x00000000e6ab0000, 0x00000000e8000000)
 concurrent mark-sweep generation total 393216K, used 106333K [0x00000000e8000000, 0x0000000100000000, 0x0000000100000000)
 Metaspace       used 50126K, capacity 50710K, committed 50808K, reserved 1095680K
  class space    used 5306K, capacity 5478K, committed 5548K, reserved 1048576K
2016-06-21T16:51:07.586+0100: 28269.913: [GC (Allocation Failure) 2016-06-21T16:51:07.586+0100: 28269.913: [ParNew
Desired survivor size 20112992 bytes, new threshold 8 (max 8)
- age   1:    1114528 bytes,    1114528 total
- age   2:    1507328 bytes,    2621856 total
- age   3:     819456 bytes,    3441312 total
- age   4:    3396504 bytes,    6837816 total
: 97165K->8837K(109248K), 0.0036795 secs] 203499K->115170K(502464K), 0.0037431 secs] [Times: user=0.00 sys=0.00, real=0.00 secs] 
Heap after GC invocations=395 (full 7):
 par new generation   total 109248K, used 8837K [0x00000000e0000000, 0x00000000e8000000, 0x00000000e8000000)
  eden space 87424K,   0% used [0x00000000e0000000, 0x00000000e0000000, 0x00000000e5560000)
  from space 21824K,  40% used [0x00000000e6ab0000, 0x00000000e7351490, 0x00000000e8000000)
  to   space 21824K,   0% used [0x00000000e5560000, 0x00000000e5560000, 0x00000000e6ab0000)
 concurrent mark-sweep generation total 393216K, used 106333K [0x00000000e8000000, 0x0000000100000000, 0x0000000100000000)
 Metaspace       used 50126K, capacity 50710K, committed 50808K, reserved 1095680K
  class space    used 5306K, capacity 5478K, committed 5548K, reserved 1048576K
}
2016-06-21T16:51:07.590+0100: 28269.917: Total time for which application threads were stopped: 0.0039705 seconds, Stopping threads took: 0.0000205 seconds
2016-06-21T16:59:59.928+0100: 28802.255: Total time for which application threads were stopped: 0.0001338 seconds, Stopping threads took: 0.0000280 seconds
2016-06-21T16:59:59.951+0100: 28802.278: Total time for which application threads were stopped: 0.0000876 seconds, Stopping threads took: 0.0000209 seconds
{Heap before GC invocations=395 (full 7):
 par new generation   total 109248K, used 96261K [0x00000000e0000000, 0x00000000e8000000, 0x00000000e8000000)
  eden space 87424K, 100% used [0x00000000e0000000, 0x00000000e5560000, 0x00000000e5560000)
  from space 21824K,  40% used [0x00000000e6ab0000, 0x00000000e7351490, 0x00000000e8000000)
  to   space 21824K,   0% used [0x00000000e5560000, 0x00000000e5560000, 0x00000000e6ab0000)
 concurrent mark-sweep generation total 393216K, used 106333K [0x00000000e8000000, 0x0000000100000000, 0x0000000100000000)
 Metaspace       used 50130K, capacity 50710K, committed 50808K, reserved 1095680K
  class space    used 5306K, capacity 5478K, committed 5548K, reserved 1048576K
2016-06-21T17:00:00.471+0100: 28802.798: [GC (Allocation Failure) 2016-06-21T17:00:00.472+0100: 28802.798: [ParNew
Desired survivor size 20112992 bytes, new threshold 8 (max 8)
- age   1:    2535544 bytes,    2535544 total
- age   2:      30720 bytes,    2566264 total
- age   3:      29440 bytes,    2595704 total
- age   4:      29568 bytes,    2625272 total
- age   5:     351904 bytes,    2977176 total
: 96261K->5212K(109248K), 0.0042097 secs] 202594K->111545K(502464K), 0.0043751 secs] [Times: user=0.00 sys=0.00, real=0.01 secs] 
Heap after GC invocations=396 (full 7):
 par new generation   total 109248K, used 5212K [0x00000000e0000000, 0x00000000e8000000, 0x00000000e8000000)
  eden space 87424K,   0% used [0x00000000e0000000, 0x00000000e0000000, 0x00000000e5560000)
  from space 21824K,  23% used [0x00000000e5560000, 0x00000000e5a770c0, 0x00000000e6ab0000)
  to   space 21824K,   0% used [0x00000000e6ab0000, 0x00000000e6ab0000, 0x00000000e8000000)
 concurrent mark-sweep generation total 393216K, used 106333K [0x00000000e8000000, 0x0000000100000000, 0x0000000100000000)
 Metaspace       used 50130K, capacity 50710K, committed 50808K, reserved 1095680K
  class space    used 5306K, capacity 5478K, committed 5548K, reserved 1048576K
}
2016-06-21T17:00:00.476+0100: 28802.803: Total time for which application threads were stopped: 0.0047762 seconds, Stopping threads took: 0.0000237 seconds
2016-06-21T17:00:00.477+0100: 28802.804: Total time for which application threads were stopped: 0.0004098 seconds, Stopping threads took: 0.0003166 seconds
2016-06-21T17:00:00.477+0100: 28802.804: Total time for which application threads were stopped: 0.0000584 seconds, Stopping threads took: 0.0000122 seconds
2016-06-21T17:00:00.477+0100: 28802.804: Total time for which application threads were stopped: 0.0000797 seconds, Stopping threads took: 0.0000304 seconds
2016-06-21T17:00:00.477+0100: 28802.804: Total time for which application threads were stopped: 0.0001204 seconds, Stopping threads took: 0.0000122 seconds
2016-06-21T17:01:04.218+0100: 28866.545: Total time for which application threads were stopped: 0.0001405 seconds, Stopping threads took: 0.0000300 seconds
2016-06-21T17:01:05.218+0100: 28867.544: Total time for which application threads were stopped: 0.0001318 seconds, Stopping threads took: 0.0000332 seconds
2016-06-21T17:01:38.660+0100: 28900.987: Total time for which application threads were stopped: 0.0001153 seconds, Stopping threads took: 0.0000272 seconds
2016-06-21T17:01:39.661+0100: 28901.987: Total time for which application threads were stopped: 0.0001741 seconds, Stopping threads took: 0.0000462 seconds
2016-06-21T17:04:02.230+0100: 29044.557: Total time for which application threads were stopped: 0.0001354 seconds, Stopping threads took: 0.0000276 seconds
2016-06-21T17:04:03.230+0100: 29045.557: Total time for which application threads were stopped: 0.0001086 seconds, Stopping threads took: 0.0000312 seconds
2016-06-21T17:04:13.888+0100: 29056.215: Total time for which application threads were stopped: 0.0000928 seconds, Stopping threads took: 0.0000225 seconds
2016-06-21T17:04:14.888+0100: 29057.215: Total time for which application threads were stopped: 0.0002167 seconds, Stopping threads took: 0.0000549 seconds
2016-06-21T17:04:15.889+0100: 29058.216: Total time for which application threads were stopped: 0.0001468 seconds, Stopping threads took: 0.0000430 seconds
2016-06-21T17:04:19.890+0100: 29062.217: Total time for which application threads were stopped: 0.0002471 seconds, Stopping threads took: 0.0000616 seconds
2016-06-21T17:04:23.893+0100: 29066.220: Total time for which application threads were stopped: 0.0000880 seconds, Stopping threads took: 0.0000225 seconds
2016-06-21T17:04:24.893+0100: 29067.220: Total time for which application threads were stopped: 0.0002554 seconds, Stopping threads took: 0.0000517 seconds
2016-06-21T17:04:28.896+0100: 29071.222: Total time for which application threads were stopped: 0.0001713 seconds, Stopping threads took: 0.0000391 seconds
2016-06-21T17:04:34.898+0100: 29077.225: Total time for which application threads were stopped: 0.0001070 seconds, Stopping threads took: 0.0000288 seconds
2016-06-21T17:04:35.899+0100: 29078.226: Total time for which application threads were stopped: 0.0000896 seconds, Stopping threads took: 0.0000257 seconds
2016-06-21T17:04:48.907+0100: 29091.233: Total time for which application threads were stopped: 0.0001212 seconds, Stopping threads took: 0.0000328 seconds
2016-06-21T17:04:51.908+0100: 29094.235: Total time for which application threads were stopped: 0.0002451 seconds, Stopping threads took: 0.0000624 seconds
2016-06-21T17:04:53.909+0100: 29096.236: Total time for which application threads were stopped: 0.0001022 seconds, Stopping threads took: 0.0000371 seconds
2016-06-21T17:05:02.913+0100: 29105.239: Total time for which application threads were stopped: 0.0001046 seconds, Stopping threads took: 0.0000383 seconds
{Heap before GC invocations=396 (full 7):
 par new generation   total 109248K, used 92610K [0x00000000e0000000, 0x00000000e8000000, 0x00000000e8000000)
  eden space 87424K,  99% used [0x00000000e0000000, 0x00000000e5559908, 0x00000000e5560000)
  from space 21824K,  23% used [0x00000000e5560000, 0x00000000e5a770c0, 0x00000000e6ab0000)
  to   space 21824K,   0% used [0x00000000e6ab0000, 0x00000000e6ab0000, 0x00000000e8000000)
 concurrent mark-sweep generation total 393216K, used 106333K [0x00000000e8000000, 0x0000000100000000, 0x0000000100000000)
 Metaspace       used 50148K, capacity 50710K, committed 50808K, reserved 1095680K
  class space    used 5306K, capacity 5478K, committed 5548K, reserved 1048576K
2016-06-21T17:05:04.463+0100: 29106.790: [GC (Allocation Failure) 2016-06-21T17:05:04.463+0100: 29106.790: [ParNew
Desired survivor size 20112992 bytes, new threshold 8 (max 8)
- age   1:      76320 bytes,      76320 total
- age   2:    3061680 bytes,    3138000 total
- age   3:      30720 bytes,    3168720 total
- age   4:      29440 bytes,    3198160 total
- age   5:      29568 bytes,    3227728 total
- age   6:     351904 bytes,    3579632 total
: 92610K->4013K(109248K), 0.0068423 secs] 198943K->110347K(502464K), 0.0069189 secs] [Times: user=0.02 sys=0.03, real=0.01 secs] 
Heap after GC invocations=397 (full 7):
 par new generation   total 109248K, used 4013K [0x00000000e0000000, 0x00000000e8000000, 0x00000000e8000000)
  eden space 87424K,   0% used [0x00000000e0000000, 0x00000000e0000000, 0x00000000e5560000)
  from space 21824K,  18% used [0x00000000e6ab0000, 0x00000000e6e9b5f8, 0x00000000e8000000)
  to   space 21824K,   0% used [0x00000000e5560000, 0x00000000e5560000, 0x00000000e6ab0000)
 concurrent mark-sweep generation total 393216K, used 106333K [0x00000000e8000000, 0x0000000100000000, 0x0000000100000000)
 Metaspace       used 50148K, capacity 50710K, committed 50808K, reserved 1095680K
  class space    used 5306K, capacity 5478K, committed 5548K, reserved 1048576K
}
2016-06-21T17:05:04.470+0100: 29106.797: Total time for which application threads were stopped: 0.0074668 seconds, Stopping threads took: 0.0001228 seconds
2016-06-21T17:05:06.471+0100: 29108.797: Total time for which application threads were stopped: 0.0001097 seconds, Stopping threads took: 0.0000320 seconds
2016-06-21T17:05:07.472+0100: 29109.798: Total time for which application threads were stopped: 0.0000809 seconds, Stopping threads took: 0.0000213 seconds
2016-06-21T17:05:08.472+0100: 29110.799: Total time for which application threads were stopped: 0.0000853 seconds, Stopping threads took: 0.0000221 seconds
2016-06-21T17:06:09.373+0100: 29171.700: Total time for which application threads were stopped: 0.0019233 seconds, Stopping threads took: 0.0000320 seconds
2016-06-21T17:06:09.375+0100: 29171.702: Total time for which application threads were stopped: 0.0010737 seconds, Stopping threads took: 0.0000276 seconds
2016-06-21T17:06:09.448+0100: 29171.775: Total time for which application threads were stopped: 0.0001875 seconds, Stopping threads took: 0.0000647 seconds
2016-06-21T17:06:09.451+0100: 29171.777: Total time for which application threads were stopped: 0.0000865 seconds, Stopping threads took: 0.0000272 seconds
2016-06-21T17:06:09.801+0100: 29172.127: Total time for which application threads were stopped: 0.0001512 seconds, Stopping threads took: 0.0000264 seconds
2016-06-21T17:06:09.803+0100: 29172.130: Total time for which application threads were stopped: 0.0001386 seconds, Stopping threads took: 0.0000217 seconds
2016-06-21T17:06:09.803+0100: 29172.130: Total time for which application threads were stopped: 0.0000612 seconds, Stopping threads took: 0.0000130 seconds
2016-06-21T17:06:09.804+0100: 29172.130: Total time for which application threads were stopped: 0.0001567 seconds, Stopping threads took: 0.0000107 seconds
2016-06-21T17:06:09.804+0100: 29172.130: Total time for which application threads were stopped: 0.0000592 seconds, Stopping threads took: 0.0000107 seconds
2016-06-21T17:06:09.805+0100: 29172.131: Total time for which application threads were stopped: 0.0000809 seconds, Stopping threads took: 0.0000154 seconds
2016-06-21T17:06:09.806+0100: 29172.133: Total time for which application threads were stopped: 0.0001224 seconds, Stopping threads took: 0.0000288 seconds
2016-06-21T17:06:09.807+0100: 29172.133: Total time for which application threads were stopped: 0.0000470 seconds, Stopping threads took: 0.0000134 seconds
2016-06-21T17:06:09.808+0100: 29172.135: Total time for which application threads were stopped: 0.0000801 seconds, Stopping threads took: 0.0000229 seconds
Heap
 par new generation   total 109248K, used 23755K [0x00000000e0000000, 0x00000000e8000000, 0x00000000e8000000)
  eden space 87424K,  22% used [0x00000000e0000000, 0x00000000e1347750, 0x00000000e5560000)
  from space 21824K,  18% used [0x00000000e6ab0000, 0x00000000e6e9b5f8, 0x00000000e8000000)
  to   space 21824K,   0% used [0x00000000e5560000, 0x00000000e5560000, 0x00000000e6ab0000)
 concurrent mark-sweep generation total 393216K, used 106333K [0x00000000e8000000, 0x0000000100000000, 0x0000000100000000)
 Metaspace       used 50219K, capacity 50838K, committed 51064K, reserved 1095680K
  class space    used 5317K, capacity 5542K, committed 5548K, reserved 1048576K
