Java HotSpot(TM) 64-Bit Server VM (25.73-b02) for windows-amd64 JRE (1.8.0_73-b02), built on Jan 29 2016 17:38:49 by "java_re" with MS VC++ 10.0 (VS2010)
Memory: 4k page, physical 4027256k(1086744k free), swap 8052676k(3071264k free)
CommandLine flags: -XX:CMSInitiatingOccupancyFraction=50 -XX:CMSMaxAbortablePrecleanTime=6000 -XX:+CMSParallelRemarkEnabled -XX:+CMSScavengeBeforeRemark -XX:ConcGCThreads=4 -XX:InitialHeapSize=536870912 -XX:MaxHeapSize=536870912 -XX:MaxTenuringThreshold=8 -XX:NewRatio=3 -XX:OldPLABSize=16 -XX:ParallelGCThreads=4 -XX:+ParallelRefProcEnabled -XX:PretenureSizeThreshold=67108864 -XX:+PrintGC -XX:+PrintGCApplicationStoppedTime -XX:+PrintGCDateStamps -XX:+PrintGCDetails -XX:+PrintGCTimeStamps -XX:+PrintHeapAtGC -XX:+PrintTenuringDistribution -XX:SurvivorRatio=4 -XX:TargetSurvivorRatio=90 -XX:ThreadStackSize=256 -XX:+UseCMSInitiatingOccupancyOnly -XX:+UseCompressedClassPointers -XX:+UseCompressedOops -XX:+UseConcMarkSweepGC -XX:-UseLargePagesIndividualAllocation -XX:+UseParNewGC 
2016-03-16T10:00:56.501+0000: 1.097: Total time for which application threads were stopped: 0.0333719 seconds, Stopping threads took: 0.0331847 seconds
2016-03-16T10:00:57.021+0000: 1.617: Total time for which application threads were stopped: 0.0002377 seconds, Stopping threads took: 0.0000505 seconds
2016-03-16T10:00:57.177+0000: 1.778: Total time for which application threads were stopped: 0.0002029 seconds, Stopping threads took: 0.0000458 seconds
2016-03-16T10:00:57.760+0000: 2.358: Total time for which application threads were stopped: 0.0006578 seconds, Stopping threads took: 0.0004304 seconds
2016-03-16T10:00:57.978+0000: 2.575: Total time for which application threads were stopped: 0.0002977 seconds, Stopping threads took: 0.0000505 seconds
2016-03-16T10:00:58.026+0000: 2.622: Total time for which application threads were stopped: 0.0002661 seconds, Stopping threads took: 0.0000482 seconds
2016-03-16T10:00:59.041+0000: 3.637: Total time for which application threads were stopped: 0.0003364 seconds, Stopping threads took: 0.0002164 seconds
{Heap before GC invocations=0 (full 0):
 par new generation   total 109248K, used 87424K [0x00000000e0000000, 0x00000000e8000000, 0x00000000e8000000)
  eden space 87424K, 100% used [0x00000000e0000000, 0x00000000e5560000, 0x00000000e5560000)
  from space 21824K,   0% used [0x00000000e5560000, 0x00000000e5560000, 0x00000000e6ab0000)
  to   space 21824K,   0% used [0x00000000e6ab0000, 0x00000000e6ab0000, 0x00000000e8000000)
 concurrent mark-sweep generation total 393216K, used 0K [0x00000000e8000000, 0x0000000100000000, 0x0000000100000000)
 Metaspace       used 10125K, capacity 10344K, committed 10496K, reserved 1058816K
  class space    used 1166K, capacity 1212K, committed 1280K, reserved 1048576K
2016-03-16T10:00:59.072+0000: 3.681: [GC (Allocation Failure) 2016-03-16T10:00:59.072+0000: 3.682: [ParNew
Desired survivor size 20112992 bytes, new threshold 8 (max 8)
- age   1:    5744728 bytes,    5744728 total
: 87424K->5681K(109248K), 0.0200972 secs] 87424K->5681K(502464K), 0.0204336 secs] [Times: user=0.06 sys=0.00, real=0.03 secs] 
Heap after GC invocations=1 (full 0):
 par new generation   total 109248K, used 5681K [0x00000000e0000000, 0x00000000e8000000, 0x00000000e8000000)
  eden space 87424K,   0% used [0x00000000e0000000, 0x00000000e0000000, 0x00000000e5560000)
  from space 21824K,  26% used [0x00000000e6ab0000, 0x00000000e703c680, 0x00000000e8000000)
  to   space 21824K,   0% used [0x00000000e5560000, 0x00000000e5560000, 0x00000000e6ab0000)
 concurrent mark-sweep generation total 393216K, used 0K [0x00000000e8000000, 0x0000000100000000, 0x0000000100000000)
 Metaspace       used 10125K, capacity 10344K, committed 10496K, reserved 1058816K
  class space    used 1166K, capacity 1212K, committed 1280K, reserved 1048576K
}
2016-03-16T10:00:59.103+0000: 3.702: Total time for which application threads were stopped: 0.0208221 seconds, Stopping threads took: 0.0000561 seconds
2016-03-16T10:00:59.431+0000: 4.030: Total time for which application threads were stopped: 0.0003166 seconds, Stopping threads took: 0.0000426 seconds
2016-03-16T10:00:59.541+0000: 4.145: Total time for which application threads were stopped: 0.0003277 seconds, Stopping threads took: 0.0000419 seconds
2016-03-16T10:01:00.072+0000: 4.675: Total time for which application threads were stopped: 0.0021620 seconds, Stopping threads took: 0.0018178 seconds
2016-03-16T10:01:00.072+0000: 4.677: Total time for which application threads were stopped: 0.0002100 seconds, Stopping threads took: 0.0000316 seconds
2016-03-16T10:01:00.087+0000: 4.685: Total time for which application threads were stopped: 0.0002890 seconds, Stopping threads took: 0.0000419 seconds
2016-03-16T10:01:00.118+0000: 4.725: Total time for which application threads were stopped: 0.0011213 seconds, Stopping threads took: 0.0007628 seconds
2016-03-16T10:01:00.752+0000: 5.353: Total time for which application threads were stopped: 0.0003064 seconds, Stopping threads took: 0.0000545 seconds
2016-03-16T10:01:00.799+0000: 5.407: Total time for which application threads were stopped: 0.0001966 seconds, Stopping threads took: 0.0000766 seconds
2016-03-16T10:01:00.799+0000: 5.407: Total time for which application threads were stopped: 0.0001319 seconds, Stopping threads took: 0.0000537 seconds
2016-03-16T10:01:01.813+0000: 6.409: Total time for which application threads were stopped: 0.0002274 seconds, Stopping threads took: 0.0000750 seconds
2016-03-16T10:01:05.276+0000: 9.878: Total time for which application threads were stopped: 0.0001342 seconds, Stopping threads took: 0.0000466 seconds
2016-03-16T10:01:05.276+0000: 9.879: Total time for which application threads were stopped: 0.0000884 seconds, Stopping threads took: 0.0000308 seconds
2016-03-16T10:01:05.292+0000: 9.899: Total time for which application threads were stopped: 0.0001469 seconds, Stopping threads took: 0.0000521 seconds
2016-03-16T10:01:05.307+0000: 9.907: Total time for which application threads were stopped: 0.0001295 seconds, Stopping threads took: 0.0000513 seconds
2016-03-16T10:01:05.307+0000: 9.907: Total time for which application threads were stopped: 0.0000719 seconds, Stopping threads took: 0.0000268 seconds
2016-03-16T10:01:05.354+0000: 9.956: Total time for which application threads were stopped: 0.0001366 seconds, Stopping threads took: 0.0000545 seconds
2016-03-16T10:01:05.354+0000: 9.957: Total time for which application threads were stopped: 0.0000734 seconds, Stopping threads took: 0.0000261 seconds
2016-03-16T10:01:05.354+0000: 9.957: Total time for which application threads were stopped: 0.0003680 seconds, Stopping threads took: 0.0000300 seconds
2016-03-16T10:01:05.386+0000: 9.987: Total time for which application threads were stopped: 0.0001429 seconds, Stopping threads took: 0.0000387 seconds
2016-03-16T10:01:05.386+0000: 9.987: Total time for which application threads were stopped: 0.0000734 seconds, Stopping threads took: 0.0000221 seconds
2016-03-16T10:01:05.386+0000: 9.993: Total time for which application threads were stopped: 0.0001256 seconds, Stopping threads took: 0.0000490 seconds
2016-03-16T10:01:05.433+0000: 10.030: Total time for which application threads were stopped: 0.0004106 seconds, Stopping threads took: 0.0000442 seconds
2016-03-16T10:01:05.480+0000: 10.082: Total time for which application threads were stopped: 0.0001674 seconds, Stopping threads took: 0.0000521 seconds
2016-03-16T10:01:05.948+0000: 10.548: Total time for which application threads were stopped: 0.0001334 seconds, Stopping threads took: 0.0000426 seconds
2016-03-16T10:01:06.026+0000: 10.634: Total time for which application threads were stopped: 0.0001469 seconds, Stopping threads took: 0.0000434 seconds
2016-03-16T10:01:06.026+0000: 10.635: Total time for which application threads were stopped: 0.0001177 seconds, Stopping threads took: 0.0000340 seconds
2016-03-16T10:01:06.026+0000: 10.635: Total time for which application threads were stopped: 0.0000877 seconds, Stopping threads took: 0.0000213 seconds
2016-03-16T10:01:30.303+0000: 34.899: Total time for which application threads were stopped: 0.0001619 seconds, Stopping threads took: 0.0000648 seconds
2016-03-16T10:02:23.299+0000: 87.909: Total time for which application threads were stopped: 0.0001398 seconds, Stopping threads took: 0.0000529 seconds
2016-03-16T10:02:23.299+0000: 87.910: Total time for which application threads were stopped: 0.0003127 seconds, Stopping threads took: 0.0002472 seconds
2016-03-16T10:02:23.314+0000: 87.915: Total time for which application threads were stopped: 0.0001327 seconds, Stopping threads took: 0.0000426 seconds
2016-03-16T10:02:23.339+0000: 87.935: Total time for which application threads were stopped: 0.0001508 seconds, Stopping threads took: 0.0000513 seconds
2016-03-16T10:02:23.354+0000: 87.950: Total time for which application threads were stopped: 0.0004383 seconds, Stopping threads took: 0.0000513 seconds
2016-03-16T10:02:23.465+0000: 88.061: Total time for which application threads were stopped: 0.0001658 seconds, Stopping threads took: 0.0000545 seconds
2016-03-16T10:02:23.465+0000: 88.062: Total time for which application threads were stopped: 0.0000853 seconds, Stopping threads took: 0.0000363 seconds
{Heap before GC invocations=1 (full 0):
 par new generation   total 109248K, used 93105K [0x00000000e0000000, 0x00000000e8000000, 0x00000000e8000000)
  eden space 87424K, 100% used [0x00000000e0000000, 0x00000000e5560000, 0x00000000e5560000)
  from space 21824K,  26% used [0x00000000e6ab0000, 0x00000000e703c680, 0x00000000e8000000)
  to   space 21824K,   0% used [0x00000000e5560000, 0x00000000e5560000, 0x00000000e6ab0000)
 concurrent mark-sweep generation total 393216K, used 0K [0x00000000e8000000, 0x0000000100000000, 0x0000000100000000)
 Metaspace       used 20719K, capacity 21076K, committed 21296K, reserved 1069056K
  class space    used 2488K, capacity 2616K, committed 2688K, reserved 1048576K
2016-03-16T10:02:23.815+0000: 88.411: [GC (Allocation Failure) 2016-03-16T10:02:23.815+0000: 88.411: [ParNew
Desired survivor size 20112992 bytes, new threshold 8 (max 8)
- age   1:    8966648 bytes,    8966648 total
- age   2:    2548240 bytes,   11514888 total
: 93105K->12375K(109248K), 0.0368684 secs] 93105K->12375K(502464K), 0.0370208 secs] [Times: user=0.06 sys=0.00, real=0.04 secs] 
Heap after GC invocations=2 (full 0):
 par new generation   total 109248K, used 12375K [0x00000000e0000000, 0x00000000e8000000, 0x00000000e8000000)
  eden space 87424K,   0% used [0x00000000e0000000, 0x00000000e0000000, 0x00000000e5560000)
  from space 21824K,  56% used [0x00000000e5560000, 0x00000000e6175e90, 0x00000000e6ab0000)
  to   space 21824K,   0% used [0x00000000e6ab0000, 0x00000000e6ab0000, 0x00000000e8000000)
 concurrent mark-sweep generation total 393216K, used 0K [0x00000000e8000000, 0x0000000100000000, 0x0000000100000000)
 Metaspace       used 20719K, capacity 21076K, committed 21296K, reserved 1069056K
  class space    used 2488K, capacity 2616K, committed 2688K, reserved 1048576K
}
2016-03-16T10:02:23.852+0000: 88.448: Total time for which application threads were stopped: 0.0374504 seconds, Stopping threads took: 0.0000426 seconds
2016-03-16T10:02:23.855+0000: 88.451: Total time for which application threads were stopped: 0.0009799 seconds, Stopping threads took: 0.0008449 seconds
2016-03-16T10:02:23.858+0000: 88.454: Total time for which application threads were stopped: 0.0010194 seconds, Stopping threads took: 0.0009586 seconds
2016-03-16T10:02:23.882+0000: 88.478: Total time for which application threads were stopped: 0.0001714 seconds, Stopping threads took: 0.0000529 seconds
2016-03-16T10:02:23.930+0000: 88.526: Total time for which application threads were stopped: 0.0001516 seconds, Stopping threads took: 0.0000450 seconds
2016-03-16T10:02:23.931+0000: 88.527: Total time for which application threads were stopped: 0.0000884 seconds, Stopping threads took: 0.0000229 seconds
2016-03-16T10:02:23.940+0000: 88.536: Total time for which application threads were stopped: 0.0005322 seconds, Stopping threads took: 0.0000632 seconds
2016-03-16T10:02:24.039+0000: 88.635: Total time for which application threads were stopped: 0.0001587 seconds, Stopping threads took: 0.0000505 seconds
2016-03-16T10:02:24.315+0000: 88.911: Total time for which application threads were stopped: 0.0002851 seconds, Stopping threads took: 0.0000497 seconds
2016-03-16T10:02:24.472+0000: 89.068: Total time for which application threads were stopped: 0.0001887 seconds, Stopping threads took: 0.0000687 seconds
2016-03-16T10:02:24.488+0000: 89.084: Total time for which application threads were stopped: 0.0001658 seconds, Stopping threads took: 0.0000687 seconds
2016-03-16T10:02:24.668+0000: 89.264: Total time for which application threads were stopped: 0.0001714 seconds, Stopping threads took: 0.0000490 seconds
2016-03-16T10:02:24.826+0000: 89.422: Total time for which application threads were stopped: 0.0002069 seconds, Stopping threads took: 0.0000474 seconds
2016-03-16T10:02:24.853+0000: 89.449: Total time for which application threads were stopped: 0.0001516 seconds, Stopping threads took: 0.0000569 seconds
{Heap before GC invocations=2 (full 0):
 par new generation   total 109248K, used 99799K [0x00000000e0000000, 0x00000000e8000000, 0x00000000e8000000)
  eden space 87424K, 100% used [0x00000000e0000000, 0x00000000e5560000, 0x00000000e5560000)
  from space 21824K,  56% used [0x00000000e5560000, 0x00000000e6175e90, 0x00000000e6ab0000)
  to   space 21824K,   0% used [0x00000000e6ab0000, 0x00000000e6ab0000, 0x00000000e8000000)
 concurrent mark-sweep generation total 393216K, used 0K [0x00000000e8000000, 0x0000000100000000, 0x0000000100000000)
 Metaspace       used 22565K, capacity 22944K, committed 23212K, reserved 1069056K
  class space    used 2697K, capacity 2810K, committed 2816K, reserved 1048576K
2016-03-16T10:02:24.853+0000: 89.450: [GC (Allocation Failure) 2016-03-16T10:02:24.854+0000: 89.450: [ParNew
Desired survivor size 20112992 bytes, new threshold 8 (max 8)
- age   1:    1951120 bytes,    1951120 total
- age   2:    2787184 bytes,    4738304 total
- age   3:    2543112 bytes,    7281416 total
: 99799K->13919K(109248K), 0.0298761 secs] 99799K->13919K(502464K), 0.0300443 secs] [Times: user=0.03 sys=0.00, real=0.03 secs] 
Heap after GC invocations=3 (full 0):
 par new generation   total 109248K, used 13919K [0x00000000e0000000, 0x00000000e8000000, 0x00000000e8000000)
  eden space 87424K,   0% used [0x00000000e0000000, 0x00000000e0000000, 0x00000000e5560000)
  from space 21824K,  63% used [0x00000000e6ab0000, 0x00000000e7847f40, 0x00000000e8000000)
  to   space 21824K,   0% used [0x00000000e5560000, 0x00000000e5560000, 0x00000000e6ab0000)
 concurrent mark-sweep generation total 393216K, used 0K [0x00000000e8000000, 0x0000000100000000, 0x0000000100000000)
 Metaspace       used 22565K, capacity 22944K, committed 23212K, reserved 1069056K
  class space    used 2697K, capacity 2810K, committed 2816K, reserved 1048576K
}
2016-03-16T10:02:24.884+0000: 89.480: Total time for which application threads were stopped: 0.0304028 seconds, Stopping threads took: 0.0000332 seconds
2016-03-16T10:02:24.887+0000: 89.483: [GC (CMS Initial Mark) [1 CMS-initial-mark: 0K(393216K)] 15310K(502464K), 0.0077401 secs] [Times: user=0.00 sys=0.00, real=0.01 secs] 
2016-03-16T10:02:24.895+0000: 89.491: Total time for which application threads were stopped: 0.0080022 seconds, Stopping threads took: 0.0000663 seconds
2016-03-16T10:02:24.895+0000: 89.491: [CMS-concurrent-mark-start]
2016-03-16T10:02:24.905+0000: 89.502: [CMS-concurrent-mark: 0.010/0.010 secs] [Times: user=0.03 sys=0.00, real=0.01 secs] 
2016-03-16T10:02:24.906+0000: 89.502: [CMS-concurrent-preclean-start]
2016-03-16T10:02:24.908+0000: 89.504: [CMS-concurrent-preclean: 0.003/0.003 secs] [Times: user=0.00 sys=0.00, real=0.00 secs] 
2016-03-16T10:02:24.911+0000: 89.507: Total time for which application threads were stopped: 0.0012184 seconds, Stopping threads took: 0.0010889 seconds
2016-03-16T10:02:24.913+0000: 89.509: Total time for which application threads were stopped: 0.0001911 seconds, Stopping threads took: 0.0000482 seconds
2016-03-16T10:02:24.934+0000: 89.531: [GC (CMS Final Remark) [YG occupancy: 22159 K (109248 K)]{Heap before GC invocations=3 (full 1):
 par new generation   total 109248K, used 22159K [0x00000000e0000000, 0x00000000e8000000, 0x00000000e8000000)
  eden space 87424K,   9% used [0x00000000e0000000, 0x00000000e080bff0, 0x00000000e5560000)
  from space 21824K,  63% used [0x00000000e6ab0000, 0x00000000e7847f40, 0x00000000e8000000)
  to   space 21824K,   0% used [0x00000000e5560000, 0x00000000e5560000, 0x00000000e6ab0000)
 concurrent mark-sweep generation total 393216K, used 0K [0x00000000e8000000, 0x0000000100000000, 0x0000000100000000)
 Metaspace       used 22581K, capacity 22944K, committed 23212K, reserved 1069056K
  class space    used 2700K, capacity 2810K, committed 2816K, reserved 1048576K
2016-03-16T10:02:24.935+0000: 89.531: [GC (CMS Final Remark) 2016-03-16T10:02:24.935+0000: 89.531: [ParNew
Desired survivor size 20112992 bytes, new threshold 8 (max 8)
- age   1:     183576 bytes,     183576 total
- age   2:     813976 bytes,     997552 total
- age   3:    2787104 bytes,    3784656 total
- age   4:    2543112 bytes,    6327768 total
: 22159K->8219K(109248K), 0.0225814 secs] 22159K->8219K(502464K), 0.0227022 secs] [Times: user=0.03 sys=0.00, real=0.02 secs] 
Heap after GC invocations=4 (full 1):
 par new generation   total 109248K, used 8219K [0x00000000e0000000, 0x00000000e8000000, 0x00000000e8000000)
  eden space 87424K,   0% used [0x00000000e0000000, 0x00000000e0000000, 0x00000000e5560000)
  from space 21824K,  37% used [0x00000000e5560000, 0x00000000e5d66ef8, 0x00000000e6ab0000)
  to   space 21824K,   0% used [0x00000000e6ab0000, 0x00000000e6ab0000, 0x00000000e8000000)
 concurrent mark-sweep generation total 393216K, used 0K [0x00000000e8000000, 0x0000000100000000, 0x0000000100000000)
 Metaspace       used 22581K, capacity 22944K, committed 23212K, reserved 1069056K
  class space    used 2700K, capacity 2810K, committed 2816K, reserved 1048576K
}
2016-03-16T10:02:24.958+0000: 89.554: [Rescan (parallel) , 0.0075711 secs]2016-03-16T10:02:24.965+0000: 89.561: [weak refs processing, 0.0014514 secs]2016-03-16T10:02:24.967+0000: 89.563: [class unloading, 0.0076722 secs]2016-03-16T10:02:24.974+0000: 89.571: [scrub symbol table, 0.0112413 secs]2016-03-16T10:02:24.986+0000: 89.582: [scrub string table, 0.0006404 secs][1 CMS-remark: 0K(393216K)] 8219K(502464K), 0.0532645 secs] [Times: user=0.08 sys=0.00, real=0.05 secs] 
2016-03-16T10:02:24.988+0000: 89.584: Total time for which application threads were stopped: 0.0536799 seconds, Stopping threads took: 0.0002377 seconds
2016-03-16T10:02:24.988+0000: 89.584: [CMS-concurrent-sweep-start]
2016-03-16T10:02:24.988+0000: 89.584: [CMS-concurrent-sweep: 0.000/0.000 secs] [Times: user=0.00 sys=0.00, real=0.00 secs] 
2016-03-16T10:02:24.988+0000: 89.584: [CMS-concurrent-reset-start]
2016-03-16T10:02:24.993+0000: 89.589: [CMS-concurrent-reset: 0.005/0.005 secs] [Times: user=0.00 sys=0.01, real=0.01 secs] 
2016-03-16T10:02:25.014+0000: 89.610: Total time for which application threads were stopped: 0.0002385 seconds, Stopping threads took: 0.0000600 seconds
2016-03-16T10:02:25.165+0000: 89.761: Total time for which application threads were stopped: 0.0001461 seconds, Stopping threads took: 0.0000403 seconds
2016-03-16T10:02:25.165+0000: 89.762: Total time for which application threads were stopped: 0.0000782 seconds, Stopping threads took: 0.0000213 seconds
2016-03-16T10:02:25.166+0000: 89.762: Total time for which application threads were stopped: 0.0000734 seconds, Stopping threads took: 0.0000197 seconds
2016-03-16T10:02:25.166+0000: 89.762: Total time for which application threads were stopped: 0.0000719 seconds, Stopping threads took: 0.0000205 seconds
2016-03-16T10:02:25.166+0000: 89.762: Total time for which application threads were stopped: 0.0000679 seconds, Stopping threads took: 0.0000190 seconds
2016-03-16T10:02:25.166+0000: 89.762: Total time for which application threads were stopped: 0.0000687 seconds, Stopping threads took: 0.0000190 seconds
2016-03-16T10:02:25.166+0000: 89.762: Total time for which application threads were stopped: 0.0000679 seconds, Stopping threads took: 0.0000190 seconds
2016-03-16T10:02:25.166+0000: 89.762: Total time for which application threads were stopped: 0.0000679 seconds, Stopping threads took: 0.0000190 seconds
2016-03-16T10:02:25.166+0000: 89.763: Total time for which application threads were stopped: 0.0000671 seconds, Stopping threads took: 0.0000190 seconds
2016-03-16T10:02:25.167+0000: 89.763: Total time for which application threads were stopped: 0.0002464 seconds, Stopping threads took: 0.0000190 seconds
2016-03-16T10:02:25.173+0000: 89.770: Total time for which application threads were stopped: 0.0001058 seconds, Stopping threads took: 0.0000324 seconds
2016-03-16T10:02:25.174+0000: 89.770: Total time for which application threads were stopped: 0.0000805 seconds, Stopping threads took: 0.0000213 seconds
2016-03-16T10:02:25.174+0000: 89.770: Total time for which application threads were stopped: 0.0000750 seconds, Stopping threads took: 0.0000197 seconds
2016-03-16T10:02:25.303+0000: 89.899: Total time for which application threads were stopped: 0.0002290 seconds, Stopping threads took: 0.0000450 seconds
2016-03-16T10:02:25.319+0000: 89.915: Total time for which application threads were stopped: 0.0002187 seconds, Stopping threads took: 0.0000632 seconds
2016-03-16T10:02:25.321+0000: 89.918: Total time for which application threads were stopped: 0.0001571 seconds, Stopping threads took: 0.0000387 seconds
2016-03-16T10:02:25.323+0000: 89.919: Total time for which application threads were stopped: 0.0001358 seconds, Stopping threads took: 0.0000324 seconds
2016-03-16T10:02:25.380+0000: 89.976: Total time for which application threads were stopped: 0.0001429 seconds, Stopping threads took: 0.0000419 seconds
2016-03-16T10:02:25.471+0000: 90.074: Total time for which application threads were stopped: 0.0005559 seconds, Stopping threads took: 0.0000490 seconds
2016-03-16T10:02:25.627+0000: 90.234: Total time for which application threads were stopped: 0.0002353 seconds, Stopping threads took: 0.0000442 seconds
2016-03-16T10:02:25.658+0000: 90.262: Total time for which application threads were stopped: 0.0002456 seconds, Stopping threads took: 0.0000497 seconds
2016-03-16T10:02:26.204+0000: 90.800: Total time for which application threads were stopped: 0.0255702 seconds, Stopping threads took: 0.0254217 seconds
2016-03-16T10:02:26.204+0000: 90.813: Total time for which application threads were stopped: 0.0002582 seconds, Stopping threads took: 0.0000545 seconds
2016-03-16T10:02:26.220+0000: 90.817: Total time for which application threads were stopped: 0.0001824 seconds, Stopping threads took: 0.0000482 seconds
2016-03-16T10:02:26.291+0000: 90.888: Total time for which application threads were stopped: 0.0001358 seconds, Stopping threads took: 0.0000497 seconds
2016-03-16T10:02:26.359+0000: 90.955: Total time for which application threads were stopped: 0.0002006 seconds, Stopping threads took: 0.0000584 seconds
2016-03-16T10:02:26.374+0000: 90.971: Total time for which application threads were stopped: 0.0029706 seconds, Stopping threads took: 0.0027669 seconds
{Heap before GC invocations=4 (full 1):
 par new generation   total 109248K, used 95643K [0x00000000e0000000, 0x00000000e8000000, 0x00000000e8000000)
  eden space 87424K, 100% used [0x00000000e0000000, 0x00000000e5560000, 0x00000000e5560000)
  from space 21824K,  37% used [0x00000000e5560000, 0x00000000e5d66ef8, 0x00000000e6ab0000)
  to   space 21824K,   0% used [0x00000000e6ab0000, 0x00000000e6ab0000, 0x00000000e8000000)
 concurrent mark-sweep generation total 393216K, used 0K [0x00000000e8000000, 0x0000000100000000, 0x0000000100000000)
 Metaspace       used 27048K, capacity 27428K, committed 27776K, reserved 1073152K
  class space    used 3251K, capacity 3365K, committed 3456K, reserved 1048576K
2016-03-16T10:02:26.640+0000: 91.237: [GC (Allocation Failure) 2016-03-16T10:02:26.640+0000: 91.237: [ParNew
Desired survivor size 20112992 bytes, new threshold 8 (max 8)
- age   1:    4957280 bytes,    4957280 total
- age   2:       9776 bytes,    4967056 total
- age   3:     242968 bytes,    5210024 total
- age   4:    2771496 bytes,    7981520 total
- age   5:    2539424 bytes,   10520944 total
: 95643K->12922K(109248K), 0.0346542 secs] 95643K->12922K(502464K), 0.0348027 secs] [Times: user=0.06 sys=0.00, real=0.03 secs] 
Heap after GC invocations=5 (full 1):
 par new generation   total 109248K, used 12922K [0x00000000e0000000, 0x00000000e8000000, 0x00000000e8000000)
  eden space 87424K,   0% used [0x00000000e0000000, 0x00000000e0000000, 0x00000000e5560000)
  from space 21824K,  59% used [0x00000000e6ab0000, 0x00000000e774e980, 0x00000000e8000000)
  to   space 21824K,   0% used [0x00000000e5560000, 0x00000000e5560000, 0x00000000e6ab0000)
 concurrent mark-sweep generation total 393216K, used 0K [0x00000000e8000000, 0x0000000100000000, 0x0000000100000000)
 Metaspace       used 27048K, capacity 27428K, committed 27776K, reserved 1073152K
  class space    used 3251K, capacity 3365K, committed 3456K, reserved 1048576K
}
2016-03-16T10:02:26.675+0000: 91.272: Total time for which application threads were stopped: 0.0352749 seconds, Stopping threads took: 0.0000569 seconds
2016-03-16T10:02:26.685+0000: 91.281: Total time for which application threads were stopped: 0.0002140 seconds, Stopping threads took: 0.0000458 seconds
2016-03-16T10:02:26.709+0000: 91.306: Total time for which application threads were stopped: 0.0007241 seconds, Stopping threads took: 0.0006041 seconds
2016-03-16T10:02:26.767+0000: 91.364: Total time for which application threads were stopped: 0.0002598 seconds, Stopping threads took: 0.0000411 seconds
2016-03-16T10:02:26.771+0000: 91.368: Total time for which application threads were stopped: 0.0001453 seconds, Stopping threads took: 0.0000426 seconds
2016-03-16T10:02:26.776+0000: 91.373: Total time for which application threads were stopped: 0.0001500 seconds, Stopping threads took: 0.0000474 seconds
2016-03-16T10:02:26.786+0000: 91.382: Total time for which application threads were stopped: 0.0001658 seconds, Stopping threads took: 0.0000561 seconds
2016-03-16T10:02:26.789+0000: 91.386: Total time for which application threads were stopped: 0.0001406 seconds, Stopping threads took: 0.0000521 seconds
2016-03-16T10:02:26.794+0000: 91.391: Total time for which application threads were stopped: 0.0003127 seconds, Stopping threads took: 0.0000513 seconds
2016-03-16T10:02:27.027+0000: 91.623: Total time for which application threads were stopped: 0.0001437 seconds, Stopping threads took: 0.0000474 seconds
2016-03-16T10:02:27.074+0000: 91.671: Total time for which application threads were stopped: 0.0001287 seconds, Stopping threads took: 0.0000379 seconds
2016-03-16T10:02:29.092+0000: 93.689: Total time for which application threads were stopped: 0.0001445 seconds, Stopping threads took: 0.0000513 seconds
2016-03-16T10:02:29.092+0000: 93.689: Total time for which application threads were stopped: 0.0000813 seconds, Stopping threads took: 0.0000276 seconds
2016-03-16T10:02:29.093+0000: 93.689: Total time for which application threads were stopped: 0.0000877 seconds, Stopping threads took: 0.0000300 seconds
2016-03-16T10:02:29.093+0000: 93.689: Total time for which application threads were stopped: 0.0000782 seconds, Stopping threads took: 0.0000261 seconds
2016-03-16T10:02:29.104+0000: 93.701: Total time for which application threads were stopped: 0.0001429 seconds, Stopping threads took: 0.0000505 seconds
2016-03-16T10:02:29.129+0000: 93.725: Total time for which application threads were stopped: 0.0001548 seconds, Stopping threads took: 0.0000584 seconds
2016-03-16T10:02:29.134+0000: 93.731: Total time for which application threads were stopped: 0.0002148 seconds, Stopping threads took: 0.0000442 seconds
2016-03-16T10:02:29.155+0000: 93.751: Total time for which application threads were stopped: 0.0001611 seconds, Stopping threads took: 0.0000403 seconds
2016-03-16T10:02:29.258+0000: 93.855: Total time for which application threads were stopped: 0.0001848 seconds, Stopping threads took: 0.0000592 seconds
2016-03-16T10:02:29.259+0000: 93.855: Total time for which application threads were stopped: 0.0000987 seconds, Stopping threads took: 0.0000355 seconds
2016-03-16T10:02:29.261+0000: 93.858: Total time for which application threads were stopped: 0.0001406 seconds, Stopping threads took: 0.0000419 seconds
2016-03-16T10:02:29.262+0000: 93.859: Total time for which application threads were stopped: 0.0001879 seconds, Stopping threads took: 0.0000419 seconds
2016-03-16T10:02:29.263+0000: 93.860: Total time for which application threads were stopped: 0.0001279 seconds, Stopping threads took: 0.0000434 seconds
2016-03-16T10:02:29.264+0000: 93.861: Total time for which application threads were stopped: 0.0001027 seconds, Stopping threads took: 0.0000355 seconds
2016-03-16T10:02:29.274+0000: 93.870: Total time for which application threads were stopped: 0.0001635 seconds, Stopping threads took: 0.0000529 seconds
2016-03-16T10:02:29.274+0000: 93.870: Total time for which application threads were stopped: 0.0001034 seconds, Stopping threads took: 0.0000387 seconds
2016-03-16T10:02:29.281+0000: 93.878: Total time for which application threads were stopped: 0.0001437 seconds, Stopping threads took: 0.0000442 seconds
2016-03-16T10:02:29.281+0000: 93.878: Total time for which application threads were stopped: 0.0000853 seconds, Stopping threads took: 0.0000284 seconds
2016-03-16T10:02:29.283+0000: 93.879: Total time for which application threads were stopped: 0.0001287 seconds, Stopping threads took: 0.0000466 seconds
2016-03-16T10:02:29.283+0000: 93.880: Total time for which application threads were stopped: 0.0000829 seconds, Stopping threads took: 0.0000276 seconds
2016-03-16T10:02:29.283+0000: 93.880: Total time for which application threads were stopped: 0.0000813 seconds, Stopping threads took: 0.0000268 seconds
2016-03-16T10:02:29.283+0000: 93.880: Total time for which application threads were stopped: 0.0000813 seconds, Stopping threads took: 0.0000261 seconds
2016-03-16T10:02:29.284+0000: 93.880: Total time for which application threads were stopped: 0.0000821 seconds, Stopping threads took: 0.0000268 seconds
2016-03-16T10:02:29.284+0000: 93.880: Total time for which application threads were stopped: 0.0000805 seconds, Stopping threads took: 0.0000261 seconds
2016-03-16T10:02:29.284+0000: 93.881: Total time for which application threads were stopped: 0.0001540 seconds, Stopping threads took: 0.0000324 seconds
2016-03-16T10:02:29.284+0000: 93.881: Total time for which application threads were stopped: 0.0000869 seconds, Stopping threads took: 0.0000292 seconds
2016-03-16T10:02:29.308+0000: 93.905: Total time for which application threads were stopped: 0.0001563 seconds, Stopping threads took: 0.0000584 seconds
2016-03-16T10:02:29.310+0000: 93.906: Total time for which application threads were stopped: 0.0002606 seconds, Stopping threads took: 0.0001469 seconds
2016-03-16T10:02:29.311+0000: 93.908: Total time for which application threads were stopped: 0.0001137 seconds, Stopping threads took: 0.0000403 seconds
2016-03-16T10:02:29.312+0000: 93.908: Total time for which application threads were stopped: 0.0000940 seconds, Stopping threads took: 0.0000332 seconds
2016-03-16T10:02:29.312+0000: 93.908: Total time for which application threads were stopped: 0.0000805 seconds, Stopping threads took: 0.0000284 seconds
2016-03-16T10:02:29.313+0000: 93.910: Total time for which application threads were stopped: 0.0001263 seconds, Stopping threads took: 0.0000450 seconds
2016-03-16T10:02:29.322+0000: 93.918: Total time for which application threads were stopped: 0.0001856 seconds, Stopping threads took: 0.0000561 seconds
2016-03-16T10:02:30.879+0000: 95.475: Total time for which application threads were stopped: 0.0001595 seconds, Stopping threads took: 0.0000569 seconds
2016-03-16T10:02:30.880+0000: 95.476: Total time for which application threads were stopped: 0.0001098 seconds, Stopping threads took: 0.0000434 seconds
2016-03-16T10:02:30.884+0000: 95.479: Total time for which application threads were stopped: 0.0004951 seconds, Stopping threads took: 0.0000474 seconds
2016-03-16T10:02:30.890+0000: 95.485: Total time for which application threads were stopped: 0.0001745 seconds, Stopping threads took: 0.0000521 seconds
2016-03-16T10:02:30.987+0000: 95.583: Total time for which application threads were stopped: 0.0006428 seconds, Stopping threads took: 0.0000466 seconds
2016-03-16T10:02:31.090+0000: 95.685: Total time for which application threads were stopped: 0.0005591 seconds, Stopping threads took: 0.0004327 seconds
2016-03-16T10:02:31.090+0000: 95.686: Total time for which application threads were stopped: 0.0000971 seconds, Stopping threads took: 0.0000355 seconds
2016-03-16T10:02:31.090+0000: 95.686: Total time for which application threads were stopped: 0.0000813 seconds, Stopping threads took: 0.0000276 seconds
2016-03-16T10:02:31.091+0000: 95.686: Total time for which application threads were stopped: 0.0000853 seconds, Stopping threads took: 0.0000284 seconds
2016-03-16T10:02:31.098+0000: 95.693: Total time for which application threads were stopped: 0.0029312 seconds, Stopping threads took: 0.0028206 seconds
2016-03-16T10:02:31.098+0000: 95.694: Total time for which application threads were stopped: 0.0000829 seconds, Stopping threads took: 0.0000213 seconds
2016-03-16T10:02:31.098+0000: 95.694: Total time for which application threads were stopped: 0.0000790 seconds, Stopping threads took: 0.0000190 seconds
2016-03-16T10:02:31.099+0000: 95.695: Total time for which application threads were stopped: 0.0000916 seconds, Stopping threads took: 0.0000221 seconds
2016-03-16T10:02:31.099+0000: 95.695: Total time for which application threads were stopped: 0.0000798 seconds, Stopping threads took: 0.0000182 seconds
2016-03-16T10:02:31.099+0000: 95.695: Total time for which application threads were stopped: 0.0000790 seconds, Stopping threads took: 0.0000182 seconds
2016-03-16T10:02:31.099+0000: 95.695: Total time for which application threads were stopped: 0.0000861 seconds, Stopping threads took: 0.0000190 seconds
2016-03-16T10:02:31.099+0000: 95.695: Total time for which application threads were stopped: 0.0000790 seconds, Stopping threads took: 0.0000174 seconds
2016-03-16T10:02:31.100+0000: 95.695: Total time for which application threads were stopped: 0.0000813 seconds, Stopping threads took: 0.0000182 seconds
2016-03-16T10:02:31.100+0000: 95.696: Total time for which application threads were stopped: 0.0001287 seconds, Stopping threads took: 0.0000213 seconds
2016-03-16T10:02:31.100+0000: 95.696: Total time for which application threads were stopped: 0.0001113 seconds, Stopping threads took: 0.0000182 seconds
2016-03-16T10:02:31.118+0000: 95.714: Total time for which application threads were stopped: 0.0002061 seconds, Stopping threads took: 0.0000584 seconds
2016-03-16T10:02:31.121+0000: 95.717: Total time for which application threads were stopped: 0.0001753 seconds, Stopping threads took: 0.0000458 seconds
2016-03-16T10:02:31.122+0000: 95.718: Total time for which application threads were stopped: 0.0001334 seconds, Stopping threads took: 0.0000284 seconds
2016-03-16T10:02:31.127+0000: 95.722: Total time for which application threads were stopped: 0.0001792 seconds, Stopping threads took: 0.0000442 seconds
2016-03-16T10:02:31.139+0000: 95.735: Total time for which application threads were stopped: 0.0002014 seconds, Stopping threads took: 0.0000655 seconds
2016-03-16T10:02:31.148+0000: 95.744: Total time for which application threads were stopped: 0.0001958 seconds, Stopping threads took: 0.0000576 seconds
2016-03-16T10:02:31.151+0000: 95.746: Total time for which application threads were stopped: 0.0001587 seconds, Stopping threads took: 0.0000442 seconds
2016-03-16T10:02:31.153+0000: 95.749: Total time for which application threads were stopped: 0.0001382 seconds, Stopping threads took: 0.0000411 seconds
2016-03-16T10:02:31.865+0000: 96.470: Total time for which application threads were stopped: 0.0005922 seconds, Stopping threads took: 0.0004754 seconds
2016-03-16T10:02:31.865+0000: 96.470: Total time for which application threads were stopped: 0.0000884 seconds, Stopping threads took: 0.0000300 seconds
2016-03-16T10:02:31.900+0000: 96.496: Total time for which application threads were stopped: 0.0001935 seconds, Stopping threads took: 0.0000766 seconds
2016-03-16T10:02:31.900+0000: 96.496: Total time for which application threads were stopped: 0.0000829 seconds, Stopping threads took: 0.0000276 seconds
2016-03-16T10:02:31.900+0000: 96.496: Total time for which application threads were stopped: 0.0000845 seconds, Stopping threads took: 0.0000261 seconds
2016-03-16T10:02:31.900+0000: 96.496: Total time for which application threads were stopped: 0.0000821 seconds, Stopping threads took: 0.0000261 seconds
2016-03-16T10:02:31.901+0000: 96.497: Total time for which application threads were stopped: 0.0001777 seconds, Stopping threads took: 0.0001113 seconds
2016-03-16T10:02:31.901+0000: 96.497: Total time for which application threads were stopped: 0.0002250 seconds, Stopping threads took: 0.0001453 seconds
2016-03-16T10:02:31.902+0000: 96.498: Total time for which application threads were stopped: 0.0001113 seconds, Stopping threads took: 0.0000363 seconds
2016-03-16T10:02:31.902+0000: 96.498: Total time for which application threads were stopped: 0.0000853 seconds, Stopping threads took: 0.0000276 seconds
2016-03-16T10:02:31.902+0000: 96.498: Total time for which application threads were stopped: 0.0000829 seconds, Stopping threads took: 0.0000284 seconds
2016-03-16T10:02:31.903+0000: 96.499: Total time for which application threads were stopped: 0.0002716 seconds, Stopping threads took: 0.0000261 seconds
2016-03-16T10:02:31.941+0000: 96.537: Total time for which application threads were stopped: 0.0002021 seconds, Stopping threads took: 0.0000600 seconds
2016-03-16T10:02:31.989+0000: 96.586: Total time for which application threads were stopped: 0.0187177 seconds, Stopping threads took: 0.0185913 seconds
2016-03-16T10:02:31.999+0000: 96.595: Total time for which application threads were stopped: 0.0005196 seconds, Stopping threads took: 0.0000474 seconds
2016-03-16T10:02:32.050+0000: 96.646: Total time for which application threads were stopped: 0.0001698 seconds, Stopping threads took: 0.0000600 seconds
2016-03-16T10:02:32.062+0000: 96.659: Total time for which application threads were stopped: 0.0001698 seconds, Stopping threads took: 0.0000545 seconds
2016-03-16T10:02:32.363+0000: 96.965: Total time for which application threads were stopped: 0.0001563 seconds, Stopping threads took: 0.0000482 seconds
2016-03-16T10:02:32.363+0000: 96.965: Total time for which application threads were stopped: 0.0000837 seconds, Stopping threads took: 0.0000300 seconds
2016-03-16T10:02:32.363+0000: 96.966: Total time for which application threads were stopped: 0.0000813 seconds, Stopping threads took: 0.0000284 seconds
2016-03-16T10:02:32.363+0000: 96.966: Total time for which application threads were stopped: 0.0000805 seconds, Stopping threads took: 0.0000284 seconds
2016-03-16T10:02:32.363+0000: 96.966: Total time for which application threads were stopped: 0.0000869 seconds, Stopping threads took: 0.0000292 seconds
2016-03-16T10:02:32.363+0000: 96.966: Total time for which application threads were stopped: 0.0000845 seconds, Stopping threads took: 0.0000292 seconds
2016-03-16T10:02:32.363+0000: 96.966: Total time for which application threads were stopped: 0.0000805 seconds, Stopping threads took: 0.0000276 seconds
2016-03-16T10:02:32.379+0000: 96.984: Total time for which application threads were stopped: 0.0002211 seconds, Stopping threads took: 0.0001137 seconds
2016-03-16T10:02:32.394+0000: 96.997: Total time for which application threads were stopped: 0.0001563 seconds, Stopping threads took: 0.0000482 seconds
2016-03-16T10:02:32.410+0000: 97.016: Total time for which application threads were stopped: 0.0005346 seconds, Stopping threads took: 0.0000474 seconds
2016-03-16T10:02:32.738+0000: 97.335: Total time for which application threads were stopped: 0.0005662 seconds, Stopping threads took: 0.0000490 seconds
2016-03-16T10:02:32.838+0000: 97.439: Total time for which application threads were stopped: 0.0002345 seconds, Stopping threads took: 0.0000742 seconds
2016-03-16T10:02:33.838+0000: 98.434: Total time for which application threads were stopped: 0.0002116 seconds, Stopping threads took: 0.0000632 seconds
2016-03-16T10:02:34.742+0000: 99.338: Total time for which application threads were stopped: 0.0003316 seconds, Stopping threads took: 0.0000576 seconds
2016-03-16T10:02:34.787+0000: 99.383: Total time for which application threads were stopped: 0.0003427 seconds, Stopping threads took: 0.0000608 seconds
2016-03-16T10:02:35.183+0000: 99.787: Total time for which application threads were stopped: 0.0001603 seconds, Stopping threads took: 0.0000513 seconds
2016-03-16T10:02:35.183+0000: 99.787: Total time for which application threads were stopped: 0.0000971 seconds, Stopping threads took: 0.0000316 seconds
2016-03-16T10:02:35.229+0000: 99.835: Total time for which application threads were stopped: 0.0001871 seconds, Stopping threads took: 0.0000711 seconds
2016-03-16T10:02:36.230+0000: 100.826: Total time for which application threads were stopped: 0.0002274 seconds, Stopping threads took: 0.0000537 seconds
2016-03-16T10:02:36.233+0000: 100.836: Total time for which application threads were stopped: 0.0002037 seconds, Stopping threads took: 0.0000837 seconds
2016-03-16T10:02:36.311+0000: 100.907: Total time for which application threads were stopped: 0.0001753 seconds, Stopping threads took: 0.0000561 seconds
2016-03-16T10:02:36.500+0000: 101.097: Total time for which application threads were stopped: 0.0001461 seconds, Stopping threads took: 0.0000426 seconds
2016-03-16T10:02:36.500+0000: 101.097: Total time for which application threads were stopped: 0.0000892 seconds, Stopping threads took: 0.0000300 seconds
2016-03-16T10:02:36.502+0000: 101.098: Total time for which application threads were stopped: 0.0001129 seconds, Stopping threads took: 0.0000387 seconds
2016-03-16T10:02:36.509+0000: 101.106: Total time for which application threads were stopped: 0.0001690 seconds, Stopping threads took: 0.0000553 seconds
2016-03-16T10:02:36.518+0000: 101.115: Total time for which application threads were stopped: 0.0001429 seconds, Stopping threads took: 0.0000505 seconds
2016-03-16T10:02:36.518+0000: 101.115: Total time for which application threads were stopped: 0.0000837 seconds, Stopping threads took: 0.0000276 seconds
2016-03-16T10:02:36.518+0000: 101.115: Total time for which application threads were stopped: 0.0000813 seconds, Stopping threads took: 0.0000268 seconds
2016-03-16T10:02:36.519+0000: 101.115: Total time for which application threads were stopped: 0.0000821 seconds, Stopping threads took: 0.0000261 seconds
2016-03-16T10:02:36.519+0000: 101.115: Total time for which application threads were stopped: 0.0000932 seconds, Stopping threads took: 0.0000276 seconds
2016-03-16T10:02:37.520+0000: 102.116: Total time for which application threads were stopped: 0.0001437 seconds, Stopping threads took: 0.0000537 seconds
2016-03-16T10:02:39.535+0000: 104.131: Total time for which application threads were stopped: 0.0001453 seconds, Stopping threads took: 0.0000553 seconds
2016-03-16T10:02:43.564+0000: 108.160: Total time for which application threads were stopped: 0.0001437 seconds, Stopping threads took: 0.0000513 seconds
2016-03-16T10:02:45.584+0000: 110.180: Total time for which application threads were stopped: 0.0001745 seconds, Stopping threads took: 0.0000490 seconds
2016-03-16T10:02:49.613+0000: 114.209: Total time for which application threads were stopped: 0.0001856 seconds, Stopping threads took: 0.0000821 seconds
2016-03-16T10:02:51.628+0000: 116.224: Total time for which application threads were stopped: 0.0001587 seconds, Stopping threads took: 0.0000513 seconds
2016-03-16T10:03:03.728+0000: 128.324: Total time for which application threads were stopped: 0.0001563 seconds, Stopping threads took: 0.0000663 seconds
2016-03-16T10:03:10.779+0000: 135.375: Total time for which application threads were stopped: 0.0001682 seconds, Stopping threads took: 0.0000679 seconds
2016-03-16T10:03:11.781+0000: 136.377: Total time for which application threads were stopped: 0.0001879 seconds, Stopping threads took: 0.0000513 seconds
2016-03-16T10:03:19.321+0000: 143.917: Total time for which application threads were stopped: 0.0001690 seconds, Stopping threads took: 0.0000671 seconds
2016-03-16T10:03:19.321+0000: 143.917: Total time for which application threads were stopped: 0.0001706 seconds, Stopping threads took: 0.0000458 seconds
2016-03-16T10:03:24.392+0000: 148.987: Total time for which application threads were stopped: 0.0001808 seconds, Stopping threads took: 0.0000537 seconds
2016-03-16T10:03:29.321+0000: 153.918: Total time for which application threads were stopped: 0.0001966 seconds, Stopping threads took: 0.0000758 seconds
2016-03-16T10:04:09.341+0000: 193.938: Total time for which application threads were stopped: 0.0001721 seconds, Stopping threads took: 0.0000505 seconds
2016-03-16T10:04:44.819+0000: 229.415: Total time for which application threads were stopped: 0.0001516 seconds, Stopping threads took: 0.0000529 seconds
2016-03-16T10:07:32.905+0000: 397.502: Total time for which application threads were stopped: 0.0001950 seconds, Stopping threads took: 0.0000632 seconds
2016-03-16T10:07:32.906+0000: 397.502: Total time for which application threads were stopped: 0.0000869 seconds, Stopping threads took: 0.0000268 seconds
2016-03-16T10:07:32.919+0000: 397.516: Total time for which application threads were stopped: 0.0001571 seconds, Stopping threads took: 0.0000434 seconds
2016-03-16T10:07:32.936+0000: 397.533: Total time for which application threads were stopped: 0.0001595 seconds, Stopping threads took: 0.0000442 seconds
2016-03-16T10:07:33.025+0000: 397.622: Total time for which application threads were stopped: 0.0002464 seconds, Stopping threads took: 0.0000584 seconds
2016-03-16T10:07:33.026+0000: 397.622: Total time for which application threads were stopped: 0.0001042 seconds, Stopping threads took: 0.0000332 seconds
2016-03-16T10:07:33.068+0000: 397.664: Total time for which application threads were stopped: 0.0002140 seconds, Stopping threads took: 0.0000474 seconds
2016-03-16T10:07:34.069+0000: 398.665: Total time for which application threads were stopped: 0.0001579 seconds, Stopping threads took: 0.0000505 seconds
2016-03-16T10:07:36.075+0000: 400.670: Total time for which application threads were stopped: 0.0001769 seconds, Stopping threads took: 0.0000521 seconds
2016-03-16T10:07:38.084+0000: 402.680: Total time for which application threads were stopped: 0.0002006 seconds, Stopping threads took: 0.0000632 seconds
2016-03-16T10:08:27.465+0000: 452.061: Total time for which application threads were stopped: 0.0001816 seconds, Stopping threads took: 0.0000505 seconds
2016-03-16T10:15:46.139+0000: 890.736: Total time for which application threads were stopped: 0.0001943 seconds, Stopping threads took: 0.0000600 seconds
2016-03-16T10:15:46.139+0000: 890.736: Total time for which application threads were stopped: 0.0000932 seconds, Stopping threads took: 0.0000324 seconds
2016-03-16T10:15:46.173+0000: 890.770: Total time for which application threads were stopped: 0.0004935 seconds, Stopping threads took: 0.0003727 seconds
2016-03-16T10:15:46.209+0000: 890.807: Total time for which application threads were stopped: 0.0001556 seconds, Stopping threads took: 0.0000426 seconds
2016-03-16T10:15:46.209+0000: 890.809: Total time for which application threads were stopped: 0.0001524 seconds, Stopping threads took: 0.0000505 seconds
2016-03-16T10:15:46.233+0000: 890.829: Total time for which application threads were stopped: 0.0002100 seconds, Stopping threads took: 0.0000466 seconds
2016-03-16T10:15:50.257+0000: 894.853: Total time for which application threads were stopped: 0.0001453 seconds, Stopping threads took: 0.0000434 seconds
2016-03-16T10:16:01.317+0000: 905.914: Total time for which application threads were stopped: 0.0007028 seconds, Stopping threads took: 0.0005456 seconds
2016-03-16T10:16:02.323+0000: 906.919: Total time for which application threads were stopped: 0.0001721 seconds, Stopping threads took: 0.0000513 seconds
2016-03-16T10:16:51.423+0000: 956.020: Total time for which application threads were stopped: 0.0001966 seconds, Stopping threads took: 0.0000497 seconds
2016-03-16T10:23:49.657+0000: 1374.253: Total time for which application threads were stopped: 0.0001761 seconds, Stopping threads took: 0.0000561 seconds
2016-03-16T10:27:37.673+0000: 1602.269: Total time for which application threads were stopped: 0.0001785 seconds, Stopping threads took: 0.0000640 seconds
2016-03-16T10:28:30.344+0000: 1654.940: Total time for which application threads were stopped: 0.0001658 seconds, Stopping threads took: 0.0000569 seconds
2016-03-16T10:29:07.812+0000: 1692.408: Total time for which application threads were stopped: 0.0001753 seconds, Stopping threads took: 0.0000608 seconds
2016-03-16T10:46:36.439+0000: 2741.037: Total time for which application threads were stopped: 0.0001611 seconds, Stopping threads took: 0.0000513 seconds
2016-03-16T10:54:05.234+0000: 3189.835: Total time for which application threads were stopped: 0.0001800 seconds, Stopping threads took: 0.0000600 seconds
2016-03-16T10:55:27.328+0000: 3271.929: Total time for which application threads were stopped: 0.0001800 seconds, Stopping threads took: 0.0000648 seconds
2016-03-16T10:55:30.370+0000: 3274.971: Total time for which application threads were stopped: 0.0001721 seconds, Stopping threads took: 0.0000624 seconds
2016-03-16T10:56:00.763+0000: 3305.364: Total time for which application threads were stopped: 0.0001785 seconds, Stopping threads took: 0.0000663 seconds
2016-03-16T11:52:48.382+0000: 6712.988: Total time for which application threads were stopped: 0.0001911 seconds, Stopping threads took: 0.0000600 seconds
2016-03-16T11:52:48.382+0000: 6712.992: Total time for which application threads were stopped: 0.0019117 seconds, Stopping threads took: 0.0017585 seconds
2016-03-16T11:52:48.382+0000: 6712.995: Total time for which application threads were stopped: 0.0001263 seconds, Stopping threads took: 0.0000355 seconds
2016-03-16T11:52:48.382+0000: 6712.995: Total time for which application threads were stopped: 0.0000726 seconds, Stopping threads took: 0.0000197 seconds
2016-03-16T11:52:48.382+0000: 6712.996: Total time for which application threads were stopped: 0.0000703 seconds, Stopping threads took: 0.0000190 seconds
2016-03-16T11:52:48.382+0000: 6712.996: Total time for which application threads were stopped: 0.0000782 seconds, Stopping threads took: 0.0000221 seconds
2016-03-16T11:52:48.382+0000: 6712.997: Total time for which application threads were stopped: 0.0000742 seconds, Stopping threads took: 0.0000197 seconds
2016-03-16T11:52:48.382+0000: 6712.997: Total time for which application threads were stopped: 0.0000695 seconds, Stopping threads took: 0.0000182 seconds
2016-03-16T11:52:48.382+0000: 6712.997: Total time for which application threads were stopped: 0.0000734 seconds, Stopping threads took: 0.0000190 seconds
2016-03-16T11:52:48.398+0000: 6713.003: Total time for which application threads were stopped: 0.0001911 seconds, Stopping threads took: 0.0000419 seconds
2016-03-16T11:52:48.398+0000: 6713.003: Total time for which application threads were stopped: 0.0000916 seconds, Stopping threads took: 0.0000229 seconds
2016-03-16T11:52:48.398+0000: 6713.009: Total time for which application threads were stopped: 0.0001398 seconds, Stopping threads took: 0.0000403 seconds
2016-03-16T11:52:48.398+0000: 6713.009: Total time for which application threads were stopped: 0.0000734 seconds, Stopping threads took: 0.0000190 seconds
2016-03-16T11:52:48.398+0000: 6713.010: Total time for which application threads were stopped: 0.0000687 seconds, Stopping threads took: 0.0000182 seconds
2016-03-16T11:52:48.398+0000: 6713.010: Total time for which application threads were stopped: 0.0000671 seconds, Stopping threads took: 0.0000182 seconds
2016-03-16T11:52:48.398+0000: 6713.012: Total time for which application threads were stopped: 0.0002227 seconds, Stopping threads took: 0.0000671 seconds
2016-03-16T11:52:48.413+0000: 6713.015: Total time for which application threads were stopped: 0.0002322 seconds, Stopping threads took: 0.0000869 seconds
2016-03-16T11:52:48.413+0000: 6713.016: Total time for which application threads were stopped: 0.0001216 seconds, Stopping threads took: 0.0000347 seconds
2016-03-16T11:52:48.413+0000: 6713.027: Total time for which application threads were stopped: 0.0036355 seconds, Stopping threads took: 0.0035060 seconds
2016-03-16T11:52:48.413+0000: 6713.028: Total time for which application threads were stopped: 0.0000719 seconds, Stopping threads took: 0.0000363 seconds
2016-03-16T11:52:48.429+0000: 6713.030: Total time for which application threads were stopped: 0.0001319 seconds, Stopping threads took: 0.0000632 seconds
2016-03-16T11:52:48.429+0000: 6713.031: Total time for which application threads were stopped: 0.0000671 seconds, Stopping threads took: 0.0000229 seconds
2016-03-16T11:52:48.429+0000: 6713.031: Total time for which application threads were stopped: 0.0000529 seconds, Stopping threads took: 0.0000174 seconds
Heap
 par new generation   total 109248K, used 67013K [0x00000000e0000000, 0x00000000e8000000, 0x00000000e8000000)
  eden space 87424K,  61% used [0x00000000e0000000, 0x00000000e34d2d30, 0x00000000e5560000)
  from space 21824K,  59% used [0x00000000e6ab0000, 0x00000000e774e980, 0x00000000e8000000)
  to   space 21824K,   0% used [0x00000000e5560000, 0x00000000e5560000, 0x00000000e6ab0000)
 concurrent mark-sweep generation total 393216K, used 0K [0x00000000e8000000, 0x0000000100000000, 0x0000000100000000)
 Metaspace       used 32077K, capacity 32500K, committed 32896K, reserved 1079296K
  class space    used 3703K, capacity 3858K, committed 3968K, reserved 1048576K
