Java HotSpot(TM) 64-Bit Server VM (25.73-b02) for windows-amd64 JRE (1.8.0_73-b02), built on Jan 29 2016 17:38:49 by "java_re" with MS VC++ 10.0 (VS2010)
Memory: 4k page, physical 4027256k(1367672k free), swap 8052656k(2981276k free)
CommandLine flags: -XX:CMSInitiatingOccupancyFraction=50 -XX:CMSMaxAbortablePrecleanTime=6000 -XX:+CMSParallelRemarkEnabled -XX:+CMSScavengeBeforeRemark -XX:ConcGCThreads=4 -XX:InitialHeapSize=536870912 -XX:MaxHeapSize=536870912 -XX:MaxTenuringThreshold=8 -XX:NewRatio=3 -XX:OldPLABSize=16 -XX:ParallelGCThreads=4 -XX:+ParallelRefProcEnabled -XX:PretenureSizeThreshold=67108864 -XX:+PrintGC -XX:+PrintGCApplicationStoppedTime -XX:+PrintGCDateStamps -XX:+PrintGCDetails -XX:+PrintGCTimeStamps -XX:+PrintHeapAtGC -XX:+PrintTenuringDistribution -XX:SurvivorRatio=4 -XX:TargetSurvivorRatio=90 -XX:ThreadStackSize=256 -XX:+UseCMSInitiatingOccupancyOnly -XX:+UseCompressedClassPointers -XX:+UseCompressedOops -XX:+UseConcMarkSweepGC -XX:-UseLargePagesIndividualAllocation -XX:+UseParNewGC 
2016-05-04T16:53:36.404+0100: 0.633: Total time for which application threads were stopped: 0.0001903 seconds, Stopping threads took: 0.0000426 seconds
2016-05-04T16:53:37.410+0100: 1.639: Total time for which application threads were stopped: 0.0044259 seconds, Stopping threads took: 0.0042475 seconds
2016-05-04T16:53:37.679+0100: 1.908: Total time for which application threads were stopped: 0.0002266 seconds, Stopping threads took: 0.0000426 seconds
2016-05-04T16:53:38.279+0100: 2.509: Total time for which application threads were stopped: 0.0002827 seconds, Stopping threads took: 0.0000442 seconds
2016-05-04T16:53:38.287+0100: 2.516: Total time for which application threads were stopped: 0.0002227 seconds, Stopping threads took: 0.0000434 seconds
2016-05-04T16:53:38.494+0100: 2.723: Total time for which application threads were stopped: 0.0003238 seconds, Stopping threads took: 0.0000474 seconds
2016-05-04T16:53:38.518+0100: 2.747: Total time for which application threads were stopped: 0.0002953 seconds, Stopping threads took: 0.0000482 seconds
2016-05-04T16:53:39.535+0100: 3.764: Total time for which application threads were stopped: 0.0038045 seconds, Stopping threads took: 0.0036663 seconds
{Heap before GC invocations=0 (full 0):
 par new generation   total 109248K, used 87424K [0x00000000e0000000, 0x00000000e8000000, 0x00000000e8000000)
  eden space 87424K, 100% used [0x00000000e0000000, 0x00000000e5560000, 0x00000000e5560000)
  from space 21824K,   0% used [0x00000000e5560000, 0x00000000e5560000, 0x00000000e6ab0000)
  to   space 21824K,   0% used [0x00000000e6ab0000, 0x00000000e6ab0000, 0x00000000e8000000)
 concurrent mark-sweep generation total 393216K, used 0K [0x00000000e8000000, 0x0000000100000000, 0x0000000100000000)
 Metaspace       used 10155K, capacity 10344K, committed 10496K, reserved 1058816K
  class space    used 1166K, capacity 1212K, committed 1280K, reserved 1048576K
2016-05-04T16:53:39.945+0100: 4.174: [GC (Allocation Failure) 2016-05-04T16:53:39.946+0100: 4.175: [ParNew
Desired survivor size 20112992 bytes, new threshold 8 (max 8)
- age   1:    5840696 bytes,    5840696 total
: 87424K->5774K(109248K), 0.0226343 secs] 87424K->5774K(502464K), 0.0231642 secs] [Times: user=0.02 sys=0.02, real=0.02 secs] 
Heap after GC invocations=1 (full 0):
 par new generation   total 109248K, used 5774K [0x00000000e0000000, 0x00000000e8000000, 0x00000000e8000000)
  eden space 87424K,   0% used [0x00000000e0000000, 0x00000000e0000000, 0x00000000e5560000)
  from space 21824K,  26% used [0x00000000e6ab0000, 0x00000000e7053af0, 0x00000000e8000000)
  to   space 21824K,   0% used [0x00000000e5560000, 0x00000000e5560000, 0x00000000e6ab0000)
 concurrent mark-sweep generation total 393216K, used 0K [0x00000000e8000000, 0x0000000100000000, 0x0000000100000000)
 Metaspace       used 10155K, capacity 10344K, committed 10496K, reserved 1058816K
  class space    used 1166K, capacity 1212K, committed 1280K, reserved 1048576K
}
2016-05-04T16:53:39.969+0100: 4.198: Total time for which application threads were stopped: 0.0238298 seconds, Stopping threads took: 0.0000576 seconds
2016-05-04T16:53:40.209+0100: 4.438: Total time for which application threads were stopped: 0.0052251 seconds, Stopping threads took: 0.0049289 seconds
2016-05-04T16:53:40.429+0100: 4.658: Total time for which application threads were stopped: 0.0003696 seconds, Stopping threads took: 0.0000442 seconds
2016-05-04T16:53:40.551+0100: 4.780: Total time for which application threads were stopped: 0.0003569 seconds, Stopping threads took: 0.0000419 seconds
2016-05-04T16:53:40.882+0100: 5.111: Total time for which application threads were stopped: 0.0004698 seconds, Stopping threads took: 0.0000434 seconds
2016-05-04T16:53:40.885+0100: 5.114: Total time for which application threads were stopped: 0.0002677 seconds, Stopping threads took: 0.0000308 seconds
2016-05-04T16:53:40.895+0100: 5.125: Total time for which application threads were stopped: 0.0003822 seconds, Stopping threads took: 0.0000490 seconds
2016-05-04T16:53:41.620+0100: 5.848: Total time for which application threads were stopped: 0.0005377 seconds, Stopping threads took: 0.0002187 seconds
2016-05-04T16:53:41.621+0100: 5.850: Total time for which application threads were stopped: 0.0001958 seconds, Stopping threads took: 0.0000284 seconds
2016-05-04T16:53:41.623+0100: 5.851: Total time for which application threads were stopped: 0.0001745 seconds, Stopping threads took: 0.0000403 seconds
2016-05-04T16:53:41.623+0100: 5.852: Total time for which application threads were stopped: 0.0002108 seconds, Stopping threads took: 0.0000190 seconds
2016-05-04T16:53:41.624+0100: 5.852: Total time for which application threads were stopped: 0.0001177 seconds, Stopping threads took: 0.0000190 seconds
2016-05-04T16:53:41.624+0100: 5.852: Total time for which application threads were stopped: 0.0001216 seconds, Stopping threads took: 0.0000261 seconds
2016-05-04T16:53:41.624+0100: 5.852: Total time for which application threads were stopped: 0.0001200 seconds, Stopping threads took: 0.0000253 seconds
2016-05-04T16:53:41.624+0100: 5.852: Total time for which application threads were stopped: 0.0001208 seconds, Stopping threads took: 0.0000253 seconds
2016-05-04T16:53:41.624+0100: 5.853: Total time for which application threads were stopped: 0.0001208 seconds, Stopping threads took: 0.0000253 seconds
2016-05-04T16:53:41.625+0100: 5.853: Total time for which application threads were stopped: 0.0001240 seconds, Stopping threads took: 0.0000253 seconds
2016-05-04T16:53:41.625+0100: 5.853: Total time for which application threads were stopped: 0.0001200 seconds, Stopping threads took: 0.0000253 seconds
2016-05-04T16:53:41.625+0100: 5.853: Total time for which application threads were stopped: 0.0001208 seconds, Stopping threads took: 0.0000253 seconds
2016-05-04T16:53:41.625+0100: 5.853: Total time for which application threads were stopped: 0.0001208 seconds, Stopping threads took: 0.0000245 seconds
2016-05-04T16:53:41.625+0100: 5.853: Total time for which application threads were stopped: 0.0001200 seconds, Stopping threads took: 0.0000253 seconds
2016-05-04T16:53:41.625+0100: 5.854: Total time for which application threads were stopped: 0.0001200 seconds, Stopping threads took: 0.0000253 seconds
2016-05-04T16:53:41.626+0100: 5.854: Total time for which application threads were stopped: 0.0001224 seconds, Stopping threads took: 0.0000253 seconds
2016-05-04T16:53:41.626+0100: 5.854: Total time for which application threads were stopped: 0.0001248 seconds, Stopping threads took: 0.0000261 seconds
2016-05-04T16:53:41.626+0100: 5.854: Total time for which application threads were stopped: 0.0001200 seconds, Stopping threads took: 0.0000253 seconds
2016-05-04T16:53:41.626+0100: 5.854: Total time for which application threads were stopped: 0.0001184 seconds, Stopping threads took: 0.0000245 seconds
2016-05-04T16:53:41.626+0100: 5.855: Total time for which application threads were stopped: 0.0001200 seconds, Stopping threads took: 0.0000253 seconds
2016-05-04T16:53:41.627+0100: 5.855: Total time for which application threads were stopped: 0.0002716 seconds, Stopping threads took: 0.0000253 seconds
2016-05-04T16:53:41.627+0100: 5.855: Total time for which application threads were stopped: 0.0001263 seconds, Stopping threads took: 0.0000190 seconds
2016-05-04T16:53:41.627+0100: 5.855: Total time for which application threads were stopped: 0.0001287 seconds, Stopping threads took: 0.0000221 seconds
2016-05-04T16:53:41.627+0100: 5.856: Total time for which application threads were stopped: 0.0001177 seconds, Stopping threads took: 0.0000190 seconds
2016-05-04T16:53:41.628+0100: 5.856: Total time for which application threads were stopped: 0.0001224 seconds, Stopping threads took: 0.0000197 seconds
2016-05-04T16:53:41.629+0100: 5.858: Total time for which application threads were stopped: 0.0002353 seconds, Stopping threads took: 0.0001524 seconds
2016-05-04T16:53:41.630+0100: 5.858: Total time for which application threads were stopped: 0.0001200 seconds, Stopping threads took: 0.0000521 seconds
2016-05-04T16:53:41.630+0100: 5.858: Total time for which application threads were stopped: 0.0001137 seconds, Stopping threads took: 0.0000419 seconds
2016-05-04T16:53:41.630+0100: 5.858: Total time for which application threads were stopped: 0.0001508 seconds, Stopping threads took: 0.0000190 seconds
2016-05-04T16:53:41.630+0100: 5.858: Total time for which application threads were stopped: 0.0000790 seconds, Stopping threads took: 0.0000182 seconds
2016-05-04T16:53:41.630+0100: 5.858: Total time for which application threads were stopped: 0.0000837 seconds, Stopping threads took: 0.0000205 seconds
2016-05-04T16:53:41.630+0100: 5.859: Total time for which application threads were stopped: 0.0000798 seconds, Stopping threads took: 0.0000190 seconds
2016-05-04T16:53:41.630+0100: 5.859: Total time for which application threads were stopped: 0.0000813 seconds, Stopping threads took: 0.0000197 seconds
2016-05-04T16:53:41.631+0100: 5.859: Total time for which application threads were stopped: 0.0000853 seconds, Stopping threads took: 0.0000245 seconds
2016-05-04T16:53:41.631+0100: 5.859: Total time for which application threads were stopped: 0.0000798 seconds, Stopping threads took: 0.0000190 seconds
2016-05-04T16:53:41.631+0100: 5.859: Total time for which application threads were stopped: 0.0000790 seconds, Stopping threads took: 0.0000182 seconds
2016-05-04T16:53:41.631+0100: 5.859: Total time for which application threads were stopped: 0.0000798 seconds, Stopping threads took: 0.0000190 seconds
2016-05-04T16:53:41.631+0100: 5.859: Total time for which application threads were stopped: 0.0000790 seconds, Stopping threads took: 0.0000190 seconds
2016-05-04T16:53:41.631+0100: 5.859: Total time for which application threads were stopped: 0.0000798 seconds, Stopping threads took: 0.0000190 seconds
2016-05-04T16:53:41.631+0100: 5.860: Total time for which application threads were stopped: 0.0000790 seconds, Stopping threads took: 0.0000190 seconds
2016-05-04T16:53:41.631+0100: 5.860: Total time for which application threads were stopped: 0.0000805 seconds, Stopping threads took: 0.0000190 seconds
2016-05-04T16:53:41.632+0100: 5.860: Total time for which application threads were stopped: 0.0000805 seconds, Stopping threads took: 0.0000190 seconds
2016-05-04T16:53:41.632+0100: 5.860: Total time for which application threads were stopped: 0.0000963 seconds, Stopping threads took: 0.0000340 seconds
2016-05-04T16:53:41.632+0100: 5.860: Total time for which application threads were stopped: 0.0000821 seconds, Stopping threads took: 0.0000197 seconds
2016-05-04T16:53:41.632+0100: 5.860: Total time for which application threads were stopped: 0.0002401 seconds, Stopping threads took: 0.0000197 seconds
2016-05-04T16:53:41.633+0100: 5.862: Total time for which application threads were stopped: 0.0001485 seconds, Stopping threads took: 0.0000403 seconds
2016-05-04T16:53:41.634+0100: 5.862: Total time for which application threads were stopped: 0.0001548 seconds, Stopping threads took: 0.0000261 seconds
2016-05-04T16:53:41.635+0100: 5.863: Total time for which application threads were stopped: 0.0001469 seconds, Stopping threads took: 0.0000268 seconds
2016-05-04T16:53:41.636+0100: 5.864: Total time for which application threads were stopped: 0.0007849 seconds, Stopping threads took: 0.0006688 seconds
2016-05-04T16:53:41.636+0100: 5.864: Total time for which application threads were stopped: 0.0001445 seconds, Stopping threads took: 0.0000371 seconds
2016-05-04T16:53:41.636+0100: 5.865: Total time for which application threads were stopped: 0.0001334 seconds, Stopping threads took: 0.0000229 seconds
2016-05-04T16:53:41.637+0100: 5.865: Total time for which application threads were stopped: 0.0001927 seconds, Stopping threads took: 0.0000608 seconds
2016-05-04T16:53:41.657+0100: 5.886: Total time for which application threads were stopped: 0.0004398 seconds, Stopping threads took: 0.0000837 seconds
2016-05-04T16:53:41.692+0100: 5.920: Total time for which application threads were stopped: 0.0002535 seconds, Stopping threads took: 0.0000679 seconds
2016-05-04T16:53:41.693+0100: 5.921: Total time for which application threads were stopped: 0.0001595 seconds, Stopping threads took: 0.0000490 seconds
2016-05-04T16:53:41.693+0100: 5.921: Total time for which application threads were stopped: 0.0001105 seconds, Stopping threads took: 0.0000221 seconds
2016-05-04T16:53:41.693+0100: 5.921: Total time for which application threads were stopped: 0.0001066 seconds, Stopping threads took: 0.0000221 seconds
2016-05-04T16:53:41.709+0100: 5.937: Total time for which application threads were stopped: 0.0002630 seconds, Stopping threads took: 0.0001334 seconds
2016-05-04T16:53:41.709+0100: 5.937: Total time for which application threads were stopped: 0.0002724 seconds, Stopping threads took: 0.0001927 seconds
2016-05-04T16:53:41.727+0100: 5.955: Total time for which application threads were stopped: 0.0001516 seconds, Stopping threads took: 0.0000537 seconds
2016-05-04T16:53:41.727+0100: 5.956: Total time for which application threads were stopped: 0.0000908 seconds, Stopping threads took: 0.0000332 seconds
2016-05-04T16:53:41.730+0100: 5.958: Total time for which application threads were stopped: 0.0001445 seconds, Stopping threads took: 0.0000513 seconds
2016-05-04T16:53:41.730+0100: 5.959: Total time for which application threads were stopped: 0.0001066 seconds, Stopping threads took: 0.0000497 seconds
2016-05-04T16:53:41.731+0100: 5.959: Total time for which application threads were stopped: 0.0000837 seconds, Stopping threads took: 0.0000292 seconds
2016-05-04T16:53:41.731+0100: 5.960: Total time for which application threads were stopped: 0.0001050 seconds, Stopping threads took: 0.0000355 seconds
2016-05-04T16:53:41.741+0100: 5.970: Total time for which application threads were stopped: 0.0001477 seconds, Stopping threads took: 0.0000513 seconds
2016-05-04T16:53:41.742+0100: 5.970: Total time for which application threads were stopped: 0.0000837 seconds, Stopping threads took: 0.0000300 seconds
2016-05-04T16:53:41.742+0100: 5.970: Total time for which application threads were stopped: 0.0000798 seconds, Stopping threads took: 0.0000276 seconds
2016-05-04T16:53:41.742+0100: 5.970: Total time for which application threads were stopped: 0.0000884 seconds, Stopping threads took: 0.0000324 seconds
2016-05-04T16:53:41.743+0100: 5.971: Total time for which application threads were stopped: 0.0001603 seconds, Stopping threads took: 0.0000387 seconds
2016-05-04T16:53:41.743+0100: 5.971: Total time for which application threads were stopped: 0.0000963 seconds, Stopping threads took: 0.0000419 seconds
2016-05-04T16:53:41.746+0100: 5.974: Total time for which application threads were stopped: 0.0001034 seconds, Stopping threads took: 0.0000308 seconds
2016-05-04T16:53:41.775+0100: 6.003: Total time for which application threads were stopped: 0.0002093 seconds, Stopping threads took: 0.0000608 seconds
2016-05-04T16:53:41.775+0100: 6.003: Total time for which application threads were stopped: 0.0000829 seconds, Stopping threads took: 0.0000292 seconds
2016-05-04T16:53:41.775+0100: 6.003: Total time for which application threads were stopped: 0.0000798 seconds, Stopping threads took: 0.0000284 seconds
2016-05-04T16:53:41.775+0100: 6.004: Total time for which application threads were stopped: 0.0000900 seconds, Stopping threads took: 0.0000340 seconds
2016-05-04T16:53:41.785+0100: 6.014: Total time for which application threads were stopped: 0.0001500 seconds, Stopping threads took: 0.0000458 seconds
2016-05-04T16:53:41.787+0100: 6.015: Total time for which application threads were stopped: 0.0001113 seconds, Stopping threads took: 0.0000316 seconds
2016-05-04T16:53:41.787+0100: 6.015: Total time for which application threads were stopped: 0.0000758 seconds, Stopping threads took: 0.0000221 seconds
2016-05-04T16:53:41.787+0100: 6.016: Total time for which application threads were stopped: 0.0000932 seconds, Stopping threads took: 0.0000276 seconds
2016-05-04T16:53:41.796+0100: 6.024: Total time for which application threads were stopped: 0.0001492 seconds, Stopping threads took: 0.0000497 seconds
2016-05-04T16:53:41.796+0100: 6.025: Total time for which application threads were stopped: 0.0000758 seconds, Stopping threads took: 0.0000213 seconds
2016-05-04T16:53:41.796+0100: 6.025: Total time for which application threads were stopped: 0.0000908 seconds, Stopping threads took: 0.0000355 seconds
2016-05-04T16:53:41.797+0100: 6.025: Total time for which application threads were stopped: 0.0000916 seconds, Stopping threads took: 0.0000276 seconds
2016-05-04T16:53:41.839+0100: 6.067: Total time for which application threads were stopped: 0.0002006 seconds, Stopping threads took: 0.0000963 seconds
2016-05-04T16:53:41.839+0100: 6.068: Total time for which application threads were stopped: 0.0000798 seconds, Stopping threads took: 0.0000221 seconds
2016-05-04T16:53:41.840+0100: 6.068: Total time for which application threads were stopped: 0.0000805 seconds, Stopping threads took: 0.0000245 seconds
2016-05-04T16:53:41.840+0100: 6.069: Total time for which application threads were stopped: 0.0001256 seconds, Stopping threads took: 0.0000569 seconds
2016-05-04T16:53:41.846+0100: 6.074: Total time for which application threads were stopped: 0.0002716 seconds, Stopping threads took: 0.0001177 seconds
2016-05-04T16:53:41.847+0100: 6.075: Total time for which application threads were stopped: 0.0001027 seconds, Stopping threads took: 0.0000411 seconds
2016-05-04T16:53:41.847+0100: 6.075: Total time for which application threads were stopped: 0.0001129 seconds, Stopping threads took: 0.0000363 seconds
2016-05-04T16:53:41.848+0100: 6.076: Total time for which application threads were stopped: 0.0001342 seconds, Stopping threads took: 0.0000426 seconds
2016-05-04T16:53:41.855+0100: 6.084: Total time for which application threads were stopped: 0.0001579 seconds, Stopping threads took: 0.0000592 seconds
2016-05-04T16:53:41.856+0100: 6.085: Total time for which application threads were stopped: 0.0001121 seconds, Stopping threads took: 0.0000442 seconds
2016-05-04T16:53:41.856+0100: 6.085: Total time for which application threads were stopped: 0.0001090 seconds, Stopping threads took: 0.0000592 seconds
2016-05-04T16:53:41.857+0100: 6.085: Total time for which application threads were stopped: 0.0000766 seconds, Stopping threads took: 0.0000284 seconds
2016-05-04T16:53:41.857+0100: 6.085: Total time for which application threads were stopped: 0.0002235 seconds, Stopping threads took: 0.0000284 seconds
2016-05-04T16:53:41.857+0100: 6.085: Total time for which application threads were stopped: 0.0000805 seconds, Stopping threads took: 0.0000308 seconds
2016-05-04T16:53:41.857+0100: 6.085: Total time for which application threads were stopped: 0.0000774 seconds, Stopping threads took: 0.0000300 seconds
2016-05-04T16:53:41.857+0100: 6.086: Total time for which application threads were stopped: 0.0001263 seconds, Stopping threads took: 0.0000726 seconds
2016-05-04T16:53:42.086+0100: 6.314: Total time for which application threads were stopped: 0.0001785 seconds, Stopping threads took: 0.0000474 seconds
2016-05-04T16:53:42.101+0100: 6.329: Total time for which application threads were stopped: 0.0001690 seconds, Stopping threads took: 0.0000513 seconds
2016-05-04T16:53:42.103+0100: 6.331: Total time for which application threads were stopped: 0.0001287 seconds, Stopping threads took: 0.0000450 seconds
2016-05-04T16:53:42.103+0100: 6.331: Total time for which application threads were stopped: 0.0000884 seconds, Stopping threads took: 0.0000316 seconds
2016-05-04T16:53:42.109+0100: 6.338: Total time for which application threads were stopped: 0.0001666 seconds, Stopping threads took: 0.0000592 seconds
2016-05-04T16:53:42.109+0100: 6.338: Total time for which application threads were stopped: 0.0000845 seconds, Stopping threads took: 0.0000292 seconds
2016-05-04T16:53:42.110+0100: 6.338: Total time for which application threads were stopped: 0.0000813 seconds, Stopping threads took: 0.0000284 seconds
2016-05-04T16:53:42.110+0100: 6.339: Total time for which application threads were stopped: 0.0001058 seconds, Stopping threads took: 0.0000371 seconds
2016-05-04T16:53:42.167+0100: 6.395: Total time for which application threads were stopped: 0.0001516 seconds, Stopping threads took: 0.0000497 seconds
2016-05-04T16:53:42.168+0100: 6.397: Total time for which application threads were stopped: 0.0001145 seconds, Stopping threads took: 0.0000403 seconds
2016-05-04T16:53:42.168+0100: 6.397: Total time for which application threads were stopped: 0.0000821 seconds, Stopping threads took: 0.0000284 seconds
2016-05-04T16:53:42.169+0100: 6.397: Total time for which application threads were stopped: 0.0001019 seconds, Stopping threads took: 0.0000363 seconds
2016-05-04T16:53:42.196+0100: 6.425: Total time for which application threads were stopped: 0.0002116 seconds, Stopping threads took: 0.0000553 seconds
{Heap before GC invocations=1 (full 0):
 par new generation   total 109248K, used 93198K [0x00000000e0000000, 0x00000000e8000000, 0x00000000e8000000)
  eden space 87424K, 100% used [0x00000000e0000000, 0x00000000e5560000, 0x00000000e5560000)
  from space 21824K,  26% used [0x00000000e6ab0000, 0x00000000e7053af0, 0x00000000e8000000)
  to   space 21824K,   0% used [0x00000000e5560000, 0x00000000e5560000, 0x00000000e6ab0000)
 concurrent mark-sweep generation total 393216K, used 0K [0x00000000e8000000, 0x0000000100000000, 0x0000000100000000)
 Metaspace       used 19444K, capacity 19828K, committed 20224K, reserved 1067008K
  class space    used 2308K, capacity 2456K, committed 2560K, reserved 1048576K
2016-05-04T16:53:42.242+0100: 6.470: [GC (Allocation Failure) 2016-05-04T16:53:42.242+0100: 6.470: [ParNew
Desired survivor size 20112992 bytes, new threshold 8 (max 8)
- age   1:    8081872 bytes,    8081872 total
- age   2:    2632288 bytes,   10714160 total
: 93198K->12509K(109248K), 0.0461846 secs] 93198K->12509K(502464K), 0.0463544 secs] [Times: user=0.09 sys=0.00, real=0.05 secs] 
Heap after GC invocations=2 (full 0):
 par new generation   total 109248K, used 12509K [0x00000000e0000000, 0x00000000e8000000, 0x00000000e8000000)
  eden space 87424K,   0% used [0x00000000e0000000, 0x00000000e0000000, 0x00000000e5560000)
  from space 21824K,  57% used [0x00000000e5560000, 0x00000000e61976a0, 0x00000000e6ab0000)
  to   space 21824K,   0% used [0x00000000e6ab0000, 0x00000000e6ab0000, 0x00000000e8000000)
 concurrent mark-sweep generation total 393216K, used 0K [0x00000000e8000000, 0x0000000100000000, 0x0000000100000000)
 Metaspace       used 19444K, capacity 19828K, committed 20224K, reserved 1067008K
  class space    used 2308K, capacity 2456K, committed 2560K, reserved 1048576K
}
2016-05-04T16:53:42.289+0100: 6.517: Total time for which application threads were stopped: 0.0467824 seconds, Stopping threads took: 0.0000497 seconds
2016-05-04T16:53:42.316+0100: 6.544: Total time for which application threads were stopped: 0.0001792 seconds, Stopping threads took: 0.0000687 seconds
2016-05-04T16:53:42.349+0100: 6.577: Total time for which application threads were stopped: 0.0001777 seconds, Stopping threads took: 0.0000569 seconds
2016-05-04T16:53:42.349+0100: 6.578: Total time for which application threads were stopped: 0.0000877 seconds, Stopping threads took: 0.0000340 seconds
2016-05-04T16:53:42.349+0100: 6.578: Total time for which application threads were stopped: 0.0000758 seconds, Stopping threads took: 0.0000276 seconds
2016-05-04T16:53:42.350+0100: 6.578: Total time for which application threads were stopped: 0.0000766 seconds, Stopping threads took: 0.0000276 seconds
2016-05-04T16:53:42.350+0100: 6.578: Total time for which application threads were stopped: 0.0000742 seconds, Stopping threads took: 0.0000276 seconds
2016-05-04T16:53:42.350+0100: 6.578: Total time for which application threads were stopped: 0.0000742 seconds, Stopping threads took: 0.0000276 seconds
2016-05-04T16:53:42.350+0100: 6.578: Total time for which application threads were stopped: 0.0000742 seconds, Stopping threads took: 0.0000276 seconds
2016-05-04T16:53:42.350+0100: 6.578: Total time for which application threads were stopped: 0.0000726 seconds, Stopping threads took: 0.0000268 seconds
2016-05-04T16:53:42.350+0100: 6.578: Total time for which application threads were stopped: 0.0000726 seconds, Stopping threads took: 0.0000276 seconds
2016-05-04T16:53:42.350+0100: 6.578: Total time for which application threads were stopped: 0.0000726 seconds, Stopping threads took: 0.0000268 seconds
2016-05-04T16:53:42.350+0100: 6.579: Total time for which application threads were stopped: 0.0000734 seconds, Stopping threads took: 0.0000276 seconds
2016-05-04T16:53:42.350+0100: 6.579: Total time for which application threads were stopped: 0.0000734 seconds, Stopping threads took: 0.0000276 seconds
2016-05-04T16:53:42.351+0100: 6.579: Total time for which application threads were stopped: 0.0000932 seconds, Stopping threads took: 0.0000442 seconds
2016-05-04T16:53:42.351+0100: 6.579: Total time for which application threads were stopped: 0.0000742 seconds, Stopping threads took: 0.0000276 seconds
2016-05-04T16:53:42.351+0100: 6.579: Total time for which application threads were stopped: 0.0000734 seconds, Stopping threads took: 0.0000268 seconds
2016-05-04T16:53:42.351+0100: 6.579: Total time for which application threads were stopped: 0.0000726 seconds, Stopping threads took: 0.0000268 seconds
2016-05-04T16:53:42.351+0100: 6.579: Total time for which application threads were stopped: 0.0000726 seconds, Stopping threads took: 0.0000268 seconds
2016-05-04T16:53:42.351+0100: 6.579: Total time for which application threads were stopped: 0.0000726 seconds, Stopping threads took: 0.0000268 seconds
2016-05-04T16:53:42.351+0100: 6.580: Total time for which application threads were stopped: 0.0002416 seconds, Stopping threads took: 0.0000268 seconds
2016-05-04T16:53:42.352+0100: 6.580: Total time for which application threads were stopped: 0.0000774 seconds, Stopping threads took: 0.0000292 seconds
2016-05-04T16:53:42.352+0100: 6.581: Total time for which application threads were stopped: 0.0000805 seconds, Stopping threads took: 0.0000292 seconds
2016-05-04T16:53:42.353+0100: 6.581: Total time for which application threads were stopped: 0.0001153 seconds, Stopping threads took: 0.0000284 seconds
2016-05-04T16:53:42.353+0100: 6.581: Total time for which application threads were stopped: 0.0001082 seconds, Stopping threads took: 0.0000284 seconds
2016-05-04T16:53:42.363+0100: 6.592: Total time for which application threads were stopped: 0.0001461 seconds, Stopping threads took: 0.0000561 seconds
2016-05-04T16:53:42.363+0100: 6.592: Total time for which application threads were stopped: 0.0000774 seconds, Stopping threads took: 0.0000292 seconds
2016-05-04T16:53:42.364+0100: 6.592: Total time for which application threads were stopped: 0.0000861 seconds, Stopping threads took: 0.0000379 seconds
2016-05-04T16:53:42.364+0100: 6.592: Total time for which application threads were stopped: 0.0000758 seconds, Stopping threads took: 0.0000284 seconds
2016-05-04T16:53:42.364+0100: 6.592: Total time for which application threads were stopped: 0.0000900 seconds, Stopping threads took: 0.0000340 seconds
2016-05-04T16:53:42.364+0100: 6.592: Total time for which application threads were stopped: 0.0000742 seconds, Stopping threads took: 0.0000261 seconds
2016-05-04T16:53:42.364+0100: 6.592: Total time for which application threads were stopped: 0.0000829 seconds, Stopping threads took: 0.0000347 seconds
2016-05-04T16:53:42.364+0100: 6.593: Total time for which application threads were stopped: 0.0000813 seconds, Stopping threads took: 0.0000332 seconds
2016-05-04T16:53:42.364+0100: 6.593: Total time for which application threads were stopped: 0.0000679 seconds, Stopping threads took: 0.0000213 seconds
2016-05-04T16:53:42.364+0100: 6.593: Total time for which application threads were stopped: 0.0000687 seconds, Stopping threads took: 0.0000221 seconds
2016-05-04T16:53:42.365+0100: 6.593: Total time for which application threads were stopped: 0.0000703 seconds, Stopping threads took: 0.0000229 seconds
2016-05-04T16:53:42.365+0100: 6.593: Total time for which application threads were stopped: 0.0002859 seconds, Stopping threads took: 0.0000253 seconds
2016-05-04T16:53:42.423+0100: 6.651: Total time for which application threads were stopped: 0.0004604 seconds, Stopping threads took: 0.0000458 seconds
2016-05-04T16:53:42.484+0100: 6.712: Total time for which application threads were stopped: 0.0004967 seconds, Stopping threads took: 0.0000655 seconds
2016-05-04T16:53:42.486+0100: 6.715: Total time for which application threads were stopped: 0.0001508 seconds, Stopping threads took: 0.0000529 seconds
2016-05-04T16:53:42.487+0100: 6.715: Total time for which application threads were stopped: 0.0000869 seconds, Stopping threads took: 0.0000308 seconds
2016-05-04T16:53:42.487+0100: 6.715: Total time for which application threads were stopped: 0.0000813 seconds, Stopping threads took: 0.0000284 seconds
2016-05-04T16:53:42.488+0100: 6.716: Total time for which application threads were stopped: 0.0000979 seconds, Stopping threads took: 0.0000355 seconds
2016-05-04T16:53:42.788+0100: 7.016: Total time for which application threads were stopped: 0.0002614 seconds, Stopping threads took: 0.0000466 seconds
2016-05-04T16:53:42.812+0100: 7.040: Total time for which application threads were stopped: 0.0001824 seconds, Stopping threads took: 0.0000497 seconds
2016-05-04T16:53:42.832+0100: 7.060: Total time for which application threads were stopped: 0.0001879 seconds, Stopping threads took: 0.0000497 seconds
2016-05-04T16:53:42.834+0100: 7.062: Total time for which application threads were stopped: 0.0001342 seconds, Stopping threads took: 0.0000395 seconds
2016-05-04T16:53:42.834+0100: 7.063: Total time for which application threads were stopped: 0.0000742 seconds, Stopping threads took: 0.0000197 seconds
2016-05-04T16:53:42.835+0100: 7.063: Total time for which application threads were stopped: 0.0000932 seconds, Stopping threads took: 0.0000245 seconds
2016-05-04T16:53:42.987+0100: 7.215: Total time for which application threads were stopped: 0.0005685 seconds, Stopping threads took: 0.0000490 seconds
2016-05-04T16:53:43.094+0100: 7.322: Total time for which application threads were stopped: 0.0001777 seconds, Stopping threads took: 0.0000497 seconds
2016-05-04T16:53:43.216+0100: 7.444: Total time for which application threads were stopped: 0.0001903 seconds, Stopping threads took: 0.0000513 seconds
2016-05-04T16:53:43.253+0100: 7.481: Total time for which application threads were stopped: 0.0001666 seconds, Stopping threads took: 0.0000434 seconds
2016-05-04T16:53:43.253+0100: 7.482: Total time for which application threads were stopped: 0.0000766 seconds, Stopping threads took: 0.0000205 seconds
2016-05-04T16:53:43.253+0100: 7.482: Total time for which application threads were stopped: 0.0000750 seconds, Stopping threads took: 0.0000197 seconds
2016-05-04T16:53:43.254+0100: 7.483: Total time for which application threads were stopped: 0.0000995 seconds, Stopping threads took: 0.0000276 seconds
2016-05-04T16:53:43.255+0100: 7.484: Total time for which application threads were stopped: 0.0001129 seconds, Stopping threads took: 0.0000300 seconds
2016-05-04T16:53:43.255+0100: 7.484: Total time for which application threads were stopped: 0.0000758 seconds, Stopping threads took: 0.0000197 seconds
2016-05-04T16:53:43.256+0100: 7.484: Total time for which application threads were stopped: 0.0000782 seconds, Stopping threads took: 0.0000197 seconds
2016-05-04T16:53:43.256+0100: 7.485: Total time for which application threads were stopped: 0.0000995 seconds, Stopping threads took: 0.0000253 seconds
2016-05-04T16:53:43.265+0100: 7.493: Total time for which application threads were stopped: 0.0001603 seconds, Stopping threads took: 0.0000490 seconds
2016-05-04T16:53:43.265+0100: 7.493: Total time for which application threads were stopped: 0.0000805 seconds, Stopping threads took: 0.0000229 seconds
2016-05-04T16:53:43.265+0100: 7.494: Total time for which application threads were stopped: 0.0002724 seconds, Stopping threads took: 0.0000237 seconds
2016-05-04T16:53:43.266+0100: 7.494: Total time for which application threads were stopped: 0.0000861 seconds, Stopping threads took: 0.0000245 seconds
2016-05-04T16:53:43.288+0100: 7.516: Total time for which application threads were stopped: 0.0002037 seconds, Stopping threads took: 0.0000608 seconds
{Heap before GC invocations=2 (full 0):
 par new generation   total 109248K, used 99933K [0x00000000e0000000, 0x00000000e8000000, 0x00000000e8000000)
  eden space 87424K, 100% used [0x00000000e0000000, 0x00000000e5560000, 0x00000000e5560000)
  from space 21824K,  57% used [0x00000000e5560000, 0x00000000e61976a0, 0x00000000e6ab0000)
  to   space 21824K,   0% used [0x00000000e6ab0000, 0x00000000e6ab0000, 0x00000000e8000000)
 concurrent mark-sweep generation total 393216K, used 0K [0x00000000e8000000, 0x0000000100000000, 0x0000000100000000)
 Metaspace       used 21460K, capacity 21849K, committed 21960K, reserved 1069056K
  class space    used 2540K, capacity 2681K, committed 2684K, reserved 1048576K
2016-05-04T16:53:43.408+0100: 7.637: [GC (Allocation Failure) 2016-05-04T16:53:43.408+0100: 7.637: [ParNew
Desired survivor size 20112992 bytes, new threshold 8 (max 8)
- age   1:    2139352 bytes,    2139352 total
- age   2:    2583352 bytes,    4722704 total
- age   3:    2600728 bytes,    7323432 total
: 99933K->13214K(109248K), 0.0355900 secs] 99933K->13214K(502464K), 0.0358521 secs] [Times: user=0.09 sys=0.00, real=0.04 secs] 
Heap after GC invocations=3 (full 0):
 par new generation   total 109248K, used 13214K [0x00000000e0000000, 0x00000000e8000000, 0x00000000e8000000)
  eden space 87424K,   0% used [0x00000000e0000000, 0x00000000e0000000, 0x00000000e5560000)
  from space 21824K,  60% used [0x00000000e6ab0000, 0x00000000e7797990, 0x00000000e8000000)
  to   space 21824K,   0% used [0x00000000e5560000, 0x00000000e5560000, 0x00000000e6ab0000)
 concurrent mark-sweep generation total 393216K, used 0K [0x00000000e8000000, 0x0000000100000000, 0x0000000100000000)
 Metaspace       used 21460K, capacity 21849K, committed 21960K, reserved 1069056K
  class space    used 2540K, capacity 2681K, committed 2684K, reserved 1048576K
}
2016-05-04T16:53:43.444+0100: 7.673: Total time for which application threads were stopped: 0.0363401 seconds, Stopping threads took: 0.0000687 seconds
2016-05-04T16:53:43.446+0100: 7.674: [GC (CMS Initial Mark) [1 CMS-initial-mark: 0K(393216K)] 13230K(502464K), 0.0085250 secs] [Times: user=0.00 sys=0.00, real=0.01 secs] 
2016-05-04T16:53:43.454+0100: 7.683: Total time for which application threads were stopped: 0.0087642 seconds, Stopping threads took: 0.0000513 seconds
2016-05-04T16:53:43.455+0100: 7.683: [CMS-concurrent-mark-start]
2016-05-04T16:53:43.460+0100: 7.688: [CMS-concurrent-mark: 0.005/0.005 secs] [Times: user=0.03 sys=0.00, real=0.01 secs] 
2016-05-04T16:53:43.460+0100: 7.689: Total time for which application threads were stopped: 0.0003711 seconds, Stopping threads took: 0.0002077 seconds
2016-05-04T16:53:43.460+0100: 7.689: [CMS-concurrent-preclean-start]
2016-05-04T16:53:43.461+0100: 7.689: Total time for which application threads were stopped: 0.0001232 seconds, Stopping threads took: 0.0000213 seconds
2016-05-04T16:53:43.461+0100: 7.690: Total time for which application threads were stopped: 0.0001548 seconds, Stopping threads took: 0.0000268 seconds
2016-05-04T16:53:43.463+0100: 7.692: [CMS-concurrent-preclean: 0.003/0.003 secs] [Times: user=0.00 sys=0.00, real=0.00 secs] 
2016-05-04T16:53:43.464+0100: 7.692: [GC (CMS Final Remark) [YG occupancy: 14118 K (109248 K)]{Heap before GC invocations=3 (full 1):
 par new generation   total 109248K, used 14118K [0x00000000e0000000, 0x00000000e8000000, 0x00000000e8000000)
  eden space 87424K,   1% used [0x00000000e0000000, 0x00000000e00e1f60, 0x00000000e5560000)
  from space 21824K,  60% used [0x00000000e6ab0000, 0x00000000e7797990, 0x00000000e8000000)
  to   space 21824K,   0% used [0x00000000e5560000, 0x00000000e5560000, 0x00000000e6ab0000)
 concurrent mark-sweep generation total 393216K, used 0K [0x00000000e8000000, 0x0000000100000000, 0x0000000100000000)
 Metaspace       used 21466K, capacity 21849K, committed 21960K, reserved 1069056K
  class space    used 2540K, capacity 2681K, committed 2684K, reserved 1048576K
2016-05-04T16:53:43.464+0100: 7.693: [GC (CMS Final Remark) 2016-05-04T16:53:43.464+0100: 7.693: [ParNew
Desired survivor size 20112992 bytes, new threshold 8 (max 8)
- age   1:     472056 bytes,     472056 total
- age   2:     839960 bytes,    1312016 total
- age   3:    2572760 bytes,    3884776 total
- age   4:    2600728 bytes,    6485504 total
: 14118K->7972K(109248K), 0.0241702 secs] 14118K->7972K(502464K), 0.0242807 secs] [Times: user=0.05 sys=0.00, real=0.03 secs] 
Heap after GC invocations=4 (full 1):
 par new generation   total 109248K, used 7972K [0x00000000e0000000, 0x00000000e8000000, 0x00000000e8000000)
  eden space 87424K,   0% used [0x00000000e0000000, 0x00000000e0000000, 0x00000000e5560000)
  from space 21824K,  36% used [0x00000000e5560000, 0x00000000e5d29218, 0x00000000e6ab0000)
  to   space 21824K,   0% used [0x00000000e6ab0000, 0x00000000e6ab0000, 0x00000000e8000000)
 concurrent mark-sweep generation total 393216K, used 0K [0x00000000e8000000, 0x0000000100000000, 0x0000000100000000)
 Metaspace       used 21466K, capacity 21849K, committed 21960K, reserved 1069056K
  class space    used 2540K, capacity 2681K, committed 2684K, reserved 1048576K
}
2016-05-04T16:53:43.489+0100: 7.717: [Rescan (parallel) , 0.0080994 secs]2016-05-04T16:53:43.497+0100: 7.725: [weak refs processing, 0.0016346 secs]2016-05-04T16:53:43.498+0100: 7.727: [class unloading, 0.0071131 secs]2016-05-04T16:53:43.506+0100: 7.734: [scrub symbol table, 0.0094765 secs]2016-05-04T16:53:43.515+0100: 7.744: [scrub string table, 0.0006483 secs][1 CMS-remark: 0K(393216K)] 7972K(502464K), 0.0532661 secs] [Times: user=0.06 sys=0.00, real=0.05 secs] 
2016-05-04T16:53:43.517+0100: 7.746: Total time for which application threads were stopped: 0.0536483 seconds, Stopping threads took: 0.0002140 seconds
2016-05-04T16:53:43.524+0100: 7.753: [CMS-concurrent-sweep-start]
2016-05-04T16:53:43.524+0100: 7.753: [CMS-concurrent-sweep: 0.000/0.000 secs] [Times: user=0.00 sys=0.00, real=0.00 secs] 
2016-05-04T16:53:43.524+0100: 7.753: [CMS-concurrent-reset-start]
2016-05-04T16:53:43.529+0100: 7.758: [CMS-concurrent-reset: 0.005/0.005 secs] [Times: user=0.00 sys=0.00, real=0.01 secs] 
2016-05-04T16:53:43.551+0100: 7.779: Total time for which application threads were stopped: 0.0001785 seconds, Stopping threads took: 0.0000584 seconds
2016-05-04T16:53:43.590+0100: 7.818: Total time for which application threads were stopped: 0.0002100 seconds, Stopping threads took: 0.0000600 seconds
2016-05-04T16:53:43.724+0100: 7.953: Total time for which application threads were stopped: 0.0002116 seconds, Stopping threads took: 0.0000497 seconds
2016-05-04T16:53:43.725+0100: 7.953: Total time for which application threads were stopped: 0.0000766 seconds, Stopping threads took: 0.0000221 seconds
2016-05-04T16:53:43.733+0100: 7.961: Total time for which application threads were stopped: 0.0001413 seconds, Stopping threads took: 0.0000450 seconds
2016-05-04T16:53:43.733+0100: 7.962: Total time for which application threads were stopped: 0.0000869 seconds, Stopping threads took: 0.0000237 seconds
2016-05-04T16:53:43.733+0100: 7.962: Total time for which application threads were stopped: 0.0000750 seconds, Stopping threads took: 0.0000221 seconds
2016-05-04T16:53:43.877+0100: 8.105: Total time for which application threads were stopped: 0.0003166 seconds, Stopping threads took: 0.0000916 seconds
2016-05-04T16:53:43.890+0100: 8.119: Total time for which application threads were stopped: 0.0001848 seconds, Stopping threads took: 0.0000561 seconds
2016-05-04T16:53:43.893+0100: 8.121: Total time for which application threads were stopped: 0.0001666 seconds, Stopping threads took: 0.0000490 seconds
2016-05-04T16:53:43.894+0100: 8.123: Total time for which application threads were stopped: 0.0001413 seconds, Stopping threads took: 0.0000419 seconds
2016-05-04T16:53:43.897+0100: 8.126: Total time for which application threads were stopped: 0.0001698 seconds, Stopping threads took: 0.0000537 seconds
2016-05-04T16:53:43.947+0100: 8.175: Total time for which application threads were stopped: 0.0006017 seconds, Stopping threads took: 0.0000434 seconds
2016-05-04T16:53:43.962+0100: 8.190: Total time for which application threads were stopped: 0.0001366 seconds, Stopping threads took: 0.0000419 seconds
2016-05-04T16:53:43.965+0100: 8.193: Total time for which application threads were stopped: 0.0001406 seconds, Stopping threads took: 0.0000419 seconds
2016-05-04T16:53:44.093+0100: 8.321: Total time for which application threads were stopped: 0.0005591 seconds, Stopping threads took: 0.0000458 seconds
2016-05-04T16:53:44.288+0100: 8.516: Total time for which application threads were stopped: 0.0001721 seconds, Stopping threads took: 0.0000521 seconds
2016-05-04T16:53:44.324+0100: 8.553: Total time for which application threads were stopped: 0.0001706 seconds, Stopping threads took: 0.0000521 seconds
2016-05-04T16:53:44.326+0100: 8.554: Total time for which application threads were stopped: 0.0001129 seconds, Stopping threads took: 0.0000324 seconds
2016-05-04T16:53:44.326+0100: 8.555: Total time for which application threads were stopped: 0.0000924 seconds, Stopping threads took: 0.0000292 seconds
2016-05-04T16:53:44.443+0100: 8.672: Total time for which application threads were stopped: 0.0002653 seconds, Stopping threads took: 0.0000971 seconds
2016-05-04T16:53:44.449+0100: 8.677: Total time for which application threads were stopped: 0.0001935 seconds, Stopping threads took: 0.0000592 seconds
{Heap before GC invocations=4 (full 1):
 par new generation   total 109248K, used 95396K [0x00000000e0000000, 0x00000000e8000000, 0x00000000e8000000)
  eden space 87424K, 100% used [0x00000000e0000000, 0x00000000e5560000, 0x00000000e5560000)
  from space 21824K,  36% used [0x00000000e5560000, 0x00000000e5d29218, 0x00000000e6ab0000)
  to   space 21824K,   0% used [0x00000000e6ab0000, 0x00000000e6ab0000, 0x00000000e8000000)
 concurrent mark-sweep generation total 393216K, used 0K [0x00000000e8000000, 0x0000000100000000, 0x0000000100000000)
 Metaspace       used 23918K, capacity 24285K, committed 24572K, reserved 1071104K
  class space    used 2884K, capacity 3043K, committed 3068K, reserved 1048576K
2016-05-04T16:53:44.516+0100: 8.744: [GC (Allocation Failure) 2016-05-04T16:53:44.516+0100: 8.744: [ParNew
Desired survivor size 20112992 bytes, new threshold 8 (max 8)
- age   1:    2832936 bytes,    2832936 total
- age   2:       1264 bytes,    2834200 total
- age   3:     273936 bytes,    3108136 total
- age   4:    2562888 bytes,    5671024 total
- age   5:    2600616 bytes,    8271640 total
: 95396K->11271K(109248K), 0.0290304 secs] 95396K->11271K(502464K), 0.0292089 secs] [Times: user=0.06 sys=0.00, real=0.03 secs] 
Heap after GC invocations=5 (full 1):
 par new generation   total 109248K, used 11271K [0x00000000e0000000, 0x00000000e8000000, 0x00000000e8000000)
  eden space 87424K,   0% used [0x00000000e0000000, 0x00000000e0000000, 0x00000000e5560000)
  from space 21824K,  51% used [0x00000000e6ab0000, 0x00000000e75b1fc0, 0x00000000e8000000)
  to   space 21824K,   0% used [0x00000000e5560000, 0x00000000e5560000, 0x00000000e6ab0000)
 concurrent mark-sweep generation total 393216K, used 0K [0x00000000e8000000, 0x0000000100000000, 0x0000000100000000)
 Metaspace       used 23918K, capacity 24285K, committed 24572K, reserved 1071104K
  class space    used 2884K, capacity 3043K, committed 3068K, reserved 1048576K
}
2016-05-04T16:53:44.545+0100: 8.774: Total time for which application threads were stopped: 0.0296321 seconds, Stopping threads took: 0.0000616 seconds
2016-05-04T16:53:44.608+0100: 8.837: Total time for which application threads were stopped: 0.0001658 seconds, Stopping threads took: 0.0000608 seconds
2016-05-04T16:53:44.608+0100: 8.837: Total time for which application threads were stopped: 0.0003016 seconds, Stopping threads took: 0.0000292 seconds
2016-05-04T16:53:44.609+0100: 8.838: Total time for which application threads were stopped: 0.0001042 seconds, Stopping threads took: 0.0000379 seconds
2016-05-04T16:53:44.647+0100: 8.875: Total time for which application threads were stopped: 0.0001769 seconds, Stopping threads took: 0.0000758 seconds
2016-05-04T16:53:44.647+0100: 8.875: Total time for which application threads were stopped: 0.0000853 seconds, Stopping threads took: 0.0000268 seconds
2016-05-04T16:53:44.732+0100: 8.961: Total time for which application threads were stopped: 0.0001658 seconds, Stopping threads took: 0.0000411 seconds
2016-05-04T16:53:44.737+0100: 8.966: Total time for which application threads were stopped: 0.0001587 seconds, Stopping threads took: 0.0000466 seconds
2016-05-04T16:53:44.746+0100: 8.975: Total time for which application threads were stopped: 0.0004248 seconds, Stopping threads took: 0.0000561 seconds
2016-05-04T16:53:44.747+0100: 8.976: Total time for which application threads were stopped: 0.0003727 seconds, Stopping threads took: 0.0000395 seconds
2016-05-04T16:53:44.811+0100: 9.039: Total time for which application threads were stopped: 0.0046771 seconds, Stopping threads took: 0.0043991 seconds
2016-05-04T16:53:45.302+0100: 9.530: Total time for which application threads were stopped: 0.0043020 seconds, Stopping threads took: 0.0041038 seconds
2016-05-04T16:53:45.311+0100: 9.540: Total time for which application threads were stopped: 0.0001524 seconds, Stopping threads took: 0.0000521 seconds
2016-05-04T16:53:45.312+0100: 9.541: Total time for which application threads were stopped: 0.0000892 seconds, Stopping threads took: 0.0000316 seconds
2016-05-04T16:53:46.132+0100: 10.361: Total time for which application threads were stopped: 0.0001508 seconds, Stopping threads took: 0.0000545 seconds
2016-05-04T16:53:46.134+0100: 10.363: Total time for which application threads were stopped: 0.0015659 seconds, Stopping threads took: 0.0014814 seconds
2016-05-04T16:53:46.136+0100: 10.364: Total time for which application threads were stopped: 0.0001248 seconds, Stopping threads took: 0.0000442 seconds
2016-05-04T16:53:46.136+0100: 10.365: Total time for which application threads were stopped: 0.0000884 seconds, Stopping threads took: 0.0000292 seconds
2016-05-04T16:53:46.146+0100: 10.374: Total time for which application threads were stopped: 0.0001461 seconds, Stopping threads took: 0.0000513 seconds
2016-05-04T16:53:46.146+0100: 10.374: Total time for which application threads were stopped: 0.0001421 seconds, Stopping threads took: 0.0000853 seconds
2016-05-04T16:53:46.151+0100: 10.379: Total time for which application threads were stopped: 0.0001319 seconds, Stopping threads took: 0.0000482 seconds
2016-05-04T16:53:46.151+0100: 10.379: Total time for which application threads were stopped: 0.0001690 seconds, Stopping threads took: 0.0001145 seconds
2016-05-04T16:53:46.152+0100: 10.380: Total time for which application threads were stopped: 0.0001382 seconds, Stopping threads took: 0.0000324 seconds
2016-05-04T16:53:46.152+0100: 10.381: Total time for which application threads were stopped: 0.0001184 seconds, Stopping threads took: 0.0000640 seconds
2016-05-04T16:53:46.154+0100: 10.382: Total time for which application threads were stopped: 0.0002432 seconds, Stopping threads took: 0.0000363 seconds
2016-05-04T16:53:46.193+0100: 10.421: Total time for which application threads were stopped: 0.0001579 seconds, Stopping threads took: 0.0000442 seconds
2016-05-04T16:53:46.206+0100: 10.435: Total time for which application threads were stopped: 0.0001508 seconds, Stopping threads took: 0.0000434 seconds
2016-05-04T16:53:46.206+0100: 10.435: Total time for which application threads were stopped: 0.0000892 seconds, Stopping threads took: 0.0000276 seconds
2016-05-04T16:53:46.217+0100: 10.446: Total time for which application threads were stopped: 0.0005488 seconds, Stopping threads took: 0.0000497 seconds
2016-05-04T16:53:46.239+0100: 10.467: Total time for which application threads were stopped: 0.0001398 seconds, Stopping threads took: 0.0000387 seconds
2016-05-04T16:53:46.247+0100: 10.475: Total time for which application threads were stopped: 0.0001524 seconds, Stopping threads took: 0.0000576 seconds
2016-05-04T16:53:46.277+0100: 10.506: Total time for which application threads were stopped: 0.0001571 seconds, Stopping threads took: 0.0000576 seconds
2016-05-04T16:53:46.290+0100: 10.518: Total time for which application threads were stopped: 0.0001761 seconds, Stopping threads took: 0.0000592 seconds
2016-05-04T16:53:46.736+0100: 10.965: Total time for which application threads were stopped: 0.0002582 seconds, Stopping threads took: 0.0000963 seconds
2016-05-04T16:53:46.739+0100: 10.968: Total time for which application threads were stopped: 0.0001516 seconds, Stopping threads took: 0.0000474 seconds
2016-05-04T16:54:01.903+0100: 26.133: Total time for which application threads were stopped: 0.0001571 seconds, Stopping threads took: 0.0000450 seconds
2016-05-04T16:54:01.903+0100: 26.134: Total time for which application threads were stopped: 0.0000813 seconds, Stopping threads took: 0.0000213 seconds
2016-05-04T16:54:01.903+0100: 26.134: Total time for which application threads were stopped: 0.0000782 seconds, Stopping threads took: 0.0000197 seconds
2016-05-04T16:54:01.905+0100: 26.135: Total time for which application threads were stopped: 0.0001358 seconds, Stopping threads took: 0.0000537 seconds
2016-05-04T16:54:01.906+0100: 26.136: Total time for which application threads were stopped: 0.0000940 seconds, Stopping threads took: 0.0000268 seconds
2016-05-04T16:54:01.909+0100: 26.140: Total time for which application threads were stopped: 0.0001548 seconds, Stopping threads took: 0.0000608 seconds
2016-05-04T16:54:01.910+0100: 26.141: Total time for which application threads were stopped: 0.0001216 seconds, Stopping threads took: 0.0000419 seconds
2016-05-04T16:54:01.911+0100: 26.141: Total time for which application threads were stopped: 0.0000979 seconds, Stopping threads took: 0.0000237 seconds
2016-05-04T16:54:01.911+0100: 26.142: Total time for which application threads were stopped: 0.0000900 seconds, Stopping threads took: 0.0000221 seconds
2016-05-04T16:54:01.911+0100: 26.142: Total time for which application threads were stopped: 0.0000829 seconds, Stopping threads took: 0.0000197 seconds
2016-05-04T16:54:01.914+0100: 26.144: Total time for which application threads were stopped: 0.0001090 seconds, Stopping threads took: 0.0000253 seconds
2016-05-04T16:54:01.914+0100: 26.144: Total time for which application threads were stopped: 0.0000908 seconds, Stopping threads took: 0.0000213 seconds
2016-05-04T16:54:01.915+0100: 26.145: Total time for which application threads were stopped: 0.0000869 seconds, Stopping threads took: 0.0000190 seconds
2016-05-04T16:54:01.916+0100: 26.146: Total time for which application threads were stopped: 0.0001263 seconds, Stopping threads took: 0.0000347 seconds
2016-05-04T16:54:01.916+0100: 26.146: Total time for which application threads were stopped: 0.0001469 seconds, Stopping threads took: 0.0000245 seconds
2016-05-04T16:54:01.916+0100: 26.147: Total time for which application threads were stopped: 0.0000916 seconds, Stopping threads took: 0.0000237 seconds
2016-05-04T16:54:01.918+0100: 26.149: Total time for which application threads were stopped: 0.0001366 seconds, Stopping threads took: 0.0000371 seconds
2016-05-04T16:54:01.922+0100: 26.152: Total time for which application threads were stopped: 0.0002377 seconds, Stopping threads took: 0.0000561 seconds
2016-05-04T16:54:01.922+0100: 26.152: Total time for which application threads were stopped: 0.0000987 seconds, Stopping threads took: 0.0000245 seconds
2016-05-04T16:54:01.923+0100: 26.154: Total time for which application threads were stopped: 0.0001429 seconds, Stopping threads took: 0.0000379 seconds
2016-05-04T16:54:01.924+0100: 26.154: Total time for which application threads were stopped: 0.0000869 seconds, Stopping threads took: 0.0000237 seconds
2016-05-04T16:54:01.930+0100: 26.160: Total time for which application threads were stopped: 0.0002298 seconds, Stopping threads took: 0.0000940 seconds
2016-05-04T16:54:01.930+0100: 26.160: Total time for which application threads were stopped: 0.0000955 seconds, Stopping threads took: 0.0000268 seconds
2016-05-04T16:54:01.930+0100: 26.161: Total time for which application threads were stopped: 0.0001208 seconds, Stopping threads took: 0.0000229 seconds
2016-05-04T16:54:01.930+0100: 26.161: Total time for which application threads were stopped: 0.0001027 seconds, Stopping threads took: 0.0000332 seconds
2016-05-04T16:54:01.932+0100: 26.162: Total time for which application threads were stopped: 0.0005299 seconds, Stopping threads took: 0.0000324 seconds
2016-05-04T16:54:02.002+0100: 26.232: Total time for which application threads were stopped: 0.0006909 seconds, Stopping threads took: 0.0000474 seconds
2016-05-04T16:54:02.379+0100: 26.610: Total time for which application threads were stopped: 0.0002645 seconds, Stopping threads took: 0.0000529 seconds
2016-05-04T16:54:02.385+0100: 26.615: Total time for which application threads were stopped: 0.0001587 seconds, Stopping threads took: 0.0000553 seconds
2016-05-04T16:54:02.434+0100: 26.665: Total time for which application threads were stopped: 0.0001674 seconds, Stopping threads took: 0.0000545 seconds
2016-05-04T16:54:02.486+0100: 26.717: Total time for which application threads were stopped: 0.0006357 seconds, Stopping threads took: 0.0000545 seconds
2016-05-04T16:54:02.864+0100: 27.094: Total time for which application threads were stopped: 0.0001682 seconds, Stopping threads took: 0.0000450 seconds
2016-05-04T16:54:02.882+0100: 27.113: Total time for which application threads were stopped: 0.0001635 seconds, Stopping threads took: 0.0000458 seconds
2016-05-04T16:54:02.932+0100: 27.162: Total time for which application threads were stopped: 0.0006309 seconds, Stopping threads took: 0.0000458 seconds
2016-05-04T16:54:03.437+0100: 27.668: Total time for which application threads were stopped: 0.0006601 seconds, Stopping threads took: 0.0000458 seconds
{Heap before GC invocations=5 (full 1):
 par new generation   total 109248K, used 98695K [0x00000000e0000000, 0x00000000e8000000, 0x00000000e8000000)
  eden space 87424K, 100% used [0x00000000e0000000, 0x00000000e5560000, 0x00000000e5560000)
  from space 21824K,  51% used [0x00000000e6ab0000, 0x00000000e75b1fc0, 0x00000000e8000000)
  to   space 21824K,   0% used [0x00000000e5560000, 0x00000000e5560000, 0x00000000e6ab0000)
 concurrent mark-sweep generation total 393216K, used 0K [0x00000000e8000000, 0x0000000100000000, 0x0000000100000000)
 Metaspace       used 31007K, capacity 31389K, committed 31740K, reserved 1077248K
  class space    used 3649K, capacity 3791K, committed 3836K, reserved 1048576K
2016-05-04T16:54:04.136+0100: 28.367: [GC (Allocation Failure) 2016-05-04T16:54:04.136+0100: 28.367: [ParNew
Desired survivor size 20112992 bytes, new threshold 8 (max 8)
- age   1:   12740304 bytes,   12740304 total
- age   2:     880760 bytes,   13621064 total
- age   3:       1264 bytes,   13622328 total
- age   4:     253440 bytes,   13875768 total
- age   5:    2487128 bytes,   16362896 total
- age   6:    2591392 bytes,   18954288 total
: 98695K->21209K(109248K), 0.0694483 secs] 98695K->21209K(502464K), 0.0696575 secs] [Times: user=0.14 sys=0.00, real=0.07 secs] 
Heap after GC invocations=6 (full 1):
 par new generation   total 109248K, used 21209K [0x00000000e0000000, 0x00000000e8000000, 0x00000000e8000000)
  eden space 87424K,   0% used [0x00000000e0000000, 0x00000000e0000000, 0x00000000e5560000)
  from space 21824K,  97% used [0x00000000e5560000, 0x00000000e6a16508, 0x00000000e6ab0000)
  to   space 21824K,   0% used [0x00000000e6ab0000, 0x00000000e6ab0000, 0x00000000e8000000)
 concurrent mark-sweep generation total 393216K, used 0K [0x00000000e8000000, 0x0000000100000000, 0x0000000100000000)
 Metaspace       used 31007K, capacity 31389K, committed 31740K, reserved 1077248K
  class space    used 3649K, capacity 3791K, committed 3836K, reserved 1048576K
}
2016-05-04T16:54:04.206+0100: 28.437: Total time for which application threads were stopped: 0.0701455 seconds, Stopping threads took: 0.0000474 seconds
2016-05-04T16:54:04.223+0100: 28.454: Total time for which application threads were stopped: 0.0103167 seconds, Stopping threads took: 0.0101524 seconds
2016-05-04T16:54:04.355+0100: 28.586: Total time for which application threads were stopped: 0.0002558 seconds, Stopping threads took: 0.0000640 seconds
2016-05-04T16:54:04.355+0100: 28.586: Total time for which application threads were stopped: 0.0001327 seconds, Stopping threads took: 0.0000284 seconds
2016-05-04T16:54:04.355+0100: 28.586: Total time for which application threads were stopped: 0.0001271 seconds, Stopping threads took: 0.0000268 seconds
2016-05-04T16:54:04.356+0100: 28.586: Total time for which application threads were stopped: 0.0001334 seconds, Stopping threads took: 0.0000268 seconds
2016-05-04T16:54:04.356+0100: 28.586: Total time for which application threads were stopped: 0.0001334 seconds, Stopping threads took: 0.0000300 seconds
2016-05-04T16:54:04.356+0100: 28.587: Total time for which application threads were stopped: 0.0001263 seconds, Stopping threads took: 0.0000276 seconds
2016-05-04T16:54:05.308+0100: 29.539: Total time for which application threads were stopped: 0.0007904 seconds, Stopping threads took: 0.0000576 seconds
2016-05-04T16:54:05.983+0100: 30.214: Total time for which application threads were stopped: 0.0002274 seconds, Stopping threads took: 0.0000655 seconds
2016-05-04T16:54:05.988+0100: 30.219: Total time for which application threads were stopped: 0.0001635 seconds, Stopping threads took: 0.0000521 seconds
2016-05-04T16:54:05.991+0100: 30.222: Total time for which application threads were stopped: 0.0001556 seconds, Stopping threads took: 0.0000458 seconds
2016-05-04T16:54:05.991+0100: 30.222: Total time for which application threads were stopped: 0.0000892 seconds, Stopping threads took: 0.0000284 seconds
2016-05-04T16:54:05.994+0100: 30.225: Total time for which application threads were stopped: 0.0002669 seconds, Stopping threads took: 0.0001635 seconds
2016-05-04T16:54:05.994+0100: 30.225: Total time for which application threads were stopped: 0.0000971 seconds, Stopping threads took: 0.0000324 seconds
2016-05-04T16:54:05.994+0100: 30.225: Total time for which application threads were stopped: 0.0000908 seconds, Stopping threads took: 0.0000292 seconds
2016-05-04T16:54:05.994+0100: 30.225: Total time for which application threads were stopped: 0.0000900 seconds, Stopping threads took: 0.0000292 seconds
2016-05-04T16:54:05.995+0100: 30.225: Total time for which application threads were stopped: 0.0000900 seconds, Stopping threads took: 0.0000284 seconds
2016-05-04T16:54:05.995+0100: 30.225: Total time for which application threads were stopped: 0.0000916 seconds, Stopping threads took: 0.0000284 seconds
2016-05-04T16:54:05.995+0100: 30.226: Total time for which application threads were stopped: 0.0000900 seconds, Stopping threads took: 0.0000292 seconds
2016-05-04T16:54:05.995+0100: 30.226: Total time for which application threads were stopped: 0.0000940 seconds, Stopping threads took: 0.0000292 seconds
2016-05-04T16:54:05.995+0100: 30.226: Total time for which application threads were stopped: 0.0000900 seconds, Stopping threads took: 0.0000284 seconds
2016-05-04T16:54:05.995+0100: 30.226: Total time for which application threads were stopped: 0.0001548 seconds, Stopping threads took: 0.0000284 seconds
2016-05-04T16:54:05.996+0100: 30.226: Total time for which application threads were stopped: 0.0001406 seconds, Stopping threads took: 0.0000284 seconds
2016-05-04T16:54:05.997+0100: 30.228: Total time for which application threads were stopped: 0.0000979 seconds, Stopping threads took: 0.0000316 seconds
2016-05-04T16:54:06.000+0100: 30.230: Total time for which application threads were stopped: 0.0001200 seconds, Stopping threads took: 0.0000403 seconds
2016-05-04T16:54:06.000+0100: 30.230: Total time for which application threads were stopped: 0.0000877 seconds, Stopping threads took: 0.0000284 seconds
2016-05-04T16:54:06.000+0100: 30.231: Total time for which application threads were stopped: 0.0000861 seconds, Stopping threads took: 0.0000284 seconds
2016-05-04T16:54:06.000+0100: 30.231: Total time for which application threads were stopped: 0.0000900 seconds, Stopping threads took: 0.0000276 seconds
2016-05-04T16:54:06.000+0100: 30.231: Total time for which application threads were stopped: 0.0002266 seconds, Stopping threads took: 0.0001587 seconds
2016-05-04T16:54:06.001+0100: 30.231: Total time for which application threads were stopped: 0.0001003 seconds, Stopping threads took: 0.0000355 seconds
2016-05-04T16:54:06.001+0100: 30.231: Total time for which application threads were stopped: 0.0000908 seconds, Stopping threads took: 0.0000308 seconds
2016-05-04T16:54:06.001+0100: 30.232: Total time for which application threads were stopped: 0.0002558 seconds, Stopping threads took: 0.0000292 seconds
2016-05-04T16:54:06.005+0100: 30.235: Total time for which application threads were stopped: 0.0001714 seconds, Stopping threads took: 0.0000529 seconds
2016-05-04T16:54:06.019+0100: 30.250: Total time for which application threads were stopped: 0.0001966 seconds, Stopping threads took: 0.0000648 seconds
2016-05-04T16:54:06.019+0100: 30.250: Total time for which application threads were stopped: 0.0000924 seconds, Stopping threads took: 0.0000284 seconds
2016-05-04T16:54:06.019+0100: 30.250: Total time for which application threads were stopped: 0.0000892 seconds, Stopping threads took: 0.0000300 seconds
2016-05-04T16:54:06.019+0100: 30.250: Total time for which application threads were stopped: 0.0000877 seconds, Stopping threads took: 0.0000292 seconds
2016-05-04T16:54:06.020+0100: 30.251: Total time for which application threads were stopped: 0.0001129 seconds, Stopping threads took: 0.0000395 seconds
2016-05-04T16:54:06.021+0100: 30.251: Total time for which application threads were stopped: 0.0000884 seconds, Stopping threads took: 0.0000308 seconds
2016-05-04T16:54:06.021+0100: 30.252: Total time for which application threads were stopped: 0.0000948 seconds, Stopping threads took: 0.0000332 seconds
2016-05-04T16:54:06.021+0100: 30.252: Total time for which application threads were stopped: 0.0000963 seconds, Stopping threads took: 0.0000371 seconds
2016-05-04T16:54:06.022+0100: 30.253: Total time for which application threads were stopped: 0.0001192 seconds, Stopping threads took: 0.0000426 seconds
2016-05-04T16:54:06.022+0100: 30.253: Total time for which application threads were stopped: 0.0000908 seconds, Stopping threads took: 0.0000300 seconds
2016-05-04T16:54:06.024+0100: 30.254: Total time for which application threads were stopped: 0.0001342 seconds, Stopping threads took: 0.0000458 seconds
2016-05-04T16:54:06.664+0100: 30.894: Total time for which application threads were stopped: 0.0004525 seconds, Stopping threads took: 0.0003261 seconds
2016-05-04T16:54:06.664+0100: 30.895: Total time for which application threads were stopped: 0.0000963 seconds, Stopping threads took: 0.0000332 seconds
2016-05-04T16:54:06.664+0100: 30.895: Total time for which application threads were stopped: 0.0000924 seconds, Stopping threads took: 0.0000292 seconds
2016-05-04T16:54:06.664+0100: 30.895: Total time for which application threads were stopped: 0.0000916 seconds, Stopping threads took: 0.0000284 seconds
2016-05-04T16:54:06.665+0100: 30.895: Total time for which application threads were stopped: 0.0001019 seconds, Stopping threads took: 0.0000308 seconds
2016-05-04T16:54:06.665+0100: 30.895: Total time for which application threads were stopped: 0.0000908 seconds, Stopping threads took: 0.0000284 seconds
2016-05-04T16:54:06.665+0100: 30.895: Total time for which application threads were stopped: 0.0000900 seconds, Stopping threads took: 0.0000284 seconds
2016-05-04T16:54:06.665+0100: 30.896: Total time for which application threads were stopped: 0.0000916 seconds, Stopping threads took: 0.0000284 seconds
2016-05-04T16:54:06.665+0100: 30.896: Total time for which application threads were stopped: 0.0000908 seconds, Stopping threads took: 0.0000276 seconds
2016-05-04T16:54:06.665+0100: 30.896: Total time for which application threads were stopped: 0.0000916 seconds, Stopping threads took: 0.0000284 seconds
2016-05-04T16:54:06.665+0100: 30.896: Total time for which application threads were stopped: 0.0000924 seconds, Stopping threads took: 0.0000292 seconds
2016-05-04T16:54:06.665+0100: 30.896: Total time for which application threads were stopped: 0.0000900 seconds, Stopping threads took: 0.0000284 seconds
2016-05-04T16:54:06.666+0100: 30.896: Total time for which application threads were stopped: 0.0000900 seconds, Stopping threads took: 0.0000284 seconds
2016-05-04T16:54:06.666+0100: 30.896: Total time for which application threads were stopped: 0.0000908 seconds, Stopping threads took: 0.0000276 seconds
2016-05-04T16:54:06.666+0100: 30.897: Total time for which application threads were stopped: 0.0000892 seconds, Stopping threads took: 0.0000276 seconds
2016-05-04T16:54:06.666+0100: 30.897: Total time for which application threads were stopped: 0.0000884 seconds, Stopping threads took: 0.0000276 seconds
2016-05-04T16:54:06.666+0100: 30.897: Total time for which application threads were stopped: 0.0000892 seconds, Stopping threads took: 0.0000276 seconds
2016-05-04T16:54:06.666+0100: 30.897: Total time for which application threads were stopped: 0.0000892 seconds, Stopping threads took: 0.0000284 seconds
2016-05-04T16:54:06.666+0100: 30.897: Total time for which application threads were stopped: 0.0000908 seconds, Stopping threads took: 0.0000276 seconds
2016-05-04T16:54:06.667+0100: 30.897: Total time for which application threads were stopped: 0.0002859 seconds, Stopping threads took: 0.0000300 seconds
2016-05-04T16:54:07.078+0100: 31.309: Total time for which application threads were stopped: 0.0002472 seconds, Stopping threads took: 0.0000711 seconds
2016-05-04T16:54:07.078+0100: 31.309: Total time for which application threads were stopped: 0.0000940 seconds, Stopping threads took: 0.0000292 seconds
2016-05-04T16:54:07.078+0100: 31.309: Total time for which application threads were stopped: 0.0001184 seconds, Stopping threads took: 0.0000371 seconds
2016-05-04T16:54:07.079+0100: 31.310: Total time for which application threads were stopped: 0.0001279 seconds, Stopping threads took: 0.0000379 seconds
2016-05-04T16:54:07.082+0100: 31.312: Total time for which application threads were stopped: 0.0001840 seconds, Stopping threads took: 0.0000576 seconds
2016-05-04T16:54:07.100+0100: 31.331: Total time for which application threads were stopped: 0.0002029 seconds, Stopping threads took: 0.0000576 seconds
2016-05-04T16:54:07.493+0100: 31.724: Total time for which application threads were stopped: 0.0002535 seconds, Stopping threads took: 0.0000474 seconds
2016-05-04T16:54:07.511+0100: 31.741: Total time for which application threads were stopped: 0.0001666 seconds, Stopping threads took: 0.0000482 seconds
2016-05-04T16:54:08.512+0100: 32.743: Total time for which application threads were stopped: 0.0002029 seconds, Stopping threads took: 0.0000521 seconds
2016-05-04T16:54:10.512+0100: 34.743: Total time for which application threads were stopped: 0.0001808 seconds, Stopping threads took: 0.0000553 seconds
2016-05-04T16:54:11.512+0100: 35.743: Total time for which application threads were stopped: 0.0001753 seconds, Stopping threads took: 0.0000545 seconds
2016-05-04T16:54:12.512+0100: 36.743: Total time for which application threads were stopped: 0.0001808 seconds, Stopping threads took: 0.0000545 seconds
2016-05-04T16:54:14.512+0100: 38.743: Total time for which application threads were stopped: 0.0001548 seconds, Stopping threads took: 0.0000513 seconds
2016-05-04T16:54:15.512+0100: 39.743: Total time for which application threads were stopped: 0.0001950 seconds, Stopping threads took: 0.0000569 seconds
2016-05-04T16:54:16.513+0100: 40.743: Total time for which application threads were stopped: 0.0002227 seconds, Stopping threads took: 0.0000869 seconds
2016-05-04T16:54:16.946+0100: 41.177: Total time for which application threads were stopped: 0.0002811 seconds, Stopping threads took: 0.0000576 seconds
2016-05-04T16:54:16.947+0100: 41.177: Total time for which application threads were stopped: 0.0001098 seconds, Stopping threads took: 0.0000268 seconds
{Heap before GC invocations=6 (full 1):
 par new generation   total 109248K, used 108633K [0x00000000e0000000, 0x00000000e8000000, 0x00000000e8000000)
  eden space 87424K, 100% used [0x00000000e0000000, 0x00000000e5560000, 0x00000000e5560000)
  from space 21824K,  97% used [0x00000000e5560000, 0x00000000e6a16508, 0x00000000e6ab0000)
  to   space 21824K,   0% used [0x00000000e6ab0000, 0x00000000e6ab0000, 0x00000000e8000000)
 concurrent mark-sweep generation total 393216K, used 0K [0x00000000e8000000, 0x0000000100000000, 0x0000000100000000)
 Metaspace       used 31696K, capacity 32093K, committed 32508K, reserved 1077248K
  class space    used 3670K, capacity 3791K, committed 3836K, reserved 1048576K
2016-05-04T16:54:16.947+0100: 41.177: [GC (Allocation Failure) 2016-05-04T16:54:16.947+0100: 41.177: [ParNew
Desired survivor size 20112992 bytes, new threshold 8 (max 8)
- age   1:    7921144 bytes,    7921144 total
- age   2:    5520352 bytes,   13441496 total
- age   3:     880760 bytes,   14322256 total
- age   4:       1264 bytes,   14323520 total
- age   5:     253416 bytes,   14576936 total
- age   6:    2485952 bytes,   17062888 total
- age   7:    2591120 bytes,   19654008 total
: 108633K->21824K(109248K), 0.1357364 secs] 108633K->23349K(502464K), 0.1358682 secs] [Times: user=0.25 sys=0.00, real=0.14 secs] 
Heap after GC invocations=7 (full 1):
 par new generation   total 109248K, used 21824K [0x00000000e0000000, 0x00000000e8000000, 0x00000000e8000000)
  eden space 87424K,   0% used [0x00000000e0000000, 0x00000000e0000000, 0x00000000e5560000)
  from space 21824K, 100% used [0x00000000e6ab0000, 0x00000000e8000000, 0x00000000e8000000)
  to   space 21824K,   0% used [0x00000000e5560000, 0x00000000e5560000, 0x00000000e6ab0000)
 concurrent mark-sweep generation total 393216K, used 1525K [0x00000000e8000000, 0x0000000100000000, 0x0000000100000000)
 Metaspace       used 31696K, capacity 32093K, committed 32508K, reserved 1077248K
  class space    used 3670K, capacity 3791K, committed 3836K, reserved 1048576K
}
2016-05-04T16:54:17.083+0100: 41.313: Total time for which application threads were stopped: 0.1362307 seconds, Stopping threads took: 0.0000268 seconds
2016-05-04T16:54:17.240+0100: 41.470: Total time for which application threads were stopped: 0.0002511 seconds, Stopping threads took: 0.0000608 seconds
2016-05-04T16:54:17.240+0100: 41.471: Total time for which application threads were stopped: 0.0001082 seconds, Stopping threads took: 0.0000308 seconds
2016-05-04T16:54:17.243+0100: 41.473: Total time for which application threads were stopped: 0.0002574 seconds, Stopping threads took: 0.0000592 seconds
2016-05-04T16:54:17.243+0100: 41.474: Total time for which application threads were stopped: 0.0001556 seconds, Stopping threads took: 0.0000332 seconds
2016-05-04T16:54:17.244+0100: 41.474: Total time for which application threads were stopped: 0.0002353 seconds, Stopping threads took: 0.0001145 seconds
2016-05-04T16:54:17.244+0100: 41.474: Total time for which application threads were stopped: 0.0000979 seconds, Stopping threads took: 0.0000292 seconds
2016-05-04T16:54:17.244+0100: 41.474: Total time for which application threads were stopped: 0.0000955 seconds, Stopping threads took: 0.0000300 seconds
2016-05-04T16:54:17.244+0100: 41.475: Total time for which application threads were stopped: 0.0000948 seconds, Stopping threads took: 0.0000308 seconds
2016-05-04T16:54:17.247+0100: 41.478: Total time for which application threads were stopped: 0.0001808 seconds, Stopping threads took: 0.0000490 seconds
2016-05-04T16:54:17.248+0100: 41.479: Total time for which application threads were stopped: 0.0002172 seconds, Stopping threads took: 0.0000355 seconds
2016-05-04T16:54:17.249+0100: 41.479: Total time for which application threads were stopped: 0.0001745 seconds, Stopping threads took: 0.0000379 seconds
2016-05-04T16:54:17.249+0100: 41.479: Total time for which application threads were stopped: 0.0000963 seconds, Stopping threads took: 0.0000300 seconds
2016-05-04T16:54:17.249+0100: 41.479: Total time for which application threads were stopped: 0.0000924 seconds, Stopping threads took: 0.0000284 seconds
2016-05-04T16:54:17.249+0100: 41.479: Total time for which application threads were stopped: 0.0000916 seconds, Stopping threads took: 0.0000276 seconds
2016-05-04T16:54:17.249+0100: 41.480: Total time for which application threads were stopped: 0.0000908 seconds, Stopping threads took: 0.0000284 seconds
2016-05-04T16:54:17.249+0100: 41.480: Total time for which application threads were stopped: 0.0000916 seconds, Stopping threads took: 0.0000284 seconds
2016-05-04T16:54:17.250+0100: 41.480: Total time for which application threads were stopped: 0.0000940 seconds, Stopping threads took: 0.0000292 seconds
2016-05-04T16:54:17.250+0100: 41.480: Total time for which application threads were stopped: 0.0002795 seconds, Stopping threads took: 0.0002061 seconds
2016-05-04T16:54:17.273+0100: 41.503: Total time for which application threads were stopped: 0.0001698 seconds, Stopping threads took: 0.0000497 seconds
2016-05-04T16:54:17.282+0100: 41.512: Total time for which application threads were stopped: 0.0001706 seconds, Stopping threads took: 0.0000545 seconds
2016-05-04T16:54:17.282+0100: 41.513: Total time for which application threads were stopped: 0.0001105 seconds, Stopping threads took: 0.0000347 seconds
2016-05-04T16:54:17.283+0100: 41.513: Total time for which application threads were stopped: 0.0003561 seconds, Stopping threads took: 0.0000284 seconds
2016-05-04T16:54:17.374+0100: 41.604: Total time for which application threads were stopped: 0.0007162 seconds, Stopping threads took: 0.0000497 seconds
2016-05-04T16:54:17.395+0100: 41.625: Total time for which application threads were stopped: 0.0001769 seconds, Stopping threads took: 0.0000474 seconds
2016-05-04T16:54:17.395+0100: 41.626: Total time for which application threads were stopped: 0.0000987 seconds, Stopping threads took: 0.0000268 seconds
2016-05-04T16:54:17.396+0100: 41.626: Total time for which application threads were stopped: 0.0000955 seconds, Stopping threads took: 0.0000245 seconds
2016-05-04T16:54:17.410+0100: 41.641: Total time for which application threads were stopped: 0.0001571 seconds, Stopping threads took: 0.0000505 seconds
2016-05-04T16:54:17.410+0100: 41.641: Total time for which application threads were stopped: 0.0000845 seconds, Stopping threads took: 0.0000237 seconds
2016-05-04T16:54:18.412+0100: 42.642: Total time for which application threads were stopped: 0.0001982 seconds, Stopping threads took: 0.0000497 seconds
2016-05-04T16:54:19.423+0100: 43.654: Total time for which application threads were stopped: 0.0001753 seconds, Stopping threads took: 0.0000466 seconds
2016-05-04T16:54:20.436+0100: 44.666: Total time for which application threads were stopped: 0.0001682 seconds, Stopping threads took: 0.0000600 seconds
2016-05-04T16:54:21.451+0100: 45.681: Total time for which application threads were stopped: 0.0001674 seconds, Stopping threads took: 0.0000529 seconds
2016-05-04T16:54:23.451+0100: 47.681: Total time for which application threads were stopped: 0.0001840 seconds, Stopping threads took: 0.0000640 seconds
2016-05-04T16:54:25.451+0100: 49.682: Total time for which application threads were stopped: 0.0001761 seconds, Stopping threads took: 0.0000553 seconds
2016-05-04T16:54:27.451+0100: 51.682: Total time for which application threads were stopped: 0.0001769 seconds, Stopping threads took: 0.0000521 seconds
2016-05-04T16:54:28.451+0100: 52.682: Total time for which application threads were stopped: 0.0001856 seconds, Stopping threads took: 0.0000584 seconds
2016-05-04T16:54:30.451+0100: 54.682: Total time for which application threads were stopped: 0.0001935 seconds, Stopping threads took: 0.0000474 seconds
2016-05-04T16:54:32.352+0100: 56.584: Total time for which application threads were stopped: 0.0001958 seconds, Stopping threads took: 0.0000513 seconds
2016-05-04T16:54:32.358+0100: 56.589: Total time for which application threads were stopped: 0.0001627 seconds, Stopping threads took: 0.0000474 seconds
2016-05-04T16:54:32.358+0100: 56.590: Total time for which application threads were stopped: 0.0000861 seconds, Stopping threads took: 0.0000221 seconds
2016-05-04T16:54:34.360+0100: 58.590: Total time for which application threads were stopped: 0.0004501 seconds, Stopping threads took: 0.0002780 seconds
{Heap before GC invocations=7 (full 1):
 par new generation   total 109248K, used 109248K [0x00000000e0000000, 0x00000000e8000000, 0x00000000e8000000)
  eden space 87424K, 100% used [0x00000000e0000000, 0x00000000e5560000, 0x00000000e5560000)
  from space 21824K, 100% used [0x00000000e6ab0000, 0x00000000e8000000, 0x00000000e8000000)
  to   space 21824K,   0% used [0x00000000e5560000, 0x00000000e5560000, 0x00000000e6ab0000)
 concurrent mark-sweep generation total 393216K, used 1525K [0x00000000e8000000, 0x0000000100000000, 0x0000000100000000)
 Metaspace       used 32274K, capacity 32717K, committed 32892K, reserved 1079296K
  class space    used 3727K, capacity 3911K, committed 3964K, reserved 1048576K
2016-05-04T16:54:34.728+0100: 58.958: [GC (Allocation Failure) 2016-05-04T16:54:34.728+0100: 58.958: [ParNew
Desired survivor size 20112992 bytes, new threshold 8 (max 8)
- age   1:     549896 bytes,     549896 total
- age   2:    7025336 bytes,    7575232 total
- age   3:    5515960 bytes,   13091192 total
- age   4:     880760 bytes,   13971952 total
- age   5:       1264 bytes,   13973216 total
- age   6:     251864 bytes,   14225080 total
- age   7:    2483608 bytes,   16708688 total
- age   8:    2591056 bytes,   19299744 total
: 109248K->21824K(109248K), 0.3350469 secs] 110773K->23452K(502464K), 0.3352174 secs] [Times: user=0.41 sys=0.00, real=0.34 secs] 
Heap after GC invocations=8 (full 1):
 par new generation   total 109248K, used 21824K [0x00000000e0000000, 0x00000000e8000000, 0x00000000e8000000)
  eden space 87424K,   0% used [0x00000000e0000000, 0x00000000e0000000, 0x00000000e5560000)
  from space 21824K, 100% used [0x00000000e5560000, 0x00000000e6ab0000, 0x00000000e6ab0000)
  to   space 21824K,   0% used [0x00000000e6ab0000, 0x00000000e6ab0000, 0x00000000e8000000)
 concurrent mark-sweep generation total 393216K, used 1628K [0x00000000e8000000, 0x0000000100000000, 0x0000000100000000)
 Metaspace       used 32274K, capacity 32717K, committed 32892K, reserved 1079296K
  class space    used 3727K, capacity 3911K, committed 3964K, reserved 1048576K
}
2016-05-04T16:54:35.063+0100: 59.293: Total time for which application threads were stopped: 0.3357417 seconds, Stopping threads took: 0.0000513 seconds
2016-05-04T16:54:35.095+0100: 59.325: Total time for which application threads were stopped: 0.0004193 seconds, Stopping threads took: 0.0002819 seconds
2016-05-04T16:54:35.095+0100: 59.326: Total time for which application threads were stopped: 0.0000955 seconds, Stopping threads took: 0.0000284 seconds
2016-05-04T16:54:35.095+0100: 59.326: Total time for which application threads were stopped: 0.0001050 seconds, Stopping threads took: 0.0000268 seconds
2016-05-04T16:54:35.096+0100: 59.326: Total time for which application threads were stopped: 0.0000940 seconds, Stopping threads took: 0.0000268 seconds
2016-05-04T16:54:35.096+0100: 59.326: Total time for which application threads were stopped: 0.0000924 seconds, Stopping threads took: 0.0000261 seconds
2016-05-04T16:54:35.096+0100: 59.326: Total time for which application threads were stopped: 0.0000924 seconds, Stopping threads took: 0.0000261 seconds
2016-05-04T16:54:35.096+0100: 59.326: Total time for which application threads were stopped: 0.0000916 seconds, Stopping threads took: 0.0000261 seconds
2016-05-04T16:54:35.096+0100: 59.327: Total time for which application threads were stopped: 0.0001690 seconds, Stopping threads took: 0.0000261 seconds
2016-05-04T16:54:35.097+0100: 59.327: Total time for which application threads were stopped: 0.0001943 seconds, Stopping threads took: 0.0000253 seconds
2016-05-04T16:54:35.097+0100: 59.327: Total time for which application threads were stopped: 0.0001619 seconds, Stopping threads took: 0.0000261 seconds
2016-05-04T16:54:35.097+0100: 59.327: Total time for which application threads were stopped: 0.0001619 seconds, Stopping threads took: 0.0000261 seconds
2016-05-04T16:54:35.097+0100: 59.327: Total time for which application threads were stopped: 0.0001603 seconds, Stopping threads took: 0.0000253 seconds
2016-05-04T16:54:35.097+0100: 59.328: Total time for which application threads were stopped: 0.0001595 seconds, Stopping threads took: 0.0000261 seconds
2016-05-04T16:54:35.098+0100: 59.328: Total time for which application threads were stopped: 0.0000924 seconds, Stopping threads took: 0.0000253 seconds
2016-05-04T16:54:35.098+0100: 59.328: Total time for which application threads were stopped: 0.0000900 seconds, Stopping threads took: 0.0000253 seconds
2016-05-04T16:54:35.098+0100: 59.328: Total time for which application threads were stopped: 0.0000892 seconds, Stopping threads took: 0.0000253 seconds
2016-05-04T16:54:35.098+0100: 59.328: Total time for which application threads were stopped: 0.0000908 seconds, Stopping threads took: 0.0000261 seconds
2016-05-04T16:54:35.098+0100: 59.328: Total time for which application threads were stopped: 0.0000908 seconds, Stopping threads took: 0.0000253 seconds
2016-05-04T16:54:35.099+0100: 59.329: Total time for which application threads were stopped: 0.0004904 seconds, Stopping threads took: 0.0000261 seconds
2016-05-04T16:54:36.099+0100: 60.329: Total time for which application threads were stopped: 0.0002558 seconds, Stopping threads took: 0.0000537 seconds
2016-05-04T16:54:37.099+0100: 61.329: Total time for which application threads were stopped: 0.0001682 seconds, Stopping threads took: 0.0000513 seconds
2016-05-04T16:54:39.100+0100: 63.331: Total time for which application threads were stopped: 0.0002306 seconds, Stopping threads took: 0.0000561 seconds
2016-05-04T16:54:42.100+0100: 66.330: Total time for which application threads were stopped: 0.0001706 seconds, Stopping threads took: 0.0000490 seconds
2016-05-04T16:54:44.100+0100: 68.331: Total time for which application threads were stopped: 0.0001785 seconds, Stopping threads took: 0.0000569 seconds
2016-05-04T16:54:47.100+0100: 71.331: Total time for which application threads were stopped: 0.0001611 seconds, Stopping threads took: 0.0000497 seconds
2016-05-04T16:54:55.101+0100: 79.331: Total time for which application threads were stopped: 0.0001571 seconds, Stopping threads took: 0.0000490 seconds
2016-05-04T16:54:57.101+0100: 81.331: Total time for which application threads were stopped: 0.0001635 seconds, Stopping threads took: 0.0000474 seconds
2016-05-04T16:54:59.101+0100: 83.331: Total time for which application threads were stopped: 0.0001714 seconds, Stopping threads took: 0.0000458 seconds
2016-05-04T16:55:56.106+0100: 140.340: Total time for which application threads were stopped: 0.0001714 seconds, Stopping threads took: 0.0000537 seconds
2016-05-04T16:55:57.293+0100: 141.527: Total time for which application threads were stopped: 0.0001698 seconds, Stopping threads took: 0.0000474 seconds
2016-05-04T16:55:57.294+0100: 141.528: Total time for which application threads were stopped: 0.0000955 seconds, Stopping threads took: 0.0000229 seconds
2016-05-04T16:55:57.294+0100: 141.528: Total time for which application threads were stopped: 0.0000845 seconds, Stopping threads took: 0.0000213 seconds
2016-05-04T16:55:57.296+0100: 141.530: Total time for which application threads were stopped: 0.0001635 seconds, Stopping threads took: 0.0000497 seconds
2016-05-04T16:55:57.296+0100: 141.530: Total time for which application threads were stopped: 0.0001382 seconds, Stopping threads took: 0.0000458 seconds
2016-05-04T16:55:57.310+0100: 141.544: Total time for which application threads were stopped: 0.0008828 seconds, Stopping threads took: 0.0000474 seconds
2016-05-04T16:55:57.320+0100: 141.554: Total time for which application threads were stopped: 0.0002014 seconds, Stopping threads took: 0.0000569 seconds
2016-05-04T16:55:57.320+0100: 141.555: Total time for which application threads were stopped: 0.0001524 seconds, Stopping threads took: 0.0000190 seconds
2016-05-04T16:55:57.321+0100: 141.555: Total time for which application threads were stopped: 0.0001034 seconds, Stopping threads took: 0.0000205 seconds
2016-05-04T16:55:57.418+0100: 141.652: Total time for which application threads were stopped: 0.0001579 seconds, Stopping threads took: 0.0000411 seconds
2016-05-04T16:55:57.419+0100: 141.653: Total time for which application threads were stopped: 0.0000995 seconds, Stopping threads took: 0.0000284 seconds
2016-05-04T16:55:57.419+0100: 141.653: Total time for which application threads were stopped: 0.0000884 seconds, Stopping threads took: 0.0000205 seconds
2016-05-04T16:55:57.419+0100: 141.653: Total time for which application threads were stopped: 0.0000853 seconds, Stopping threads took: 0.0000197 seconds
2016-05-04T16:55:57.419+0100: 141.653: Total time for which application threads were stopped: 0.0000837 seconds, Stopping threads took: 0.0000190 seconds
2016-05-04T16:55:57.420+0100: 141.654: Total time for which application threads were stopped: 0.0000916 seconds, Stopping threads took: 0.0000197 seconds
2016-05-04T16:55:57.420+0100: 141.654: Total time for which application threads were stopped: 0.0000861 seconds, Stopping threads took: 0.0000197 seconds
2016-05-04T16:55:57.420+0100: 141.654: Total time for which application threads were stopped: 0.0000837 seconds, Stopping threads took: 0.0000197 seconds
2016-05-04T16:55:57.420+0100: 141.654: Total time for which application threads were stopped: 0.0000829 seconds, Stopping threads took: 0.0000197 seconds
2016-05-04T16:55:57.490+0100: 141.724: Total time for which application threads were stopped: 0.0002369 seconds, Stopping threads took: 0.0000561 seconds
2016-05-04T16:55:57.491+0100: 141.725: Total time for which application threads were stopped: 0.0001287 seconds, Stopping threads took: 0.0000505 seconds
2016-05-04T16:55:57.491+0100: 141.725: Total time for which application threads were stopped: 0.0001042 seconds, Stopping threads took: 0.0000395 seconds
2016-05-04T16:55:57.492+0100: 141.726: Total time for which application threads were stopped: 0.0001184 seconds, Stopping threads took: 0.0000387 seconds
2016-05-04T16:55:57.493+0100: 141.727: Total time for which application threads were stopped: 0.0001508 seconds, Stopping threads took: 0.0000545 seconds
2016-05-04T16:55:57.499+0100: 141.733: Total time for which application threads were stopped: 0.0001966 seconds, Stopping threads took: 0.0000703 seconds
2016-05-04T16:55:57.525+0100: 141.759: Total time for which application threads were stopped: 0.0002211 seconds, Stopping threads took: 0.0000411 seconds
2016-05-04T16:55:57.525+0100: 141.759: Total time for which application threads were stopped: 0.0000971 seconds, Stopping threads took: 0.0000229 seconds
2016-05-04T16:55:57.527+0100: 141.762: Total time for which application threads were stopped: 0.0001943 seconds, Stopping threads took: 0.0000537 seconds
2016-05-04T16:55:57.529+0100: 141.763: Total time for which application threads were stopped: 0.0001429 seconds, Stopping threads took: 0.0000387 seconds
2016-05-04T16:55:57.546+0100: 141.780: Total time for which application threads were stopped: 0.0001563 seconds, Stopping threads took: 0.0000395 seconds
2016-05-04T16:55:57.546+0100: 141.780: Total time for which application threads were stopped: 0.0001950 seconds, Stopping threads took: 0.0000197 seconds
2016-05-04T16:55:57.563+0100: 141.797: Total time for which application threads were stopped: 0.0002100 seconds, Stopping threads took: 0.0000569 seconds
2016-05-04T16:55:57.573+0100: 141.807: Total time for which application threads were stopped: 0.0002424 seconds, Stopping threads took: 0.0000671 seconds
2016-05-04T16:55:57.575+0100: 141.809: Total time for which application threads were stopped: 0.0001658 seconds, Stopping threads took: 0.0000497 seconds
2016-05-04T16:55:57.601+0100: 141.835: Total time for which application threads were stopped: 0.0011126 seconds, Stopping threads took: 0.0009602 seconds
2016-05-04T16:55:57.606+0100: 141.840: Total time for which application threads were stopped: 0.0001745 seconds, Stopping threads took: 0.0000545 seconds
2016-05-04T16:55:57.675+0100: 141.909: Total time for which application threads were stopped: 0.0002045 seconds, Stopping threads took: 0.0000505 seconds
2016-05-04T16:55:57.675+0100: 141.909: Total time for which application threads were stopped: 0.0002527 seconds, Stopping threads took: 0.0000261 seconds
2016-05-04T16:55:57.713+0100: 141.947: Total time for which application threads were stopped: 0.0001895 seconds, Stopping threads took: 0.0000513 seconds
2016-05-04T16:55:57.902+0100: 142.136: Total time for which application threads were stopped: 0.0006515 seconds, Stopping threads took: 0.0004280 seconds
2016-05-04T16:55:58.780+0100: 143.014: Total time for which application threads were stopped: 0.0002685 seconds, Stopping threads took: 0.0000466 seconds
2016-05-04T16:55:58.781+0100: 143.015: Total time for which application threads were stopped: 0.0001358 seconds, Stopping threads took: 0.0000347 seconds
2016-05-04T16:55:58.781+0100: 143.015: Total time for which application threads were stopped: 0.0001011 seconds, Stopping threads took: 0.0000308 seconds
2016-05-04T16:55:58.781+0100: 143.015: Total time for which application threads were stopped: 0.0000971 seconds, Stopping threads took: 0.0000300 seconds
2016-05-04T16:55:58.793+0100: 143.027: Total time for which application threads were stopped: 0.0001832 seconds, Stopping threads took: 0.0000553 seconds
2016-05-04T16:55:58.803+0100: 143.037: Total time for which application threads were stopped: 0.0001840 seconds, Stopping threads took: 0.0000513 seconds
{Heap before GC invocations=8 (full 1):
 par new generation   total 109248K, used 109248K [0x00000000e0000000, 0x00000000e8000000, 0x00000000e8000000)
  eden space 87424K, 100% used [0x00000000e0000000, 0x00000000e5560000, 0x00000000e5560000)
  from space 21824K, 100% used [0x00000000e5560000, 0x00000000e6ab0000, 0x00000000e6ab0000)
  to   space 21824K,   0% used [0x00000000e6ab0000, 0x00000000e6ab0000, 0x00000000e8000000)
 concurrent mark-sweep generation total 393216K, used 1628K [0x00000000e8000000, 0x0000000100000000, 0x0000000100000000)
 Metaspace       used 34090K, capacity 34541K, committed 34812K, reserved 1079296K
  class space    used 3890K, capacity 4071K, committed 4092K, reserved 1048576K
2016-05-04T16:55:58.966+0100: 143.200: [GC (Allocation Failure) 2016-05-04T16:55:58.966+0100: 143.200: [ParNew
Desired survivor size 20112992 bytes, new threshold 8 (max 8)
- age   1:    3839312 bytes,    3839312 total
- age   2:      78032 bytes,    3917344 total
- age   3:    5470224 bytes,    9387568 total
- age   4:    5500712 bytes,   14888280 total
- age   5:     880528 bytes,   15768808 total
- age   6:       1264 bytes,   15770072 total
- age   7:     251704 bytes,   16021776 total
- age   8:    2480560 bytes,   18502336 total
: 109248K->21824K(109248K), 0.1162820 secs] 110876K->28594K(502464K), 0.1181029 secs] [Times: user=0.22 sys=0.00, real=0.12 secs] 
Heap after GC invocations=9 (full 1):
 par new generation   total 109248K, used 21824K [0x00000000e0000000, 0x00000000e8000000, 0x00000000e8000000)
  eden space 87424K,   0% used [0x00000000e0000000, 0x00000000e0000000, 0x00000000e5560000)
  from space 21824K, 100% used [0x00000000e6ab0000, 0x00000000e8000000, 0x00000000e8000000)
  to   space 21824K,   0% used [0x00000000e5560000, 0x00000000e5560000, 0x00000000e6ab0000)
 concurrent mark-sweep generation total 393216K, used 6770K [0x00000000e8000000, 0x0000000100000000, 0x0000000100000000)
 Metaspace       used 34090K, capacity 34541K, committed 34812K, reserved 1079296K
  class space    used 3890K, capacity 4071K, committed 4092K, reserved 1048576K
}
2016-05-04T16:55:59.084+0100: 143.318: Total time for which application threads were stopped: 0.1187014 seconds, Stopping threads took: 0.0000545 seconds
2016-05-04T16:55:59.158+0100: 143.393: Total time for which application threads were stopped: 0.0002014 seconds, Stopping threads took: 0.0000474 seconds
2016-05-04T16:55:59.191+0100: 143.426: Total time for which application threads were stopped: 0.0002274 seconds, Stopping threads took: 0.0000537 seconds
2016-05-04T16:55:59.195+0100: 143.429: Total time for which application threads were stopped: 0.0002077 seconds, Stopping threads took: 0.0000545 seconds
2016-05-04T16:55:59.390+0100: 143.624: Total time for which application threads were stopped: 0.0002045 seconds, Stopping threads took: 0.0000790 seconds
2016-05-04T16:55:59.390+0100: 143.624: Total time for which application threads were stopped: 0.0001137 seconds, Stopping threads took: 0.0000347 seconds
2016-05-04T16:55:59.392+0100: 143.626: Total time for which application threads were stopped: 0.0001714 seconds, Stopping threads took: 0.0000490 seconds
2016-05-04T16:55:59.394+0100: 143.628: Total time for which application threads were stopped: 0.0001390 seconds, Stopping threads took: 0.0000411 seconds
2016-05-04T16:55:59.397+0100: 143.631: Total time for which application threads were stopped: 0.0001666 seconds, Stopping threads took: 0.0000450 seconds
2016-05-04T16:55:59.424+0100: 143.658: Total time for which application threads were stopped: 0.0001966 seconds, Stopping threads took: 0.0000450 seconds
2016-05-04T16:55:59.432+0100: 143.667: Total time for which application threads were stopped: 0.0002243 seconds, Stopping threads took: 0.0000553 seconds
2016-05-04T16:55:59.433+0100: 143.667: Total time for which application threads were stopped: 0.0000963 seconds, Stopping threads took: 0.0000284 seconds
2016-05-04T16:55:59.433+0100: 143.667: Total time for which application threads were stopped: 0.0000940 seconds, Stopping threads took: 0.0000276 seconds
2016-05-04T16:55:59.433+0100: 143.667: Total time for which application threads were stopped: 0.0000932 seconds, Stopping threads took: 0.0000276 seconds
2016-05-04T16:55:59.434+0100: 143.668: Total time for which application threads were stopped: 0.0001082 seconds, Stopping threads took: 0.0000332 seconds
2016-05-04T16:55:59.434+0100: 143.668: Total time for which application threads were stopped: 0.0000932 seconds, Stopping threads took: 0.0000276 seconds
2016-05-04T16:55:59.434+0100: 143.668: Total time for which application threads were stopped: 0.0000924 seconds, Stopping threads took: 0.0000276 seconds
2016-05-04T16:56:00.434+0100: 144.668: Total time for which application threads were stopped: 0.0001658 seconds, Stopping threads took: 0.0000497 seconds
2016-05-04T16:56:14.101+0100: 158.335: Total time for which application threads were stopped: 0.0001879 seconds, Stopping threads took: 0.0000466 seconds
2016-05-04T16:56:14.113+0100: 158.347: Total time for which application threads were stopped: 0.0002211 seconds, Stopping threads took: 0.0000505 seconds
2016-05-04T16:56:14.113+0100: 158.347: Total time for which application threads were stopped: 0.0000979 seconds, Stopping threads took: 0.0000261 seconds
2016-05-04T16:56:14.114+0100: 158.348: Total time for which application threads were stopped: 0.0001066 seconds, Stopping threads took: 0.0000292 seconds
2016-05-04T16:56:14.132+0100: 158.366: Total time for which application threads were stopped: 0.0009034 seconds, Stopping threads took: 0.0000521 seconds
2016-05-04T16:56:14.158+0100: 158.392: Total time for which application threads were stopped: 0.0009247 seconds, Stopping threads took: 0.0000529 seconds
2016-05-04T16:56:14.328+0100: 158.562: Total time for which application threads were stopped: 0.0003388 seconds, Stopping threads took: 0.0001492 seconds
2016-05-04T16:56:15.347+0100: 159.581: Total time for which application threads were stopped: 0.0001871 seconds, Stopping threads took: 0.0000505 seconds
2016-05-04T16:56:17.008+0100: 161.242: Total time for which application threads were stopped: 0.0002669 seconds, Stopping threads took: 0.0000482 seconds
2016-05-04T16:56:17.023+0100: 161.257: Total time for which application threads were stopped: 0.0001864 seconds, Stopping threads took: 0.0000537 seconds
2016-05-04T16:56:17.023+0100: 161.257: Total time for which application threads were stopped: 0.0001058 seconds, Stopping threads took: 0.0000371 seconds
2016-05-04T16:56:17.025+0100: 161.259: Total time for which application threads were stopped: 0.0001516 seconds, Stopping threads took: 0.0000497 seconds
2016-05-04T16:56:18.025+0100: 162.259: Total time for which application threads were stopped: 0.0002408 seconds, Stopping threads took: 0.0000537 seconds
2016-05-04T16:57:22.674+0100: 226.918: Total time for which application threads were stopped: 0.0002069 seconds, Stopping threads took: 0.0000569 seconds
2016-05-04T16:57:22.675+0100: 226.919: Total time for which application threads were stopped: 0.0001485 seconds, Stopping threads took: 0.0000403 seconds
2016-05-04T16:57:23.675+0100: 227.919: Total time for which application threads were stopped: 0.0001856 seconds, Stopping threads took: 0.0000490 seconds
2016-05-04T16:57:33.677+0100: 237.920: Total time for which application threads were stopped: 0.0001871 seconds, Stopping threads took: 0.0000648 seconds
2016-05-04T16:57:34.384+0100: 238.628: Total time for which application threads were stopped: 0.0001548 seconds, Stopping threads took: 0.0000411 seconds
2016-05-04T16:57:34.385+0100: 238.628: Total time for which application threads were stopped: 0.0000916 seconds, Stopping threads took: 0.0000213 seconds
2016-05-04T16:57:34.386+0100: 238.630: Total time for which application threads were stopped: 0.0001658 seconds, Stopping threads took: 0.0000434 seconds
2016-05-04T16:57:34.819+0100: 239.062: Total time for which application threads were stopped: 0.0005006 seconds, Stopping threads took: 0.0000640 seconds
2016-05-04T16:57:34.819+0100: 239.063: Total time for which application threads were stopped: 0.0001295 seconds, Stopping threads took: 0.0000458 seconds
2016-05-04T16:57:35.367+0100: 239.611: Total time for which application threads were stopped: 0.0002574 seconds, Stopping threads took: 0.0000703 seconds
2016-05-04T16:57:35.369+0100: 239.612: Total time for which application threads were stopped: 0.0001808 seconds, Stopping threads took: 0.0000679 seconds
2016-05-04T16:57:36.369+0100: 240.612: Total time for which application threads were stopped: 0.0001800 seconds, Stopping threads took: 0.0000529 seconds
2016-05-04T16:57:37.369+0100: 241.612: Total time for which application threads were stopped: 0.0001714 seconds, Stopping threads took: 0.0000521 seconds
{Heap before GC invocations=9 (full 1):
 par new generation   total 109248K, used 109248K [0x00000000e0000000, 0x00000000e8000000, 0x00000000e8000000)
  eden space 87424K, 100% used [0x00000000e0000000, 0x00000000e5560000, 0x00000000e5560000)
  from space 21824K, 100% used [0x00000000e6ab0000, 0x00000000e8000000, 0x00000000e8000000)
  to   space 21824K,   0% used [0x00000000e5560000, 0x00000000e5560000, 0x00000000e6ab0000)
 concurrent mark-sweep generation total 393216K, used 6770K [0x00000000e8000000, 0x0000000100000000, 0x0000000100000000)
 Metaspace       used 34984K, capacity 35469K, committed 35708K, reserved 1081344K
  class space    used 3988K, capacity 4167K, committed 4220K, reserved 1048576K
2016-05-04T16:57:38.514+0100: 242.758: [GC (Allocation Failure) 2016-05-04T16:57:38.514+0100: 242.758: [ParNew
Desired survivor size 20112992 bytes, new threshold 8 (max 8)
- age   1:    1569008 bytes,    1569008 total
- age   2:    2935824 bytes,    4504832 total
- age   3:      76208 bytes,    4581040 total
- age   4:    5470128 bytes,   10051168 total
- age   5:    5440552 bytes,   15491720 total
- age   6:     880168 bytes,   16371888 total
- age   7:       1264 bytes,   16373152 total
- age   8:     251048 bytes,   16624200 total
: 109248K->21824K(109248K), 0.1026393 secs] 116018K->31065K(502464K), 0.1027625 secs] [Times: user=0.16 sys=0.00, real=0.10 secs] 
Heap after GC invocations=10 (full 1):
 par new generation   total 109248K, used 21824K [0x00000000e0000000, 0x00000000e8000000, 0x00000000e8000000)
  eden space 87424K,   0% used [0x00000000e0000000, 0x00000000e0000000, 0x00000000e5560000)
  from space 21824K, 100% used [0x00000000e5560000, 0x00000000e6ab0000, 0x00000000e6ab0000)
  to   space 21824K,   0% used [0x00000000e6ab0000, 0x00000000e6ab0000, 0x00000000e8000000)
 concurrent mark-sweep generation total 393216K, used 9241K [0x00000000e8000000, 0x0000000100000000, 0x0000000100000000)
 Metaspace       used 34984K, capacity 35469K, committed 35708K, reserved 1081344K
  class space    used 3988K, capacity 4167K, committed 4220K, reserved 1048576K
}
2016-05-04T16:57:38.617+0100: 242.861: Total time for which application threads were stopped: 0.1032639 seconds, Stopping threads took: 0.0000569 seconds
2016-05-04T16:57:41.617+0100: 245.861: Total time for which application threads were stopped: 0.0001840 seconds, Stopping threads took: 0.0000553 seconds
2016-05-04T16:57:42.617+0100: 246.861: Total time for which application threads were stopped: 0.0001642 seconds, Stopping threads took: 0.0000521 seconds
2016-05-04T16:57:43.617+0100: 247.861: Total time for which application threads were stopped: 0.0001721 seconds, Stopping threads took: 0.0000505 seconds
2016-05-04T16:57:46.618+0100: 250.861: Total time for which application threads were stopped: 0.0002290 seconds, Stopping threads took: 0.0000529 seconds
2016-05-04T16:57:47.618+0100: 251.861: Total time for which application threads were stopped: 0.0001824 seconds, Stopping threads took: 0.0000545 seconds
2016-05-04T16:57:49.618+0100: 253.861: Total time for which application threads were stopped: 0.0001706 seconds, Stopping threads took: 0.0000505 seconds
2016-05-04T16:57:50.619+0100: 254.863: Total time for which application threads were stopped: 0.0009341 seconds, Stopping threads took: 0.0007817 seconds
2016-05-04T16:57:51.619+0100: 255.862: Total time for which application threads were stopped: 0.0001642 seconds, Stopping threads took: 0.0000497 seconds
2016-05-04T16:57:52.619+0100: 256.862: Total time for which application threads were stopped: 0.0001714 seconds, Stopping threads took: 0.0000497 seconds
2016-05-04T16:57:54.619+0100: 258.862: Total time for which application threads were stopped: 0.0001706 seconds, Stopping threads took: 0.0000497 seconds
2016-05-04T16:57:55.619+0100: 259.863: Total time for which application threads were stopped: 0.0002756 seconds, Stopping threads took: 0.0000497 seconds
2016-05-04T16:57:56.619+0100: 260.863: Total time for which application threads were stopped: 0.0002156 seconds, Stopping threads took: 0.0000497 seconds
2016-05-04T16:57:58.619+0100: 262.863: Total time for which application threads were stopped: 0.0001595 seconds, Stopping threads took: 0.0000466 seconds
2016-05-04T16:58:01.619+0100: 265.864: Total time for which application threads were stopped: 0.0001682 seconds, Stopping threads took: 0.0000505 seconds
{Heap before GC invocations=10 (full 1):
 par new generation   total 109248K, used 109248K [0x00000000e0000000, 0x00000000e8000000, 0x00000000e8000000)
  eden space 87424K, 100% used [0x00000000e0000000, 0x00000000e5560000, 0x00000000e5560000)
  from space 21824K, 100% used [0x00000000e5560000, 0x00000000e6ab0000, 0x00000000e6ab0000)
  to   space 21824K,   0% used [0x00000000e6ab0000, 0x00000000e6ab0000, 0x00000000e8000000)
 concurrent mark-sweep generation total 393216K, used 9241K [0x00000000e8000000, 0x0000000100000000, 0x0000000100000000)
 Metaspace       used 35082K, capacity 35597K, committed 35964K, reserved 1081344K
  class space    used 3989K, capacity 4167K, committed 4220K, reserved 1048576K
2016-05-04T16:58:02.352+0100: 266.597: [GC (Allocation Failure) 2016-05-04T16:58:02.352+0100: 266.597: [ParNew
Desired survivor size 20112992 bytes, new threshold 8 (max 8)
- age   1:     456528 bytes,     456528 total
- age   2:     257200 bytes,     713728 total
- age   3:    2935176 bytes,    3648904 total
- age   4:      76208 bytes,    3725112 total
- age   5:    5470080 bytes,    9195192 total
- age   6:    5439784 bytes,   14634976 total
- age   7:     880048 bytes,   15515024 total
- age   8:       1264 bytes,   15516288 total
: 109248K->20085K(109248K), 0.0707930 secs] 118489K->29577K(502464K), 0.0709636 secs] [Times: user=0.11 sys=0.00, real=0.07 secs] 
Heap after GC invocations=11 (full 1):
 par new generation   total 109248K, used 20085K [0x00000000e0000000, 0x00000000e8000000, 0x00000000e8000000)
  eden space 87424K,   0% used [0x00000000e0000000, 0x00000000e0000000, 0x00000000e5560000)
  from space 21824K,  92% used [0x00000000e6ab0000, 0x00000000e7e4d760, 0x00000000e8000000)
  to   space 21824K,   0% used [0x00000000e5560000, 0x00000000e5560000, 0x00000000e6ab0000)
 concurrent mark-sweep generation total 393216K, used 9492K [0x00000000e8000000, 0x0000000100000000, 0x0000000100000000)
 Metaspace       used 35082K, capacity 35597K, committed 35964K, reserved 1081344K
  class space    used 3989K, capacity 4167K, committed 4220K, reserved 1048576K
}
2016-05-04T16:58:02.423+0100: 266.669: Total time for which application threads were stopped: 0.0713939 seconds, Stopping threads took: 0.0000553 seconds
2016-05-04T16:58:03.423+0100: 267.668: Total time for which application threads were stopped: 0.0002021 seconds, Stopping threads took: 0.0000474 seconds
2016-05-04T16:58:04.424+0100: 268.668: Total time for which application threads were stopped: 0.0001816 seconds, Stopping threads took: 0.0000466 seconds
2016-05-04T16:58:08.424+0100: 272.668: Total time for which application threads were stopped: 0.0001721 seconds, Stopping threads took: 0.0000490 seconds
2016-05-04T16:58:11.424+0100: 275.668: Total time for which application threads were stopped: 0.0001666 seconds, Stopping threads took: 0.0000513 seconds
2016-05-04T16:58:14.424+0100: 278.669: Total time for which application threads were stopped: 0.0001761 seconds, Stopping threads took: 0.0000505 seconds
2016-05-04T16:58:18.424+0100: 282.669: Total time for which application threads were stopped: 0.0001761 seconds, Stopping threads took: 0.0000553 seconds
2016-05-04T16:58:20.425+0100: 284.670: Total time for which application threads were stopped: 0.0002440 seconds, Stopping threads took: 0.0000537 seconds
2016-05-04T16:58:22.426+0100: 286.670: Total time for which application threads were stopped: 0.0001666 seconds, Stopping threads took: 0.0000497 seconds
2016-05-04T16:58:24.426+0100: 288.670: Total time for which application threads were stopped: 0.0001666 seconds, Stopping threads took: 0.0000482 seconds
2016-05-04T16:58:26.426+0100: 290.670: Total time for which application threads were stopped: 0.0001737 seconds, Stopping threads took: 0.0000521 seconds
2016-05-04T17:00:06.051+0100: 390.312: Total time for which application threads were stopped: 0.0001824 seconds, Stopping threads took: 0.0000442 seconds
2016-05-04T17:00:07.052+0100: 391.312: Total time for which application threads were stopped: 0.0001642 seconds, Stopping threads took: 0.0000497 seconds
2016-05-04T17:00:24.202+0100: 408.462: Total time for which application threads were stopped: 0.0002195 seconds, Stopping threads took: 0.0000490 seconds
2016-05-04T17:00:24.202+0100: 408.462: Total time for which application threads were stopped: 0.0000924 seconds, Stopping threads took: 0.0000284 seconds
2016-05-04T17:00:24.204+0100: 408.464: Total time for which application threads were stopped: 0.0001903 seconds, Stopping threads took: 0.0000284 seconds
2016-05-04T17:00:24.205+0100: 408.465: Total time for which application threads were stopped: 0.0001113 seconds, Stopping threads took: 0.0000268 seconds
2016-05-04T17:00:24.205+0100: 408.466: Total time for which application threads were stopped: 0.0000932 seconds, Stopping threads took: 0.0000221 seconds
2016-05-04T17:00:24.270+0100: 408.531: Total time for which application threads were stopped: 0.0002337 seconds, Stopping threads took: 0.0000616 seconds
2016-05-04T17:00:24.271+0100: 408.531: Total time for which application threads were stopped: 0.0001240 seconds, Stopping threads took: 0.0000466 seconds
2016-05-04T17:00:24.272+0100: 408.532: Total time for which application threads were stopped: 0.0003893 seconds, Stopping threads took: 0.0002835 seconds
2016-05-04T17:00:24.272+0100: 408.533: Total time for which application threads were stopped: 0.0001650 seconds, Stopping threads took: 0.0000853 seconds
2016-05-04T17:00:24.273+0100: 408.533: Total time for which application threads were stopped: 0.0001153 seconds, Stopping threads took: 0.0000434 seconds
2016-05-04T17:00:24.275+0100: 408.535: Total time for which application threads were stopped: 0.0001832 seconds, Stopping threads took: 0.0000482 seconds
2016-05-04T17:00:24.325+0100: 408.586: Total time for which application threads were stopped: 0.0002314 seconds, Stopping threads took: 0.0000497 seconds
2016-05-04T17:00:24.326+0100: 408.586: Total time for which application threads were stopped: 0.0001042 seconds, Stopping threads took: 0.0000387 seconds
2016-05-04T17:00:24.348+0100: 408.609: Total time for which application threads were stopped: 0.0002116 seconds, Stopping threads took: 0.0000482 seconds
{Heap before GC invocations=11 (full 1):
 par new generation   total 109248K, used 107509K [0x00000000e0000000, 0x00000000e8000000, 0x00000000e8000000)
  eden space 87424K, 100% used [0x00000000e0000000, 0x00000000e5560000, 0x00000000e5560000)
  from space 21824K,  92% used [0x00000000e6ab0000, 0x00000000e7e4d760, 0x00000000e8000000)
  to   space 21824K,   0% used [0x00000000e5560000, 0x00000000e5560000, 0x00000000e6ab0000)
 concurrent mark-sweep generation total 393216K, used 9492K [0x00000000e8000000, 0x0000000100000000, 0x0000000100000000)
 Metaspace       used 35152K, capacity 35597K, committed 35964K, reserved 1081344K
  class space    used 3989K, capacity 4167K, committed 4220K, reserved 1048576K
2016-05-04T17:00:24.375+0100: 408.636: [GC (Allocation Failure) 2016-05-04T17:00:24.375+0100: 408.636: [ParNew
Desired survivor size 20112992 bytes, new threshold 8 (max 8)
- age   1:     609392 bytes,     609392 total
- age   2:      11368 bytes,     620760 total
- age   3:     241880 bytes,     862640 total
- age   4:    2934056 bytes,    3796696 total
- age   5:      76208 bytes,    3872904 total
- age   6:    5470080 bytes,    9342984 total
- age   7:    5439784 bytes,   14782768 total
- age   8:     880048 bytes,   15662816 total
: 107509K->20737K(109248K), 0.0615305 secs] 117001K->30231K(502464K), 0.0616900 secs] [Times: user=0.13 sys=0.00, real=0.06 secs] 
Heap after GC invocations=12 (full 1):
 par new generation   total 109248K, used 20737K [0x00000000e0000000, 0x00000000e8000000, 0x00000000e8000000)
  eden space 87424K,   0% used [0x00000000e0000000, 0x00000000e0000000, 0x00000000e5560000)
  from space 21824K,  95% used [0x00000000e5560000, 0x00000000e69a07e0, 0x00000000e6ab0000)
  to   space 21824K,   0% used [0x00000000e6ab0000, 0x00000000e6ab0000, 0x00000000e8000000)
 concurrent mark-sweep generation total 393216K, used 9493K [0x00000000e8000000, 0x0000000100000000, 0x0000000100000000)
 Metaspace       used 35152K, capacity 35597K, committed 35964K, reserved 1081344K
  class space    used 3989K, capacity 4167K, committed 4220K, reserved 1048576K
}
2016-05-04T17:00:24.437+0100: 408.697: Total time for which application threads were stopped: 0.0621930 seconds, Stopping threads took: 0.0000734 seconds
2016-05-04T17:00:24.504+0100: 408.764: Total time for which application threads were stopped: 0.0002290 seconds, Stopping threads took: 0.0000553 seconds
2016-05-04T17:00:25.209+0100: 409.469: Total time for which application threads were stopped: 0.0002298 seconds, Stopping threads took: 0.0000466 seconds
2016-05-04T17:00:25.210+0100: 409.471: Total time for which application threads were stopped: 0.0001445 seconds, Stopping threads took: 0.0000442 seconds
2016-05-04T17:00:25.407+0100: 409.667: Total time for which application threads were stopped: 0.0003009 seconds, Stopping threads took: 0.0000490 seconds
2016-05-04T17:00:25.407+0100: 409.667: Total time for which application threads were stopped: 0.0001129 seconds, Stopping threads took: 0.0000213 seconds
2016-05-04T17:00:25.408+0100: 409.668: Total time for which application threads were stopped: 0.0001477 seconds, Stopping threads took: 0.0000379 seconds
2016-05-04T17:00:25.408+0100: 409.668: Total time for which application threads were stopped: 0.0001192 seconds, Stopping threads took: 0.0000284 seconds
2016-05-04T17:00:25.408+0100: 409.669: Total time for which application threads were stopped: 0.0001200 seconds, Stopping threads took: 0.0000379 seconds
2016-05-04T17:00:25.409+0100: 409.669: Total time for which application threads were stopped: 0.0001658 seconds, Stopping threads took: 0.0000411 seconds
2016-05-04T17:00:25.409+0100: 409.670: Total time for which application threads were stopped: 0.0001208 seconds, Stopping threads took: 0.0000284 seconds
2016-05-04T17:00:25.410+0100: 409.670: Total time for which application threads were stopped: 0.0003048 seconds, Stopping threads took: 0.0000276 seconds
2016-05-04T17:00:26.410+0100: 410.670: Total time for which application threads were stopped: 0.0001792 seconds, Stopping threads took: 0.0000482 seconds
2016-05-04T17:01:00.089+0100: 444.349: Total time for which application threads were stopped: 0.0002179 seconds, Stopping threads took: 0.0000450 seconds
2016-05-04T17:01:01.089+0100: 445.349: Total time for which application threads were stopped: 0.0002164 seconds, Stopping threads took: 0.0000505 seconds
2016-05-04T17:01:02.665+0100: 446.930: Total time for which application threads were stopped: 0.0001840 seconds, Stopping threads took: 0.0000458 seconds
2016-05-04T17:01:02.665+0100: 446.930: Total time for which application threads were stopped: 0.0000916 seconds, Stopping threads took: 0.0000229 seconds
2016-05-04T17:01:02.665+0100: 446.931: Total time for which application threads were stopped: 0.0001019 seconds, Stopping threads took: 0.0000261 seconds
2016-05-04T17:01:03.666+0100: 447.931: Total time for which application threads were stopped: 0.0002250 seconds, Stopping threads took: 0.0000474 seconds
{Heap before GC invocations=12 (full 1):
 par new generation   total 109248K, used 108161K [0x00000000e0000000, 0x00000000e8000000, 0x00000000e8000000)
  eden space 87424K, 100% used [0x00000000e0000000, 0x00000000e5560000, 0x00000000e5560000)
  from space 21824K,  95% used [0x00000000e5560000, 0x00000000e69a07e0, 0x00000000e6ab0000)
  to   space 21824K,   0% used [0x00000000e6ab0000, 0x00000000e6ab0000, 0x00000000e8000000)
 concurrent mark-sweep generation total 393216K, used 9493K [0x00000000e8000000, 0x0000000100000000, 0x0000000100000000)
 Metaspace       used 35288K, capacity 35725K, committed 35964K, reserved 1081344K
  class space    used 3990K, capacity 4167K, committed 4220K, reserved 1048576K
2016-05-04T17:01:05.513+0100: 449.778: [GC (Allocation Failure) 2016-05-04T17:01:05.513+0100: 449.778: [ParNew
Desired survivor size 20112992 bytes, new threshold 8 (max 8)
- age   1:     199960 bytes,     199960 total
- age   2:      45576 bytes,     245536 total
- age   3:      11368 bytes,     256904 total
- age   4:     136240 bytes,     393144 total
- age   5:    2933336 bytes,    3326480 total
- age   6:      76208 bytes,    3402688 total
- age   7:    5469944 bytes,    8872632 total
- age   8:    5439608 bytes,   14312240 total
: 108161K->17422K(109248K), 0.0658049 secs] 117655K->27782K(502464K), 0.0659375 secs] [Times: user=0.14 sys=0.01, real=0.07 secs] 
Heap after GC invocations=13 (full 1):
 par new generation   total 109248K, used 17422K [0x00000000e0000000, 0x00000000e8000000, 0x00000000e8000000)
  eden space 87424K,   0% used [0x00000000e0000000, 0x00000000e0000000, 0x00000000e5560000)
  from space 21824K,  79% used [0x00000000e6ab0000, 0x00000000e7bb38e8, 0x00000000e8000000)
  to   space 21824K,   0% used [0x00000000e5560000, 0x00000000e5560000, 0x00000000e6ab0000)
 concurrent mark-sweep generation total 393216K, used 10359K [0x00000000e8000000, 0x0000000100000000, 0x0000000100000000)
 Metaspace       used 35288K, capacity 35725K, committed 35964K, reserved 1081344K
  class space    used 3990K, capacity 4167K, committed 4220K, reserved 1048576K
}
2016-05-04T17:01:05.579+0100: 449.844: Total time for which application threads were stopped: 0.0665424 seconds, Stopping threads took: 0.0000576 seconds
2016-05-04T17:01:06.579+0100: 450.844: Total time for which application threads were stopped: 0.0001919 seconds, Stopping threads took: 0.0000490 seconds
{Heap before GC invocations=13 (full 1):
 par new generation   total 109248K, used 104846K [0x00000000e0000000, 0x00000000e8000000, 0x00000000e8000000)
  eden space 87424K, 100% used [0x00000000e0000000, 0x00000000e5560000, 0x00000000e5560000)
  from space 21824K,  79% used [0x00000000e6ab0000, 0x00000000e7bb38e8, 0x00000000e8000000)
  to   space 21824K,   0% used [0x00000000e5560000, 0x00000000e5560000, 0x00000000e6ab0000)
 concurrent mark-sweep generation total 393216K, used 10359K [0x00000000e8000000, 0x0000000100000000, 0x0000000100000000)
 Metaspace       used 35308K, capacity 35789K, committed 35964K, reserved 1081344K
  class space    used 3990K, capacity 4167K, committed 4220K, reserved 1048576K
2016-05-04T17:01:07.215+0100: 451.480: [GC (Allocation Failure) 2016-05-04T17:01:07.215+0100: 451.481: [ParNew
Desired survivor size 20112992 bytes, new threshold 8 (max 8)
- age   1:      92272 bytes,      92272 total
- age   2:     146392 bytes,     238664 total
- age   3:      45576 bytes,     284240 total
- age   4:      11368 bytes,     295608 total
- age   5:     135664 bytes,     431272 total
- age   6:    2933168 bytes,    3364440 total
- age   7:      76208 bytes,    3440648 total
- age   8:    5469520 bytes,    8910168 total
: 104846K->11354K(109248K), 0.2339205 secs] 115206K->27327K(502464K), 0.2341021 secs] [Times: user=0.33 sys=0.02, real=0.23 secs] 
Heap after GC invocations=14 (full 1):
 par new generation   total 109248K, used 11354K [0x00000000e0000000, 0x00000000e8000000, 0x00000000e8000000)
  eden space 87424K,   0% used [0x00000000e0000000, 0x00000000e0000000, 0x00000000e5560000)
  from space 21824K,  52% used [0x00000000e5560000, 0x00000000e6076bf0, 0x00000000e6ab0000)
  to   space 21824K,   0% used [0x00000000e6ab0000, 0x00000000e6ab0000, 0x00000000e8000000)
 concurrent mark-sweep generation total 393216K, used 15972K [0x00000000e8000000, 0x0000000100000000, 0x0000000100000000)
 Metaspace       used 35308K, capacity 35789K, committed 35964K, reserved 1081344K
  class space    used 3990K, capacity 4167K, committed 4220K, reserved 1048576K
}
2016-05-04T17:01:07.449+0100: 451.715: Total time for which application threads were stopped: 0.2346091 seconds, Stopping threads took: 0.0000632 seconds
2016-05-04T17:01:08.483+0100: 452.749: Total time for which application threads were stopped: 0.0001619 seconds, Stopping threads took: 0.0000466 seconds
2016-05-04T17:02:05.091+0100: 509.359: Total time for which application threads were stopped: 0.0002006 seconds, Stopping threads took: 0.0000553 seconds
2016-05-04T17:02:25.646+0100: 529.914: Total time for which application threads were stopped: 0.0002037 seconds, Stopping threads took: 0.0000569 seconds
2016-05-04T17:02:36.970+0100: 541.238: Total time for which application threads were stopped: 0.0001864 seconds, Stopping threads took: 0.0000513 seconds
2016-05-04T17:02:36.970+0100: 541.238: Total time for which application threads were stopped: 0.0000900 seconds, Stopping threads took: 0.0000276 seconds
2016-05-04T17:02:36.973+0100: 541.241: Total time for which application threads were stopped: 0.0002069 seconds, Stopping threads took: 0.0000569 seconds
2016-05-04T17:02:37.481+0100: 541.749: Total time for which application threads were stopped: 0.0001871 seconds, Stopping threads took: 0.0000434 seconds
2016-05-04T17:02:37.481+0100: 541.749: Total time for which application threads were stopped: 0.0000892 seconds, Stopping threads took: 0.0000213 seconds
2016-05-04T17:02:37.482+0100: 541.750: Total time for which application threads were stopped: 0.0001232 seconds, Stopping threads took: 0.0000253 seconds
2016-05-04T17:02:38.482+0100: 542.750: Total time for which application threads were stopped: 0.0002614 seconds, Stopping threads took: 0.0000592 seconds
2016-05-04T17:02:39.482+0100: 543.750: Total time for which application threads were stopped: 0.0001800 seconds, Stopping threads took: 0.0000505 seconds
2016-05-04T17:02:43.482+0100: 547.750: Total time for which application threads were stopped: 0.0001627 seconds, Stopping threads took: 0.0000474 seconds
2016-05-04T17:02:45.483+0100: 549.751: Total time for which application threads were stopped: 0.0008710 seconds, Stopping threads took: 0.0007028 seconds
2016-05-04T17:02:47.483+0100: 551.750: Total time for which application threads were stopped: 0.0001753 seconds, Stopping threads took: 0.0000529 seconds
2016-05-04T17:02:48.483+0100: 552.750: Total time for which application threads were stopped: 0.0001753 seconds, Stopping threads took: 0.0000521 seconds
2016-05-04T17:02:49.483+0100: 553.750: Total time for which application threads were stopped: 0.0001879 seconds, Stopping threads took: 0.0000537 seconds
2016-05-04T17:02:50.483+0100: 554.750: Total time for which application threads were stopped: 0.0001966 seconds, Stopping threads took: 0.0000608 seconds
{Heap before GC invocations=14 (full 1):
 par new generation   total 109248K, used 98778K [0x00000000e0000000, 0x00000000e8000000, 0x00000000e8000000)
  eden space 87424K, 100% used [0x00000000e0000000, 0x00000000e5560000, 0x00000000e5560000)
  from space 21824K,  52% used [0x00000000e5560000, 0x00000000e6076bf0, 0x00000000e6ab0000)
  to   space 21824K,   0% used [0x00000000e6ab0000, 0x00000000e6ab0000, 0x00000000e8000000)
 concurrent mark-sweep generation total 393216K, used 15972K [0x00000000e8000000, 0x0000000100000000, 0x0000000100000000)
 Metaspace       used 35371K, capacity 35853K, committed 36220K, reserved 1081344K
  class space    used 3990K, capacity 4167K, committed 4220K, reserved 1048576K
2016-05-04T17:02:51.062+0100: 555.330: [GC (Allocation Failure) 2016-05-04T17:02:51.062+0100: 555.330: [ParNew
Desired survivor size 20112992 bytes, new threshold 8 (max 8)
- age   1:    1079472 bytes,    1079472 total
- age   2:      55544 bytes,    1135016 total
- age   3:     144768 bytes,    1279784 total
- age   4:      17512 bytes,    1297296 total
- age   5:      11232 bytes,    1308528 total
- age   6:     135624 bytes,    1444152 total
- age   7:    2933168 bytes,    4377320 total
- age   8:      76072 bytes,    4453392 total
: 98778K->8141K(109248K), 0.0612944 secs] 114751K->29658K(502464K), 0.0614310 secs] [Times: user=0.09 sys=0.00, real=0.06 secs] 
Heap after GC invocations=15 (full 1):
 par new generation   total 109248K, used 8141K [0x00000000e0000000, 0x00000000e8000000, 0x00000000e8000000)
  eden space 87424K,   0% used [0x00000000e0000000, 0x00000000e0000000, 0x00000000e5560000)
  from space 21824K,  37% used [0x00000000e6ab0000, 0x00000000e72a3520, 0x00000000e8000000)
  to   space 21824K,   0% used [0x00000000e5560000, 0x00000000e5560000, 0x00000000e6ab0000)
 concurrent mark-sweep generation total 393216K, used 21517K [0x00000000e8000000, 0x0000000100000000, 0x0000000100000000)
 Metaspace       used 35371K, capacity 35853K, committed 36220K, reserved 1081344K
  class space    used 3990K, capacity 4167K, committed 4220K, reserved 1048576K
}
2016-05-04T17:02:51.124+0100: 555.392: Total time for which application threads were stopped: 0.0622491 seconds, Stopping threads took: 0.0000490 seconds
2016-05-04T17:02:52.124+0100: 556.391: Total time for which application threads were stopped: 0.0001777 seconds, Stopping threads took: 0.0000521 seconds
2016-05-04T17:02:55.124+0100: 559.392: Total time for which application threads were stopped: 0.0001721 seconds, Stopping threads took: 0.0000521 seconds
2016-05-04T17:02:57.124+0100: 561.392: Total time for which application threads were stopped: 0.0001745 seconds, Stopping threads took: 0.0000553 seconds
2016-05-04T17:03:01.125+0100: 565.392: Total time for which application threads were stopped: 0.0001792 seconds, Stopping threads took: 0.0000521 seconds
2016-05-04T17:03:05.125+0100: 569.397: Total time for which application threads were stopped: 0.0001840 seconds, Stopping threads took: 0.0000592 seconds
2016-05-04T17:03:08.125+0100: 572.397: Total time for which application threads were stopped: 0.0001864 seconds, Stopping threads took: 0.0000474 seconds
2016-05-04T17:03:09.125+0100: 573.397: Total time for which application threads were stopped: 0.0001753 seconds, Stopping threads took: 0.0000482 seconds
2016-05-04T17:03:11.125+0100: 575.398: Total time for which application threads were stopped: 0.0001611 seconds, Stopping threads took: 0.0000490 seconds
2016-05-04T17:03:12.126+0100: 576.398: Total time for which application threads were stopped: 0.0010005 seconds, Stopping threads took: 0.0008133 seconds
{Heap before GC invocations=15 (full 1):
 par new generation   total 109248K, used 95565K [0x00000000e0000000, 0x00000000e8000000, 0x00000000e8000000)
  eden space 87424K, 100% used [0x00000000e0000000, 0x00000000e5560000, 0x00000000e5560000)
  from space 21824K,  37% used [0x00000000e6ab0000, 0x00000000e72a3520, 0x00000000e8000000)
  to   space 21824K,   0% used [0x00000000e5560000, 0x00000000e5560000, 0x00000000e6ab0000)
 concurrent mark-sweep generation total 393216K, used 21517K [0x00000000e8000000, 0x0000000100000000, 0x0000000100000000)
 Metaspace       used 35497K, capacity 35981K, committed 36220K, reserved 1081344K
  class space    used 3991K, capacity 4167K, committed 4220K, reserved 1048576K
2016-05-04T17:03:12.873+0100: 577.146: [GC (Allocation Failure) 2016-05-04T17:03:12.873+0100: 577.146: [ParNew
Desired survivor size 20112992 bytes, new threshold 8 (max 8)
- age   1:     900376 bytes,     900376 total
- age   2:      21592 bytes,     921968 total
- age   3:      55544 bytes,     977512 total
- age   4:     144768 bytes,    1122280 total
- age   5:      17512 bytes,    1139792 total
- age   6:      11232 bytes,    1151024 total
- age   7:     135624 bytes,    1286648 total
- age   8:    2933168 bytes,    4219816 total
: 95565K->5146K(109248K), 0.0312540 secs] 117082K->26740K(502464K), 0.0314301 secs] [Times: user=0.03 sys=0.00, real=0.03 secs] 
Heap after GC invocations=16 (full 1):
 par new generation   total 109248K, used 5146K [0x00000000e0000000, 0x00000000e8000000, 0x00000000e8000000)
  eden space 87424K,   0% used [0x00000000e0000000, 0x00000000e0000000, 0x00000000e5560000)
  from space 21824K,  23% used [0x00000000e5560000, 0x00000000e5a66978, 0x00000000e6ab0000)
  to   space 21824K,   0% used [0x00000000e6ab0000, 0x00000000e6ab0000, 0x00000000e8000000)
 concurrent mark-sweep generation total 393216K, used 21594K [0x00000000e8000000, 0x0000000100000000, 0x0000000100000000)
 Metaspace       used 35497K, capacity 35981K, committed 36220K, reserved 1081344K
  class space    used 3991K, capacity 4167K, committed 4220K, reserved 1048576K
}
2016-05-04T17:03:12.904+0100: 577.177: Total time for which application threads were stopped: 0.0319513 seconds, Stopping threads took: 0.0000505 seconds
2016-05-04T17:03:13.904+0100: 578.177: Total time for which application threads were stopped: 0.0001864 seconds, Stopping threads took: 0.0000497 seconds
2016-05-04T17:03:15.904+0100: 580.177: Total time for which application threads were stopped: 0.0001761 seconds, Stopping threads took: 0.0000545 seconds
2016-05-04T17:03:27.905+0100: 592.178: Total time for which application threads were stopped: 0.0001998 seconds, Stopping threads took: 0.0000584 seconds
2016-05-04T17:03:32.905+0100: 597.178: Total time for which application threads were stopped: 0.0001690 seconds, Stopping threads took: 0.0000513 seconds
2016-05-04T17:03:36.906+0100: 601.178: Total time for which application threads were stopped: 0.0001658 seconds, Stopping threads took: 0.0000482 seconds
2016-05-04T17:03:42.906+0100: 607.178: Total time for which application threads were stopped: 0.0001808 seconds, Stopping threads took: 0.0000537 seconds
2016-05-04T17:03:58.949+0100: 623.221: Total time for which application threads were stopped: 0.0001642 seconds, Stopping threads took: 0.0000482 seconds
2016-05-04T17:04:35.956+0100: 660.230: Total time for which application threads were stopped: 0.0001927 seconds, Stopping threads took: 0.0000521 seconds
2016-05-04T17:05:25.860+0100: 710.139: Total time for which application threads were stopped: 0.0002416 seconds, Stopping threads took: 0.0000655 seconds
2016-05-04T17:05:30.481+0100: 714.761: Total time for which application threads were stopped: 0.0001690 seconds, Stopping threads took: 0.0000505 seconds
2016-05-04T17:05:30.481+0100: 714.761: Total time for which application threads were stopped: 0.0000892 seconds, Stopping threads took: 0.0000276 seconds
2016-05-04T17:05:30.483+0100: 714.763: Total time for which application threads were stopped: 0.0002314 seconds, Stopping threads took: 0.0000529 seconds
2016-05-04T17:05:30.487+0100: 714.767: Total time for which application threads were stopped: 0.0001808 seconds, Stopping threads took: 0.0000553 seconds
2016-05-04T17:05:30.487+0100: 714.767: Total time for which application threads were stopped: 0.0000932 seconds, Stopping threads took: 0.0000268 seconds
2016-05-04T17:05:30.552+0100: 714.832: Total time for which application threads were stopped: 0.0001895 seconds, Stopping threads took: 0.0000497 seconds
2016-05-04T17:05:30.553+0100: 714.832: Total time for which application threads were stopped: 0.0001232 seconds, Stopping threads took: 0.0000261 seconds
2016-05-04T17:05:30.554+0100: 714.833: Total time for which application threads were stopped: 0.0003846 seconds, Stopping threads took: 0.0000292 seconds
2016-05-04T17:05:30.554+0100: 714.834: Total time for which application threads were stopped: 0.0001540 seconds, Stopping threads took: 0.0000332 seconds
2016-05-04T17:05:30.557+0100: 714.837: Total time for which application threads were stopped: 0.0002053 seconds, Stopping threads took: 0.0000545 seconds
2016-05-04T17:05:30.609+0100: 714.889: Total time for which application threads were stopped: 0.0003853 seconds, Stopping threads took: 0.0002345 seconds
2016-05-04T17:05:30.609+0100: 714.889: Total time for which application threads were stopped: 0.0001050 seconds, Stopping threads took: 0.0000340 seconds
2016-05-04T17:05:30.612+0100: 714.892: Total time for which application threads were stopped: 0.0014103 seconds, Stopping threads took: 0.0012476 seconds
2016-05-04T17:05:30.615+0100: 714.895: Total time for which application threads were stopped: 0.0010644 seconds, Stopping threads took: 0.0009128 seconds
2016-05-04T17:05:30.704+0100: 714.984: Total time for which application threads were stopped: 0.0002250 seconds, Stopping threads took: 0.0000458 seconds
2016-05-04T17:05:31.250+0100: 715.530: Total time for which application threads were stopped: 0.0001998 seconds, Stopping threads took: 0.0000545 seconds
2016-05-04T17:05:32.041+0100: 716.321: Total time for which application threads were stopped: 0.0002164 seconds, Stopping threads took: 0.0000442 seconds
2016-05-04T17:05:32.078+0100: 716.358: Total time for which application threads were stopped: 0.0001808 seconds, Stopping threads took: 0.0000442 seconds
2016-05-04T17:05:32.139+0100: 716.419: Total time for which application threads were stopped: 0.0002006 seconds, Stopping threads took: 0.0000490 seconds
2016-05-04T17:05:32.140+0100: 716.420: Total time for which application threads were stopped: 0.0001224 seconds, Stopping threads took: 0.0000284 seconds
2016-05-04T17:05:32.170+0100: 716.450: Total time for which application threads were stopped: 0.0002014 seconds, Stopping threads took: 0.0000482 seconds
2016-05-04T17:05:32.797+0100: 717.077: Total time for which application threads were stopped: 0.0002464 seconds, Stopping threads took: 0.0000624 seconds
2016-05-04T17:05:33.797+0100: 718.077: Total time for which application threads were stopped: 0.0001840 seconds, Stopping threads took: 0.0000529 seconds
2016-05-04T17:05:53.799+0100: 738.079: Total time for which application threads were stopped: 0.0002069 seconds, Stopping threads took: 0.0000584 seconds
2016-05-04T17:05:55.928+0100: 740.207: Total time for which application threads were stopped: 0.0001824 seconds, Stopping threads took: 0.0000482 seconds
2016-05-04T17:05:55.928+0100: 740.207: Total time for which application threads were stopped: 0.0001477 seconds, Stopping threads took: 0.0000371 seconds
2016-05-04T17:05:55.929+0100: 740.208: Total time for which application threads were stopped: 0.0001177 seconds, Stopping threads took: 0.0000308 seconds
2016-05-04T17:05:55.929+0100: 740.208: Total time for which application threads were stopped: 0.0001011 seconds, Stopping threads took: 0.0000237 seconds
2016-05-04T17:05:55.930+0100: 740.209: Total time for which application threads were stopped: 0.0001121 seconds, Stopping threads took: 0.0000308 seconds
2016-05-04T17:05:55.930+0100: 740.209: Total time for which application threads were stopped: 0.0000987 seconds, Stopping threads took: 0.0000276 seconds
2016-05-04T17:05:55.940+0100: 740.219: Total time for which application threads were stopped: 0.0002748 seconds, Stopping threads took: 0.0000798 seconds
{Heap before GC invocations=16 (full 1):
 par new generation   total 109248K, used 92570K [0x00000000e0000000, 0x00000000e8000000, 0x00000000e8000000)
  eden space 87424K, 100% used [0x00000000e0000000, 0x00000000e5560000, 0x00000000e5560000)
  from space 21824K,  23% used [0x00000000e5560000, 0x00000000e5a66978, 0x00000000e6ab0000)
  to   space 21824K,   0% used [0x00000000e6ab0000, 0x00000000e6ab0000, 0x00000000e8000000)
 concurrent mark-sweep generation total 393216K, used 21594K [0x00000000e8000000, 0x0000000100000000, 0x0000000100000000)
 Metaspace       used 35699K, capacity 36109K, committed 36476K, reserved 1081344K
  class space    used 3991K, capacity 4167K, committed 4220K, reserved 1048576K
2016-05-04T17:05:55.981+0100: 740.261: [GC (Allocation Failure) 2016-05-04T17:05:55.981+0100: 740.261: [ParNew
Desired survivor size 20112992 bytes, new threshold 8 (max 8)
- age   1:     416864 bytes,     416864 total
- age   2:      14416 bytes,     431280 total
- age   3:       2760 bytes,     434040 total
- age   4:      11360 bytes,     445400 total
- age   5:      24528 bytes,     469928 total
- age   6:      15896 bytes,     485824 total
- age   7:      11232 bytes,     497056 total
- age   8:     135592 bytes,     632648 total
: 92570K->1224K(109248K), 0.0608214 secs] 114164K->25685K(502464K), 0.0610062 secs] [Times: user=0.06 sys=0.00, real=0.06 secs] 
Heap after GC invocations=17 (full 1):
 par new generation   total 109248K, used 1224K [0x00000000e0000000, 0x00000000e8000000, 0x00000000e8000000)
  eden space 87424K,   0% used [0x00000000e0000000, 0x00000000e0000000, 0x00000000e5560000)
  from space 21824K,   5% used [0x00000000e6ab0000, 0x00000000e6be2180, 0x00000000e8000000)
  to   space 21824K,   0% used [0x00000000e5560000, 0x00000000e5560000, 0x00000000e6ab0000)
 concurrent mark-sweep generation total 393216K, used 24461K [0x00000000e8000000, 0x0000000100000000, 0x0000000100000000)
 Metaspace       used 35699K, capacity 36109K, committed 36476K, reserved 1081344K
  class space    used 3991K, capacity 4167K, committed 4220K, reserved 1048576K
}
2016-05-04T17:05:56.043+0100: 740.322: Total time for which application threads were stopped: 0.0614887 seconds, Stopping threads took: 0.0000616 seconds
2016-05-04T17:05:57.043+0100: 741.322: Total time for which application threads were stopped: 0.0002014 seconds, Stopping threads took: 0.0000513 seconds
2016-05-04T17:06:14.044+0100: 758.325: Total time for which application threads were stopped: 0.0001706 seconds, Stopping threads took: 0.0000537 seconds
2016-05-04T17:06:16.044+0100: 760.325: Total time for which application threads were stopped: 0.0002069 seconds, Stopping threads took: 0.0000537 seconds
2016-05-04T17:07:11.824+0100: 816.106: Total time for which application threads were stopped: 0.0002416 seconds, Stopping threads took: 0.0000553 seconds
2016-05-04T17:07:36.169+0100: 840.451: Total time for which application threads were stopped: 0.0017514 seconds, Stopping threads took: 0.0000497 seconds
2016-05-04T17:07:36.318+0100: 840.600: Total time for which application threads were stopped: 0.0998369 seconds, Stopping threads took: 0.0996845 seconds
2016-05-04T17:07:36.417+0100: 840.699: Total time for which application threads were stopped: 0.0001792 seconds, Stopping threads took: 0.0000545 seconds
2016-05-04T17:07:36.417+0100: 840.699: Total time for which application threads were stopped: 0.0001524 seconds, Stopping threads took: 0.0000553 seconds
2016-05-04T17:07:36.463+0100: 840.745: Total time for which application threads were stopped: 0.0001650 seconds, Stopping threads took: 0.0000466 seconds
2016-05-04T17:07:36.463+0100: 840.745: Total time for which application threads were stopped: 0.0000916 seconds, Stopping threads took: 0.0000261 seconds
2016-05-04T17:07:36.463+0100: 840.745: Total time for which application threads were stopped: 0.0000884 seconds, Stopping threads took: 0.0000245 seconds
2016-05-04T17:07:36.465+0100: 840.747: Total time for which application threads were stopped: 0.0001421 seconds, Stopping threads took: 0.0000442 seconds
2016-05-04T17:07:36.466+0100: 840.748: Total time for which application threads were stopped: 0.0001342 seconds, Stopping threads took: 0.0000403 seconds
2016-05-04T17:07:36.466+0100: 840.748: Total time for which application threads were stopped: 0.0000884 seconds, Stopping threads took: 0.0000253 seconds
2016-05-04T17:07:36.466+0100: 840.749: Total time for which application threads were stopped: 0.0000892 seconds, Stopping threads took: 0.0000253 seconds
2016-05-04T17:07:36.467+0100: 840.749: Total time for which application threads were stopped: 0.0000869 seconds, Stopping threads took: 0.0000245 seconds
2016-05-04T17:07:36.467+0100: 840.749: Total time for which application threads were stopped: 0.0001066 seconds, Stopping threads took: 0.0000324 seconds
2016-05-04T17:07:36.467+0100: 840.749: Total time for which application threads were stopped: 0.0000924 seconds, Stopping threads took: 0.0000276 seconds
2016-05-04T17:07:36.468+0100: 840.750: Total time for which application threads were stopped: 0.0000940 seconds, Stopping threads took: 0.0000261 seconds
2016-05-04T17:07:36.470+0100: 840.752: Total time for which application threads were stopped: 0.0001706 seconds, Stopping threads took: 0.0000395 seconds
2016-05-04T17:07:36.471+0100: 840.753: Total time for which application threads were stopped: 0.0000932 seconds, Stopping threads took: 0.0000316 seconds
2016-05-04T17:07:36.472+0100: 840.754: Total time for which application threads were stopped: 0.0000837 seconds, Stopping threads took: 0.0000276 seconds
2016-05-04T17:07:36.478+0100: 840.760: Total time for which application threads were stopped: 0.0001271 seconds, Stopping threads took: 0.0000482 seconds
2016-05-04T17:07:36.479+0100: 840.761: Total time for which application threads were stopped: 0.0001619 seconds, Stopping threads took: 0.0001105 seconds
2016-05-04T17:07:36.546+0100: 840.828: Total time for which application threads were stopped: 0.0000987 seconds, Stopping threads took: 0.0000324 seconds
2016-05-04T17:07:36.546+0100: 840.828: Total time for which application threads were stopped: 0.0000545 seconds, Stopping threads took: 0.0000182 seconds
2016-05-04T17:07:36.546+0100: 840.828: Total time for which application threads were stopped: 0.0000719 seconds, Stopping threads took: 0.0000316 seconds
2016-05-04T17:07:36.547+0100: 840.829: Total time for which application threads were stopped: 0.0001271 seconds, Stopping threads took: 0.0000861 seconds
2016-05-04T17:07:36.547+0100: 840.829: Total time for which application threads were stopped: 0.0000655 seconds, Stopping threads took: 0.0000292 seconds
Heap
 par new generation   total 109248K, used 75333K [0x00000000e0000000, 0x00000000e8000000, 0x00000000e8000000)
  eden space 87424K,  84% used [0x00000000e0000000, 0x00000000e485f4d8, 0x00000000e5560000)
  from space 21824K,   5% used [0x00000000e6ab0000, 0x00000000e6be2180, 0x00000000e8000000)
  to   space 21824K,   0% used [0x00000000e5560000, 0x00000000e5560000, 0x00000000e6ab0000)
 concurrent mark-sweep generation total 393216K, used 24461K [0x00000000e8000000, 0x0000000100000000, 0x0000000100000000)
 Metaspace       used 35808K, capacity 36301K, committed 36476K, reserved 1081344K
  class space    used 4004K, capacity 4167K, committed 4220K, reserved 1048576K
