Java HotSpot(TM) 64-Bit Server VM (25.73-b02) for windows-amd64 JRE (1.8.0_73-b02), built on Jan 29 2016 17:38:49 by "java_re" with MS VC++ 10.0 (VS2010)
Memory: 4k page, physical 4027256k(1159144k free), swap 9029216k(1790816k free)
CommandLine flags: -XX:CMSInitiatingOccupancyFraction=50 -XX:CMSMaxAbortablePrecleanTime=6000 -XX:+CMSParallelRemarkEnabled -XX:+CMSScavengeBeforeRemark -XX:ConcGCThreads=4 -XX:InitialHeapSize=536870912 -XX:MaxHeapSize=536870912 -XX:MaxTenuringThreshold=8 -XX:NewRatio=3 -XX:OldPLABSize=16 -XX:ParallelGCThreads=4 -XX:+ParallelRefProcEnabled -XX:PretenureSizeThreshold=67108864 -XX:+PrintGC -XX:+PrintGCApplicationStoppedTime -XX:+PrintGCDateStamps -XX:+PrintGCDetails -XX:+PrintGCTimeStamps -XX:+PrintHeapAtGC -XX:+PrintTenuringDistribution -XX:SurvivorRatio=4 -XX:TargetSurvivorRatio=90 -XX:ThreadStackSize=256 -XX:+UseCMSInitiatingOccupancyOnly -XX:+UseCompressedClassPointers -XX:+UseCompressedOops -XX:+UseConcMarkSweepGC -XX:-UseLargePagesIndividualAllocation -XX:+UseParNewGC 
2016-03-04T17:20:31.524+0000: 1.128: Total time for which application threads were stopped: 0.0650360 seconds, Stopping threads took: 0.0648638 seconds
2016-03-04T17:20:32.449+0000: 2.054: Total time for which application threads were stopped: 0.0002645 seconds, Stopping threads took: 0.0000419 seconds
2016-03-04T17:20:33.116+0000: 2.720: Total time for which application threads were stopped: 0.0002882 seconds, Stopping threads took: 0.0000497 seconds
2016-03-04T17:20:33.323+0000: 2.928: Total time for which application threads were stopped: 0.0003253 seconds, Stopping threads took: 0.0000426 seconds
2016-03-04T17:20:33.348+0000: 2.953: Total time for which application threads were stopped: 0.0002795 seconds, Stopping threads took: 0.0000474 seconds
2016-03-04T17:20:34.348+0000: 3.953: Total time for which application threads were stopped: 0.0001595 seconds, Stopping threads took: 0.0000521 seconds
{Heap before GC invocations=0 (full 0):
 par new generation   total 109248K, used 87424K [0x00000000e0000000, 0x00000000e8000000, 0x00000000e8000000)
  eden space 87424K, 100% used [0x00000000e0000000, 0x00000000e5560000, 0x00000000e5560000)
  from space 21824K,   0% used [0x00000000e5560000, 0x00000000e5560000, 0x00000000e6ab0000)
  to   space 21824K,   0% used [0x00000000e6ab0000, 0x00000000e6ab0000, 0x00000000e8000000)
 concurrent mark-sweep generation total 393216K, used 0K [0x00000000e8000000, 0x0000000100000000, 0x0000000100000000)
 Metaspace       used 10152K, capacity 10344K, committed 10496K, reserved 1058816K
  class space    used 1166K, capacity 1212K, committed 1280K, reserved 1048576K
2016-03-04T17:20:34.371+0000: 3.976: [GC (Allocation Failure) 2016-03-04T17:20:34.372+0000: 3.976: [ParNew
Desired survivor size 20112992 bytes, new threshold 8 (max 8)
- age   1:    5745352 bytes,    5745352 total
: 87424K->5682K(109248K), 0.0222351 secs] 87424K->5682K(502464K), 0.0225731 secs] [Times: user=0.06 sys=0.00, real=0.02 secs] 
Heap after GC invocations=1 (full 0):
 par new generation   total 109248K, used 5682K [0x00000000e0000000, 0x00000000e8000000, 0x00000000e8000000)
  eden space 87424K,   0% used [0x00000000e0000000, 0x00000000e0000000, 0x00000000e5560000)
  from space 21824K,  26% used [0x00000000e6ab0000, 0x00000000e703c8b0, 0x00000000e8000000)
  to   space 21824K,   0% used [0x00000000e5560000, 0x00000000e5560000, 0x00000000e6ab0000)
 concurrent mark-sweep generation total 393216K, used 0K [0x00000000e8000000, 0x0000000100000000, 0x0000000100000000)
 Metaspace       used 10152K, capacity 10344K, committed 10496K, reserved 1058816K
  class space    used 1166K, capacity 1212K, committed 1280K, reserved 1048576K
}
2016-03-04T17:20:34.394+0000: 3.999: Total time for which application threads were stopped: 0.0229537 seconds, Stopping threads took: 0.0000442 seconds
2016-03-04T17:20:34.737+0000: 4.342: Total time for which application threads were stopped: 0.0005299 seconds, Stopping threads took: 0.0000458 seconds
2016-03-04T17:20:34.979+0000: 4.584: Total time for which application threads were stopped: 0.0003743 seconds, Stopping threads took: 0.0000466 seconds
2016-03-04T17:20:35.331+0000: 4.940: Total time for which application threads were stopped: 0.0004383 seconds, Stopping threads took: 0.0000458 seconds
2016-03-04T17:20:35.331+0000: 4.945: Total time for which application threads were stopped: 0.0003427 seconds, Stopping threads took: 0.0000490 seconds
2016-03-04T17:20:35.341+0000: 4.955: Total time for which application threads were stopped: 0.0003411 seconds, Stopping threads took: 0.0000403 seconds
2016-03-04T17:20:35.899+0000: 5.507: Total time for which application threads were stopped: 0.0002487 seconds, Stopping threads took: 0.0000553 seconds
2016-03-04T17:20:35.899+0000: 5.509: Total time for which application threads were stopped: 0.0002211 seconds, Stopping threads took: 0.0001153 seconds
2016-03-04T17:20:35.899+0000: 5.510: Total time for which application threads were stopped: 0.0001824 seconds, Stopping threads took: 0.0000513 seconds
2016-03-04T17:20:35.909+0000: 5.515: Total time for which application threads were stopped: 0.0001998 seconds, Stopping threads took: 0.0000687 seconds
2016-03-04T17:20:35.909+0000: 5.516: Total time for which application threads were stopped: 0.0001950 seconds, Stopping threads took: 0.0000442 seconds
2016-03-04T17:20:35.909+0000: 5.516: Total time for which application threads were stopped: 0.0001398 seconds, Stopping threads took: 0.0000245 seconds
2016-03-04T17:20:35.909+0000: 5.516: Total time for which application threads were stopped: 0.0001256 seconds, Stopping threads took: 0.0000237 seconds
2016-03-04T17:20:35.909+0000: 5.517: Total time for which application threads were stopped: 0.0001224 seconds, Stopping threads took: 0.0000205 seconds
2016-03-04T17:20:35.909+0000: 5.517: Total time for which application threads were stopped: 0.0001208 seconds, Stopping threads took: 0.0000205 seconds
2016-03-04T17:20:35.919+0000: 5.533: Total time for which application threads were stopped: 0.0007557 seconds, Stopping threads took: 0.0004051 seconds
2016-03-04T17:20:35.929+0000: 5.543: Total time for which application threads were stopped: 0.0002685 seconds, Stopping threads took: 0.0001492 seconds
2016-03-04T17:20:35.939+0000: 5.544: Total time for which application threads were stopped: 0.0001200 seconds, Stopping threads took: 0.0000292 seconds
2016-03-04T17:20:35.939+0000: 5.544: Total time for which application threads were stopped: 0.0002519 seconds, Stopping threads took: 0.0001824 seconds
2016-03-04T17:20:35.939+0000: 5.544: Total time for which application threads were stopped: 0.0000995 seconds, Stopping threads took: 0.0000347 seconds
2016-03-04T17:20:35.949+0000: 5.558: Total time for which application threads were stopped: 0.0002164 seconds, Stopping threads took: 0.0000537 seconds
2016-03-04T17:20:35.949+0000: 5.558: Total time for which application threads were stopped: 0.0000955 seconds, Stopping threads took: 0.0000205 seconds
2016-03-04T17:20:35.969+0000: 5.575: Total time for which application threads were stopped: 0.0002424 seconds, Stopping threads took: 0.0001074 seconds
2016-03-04T17:20:35.969+0000: 5.575: Total time for which application threads were stopped: 0.0004730 seconds, Stopping threads took: 0.0003830 seconds
2016-03-04T17:20:35.969+0000: 5.579: Total time for which application threads were stopped: 0.0001413 seconds, Stopping threads took: 0.0000640 seconds
2016-03-04T17:20:35.969+0000: 5.582: Total time for which application threads were stopped: 0.0001461 seconds, Stopping threads took: 0.0000711 seconds
2016-03-04T17:20:35.969+0000: 5.582: Total time for which application threads were stopped: 0.0000963 seconds, Stopping threads took: 0.0000545 seconds
2016-03-04T17:20:36.041+0000: 5.655: Total time for which application threads were stopped: 0.0001366 seconds, Stopping threads took: 0.0000474 seconds
2016-03-04T17:20:36.051+0000: 5.657: Total time for which application threads were stopped: 0.0001019 seconds, Stopping threads took: 0.0000355 seconds
2016-03-04T17:20:36.051+0000: 5.657: Total time for which application threads were stopped: 0.0000845 seconds, Stopping threads took: 0.0000292 seconds
2016-03-04T17:20:36.051+0000: 5.658: Total time for which application threads were stopped: 0.0000750 seconds, Stopping threads took: 0.0000253 seconds
2016-03-04T17:20:36.051+0000: 5.658: Total time for which application threads were stopped: 0.0000726 seconds, Stopping threads took: 0.0000237 seconds
2016-03-04T17:20:36.051+0000: 5.658: Total time for which application threads were stopped: 0.0000719 seconds, Stopping threads took: 0.0000237 seconds
2016-03-04T17:20:36.051+0000: 5.659: Total time for which application threads were stopped: 0.0000711 seconds, Stopping threads took: 0.0000237 seconds
2016-03-04T17:20:36.051+0000: 5.659: Total time for which application threads were stopped: 0.0000695 seconds, Stopping threads took: 0.0000229 seconds
2016-03-04T17:20:36.401+0000: 6.005: Total time for which application threads were stopped: 0.0001958 seconds, Stopping threads took: 0.0000671 seconds
2016-03-04T17:20:36.401+0000: 6.006: Total time for which application threads were stopped: 0.0000671 seconds, Stopping threads took: 0.0000205 seconds
2016-03-04T17:20:36.401+0000: 6.006: Total time for which application threads were stopped: 0.0000648 seconds, Stopping threads took: 0.0000205 seconds
2016-03-04T17:20:36.457+0000: 6.062: Total time for which application threads were stopped: 0.0004446 seconds, Stopping threads took: 0.0000411 seconds
{Heap before GC invocations=1 (full 0):
 par new generation   total 109248K, used 93106K [0x00000000e0000000, 0x00000000e8000000, 0x00000000e8000000)
  eden space 87424K, 100% used [0x00000000e0000000, 0x00000000e5560000, 0x00000000e5560000)
  from space 21824K,  26% used [0x00000000e6ab0000, 0x00000000e703c8b0, 0x00000000e8000000)
  to   space 21824K,   0% used [0x00000000e5560000, 0x00000000e5560000, 0x00000000e6ab0000)
 concurrent mark-sweep generation total 393216K, used 0K [0x00000000e8000000, 0x0000000100000000, 0x0000000100000000)
 Metaspace       used 19737K, capacity 20116K, committed 20480K, reserved 1067008K
  class space    used 2349K, capacity 2488K, committed 2560K, reserved 1048576K
2016-03-04T17:20:36.483+0000: 6.088: [GC (Allocation Failure) 2016-03-04T17:20:36.484+0000: 6.088: [ParNew
Desired survivor size 20112992 bytes, new threshold 8 (max 8)
- age   1:    7672400 bytes,    7672400 total
- age   2:    2554264 bytes,   10226664 total
: 93106K->12143K(109248K), 0.0328599 secs] 93106K->12143K(502464K), 0.0330163 secs] [Times: user=0.06 sys=0.00, real=0.03 secs] 
Heap after GC invocations=2 (full 0):
 par new generation   total 109248K, used 12143K [0x00000000e0000000, 0x00000000e8000000, 0x00000000e8000000)
  eden space 87424K,   0% used [0x00000000e0000000, 0x00000000e0000000, 0x00000000e5560000)
  from space 21824K,  55% used [0x00000000e5560000, 0x00000000e613bf50, 0x00000000e6ab0000)
  to   space 21824K,   0% used [0x00000000e6ab0000, 0x00000000e6ab0000, 0x00000000e8000000)
 concurrent mark-sweep generation total 393216K, used 0K [0x00000000e8000000, 0x0000000100000000, 0x0000000100000000)
 Metaspace       used 19737K, capacity 20116K, committed 20480K, reserved 1067008K
  class space    used 2349K, capacity 2488K, committed 2560K, reserved 1048576K
}
2016-03-04T17:20:36.517+0000: 6.121: Total time for which application threads were stopped: 0.0334119 seconds, Stopping threads took: 0.0000466 seconds
2016-03-04T17:20:36.520+0000: 6.124: Total time for which application threads were stopped: 0.0001548 seconds, Stopping threads took: 0.0000490 seconds
2016-03-04T17:20:36.522+0000: 6.127: Total time for which application threads were stopped: 0.0001003 seconds, Stopping threads took: 0.0000490 seconds
2016-03-04T17:20:36.524+0000: 6.129: Total time for which application threads were stopped: 0.0002156 seconds, Stopping threads took: 0.0001516 seconds
2016-03-04T17:20:36.575+0000: 6.180: Total time for which application threads were stopped: 0.0004422 seconds, Stopping threads took: 0.0000442 seconds
2016-03-04T17:20:36.869+0000: 6.474: Total time for which application threads were stopped: 0.0002329 seconds, Stopping threads took: 0.0000600 seconds
2016-03-04T17:20:36.908+0000: 6.512: Total time for which application threads were stopped: 0.0001429 seconds, Stopping threads took: 0.0000529 seconds
2016-03-04T17:20:36.908+0000: 6.513: Total time for which application threads were stopped: 0.0000884 seconds, Stopping threads took: 0.0000324 seconds
2016-03-04T17:20:37.074+0000: 6.679: Total time for which application threads were stopped: 0.0001500 seconds, Stopping threads took: 0.0000482 seconds
2016-03-04T17:20:37.173+0000: 6.777: Total time for which application threads were stopped: 0.0001871 seconds, Stopping threads took: 0.0000529 seconds
2016-03-04T17:20:37.176+0000: 6.781: Total time for which application threads were stopped: 0.0001635 seconds, Stopping threads took: 0.0000624 seconds
2016-03-04T17:20:37.220+0000: 6.825: Total time for which application threads were stopped: 0.0001943 seconds, Stopping threads took: 0.0000624 seconds
2016-03-04T17:20:37.350+0000: 6.955: Total time for which application threads were stopped: 0.0001840 seconds, Stopping threads took: 0.0000505 seconds
2016-03-04T17:20:37.387+0000: 6.992: Total time for which application threads were stopped: 0.0001603 seconds, Stopping threads took: 0.0000426 seconds
2016-03-04T17:20:37.560+0000: 7.165: Total time for which application threads were stopped: 0.0001524 seconds, Stopping threads took: 0.0000616 seconds
2016-03-04T17:20:37.562+0000: 7.167: Total time for which application threads were stopped: 0.0001714 seconds, Stopping threads took: 0.0000561 seconds
{Heap before GC invocations=2 (full 0):
 par new generation   total 109248K, used 99567K [0x00000000e0000000, 0x00000000e8000000, 0x00000000e8000000)
  eden space 87424K, 100% used [0x00000000e0000000, 0x00000000e5560000, 0x00000000e5560000)
  from space 21824K,  55% used [0x00000000e5560000, 0x00000000e613bf50, 0x00000000e6ab0000)
  to   space 21824K,   0% used [0x00000000e6ab0000, 0x00000000e6ab0000, 0x00000000e8000000)
 concurrent mark-sweep generation total 393216K, used 0K [0x00000000e8000000, 0x0000000100000000, 0x0000000100000000)
 Metaspace       used 21377K, capacity 21728K, committed 21884K, reserved 1069056K
  class space    used 2542K, capacity 2682K, committed 2684K, reserved 1048576K
2016-03-04T17:20:37.604+0000: 7.208: [GC (Allocation Failure) 2016-03-04T17:20:37.604+0000: 7.208: [ParNew
Desired survivor size 20112992 bytes, new threshold 8 (max 8)
- age   1:    1929920 bytes,    1929920 total
- age   2:    2353152 bytes,    4283072 total
- age   3:    2550344 bytes,    6833416 total
: 99567K->12636K(109248K), 0.0250565 secs] 99567K->12636K(502464K), 0.0252311 secs] [Times: user=0.06 sys=0.00, real=0.02 secs] 
Heap after GC invocations=3 (full 0):
 par new generation   total 109248K, used 12636K [0x00000000e0000000, 0x00000000e8000000, 0x00000000e8000000)
  eden space 87424K,   0% used [0x00000000e0000000, 0x00000000e0000000, 0x00000000e5560000)
  from space 21824K,  57% used [0x00000000e6ab0000, 0x00000000e7707240, 0x00000000e8000000)
  to   space 21824K,   0% used [0x00000000e5560000, 0x00000000e5560000, 0x00000000e6ab0000)
 concurrent mark-sweep generation total 393216K, used 0K [0x00000000e8000000, 0x0000000100000000, 0x0000000100000000)
 Metaspace       used 21377K, capacity 21728K, committed 21884K, reserved 1069056K
  class space    used 2542K, capacity 2682K, committed 2684K, reserved 1048576K
}
2016-03-04T17:20:37.629+0000: 7.234: Total time for which application threads were stopped: 0.0256425 seconds, Stopping threads took: 0.0000608 seconds
2016-03-04T17:20:37.630+0000: 7.235: [GC (CMS Initial Mark) [1 CMS-initial-mark: 0K(393216K)] 13685K(502464K), 0.0066971 secs] [Times: user=0.02 sys=0.00, real=0.01 secs] 
2016-03-04T17:20:37.637+0000: 7.242: Total time for which application threads were stopped: 0.0069482 seconds, Stopping threads took: 0.0000805 seconds
2016-03-04T17:20:37.637+0000: 7.242: Total time for which application threads were stopped: 0.0001682 seconds, Stopping threads took: 0.0000434 seconds
2016-03-04T17:20:37.638+0000: 7.242: [CMS-concurrent-mark-start]
2016-03-04T17:20:37.639+0000: 7.244: [CMS-concurrent-mark: 0.001/0.001 secs] [Times: user=0.00 sys=0.00, real=0.00 secs] 
2016-03-04T17:20:37.639+0000: 7.244: [CMS-concurrent-preclean-start]
2016-03-04T17:20:37.641+0000: 7.246: [CMS-concurrent-preclean: 0.002/0.002 secs] [Times: user=0.00 sys=0.00, real=0.00 secs] 
2016-03-04T17:20:37.643+0000: 7.247: [GC (CMS Final Remark) [YG occupancy: 13685 K (109248 K)]{Heap before GC invocations=3 (full 1):
 par new generation   total 109248K, used 13685K [0x00000000e0000000, 0x00000000e8000000, 0x00000000e8000000)
  eden space 87424K,   1% used [0x00000000e0000000, 0x00000000e01062c0, 0x00000000e5560000)
  from space 21824K,  57% used [0x00000000e6ab0000, 0x00000000e7707240, 0x00000000e8000000)
  to   space 21824K,   0% used [0x00000000e5560000, 0x00000000e5560000, 0x00000000e6ab0000)
 concurrent mark-sweep generation total 393216K, used 0K [0x00000000e8000000, 0x0000000100000000, 0x0000000100000000)
 Metaspace       used 21377K, capacity 21728K, committed 21884K, reserved 1069056K
  class space    used 2542K, capacity 2682K, committed 2684K, reserved 1048576K
2016-03-04T17:20:37.643+0000: 7.247: [GC (CMS Final Remark) 2016-03-04T17:20:37.643+0000: 7.248: [ParNew
Desired survivor size 20112992 bytes, new threshold 8 (max 8)
- age   1:     464064 bytes,     464064 total
- age   2:     805072 bytes,    1269136 total
- age   3:    2353152 bytes,    3622288 total
- age   4:    2550344 bytes,    6172632 total
: 13685K->6714K(109248K), 0.0230966 secs] 13685K->6714K(502464K), 0.0232103 secs] [Times: user=0.03 sys=0.00, real=0.01 secs] 
Heap after GC invocations=4 (full 1):
 par new generation   total 109248K, used 6714K [0x00000000e0000000, 0x00000000e8000000, 0x00000000e8000000)
  eden space 87424K,   0% used [0x00000000e0000000, 0x00000000e0000000, 0x00000000e5560000)
  from space 21824K,  30% used [0x00000000e5560000, 0x00000000e5beea80, 0x00000000e6ab0000)
  to   space 21824K,   0% used [0x00000000e6ab0000, 0x00000000e6ab0000, 0x00000000e8000000)
 concurrent mark-sweep generation total 393216K, used 0K [0x00000000e8000000, 0x0000000100000000, 0x0000000100000000)
 Metaspace       used 21377K, capacity 21728K, committed 21884K, reserved 1069056K
  class space    used 2542K, capacity 2682K, committed 2684K, reserved 1048576K
}
2016-03-04T17:20:37.657+0000: 7.271: [Rescan (parallel) , 0.0076976 secs]2016-03-04T17:20:37.667+0000: 7.279: [weak refs processing, 0.0017759 secs]2016-03-04T17:20:37.667+0000: 7.280: [class unloading, 0.0067042 secs]2016-03-04T17:20:37.677+0000: 7.287: [scrub symbol table, 0.0078500 secs]2016-03-04T17:20:37.687+0000: 7.295: [scrub string table, 0.0006301 secs][1 CMS-remark: 0K(393216K)] 6714K(502464K), 0.0497633 secs] [Times: user=0.06 sys=0.00, real=0.04 secs] 
2016-03-04T17:20:37.687+0000: 7.297: Total time for which application threads were stopped: 0.0500973 seconds, Stopping threads took: 0.0000908 seconds
2016-03-04T17:20:37.717+0000: 7.324: [CMS-concurrent-sweep-start]
2016-03-04T17:20:37.717+0000: 7.324: [CMS-concurrent-sweep: 0.000/0.000 secs] [Times: user=0.00 sys=0.00, real=0.00 secs] 
2016-03-04T17:20:37.717+0000: 7.324: [CMS-concurrent-reset-start]
2016-03-04T17:20:37.717+0000: 7.330: [CMS-concurrent-reset: 0.005/0.005 secs] [Times: user=0.00 sys=0.00, real=0.00 secs] 
2016-03-04T17:20:37.789+0000: 7.396: Total time for which application threads were stopped: 0.0001508 seconds, Stopping threads took: 0.0000442 seconds
2016-03-04T17:20:37.789+0000: 7.396: Total time for which application threads were stopped: 0.0000766 seconds, Stopping threads took: 0.0000221 seconds
2016-03-04T17:20:37.789+0000: 7.396: Total time for which application threads were stopped: 0.0000719 seconds, Stopping threads took: 0.0000205 seconds
2016-03-04T17:20:37.789+0000: 7.396: Total time for which application threads were stopped: 0.0000703 seconds, Stopping threads took: 0.0000197 seconds
2016-03-04T17:20:37.789+0000: 7.396: Total time for which application threads were stopped: 0.0000679 seconds, Stopping threads took: 0.0000182 seconds
2016-03-04T17:20:37.789+0000: 7.396: Total time for which application threads were stopped: 0.0000679 seconds, Stopping threads took: 0.0000197 seconds
2016-03-04T17:20:37.789+0000: 7.397: Total time for which application threads were stopped: 0.0000655 seconds, Stopping threads took: 0.0000190 seconds
2016-03-04T17:20:37.789+0000: 7.397: Total time for which application threads were stopped: 0.0002290 seconds, Stopping threads took: 0.0000190 seconds
2016-03-04T17:20:37.799+0000: 7.404: Total time for which application threads were stopped: 0.0001311 seconds, Stopping threads took: 0.0000537 seconds
2016-03-04T17:20:37.799+0000: 7.405: Total time for which application threads were stopped: 0.0000932 seconds, Stopping threads took: 0.0000340 seconds
2016-03-04T17:20:37.799+0000: 7.405: Total time for which application threads were stopped: 0.0000821 seconds, Stopping threads took: 0.0000308 seconds
2016-03-04T17:20:37.935+0000: 7.540: Total time for which application threads were stopped: 0.0001982 seconds, Stopping threads took: 0.0000442 seconds
2016-03-04T17:20:37.952+0000: 7.556: Total time for which application threads were stopped: 0.0001761 seconds, Stopping threads took: 0.0000521 seconds
2016-03-04T17:20:37.954+0000: 7.559: Total time for which application threads were stopped: 0.0001927 seconds, Stopping threads took: 0.0000442 seconds
2016-03-04T17:20:37.956+0000: 7.561: Total time for which application threads were stopped: 0.0001327 seconds, Stopping threads took: 0.0000355 seconds
2016-03-04T17:20:37.962+0000: 7.567: Total time for which application threads were stopped: 0.0001729 seconds, Stopping threads took: 0.0000529 seconds
2016-03-04T17:20:38.013+0000: 7.618: Total time for which application threads were stopped: 0.0005251 seconds, Stopping threads took: 0.0000490 seconds
2016-03-04T17:20:38.193+0000: 7.798: Total time for which application threads were stopped: 0.0002148 seconds, Stopping threads took: 0.0000521 seconds
2016-03-04T17:20:38.223+0000: 7.828: Total time for which application threads were stopped: 0.0001461 seconds, Stopping threads took: 0.0000521 seconds
2016-03-04T17:20:38.340+0000: 7.945: Total time for which application threads were stopped: 0.0001287 seconds, Stopping threads took: 0.0000505 seconds
2016-03-04T17:20:38.487+0000: 8.092: Total time for which application threads were stopped: 0.0002037 seconds, Stopping threads took: 0.0000561 seconds
2016-03-04T17:20:38.489+0000: 8.094: Total time for which application threads were stopped: 0.0001769 seconds, Stopping threads took: 0.0000466 seconds
2016-03-04T17:20:38.680+0000: 8.285: Total time for which application threads were stopped: 0.0001516 seconds, Stopping threads took: 0.0000490 seconds
2016-03-04T17:20:38.681+0000: 8.286: Total time for which application threads were stopped: 0.0000750 seconds, Stopping threads took: 0.0000237 seconds
2016-03-04T17:20:38.814+0000: 8.419: Total time for which application threads were stopped: 0.0001532 seconds, Stopping threads took: 0.0000513 seconds
2016-03-04T17:20:38.864+0000: 8.469: Total time for which application threads were stopped: 0.0002874 seconds, Stopping threads took: 0.0000869 seconds
2016-03-04T17:20:39.158+0000: 8.763: Total time for which application threads were stopped: 0.0002116 seconds, Stopping threads took: 0.0000648 seconds
2016-03-04T17:20:39.162+0000: 8.767: Total time for which application threads were stopped: 0.0001248 seconds, Stopping threads took: 0.0000553 seconds
2016-03-04T17:20:39.163+0000: 8.768: Total time for which application threads were stopped: 0.0000892 seconds, Stopping threads took: 0.0000253 seconds
2016-03-04T17:20:39.164+0000: 8.769: Total time for which application threads were stopped: 0.0000845 seconds, Stopping threads took: 0.0000276 seconds
2016-03-04T17:20:40.696+0000: 10.301: Total time for which application threads were stopped: 0.0001256 seconds, Stopping threads took: 0.0000482 seconds
2016-03-04T17:20:40.696+0000: 10.301: Total time for which application threads were stopped: 0.0000734 seconds, Stopping threads took: 0.0000268 seconds
2016-03-04T17:20:40.710+0000: 10.315: Total time for which application threads were stopped: 0.0001398 seconds, Stopping threads took: 0.0000505 seconds
2016-03-04T17:20:40.711+0000: 10.316: Total time for which application threads were stopped: 0.0001169 seconds, Stopping threads took: 0.0000419 seconds
2016-03-04T17:20:40.713+0000: 10.318: Total time for which application threads were stopped: 0.0001161 seconds, Stopping threads took: 0.0000442 seconds
2016-03-04T17:20:40.713+0000: 10.318: Total time for which application threads were stopped: 0.0000774 seconds, Stopping threads took: 0.0000276 seconds
2016-03-04T17:20:40.721+0000: 10.326: Total time for which application threads were stopped: 0.0001208 seconds, Stopping threads took: 0.0000419 seconds
2016-03-04T17:20:40.721+0000: 10.326: Total time for which application threads were stopped: 0.0000742 seconds, Stopping threads took: 0.0000276 seconds
2016-03-04T17:20:40.722+0000: 10.327: Total time for which application threads were stopped: 0.0000845 seconds, Stopping threads took: 0.0000324 seconds
2016-03-04T17:20:40.722+0000: 10.327: Total time for which application threads were stopped: 0.0000719 seconds, Stopping threads took: 0.0000261 seconds
2016-03-04T17:20:40.724+0000: 10.329: Total time for which application threads were stopped: 0.0002219 seconds, Stopping threads took: 0.0000340 seconds
2016-03-04T17:20:40.774+0000: 10.379: Total time for which application threads were stopped: 0.0005109 seconds, Stopping threads took: 0.0000403 seconds
2016-03-04T17:20:40.786+0000: 10.390: Total time for which application threads were stopped: 0.0005283 seconds, Stopping threads took: 0.0000426 seconds
2016-03-04T17:20:40.806+0000: 10.411: Total time for which application threads were stopped: 0.0001327 seconds, Stopping threads took: 0.0000395 seconds
2016-03-04T17:20:40.815+0000: 10.420: Total time for which application threads were stopped: 0.0001437 seconds, Stopping threads took: 0.0000553 seconds
{Heap before GC invocations=4 (full 1):
 par new generation   total 109248K, used 94138K [0x00000000e0000000, 0x00000000e8000000, 0x00000000e8000000)
  eden space 87424K, 100% used [0x00000000e0000000, 0x00000000e5560000, 0x00000000e5560000)
  from space 21824K,  30% used [0x00000000e5560000, 0x00000000e5beea80, 0x00000000e6ab0000)
  to   space 21824K,   0% used [0x00000000e6ab0000, 0x00000000e6ab0000, 0x00000000e8000000)
 concurrent mark-sweep generation total 393216K, used 0K [0x00000000e8000000, 0x0000000100000000, 0x0000000100000000)
 Metaspace       used 26676K, capacity 26952K, committed 27260K, reserved 1073152K
  class space    used 3205K, capacity 3338K, committed 3452K, reserved 1048576K
2016-03-04T17:20:40.832+0000: 10.437: [GC (Allocation Failure) 2016-03-04T17:20:40.832+0000: 10.437: [ParNew
Desired survivor size 20112992 bytes, new threshold 8 (max 8)
- age   1:    5859864 bytes,    5859864 total
- age   3:     244544 bytes,    6104408 total
- age   4:    2306720 bytes,    8411128 total
- age   5:    2549736 bytes,   10960864 total
: 94138K->13400K(109248K), 0.0353528 secs] 94138K->13400K(502464K), 0.0355100 secs] [Times: user=0.09 sys=0.00, real=0.04 secs] 
Heap after GC invocations=5 (full 1):
 par new generation   total 109248K, used 13400K [0x00000000e0000000, 0x00000000e8000000, 0x00000000e8000000)
  eden space 87424K,   0% used [0x00000000e0000000, 0x00000000e0000000, 0x00000000e5560000)
  from space 21824K,  61% used [0x00000000e6ab0000, 0x00000000e77c62d0, 0x00000000e8000000)
  to   space 21824K,   0% used [0x00000000e5560000, 0x00000000e5560000, 0x00000000e6ab0000)
 concurrent mark-sweep generation total 393216K, used 0K [0x00000000e8000000, 0x0000000100000000, 0x0000000100000000)
 Metaspace       used 26676K, capacity 26952K, committed 27260K, reserved 1073152K
  class space    used 3205K, capacity 3338K, committed 3452K, reserved 1048576K
}
2016-03-04T17:20:40.867+0000: 10.472: Total time for which application threads were stopped: 0.0359522 seconds, Stopping threads took: 0.0000869 seconds
2016-03-04T17:20:40.869+0000: 10.473: Total time for which application threads were stopped: 0.0001564 seconds, Stopping threads took: 0.0000434 seconds
2016-03-04T17:20:40.889+0000: 10.494: Total time for which application threads were stopped: 0.0001516 seconds, Stopping threads took: 0.0000655 seconds
2016-03-04T17:20:41.369+0000: 10.980: Total time for which application threads were stopped: 0.0001690 seconds, Stopping threads took: 0.0000458 seconds
2016-03-04T17:20:41.369+0000: 10.982: Total time for which application threads were stopped: 0.0001366 seconds, Stopping threads took: 0.0000411 seconds
2016-03-04T17:20:50.712+0000: 20.317: Total time for which application threads were stopped: 0.0001706 seconds, Stopping threads took: 0.0000663 seconds
2016-03-04T17:20:50.713+0000: 20.318: Total time for which application threads were stopped: 0.0000940 seconds, Stopping threads took: 0.0000308 seconds
2016-03-04T17:20:50.713+0000: 20.318: Total time for which application threads were stopped: 0.0000861 seconds, Stopping threads took: 0.0000316 seconds
2016-03-04T17:20:50.713+0000: 20.318: Total time for which application threads were stopped: 0.0000837 seconds, Stopping threads took: 0.0000292 seconds
2016-03-04T17:20:50.713+0000: 20.318: Total time for which application threads were stopped: 0.0000774 seconds, Stopping threads took: 0.0000261 seconds
2016-03-04T17:20:50.714+0000: 20.319: Total time for which application threads were stopped: 0.0000798 seconds, Stopping threads took: 0.0000276 seconds
2016-03-04T17:20:50.714+0000: 20.319: Total time for which application threads were stopped: 0.0003688 seconds, Stopping threads took: 0.0003040 seconds
2016-03-04T17:20:50.715+0000: 20.320: Total time for which application threads were stopped: 0.0001050 seconds, Stopping threads took: 0.0000419 seconds
2016-03-04T17:20:50.715+0000: 20.320: Total time for which application threads were stopped: 0.0000932 seconds, Stopping threads took: 0.0000316 seconds
2016-03-04T17:20:50.715+0000: 20.320: Total time for which application threads were stopped: 0.0000892 seconds, Stopping threads took: 0.0000300 seconds
2016-03-04T17:20:50.715+0000: 20.321: Total time for which application threads were stopped: 0.0000837 seconds, Stopping threads took: 0.0000292 seconds
2016-03-04T17:20:50.716+0000: 20.321: Total time for which application threads were stopped: 0.0000861 seconds, Stopping threads took: 0.0000300 seconds
2016-03-04T17:20:50.716+0000: 20.321: Total time for which application threads were stopped: 0.0000790 seconds, Stopping threads took: 0.0000284 seconds
2016-03-04T17:20:50.751+0000: 20.356: Total time for which application threads were stopped: 0.0001603 seconds, Stopping threads took: 0.0000592 seconds
2016-03-04T17:20:50.873+0000: 20.478: Total time for which application threads were stopped: 0.0001445 seconds, Stopping threads took: 0.0000450 seconds
2016-03-04T17:20:50.882+0000: 20.487: Total time for which application threads were stopped: 0.0002108 seconds, Stopping threads took: 0.0000442 seconds
2016-03-04T17:20:50.902+0000: 20.507: Total time for which application threads were stopped: 0.0001974 seconds, Stopping threads took: 0.0000687 seconds
2016-03-04T17:20:50.914+0000: 20.520: Total time for which application threads were stopped: 0.0002195 seconds, Stopping threads took: 0.0000576 seconds
2016-03-04T17:20:50.916+0000: 20.521: Total time for which application threads were stopped: 0.0001224 seconds, Stopping threads took: 0.0000442 seconds
2016-03-04T17:20:50.923+0000: 20.528: Total time for which application threads were stopped: 0.0002827 seconds, Stopping threads took: 0.0001500 seconds
2016-03-04T17:20:50.932+0000: 20.538: Total time for which application threads were stopped: 0.0033750 seconds, Stopping threads took: 0.0032415 seconds
2016-03-04T17:20:50.948+0000: 20.553: Total time for which application threads were stopped: 0.0001579 seconds, Stopping threads took: 0.0000600 seconds
2016-03-04T17:20:50.973+0000: 20.578: Total time for which application threads were stopped: 0.0002685 seconds, Stopping threads took: 0.0000537 seconds
2016-03-04T17:20:50.973+0000: 20.578: Total time for which application threads were stopped: 0.0000979 seconds, Stopping threads took: 0.0000363 seconds
2016-03-04T17:20:50.974+0000: 20.579: Total time for which application threads were stopped: 0.0000908 seconds, Stopping threads took: 0.0000308 seconds
2016-03-04T17:20:50.984+0000: 20.590: Total time for which application threads were stopped: 0.0011276 seconds, Stopping threads took: 0.0010131 seconds
2016-03-04T17:20:50.985+0000: 20.590: Total time for which application threads were stopped: 0.0001090 seconds, Stopping threads took: 0.0000371 seconds
2016-03-04T17:20:50.985+0000: 20.590: Total time for which application threads were stopped: 0.0000948 seconds, Stopping threads took: 0.0000261 seconds
2016-03-04T17:20:50.990+0000: 20.596: Total time for which application threads were stopped: 0.0001627 seconds, Stopping threads took: 0.0000569 seconds
2016-03-04T17:20:50.996+0000: 20.601: Total time for which application threads were stopped: 0.0003309 seconds, Stopping threads took: 0.0002211 seconds
2016-03-04T17:20:51.000+0000: 20.605: Total time for which application threads were stopped: 0.0001745 seconds, Stopping threads took: 0.0000750 seconds
2016-03-04T17:20:51.015+0000: 20.620: Total time for which application threads were stopped: 0.0033955 seconds, Stopping threads took: 0.0032613 seconds
2016-03-04T17:20:51.036+0000: 20.641: Total time for which application threads were stopped: 0.0002140 seconds, Stopping threads took: 0.0000537 seconds
2016-03-04T17:20:51.048+0000: 20.653: Total time for which application threads were stopped: 0.0008197 seconds, Stopping threads took: 0.0007004 seconds
2016-03-04T17:20:51.093+0000: 20.698: Total time for which application threads were stopped: 0.0001848 seconds, Stopping threads took: 0.0000529 seconds
2016-03-04T17:20:51.159+0000: 20.764: Total time for which application threads were stopped: 0.0001595 seconds, Stopping threads took: 0.0000600 seconds
2016-03-04T17:20:51.162+0000: 20.767: Total time for which application threads were stopped: 0.0001477 seconds, Stopping threads took: 0.0000576 seconds
2016-03-04T17:20:51.235+0000: 20.840: Total time for which application threads were stopped: 0.0001571 seconds, Stopping threads took: 0.0000624 seconds
2016-03-04T17:20:51.235+0000: 20.840: Total time for which application threads were stopped: 0.0000798 seconds, Stopping threads took: 0.0000261 seconds
2016-03-04T17:20:51.393+0000: 20.998: Total time for which application threads were stopped: 0.0001556 seconds, Stopping threads took: 0.0000576 seconds
2016-03-04T17:20:51.416+0000: 21.021: Total time for which application threads were stopped: 0.0001579 seconds, Stopping threads took: 0.0000513 seconds
2016-03-04T17:20:51.421+0000: 21.026: Total time for which application threads were stopped: 0.0001508 seconds, Stopping threads took: 0.0000545 seconds
2016-03-04T17:20:51.436+0000: 21.041: Total time for which application threads were stopped: 0.0016251 seconds, Stopping threads took: 0.0012619 seconds
2016-03-04T17:20:51.730+0000: 21.336: Total time for which application threads were stopped: 0.0001958 seconds, Stopping threads took: 0.0000608 seconds
2016-03-04T17:20:51.802+0000: 21.407: Total time for which application threads were stopped: 0.0002898 seconds, Stopping threads took: 0.0001935 seconds
2016-03-04T17:20:51.805+0000: 21.410: Total time for which application threads were stopped: 0.0001256 seconds, Stopping threads took: 0.0000403 seconds
2016-03-04T17:20:51.812+0000: 21.418: Total time for which application threads were stopped: 0.0001413 seconds, Stopping threads took: 0.0000442 seconds
2016-03-04T17:20:51.821+0000: 21.426: Total time for which application threads were stopped: 0.0001508 seconds, Stopping threads took: 0.0000553 seconds
2016-03-04T17:20:51.824+0000: 21.429: Total time for which application threads were stopped: 0.0001556 seconds, Stopping threads took: 0.0000624 seconds
2016-03-04T17:20:51.830+0000: 21.435: Total time for which application threads were stopped: 0.0001374 seconds, Stopping threads took: 0.0000482 seconds
2016-03-04T17:20:51.837+0000: 21.443: Total time for which application threads were stopped: 0.0001627 seconds, Stopping threads took: 0.0000537 seconds
2016-03-04T17:20:51.838+0000: 21.443: Total time for which application threads were stopped: 0.0000884 seconds, Stopping threads took: 0.0000300 seconds
2016-03-04T17:20:51.838+0000: 21.443: Total time for which application threads were stopped: 0.0000845 seconds, Stopping threads took: 0.0000284 seconds
2016-03-04T17:20:51.838+0000: 21.443: Total time for which application threads were stopped: 0.0000845 seconds, Stopping threads took: 0.0000284 seconds
2016-03-04T17:20:51.842+0000: 21.447: Total time for which application threads were stopped: 0.0001587 seconds, Stopping threads took: 0.0000466 seconds
2016-03-04T17:20:51.842+0000: 21.447: Total time for which application threads were stopped: 0.0000845 seconds, Stopping threads took: 0.0000284 seconds
2016-03-04T17:20:51.842+0000: 21.447: Total time for which application threads were stopped: 0.0000877 seconds, Stopping threads took: 0.0000316 seconds
2016-03-04T17:20:51.842+0000: 21.447: Total time for which application threads were stopped: 0.0000853 seconds, Stopping threads took: 0.0000284 seconds
2016-03-04T17:21:01.956+0000: 31.560: Total time for which application threads were stopped: 0.0001398 seconds, Stopping threads took: 0.0000442 seconds
2016-03-04T17:21:01.957+0000: 31.562: Total time for which application threads were stopped: 0.0001153 seconds, Stopping threads took: 0.0000411 seconds
2016-03-04T17:21:02.957+0000: 32.561: Total time for which application threads were stopped: 0.0002574 seconds, Stopping threads took: 0.0000837 seconds
2016-03-04T17:21:47.142+0000: 76.754: Total time for which application threads were stopped: 0.0001184 seconds, Stopping threads took: 0.0000442 seconds
2016-03-04T17:21:47.275+0000: 76.886: Total time for which application threads were stopped: 0.0002203 seconds, Stopping threads took: 0.0000458 seconds
2016-03-04T17:21:47.321+0000: 76.932: Total time for which application threads were stopped: 0.0003072 seconds, Stopping threads took: 0.0000624 seconds
2016-03-04T17:21:47.323+0000: 76.935: Total time for which application threads were stopped: 0.0001398 seconds, Stopping threads took: 0.0000474 seconds
2016-03-04T17:21:47.324+0000: 76.936: Total time for which application threads were stopped: 0.0001090 seconds, Stopping threads took: 0.0000347 seconds
2016-03-04T17:21:47.325+0000: 76.937: Total time for which application threads were stopped: 0.0001074 seconds, Stopping threads took: 0.0000363 seconds
2016-03-04T17:21:47.327+0000: 76.939: Total time for which application threads were stopped: 0.0001350 seconds, Stopping threads took: 0.0000450 seconds
2016-03-04T17:21:47.426+0000: 77.038: Total time for which application threads were stopped: 0.0001477 seconds, Stopping threads took: 0.0000600 seconds
2016-03-04T17:21:47.427+0000: 77.039: Total time for which application threads were stopped: 0.0001106 seconds, Stopping threads took: 0.0000363 seconds
2016-03-04T17:21:47.428+0000: 77.040: Total time for which application threads were stopped: 0.0001042 seconds, Stopping threads took: 0.0000347 seconds
2016-03-04T17:21:47.429+0000: 77.040: Total time for which application threads were stopped: 0.0000995 seconds, Stopping threads took: 0.0000340 seconds
2016-03-04T17:21:47.439+0000: 77.050: Total time for which application threads were stopped: 0.0001500 seconds, Stopping threads took: 0.0000553 seconds
2016-03-04T17:21:47.440+0000: 77.051: Total time for which application threads were stopped: 0.0000995 seconds, Stopping threads took: 0.0000347 seconds
2016-03-04T17:21:47.474+0000: 77.085: Total time for which application threads were stopped: 0.0001974 seconds, Stopping threads took: 0.0000663 seconds
2016-03-04T17:21:47.475+0000: 77.086: Total time for which application threads were stopped: 0.0001335 seconds, Stopping threads took: 0.0000529 seconds
2016-03-04T17:21:47.513+0000: 77.124: Total time for which application threads were stopped: 0.0002156 seconds, Stopping threads took: 0.0000513 seconds
2016-03-04T17:21:47.627+0000: 77.239: Total time for which application threads were stopped: 0.0001777 seconds, Stopping threads took: 0.0000513 seconds
2016-03-04T17:21:47.725+0000: 77.336: Total time for which application threads were stopped: 0.0001927 seconds, Stopping threads took: 0.0000561 seconds
{Heap before GC invocations=5 (full 1):
 par new generation   total 109248K, used 100824K [0x00000000e0000000, 0x00000000e8000000, 0x00000000e8000000)
  eden space 87424K, 100% used [0x00000000e0000000, 0x00000000e5560000, 0x00000000e5560000)
  from space 21824K,  61% used [0x00000000e6ab0000, 0x00000000e77c62d0, 0x00000000e8000000)
  to   space 21824K,   0% used [0x00000000e5560000, 0x00000000e5560000, 0x00000000e6ab0000)
 concurrent mark-sweep generation total 393216K, used 0K [0x00000000e8000000, 0x0000000100000000, 0x0000000100000000)
 Metaspace       used 27645K, capacity 28008K, committed 28284K, reserved 1075200K
  class space    used 3289K, capacity 3434K, committed 3452K, reserved 1048576K
2016-03-04T17:21:47.860+0000: 77.471: [GC (Allocation Failure) 2016-03-04T17:21:47.860+0000: 77.471: [ParNew
Desired survivor size 20112992 bytes, new threshold 8 (max 8)
- age   1:    2630008 bytes,    2630008 total
- age   2:    1429032 bytes,    4059040 total
- age   4:     243088 bytes,    4302128 total
- age   5:    2290856 bytes,    6592984 total
- age   6:    2545760 bytes,    9138744 total
: 100824K->14052K(109248K), 0.0515210 secs] 100824K->14052K(502464K), 0.0516955 secs] [Times: user=0.06 sys=0.00, real=0.05 secs] 
Heap after GC invocations=6 (full 1):
 par new generation   total 109248K, used 14052K [0x00000000e0000000, 0x00000000e8000000, 0x00000000e8000000)
  eden space 87424K,   0% used [0x00000000e0000000, 0x00000000e0000000, 0x00000000e5560000)
  from space 21824K,  64% used [0x00000000e5560000, 0x00000000e6319090, 0x00000000e6ab0000)
  to   space 21824K,   0% used [0x00000000e6ab0000, 0x00000000e6ab0000, 0x00000000e8000000)
 concurrent mark-sweep generation total 393216K, used 0K [0x00000000e8000000, 0x0000000100000000, 0x0000000100000000)
 Metaspace       used 27645K, capacity 28008K, committed 28284K, reserved 1075200K
  class space    used 3289K, capacity 3434K, committed 3452K, reserved 1048576K
}
2016-03-04T17:21:47.911+0000: 77.523: Total time for which application threads were stopped: 0.0521378 seconds, Stopping threads took: 0.0000513 seconds
2016-03-04T17:21:47.944+0000: 77.556: Total time for which application threads were stopped: 0.0002211 seconds, Stopping threads took: 0.0000648 seconds
2016-03-04T17:21:48.300+0000: 77.912: Total time for which application threads were stopped: 0.0002464 seconds, Stopping threads took: 0.0000553 seconds
{Heap before GC invocations=6 (full 1):
 par new generation   total 109248K, used 101476K [0x00000000e0000000, 0x00000000e8000000, 0x00000000e8000000)
  eden space 87424K, 100% used [0x00000000e0000000, 0x00000000e5560000, 0x00000000e5560000)
  from space 21824K,  64% used [0x00000000e5560000, 0x00000000e6319090, 0x00000000e6ab0000)
  to   space 21824K,   0% used [0x00000000e6ab0000, 0x00000000e6ab0000, 0x00000000e8000000)
 concurrent mark-sweep generation total 393216K, used 0K [0x00000000e8000000, 0x0000000100000000, 0x0000000100000000)
 Metaspace       used 27734K, capacity 28078K, committed 28284K, reserved 1075200K
  class space    used 3294K, capacity 3435K, committed 3452K, reserved 1048576K
2016-03-04T17:21:48.354+0000: 77.966: [GC (Allocation Failure) 2016-03-04T17:21:48.354+0000: 77.966: [ParNew
Desired survivor size 20112992 bytes, new threshold 8 (max 8)
- age   1:     184856 bytes,     184856 total
- age   2:    1890248 bytes,    2075104 total
- age   3:    1425792 bytes,    3500896 total
- age   5:     239880 bytes,    3740776 total
- age   6:    2290536 bytes,    6031312 total
- age   7:    2545760 bytes,    8577072 total
: 101476K->9146K(109248K), 0.0406862 secs] 101476K->9146K(502464K), 0.0408370 secs] [Times: user=0.05 sys=0.00, real=0.04 secs] 
Heap after GC invocations=7 (full 1):
 par new generation   total 109248K, used 9146K [0x00000000e0000000, 0x00000000e8000000, 0x00000000e8000000)
  eden space 87424K,   0% used [0x00000000e0000000, 0x00000000e0000000, 0x00000000e5560000)
  from space 21824K,  41% used [0x00000000e6ab0000, 0x00000000e739e940, 0x00000000e8000000)
  to   space 21824K,   0% used [0x00000000e5560000, 0x00000000e5560000, 0x00000000e6ab0000)
 concurrent mark-sweep generation total 393216K, used 0K [0x00000000e8000000, 0x0000000100000000, 0x0000000100000000)
 Metaspace       used 27734K, capacity 28078K, committed 28284K, reserved 1075200K
  class space    used 3294K, capacity 3435K, committed 3452K, reserved 1048576K
}
2016-03-04T17:21:48.395+0000: 78.007: Total time for which application threads were stopped: 0.0412460 seconds, Stopping threads took: 0.0000521 seconds
2016-03-04T17:21:48.429+0000: 78.040: Total time for which application threads were stopped: 0.0011576 seconds, Stopping threads took: 0.0009468 seconds
2016-03-04T17:21:48.935+0000: 78.546: Total time for which application threads were stopped: 0.0004675 seconds, Stopping threads took: 0.0002132 seconds
2016-03-04T17:21:48.942+0000: 78.554: Total time for which application threads were stopped: 0.0005867 seconds, Stopping threads took: 0.0000474 seconds
2016-03-04T17:21:48.945+0000: 78.557: Total time for which application threads were stopped: 0.0001303 seconds, Stopping threads took: 0.0000458 seconds
2016-03-04T17:21:48.967+0000: 78.579: Total time for which application threads were stopped: 0.0001485 seconds, Stopping threads took: 0.0000450 seconds
2016-03-04T17:21:48.974+0000: 78.585: Total time for which application threads were stopped: 0.0006673 seconds, Stopping threads took: 0.0005725 seconds
2016-03-04T17:21:48.978+0000: 78.590: Total time for which application threads were stopped: 0.0001445 seconds, Stopping threads took: 0.0000466 seconds
2016-03-04T17:21:49.004+0000: 78.616: Total time for which application threads were stopped: 0.0001437 seconds, Stopping threads took: 0.0000426 seconds
2016-03-04T17:21:49.038+0000: 78.649: Total time for which application threads were stopped: 0.0021352 seconds, Stopping threads took: 0.0019323 seconds
2016-03-04T17:21:49.039+0000: 78.650: Total time for which application threads were stopped: 0.0001698 seconds, Stopping threads took: 0.0000379 seconds
2016-03-04T17:21:49.149+0000: 78.761: Total time for which application threads were stopped: 0.0001903 seconds, Stopping threads took: 0.0000490 seconds
2016-03-04T17:21:49.155+0000: 78.766: Total time for which application threads were stopped: 0.0001619 seconds, Stopping threads took: 0.0000592 seconds
2016-03-04T17:21:49.181+0000: 78.792: Total time for which application threads were stopped: 0.0001437 seconds, Stopping threads took: 0.0000561 seconds
2016-03-04T17:21:49.201+0000: 78.813: Total time for which application threads were stopped: 0.0001579 seconds, Stopping threads took: 0.0000513 seconds
2016-03-04T17:21:49.214+0000: 78.826: Total time for which application threads were stopped: 0.0001682 seconds, Stopping threads took: 0.0000529 seconds
2016-03-04T17:21:49.242+0000: 78.854: Total time for which application threads were stopped: 0.0001635 seconds, Stopping threads took: 0.0000655 seconds
2016-03-04T17:21:49.289+0000: 78.900: Total time for which application threads were stopped: 0.0049882 seconds, Stopping threads took: 0.0048564 seconds
2016-03-04T17:21:49.289+0000: 78.901: Total time for which application threads were stopped: 0.0001477 seconds, Stopping threads took: 0.0000434 seconds
2016-03-04T17:21:49.297+0000: 78.909: Total time for which application threads were stopped: 0.0001532 seconds, Stopping threads took: 0.0000505 seconds
2016-03-04T17:21:49.303+0000: 78.914: Total time for which application threads were stopped: 0.0001390 seconds, Stopping threads took: 0.0000450 seconds
2016-03-04T17:21:49.303+0000: 78.915: Total time for which application threads were stopped: 0.0000853 seconds, Stopping threads took: 0.0000229 seconds
2016-03-04T17:21:49.430+0000: 79.042: Total time for which application threads were stopped: 0.0002179 seconds, Stopping threads took: 0.0000482 seconds
2016-03-04T17:21:49.597+0000: 79.209: Total time for which application threads were stopped: 0.0001595 seconds, Stopping threads took: 0.0000545 seconds
2016-03-04T17:21:49.598+0000: 79.210: Total time for which application threads were stopped: 0.0002385 seconds, Stopping threads took: 0.0000340 seconds
2016-03-04T17:21:50.605+0000: 80.217: Total time for which application threads were stopped: 0.0001895 seconds, Stopping threads took: 0.0000640 seconds
2016-03-04T17:22:14.673+0000: 104.284: Total time for which application threads were stopped: 0.0001745 seconds, Stopping threads took: 0.0000608 seconds
2016-03-04T17:22:38.191+0000: 127.804: Total time for which application threads were stopped: 0.0007818 seconds, Stopping threads took: 0.0000497 seconds
2016-03-04T17:22:38.194+0000: 127.807: Total time for which application threads were stopped: 0.0005788 seconds, Stopping threads took: 0.0000466 seconds
2016-03-04T17:22:38.221+0000: 127.835: Total time for which application threads were stopped: 0.0006191 seconds, Stopping threads took: 0.0005077 seconds
2016-03-04T17:22:38.228+0000: 127.842: Total time for which application threads were stopped: 0.0001461 seconds, Stopping threads took: 0.0000616 seconds
2016-03-04T17:22:38.235+0000: 127.849: Total time for which application threads were stopped: 0.0001335 seconds, Stopping threads took: 0.0000497 seconds
2016-03-04T17:22:38.237+0000: 127.851: Total time for which application threads were stopped: 0.0001200 seconds, Stopping threads took: 0.0000466 seconds
2016-03-04T17:22:38.238+0000: 127.851: Total time for which application threads were stopped: 0.0000892 seconds, Stopping threads took: 0.0000332 seconds
2016-03-04T17:22:38.238+0000: 127.851: Total time for which application threads were stopped: 0.0000726 seconds, Stopping threads took: 0.0000245 seconds
2016-03-04T17:22:38.238+0000: 127.852: Total time for which application threads were stopped: 0.0000734 seconds, Stopping threads took: 0.0000245 seconds
2016-03-04T17:22:38.238+0000: 127.852: Total time for which application threads were stopped: 0.0000742 seconds, Stopping threads took: 0.0000245 seconds
2016-03-04T17:22:38.238+0000: 127.852: Total time for which application threads were stopped: 0.0000790 seconds, Stopping threads took: 0.0000292 seconds
2016-03-04T17:22:38.239+0000: 127.853: Total time for which application threads were stopped: 0.0001303 seconds, Stopping threads took: 0.0000403 seconds
2016-03-04T17:22:38.240+0000: 127.853: Total time for which application threads were stopped: 0.0000766 seconds, Stopping threads took: 0.0000268 seconds
2016-03-04T17:22:38.241+0000: 127.854: Total time for which application threads were stopped: 0.0001200 seconds, Stopping threads took: 0.0000403 seconds
2016-03-04T17:22:38.241+0000: 127.854: Total time for which application threads were stopped: 0.0000790 seconds, Stopping threads took: 0.0000284 seconds
2016-03-04T17:22:38.243+0000: 127.856: Total time for which application threads were stopped: 0.0001263 seconds, Stopping threads took: 0.0000474 seconds
2016-03-04T17:22:38.243+0000: 127.857: Total time for which application threads were stopped: 0.0000742 seconds, Stopping threads took: 0.0000261 seconds
2016-03-04T17:22:38.243+0000: 127.857: Total time for which application threads were stopped: 0.0000734 seconds, Stopping threads took: 0.0000245 seconds
2016-03-04T17:22:38.243+0000: 127.857: Total time for which application threads were stopped: 0.0000734 seconds, Stopping threads took: 0.0000253 seconds
2016-03-04T17:22:38.248+0000: 127.862: Total time for which application threads were stopped: 0.0001729 seconds, Stopping threads took: 0.0000403 seconds
2016-03-04T17:22:38.252+0000: 127.866: Total time for which application threads were stopped: 0.0001406 seconds, Stopping threads took: 0.0000371 seconds
2016-03-04T17:22:38.256+0000: 127.870: Total time for which application threads were stopped: 0.0001398 seconds, Stopping threads took: 0.0000411 seconds
2016-03-04T17:22:38.256+0000: 127.870: Total time for which application threads were stopped: 0.0000916 seconds, Stopping threads took: 0.0000253 seconds
2016-03-04T17:22:38.258+0000: 127.872: Total time for which application threads were stopped: 0.0001161 seconds, Stopping threads took: 0.0000347 seconds
2016-03-04T17:22:38.258+0000: 127.872: Total time for which application threads were stopped: 0.0000813 seconds, Stopping threads took: 0.0000221 seconds
2016-03-04T17:22:38.258+0000: 127.872: Total time for which application threads were stopped: 0.0000790 seconds, Stopping threads took: 0.0000205 seconds
2016-03-04T17:22:38.259+0000: 127.872: Total time for which application threads were stopped: 0.0000782 seconds, Stopping threads took: 0.0000205 seconds
2016-03-04T17:22:38.259+0000: 127.873: Total time for which application threads were stopped: 0.0000790 seconds, Stopping threads took: 0.0000213 seconds
2016-03-04T17:22:38.259+0000: 127.873: Total time for which application threads were stopped: 0.0000774 seconds, Stopping threads took: 0.0000205 seconds
2016-03-04T17:22:38.261+0000: 127.875: Total time for which application threads were stopped: 0.0001682 seconds, Stopping threads took: 0.0000513 seconds
2016-03-04T17:22:38.267+0000: 127.880: Total time for which application threads were stopped: 0.0001121 seconds, Stopping threads took: 0.0000292 seconds
2016-03-04T17:22:38.267+0000: 127.881: Total time for which application threads were stopped: 0.0000877 seconds, Stopping threads took: 0.0000237 seconds
2016-03-04T17:22:38.270+0000: 127.884: Total time for which application threads were stopped: 0.0001698 seconds, Stopping threads took: 0.0000403 seconds
2016-03-04T17:22:38.271+0000: 127.892: Total time for which application threads were stopped: 0.0001311 seconds, Stopping threads took: 0.0000529 seconds
2016-03-04T17:22:38.271+0000: 127.893: Total time for which application threads were stopped: 0.0000837 seconds, Stopping threads took: 0.0000332 seconds
2016-03-04T17:22:38.281+0000: 127.899: Total time for which application threads were stopped: 0.0001319 seconds, Stopping threads took: 0.0000537 seconds
2016-03-04T17:22:38.301+0000: 127.918: Total time for which application threads were stopped: 0.0001564 seconds, Stopping threads took: 0.0000703 seconds
2016-03-04T17:22:38.312+0000: 127.926: Total time for which application threads were stopped: 0.0000971 seconds, Stopping threads took: 0.0000332 seconds
2016-03-04T17:22:38.313+0000: 127.927: Total time for which application threads were stopped: 0.0000640 seconds, Stopping threads took: 0.0000237 seconds
2016-03-04T17:22:38.314+0000: 127.927: Total time for which application threads were stopped: 0.0000553 seconds, Stopping threads took: 0.0000190 seconds
2016-03-04T17:22:38.314+0000: 127.928: Total time for which application threads were stopped: 0.0000490 seconds, Stopping threads took: 0.0000182 seconds
2016-03-04T17:22:38.314+0000: 127.928: Total time for which application threads were stopped: 0.0000482 seconds, Stopping threads took: 0.0000182 seconds
Heap
 par new generation   total 109248K, used 70823K [0x00000000e0000000, 0x00000000e8000000, 0x00000000e8000000)
  eden space 87424K,  70% used [0x00000000e0000000, 0x00000000e3c3b630, 0x00000000e5560000)
  from space 21824K,  41% used [0x00000000e6ab0000, 0x00000000e739e940, 0x00000000e8000000)
  to   space 21824K,   0% used [0x00000000e5560000, 0x00000000e5560000, 0x00000000e6ab0000)
 concurrent mark-sweep generation total 393216K, used 0K [0x00000000e8000000, 0x0000000100000000, 0x0000000100000000)
 Metaspace       used 29319K, capacity 29724K, committed 30076K, reserved 1075200K
  class space    used 3463K, capacity 3604K, committed 3708K, reserved 1048576K
