Java HotSpot(TM) 64-Bit Server VM (25.73-b02) for windows-amd64 JRE (1.8.0_73-b02), built on Jan 29 2016 17:38:49 by "java_re" with MS VC++ 10.0 (VS2010)
Memory: 4k page, physical 4027256k(1070796k free), swap 8052676k(2037788k free)
CommandLine flags: -XX:CMSInitiatingOccupancyFraction=50 -XX:CMSMaxAbortablePrecleanTime=6000 -XX:+CMSParallelRemarkEnabled -XX:+CMSScavengeBeforeRemark -XX:ConcGCThreads=4 -XX:InitialHeapSize=536870912 -XX:MaxHeapSize=536870912 -XX:MaxTenuringThreshold=8 -XX:NewRatio=3 -XX:OldPLABSize=16 -XX:ParallelGCThreads=4 -XX:+ParallelRefProcEnabled -XX:PretenureSizeThreshold=67108864 -XX:+PrintGC -XX:+PrintGCApplicationStoppedTime -XX:+PrintGCDateStamps -XX:+PrintGCDetails -XX:+PrintGCTimeStamps -XX:+PrintHeapAtGC -XX:+PrintTenuringDistribution -XX:SurvivorRatio=4 -XX:TargetSurvivorRatio=90 -XX:ThreadStackSize=256 -XX:+UseCMSInitiatingOccupancyOnly -XX:+UseCompressedClassPointers -XX:+UseCompressedOops -XX:+UseConcMarkSweepGC -XX:-UseLargePagesIndividualAllocation -XX:+UseParNewGC 
2016-03-01T14:27:30.838+0000: 1.137: Total time for which application threads were stopped: 0.0001627 seconds, Stopping threads took: 0.0000482 seconds
2016-03-01T14:27:31.766+0000: 2.065: Total time for which application threads were stopped: 0.0002866 seconds, Stopping threads took: 0.0000387 seconds
2016-03-01T14:27:32.529+0000: 2.828: Total time for which application threads were stopped: 0.0008607 seconds, Stopping threads took: 0.0005899 seconds
2016-03-01T14:27:32.690+0000: 2.990: Total time for which application threads were stopped: 0.0003159 seconds, Stopping threads took: 0.0000545 seconds
2016-03-01T14:27:32.715+0000: 3.014: Total time for which application threads were stopped: 0.0002985 seconds, Stopping threads took: 0.0000521 seconds
2016-03-01T14:27:33.733+0000: 4.032: Total time for which application threads were stopped: 0.0181382 seconds, Stopping threads took: 0.0180261 seconds
{Heap before GC invocations=0 (full 0):
 par new generation   total 109248K, used 87424K [0x00000000e0000000, 0x00000000e8000000, 0x00000000e8000000)
  eden space 87424K, 100% used [0x00000000e0000000, 0x00000000e5560000, 0x00000000e5560000)
  from space 21824K,   0% used [0x00000000e5560000, 0x00000000e5560000, 0x00000000e6ab0000)
  to   space 21824K,   0% used [0x00000000e6ab0000, 0x00000000e6ab0000, 0x00000000e8000000)
 concurrent mark-sweep generation total 393216K, used 0K [0x00000000e8000000, 0x0000000100000000, 0x0000000100000000)
 Metaspace       used 10139K, capacity 10344K, committed 10496K, reserved 1058816K
  class space    used 1166K, capacity 1212K, committed 1280K, reserved 1048576K
2016-03-01T14:27:34.016+0000: 4.322: [GC (Allocation Failure) 2016-03-01T14:27:34.016+0000: 4.323: [ParNew
Desired survivor size 20112992 bytes, new threshold 8 (max 8)
- age   1:    5743784 bytes,    5743784 total
: 87424K->5688K(109248K), 0.0211507 secs] 87424K->5688K(502464K), 0.0214958 secs] [Times: user=0.06 sys=0.00, real=0.02 secs] 
Heap after GC invocations=1 (full 0):
 par new generation   total 109248K, used 5688K [0x00000000e0000000, 0x00000000e8000000, 0x00000000e8000000)
  eden space 87424K,   0% used [0x00000000e0000000, 0x00000000e0000000, 0x00000000e5560000)
  from space 21824K,  26% used [0x00000000e6ab0000, 0x00000000e703e1f0, 0x00000000e8000000)
  to   space 21824K,   0% used [0x00000000e5560000, 0x00000000e5560000, 0x00000000e6ab0000)
 concurrent mark-sweep generation total 393216K, used 0K [0x00000000e8000000, 0x0000000100000000, 0x0000000100000000)
 Metaspace       used 10139K, capacity 10344K, committed 10496K, reserved 1058816K
  class space    used 1166K, capacity 1212K, committed 1280K, reserved 1048576K
}
2016-03-01T14:27:34.036+0000: 4.344: Total time for which application threads were stopped: 0.0219143 seconds, Stopping threads took: 0.0000671 seconds
2016-03-01T14:27:34.398+0000: 4.703: Total time for which application threads were stopped: 0.0003064 seconds, Stopping threads took: 0.0000387 seconds
2016-03-01T14:27:34.418+0000: 4.726: Total time for which application threads were stopped: 0.0005164 seconds, Stopping threads took: 0.0002424 seconds
2016-03-01T14:27:34.498+0000: 4.804: Total time for which application threads were stopped: 0.0011932 seconds, Stopping threads took: 0.0008734 seconds
2016-03-01T14:27:34.531+0000: 4.831: Total time for which application threads were stopped: 0.0002140 seconds, Stopping threads took: 0.0000450 seconds
2016-03-01T14:27:34.951+0000: 5.250: Total time for which application threads were stopped: 0.0004698 seconds, Stopping threads took: 0.0000411 seconds
2016-03-01T14:27:34.953+0000: 5.253: Total time for which application threads were stopped: 0.0002756 seconds, Stopping threads took: 0.0000363 seconds
2016-03-01T14:27:34.962+0000: 5.261: Total time for which application threads were stopped: 0.0003861 seconds, Stopping threads took: 0.0000837 seconds
2016-03-01T14:27:35.692+0000: 5.998: Total time for which application threads were stopped: 0.0002329 seconds, Stopping threads took: 0.0000419 seconds
2016-03-01T14:27:35.692+0000: 5.999: Total time for which application threads were stopped: 0.0001461 seconds, Stopping threads took: 0.0000426 seconds
2016-03-01T14:27:35.692+0000: 6.000: Total time for which application threads were stopped: 0.0002266 seconds, Stopping threads took: 0.0001121 seconds
2016-03-01T14:27:35.692+0000: 6.001: Total time for which application threads were stopped: 0.0001564 seconds, Stopping threads took: 0.0000655 seconds
2016-03-01T14:27:35.702+0000: 6.002: Total time for which application threads were stopped: 0.0002519 seconds, Stopping threads took: 0.0000640 seconds
2016-03-01T14:27:35.702+0000: 6.003: Total time for which application threads were stopped: 0.0001745 seconds, Stopping threads took: 0.0000245 seconds
2016-03-01T14:27:35.702+0000: 6.003: Total time for which application threads were stopped: 0.0001564 seconds, Stopping threads took: 0.0000213 seconds
2016-03-01T14:27:35.702+0000: 6.003: Total time for which application threads were stopped: 0.0001571 seconds, Stopping threads took: 0.0000221 seconds
2016-03-01T14:27:35.702+0000: 6.003: Total time for which application threads were stopped: 0.0001540 seconds, Stopping threads took: 0.0000205 seconds
2016-03-01T14:27:35.722+0000: 6.027: Total time for which application threads were stopped: 0.0004154 seconds, Stopping threads took: 0.0000466 seconds
2016-03-01T14:27:35.742+0000: 6.045: Total time for which application threads were stopped: 0.0003309 seconds, Stopping threads took: 0.0001919 seconds
2016-03-01T14:27:35.742+0000: 6.046: Total time for which application threads were stopped: 0.0002472 seconds, Stopping threads took: 0.0001674 seconds
2016-03-01T14:27:35.742+0000: 6.046: Total time for which application threads were stopped: 0.0001019 seconds, Stopping threads took: 0.0000347 seconds
2016-03-01T14:27:35.742+0000: 6.046: Total time for which application threads were stopped: 0.0000853 seconds, Stopping threads took: 0.0000213 seconds
2016-03-01T14:27:35.762+0000: 6.062: Total time for which application threads were stopped: 0.0004319 seconds, Stopping threads took: 0.0003182 seconds
2016-03-01T14:27:35.763+0000: 6.062: Total time for which application threads were stopped: 0.0001169 seconds, Stopping threads took: 0.0000395 seconds
2016-03-01T14:27:35.782+0000: 6.081: Total time for which application threads were stopped: 0.0026106 seconds, Stopping threads took: 0.0024890 seconds
2016-03-01T14:27:35.782+0000: 6.081: Total time for which application threads were stopped: 0.0000948 seconds, Stopping threads took: 0.0000245 seconds
2016-03-01T14:27:35.784+0000: 6.085: Total time for which application threads were stopped: 0.0001564 seconds, Stopping threads took: 0.0000403 seconds
2016-03-01T14:27:35.870+0000: 6.170: Total time for which application threads were stopped: 0.0001674 seconds, Stopping threads took: 0.0000442 seconds
2016-03-01T14:27:35.887+0000: 6.186: Total time for which application threads were stopped: 0.0001611 seconds, Stopping threads took: 0.0000537 seconds
2016-03-01T14:27:35.887+0000: 6.186: Total time for which application threads were stopped: 0.0001019 seconds, Stopping threads took: 0.0000268 seconds
2016-03-01T14:27:35.887+0000: 6.187: Total time for which application threads were stopped: 0.0000971 seconds, Stopping threads took: 0.0000261 seconds
2016-03-01T14:27:35.887+0000: 6.187: Total time for which application threads were stopped: 0.0001011 seconds, Stopping threads took: 0.0000261 seconds
2016-03-01T14:27:35.887+0000: 6.187: Total time for which application threads were stopped: 0.0000948 seconds, Stopping threads took: 0.0000253 seconds
2016-03-01T14:27:35.887+0000: 6.187: Total time for which application threads were stopped: 0.0000963 seconds, Stopping threads took: 0.0000245 seconds
2016-03-01T14:27:35.888+0000: 6.187: Total time for which application threads were stopped: 0.0000995 seconds, Stopping threads took: 0.0000268 seconds
2016-03-01T14:27:35.902+0000: 6.202: Total time for which application threads were stopped: 0.0010526 seconds, Stopping threads took: 0.0009041 seconds
2016-03-01T14:27:35.902+0000: 6.202: Total time for which application threads were stopped: 0.0001319 seconds, Stopping threads took: 0.0000497 seconds
2016-03-01T14:27:35.903+0000: 6.202: Total time for which application threads were stopped: 0.0001216 seconds, Stopping threads took: 0.0000419 seconds
2016-03-01T14:27:35.910+0000: 6.210: Total time for which application threads were stopped: 0.0005141 seconds, Stopping threads took: 0.0004248 seconds
2016-03-01T14:27:35.910+0000: 6.210: Total time for which application threads were stopped: 0.0000782 seconds, Stopping threads took: 0.0000308 seconds
2016-03-01T14:27:36.221+0000: 6.521: Total time for which application threads were stopped: 0.0001595 seconds, Stopping threads took: 0.0000442 seconds
2016-03-01T14:27:36.221+0000: 6.521: Total time for which application threads were stopped: 0.0000663 seconds, Stopping threads took: 0.0000205 seconds
2016-03-01T14:27:36.221+0000: 6.521: Total time for which application threads were stopped: 0.0000632 seconds, Stopping threads took: 0.0000197 seconds
2016-03-01T14:27:36.283+0000: 6.583: Total time for which application threads were stopped: 0.0004564 seconds, Stopping threads took: 0.0000411 seconds
{Heap before GC invocations=1 (full 0):
 par new generation   total 109248K, used 93112K [0x00000000e0000000, 0x00000000e8000000, 0x00000000e8000000)
  eden space 87424K, 100% used [0x00000000e0000000, 0x00000000e5560000, 0x00000000e5560000)
  from space 21824K,  26% used [0x00000000e6ab0000, 0x00000000e703e1f0, 0x00000000e8000000)
  to   space 21824K,   0% used [0x00000000e5560000, 0x00000000e5560000, 0x00000000e6ab0000)
 concurrent mark-sweep generation total 393216K, used 0K [0x00000000e8000000, 0x0000000100000000, 0x0000000100000000)
 Metaspace       used 19733K, capacity 20116K, committed 20480K, reserved 1067008K
  class space    used 2349K, capacity 2488K, committed 2560K, reserved 1048576K
2016-03-01T14:27:36.320+0000: 6.619: [GC (Allocation Failure) 2016-03-01T14:27:36.320+0000: 6.619: [ParNew
Desired survivor size 20112992 bytes, new threshold 8 (max 8)
- age   1:    7736928 bytes,    7736928 total
- age   2:    2552616 bytes,   10289544 total
: 93112K->11258K(109248K), 0.0504056 secs] 93112K->11258K(502464K), 0.0505580 secs] [Times: user=0.05 sys=0.00, real=0.05 secs] 
Heap after GC invocations=2 (full 0):
 par new generation   total 109248K, used 11258K [0x00000000e0000000, 0x00000000e8000000, 0x00000000e8000000)
  eden space 87424K,   0% used [0x00000000e0000000, 0x00000000e0000000, 0x00000000e5560000)
  from space 21824K,  51% used [0x00000000e5560000, 0x00000000e605e8a0, 0x00000000e6ab0000)
  to   space 21824K,   0% used [0x00000000e6ab0000, 0x00000000e6ab0000, 0x00000000e8000000)
 concurrent mark-sweep generation total 393216K, used 0K [0x00000000e8000000, 0x0000000100000000, 0x0000000100000000)
 Metaspace       used 19733K, capacity 20116K, committed 20480K, reserved 1067008K
  class space    used 2349K, capacity 2488K, committed 2560K, reserved 1048576K
}
2016-03-01T14:27:36.370+0000: 6.670: Total time for which application threads were stopped: 0.0509521 seconds, Stopping threads took: 0.0000450 seconds
2016-03-01T14:27:36.374+0000: 6.674: Total time for which application threads were stopped: 0.0016014 seconds, Stopping threads took: 0.0014751 seconds
2016-03-01T14:27:36.376+0000: 6.675: Total time for which application threads were stopped: 0.0000995 seconds, Stopping threads took: 0.0000482 seconds
2016-03-01T14:27:36.386+0000: 6.685: Total time for which application threads were stopped: 0.0001350 seconds, Stopping threads took: 0.0000561 seconds
2016-03-01T14:27:36.406+0000: 6.706: Total time for which application threads were stopped: 0.0004438 seconds, Stopping threads took: 0.0000537 seconds
2016-03-01T14:27:36.691+0000: 6.990: Total time for which application threads were stopped: 0.0002424 seconds, Stopping threads took: 0.0000845 seconds
2016-03-01T14:27:36.703+0000: 7.003: Total time for which application threads were stopped: 0.0001445 seconds, Stopping threads took: 0.0000513 seconds
2016-03-01T14:27:36.790+0000: 7.090: Total time for which application threads were stopped: 0.0001603 seconds, Stopping threads took: 0.0000490 seconds
2016-03-01T14:27:36.901+0000: 7.200: Total time for which application threads were stopped: 0.0001540 seconds, Stopping threads took: 0.0000545 seconds
2016-03-01T14:27:36.983+0000: 7.283: Total time for which application threads were stopped: 0.0001808 seconds, Stopping threads took: 0.0000576 seconds
2016-03-01T14:27:37.199+0000: 7.498: Total time for which application threads were stopped: 0.0001998 seconds, Stopping threads took: 0.0000671 seconds
2016-03-01T14:27:37.495+0000: 7.795: Total time for which application threads were stopped: 0.0002116 seconds, Stopping threads took: 0.0000482 seconds
2016-03-01T14:27:37.499+0000: 7.799: Total time for which application threads were stopped: 0.0001879 seconds, Stopping threads took: 0.0000576 seconds
{Heap before GC invocations=2 (full 0):
 par new generation   total 109248K, used 98682K [0x00000000e0000000, 0x00000000e8000000, 0x00000000e8000000)
  eden space 87424K, 100% used [0x00000000e0000000, 0x00000000e5560000, 0x00000000e5560000)
  from space 21824K,  51% used [0x00000000e5560000, 0x00000000e605e8a0, 0x00000000e6ab0000)
  to   space 21824K,   0% used [0x00000000e6ab0000, 0x00000000e6ab0000, 0x00000000e8000000)
 concurrent mark-sweep generation total 393216K, used 0K [0x00000000e8000000, 0x0000000100000000, 0x0000000100000000)
 Metaspace       used 21411K, capacity 21792K, committed 21960K, reserved 1069056K
  class space    used 2542K, capacity 2682K, committed 2688K, reserved 1048576K
2016-03-01T14:27:37.562+0000: 7.861: [GC (Allocation Failure) 2016-03-01T14:27:37.562+0000: 7.862: [ParNew
Desired survivor size 20112992 bytes, new threshold 8 (max 8)
- age   1:    1836848 bytes,    1836848 total
- age   2:    2351824 bytes,    4188672 total
- age   3:    2548696 bytes,    6737368 total
: 98682K->12711K(109248K), 0.0455209 secs] 98682K->12711K(502464K), 0.0456828 secs] [Times: user=0.03 sys=0.00, real=0.05 secs] 
Heap after GC invocations=3 (full 0):
 par new generation   total 109248K, used 12711K [0x00000000e0000000, 0x00000000e8000000, 0x00000000e8000000)
  eden space 87424K,   0% used [0x00000000e0000000, 0x00000000e0000000, 0x00000000e5560000)
  from space 21824K,  58% used [0x00000000e6ab0000, 0x00000000e7719f00, 0x00000000e8000000)
  to   space 21824K,   0% used [0x00000000e5560000, 0x00000000e5560000, 0x00000000e6ab0000)
 concurrent mark-sweep generation total 393216K, used 0K [0x00000000e8000000, 0x0000000100000000, 0x0000000100000000)
 Metaspace       used 21411K, capacity 21792K, committed 21960K, reserved 1069056K
  class space    used 2542K, capacity 2682K, committed 2688K, reserved 1048576K
}
2016-03-01T14:27:37.608+0000: 7.907: Total time for which application threads were stopped: 0.0461242 seconds, Stopping threads took: 0.0000521 seconds
2016-03-01T14:27:37.609+0000: 7.908: [GC (CMS Initial Mark) [1 CMS-initial-mark: 0K(393216K)] 12743K(502464K), 0.0121519 secs] [Times: user=0.00 sys=0.00, real=0.01 secs] 
2016-03-01T14:27:37.621+0000: 7.921: Total time for which application threads were stopped: 0.0133127 seconds, Stopping threads took: 0.0008844 seconds
2016-03-01T14:27:37.621+0000: 7.921: [CMS-concurrent-mark-start]
2016-03-01T14:27:37.621+0000: 7.921: [CMS-concurrent-mark: 0.000/0.000 secs] [Times: user=0.00 sys=0.00, real=0.00 secs] 
2016-03-01T14:27:37.621+0000: 7.921: [CMS-concurrent-preclean-start]
2016-03-01T14:27:37.624+0000: 7.924: [CMS-concurrent-preclean: 0.003/0.003 secs] [Times: user=0.02 sys=0.00, real=0.00 secs] 
2016-03-01T14:27:37.626+0000: 7.926: Total time for which application threads were stopped: 0.0010565 seconds, Stopping threads took: 0.0009278 seconds
2016-03-01T14:27:37.686+0000: 7.985: [GC (CMS Final Remark) [YG occupancy: 22333 K (109248 K)]{Heap before GC invocations=3 (full 1):
 par new generation   total 109248K, used 22333K [0x00000000e0000000, 0x00000000e8000000, 0x00000000e8000000)
  eden space 87424K,  11% used [0x00000000e0000000, 0x00000000e0965710, 0x00000000e5560000)
  from space 21824K,  58% used [0x00000000e6ab0000, 0x00000000e7719f00, 0x00000000e8000000)
  to   space 21824K,   0% used [0x00000000e5560000, 0x00000000e5560000, 0x00000000e6ab0000)
 concurrent mark-sweep generation total 393216K, used 0K [0x00000000e8000000, 0x0000000100000000, 0x0000000100000000)
 Metaspace       used 21443K, capacity 21810K, committed 21960K, reserved 1069056K
  class space    used 2546K, capacity 2685K, committed 2688K, reserved 1048576K
2016-03-01T14:27:37.686+0000: 7.985: [GC (CMS Final Remark) 2016-03-01T14:27:37.686+0000: 7.986: [ParNew
Desired survivor size 20112992 bytes, new threshold 8 (max 8)
- age   1:     541680 bytes,     541680 total
- age   2:     765720 bytes,    1307400 total
- age   3:    2352408 bytes,    3659808 total
- age   4:    2549672 bytes,    6209480 total
: 22333K->7542K(109248K), 0.0278185 secs] 22333K->7542K(502464K), 0.0279164 secs] [Times: user=0.03 sys=0.00, real=0.03 secs] 
Heap after GC invocations=4 (full 1):
 par new generation   total 109248K, used 7542K [0x00000000e0000000, 0x00000000e8000000, 0x00000000e8000000)
  eden space 87424K,   0% used [0x00000000e0000000, 0x00000000e0000000, 0x00000000e5560000)
  from space 21824K,  34% used [0x00000000e5560000, 0x00000000e5cbda40, 0x00000000e6ab0000)
  to   space 21824K,   0% used [0x00000000e6ab0000, 0x00000000e6ab0000, 0x00000000e8000000)
 concurrent mark-sweep generation total 393216K, used 0K [0x00000000e8000000, 0x0000000100000000, 0x0000000100000000)
 Metaspace       used 21443K, capacity 21810K, committed 21960K, reserved 1069056K
  class space    used 2546K, capacity 2685K, committed 2688K, reserved 1048576K
}
2016-03-01T14:27:37.714+0000: 8.014: [Rescan (parallel) , 0.0074606 secs]2016-03-01T14:27:37.721+0000: 8.021: [weak refs processing, 0.0015272 secs]2016-03-01T14:27:37.723+0000: 8.023: [class unloading, 0.0069307 secs]2016-03-01T14:27:37.730+0000: 8.030: [scrub symbol table, 0.0088883 secs]2016-03-01T14:27:37.739+0000: 8.039: [scrub string table, 0.0006372 secs][1 CMS-remark: 0K(393216K)] 7542K(502464K), 0.0552738 secs] [Times: user=0.08 sys=0.00, real=0.05 secs] 
2016-03-01T14:27:37.741+0000: 8.041: Total time for which application threads were stopped: 0.0605234 seconds, Stopping threads took: 0.0050656 seconds
2016-03-01T14:27:37.800+0000: 8.100: [CMS-concurrent-sweep-start]
2016-03-01T14:27:37.800+0000: 8.100: [CMS-concurrent-sweep: 0.000/0.000 secs] [Times: user=0.00 sys=0.00, real=0.00 secs] 
2016-03-01T14:27:37.800+0000: 8.100: [CMS-concurrent-reset-start]
2016-03-01T14:27:37.805+0000: 8.105: [CMS-concurrent-reset: 0.005/0.005 secs] [Times: user=0.00 sys=0.00, real=0.01 secs] 
2016-03-01T14:27:37.832+0000: 8.132: Total time for which application threads were stopped: 0.0001453 seconds, Stopping threads took: 0.0000426 seconds
2016-03-01T14:27:37.833+0000: 8.132: Total time for which application threads were stopped: 0.0000758 seconds, Stopping threads took: 0.0000213 seconds
2016-03-01T14:27:37.833+0000: 8.133: Total time for which application threads were stopped: 0.0000695 seconds, Stopping threads took: 0.0000197 seconds
2016-03-01T14:27:37.833+0000: 8.133: Total time for which application threads were stopped: 0.0000671 seconds, Stopping threads took: 0.0000182 seconds
2016-03-01T14:27:37.833+0000: 8.133: Total time for which application threads were stopped: 0.0000711 seconds, Stopping threads took: 0.0000205 seconds
2016-03-01T14:27:37.833+0000: 8.133: Total time for which application threads were stopped: 0.0000671 seconds, Stopping threads took: 0.0000197 seconds
2016-03-01T14:27:37.834+0000: 8.133: Total time for which application threads were stopped: 0.0000916 seconds, Stopping threads took: 0.0000450 seconds
2016-03-01T14:27:37.834+0000: 8.133: Total time for which application threads were stopped: 0.0000640 seconds, Stopping threads took: 0.0000190 seconds
2016-03-01T14:27:37.834+0000: 8.134: Total time for which application threads were stopped: 0.0002243 seconds, Stopping threads took: 0.0000182 seconds
2016-03-01T14:27:37.859+0000: 8.158: Total time for which application threads were stopped: 0.0001303 seconds, Stopping threads took: 0.0000442 seconds
2016-03-01T14:27:37.864+0000: 8.163: Total time for which application threads were stopped: 0.0001311 seconds, Stopping threads took: 0.0000387 seconds
2016-03-01T14:27:37.864+0000: 8.164: Total time for which application threads were stopped: 0.0000750 seconds, Stopping threads took: 0.0000213 seconds
2016-03-01T14:27:38.021+0000: 8.321: Total time for which application threads were stopped: 0.0002124 seconds, Stopping threads took: 0.0000442 seconds
2016-03-01T14:27:38.041+0000: 8.340: Total time for which application threads were stopped: 0.0001761 seconds, Stopping threads took: 0.0000545 seconds
2016-03-01T14:27:38.043+0000: 8.343: Total time for which application threads were stopped: 0.0001485 seconds, Stopping threads took: 0.0000442 seconds
2016-03-01T14:27:38.102+0000: 8.402: Total time for which application threads were stopped: 0.0001619 seconds, Stopping threads took: 0.0000458 seconds
2016-03-01T14:27:38.127+0000: 8.427: Total time for which application threads were stopped: 0.0005283 seconds, Stopping threads took: 0.0000442 seconds
2016-03-01T14:27:38.288+0000: 8.588: Total time for which application threads were stopped: 0.0001840 seconds, Stopping threads took: 0.0000434 seconds
2016-03-01T14:27:38.317+0000: 8.617: Total time for which application threads were stopped: 0.0001421 seconds, Stopping threads took: 0.0000466 seconds
2016-03-01T14:27:38.441+0000: 8.741: Total time for which application threads were stopped: 0.0001279 seconds, Stopping threads took: 0.0000450 seconds
2016-03-01T14:27:38.646+0000: 8.946: Total time for which application threads were stopped: 0.0001903 seconds, Stopping threads took: 0.0000529 seconds
2016-03-01T14:27:38.648+0000: 8.948: Total time for which application threads were stopped: 0.0003640 seconds, Stopping threads took: 0.0002401 seconds
2016-03-01T14:27:38.879+0000: 9.179: Total time for which application threads were stopped: 0.0001406 seconds, Stopping threads took: 0.0000450 seconds
2016-03-01T14:27:38.879+0000: 9.179: Total time for which application threads were stopped: 0.0000655 seconds, Stopping threads took: 0.0000190 seconds
2016-03-01T14:27:39.021+0000: 9.321: Total time for which application threads were stopped: 0.0008220 seconds, Stopping threads took: 0.0000505 seconds
2016-03-01T14:27:39.388+0000: 9.688: Total time for which application threads were stopped: 0.0001753 seconds, Stopping threads took: 0.0000482 seconds
2016-03-01T14:27:39.424+0000: 9.724: Total time for which application threads were stopped: 0.0061608 seconds, Stopping threads took: 0.0059737 seconds
2016-03-01T14:27:39.783+0000: 10.083: Total time for which application threads were stopped: 0.0001982 seconds, Stopping threads took: 0.0000624 seconds
2016-03-01T14:27:39.787+0000: 10.086: Total time for which application threads were stopped: 0.0001224 seconds, Stopping threads took: 0.0000521 seconds
2016-03-01T14:27:39.788+0000: 10.087: Total time for which application threads were stopped: 0.0000821 seconds, Stopping threads took: 0.0000268 seconds
2016-03-01T14:27:40.301+0000: 10.601: Total time for which application threads were stopped: 0.0001248 seconds, Stopping threads took: 0.0000450 seconds
2016-03-01T14:27:40.301+0000: 10.601: Total time for which application threads were stopped: 0.0000679 seconds, Stopping threads took: 0.0000205 seconds
2016-03-01T14:27:40.304+0000: 10.604: Total time for which application threads were stopped: 0.0001224 seconds, Stopping threads took: 0.0000450 seconds
2016-03-01T14:27:40.305+0000: 10.605: Total time for which application threads were stopped: 0.0000908 seconds, Stopping threads took: 0.0000316 seconds
2016-03-01T14:27:40.308+0000: 10.607: Total time for which application threads were stopped: 0.0001232 seconds, Stopping threads took: 0.0000466 seconds
2016-03-01T14:27:40.308+0000: 10.608: Total time for which application threads were stopped: 0.0000813 seconds, Stopping threads took: 0.0000316 seconds
2016-03-01T14:27:40.316+0000: 10.616: Total time for which application threads were stopped: 0.0001303 seconds, Stopping threads took: 0.0000545 seconds
2016-03-01T14:27:40.316+0000: 10.616: Total time for which application threads were stopped: 0.0002306 seconds, Stopping threads took: 0.0000261 seconds
2016-03-01T14:27:40.366+0000: 10.666: Total time for which application threads were stopped: 0.0005251 seconds, Stopping threads took: 0.0000561 seconds
2016-03-01T14:27:40.378+0000: 10.677: Total time for which application threads were stopped: 0.0005701 seconds, Stopping threads took: 0.0000521 seconds
2016-03-01T14:27:40.397+0000: 10.697: Total time for which application threads were stopped: 0.0001516 seconds, Stopping threads took: 0.0000529 seconds
2016-03-01T14:27:40.406+0000: 10.706: Total time for which application threads were stopped: 0.0010621 seconds, Stopping threads took: 0.0009665 seconds
2016-03-01T14:27:40.485+0000: 10.785: Total time for which application threads were stopped: 0.0001374 seconds, Stopping threads took: 0.0000521 seconds
2016-03-01T14:27:41.330+0000: 11.630: Total time for which application threads were stopped: 0.0001958 seconds, Stopping threads took: 0.0000632 seconds
2016-03-01T14:27:41.331+0000: 11.631: Total time for which application threads were stopped: 0.0001137 seconds, Stopping threads took: 0.0000355 seconds
2016-03-01T14:27:41.332+0000: 11.632: Total time for which application threads were stopped: 0.0001050 seconds, Stopping threads took: 0.0000347 seconds
2016-03-01T14:27:43.918+0000: 14.218: Total time for which application threads were stopped: 0.0001556 seconds, Stopping threads took: 0.0000592 seconds
2016-03-01T14:27:43.918+0000: 14.218: Total time for which application threads were stopped: 0.0000979 seconds, Stopping threads took: 0.0000347 seconds
2016-03-01T14:27:43.919+0000: 14.219: Total time for which application threads were stopped: 0.0000971 seconds, Stopping threads took: 0.0000324 seconds
2016-03-01T14:27:43.919+0000: 14.219: Total time for which application threads were stopped: 0.0000877 seconds, Stopping threads took: 0.0000268 seconds
2016-03-01T14:27:43.919+0000: 14.219: Total time for which application threads were stopped: 0.0000829 seconds, Stopping threads took: 0.0000284 seconds
2016-03-01T14:27:43.919+0000: 14.219: Total time for which application threads were stopped: 0.0000774 seconds, Stopping threads took: 0.0000253 seconds
2016-03-01T14:27:43.920+0000: 14.220: Total time for which application threads were stopped: 0.0000790 seconds, Stopping threads took: 0.0000268 seconds
2016-03-01T14:27:43.920+0000: 14.220: Total time for which application threads were stopped: 0.0000790 seconds, Stopping threads took: 0.0000261 seconds
2016-03-01T14:27:43.920+0000: 14.220: Total time for which application threads were stopped: 0.0000845 seconds, Stopping threads took: 0.0000292 seconds
2016-03-01T14:27:43.920+0000: 14.220: Total time for which application threads were stopped: 0.0000782 seconds, Stopping threads took: 0.0000268 seconds
2016-03-01T14:27:43.922+0000: 14.222: Total time for which application threads were stopped: 0.0001311 seconds, Stopping threads took: 0.0000466 seconds
2016-03-01T14:27:43.940+0000: 14.240: Total time for which application threads were stopped: 0.0004927 seconds, Stopping threads took: 0.0003948 seconds
2016-03-01T14:27:43.941+0000: 14.241: Total time for which application threads were stopped: 0.0001184 seconds, Stopping threads took: 0.0000434 seconds
2016-03-01T14:27:44.008+0000: 14.308: Total time for which application threads were stopped: 0.0001714 seconds, Stopping threads took: 0.0000648 seconds
2016-03-01T14:27:44.009+0000: 14.309: Total time for which application threads were stopped: 0.0003411 seconds, Stopping threads took: 0.0000379 seconds
2016-03-01T14:27:44.033+0000: 14.333: Total time for which application threads were stopped: 0.0001421 seconds, Stopping threads took: 0.0000505 seconds
2016-03-01T14:27:44.039+0000: 14.339: Total time for which application threads were stopped: 0.0001666 seconds, Stopping threads took: 0.0000584 seconds
2016-03-01T14:27:44.052+0000: 14.352: Total time for which application threads were stopped: 0.0018557 seconds, Stopping threads took: 0.0017206 seconds
2016-03-01T14:27:44.056+0000: 14.356: Total time for which application threads were stopped: 0.0001461 seconds, Stopping threads took: 0.0000513 seconds
2016-03-01T14:27:44.058+0000: 14.358: Total time for which application threads were stopped: 0.0001398 seconds, Stopping threads took: 0.0000513 seconds
2016-03-01T14:27:44.063+0000: 14.363: Total time for which application threads were stopped: 0.0002132 seconds, Stopping threads took: 0.0000561 seconds
2016-03-01T14:27:44.075+0000: 14.375: Total time for which application threads were stopped: 0.0001524 seconds, Stopping threads took: 0.0000545 seconds
2016-03-01T14:27:44.076+0000: 14.376: Total time for which application threads were stopped: 0.0000963 seconds, Stopping threads took: 0.0000308 seconds
2016-03-01T14:27:44.079+0000: 14.379: Total time for which application threads were stopped: 0.0001429 seconds, Stopping threads took: 0.0000482 seconds
{Heap before GC invocations=4 (full 1):
 par new generation   total 109248K, used 94966K [0x00000000e0000000, 0x00000000e8000000, 0x00000000e8000000)
  eden space 87424K, 100% used [0x00000000e0000000, 0x00000000e5560000, 0x00000000e5560000)
  from space 21824K,  34% used [0x00000000e5560000, 0x00000000e5cbda40, 0x00000000e6ab0000)
  to   space 21824K,   0% used [0x00000000e6ab0000, 0x00000000e6ab0000, 0x00000000e8000000)
 concurrent mark-sweep generation total 393216K, used 0K [0x00000000e8000000, 0x0000000100000000, 0x0000000100000000)
 Metaspace       used 27192K, capacity 27432K, committed 27776K, reserved 1073152K
  class space    used 3265K, capacity 3370K, committed 3456K, reserved 1048576K
2016-03-01T14:27:44.092+0000: 14.392: [GC (Allocation Failure) 2016-03-01T14:27:44.093+0000: 14.392: [ParNew
Desired survivor size 20112992 bytes, new threshold 8 (max 8)
- age   1:    6360864 bytes,    6360864 total
- age   2:      18144 bytes,    6379008 total
- age   3:     243976 bytes,    6622984 total
- age   4:    2305088 bytes,    8928072 total
- age   5:    2547968 bytes,   11476040 total
: 94966K->13461K(109248K), 0.0435199 secs] 94966K->13461K(502464K), 0.0437015 secs] [Times: user=0.06 sys=0.00, real=0.04 secs] 
Heap after GC invocations=5 (full 1):
 par new generation   total 109248K, used 13461K [0x00000000e0000000, 0x00000000e8000000, 0x00000000e8000000)
  eden space 87424K,   0% used [0x00000000e0000000, 0x00000000e0000000, 0x00000000e5560000)
  from space 21824K,  61% used [0x00000000e6ab0000, 0x00000000e77d5640, 0x00000000e8000000)
  to   space 21824K,   0% used [0x00000000e5560000, 0x00000000e5560000, 0x00000000e6ab0000)
 concurrent mark-sweep generation total 393216K, used 0K [0x00000000e8000000, 0x0000000100000000, 0x0000000100000000)
 Metaspace       used 27192K, capacity 27432K, committed 27776K, reserved 1073152K
  class space    used 3265K, capacity 3370K, committed 3456K, reserved 1048576K
}
2016-03-01T14:27:44.136+0000: 14.436: Total time for which application threads were stopped: 0.0445559 seconds, Stopping threads took: 0.0000458 seconds
2016-03-01T14:27:44.138+0000: 14.437: Total time for which application threads were stopped: 0.0002093 seconds, Stopping threads took: 0.0000853 seconds
2016-03-01T14:27:44.145+0000: 14.445: Total time for which application threads were stopped: 0.0002132 seconds, Stopping threads took: 0.0000466 seconds
2016-03-01T14:27:44.145+0000: 14.445: Total time for which application threads were stopped: 0.0000853 seconds, Stopping threads took: 0.0000276 seconds
2016-03-01T14:27:44.177+0000: 14.477: Total time for which application threads were stopped: 0.0002014 seconds, Stopping threads took: 0.0000529 seconds
2016-03-01T14:27:44.198+0000: 14.498: Total time for which application threads were stopped: 0.0033923 seconds, Stopping threads took: 0.0032407 seconds
2016-03-01T14:27:44.200+0000: 14.500: Total time for which application threads were stopped: 0.0001184 seconds, Stopping threads took: 0.0000403 seconds
2016-03-01T14:27:44.209+0000: 14.509: Total time for which application threads were stopped: 0.0028941 seconds, Stopping threads took: 0.0027535 seconds
2016-03-01T14:27:44.211+0000: 14.511: Total time for which application threads were stopped: 0.0001785 seconds, Stopping threads took: 0.0000537 seconds
2016-03-01T14:27:44.212+0000: 14.512: Total time for which application threads were stopped: 0.0001279 seconds, Stopping threads took: 0.0000442 seconds
2016-03-01T14:27:44.217+0000: 14.517: Total time for which application threads were stopped: 0.0001800 seconds, Stopping threads took: 0.0000529 seconds
2016-03-01T14:27:44.314+0000: 14.614: Total time for which application threads were stopped: 0.0001492 seconds, Stopping threads took: 0.0000553 seconds
2016-03-01T14:27:44.330+0000: 14.630: Total time for which application threads were stopped: 0.0001398 seconds, Stopping threads took: 0.0000497 seconds
2016-03-01T14:27:44.343+0000: 14.642: Total time for which application threads were stopped: 0.0002298 seconds, Stopping threads took: 0.0001216 seconds
2016-03-01T14:27:44.344+0000: 14.644: Total time for which application threads were stopped: 0.0001027 seconds, Stopping threads took: 0.0000355 seconds
2016-03-01T14:27:44.344+0000: 14.644: Total time for which application threads were stopped: 0.0000813 seconds, Stopping threads took: 0.0000261 seconds
2016-03-01T14:27:44.371+0000: 14.671: Total time for which application threads were stopped: 0.0001564 seconds, Stopping threads took: 0.0000584 seconds
2016-03-01T14:27:44.386+0000: 14.686: Total time for which application threads were stopped: 0.0125515 seconds, Stopping threads took: 0.0122561 seconds
2016-03-01T14:27:44.715+0000: 15.015: Total time for which application threads were stopped: 0.0001990 seconds, Stopping threads took: 0.0000521 seconds
2016-03-01T14:27:44.818+0000: 15.117: Total time for which application threads were stopped: 0.0001374 seconds, Stopping threads took: 0.0000442 seconds
2016-03-01T14:27:44.833+0000: 15.133: Total time for which application threads were stopped: 0.0001745 seconds, Stopping threads took: 0.0000553 seconds
2016-03-01T14:27:44.833+0000: 15.133: Total time for which application threads were stopped: 0.0000829 seconds, Stopping threads took: 0.0000229 seconds
2016-03-01T14:27:44.847+0000: 15.147: Total time for which application threads were stopped: 0.0003317 seconds, Stopping threads took: 0.0000545 seconds
2016-03-01T14:27:44.850+0000: 15.150: Total time for which application threads were stopped: 0.0001729 seconds, Stopping threads took: 0.0000513 seconds
2016-03-01T14:27:44.866+0000: 15.166: Total time for which application threads were stopped: 0.0001816 seconds, Stopping threads took: 0.0000663 seconds
2016-03-01T14:27:44.874+0000: 15.174: Total time for which application threads were stopped: 0.0001666 seconds, Stopping threads took: 0.0000521 seconds
2016-03-01T14:27:44.874+0000: 15.174: Total time for which application threads were stopped: 0.0001098 seconds, Stopping threads took: 0.0000197 seconds
2016-03-01T14:27:44.874+0000: 15.174: Total time for which application threads were stopped: 0.0000750 seconds, Stopping threads took: 0.0000205 seconds
2016-03-01T14:27:44.874+0000: 15.174: Total time for which application threads were stopped: 0.0000734 seconds, Stopping threads took: 0.0000197 seconds
2016-03-01T14:27:44.874+0000: 15.174: Total time for which application threads were stopped: 0.0000766 seconds, Stopping threads took: 0.0000190 seconds
2016-03-01T14:27:44.875+0000: 15.175: Total time for which application threads were stopped: 0.0000742 seconds, Stopping threads took: 0.0000205 seconds
2016-03-01T14:27:44.875+0000: 15.175: Total time for which application threads were stopped: 0.0000821 seconds, Stopping threads took: 0.0000229 seconds
2016-03-01T14:27:44.882+0000: 15.182: Total time for which application threads were stopped: 0.0001406 seconds, Stopping threads took: 0.0000529 seconds
2016-03-01T14:27:45.883+0000: 16.182: Total time for which application threads were stopped: 0.0001421 seconds, Stopping threads took: 0.0000466 seconds
2016-03-01T14:27:47.507+0000: 17.806: Total time for which application threads were stopped: 0.0001492 seconds, Stopping threads took: 0.0000553 seconds
2016-03-01T14:27:47.523+0000: 17.822: Total time for which application threads were stopped: 0.0015769 seconds, Stopping threads took: 0.0011071 seconds
2016-03-01T14:27:47.525+0000: 17.824: Total time for which application threads were stopped: 0.0001113 seconds, Stopping threads took: 0.0000379 seconds
2016-03-01T14:27:47.607+0000: 17.906: Total time for which application threads were stopped: 0.0001761 seconds, Stopping threads took: 0.0000616 seconds
2016-03-01T14:27:47.638+0000: 17.937: Total time for which application threads were stopped: 0.0001832 seconds, Stopping threads took: 0.0000553 seconds
2016-03-01T14:27:47.639+0000: 17.938: Total time for which application threads were stopped: 0.0001184 seconds, Stopping threads took: 0.0000355 seconds
2016-03-01T14:27:47.639+0000: 17.938: Total time for which application threads were stopped: 0.0000908 seconds, Stopping threads took: 0.0000261 seconds
2016-03-01T14:27:47.639+0000: 17.938: Total time for which application threads were stopped: 0.0000892 seconds, Stopping threads took: 0.0000261 seconds
2016-03-01T14:27:47.640+0000: 17.939: Total time for which application threads were stopped: 0.0001311 seconds, Stopping threads took: 0.0000450 seconds
2016-03-01T14:27:47.640+0000: 17.939: Total time for which application threads were stopped: 0.0000916 seconds, Stopping threads took: 0.0000261 seconds
2016-03-01T14:27:47.642+0000: 17.941: Total time for which application threads were stopped: 0.0005962 seconds, Stopping threads took: 0.0004809 seconds
2016-03-01T14:27:47.643+0000: 17.942: Total time for which application threads were stopped: 0.0001153 seconds, Stopping threads took: 0.0000332 seconds
2016-03-01T14:27:47.643+0000: 17.942: Total time for which application threads were stopped: 0.0000916 seconds, Stopping threads took: 0.0000237 seconds
2016-03-01T14:27:47.644+0000: 17.943: Total time for which application threads were stopped: 0.0001279 seconds, Stopping threads took: 0.0000371 seconds
2016-03-01T14:27:47.661+0000: 17.960: Total time for which application threads were stopped: 0.0001745 seconds, Stopping threads took: 0.0000411 seconds
2016-03-01T14:27:48.567+0000: 18.866: Total time for which application threads were stopped: 0.0001714 seconds, Stopping threads took: 0.0000466 seconds
2016-03-01T14:27:48.596+0000: 18.895: Total time for which application threads were stopped: 0.0001319 seconds, Stopping threads took: 0.0000426 seconds
2016-03-01T14:27:48.604+0000: 18.903: Total time for which application threads were stopped: 0.0002843 seconds, Stopping threads took: 0.0001753 seconds
2016-03-01T14:27:48.605+0000: 18.905: Total time for which application threads were stopped: 0.0001319 seconds, Stopping threads took: 0.0000355 seconds
2016-03-01T14:27:48.637+0000: 18.936: Total time for which application threads were stopped: 0.0001421 seconds, Stopping threads took: 0.0000466 seconds
2016-03-01T14:27:48.637+0000: 18.936: Total time for which application threads were stopped: 0.0000798 seconds, Stopping threads took: 0.0000205 seconds
2016-03-01T14:27:48.839+0000: 19.138: Total time for which application threads were stopped: 0.0001564 seconds, Stopping threads took: 0.0000426 seconds
2016-03-01T14:27:48.841+0000: 19.140: Total time for which application threads were stopped: 0.0001027 seconds, Stopping threads took: 0.0000292 seconds
2016-03-01T14:27:48.842+0000: 19.141: Total time for which application threads were stopped: 0.0001121 seconds, Stopping threads took: 0.0000347 seconds
2016-03-01T14:27:48.842+0000: 19.141: Total time for which application threads were stopped: 0.0000734 seconds, Stopping threads took: 0.0000197 seconds
2016-03-01T14:27:48.843+0000: 19.142: Total time for which application threads were stopped: 0.0000726 seconds, Stopping threads took: 0.0000197 seconds
2016-03-01T14:27:48.844+0000: 19.143: Total time for which application threads were stopped: 0.0001042 seconds, Stopping threads took: 0.0000332 seconds
2016-03-01T14:27:48.844+0000: 19.143: Total time for which application threads were stopped: 0.0000750 seconds, Stopping threads took: 0.0000205 seconds
2016-03-01T14:27:48.844+0000: 19.143: Total time for which application threads were stopped: 0.0000766 seconds, Stopping threads took: 0.0000190 seconds
2016-03-01T14:27:48.859+0000: 19.158: Total time for which application threads were stopped: 0.0001714 seconds, Stopping threads took: 0.0000576 seconds
2016-03-01T14:27:48.860+0000: 19.159: Total time for which application threads were stopped: 0.0001161 seconds, Stopping threads took: 0.0000379 seconds
2016-03-01T14:27:48.905+0000: 19.204: Total time for which application threads were stopped: 0.0002006 seconds, Stopping threads took: 0.0000924 seconds
2016-03-01T14:27:48.912+0000: 19.211: Total time for which application threads were stopped: 0.0005851 seconds, Stopping threads took: 0.0000679 seconds
2016-03-01T14:27:49.237+0000: 19.536: Total time for which application threads were stopped: 0.0006712 seconds, Stopping threads took: 0.0000466 seconds
2016-03-01T14:27:49.371+0000: 19.670: Total time for which application threads were stopped: 0.0001650 seconds, Stopping threads took: 0.0000490 seconds
2016-03-01T14:27:49.698+0000: 19.998: Total time for which application threads were stopped: 0.0002179 seconds, Stopping threads took: 0.0000679 seconds
2016-03-01T14:27:50.108+0000: 20.407: Total time for which application threads were stopped: 0.0001635 seconds, Stopping threads took: 0.0000411 seconds
2016-03-01T14:27:50.108+0000: 20.407: Total time for which application threads were stopped: 0.0000877 seconds, Stopping threads took: 0.0000229 seconds
2016-03-01T14:27:50.146+0000: 20.451: Total time for which application threads were stopped: 0.0003332 seconds, Stopping threads took: 0.0000829 seconds
2016-03-01T14:27:50.175+0000: 20.474: Total time for which application threads were stopped: 0.0003088 seconds, Stopping threads took: 0.0000569 seconds
2016-03-01T14:27:50.231+0000: 20.530: Total time for which application threads were stopped: 0.0001477 seconds, Stopping threads took: 0.0000458 seconds
2016-03-01T14:27:50.299+0000: 20.599: Total time for which application threads were stopped: 0.0001350 seconds, Stopping threads took: 0.0000403 seconds
2016-03-01T14:27:50.426+0000: 20.733: Total time for which application threads were stopped: 0.0001500 seconds, Stopping threads took: 0.0000537 seconds
2016-03-01T14:27:50.426+0000: 20.733: Total time for which application threads were stopped: 0.0000955 seconds, Stopping threads took: 0.0000316 seconds
2016-03-01T14:27:50.436+0000: 20.735: Total time for which application threads were stopped: 0.0001445 seconds, Stopping threads took: 0.0000474 seconds
2016-03-01T14:27:50.437+0000: 20.736: Total time for which application threads were stopped: 0.0001098 seconds, Stopping threads took: 0.0000379 seconds
2016-03-01T14:27:50.443+0000: 20.742: Total time for which application threads were stopped: 0.0001485 seconds, Stopping threads took: 0.0000537 seconds
2016-03-01T14:27:50.449+0000: 20.748: Total time for which application threads were stopped: 0.0001516 seconds, Stopping threads took: 0.0000561 seconds
2016-03-01T14:27:50.449+0000: 20.748: Total time for which application threads were stopped: 0.0001090 seconds, Stopping threads took: 0.0000505 seconds
2016-03-01T14:27:50.449+0000: 20.749: Total time for which application threads were stopped: 0.0001240 seconds, Stopping threads took: 0.0000608 seconds
2016-03-01T14:27:50.450+0000: 20.749: Total time for which application threads were stopped: 0.0001113 seconds, Stopping threads took: 0.0000545 seconds
2016-03-01T14:27:50.466+0000: 20.769: Total time for which application threads were stopped: 0.0001492 seconds, Stopping threads took: 0.0000482 seconds
2016-03-01T14:27:52.466+0000: 22.765: Total time for which application threads were stopped: 0.0001666 seconds, Stopping threads took: 0.0000490 seconds
2016-03-01T14:27:58.473+0000: 28.772: Total time for which application threads were stopped: 0.0001398 seconds, Stopping threads took: 0.0000482 seconds
2016-03-01T14:29:45.581+0000: 135.886: Total time for which application threads were stopped: 0.0001564 seconds, Stopping threads took: 0.0000474 seconds
2016-03-01T14:29:59.306+0000: 149.611: Total time for which application threads were stopped: 0.0335996 seconds, Stopping threads took: 0.0334519 seconds
2016-03-01T14:29:59.308+0000: 149.613: Total time for which application threads were stopped: 0.0001295 seconds, Stopping threads took: 0.0000505 seconds
2016-03-01T14:29:59.317+0000: 149.623: Total time for which application threads were stopped: 0.0001390 seconds, Stopping threads took: 0.0000403 seconds
2016-03-01T14:29:59.317+0000: 149.623: Total time for which application threads were stopped: 0.0000805 seconds, Stopping threads took: 0.0000221 seconds
2016-03-01T14:29:59.318+0000: 149.623: Total time for which application threads were stopped: 0.0000750 seconds, Stopping threads took: 0.0000205 seconds
2016-03-01T14:29:59.321+0000: 149.627: Total time for which application threads were stopped: 0.0001327 seconds, Stopping threads took: 0.0000371 seconds
2016-03-01T14:29:59.323+0000: 149.628: Total time for which application threads were stopped: 0.0000948 seconds, Stopping threads took: 0.0000261 seconds
2016-03-01T14:29:59.327+0000: 149.632: Total time for which application threads were stopped: 0.0001129 seconds, Stopping threads took: 0.0000340 seconds
2016-03-01T14:29:59.335+0000: 149.640: Total time for which application threads were stopped: 0.0001342 seconds, Stopping threads took: 0.0000403 seconds
2016-03-01T14:29:59.335+0000: 149.641: Total time for which application threads were stopped: 0.0000719 seconds, Stopping threads took: 0.0000190 seconds
2016-03-01T14:29:59.335+0000: 149.641: Total time for which application threads were stopped: 0.0000703 seconds, Stopping threads took: 0.0000190 seconds
2016-03-01T14:29:59.335+0000: 149.641: Total time for which application threads were stopped: 0.0000695 seconds, Stopping threads took: 0.0000190 seconds
2016-03-01T14:29:59.336+0000: 149.641: Total time for which application threads were stopped: 0.0000813 seconds, Stopping threads took: 0.0000213 seconds
2016-03-01T14:29:59.342+0000: 149.648: Total time for which application threads were stopped: 0.0001887 seconds, Stopping threads took: 0.0000379 seconds
2016-03-01T14:29:59.343+0000: 149.648: Total time for which application threads were stopped: 0.0000837 seconds, Stopping threads took: 0.0000292 seconds
2016-03-01T14:29:59.343+0000: 149.649: Total time for which application threads were stopped: 0.0000837 seconds, Stopping threads took: 0.0000292 seconds
2016-03-01T14:29:59.376+0000: 149.682: Total time for which application threads were stopped: 0.0001240 seconds, Stopping threads took: 0.0000608 seconds
2016-03-01T14:29:59.376+0000: 149.682: Total time for which application threads were stopped: 0.0000608 seconds, Stopping threads took: 0.0000261 seconds
2016-03-01T14:29:59.376+0000: 149.682: Total time for which application threads were stopped: 0.0000584 seconds, Stopping threads took: 0.0000253 seconds
2016-03-01T14:29:59.377+0000: 149.682: Total time for which application threads were stopped: 0.0000695 seconds, Stopping threads took: 0.0000340 seconds
2016-03-01T14:29:59.377+0000: 149.682: Total time for which application threads were stopped: 0.0002045 seconds, Stopping threads took: 0.0001682 seconds
Heap
 par new generation   total 109248K, used 53490K [0x00000000e0000000, 0x00000000e8000000, 0x00000000e8000000)
  eden space 87424K,  45% used [0x00000000e0000000, 0x00000000e27175b0, 0x00000000e5560000)
  from space 21824K,  61% used [0x00000000e6ab0000, 0x00000000e77d5640, 0x00000000e8000000)
  to   space 21824K,   0% used [0x00000000e5560000, 0x00000000e5560000, 0x00000000e6ab0000)
 concurrent mark-sweep generation total 393216K, used 0K [0x00000000e8000000, 0x0000000100000000, 0x0000000100000000)
 Metaspace       used 31445K, capacity 31874K, committed 32256K, reserved 1077248K
  class space    used 3675K, capacity 3823K, committed 3840K, reserved 1048576K
