Java HotSpot(TM) 64-Bit Server VM (25.73-b02) for windows-amd64 JRE (1.8.0_73-b02), built on Jan 29 2016 17:38:49 by "java_re" with MS VC++ 10.0 (VS2010)
Memory: 4k page, physical 4027256k(1309824k free), swap 8052676k(1543272k free)
CommandLine flags: -XX:CMSInitiatingOccupancyFraction=50 -XX:CMSMaxAbortablePrecleanTime=6000 -XX:+CMSParallelRemarkEnabled -XX:+CMSScavengeBeforeRemark -XX:ConcGCThreads=4 -XX:InitialHeapSize=536870912 -XX:MaxHeapSize=536870912 -XX:MaxTenuringThreshold=8 -XX:NewRatio=3 -XX:OldPLABSize=16 -XX:ParallelGCThreads=4 -XX:+ParallelRefProcEnabled -XX:PretenureSizeThreshold=67108864 -XX:+PrintGC -XX:+PrintGCApplicationStoppedTime -XX:+PrintGCDateStamps -XX:+PrintGCDetails -XX:+PrintGCTimeStamps -XX:+PrintHeapAtGC -XX:+PrintTenuringDistribution -XX:SurvivorRatio=4 -XX:TargetSurvivorRatio=90 -XX:ThreadStackSize=256 -XX:+UseCMSInitiatingOccupancyOnly -XX:+UseCompressedClassPointers -XX:+UseCompressedOops -XX:+UseConcMarkSweepGC -XX:-UseLargePagesIndividualAllocation -XX:+UseParNewGC 
2016-03-28T11:48:35.857+0100: 1.065: Total time for which application threads were stopped: 0.0003474 seconds, Stopping threads took: 0.0002156 seconds
2016-03-28T11:48:36.779+0100: 1.986: Total time for which application threads were stopped: 0.0002645 seconds, Stopping threads took: 0.0000474 seconds
2016-03-28T11:48:36.952+0100: 2.160: Total time for which application threads were stopped: 0.0002187 seconds, Stopping threads took: 0.0000482 seconds
2016-03-28T11:48:37.596+0100: 2.803: Total time for which application threads were stopped: 0.0004596 seconds, Stopping threads took: 0.0000450 seconds
2016-03-28T11:48:37.877+0100: 3.085: Total time for which application threads were stopped: 0.0004161 seconds, Stopping threads took: 0.0001516 seconds
2016-03-28T11:48:37.905+0100: 3.112: Total time for which application threads were stopped: 0.0002898 seconds, Stopping threads took: 0.0000521 seconds
2016-03-28T11:48:38.905+0100: 4.112: Total time for which application threads were stopped: 0.0001287 seconds, Stopping threads took: 0.0000513 seconds
2016-03-28T11:48:39.198+0100: 4.406: Total time for which application threads were stopped: 0.0003514 seconds, Stopping threads took: 0.0000474 seconds
{Heap before GC invocations=0 (full 0):
 par new generation   total 109248K, used 87424K [0x00000000e0000000, 0x00000000e8000000, 0x00000000e8000000)
  eden space 87424K, 100% used [0x00000000e0000000, 0x00000000e5560000, 0x00000000e5560000)
  from space 21824K,   0% used [0x00000000e5560000, 0x00000000e5560000, 0x00000000e6ab0000)
  to   space 21824K,   0% used [0x00000000e6ab0000, 0x00000000e6ab0000, 0x00000000e8000000)
 concurrent mark-sweep generation total 393216K, used 0K [0x00000000e8000000, 0x0000000100000000, 0x0000000100000000)
 Metaspace       used 10148K, capacity 10344K, committed 10496K, reserved 1058816K
  class space    used 1166K, capacity 1212K, committed 1280K, reserved 1048576K
2016-03-28T11:48:39.971+0100: 5.178: [GC (Allocation Failure) 2016-03-28T11:48:39.971+0100: 5.179: [ParNew
Desired survivor size 20112992 bytes, new threshold 8 (max 8)
- age   1:    5745408 bytes,    5745408 total
: 87424K->5686K(109248K), 0.0504731 secs] 87424K->5686K(502464K), 0.0508419 secs] [Times: user=0.11 sys=0.00, real=0.05 secs] 
Heap after GC invocations=1 (full 0):
 par new generation   total 109248K, used 5686K [0x00000000e0000000, 0x00000000e8000000, 0x00000000e8000000)
  eden space 87424K,   0% used [0x00000000e0000000, 0x00000000e0000000, 0x00000000e5560000)
  from space 21824K,  26% used [0x00000000e6ab0000, 0x00000000e703d890, 0x00000000e8000000)
  to   space 21824K,   0% used [0x00000000e5560000, 0x00000000e5560000, 0x00000000e6ab0000)
 concurrent mark-sweep generation total 393216K, used 0K [0x00000000e8000000, 0x0000000100000000, 0x0000000100000000)
 Metaspace       used 10148K, capacity 10344K, committed 10496K, reserved 1058816K
  class space    used 1166K, capacity 1212K, committed 1280K, reserved 1048576K
}
2016-03-28T11:48:40.022+0100: 5.229: Total time for which application threads were stopped: 0.0512565 seconds, Stopping threads took: 0.0000490 seconds
2016-03-28T11:48:40.026+0100: 5.233: Total time for which application threads were stopped: 0.0007501 seconds, Stopping threads took: 0.0006159 seconds
2016-03-28T11:48:40.031+0100: 5.239: Total time for which application threads were stopped: 0.0001950 seconds, Stopping threads took: 0.0000616 seconds
2016-03-28T11:48:40.032+0100: 5.239: Total time for which application threads were stopped: 0.0001271 seconds, Stopping threads took: 0.0000332 seconds
2016-03-28T11:48:40.032+0100: 5.239: Total time for which application threads were stopped: 0.0001153 seconds, Stopping threads took: 0.0000284 seconds
2016-03-28T11:48:40.032+0100: 5.240: Total time for which application threads were stopped: 0.0001145 seconds, Stopping threads took: 0.0000284 seconds
2016-03-28T11:48:40.032+0100: 5.240: Total time for which application threads were stopped: 0.0001177 seconds, Stopping threads took: 0.0000300 seconds
2016-03-28T11:48:40.032+0100: 5.240: Total time for which application threads were stopped: 0.0001145 seconds, Stopping threads took: 0.0000276 seconds
2016-03-28T11:48:40.033+0100: 5.240: Total time for which application threads were stopped: 0.0001192 seconds, Stopping threads took: 0.0000316 seconds
2016-03-28T11:48:40.033+0100: 5.240: Total time for which application threads were stopped: 0.0001169 seconds, Stopping threads took: 0.0000300 seconds
2016-03-28T11:48:40.033+0100: 5.240: Total time for which application threads were stopped: 0.0001145 seconds, Stopping threads took: 0.0000284 seconds
2016-03-28T11:48:40.033+0100: 5.241: Total time for which application threads were stopped: 0.0001169 seconds, Stopping threads took: 0.0000292 seconds
2016-03-28T11:48:40.034+0100: 5.242: Total time for which application threads were stopped: 0.0001263 seconds, Stopping threads took: 0.0000300 seconds
2016-03-28T11:48:40.034+0100: 5.242: Total time for which application threads were stopped: 0.0001177 seconds, Stopping threads took: 0.0000300 seconds
2016-03-28T11:48:40.034+0100: 5.242: Total time for which application threads were stopped: 0.0001256 seconds, Stopping threads took: 0.0000371 seconds
2016-03-28T11:48:40.035+0100: 5.243: Total time for which application threads were stopped: 0.0007036 seconds, Stopping threads took: 0.0006104 seconds
2016-03-28T11:48:40.035+0100: 5.243: Total time for which application threads were stopped: 0.0001129 seconds, Stopping threads took: 0.0000268 seconds
2016-03-28T11:48:40.035+0100: 5.243: Total time for which application threads were stopped: 0.0001129 seconds, Stopping threads took: 0.0000276 seconds
2016-03-28T11:48:40.036+0100: 5.243: Total time for which application threads were stopped: 0.0001279 seconds, Stopping threads took: 0.0000419 seconds
2016-03-28T11:48:40.036+0100: 5.243: Total time for which application threads were stopped: 0.0001121 seconds, Stopping threads took: 0.0000276 seconds
2016-03-28T11:48:40.036+0100: 5.244: Total time for which application threads were stopped: 0.0002069 seconds, Stopping threads took: 0.0000268 seconds
2016-03-28T11:48:40.317+0100: 5.524: Total time for which application threads were stopped: 0.0003719 seconds, Stopping threads took: 0.0000419 seconds
2016-03-28T11:48:40.453+0100: 5.661: Total time for which application threads were stopped: 0.0003814 seconds, Stopping threads took: 0.0000505 seconds
2016-03-28T11:48:40.990+0100: 6.198: Total time for which application threads were stopped: 0.0004517 seconds, Stopping threads took: 0.0000442 seconds
2016-03-28T11:48:40.993+0100: 6.201: Total time for which application threads were stopped: 0.0003316 seconds, Stopping threads took: 0.0000363 seconds
2016-03-28T11:48:41.002+0100: 6.210: Total time for which application threads were stopped: 0.0003530 seconds, Stopping threads took: 0.0000466 seconds
2016-03-28T11:48:41.629+0100: 6.837: Total time for which application threads were stopped: 0.0003593 seconds, Stopping threads took: 0.0000687 seconds
2016-03-28T11:48:41.631+0100: 6.838: Total time for which application threads were stopped: 0.0001935 seconds, Stopping threads took: 0.0000442 seconds
2016-03-28T11:48:41.631+0100: 6.839: Total time for which application threads were stopped: 0.0002819 seconds, Stopping threads took: 0.0001769 seconds
2016-03-28T11:48:41.631+0100: 6.839: Total time for which application threads were stopped: 0.0001263 seconds, Stopping threads took: 0.0000261 seconds
2016-03-28T11:48:41.631+0100: 6.839: Total time for which application threads were stopped: 0.0001240 seconds, Stopping threads took: 0.0000245 seconds
2016-03-28T11:48:41.632+0100: 6.839: Total time for which application threads were stopped: 0.0001256 seconds, Stopping threads took: 0.0000261 seconds
2016-03-28T11:48:41.632+0100: 6.839: Total time for which application threads were stopped: 0.0001240 seconds, Stopping threads took: 0.0000253 seconds
2016-03-28T11:48:41.632+0100: 6.840: Total time for which application threads were stopped: 0.0001248 seconds, Stopping threads took: 0.0000253 seconds
2016-03-28T11:48:41.632+0100: 6.840: Total time for which application threads were stopped: 0.0001240 seconds, Stopping threads took: 0.0000253 seconds
2016-03-28T11:48:41.632+0100: 6.840: Total time for which application threads were stopped: 0.0001240 seconds, Stopping threads took: 0.0000245 seconds
2016-03-28T11:48:41.632+0100: 6.840: Total time for which application threads were stopped: 0.0001232 seconds, Stopping threads took: 0.0000253 seconds
2016-03-28T11:48:41.633+0100: 6.840: Total time for which application threads were stopped: 0.0001240 seconds, Stopping threads took: 0.0000253 seconds
2016-03-28T11:48:41.633+0100: 6.840: Total time for which application threads were stopped: 0.0001240 seconds, Stopping threads took: 0.0000245 seconds
2016-03-28T11:48:41.633+0100: 6.841: Total time for which application threads were stopped: 0.0001248 seconds, Stopping threads took: 0.0000253 seconds
2016-03-28T11:48:41.633+0100: 6.841: Total time for which application threads were stopped: 0.0001240 seconds, Stopping threads took: 0.0000253 seconds
2016-03-28T11:48:41.633+0100: 6.841: Total time for which application threads were stopped: 0.0001240 seconds, Stopping threads took: 0.0000253 seconds
2016-03-28T11:48:41.633+0100: 6.841: Total time for which application threads were stopped: 0.0001240 seconds, Stopping threads took: 0.0000253 seconds
2016-03-28T11:48:41.634+0100: 6.841: Total time for which application threads were stopped: 0.0001240 seconds, Stopping threads took: 0.0000253 seconds
2016-03-28T11:48:41.634+0100: 6.841: Total time for which application threads were stopped: 0.0001232 seconds, Stopping threads took: 0.0000253 seconds
2016-03-28T11:48:41.634+0100: 6.842: Total time for which application threads were stopped: 0.0001232 seconds, Stopping threads took: 0.0000245 seconds
2016-03-28T11:48:41.634+0100: 6.842: Total time for which application threads were stopped: 0.0002685 seconds, Stopping threads took: 0.0000245 seconds
2016-03-28T11:48:41.635+0100: 6.842: Total time for which application threads were stopped: 0.0001437 seconds, Stopping threads took: 0.0000308 seconds
2016-03-28T11:48:41.635+0100: 6.842: Total time for which application threads were stopped: 0.0001263 seconds, Stopping threads took: 0.0000253 seconds
2016-03-28T11:48:41.635+0100: 6.843: Total time for which application threads were stopped: 0.0001263 seconds, Stopping threads took: 0.0000253 seconds
2016-03-28T11:48:41.635+0100: 6.843: Total time for which application threads were stopped: 0.0001342 seconds, Stopping threads took: 0.0000268 seconds
2016-03-28T11:48:41.637+0100: 6.844: Total time for which application threads were stopped: 0.0002029 seconds, Stopping threads took: 0.0000734 seconds
2016-03-28T11:48:41.638+0100: 6.846: Total time for which application threads were stopped: 0.0006214 seconds, Stopping threads took: 0.0004785 seconds
2016-03-28T11:48:41.638+0100: 6.846: Total time for which application threads were stopped: 0.0001050 seconds, Stopping threads took: 0.0000355 seconds
2016-03-28T11:48:41.639+0100: 6.846: Total time for which application threads were stopped: 0.0000876 seconds, Stopping threads took: 0.0000268 seconds
2016-03-28T11:48:41.639+0100: 6.846: Total time for which application threads were stopped: 0.0000845 seconds, Stopping threads took: 0.0000261 seconds
2016-03-28T11:48:41.639+0100: 6.846: Total time for which application threads were stopped: 0.0000853 seconds, Stopping threads took: 0.0000268 seconds
2016-03-28T11:48:41.639+0100: 6.847: Total time for which application threads were stopped: 0.0000829 seconds, Stopping threads took: 0.0000261 seconds
2016-03-28T11:48:41.639+0100: 6.847: Total time for which application threads were stopped: 0.0000837 seconds, Stopping threads took: 0.0000253 seconds
2016-03-28T11:48:41.639+0100: 6.847: Total time for which application threads were stopped: 0.0000987 seconds, Stopping threads took: 0.0000355 seconds
2016-03-28T11:48:41.640+0100: 6.847: Total time for which application threads were stopped: 0.0000948 seconds, Stopping threads took: 0.0000308 seconds
2016-03-28T11:48:41.640+0100: 6.847: Total time for which application threads were stopped: 0.0000853 seconds, Stopping threads took: 0.0000261 seconds
2016-03-28T11:48:41.640+0100: 6.847: Total time for which application threads were stopped: 0.0000845 seconds, Stopping threads took: 0.0000253 seconds
2016-03-28T11:48:41.640+0100: 6.848: Total time for which application threads were stopped: 0.0000845 seconds, Stopping threads took: 0.0000253 seconds
2016-03-28T11:48:41.640+0100: 6.848: Total time for which application threads were stopped: 0.0000845 seconds, Stopping threads took: 0.0000253 seconds
2016-03-28T11:48:41.640+0100: 6.848: Total time for which application threads were stopped: 0.0000845 seconds, Stopping threads took: 0.0000253 seconds
2016-03-28T11:48:41.640+0100: 6.848: Total time for which application threads were stopped: 0.0000845 seconds, Stopping threads took: 0.0000253 seconds
2016-03-28T11:48:41.640+0100: 6.848: Total time for which application threads were stopped: 0.0000837 seconds, Stopping threads took: 0.0000245 seconds
2016-03-28T11:48:41.641+0100: 6.848: Total time for which application threads were stopped: 0.0001161 seconds, Stopping threads took: 0.0000245 seconds
2016-03-28T11:48:41.641+0100: 6.848: Total time for which application threads were stopped: 0.0000845 seconds, Stopping threads took: 0.0000245 seconds
2016-03-28T11:48:41.641+0100: 6.848: Total time for which application threads were stopped: 0.0000845 seconds, Stopping threads took: 0.0000253 seconds
2016-03-28T11:48:41.641+0100: 6.849: Total time for which application threads were stopped: 0.0000837 seconds, Stopping threads took: 0.0000253 seconds
2016-03-28T11:48:41.641+0100: 6.849: Total time for which application threads were stopped: 0.0002827 seconds, Stopping threads took: 0.0000253 seconds
2016-03-28T11:48:41.647+0100: 6.854: Total time for which application threads were stopped: 0.0001966 seconds, Stopping threads took: 0.0000569 seconds
2016-03-28T11:48:41.649+0100: 6.857: Total time for which application threads were stopped: 0.0001927 seconds, Stopping threads took: 0.0000482 seconds
2016-03-28T11:48:41.650+0100: 6.857: Total time for which application threads were stopped: 0.0001556 seconds, Stopping threads took: 0.0000237 seconds
2016-03-28T11:48:41.650+0100: 6.858: Total time for which application threads were stopped: 0.0003877 seconds, Stopping threads took: 0.0000387 seconds
2016-03-28T11:48:41.651+0100: 6.859: Total time for which application threads were stopped: 0.0001666 seconds, Stopping threads took: 0.0000253 seconds
2016-03-28T11:48:41.651+0100: 6.859: Total time for which application threads were stopped: 0.0001540 seconds, Stopping threads took: 0.0000213 seconds
2016-03-28T11:48:41.667+0100: 6.874: Total time for which application threads were stopped: 0.0004359 seconds, Stopping threads took: 0.0000521 seconds
2016-03-28T11:48:41.691+0100: 6.898: Total time for which application threads were stopped: 0.0002622 seconds, Stopping threads took: 0.0000458 seconds
2016-03-28T11:48:41.698+0100: 6.905: Total time for which application threads were stopped: 0.0002582 seconds, Stopping threads took: 0.0001358 seconds
2016-03-28T11:48:41.699+0100: 6.906: Total time for which application threads were stopped: 0.0001224 seconds, Stopping threads took: 0.0000276 seconds
2016-03-28T11:48:41.699+0100: 6.907: Total time for which application threads were stopped: 0.0000932 seconds, Stopping threads took: 0.0000197 seconds
2016-03-28T11:48:41.714+0100: 6.921: Total time for which application threads were stopped: 0.0001816 seconds, Stopping threads took: 0.0000490 seconds
2016-03-28T11:48:41.714+0100: 6.921: Total time for which application threads were stopped: 0.0001050 seconds, Stopping threads took: 0.0000268 seconds
2016-03-28T11:48:41.716+0100: 6.924: Total time for which application threads were stopped: 0.0001429 seconds, Stopping threads took: 0.0000347 seconds
2016-03-28T11:48:41.716+0100: 6.924: Total time for which application threads were stopped: 0.0001066 seconds, Stopping threads took: 0.0000261 seconds
2016-03-28T11:48:41.716+0100: 6.924: Total time for which application threads were stopped: 0.0001050 seconds, Stopping threads took: 0.0000261 seconds
2016-03-28T11:48:41.717+0100: 6.925: Total time for which application threads were stopped: 0.0001208 seconds, Stopping threads took: 0.0000292 seconds
2016-03-28T11:48:41.728+0100: 6.935: Total time for which application threads were stopped: 0.0004406 seconds, Stopping threads took: 0.0001563 seconds
2016-03-28T11:48:41.733+0100: 6.941: Total time for which application threads were stopped: 0.0006767 seconds, Stopping threads took: 0.0005835 seconds
2016-03-28T11:48:41.734+0100: 6.941: Total time for which application threads were stopped: 0.0001105 seconds, Stopping threads took: 0.0000497 seconds
2016-03-28T11:48:41.734+0100: 6.941: Total time for which application threads were stopped: 0.0000853 seconds, Stopping threads took: 0.0000340 seconds
2016-03-28T11:48:41.734+0100: 6.941: Total time for which application threads were stopped: 0.0000790 seconds, Stopping threads took: 0.0000308 seconds
2016-03-28T11:48:41.734+0100: 6.942: Total time for which application threads were stopped: 0.0000711 seconds, Stopping threads took: 0.0000197 seconds
2016-03-28T11:48:41.734+0100: 6.942: Total time for which application threads were stopped: 0.0000734 seconds, Stopping threads took: 0.0000221 seconds
2016-03-28T11:48:41.735+0100: 6.943: Total time for which application threads were stopped: 0.0000711 seconds, Stopping threads took: 0.0000213 seconds
2016-03-28T11:48:41.739+0100: 6.947: Total time for which application threads were stopped: 0.0001113 seconds, Stopping threads took: 0.0000387 seconds
2016-03-28T11:48:41.751+0100: 6.959: Total time for which application threads were stopped: 0.0001587 seconds, Stopping threads took: 0.0000553 seconds
2016-03-28T11:48:41.751+0100: 6.959: Total time for which application threads were stopped: 0.0000805 seconds, Stopping threads took: 0.0000316 seconds
2016-03-28T11:48:41.751+0100: 6.959: Total time for which application threads were stopped: 0.0000758 seconds, Stopping threads took: 0.0000268 seconds
2016-03-28T11:48:41.752+0100: 6.960: Total time for which application threads were stopped: 0.0000876 seconds, Stopping threads took: 0.0000332 seconds
2016-03-28T11:48:41.766+0100: 6.974: Total time for which application threads were stopped: 0.0004272 seconds, Stopping threads took: 0.0000442 seconds
2016-03-28T11:48:41.767+0100: 6.975: Total time for which application threads were stopped: 0.0000924 seconds, Stopping threads took: 0.0000332 seconds
2016-03-28T11:48:41.767+0100: 6.975: Total time for which application threads were stopped: 0.0000774 seconds, Stopping threads took: 0.0000268 seconds
2016-03-28T11:48:41.768+0100: 6.975: Total time for which application threads were stopped: 0.0000924 seconds, Stopping threads took: 0.0000324 seconds
2016-03-28T11:48:41.777+0100: 6.984: Total time for which application threads were stopped: 0.0001390 seconds, Stopping threads took: 0.0000474 seconds
2016-03-28T11:48:41.777+0100: 6.985: Total time for which application threads were stopped: 0.0000726 seconds, Stopping threads took: 0.0000205 seconds
2016-03-28T11:48:41.777+0100: 6.985: Total time for which application threads were stopped: 0.0000829 seconds, Stopping threads took: 0.0000300 seconds
2016-03-28T11:48:41.778+0100: 6.985: Total time for which application threads were stopped: 0.0000884 seconds, Stopping threads took: 0.0000300 seconds
2016-03-28T11:48:41.816+0100: 7.024: Total time for which application threads were stopped: 0.0001374 seconds, Stopping threads took: 0.0000466 seconds
2016-03-28T11:48:41.816+0100: 7.024: Total time for which application threads were stopped: 0.0000719 seconds, Stopping threads took: 0.0000213 seconds
2016-03-28T11:48:41.816+0100: 7.024: Total time for which application threads were stopped: 0.0000711 seconds, Stopping threads took: 0.0000213 seconds
2016-03-28T11:48:41.817+0100: 7.025: Total time for which application threads were stopped: 0.0000892 seconds, Stopping threads took: 0.0000276 seconds
2016-03-28T11:48:41.823+0100: 7.030: Total time for which application threads were stopped: 0.0001319 seconds, Stopping threads took: 0.0000450 seconds
2016-03-28T11:48:41.823+0100: 7.030: Total time for which application threads were stopped: 0.0000719 seconds, Stopping threads took: 0.0000213 seconds
2016-03-28T11:48:41.823+0100: 7.030: Total time for which application threads were stopped: 0.0000695 seconds, Stopping threads took: 0.0000205 seconds
2016-03-28T11:48:41.824+0100: 7.031: Total time for which application threads were stopped: 0.0001034 seconds, Stopping threads took: 0.0000324 seconds
2016-03-28T11:48:41.830+0100: 7.038: Total time for which application threads were stopped: 0.0001374 seconds, Stopping threads took: 0.0000576 seconds
2016-03-28T11:48:41.832+0100: 7.040: Total time for which application threads were stopped: 0.0001271 seconds, Stopping threads took: 0.0000497 seconds
2016-03-28T11:48:41.832+0100: 7.040: Total time for which application threads were stopped: 0.0000750 seconds, Stopping threads took: 0.0000300 seconds
2016-03-28T11:48:41.833+0100: 7.040: Total time for which application threads were stopped: 0.0000884 seconds, Stopping threads took: 0.0000419 seconds
2016-03-28T11:48:41.833+0100: 7.040: Total time for which application threads were stopped: 0.0000719 seconds, Stopping threads took: 0.0000276 seconds
2016-03-28T11:48:41.833+0100: 7.040: Total time for which application threads were stopped: 0.0000719 seconds, Stopping threads took: 0.0000276 seconds
2016-03-28T11:48:41.833+0100: 7.041: Total time for which application threads were stopped: 0.0000719 seconds, Stopping threads took: 0.0000276 seconds
2016-03-28T11:48:41.833+0100: 7.041: Total time for which application threads were stopped: 0.0000719 seconds, Stopping threads took: 0.0000276 seconds
2016-03-28T11:48:42.121+0100: 7.329: Total time for which application threads were stopped: 0.0001706 seconds, Stopping threads took: 0.0000458 seconds
2016-03-28T11:48:42.122+0100: 7.329: Total time for which application threads were stopped: 0.0001011 seconds, Stopping threads took: 0.0000213 seconds
2016-03-28T11:48:42.122+0100: 7.329: Total time for which application threads were stopped: 0.0000703 seconds, Stopping threads took: 0.0000213 seconds
2016-03-28T11:48:42.122+0100: 7.330: Total time for which application threads were stopped: 0.0001327 seconds, Stopping threads took: 0.0000268 seconds
2016-03-28T11:48:42.128+0100: 7.336: Total time for which application threads were stopped: 0.0001382 seconds, Stopping threads took: 0.0000474 seconds
2016-03-28T11:48:42.128+0100: 7.336: Total time for which application threads were stopped: 0.0000742 seconds, Stopping threads took: 0.0000229 seconds
2016-03-28T11:48:42.129+0100: 7.336: Total time for which application threads were stopped: 0.0000734 seconds, Stopping threads took: 0.0000205 seconds
2016-03-28T11:48:42.129+0100: 7.337: Total time for which application threads were stopped: 0.0000869 seconds, Stopping threads took: 0.0000268 seconds
2016-03-28T11:48:42.189+0100: 7.397: Total time for which application threads were stopped: 0.0001374 seconds, Stopping threads took: 0.0000474 seconds
2016-03-28T11:48:42.192+0100: 7.400: Total time for which application threads were stopped: 0.0001406 seconds, Stopping threads took: 0.0000458 seconds
2016-03-28T11:48:42.192+0100: 7.400: Total time for which application threads were stopped: 0.0000711 seconds, Stopping threads took: 0.0000197 seconds
2016-03-28T11:48:42.194+0100: 7.401: Total time for which application threads were stopped: 0.0001216 seconds, Stopping threads took: 0.0000347 seconds
2016-03-28T11:48:42.308+0100: 7.516: Total time for which application threads were stopped: 0.0001406 seconds, Stopping threads took: 0.0000458 seconds
2016-03-28T11:48:42.309+0100: 7.516: Total time for which application threads were stopped: 0.0000805 seconds, Stopping threads took: 0.0000253 seconds
2016-03-28T11:48:42.309+0100: 7.517: Total time for which application threads were stopped: 0.0000687 seconds, Stopping threads took: 0.0000205 seconds
2016-03-28T11:48:42.309+0100: 7.517: Total time for which application threads were stopped: 0.0001350 seconds, Stopping threads took: 0.0000876 seconds
2016-03-28T11:48:42.310+0100: 7.517: Total time for which application threads were stopped: 0.0000719 seconds, Stopping threads took: 0.0000229 seconds
2016-03-28T11:48:42.312+0100: 7.519: Total time for which application threads were stopped: 0.0001027 seconds, Stopping threads took: 0.0000332 seconds
2016-03-28T11:48:42.312+0100: 7.520: Total time for which application threads were stopped: 0.0000711 seconds, Stopping threads took: 0.0000213 seconds
2016-03-28T11:48:42.312+0100: 7.520: Total time for which application threads were stopped: 0.0000647 seconds, Stopping threads took: 0.0000197 seconds
2016-03-28T11:48:42.312+0100: 7.520: Total time for which application threads were stopped: 0.0000679 seconds, Stopping threads took: 0.0000213 seconds
2016-03-28T11:48:42.313+0100: 7.520: Total time for which application threads were stopped: 0.0000663 seconds, Stopping threads took: 0.0000205 seconds
2016-03-28T11:48:42.313+0100: 7.521: Total time for which application threads were stopped: 0.0000679 seconds, Stopping threads took: 0.0000205 seconds
2016-03-28T11:48:42.314+0100: 7.521: Total time for which application threads were stopped: 0.0002440 seconds, Stopping threads took: 0.0000213 seconds
2016-03-28T11:48:42.370+0100: 7.578: Total time for which application threads were stopped: 0.0004454 seconds, Stopping threads took: 0.0000474 seconds
{Heap before GC invocations=1 (full 0):
 par new generation   total 109248K, used 93110K [0x00000000e0000000, 0x00000000e8000000, 0x00000000e8000000)
  eden space 87424K, 100% used [0x00000000e0000000, 0x00000000e5560000, 0x00000000e5560000)
  from space 21824K,  26% used [0x00000000e6ab0000, 0x00000000e703d890, 0x00000000e8000000)
  to   space 21824K,   0% used [0x00000000e5560000, 0x00000000e5560000, 0x00000000e6ab0000)
 concurrent mark-sweep generation total 393216K, used 0K [0x00000000e8000000, 0x0000000100000000, 0x0000000100000000)
 Metaspace       used 19739K, capacity 20116K, committed 20480K, reserved 1067008K
  class space    used 2350K, capacity 2488K, committed 2560K, reserved 1048576K
2016-03-28T11:48:42.401+0100: 7.609: [GC (Allocation Failure) 2016-03-28T11:48:42.402+0100: 7.609: [ParNew
Desired survivor size 20112992 bytes, new threshold 8 (max 8)
- age   1:    7681016 bytes,    7681016 total
- age   2:    2554072 bytes,   10235088 total
: 93110K->11221K(109248K), 0.0306992 secs] 93110K->11221K(502464K), 0.0309093 secs] [Times: user=0.06 sys=0.00, real=0.03 secs] 
Heap after GC invocations=2 (full 0):
 par new generation   total 109248K, used 11221K [0x00000000e0000000, 0x00000000e8000000, 0x00000000e8000000)
  eden space 87424K,   0% used [0x00000000e0000000, 0x00000000e0000000, 0x00000000e5560000)
  from space 21824K,  51% used [0x00000000e5560000, 0x00000000e6055780, 0x00000000e6ab0000)
  to   space 21824K,   0% used [0x00000000e6ab0000, 0x00000000e6ab0000, 0x00000000e8000000)
 concurrent mark-sweep generation total 393216K, used 0K [0x00000000e8000000, 0x0000000100000000, 0x0000000100000000)
 Metaspace       used 19739K, capacity 20116K, committed 20480K, reserved 1067008K
  class space    used 2350K, capacity 2488K, committed 2560K, reserved 1048576K
}
2016-03-28T11:48:42.433+0100: 7.640: Total time for which application threads were stopped: 0.0313594 seconds, Stopping threads took: 0.0000584 seconds
2016-03-28T11:48:42.465+0100: 7.673: Total time for which application threads were stopped: 0.0001548 seconds, Stopping threads took: 0.0000687 seconds
2016-03-28T11:48:42.497+0100: 7.705: Total time for which application threads were stopped: 0.0004359 seconds, Stopping threads took: 0.0000521 seconds
2016-03-28T11:48:42.497+0100: 7.705: Total time for which application threads were stopped: 0.0000940 seconds, Stopping threads took: 0.0000355 seconds
2016-03-28T11:48:42.544+0100: 7.752: Total time for which application threads were stopped: 0.0001753 seconds, Stopping threads took: 0.0000790 seconds
2016-03-28T11:48:42.544+0100: 7.752: Total time for which application threads were stopped: 0.0000742 seconds, Stopping threads took: 0.0000213 seconds
2016-03-28T11:48:42.545+0100: 7.752: Total time for which application threads were stopped: 0.0000750 seconds, Stopping threads took: 0.0000221 seconds
2016-03-28T11:48:42.545+0100: 7.753: Total time for which application threads were stopped: 0.0000876 seconds, Stopping threads took: 0.0000261 seconds
2016-03-28T11:48:42.560+0100: 7.768: Total time for which application threads were stopped: 0.0015603 seconds, Stopping threads took: 0.0014719 seconds
2016-03-28T11:48:42.561+0100: 7.768: Total time for which application threads were stopped: 0.0001098 seconds, Stopping threads took: 0.0000371 seconds
2016-03-28T11:48:42.561+0100: 7.768: Total time for which application threads were stopped: 0.0000774 seconds, Stopping threads took: 0.0000332 seconds
2016-03-28T11:48:42.561+0100: 7.769: Total time for which application threads were stopped: 0.0000798 seconds, Stopping threads took: 0.0000324 seconds
2016-03-28T11:48:42.561+0100: 7.769: Total time for which application threads were stopped: 0.0000821 seconds, Stopping threads took: 0.0000363 seconds
2016-03-28T11:48:42.561+0100: 7.769: Total time for which application threads were stopped: 0.0000758 seconds, Stopping threads took: 0.0000316 seconds
2016-03-28T11:48:42.562+0100: 7.769: Total time for which application threads were stopped: 0.0000679 seconds, Stopping threads took: 0.0000261 seconds
2016-03-28T11:48:42.562+0100: 7.769: Total time for which application threads were stopped: 0.0000671 seconds, Stopping threads took: 0.0000253 seconds
2016-03-28T11:48:42.562+0100: 7.769: Total time for which application threads were stopped: 0.0000663 seconds, Stopping threads took: 0.0000253 seconds
2016-03-28T11:48:42.562+0100: 7.770: Total time for which application threads were stopped: 0.0000663 seconds, Stopping threads took: 0.0000253 seconds
2016-03-28T11:48:42.562+0100: 7.770: Total time for which application threads were stopped: 0.0000671 seconds, Stopping threads took: 0.0000253 seconds
2016-03-28T11:48:42.562+0100: 7.770: Total time for which application threads were stopped: 0.0000687 seconds, Stopping threads took: 0.0000276 seconds
2016-03-28T11:48:42.563+0100: 7.770: Total time for which application threads were stopped: 0.0001019 seconds, Stopping threads took: 0.0000553 seconds
2016-03-28T11:48:42.563+0100: 7.770: Total time for which application threads were stopped: 0.0000679 seconds, Stopping threads took: 0.0000261 seconds
2016-03-28T11:48:42.563+0100: 7.770: Total time for which application threads were stopped: 0.0000663 seconds, Stopping threads took: 0.0000253 seconds
2016-03-28T11:48:42.563+0100: 7.771: Total time for which application threads were stopped: 0.0000750 seconds, Stopping threads took: 0.0000308 seconds
2016-03-28T11:48:42.563+0100: 7.771: Total time for which application threads were stopped: 0.0000766 seconds, Stopping threads took: 0.0000300 seconds
2016-03-28T11:48:42.563+0100: 7.771: Total time for which application threads were stopped: 0.0000687 seconds, Stopping threads took: 0.0000261 seconds
2016-03-28T11:48:42.564+0100: 7.771: Total time for which application threads were stopped: 0.0002156 seconds, Stopping threads took: 0.0000276 seconds
2016-03-28T11:48:42.564+0100: 7.772: Total time for which application threads were stopped: 0.0000908 seconds, Stopping threads took: 0.0000395 seconds
2016-03-28T11:48:42.565+0100: 7.773: Total time for which application threads were stopped: 0.0001177 seconds, Stopping threads took: 0.0000355 seconds
2016-03-28T11:48:42.798+0100: 8.006: Total time for which application threads were stopped: 0.0002432 seconds, Stopping threads took: 0.0000458 seconds
2016-03-28T11:48:42.825+0100: 8.033: Total time for which application threads were stopped: 0.0001461 seconds, Stopping threads took: 0.0000561 seconds
2016-03-28T11:48:42.843+0100: 8.050: Total time for which application threads were stopped: 0.0001627 seconds, Stopping threads took: 0.0000505 seconds
2016-03-28T11:48:42.843+0100: 8.051: Total time for which application threads were stopped: 0.0000750 seconds, Stopping threads took: 0.0000197 seconds
2016-03-28T11:48:42.843+0100: 8.051: Total time for which application threads were stopped: 0.0000695 seconds, Stopping threads took: 0.0000197 seconds
2016-03-28T11:48:42.844+0100: 8.051: Total time for which application threads were stopped: 0.0000900 seconds, Stopping threads took: 0.0000261 seconds
2016-03-28T11:48:43.023+0100: 8.231: Total time for which application threads were stopped: 0.0001548 seconds, Stopping threads took: 0.0000513 seconds
2016-03-28T11:48:43.193+0100: 8.401: Total time for which application threads were stopped: 0.0001887 seconds, Stopping threads took: 0.0000529 seconds
2016-03-28T11:48:43.220+0100: 8.428: Total time for which application threads were stopped: 0.0001461 seconds, Stopping threads took: 0.0000505 seconds
2016-03-28T11:48:43.221+0100: 8.428: Total time for which application threads were stopped: 0.0000742 seconds, Stopping threads took: 0.0000205 seconds
2016-03-28T11:48:43.221+0100: 8.428: Total time for which application threads were stopped: 0.0000695 seconds, Stopping threads took: 0.0000190 seconds
2016-03-28T11:48:43.221+0100: 8.429: Total time for which application threads were stopped: 0.0000782 seconds, Stopping threads took: 0.0000221 seconds
2016-03-28T11:48:43.222+0100: 8.430: Total time for which application threads were stopped: 0.0000892 seconds, Stopping threads took: 0.0000261 seconds
2016-03-28T11:48:43.222+0100: 8.430: Total time for which application threads were stopped: 0.0000695 seconds, Stopping threads took: 0.0000190 seconds
2016-03-28T11:48:43.222+0100: 8.430: Total time for which application threads were stopped: 0.0000687 seconds, Stopping threads took: 0.0000190 seconds
2016-03-28T11:48:43.223+0100: 8.431: Total time for which application threads were stopped: 0.0000861 seconds, Stopping threads took: 0.0000253 seconds
2016-03-28T11:48:43.249+0100: 8.457: Total time for which application threads were stopped: 0.0001563 seconds, Stopping threads took: 0.0000616 seconds
2016-03-28T11:48:43.249+0100: 8.457: Total time for which application threads were stopped: 0.0000750 seconds, Stopping threads took: 0.0000205 seconds
2016-03-28T11:48:43.249+0100: 8.457: Total time for which application threads were stopped: 0.0000884 seconds, Stopping threads took: 0.0000332 seconds
2016-03-28T11:48:43.250+0100: 8.458: Total time for which application threads were stopped: 0.0000908 seconds, Stopping threads took: 0.0000276 seconds
2016-03-28T11:48:43.286+0100: 8.493: Total time for which application threads were stopped: 0.0001563 seconds, Stopping threads took: 0.0000497 seconds
2016-03-28T11:48:43.449+0100: 8.657: Total time for which application threads were stopped: 0.0001935 seconds, Stopping threads took: 0.0000450 seconds
2016-03-28T11:48:43.452+0100: 8.660: Total time for which application threads were stopped: 0.0001642 seconds, Stopping threads took: 0.0000419 seconds
{Heap before GC invocations=2 (full 0):
 par new generation   total 109248K, used 98645K [0x00000000e0000000, 0x00000000e8000000, 0x00000000e8000000)
  eden space 87424K, 100% used [0x00000000e0000000, 0x00000000e5560000, 0x00000000e5560000)
  from space 21824K,  51% used [0x00000000e5560000, 0x00000000e6055780, 0x00000000e6ab0000)
  to   space 21824K,   0% used [0x00000000e6ab0000, 0x00000000e6ab0000, 0x00000000e8000000)
 concurrent mark-sweep generation total 393216K, used 0K [0x00000000e8000000, 0x0000000100000000, 0x0000000100000000)
 Metaspace       used 21365K, capacity 21728K, committed 21884K, reserved 1069056K
  class space    used 2541K, capacity 2682K, committed 2688K, reserved 1048576K
2016-03-28T11:48:43.491+0100: 8.699: [GC (Allocation Failure) 2016-03-28T11:48:43.491+0100: 8.699: [ParNew
Desired survivor size 20112992 bytes, new threshold 8 (max 8)
- age   1:    1836032 bytes,    1836032 total
- age   2:    2364240 bytes,    4200272 total
- age   3:    2549896 bytes,    6750168 total
: 98645K->12647K(109248K), 0.0415859 secs] 98645K->12647K(502464K), 0.0417469 secs] [Times: user=0.06 sys=0.00, real=0.04 secs] 
Heap after GC invocations=3 (full 0):
 par new generation   total 109248K, used 12647K [0x00000000e0000000, 0x00000000e8000000, 0x00000000e8000000)
  eden space 87424K,   0% used [0x00000000e0000000, 0x00000000e0000000, 0x00000000e5560000)
  from space 21824K,  57% used [0x00000000e6ab0000, 0x00000000e7709d60, 0x00000000e8000000)
  to   space 21824K,   0% used [0x00000000e5560000, 0x00000000e5560000, 0x00000000e6ab0000)
 concurrent mark-sweep generation total 393216K, used 0K [0x00000000e8000000, 0x0000000100000000, 0x0000000100000000)
 Metaspace       used 21365K, capacity 21728K, committed 21884K, reserved 1069056K
  class space    used 2541K, capacity 2682K, committed 2688K, reserved 1048576K
}
2016-03-28T11:48:43.533+0100: 8.741: Total time for which application threads were stopped: 0.0421710 seconds, Stopping threads took: 0.0000561 seconds
2016-03-28T11:48:43.535+0100: 8.742: [GC (CMS Initial Mark) [1 CMS-initial-mark: 0K(393216K)] 13694K(502464K), 0.0070332 secs] [Times: user=0.00 sys=0.00, real=0.01 secs] 
2016-03-28T11:48:43.542+0100: 8.749: Total time for which application threads were stopped: 0.0082674 seconds, Stopping threads took: 0.0010249 seconds
2016-03-28T11:48:43.542+0100: 8.749: [CMS-concurrent-mark-start]
2016-03-28T11:48:43.546+0100: 8.754: [CMS-concurrent-mark: 0.004/0.004 secs] [Times: user=0.00 sys=0.00, real=0.00 secs] 
2016-03-28T11:48:43.547+0100: 8.754: Total time for which application threads were stopped: 0.0002306 seconds, Stopping threads took: 0.0000790 seconds
2016-03-28T11:48:43.547+0100: 8.754: [CMS-concurrent-preclean-start]
2016-03-28T11:48:43.548+0100: 8.756: Total time for which application threads were stopped: 0.0008544 seconds, Stopping threads took: 0.0007265 seconds
2016-03-28T11:48:43.550+0100: 8.758: [CMS-concurrent-preclean: 0.002/0.003 secs] [Times: user=0.00 sys=0.00, real=0.00 secs] 
2016-03-28T11:48:43.550+0100: 8.758: [CMS-concurrent-abortable-preclean-start]
2016-03-28T11:48:43.728+0100: 8.936: Total time for which application threads were stopped: 0.0001642 seconds, Stopping threads took: 0.0000584 seconds
2016-03-28T11:48:43.728+0100: 8.936: Total time for which application threads were stopped: 0.0000742 seconds, Stopping threads took: 0.0000229 seconds
2016-03-28T11:48:43.760+0100: 8.967: Total time for which application threads were stopped: 0.0001658 seconds, Stopping threads took: 0.0000466 seconds
2016-03-28T11:48:43.765+0100: 8.973: Total time for which application threads were stopped: 0.0001224 seconds, Stopping threads took: 0.0000426 seconds
2016-03-28T11:48:43.765+0100: 8.973: Total time for which application threads were stopped: 0.0000758 seconds, Stopping threads took: 0.0000205 seconds
2016-03-28T11:48:43.765+0100: 8.973: Total time for which application threads were stopped: 0.0000687 seconds, Stopping threads took: 0.0000190 seconds
2016-03-28T11:48:44.025+0100: 9.232: Total time for which application threads were stopped: 0.0001595 seconds, Stopping threads took: 0.0000490 seconds
2016-03-28T11:48:44.025+0100: 9.232: [CMS-concurrent-abortable-preclean: 0.296/0.475 secs] [Times: user=0.66 sys=0.02, real=0.48 secs] 
2016-03-28T11:48:44.026+0100: 9.233: [GC (CMS Final Remark) [YG occupancy: 61992 K (109248 K)]{Heap before GC invocations=3 (full 1):
 par new generation   total 109248K, used 61992K [0x00000000e0000000, 0x00000000e8000000, 0x00000000e8000000)
  eden space 87424K,  56% used [0x00000000e0000000, 0x00000000e3030300, 0x00000000e5560000)
  from space 21824K,  57% used [0x00000000e6ab0000, 0x00000000e7709d60, 0x00000000e8000000)
  to   space 21824K,   0% used [0x00000000e5560000, 0x00000000e5560000, 0x00000000e6ab0000)
 concurrent mark-sweep generation total 393216K, used 0K [0x00000000e8000000, 0x0000000100000000, 0x0000000100000000)
 Metaspace       used 21773K, capacity 22196K, committed 22548K, reserved 1069056K
  class space    used 2596K, capacity 2750K, committed 2816K, reserved 1048576K
2016-03-28T11:48:44.026+0100: 9.234: [GC (CMS Final Remark) 2016-03-28T11:48:44.026+0100: 9.234: [ParNew
Desired survivor size 20112992 bytes, new threshold 8 (max 8)
- age   1:     402952 bytes,     402952 total
- age   2:     803312 bytes,    1206264 total
- age   3:    2359616 bytes,    3565880 total
- age   4:    2549896 bytes,    6115776 total
: 61992K->8359K(109248K), 0.0241658 secs] 61992K->8359K(502464K), 0.0242716 secs] [Times: user=0.06 sys=0.00, real=0.02 secs] 
Heap after GC invocations=4 (full 1):
 par new generation   total 109248K, used 8359K [0x00000000e0000000, 0x00000000e8000000, 0x00000000e8000000)
  eden space 87424K,   0% used [0x00000000e0000000, 0x00000000e0000000, 0x00000000e5560000)
  from space 21824K,  38% used [0x00000000e5560000, 0x00000000e5d89ec0, 0x00000000e6ab0000)
  to   space 21824K,   0% used [0x00000000e6ab0000, 0x00000000e6ab0000, 0x00000000e8000000)
 concurrent mark-sweep generation total 393216K, used 0K [0x00000000e8000000, 0x0000000100000000, 0x0000000100000000)
 Metaspace       used 21773K, capacity 22196K, committed 22548K, reserved 1069056K
  class space    used 2596K, capacity 2750K, committed 2816K, reserved 1048576K
}
2016-03-28T11:48:44.050+0100: 9.258: [Rescan (parallel) , 0.0146784 secs]2016-03-28T11:48:44.065+0100: 9.273: [weak refs processing, 0.0015185 secs]2016-03-28T11:48:44.066+0100: 9.274: [class unloading, 0.0077763 secs]2016-03-28T11:48:44.074+0100: 9.282: [scrub symbol table, 0.0093682 secs]2016-03-28T11:48:44.084+0100: 9.291: [scrub string table, 0.0006396 secs][1 CMS-remark: 0K(393216K)] 8359K(502464K), 0.0601832 secs] [Times: user=0.09 sys=0.00, real=0.06 secs] 
2016-03-28T11:48:44.086+0100: 9.294: Total time for which application threads were stopped: 0.0603846 seconds, Stopping threads took: 0.0000616 seconds
2016-03-28T11:48:44.089+0100: 9.296: [CMS-concurrent-sweep-start]
2016-03-28T11:48:44.089+0100: 9.296: [CMS-concurrent-sweep: 0.000/0.000 secs] [Times: user=0.00 sys=0.00, real=0.00 secs] 
2016-03-28T11:48:44.089+0100: 9.296: [CMS-concurrent-reset-start]
2016-03-28T11:48:44.094+0100: 9.302: [CMS-concurrent-reset: 0.005/0.005 secs] [Times: user=0.01 sys=0.00, real=0.01 secs] 
2016-03-28T11:48:44.111+0100: 9.319: Total time for which application threads were stopped: 0.0001611 seconds, Stopping threads took: 0.0000450 seconds
2016-03-28T11:48:44.157+0100: 9.365: Total time for which application threads were stopped: 0.0001737 seconds, Stopping threads took: 0.0000466 seconds
2016-03-28T11:48:44.160+0100: 9.368: Total time for which application threads were stopped: 0.0001650 seconds, Stopping threads took: 0.0000600 seconds
2016-03-28T11:48:44.162+0100: 9.370: Total time for which application threads were stopped: 0.0001871 seconds, Stopping threads took: 0.0000545 seconds
2016-03-28T11:48:44.163+0100: 9.371: Total time for which application threads were stopped: 0.0001563 seconds, Stopping threads took: 0.0000561 seconds
2016-03-28T11:48:44.237+0100: 9.444: Total time for which application threads were stopped: 0.0005077 seconds, Stopping threads took: 0.0000521 seconds
2016-03-28T11:48:44.254+0100: 9.461: Total time for which application threads were stopped: 0.0001366 seconds, Stopping threads took: 0.0000537 seconds
2016-03-28T11:48:44.257+0100: 9.464: Total time for which application threads were stopped: 0.0001429 seconds, Stopping threads took: 0.0000363 seconds
2016-03-28T11:48:44.411+0100: 9.619: Total time for which application threads were stopped: 0.0004840 seconds, Stopping threads took: 0.0000553 seconds
2016-03-28T11:48:44.574+0100: 9.781: Total time for which application threads were stopped: 0.0002108 seconds, Stopping threads took: 0.0000529 seconds
2016-03-28T11:48:44.638+0100: 9.846: Total time for which application threads were stopped: 0.0001429 seconds, Stopping threads took: 0.0000497 seconds
2016-03-28T11:48:44.670+0100: 9.878: Total time for which application threads were stopped: 0.0001524 seconds, Stopping threads took: 0.0000647 seconds
2016-03-28T11:48:44.670+0100: 9.878: Total time for which application threads were stopped: 0.0000766 seconds, Stopping threads took: 0.0000276 seconds
2016-03-28T11:48:44.670+0100: 9.878: Total time for which application threads were stopped: 0.0002598 seconds, Stopping threads took: 0.0000276 seconds
2016-03-28T11:48:44.670+0100: 9.878: Total time for which application threads were stopped: 0.0000805 seconds, Stopping threads took: 0.0000300 seconds
2016-03-28T11:48:44.781+0100: 9.989: Total time for which application threads were stopped: 0.0001406 seconds, Stopping threads took: 0.0000482 seconds
2016-03-28T11:48:44.789+0100: 9.997: Total time for which application threads were stopped: 0.0002156 seconds, Stopping threads took: 0.0000805 seconds
2016-03-28T11:48:44.948+0100: 10.155: Total time for which application threads were stopped: 0.0001406 seconds, Stopping threads took: 0.0000458 seconds
2016-03-28T11:48:44.948+0100: 10.156: Total time for which application threads were stopped: 0.0000703 seconds, Stopping threads took: 0.0000205 seconds
2016-03-28T11:48:44.948+0100: 10.156: Total time for which application threads were stopped: 0.0000813 seconds, Stopping threads took: 0.0000229 seconds
2016-03-28T11:48:44.985+0100: 10.193: Total time for which application threads were stopped: 0.0001421 seconds, Stopping threads took: 0.0000442 seconds
2016-03-28T11:48:44.985+0100: 10.193: Total time for which application threads were stopped: 0.0000663 seconds, Stopping threads took: 0.0000197 seconds
2016-03-28T11:48:45.058+0100: 10.265: Total time for which application threads were stopped: 0.0003316 seconds, Stopping threads took: 0.0002053 seconds
2016-03-28T11:48:45.058+0100: 10.266: Total time for which application threads were stopped: 0.0002732 seconds, Stopping threads took: 0.0000213 seconds
2016-03-28T11:48:45.059+0100: 10.267: Total time for which application threads were stopped: 0.0001003 seconds, Stopping threads took: 0.0000276 seconds
2016-03-28T11:48:45.062+0100: 10.270: Total time for which application threads were stopped: 0.0003806 seconds, Stopping threads took: 0.0000442 seconds
2016-03-28T11:48:45.172+0100: 10.380: Total time for which application threads were stopped: 0.0004106 seconds, Stopping threads took: 0.0000592 seconds
2016-03-28T11:48:45.230+0100: 10.438: Total time for which application threads were stopped: 0.0001469 seconds, Stopping threads took: 0.0000474 seconds
2016-03-28T11:48:45.311+0100: 10.519: Total time for which application threads were stopped: 0.0006072 seconds, Stopping threads took: 0.0004185 seconds
2016-03-28T11:48:45.876+0100: 11.084: Total time for which application threads were stopped: 0.0001595 seconds, Stopping threads took: 0.0000505 seconds
2016-03-28T11:48:45.878+0100: 11.085: Total time for which application threads were stopped: 0.0001161 seconds, Stopping threads took: 0.0000442 seconds
2016-03-28T11:48:45.878+0100: 11.086: Total time for which application threads were stopped: 0.0000829 seconds, Stopping threads took: 0.0000268 seconds
2016-03-28T11:48:46.324+0100: 11.532: Total time for which application threads were stopped: 0.0001334 seconds, Stopping threads took: 0.0000537 seconds
2016-03-28T11:48:46.325+0100: 11.533: Total time for which application threads were stopped: 0.0000805 seconds, Stopping threads took: 0.0000292 seconds
2016-03-28T11:48:46.343+0100: 11.551: Total time for which application threads were stopped: 0.0001429 seconds, Stopping threads took: 0.0000497 seconds
2016-03-28T11:48:46.344+0100: 11.552: Total time for which application threads were stopped: 0.0000884 seconds, Stopping threads took: 0.0000261 seconds
2016-03-28T11:48:46.346+0100: 11.554: Total time for which application threads were stopped: 0.0001145 seconds, Stopping threads took: 0.0000355 seconds
2016-03-28T11:48:46.346+0100: 11.554: Total time for which application threads were stopped: 0.0000719 seconds, Stopping threads took: 0.0000205 seconds
2016-03-28T11:48:46.351+0100: 11.559: Total time for which application threads were stopped: 0.0001011 seconds, Stopping threads took: 0.0000324 seconds
2016-03-28T11:48:46.351+0100: 11.559: Total time for which application threads were stopped: 0.0000679 seconds, Stopping threads took: 0.0000197 seconds
2016-03-28T11:48:46.352+0100: 11.560: Total time for which application threads were stopped: 0.0000798 seconds, Stopping threads took: 0.0000245 seconds
2016-03-28T11:48:46.352+0100: 11.560: Total time for which application threads were stopped: 0.0000687 seconds, Stopping threads took: 0.0000205 seconds
2016-03-28T11:48:46.354+0100: 11.562: Total time for which application threads were stopped: 0.0002282 seconds, Stopping threads took: 0.0000261 seconds
2016-03-28T11:48:46.399+0100: 11.607: Total time for which application threads were stopped: 0.0002361 seconds, Stopping threads took: 0.0001350 seconds
2016-03-28T11:48:46.409+0100: 11.617: Total time for which application threads were stopped: 0.0001500 seconds, Stopping threads took: 0.0000482 seconds
2016-03-28T11:48:46.409+0100: 11.617: Total time for which application threads were stopped: 0.0000774 seconds, Stopping threads took: 0.0000197 seconds
2016-03-28T11:48:46.422+0100: 11.630: Total time for which application threads were stopped: 0.0004825 seconds, Stopping threads took: 0.0000434 seconds
2016-03-28T11:48:46.446+0100: 11.654: Total time for which application threads were stopped: 0.0001429 seconds, Stopping threads took: 0.0000395 seconds
2016-03-28T11:48:46.460+0100: 11.668: Total time for which application threads were stopped: 0.0001524 seconds, Stopping threads took: 0.0000458 seconds
2016-03-28T11:48:46.489+0100: 11.697: Total time for which application threads were stopped: 0.0001792 seconds, Stopping threads took: 0.0000442 seconds
2016-03-28T11:48:46.515+0100: 11.723: Total time for which application threads were stopped: 0.0001319 seconds, Stopping threads took: 0.0000450 seconds
2016-03-28T11:48:46.523+0100: 11.731: Total time for which application threads were stopped: 0.0003869 seconds, Stopping threads took: 0.0002740 seconds
2016-03-28T11:48:46.528+0100: 11.736: Total time for which application threads were stopped: 0.0011536 seconds, Stopping threads took: 0.0010486 seconds
2016-03-28T11:48:46.553+0100: 11.761: Total time for which application threads were stopped: 0.0003127 seconds, Stopping threads took: 0.0002093 seconds
2016-03-28T11:48:46.567+0100: 11.774: Total time for which application threads were stopped: 0.0004793 seconds, Stopping threads took: 0.0000521 seconds
2016-03-28T11:48:46.568+0100: 11.776: Total time for which application threads were stopped: 0.0001121 seconds, Stopping threads took: 0.0000363 seconds
2016-03-28T11:48:46.568+0100: 11.776: Total time for which application threads were stopped: 0.0000948 seconds, Stopping threads took: 0.0000332 seconds
2016-03-28T11:48:46.620+0100: 11.828: Total time for which application threads were stopped: 0.0001650 seconds, Stopping threads took: 0.0000450 seconds
2016-03-28T11:48:47.027+0100: 12.235: Total time for which application threads were stopped: 0.0001445 seconds, Stopping threads took: 0.0000474 seconds
2016-03-28T11:48:47.123+0100: 12.331: Total time for which application threads were stopped: 0.0001650 seconds, Stopping threads took: 0.0000537 seconds
2016-03-28T11:48:47.124+0100: 12.332: Total time for which application threads were stopped: 0.0001066 seconds, Stopping threads took: 0.0000340 seconds
2016-03-28T11:48:47.124+0100: 12.332: Total time for which application threads were stopped: 0.0000813 seconds, Stopping threads took: 0.0000261 seconds
2016-03-28T11:48:48.566+0100: 13.774: Total time for which application threads were stopped: 0.0001500 seconds, Stopping threads took: 0.0000458 seconds
2016-03-28T11:48:48.567+0100: 13.775: Total time for which application threads were stopped: 0.0001027 seconds, Stopping threads took: 0.0000347 seconds
2016-03-28T11:48:49.572+0100: 14.780: Total time for which application threads were stopped: 0.0001445 seconds, Stopping threads took: 0.0000497 seconds
2016-03-28T11:48:52.499+0100: 17.707: Total time for which application threads were stopped: 0.0001342 seconds, Stopping threads took: 0.0000426 seconds
2016-03-28T11:48:52.499+0100: 17.708: Total time for which application threads were stopped: 0.0000758 seconds, Stopping threads took: 0.0000205 seconds
2016-03-28T11:48:52.501+0100: 17.709: Total time for which application threads were stopped: 0.0001098 seconds, Stopping threads took: 0.0000324 seconds
2016-03-28T11:48:52.501+0100: 17.709: Total time for which application threads were stopped: 0.0000774 seconds, Stopping threads took: 0.0000213 seconds
2016-03-28T11:48:52.502+0100: 17.710: Total time for which application threads were stopped: 0.0000798 seconds, Stopping threads took: 0.0000213 seconds
2016-03-28T11:48:52.502+0100: 17.710: Total time for which application threads were stopped: 0.0000734 seconds, Stopping threads took: 0.0000205 seconds
2016-03-28T11:48:52.502+0100: 17.710: Total time for which application threads were stopped: 0.0000758 seconds, Stopping threads took: 0.0000213 seconds
2016-03-28T11:48:52.502+0100: 17.710: Total time for which application threads were stopped: 0.0000726 seconds, Stopping threads took: 0.0000197 seconds
2016-03-28T11:48:52.509+0100: 17.717: Total time for which application threads were stopped: 0.0001421 seconds, Stopping threads took: 0.0000513 seconds
2016-03-28T11:48:52.511+0100: 17.719: Total time for which application threads were stopped: 0.0001453 seconds, Stopping threads took: 0.0000355 seconds
2016-03-28T11:48:52.513+0100: 17.721: Total time for which application threads were stopped: 0.0001619 seconds, Stopping threads took: 0.0000608 seconds
2016-03-28T11:48:52.517+0100: 17.725: Total time for which application threads were stopped: 0.0001974 seconds, Stopping threads took: 0.0000726 seconds
2016-03-28T11:48:52.544+0100: 17.752: Total time for which application threads were stopped: 0.0002171 seconds, Stopping threads took: 0.0001161 seconds
2016-03-28T11:48:52.587+0100: 17.795: Total time for which application threads were stopped: 0.0002282 seconds, Stopping threads took: 0.0000576 seconds
2016-03-28T11:48:52.608+0100: 17.816: Total time for which application threads were stopped: 0.0001595 seconds, Stopping threads took: 0.0000482 seconds
2016-03-28T11:48:52.633+0100: 17.841: Total time for which application threads were stopped: 0.0001461 seconds, Stopping threads took: 0.0000545 seconds
2016-03-28T11:48:52.634+0100: 17.842: Total time for which application threads were stopped: 0.0000955 seconds, Stopping threads took: 0.0000340 seconds
2016-03-28T11:48:52.634+0100: 17.842: Total time for which application threads were stopped: 0.0000892 seconds, Stopping threads took: 0.0000300 seconds
2016-03-28T11:48:52.634+0100: 17.842: Total time for which application threads were stopped: 0.0000853 seconds, Stopping threads took: 0.0000300 seconds
2016-03-28T11:48:52.634+0100: 17.842: Total time for which application threads were stopped: 0.0000876 seconds, Stopping threads took: 0.0000292 seconds
2016-03-28T11:48:52.635+0100: 17.843: Total time for which application threads were stopped: 0.0001050 seconds, Stopping threads took: 0.0000332 seconds
2016-03-28T11:48:52.635+0100: 17.843: Total time for which application threads were stopped: 0.0000908 seconds, Stopping threads took: 0.0000300 seconds
2016-03-28T11:48:52.636+0100: 17.844: Total time for which application threads were stopped: 0.0001034 seconds, Stopping threads took: 0.0000355 seconds
2016-03-28T11:48:52.636+0100: 17.844: Total time for which application threads were stopped: 0.0001027 seconds, Stopping threads took: 0.0000458 seconds
2016-03-28T11:48:52.639+0100: 17.847: Total time for which application threads were stopped: 0.0001390 seconds, Stopping threads took: 0.0000442 seconds
2016-03-28T11:48:52.639+0100: 17.848: Total time for which application threads were stopped: 0.0000876 seconds, Stopping threads took: 0.0000205 seconds
2016-03-28T11:48:52.642+0100: 17.851: Total time for which application threads were stopped: 0.0001445 seconds, Stopping threads took: 0.0000482 seconds
2016-03-28T11:48:52.643+0100: 17.851: Total time for which application threads were stopped: 0.0000774 seconds, Stopping threads took: 0.0000205 seconds
2016-03-28T11:48:52.644+0100: 17.852: Total time for which application threads were stopped: 0.0001042 seconds, Stopping threads took: 0.0000300 seconds
2016-03-28T11:48:52.647+0100: 17.855: Total time for which application threads were stopped: 0.0001485 seconds, Stopping threads took: 0.0000505 seconds
2016-03-28T11:48:52.650+0100: 17.858: Total time for which application threads were stopped: 0.0001485 seconds, Stopping threads took: 0.0000458 seconds
2016-03-28T11:48:52.680+0100: 17.888: Total time for which application threads were stopped: 0.0001619 seconds, Stopping threads took: 0.0000482 seconds
2016-03-28T11:48:52.681+0100: 17.889: Total time for which application threads were stopped: 0.0003001 seconds, Stopping threads took: 0.0000261 seconds
2016-03-28T11:48:52.681+0100: 17.889: Total time for which application threads were stopped: 0.0000798 seconds, Stopping threads took: 0.0000197 seconds
2016-03-28T11:48:53.602+0100: 18.810: Total time for which application threads were stopped: 0.0001366 seconds, Stopping threads took: 0.0000458 seconds
2016-03-28T11:48:53.603+0100: 18.811: Total time for which application threads were stopped: 0.0001579 seconds, Stopping threads took: 0.0000308 seconds
2016-03-28T11:48:53.610+0100: 18.818: Total time for which application threads were stopped: 0.0001524 seconds, Stopping threads took: 0.0000505 seconds
2016-03-28T11:48:53.614+0100: 18.822: Total time for which application threads were stopped: 0.0007178 seconds, Stopping threads took: 0.0000482 seconds
2016-03-28T11:48:53.618+0100: 18.827: Total time for which application threads were stopped: 0.0001508 seconds, Stopping threads took: 0.0000513 seconds
2016-03-28T11:48:53.684+0100: 18.892: Total time for which application threads were stopped: 0.0002014 seconds, Stopping threads took: 0.0000750 seconds
2016-03-28T11:48:53.690+0100: 18.898: Total time for which application threads were stopped: 0.0001966 seconds, Stopping threads took: 0.0000561 seconds
2016-03-28T11:48:53.690+0100: 18.898: Total time for which application threads were stopped: 0.0000908 seconds, Stopping threads took: 0.0000308 seconds
2016-03-28T11:48:53.690+0100: 18.899: Total time for which application threads were stopped: 0.0001658 seconds, Stopping threads took: 0.0000308 seconds
2016-03-28T11:48:53.693+0100: 18.902: Total time for which application threads were stopped: 0.0001477 seconds, Stopping threads took: 0.0000529 seconds
2016-03-28T11:48:53.694+0100: 18.902: Total time for which application threads were stopped: 0.0000932 seconds, Stopping threads took: 0.0000276 seconds
2016-03-28T11:48:53.694+0100: 18.902: Total time for which application threads were stopped: 0.0000837 seconds, Stopping threads took: 0.0000261 seconds
2016-03-28T11:48:53.694+0100: 18.902: Total time for which application threads were stopped: 0.0000829 seconds, Stopping threads took: 0.0000253 seconds
2016-03-28T11:48:53.694+0100: 18.902: Total time for which application threads were stopped: 0.0001982 seconds, Stopping threads took: 0.0000608 seconds
2016-03-28T11:48:53.694+0100: 18.903: Total time for which application threads were stopped: 0.0000829 seconds, Stopping threads took: 0.0000245 seconds
2016-03-28T11:48:53.695+0100: 18.903: Total time for which application threads were stopped: 0.0000948 seconds, Stopping threads took: 0.0000268 seconds
2016-03-28T11:48:53.698+0100: 18.906: Total time for which application threads were stopped: 0.0001816 seconds, Stopping threads took: 0.0000624 seconds
2016-03-28T11:48:53.712+0100: 18.920: Total time for which application threads were stopped: 0.0001785 seconds, Stopping threads took: 0.0000561 seconds
2016-03-28T11:48:53.713+0100: 18.921: Total time for which application threads were stopped: 0.0001019 seconds, Stopping threads took: 0.0000308 seconds
2016-03-28T11:48:53.741+0100: 18.949: Total time for which application threads were stopped: 0.0129499 seconds, Stopping threads took: 0.0127517 seconds
2016-03-28T11:48:53.742+0100: 18.950: Total time for which application threads were stopped: 0.0001287 seconds, Stopping threads took: 0.0000505 seconds
2016-03-28T11:48:53.742+0100: 18.950: Total time for which application threads were stopped: 0.0000892 seconds, Stopping threads took: 0.0000292 seconds
2016-03-28T11:48:53.743+0100: 18.952: Total time for which application threads were stopped: 0.0003585 seconds, Stopping threads took: 0.0000663 seconds
2016-03-28T11:48:54.670+0100: 19.878: Total time for which application threads were stopped: 0.0001777 seconds, Stopping threads took: 0.0000482 seconds
2016-03-28T11:48:54.698+0100: 19.906: Total time for which application threads were stopped: 0.0002945 seconds, Stopping threads took: 0.0001642 seconds
2016-03-28T11:48:54.706+0100: 19.914: Total time for which application threads were stopped: 0.0013013 seconds, Stopping threads took: 0.0011852 seconds
2016-03-28T11:48:54.706+0100: 19.914: Total time for which application threads were stopped: 0.0001232 seconds, Stopping threads took: 0.0000316 seconds
2016-03-28T11:48:54.738+0100: 19.946: Total time for which application threads were stopped: 0.0001508 seconds, Stopping threads took: 0.0000474 seconds
2016-03-28T11:48:54.994+0100: 20.202: Total time for which application threads were stopped: 0.0001666 seconds, Stopping threads took: 0.0000474 seconds
2016-03-28T11:48:54.994+0100: 20.202: Total time for which application threads were stopped: 0.0000766 seconds, Stopping threads took: 0.0000205 seconds
2016-03-28T11:48:54.994+0100: 20.202: Total time for which application threads were stopped: 0.0000758 seconds, Stopping threads took: 0.0000205 seconds
2016-03-28T11:48:54.994+0100: 20.202: Total time for which application threads were stopped: 0.0000734 seconds, Stopping threads took: 0.0000197 seconds
2016-03-28T11:48:54.995+0100: 20.203: Total time for which application threads were stopped: 0.0000782 seconds, Stopping threads took: 0.0000213 seconds
2016-03-28T11:48:54.995+0100: 20.203: Total time for which application threads were stopped: 0.0000758 seconds, Stopping threads took: 0.0000205 seconds
2016-03-28T11:48:54.995+0100: 20.203: Total time for which application threads were stopped: 0.0000734 seconds, Stopping threads took: 0.0000197 seconds
2016-03-28T11:48:55.054+0100: 20.262: Total time for which application threads were stopped: 0.0194604 seconds, Stopping threads took: 0.0189172 seconds
2016-03-28T11:48:55.424+0100: 20.632: Total time for which application threads were stopped: 0.0006080 seconds, Stopping threads took: 0.0000655 seconds
2016-03-28T11:48:55.569+0100: 20.777: Total time for which application threads were stopped: 0.0001540 seconds, Stopping threads took: 0.0000545 seconds
2016-03-28T11:48:56.126+0100: 21.334: Total time for which application threads were stopped: 0.0005188 seconds, Stopping threads took: 0.0002472 seconds
2016-03-28T11:48:57.142+0100: 22.350: Total time for which application threads were stopped: 0.0001516 seconds, Stopping threads took: 0.0000497 seconds
2016-03-28T11:48:57.781+0100: 22.989: Total time for which application threads were stopped: 0.0003237 seconds, Stopping threads took: 0.0000474 seconds
2016-03-28T11:48:57.820+0100: 23.028: Total time for which application threads were stopped: 0.0001658 seconds, Stopping threads took: 0.0000497 seconds
2016-03-28T11:48:57.820+0100: 23.029: Total time for which application threads were stopped: 0.0000837 seconds, Stopping threads took: 0.0000213 seconds
2016-03-28T11:48:57.903+0100: 23.112: Total time for which application threads were stopped: 0.0001666 seconds, Stopping threads took: 0.0000513 seconds
2016-03-28T11:48:58.226+0100: 23.434: Total time for which application threads were stopped: 0.0003293 seconds, Stopping threads took: 0.0000458 seconds
2016-03-28T11:48:58.515+0100: 23.722: Total time for which application threads were stopped: 0.0001879 seconds, Stopping threads took: 0.0000482 seconds
2016-03-28T11:48:58.616+0100: 23.823: Total time for which application threads were stopped: 0.0001642 seconds, Stopping threads took: 0.0000490 seconds
2016-03-28T11:48:58.792+0100: 24.000: Total time for which application threads were stopped: 0.0001500 seconds, Stopping threads took: 0.0000458 seconds
2016-03-28T11:48:58.793+0100: 24.000: Total time for which application threads were stopped: 0.0000924 seconds, Stopping threads took: 0.0000253 seconds
2016-03-28T11:48:58.797+0100: 24.004: Total time for which application threads were stopped: 0.0001856 seconds, Stopping threads took: 0.0000434 seconds
2016-03-28T11:48:58.806+0100: 24.014: Total time for which application threads were stopped: 0.0001635 seconds, Stopping threads took: 0.0000569 seconds
2016-03-28T11:48:58.816+0100: 24.023: Total time for which application threads were stopped: 0.0001848 seconds, Stopping threads took: 0.0000616 seconds
2016-03-28T11:48:58.820+0100: 24.027: Total time for which application threads were stopped: 0.0002132 seconds, Stopping threads took: 0.0000537 seconds
2016-03-28T11:48:58.820+0100: 24.028: Total time for which application threads were stopped: 0.0001011 seconds, Stopping threads took: 0.0000292 seconds
2016-03-28T11:48:58.820+0100: 24.028: Total time for which application threads were stopped: 0.0000758 seconds, Stopping threads took: 0.0000197 seconds
2016-03-28T11:48:59.821+0100: 25.028: Total time for which application threads were stopped: 0.0001658 seconds, Stopping threads took: 0.0000537 seconds
2016-03-28T11:49:00.823+0100: 26.030: Total time for which application threads were stopped: 0.0001469 seconds, Stopping threads took: 0.0000521 seconds
2016-03-28T11:49:02.823+0100: 28.030: Total time for which application threads were stopped: 0.0001840 seconds, Stopping threads took: 0.0000497 seconds
2016-03-28T11:49:03.823+0100: 29.031: Total time for which application threads were stopped: 0.0001485 seconds, Stopping threads took: 0.0000482 seconds
2016-03-28T11:49:10.832+0100: 36.039: Total time for which application threads were stopped: 0.0001642 seconds, Stopping threads took: 0.0000513 seconds
2016-03-28T11:49:14.492+0100: 39.705: Total time for which application threads were stopped: 0.0001642 seconds, Stopping threads took: 0.0000569 seconds
2016-03-28T11:49:15.552+0100: 40.760: Total time for which application threads were stopped: 0.0600979 seconds, Stopping threads took: 0.0599637 seconds
2016-03-28T11:49:23.025+0100: 48.245: Total time for which application threads were stopped: 0.0001856 seconds, Stopping threads took: 0.0000624 seconds
2016-03-28T11:49:24.025+0100: 49.238: Total time for which application threads were stopped: 0.0001469 seconds, Stopping threads took: 0.0000482 seconds
2016-03-28T11:49:41.073+0100: 66.286: Total time for which application threads were stopped: 0.0001698 seconds, Stopping threads took: 0.0000529 seconds
2016-03-28T11:49:54.788+0100: 80.002: Total time for which application threads were stopped: 0.0001406 seconds, Stopping threads took: 0.0000466 seconds
2016-03-28T11:49:54.963+0100: 80.176: Total time for which application threads were stopped: 0.0002629 seconds, Stopping threads took: 0.0000474 seconds
{Heap before GC invocations=4 (full 1):
 par new generation   total 109248K, used 95783K [0x00000000e0000000, 0x00000000e8000000, 0x00000000e8000000)
  eden space 87424K, 100% used [0x00000000e0000000, 0x00000000e5560000, 0x00000000e5560000)
  from space 21824K,  38% used [0x00000000e5560000, 0x00000000e5d89ec0, 0x00000000e6ab0000)
  to   space 21824K,   0% used [0x00000000e6ab0000, 0x00000000e6ab0000, 0x00000000e8000000)
 concurrent mark-sweep generation total 393216K, used 0K [0x00000000e8000000, 0x0000000100000000, 0x0000000100000000)
 Metaspace       used 31634K, capacity 32034K, committed 32384K, reserved 1077248K
  class space    used 3697K, capacity 3855K, committed 3968K, reserved 1048576K
2016-03-28T11:49:55.032+0100: 80.245: [GC (Allocation Failure) 2016-03-28T11:49:55.032+0100: 80.245: [ParNew
Desired survivor size 20112992 bytes, new threshold 8 (max 8)
- age   1:   13560920 bytes,   13560920 total
- age   2:      95920 bytes,   13656840 total
- age   3:     235904 bytes,   13892744 total
- age   4:    2311160 bytes,   16203904 total
- age   5:    2545704 bytes,   18749608 total
: 95783K->19860K(109248K), 0.0619362 secs] 95783K->19860K(502464K), 0.0620933 secs] [Times: user=0.13 sys=0.00, real=0.06 secs] 
Heap after GC invocations=5 (full 1):
 par new generation   total 109248K, used 19860K [0x00000000e0000000, 0x00000000e8000000, 0x00000000e8000000)
  eden space 87424K,   0% used [0x00000000e0000000, 0x00000000e0000000, 0x00000000e5560000)
  from space 21824K,  91% used [0x00000000e6ab0000, 0x00000000e7e15370, 0x00000000e8000000)
  to   space 21824K,   0% used [0x00000000e5560000, 0x00000000e5560000, 0x00000000e6ab0000)
 concurrent mark-sweep generation total 393216K, used 0K [0x00000000e8000000, 0x0000000100000000, 0x0000000100000000)
 Metaspace       used 31634K, capacity 32034K, committed 32384K, reserved 1077248K
  class space    used 3697K, capacity 3855K, committed 3968K, reserved 1048576K
}
2016-03-28T11:49:55.094+0100: 80.307: Total time for which application threads were stopped: 0.0625395 seconds, Stopping threads took: 0.0000474 seconds
2016-03-28T11:49:55.098+0100: 80.311: Total time for which application threads were stopped: 0.0001871 seconds, Stopping threads took: 0.0000640 seconds
2016-03-28T11:49:55.129+0100: 80.342: Total time for which application threads were stopped: 0.0011221 seconds, Stopping threads took: 0.0010005 seconds
2016-03-28T11:49:55.131+0100: 80.344: Total time for which application threads were stopped: 0.0001548 seconds, Stopping threads took: 0.0000569 seconds
2016-03-28T11:49:55.140+0100: 80.354: Total time for which application threads were stopped: 0.0001769 seconds, Stopping threads took: 0.0000640 seconds
2016-03-28T11:49:55.183+0100: 80.396: Total time for which application threads were stopped: 0.0001990 seconds, Stopping threads took: 0.0000592 seconds
2016-03-28T11:49:55.184+0100: 80.397: Total time for which application threads were stopped: 0.0001082 seconds, Stopping threads took: 0.0000324 seconds
2016-03-28T11:49:55.229+0100: 80.442: Total time for which application threads were stopped: 0.0002195 seconds, Stopping threads took: 0.0000592 seconds
2016-03-28T11:49:55.338+0100: 80.551: Total time for which application threads were stopped: 0.0006933 seconds, Stopping threads took: 0.0000576 seconds
2016-03-28T11:49:55.339+0100: 80.552: Total time for which application threads were stopped: 0.0001240 seconds, Stopping threads took: 0.0000403 seconds
2016-03-28T11:49:55.342+0100: 80.556: Total time for which application threads were stopped: 0.0001682 seconds, Stopping threads took: 0.0000497 seconds
2016-03-28T11:49:55.385+0100: 80.598: Total time for which application threads were stopped: 0.0002061 seconds, Stopping threads took: 0.0000711 seconds
2016-03-28T11:49:55.470+0100: 80.683: Total time for which application threads were stopped: 0.0001935 seconds, Stopping threads took: 0.0000592 seconds
{Heap before GC invocations=5 (full 1):
 par new generation   total 109248K, used 107284K [0x00000000e0000000, 0x00000000e8000000, 0x00000000e8000000)
  eden space 87424K, 100% used [0x00000000e0000000, 0x00000000e5560000, 0x00000000e5560000)
  from space 21824K,  91% used [0x00000000e6ab0000, 0x00000000e7e15370, 0x00000000e8000000)
  to   space 21824K,   0% used [0x00000000e5560000, 0x00000000e5560000, 0x00000000e6ab0000)
 concurrent mark-sweep generation total 393216K, used 0K [0x00000000e8000000, 0x0000000100000000, 0x0000000100000000)
 Metaspace       used 31861K, capacity 32162K, committed 32640K, reserved 1077248K
  class space    used 3714K, capacity 3855K, committed 3968K, reserved 1048576K
2016-03-28T11:49:56.051+0100: 81.264: [GC (Allocation Failure) 2016-03-28T11:49:56.051+0100: 81.264: [ParNew
Desired survivor size 20112992 bytes, new threshold 8 (max 8)
- age   1:    1064488 bytes,    1064488 total
- age   2:    6812600 bytes,    7877088 total
- age   3:      95920 bytes,    7973008 total
- age   4:     235144 bytes,    8208152 total
- age   5:    2299200 bytes,   10507352 total
- age   6:    2544432 bytes,   13051784 total
: 107284K->21824K(109248K), 0.0500760 secs] 107284K->21824K(502464K), 0.0503065 secs] [Times: user=0.08 sys=0.00, real=0.05 secs] 
Heap after GC invocations=6 (full 1):
 par new generation   total 109248K, used 21824K [0x00000000e0000000, 0x00000000e8000000, 0x00000000e8000000)
  eden space 87424K,   0% used [0x00000000e0000000, 0x00000000e0000000, 0x00000000e5560000)
  from space 21824K, 100% used [0x00000000e5560000, 0x00000000e6ab0000, 0x00000000e6ab0000)
  to   space 21824K,   0% used [0x00000000e6ab0000, 0x00000000e6ab0000, 0x00000000e8000000)
 concurrent mark-sweep generation total 393216K, used 0K [0x00000000e8000000, 0x0000000100000000, 0x0000000100000000)
 Metaspace       used 31861K, capacity 32162K, committed 32640K, reserved 1077248K
  class space    used 3714K, capacity 3855K, committed 3968K, reserved 1048576K
}
2016-03-28T11:49:56.101+0100: 81.314: Total time for which application threads were stopped: 0.0507669 seconds, Stopping threads took: 0.0000576 seconds
2016-03-28T11:49:56.103+0100: 81.316: Total time for which application threads were stopped: 0.0016432 seconds, Stopping threads took: 0.0014545 seconds
{Heap before GC invocations=6 (full 1):
 par new generation   total 109248K, used 109248K [0x00000000e0000000, 0x00000000e8000000, 0x00000000e8000000)
  eden space 87424K, 100% used [0x00000000e0000000, 0x00000000e5560000, 0x00000000e5560000)
  from space 21824K, 100% used [0x00000000e5560000, 0x00000000e6ab0000, 0x00000000e6ab0000)
  to   space 21824K,   0% used [0x00000000e6ab0000, 0x00000000e6ab0000, 0x00000000e8000000)
 concurrent mark-sweep generation total 393216K, used 0K [0x00000000e8000000, 0x0000000100000000, 0x0000000100000000)
 Metaspace       used 32040K, capacity 32360K, committed 32640K, reserved 1077248K
  class space    used 3723K, capacity 3856K, committed 3968K, reserved 1048576K
2016-03-28T11:49:56.676+0100: 81.889: [GC (Allocation Failure) 2016-03-28T11:49:56.676+0100: 81.889: [ParNew
Desired survivor size 20112992 bytes, new threshold 8 (max 8)
- age   1:     576752 bytes,     576752 total
- age   2:     836232 bytes,    1412984 total
- age   3:    6787280 bytes,    8200264 total
- age   4:      95872 bytes,    8296136 total
- age   5:     234688 bytes,    8530824 total
- age   6:    2296592 bytes,   10827416 total
- age   7:    2544208 bytes,   13371624 total
: 109248K->16584K(109248K), 0.0437392 secs] 109248K->16584K(502464K), 0.0438711 secs] [Times: user=0.09 sys=0.00, real=0.04 secs] 
Heap after GC invocations=7 (full 1):
 par new generation   total 109248K, used 16584K [0x00000000e0000000, 0x00000000e8000000, 0x00000000e8000000)
  eden space 87424K,   0% used [0x00000000e0000000, 0x00000000e0000000, 0x00000000e5560000)
  from space 21824K,  75% used [0x00000000e6ab0000, 0x00000000e7ae22a8, 0x00000000e8000000)
  to   space 21824K,   0% used [0x00000000e5560000, 0x00000000e5560000, 0x00000000e6ab0000)
 concurrent mark-sweep generation total 393216K, used 0K [0x00000000e8000000, 0x0000000100000000, 0x0000000100000000)
 Metaspace       used 32040K, capacity 32360K, committed 32640K, reserved 1077248K
  class space    used 3723K, capacity 3856K, committed 3968K, reserved 1048576K
}
2016-03-28T11:49:56.720+0100: 81.933: Total time for which application threads were stopped: 0.0443432 seconds, Stopping threads took: 0.0000474 seconds
2016-03-28T11:49:56.734+0100: 81.947: Total time for which application threads were stopped: 0.0001492 seconds, Stopping threads took: 0.0000497 seconds
2016-03-28T11:49:56.874+0100: 82.087: Total time for which application threads were stopped: 0.0001950 seconds, Stopping threads took: 0.0000529 seconds
2016-03-28T11:49:56.888+0100: 82.101: Total time for which application threads were stopped: 0.0006783 seconds, Stopping threads took: 0.0000474 seconds
2016-03-28T11:49:56.890+0100: 82.104: Total time for which application threads were stopped: 0.0001406 seconds, Stopping threads took: 0.0000426 seconds
2016-03-28T11:49:56.916+0100: 82.129: Total time for which application threads were stopped: 0.0001556 seconds, Stopping threads took: 0.0000426 seconds
2016-03-28T11:49:56.921+0100: 82.134: Total time for which application threads were stopped: 0.0001508 seconds, Stopping threads took: 0.0000458 seconds
2016-03-28T11:49:57.030+0100: 82.243: Total time for which application threads were stopped: 0.0071359 seconds, Stopping threads took: 0.0069930 seconds
2016-03-28T11:49:57.037+0100: 82.250: Total time for which application threads were stopped: 0.0001848 seconds, Stopping threads took: 0.0000521 seconds
2016-03-28T11:49:57.044+0100: 82.257: Total time for which application threads were stopped: 0.0001437 seconds, Stopping threads took: 0.0000450 seconds
2016-03-28T11:49:57.165+0100: 82.378: Total time for which application threads were stopped: 0.0001832 seconds, Stopping threads took: 0.0000466 seconds
2016-03-28T11:49:57.167+0100: 82.380: Total time for which application threads were stopped: 0.0001382 seconds, Stopping threads took: 0.0000395 seconds
2016-03-28T11:49:57.167+0100: 82.380: Total time for which application threads were stopped: 0.0001295 seconds, Stopping threads took: 0.0000608 seconds
2016-03-28T11:49:57.189+0100: 82.402: Total time for which application threads were stopped: 0.0001674 seconds, Stopping threads took: 0.0000616 seconds
2016-03-28T11:49:57.190+0100: 82.403: Total time for which application threads were stopped: 0.0001263 seconds, Stopping threads took: 0.0000450 seconds
2016-03-28T11:49:57.236+0100: 82.449: Total time for which application threads were stopped: 0.0001524 seconds, Stopping threads took: 0.0000482 seconds
2016-03-28T11:49:57.268+0100: 82.481: Total time for which application threads were stopped: 0.0012302 seconds, Stopping threads took: 0.0010368 seconds
2016-03-28T11:49:57.273+0100: 82.486: Total time for which application threads were stopped: 0.0001579 seconds, Stopping threads took: 0.0000466 seconds
2016-03-28T11:49:57.283+0100: 82.497: Total time for which application threads were stopped: 0.0003648 seconds, Stopping threads took: 0.0000490 seconds
2016-03-28T11:49:57.491+0100: 82.705: Total time for which application threads were stopped: 0.0002708 seconds, Stopping threads took: 0.0001200 seconds
2016-03-28T11:49:57.492+0100: 82.705: Total time for which application threads were stopped: 0.0001248 seconds, Stopping threads took: 0.0000347 seconds
2016-03-28T11:49:57.493+0100: 82.706: Total time for which application threads were stopped: 0.0006933 seconds, Stopping threads took: 0.0005843 seconds
2016-03-28T11:49:57.613+0100: 82.826: Total time for which application threads were stopped: 0.0002100 seconds, Stopping threads took: 0.0000513 seconds
2016-03-28T11:49:57.613+0100: 82.826: Total time for which application threads were stopped: 0.0000955 seconds, Stopping threads took: 0.0000316 seconds
2016-03-28T11:49:58.622+0100: 83.835: Total time for which application threads were stopped: 0.0001508 seconds, Stopping threads took: 0.0000569 seconds
2016-03-28T11:49:59.482+0100: 84.694: Total time for which application threads were stopped: 0.0002472 seconds, Stopping threads took: 0.0000600 seconds
2016-03-28T11:49:59.483+0100: 84.695: Total time for which application threads were stopped: 0.0001792 seconds, Stopping threads took: 0.0000924 seconds
2016-03-28T11:49:59.483+0100: 84.696: Total time for which application threads were stopped: 0.0001650 seconds, Stopping threads took: 0.0000742 seconds
2016-03-28T11:49:59.491+0100: 84.704: Total time for which application threads were stopped: 0.0001706 seconds, Stopping threads took: 0.0000466 seconds
2016-03-28T11:49:59.494+0100: 84.706: Total time for which application threads were stopped: 0.0001532 seconds, Stopping threads took: 0.0000505 seconds
2016-03-28T11:49:59.494+0100: 84.706: Total time for which application threads were stopped: 0.0000876 seconds, Stopping threads took: 0.0000284 seconds
2016-03-28T11:49:59.494+0100: 84.706: Total time for which application threads were stopped: 0.0000869 seconds, Stopping threads took: 0.0000284 seconds
2016-03-28T11:49:59.494+0100: 84.707: Total time for which application threads were stopped: 0.0000837 seconds, Stopping threads took: 0.0000268 seconds
2016-03-28T11:49:59.496+0100: 84.708: Total time for which application threads were stopped: 0.0001374 seconds, Stopping threads took: 0.0000474 seconds
2016-03-28T11:49:59.499+0100: 84.712: Total time for which application threads were stopped: 0.0034041 seconds, Stopping threads took: 0.0000276 seconds
2016-03-28T11:49:59.505+0100: 84.717: Total time for which application threads were stopped: 0.0001666 seconds, Stopping threads took: 0.0000521 seconds
2016-03-28T11:49:59.529+0100: 84.741: Total time for which application threads were stopped: 0.0002195 seconds, Stopping threads took: 0.0000529 seconds
2016-03-28T11:50:00.529+0100: 85.741: Total time for which application threads were stopped: 0.0001635 seconds, Stopping threads took: 0.0000490 seconds
2016-03-28T11:50:06.314+0100: 91.527: Total time for which application threads were stopped: 0.0001421 seconds, Stopping threads took: 0.0000426 seconds
2016-03-28T11:50:06.315+0100: 91.528: Total time for which application threads were stopped: 0.0001287 seconds, Stopping threads took: 0.0000363 seconds
2016-03-28T11:50:06.315+0100: 91.528: Total time for which application threads were stopped: 0.0000892 seconds, Stopping threads took: 0.0000268 seconds
2016-03-28T11:50:06.332+0100: 91.545: Total time for which application threads were stopped: 0.0007912 seconds, Stopping threads took: 0.0000600 seconds
2016-03-28T11:50:06.347+0100: 91.560: Total time for which application threads were stopped: 0.0001698 seconds, Stopping threads took: 0.0000434 seconds
2016-03-28T11:50:06.347+0100: 91.560: Total time for which application threads were stopped: 0.0000995 seconds, Stopping threads took: 0.0000221 seconds
2016-03-28T11:50:06.348+0100: 91.560: Total time for which application threads were stopped: 0.0001003 seconds, Stopping threads took: 0.0000205 seconds
2016-03-28T11:50:06.348+0100: 91.560: Total time for which application threads were stopped: 0.0000940 seconds, Stopping threads took: 0.0000197 seconds
2016-03-28T11:50:06.414+0100: 91.627: Total time for which application threads were stopped: 0.0001445 seconds, Stopping threads took: 0.0000434 seconds
2016-03-28T11:50:06.419+0100: 91.632: Total time for which application threads were stopped: 0.0001398 seconds, Stopping threads took: 0.0000482 seconds
2016-03-28T11:50:06.419+0100: 91.632: Total time for which application threads were stopped: 0.0000940 seconds, Stopping threads took: 0.0000300 seconds
2016-03-28T11:50:06.419+0100: 91.632: Total time for which application threads were stopped: 0.0000861 seconds, Stopping threads took: 0.0000268 seconds
2016-03-28T11:50:06.420+0100: 91.632: Total time for which application threads were stopped: 0.0000861 seconds, Stopping threads took: 0.0000276 seconds
2016-03-28T11:50:06.441+0100: 91.653: Total time for which application threads were stopped: 0.0001319 seconds, Stopping threads took: 0.0000387 seconds
2016-03-28T11:50:06.441+0100: 91.654: Total time for which application threads were stopped: 0.0000853 seconds, Stopping threads took: 0.0000229 seconds
2016-03-28T11:50:06.442+0100: 91.654: Total time for which application threads were stopped: 0.0000837 seconds, Stopping threads took: 0.0000213 seconds
2016-03-28T11:50:06.447+0100: 91.660: Total time for which application threads were stopped: 0.0006680 seconds, Stopping threads took: 0.0000703 seconds
2016-03-28T11:50:06.858+0100: 92.071: Total time for which application threads were stopped: 0.0001485 seconds, Stopping threads took: 0.0000474 seconds
2016-03-28T11:50:06.859+0100: 92.072: Total time for which application threads were stopped: 0.0001224 seconds, Stopping threads took: 0.0000340 seconds
2016-03-28T11:50:06.865+0100: 92.078: Total time for which application threads were stopped: 0.0001350 seconds, Stopping threads took: 0.0000411 seconds
2016-03-28T11:50:06.868+0100: 92.081: Total time for which application threads were stopped: 0.0001374 seconds, Stopping threads took: 0.0000363 seconds
2016-03-28T11:50:06.873+0100: 92.086: Total time for which application threads were stopped: 0.0001737 seconds, Stopping threads took: 0.0000600 seconds
2016-03-28T11:50:06.874+0100: 92.087: Total time for which application threads were stopped: 0.0000979 seconds, Stopping threads took: 0.0000268 seconds
2016-03-28T11:50:06.875+0100: 92.088: Total time for which application threads were stopped: 0.0000845 seconds, Stopping threads took: 0.0000221 seconds
2016-03-28T11:50:06.878+0100: 92.091: Total time for which application threads were stopped: 0.0002732 seconds, Stopping threads took: 0.0001050 seconds
2016-03-28T11:50:06.880+0100: 92.093: Total time for which application threads were stopped: 0.0001816 seconds, Stopping threads took: 0.0000442 seconds
2016-03-28T11:50:06.881+0100: 92.094: Total time for which application threads were stopped: 0.0002132 seconds, Stopping threads took: 0.0000726 seconds
2016-03-28T11:50:06.889+0100: 92.102: Total time for which application threads were stopped: 0.0001682 seconds, Stopping threads took: 0.0000632 seconds
2016-03-28T11:50:07.856+0100: 93.069: Total time for which application threads were stopped: 0.0003269 seconds, Stopping threads took: 0.0000876 seconds
2016-03-28T11:50:08.856+0100: 94.069: Total time for which application threads were stopped: 0.0004201 seconds, Stopping threads took: 0.0000497 seconds
2016-03-28T11:50:09.856+0100: 95.069: Total time for which application threads were stopped: 0.0003064 seconds, Stopping threads took: 0.0000482 seconds
2016-03-28T11:50:10.856+0100: 96.069: Total time for which application threads were stopped: 0.0002819 seconds, Stopping threads took: 0.0000703 seconds
2016-03-28T11:50:11.857+0100: 97.070: Total time for which application threads were stopped: 0.0012753 seconds, Stopping threads took: 0.0010652 seconds
2016-03-28T11:50:12.857+0100: 98.070: Total time for which application threads were stopped: 0.0002472 seconds, Stopping threads took: 0.0000505 seconds
2016-03-28T11:50:13.860+0100: 99.073: Total time for which application threads were stopped: 0.0013834 seconds, Stopping threads took: 0.0000537 seconds
2016-03-28T11:50:14.860+0100: 100.073: Total time for which application threads were stopped: 0.0002716 seconds, Stopping threads took: 0.0000845 seconds
{Heap before GC invocations=7 (full 1):
 par new generation   total 109248K, used 104008K [0x00000000e0000000, 0x00000000e8000000, 0x00000000e8000000)
  eden space 87424K, 100% used [0x00000000e0000000, 0x00000000e5560000, 0x00000000e5560000)
  from space 21824K,  75% used [0x00000000e6ab0000, 0x00000000e7ae22a8, 0x00000000e8000000)
  to   space 21824K,   0% used [0x00000000e5560000, 0x00000000e5560000, 0x00000000e6ab0000)
 concurrent mark-sweep generation total 393216K, used 0K [0x00000000e8000000, 0x0000000100000000, 0x0000000100000000)
 Metaspace       used 34945K, capacity 35226K, committed 35584K, reserved 1081344K
  class space    used 3900K, capacity 4025K, committed 4096K, reserved 1048576K
2016-03-28T11:50:14.895+0100: 100.109: [GC (Allocation Failure) 2016-03-28T11:50:14.895+0100: 100.109: [ParNew
Desired survivor size 20112992 bytes, new threshold 8 (max 8)
- age   1:    4883800 bytes,    4883800 total
- age   2:     146920 bytes,    5030720 total
- age   3:     291384 bytes,    5322104 total
- age   4:    6758856 bytes,   12080960 total
- age   5:      94576 bytes,   12175536 total
- age   6:     231392 bytes,   12406928 total
- age   7:    2262592 bytes,   14669520 total
- age   8:    2535104 bytes,   17204624 total
: 104008K->20641K(109248K), 0.0601106 secs] 104008K->20641K(502464K), 0.0602211 secs] [Times: user=0.11 sys=0.00, real=0.06 secs] 
Heap after GC invocations=8 (full 1):
 par new generation   total 109248K, used 20641K [0x00000000e0000000, 0x00000000e8000000, 0x00000000e8000000)
  eden space 87424K,   0% used [0x00000000e0000000, 0x00000000e0000000, 0x00000000e5560000)
  from space 21824K,  94% used [0x00000000e5560000, 0x00000000e6988738, 0x00000000e6ab0000)
  to   space 21824K,   0% used [0x00000000e6ab0000, 0x00000000e6ab0000, 0x00000000e8000000)
 concurrent mark-sweep generation total 393216K, used 0K [0x00000000e8000000, 0x0000000100000000, 0x0000000100000000)
 Metaspace       used 34945K, capacity 35226K, committed 35584K, reserved 1081344K
  class space    used 3900K, capacity 4025K, committed 4096K, reserved 1048576K
}
2016-03-28T11:50:14.956+0100: 100.169: Total time for which application threads were stopped: 0.0607289 seconds, Stopping threads took: 0.0000466 seconds
2016-03-28T11:50:14.957+0100: 100.170: Total time for which application threads were stopped: 0.0002685 seconds, Stopping threads took: 0.0000845 seconds
2016-03-28T11:50:14.957+0100: 100.170: Total time for which application threads were stopped: 0.0002653 seconds, Stopping threads took: 0.0001792 seconds
2016-03-28T11:50:15.957+0100: 101.170: Total time for which application threads were stopped: 0.0002045 seconds, Stopping threads took: 0.0000584 seconds
2016-03-28T11:50:16.957+0100: 102.170: Total time for which application threads were stopped: 0.0001824 seconds, Stopping threads took: 0.0000537 seconds
2016-03-28T11:50:17.959+0100: 103.171: Total time for which application threads were stopped: 0.0002290 seconds, Stopping threads took: 0.0000576 seconds
2016-03-28T11:50:18.959+0100: 104.172: Total time for which application threads were stopped: 0.0001792 seconds, Stopping threads took: 0.0000561 seconds
2016-03-28T11:50:19.959+0100: 105.174: Total time for which application threads were stopped: 0.0003601 seconds, Stopping threads took: 0.0001145 seconds
2016-03-28T11:50:20.959+0100: 106.174: Total time for which application threads were stopped: 0.0003632 seconds, Stopping threads took: 0.0000884 seconds
2016-03-28T11:50:21.464+0100: 106.679: Total time for which application threads were stopped: 0.0002227 seconds, Stopping threads took: 0.0000466 seconds
2016-03-28T11:50:21.480+0100: 106.695: Total time for which application threads were stopped: 0.0002337 seconds, Stopping threads took: 0.0000505 seconds
2016-03-28T11:50:22.064+0100: 107.279: Total time for which application threads were stopped: 0.0011844 seconds, Stopping threads took: 0.0000632 seconds
2016-03-28T11:50:22.099+0100: 107.314: Total time for which application threads were stopped: 0.0002314 seconds, Stopping threads took: 0.0000521 seconds
2016-03-28T11:50:22.152+0100: 107.368: Total time for which application threads were stopped: 0.0002314 seconds, Stopping threads took: 0.0000632 seconds
2016-03-28T11:50:22.153+0100: 107.369: Total time for which application threads were stopped: 0.0001563 seconds, Stopping threads took: 0.0000434 seconds
2016-03-28T11:50:22.153+0100: 107.369: Total time for which application threads were stopped: 0.0001074 seconds, Stopping threads took: 0.0000300 seconds
2016-03-28T11:50:22.300+0100: 107.516: Total time for which application threads were stopped: 0.0002329 seconds, Stopping threads took: 0.0000647 seconds
2016-03-28T11:50:22.301+0100: 107.517: Total time for which application threads were stopped: 0.0001982 seconds, Stopping threads took: 0.0000821 seconds
2016-03-28T11:50:22.303+0100: 107.519: Total time for which application threads were stopped: 0.0001729 seconds, Stopping threads took: 0.0000663 seconds
2016-03-28T11:50:22.307+0100: 107.522: Total time for which application threads were stopped: 0.0002566 seconds, Stopping threads took: 0.0000553 seconds
2016-03-28T11:50:22.311+0100: 107.527: Total time for which application threads were stopped: 0.0001627 seconds, Stopping threads took: 0.0000474 seconds
2016-03-28T11:50:22.504+0100: 107.719: Total time for which application threads were stopped: 0.0002653 seconds, Stopping threads took: 0.0000655 seconds
2016-03-28T11:50:22.507+0100: 107.723: Total time for which application threads were stopped: 0.0002724 seconds, Stopping threads took: 0.0000505 seconds
2016-03-28T11:50:22.509+0100: 107.724: Total time for which application threads were stopped: 0.0002337 seconds, Stopping threads took: 0.0000529 seconds
2016-03-28T11:50:22.851+0100: 108.066: Total time for which application threads were stopped: 0.0003166 seconds, Stopping threads took: 0.0000545 seconds
{Heap before GC invocations=8 (full 1):
 par new generation   total 109248K, used 108065K [0x00000000e0000000, 0x00000000e8000000, 0x00000000e8000000)
  eden space 87424K, 100% used [0x00000000e0000000, 0x00000000e5560000, 0x00000000e5560000)
  from space 21824K,  94% used [0x00000000e5560000, 0x00000000e6988738, 0x00000000e6ab0000)
  to   space 21824K,   0% used [0x00000000e6ab0000, 0x00000000e6ab0000, 0x00000000e8000000)
 concurrent mark-sweep generation total 393216K, used 0K [0x00000000e8000000, 0x0000000100000000, 0x0000000100000000)
 Metaspace       used 35097K, capacity 35450K, committed 35840K, reserved 1081344K
  class space    used 3912K, capacity 4057K, committed 4096K, reserved 1048576K
2016-03-28T11:50:22.988+0100: 108.203: [GC (Allocation Failure) 2016-03-28T11:50:22.988+0100: 108.203: [ParNew
Desired survivor size 20112992 bytes, new threshold 8 (max 8)
- age   1:     919976 bytes,     919976 total
- age   2:    2961120 bytes,    3881096 total
- age   3:     146920 bytes,    4028016 total
- age   4:     291384 bytes,    4319400 total
- age   5:    6758512 bytes,   11077912 total
- age   6:      94576 bytes,   11172488 total
- age   7:     231392 bytes,   11403880 total
- age   8:    2262592 bytes,   13666472 total
: 108065K->17662K(109248K), 0.1368816 secs] 108065K->20370K(502464K), 0.1370221 secs] [Times: user=0.19 sys=0.00, real=0.14 secs] 
Heap after GC invocations=9 (full 1):
 par new generation   total 109248K, used 17662K [0x00000000e0000000, 0x00000000e8000000, 0x00000000e8000000)
  eden space 87424K,   0% used [0x00000000e0000000, 0x00000000e0000000, 0x00000000e5560000)
  from space 21824K,  80% used [0x00000000e6ab0000, 0x00000000e7befb90, 0x00000000e8000000)
  to   space 21824K,   0% used [0x00000000e5560000, 0x00000000e5560000, 0x00000000e6ab0000)
 concurrent mark-sweep generation total 393216K, used 2708K [0x00000000e8000000, 0x0000000100000000, 0x0000000100000000)
 Metaspace       used 35097K, capacity 35450K, committed 35840K, reserved 1081344K
  class space    used 3912K, capacity 4057K, committed 4096K, reserved 1048576K
}
2016-03-28T11:50:23.125+0100: 108.341: Total time for which application threads were stopped: 0.1375456 seconds, Stopping threads took: 0.0000624 seconds
2016-03-28T11:50:23.624+0100: 108.840: Total time for which application threads were stopped: 0.0002472 seconds, Stopping threads took: 0.0000537 seconds
2016-03-28T11:50:23.631+0100: 108.847: Total time for which application threads were stopped: 0.0002377 seconds, Stopping threads took: 0.0000482 seconds
2016-03-28T11:50:24.632+0100: 109.848: Total time for which application threads were stopped: 0.0002511 seconds, Stopping threads took: 0.0000529 seconds
2016-03-28T11:50:25.632+0100: 110.847: Total time for which application threads were stopped: 0.0002227 seconds, Stopping threads took: 0.0000521 seconds
2016-03-28T11:50:26.359+0100: 111.575: Total time for which application threads were stopped: 0.0002243 seconds, Stopping threads took: 0.0000490 seconds
2016-03-28T11:50:27.361+0100: 112.577: Total time for which application threads were stopped: 0.0001935 seconds, Stopping threads took: 0.0000529 seconds
2016-03-28T11:50:27.967+0100: 113.183: Total time for which application threads were stopped: 0.0002543 seconds, Stopping threads took: 0.0000632 seconds
2016-03-28T11:50:27.975+0100: 113.191: Total time for which application threads were stopped: 0.0003159 seconds, Stopping threads took: 0.0000647 seconds
2016-03-28T11:50:28.977+0100: 114.193: Total time for which application threads were stopped: 0.0013897 seconds, Stopping threads took: 0.0010210 seconds
{Heap before GC invocations=9 (full 1):
 par new generation   total 109248K, used 105086K [0x00000000e0000000, 0x00000000e8000000, 0x00000000e8000000)
  eden space 87424K, 100% used [0x00000000e0000000, 0x00000000e5560000, 0x00000000e5560000)
  from space 21824K,  80% used [0x00000000e6ab0000, 0x00000000e7befb90, 0x00000000e8000000)
  to   space 21824K,   0% used [0x00000000e5560000, 0x00000000e5560000, 0x00000000e6ab0000)
 concurrent mark-sweep generation total 393216K, used 2708K [0x00000000e8000000, 0x0000000100000000, 0x0000000100000000)
 Metaspace       used 35115K, capacity 35450K, committed 35840K, reserved 1081344K
  class space    used 3912K, capacity 4057K, committed 4096K, reserved 1048576K
2016-03-28T11:50:29.701+0100: 114.917: [GC (Allocation Failure) 2016-03-28T11:50:29.701+0100: 114.917: [ParNew
Desired survivor size 20112992 bytes, new threshold 8 (max 8)
- age   1:     559504 bytes,     559504 total
- age   2:     799736 bytes,    1359240 total
- age   3:    2946840 bytes,    4306080 total
- age   4:     146920 bytes,    4453000 total
- age   5:     291384 bytes,    4744384 total
- age   6:    6758512 bytes,   11502896 total
- age   7:      94576 bytes,   11597472 total
- age   8:     231392 bytes,   11828864 total
: 105086K->14926K(109248K), 0.0610029 secs] 107794K->19964K(502464K), 0.0611545 secs] [Times: user=0.13 sys=0.00, real=0.06 secs] 
Heap after GC invocations=10 (full 1):
 par new generation   total 109248K, used 14926K [0x00000000e0000000, 0x00000000e8000000, 0x00000000e8000000)
  eden space 87424K,   0% used [0x00000000e0000000, 0x00000000e0000000, 0x00000000e5560000)
  from space 21824K,  68% used [0x00000000e5560000, 0x00000000e63f3b60, 0x00000000e6ab0000)
  to   space 21824K,   0% used [0x00000000e6ab0000, 0x00000000e6ab0000, 0x00000000e8000000)
 concurrent mark-sweep generation total 393216K, used 5037K [0x00000000e8000000, 0x0000000100000000, 0x0000000100000000)
 Metaspace       used 35115K, capacity 35450K, committed 35840K, reserved 1081344K
  class space    used 3912K, capacity 4057K, committed 4096K, reserved 1048576K
}
2016-03-28T11:50:29.762+0100: 114.978: Total time for which application threads were stopped: 0.0616472 seconds, Stopping threads took: 0.0000529 seconds
2016-03-28T11:50:30.762+0100: 115.978: Total time for which application threads were stopped: 0.0002424 seconds, Stopping threads took: 0.0000537 seconds
2016-03-28T11:50:31.766+0100: 116.982: Total time for which application threads were stopped: 0.0012934 seconds, Stopping threads took: 0.0010518 seconds
2016-03-28T11:50:31.900+0100: 117.116: Total time for which application threads were stopped: 0.0002408 seconds, Stopping threads took: 0.0000608 seconds
2016-03-28T11:50:31.979+0100: 117.195: Total time for which application threads were stopped: 0.0004627 seconds, Stopping threads took: 0.0000624 seconds
2016-03-28T11:50:32.720+0100: 117.936: Total time for which application threads were stopped: 0.0002898 seconds, Stopping threads took: 0.0000505 seconds
2016-03-28T11:50:32.996+0100: 118.212: Total time for which application threads were stopped: 0.0002029 seconds, Stopping threads took: 0.0000545 seconds
2016-03-28T11:50:33.172+0100: 118.388: Total time for which application threads were stopped: 0.0002543 seconds, Stopping threads took: 0.0000545 seconds
{Heap before GC invocations=10 (full 1):
 par new generation   total 109248K, used 102350K [0x00000000e0000000, 0x00000000e8000000, 0x00000000e8000000)
  eden space 87424K, 100% used [0x00000000e0000000, 0x00000000e5560000, 0x00000000e5560000)
  from space 21824K,  68% used [0x00000000e5560000, 0x00000000e63f3b60, 0x00000000e6ab0000)
  to   space 21824K,   0% used [0x00000000e6ab0000, 0x00000000e6ab0000, 0x00000000e8000000)
 concurrent mark-sweep generation total 393216K, used 5037K [0x00000000e8000000, 0x0000000100000000, 0x0000000100000000)
 Metaspace       used 35167K, capacity 35546K, committed 35840K, reserved 1081344K
  class space    used 3915K, capacity 4089K, committed 4096K, reserved 1048576K
2016-03-28T11:50:33.683+0100: 118.899: [GC (Allocation Failure) 2016-03-28T11:50:33.683+0100: 118.899: [ParNew
Desired survivor size 20112992 bytes, new threshold 8 (max 8)
- age   1:     803632 bytes,     803632 total
- age   2:     435232 bytes,    1238864 total
- age   3:     788760 bytes,    2027624 total
- age   4:    2942184 bytes,    4969808 total
- age   5:     146920 bytes,    5116728 total
- age   6:     291384 bytes,    5408112 total
- age   7:    6758464 bytes,   12166576 total
- age   8:      94576 bytes,   12261152 total
: 102350K->14185K(109248K), 0.0748806 secs] 107388K->19454K(502464K), 0.0750259 secs] [Times: user=0.09 sys=0.00, real=0.07 secs] 
Heap after GC invocations=11 (full 1):
 par new generation   total 109248K, used 14185K [0x00000000e0000000, 0x00000000e8000000, 0x00000000e8000000)
  eden space 87424K,   0% used [0x00000000e0000000, 0x00000000e0000000, 0x00000000e5560000)
  from space 21824K,  64% used [0x00000000e6ab0000, 0x00000000e788a4b8, 0x00000000e8000000)
  to   space 21824K,   0% used [0x00000000e5560000, 0x00000000e5560000, 0x00000000e6ab0000)
 concurrent mark-sweep generation total 393216K, used 5268K [0x00000000e8000000, 0x0000000100000000, 0x0000000100000000)
 Metaspace       used 35167K, capacity 35546K, committed 35840K, reserved 1081344K
  class space    used 3915K, capacity 4089K, committed 4096K, reserved 1048576K
}
2016-03-28T11:50:33.758+0100: 118.975: Total time for which application threads were stopped: 0.0755723 seconds, Stopping threads took: 0.0000529 seconds
2016-03-28T11:50:34.758+0100: 119.974: Total time for which application threads were stopped: 0.0002590 seconds, Stopping threads took: 0.0000592 seconds
2016-03-28T11:50:35.760+0100: 120.975: Total time for which application threads were stopped: 0.0010565 seconds, Stopping threads took: 0.0008465 seconds
{Heap before GC invocations=11 (full 1):
 par new generation   total 109248K, used 101609K [0x00000000e0000000, 0x00000000e8000000, 0x00000000e8000000)
  eden space 87424K, 100% used [0x00000000e0000000, 0x00000000e5560000, 0x00000000e5560000)
  from space 21824K,  64% used [0x00000000e6ab0000, 0x00000000e788a4b8, 0x00000000e8000000)
  to   space 21824K,   0% used [0x00000000e5560000, 0x00000000e5560000, 0x00000000e6ab0000)
 concurrent mark-sweep generation total 393216K, used 5268K [0x00000000e8000000, 0x0000000100000000, 0x0000000100000000)
 Metaspace       used 35178K, capacity 35546K, committed 35840K, reserved 1081344K
  class space    used 3916K, capacity 4089K, committed 4096K, reserved 1048576K
2016-03-28T11:50:35.957+0100: 121.173: [GC (Allocation Failure) 2016-03-28T11:50:35.957+0100: 121.173: [ParNew
Desired survivor size 20112992 bytes, new threshold 8 (max 8)
- age   1:     686208 bytes,     686208 total
- age   2:     621456 bytes,    1307664 total
- age   3:     431800 bytes,    1739464 total
- age   4:     784392 bytes,    2523856 total
- age   5:    2939664 bytes,    5463520 total
- age   6:     146920 bytes,    5610440 total
- age   7:     291384 bytes,    5901824 total
- age   8:    6758464 bytes,   12660288 total
: 101609K->17370K(109248K), 0.0434936 secs] 106878K->22734K(502464K), 0.0436436 secs] [Times: user=0.09 sys=0.00, real=0.04 secs] 
Heap after GC invocations=12 (full 1):
 par new generation   total 109248K, used 17370K [0x00000000e0000000, 0x00000000e8000000, 0x00000000e8000000)
  eden space 87424K,   0% used [0x00000000e0000000, 0x00000000e0000000, 0x00000000e5560000)
  from space 21824K,  79% used [0x00000000e5560000, 0x00000000e6656ae0, 0x00000000e6ab0000)
  to   space 21824K,   0% used [0x00000000e6ab0000, 0x00000000e6ab0000, 0x00000000e8000000)
 concurrent mark-sweep generation total 393216K, used 5363K [0x00000000e8000000, 0x0000000100000000, 0x0000000100000000)
 Metaspace       used 35178K, capacity 35546K, committed 35840K, reserved 1081344K
  class space    used 3916K, capacity 4089K, committed 4096K, reserved 1048576K
}
2016-03-28T11:50:36.001+0100: 121.216: Total time for which application threads were stopped: 0.0441340 seconds, Stopping threads took: 0.0000497 seconds
2016-03-28T11:50:37.002+0100: 122.217: Total time for which application threads were stopped: 0.0012058 seconds, Stopping threads took: 0.0010163 seconds
2016-03-28T11:50:37.124+0100: 122.340: Total time for which application threads were stopped: 0.0002290 seconds, Stopping threads took: 0.0000513 seconds
2016-03-28T11:50:37.148+0100: 122.364: Total time for which application threads were stopped: 0.0003166 seconds, Stopping threads took: 0.0000592 seconds
2016-03-28T11:50:37.158+0100: 122.373: Total time for which application threads were stopped: 0.0002637 seconds, Stopping threads took: 0.0000671 seconds
2016-03-28T11:50:37.512+0100: 122.728: Total time for which application threads were stopped: 0.1569295 seconds, Stopping threads took: 0.1566152 seconds
2016-03-28T11:50:37.641+0100: 122.856: Total time for which application threads were stopped: 0.0962298 seconds, Stopping threads took: 0.0959732 seconds
2016-03-28T11:50:37.657+0100: 122.872: Total time for which application threads were stopped: 0.0002629 seconds, Stopping threads took: 0.0000450 seconds
2016-03-28T11:50:37.856+0100: 123.071: Total time for which application threads were stopped: 0.0002874 seconds, Stopping threads took: 0.0000750 seconds
2016-03-28T11:50:37.856+0100: 123.072: Total time for which application threads were stopped: 0.0001279 seconds, Stopping threads took: 0.0000371 seconds
2016-03-28T11:50:37.856+0100: 123.072: Total time for which application threads were stopped: 0.0001098 seconds, Stopping threads took: 0.0000284 seconds
2016-03-28T11:50:37.897+0100: 123.113: Total time for which application threads were stopped: 0.0002393 seconds, Stopping threads took: 0.0000600 seconds
2016-03-28T11:50:37.898+0100: 123.114: Total time for which application threads were stopped: 0.0001406 seconds, Stopping threads took: 0.0000395 seconds
2016-03-28T11:50:37.902+0100: 123.117: Total time for which application threads were stopped: 0.0002724 seconds, Stopping threads took: 0.0000505 seconds
2016-03-28T11:50:37.902+0100: 123.117: Total time for which application threads were stopped: 0.0001074 seconds, Stopping threads took: 0.0000221 seconds
2016-03-28T11:50:37.902+0100: 123.117: Total time for which application threads were stopped: 0.0001327 seconds, Stopping threads took: 0.0000197 seconds
2016-03-28T11:50:37.909+0100: 123.125: Total time for which application threads were stopped: 0.0002329 seconds, Stopping threads took: 0.0000537 seconds
2016-03-28T11:50:37.910+0100: 123.125: Total time for which application threads were stopped: 0.0001074 seconds, Stopping threads took: 0.0000213 seconds
2016-03-28T11:50:37.910+0100: 123.126: Total time for which application threads were stopped: 0.0001145 seconds, Stopping threads took: 0.0000237 seconds
2016-03-28T11:50:37.921+0100: 123.136: Total time for which application threads were stopped: 0.0002345 seconds, Stopping threads took: 0.0000545 seconds
2016-03-28T11:50:38.187+0100: 123.402: Total time for which application threads were stopped: 0.0002945 seconds, Stopping threads took: 0.0000655 seconds
2016-03-28T11:50:38.203+0100: 123.418: Total time for which application threads were stopped: 0.0001927 seconds, Stopping threads took: 0.0000616 seconds
2016-03-28T11:50:38.345+0100: 123.561: Total time for which application threads were stopped: 0.0005156 seconds, Stopping threads took: 0.0000545 seconds
2016-03-28T11:50:38.435+0100: 123.650: Total time for which application threads were stopped: 0.0002637 seconds, Stopping threads took: 0.0000569 seconds
2016-03-28T11:50:38.883+0100: 124.098: Total time for which application threads were stopped: 0.0005030 seconds, Stopping threads took: 0.0002140 seconds
2016-03-28T11:50:38.952+0100: 124.167: Total time for which application threads were stopped: 0.0004454 seconds, Stopping threads took: 0.0000482 seconds
{Heap before GC invocations=12 (full 1):
 par new generation   total 109248K, used 104794K [0x00000000e0000000, 0x00000000e8000000, 0x00000000e8000000)
  eden space 87424K, 100% used [0x00000000e0000000, 0x00000000e5560000, 0x00000000e5560000)
  from space 21824K,  79% used [0x00000000e5560000, 0x00000000e6656ae0, 0x00000000e6ab0000)
  to   space 21824K,   0% used [0x00000000e6ab0000, 0x00000000e6ab0000, 0x00000000e8000000)
 concurrent mark-sweep generation total 393216K, used 5363K [0x00000000e8000000, 0x0000000100000000, 0x0000000100000000)
 Metaspace       used 35247K, capacity 35610K, committed 35840K, reserved 1081344K
  class space    used 3917K, capacity 4089K, committed 4096K, reserved 1048576K
2016-03-28T11:50:39.469+0100: 124.684: [GC (Allocation Failure) 2016-03-28T11:50:39.469+0100: 124.684: [ParNew
Desired survivor size 20112992 bytes, new threshold 8 (max 8)
- age   1:    1125464 bytes,    1125464 total
- age   2:      40632 bytes,    1166096 total
- age   3:      64848 bytes,    1230944 total
- age   4:      99880 bytes,    1330824 total
- age   5:     159416 bytes,    1490240 total
- age   6:    2937848 bytes,    4428088 total
- age   7:     146920 bytes,    4575008 total
- age   8:     291384 bytes,    4866392 total
: 104794K->8986K(109248K), 0.0752020 secs] 110158K->21084K(502464K), 0.0753496 secs] [Times: user=0.16 sys=0.00, real=0.07 secs] 
Heap after GC invocations=13 (full 1):
 par new generation   total 109248K, used 8986K [0x00000000e0000000, 0x00000000e8000000, 0x00000000e8000000)
  eden space 87424K,   0% used [0x00000000e0000000, 0x00000000e0000000, 0x00000000e5560000)
  from space 21824K,  41% used [0x00000000e6ab0000, 0x00000000e7376a00, 0x00000000e8000000)
  to   space 21824K,   0% used [0x00000000e5560000, 0x00000000e5560000, 0x00000000e6ab0000)
 concurrent mark-sweep generation total 393216K, used 12098K [0x00000000e8000000, 0x0000000100000000, 0x0000000100000000)
 Metaspace       used 35247K, capacity 35610K, committed 35840K, reserved 1081344K
  class space    used 3917K, capacity 4089K, committed 4096K, reserved 1048576K
}
2016-03-28T11:50:39.544+0100: 124.760: Total time for which application threads were stopped: 0.0758748 seconds, Stopping threads took: 0.0000561 seconds
2016-03-28T11:50:39.567+0100: 124.782: Total time for which application threads were stopped: 0.0002598 seconds, Stopping threads took: 0.0000569 seconds
2016-03-28T11:50:40.568+0100: 125.783: Total time for which application threads were stopped: 0.0001777 seconds, Stopping threads took: 0.0000521 seconds
2016-03-28T11:50:40.640+0100: 125.856: Total time for which application threads were stopped: 0.0002322 seconds, Stopping threads took: 0.0000584 seconds
2016-03-28T11:50:40.838+0100: 126.053: Total time for which application threads were stopped: 0.0002171 seconds, Stopping threads took: 0.0000513 seconds
2016-03-28T11:50:40.840+0100: 126.056: Total time for which application threads were stopped: 0.0008481 seconds, Stopping threads took: 0.0006649 seconds
2016-03-28T11:50:40.844+0100: 126.059: Total time for which application threads were stopped: 0.0002440 seconds, Stopping threads took: 0.0000505 seconds
2016-03-28T11:50:41.577+0100: 126.793: Total time for which application threads were stopped: 0.0003166 seconds, Stopping threads took: 0.0000592 seconds
2016-03-28T11:50:42.580+0100: 127.796: Total time for which application threads were stopped: 0.0001682 seconds, Stopping threads took: 0.0000513 seconds
{Heap before GC invocations=13 (full 1):
 par new generation   total 109248K, used 96410K [0x00000000e0000000, 0x00000000e8000000, 0x00000000e8000000)
  eden space 87424K, 100% used [0x00000000e0000000, 0x00000000e5560000, 0x00000000e5560000)
  from space 21824K,  41% used [0x00000000e6ab0000, 0x00000000e7376a00, 0x00000000e8000000)
  to   space 21824K,   0% used [0x00000000e5560000, 0x00000000e5560000, 0x00000000e6ab0000)
 concurrent mark-sweep generation total 393216K, used 12098K [0x00000000e8000000, 0x0000000100000000, 0x0000000100000000)
 Metaspace       used 35253K, capacity 35610K, committed 35840K, reserved 1081344K
  class space    used 3917K, capacity 4089K, committed 4096K, reserved 1048576K
2016-03-28T11:50:43.029+0100: 128.245: [GC (Allocation Failure) 2016-03-28T11:50:43.029+0100: 128.245: [ParNew
Desired survivor size 20112992 bytes, new threshold 8 (max 8)
- age   1:    1047208 bytes,    1047208 total
- age   2:    1013328 bytes,    2060536 total
- age   3:      39096 bytes,    2099632 total
- age   4:      61632 bytes,    2161264 total
- age   5:      97144 bytes,    2258408 total
- age   6:     156848 bytes,    2415256 total
- age   7:    2936216 bytes,    5351472 total
- age   8:     146920 bytes,    5498392 total
: 96410K->6228K(109248K), 0.0429101 secs] 108508K->18617K(502464K), 0.0430530 secs] [Times: user=0.05 sys=0.00, real=0.04 secs] 
Heap after GC invocations=14 (full 1):
 par new generation   total 109248K, used 6228K [0x00000000e0000000, 0x00000000e8000000, 0x00000000e8000000)
  eden space 87424K,   0% used [0x00000000e0000000, 0x00000000e0000000, 0x00000000e5560000)
  from space 21824K,  28% used [0x00000000e5560000, 0x00000000e5b75030, 0x00000000e6ab0000)
  to   space 21824K,   0% used [0x00000000e6ab0000, 0x00000000e6ab0000, 0x00000000e8000000)
 concurrent mark-sweep generation total 393216K, used 12389K [0x00000000e8000000, 0x0000000100000000, 0x0000000100000000)
 Metaspace       used 35253K, capacity 35610K, committed 35840K, reserved 1081344K
  class space    used 3917K, capacity 4089K, committed 4096K, reserved 1048576K
}
2016-03-28T11:50:43.073+0100: 128.288: Total time for which application threads were stopped: 0.0435655 seconds, Stopping threads took: 0.0000663 seconds
2016-03-28T11:50:44.079+0100: 129.295: Total time for which application threads were stopped: 0.0002258 seconds, Stopping threads took: 0.0000576 seconds
2016-03-28T11:50:45.080+0100: 130.296: Total time for which application threads were stopped: 0.0001785 seconds, Stopping threads took: 0.0000545 seconds
2016-03-28T11:50:47.090+0100: 132.306: Total time for which application threads were stopped: 0.0001919 seconds, Stopping threads took: 0.0000624 seconds
2016-03-28T11:50:49.123+0100: 134.339: Total time for which application threads were stopped: 0.0002085 seconds, Stopping threads took: 0.0000497 seconds
{Heap before GC invocations=14 (full 1):
 par new generation   total 109248K, used 93652K [0x00000000e0000000, 0x00000000e8000000, 0x00000000e8000000)
  eden space 87424K, 100% used [0x00000000e0000000, 0x00000000e5560000, 0x00000000e5560000)
  from space 21824K,  28% used [0x00000000e5560000, 0x00000000e5b75030, 0x00000000e6ab0000)
  to   space 21824K,   0% used [0x00000000e6ab0000, 0x00000000e6ab0000, 0x00000000e8000000)
 concurrent mark-sweep generation total 393216K, used 12389K [0x00000000e8000000, 0x0000000100000000, 0x0000000100000000)
 Metaspace       used 35253K, capacity 35610K, committed 35840K, reserved 1081344K
  class space    used 3917K, capacity 4089K, committed 4096K, reserved 1048576K
2016-03-28T11:50:49.275+0100: 134.491: [GC (Allocation Failure) 2016-03-28T11:50:49.275+0100: 134.491: [ParNew
Desired survivor size 20112992 bytes, new threshold 8 (max 8)
- age   1:     858856 bytes,     858856 total
- age   2:     938160 bytes,    1797016 total
- age   3:    1011720 bytes,    2808736 total
- age   4:      37128 bytes,    2845864 total
- age   5:      59064 bytes,    2904928 total
- age   6:      94384 bytes,    2999312 total
- age   7:     154232 bytes,    3153544 total
- age   8:    2934992 bytes,    6088536 total
: 93652K->6648K(109248K), 0.0314904 secs] 106041K->19185K(502464K), 0.0316192 secs] [Times: user=0.02 sys=0.00, real=0.03 secs] 
Heap after GC invocations=15 (full 1):
 par new generation   total 109248K, used 6648K [0x00000000e0000000, 0x00000000e8000000, 0x00000000e8000000)
  eden space 87424K,   0% used [0x00000000e0000000, 0x00000000e0000000, 0x00000000e5560000)
  from space 21824K,  30% used [0x00000000e6ab0000, 0x00000000e712e210, 0x00000000e8000000)
  to   space 21824K,   0% used [0x00000000e5560000, 0x00000000e5560000, 0x00000000e6ab0000)
 concurrent mark-sweep generation total 393216K, used 12536K [0x00000000e8000000, 0x0000000100000000, 0x0000000100000000)
 Metaspace       used 35253K, capacity 35610K, committed 35840K, reserved 1081344K
  class space    used 3917K, capacity 4089K, committed 4096K, reserved 1048576K
}
2016-03-28T11:50:49.306+0100: 134.523: Total time for which application threads were stopped: 0.0321443 seconds, Stopping threads took: 0.0000853 seconds
2016-03-28T11:50:49.689+0100: 134.905: Total time for which application threads were stopped: 0.0002993 seconds, Stopping threads took: 0.0000592 seconds
2016-03-28T11:50:50.689+0100: 135.905: Total time for which application threads were stopped: 0.0001856 seconds, Stopping threads took: 0.0000592 seconds
2016-03-28T11:50:51.689+0100: 136.905: Total time for which application threads were stopped: 0.0002100 seconds, Stopping threads took: 0.0000497 seconds
2016-03-28T11:50:52.666+0100: 137.882: Total time for which application threads were stopped: 0.0002400 seconds, Stopping threads took: 0.0000592 seconds
2016-03-28T11:50:52.683+0100: 137.900: Total time for which application threads were stopped: 0.0002171 seconds, Stopping threads took: 0.0000513 seconds
2016-03-28T11:50:52.684+0100: 137.901: Total time for which application threads were stopped: 0.0001611 seconds, Stopping threads took: 0.0000395 seconds
2016-03-28T11:50:52.735+0100: 137.951: Total time for which application threads were stopped: 0.0002353 seconds, Stopping threads took: 0.0000600 seconds
2016-03-28T11:50:52.743+0100: 137.959: Total time for which application threads were stopped: 0.0002203 seconds, Stopping threads took: 0.0000561 seconds
2016-03-28T11:50:52.784+0100: 138.000: Total time for which application threads were stopped: 0.0002945 seconds, Stopping threads took: 0.0000592 seconds
2016-03-28T11:50:52.784+0100: 138.000: Total time for which application threads were stopped: 0.0003316 seconds, Stopping threads took: 0.0000284 seconds
2016-03-28T11:50:52.853+0100: 138.070: Total time for which application threads were stopped: 0.0002819 seconds, Stopping threads took: 0.0000647 seconds
2016-03-28T11:50:52.866+0100: 138.082: Total time for which application threads were stopped: 0.0003593 seconds, Stopping threads took: 0.0000497 seconds
2016-03-28T11:50:52.866+0100: 138.083: Total time for which application threads were stopped: 0.0001800 seconds, Stopping threads took: 0.0000261 seconds
2016-03-28T11:50:52.868+0100: 138.084: Total time for which application threads were stopped: 0.0001832 seconds, Stopping threads took: 0.0000268 seconds
2016-03-28T11:50:52.868+0100: 138.084: Total time for which application threads were stopped: 0.0001461 seconds, Stopping threads took: 0.0000197 seconds
2016-03-28T11:50:52.868+0100: 138.085: Total time for which application threads were stopped: 0.0001595 seconds, Stopping threads took: 0.0000237 seconds
2016-03-28T11:50:52.876+0100: 138.091: Total time for which application threads were stopped: 0.0002203 seconds, Stopping threads took: 0.0000600 seconds
2016-03-28T11:50:52.876+0100: 138.091: Total time for which application threads were stopped: 0.0001082 seconds, Stopping threads took: 0.0000300 seconds
2016-03-28T11:50:52.876+0100: 138.092: Total time for which application threads were stopped: 0.0001105 seconds, Stopping threads took: 0.0000308 seconds
2016-03-28T11:50:52.881+0100: 138.096: Total time for which application threads were stopped: 0.0002400 seconds, Stopping threads took: 0.0000663 seconds
2016-03-28T11:50:52.891+0100: 138.107: Total time for which application threads were stopped: 0.0002235 seconds, Stopping threads took: 0.0000513 seconds
2016-03-28T11:50:52.892+0100: 138.107: Total time for which application threads were stopped: 0.0000963 seconds, Stopping threads took: 0.0000190 seconds
{Heap before GC invocations=15 (full 1):
 par new generation   total 109248K, used 94072K [0x00000000e0000000, 0x00000000e8000000, 0x00000000e8000000)
  eden space 87424K, 100% used [0x00000000e0000000, 0x00000000e5560000, 0x00000000e5560000)
  from space 21824K,  30% used [0x00000000e6ab0000, 0x00000000e712e210, 0x00000000e8000000)
  to   space 21824K,   0% used [0x00000000e5560000, 0x00000000e5560000, 0x00000000e6ab0000)
 concurrent mark-sweep generation total 393216K, used 12536K [0x00000000e8000000, 0x0000000100000000, 0x0000000100000000)
 Metaspace       used 35276K, capacity 35610K, committed 35840K, reserved 1081344K
  class space    used 3917K, capacity 4089K, committed 4096K, reserved 1048576K
2016-03-28T11:50:52.977+0100: 138.193: [GC (Allocation Failure) 2016-03-28T11:50:52.977+0100: 138.193: [ParNew
Desired survivor size 20112992 bytes, new threshold 8 (max 8)
- age   1:     843232 bytes,     843232 total
- age   2:      62368 bytes,     905600 total
- age   3:      48000 bytes,     953600 total
- age   4:     665512 bytes,    1619112 total
- age   5:      35856 bytes,    1654968 total
- age   6:      57624 bytes,    1712592 total
- age   7:      92752 bytes,    1805344 total
- age   8:     152880 bytes,    1958224 total
: 94072K->5567K(109248K), 0.0357821 secs] 106609K->21263K(502464K), 0.0359226 secs] [Times: user=0.08 sys=0.00, real=0.04 secs] 
Heap after GC invocations=16 (full 1):
 par new generation   total 109248K, used 5567K [0x00000000e0000000, 0x00000000e8000000, 0x00000000e8000000)
  eden space 87424K,   0% used [0x00000000e0000000, 0x00000000e0000000, 0x00000000e5560000)
  from space 21824K,  25% used [0x00000000e5560000, 0x00000000e5acfde0, 0x00000000e6ab0000)
  to   space 21824K,   0% used [0x00000000e6ab0000, 0x00000000e6ab0000, 0x00000000e8000000)
 concurrent mark-sweep generation total 393216K, used 15696K [0x00000000e8000000, 0x0000000100000000, 0x0000000100000000)
 Metaspace       used 35276K, capacity 35610K, committed 35840K, reserved 1081344K
  class space    used 3917K, capacity 4089K, committed 4096K, reserved 1048576K
}
2016-03-28T11:50:53.013+0100: 138.229: Total time for which application threads were stopped: 0.0364675 seconds, Stopping threads took: 0.0000963 seconds
2016-03-28T11:50:53.423+0100: 138.638: Total time for which application threads were stopped: 0.0004683 seconds, Stopping threads took: 0.0000561 seconds
2016-03-28T11:50:53.877+0100: 139.092: Total time for which application threads were stopped: 0.0002014 seconds, Stopping threads took: 0.0000529 seconds
2016-03-28T11:50:53.879+0100: 139.094: Total time for which application threads were stopped: 0.0001603 seconds, Stopping threads took: 0.0000347 seconds
2016-03-28T11:50:53.879+0100: 139.094: Total time for which application threads were stopped: 0.0001034 seconds, Stopping threads took: 0.0000245 seconds
2016-03-28T11:50:53.879+0100: 139.095: Total time for which application threads were stopped: 0.0000908 seconds, Stopping threads took: 0.0000221 seconds
2016-03-28T11:50:53.912+0100: 139.128: Total time for which application threads were stopped: 0.0002124 seconds, Stopping threads took: 0.0000608 seconds
2016-03-28T11:50:54.812+0100: 140.027: Total time for which application threads were stopped: 0.0005425 seconds, Stopping threads took: 0.0000545 seconds
{Heap before GC invocations=16 (full 1):
 par new generation   total 109248K, used 92966K [0x00000000e0000000, 0x00000000e8000000, 0x00000000e8000000)
  eden space 87424K,  99% used [0x00000000e0000000, 0x00000000e5559d00, 0x00000000e5560000)
  from space 21824K,  25% used [0x00000000e5560000, 0x00000000e5acfde0, 0x00000000e6ab0000)
  to   space 21824K,   0% used [0x00000000e6ab0000, 0x00000000e6ab0000, 0x00000000e8000000)
 concurrent mark-sweep generation total 393216K, used 15696K [0x00000000e8000000, 0x0000000100000000, 0x0000000100000000)
 Metaspace       used 35290K, capacity 35674K, committed 36096K, reserved 1081344K
  class space    used 3918K, capacity 4089K, committed 4096K, reserved 1048576K
2016-03-28T11:50:55.382+0100: 140.598: [GC (Allocation Failure) 2016-03-28T11:50:55.382+0100: 140.598: [ParNew
Desired survivor size 20112992 bytes, new threshold 8 (max 8)
- age   1:     603216 bytes,     603216 total
- age   2:     410208 bytes,    1013424 total
- age   3:      61840 bytes,    1075264 total
- age   4:      47328 bytes,    1122592 total
- age   5:     544936 bytes,    1667528 total
- age   6:      35496 bytes,    1703024 total
- age   7:      57360 bytes,    1760384 total
- age   8:      92440 bytes,    1852824 total
: 92966K->2582K(109248K), 0.0214140 secs] 108662K->18427K(502464K), 0.0215553 secs] [Times: user=0.06 sys=0.00, real=0.02 secs] 
Heap after GC invocations=17 (full 1):
 par new generation   total 109248K, used 2582K [0x00000000e0000000, 0x00000000e8000000, 0x00000000e8000000)
  eden space 87424K,   0% used [0x00000000e0000000, 0x00000000e0000000, 0x00000000e5560000)
  from space 21824K,  11% used [0x00000000e6ab0000, 0x00000000e6d35860, 0x00000000e8000000)
  to   space 21824K,   0% used [0x00000000e5560000, 0x00000000e5560000, 0x00000000e6ab0000)
 concurrent mark-sweep generation total 393216K, used 15845K [0x00000000e8000000, 0x0000000100000000, 0x0000000100000000)
 Metaspace       used 35290K, capacity 35674K, committed 36096K, reserved 1081344K
  class space    used 3918K, capacity 4089K, committed 4096K, reserved 1048576K
}
2016-03-28T11:50:55.404+0100: 140.619: Total time for which application threads were stopped: 0.0220520 seconds, Stopping threads took: 0.0000647 seconds
2016-03-28T11:50:56.404+0100: 141.620: Total time for which application threads were stopped: 0.0001816 seconds, Stopping threads took: 0.0000553 seconds
2016-03-28T11:50:56.922+0100: 142.138: Total time for which application threads were stopped: 0.0005749 seconds, Stopping threads took: 0.0000545 seconds
{Heap before GC invocations=17 (full 1):
 par new generation   total 109248K, used 90006K [0x00000000e0000000, 0x00000000e8000000, 0x00000000e8000000)
  eden space 87424K, 100% used [0x00000000e0000000, 0x00000000e5560000, 0x00000000e5560000)
  from space 21824K,  11% used [0x00000000e6ab0000, 0x00000000e6d35860, 0x00000000e8000000)
  to   space 21824K,   0% used [0x00000000e5560000, 0x00000000e5560000, 0x00000000e6ab0000)
 concurrent mark-sweep generation total 393216K, used 15845K [0x00000000e8000000, 0x0000000100000000, 0x0000000100000000)
 Metaspace       used 35355K, capacity 35738K, committed 36096K, reserved 1081344K
  class space    used 3919K, capacity 4089K, committed 4096K, reserved 1048576K
2016-03-28T11:50:57.574+0100: 142.790: [GC (Allocation Failure) 2016-03-28T11:50:57.574+0100: 142.790: [ParNew
Desired survivor size 20112992 bytes, new threshold 8 (max 8)
- age   1:     333568 bytes,     333568 total
- age   2:     450192 bytes,     783760 total
- age   3:     409992 bytes,    1193752 total
- age   4:      61384 bytes,    1255136 total
- age   5:      46944 bytes,    1302080 total
- age   6:     544768 bytes,    1846848 total
- age   7:      35256 bytes,    1882104 total
- age   8:      57048 bytes,    1939152 total
: 90006K->2276K(109248K), 0.0181986 secs] 105851K->18211K(502464K), 0.0183194 secs] [Times: user=0.03 sys=0.00, real=0.02 secs] 
Heap after GC invocations=18 (full 1):
 par new generation   total 109248K, used 2276K [0x00000000e0000000, 0x00000000e8000000, 0x00000000e8000000)
  eden space 87424K,   0% used [0x00000000e0000000, 0x00000000e0000000, 0x00000000e5560000)
  from space 21824K,  10% used [0x00000000e5560000, 0x00000000e57991c0, 0x00000000e6ab0000)
  to   space 21824K,   0% used [0x00000000e6ab0000, 0x00000000e6ab0000, 0x00000000e8000000)
 concurrent mark-sweep generation total 393216K, used 15935K [0x00000000e8000000, 0x0000000100000000, 0x0000000100000000)
 Metaspace       used 35355K, capacity 35738K, committed 36096K, reserved 1081344K
  class space    used 3919K, capacity 4089K, committed 4096K, reserved 1048576K
}
2016-03-28T11:50:57.593+0100: 142.808: Total time for which application threads were stopped: 0.0187916 seconds, Stopping threads took: 0.0000616 seconds
2016-03-28T11:50:59.593+0100: 144.809: Total time for which application threads were stopped: 0.0001737 seconds, Stopping threads took: 0.0000537 seconds
2016-03-28T11:51:00.573+0100: 145.789: Total time for which application threads were stopped: 0.0002748 seconds, Stopping threads took: 0.0001098 seconds
{Heap before GC invocations=18 (full 1):
 par new generation   total 109248K, used 89700K [0x00000000e0000000, 0x00000000e8000000, 0x00000000e8000000)
  eden space 87424K, 100% used [0x00000000e0000000, 0x00000000e5560000, 0x00000000e5560000)
  from space 21824K,  10% used [0x00000000e5560000, 0x00000000e57991c0, 0x00000000e6ab0000)
  to   space 21824K,   0% used [0x00000000e6ab0000, 0x00000000e6ab0000, 0x00000000e8000000)
 concurrent mark-sweep generation total 393216K, used 15935K [0x00000000e8000000, 0x0000000100000000, 0x0000000100000000)
 Metaspace       used 35356K, capacity 35738K, committed 36096K, reserved 1081344K
  class space    used 3919K, capacity 4089K, committed 4096K, reserved 1048576K
2016-03-28T11:51:00.695+0100: 145.910: [GC (Allocation Failure) 2016-03-28T11:51:00.695+0100: 145.910: [ParNew
Desired survivor size 20112992 bytes, new threshold 8 (max 8)
- age   1:     428312 bytes,     428312 total
- age   2:     255608 bytes,     683920 total
- age   3:     448552 bytes,    1132472 total
- age   4:     409440 bytes,    1541912 total
- age   5:      60904 bytes,    1602816 total
- age   6:      46512 bytes,    1649328 total
- age   7:     544504 bytes,    2193832 total
- age   8:      34992 bytes,    2228824 total
: 89700K->2787K(109248K), 0.0188058 secs] 105635K->18778K(502464K), 0.0190443 secs] [Times: user=0.03 sys=0.00, real=0.02 secs] 
Heap after GC invocations=19 (full 1):
 par new generation   total 109248K, used 2787K [0x00000000e0000000, 0x00000000e8000000, 0x00000000e8000000)
  eden space 87424K,   0% used [0x00000000e0000000, 0x00000000e0000000, 0x00000000e5560000)
  from space 21824K,  12% used [0x00000000e6ab0000, 0x00000000e6d68d78, 0x00000000e8000000)
  to   space 21824K,   0% used [0x00000000e5560000, 0x00000000e5560000, 0x00000000e6ab0000)
 concurrent mark-sweep generation total 393216K, used 15990K [0x00000000e8000000, 0x0000000100000000, 0x0000000100000000)
 Metaspace       used 35356K, capacity 35738K, committed 36096K, reserved 1081344K
  class space    used 3919K, capacity 4089K, committed 4096K, reserved 1048576K
}
2016-03-28T11:51:00.714+0100: 145.930: Total time for which application threads were stopped: 0.0194983 seconds, Stopping threads took: 0.0000482 seconds
2016-03-28T11:51:01.714+0100: 146.930: Total time for which application threads were stopped: 0.0002345 seconds, Stopping threads took: 0.0000916 seconds
{Heap before GC invocations=19 (full 1):
 par new generation   total 109248K, used 90211K [0x00000000e0000000, 0x00000000e8000000, 0x00000000e8000000)
  eden space 87424K, 100% used [0x00000000e0000000, 0x00000000e5560000, 0x00000000e5560000)
  from space 21824K,  12% used [0x00000000e6ab0000, 0x00000000e6d68d78, 0x00000000e8000000)
  to   space 21824K,   0% used [0x00000000e5560000, 0x00000000e5560000, 0x00000000e6ab0000)
 concurrent mark-sweep generation total 393216K, used 15990K [0x00000000e8000000, 0x0000000100000000, 0x0000000100000000)
 Metaspace       used 35356K, capacity 35738K, committed 36096K, reserved 1081344K
  class space    used 3919K, capacity 4089K, committed 4096K, reserved 1048576K
2016-03-28T11:51:03.467+0100: 148.683: [GC (Allocation Failure) 2016-03-28T11:51:03.467+0100: 148.683: [ParNew
Desired survivor size 20112992 bytes, new threshold 8 (max 8)
- age   1:     777840 bytes,     777840 total
- age   2:     308864 bytes,    1086704 total
- age   3:     255248 bytes,    1341952 total
- age   4:     448360 bytes,    1790312 total
- age   5:     409128 bytes,    2199440 total
- age   6:      60424 bytes,    2259864 total
- age   7:      46248 bytes,    2306112 total
- age   8:     544336 bytes,    2850448 total
: 90211K->3553K(109248K), 0.0159876 secs] 106202K->19578K(502464K), 0.0161140 secs] [Times: user=0.02 sys=0.00, real=0.02 secs] 
Heap after GC invocations=20 (full 1):
 par new generation   total 109248K, used 3553K [0x00000000e0000000, 0x00000000e8000000, 0x00000000e8000000)
  eden space 87424K,   0% used [0x00000000e0000000, 0x00000000e0000000, 0x00000000e5560000)
  from space 21824K,  16% used [0x00000000e5560000, 0x00000000e58d8660, 0x00000000e6ab0000)
  to   space 21824K,   0% used [0x00000000e6ab0000, 0x00000000e6ab0000, 0x00000000e8000000)
 concurrent mark-sweep generation total 393216K, used 16024K [0x00000000e8000000, 0x0000000100000000, 0x0000000100000000)
 Metaspace       used 35356K, capacity 35738K, committed 36096K, reserved 1081344K
  class space    used 3919K, capacity 4089K, committed 4096K, reserved 1048576K
}
2016-03-28T11:51:03.483+0100: 148.699: Total time for which application threads were stopped: 0.0165688 seconds, Stopping threads took: 0.0000616 seconds
2016-03-28T11:51:04.183+0100: 149.399: Total time for which application threads were stopped: 0.0003285 seconds, Stopping threads took: 0.0000790 seconds
2016-03-28T11:51:05.184+0100: 150.400: Total time for which application threads were stopped: 0.0012010 seconds, Stopping threads took: 0.0009239 seconds
{Heap before GC invocations=20 (full 1):
 par new generation   total 109248K, used 90977K [0x00000000e0000000, 0x00000000e8000000, 0x00000000e8000000)
  eden space 87424K, 100% used [0x00000000e0000000, 0x00000000e5560000, 0x00000000e5560000)
  from space 21824K,  16% used [0x00000000e5560000, 0x00000000e58d8660, 0x00000000e6ab0000)
  to   space 21824K,   0% used [0x00000000e6ab0000, 0x00000000e6ab0000, 0x00000000e8000000)
 concurrent mark-sweep generation total 393216K, used 16024K [0x00000000e8000000, 0x0000000100000000, 0x0000000100000000)
 Metaspace       used 35356K, capacity 35738K, committed 36096K, reserved 1081344K
  class space    used 3919K, capacity 4089K, committed 4096K, reserved 1048576K
2016-03-28T11:51:05.295+0100: 150.511: [GC (Allocation Failure) 2016-03-28T11:51:05.295+0100: 150.511: [ParNew
Desired survivor size 20112992 bytes, new threshold 8 (max 8)
- age   1:     576112 bytes,     576112 total
- age   2:     669936 bytes,    1246048 total
- age   3:     303128 bytes,    1549176 total
- age   4:     188840 bytes,    1738016 total
- age   5:     436800 bytes,    2174816 total
- age   6:     408888 bytes,    2583704 total
- age   7:      60136 bytes,    2643840 total
- age   8:      46128 bytes,    2689968 total
: 90977K->3244K(109248K), 0.0165104 secs] 107002K->19801K(502464K), 0.0166422 secs] [Times: user=0.03 sys=0.00, real=0.02 secs] 
Heap after GC invocations=21 (full 1):
 par new generation   total 109248K, used 3244K [0x00000000e0000000, 0x00000000e8000000, 0x00000000e8000000)
  eden space 87424K,   0% used [0x00000000e0000000, 0x00000000e0000000, 0x00000000e5560000)
  from space 21824K,  14% used [0x00000000e6ab0000, 0x00000000e6ddb0e0, 0x00000000e8000000)
  to   space 21824K,   0% used [0x00000000e5560000, 0x00000000e5560000, 0x00000000e6ab0000)
 concurrent mark-sweep generation total 393216K, used 16557K [0x00000000e8000000, 0x0000000100000000, 0x0000000100000000)
 Metaspace       used 35356K, capacity 35738K, committed 36096K, reserved 1081344K
  class space    used 3919K, capacity 4089K, committed 4096K, reserved 1048576K
}
2016-03-28T11:51:05.312+0100: 150.528: Total time for which application threads were stopped: 0.0171073 seconds, Stopping threads took: 0.0000592 seconds
2016-03-28T11:51:06.312+0100: 151.528: Total time for which application threads were stopped: 0.0002187 seconds, Stopping threads took: 0.0000553 seconds
2016-03-28T11:51:07.874+0100: 153.090: Total time for which application threads were stopped: 0.0001706 seconds, Stopping threads took: 0.0000450 seconds
2016-03-28T11:51:07.941+0100: 153.158: Total time for which application threads were stopped: 0.0034641 seconds, Stopping threads took: 0.0032675 seconds
2016-03-28T11:51:07.942+0100: 153.158: Total time for which application threads were stopped: 0.0001184 seconds, Stopping threads took: 0.0000403 seconds
2016-03-28T11:51:07.943+0100: 153.159: Total time for which application threads were stopped: 0.0011829 seconds, Stopping threads took: 0.0011015 seconds
{Heap before GC invocations=21 (full 1):
 par new generation   total 109248K, used 90668K [0x00000000e0000000, 0x00000000e8000000, 0x00000000e8000000)
  eden space 87424K, 100% used [0x00000000e0000000, 0x00000000e5560000, 0x00000000e5560000)
  from space 21824K,  14% used [0x00000000e6ab0000, 0x00000000e6ddb0e0, 0x00000000e8000000)
  to   space 21824K,   0% used [0x00000000e5560000, 0x00000000e5560000, 0x00000000e6ab0000)
 concurrent mark-sweep generation total 393216K, used 16557K [0x00000000e8000000, 0x0000000100000000, 0x0000000100000000)
 Metaspace       used 35382K, capacity 35742K, committed 36096K, reserved 1081344K
  class space    used 3919K, capacity 4089K, committed 4096K, reserved 1048576K
2016-03-28T11:51:08.636+0100: 153.852: [GC (Allocation Failure) 2016-03-28T11:51:08.636+0100: 153.852: [ParNew
Desired survivor size 20112992 bytes, new threshold 8 (max 8)
- age   1:     944384 bytes,     944384 total
- age   2:      30728 bytes,     975112 total
- age   3:      45840 bytes,    1020952 total
- age   4:      36744 bytes,    1057696 total
- age   5:      23752 bytes,    1081448 total
- age   6:      92432 bytes,    1173880 total
- age   7:     408664 bytes,    1582544 total
- age   8:      60016 bytes,    1642560 total
: 90668K->1964K(109248K), 0.0308114 secs] 107225K->18566K(502464K), 0.0309535 secs] [Times: user=0.02 sys=0.00, real=0.03 secs] 
Heap after GC invocations=22 (full 1):
 par new generation   total 109248K, used 1964K [0x00000000e0000000, 0x00000000e8000000, 0x00000000e8000000)
  eden space 87424K,   0% used [0x00000000e0000000, 0x00000000e0000000, 0x00000000e5560000)
  from space 21824K,   9% used [0x00000000e5560000, 0x00000000e574b118, 0x00000000e6ab0000)
  to   space 21824K,   0% used [0x00000000e6ab0000, 0x00000000e6ab0000, 0x00000000e8000000)
 concurrent mark-sweep generation total 393216K, used 16602K [0x00000000e8000000, 0x0000000100000000, 0x0000000100000000)
 Metaspace       used 35382K, capacity 35742K, committed 36096K, reserved 1081344K
  class space    used 3919K, capacity 4089K, committed 4096K, reserved 1048576K
}
2016-03-28T11:51:08.667+0100: 153.883: Total time for which application threads were stopped: 0.0314596 seconds, Stopping threads took: 0.0000584 seconds
2016-03-28T11:51:08.842+0100: 154.059: Total time for which application threads were stopped: 0.0001879 seconds, Stopping threads took: 0.0000553 seconds
2016-03-28T11:51:08.901+0100: 154.117: Total time for which application threads were stopped: 0.0002227 seconds, Stopping threads took: 0.0000482 seconds
2016-03-28T11:51:09.901+0100: 155.117: Total time for which application threads were stopped: 0.0001840 seconds, Stopping threads took: 0.0000474 seconds
2016-03-28T11:51:10.913+0100: 156.128: Total time for which application threads were stopped: 0.0051523 seconds, Stopping threads took: 0.0045246 seconds
{Heap before GC invocations=22 (full 1):
 par new generation   total 109248K, used 89388K [0x00000000e0000000, 0x00000000e8000000, 0x00000000e8000000)
  eden space 87424K, 100% used [0x00000000e0000000, 0x00000000e5560000, 0x00000000e5560000)
  from space 21824K,   9% used [0x00000000e5560000, 0x00000000e574b118, 0x00000000e6ab0000)
  to   space 21824K,   0% used [0x00000000e6ab0000, 0x00000000e6ab0000, 0x00000000e8000000)
 concurrent mark-sweep generation total 393216K, used 16602K [0x00000000e8000000, 0x0000000100000000, 0x0000000100000000)
 Metaspace       used 35395K, capacity 35742K, committed 36096K, reserved 1081344K
  class space    used 3919K, capacity 4089K, committed 4096K, reserved 1048576K
2016-03-28T11:51:11.278+0100: 156.493: [GC (Allocation Failure) 2016-03-28T11:51:11.278+0100: 156.493: [ParNew
Desired survivor size 20112992 bytes, new threshold 8 (max 8)
- age   1:     756248 bytes,     756248 total
- age   2:     436480 bytes,    1192728 total
- age   3:      30352 bytes,    1223080 total
- age   4:      45624 bytes,    1268704 total
- age   5:      36392 bytes,    1305096 total
- age   6:      23456 bytes,    1328552 total
- age   7:      18056 bytes,    1346608 total
- age   8:     402480 bytes,    1749088 total
: 89388K->2786K(109248K), 0.0673783 secs] 105990K->19447K(502464K), 0.0675276 secs] [Times: user=0.03 sys=0.00, real=0.07 secs] 
Heap after GC invocations=23 (full 1):
 par new generation   total 109248K, used 2786K [0x00000000e0000000, 0x00000000e8000000, 0x00000000e8000000)
  eden space 87424K,   0% used [0x00000000e0000000, 0x00000000e0000000, 0x00000000e5560000)
  from space 21824K,  12% used [0x00000000e6ab0000, 0x00000000e6d68ab0, 0x00000000e8000000)
  to   space 21824K,   0% used [0x00000000e5560000, 0x00000000e5560000, 0x00000000e6ab0000)
 concurrent mark-sweep generation total 393216K, used 16660K [0x00000000e8000000, 0x0000000100000000, 0x0000000100000000)
 Metaspace       used 35395K, capacity 35742K, committed 36096K, reserved 1081344K
  class space    used 3919K, capacity 4089K, committed 4096K, reserved 1048576K
}
2016-03-28T11:51:11.345+0100: 156.561: Total time for which application threads were stopped: 0.0679816 seconds, Stopping threads took: 0.0000529 seconds
2016-03-28T11:51:11.377+0100: 156.593: Total time for which application threads were stopped: 0.0003293 seconds, Stopping threads took: 0.0000829 seconds
2016-03-28T11:51:12.377+0100: 157.592: Total time for which application threads were stopped: 0.0002156 seconds, Stopping threads took: 0.0000497 seconds
2016-03-28T11:51:14.377+0100: 159.592: Total time for which application threads were stopped: 0.0001998 seconds, Stopping threads took: 0.0000513 seconds
2016-03-28T11:51:16.377+0100: 161.592: Total time for which application threads were stopped: 0.0001753 seconds, Stopping threads took: 0.0000497 seconds
2016-03-28T11:51:17.378+0100: 162.594: Total time for which application threads were stopped: 0.0001958 seconds, Stopping threads took: 0.0000490 seconds
{Heap before GC invocations=23 (full 1):
 par new generation   total 109248K, used 90210K [0x00000000e0000000, 0x00000000e8000000, 0x00000000e8000000)
  eden space 87424K, 100% used [0x00000000e0000000, 0x00000000e5560000, 0x00000000e5560000)
  from space 21824K,  12% used [0x00000000e6ab0000, 0x00000000e6d68ab0, 0x00000000e8000000)
  to   space 21824K,   0% used [0x00000000e5560000, 0x00000000e5560000, 0x00000000e6ab0000)
 concurrent mark-sweep generation total 393216K, used 16660K [0x00000000e8000000, 0x0000000100000000, 0x0000000100000000)
 Metaspace       used 35473K, capacity 35806K, committed 36096K, reserved 1081344K
  class space    used 3920K, capacity 4089K, committed 4096K, reserved 1048576K
2016-03-28T11:51:17.866+0100: 163.082: [GC (Allocation Failure) 2016-03-28T11:51:17.866+0100: 163.082: [ParNew
Desired survivor size 20112992 bytes, new threshold 8 (max 8)
- age   1:     786000 bytes,     786000 total
- age   2:     618856 bytes,    1404856 total
- age   3:     436288 bytes,    1841144 total
- age   4:      30184 bytes,    1871328 total
- age   5:      45096 bytes,    1916424 total
- age   6:      35984 bytes,    1952408 total
- age   7:      23288 bytes,    1975696 total
- age   8:      17792 bytes,    1993488 total
: 90210K->2137K(109248K), 0.0204672 secs] 106871K->19191K(502464K), 0.0205967 secs] [Times: user=0.03 sys=0.00, real=0.02 secs] 
Heap after GC invocations=24 (full 1):
 par new generation   total 109248K, used 2137K [0x00000000e0000000, 0x00000000e8000000, 0x00000000e8000000)
  eden space 87424K,   0% used [0x00000000e0000000, 0x00000000e0000000, 0x00000000e5560000)
  from space 21824K,   9% used [0x00000000e5560000, 0x00000000e5776660, 0x00000000e6ab0000)
  to   space 21824K,   0% used [0x00000000e6ab0000, 0x00000000e6ab0000, 0x00000000e8000000)
 concurrent mark-sweep generation total 393216K, used 17054K [0x00000000e8000000, 0x0000000100000000, 0x0000000100000000)
 Metaspace       used 35473K, capacity 35806K, committed 36096K, reserved 1081344K
  class space    used 3920K, capacity 4089K, committed 4096K, reserved 1048576K
}
2016-03-28T11:51:17.887+0100: 163.102: Total time for which application threads were stopped: 0.0211368 seconds, Stopping threads took: 0.0000497 seconds
2016-03-28T11:51:19.374+0100: 164.592: Total time for which application threads were stopped: 0.0001935 seconds, Stopping threads took: 0.0000600 seconds
2016-03-28T11:51:20.374+0100: 165.592: Total time for which application threads were stopped: 0.0002203 seconds, Stopping threads took: 0.0000497 seconds
{Heap before GC invocations=24 (full 1):
 par new generation   total 109248K, used 89561K [0x00000000e0000000, 0x00000000e8000000, 0x00000000e8000000)
  eden space 87424K, 100% used [0x00000000e0000000, 0x00000000e5560000, 0x00000000e5560000)
  from space 21824K,   9% used [0x00000000e5560000, 0x00000000e5776660, 0x00000000e6ab0000)
  to   space 21824K,   0% used [0x00000000e6ab0000, 0x00000000e6ab0000, 0x00000000e8000000)
 concurrent mark-sweep generation total 393216K, used 17054K [0x00000000e8000000, 0x0000000100000000, 0x0000000100000000)
 Metaspace       used 35487K, capacity 35870K, committed 36096K, reserved 1081344K
  class space    used 3920K, capacity 4089K, committed 4096K, reserved 1048576K
2016-03-28T11:51:21.234+0100: 166.452: [GC (Allocation Failure) 2016-03-28T11:51:21.234+0100: 166.452: [ParNew
Desired survivor size 20112992 bytes, new threshold 8 (max 8)
- age   1:     645736 bytes,     645736 total
- age   2:     691872 bytes,    1337608 total
- age   3:     618520 bytes,    1956128 total
- age   4:     436048 bytes,    2392176 total
- age   5:      29968 bytes,    2422144 total
- age   6:      44808 bytes,    2466952 total
- age   7:      35744 bytes,    2502696 total
- age   8:      23064 bytes,    2525760 total
: 89561K->2712K(109248K), 0.0244667 secs] 106615K->19783K(502464K), 0.0245891 secs] [Times: user=0.01 sys=0.00, real=0.03 secs] 
Heap after GC invocations=25 (full 1):
 par new generation   total 109248K, used 2712K [0x00000000e0000000, 0x00000000e8000000, 0x00000000e8000000)
  eden space 87424K,   0% used [0x00000000e0000000, 0x00000000e0000000, 0x00000000e5560000)
  from space 21824K,  12% used [0x00000000e6ab0000, 0x00000000e6d56200, 0x00000000e8000000)
  to   space 21824K,   0% used [0x00000000e5560000, 0x00000000e5560000, 0x00000000e6ab0000)
 concurrent mark-sweep generation total 393216K, used 17071K [0x00000000e8000000, 0x0000000100000000, 0x0000000100000000)
 Metaspace       used 35487K, capacity 35870K, committed 36096K, reserved 1081344K
  class space    used 3920K, capacity 4089K, committed 4096K, reserved 1048576K
}
2016-03-28T11:51:21.259+0100: 166.477: Total time for which application threads were stopped: 0.0250636 seconds, Stopping threads took: 0.0000569 seconds
2016-03-28T11:51:22.259+0100: 167.477: Total time for which application threads were stopped: 0.0001666 seconds, Stopping threads took: 0.0000505 seconds
2016-03-28T11:51:22.831+0100: 168.049: Total time for which application threads were stopped: 0.0002448 seconds, Stopping threads took: 0.0000821 seconds
2016-03-28T11:51:22.835+0100: 168.054: Total time for which application threads were stopped: 0.0005172 seconds, Stopping threads took: 0.0002827 seconds
2016-03-28T11:51:22.938+0100: 168.156: Total time for which application threads were stopped: 0.0002701 seconds, Stopping threads took: 0.0000608 seconds
2016-03-28T11:51:22.938+0100: 168.156: Total time for which application threads were stopped: 0.0001903 seconds, Stopping threads took: 0.0000647 seconds
2016-03-28T11:51:23.044+0100: 168.262: Total time for which application threads were stopped: 0.0002511 seconds, Stopping threads took: 0.0000663 seconds
2016-03-28T11:51:23.044+0100: 168.262: Total time for which application threads were stopped: 0.0001248 seconds, Stopping threads took: 0.0000300 seconds
2016-03-28T11:51:23.044+0100: 168.262: Total time for which application threads were stopped: 0.0001121 seconds, Stopping threads took: 0.0000284 seconds
2016-03-28T11:51:23.048+0100: 168.266: Total time for which application threads were stopped: 0.0002053 seconds, Stopping threads took: 0.0000600 seconds
2016-03-28T11:51:23.049+0100: 168.267: Total time for which application threads were stopped: 0.0001445 seconds, Stopping threads took: 0.0000340 seconds
2016-03-28T11:51:23.049+0100: 168.267: Total time for which application threads were stopped: 0.0000908 seconds, Stopping threads took: 0.0000253 seconds
2016-03-28T11:51:24.049+0100: 169.267: Total time for which application threads were stopped: 0.0002235 seconds, Stopping threads took: 0.0000569 seconds
{Heap before GC invocations=25 (full 1):
 par new generation   total 109248K, used 90136K [0x00000000e0000000, 0x00000000e8000000, 0x00000000e8000000)
  eden space 87424K, 100% used [0x00000000e0000000, 0x00000000e5560000, 0x00000000e5560000)
  from space 21824K,  12% used [0x00000000e6ab0000, 0x00000000e6d56200, 0x00000000e8000000)
  to   space 21824K,   0% used [0x00000000e5560000, 0x00000000e5560000, 0x00000000e6ab0000)
 concurrent mark-sweep generation total 393216K, used 17071K [0x00000000e8000000, 0x0000000100000000, 0x0000000100000000)
 Metaspace       used 35506K, capacity 35870K, committed 36096K, reserved 1081344K
  class space    used 3921K, capacity 4089K, committed 4096K, reserved 1048576K
2016-03-28T11:51:24.567+0100: 169.785: [GC (Allocation Failure) 2016-03-28T11:51:24.567+0100: 169.785: [ParNew
Desired survivor size 20112992 bytes, new threshold 8 (max 8)
- age   1:    1256504 bytes,    1256504 total
- age   2:      38648 bytes,    1295152 total
- age   3:      53616 bytes,    1348768 total
- age   4:     128240 bytes,    1477008 total
- age   5:     435856 bytes,    1912864 total
- age   6:      29704 bytes,    1942568 total
- age   7:      44544 bytes,    1987112 total
- age   8:      35552 bytes,    2022664 total
: 90136K->2608K(109248K), 0.0175179 secs] 107207K->19702K(502464K), 0.0176656 secs] [Times: user=0.02 sys=0.00, real=0.02 secs] 
Heap after GC invocations=26 (full 1):
 par new generation   total 109248K, used 2608K [0x00000000e0000000, 0x00000000e8000000, 0x00000000e8000000)
  eden space 87424K,   0% used [0x00000000e0000000, 0x00000000e0000000, 0x00000000e5560000)
  from space 21824K,  11% used [0x00000000e5560000, 0x00000000e57ec180, 0x00000000e6ab0000)
  to   space 21824K,   0% used [0x00000000e6ab0000, 0x00000000e6ab0000, 0x00000000e8000000)
 concurrent mark-sweep generation total 393216K, used 17093K [0x00000000e8000000, 0x0000000100000000, 0x0000000100000000)
 Metaspace       used 35506K, capacity 35870K, committed 36096K, reserved 1081344K
  class space    used 3921K, capacity 4089K, committed 4096K, reserved 1048576K
}
2016-03-28T11:51:24.585+0100: 169.803: Total time for which application threads were stopped: 0.0181528 seconds, Stopping threads took: 0.0000679 seconds
2016-03-28T11:51:24.915+0100: 170.133: Total time for which application threads were stopped: 0.0001903 seconds, Stopping threads took: 0.0000545 seconds
2016-03-28T11:51:24.919+0100: 170.137: Total time for which application threads were stopped: 0.0004469 seconds, Stopping threads took: 0.0000647 seconds
2016-03-28T11:51:24.972+0100: 170.190: Total time for which application threads were stopped: 0.0002653 seconds, Stopping threads took: 0.0000655 seconds
2016-03-28T11:51:25.007+0100: 170.225: Total time for which application threads were stopped: 0.0002298 seconds, Stopping threads took: 0.0000608 seconds
2016-03-28T11:51:25.038+0100: 170.256: Total time for which application threads were stopped: 0.0002353 seconds, Stopping threads took: 0.0000545 seconds
2016-03-28T11:51:25.898+0100: 171.116: Total time for which application threads were stopped: 0.0016961 seconds, Stopping threads took: 0.0014569 seconds
2016-03-28T11:51:26.899+0100: 172.117: Total time for which application threads were stopped: 0.0003609 seconds, Stopping threads took: 0.0000908 seconds
{Heap before GC invocations=26 (full 1):
 par new generation   total 109248K, used 90032K [0x00000000e0000000, 0x00000000e8000000, 0x00000000e8000000)
  eden space 87424K, 100% used [0x00000000e0000000, 0x00000000e5560000, 0x00000000e5560000)
  from space 21824K,  11% used [0x00000000e5560000, 0x00000000e57ec180, 0x00000000e6ab0000)
  to   space 21824K,   0% used [0x00000000e6ab0000, 0x00000000e6ab0000, 0x00000000e8000000)
 concurrent mark-sweep generation total 393216K, used 17093K [0x00000000e8000000, 0x0000000100000000, 0x0000000100000000)
 Metaspace       used 35526K, capacity 35942K, committed 36352K, reserved 1081344K
  class space    used 3921K, capacity 4089K, committed 4096K, reserved 1048576K
2016-03-28T11:51:26.912+0100: 172.130: [GC (Allocation Failure) 2016-03-28T11:51:26.912+0100: 172.130: [ParNew
Desired survivor size 20112992 bytes, new threshold 8 (max 8)
- age   1:    1382880 bytes,    1382880 total
- age   2:     425104 bytes,    1807984 total
- age   3:      38248 bytes,    1846232 total
- age   4:      53312 bytes,    1899544 total
- age   5:      24560 bytes,    1924104 total
- age   6:     426768 bytes,    2350872 total
- age   7:      29632 bytes,    2380504 total
- age   8:      44400 bytes,    2424904 total
: 90032K->2816K(109248K), 0.0168120 secs] 107126K->19944K(502464K), 0.0169581 secs] [Times: user=0.01 sys=0.00, real=0.02 secs] 
Heap after GC invocations=27 (full 1):
 par new generation   total 109248K, used 2816K [0x00000000e0000000, 0x00000000e8000000, 0x00000000e8000000)
  eden space 87424K,   0% used [0x00000000e0000000, 0x00000000e0000000, 0x00000000e5560000)
  from space 21824K,  12% used [0x00000000e6ab0000, 0x00000000e6d70190, 0x00000000e8000000)
  to   space 21824K,   0% used [0x00000000e5560000, 0x00000000e5560000, 0x00000000e6ab0000)
 concurrent mark-sweep generation total 393216K, used 17128K [0x00000000e8000000, 0x0000000100000000, 0x0000000100000000)
 Metaspace       used 35526K, capacity 35942K, committed 36352K, reserved 1081344K
  class space    used 3921K, capacity 4089K, committed 4096K, reserved 1048576K
}
2016-03-28T11:51:26.929+0100: 172.148: Total time for which application threads were stopped: 0.0174232 seconds, Stopping threads took: 0.0000561 seconds
2016-03-28T11:51:27.590+0100: 172.808: Total time for which application threads were stopped: 0.0001785 seconds, Stopping threads took: 0.0000426 seconds
2016-03-28T11:51:27.591+0100: 172.809: Total time for which application threads were stopped: 0.0001169 seconds, Stopping threads took: 0.0000261 seconds
2016-03-28T11:51:27.621+0100: 172.839: Total time for which application threads were stopped: 0.0001990 seconds, Stopping threads took: 0.0000426 seconds
2016-03-28T11:51:27.649+0100: 172.867: Total time for which application threads were stopped: 0.0002472 seconds, Stopping threads took: 0.0000482 seconds
2016-03-28T11:51:28.294+0100: 173.512: Total time for which application threads were stopped: 0.0002116 seconds, Stopping threads took: 0.0000537 seconds
2016-03-28T11:51:28.295+0100: 173.513: Total time for which application threads were stopped: 0.0008496 seconds, Stopping threads took: 0.0000324 seconds
2016-03-28T11:51:28.297+0100: 173.515: Total time for which application threads were stopped: 0.0001879 seconds, Stopping threads took: 0.0000545 seconds
2016-03-28T11:51:28.298+0100: 173.515: Total time for which application threads were stopped: 0.0003427 seconds, Stopping threads took: 0.0000300 seconds
2016-03-28T11:51:28.298+0100: 173.515: Total time for which application threads were stopped: 0.0001192 seconds, Stopping threads took: 0.0000355 seconds
2016-03-28T11:51:28.298+0100: 173.516: Total time for which application threads were stopped: 0.0000987 seconds, Stopping threads took: 0.0000284 seconds
2016-03-28T11:51:28.299+0100: 173.516: Total time for which application threads were stopped: 0.0001327 seconds, Stopping threads took: 0.0000379 seconds
2016-03-28T11:51:28.299+0100: 173.517: Total time for which application threads were stopped: 0.0001058 seconds, Stopping threads took: 0.0000300 seconds
2016-03-28T11:51:28.299+0100: 173.517: Total time for which application threads were stopped: 0.0000971 seconds, Stopping threads took: 0.0000284 seconds
2016-03-28T11:51:28.300+0100: 173.517: Total time for which application threads were stopped: 0.0001145 seconds, Stopping threads took: 0.0000284 seconds
2016-03-28T11:51:28.300+0100: 173.517: Total time for which application threads were stopped: 0.0001153 seconds, Stopping threads took: 0.0000340 seconds
2016-03-28T11:51:28.300+0100: 173.518: Total time for which application threads were stopped: 0.0000987 seconds, Stopping threads took: 0.0000292 seconds
2016-03-28T11:51:28.300+0100: 173.518: Total time for which application threads were stopped: 0.0000979 seconds, Stopping threads took: 0.0000276 seconds
2016-03-28T11:51:28.302+0100: 173.519: Total time for which application threads were stopped: 0.0002614 seconds, Stopping threads took: 0.0001105 seconds
2016-03-28T11:51:28.314+0100: 173.532: Total time for which application threads were stopped: 0.0002037 seconds, Stopping threads took: 0.0000482 seconds
2016-03-28T11:51:28.314+0100: 173.532: Total time for which application threads were stopped: 0.0001003 seconds, Stopping threads took: 0.0000276 seconds
2016-03-28T11:51:28.315+0100: 173.532: Total time for which application threads were stopped: 0.0001042 seconds, Stopping threads took: 0.0000284 seconds
2016-03-28T11:51:28.315+0100: 173.533: Total time for which application threads were stopped: 0.0003064 seconds, Stopping threads took: 0.0000268 seconds
2016-03-28T11:51:28.318+0100: 173.535: Total time for which application threads were stopped: 0.0001887 seconds, Stopping threads took: 0.0000584 seconds
2016-03-28T11:51:29.318+0100: 174.535: Total time for which application threads were stopped: 0.0002100 seconds, Stopping threads took: 0.0000576 seconds
2016-03-28T11:51:30.079+0100: 175.296: Total time for which application threads were stopped: 0.0002124 seconds, Stopping threads took: 0.0000569 seconds
2016-03-28T11:51:30.113+0100: 175.331: Total time for which application threads were stopped: 0.0003008 seconds, Stopping threads took: 0.0000750 seconds
2016-03-28T11:51:30.114+0100: 175.332: Total time for which application threads were stopped: 0.0001548 seconds, Stopping threads took: 0.0000371 seconds
2016-03-28T11:51:30.114+0100: 175.332: Total time for which application threads were stopped: 0.0001105 seconds, Stopping threads took: 0.0000276 seconds
2016-03-28T11:51:30.114+0100: 175.332: Total time for which application threads were stopped: 0.0001082 seconds, Stopping threads took: 0.0000261 seconds
2016-03-28T11:51:30.115+0100: 175.332: Total time for which application threads were stopped: 0.0001216 seconds, Stopping threads took: 0.0000292 seconds
2016-03-28T11:51:30.265+0100: 175.483: Total time for which application threads were stopped: 0.0047852 seconds, Stopping threads took: 0.0045112 seconds
2016-03-28T11:51:30.297+0100: 175.515: Total time for which application threads were stopped: 0.0002922 seconds, Stopping threads took: 0.0000529 seconds
2016-03-28T11:51:30.298+0100: 175.515: Total time for which application threads were stopped: 0.0001421 seconds, Stopping threads took: 0.0000229 seconds
2016-03-28T11:51:30.298+0100: 175.515: Total time for which application threads were stopped: 0.0001319 seconds, Stopping threads took: 0.0000221 seconds
2016-03-28T11:51:30.298+0100: 175.516: Total time for which application threads were stopped: 0.0001413 seconds, Stopping threads took: 0.0000213 seconds
2016-03-28T11:51:30.298+0100: 175.516: Total time for which application threads were stopped: 0.0001429 seconds, Stopping threads took: 0.0000300 seconds
2016-03-28T11:51:30.299+0100: 175.516: Total time for which application threads were stopped: 0.0001327 seconds, Stopping threads took: 0.0000213 seconds
2016-03-28T11:51:30.300+0100: 175.517: Total time for which application threads were stopped: 0.0001769 seconds, Stopping threads took: 0.0000292 seconds
2016-03-28T11:51:30.301+0100: 175.518: Total time for which application threads were stopped: 0.0001808 seconds, Stopping threads took: 0.0000300 seconds
2016-03-28T11:51:41.323+0100: 186.540: Total time for which application threads were stopped: 0.0001808 seconds, Stopping threads took: 0.0000632 seconds
2016-03-28T11:51:42.325+0100: 187.542: Total time for which application threads were stopped: 0.0001785 seconds, Stopping threads took: 0.0000553 seconds
2016-03-28T11:52:24.385+0100: 229.604: Total time for which application threads were stopped: 0.0001832 seconds, Stopping threads took: 0.0000545 seconds
2016-03-28T11:52:38.406+0100: 243.624: Total time for which application threads were stopped: 0.0001761 seconds, Stopping threads took: 0.0000576 seconds
2016-03-28T11:52:39.408+0100: 244.627: Total time for which application threads were stopped: 0.0001698 seconds, Stopping threads took: 0.0000505 seconds
2016-03-28T11:52:48.418+0100: 253.636: Total time for which application threads were stopped: 0.0001792 seconds, Stopping threads took: 0.0000584 seconds
2016-03-28T12:01:26.126+0100: 771.363: Total time for which application threads were stopped: 0.0002551 seconds, Stopping threads took: 0.0000608 seconds
2016-03-28T12:01:26.131+0100: 771.369: Total time for which application threads were stopped: 0.0002306 seconds, Stopping threads took: 0.0000529 seconds
2016-03-28T12:01:26.168+0100: 771.406: Total time for which application threads were stopped: 0.0001958 seconds, Stopping threads took: 0.0000466 seconds
2016-03-28T12:01:26.194+0100: 771.431: Total time for which application threads were stopped: 0.0011229 seconds, Stopping threads took: 0.0009081 seconds
2016-03-28T12:01:26.200+0100: 771.438: Total time for which application threads were stopped: 0.0044962 seconds, Stopping threads took: 0.0043019 seconds
2016-03-28T12:01:26.204+0100: 771.441: Total time for which application threads were stopped: 0.0002408 seconds, Stopping threads took: 0.0000529 seconds
2016-03-28T12:01:26.204+0100: 771.441: Total time for which application threads were stopped: 0.0001129 seconds, Stopping threads took: 0.0000300 seconds
2016-03-28T12:01:26.204+0100: 771.442: Total time for which application threads were stopped: 0.0001082 seconds, Stopping threads took: 0.0000284 seconds
2016-03-28T12:01:26.204+0100: 771.442: Total time for which application threads were stopped: 0.0001398 seconds, Stopping threads took: 0.0000316 seconds
2016-03-28T12:01:26.204+0100: 771.442: Total time for which application threads were stopped: 0.0001090 seconds, Stopping threads took: 0.0000268 seconds
2016-03-28T12:01:26.208+0100: 771.446: Total time for which application threads were stopped: 0.0003024 seconds, Stopping threads took: 0.0001398 seconds
2016-03-28T12:01:26.244+0100: 771.481: Total time for which application threads were stopped: 0.0002093 seconds, Stopping threads took: 0.0000442 seconds
2016-03-28T12:01:27.070+0100: 772.307: Total time for which application threads were stopped: 0.0002077 seconds, Stopping threads took: 0.0000624 seconds
2016-03-28T12:01:27.103+0100: 772.341: Total time for which application threads were stopped: 0.0003672 seconds, Stopping threads took: 0.0002187 seconds
2016-03-28T12:01:27.124+0100: 772.362: Total time for which application threads were stopped: 0.0002053 seconds, Stopping threads took: 0.0000505 seconds
2016-03-28T12:01:27.180+0100: 772.418: Total time for which application threads were stopped: 0.0002108 seconds, Stopping threads took: 0.0000592 seconds
2016-03-28T12:01:27.186+0100: 772.423: Total time for which application threads were stopped: 0.0001966 seconds, Stopping threads took: 0.0000600 seconds
2016-03-28T12:01:27.456+0100: 772.694: Total time for which application threads were stopped: 0.0002337 seconds, Stopping threads took: 0.0000569 seconds
2016-03-28T12:01:27.476+0100: 772.714: Total time for which application threads were stopped: 0.0005899 seconds, Stopping threads took: 0.0000600 seconds
2016-03-28T12:01:28.272+0100: 773.509: Total time for which application threads were stopped: 0.0002069 seconds, Stopping threads took: 0.0000663 seconds
2016-03-28T12:01:30.342+0100: 775.579: Total time for which application threads were stopped: 0.0002479 seconds, Stopping threads took: 0.0000513 seconds
2016-03-28T12:01:30.361+0100: 775.599: Total time for which application threads were stopped: 0.0018864 seconds, Stopping threads took: 0.0016859 seconds
2016-03-28T12:01:30.446+0100: 775.683: Total time for which application threads were stopped: 0.0002377 seconds, Stopping threads took: 0.0000695 seconds
2016-03-28T12:01:30.508+0100: 775.746: Total time for which application threads were stopped: 0.0002077 seconds, Stopping threads took: 0.0000569 seconds
2016-03-28T12:01:31.509+0100: 776.746: Total time for which application threads were stopped: 0.0001729 seconds, Stopping threads took: 0.0000505 seconds
2016-03-28T12:01:35.156+0100: 780.393: Total time for which application threads were stopped: 0.0002811 seconds, Stopping threads took: 0.0000679 seconds
2016-03-28T12:01:35.215+0100: 780.453: Total time for which application threads were stopped: 0.0002535 seconds, Stopping threads took: 0.0000529 seconds
2016-03-28T12:01:36.215+0100: 781.453: Total time for which application threads were stopped: 0.0001785 seconds, Stopping threads took: 0.0000521 seconds
2016-03-28T12:01:39.639+0100: 784.878: Total time for which application threads were stopped: 0.0002329 seconds, Stopping threads took: 0.0000632 seconds
2016-03-28T12:01:39.670+0100: 784.908: Total time for which application threads were stopped: 0.0074952 seconds, Stopping threads took: 0.0071043 seconds
2016-03-28T12:01:40.672+0100: 785.910: Total time for which application threads were stopped: 0.0001895 seconds, Stopping threads took: 0.0000529 seconds
2016-03-28T12:01:43.651+0100: 788.889: Total time for which application threads were stopped: 0.0002148 seconds, Stopping threads took: 0.0000513 seconds
2016-03-28T12:01:43.670+0100: 788.908: Total time for which application threads were stopped: 0.0002085 seconds, Stopping threads took: 0.0000497 seconds
2016-03-28T12:01:43.670+0100: 788.909: Total time for which application threads were stopped: 0.0001137 seconds, Stopping threads took: 0.0000253 seconds
2016-03-28T12:01:43.671+0100: 788.909: Total time for which application threads were stopped: 0.0001721 seconds, Stopping threads took: 0.0000308 seconds
2016-03-28T12:01:43.675+0100: 788.913: Total time for which application threads were stopped: 0.0002416 seconds, Stopping threads took: 0.0000529 seconds
2016-03-28T12:01:43.675+0100: 788.913: Total time for which application threads were stopped: 0.0000963 seconds, Stopping threads took: 0.0000205 seconds
2016-03-28T12:01:43.675+0100: 788.913: Total time for which application threads were stopped: 0.0001058 seconds, Stopping threads took: 0.0000237 seconds
2016-03-28T12:01:43.676+0100: 788.915: Total time for which application threads were stopped: 0.0001532 seconds, Stopping threads took: 0.0000403 seconds
2016-03-28T12:01:44.676+0100: 789.914: Total time for which application threads were stopped: 0.0001840 seconds, Stopping threads took: 0.0000513 seconds
2016-03-28T12:01:50.682+0100: 795.920: Total time for which application threads were stopped: 0.0001864 seconds, Stopping threads took: 0.0000545 seconds
2016-03-28T12:01:52.736+0100: 797.974: Total time for which application threads were stopped: 0.0001919 seconds, Stopping threads took: 0.0000434 seconds
2016-03-28T12:01:52.756+0100: 797.993: Total time for which application threads were stopped: 0.0011805 seconds, Stopping threads took: 0.0000411 seconds
2016-03-28T12:01:53.756+0100: 798.993: Total time for which application threads were stopped: 0.0001950 seconds, Stopping threads took: 0.0000608 seconds
2016-03-28T12:01:57.765+0100: 803.002: Total time for which application threads were stopped: 0.0002598 seconds, Stopping threads took: 0.0000592 seconds
2016-03-28T12:01:59.795+0100: 805.033: Total time for which application threads were stopped: 0.0002164 seconds, Stopping threads took: 0.0000569 seconds
2016-03-28T12:01:59.806+0100: 805.044: Total time for which application threads were stopped: 0.0002140 seconds, Stopping threads took: 0.0000600 seconds
2016-03-28T12:01:59.822+0100: 805.060: Total time for which application threads were stopped: 0.0002069 seconds, Stopping threads took: 0.0000584 seconds
2016-03-28T12:01:59.853+0100: 805.090: Total time for which application threads were stopped: 0.0002408 seconds, Stopping threads took: 0.0000553 seconds
2016-03-28T12:02:00.105+0100: 805.349: Total time for which application threads were stopped: 0.0001982 seconds, Stopping threads took: 0.0000576 seconds
2016-03-28T12:02:00.105+0100: 805.350: Total time for which application threads were stopped: 0.0001650 seconds, Stopping threads took: 0.0000521 seconds
2016-03-28T12:02:00.105+0100: 805.351: Total time for which application threads were stopped: 0.0000995 seconds, Stopping threads took: 0.0000253 seconds
2016-03-28T12:02:00.275+0100: 805.513: Total time for which application threads were stopped: 0.0002448 seconds, Stopping threads took: 0.0000505 seconds
2016-03-28T12:02:01.586+0100: 806.824: Total time for which application threads were stopped: 0.0001856 seconds, Stopping threads took: 0.0000545 seconds
2016-03-28T12:02:04.035+0100: 809.276: Total time for which application threads were stopped: 0.0002345 seconds, Stopping threads took: 0.0000632 seconds
2016-03-28T12:02:04.097+0100: 809.343: Total time for which application threads were stopped: 0.0002116 seconds, Stopping threads took: 0.0000655 seconds
2016-03-28T12:02:04.097+0100: 809.344: Total time for which application threads were stopped: 0.0000979 seconds, Stopping threads took: 0.0000284 seconds
2016-03-28T12:02:04.107+0100: 809.351: Total time for which application threads were stopped: 0.0001935 seconds, Stopping threads took: 0.0000608 seconds
2016-03-28T12:02:04.309+0100: 809.550: Total time for which application threads were stopped: 0.0004390 seconds, Stopping threads took: 0.0000553 seconds
2016-03-28T12:02:05.647+0100: 810.893: Total time for which application threads were stopped: 0.0001761 seconds, Stopping threads took: 0.0000466 seconds
2016-03-28T12:02:06.025+0100: 811.263: Total time for which application threads were stopped: 0.0002748 seconds, Stopping threads took: 0.0000640 seconds
2016-03-28T12:02:06.243+0100: 811.481: Total time for which application threads were stopped: 0.0002290 seconds, Stopping threads took: 0.0000521 seconds
2016-03-28T12:02:07.256+0100: 812.494: Total time for which application threads were stopped: 0.0002171 seconds, Stopping threads took: 0.0000750 seconds
2016-03-28T12:02:08.257+0100: 813.495: Total time for which application threads were stopped: 0.0001706 seconds, Stopping threads took: 0.0000497 seconds
2016-03-28T12:02:13.285+0100: 818.523: Total time for which application threads were stopped: 0.0001785 seconds, Stopping threads took: 0.0000513 seconds
2016-03-28T12:02:54.421+0100: 859.663: Total time for which application threads were stopped: 0.0001745 seconds, Stopping threads took: 0.0000521 seconds
2016-03-28T12:46:53.931+0100: 3499.244: Total time for which application threads were stopped: 0.0002085 seconds, Stopping threads took: 0.0000655 seconds
2016-03-28T13:20:11.863+0100: 5497.228: Total time for which application threads were stopped: 0.0002140 seconds, Stopping threads took: 0.0000663 seconds
2016-03-28T13:21:11.974+0100: 5557.338: Total time for which application threads were stopped: 0.0002085 seconds, Stopping threads took: 0.0000584 seconds
2016-03-28T13:31:12.308+0100: 6157.688: Total time for which application threads were stopped: 0.0002171 seconds, Stopping threads took: 0.0000608 seconds
2016-03-28T13:34:41.880+0100: 6367.273: Total time for which application threads were stopped: 0.0002171 seconds, Stopping threads took: 0.0000600 seconds
2016-03-28T13:57:12.775+0100: 7718.205: Total time for which application threads were stopped: 0.0002922 seconds, Stopping threads took: 0.0000853 seconds
2016-03-28T14:27:43.031+0100: 9548.540: Total time for which application threads were stopped: 0.0002408 seconds, Stopping threads took: 0.0000813 seconds
2016-03-28T14:34:30.732+0100: 9956.250: Total time for which application threads were stopped: 0.0002779 seconds, Stopping threads took: 0.0000671 seconds
2016-03-28T14:34:31.732+0100: 9957.249: Total time for which application threads were stopped: 0.0002116 seconds, Stopping threads took: 0.0000513 seconds
2016-03-28T14:34:40.479+0100: 9965.998: Total time for which application threads were stopped: 0.0172495 seconds, Stopping threads took: 0.0000576 seconds
2016-03-28T14:34:40.592+0100: 9966.111: Total time for which application threads were stopped: 0.0672291 seconds, Stopping threads took: 0.0000474 seconds
2016-03-28T14:34:41.592+0100: 9967.110: Total time for which application threads were stopped: 0.0001966 seconds, Stopping threads took: 0.0000600 seconds
2016-03-28T14:34:46.615+0100: 9972.133: Total time for which application threads were stopped: 0.0001792 seconds, Stopping threads took: 0.0000513 seconds
2016-03-28T14:34:51.435+0100: 9976.952: Total time for which application threads were stopped: 0.0002306 seconds, Stopping threads took: 0.0000758 seconds
2016-03-28T14:34:52.443+0100: 9977.960: Total time for which application threads were stopped: 0.0001935 seconds, Stopping threads took: 0.0000624 seconds
2016-03-28T14:35:21.513+0100: 10007.031: Total time for which application threads were stopped: 0.0002961 seconds, Stopping threads took: 0.0001587 seconds
2016-03-28T14:47:54.460+0100: 10760.015: Total time for which application threads were stopped: 0.0002922 seconds, Stopping threads took: 0.0000624 seconds
2016-03-28T17:03:45.624+0100: 18911.614: Total time for which application threads were stopped: 0.2579137 seconds, Stopping threads took: 0.0001200 seconds
2016-03-28T17:03:52.143+0100: 18918.133: Total time for which application threads were stopped: 0.1851082 seconds, Stopping threads took: 0.0001927 seconds
2016-03-28T17:03:54.555+0100: 18920.545: Total time for which application threads were stopped: 0.2279464 seconds, Stopping threads took: 0.1273160 seconds
2016-03-28T17:03:56.144+0100: 18922.135: Total time for which application threads were stopped: 0.0262402 seconds, Stopping threads took: 0.0000569 seconds
2016-03-28T17:03:57.633+0100: 18923.623: Total time for which application threads were stopped: 0.0916326 seconds, Stopping threads took: 0.0234141 seconds
2016-03-28T17:03:57.633+0100: 18923.623: Total time for which application threads were stopped: 0.0001856 seconds, Stopping threads took: 0.0000726 seconds
2016-03-28T17:03:57.773+0100: 18923.764: Total time for which application threads were stopped: 0.1109959 seconds, Stopping threads took: 0.0840301 seconds
2016-03-28T17:03:58.139+0100: 18924.129: Total time for which application threads were stopped: 0.1208631 seconds, Stopping threads took: 0.0595413 seconds
2016-03-28T17:03:58.617+0100: 18924.608: Total time for which application threads were stopped: 0.0697978 seconds, Stopping threads took: 0.0371268 seconds
2016-03-28T17:03:59.551+0100: 18925.541: Total time for which application threads were stopped: 0.5130786 seconds, Stopping threads took: 0.2945588 seconds
2016-03-28T17:04:00.555+0100: 18926.546: Total time for which application threads were stopped: 0.0004793 seconds, Stopping threads took: 0.0003522 seconds
2016-03-28T17:04:12.635+0100: 18938.634: Total time for which application threads were stopped: 0.0489128 seconds, Stopping threads took: 0.0000521 seconds
2016-03-28T17:04:14.752+0100: 18940.742: Total time for which application threads were stopped: 0.1170642 seconds, Stopping threads took: 0.0000584 seconds
2016-03-28T17:04:16.761+0100: 18942.751: Total time for which application threads were stopped: 0.0001919 seconds, Stopping threads took: 0.0000490 seconds
2016-03-28T17:04:19.796+0100: 18945.786: Total time for which application threads were stopped: 0.0303407 seconds, Stopping threads took: 0.0301654 seconds
2016-03-28T17:04:19.806+0100: 18945.800: Total time for which application threads were stopped: 0.0002006 seconds, Stopping threads took: 0.0000474 seconds
2016-03-28T17:04:20.827+0100: 18946.820: Total time for which application threads were stopped: 0.0236036 seconds, Stopping threads took: 0.0234544 seconds
2016-03-28T17:04:22.835+0100: 18948.825: Total time for which application threads were stopped: 0.0001903 seconds, Stopping threads took: 0.0000513 seconds
2016-03-28T17:04:49.918+0100: 18975.910: Total time for which application threads were stopped: 0.0001990 seconds, Stopping threads took: 0.0000584 seconds
2016-03-28T17:30:43.335+0100: 20529.419: Total time for which application threads were stopped: 0.0642869 seconds, Stopping threads took: 0.0138927 seconds
2016-03-28T17:30:43.819+0100: 20529.906: Total time for which application threads were stopped: 0.0001713 seconds, Stopping threads took: 0.0000434 seconds
2016-03-28T17:30:43.869+0100: 20529.953: Total time for which application threads were stopped: 0.0001998 seconds, Stopping threads took: 0.0000869 seconds
2016-03-28T17:30:44.291+0100: 20530.378: Total time for which application threads were stopped: 0.0001745 seconds, Stopping threads took: 0.0000403 seconds
2016-03-28T17:30:44.311+0100: 20530.392: Total time for which application threads were stopped: 0.0001453 seconds, Stopping threads took: 0.0000363 seconds
2016-03-28T17:30:44.341+0100: 20530.425: Total time for which application threads were stopped: 0.0001595 seconds, Stopping threads took: 0.0000411 seconds
2016-03-28T17:30:44.724+0100: 20530.804: Total time for which application threads were stopped: 0.0002329 seconds, Stopping threads took: 0.0000411 seconds
2016-03-28T17:30:44.993+0100: 20531.073: Total time for which application threads were stopped: 0.0002108 seconds, Stopping threads took: 0.0000482 seconds
2016-03-28T17:30:45.042+0100: 20531.122: Total time for which application threads were stopped: 0.0278510 seconds, Stopping threads took: 0.0276931 seconds
2016-03-28T17:30:45.058+0100: 20531.138: Total time for which application threads were stopped: 0.0154649 seconds, Stopping threads took: 0.0152746 seconds
2016-03-28T17:30:45.209+0100: 20531.289: Total time for which application threads were stopped: 0.0162237 seconds, Stopping threads took: 0.0000419 seconds
2016-03-28T17:30:45.360+0100: 20531.440: Total time for which application threads were stopped: 0.0291452 seconds, Stopping threads took: 0.0289968 seconds
2016-03-28T17:30:45.419+0100: 20531.499: Total time for which application threads were stopped: 0.0581902 seconds, Stopping threads took: 0.0580425 seconds
2016-03-28T17:30:45.419+0100: 20531.499: Total time for which application threads were stopped: 0.0001619 seconds, Stopping threads took: 0.0001011 seconds
2016-03-28T17:30:45.446+0100: 20531.526: Total time for which application threads were stopped: 0.0129594 seconds, Stopping threads took: 0.0128094 seconds
2016-03-28T17:30:45.456+0100: 20531.536: Total time for which application threads were stopped: 0.0097243 seconds, Stopping threads took: 0.0095656 seconds
2016-03-28T17:30:45.498+0100: 20531.579: Total time for which application threads were stopped: 0.0203669 seconds, Stopping threads took: 0.0202003 seconds
2016-03-28T17:30:45.795+0100: 20531.877: Total time for which application threads were stopped: 0.0002195 seconds, Stopping threads took: 0.0000403 seconds
2016-03-28T17:30:45.795+0100: 20531.878: Total time for which application threads were stopped: 0.0000798 seconds, Stopping threads took: 0.0000221 seconds
2016-03-28T17:30:45.841+0100: 20531.921: Total time for which application threads were stopped: 0.0002037 seconds, Stopping threads took: 0.0000600 seconds
2016-03-28T17:30:45.946+0100: 20532.032: Total time for which application threads were stopped: 0.0001492 seconds, Stopping threads took: 0.0000434 seconds
2016-03-28T17:30:46.122+0100: 20532.206: Total time for which application threads were stopped: 0.0131458 seconds, Stopping threads took: 0.0130257 seconds
2016-03-28T17:30:46.122+0100: 20532.207: Total time for which application threads were stopped: 0.0000766 seconds, Stopping threads took: 0.0000340 seconds
2016-03-28T17:30:46.132+0100: 20532.221: Total time for which application threads were stopped: 0.0001208 seconds, Stopping threads took: 0.0000355 seconds
2016-03-28T17:30:46.132+0100: 20532.221: Total time for which application threads were stopped: 0.0000711 seconds, Stopping threads took: 0.0000292 seconds
2016-03-28T17:30:46.132+0100: 20532.221: Total time for which application threads were stopped: 0.0000632 seconds, Stopping threads took: 0.0000245 seconds
Heap
 par new generation   total 109248K, used 89909K [0x00000000e0000000, 0x00000000e8000000, 0x00000000e8000000)
  eden space 87424K,  99% used [0x00000000e0000000, 0x00000000e550d3d8, 0x00000000e5560000)
  from space 21824K,  12% used [0x00000000e6ab0000, 0x00000000e6d70190, 0x00000000e8000000)
  to   space 21824K,   0% used [0x00000000e5560000, 0x00000000e5560000, 0x00000000e6ab0000)
 concurrent mark-sweep generation total 393216K, used 17128K [0x00000000e8000000, 0x0000000100000000, 0x0000000100000000)
 Metaspace       used 36883K, capacity 37346K, committed 37580K, reserved 1083392K
  class space    used 4031K, capacity 4189K, committed 4224K, reserved 1048576K
