Java HotSpot(TM) 64-Bit Server VM (25.73-b02) for windows-amd64 JRE (1.8.0_73-b02), built on Jan 29 2016 17:38:49 by "java_re" with MS VC++ 10.0 (VS2010)
Memory: 4k page, physical 4027256k(1273052k free), swap 8052676k(2952912k free)
CommandLine flags: -XX:CMSInitiatingOccupancyFraction=50 -XX:CMSMaxAbortablePrecleanTime=6000 -XX:+CMSParallelRemarkEnabled -XX:+CMSScavengeBeforeRemark -XX:ConcGCThreads=4 -XX:InitialHeapSize=536870912 -XX:MaxHeapSize=536870912 -XX:MaxTenuringThreshold=8 -XX:NewRatio=3 -XX:OldPLABSize=16 -XX:ParallelGCThreads=4 -XX:+ParallelRefProcEnabled -XX:PretenureSizeThreshold=67108864 -XX:+PrintGC -XX:+PrintGCApplicationStoppedTime -XX:+PrintGCDateStamps -XX:+PrintGCDetails -XX:+PrintGCTimeStamps -XX:+PrintHeapAtGC -XX:+PrintTenuringDistribution -XX:SurvivorRatio=4 -XX:TargetSurvivorRatio=90 -XX:ThreadStackSize=256 -XX:+UseCMSInitiatingOccupancyOnly -XX:+UseCompressedClassPointers -XX:+UseCompressedOops -XX:+UseConcMarkSweepGC -XX:-UseLargePagesIndividualAllocation -XX:+UseParNewGC 
2016-03-11T16:11:14.878+0000: 1.064: Total time for which application threads were stopped: 0.0004690 seconds, Stopping threads took: 0.0002906 seconds
2016-03-11T16:11:15.392+0000: 1.579: Total time for which application threads were stopped: 0.0002479 seconds, Stopping threads took: 0.0000363 seconds
2016-03-11T16:11:16.397+0000: 2.584: Total time for which application threads were stopped: 0.0027566 seconds, Stopping threads took: 0.0026532 seconds
2016-03-11T16:11:16.465+0000: 2.651: Total time for which application threads were stopped: 0.0074494 seconds, Stopping threads took: 0.0072196 seconds
2016-03-11T16:11:16.657+0000: 2.844: Total time for which application threads were stopped: 0.0003174 seconds, Stopping threads took: 0.0000411 seconds
2016-03-11T16:11:16.688+0000: 2.875: Total time for which application threads were stopped: 0.0002740 seconds, Stopping threads took: 0.0000490 seconds
2016-03-11T16:11:17.689+0000: 3.876: Total time for which application threads were stopped: 0.0001429 seconds, Stopping threads took: 0.0000513 seconds
2016-03-11T16:11:18.192+0000: 4.379: Total time for which application threads were stopped: 0.0003530 seconds, Stopping threads took: 0.0000474 seconds
{Heap before GC invocations=0 (full 0):
 par new generation   total 109248K, used 87424K [0x00000000e0000000, 0x00000000e8000000, 0x00000000e8000000)
  eden space 87424K, 100% used [0x00000000e0000000, 0x00000000e5560000, 0x00000000e5560000)
  from space 21824K,   0% used [0x00000000e5560000, 0x00000000e5560000, 0x00000000e6ab0000)
  to   space 21824K,   0% used [0x00000000e6ab0000, 0x00000000e6ab0000, 0x00000000e8000000)
 concurrent mark-sweep generation total 393216K, used 0K [0x00000000e8000000, 0x0000000100000000, 0x0000000100000000)
 Metaspace       used 10150K, capacity 10344K, committed 10496K, reserved 1058816K
  class space    used 1166K, capacity 1212K, committed 1280K, reserved 1048576K
2016-03-11T16:11:18.621+0000: 4.808: [GC (Allocation Failure) 2016-03-11T16:11:18.621+0000: 4.808: [ParNew
Desired survivor size 20112992 bytes, new threshold 8 (max 8)
- age   1:    5746080 bytes,    5746080 total
: 87424K->5687K(109248K), 0.0685420 secs] 87424K->5687K(502464K), 0.0688831 secs] [Times: user=0.09 sys=0.00, real=0.07 secs] 
Heap after GC invocations=1 (full 0):
 par new generation   total 109248K, used 5687K [0x00000000e0000000, 0x00000000e8000000, 0x00000000e8000000)
  eden space 87424K,   0% used [0x00000000e0000000, 0x00000000e0000000, 0x00000000e5560000)
  from space 21824K,  26% used [0x00000000e6ab0000, 0x00000000e703dfc8, 0x00000000e8000000)
  to   space 21824K,   0% used [0x00000000e5560000, 0x00000000e5560000, 0x00000000e6ab0000)
 concurrent mark-sweep generation total 393216K, used 0K [0x00000000e8000000, 0x0000000100000000, 0x0000000100000000)
 Metaspace       used 10150K, capacity 10344K, committed 10496K, reserved 1058816K
  class space    used 1166K, capacity 1212K, committed 1280K, reserved 1048576K
}
2016-03-11T16:11:18.690+0000: 4.877: Total time for which application threads were stopped: 0.0692898 seconds, Stopping threads took: 0.0000592 seconds
2016-03-11T16:11:18.700+0000: 4.886: Total time for which application threads were stopped: 0.0002037 seconds, Stopping threads took: 0.0000750 seconds
2016-03-11T16:11:18.700+0000: 4.887: Total time for which application threads were stopped: 0.0001319 seconds, Stopping threads took: 0.0000347 seconds
2016-03-11T16:11:18.701+0000: 4.887: Total time for which application threads were stopped: 0.0001279 seconds, Stopping threads took: 0.0000292 seconds
2016-03-11T16:11:18.701+0000: 4.887: Total time for which application threads were stopped: 0.0001121 seconds, Stopping threads took: 0.0000292 seconds
2016-03-11T16:11:18.701+0000: 4.888: Total time for which application threads were stopped: 0.0001082 seconds, Stopping threads took: 0.0000276 seconds
2016-03-11T16:11:18.701+0000: 4.888: Total time for which application threads were stopped: 0.0001145 seconds, Stopping threads took: 0.0000284 seconds
2016-03-11T16:11:18.701+0000: 4.888: Total time for which application threads were stopped: 0.0001090 seconds, Stopping threads took: 0.0000276 seconds
2016-03-11T16:11:18.701+0000: 4.888: Total time for which application threads were stopped: 0.0001232 seconds, Stopping threads took: 0.0000324 seconds
2016-03-11T16:11:18.702+0000: 4.888: Total time for which application threads were stopped: 0.0001184 seconds, Stopping threads took: 0.0000300 seconds
2016-03-11T16:11:18.702+0000: 4.888: Total time for which application threads were stopped: 0.0001177 seconds, Stopping threads took: 0.0000347 seconds
2016-03-11T16:11:18.702+0000: 4.889: Total time for which application threads were stopped: 0.0001145 seconds, Stopping threads took: 0.0000308 seconds
2016-03-11T16:11:18.702+0000: 4.889: Total time for which application threads were stopped: 0.0001105 seconds, Stopping threads took: 0.0000284 seconds
2016-03-11T16:11:18.702+0000: 4.889: Total time for which application threads were stopped: 0.0001129 seconds, Stopping threads took: 0.0000276 seconds
2016-03-11T16:11:18.702+0000: 4.889: Total time for which application threads were stopped: 0.0001105 seconds, Stopping threads took: 0.0000276 seconds
2016-03-11T16:11:18.703+0000: 4.890: Total time for which application threads were stopped: 0.0005725 seconds, Stopping threads took: 0.0004730 seconds
2016-03-11T16:11:18.711+0000: 4.898: Total time for which application threads were stopped: 0.0008804 seconds, Stopping threads took: 0.0007438 seconds
2016-03-11T16:11:18.712+0000: 4.898: Total time for which application threads were stopped: 0.0001137 seconds, Stopping threads took: 0.0000292 seconds
2016-03-11T16:11:18.712+0000: 4.899: Total time for which application threads were stopped: 0.0001105 seconds, Stopping threads took: 0.0000276 seconds
2016-03-11T16:11:18.712+0000: 4.899: Total time for which application threads were stopped: 0.0001121 seconds, Stopping threads took: 0.0000284 seconds
2016-03-11T16:11:18.712+0000: 4.899: Total time for which application threads were stopped: 0.0002021 seconds, Stopping threads took: 0.0000276 seconds
2016-03-11T16:11:19.104+0000: 5.291: Total time for which application threads were stopped: 0.0003498 seconds, Stopping threads took: 0.0000537 seconds
2016-03-11T16:11:19.350+0000: 5.537: Total time for which application threads were stopped: 0.0003435 seconds, Stopping threads took: 0.0000403 seconds
2016-03-11T16:11:19.775+0000: 5.962: Total time for which application threads were stopped: 0.0004667 seconds, Stopping threads took: 0.0000450 seconds
2016-03-11T16:11:19.779+0000: 5.966: Total time for which application threads were stopped: 0.0003356 seconds, Stopping threads took: 0.0000426 seconds
2016-03-11T16:11:19.788+0000: 5.975: Total time for which application threads were stopped: 0.0004161 seconds, Stopping threads took: 0.0000379 seconds
2016-03-11T16:11:20.706+0000: 6.893: Total time for which application threads were stopped: 0.0014348 seconds, Stopping threads took: 0.0010439 seconds
2016-03-11T16:11:20.706+0000: 6.893: Total time for which application threads were stopped: 0.0001232 seconds, Stopping threads took: 0.0000292 seconds
2016-03-11T16:11:20.706+0000: 6.893: Total time for which application threads were stopped: 0.0001098 seconds, Stopping threads took: 0.0000221 seconds
2016-03-11T16:11:20.707+0000: 6.894: Total time for which application threads were stopped: 0.0001145 seconds, Stopping threads took: 0.0000213 seconds
2016-03-11T16:11:20.707+0000: 6.894: Total time for which application threads were stopped: 0.0001137 seconds, Stopping threads took: 0.0000205 seconds
2016-03-11T16:11:20.708+0000: 6.895: Total time for which application threads were stopped: 0.0001074 seconds, Stopping threads took: 0.0000205 seconds
2016-03-11T16:11:20.708+0000: 6.895: Total time for which application threads were stopped: 0.0001074 seconds, Stopping threads took: 0.0000197 seconds
2016-03-11T16:11:20.708+0000: 6.895: Total time for which application threads were stopped: 0.0001074 seconds, Stopping threads took: 0.0000197 seconds
2016-03-11T16:11:20.709+0000: 6.895: Total time for which application threads were stopped: 0.0001169 seconds, Stopping threads took: 0.0000276 seconds
2016-03-11T16:11:20.711+0000: 6.898: Total time for which application threads were stopped: 0.0001398 seconds, Stopping threads took: 0.0000276 seconds
2016-03-11T16:11:20.712+0000: 6.898: Total time for which application threads were stopped: 0.0001145 seconds, Stopping threads took: 0.0000213 seconds
2016-03-11T16:11:20.712+0000: 6.899: Total time for which application threads were stopped: 0.0001066 seconds, Stopping threads took: 0.0000197 seconds
2016-03-11T16:11:20.712+0000: 6.899: Total time for which application threads were stopped: 0.0001098 seconds, Stopping threads took: 0.0000205 seconds
2016-03-11T16:11:20.712+0000: 6.899: Total time for which application threads were stopped: 0.0001082 seconds, Stopping threads took: 0.0000197 seconds
2016-03-11T16:11:20.713+0000: 6.900: Total time for which application threads were stopped: 0.0001105 seconds, Stopping threads took: 0.0000205 seconds
2016-03-11T16:11:20.713+0000: 6.900: Total time for which application threads were stopped: 0.0001090 seconds, Stopping threads took: 0.0000205 seconds
2016-03-11T16:11:20.715+0000: 6.902: Total time for which application threads were stopped: 0.0001295 seconds, Stopping threads took: 0.0000237 seconds
2016-03-11T16:11:20.717+0000: 6.904: Total time for which application threads were stopped: 0.0001200 seconds, Stopping threads took: 0.0000229 seconds
2016-03-11T16:11:20.718+0000: 6.905: Total time for which application threads were stopped: 0.0001240 seconds, Stopping threads took: 0.0000237 seconds
2016-03-11T16:11:20.718+0000: 6.905: Total time for which application threads were stopped: 0.0001184 seconds, Stopping threads took: 0.0000284 seconds
2016-03-11T16:11:20.719+0000: 6.906: Total time for which application threads were stopped: 0.0002574 seconds, Stopping threads took: 0.0000276 seconds
2016-03-11T16:11:20.719+0000: 6.906: Total time for which application threads were stopped: 0.0001311 seconds, Stopping threads took: 0.0000292 seconds
2016-03-11T16:11:20.719+0000: 6.906: Total time for which application threads were stopped: 0.0001145 seconds, Stopping threads took: 0.0000253 seconds
2016-03-11T16:11:20.719+0000: 6.906: Total time for which application threads were stopped: 0.0001145 seconds, Stopping threads took: 0.0000261 seconds
2016-03-11T16:11:20.720+0000: 6.907: Total time for which application threads were stopped: 0.0001248 seconds, Stopping threads took: 0.0000284 seconds
2016-03-11T16:11:20.722+0000: 6.908: Total time for which application threads were stopped: 0.0001864 seconds, Stopping threads took: 0.0000411 seconds
2016-03-11T16:11:20.723+0000: 6.909: Total time for which application threads were stopped: 0.0001690 seconds, Stopping threads took: 0.0000355 seconds
2016-03-11T16:11:20.724+0000: 6.911: Total time for which application threads were stopped: 0.0002156 seconds, Stopping threads took: 0.0000458 seconds
2016-03-11T16:11:20.724+0000: 6.911: Total time for which application threads were stopped: 0.0000900 seconds, Stopping threads took: 0.0000276 seconds
2016-03-11T16:11:20.724+0000: 6.911: Total time for which application threads were stopped: 0.0000971 seconds, Stopping threads took: 0.0000347 seconds
2016-03-11T16:11:20.724+0000: 6.911: Total time for which application threads were stopped: 0.0000876 seconds, Stopping threads took: 0.0000261 seconds
2016-03-11T16:11:20.724+0000: 6.911: Total time for which application threads were stopped: 0.0000884 seconds, Stopping threads took: 0.0000261 seconds
2016-03-11T16:11:20.724+0000: 6.911: Total time for which application threads were stopped: 0.0000900 seconds, Stopping threads took: 0.0000284 seconds
2016-03-11T16:11:20.725+0000: 6.912: Total time for which application threads were stopped: 0.0001721 seconds, Stopping threads took: 0.0000347 seconds
2016-03-11T16:11:20.725+0000: 6.912: Total time for which application threads were stopped: 0.0000979 seconds, Stopping threads took: 0.0000276 seconds
2016-03-11T16:11:20.726+0000: 6.913: Total time for which application threads were stopped: 0.0001548 seconds, Stopping threads took: 0.0000292 seconds
2016-03-11T16:11:20.726+0000: 6.913: Total time for which application threads were stopped: 0.0000979 seconds, Stopping threads took: 0.0000292 seconds
2016-03-11T16:11:20.726+0000: 6.913: Total time for which application threads were stopped: 0.0001477 seconds, Stopping threads took: 0.0000292 seconds
2016-03-11T16:11:20.727+0000: 6.913: Total time for which application threads were stopped: 0.0001248 seconds, Stopping threads took: 0.0000308 seconds
2016-03-11T16:11:20.727+0000: 6.914: Total time for which application threads were stopped: 0.0001366 seconds, Stopping threads took: 0.0000300 seconds
2016-03-11T16:11:20.727+0000: 6.914: Total time for which application threads were stopped: 0.0000932 seconds, Stopping threads took: 0.0000284 seconds
2016-03-11T16:11:20.727+0000: 6.914: Total time for which application threads were stopped: 0.0001453 seconds, Stopping threads took: 0.0000300 seconds
2016-03-11T16:11:20.727+0000: 6.914: Total time for which application threads were stopped: 0.0000963 seconds, Stopping threads took: 0.0000276 seconds
2016-03-11T16:11:20.732+0000: 6.919: Total time for which application threads were stopped: 0.0001595 seconds, Stopping threads took: 0.0000442 seconds
2016-03-11T16:11:20.732+0000: 6.919: Total time for which application threads were stopped: 0.0001019 seconds, Stopping threads took: 0.0000268 seconds
2016-03-11T16:11:20.732+0000: 6.919: Total time for which application threads were stopped: 0.0000987 seconds, Stopping threads took: 0.0000276 seconds
2016-03-11T16:11:20.732+0000: 6.919: Total time for which application threads were stopped: 0.0000948 seconds, Stopping threads took: 0.0000253 seconds
2016-03-11T16:11:20.732+0000: 6.919: Total time for which application threads were stopped: 0.0000955 seconds, Stopping threads took: 0.0000253 seconds
2016-03-11T16:11:20.733+0000: 6.919: Total time for which application threads were stopped: 0.0001271 seconds, Stopping threads took: 0.0000537 seconds
2016-03-11T16:11:20.733+0000: 6.920: Total time for which application threads were stopped: 0.0000955 seconds, Stopping threads took: 0.0000253 seconds
2016-03-11T16:11:20.733+0000: 6.920: Total time for which application threads were stopped: 0.0001516 seconds, Stopping threads took: 0.0000347 seconds
2016-03-11T16:11:20.733+0000: 6.920: Total time for which application threads were stopped: 0.0003072 seconds, Stopping threads took: 0.0000347 seconds
2016-03-11T16:11:20.754+0000: 6.941: Total time for which application threads were stopped: 0.0006546 seconds, Stopping threads took: 0.0002598 seconds
2016-03-11T16:11:20.779+0000: 6.966: Total time for which application threads were stopped: 0.0003009 seconds, Stopping threads took: 0.0001413 seconds
2016-03-11T16:11:20.780+0000: 6.966: Total time for which application threads were stopped: 0.0002527 seconds, Stopping threads took: 0.0000821 seconds
2016-03-11T16:11:20.780+0000: 6.967: Total time for which application threads were stopped: 0.0001540 seconds, Stopping threads took: 0.0000845 seconds
2016-03-11T16:11:20.780+0000: 6.967: Total time for which application threads were stopped: 0.0001098 seconds, Stopping threads took: 0.0000292 seconds
2016-03-11T16:11:20.802+0000: 6.989: Total time for which application threads were stopped: 0.0004864 seconds, Stopping threads took: 0.0003095 seconds
2016-03-11T16:11:20.802+0000: 6.989: Total time for which application threads were stopped: 0.0001579 seconds, Stopping threads took: 0.0000466 seconds
2016-03-11T16:11:20.805+0000: 6.992: Total time for which application threads were stopped: 0.0001721 seconds, Stopping threads took: 0.0000490 seconds
2016-03-11T16:11:20.805+0000: 6.992: Total time for which application threads were stopped: 0.0001256 seconds, Stopping threads took: 0.0000229 seconds
2016-03-11T16:11:20.808+0000: 6.995: Total time for which application threads were stopped: 0.0002456 seconds, Stopping threads took: 0.0001469 seconds
2016-03-11T16:11:20.813+0000: 7.000: Total time for which application threads were stopped: 0.0005930 seconds, Stopping threads took: 0.0002843 seconds
2016-03-11T16:11:20.818+0000: 7.005: Total time for which application threads were stopped: 0.0001240 seconds, Stopping threads took: 0.0000434 seconds
2016-03-11T16:11:20.822+0000: 7.009: Total time for which application threads were stopped: 0.0001279 seconds, Stopping threads took: 0.0000553 seconds
2016-03-11T16:11:20.828+0000: 7.015: Total time for which application threads were stopped: 0.0001358 seconds, Stopping threads took: 0.0000529 seconds
2016-03-11T16:11:20.829+0000: 7.015: Total time for which application threads were stopped: 0.0001374 seconds, Stopping threads took: 0.0000829 seconds
2016-03-11T16:11:20.830+0000: 7.017: Total time for which application threads were stopped: 0.0001113 seconds, Stopping threads took: 0.0000403 seconds
2016-03-11T16:11:20.830+0000: 7.017: Total time for which application threads were stopped: 0.0000837 seconds, Stopping threads took: 0.0000284 seconds
2016-03-11T16:11:20.831+0000: 7.018: Total time for which application threads were stopped: 0.0000861 seconds, Stopping threads took: 0.0000316 seconds
2016-03-11T16:11:20.831+0000: 7.018: Total time for which application threads were stopped: 0.0000726 seconds, Stopping threads took: 0.0000261 seconds
2016-03-11T16:11:20.834+0000: 7.021: Total time for which application threads were stopped: 0.0001200 seconds, Stopping threads took: 0.0000466 seconds
2016-03-11T16:11:20.852+0000: 7.039: Total time for which application threads were stopped: 0.0001690 seconds, Stopping threads took: 0.0000434 seconds
2016-03-11T16:11:20.852+0000: 7.039: Total time for which application threads were stopped: 0.0000790 seconds, Stopping threads took: 0.0000229 seconds
2016-03-11T16:11:20.852+0000: 7.039: Total time for which application threads were stopped: 0.0000703 seconds, Stopping threads took: 0.0000197 seconds
2016-03-11T16:11:20.853+0000: 7.040: Total time for which application threads were stopped: 0.0000782 seconds, Stopping threads took: 0.0000213 seconds
2016-03-11T16:11:20.865+0000: 7.052: Total time for which application threads were stopped: 0.0001350 seconds, Stopping threads took: 0.0000482 seconds
2016-03-11T16:11:20.866+0000: 7.053: Total time for which application threads were stopped: 0.0002069 seconds, Stopping threads took: 0.0000276 seconds
2016-03-11T16:11:20.866+0000: 7.053: Total time for which application threads were stopped: 0.0001216 seconds, Stopping threads took: 0.0000687 seconds
2016-03-11T16:11:20.867+0000: 7.053: Total time for which application threads were stopped: 0.0001019 seconds, Stopping threads took: 0.0000332 seconds
2016-03-11T16:11:20.880+0000: 7.067: Total time for which application threads were stopped: 0.0001382 seconds, Stopping threads took: 0.0000474 seconds
2016-03-11T16:11:20.881+0000: 7.068: Total time for which application threads were stopped: 0.0000900 seconds, Stopping threads took: 0.0000316 seconds
2016-03-11T16:11:20.881+0000: 7.068: Total time for which application threads were stopped: 0.0000790 seconds, Stopping threads took: 0.0000268 seconds
2016-03-11T16:11:20.884+0000: 7.071: Total time for which application threads were stopped: 0.0029501 seconds, Stopping threads took: 0.0028332 seconds
2016-03-11T16:11:20.963+0000: 7.150: Total time for which application threads were stopped: 0.0001516 seconds, Stopping threads took: 0.0000616 seconds
2016-03-11T16:11:20.963+0000: 7.150: Total time for which application threads were stopped: 0.0000798 seconds, Stopping threads took: 0.0000284 seconds
2016-03-11T16:11:20.963+0000: 7.150: Total time for which application threads were stopped: 0.0000924 seconds, Stopping threads took: 0.0000347 seconds
2016-03-11T16:11:20.964+0000: 7.151: Total time for which application threads were stopped: 0.0000979 seconds, Stopping threads took: 0.0000363 seconds
2016-03-11T16:11:20.970+0000: 7.157: Total time for which application threads were stopped: 0.0001571 seconds, Stopping threads took: 0.0000648 seconds
2016-03-11T16:11:20.970+0000: 7.157: Total time for which application threads were stopped: 0.0000813 seconds, Stopping threads took: 0.0000292 seconds
2016-03-11T16:11:20.971+0000: 7.157: Total time for which application threads were stopped: 0.0000955 seconds, Stopping threads took: 0.0000419 seconds
2016-03-11T16:11:20.971+0000: 7.158: Total time for which application threads were stopped: 0.0001034 seconds, Stopping threads took: 0.0000395 seconds
2016-03-11T16:11:20.979+0000: 7.166: Total time for which application threads were stopped: 0.0001469 seconds, Stopping threads took: 0.0000592 seconds
2016-03-11T16:11:20.980+0000: 7.167: Total time for which application threads were stopped: 0.0000987 seconds, Stopping threads took: 0.0000403 seconds
2016-03-11T16:11:20.980+0000: 7.167: Total time for which application threads were stopped: 0.0000750 seconds, Stopping threads took: 0.0000276 seconds
2016-03-11T16:11:20.981+0000: 7.167: Total time for which application threads were stopped: 0.0000734 seconds, Stopping threads took: 0.0000284 seconds
2016-03-11T16:11:20.981+0000: 7.168: Total time for which application threads were stopped: 0.0000742 seconds, Stopping threads took: 0.0000284 seconds
2016-03-11T16:11:20.981+0000: 7.168: Total time for which application threads were stopped: 0.0000798 seconds, Stopping threads took: 0.0000332 seconds
2016-03-11T16:11:20.996+0000: 7.183: Total time for which application threads were stopped: 0.0001406 seconds, Stopping threads took: 0.0000592 seconds
2016-03-11T16:11:20.996+0000: 7.183: Total time for which application threads were stopped: 0.0000758 seconds, Stopping threads took: 0.0000292 seconds
2016-03-11T16:11:21.262+0000: 7.449: Total time for which application threads were stopped: 0.0001627 seconds, Stopping threads took: 0.0000450 seconds
2016-03-11T16:11:21.262+0000: 7.449: Total time for which application threads were stopped: 0.0000719 seconds, Stopping threads took: 0.0000213 seconds
2016-03-11T16:11:21.262+0000: 7.449: Total time for which application threads were stopped: 0.0000711 seconds, Stopping threads took: 0.0000213 seconds
2016-03-11T16:11:21.262+0000: 7.449: Total time for which application threads were stopped: 0.0000750 seconds, Stopping threads took: 0.0000221 seconds
2016-03-11T16:11:21.268+0000: 7.455: Total time for which application threads were stopped: 0.0002006 seconds, Stopping threads took: 0.0000513 seconds
2016-03-11T16:11:21.274+0000: 7.461: Total time for which application threads were stopped: 0.0001516 seconds, Stopping threads took: 0.0000513 seconds
2016-03-11T16:11:21.274+0000: 7.461: Total time for which application threads were stopped: 0.0000798 seconds, Stopping threads took: 0.0000221 seconds
2016-03-11T16:11:21.275+0000: 7.462: Total time for which application threads were stopped: 0.0001050 seconds, Stopping threads took: 0.0000292 seconds
2016-03-11T16:11:21.337+0000: 7.524: Total time for which application threads were stopped: 0.0001571 seconds, Stopping threads took: 0.0000474 seconds
2016-03-11T16:11:21.337+0000: 7.524: Total time for which application threads were stopped: 0.0000758 seconds, Stopping threads took: 0.0000213 seconds
2016-03-11T16:11:21.337+0000: 7.524: Total time for which application threads were stopped: 0.0000711 seconds, Stopping threads took: 0.0000190 seconds
2016-03-11T16:11:21.338+0000: 7.524: Total time for which application threads were stopped: 0.0000805 seconds, Stopping threads took: 0.0000221 seconds
2016-03-11T16:11:21.381+0000: 7.568: Total time for which application threads were stopped: 0.0001658 seconds, Stopping threads took: 0.0000584 seconds
2016-03-11T16:11:21.399+0000: 7.586: Total time for which application threads were stopped: 0.0001871 seconds, Stopping threads took: 0.0000734 seconds
2016-03-11T16:11:21.405+0000: 7.592: Total time for which application threads were stopped: 0.0015137 seconds, Stopping threads took: 0.0013487 seconds
2016-03-11T16:11:21.407+0000: 7.594: Total time for which application threads were stopped: 0.0013076 seconds, Stopping threads took: 0.0011276 seconds
2016-03-11T16:11:21.419+0000: 7.606: Total time for which application threads were stopped: 0.0009949 seconds, Stopping threads took: 0.0008868 seconds
2016-03-11T16:11:21.437+0000: 7.624: Total time for which application threads were stopped: 0.0001950 seconds, Stopping threads took: 0.0000742 seconds
2016-03-11T16:11:21.438+0000: 7.625: Total time for which application threads were stopped: 0.0001137 seconds, Stopping threads took: 0.0000411 seconds
2016-03-11T16:11:21.438+0000: 7.625: Total time for which application threads were stopped: 0.0000829 seconds, Stopping threads took: 0.0000292 seconds
2016-03-11T16:11:21.438+0000: 7.625: Total time for which application threads were stopped: 0.0000900 seconds, Stopping threads took: 0.0000324 seconds
2016-03-11T16:11:21.438+0000: 7.625: Total time for which application threads were stopped: 0.0000853 seconds, Stopping threads took: 0.0000316 seconds
2016-03-11T16:11:21.439+0000: 7.626: Total time for which application threads were stopped: 0.0000963 seconds, Stopping threads took: 0.0000340 seconds
2016-03-11T16:11:21.440+0000: 7.627: Total time for which application threads were stopped: 0.0001248 seconds, Stopping threads took: 0.0000268 seconds
2016-03-11T16:11:21.440+0000: 7.627: Total time for which application threads were stopped: 0.0000766 seconds, Stopping threads took: 0.0000261 seconds
2016-03-11T16:11:21.440+0000: 7.627: Total time for which application threads were stopped: 0.0000758 seconds, Stopping threads took: 0.0000261 seconds
2016-03-11T16:11:21.440+0000: 7.627: Total time for which application threads were stopped: 0.0000813 seconds, Stopping threads took: 0.0000261 seconds
2016-03-11T16:11:21.440+0000: 7.627: Total time for which application threads were stopped: 0.0000734 seconds, Stopping threads took: 0.0000245 seconds
2016-03-11T16:11:21.440+0000: 7.627: Total time for which application threads were stopped: 0.0000750 seconds, Stopping threads took: 0.0000253 seconds
2016-03-11T16:11:21.441+0000: 7.627: Total time for which application threads were stopped: 0.0002582 seconds, Stopping threads took: 0.0000253 seconds
2016-03-11T16:11:21.441+0000: 7.628: Total time for which application threads were stopped: 0.0002140 seconds, Stopping threads took: 0.0001374 seconds
2016-03-11T16:11:21.466+0000: 7.653: Total time for which application threads were stopped: 0.0015643 seconds, Stopping threads took: 0.0013684 seconds
2016-03-11T16:11:21.467+0000: 7.654: Total time for which application threads were stopped: 0.0004422 seconds, Stopping threads took: 0.0003743 seconds
2016-03-11T16:11:21.531+0000: 7.717: Total time for which application threads were stopped: 0.0005006 seconds, Stopping threads took: 0.0000529 seconds
2016-03-11T16:11:21.555+0000: 7.742: Total time for which application threads were stopped: 0.0004335 seconds, Stopping threads took: 0.0000592 seconds
2016-03-11T16:11:21.569+0000: 7.756: Total time for which application threads were stopped: 0.0004193 seconds, Stopping threads took: 0.0002440 seconds
{Heap before GC invocations=1 (full 0):
 par new generation   total 109248K, used 93111K [0x00000000e0000000, 0x00000000e8000000, 0x00000000e8000000)
  eden space 87424K, 100% used [0x00000000e0000000, 0x00000000e5560000, 0x00000000e5560000)
  from space 21824K,  26% used [0x00000000e6ab0000, 0x00000000e703dfc8, 0x00000000e8000000)
  to   space 21824K,   0% used [0x00000000e5560000, 0x00000000e5560000, 0x00000000e6ab0000)
 concurrent mark-sweep generation total 393216K, used 0K [0x00000000e8000000, 0x0000000100000000, 0x0000000100000000)
 Metaspace       used 20139K, capacity 20468K, committed 20736K, reserved 1067008K
  class space    used 2405K, capacity 2520K, committed 2560K, reserved 1048576K
2016-03-11T16:11:21.581+0000: 7.768: [GC (Allocation Failure) 2016-03-11T16:11:21.581+0000: 7.768: [ParNew
Desired survivor size 20112992 bytes, new threshold 8 (max 8)
- age   1:    8021128 bytes,    8021128 total
- age   2:    2554344 bytes,   10575472 total
: 93111K->12179K(109248K), 0.0390973 secs] 93111K->12179K(502464K), 0.0392907 secs] [Times: user=0.03 sys=0.02, real=0.04 secs] 
Heap after GC invocations=2 (full 0):
 par new generation   total 109248K, used 12179K [0x00000000e0000000, 0x00000000e8000000, 0x00000000e8000000)
  eden space 87424K,   0% used [0x00000000e0000000, 0x00000000e0000000, 0x00000000e5560000)
  from space 21824K,  55% used [0x00000000e5560000, 0x00000000e6144d80, 0x00000000e6ab0000)
  to   space 21824K,   0% used [0x00000000e6ab0000, 0x00000000e6ab0000, 0x00000000e8000000)
 concurrent mark-sweep generation total 393216K, used 0K [0x00000000e8000000, 0x0000000100000000, 0x0000000100000000)
 Metaspace       used 20139K, capacity 20468K, committed 20736K, reserved 1067008K
  class space    used 2405K, capacity 2520K, committed 2560K, reserved 1048576K
}
2016-03-11T16:11:21.620+0000: 7.807: Total time for which application threads were stopped: 0.0397463 seconds, Stopping threads took: 0.0000521 seconds
2016-03-11T16:11:21.654+0000: 7.841: Total time for which application threads were stopped: 0.0001516 seconds, Stopping threads took: 0.0000632 seconds
2016-03-11T16:11:21.757+0000: 7.944: Total time for which application threads were stopped: 0.0335090 seconds, Stopping threads took: 0.0333850 seconds
2016-03-11T16:11:21.763+0000: 7.950: Total time for which application threads were stopped: 0.0004580 seconds, Stopping threads took: 0.0000442 seconds
2016-03-11T16:11:21.763+0000: 7.950: Total time for which application threads were stopped: 0.0001232 seconds, Stopping threads took: 0.0000584 seconds
2016-03-11T16:11:21.778+0000: 7.965: Total time for which application threads were stopped: 0.0001769 seconds, Stopping threads took: 0.0000497 seconds
2016-03-11T16:11:21.784+0000: 7.971: Total time for which application threads were stopped: 0.0001366 seconds, Stopping threads took: 0.0000466 seconds
2016-03-11T16:11:21.786+0000: 7.973: Total time for which application threads were stopped: 0.0001627 seconds, Stopping threads took: 0.0000592 seconds
2016-03-11T16:11:21.787+0000: 7.974: Total time for which application threads were stopped: 0.0000963 seconds, Stopping threads took: 0.0000332 seconds
2016-03-11T16:11:21.787+0000: 7.974: Total time for which application threads were stopped: 0.0000940 seconds, Stopping threads took: 0.0000324 seconds
2016-03-11T16:11:21.788+0000: 7.975: Total time for which application threads were stopped: 0.0002511 seconds, Stopping threads took: 0.0001690 seconds
2016-03-11T16:11:21.794+0000: 7.981: Total time for which application threads were stopped: 0.0006001 seconds, Stopping threads took: 0.0004912 seconds
2016-03-11T16:11:21.812+0000: 7.999: Total time for which application threads were stopped: 0.0001800 seconds, Stopping threads took: 0.0000663 seconds
2016-03-11T16:11:21.814+0000: 8.001: Total time for which application threads were stopped: 0.0001398 seconds, Stopping threads took: 0.0000513 seconds
2016-03-11T16:11:21.814+0000: 8.001: Total time for which application threads were stopped: 0.0000829 seconds, Stopping threads took: 0.0000308 seconds
2016-03-11T16:11:21.814+0000: 8.001: Total time for which application threads were stopped: 0.0001137 seconds, Stopping threads took: 0.0000545 seconds
2016-03-11T16:11:21.814+0000: 8.001: Total time for which application threads were stopped: 0.0000884 seconds, Stopping threads took: 0.0000300 seconds
2016-03-11T16:11:21.815+0000: 8.001: Total time for which application threads were stopped: 0.0001098 seconds, Stopping threads took: 0.0000497 seconds
2016-03-11T16:11:21.815+0000: 8.002: Total time for which application threads were stopped: 0.0000798 seconds, Stopping threads took: 0.0000276 seconds
2016-03-11T16:11:21.815+0000: 8.002: Total time for which application threads were stopped: 0.0000829 seconds, Stopping threads took: 0.0000292 seconds
2016-03-11T16:11:21.815+0000: 8.002: Total time for which application threads were stopped: 0.0000805 seconds, Stopping threads took: 0.0000276 seconds
2016-03-11T16:11:21.815+0000: 8.002: Total time for which application threads were stopped: 0.0000782 seconds, Stopping threads took: 0.0000268 seconds
2016-03-11T16:11:21.815+0000: 8.002: Total time for which application threads were stopped: 0.0001034 seconds, Stopping threads took: 0.0000466 seconds
2016-03-11T16:11:21.815+0000: 8.002: Total time for which application threads were stopped: 0.0000861 seconds, Stopping threads took: 0.0000308 seconds
2016-03-11T16:11:21.816+0000: 8.003: Total time for which application threads were stopped: 0.0002148 seconds, Stopping threads took: 0.0001579 seconds
2016-03-11T16:11:21.816+0000: 8.003: Total time for which application threads were stopped: 0.0003056 seconds, Stopping threads took: 0.0000663 seconds
2016-03-11T16:11:21.822+0000: 8.009: Total time for which application threads were stopped: 0.0012113 seconds, Stopping threads took: 0.0011268 seconds
2016-03-11T16:11:21.830+0000: 8.017: Total time for which application threads were stopped: 0.0001706 seconds, Stopping threads took: 0.0000592 seconds
2016-03-11T16:11:21.831+0000: 8.018: Total time for which application threads were stopped: 0.0006870 seconds, Stopping threads took: 0.0006214 seconds
2016-03-11T16:11:21.831+0000: 8.018: Total time for which application threads were stopped: 0.0000916 seconds, Stopping threads took: 0.0000340 seconds
2016-03-11T16:11:21.832+0000: 8.019: Total time for which application threads were stopped: 0.0001121 seconds, Stopping threads took: 0.0000261 seconds
2016-03-11T16:11:21.833+0000: 8.020: Total time for which application threads were stopped: 0.0009839 seconds, Stopping threads took: 0.0009207 seconds
2016-03-11T16:11:21.835+0000: 8.022: Total time for which application threads were stopped: 0.0001342 seconds, Stopping threads took: 0.0000411 seconds
2016-03-11T16:11:21.836+0000: 8.022: Total time for which application threads were stopped: 0.0000940 seconds, Stopping threads took: 0.0000324 seconds
2016-03-11T16:11:21.836+0000: 8.023: Total time for which application threads were stopped: 0.0000798 seconds, Stopping threads took: 0.0000197 seconds
2016-03-11T16:11:21.836+0000: 8.023: Total time for which application threads were stopped: 0.0000829 seconds, Stopping threads took: 0.0000205 seconds
2016-03-11T16:11:21.852+0000: 8.039: Total time for which application threads were stopped: 0.0002614 seconds, Stopping threads took: 0.0001729 seconds
2016-03-11T16:11:21.886+0000: 8.073: Total time for which application threads were stopped: 0.0021818 seconds, Stopping threads took: 0.0020404 seconds
2016-03-11T16:11:21.933+0000: 8.120: Total time for which application threads were stopped: 0.0001958 seconds, Stopping threads took: 0.0000474 seconds
2016-03-11T16:11:21.933+0000: 8.120: Total time for which application threads were stopped: 0.0000948 seconds, Stopping threads took: 0.0000355 seconds
2016-03-11T16:11:21.933+0000: 8.120: Total time for which application threads were stopped: 0.0000995 seconds, Stopping threads took: 0.0000355 seconds
2016-03-11T16:11:21.968+0000: 8.155: Total time for which application threads were stopped: 0.0118856 seconds, Stopping threads took: 0.0117490 seconds
2016-03-11T16:11:21.973+0000: 8.160: Total time for which application threads were stopped: 0.0002519 seconds, Stopping threads took: 0.0001469 seconds
2016-03-11T16:11:21.992+0000: 8.179: Total time for which application threads were stopped: 0.0002906 seconds, Stopping threads took: 0.0001279 seconds
2016-03-11T16:11:21.992+0000: 8.179: Total time for which application threads were stopped: 0.0000876 seconds, Stopping threads took: 0.0000292 seconds
2016-03-11T16:11:21.993+0000: 8.180: Total time for which application threads were stopped: 0.0006033 seconds, Stopping threads took: 0.0005251 seconds
2016-03-11T16:11:22.106+0000: 8.293: Total time for which application threads were stopped: 0.0001745 seconds, Stopping threads took: 0.0000521 seconds
2016-03-11T16:11:22.172+0000: 8.359: Total time for which application threads were stopped: 0.0178505 seconds, Stopping threads took: 0.0176681 seconds
2016-03-11T16:11:22.201+0000: 8.388: Total time for which application threads were stopped: 0.0001619 seconds, Stopping threads took: 0.0000490 seconds
2016-03-11T16:11:22.234+0000: 8.421: Total time for which application threads were stopped: 0.0173451 seconds, Stopping threads took: 0.0171730 seconds
2016-03-11T16:11:22.236+0000: 8.423: Total time for which application threads were stopped: 0.0001453 seconds, Stopping threads took: 0.0000576 seconds
2016-03-11T16:11:22.236+0000: 8.423: Total time for which application threads were stopped: 0.0000940 seconds, Stopping threads took: 0.0000205 seconds
2016-03-11T16:11:22.242+0000: 8.429: Total time for which application threads were stopped: 0.0001627 seconds, Stopping threads took: 0.0000608 seconds
2016-03-11T16:11:22.242+0000: 8.429: Total time for which application threads were stopped: 0.0003522 seconds, Stopping threads took: 0.0000347 seconds
2016-03-11T16:11:22.243+0000: 8.430: Total time for which application threads were stopped: 0.0003182 seconds, Stopping threads took: 0.0000268 seconds
2016-03-11T16:11:22.264+0000: 8.451: Total time for which application threads were stopped: 0.0001721 seconds, Stopping threads took: 0.0000632 seconds
2016-03-11T16:11:22.269+0000: 8.456: Total time for which application threads were stopped: 0.0001650 seconds, Stopping threads took: 0.0000624 seconds
2016-03-11T16:11:22.317+0000: 8.504: Total time for which application threads were stopped: 0.0324967 seconds, Stopping threads took: 0.0323443 seconds
2016-03-11T16:11:22.510+0000: 8.697: Total time for which application threads were stopped: 0.0002685 seconds, Stopping threads took: 0.0000497 seconds
2016-03-11T16:11:22.532+0000: 8.719: Total time for which application threads were stopped: 0.0005385 seconds, Stopping threads took: 0.0004217 seconds
2016-03-11T16:11:22.553+0000: 8.740: Total time for which application threads were stopped: 0.0004169 seconds, Stopping threads took: 0.0002827 seconds
2016-03-11T16:11:22.559+0000: 8.746: Total time for which application threads were stopped: 0.0016606 seconds, Stopping threads took: 0.0015437 seconds
2016-03-11T16:11:22.560+0000: 8.747: Total time for which application threads were stopped: 0.0001153 seconds, Stopping threads took: 0.0000395 seconds
2016-03-11T16:11:22.633+0000: 8.820: Total time for which application threads were stopped: 0.0001682 seconds, Stopping threads took: 0.0000576 seconds
2016-03-11T16:11:22.684+0000: 8.870: Total time for which application threads were stopped: 0.0003340 seconds, Stopping threads took: 0.0002037 seconds
2016-03-11T16:11:22.692+0000: 8.879: Total time for which application threads were stopped: 0.0001903 seconds, Stopping threads took: 0.0000584 seconds
2016-03-11T16:11:22.694+0000: 8.881: Total time for which application threads were stopped: 0.0010265 seconds, Stopping threads took: 0.0009215 seconds
2016-03-11T16:11:22.712+0000: 8.899: Total time for which application threads were stopped: 0.0039016 seconds, Stopping threads took: 0.0036884 seconds
2016-03-11T16:11:22.733+0000: 8.920: Total time for which application threads were stopped: 0.0002922 seconds, Stopping threads took: 0.0000592 seconds
2016-03-11T16:11:22.761+0000: 8.948: Total time for which application threads were stopped: 0.0002645 seconds, Stopping threads took: 0.0000813 seconds
2016-03-11T16:11:22.769+0000: 8.956: Total time for which application threads were stopped: 0.0002053 seconds, Stopping threads took: 0.0000703 seconds
2016-03-11T16:11:22.777+0000: 8.964: Total time for which application threads were stopped: 0.0014221 seconds, Stopping threads took: 0.0012824 seconds
2016-03-11T16:11:22.804+0000: 8.991: Total time for which application threads were stopped: 0.0023839 seconds, Stopping threads took: 0.0021944 seconds
2016-03-11T16:11:22.814+0000: 9.001: Total time for which application threads were stopped: 0.0002606 seconds, Stopping threads took: 0.0001303 seconds
2016-03-11T16:11:22.816+0000: 9.003: Total time for which application threads were stopped: 0.0002029 seconds, Stopping threads took: 0.0000497 seconds
2016-03-11T16:11:22.825+0000: 9.012: Total time for which application threads were stopped: 0.0001864 seconds, Stopping threads took: 0.0000466 seconds
2016-03-11T16:11:22.826+0000: 9.013: Total time for which application threads were stopped: 0.0001587 seconds, Stopping threads took: 0.0000229 seconds
2016-03-11T16:11:22.828+0000: 9.014: Total time for which application threads were stopped: 0.0001358 seconds, Stopping threads took: 0.0000411 seconds
2016-03-11T16:11:22.829+0000: 9.016: Total time for which application threads were stopped: 0.0001232 seconds, Stopping threads took: 0.0000371 seconds
2016-03-11T16:11:22.829+0000: 9.016: Total time for which application threads were stopped: 0.0000726 seconds, Stopping threads took: 0.0000197 seconds
2016-03-11T16:11:22.830+0000: 9.017: Total time for which application threads were stopped: 0.0001050 seconds, Stopping threads took: 0.0000300 seconds
2016-03-11T16:11:22.842+0000: 9.029: Total time for which application threads were stopped: 0.0003996 seconds, Stopping threads took: 0.0000632 seconds
2016-03-11T16:11:22.844+0000: 9.031: Total time for which application threads were stopped: 0.0011086 seconds, Stopping threads took: 0.0008252 seconds
2016-03-11T16:11:22.850+0000: 9.037: Total time for which application threads were stopped: 0.0004469 seconds, Stopping threads took: 0.0000608 seconds
2016-03-11T16:11:22.878+0000: 9.065: Total time for which application threads were stopped: 0.0001627 seconds, Stopping threads took: 0.0000561 seconds
2016-03-11T16:11:23.048+0000: 9.235: Total time for which application threads were stopped: 0.0038226 seconds, Stopping threads took: 0.0036931 seconds
2016-03-11T16:11:23.050+0000: 9.237: Total time for which application threads were stopped: 0.0001745 seconds, Stopping threads took: 0.0000711 seconds
2016-03-11T16:11:23.080+0000: 9.267: Total time for which application threads were stopped: 0.0010076 seconds, Stopping threads took: 0.0009097 seconds
2016-03-11T16:11:23.086+0000: 9.273: Total time for which application threads were stopped: 0.0013827 seconds, Stopping threads took: 0.0012476 seconds
2016-03-11T16:11:23.175+0000: 9.362: Total time for which application threads were stopped: 0.0369463 seconds, Stopping threads took: 0.0364504 seconds
{Heap before GC invocations=2 (full 0):
 par new generation   total 109248K, used 99603K [0x00000000e0000000, 0x00000000e8000000, 0x00000000e8000000)
  eden space 87424K, 100% used [0x00000000e0000000, 0x00000000e5560000, 0x00000000e5560000)
  from space 21824K,  55% used [0x00000000e5560000, 0x00000000e6144d80, 0x00000000e6ab0000)
  to   space 21824K,   0% used [0x00000000e6ab0000, 0x00000000e6ab0000, 0x00000000e8000000)
 concurrent mark-sweep generation total 393216K, used 0K [0x00000000e8000000, 0x0000000100000000, 0x0000000100000000)
 Metaspace       used 22201K, capacity 22458K, committed 22624K, reserved 1069056K
  class space    used 2654K, capacity 2777K, committed 2816K, reserved 1048576K
2016-03-11T16:11:23.222+0000: 9.409: [GC (Allocation Failure) 2016-03-11T16:11:23.222+0000: 9.409: [ParNew
Desired survivor size 20112992 bytes, new threshold 8 (max 8)
- age   1:    2817216 bytes,    2817216 total
- age   2:    2408824 bytes,    5226040 total
- age   3:    2549712 bytes,    7775752 total
: 99603K->13023K(109248K), 0.0512892 secs] 99603K->13023K(502464K), 0.0514566 secs] [Times: user=0.06 sys=0.00, real=0.05 secs] 
Heap after GC invocations=3 (full 0):
 par new generation   total 109248K, used 13023K [0x00000000e0000000, 0x00000000e8000000, 0x00000000e8000000)
  eden space 87424K,   0% used [0x00000000e0000000, 0x00000000e0000000, 0x00000000e5560000)
  from space 21824K,  59% used [0x00000000e6ab0000, 0x00000000e7767f90, 0x00000000e8000000)
  to   space 21824K,   0% used [0x00000000e5560000, 0x00000000e5560000, 0x00000000e6ab0000)
 concurrent mark-sweep generation total 393216K, used 0K [0x00000000e8000000, 0x0000000100000000, 0x0000000100000000)
 Metaspace       used 22201K, capacity 22458K, committed 22624K, reserved 1069056K
  class space    used 2654K, capacity 2777K, committed 2816K, reserved 1048576K
}
2016-03-11T16:11:23.273+0000: 9.460: Total time for which application threads were stopped: 0.0529072 seconds, Stopping threads took: 0.0010202 seconds
2016-03-11T16:11:23.275+0000: 9.462: [GC (CMS Initial Mark) [1 CMS-initial-mark: 0K(393216K)] 13039K(502464K), 0.0103340 secs] [Times: user=0.03 sys=0.00, real=0.01 secs] 
2016-03-11T16:11:23.285+0000: 9.472: Total time for which application threads were stopped: 0.0108070 seconds, Stopping threads took: 0.0001129 seconds
2016-03-11T16:11:23.285+0000: 9.472: [CMS-concurrent-mark-start]
2016-03-11T16:11:23.286+0000: 9.473: [CMS-concurrent-mark: 0.001/0.001 secs] [Times: user=0.00 sys=0.00, real=0.00 secs] 
2016-03-11T16:11:23.286+0000: 9.473: [CMS-concurrent-preclean-start]
2016-03-11T16:11:23.289+0000: 9.476: [CMS-concurrent-preclean: 0.003/0.003 secs] [Times: user=0.00 sys=0.00, real=0.00 secs] 
2016-03-11T16:11:23.364+0000: 9.552: Total time for which application threads were stopped: 0.0149865 seconds, Stopping threads took: 0.0147694 seconds
2016-03-11T16:11:23.371+0000: 9.558: [GC (CMS Final Remark) [YG occupancy: 20927 K (109248 K)]{Heap before GC invocations=3 (full 1):
 par new generation   total 109248K, used 20927K [0x00000000e0000000, 0x00000000e8000000, 0x00000000e8000000)
  eden space 87424K,   9% used [0x00000000e0000000, 0x00000000e07b8038, 0x00000000e5560000)
  from space 21824K,  59% used [0x00000000e6ab0000, 0x00000000e7767f90, 0x00000000e8000000)
  to   space 21824K,   0% used [0x00000000e5560000, 0x00000000e5560000, 0x00000000e6ab0000)
 concurrent mark-sweep generation total 393216K, used 0K [0x00000000e8000000, 0x0000000100000000, 0x0000000100000000)
 Metaspace       used 22225K, capacity 22522K, committed 22880K, reserved 1069056K
  class space    used 2656K, capacity 2777K, committed 2816K, reserved 1048576K
2016-03-11T16:11:23.371+0000: 9.558: [GC (CMS Final Remark) 2016-03-11T16:11:23.371+0000: 9.558: [ParNew
Desired survivor size 20112992 bytes, new threshold 8 (max 8)
- age   1:     171984 bytes,     171984 total
- age   2:    2189704 bytes,    2361688 total
- age   3:    2408800 bytes,    4770488 total
- age   4:    2549712 bytes,    7320200 total
: 20927K->8138K(109248K), 0.0329389 secs] 20927K->8138K(502464K), 0.0330534 secs] [Times: user=0.05 sys=0.00, real=0.03 secs] 
Heap after GC invocations=4 (full 1):
 par new generation   total 109248K, used 8138K [0x00000000e0000000, 0x00000000e8000000, 0x00000000e8000000)
  eden space 87424K,   0% used [0x00000000e0000000, 0x00000000e0000000, 0x00000000e5560000)
  from space 21824K,  37% used [0x00000000e5560000, 0x00000000e5d52800, 0x00000000e6ab0000)
  to   space 21824K,   0% used [0x00000000e6ab0000, 0x00000000e6ab0000, 0x00000000e8000000)
 concurrent mark-sweep generation total 393216K, used 0K [0x00000000e8000000, 0x0000000100000000, 0x0000000100000000)
 Metaspace       used 22225K, capacity 22522K, committed 22880K, reserved 1069056K
  class space    used 2656K, capacity 2777K, committed 2816K, reserved 1048576K
}
2016-03-11T16:11:23.404+0000: 9.591: [Rescan (parallel) , 0.0107967 secs]2016-03-11T16:11:23.415+0000: 9.602: [weak refs processing, 0.0023507 secs]2016-03-11T16:11:23.418+0000: 9.605: [class unloading, 0.0075852 secs]2016-03-11T16:11:23.425+0000: 9.612: [scrub symbol table, 0.0130211 secs]2016-03-11T16:11:23.438+0000: 9.625: [scrub string table, 0.0007217 secs][1 CMS-remark: 0K(393216K)] 8138K(502464K), 0.0694580 secs] [Times: user=0.09 sys=0.00, real=0.07 secs] 
2016-03-11T16:11:23.441+0000: 9.628: Total time for which application threads were stopped: 0.0696957 seconds, Stopping threads took: 0.0000474 seconds
2016-03-11T16:11:23.474+0000: 9.661: [CMS-concurrent-sweep-start]
2016-03-11T16:11:23.474+0000: 9.661: [CMS-concurrent-sweep: 0.000/0.000 secs] [Times: user=0.00 sys=0.00, real=0.00 secs] 
2016-03-11T16:11:23.474+0000: 9.661: [CMS-concurrent-reset-start]
2016-03-11T16:11:23.479+0000: 9.666: [CMS-concurrent-reset: 0.005/0.005 secs] [Times: user=0.00 sys=0.00, real=0.01 secs] 
2016-03-11T16:11:23.483+0000: 9.670: Total time for which application threads were stopped: 0.0002093 seconds, Stopping threads took: 0.0000616 seconds
2016-03-11T16:11:23.529+0000: 9.716: Total time for which application threads were stopped: 0.0006514 seconds, Stopping threads took: 0.0005109 seconds
2016-03-11T16:11:23.533+0000: 9.720: Total time for which application threads were stopped: 0.0031301 seconds, Stopping threads took: 0.0029793 seconds
2016-03-11T16:11:23.814+0000: 10.001: Total time for which application threads were stopped: 0.0018446 seconds, Stopping threads took: 0.0016867 seconds
2016-03-11T16:11:23.845+0000: 10.032: Total time for which application threads were stopped: 0.0002637 seconds, Stopping threads took: 0.0001066 seconds
2016-03-11T16:11:23.850+0000: 10.037: Total time for which application threads were stopped: 0.0002006 seconds, Stopping threads took: 0.0000458 seconds
2016-03-11T16:11:23.850+0000: 10.037: Total time for which application threads were stopped: 0.0001137 seconds, Stopping threads took: 0.0000221 seconds
2016-03-11T16:11:23.852+0000: 10.039: Total time for which application threads were stopped: 0.0011284 seconds, Stopping threads took: 0.0000821 seconds
2016-03-11T16:11:23.940+0000: 10.127: Total time for which application threads were stopped: 0.0009697 seconds, Stopping threads took: 0.0007652 seconds
2016-03-11T16:11:24.299+0000: 10.486: Total time for which application threads were stopped: 0.0001998 seconds, Stopping threads took: 0.0000545 seconds
2016-03-11T16:11:24.339+0000: 10.527: Total time for which application threads were stopped: 0.0008725 seconds, Stopping threads took: 0.0007233 seconds
2016-03-11T16:11:24.348+0000: 10.535: Total time for which application threads were stopped: 0.0001832 seconds, Stopping threads took: 0.0000521 seconds
2016-03-11T16:11:24.351+0000: 10.538: Total time for which application threads were stopped: 0.0001745 seconds, Stopping threads took: 0.0000545 seconds
2016-03-11T16:11:24.380+0000: 10.567: Total time for which application threads were stopped: 0.0006278 seconds, Stopping threads took: 0.0001485 seconds
2016-03-11T16:11:24.693+0000: 10.880: Total time for which application threads were stopped: 0.0002195 seconds, Stopping threads took: 0.0000474 seconds
2016-03-11T16:11:24.738+0000: 10.925: Total time for which application threads were stopped: 0.0242197 seconds, Stopping threads took: 0.0240800 seconds
2016-03-11T16:11:24.772+0000: 10.959: Total time for which application threads were stopped: 0.0004446 seconds, Stopping threads took: 0.0003253 seconds
2016-03-11T16:11:24.800+0000: 10.987: Total time for which application threads were stopped: 0.0002006 seconds, Stopping threads took: 0.0000561 seconds
2016-03-11T16:11:24.800+0000: 10.987: Total time for which application threads were stopped: 0.0003356 seconds, Stopping threads took: 0.0000276 seconds
2016-03-11T16:11:24.821+0000: 11.008: Total time for which application threads were stopped: 0.0002037 seconds, Stopping threads took: 0.0000576 seconds
2016-03-11T16:11:24.821+0000: 11.009: Total time for which application threads were stopped: 0.0001619 seconds, Stopping threads took: 0.0000600 seconds
2016-03-11T16:11:24.823+0000: 11.010: Total time for which application threads were stopped: 0.0002843 seconds, Stopping threads took: 0.0000987 seconds
2016-03-11T16:11:24.823+0000: 11.011: Total time for which application threads were stopped: 0.0001177 seconds, Stopping threads took: 0.0000316 seconds
2016-03-11T16:11:24.824+0000: 11.011: Total time for which application threads were stopped: 0.0001129 seconds, Stopping threads took: 0.0000308 seconds
2016-03-11T16:11:24.826+0000: 11.013: Total time for which application threads were stopped: 0.0001808 seconds, Stopping threads took: 0.0000466 seconds
2016-03-11T16:11:24.826+0000: 11.013: Total time for which application threads were stopped: 0.0001184 seconds, Stopping threads took: 0.0000300 seconds
2016-03-11T16:11:24.826+0000: 11.013: Total time for which application threads were stopped: 0.0001145 seconds, Stopping threads took: 0.0000292 seconds
2016-03-11T16:11:24.826+0000: 11.014: Total time for which application threads were stopped: 0.0001200 seconds, Stopping threads took: 0.0000292 seconds
2016-03-11T16:11:24.827+0000: 11.014: Total time for which application threads were stopped: 0.0001137 seconds, Stopping threads took: 0.0000284 seconds
2016-03-11T16:11:24.827+0000: 11.014: Total time for which application threads were stopped: 0.0001745 seconds, Stopping threads took: 0.0000900 seconds
2016-03-11T16:11:24.827+0000: 11.014: Total time for which application threads were stopped: 0.0001303 seconds, Stopping threads took: 0.0000403 seconds
2016-03-11T16:11:24.827+0000: 11.014: Total time for which application threads were stopped: 0.0001224 seconds, Stopping threads took: 0.0000371 seconds
2016-03-11T16:11:24.965+0000: 11.152: Total time for which application threads were stopped: 0.0001437 seconds, Stopping threads took: 0.0000505 seconds
2016-03-11T16:11:25.076+0000: 11.263: Total time for which application threads were stopped: 0.0012713 seconds, Stopping threads took: 0.0011015 seconds
2016-03-11T16:11:25.233+0000: 11.421: Total time for which application threads were stopped: 0.0001595 seconds, Stopping threads took: 0.0000513 seconds
2016-03-11T16:11:25.558+0000: 11.746: Total time for which application threads were stopped: 0.0002669 seconds, Stopping threads took: 0.0000592 seconds
{Heap before GC invocations=4 (full 1):
 par new generation   total 109248K, used 95562K [0x00000000e0000000, 0x00000000e8000000, 0x00000000e8000000)
  eden space 87424K, 100% used [0x00000000e0000000, 0x00000000e5560000, 0x00000000e5560000)
  from space 21824K,  37% used [0x00000000e5560000, 0x00000000e5d52800, 0x00000000e6ab0000)
  to   space 21824K,   0% used [0x00000000e6ab0000, 0x00000000e6ab0000, 0x00000000e8000000)
 concurrent mark-sweep generation total 393216K, used 0K [0x00000000e8000000, 0x0000000100000000, 0x0000000100000000)
 Metaspace       used 25263K, capacity 25596K, committed 25984K, reserved 1073152K
  class space    used 3020K, capacity 3138K, committed 3200K, reserved 1048576K
2016-03-11T16:11:25.597+0000: 11.784: [GC (Allocation Failure) 2016-03-11T16:11:25.597+0000: 11.784: [ParNew
Desired survivor size 20112992 bytes, new threshold 8 (max 8)
- age   1:    3176632 bytes,    3176632 total
- age   2:      25080 bytes,    3201712 total
- age   3:     765912 bytes,    3967624 total
- age   4:    2397480 bytes,    6365104 total
- age   5:    2549616 bytes,    8914720 total
: 95562K->12757K(109248K), 0.0392883 secs] 95562K->12757K(502464K), 0.0394368 secs] [Times: user=0.09 sys=0.00, real=0.04 secs] 
Heap after GC invocations=5 (full 1):
 par new generation   total 109248K, used 12757K [0x00000000e0000000, 0x00000000e8000000, 0x00000000e8000000)
  eden space 87424K,   0% used [0x00000000e0000000, 0x00000000e0000000, 0x00000000e5560000)
  from space 21824K,  58% used [0x00000000e6ab0000, 0x00000000e7725540, 0x00000000e8000000)
  to   space 21824K,   0% used [0x00000000e5560000, 0x00000000e5560000, 0x00000000e6ab0000)
 concurrent mark-sweep generation total 393216K, used 0K [0x00000000e8000000, 0x0000000100000000, 0x0000000100000000)
 Metaspace       used 25263K, capacity 25596K, committed 25984K, reserved 1073152K
  class space    used 3020K, capacity 3138K, committed 3200K, reserved 1048576K
}
2016-03-11T16:11:25.636+0000: 11.824: Total time for which application threads were stopped: 0.0398798 seconds, Stopping threads took: 0.0000490 seconds
2016-03-11T16:11:25.662+0000: 11.849: Total time for which application threads were stopped: 0.0002171 seconds, Stopping threads took: 0.0000932 seconds
2016-03-11T16:11:25.836+0000: 12.023: Total time for which application threads were stopped: 0.0001658 seconds, Stopping threads took: 0.0000655 seconds
2016-03-11T16:11:25.836+0000: 12.023: Total time for which application threads were stopped: 0.0000750 seconds, Stopping threads took: 0.0000276 seconds
2016-03-11T16:11:26.021+0000: 12.208: Total time for which application threads were stopped: 0.0001437 seconds, Stopping threads took: 0.0000497 seconds
2016-03-11T16:11:26.023+0000: 12.210: Total time for which application threads were stopped: 0.0001240 seconds, Stopping threads took: 0.0000482 seconds
2016-03-11T16:11:26.068+0000: 12.255: Total time for which application threads were stopped: 0.0001737 seconds, Stopping threads took: 0.0000537 seconds
2016-03-11T16:11:26.072+0000: 12.259: Total time for which application threads were stopped: 0.0001887 seconds, Stopping threads took: 0.0000482 seconds
2016-03-11T16:11:26.088+0000: 12.275: Total time for which application threads were stopped: 0.0001406 seconds, Stopping threads took: 0.0000505 seconds
2016-03-11T16:11:26.225+0000: 12.413: Total time for which application threads were stopped: 0.0001729 seconds, Stopping threads took: 0.0000584 seconds
2016-03-11T16:11:26.226+0000: 12.413: Total time for which application threads were stopped: 0.0000979 seconds, Stopping threads took: 0.0000284 seconds
2016-03-11T16:11:26.226+0000: 12.413: Total time for which application threads were stopped: 0.0000932 seconds, Stopping threads took: 0.0000261 seconds
2016-03-11T16:11:26.226+0000: 12.413: Total time for which application threads were stopped: 0.0000995 seconds, Stopping threads took: 0.0000276 seconds
2016-03-11T16:11:26.241+0000: 12.428: Total time for which application threads were stopped: 0.0003964 seconds, Stopping threads took: 0.0003238 seconds
2016-03-11T16:11:26.243+0000: 12.430: Total time for which application threads were stopped: 0.0001098 seconds, Stopping threads took: 0.0000419 seconds
2016-03-11T16:11:28.699+0000: 14.887: Total time for which application threads were stopped: 0.0001627 seconds, Stopping threads took: 0.0000600 seconds
2016-03-11T16:11:28.701+0000: 14.888: Total time for which application threads were stopped: 0.0001263 seconds, Stopping threads took: 0.0000324 seconds
2016-03-11T16:11:29.701+0000: 15.888: Total time for which application threads were stopped: 0.0001579 seconds, Stopping threads took: 0.0000482 seconds
2016-03-11T16:11:30.289+0000: 16.476: Total time for which application threads were stopped: 0.0001461 seconds, Stopping threads took: 0.0000576 seconds
2016-03-11T16:11:30.304+0000: 16.492: Total time for which application threads were stopped: 0.0005425 seconds, Stopping threads took: 0.0003174 seconds
2016-03-11T16:11:30.315+0000: 16.502: Total time for which application threads were stopped: 0.0001943 seconds, Stopping threads took: 0.0000584 seconds
2016-03-11T16:11:30.328+0000: 16.515: Total time for which application threads were stopped: 0.0001413 seconds, Stopping threads took: 0.0000505 seconds
2016-03-11T16:11:30.358+0000: 16.545: Total time for which application threads were stopped: 0.0003166 seconds, Stopping threads took: 0.0001334 seconds
2016-03-11T16:11:30.358+0000: 16.546: Total time for which application threads were stopped: 0.0000924 seconds, Stopping threads took: 0.0000332 seconds
2016-03-11T16:11:30.358+0000: 16.546: Total time for which application threads were stopped: 0.0000900 seconds, Stopping threads took: 0.0000316 seconds
2016-03-11T16:11:30.359+0000: 16.546: Total time for which application threads were stopped: 0.0000845 seconds, Stopping threads took: 0.0000292 seconds
2016-03-11T16:11:30.359+0000: 16.546: Total time for which application threads were stopped: 0.0000845 seconds, Stopping threads took: 0.0000292 seconds
2016-03-11T16:11:30.360+0000: 16.547: Total time for which application threads were stopped: 0.0001232 seconds, Stopping threads took: 0.0000450 seconds
2016-03-11T16:11:30.362+0000: 16.549: Total time for which application threads were stopped: 0.0019283 seconds, Stopping threads took: 0.0000276 seconds
2016-03-11T16:11:31.364+0000: 17.551: Total time for which application threads were stopped: 0.0001816 seconds, Stopping threads took: 0.0000576 seconds
2016-03-11T16:11:42.384+0000: 28.570: Total time for which application threads were stopped: 0.0001350 seconds, Stopping threads took: 0.0000466 seconds
2016-03-11T16:11:44.398+0000: 30.584: Total time for which application threads were stopped: 0.0001532 seconds, Stopping threads took: 0.0000648 seconds
2016-03-11T16:12:00.308+0000: 46.495: Total time for which application threads were stopped: 0.0003790 seconds, Stopping threads took: 0.0002795 seconds
2016-03-11T16:12:00.311+0000: 46.498: Total time for which application threads were stopped: 0.0001800 seconds, Stopping threads took: 0.0000584 seconds
2016-03-11T16:12:00.313+0000: 46.500: Total time for which application threads were stopped: 0.0001777 seconds, Stopping threads took: 0.0000821 seconds
2016-03-11T16:12:00.314+0000: 46.501: Total time for which application threads were stopped: 0.0001011 seconds, Stopping threads took: 0.0000379 seconds
2016-03-11T16:12:00.314+0000: 46.501: Total time for which application threads were stopped: 0.0000940 seconds, Stopping threads took: 0.0000332 seconds
2016-03-11T16:12:00.315+0000: 46.502: Total time for which application threads were stopped: 0.0007241 seconds, Stopping threads took: 0.0002772 seconds
2016-03-11T16:12:00.333+0000: 46.520: Total time for which application threads were stopped: 0.0006207 seconds, Stopping threads took: 0.0000513 seconds
2016-03-11T16:12:00.346+0000: 46.532: Total time for which application threads were stopped: 0.0001650 seconds, Stopping threads took: 0.0000584 seconds
2016-03-11T16:12:00.346+0000: 46.533: Total time for which application threads were stopped: 0.0000908 seconds, Stopping threads took: 0.0000292 seconds
2016-03-11T16:12:00.346+0000: 46.533: Total time for which application threads were stopped: 0.0000908 seconds, Stopping threads took: 0.0000284 seconds
2016-03-11T16:12:00.346+0000: 46.533: Total time for which application threads were stopped: 0.0000987 seconds, Stopping threads took: 0.0000340 seconds
2016-03-11T16:12:00.427+0000: 46.613: Total time for which application threads were stopped: 0.0001303 seconds, Stopping threads took: 0.0000466 seconds
2016-03-11T16:12:00.427+0000: 46.614: Total time for which application threads were stopped: 0.0000766 seconds, Stopping threads took: 0.0000268 seconds
2016-03-11T16:12:00.427+0000: 46.614: Total time for which application threads were stopped: 0.0000774 seconds, Stopping threads took: 0.0000300 seconds
2016-03-11T16:12:00.428+0000: 46.614: Total time for which application threads were stopped: 0.0000782 seconds, Stopping threads took: 0.0000300 seconds
2016-03-11T16:12:01.933+0000: 48.120: Total time for which application threads were stopped: 0.0001524 seconds, Stopping threads took: 0.0000608 seconds
2016-03-11T16:12:01.934+0000: 48.121: Total time for which application threads were stopped: 0.0001216 seconds, Stopping threads took: 0.0000426 seconds
2016-03-11T16:12:01.994+0000: 48.181: Total time for which application threads were stopped: 0.0010660 seconds, Stopping threads took: 0.0009547 seconds
2016-03-11T16:12:01.994+0000: 48.181: Total time for which application threads were stopped: 0.0000853 seconds, Stopping threads took: 0.0000379 seconds
2016-03-11T16:12:01.997+0000: 48.184: Total time for which application threads were stopped: 0.0001650 seconds, Stopping threads took: 0.0000774 seconds
2016-03-11T16:12:02.046+0000: 48.233: Total time for which application threads were stopped: 0.0001477 seconds, Stopping threads took: 0.0000505 seconds
2016-03-11T16:12:02.146+0000: 48.332: Total time for which application threads were stopped: 0.0001413 seconds, Stopping threads took: 0.0000403 seconds
2016-03-11T16:12:02.146+0000: 48.333: Total time for which application threads were stopped: 0.0000829 seconds, Stopping threads took: 0.0000292 seconds
2016-03-11T16:12:02.218+0000: 48.405: Total time for which application threads were stopped: 0.0001208 seconds, Stopping threads took: 0.0000411 seconds
2016-03-11T16:12:02.218+0000: 48.405: Total time for which application threads were stopped: 0.0000987 seconds, Stopping threads took: 0.0000347 seconds
2016-03-11T16:12:02.253+0000: 48.440: Total time for which application threads were stopped: 0.0001303 seconds, Stopping threads took: 0.0000450 seconds
2016-03-11T16:12:02.253+0000: 48.440: Total time for which application threads were stopped: 0.0000750 seconds, Stopping threads took: 0.0000237 seconds
2016-03-11T16:12:02.255+0000: 48.442: Total time for which application threads were stopped: 0.0001098 seconds, Stopping threads took: 0.0000355 seconds
2016-03-11T16:12:02.304+0000: 48.490: Total time for which application threads were stopped: 0.0001540 seconds, Stopping threads took: 0.0000466 seconds
2016-03-11T16:12:12.318+0000: 58.504: Total time for which application threads were stopped: 0.0001579 seconds, Stopping threads took: 0.0000505 seconds
2016-03-11T16:12:14.324+0000: 60.510: Total time for which application threads were stopped: 0.0001319 seconds, Stopping threads took: 0.0000482 seconds
2016-03-11T16:12:21.339+0000: 67.525: Total time for which application threads were stopped: 0.0001650 seconds, Stopping threads took: 0.0000561 seconds
2016-03-11T16:12:21.343+0000: 67.530: Total time for which application threads were stopped: 0.0001477 seconds, Stopping threads took: 0.0000529 seconds
2016-03-11T16:12:22.347+0000: 68.537: Total time for which application threads were stopped: 0.0001319 seconds, Stopping threads took: 0.0000490 seconds
2016-03-11T16:23:43.600+0000: 749.810: Total time for which application threads were stopped: 0.0002156 seconds, Stopping threads took: 0.0000537 seconds
2016-03-11T16:23:43.607+0000: 749.816: Total time for which application threads were stopped: 0.0001690 seconds, Stopping threads took: 0.0000545 seconds
2016-03-11T16:23:44.368+0000: 750.578: Total time for which application threads were stopped: 0.0001492 seconds, Stopping threads took: 0.0000442 seconds
2016-03-11T16:23:44.749+0000: 750.958: Total time for which application threads were stopped: 0.0002724 seconds, Stopping threads took: 0.0000545 seconds
2016-03-11T16:23:44.749+0000: 750.959: Total time for which application threads were stopped: 0.0001177 seconds, Stopping threads took: 0.0000284 seconds
2016-03-11T16:23:44.749+0000: 750.959: Total time for which application threads were stopped: 0.0001090 seconds, Stopping threads took: 0.0000261 seconds
2016-03-11T16:23:44.749+0000: 750.959: Total time for which application threads were stopped: 0.0001098 seconds, Stopping threads took: 0.0000253 seconds
2016-03-11T16:23:45.749+0000: 751.959: Total time for which application threads were stopped: 0.0001919 seconds, Stopping threads took: 0.0000655 seconds
2016-03-11T16:25:25.904+0000: 852.116: Total time for which application threads were stopped: 0.0001737 seconds, Stopping threads took: 0.0000545 seconds
2016-03-11T16:30:45.626+0000: 1171.841: Total time for which application threads were stopped: 0.0002290 seconds, Stopping threads took: 0.0001098 seconds
2016-03-11T16:36:16.353+0000: 1502.581: Total time for which application threads were stopped: 0.0002156 seconds, Stopping threads took: 0.0000963 seconds
2016-03-11T16:39:06.948+0000: 1673.183: Total time for which application threads were stopped: 0.0001753 seconds, Stopping threads took: 0.0000505 seconds
2016-03-11T16:39:07.008+0000: 1673.238: Total time for which application threads were stopped: 0.0001461 seconds, Stopping threads took: 0.0000442 seconds
2016-03-11T16:39:08.008+0000: 1674.238: Total time for which application threads were stopped: 0.0002124 seconds, Stopping threads took: 0.0000584 seconds
2016-03-11T16:39:49.035+0000: 1715.265: Total time for which application threads were stopped: 0.0001682 seconds, Stopping threads took: 0.0000655 seconds
2016-03-11T16:39:49.341+0000: 1715.570: Total time for which application threads were stopped: 0.0002535 seconds, Stopping threads took: 0.0000537 seconds
2016-03-11T16:39:50.341+0000: 1716.571: Total time for which application threads were stopped: 0.0001871 seconds, Stopping threads took: 0.0000482 seconds
2016-03-11T16:39:51.261+0000: 1717.490: Total time for which application threads were stopped: 0.0001445 seconds, Stopping threads took: 0.0000419 seconds
2016-03-11T16:39:51.261+0000: 1717.497: Total time for which application threads were stopped: 0.0001469 seconds, Stopping threads took: 0.0000513 seconds
2016-03-11T16:39:51.271+0000: 1717.508: Total time for which application threads were stopped: 0.0001461 seconds, Stopping threads took: 0.0000466 seconds
2016-03-11T16:39:51.313+0000: 1717.543: Total time for which application threads were stopped: 0.0001658 seconds, Stopping threads took: 0.0000505 seconds
2016-03-11T16:39:51.382+0000: 1717.612: Total time for which application threads were stopped: 0.0001887 seconds, Stopping threads took: 0.0000632 seconds
2016-03-11T16:39:51.480+0000: 1717.710: Total time for which application threads were stopped: 0.0006617 seconds, Stopping threads took: 0.0000497 seconds
2016-03-11T16:39:51.481+0000: 1717.711: Total time for which application threads were stopped: 0.0001421 seconds, Stopping threads took: 0.0000482 seconds
2016-03-11T16:39:51.526+0000: 1717.756: Total time for which application threads were stopped: 0.0001721 seconds, Stopping threads took: 0.0000450 seconds
2016-03-11T16:39:51.527+0000: 1717.757: Total time for which application threads were stopped: 0.0001216 seconds, Stopping threads took: 0.0000340 seconds
2016-03-11T16:39:51.527+0000: 1717.757: Total time for which application threads were stopped: 0.0000979 seconds, Stopping threads took: 0.0000276 seconds
2016-03-11T16:39:51.528+0000: 1717.758: Total time for which application threads were stopped: 0.0001153 seconds, Stopping threads took: 0.0000300 seconds
2016-03-11T16:39:51.689+0000: 1717.919: Total time for which application threads were stopped: 0.0002171 seconds, Stopping threads took: 0.0000687 seconds
{Heap before GC invocations=5 (full 1):
 par new generation   total 109248K, used 100170K [0x00000000e0000000, 0x00000000e8000000, 0x00000000e8000000)
  eden space 87424K,  99% used [0x00000000e0000000, 0x00000000e555d438, 0x00000000e5560000)
  from space 21824K,  58% used [0x00000000e6ab0000, 0x00000000e7725540, 0x00000000e8000000)
  to   space 21824K,   0% used [0x00000000e5560000, 0x00000000e5560000, 0x00000000e6ab0000)
 concurrent mark-sweep generation total 393216K, used 0K [0x00000000e8000000, 0x0000000100000000, 0x0000000100000000)
 Metaspace       used 29706K, capacity 30102K, committed 30592K, reserved 1077248K
  class space    used 3522K, capacity 3661K, committed 3712K, reserved 1048576K
2016-03-11T16:39:51.857+0000: 1718.087: [GC (Allocation Failure) 2016-03-11T16:39:51.857+0000: 1718.087: [ParNew
Desired survivor size 20112992 bytes, new threshold 8 (max 8)
- age   1:    5716944 bytes,    5716944 total
- age   2:     902568 bytes,    6619512 total
- age   3:      25080 bytes,    6644592 total
- age   4:     676624 bytes,    7321216 total
- age   5:    2345464 bytes,    9666680 total
- age   6:    2545608 bytes,   12212288 total
: 100170K->14578K(109248K), 0.0493775 secs] 100170K->14578K(502464K), 0.0495434 secs] [Times: user=0.08 sys=0.00, real=0.05 secs] 
Heap after GC invocations=6 (full 1):
 par new generation   total 109248K, used 14578K [0x00000000e0000000, 0x00000000e8000000, 0x00000000e8000000)
  eden space 87424K,   0% used [0x00000000e0000000, 0x00000000e0000000, 0x00000000e5560000)
  from space 21824K,  66% used [0x00000000e5560000, 0x00000000e639c820, 0x00000000e6ab0000)
  to   space 21824K,   0% used [0x00000000e6ab0000, 0x00000000e6ab0000, 0x00000000e8000000)
 concurrent mark-sweep generation total 393216K, used 0K [0x00000000e8000000, 0x0000000100000000, 0x0000000100000000)
 Metaspace       used 29706K, capacity 30102K, committed 30592K, reserved 1077248K
  class space    used 3522K, capacity 3661K, committed 3712K, reserved 1048576K
}
2016-03-11T16:39:51.907+0000: 1718.137: Total time for which application threads were stopped: 0.0500456 seconds, Stopping threads took: 0.0000561 seconds
2016-03-11T16:39:51.912+0000: 1718.142: Total time for which application threads were stopped: 0.0015832 seconds, Stopping threads took: 0.0013653 seconds
2016-03-11T16:39:51.933+0000: 1718.163: Total time for which application threads were stopped: 0.0038021 seconds, Stopping threads took: 0.0036458 seconds
2016-03-11T16:39:52.260+0000: 1718.489: Total time for which application threads were stopped: 0.0001769 seconds, Stopping threads took: 0.0000632 seconds
{Heap before GC invocations=6 (full 1):
 par new generation   total 109248K, used 102002K [0x00000000e0000000, 0x00000000e8000000, 0x00000000e8000000)
  eden space 87424K, 100% used [0x00000000e0000000, 0x00000000e5560000, 0x00000000e5560000)
  from space 21824K,  66% used [0x00000000e5560000, 0x00000000e639c820, 0x00000000e6ab0000)
  to   space 21824K,   0% used [0x00000000e6ab0000, 0x00000000e6ab0000, 0x00000000e8000000)
 concurrent mark-sweep generation total 393216K, used 0K [0x00000000e8000000, 0x0000000100000000, 0x0000000100000000)
 Metaspace       used 29852K, capacity 30172K, committed 30592K, reserved 1077248K
  class space    used 3535K, capacity 3662K, committed 3712K, reserved 1048576K
2016-03-11T16:39:52.541+0000: 1718.770: [GC (Allocation Failure) 2016-03-11T16:39:52.541+0000: 1718.771: [ParNew
Desired survivor size 20112992 bytes, new threshold 8 (max 8)
- age   1:     246704 bytes,     246704 total
- age   2:    1750032 bytes,    1996736 total
- age   3:     858488 bytes,    2855224 total
- age   4:      25080 bytes,    2880304 total
- age   5:     662696 bytes,    3543000 total
- age   6:    2221952 bytes,    5764952 total
- age   7:    2244280 bytes,    8009232 total
: 102002K->15239K(109248K), 0.0404049 secs] 102002K->15239K(502464K), 0.0405676 secs] [Times: user=0.06 sys=0.00, real=0.04 secs] 
Heap after GC invocations=7 (full 1):
 par new generation   total 109248K, used 15239K [0x00000000e0000000, 0x00000000e8000000, 0x00000000e8000000)
  eden space 87424K,   0% used [0x00000000e0000000, 0x00000000e0000000, 0x00000000e5560000)
  from space 21824K,  69% used [0x00000000e6ab0000, 0x00000000e7991c70, 0x00000000e8000000)
  to   space 21824K,   0% used [0x00000000e5560000, 0x00000000e5560000, 0x00000000e6ab0000)
 concurrent mark-sweep generation total 393216K, used 0K [0x00000000e8000000, 0x0000000100000000, 0x0000000100000000)
 Metaspace       used 29852K, capacity 30172K, committed 30592K, reserved 1077248K
  class space    used 3535K, capacity 3662K, committed 3712K, reserved 1048576K
}
2016-03-11T16:39:52.581+0000: 1718.811: Total time for which application threads were stopped: 0.0410342 seconds, Stopping threads took: 0.0000529 seconds
2016-03-11T16:39:52.588+0000: 1718.817: Total time for which application threads were stopped: 0.0002914 seconds, Stopping threads took: 0.0001224 seconds
2016-03-11T16:39:53.513+0000: 1719.743: Total time for which application threads were stopped: 0.0002037 seconds, Stopping threads took: 0.0000521 seconds
2016-03-11T16:39:53.760+0000: 1719.990: Total time for which application threads were stopped: 0.0001848 seconds, Stopping threads took: 0.0000450 seconds
2016-03-11T16:39:53.785+0000: 1720.015: Total time for which application threads were stopped: 0.0008362 seconds, Stopping threads took: 0.0000624 seconds
2016-03-11T16:39:53.809+0000: 1720.039: Total time for which application threads were stopped: 0.0001508 seconds, Stopping threads took: 0.0000584 seconds
2016-03-11T16:39:53.825+0000: 1720.055: Total time for which application threads were stopped: 0.0001532 seconds, Stopping threads took: 0.0000561 seconds
2016-03-11T16:39:53.832+0000: 1720.062: Total time for which application threads were stopped: 0.0001461 seconds, Stopping threads took: 0.0000576 seconds
2016-03-11T16:39:53.899+0000: 1720.129: Total time for which application threads were stopped: 0.0074147 seconds, Stopping threads took: 0.0072860 seconds
2016-03-11T16:39:53.905+0000: 1720.135: Total time for which application threads were stopped: 0.0004319 seconds, Stopping threads took: 0.0003095 seconds
2016-03-11T16:39:53.919+0000: 1720.149: Total time for which application threads were stopped: 0.0003001 seconds, Stopping threads took: 0.0000592 seconds
2016-03-11T16:39:54.079+0000: 1720.318: Total time for which application threads were stopped: 0.0001611 seconds, Stopping threads took: 0.0000576 seconds
2016-03-11T16:39:54.090+0000: 1720.320: Total time for which application threads were stopped: 0.0001327 seconds, Stopping threads took: 0.0000458 seconds
2016-03-11T16:39:54.090+0000: 1720.320: Total time for which application threads were stopped: 0.0000853 seconds, Stopping threads took: 0.0000292 seconds
2016-03-11T16:39:54.090+0000: 1720.320: Total time for which application threads were stopped: 0.0000829 seconds, Stopping threads took: 0.0000276 seconds
2016-03-11T16:39:54.091+0000: 1720.321: Total time for which application threads were stopped: 0.0001366 seconds, Stopping threads took: 0.0000529 seconds
2016-03-11T16:39:54.123+0000: 1720.353: Total time for which application threads were stopped: 0.0001903 seconds, Stopping threads took: 0.0000561 seconds
2016-03-11T16:39:54.180+0000: 1720.410: Total time for which application threads were stopped: 0.0003238 seconds, Stopping threads took: 0.0000434 seconds
2016-03-11T16:39:54.207+0000: 1720.437: Total time for which application threads were stopped: 0.0002614 seconds, Stopping threads took: 0.0000837 seconds
2016-03-11T16:39:54.687+0000: 1720.917: Total time for which application threads were stopped: 0.0002400 seconds, Stopping threads took: 0.0000576 seconds
2016-03-11T16:39:54.764+0000: 1720.994: Total time for which application threads were stopped: 0.0002037 seconds, Stopping threads took: 0.0000624 seconds
2016-03-11T16:39:54.764+0000: 1720.994: Total time for which application threads were stopped: 0.0001366 seconds, Stopping threads took: 0.0000379 seconds
2016-03-11T16:39:54.792+0000: 1721.022: Total time for which application threads were stopped: 0.0001745 seconds, Stopping threads took: 0.0000576 seconds
2016-03-11T16:39:54.792+0000: 1721.023: Total time for which application threads were stopped: 0.0001263 seconds, Stopping threads took: 0.0000379 seconds
2016-03-11T16:39:55.456+0000: 1721.686: Total time for which application threads were stopped: 0.0001619 seconds, Stopping threads took: 0.0000458 seconds
2016-03-11T16:39:55.457+0000: 1721.687: Total time for which application threads were stopped: 0.0001192 seconds, Stopping threads took: 0.0000395 seconds
2016-03-11T16:39:56.457+0000: 1722.687: Total time for which application threads were stopped: 0.0001950 seconds, Stopping threads took: 0.0000908 seconds
2016-03-11T16:40:26.675+0000: 1752.911: Total time for which application threads were stopped: 0.0002195 seconds, Stopping threads took: 0.0000640 seconds
2016-03-11T16:40:26.681+0000: 1752.916: Total time for which application threads were stopped: 0.0002037 seconds, Stopping threads took: 0.0000600 seconds
2016-03-11T16:40:26.701+0000: 1752.936: Total time for which application threads were stopped: 0.0006049 seconds, Stopping threads took: 0.0004659 seconds
2016-03-11T16:40:26.739+0000: 1752.974: Total time for which application threads were stopped: 0.0001919 seconds, Stopping threads took: 0.0000529 seconds
2016-03-11T16:40:27.739+0000: 1753.974: Total time for which application threads were stopped: 0.0002187 seconds, Stopping threads took: 0.0000592 seconds
2016-03-11T16:40:28.381+0000: 1754.616: Total time for which application threads were stopped: 0.0002014 seconds, Stopping threads took: 0.0000616 seconds
2016-03-11T16:40:30.014+0000: 1756.250: Total time for which application threads were stopped: 0.0002266 seconds, Stopping threads took: 0.0001050 seconds
2016-03-11T16:40:36.305+0000: 1762.541: Total time for which application threads were stopped: 0.0001595 seconds, Stopping threads took: 0.0000411 seconds
2016-03-11T16:40:36.330+0000: 1762.566: Total time for which application threads were stopped: 0.0001563 seconds, Stopping threads took: 0.0000419 seconds
2016-03-11T16:40:36.332+0000: 1762.567: Total time for which application threads were stopped: 0.0001327 seconds, Stopping threads took: 0.0000490 seconds
2016-03-11T16:40:36.332+0000: 1762.568: Total time for which application threads were stopped: 0.0001034 seconds, Stopping threads took: 0.0000332 seconds
2016-03-11T16:40:36.332+0000: 1762.568: Total time for which application threads were stopped: 0.0000916 seconds, Stopping threads took: 0.0000276 seconds
2016-03-11T16:40:36.332+0000: 1762.568: Total time for which application threads were stopped: 0.0000908 seconds, Stopping threads took: 0.0000276 seconds
2016-03-11T16:40:36.346+0000: 1762.582: Total time for which application threads were stopped: 0.0001871 seconds, Stopping threads took: 0.0000482 seconds
2016-03-11T16:40:36.382+0000: 1762.617: Total time for which application threads were stopped: 0.0001650 seconds, Stopping threads took: 0.0000458 seconds
2016-03-11T16:40:36.382+0000: 1762.618: Total time for which application threads were stopped: 0.0000916 seconds, Stopping threads took: 0.0000213 seconds
2016-03-11T16:40:36.384+0000: 1762.620: Total time for which application threads were stopped: 0.0001413 seconds, Stopping threads took: 0.0000371 seconds
2016-03-11T16:40:37.384+0000: 1763.620: Total time for which application threads were stopped: 0.0001792 seconds, Stopping threads took: 0.0000466 seconds
2016-03-11T16:40:51.386+0000: 1777.622: Total time for which application threads were stopped: 0.0001966 seconds, Stopping threads took: 0.0000900 seconds
2016-03-11T16:40:51.387+0000: 1777.623: Total time for which application threads were stopped: 0.0000940 seconds, Stopping threads took: 0.0000237 seconds
2016-03-11T16:40:51.388+0000: 1777.623: Total time for which application threads were stopped: 0.0000916 seconds, Stopping threads took: 0.0000229 seconds
2016-03-11T16:40:51.388+0000: 1777.624: Total time for which application threads were stopped: 0.0000845 seconds, Stopping threads took: 0.0000205 seconds
2016-03-11T16:40:51.388+0000: 1777.624: Total time for which application threads were stopped: 0.0000853 seconds, Stopping threads took: 0.0000197 seconds
2016-03-11T16:40:52.388+0000: 1778.623: Total time for which application threads were stopped: 0.0001492 seconds, Stopping threads took: 0.0000482 seconds
2016-03-11T16:41:15.100+0000: 1801.338: Total time for which application threads were stopped: 0.0001990 seconds, Stopping threads took: 0.0000600 seconds
2016-03-11T16:41:15.113+0000: 1801.351: Total time for which application threads were stopped: 0.0032628 seconds, Stopping threads took: 0.0030938 seconds
2016-03-11T16:41:15.118+0000: 1801.356: Total time for which application threads were stopped: 0.0001721 seconds, Stopping threads took: 0.0000529 seconds
2016-03-11T16:41:15.166+0000: 1801.404: Total time for which application threads were stopped: 0.0002116 seconds, Stopping threads took: 0.0000584 seconds
2016-03-11T16:41:15.195+0000: 1801.433: Total time for which application threads were stopped: 0.0001785 seconds, Stopping threads took: 0.0000482 seconds
2016-03-11T16:41:15.204+0000: 1801.442: Total time for which application threads were stopped: 0.0001777 seconds, Stopping threads took: 0.0000482 seconds
2016-03-11T16:41:15.210+0000: 1801.448: Total time for which application threads were stopped: 0.0004067 seconds, Stopping threads took: 0.0002614 seconds
2016-03-11T16:41:15.210+0000: 1801.448: Total time for which application threads were stopped: 0.0001034 seconds, Stopping threads took: 0.0000355 seconds
2016-03-11T16:41:15.214+0000: 1801.452: Total time for which application threads were stopped: 0.0001611 seconds, Stopping threads took: 0.0000474 seconds
2016-03-11T16:41:15.258+0000: 1801.496: Total time for which application threads were stopped: 0.0001982 seconds, Stopping threads took: 0.0000490 seconds
2016-03-11T16:41:15.629+0000: 1801.867: Total time for which application threads were stopped: 0.0003561 seconds, Stopping threads took: 0.0001461 seconds
2016-03-11T16:41:15.630+0000: 1801.868: Total time for which application threads were stopped: 0.0001303 seconds, Stopping threads took: 0.0000332 seconds
2016-03-11T16:41:16.549+0000: 1802.787: Total time for which application threads were stopped: 0.0015998 seconds, Stopping threads took: 0.0013550 seconds
{Heap before GC invocations=7 (full 1):
 par new generation   total 109248K, used 102663K [0x00000000e0000000, 0x00000000e8000000, 0x00000000e8000000)
  eden space 87424K, 100% used [0x00000000e0000000, 0x00000000e5560000, 0x00000000e5560000)
  from space 21824K,  69% used [0x00000000e6ab0000, 0x00000000e7991c70, 0x00000000e8000000)
  to   space 21824K,   0% used [0x00000000e5560000, 0x00000000e5560000, 0x00000000e6ab0000)
 concurrent mark-sweep generation total 393216K, used 0K [0x00000000e8000000, 0x0000000100000000, 0x0000000100000000)
 Metaspace       used 31594K, capacity 31880K, committed 32256K, reserved 1077248K
  class space    used 3659K, capacity 3766K, committed 3840K, reserved 1048576K
2016-03-11T16:41:17.248+0000: 1803.486: [GC (Allocation Failure) 2016-03-11T16:41:17.248+0000: 1803.486: [ParNew
Desired survivor size 20112992 bytes, new threshold 8 (max 8)
- age   1:    6952712 bytes,    6952712 total
- age   2:     120440 bytes,    7073152 total
- age   3:    1172720 bytes,    8245872 total
- age   4:     853944 bytes,    9099816 total
- age   5:      24800 bytes,    9124616 total
- age   6:     658848 bytes,    9783464 total
- age   7:    2211104 bytes,   11994568 total
- age   8:    2240088 bytes,   14234656 total
: 102663K->15452K(109248K), 0.0562711 secs] 102663K->15452K(502464K), 0.0564227 secs] [Times: user=0.06 sys=0.02, real=0.06 secs] 
Heap after GC invocations=8 (full 1):
 par new generation   total 109248K, used 15452K [0x00000000e0000000, 0x00000000e8000000, 0x00000000e8000000)
  eden space 87424K,   0% used [0x00000000e0000000, 0x00000000e0000000, 0x00000000e5560000)
  from space 21824K,  70% used [0x00000000e5560000, 0x00000000e6477300, 0x00000000e6ab0000)
  to   space 21824K,   0% used [0x00000000e6ab0000, 0x00000000e6ab0000, 0x00000000e8000000)
 concurrent mark-sweep generation total 393216K, used 0K [0x00000000e8000000, 0x0000000100000000, 0x0000000100000000)
 Metaspace       used 31594K, capacity 31880K, committed 32256K, reserved 1077248K
  class space    used 3659K, capacity 3766K, committed 3840K, reserved 1048576K
}
2016-03-11T16:41:17.305+0000: 1803.543: Total time for which application threads were stopped: 0.0573292 seconds, Stopping threads took: 0.0000434 seconds
2016-03-11T16:41:17.307+0000: 1803.545: Total time for which application threads were stopped: 0.0004611 seconds, Stopping threads took: 0.0003348 seconds
2016-03-11T16:41:17.307+0000: 1803.545: Total time for which application threads were stopped: 0.0000963 seconds, Stopping threads took: 0.0000316 seconds
2016-03-11T16:41:17.369+0000: 1803.607: Total time for which application threads were stopped: 0.0001848 seconds, Stopping threads took: 0.0000521 seconds
2016-03-11T16:41:17.403+0000: 1803.641: Total time for which application threads were stopped: 0.0003482 seconds, Stopping threads took: 0.0001895 seconds
2016-03-11T16:41:17.600+0000: 1803.839: Total time for which application threads were stopped: 0.0002337 seconds, Stopping threads took: 0.0000592 seconds
2016-03-11T16:41:18.600+0000: 1804.838: Total time for which application threads were stopped: 0.0002598 seconds, Stopping threads took: 0.0000490 seconds
2016-03-11T16:41:19.608+0000: 1805.846: Total time for which application threads were stopped: 0.0031041 seconds, Stopping threads took: 0.0028206 seconds
2016-03-11T16:41:20.421+0000: 1806.660: Total time for which application threads were stopped: 0.0003253 seconds, Stopping threads took: 0.0000584 seconds
2016-03-11T16:41:20.559+0000: 1806.797: Total time for which application threads were stopped: 0.0002258 seconds, Stopping threads took: 0.0000671 seconds
2016-03-11T16:41:21.559+0000: 1807.797: Total time for which application threads were stopped: 0.0002361 seconds, Stopping threads took: 0.0000640 seconds
2016-03-11T16:41:21.858+0000: 1808.096: Total time for which application threads were stopped: 0.0043912 seconds, Stopping threads took: 0.0040650 seconds
2016-03-11T16:41:22.070+0000: 1808.308: Total time for which application threads were stopped: 0.0003656 seconds, Stopping threads took: 0.0000624 seconds
2016-03-11T16:41:23.116+0000: 1809.354: Total time for which application threads were stopped: 0.0190223 seconds, Stopping threads took: 0.0187918 seconds
2016-03-11T16:41:23.269+0000: 1809.507: Total time for which application threads were stopped: 0.0004588 seconds, Stopping threads took: 0.0000584 seconds
2016-03-11T16:41:24.016+0000: 1810.253: Total time for which application threads were stopped: 0.0002772 seconds, Stopping threads took: 0.0000940 seconds
2016-03-11T16:41:24.016+0000: 1810.254: Total time for which application threads were stopped: 0.0001895 seconds, Stopping threads took: 0.0000608 seconds
2016-03-11T16:41:25.017+0000: 1811.254: Total time for which application threads were stopped: 0.0001950 seconds, Stopping threads took: 0.0000569 seconds
2016-03-11T16:41:26.040+0000: 1812.277: Total time for which application threads were stopped: 0.0001911 seconds, Stopping threads took: 0.0000584 seconds
2016-03-11T16:41:27.042+0000: 1813.279: Total time for which application threads were stopped: 0.0002148 seconds, Stopping threads took: 0.0000537 seconds
2016-03-11T16:41:28.042+0000: 1814.280: Total time for which application threads were stopped: 0.0003364 seconds, Stopping threads took: 0.0001327 seconds
2016-03-11T16:41:28.066+0000: 1814.304: Total time for which application threads were stopped: 0.0002874 seconds, Stopping threads took: 0.0000545 seconds
2016-03-11T16:41:28.665+0000: 1814.903: Total time for which application threads were stopped: 0.0004035 seconds, Stopping threads took: 0.0000995 seconds
2016-03-11T16:41:29.043+0000: 1815.281: Total time for which application threads were stopped: 0.0005875 seconds, Stopping threads took: 0.0002345 seconds
2016-03-11T16:41:29.657+0000: 1815.894: Total time for which application threads were stopped: 0.0004019 seconds, Stopping threads took: 0.0000592 seconds
2016-03-11T16:41:30.168+0000: 1816.406: Total time for which application threads were stopped: 0.0002243 seconds, Stopping threads took: 0.0000466 seconds
2016-03-11T16:41:30.186+0000: 1816.424: Total time for which application threads were stopped: 0.0002006 seconds, Stopping threads took: 0.0000529 seconds
2016-03-11T16:41:30.423+0000: 1816.660: Total time for which application threads were stopped: 0.0002598 seconds, Stopping threads took: 0.0000505 seconds
2016-03-11T16:41:30.427+0000: 1816.665: Total time for which application threads were stopped: 0.0001745 seconds, Stopping threads took: 0.0000490 seconds
{Heap before GC invocations=8 (full 1):
 par new generation   total 109248K, used 102876K [0x00000000e0000000, 0x00000000e8000000, 0x00000000e8000000)
  eden space 87424K, 100% used [0x00000000e0000000, 0x00000000e5560000, 0x00000000e5560000)
  from space 21824K,  70% used [0x00000000e5560000, 0x00000000e6477300, 0x00000000e6ab0000)
  to   space 21824K,   0% used [0x00000000e6ab0000, 0x00000000e6ab0000, 0x00000000e8000000)
 concurrent mark-sweep generation total 393216K, used 0K [0x00000000e8000000, 0x0000000100000000, 0x0000000100000000)
 Metaspace       used 32430K, capacity 32744K, committed 33024K, reserved 1079296K
  class space    used 3665K, capacity 3798K, committed 3840K, reserved 1048576K
2016-03-11T16:41:30.564+0000: 1816.802: [GC (Allocation Failure) 2016-03-11T16:41:30.564+0000: 1816.802: [ParNew
Desired survivor size 20112992 bytes, new threshold 8 (max 8)
- age   1:     369840 bytes,     369840 total
- age   2:    5460528 bytes,    5830368 total
- age   3:     120440 bytes,    5950808 total
- age   4:    1157424 bytes,    7108232 total
- age   5:     853928 bytes,    7962160 total
- age   6:      24800 bytes,    7986960 total
- age   7:     658848 bytes,    8645808 total
- age   8:    2210992 bytes,   10856800 total
: 102876K->14180K(109248K), 0.1107259 secs] 102876K->16572K(502464K), 0.1108847 secs] [Times: user=0.17 sys=0.00, real=0.11 secs] 
Heap after GC invocations=9 (full 1):
 par new generation   total 109248K, used 14180K [0x00000000e0000000, 0x00000000e8000000, 0x00000000e8000000)
  eden space 87424K,   0% used [0x00000000e0000000, 0x00000000e0000000, 0x00000000e5560000)
  from space 21824K,  64% used [0x00000000e6ab0000, 0x00000000e78890f0, 0x00000000e8000000)
  to   space 21824K,   0% used [0x00000000e5560000, 0x00000000e5560000, 0x00000000e6ab0000)
 concurrent mark-sweep generation total 393216K, used 2392K [0x00000000e8000000, 0x0000000100000000, 0x0000000100000000)
 Metaspace       used 32430K, capacity 32744K, committed 33024K, reserved 1079296K
  class space    used 3665K, capacity 3798K, committed 3840K, reserved 1048576K
}
2016-03-11T16:41:30.675+0000: 1816.913: Total time for which application threads were stopped: 0.1113750 seconds, Stopping threads took: 0.0000490 seconds
2016-03-11T16:41:30.722+0000: 1816.960: Total time for which application threads were stopped: 0.0002937 seconds, Stopping threads took: 0.0000561 seconds
2016-03-11T16:41:30.723+0000: 1816.961: Total time for which application threads were stopped: 0.0002124 seconds, Stopping threads took: 0.0000387 seconds
2016-03-11T16:41:30.724+0000: 1816.962: Total time for which application threads were stopped: 0.0001658 seconds, Stopping threads took: 0.0000292 seconds
2016-03-11T16:41:31.226+0000: 1817.464: Total time for which application threads were stopped: 0.0002416 seconds, Stopping threads took: 0.0000497 seconds
2016-03-11T16:41:31.982+0000: 1818.220: Total time for which application threads were stopped: 0.0002543 seconds, Stopping threads took: 0.0000584 seconds
2016-03-11T16:41:33.004+0000: 1819.242: Total time for which application threads were stopped: 0.0002448 seconds, Stopping threads took: 0.0000592 seconds
2016-03-11T16:41:34.004+0000: 1820.242: Total time for which application threads were stopped: 0.0002764 seconds, Stopping threads took: 0.0001011 seconds
2016-03-11T16:41:35.004+0000: 1821.242: Total time for which application threads were stopped: 0.0003498 seconds, Stopping threads took: 0.0000497 seconds
2016-03-11T16:41:35.057+0000: 1821.295: Total time for which application threads were stopped: 0.0032099 seconds, Stopping threads took: 0.0029706 seconds
2016-03-11T16:41:35.107+0000: 1821.345: Total time for which application threads were stopped: 0.0001998 seconds, Stopping threads took: 0.0000426 seconds
2016-03-11T16:41:36.107+0000: 1822.345: Total time for which application threads were stopped: 0.0002890 seconds, Stopping threads took: 0.0000521 seconds
2016-03-11T16:41:36.458+0000: 1822.696: Total time for which application threads were stopped: 0.0002124 seconds, Stopping threads took: 0.0000419 seconds
2016-03-11T16:41:36.459+0000: 1822.697: Total time for which application threads were stopped: 0.0002029 seconds, Stopping threads took: 0.0000774 seconds
2016-03-11T16:41:36.815+0000: 1823.053: Total time for which application threads were stopped: 0.0002732 seconds, Stopping threads took: 0.0000442 seconds
2016-03-11T16:41:36.821+0000: 1823.059: Total time for which application threads were stopped: 0.0002890 seconds, Stopping threads took: 0.0000521 seconds
2016-03-11T16:41:36.833+0000: 1823.071: Total time for which application threads were stopped: 0.0003166 seconds, Stopping threads took: 0.0000505 seconds
2016-03-11T16:41:36.872+0000: 1823.110: Total time for which application threads were stopped: 0.0002937 seconds, Stopping threads took: 0.0000505 seconds
2016-03-11T16:41:36.996+0000: 1823.234: Total time for which application threads were stopped: 0.0003332 seconds, Stopping threads took: 0.0000482 seconds
2016-03-11T16:41:36.996+0000: 1823.234: Total time for which application threads were stopped: 0.0002187 seconds, Stopping threads took: 0.0000229 seconds
2016-03-11T16:41:36.996+0000: 1823.235: Total time for which application threads were stopped: 0.0002053 seconds, Stopping threads took: 0.0000347 seconds
2016-03-11T16:41:37.017+0000: 1823.255: Total time for which application threads were stopped: 0.0003166 seconds, Stopping threads took: 0.0000458 seconds
2016-03-11T16:41:37.046+0000: 1823.284: Total time for which application threads were stopped: 0.0003609 seconds, Stopping threads took: 0.0000584 seconds
2016-03-11T16:41:37.053+0000: 1823.291: Total time for which application threads were stopped: 0.0004035 seconds, Stopping threads took: 0.0000616 seconds
2016-03-11T16:41:37.053+0000: 1823.292: Total time for which application threads were stopped: 0.0002203 seconds, Stopping threads took: 0.0000347 seconds
2016-03-11T16:41:37.054+0000: 1823.292: Total time for which application threads were stopped: 0.0002045 seconds, Stopping threads took: 0.0000300 seconds
2016-03-11T16:41:37.054+0000: 1823.292: Total time for which application threads were stopped: 0.0002093 seconds, Stopping threads took: 0.0000284 seconds
2016-03-11T16:41:37.054+0000: 1823.292: Total time for which application threads were stopped: 0.0002100 seconds, Stopping threads took: 0.0000308 seconds
2016-03-11T16:41:37.074+0000: 1823.312: Total time for which application threads were stopped: 0.0005006 seconds, Stopping threads took: 0.0001682 seconds
2016-03-11T16:41:37.113+0000: 1823.351: Total time for which application threads were stopped: 0.0004904 seconds, Stopping threads took: 0.0000671 seconds
2016-03-11T16:41:37.116+0000: 1823.354: Total time for which application threads were stopped: 0.0003996 seconds, Stopping threads took: 0.0000458 seconds
2016-03-11T16:41:37.117+0000: 1823.355: Total time for which application threads were stopped: 0.0010313 seconds, Stopping threads took: 0.0000221 seconds
2016-03-11T16:41:37.277+0000: 1823.515: Total time for which application threads were stopped: 0.0004248 seconds, Stopping threads took: 0.0000569 seconds
2016-03-11T16:41:38.222+0000: 1824.460: Total time for which application threads were stopped: 0.0002614 seconds, Stopping threads took: 0.0000648 seconds
2016-03-11T16:41:39.115+0000: 1825.353: Total time for which application threads were stopped: 0.0003924 seconds, Stopping threads took: 0.0000845 seconds
2016-03-11T16:41:39.738+0000: 1825.976: Total time for which application threads were stopped: 0.0002314 seconds, Stopping threads took: 0.0000505 seconds
2016-03-11T16:41:41.125+0000: 1827.363: Total time for which application threads were stopped: 0.0002408 seconds, Stopping threads took: 0.0000608 seconds
{Heap before GC invocations=9 (full 1):
 par new generation   total 109248K, used 101604K [0x00000000e0000000, 0x00000000e8000000, 0x00000000e8000000)
  eden space 87424K, 100% used [0x00000000e0000000, 0x00000000e5560000, 0x00000000e5560000)
  from space 21824K,  64% used [0x00000000e6ab0000, 0x00000000e78890f0, 0x00000000e8000000)
  to   space 21824K,   0% used [0x00000000e5560000, 0x00000000e5560000, 0x00000000e6ab0000)
 concurrent mark-sweep generation total 393216K, used 2392K [0x00000000e8000000, 0x0000000100000000, 0x0000000100000000)
 Metaspace       used 32557K, capacity 32948K, committed 33280K, reserved 1079296K
  class space    used 3676K, capacity 3800K, committed 3840K, reserved 1048576K
2016-03-11T16:41:42.096+0000: 1828.334: [GC (Allocation Failure) 2016-03-11T16:41:42.096+0000: 1828.334: [ParNew
Desired survivor size 20112992 bytes, new threshold 8 (max 8)
- age   1:    1138760 bytes,    1138760 total
- age   2:     170112 bytes,    1308872 total
- age   3:    5433120 bytes,    6741992 total
- age   4:     120440 bytes,    6862432 total
- age   5:    1153640 bytes,    8016072 total
- age   6:     843656 bytes,    8859728 total
- age   7:      24800 bytes,    8884528 total
- age   8:     657616 bytes,    9542144 total
: 101604K->13553K(109248K), 0.1394174 secs] 103996K->18251K(502464K), 0.1395698 secs] [Times: user=0.08 sys=0.00, real=0.14 secs] 
Heap after GC invocations=10 (full 1):
 par new generation   total 109248K, used 13553K [0x00000000e0000000, 0x00000000e8000000, 0x00000000e8000000)
  eden space 87424K,   0% used [0x00000000e0000000, 0x00000000e0000000, 0x00000000e5560000)
  from space 21824K,  62% used [0x00000000e5560000, 0x00000000e629c5e0, 0x00000000e6ab0000)
  to   space 21824K,   0% used [0x00000000e6ab0000, 0x00000000e6ab0000, 0x00000000e8000000)
 concurrent mark-sweep generation total 393216K, used 4698K [0x00000000e8000000, 0x0000000100000000, 0x0000000100000000)
 Metaspace       used 32557K, capacity 32948K, committed 33280K, reserved 1079296K
  class space    used 3676K, capacity 3800K, committed 3840K, reserved 1048576K
}
2016-03-11T16:41:42.236+0000: 1828.473: Total time for which application threads were stopped: 0.1400443 seconds, Stopping threads took: 0.0000466 seconds
2016-03-11T16:41:42.238+0000: 1828.476: Total time for which application threads were stopped: 0.0003956 seconds, Stopping threads took: 0.0000813 seconds
2016-03-11T16:41:43.238+0000: 1829.475: Total time for which application threads were stopped: 0.0001674 seconds, Stopping threads took: 0.0000474 seconds
2016-03-11T16:41:43.989+0000: 1830.227: Total time for which application threads were stopped: 0.0002606 seconds, Stopping threads took: 0.0000434 seconds
2016-03-11T16:41:44.995+0000: 1831.233: Total time for which application threads were stopped: 0.0002424 seconds, Stopping threads took: 0.0000561 seconds
2016-03-11T16:41:45.698+0000: 1831.936: Total time for which application threads were stopped: 0.0003846 seconds, Stopping threads took: 0.0000513 seconds
2016-03-11T16:41:45.714+0000: 1831.952: Total time for which application threads were stopped: 0.0002953 seconds, Stopping threads took: 0.0000497 seconds
2016-03-11T16:41:45.715+0000: 1831.953: Total time for which application threads were stopped: 0.0003024 seconds, Stopping threads took: 0.0000450 seconds
2016-03-11T16:41:45.759+0000: 1831.997: Total time for which application threads were stopped: 0.0003909 seconds, Stopping threads took: 0.0000584 seconds
2016-03-11T16:41:45.780+0000: 1832.018: Total time for which application threads were stopped: 0.0003214 seconds, Stopping threads took: 0.0000600 seconds
2016-03-11T16:41:45.780+0000: 1832.018: Total time for which application threads were stopped: 0.0001792 seconds, Stopping threads took: 0.0000324 seconds
2016-03-11T16:41:45.781+0000: 1832.018: Total time for which application threads were stopped: 0.0001848 seconds, Stopping threads took: 0.0000340 seconds
2016-03-11T16:41:45.781+0000: 1832.019: Total time for which application threads were stopped: 0.0001777 seconds, Stopping threads took: 0.0000324 seconds
2016-03-11T16:41:45.781+0000: 1832.019: Total time for which application threads were stopped: 0.0001745 seconds, Stopping threads took: 0.0000300 seconds
2016-03-11T16:41:45.781+0000: 1832.019: Total time for which application threads were stopped: 0.0001753 seconds, Stopping threads took: 0.0000300 seconds
2016-03-11T16:41:45.782+0000: 1832.019: Total time for which application threads were stopped: 0.0001848 seconds, Stopping threads took: 0.0000308 seconds
2016-03-11T16:41:45.782+0000: 1832.020: Total time for which application threads were stopped: 0.0001871 seconds, Stopping threads took: 0.0000292 seconds
2016-03-11T16:41:45.782+0000: 1832.020: Total time for which application threads were stopped: 0.0001777 seconds, Stopping threads took: 0.0000316 seconds
2016-03-11T16:41:45.782+0000: 1832.020: Total time for which application threads were stopped: 0.0001785 seconds, Stopping threads took: 0.0000284 seconds
2016-03-11T16:41:45.782+0000: 1832.020: Total time for which application threads were stopped: 0.0001737 seconds, Stopping threads took: 0.0000300 seconds
2016-03-11T16:41:45.783+0000: 1832.020: Total time for which application threads were stopped: 0.0001737 seconds, Stopping threads took: 0.0000300 seconds
2016-03-11T16:41:45.787+0000: 1832.025: Total time for which application threads were stopped: 0.0005899 seconds, Stopping threads took: 0.0003538 seconds
2016-03-11T16:41:45.788+0000: 1832.025: Total time for which application threads were stopped: 0.0002803 seconds, Stopping threads took: 0.0001208 seconds
2016-03-11T16:41:45.805+0000: 1832.042: Total time for which application threads were stopped: 0.0004130 seconds, Stopping threads took: 0.0000497 seconds
2016-03-11T16:41:45.805+0000: 1832.043: Total time for which application threads were stopped: 0.0002495 seconds, Stopping threads took: 0.0000316 seconds
2016-03-11T16:41:45.806+0000: 1832.044: Total time for which application threads were stopped: 0.0002440 seconds, Stopping threads took: 0.0000347 seconds
2016-03-11T16:41:45.814+0000: 1832.051: Total time for which application threads were stopped: 0.0002882 seconds, Stopping threads took: 0.0000553 seconds
2016-03-11T16:41:45.814+0000: 1832.052: Total time for which application threads were stopped: 0.0001469 seconds, Stopping threads took: 0.0000308 seconds
2016-03-11T16:41:45.814+0000: 1832.052: Total time for which application threads were stopped: 0.0001437 seconds, Stopping threads took: 0.0000292 seconds
2016-03-11T16:41:45.815+0000: 1832.053: Total time for which application threads were stopped: 0.0001879 seconds, Stopping threads took: 0.0000355 seconds
2016-03-11T16:41:45.816+0000: 1832.054: Total time for which application threads were stopped: 0.0007509 seconds, Stopping threads took: 0.0000316 seconds
2016-03-11T16:41:46.842+0000: 1833.080: Total time for which application threads were stopped: 0.0001919 seconds, Stopping threads took: 0.0000497 seconds
2016-03-11T16:41:47.842+0000: 1834.080: Total time for which application threads were stopped: 0.0001785 seconds, Stopping threads took: 0.0000513 seconds
2016-03-11T16:41:48.842+0000: 1835.080: Total time for which application threads were stopped: 0.0001911 seconds, Stopping threads took: 0.0000584 seconds
2016-03-11T16:41:49.854+0000: 1836.092: Total time for which application threads were stopped: 0.0002014 seconds, Stopping threads took: 0.0000482 seconds
2016-03-11T16:41:49.874+0000: 1836.112: Total time for which application threads were stopped: 0.0002400 seconds, Stopping threads took: 0.0000466 seconds
2016-03-11T16:41:49.928+0000: 1836.166: Total time for which application threads were stopped: 0.0002298 seconds, Stopping threads took: 0.0000521 seconds
2016-03-11T16:41:50.709+0000: 1836.947: Total time for which application threads were stopped: 0.0003688 seconds, Stopping threads took: 0.0000592 seconds
2016-03-11T16:41:51.709+0000: 1837.947: Total time for which application threads were stopped: 0.0002535 seconds, Stopping threads took: 0.0000616 seconds
2016-03-11T16:41:52.711+0000: 1838.949: Total time for which application threads were stopped: 0.0001824 seconds, Stopping threads took: 0.0000513 seconds
{Heap before GC invocations=10 (full 1):
 par new generation   total 109248K, used 100977K [0x00000000e0000000, 0x00000000e8000000, 0x00000000e8000000)
  eden space 87424K, 100% used [0x00000000e0000000, 0x00000000e5560000, 0x00000000e5560000)
  from space 21824K,  62% used [0x00000000e5560000, 0x00000000e629c5e0, 0x00000000e6ab0000)
  to   space 21824K,   0% used [0x00000000e6ab0000, 0x00000000e6ab0000, 0x00000000e8000000)
 concurrent mark-sweep generation total 393216K, used 4698K [0x00000000e8000000, 0x0000000100000000, 0x0000000100000000)
 Metaspace       used 32599K, capacity 32952K, committed 33280K, reserved 1079296K
  class space    used 3676K, capacity 3800K, committed 3840K, reserved 1048576K
2016-03-11T16:41:52.794+0000: 1839.033: [GC (Allocation Failure) 2016-03-11T16:41:52.795+0000: 1839.033: [ParNew
Desired survivor size 20112992 bytes, new threshold 8 (max 8)
- age   1:     893928 bytes,     893928 total
- age   2:     249112 bytes,    1143040 total
- age   3:     152272 bytes,    1295312 total
- age   4:    5350208 bytes,    6645520 total
- age   5:     120440 bytes,    6765960 total
- age   6:    1153120 bytes,    7919080 total
- age   7:     840512 bytes,    8759592 total
- age   8:      24800 bytes,    8784392 total
: 100977K->9177K(109248K), 0.0447684 secs] 105675K->14523K(502464K), 0.0449192 secs] [Times: user=0.08 sys=0.00, real=0.05 secs] 
Heap after GC invocations=11 (full 1):
 par new generation   total 109248K, used 9177K [0x00000000e0000000, 0x00000000e8000000, 0x00000000e8000000)
  eden space 87424K,   0% used [0x00000000e0000000, 0x00000000e0000000, 0x00000000e5560000)
  from space 21824K,  42% used [0x00000000e6ab0000, 0x00000000e73a6618, 0x00000000e8000000)
  to   space 21824K,   0% used [0x00000000e5560000, 0x00000000e5560000, 0x00000000e6ab0000)
 concurrent mark-sweep generation total 393216K, used 5345K [0x00000000e8000000, 0x0000000100000000, 0x0000000100000000)
 Metaspace       used 32599K, capacity 32952K, committed 33280K, reserved 1079296K
  class space    used 3676K, capacity 3800K, committed 3840K, reserved 1048576K
}
2016-03-11T16:41:52.840+0000: 1839.078: Total time for which application threads were stopped: 0.0454301 seconds, Stopping threads took: 0.0000505 seconds
2016-03-11T16:41:53.860+0000: 1840.099: Total time for which application threads were stopped: 0.0002148 seconds, Stopping threads took: 0.0000490 seconds
2016-03-11T16:41:53.865+0000: 1840.104: Total time for which application threads were stopped: 0.0001785 seconds, Stopping threads took: 0.0000347 seconds
2016-03-11T16:41:54.865+0000: 1841.103: Total time for which application threads were stopped: 0.0002440 seconds, Stopping threads took: 0.0000529 seconds
2016-03-11T16:41:55.865+0000: 1842.103: Total time for which application threads were stopped: 0.0002369 seconds, Stopping threads took: 0.0000711 seconds
2016-03-11T16:41:56.867+0000: 1843.106: Total time for which application threads were stopped: 0.0011773 seconds, Stopping threads took: 0.0009839 seconds
2016-03-11T16:41:57.158+0000: 1843.397: Total time for which application threads were stopped: 0.0002085 seconds, Stopping threads took: 0.0000419 seconds
2016-03-11T16:41:58.190+0000: 1844.430: Total time for which application threads were stopped: 0.0318010 seconds, Stopping threads took: 0.0316620 seconds
{Heap before GC invocations=11 (full 1):
 par new generation   total 109248K, used 96601K [0x00000000e0000000, 0x00000000e8000000, 0x00000000e8000000)
  eden space 87424K, 100% used [0x00000000e0000000, 0x00000000e5560000, 0x00000000e5560000)
  from space 21824K,  42% used [0x00000000e6ab0000, 0x00000000e73a6618, 0x00000000e8000000)
  to   space 21824K,   0% used [0x00000000e5560000, 0x00000000e5560000, 0x00000000e6ab0000)
 concurrent mark-sweep generation total 393216K, used 5345K [0x00000000e8000000, 0x0000000100000000, 0x0000000100000000)
 Metaspace       used 32663K, capacity 33016K, committed 33280K, reserved 1079296K
  class space    used 3680K, capacity 3800K, committed 3840K, reserved 1048576K
2016-03-11T16:41:58.615+0000: 1844.854: [GC (Allocation Failure) 2016-03-11T16:41:58.615+0000: 1844.855: [ParNew
Desired survivor size 20112992 bytes, new threshold 8 (max 8)
- age   1:     754080 bytes,     754080 total
- age   2:     845864 bytes,    1599944 total
- age   3:     243216 bytes,    1843160 total
- age   4:     145696 bytes,    1988856 total
- age   5:    5347776 bytes,    7336632 total
- age   6:     120440 bytes,    7457072 total
- age   7:    1153120 bytes,    8610192 total
- age   8:     840352 bytes,    9450544 total
: 96601K->10801K(109248K), 0.0573994 secs] 101947K->16172K(502464K), 0.0575637 secs] [Times: user=0.11 sys=0.00, real=0.06 secs] 
Heap after GC invocations=12 (full 1):
 par new generation   total 109248K, used 10801K [0x00000000e0000000, 0x00000000e8000000, 0x00000000e8000000)
  eden space 87424K,   0% used [0x00000000e0000000, 0x00000000e0000000, 0x00000000e5560000)
  from space 21824K,  49% used [0x00000000e5560000, 0x00000000e5fec700, 0x00000000e6ab0000)
  to   space 21824K,   0% used [0x00000000e6ab0000, 0x00000000e6ab0000, 0x00000000e8000000)
 concurrent mark-sweep generation total 393216K, used 5370K [0x00000000e8000000, 0x0000000100000000, 0x0000000100000000)
 Metaspace       used 32663K, capacity 33016K, committed 33280K, reserved 1079296K
  class space    used 3680K, capacity 3800K, committed 3840K, reserved 1048576K
}
2016-03-11T16:41:58.673+0000: 1844.912: Total time for which application threads were stopped: 0.0580533 seconds, Stopping threads took: 0.0000561 seconds
2016-03-11T16:41:59.675+0000: 1845.915: Total time for which application threads were stopped: 0.0001871 seconds, Stopping threads took: 0.0000561 seconds
2016-03-11T16:42:00.675+0000: 1846.914: Total time for which application threads were stopped: 0.0001635 seconds, Stopping threads took: 0.0000466 seconds
2016-03-11T16:42:00.791+0000: 1847.031: Total time for which application threads were stopped: 0.0001832 seconds, Stopping threads took: 0.0000553 seconds
2016-03-11T16:42:00.951+0000: 1847.191: Total time for which application threads were stopped: 0.0145340 seconds, Stopping threads took: 0.0141274 seconds
2016-03-11T16:42:00.992+0000: 1847.232: Total time for which application threads were stopped: 0.0327494 seconds, Stopping threads took: 0.0323932 seconds
2016-03-11T16:42:01.062+0000: 1847.302: Total time for which application threads were stopped: 0.0208440 seconds, Stopping threads took: 0.0204887 seconds
2016-03-11T16:42:01.069+0000: 1847.308: Total time for which application threads were stopped: 0.0003419 seconds, Stopping threads took: 0.0000553 seconds
2016-03-11T16:42:02.069+0000: 1848.308: Total time for which application threads were stopped: 0.0002045 seconds, Stopping threads took: 0.0000537 seconds
2016-03-11T16:42:02.085+0000: 1848.324: Total time for which application threads were stopped: 0.0002171 seconds, Stopping threads took: 0.0000474 seconds
2016-03-11T16:42:03.085+0000: 1849.325: Total time for which application threads were stopped: 0.0002345 seconds, Stopping threads took: 0.0000545 seconds
2016-03-11T16:42:03.470+0000: 1849.710: Total time for which application threads were stopped: 0.0002479 seconds, Stopping threads took: 0.0000513 seconds
2016-03-11T16:42:03.537+0000: 1849.777: Total time for which application threads were stopped: 0.0002772 seconds, Stopping threads took: 0.0000537 seconds
{Heap before GC invocations=12 (full 1):
 par new generation   total 109248K, used 98225K [0x00000000e0000000, 0x00000000e8000000, 0x00000000e8000000)
  eden space 87424K, 100% used [0x00000000e0000000, 0x00000000e5560000, 0x00000000e5560000)
  from space 21824K,  49% used [0x00000000e5560000, 0x00000000e5fec700, 0x00000000e6ab0000)
  to   space 21824K,   0% used [0x00000000e6ab0000, 0x00000000e6ab0000, 0x00000000e8000000)
 concurrent mark-sweep generation total 393216K, used 5370K [0x00000000e8000000, 0x0000000100000000, 0x0000000100000000)
 Metaspace       used 32718K, capacity 33088K, committed 33536K, reserved 1079296K
  class space    used 3681K, capacity 3800K, committed 3840K, reserved 1048576K
2016-03-11T16:42:03.826+0000: 1850.065: [GC (Allocation Failure) 2016-03-11T16:42:03.826+0000: 1850.066: [ParNew
Desired survivor size 20112992 bytes, new threshold 8 (max 8)
- age   1:     921112 bytes,     921112 total
- age   2:      59248 bytes,     980360 total
- age   3:     186824 bytes,    1167184 total
- age   4:     222104 bytes,    1389288 total
- age   5:     142480 bytes,    1531768 total
- age   6:    5280328 bytes,    6812096 total
- age   7:     120440 bytes,    6932536 total
- age   8:    1153120 bytes,    8085656 total
: 98225K->10291K(109248K), 0.0548860 secs] 103596K->16489K(502464K), 0.0550266 secs] [Times: user=0.08 sys=0.00, real=0.06 secs] 
Heap after GC invocations=13 (full 1):
 par new generation   total 109248K, used 10291K [0x00000000e0000000, 0x00000000e8000000, 0x00000000e8000000)
  eden space 87424K,   0% used [0x00000000e0000000, 0x00000000e0000000, 0x00000000e5560000)
  from space 21824K,  47% used [0x00000000e6ab0000, 0x00000000e74bcfd0, 0x00000000e8000000)
  to   space 21824K,   0% used [0x00000000e5560000, 0x00000000e5560000, 0x00000000e6ab0000)
 concurrent mark-sweep generation total 393216K, used 6197K [0x00000000e8000000, 0x0000000100000000, 0x0000000100000000)
 Metaspace       used 32718K, capacity 33088K, committed 33536K, reserved 1079296K
  class space    used 3681K, capacity 3800K, committed 3840K, reserved 1048576K
}
2016-03-11T16:42:03.881+0000: 1850.121: Total time for which application threads were stopped: 0.0556362 seconds, Stopping threads took: 0.0000726 seconds
2016-03-11T16:42:03.888+0000: 1850.127: Total time for which application threads were stopped: 0.0036197 seconds, Stopping threads took: 0.0027171 seconds
2016-03-11T16:42:04.850+0000: 1851.090: Total time for which application threads were stopped: 0.0002906 seconds, Stopping threads took: 0.0000624 seconds
2016-03-11T16:42:05.277+0000: 1851.517: Total time for which application threads were stopped: 0.0026777 seconds, Stopping threads took: 0.0023579 seconds
2016-03-11T16:42:05.318+0000: 1851.558: Total time for which application threads were stopped: 0.0002890 seconds, Stopping threads took: 0.0000545 seconds
2016-03-11T16:42:06.105+0000: 1852.345: Total time for which application threads were stopped: 0.0003901 seconds, Stopping threads took: 0.0000695 seconds
2016-03-11T16:42:07.107+0000: 1853.347: Total time for which application threads were stopped: 0.0020404 seconds, Stopping threads took: 0.0018241 seconds
2016-03-11T16:42:08.140+0000: 1854.380: Total time for which application threads were stopped: 0.0002322 seconds, Stopping threads took: 0.0000505 seconds
2016-03-11T16:42:09.066+0000: 1855.306: Total time for which application threads were stopped: 0.0003569 seconds, Stopping threads took: 0.0000513 seconds
2016-03-11T16:42:09.069+0000: 1855.309: Total time for which application threads were stopped: 0.0002961 seconds, Stopping threads took: 0.0000600 seconds
2016-03-11T16:42:09.071+0000: 1855.312: Total time for which application threads were stopped: 0.0002740 seconds, Stopping threads took: 0.0000450 seconds
{Heap before GC invocations=13 (full 1):
 par new generation   total 109248K, used 97715K [0x00000000e0000000, 0x00000000e8000000, 0x00000000e8000000)
  eden space 87424K, 100% used [0x00000000e0000000, 0x00000000e5560000, 0x00000000e5560000)
  from space 21824K,  47% used [0x00000000e6ab0000, 0x00000000e74bcfd0, 0x00000000e8000000)
  to   space 21824K,   0% used [0x00000000e5560000, 0x00000000e5560000, 0x00000000e6ab0000)
 concurrent mark-sweep generation total 393216K, used 6197K [0x00000000e8000000, 0x0000000100000000, 0x0000000100000000)
 Metaspace       used 32719K, capacity 33088K, committed 33536K, reserved 1079296K
  class space    used 3681K, capacity 3800K, committed 3840K, reserved 1048576K
2016-03-11T16:42:09.188+0000: 1855.428: [GC (Allocation Failure) 2016-03-11T16:42:09.188+0000: 1855.428: [ParNew
Desired survivor size 20112992 bytes, new threshold 8 (max 8)
- age   1:     734000 bytes,     734000 total
- age   2:     737568 bytes,    1471568 total
- age   3:      55936 bytes,    1527504 total
- age   4:     183416 bytes,    1710920 total
- age   5:     219472 bytes,    1930392 total
- age   6:     139920 bytes,    2070312 total
- age   7:    5278000 bytes,    7348312 total
- age   8:     120440 bytes,    7468752 total
: 97715K->8770K(109248K), 0.0575771 secs] 103913K->16108K(502464K), 0.0577264 secs] [Times: user=0.09 sys=0.00, real=0.06 secs] 
Heap after GC invocations=14 (full 1):
 par new generation   total 109248K, used 8770K [0x00000000e0000000, 0x00000000e8000000, 0x00000000e8000000)
  eden space 87424K,   0% used [0x00000000e0000000, 0x00000000e0000000, 0x00000000e5560000)
  from space 21824K,  40% used [0x00000000e5560000, 0x00000000e5df0998, 0x00000000e6ab0000)
  to   space 21824K,   0% used [0x00000000e6ab0000, 0x00000000e6ab0000, 0x00000000e8000000)
 concurrent mark-sweep generation total 393216K, used 7338K [0x00000000e8000000, 0x0000000100000000, 0x0000000100000000)
 Metaspace       used 32719K, capacity 33088K, committed 33536K, reserved 1079296K
  class space    used 3681K, capacity 3800K, committed 3840K, reserved 1048576K
}
2016-03-11T16:42:09.246+0000: 1855.486: Total time for which application threads were stopped: 0.0582246 seconds, Stopping threads took: 0.0000553 seconds
2016-03-11T16:42:10.246+0000: 1856.486: Total time for which application threads were stopped: 0.0002219 seconds, Stopping threads took: 0.0000537 seconds
2016-03-11T16:42:11.246+0000: 1857.486: Total time for which application threads were stopped: 0.0002053 seconds, Stopping threads took: 0.0000529 seconds
2016-03-11T16:42:13.246+0000: 1859.486: Total time for which application threads were stopped: 0.0001642 seconds, Stopping threads took: 0.0000466 seconds
2016-03-11T16:42:14.246+0000: 1860.486: Total time for which application threads were stopped: 0.0001682 seconds, Stopping threads took: 0.0000474 seconds
2016-03-11T16:42:15.115+0000: 1861.354: Total time for which application threads were stopped: 0.0002322 seconds, Stopping threads took: 0.0000466 seconds
2016-03-11T16:42:15.879+0000: 1862.119: Total time for which application threads were stopped: 0.0002393 seconds, Stopping threads took: 0.0000497 seconds
2016-03-11T16:42:15.916+0000: 1862.155: Total time for which application threads were stopped: 0.0002622 seconds, Stopping threads took: 0.0000640 seconds
2016-03-11T16:42:15.932+0000: 1862.171: Total time for which application threads were stopped: 0.0042790 seconds, Stopping threads took: 0.0040295 seconds
2016-03-11T16:42:15.940+0000: 1862.180: Total time for which application threads were stopped: 0.0005820 seconds, Stopping threads took: 0.0003435 seconds
2016-03-11T16:42:15.986+0000: 1862.225: Total time for which application threads were stopped: 0.0003230 seconds, Stopping threads took: 0.0000561 seconds
2016-03-11T16:42:17.028+0000: 1863.267: Total time for which application threads were stopped: 0.0001990 seconds, Stopping threads took: 0.0000592 seconds
2016-03-11T16:42:17.121+0000: 1863.360: Total time for which application threads were stopped: 0.0003822 seconds, Stopping threads took: 0.0000655 seconds
2016-03-11T16:42:17.151+0000: 1863.390: Total time for which application threads were stopped: 0.0004501 seconds, Stopping threads took: 0.0001334 seconds
{Heap before GC invocations=14 (full 1):
 par new generation   total 109248K, used 96194K [0x00000000e0000000, 0x00000000e8000000, 0x00000000e8000000)
  eden space 87424K, 100% used [0x00000000e0000000, 0x00000000e5560000, 0x00000000e5560000)
  from space 21824K,  40% used [0x00000000e5560000, 0x00000000e5df0998, 0x00000000e6ab0000)
  to   space 21824K,   0% used [0x00000000e6ab0000, 0x00000000e6ab0000, 0x00000000e8000000)
 concurrent mark-sweep generation total 393216K, used 7338K [0x00000000e8000000, 0x0000000100000000, 0x0000000100000000)
 Metaspace       used 32811K, capacity 33152K, committed 33536K, reserved 1079296K
  class space    used 3682K, capacity 3800K, committed 3840K, reserved 1048576K
2016-03-11T16:42:17.435+0000: 1863.675: [GC (Allocation Failure) 2016-03-11T16:42:17.435+0000: 1863.675: [ParNew
Desired survivor size 20112992 bytes, new threshold 8 (max 8)
- age   1:     711968 bytes,     711968 total
- age   2:     113648 bytes,     825616 total
- age   3:     285168 bytes,    1110784 total
- age   4:      38304 bytes,    1149088 total
- age   5:     179728 bytes,    1328816 total
- age   6:     148600 bytes,    1477416 total
- age   7:     135768 bytes,    1613184 total
- age   8:    5276200 bytes,    6889384 total
: 96194K->7183K(109248K), 0.0377075 secs] 103532K->14643K(502464K), 0.0378796 secs] [Times: user=0.03 sys=0.00, real=0.04 secs] 
Heap after GC invocations=15 (full 1):
 par new generation   total 109248K, used 7183K [0x00000000e0000000, 0x00000000e8000000, 0x00000000e8000000)
  eden space 87424K,   0% used [0x00000000e0000000, 0x00000000e0000000, 0x00000000e5560000)
  from space 21824K,  32% used [0x00000000e6ab0000, 0x00000000e71b3c60, 0x00000000e8000000)
  to   space 21824K,   0% used [0x00000000e5560000, 0x00000000e5560000, 0x00000000e6ab0000)
 concurrent mark-sweep generation total 393216K, used 7460K [0x00000000e8000000, 0x0000000100000000, 0x0000000100000000)
 Metaspace       used 32811K, capacity 33152K, committed 33536K, reserved 1079296K
  class space    used 3682K, capacity 3800K, committed 3840K, reserved 1048576K
}
2016-03-11T16:42:17.473+0000: 1863.713: Total time for which application threads were stopped: 0.0383795 seconds, Stopping threads took: 0.0000569 seconds
2016-03-11T16:42:18.473+0000: 1864.712: Total time for which application threads were stopped: 0.0001919 seconds, Stopping threads took: 0.0000482 seconds
2016-03-11T16:42:19.473+0000: 1865.712: Total time for which application threads were stopped: 0.0001753 seconds, Stopping threads took: 0.0000505 seconds
2016-03-11T16:42:20.473+0000: 1866.713: Total time for which application threads were stopped: 0.0002314 seconds, Stopping threads took: 0.0000569 seconds
2016-03-11T16:42:21.240+0000: 1867.480: Total time for which application threads were stopped: 0.0014829 seconds, Stopping threads took: 0.0011845 seconds
2016-03-11T16:42:22.241+0000: 1868.480: Total time for which application threads were stopped: 0.0001935 seconds, Stopping threads took: 0.0000497 seconds
2016-03-11T16:42:22.352+0000: 1868.592: Total time for which application threads were stopped: 0.0001792 seconds, Stopping threads took: 0.0000442 seconds
2016-03-11T16:42:22.354+0000: 1868.594: Total time for which application threads were stopped: 0.0003482 seconds, Stopping threads took: 0.0000284 seconds
2016-03-11T16:42:23.354+0000: 1869.594: Total time for which application threads were stopped: 0.0002053 seconds, Stopping threads took: 0.0000545 seconds
{Heap before GC invocations=15 (full 1):
 par new generation   total 109248K, used 94607K [0x00000000e0000000, 0x00000000e8000000, 0x00000000e8000000)
  eden space 87424K, 100% used [0x00000000e0000000, 0x00000000e5560000, 0x00000000e5560000)
  from space 21824K,  32% used [0x00000000e6ab0000, 0x00000000e71b3c60, 0x00000000e8000000)
  to   space 21824K,   0% used [0x00000000e5560000, 0x00000000e5560000, 0x00000000e6ab0000)
 concurrent mark-sweep generation total 393216K, used 7460K [0x00000000e8000000, 0x0000000100000000, 0x0000000100000000)
 Metaspace       used 32818K, capacity 33152K, committed 33536K, reserved 1079296K
  class space    used 3683K, capacity 3800K, committed 3840K, reserved 1048576K
2016-03-11T16:42:23.731+0000: 1869.970: [GC (Allocation Failure) 2016-03-11T16:42:23.731+0000: 1869.971: [ParNew
Desired survivor size 20112992 bytes, new threshold 8 (max 8)
- age   1:    1059720 bytes,    1059720 total
- age   2:     685752 bytes,    1745472 total
- age   3:     102392 bytes,    1847864 total
- age   4:     283432 bytes,    2131296 total
- age   5:      35864 bytes,    2167160 total
- age   6:     177056 bytes,    2344216 total
- age   7:     146488 bytes,    2490704 total
- age   8:     133360 bytes,    2624064 total
: 94607K->5161K(109248K), 0.0466399 secs] 102067K->18165K(502464K), 0.0467907 secs] [Times: user=0.06 sys=0.02, real=0.05 secs] 
Heap after GC invocations=16 (full 1):
 par new generation   total 109248K, used 5161K [0x00000000e0000000, 0x00000000e8000000, 0x00000000e8000000)
  eden space 87424K,   0% used [0x00000000e0000000, 0x00000000e0000000, 0x00000000e5560000)
  from space 21824K,  23% used [0x00000000e5560000, 0x00000000e5a6a618, 0x00000000e6ab0000)
  to   space 21824K,   0% used [0x00000000e6ab0000, 0x00000000e6ab0000, 0x00000000e8000000)
 concurrent mark-sweep generation total 393216K, used 13004K [0x00000000e8000000, 0x0000000100000000, 0x0000000100000000)
 Metaspace       used 32818K, capacity 33152K, committed 33536K, reserved 1079296K
  class space    used 3683K, capacity 3800K, committed 3840K, reserved 1048576K
}
2016-03-11T16:42:23.777+0000: 1870.017: Total time for which application threads were stopped: 0.0472905 seconds, Stopping threads took: 0.0000576 seconds
2016-03-11T16:42:23.778+0000: 1870.018: Total time for which application threads were stopped: 0.0002819 seconds, Stopping threads took: 0.0001129 seconds
2016-03-11T16:42:24.778+0000: 1871.018: Total time for which application threads were stopped: 0.0002266 seconds, Stopping threads took: 0.0000940 seconds
2016-03-11T16:42:25.778+0000: 1872.018: Total time for which application threads were stopped: 0.0001587 seconds, Stopping threads took: 0.0000458 seconds
{Heap before GC invocations=16 (full 1):
 par new generation   total 109248K, used 92585K [0x00000000e0000000, 0x00000000e8000000, 0x00000000e8000000)
  eden space 87424K, 100% used [0x00000000e0000000, 0x00000000e5560000, 0x00000000e5560000)
  from space 21824K,  23% used [0x00000000e5560000, 0x00000000e5a6a618, 0x00000000e6ab0000)
  to   space 21824K,   0% used [0x00000000e6ab0000, 0x00000000e6ab0000, 0x00000000e8000000)
 concurrent mark-sweep generation total 393216K, used 13004K [0x00000000e8000000, 0x0000000100000000, 0x0000000100000000)
 Metaspace       used 32823K, capacity 33152K, committed 33536K, reserved 1079296K
  class space    used 3683K, capacity 3800K, committed 3840K, reserved 1048576K
2016-03-11T16:42:27.843+0000: 1874.083: [GC (Allocation Failure) 2016-03-11T16:42:27.843+0000: 1874.083: [ParNew
Desired survivor size 20112992 bytes, new threshold 8 (max 8)
- age   1:     366264 bytes,     366264 total
- age   2:     934744 bytes,    1301008 total
- age   3:     684064 bytes,    1985072 total
- age   4:      85968 bytes,    2071040 total
- age   5:     282424 bytes,    2353464 total
- age   6:      34472 bytes,    2387936 total
- age   7:     175616 bytes,    2563552 total
- age   8:     145600 bytes,    2709152 total
: 92585K->3025K(109248K), 0.0232264 secs] 105589K->16161K(502464K), 0.0235177 secs] [Times: user=0.03 sys=0.00, real=0.02 secs] 
Heap after GC invocations=17 (full 1):
 par new generation   total 109248K, used 3025K [0x00000000e0000000, 0x00000000e8000000, 0x00000000e8000000)
  eden space 87424K,   0% used [0x00000000e0000000, 0x00000000e0000000, 0x00000000e5560000)
  from space 21824K,  13% used [0x00000000e6ab0000, 0x00000000e6da4600, 0x00000000e8000000)
  to   space 21824K,   0% used [0x00000000e5560000, 0x00000000e5560000, 0x00000000e6ab0000)
 concurrent mark-sweep generation total 393216K, used 13135K [0x00000000e8000000, 0x0000000100000000, 0x0000000100000000)
 Metaspace       used 32823K, capacity 33152K, committed 33536K, reserved 1079296K
  class space    used 3683K, capacity 3800K, committed 3840K, reserved 1048576K
}
2016-03-11T16:42:27.867+0000: 1874.107: Total time for which application threads were stopped: 0.0240010 seconds, Stopping threads took: 0.0000505 seconds
2016-03-11T16:42:28.536+0000: 1874.776: Total time for which application threads were stopped: 0.0002219 seconds, Stopping threads took: 0.0000482 seconds
2016-03-11T16:42:29.536+0000: 1875.776: Total time for which application threads were stopped: 0.0003064 seconds, Stopping threads took: 0.0001303 seconds
2016-03-11T16:42:30.536+0000: 1876.776: Total time for which application threads were stopped: 0.0001919 seconds, Stopping threads took: 0.0000490 seconds
2016-03-11T16:42:30.926+0000: 1877.166: Total time for which application threads were stopped: 0.0001840 seconds, Stopping threads took: 0.0000569 seconds
2016-03-11T16:42:31.038+0000: 1877.278: Total time for which application threads were stopped: 0.0016693 seconds, Stopping threads took: 0.0012145 seconds
2016-03-11T16:42:31.038+0000: 1877.279: Total time for which application threads were stopped: 0.0003727 seconds, Stopping threads took: 0.0000948 seconds
2016-03-11T16:42:31.042+0000: 1877.282: Total time for which application threads were stopped: 0.0015050 seconds, Stopping threads took: 0.0011513 seconds
2016-03-11T16:42:31.108+0000: 1877.349: Total time for which application threads were stopped: 0.0002258 seconds, Stopping threads took: 0.0000482 seconds
{Heap before GC invocations=17 (full 1):
 par new generation   total 109248K, used 90431K [0x00000000e0000000, 0x00000000e8000000, 0x00000000e8000000)
  eden space 87424K,  99% used [0x00000000e0000000, 0x00000000e555b960, 0x00000000e5560000)
  from space 21824K,  13% used [0x00000000e6ab0000, 0x00000000e6da4600, 0x00000000e8000000)
  to   space 21824K,   0% used [0x00000000e5560000, 0x00000000e5560000, 0x00000000e6ab0000)
 concurrent mark-sweep generation total 393216K, used 13135K [0x00000000e8000000, 0x0000000100000000, 0x0000000100000000)
 Metaspace       used 32837K, capacity 33154K, committed 33536K, reserved 1079296K
  class space    used 3684K, capacity 3801K, committed 3840K, reserved 1048576K
2016-03-11T16:42:31.161+0000: 1877.401: [GC (Allocation Failure) 2016-03-11T16:42:31.161+0000: 1877.401: [ParNew
Desired survivor size 20112992 bytes, new threshold 8 (max 8)
- age   1:     685376 bytes,     685376 total
- age   2:      19848 bytes,     705224 total
- age   3:      67712 bytes,     772936 total
- age   4:     422008 bytes,    1194944 total
- age   5:      85256 bytes,    1280200 total
- age   6:     282200 bytes,    1562400 total
- age   7:      34232 bytes,    1596632 total
- age   8:     108056 bytes,    1704688 total
: 90431K->1771K(109248K), 0.0165468 secs] 103567K->15049K(502464K), 0.0166858 secs] [Times: user=0.01 sys=0.00, real=0.02 secs] 
Heap after GC invocations=18 (full 1):
 par new generation   total 109248K, used 1771K [0x00000000e0000000, 0x00000000e8000000, 0x00000000e8000000)
  eden space 87424K,   0% used [0x00000000e0000000, 0x00000000e0000000, 0x00000000e5560000)
  from space 21824K,   8% used [0x00000000e5560000, 0x00000000e571af50, 0x00000000e6ab0000)
  to   space 21824K,   0% used [0x00000000e6ab0000, 0x00000000e6ab0000, 0x00000000e8000000)
 concurrent mark-sweep generation total 393216K, used 13278K [0x00000000e8000000, 0x0000000100000000, 0x0000000100000000)
 Metaspace       used 32837K, capacity 33154K, committed 33536K, reserved 1079296K
  class space    used 3684K, capacity 3801K, committed 3840K, reserved 1048576K
}
2016-03-11T16:42:31.178+0000: 1877.418: Total time for which application threads were stopped: 0.0172385 seconds, Stopping threads took: 0.0000640 seconds
2016-03-11T16:42:32.149+0000: 1878.388: Total time for which application threads were stopped: 0.0013811 seconds, Stopping threads took: 0.0011979 seconds
2016-03-11T16:42:32.189+0000: 1878.428: Total time for which application threads were stopped: 0.0002629 seconds, Stopping threads took: 0.0000798 seconds
2016-03-11T16:42:32.589+0000: 1878.829: Total time for which application threads were stopped: 0.0001785 seconds, Stopping threads took: 0.0000442 seconds
2016-03-11T16:42:33.589+0000: 1879.828: Total time for which application threads were stopped: 0.0002227 seconds, Stopping threads took: 0.0000576 seconds
2016-03-11T16:42:34.589+0000: 1880.828: Total time for which application threads were stopped: 0.0002021 seconds, Stopping threads took: 0.0000490 seconds
2016-03-11T16:42:35.039+0000: 1881.278: Total time for which application threads were stopped: 0.0004604 seconds, Stopping threads took: 0.0002061 seconds
2016-03-11T16:42:35.412+0000: 1881.652: Total time for which application threads were stopped: 0.0008433 seconds, Stopping threads took: 0.0000632 seconds
2016-03-11T16:42:35.843+0000: 1882.083: Total time for which application threads were stopped: 0.0002069 seconds, Stopping threads took: 0.0000600 seconds
2016-03-11T16:42:35.860+0000: 1882.100: Total time for which application threads were stopped: 0.0002132 seconds, Stopping threads took: 0.0000600 seconds
2016-03-11T16:42:35.899+0000: 1882.139: Total time for which application threads were stopped: 0.0002740 seconds, Stopping threads took: 0.0000466 seconds
{Heap before GC invocations=18 (full 1):
 par new generation   total 109248K, used 89195K [0x00000000e0000000, 0x00000000e8000000, 0x00000000e8000000)
  eden space 87424K, 100% used [0x00000000e0000000, 0x00000000e5560000, 0x00000000e5560000)
  from space 21824K,   8% used [0x00000000e5560000, 0x00000000e571af50, 0x00000000e6ab0000)
  to   space 21824K,   0% used [0x00000000e6ab0000, 0x00000000e6ab0000, 0x00000000e8000000)
 concurrent mark-sweep generation total 393216K, used 13278K [0x00000000e8000000, 0x0000000100000000, 0x0000000100000000)
 Metaspace       used 32855K, capacity 33218K, committed 33536K, reserved 1079296K
  class space    used 3684K, capacity 3801K, committed 3840K, reserved 1048576K
2016-03-11T16:42:37.505+0000: 1883.745: [GC (Allocation Failure) 2016-03-11T16:42:37.505+0000: 1883.745: [ParNew
Desired survivor size 20112992 bytes, new threshold 8 (max 8)
- age   1:     534784 bytes,     534784 total
- age   2:     274704 bytes,     809488 total
- age   3:      19344 bytes,     828832 total
- age   4:      65744 bytes,     894576 total
- age   5:     324976 bytes,    1219552 total
- age   6:      69408 bytes,    1288960 total
- age   7:     281816 bytes,    1570776 total
- age   8:      33968 bytes,    1604744 total
: 89195K->2298K(109248K), 0.0179421 secs] 102473K->15682K(502464K), 0.0180953 secs] [Times: user=0.03 sys=0.00, real=0.02 secs] 
Heap after GC invocations=19 (full 1):
 par new generation   total 109248K, used 2298K [0x00000000e0000000, 0x00000000e8000000, 0x00000000e8000000)
  eden space 87424K,   0% used [0x00000000e0000000, 0x00000000e0000000, 0x00000000e5560000)
  from space 21824K,  10% used [0x00000000e6ab0000, 0x00000000e6ceebc8, 0x00000000e8000000)
  to   space 21824K,   0% used [0x00000000e5560000, 0x00000000e5560000, 0x00000000e6ab0000)
 concurrent mark-sweep generation total 393216K, used 13383K [0x00000000e8000000, 0x0000000100000000, 0x0000000100000000)
 Metaspace       used 32855K, capacity 33218K, committed 33536K, reserved 1079296K
  class space    used 3684K, capacity 3801K, committed 3840K, reserved 1048576K
}
2016-03-11T16:42:37.523+0000: 1883.763: Total time for which application threads were stopped: 0.0187365 seconds, Stopping threads took: 0.0000521 seconds
2016-03-11T16:42:41.828+0000: 1888.068: Total time for which application threads were stopped: 0.0002416 seconds, Stopping threads took: 0.0000569 seconds
2016-03-11T16:42:41.889+0000: 1888.129: Total time for which application threads were stopped: 0.0001848 seconds, Stopping threads took: 0.0000474 seconds
{Heap before GC invocations=19 (full 1):
 par new generation   total 109248K, used 89722K [0x00000000e0000000, 0x00000000e8000000, 0x00000000e8000000)
  eden space 87424K, 100% used [0x00000000e0000000, 0x00000000e5560000, 0x00000000e5560000)
  from space 21824K,  10% used [0x00000000e6ab0000, 0x00000000e6ceebc8, 0x00000000e8000000)
  to   space 21824K,   0% used [0x00000000e5560000, 0x00000000e5560000, 0x00000000e6ab0000)
 concurrent mark-sweep generation total 393216K, used 13383K [0x00000000e8000000, 0x0000000100000000, 0x0000000100000000)
 Metaspace       used 32855K, capacity 33218K, committed 33536K, reserved 1079296K
  class space    used 3684K, capacity 3801K, committed 3840K, reserved 1048576K
2016-03-11T16:42:44.250+0000: 1890.490: [GC (Allocation Failure) 2016-03-11T16:42:44.250+0000: 1890.490: [ParNew
Desired survivor size 20112992 bytes, new threshold 8 (max 8)
- age   1:     544664 bytes,     544664 total
- age   2:     491768 bytes,    1036432 total
- age   3:     274160 bytes,    1310592 total
- age   4:      18912 bytes,    1329504 total
- age   5:      65112 bytes,    1394616 total
- age   6:     308856 bytes,    1703472 total
- age   7:      68904 bytes,    1772376 total
- age   8:     281424 bytes,    2053800 total
: 89722K->2051K(109248K), 0.0159175 secs] 103106K->15467K(502464K), 0.0160367 secs] [Times: user=0.02 sys=0.00, real=0.02 secs] 
Heap after GC invocations=20 (full 1):
 par new generation   total 109248K, used 2051K [0x00000000e0000000, 0x00000000e8000000, 0x00000000e8000000)
  eden space 87424K,   0% used [0x00000000e0000000, 0x00000000e0000000, 0x00000000e5560000)
  from space 21824K,   9% used [0x00000000e5560000, 0x00000000e5760d80, 0x00000000e6ab0000)
  to   space 21824K,   0% used [0x00000000e6ab0000, 0x00000000e6ab0000, 0x00000000e8000000)
 concurrent mark-sweep generation total 393216K, used 13416K [0x00000000e8000000, 0x0000000100000000, 0x0000000100000000)
 Metaspace       used 32855K, capacity 33218K, committed 33536K, reserved 1079296K
  class space    used 3684K, capacity 3801K, committed 3840K, reserved 1048576K
}
2016-03-11T16:42:44.266+0000: 1890.507: Total time for which application threads were stopped: 0.0165863 seconds, Stopping threads took: 0.0000648 seconds
2016-03-11T16:42:46.081+0000: 1892.321: Total time for which application threads were stopped: 0.0001856 seconds, Stopping threads took: 0.0000490 seconds
2016-03-11T16:42:46.215+0000: 1892.455: Total time for which application threads were stopped: 0.0002622 seconds, Stopping threads took: 0.0000687 seconds
2016-03-11T16:42:46.215+0000: 1892.456: Total time for which application threads were stopped: 0.0001263 seconds, Stopping threads took: 0.0000316 seconds
2016-03-11T16:42:46.216+0000: 1892.456: Total time for which application threads were stopped: 0.0001169 seconds, Stopping threads took: 0.0000268 seconds
2016-03-11T16:42:47.181+0000: 1893.421: Total time for which application threads were stopped: 0.0003514 seconds, Stopping threads took: 0.0000529 seconds
2016-03-11T16:42:48.515+0000: 1894.756: Total time for which application threads were stopped: 0.0007438 seconds, Stopping threads took: 0.0005330 seconds
2016-03-11T16:42:48.643+0000: 1894.884: Total time for which application threads were stopped: 0.0002258 seconds, Stopping threads took: 0.0000584 seconds
2016-03-11T16:42:50.578+0000: 1896.818: Total time for which application threads were stopped: 0.0002148 seconds, Stopping threads took: 0.0000426 seconds
{Heap before GC invocations=20 (full 1):
 par new generation   total 109248K, used 89475K [0x00000000e0000000, 0x00000000e8000000, 0x00000000e8000000)
  eden space 87424K, 100% used [0x00000000e0000000, 0x00000000e5560000, 0x00000000e5560000)
  from space 21824K,   9% used [0x00000000e5560000, 0x00000000e5760d80, 0x00000000e6ab0000)
  to   space 21824K,   0% used [0x00000000e6ab0000, 0x00000000e6ab0000, 0x00000000e8000000)
 concurrent mark-sweep generation total 393216K, used 13416K [0x00000000e8000000, 0x0000000100000000, 0x0000000100000000)
 Metaspace       used 32877K, capacity 33282K, committed 33792K, reserved 1079296K
  class space    used 3684K, capacity 3801K, committed 3840K, reserved 1048576K
2016-03-11T16:42:51.289+0000: 1897.528: [GC (Allocation Failure) 2016-03-11T16:42:51.289+0000: 1897.528: [ParNew
Desired survivor size 20112992 bytes, new threshold 8 (max 8)
- age   1:    1031216 bytes,    1031216 total
- age   2:      60928 bytes,    1092144 total
- age   3:     145960 bytes,    1238104 total
- age   4:     273024 bytes,    1511128 total
- age   5:      18552 bytes,    1529680 total
- age   6:      64672 bytes,    1594352 total
- age   7:     307864 bytes,    1902216 total
- age   8:      53088 bytes,    1955304 total
: 89475K->2460K(109248K), 0.0188360 secs] 102891K->16085K(502464K), 0.0189773 secs] [Times: user=0.03 sys=0.00, real=0.02 secs] 
Heap after GC invocations=21 (full 1):
 par new generation   total 109248K, used 2460K [0x00000000e0000000, 0x00000000e8000000, 0x00000000e8000000)
  eden space 87424K,   0% used [0x00000000e0000000, 0x00000000e0000000, 0x00000000e5560000)
  from space 21824K,  11% used [0x00000000e6ab0000, 0x00000000e6d17190, 0x00000000e8000000)
  to   space 21824K,   0% used [0x00000000e5560000, 0x00000000e5560000, 0x00000000e6ab0000)
 concurrent mark-sweep generation total 393216K, used 13625K [0x00000000e8000000, 0x0000000100000000, 0x0000000100000000)
 Metaspace       used 32877K, capacity 33282K, committed 33792K, reserved 1079296K
  class space    used 3684K, capacity 3801K, committed 3840K, reserved 1048576K
}
2016-03-11T16:42:51.308+0000: 1897.547: Total time for which application threads were stopped: 0.0195174 seconds, Stopping threads took: 0.0000679 seconds
2016-03-11T16:42:51.807+0000: 1898.047: Total time for which application threads were stopped: 0.0001856 seconds, Stopping threads took: 0.0000466 seconds
2016-03-11T16:42:51.809+0000: 1898.048: Total time for which application threads were stopped: 0.0001737 seconds, Stopping threads took: 0.0000434 seconds
2016-03-11T16:42:52.810+0000: 1899.050: Total time for which application threads were stopped: 0.0002014 seconds, Stopping threads took: 0.0000474 seconds
2016-03-11T16:42:53.813+0000: 1900.053: Total time for which application threads were stopped: 0.0002614 seconds, Stopping threads took: 0.0000837 seconds
2016-03-11T16:42:53.992+0000: 1900.232: Total time for which application threads were stopped: 0.0002543 seconds, Stopping threads took: 0.0000687 seconds
2016-03-11T16:42:54.177+0000: 1900.417: Total time for which application threads were stopped: 0.0003166 seconds, Stopping threads took: 0.0000482 seconds
2016-03-11T16:42:54.588+0000: 1900.828: Total time for which application threads were stopped: 0.0002511 seconds, Stopping threads took: 0.0000529 seconds
2016-03-11T16:42:54.672+0000: 1900.912: Total time for which application threads were stopped: 0.0002551 seconds, Stopping threads took: 0.0000529 seconds
{Heap before GC invocations=21 (full 1):
 par new generation   total 109248K, used 89884K [0x00000000e0000000, 0x00000000e8000000, 0x00000000e8000000)
  eden space 87424K, 100% used [0x00000000e0000000, 0x00000000e5560000, 0x00000000e5560000)
  from space 21824K,  11% used [0x00000000e6ab0000, 0x00000000e6d17190, 0x00000000e8000000)
  to   space 21824K,   0% used [0x00000000e5560000, 0x00000000e5560000, 0x00000000e6ab0000)
 concurrent mark-sweep generation total 393216K, used 13625K [0x00000000e8000000, 0x0000000100000000, 0x0000000100000000)
 Metaspace       used 32878K, capacity 33282K, committed 33792K, reserved 1079296K
  class space    used 3684K, capacity 3801K, committed 3840K, reserved 1048576K
2016-03-11T16:42:54.833+0000: 1901.073: [GC (Allocation Failure) 2016-03-11T16:42:54.833+0000: 1901.073: [ParNew
Desired survivor size 20112992 bytes, new threshold 8 (max 8)
- age   1:     468720 bytes,     468720 total
- age   2:     988768 bytes,    1457488 total
- age   3:      60664 bytes,    1518152 total
- age   4:     145736 bytes,    1663888 total
- age   5:     272784 bytes,    1936672 total
- age   6:      18432 bytes,    1955104 total
- age   7:      64504 bytes,    2019608 total
- age   8:     307768 bytes,    2327376 total
: 89884K->3567K(109248K), 0.0165508 secs] 103509K->17244K(502464K), 0.0167119 secs] [Times: user=0.03 sys=0.00, real=0.02 secs] 
Heap after GC invocations=22 (full 1):
 par new generation   total 109248K, used 3567K [0x00000000e0000000, 0x00000000e8000000, 0x00000000e8000000)
  eden space 87424K,   0% used [0x00000000e0000000, 0x00000000e0000000, 0x00000000e5560000)
  from space 21824K,  16% used [0x00000000e5560000, 0x00000000e58dbcc0, 0x00000000e6ab0000)
  to   space 21824K,   0% used [0x00000000e6ab0000, 0x00000000e6ab0000, 0x00000000e8000000)
 concurrent mark-sweep generation total 393216K, used 13677K [0x00000000e8000000, 0x0000000100000000, 0x0000000100000000)
 Metaspace       used 32878K, capacity 33282K, committed 33792K, reserved 1079296K
  class space    used 3684K, capacity 3801K, committed 3840K, reserved 1048576K
}
2016-03-11T16:42:54.850+0000: 1901.089: Total time for which application threads were stopped: 0.0172520 seconds, Stopping threads took: 0.0000758 seconds
2016-03-11T16:42:54.869+0000: 1901.109: Total time for which application threads were stopped: 0.0002835 seconds, Stopping threads took: 0.0000569 seconds
2016-03-11T16:42:55.050+0000: 1901.290: Total time for which application threads were stopped: 0.0002148 seconds, Stopping threads took: 0.0000482 seconds
2016-03-11T16:42:55.963+0000: 1902.203: Total time for which application threads were stopped: 0.0009444 seconds, Stopping threads took: 0.0007430 seconds
2016-03-11T16:42:57.963+0000: 1904.203: Total time for which application threads were stopped: 0.0002748 seconds, Stopping threads took: 0.0000569 seconds
{Heap before GC invocations=22 (full 1):
 par new generation   total 109248K, used 90991K [0x00000000e0000000, 0x00000000e8000000, 0x00000000e8000000)
  eden space 87424K, 100% used [0x00000000e0000000, 0x00000000e5560000, 0x00000000e5560000)
  from space 21824K,  16% used [0x00000000e5560000, 0x00000000e58dbcc0, 0x00000000e6ab0000)
  to   space 21824K,   0% used [0x00000000e6ab0000, 0x00000000e6ab0000, 0x00000000e8000000)
 concurrent mark-sweep generation total 393216K, used 13677K [0x00000000e8000000, 0x0000000100000000, 0x0000000100000000)
 Metaspace       used 32880K, capacity 33282K, committed 33792K, reserved 1079296K
  class space    used 3684K, capacity 3801K, committed 3840K, reserved 1048576K
2016-03-11T16:42:58.145+0000: 1904.387: [GC (Allocation Failure) 2016-03-11T16:42:58.145+0000: 1904.387: [ParNew
Desired survivor size 20112992 bytes, new threshold 8 (max 8)
- age   1:     439904 bytes,     439904 total
- age   2:     335800 bytes,     775704 total
- age   3:     988400 bytes,    1764104 total
- age   4:      60376 bytes,    1824480 total
- age   5:     145520 bytes,    1970000 total
- age   6:     272584 bytes,    2242584 total
- age   7:      18384 bytes,    2260968 total
- age   8:      64288 bytes,    2325256 total
: 90991K->2479K(109248K), 0.0158504 secs] 104668K->16456K(502464K), 0.0159901 secs] [Times: user=0.03 sys=0.00, real=0.02 secs] 
Heap after GC invocations=23 (full 1):
 par new generation   total 109248K, used 2479K [0x00000000e0000000, 0x00000000e8000000, 0x00000000e8000000)
  eden space 87424K,   0% used [0x00000000e0000000, 0x00000000e0000000, 0x00000000e5560000)
  from space 21824K,  11% used [0x00000000e6ab0000, 0x00000000e6d1bc08, 0x00000000e8000000)
  to   space 21824K,   0% used [0x00000000e5560000, 0x00000000e5560000, 0x00000000e6ab0000)
 concurrent mark-sweep generation total 393216K, used 13977K [0x00000000e8000000, 0x0000000100000000, 0x0000000100000000)
 Metaspace       used 32880K, capacity 33282K, committed 33792K, reserved 1079296K
  class space    used 3684K, capacity 3801K, committed 3840K, reserved 1048576K
}
2016-03-11T16:42:58.161+0000: 1904.403: Total time for which application threads were stopped: 0.0165405 seconds, Stopping threads took: 0.0000521 seconds
2016-03-11T16:43:00.161+0000: 1906.403: Total time for which application threads were stopped: 0.0001840 seconds, Stopping threads took: 0.0000576 seconds
2016-03-11T16:43:00.161+0000: 1906.403: Total time for which application threads were stopped: 0.0001271 seconds, Stopping threads took: 0.0000253 seconds
2016-03-11T16:43:01.161+0000: 1907.403: Total time for which application threads were stopped: 0.0005583 seconds, Stopping threads took: 0.0003166 seconds
2016-03-11T16:43:01.178+0000: 1907.420: Total time for which application threads were stopped: 0.0002930 seconds, Stopping threads took: 0.0000640 seconds
2016-03-11T16:43:01.179+0000: 1907.421: Total time for which application threads were stopped: 0.0001532 seconds, Stopping threads took: 0.0000316 seconds
2016-03-11T16:43:01.179+0000: 1907.421: Total time for which application threads were stopped: 0.0001437 seconds, Stopping threads took: 0.0000292 seconds
2016-03-11T16:43:02.179+0000: 1908.421: Total time for which application threads were stopped: 0.0001927 seconds, Stopping threads took: 0.0000521 seconds
{Heap before GC invocations=23 (full 1):
 par new generation   total 109248K, used 89903K [0x00000000e0000000, 0x00000000e8000000, 0x00000000e8000000)
  eden space 87424K, 100% used [0x00000000e0000000, 0x00000000e5560000, 0x00000000e5560000)
  from space 21824K,  11% used [0x00000000e6ab0000, 0x00000000e6d1bc08, 0x00000000e8000000)
  to   space 21824K,   0% used [0x00000000e5560000, 0x00000000e5560000, 0x00000000e6ab0000)
 concurrent mark-sweep generation total 393216K, used 13977K [0x00000000e8000000, 0x0000000100000000, 0x0000000100000000)
 Metaspace       used 32957K, capacity 33346K, committed 33792K, reserved 1079296K
  class space    used 3684K, capacity 3801K, committed 3840K, reserved 1048576K
2016-03-11T16:43:02.289+0000: 1908.531: [GC (Allocation Failure) 2016-03-11T16:43:02.289+0000: 1908.531: [ParNew
Desired survivor size 20112992 bytes, new threshold 8 (max 8)
- age   1:     771720 bytes,     771720 total
- age   2:      42024 bytes,     813744 total
- age   3:      52464 bytes,     866208 total
- age   4:     459144 bytes,    1325352 total
- age   5:      60040 bytes,    1385392 total
- age   6:     145272 bytes,    1530664 total
- age   7:     272440 bytes,    1803104 total
- age   8:      18336 bytes,    1821440 total
: 89903K->2142K(109248K), 0.0157185 secs] 103880K->16182K(502464K), 0.0158606 secs] [Times: user=0.03 sys=0.00, real=0.02 secs] 
Heap after GC invocations=24 (full 1):
 par new generation   total 109248K, used 2142K [0x00000000e0000000, 0x00000000e8000000, 0x00000000e8000000)
  eden space 87424K,   0% used [0x00000000e0000000, 0x00000000e0000000, 0x00000000e5560000)
  from space 21824K,   9% used [0x00000000e5560000, 0x00000000e5777a10, 0x00000000e6ab0000)
  to   space 21824K,   0% used [0x00000000e6ab0000, 0x00000000e6ab0000, 0x00000000e8000000)
 concurrent mark-sweep generation total 393216K, used 14040K [0x00000000e8000000, 0x0000000100000000, 0x0000000100000000)
 Metaspace       used 32957K, capacity 33346K, committed 33792K, reserved 1079296K
  class space    used 3684K, capacity 3801K, committed 3840K, reserved 1048576K
}
2016-03-11T16:43:02.305+0000: 1908.547: Total time for which application threads were stopped: 0.0164465 seconds, Stopping threads took: 0.0000861 seconds
2016-03-11T16:43:02.310+0000: 1908.553: Total time for which application threads were stopped: 0.0003143 seconds, Stopping threads took: 0.0000537 seconds
2016-03-11T16:43:03.013+0000: 1909.256: Total time for which application threads were stopped: 0.0003996 seconds, Stopping threads took: 0.0000474 seconds
2016-03-11T16:43:03.014+0000: 1909.256: Total time for which application threads were stopped: 0.0003048 seconds, Stopping threads took: 0.0000584 seconds
2016-03-11T16:43:03.017+0000: 1909.259: Total time for which application threads were stopped: 0.0003703 seconds, Stopping threads took: 0.0000584 seconds
2016-03-11T16:43:03.108+0000: 1909.351: Total time for which application threads were stopped: 0.0003356 seconds, Stopping threads took: 0.0000545 seconds
2016-03-11T16:43:03.480+0000: 1909.722: Total time for which application threads were stopped: 0.0004217 seconds, Stopping threads took: 0.0001698 seconds
2016-03-11T16:43:04.480+0000: 1910.722: Total time for which application threads were stopped: 0.0001871 seconds, Stopping threads took: 0.0000490 seconds
2016-03-11T16:43:05.480+0000: 1911.722: Total time for which application threads were stopped: 0.0002701 seconds, Stopping threads took: 0.0000576 seconds
2016-03-11T16:43:05.698+0000: 1911.940: Total time for which application threads were stopped: 0.0004232 seconds, Stopping threads took: 0.0000505 seconds
2016-03-11T16:43:05.754+0000: 1911.996: Total time for which application threads were stopped: 0.0031041 seconds, Stopping threads took: 0.0027535 seconds
2016-03-11T16:43:06.789+0000: 1913.031: Total time for which application threads were stopped: 0.0320158 seconds, Stopping threads took: 0.0318002 seconds
{Heap before GC invocations=24 (full 1):
 par new generation   total 109248K, used 89566K [0x00000000e0000000, 0x00000000e8000000, 0x00000000e8000000)
  eden space 87424K, 100% used [0x00000000e0000000, 0x00000000e5560000, 0x00000000e5560000)
  from space 21824K,   9% used [0x00000000e5560000, 0x00000000e5777a10, 0x00000000e6ab0000)
  to   space 21824K,   0% used [0x00000000e6ab0000, 0x00000000e6ab0000, 0x00000000e8000000)
 concurrent mark-sweep generation total 393216K, used 14040K [0x00000000e8000000, 0x0000000100000000, 0x0000000100000000)
 Metaspace       used 32961K, capacity 33346K, committed 33792K, reserved 1079296K
  class space    used 3684K, capacity 3801K, committed 3840K, reserved 1048576K
2016-03-11T16:43:08.025+0000: 1914.266: [GC (Allocation Failure) 2016-03-11T16:43:08.025+0000: 1914.266: [ParNew
Desired survivor size 20112992 bytes, new threshold 8 (max 8)
- age   1:     908600 bytes,     908600 total
- age   2:     382752 bytes,    1291352 total
- age   3:      41672 bytes,    1333024 total
- age   4:      51848 bytes,    1384872 total
- age   5:     336024 bytes,    1720896 total
- age   6:      59536 bytes,    1780432 total
- age   7:     145032 bytes,    1925464 total
- age   8:     272272 bytes,    2197736 total
: 89566K->2536K(109248K), 0.0166708 secs] 103606K->16594K(502464K), 0.0168200 secs] [Times: user=0.02 sys=0.00, real=0.02 secs] 
Heap after GC invocations=25 (full 1):
 par new generation   total 109248K, used 2536K [0x00000000e0000000, 0x00000000e8000000, 0x00000000e8000000)
  eden space 87424K,   0% used [0x00000000e0000000, 0x00000000e0000000, 0x00000000e5560000)
  from space 21824K,  11% used [0x00000000e6ab0000, 0x00000000e6d2a2f0, 0x00000000e8000000)
  to   space 21824K,   0% used [0x00000000e5560000, 0x00000000e5560000, 0x00000000e6ab0000)
 concurrent mark-sweep generation total 393216K, used 14058K [0x00000000e8000000, 0x0000000100000000, 0x0000000100000000)
 Metaspace       used 32961K, capacity 33346K, committed 33792K, reserved 1079296K
  class space    used 3684K, capacity 3801K, committed 3840K, reserved 1048576K
}
2016-03-11T16:43:08.042+0000: 1914.283: Total time for which application threads were stopped: 0.0173301 seconds, Stopping threads took: 0.0000632 seconds
2016-03-11T16:43:08.415+0000: 1914.657: Total time for which application threads were stopped: 0.0002093 seconds, Stopping threads took: 0.0000695 seconds
2016-03-11T16:43:13.254+0000: 1919.496: Total time for which application threads were stopped: 0.0002424 seconds, Stopping threads took: 0.0000458 seconds
{Heap before GC invocations=25 (full 1):
 par new generation   total 109248K, used 89952K [0x00000000e0000000, 0x00000000e8000000, 0x00000000e8000000)
  eden space 87424K,  99% used [0x00000000e0000000, 0x00000000e555ddc8, 0x00000000e5560000)
  from space 21824K,  11% used [0x00000000e6ab0000, 0x00000000e6d2a2f0, 0x00000000e8000000)
  to   space 21824K,   0% used [0x00000000e5560000, 0x00000000e5560000, 0x00000000e6ab0000)
 concurrent mark-sweep generation total 393216K, used 14058K [0x00000000e8000000, 0x0000000100000000, 0x0000000100000000)
 Metaspace       used 32976K, capacity 33346K, committed 33792K, reserved 1079296K
  class space    used 3684K, capacity 3801K, committed 3840K, reserved 1048576K
2016-03-11T16:43:14.219+0000: 1920.461: [GC (Allocation Failure) 2016-03-11T16:43:14.219+0000: 1920.461: [ParNew
Desired survivor size 20112992 bytes, new threshold 8 (max 8)
- age   1:     581744 bytes,     581744 total
- age   2:     853872 bytes,    1435616 total
- age   3:     378704 bytes,    1814320 total
- age   4:      41432 bytes,    1855752 total
- age   5:      51656 bytes,    1907408 total
- age   6:     320256 bytes,    2227664 total
- age   7:      59224 bytes,    2286888 total
- age   8:     144696 bytes,    2431584 total
: 89952K->2540K(109248K), 0.0274904 secs] 104010K->16864K(502464K), 0.0278694 secs] [Times: user=0.03 sys=0.00, real=0.03 secs] 
Heap after GC invocations=26 (full 1):
 par new generation   total 109248K, used 2540K [0x00000000e0000000, 0x00000000e8000000, 0x00000000e8000000)
  eden space 87424K,   0% used [0x00000000e0000000, 0x00000000e0000000, 0x00000000e5560000)
  from space 21824K,  11% used [0x00000000e5560000, 0x00000000e57db258, 0x00000000e6ab0000)
  to   space 21824K,   0% used [0x00000000e6ab0000, 0x00000000e6ab0000, 0x00000000e8000000)
 concurrent mark-sweep generation total 393216K, used 14324K [0x00000000e8000000, 0x0000000100000000, 0x0000000100000000)
 Metaspace       used 32976K, capacity 33346K, committed 33792K, reserved 1079296K
  class space    used 3684K, capacity 3801K, committed 3840K, reserved 1048576K
}
2016-03-11T16:43:14.247+0000: 1920.489: Total time for which application threads were stopped: 0.0285240 seconds, Stopping threads took: 0.0001295 seconds
2016-03-11T16:43:15.247+0000: 1921.489: Total time for which application threads were stopped: 0.0001816 seconds, Stopping threads took: 0.0000513 seconds
2016-03-11T16:43:15.851+0000: 1922.093: Total time for which application threads were stopped: 0.0002227 seconds, Stopping threads took: 0.0000648 seconds
2016-03-11T16:43:15.855+0000: 1922.097: Total time for which application threads were stopped: 0.0002227 seconds, Stopping threads took: 0.0000624 seconds
2016-03-11T16:43:16.178+0000: 1922.420: Total time for which application threads were stopped: 0.0001911 seconds, Stopping threads took: 0.0000561 seconds
2016-03-11T16:43:16.183+0000: 1922.425: Total time for which application threads were stopped: 0.0002014 seconds, Stopping threads took: 0.0000576 seconds
2016-03-11T16:43:16.340+0000: 1922.582: Total time for which application threads were stopped: 0.0003869 seconds, Stopping threads took: 0.0000924 seconds
2016-03-11T16:43:16.340+0000: 1922.582: Total time for which application threads were stopped: 0.0002069 seconds, Stopping threads took: 0.0000347 seconds
2016-03-11T16:43:16.341+0000: 1922.583: Total time for which application threads were stopped: 0.0001919 seconds, Stopping threads took: 0.0000276 seconds
2016-03-11T16:43:17.341+0000: 1923.583: Total time for which application threads were stopped: 0.0002053 seconds, Stopping threads took: 0.0000584 seconds
2016-03-11T16:43:19.019+0000: 1925.261: Total time for which application threads were stopped: 0.0003838 seconds, Stopping threads took: 0.0000900 seconds
2016-03-11T16:43:19.028+0000: 1925.270: Total time for which application threads were stopped: 0.0013479 seconds, Stopping threads took: 0.0010478 seconds
2016-03-11T16:43:20.029+0000: 1926.271: Total time for which application threads were stopped: 0.0008117 seconds, Stopping threads took: 0.0006380 seconds
{Heap before GC invocations=26 (full 1):
 par new generation   total 109248K, used 89964K [0x00000000e0000000, 0x00000000e8000000, 0x00000000e8000000)
  eden space 87424K, 100% used [0x00000000e0000000, 0x00000000e5560000, 0x00000000e5560000)
  from space 21824K,  11% used [0x00000000e5560000, 0x00000000e57db258, 0x00000000e6ab0000)
  to   space 21824K,   0% used [0x00000000e6ab0000, 0x00000000e6ab0000, 0x00000000e8000000)
 concurrent mark-sweep generation total 393216K, used 14324K [0x00000000e8000000, 0x0000000100000000, 0x0000000100000000)
 Metaspace       used 32992K, capacity 33354K, committed 33792K, reserved 1079296K
  class space    used 3686K, capacity 3805K, committed 3840K, reserved 1048576K
2016-03-11T16:43:21.151+0000: 1927.393: [GC (Allocation Failure) 2016-03-11T16:43:21.151+0000: 1927.393: [ParNew
Desired survivor size 20112992 bytes, new threshold 8 (max 8)
- age   1:    1372192 bytes,    1372192 total
- age   2:      60728 bytes,    1432920 total
- age   3:     292512 bytes,    1725432 total
- age   4:     374552 bytes,    2099984 total
- age   5:      41288 bytes,    2141272 total
- age   6:      51536 bytes,    2192808 total
- age   7:     319728 bytes,    2512536 total
- age   8:      58752 bytes,    2571288 total
: 89964K->2861K(109248K), 0.0165705 secs] 104288K->17312K(502464K), 0.0167166 secs] [Times: user=0.03 sys=0.00, real=0.02 secs] 
Heap after GC invocations=27 (full 1):
 par new generation   total 109248K, used 2861K [0x00000000e0000000, 0x00000000e8000000, 0x00000000e8000000)
  eden space 87424K,   0% used [0x00000000e0000000, 0x00000000e0000000, 0x00000000e5560000)
  from space 21824K,  13% used [0x00000000e6ab0000, 0x00000000e6d7b550, 0x00000000e8000000)
  to   space 21824K,   0% used [0x00000000e5560000, 0x00000000e5560000, 0x00000000e6ab0000)
 concurrent mark-sweep generation total 393216K, used 14450K [0x00000000e8000000, 0x0000000100000000, 0x0000000100000000)
 Metaspace       used 32992K, capacity 33354K, committed 33792K, reserved 1079296K
  class space    used 3686K, capacity 3805K, committed 3840K, reserved 1048576K
}
2016-03-11T16:43:21.167+0000: 1927.410: Total time for which application threads were stopped: 0.0171770 seconds, Stopping threads took: 0.0000474 seconds
2016-03-11T16:43:21.720+0000: 1927.962: Total time for which application threads were stopped: 0.0004311 seconds, Stopping threads took: 0.0001714 seconds
2016-03-11T16:43:22.320+0000: 1928.562: Total time for which application threads were stopped: 0.0016582 seconds, Stopping threads took: 0.0013132 seconds
2016-03-11T16:43:22.325+0000: 1928.567: Total time for which application threads were stopped: 0.0028901 seconds, Stopping threads took: 0.0025663 seconds
2016-03-11T16:43:22.337+0000: 1928.579: Total time for which application threads were stopped: 0.0106238 seconds, Stopping threads took: 0.0102384 seconds
2016-03-11T16:43:22.338+0000: 1928.581: Total time for which application threads were stopped: 0.0003301 seconds, Stopping threads took: 0.0000529 seconds
2016-03-11T16:43:22.339+0000: 1928.581: Total time for which application threads were stopped: 0.0003056 seconds, Stopping threads took: 0.0000292 seconds
2016-03-11T16:43:22.340+0000: 1928.583: Total time for which application threads were stopped: 0.0003190 seconds, Stopping threads took: 0.0000411 seconds
2016-03-11T16:43:22.397+0000: 1928.640: Total time for which application threads were stopped: 0.0004359 seconds, Stopping threads took: 0.0000734 seconds
2016-03-11T16:43:22.419+0000: 1928.661: Total time for which application threads were stopped: 0.0002219 seconds, Stopping threads took: 0.0000466 seconds
2016-03-11T16:43:22.902+0000: 1929.144: Total time for which application threads were stopped: 0.0018888 seconds, Stopping threads took: 0.0015090 seconds
2016-03-11T16:43:22.903+0000: 1929.145: Total time for which application threads were stopped: 0.0007249 seconds, Stopping threads took: 0.0004232 seconds
2016-03-11T16:43:22.982+0000: 1929.225: Total time for which application threads were stopped: 0.0059468 seconds, Stopping threads took: 0.0055409 seconds
2016-03-11T16:43:24.016+0000: 1930.258: Total time for which application threads were stopped: 0.0341683 seconds, Stopping threads took: 0.0338738 seconds
2016-03-11T16:43:25.792+0000: 1932.033: Total time for which application threads were stopped: 0.0002314 seconds, Stopping threads took: 0.0000561 seconds
2016-03-11T16:43:25.811+0000: 1932.052: Total time for which application threads were stopped: 0.0002219 seconds, Stopping threads took: 0.0000474 seconds
{Heap before GC invocations=27 (full 1):
 par new generation   total 109248K, used 90285K [0x00000000e0000000, 0x00000000e8000000, 0x00000000e8000000)
  eden space 87424K, 100% used [0x00000000e0000000, 0x00000000e5560000, 0x00000000e5560000)
  from space 21824K,  13% used [0x00000000e6ab0000, 0x00000000e6d7b550, 0x00000000e8000000)
  to   space 21824K,   0% used [0x00000000e5560000, 0x00000000e5560000, 0x00000000e6ab0000)
 concurrent mark-sweep generation total 393216K, used 14450K [0x00000000e8000000, 0x0000000100000000, 0x0000000100000000)
 Metaspace       used 33003K, capacity 33418K, committed 33792K, reserved 1079296K
  class space    used 3686K, capacity 3805K, committed 3840K, reserved 1048576K
2016-03-11T16:43:25.826+0000: 1932.067: [GC (Allocation Failure) 2016-03-11T16:43:25.826+0000: 1932.067: [ParNew
Desired survivor size 20112992 bytes, new threshold 8 (max 8)
- age   1:    1489160 bytes,    1489160 total
- age   2:     324480 bytes,    1813640 total
- age   3:      60152 bytes,    1873792 total
- age   4:     114328 bytes,    1988120 total
- age   5:     367968 bytes,    2356088 total
- age   6:      41168 bytes,    2397256 total
- age   7:      51440 bytes,    2448696 total
- age   8:     252312 bytes,    2701008 total
: 90285K->3133K(109248K), 0.0157406 secs] 104736K->17641K(502464K), 0.0158914 secs] [Times: user=0.03 sys=0.00, real=0.02 secs] 
Heap after GC invocations=28 (full 1):
 par new generation   total 109248K, used 3133K [0x00000000e0000000, 0x00000000e8000000, 0x00000000e8000000)
  eden space 87424K,   0% used [0x00000000e0000000, 0x00000000e0000000, 0x00000000e5560000)
  from space 21824K,  14% used [0x00000000e5560000, 0x00000000e586f5b8, 0x00000000e6ab0000)
  to   space 21824K,   0% used [0x00000000e6ab0000, 0x00000000e6ab0000, 0x00000000e8000000)
 concurrent mark-sweep generation total 393216K, used 14507K [0x00000000e8000000, 0x0000000100000000, 0x0000000100000000)
 Metaspace       used 33003K, capacity 33418K, committed 33792K, reserved 1079296K
  class space    used 3686K, capacity 3805K, committed 3840K, reserved 1048576K
}
2016-03-11T16:43:25.842+0000: 1932.083: Total time for which application threads were stopped: 0.0164307 seconds, Stopping threads took: 0.0000497 seconds
2016-03-11T16:43:25.843+0000: 1932.085: Total time for which application threads were stopped: 0.0001927 seconds, Stopping threads took: 0.0000371 seconds
2016-03-11T16:43:25.844+0000: 1932.085: Total time for which application threads were stopped: 0.0001248 seconds, Stopping threads took: 0.0000205 seconds
2016-03-11T16:43:25.844+0000: 1932.085: Total time for which application threads were stopped: 0.0001090 seconds, Stopping threads took: 0.0000197 seconds
2016-03-11T16:43:25.844+0000: 1932.085: Total time for which application threads were stopped: 0.0001090 seconds, Stopping threads took: 0.0000205 seconds
2016-03-11T16:43:25.844+0000: 1932.086: Total time for which application threads were stopped: 0.0001074 seconds, Stopping threads took: 0.0000205 seconds
2016-03-11T16:43:25.844+0000: 1932.086: Total time for which application threads were stopped: 0.0001153 seconds, Stopping threads took: 0.0000276 seconds
2016-03-11T16:43:25.844+0000: 1932.086: Total time for which application threads were stopped: 0.0001145 seconds, Stopping threads took: 0.0000276 seconds
2016-03-11T16:43:25.845+0000: 1932.086: Total time for which application threads were stopped: 0.0001153 seconds, Stopping threads took: 0.0000276 seconds
2016-03-11T16:43:26.681+0000: 1932.922: Total time for which application threads were stopped: 0.0002432 seconds, Stopping threads took: 0.0000576 seconds
2016-03-11T16:43:26.681+0000: 1932.923: Total time for which application threads were stopped: 0.0001216 seconds, Stopping threads took: 0.0000308 seconds
2016-03-11T16:43:26.681+0000: 1932.923: Total time for which application threads were stopped: 0.0001161 seconds, Stopping threads took: 0.0000292 seconds
2016-03-11T16:43:26.681+0000: 1932.923: Total time for which application threads were stopped: 0.0001153 seconds, Stopping threads took: 0.0000292 seconds
2016-03-11T16:43:26.682+0000: 1932.923: Total time for which application threads were stopped: 0.0001303 seconds, Stopping threads took: 0.0000300 seconds
2016-03-11T16:43:26.682+0000: 1932.923: Total time for which application threads were stopped: 0.0001153 seconds, Stopping threads took: 0.0000292 seconds
2016-03-11T16:43:26.682+0000: 1932.923: Total time for which application threads were stopped: 0.0001177 seconds, Stopping threads took: 0.0000276 seconds
2016-03-11T16:43:26.682+0000: 1932.924: Total time for which application threads were stopped: 0.0001169 seconds, Stopping threads took: 0.0000308 seconds
2016-03-11T16:43:26.682+0000: 1932.924: Total time for which application threads were stopped: 0.0001129 seconds, Stopping threads took: 0.0000276 seconds
2016-03-11T16:43:26.682+0000: 1932.924: Total time for which application threads were stopped: 0.0001145 seconds, Stopping threads took: 0.0000300 seconds
2016-03-11T16:43:26.683+0000: 1932.924: Total time for which application threads were stopped: 0.0003861 seconds, Stopping threads took: 0.0000324 seconds
2016-03-11T16:43:26.697+0000: 1932.939: Total time for which application threads were stopped: 0.0002132 seconds, Stopping threads took: 0.0000537 seconds
2016-03-11T16:43:27.697+0000: 1933.938: Total time for which application threads were stopped: 0.0002132 seconds, Stopping threads took: 0.0000529 seconds
2016-03-11T16:43:29.497+0000: 1935.739: Total time for which application threads were stopped: 0.0001958 seconds, Stopping threads took: 0.0000419 seconds
2016-03-11T16:43:30.497+0000: 1936.739: Total time for which application threads were stopped: 0.0002906 seconds, Stopping threads took: 0.0000576 seconds
2016-03-11T16:43:46.788+0000: 1953.037: Total time for which application threads were stopped: 0.0002456 seconds, Stopping threads took: 0.0000600 seconds
2016-03-11T16:43:46.798+0000: 1953.044: Total time for which application threads were stopped: 0.0002464 seconds, Stopping threads took: 0.0000553 seconds
2016-03-11T16:43:47.807+0000: 1954.049: Total time for which application threads were stopped: 0.0002061 seconds, Stopping threads took: 0.0000569 seconds
2016-03-11T16:44:12.849+0000: 1979.090: Total time for which application threads were stopped: 0.0003127 seconds, Stopping threads took: 0.0000955 seconds
2016-03-11T16:44:36.896+0000: 2003.137: Total time for which application threads were stopped: 0.0001966 seconds, Stopping threads took: 0.0000679 seconds
2016-03-11T16:45:09.967+0000: 2036.208: Total time for which application threads were stopped: 0.0002243 seconds, Stopping threads took: 0.0000576 seconds
2016-03-11T16:45:15.440+0000: 2041.682: Total time for which application threads were stopped: 0.0002148 seconds, Stopping threads took: 0.0000600 seconds
2016-03-11T16:45:15.478+0000: 2041.720: Total time for which application threads were stopped: 0.0001887 seconds, Stopping threads took: 0.0000450 seconds
2016-03-11T16:45:15.489+0000: 2041.731: Total time for which application threads were stopped: 0.0002164 seconds, Stopping threads took: 0.0000466 seconds
2016-03-11T16:45:15.492+0000: 2041.734: Total time for which application threads were stopped: 0.0001958 seconds, Stopping threads took: 0.0000513 seconds
2016-03-11T16:45:15.495+0000: 2041.737: Total time for which application threads were stopped: 0.0001721 seconds, Stopping threads took: 0.0000458 seconds
2016-03-11T16:45:15.496+0000: 2041.737: Total time for which application threads were stopped: 0.0001066 seconds, Stopping threads took: 0.0000276 seconds
2016-03-11T16:45:15.496+0000: 2041.738: Total time for which application threads were stopped: 0.0001034 seconds, Stopping threads took: 0.0000268 seconds
2016-03-11T16:45:15.496+0000: 2041.738: Total time for which application threads were stopped: 0.0001034 seconds, Stopping threads took: 0.0000268 seconds
2016-03-11T16:45:15.496+0000: 2041.738: Total time for which application threads were stopped: 0.0001169 seconds, Stopping threads took: 0.0000324 seconds
2016-03-11T16:45:15.498+0000: 2041.739: Total time for which application threads were stopped: 0.0001706 seconds, Stopping threads took: 0.0000529 seconds
2016-03-11T16:45:15.498+0000: 2041.740: Total time for which application threads were stopped: 0.0001113 seconds, Stopping threads took: 0.0000316 seconds
2016-03-11T16:45:15.498+0000: 2041.740: Total time for which application threads were stopped: 0.0001098 seconds, Stopping threads took: 0.0000300 seconds
2016-03-11T16:45:15.498+0000: 2041.740: Total time for which application threads were stopped: 0.0001903 seconds, Stopping threads took: 0.0001121 seconds
2016-03-11T16:45:15.498+0000: 2041.740: Total time for which application threads were stopped: 0.0001113 seconds, Stopping threads took: 0.0000324 seconds
2016-03-11T16:45:15.499+0000: 2041.741: Total time for which application threads were stopped: 0.0001098 seconds, Stopping threads took: 0.0000276 seconds
2016-03-11T16:45:15.499+0000: 2041.741: Total time for which application threads were stopped: 0.0001050 seconds, Stopping threads took: 0.0000268 seconds
2016-03-11T16:45:15.499+0000: 2041.741: Total time for which application threads were stopped: 0.0001485 seconds, Stopping threads took: 0.0000268 seconds
2016-03-11T16:45:15.526+0000: 2041.767: Total time for which application threads were stopped: 0.0003095 seconds, Stopping threads took: 0.0000924 seconds
2016-03-11T16:45:16.528+0000: 2042.770: Total time for which application threads were stopped: 0.0002195 seconds, Stopping threads took: 0.0000632 seconds
2016-03-11T16:45:17.575+0000: 2043.816: Total time for which application threads were stopped: 0.0002195 seconds, Stopping threads took: 0.0000561 seconds
2016-03-11T16:45:19.581+0000: 2045.823: Total time for which application threads were stopped: 0.0001816 seconds, Stopping threads took: 0.0000505 seconds
2016-03-11T16:46:05.698+0000: 2091.940: Total time for which application threads were stopped: 0.0002085 seconds, Stopping threads took: 0.0000703 seconds
2016-03-11T17:07:49.974+0000: 3396.239: Total time for which application threads were stopped: 0.0002780 seconds, Stopping threads took: 0.0000892 seconds
2016-03-11T17:08:20.011+0000: 3426.275: Total time for which application threads were stopped: 0.0002179 seconds, Stopping threads took: 0.0000687 seconds
2016-03-11T17:16:20.742+0000: 3907.020: Total time for which application threads were stopped: 0.0002171 seconds, Stopping threads took: 0.0000632 seconds
2016-03-11T17:18:53.030+0000: 4059.310: Total time for which application threads were stopped: 0.0002266 seconds, Stopping threads took: 0.0000687 seconds
2016-03-11T17:48:53.030+0000: 5859.383: Total time for which application threads were stopped: 0.0021778 seconds, Stopping threads took: 0.0000655 seconds
2016-03-11T17:48:53.045+0000: 5859.406: Total time for which application threads were stopped: 0.0010929 seconds, Stopping threads took: 0.0000569 seconds
2016-03-11T17:48:53.154+0000: 5859.515: Total time for which application threads were stopped: 0.0001974 seconds, Stopping threads took: 0.0000482 seconds
2016-03-11T17:48:53.201+0000: 5859.552: Total time for which application threads were stopped: 0.0001745 seconds, Stopping threads took: 0.0000466 seconds
2016-03-11T17:48:53.201+0000: 5859.553: Total time for which application threads were stopped: 0.0000853 seconds, Stopping threads took: 0.0000221 seconds
2016-03-11T17:48:53.201+0000: 5859.554: Total time for which application threads were stopped: 0.0001066 seconds, Stopping threads took: 0.0000284 seconds
2016-03-11T17:48:53.201+0000: 5859.554: Total time for which application threads were stopped: 0.0000829 seconds, Stopping threads took: 0.0000221 seconds
2016-03-11T17:48:53.201+0000: 5859.555: Total time for which application threads were stopped: 0.0001485 seconds, Stopping threads took: 0.0000340 seconds
2016-03-11T17:48:53.232+0000: 5859.587: Total time for which application threads were stopped: 0.0002124 seconds, Stopping threads took: 0.0000411 seconds
2016-03-11T17:48:53.232+0000: 5859.589: Total time for which application threads were stopped: 0.0001571 seconds, Stopping threads took: 0.0000497 seconds
2016-03-11T17:48:53.232+0000: 5859.589: Total time for which application threads were stopped: 0.0001169 seconds, Stopping threads took: 0.0000300 seconds
2016-03-11T17:48:53.232+0000: 5859.590: Total time for which application threads were stopped: 0.0000908 seconds, Stopping threads took: 0.0000229 seconds
2016-03-11T17:48:53.248+0000: 5859.600: Total time for which application threads were stopped: 0.0001777 seconds, Stopping threads took: 0.0000434 seconds
2016-03-11T17:48:53.248+0000: 5859.601: Total time for which application threads were stopped: 0.0001271 seconds, Stopping threads took: 0.0000316 seconds
2016-03-11T17:48:53.248+0000: 5859.601: Total time for which application threads were stopped: 0.0000924 seconds, Stopping threads took: 0.0000324 seconds
2016-03-11T17:48:53.248+0000: 5859.601: Total time for which application threads were stopped: 0.0001050 seconds, Stopping threads took: 0.0000426 seconds
2016-03-11T17:48:53.248+0000: 5859.602: Total time for which application threads were stopped: 0.0000782 seconds, Stopping threads took: 0.0000221 seconds
2016-03-11T17:48:53.248+0000: 5859.602: Total time for which application threads were stopped: 0.0000782 seconds, Stopping threads took: 0.0000213 seconds
2016-03-11T17:48:53.248+0000: 5859.602: Total time for which application threads were stopped: 0.0000790 seconds, Stopping threads took: 0.0000213 seconds
2016-03-11T17:48:53.248+0000: 5859.602: Total time for which application threads were stopped: 0.0000766 seconds, Stopping threads took: 0.0000205 seconds
2016-03-11T17:48:53.248+0000: 5859.602: Total time for which application threads were stopped: 0.0000766 seconds, Stopping threads took: 0.0000205 seconds
2016-03-11T17:48:53.248+0000: 5859.602: Total time for which application threads were stopped: 0.0000766 seconds, Stopping threads took: 0.0000205 seconds
2016-03-11T17:48:53.248+0000: 5859.603: Total time for which application threads were stopped: 0.0000766 seconds, Stopping threads took: 0.0000205 seconds
2016-03-11T17:48:53.248+0000: 5859.603: Total time for which application threads were stopped: 0.0000758 seconds, Stopping threads took: 0.0000205 seconds
2016-03-11T17:48:53.248+0000: 5859.604: Total time for which application threads were stopped: 0.0001129 seconds, Stopping threads took: 0.0000316 seconds
2016-03-11T17:48:53.248+0000: 5859.607: Total time for which application threads were stopped: 0.0001864 seconds, Stopping threads took: 0.0000363 seconds
2016-03-11T17:48:53.248+0000: 5859.607: Total time for which application threads were stopped: 0.0000861 seconds, Stopping threads took: 0.0000253 seconds
2016-03-11T17:48:53.248+0000: 5859.608: Total time for which application threads were stopped: 0.0000892 seconds, Stopping threads took: 0.0000261 seconds
2016-03-11T17:48:53.295+0000: 5859.654: Total time for which application threads were stopped: 0.0003490 seconds, Stopping threads took: 0.0002701 seconds
2016-03-11T17:48:53.295+0000: 5859.654: Total time for which application threads were stopped: 0.0000687 seconds, Stopping threads took: 0.0000284 seconds
2016-03-11T17:48:53.295+0000: 5859.655: Total time for which application threads were stopped: 0.0000924 seconds, Stopping threads took: 0.0000340 seconds
2016-03-11T17:48:53.295+0000: 5859.655: Total time for which application threads were stopped: 0.0000837 seconds, Stopping threads took: 0.0000387 seconds
2016-03-11T17:48:53.295+0000: 5859.656: Total time for which application threads were stopped: 0.0001232 seconds, Stopping threads took: 0.0000616 seconds
Heap
 par new generation   total 109248K, used 14388K [0x00000000e0000000, 0x00000000e8000000, 0x00000000e8000000)
  eden space 87424K,  12% used [0x00000000e0000000, 0x00000000e0afdcf8, 0x00000000e5560000)
  from space 21824K,  14% used [0x00000000e5560000, 0x00000000e586f5b8, 0x00000000e6ab0000)
  to   space 21824K,   0% used [0x00000000e6ab0000, 0x00000000e6ab0000, 0x00000000e8000000)
 concurrent mark-sweep generation total 393216K, used 14507K [0x00000000e8000000, 0x0000000100000000, 0x0000000100000000)
 Metaspace       used 33593K, capacity 33994K, committed 34432K, reserved 1079296K
  class space    used 3747K, capacity 3933K, committed 3968K, reserved 1048576K
