Java HotSpot(TM) 64-Bit Server VM (25.73-b02) for windows-amd64 JRE (1.8.0_73-b02), built on Jan 29 2016 17:38:49 by "java_re" with MS VC++ 10.0 (VS2010)
Memory: 4k page, physical 4027256k(1073380k free), swap 8052676k(2056980k free)
CommandLine flags: -XX:CMSInitiatingOccupancyFraction=50 -XX:CMSMaxAbortablePrecleanTime=6000 -XX:+CMSParallelRemarkEnabled -XX:+CMSScavengeBeforeRemark -XX:ConcGCThreads=4 -XX:InitialHeapSize=536870912 -XX:MaxHeapSize=536870912 -XX:MaxTenuringThreshold=8 -XX:NewRatio=3 -XX:OldPLABSize=16 -XX:ParallelGCThreads=4 -XX:+ParallelRefProcEnabled -XX:PretenureSizeThreshold=67108864 -XX:+PrintGC -XX:+PrintGCApplicationStoppedTime -XX:+PrintGCDateStamps -XX:+PrintGCDetails -XX:+PrintGCTimeStamps -XX:+PrintHeapAtGC -XX:+PrintTenuringDistribution -XX:SurvivorRatio=4 -XX:TargetSurvivorRatio=90 -XX:ThreadStackSize=256 -XX:+UseCMSInitiatingOccupancyOnly -XX:+UseCompressedClassPointers -XX:+UseCompressedOops -XX:+UseConcMarkSweepGC -XX:-UseLargePagesIndividualAllocation -XX:+UseParNewGC 
2016-03-01T14:05:54.533+0000: 1.054: Total time for which application threads were stopped: 0.0003719 seconds, Stopping threads took: 0.0002172 seconds
2016-03-01T14:05:55.039+0000: 1.561: Total time for which application threads were stopped: 0.0003111 seconds, Stopping threads took: 0.0000458 seconds
2016-03-01T14:05:56.040+0000: 2.561: Total time for which application threads were stopped: 0.0001350 seconds, Stopping threads took: 0.0000387 seconds
2016-03-01T14:05:56.165+0000: 2.686: Total time for which application threads were stopped: 0.0002740 seconds, Stopping threads took: 0.0000450 seconds
2016-03-01T14:05:56.383+0000: 2.905: Total time for which application threads were stopped: 0.0003348 seconds, Stopping threads took: 0.0000482 seconds
2016-03-01T14:05:56.418+0000: 2.939: Total time for which application threads were stopped: 0.0003332 seconds, Stopping threads took: 0.0000545 seconds
2016-03-01T14:05:57.419+0000: 3.939: Total time for which application threads were stopped: 0.0001927 seconds, Stopping threads took: 0.0000505 seconds
{Heap before GC invocations=0 (full 0):
 par new generation   total 109248K, used 87424K [0x00000000e0000000, 0x00000000e8000000, 0x00000000e8000000)
  eden space 87424K, 100% used [0x00000000e0000000, 0x00000000e5560000, 0x00000000e5560000)
  from space 21824K,   0% used [0x00000000e5560000, 0x00000000e5560000, 0x00000000e6ab0000)
  to   space 21824K,   0% used [0x00000000e6ab0000, 0x00000000e6ab0000, 0x00000000e8000000)
 concurrent mark-sweep generation total 393216K, used 0K [0x00000000e8000000, 0x0000000100000000, 0x0000000100000000)
 Metaspace       used 10120K, capacity 10344K, committed 10496K, reserved 1058816K
  class space    used 1166K, capacity 1212K, committed 1280K, reserved 1048576K
2016-03-01T14:05:57.450+0000: 3.971: [GC (Allocation Failure) 2016-03-01T14:05:57.450+0000: 3.971: [ParNew
Desired survivor size 20112992 bytes, new threshold 8 (max 8)
- age   1:    5738160 bytes,    5738160 total
: 87424K->5671K(109248K), 0.0381408 secs] 87424K->5671K(502464K), 0.0384780 secs] [Times: user=0.02 sys=0.00, real=0.04 secs] 
Heap after GC invocations=1 (full 0):
 par new generation   total 109248K, used 5671K [0x00000000e0000000, 0x00000000e8000000, 0x00000000e8000000)
  eden space 87424K,   0% used [0x00000000e0000000, 0x00000000e0000000, 0x00000000e5560000)
  from space 21824K,  25% used [0x00000000e6ab0000, 0x00000000e7039dc0, 0x00000000e8000000)
  to   space 21824K,   0% used [0x00000000e5560000, 0x00000000e5560000, 0x00000000e6ab0000)
 concurrent mark-sweep generation total 393216K, used 0K [0x00000000e8000000, 0x0000000100000000, 0x0000000100000000)
 Metaspace       used 10120K, capacity 10344K, committed 10496K, reserved 1058816K
  class space    used 1166K, capacity 1212K, committed 1280K, reserved 1048576K
}
2016-03-01T14:05:57.489+0000: 4.009: Total time for which application threads were stopped: 0.0388839 seconds, Stopping threads took: 0.0000482 seconds
2016-03-01T14:05:57.954+0000: 4.474: Total time for which application threads were stopped: 0.0004564 seconds, Stopping threads took: 0.0000616 seconds
2016-03-01T14:05:57.994+0000: 4.515: Total time for which application threads were stopped: 0.0004264 seconds, Stopping threads took: 0.0001263 seconds
2016-03-01T14:05:58.059+0000: 4.580: Total time for which application threads were stopped: 0.0003996 seconds, Stopping threads took: 0.0000569 seconds
2016-03-01T14:05:58.398+0000: 4.924: Total time for which application threads were stopped: 0.0005022 seconds, Stopping threads took: 0.0000521 seconds
2016-03-01T14:05:58.408+0000: 4.932: Total time for which application threads were stopped: 0.0004059 seconds, Stopping threads took: 0.0000395 seconds
2016-03-01T14:05:59.123+0000: 5.643: Total time for which application threads were stopped: 0.0044765 seconds, Stopping threads took: 0.0042949 seconds
2016-03-01T14:05:59.148+0000: 5.669: Total time for which application threads were stopped: 0.0010329 seconds, Stopping threads took: 0.0008947 seconds
2016-03-01T14:05:59.150+0000: 5.671: Total time for which application threads were stopped: 0.0010360 seconds, Stopping threads took: 0.0009286 seconds
2016-03-01T14:05:59.160+0000: 5.681: Total time for which application threads were stopped: 0.0011276 seconds, Stopping threads took: 0.0010344 seconds
2016-03-01T14:05:59.160+0000: 5.681: Total time for which application threads were stopped: 0.0001832 seconds, Stopping threads took: 0.0001406 seconds
2016-03-01T14:05:59.161+0000: 5.681: Total time for which application threads were stopped: 0.0000782 seconds, Stopping threads took: 0.0000308 seconds
2016-03-01T14:05:59.161+0000: 5.682: Total time for which application threads were stopped: 0.0000845 seconds, Stopping threads took: 0.0000340 seconds
2016-03-01T14:05:59.161+0000: 5.682: Total time for which application threads were stopped: 0.0000758 seconds, Stopping threads took: 0.0000324 seconds
2016-03-01T14:05:59.161+0000: 5.682: Total time for which application threads were stopped: 0.0000719 seconds, Stopping threads took: 0.0000300 seconds
2016-03-01T14:05:59.162+0000: 5.682: Total time for which application threads were stopped: 0.0000734 seconds, Stopping threads took: 0.0000308 seconds
2016-03-01T14:05:59.162+0000: 5.682: Total time for which application threads were stopped: 0.0000679 seconds, Stopping threads took: 0.0000261 seconds
2016-03-01T14:05:59.175+0000: 5.695: Total time for which application threads were stopped: 0.0005085 seconds, Stopping threads took: 0.0000434 seconds
2016-03-01T14:05:59.188+0000: 5.709: Total time for which application threads were stopped: 0.0001477 seconds, Stopping threads took: 0.0000434 seconds
2016-03-01T14:05:59.190+0000: 5.711: Total time for which application threads were stopped: 0.0001066 seconds, Stopping threads took: 0.0000395 seconds
2016-03-01T14:05:59.191+0000: 5.711: Total time for which application threads were stopped: 0.0000711 seconds, Stopping threads took: 0.0000276 seconds
2016-03-01T14:05:59.191+0000: 5.711: Total time for which application threads were stopped: 0.0000671 seconds, Stopping threads took: 0.0000253 seconds
2016-03-01T14:05:59.200+0000: 5.721: Total time for which application threads were stopped: 0.0001303 seconds, Stopping threads took: 0.0000426 seconds
2016-03-01T14:05:59.201+0000: 5.721: Total time for which application threads were stopped: 0.0000766 seconds, Stopping threads took: 0.0000237 seconds
2016-03-01T14:05:59.217+0000: 5.737: Total time for which application threads were stopped: 0.0001216 seconds, Stopping threads took: 0.0000387 seconds
2016-03-01T14:05:59.217+0000: 5.738: Total time for which application threads were stopped: 0.0000671 seconds, Stopping threads took: 0.0000205 seconds
2016-03-01T14:05:59.219+0000: 5.740: Total time for which application threads were stopped: 0.0001358 seconds, Stopping threads took: 0.0000419 seconds
2016-03-01T14:05:59.374+0000: 5.894: Total time for which application threads were stopped: 0.0001279 seconds, Stopping threads took: 0.0000411 seconds
2016-03-01T14:05:59.375+0000: 5.896: Total time for which application threads were stopped: 0.0001074 seconds, Stopping threads took: 0.0000387 seconds
2016-03-01T14:05:59.376+0000: 5.896: Total time for which application threads were stopped: 0.0000663 seconds, Stopping threads took: 0.0000205 seconds
2016-03-01T14:05:59.376+0000: 5.896: Total time for which application threads were stopped: 0.0000655 seconds, Stopping threads took: 0.0000205 seconds
2016-03-01T14:05:59.376+0000: 5.896: Total time for which application threads were stopped: 0.0000869 seconds, Stopping threads took: 0.0000347 seconds
2016-03-01T14:05:59.376+0000: 5.897: Total time for which application threads were stopped: 0.0000742 seconds, Stopping threads took: 0.0000245 seconds
2016-03-01T14:05:59.376+0000: 5.897: Total time for which application threads were stopped: 0.0000655 seconds, Stopping threads took: 0.0000205 seconds
2016-03-01T14:05:59.376+0000: 5.897: Total time for which application threads were stopped: 0.0000663 seconds, Stopping threads took: 0.0000213 seconds
2016-03-01T14:05:59.712+0000: 6.242: Total time for which application threads were stopped: 0.0001619 seconds, Stopping threads took: 0.0000426 seconds
2016-03-01T14:05:59.722+0000: 6.242: Total time for which application threads were stopped: 0.0000805 seconds, Stopping threads took: 0.0000316 seconds
2016-03-01T14:05:59.722+0000: 6.242: Total time for which application threads were stopped: 0.0000813 seconds, Stopping threads took: 0.0000324 seconds
2016-03-01T14:05:59.762+0000: 6.288: Total time for which application threads were stopped: 0.0005425 seconds, Stopping threads took: 0.0000584 seconds
{Heap before GC invocations=1 (full 0):
 par new generation   total 109248K, used 93095K [0x00000000e0000000, 0x00000000e8000000, 0x00000000e8000000)
  eden space 87424K, 100% used [0x00000000e0000000, 0x00000000e5560000, 0x00000000e5560000)
  from space 21824K,  25% used [0x00000000e6ab0000, 0x00000000e7039dc0, 0x00000000e8000000)
  to   space 21824K,   0% used [0x00000000e5560000, 0x00000000e5560000, 0x00000000e6ab0000)
 concurrent mark-sweep generation total 393216K, used 0K [0x00000000e8000000, 0x0000000100000000, 0x0000000100000000)
 Metaspace       used 19699K, capacity 20052K, committed 20224K, reserved 1067008K
  class space    used 2351K, capacity 2488K, committed 2560K, reserved 1048576K
2016-03-01T14:05:59.772+0000: 6.301: [GC (Allocation Failure) 2016-03-01T14:05:59.772+0000: 6.301: [ParNew
Desired survivor size 20112992 bytes, new threshold 8 (max 8)
- age   1:    7683080 bytes,    7683080 total
- age   2:    2551560 bytes,   10234640 total
: 93095K->11268K(109248K), 0.0306700 secs] 93095K->11268K(502464K), 0.0308476 secs] [Times: user=0.08 sys=0.00, real=0.04 secs] 
Heap after GC invocations=2 (full 0):
 par new generation   total 109248K, used 11268K [0x00000000e0000000, 0x00000000e8000000, 0x00000000e8000000)
  eden space 87424K,   0% used [0x00000000e0000000, 0x00000000e0000000, 0x00000000e5560000)
  from space 21824K,  51% used [0x00000000e5560000, 0x00000000e6061360, 0x00000000e6ab0000)
  to   space 21824K,   0% used [0x00000000e6ab0000, 0x00000000e6ab0000, 0x00000000e8000000)
 concurrent mark-sweep generation total 393216K, used 0K [0x00000000e8000000, 0x0000000100000000, 0x0000000100000000)
 Metaspace       used 19699K, capacity 20052K, committed 20224K, reserved 1067008K
  class space    used 2351K, capacity 2488K, committed 2560K, reserved 1048576K
}
2016-03-01T14:05:59.812+0000: 6.332: Total time for which application threads were stopped: 0.0312740 seconds, Stopping threads took: 0.0000750 seconds
2016-03-01T14:05:59.812+0000: 6.341: Total time for which application threads were stopped: 0.0001856 seconds, Stopping threads took: 0.0000766 seconds
2016-03-01T14:05:59.822+0000: 6.343: Total time for which application threads were stopped: 0.0002748 seconds, Stopping threads took: 0.0002195 seconds
2016-03-01T14:05:59.824+0000: 6.345: Total time for which application threads were stopped: 0.0000877 seconds, Stopping threads took: 0.0000371 seconds
2016-03-01T14:05:59.844+0000: 6.370: Total time for which application threads were stopped: 0.0005251 seconds, Stopping threads took: 0.0000434 seconds
2016-03-01T14:06:00.053+0000: 6.573: Total time for which application threads were stopped: 0.0002100 seconds, Stopping threads took: 0.0000561 seconds
2016-03-01T14:06:00.079+0000: 6.600: Total time for which application threads were stopped: 0.0001390 seconds, Stopping threads took: 0.0000474 seconds
2016-03-01T14:06:00.080+0000: 6.601: Total time for which application threads were stopped: 0.0000979 seconds, Stopping threads took: 0.0000300 seconds
2016-03-01T14:06:00.172+0000: 6.692: Total time for which application threads were stopped: 0.0001492 seconds, Stopping threads took: 0.0000458 seconds
2016-03-01T14:06:00.338+0000: 6.858: Total time for which application threads were stopped: 0.0001532 seconds, Stopping threads took: 0.0000497 seconds
2016-03-01T14:06:00.502+0000: 7.023: Total time for which application threads were stopped: 0.0002306 seconds, Stopping threads took: 0.0000450 seconds
2016-03-01T14:06:00.557+0000: 7.078: Total time for which application threads were stopped: 0.0001674 seconds, Stopping threads took: 0.0000442 seconds
2016-03-01T14:06:00.772+0000: 7.292: Total time for which application threads were stopped: 0.0001358 seconds, Stopping threads took: 0.0000466 seconds
2016-03-01T14:06:00.774+0000: 7.295: Total time for which application threads were stopped: 0.0001627 seconds, Stopping threads took: 0.0000411 seconds
2016-03-01T14:06:00.820+0000: 7.341: Total time for which application threads were stopped: 0.0001800 seconds, Stopping threads took: 0.0000474 seconds
{Heap before GC invocations=2 (full 0):
 par new generation   total 109248K, used 98692K [0x00000000e0000000, 0x00000000e8000000, 0x00000000e8000000)
  eden space 87424K, 100% used [0x00000000e0000000, 0x00000000e5560000, 0x00000000e5560000)
  from space 21824K,  51% used [0x00000000e5560000, 0x00000000e6061360, 0x00000000e6ab0000)
  to   space 21824K,   0% used [0x00000000e6ab0000, 0x00000000e6ab0000, 0x00000000e8000000)
 concurrent mark-sweep generation total 393216K, used 0K [0x00000000e8000000, 0x0000000100000000, 0x0000000100000000)
 Metaspace       used 21395K, capacity 21792K, committed 21960K, reserved 1069056K
  class space    used 2544K, capacity 2682K, committed 2688K, reserved 1048576K
2016-03-01T14:06:00.824+0000: 7.345: [GC (Allocation Failure) 2016-03-01T14:06:00.824+0000: 7.345: [ParNew
Desired survivor size 20112992 bytes, new threshold 8 (max 8)
- age   1:    1773104 bytes,    1773104 total
- age   2:    2349504 bytes,    4122608 total
- age   3:    2550008 bytes,    6672616 total
: 98692K->12652K(109248K), 0.0245281 secs] 98692K->12652K(502464K), 0.0246694 secs] [Times: user=0.03 sys=0.00, real=0.03 secs] 
Heap after GC invocations=3 (full 0):
 par new generation   total 109248K, used 12652K [0x00000000e0000000, 0x00000000e8000000, 0x00000000e8000000)
  eden space 87424K,   0% used [0x00000000e0000000, 0x00000000e0000000, 0x00000000e5560000)
  from space 21824K,  57% used [0x00000000e6ab0000, 0x00000000e770b2f0, 0x00000000e8000000)
  to   space 21824K,   0% used [0x00000000e5560000, 0x00000000e5560000, 0x00000000e6ab0000)
 concurrent mark-sweep generation total 393216K, used 0K [0x00000000e8000000, 0x0000000100000000, 0x0000000100000000)
 Metaspace       used 21395K, capacity 21792K, committed 21960K, reserved 1069056K
  class space    used 2544K, capacity 2682K, committed 2688K, reserved 1048576K
}
2016-03-01T14:06:00.849+0000: 7.370: Total time for which application threads were stopped: 0.0250627 seconds, Stopping threads took: 0.0000411 seconds
2016-03-01T14:06:00.869+0000: 7.390: [GC (CMS Initial Mark) [1 CMS-initial-mark: 0K(393216K)] 12668K(502464K), 0.0119387 secs] [Times: user=0.02 sys=0.00, real=0.01 secs] 
2016-03-01T14:06:00.881+0000: 7.402: Total time for which application threads were stopped: 0.0138504 seconds, Stopping threads took: 0.0017372 seconds
2016-03-01T14:06:00.881+0000: 7.402: [CMS-concurrent-mark-start]
2016-03-01T14:06:00.882+0000: 7.403: [CMS-concurrent-mark: 0.001/0.001 secs] [Times: user=0.00 sys=0.00, real=0.00 secs] 
2016-03-01T14:06:00.882+0000: 7.403: [CMS-concurrent-preclean-start]
2016-03-01T14:06:00.885+0000: 7.405: [CMS-concurrent-preclean: 0.002/0.002 secs] [Times: user=0.00 sys=0.00, real=0.00 secs] 
2016-03-01T14:06:00.913+0000: 7.433: Total time for which application threads were stopped: 0.0249047 seconds, Stopping threads took: 0.0246497 seconds
2016-03-01T14:06:00.924+0000: 7.444: [GC (CMS Final Remark) [YG occupancy: 16591 K (109248 K)]{Heap before GC invocations=3 (full 1):
 par new generation   total 109248K, used 16591K [0x00000000e0000000, 0x00000000e8000000, 0x00000000e8000000)
  eden space 87424K,   4% used [0x00000000e0000000, 0x00000000e03d8950, 0x00000000e5560000)
  from space 21824K,  57% used [0x00000000e6ab0000, 0x00000000e770b2f0, 0x00000000e8000000)
  to   space 21824K,   0% used [0x00000000e5560000, 0x00000000e5560000, 0x00000000e6ab0000)
 concurrent mark-sweep generation total 393216K, used 0K [0x00000000e8000000, 0x0000000100000000, 0x0000000100000000)
 Metaspace       used 21398K, capacity 21792K, committed 21960K, reserved 1069056K
  class space    used 2544K, capacity 2682K, committed 2688K, reserved 1048576K
2016-03-01T14:06:00.924+0000: 7.444: [GC (CMS Final Remark) 2016-03-01T14:06:00.924+0000: 7.445: [ParNew
Desired survivor size 20112992 bytes, new threshold 8 (max 8)
- age   1:     167688 bytes,     167688 total
- age   2:     768160 bytes,     935848 total
- age   3:    2348696 bytes,    3284544 total
- age   4:    2548328 bytes,    5832872 total
: 16591K->7492K(109248K), 0.0377831 secs] 16591K->7492K(502464K), 0.0378889 secs] [Times: user=0.06 sys=0.00, real=0.04 secs] 
Heap after GC invocations=4 (full 1):
 par new generation   total 109248K, used 7492K [0x00000000e0000000, 0x00000000e8000000, 0x00000000e8000000)
  eden space 87424K,   0% used [0x00000000e0000000, 0x00000000e0000000, 0x00000000e5560000)
  from space 21824K,  34% used [0x00000000e5560000, 0x00000000e5cb1200, 0x00000000e6ab0000)
  to   space 21824K,   0% used [0x00000000e6ab0000, 0x00000000e6ab0000, 0x00000000e8000000)
 concurrent mark-sweep generation total 393216K, used 0K [0x00000000e8000000, 0x0000000100000000, 0x0000000100000000)
 Metaspace       used 21398K, capacity 21792K, committed 21960K, reserved 1069056K
  class space    used 2544K, capacity 2682K, committed 2688K, reserved 1048576K
}
2016-03-01T14:06:00.962+0000: 7.483: [Rescan (parallel) , 0.0073832 secs]2016-03-01T14:06:00.969+0000: 7.490: [weak refs processing, 0.0018691 secs]2016-03-01T14:06:00.971+0000: 7.492: [class unloading, 0.0067002 secs]2016-03-01T14:06:00.976+0000: 7.499: [scrub symbol table, 0.0077536 secs]2016-03-01T14:06:00.986+0000: 7.506: [scrub string table, 0.0006704 secs][1 CMS-remark: 0K(393216K)] 7492K(502464K), 0.0641376 secs] [Times: user=0.08 sys=0.00, real=0.06 secs] 
2016-03-01T14:06:00.986+0000: 7.509: Total time for which application threads were stopped: 0.0643990 seconds, Stopping threads took: 0.0000845 seconds
2016-03-01T14:06:00.986+0000: 7.509: [CMS-concurrent-sweep-start]
2016-03-01T14:06:00.986+0000: 7.509: [CMS-concurrent-sweep: 0.000/0.000 secs] [Times: user=0.00 sys=0.00, real=0.00 secs] 
2016-03-01T14:06:00.986+0000: 7.509: [CMS-concurrent-reset-start]
2016-03-01T14:06:00.986+0000: 7.514: [CMS-concurrent-reset: 0.005/0.005 secs] [Times: user=0.00 sys=0.00, real=0.00 secs] 
2016-03-01T14:06:01.073+0000: 7.593: Total time for which application threads were stopped: 0.0001398 seconds, Stopping threads took: 0.0000411 seconds
2016-03-01T14:06:01.073+0000: 7.594: Total time for which application threads were stopped: 0.0000774 seconds, Stopping threads took: 0.0000221 seconds
2016-03-01T14:06:01.073+0000: 7.594: Total time for which application threads were stopped: 0.0000719 seconds, Stopping threads took: 0.0000197 seconds
2016-03-01T14:06:01.073+0000: 7.594: Total time for which application threads were stopped: 0.0000719 seconds, Stopping threads took: 0.0000197 seconds
2016-03-01T14:06:01.073+0000: 7.594: Total time for which application threads were stopped: 0.0000695 seconds, Stopping threads took: 0.0000190 seconds
2016-03-01T14:06:01.074+0000: 7.594: Total time for which application threads were stopped: 0.0000687 seconds, Stopping threads took: 0.0000190 seconds
2016-03-01T14:06:01.074+0000: 7.594: Total time for which application threads were stopped: 0.0000655 seconds, Stopping threads took: 0.0000190 seconds
2016-03-01T14:06:01.074+0000: 7.594: Total time for which application threads were stopped: 0.0000655 seconds, Stopping threads took: 0.0000190 seconds
2016-03-01T14:06:01.074+0000: 7.594: Total time for which application threads were stopped: 0.0000655 seconds, Stopping threads took: 0.0000190 seconds
2016-03-01T14:06:01.074+0000: 7.595: Total time for which application threads were stopped: 0.0002306 seconds, Stopping threads took: 0.0000190 seconds
2016-03-01T14:06:01.078+0000: 7.602: Total time for which application threads were stopped: 0.0001311 seconds, Stopping threads took: 0.0000537 seconds
2016-03-01T14:06:01.078+0000: 7.602: Total time for which application threads were stopped: 0.0000916 seconds, Stopping threads took: 0.0000332 seconds
2016-03-01T14:06:01.078+0000: 7.602: Total time for which application threads were stopped: 0.0000798 seconds, Stopping threads took: 0.0000284 seconds
2016-03-01T14:06:01.215+0000: 7.735: Total time for which application threads were stopped: 0.0002132 seconds, Stopping threads took: 0.0000537 seconds
2016-03-01T14:06:01.303+0000: 7.824: Total time for which application threads were stopped: 0.0001777 seconds, Stopping threads took: 0.0000561 seconds
2016-03-01T14:06:01.306+0000: 7.826: Total time for which application threads were stopped: 0.0001477 seconds, Stopping threads took: 0.0000474 seconds
2016-03-01T14:06:01.307+0000: 7.828: Total time for which application threads were stopped: 0.0001192 seconds, Stopping threads took: 0.0000363 seconds
2016-03-01T14:06:01.343+0000: 7.863: Total time for which application threads were stopped: 0.0006365 seconds, Stopping threads took: 0.0000434 seconds
2016-03-01T14:06:01.501+0000: 8.021: Total time for which application threads were stopped: 0.0001895 seconds, Stopping threads took: 0.0000458 seconds
2016-03-01T14:06:01.523+0000: 8.044: Total time for which application threads were stopped: 0.0001256 seconds, Stopping threads took: 0.0000442 seconds
2016-03-01T14:06:01.650+0000: 8.171: Total time for which application threads were stopped: 0.0001342 seconds, Stopping threads took: 0.0000537 seconds
2016-03-01T14:06:01.780+0000: 8.302: Total time for which application threads were stopped: 0.0001769 seconds, Stopping threads took: 0.0000521 seconds
2016-03-01T14:06:01.780+0000: 8.306: Total time for which application threads were stopped: 0.0001627 seconds, Stopping threads took: 0.0000513 seconds
2016-03-01T14:06:01.947+0000: 8.468: Total time for which application threads were stopped: 0.0001382 seconds, Stopping threads took: 0.0000442 seconds
2016-03-01T14:06:01.947+0000: 8.468: Total time for which application threads were stopped: 0.0000655 seconds, Stopping threads took: 0.0000197 seconds
2016-03-01T14:06:02.091+0000: 8.612: Total time for which application threads were stopped: 0.0001587 seconds, Stopping threads took: 0.0000497 seconds
2016-03-01T14:06:02.121+0000: 8.642: Total time for which application threads were stopped: 0.0002069 seconds, Stopping threads took: 0.0000466 seconds
2016-03-01T14:06:02.141+0000: 8.662: Total time for which application threads were stopped: 0.0009310 seconds, Stopping threads took: 0.0004454 seconds
2016-03-01T14:06:02.712+0000: 9.240: Total time for which application threads were stopped: 0.0002061 seconds, Stopping threads took: 0.0000505 seconds
2016-03-01T14:06:02.712+0000: 9.241: Total time for which application threads were stopped: 0.0001011 seconds, Stopping threads took: 0.0000474 seconds
2016-03-01T14:06:02.712+0000: 9.241: Total time for which application threads were stopped: 0.0001271 seconds, Stopping threads took: 0.0000734 seconds
2016-03-01T14:06:03.390+0000: 9.910: Total time for which application threads were stopped: 0.0001611 seconds, Stopping threads took: 0.0000505 seconds
2016-03-01T14:06:03.390+0000: 9.910: Total time for which application threads were stopped: 0.0000742 seconds, Stopping threads took: 0.0000268 seconds
2016-03-01T14:06:03.393+0000: 9.914: Total time for which application threads were stopped: 0.0001248 seconds, Stopping threads took: 0.0000458 seconds
2016-03-01T14:06:03.393+0000: 9.914: Total time for which application threads were stopped: 0.0000924 seconds, Stopping threads took: 0.0000324 seconds
2016-03-01T14:06:03.394+0000: 9.916: Total time for which application threads were stopped: 0.0001232 seconds, Stopping threads took: 0.0000458 seconds
2016-03-01T14:06:03.394+0000: 9.917: Total time for which application threads were stopped: 0.0000766 seconds, Stopping threads took: 0.0000261 seconds
2016-03-01T14:06:03.404+0000: 9.928: Total time for which application threads were stopped: 0.0001327 seconds, Stopping threads took: 0.0000545 seconds
2016-03-01T14:06:03.404+0000: 9.928: Total time for which application threads were stopped: 0.0000734 seconds, Stopping threads took: 0.0000261 seconds
2016-03-01T14:06:03.404+0000: 9.930: Total time for which application threads were stopped: 0.0001003 seconds, Stopping threads took: 0.0000371 seconds
2016-03-01T14:06:03.414+0000: 9.938: Total time for which application threads were stopped: 0.0002819 seconds, Stopping threads took: 0.0000490 seconds
2016-03-01T14:06:03.456+0000: 9.977: Total time for which application threads were stopped: 0.0006159 seconds, Stopping threads took: 0.0000395 seconds
2016-03-01T14:06:03.466+0000: 9.988: Total time for which application threads were stopped: 0.0005875 seconds, Stopping threads took: 0.0000387 seconds
2016-03-01T14:06:03.496+0000: 10.019: Total time for which application threads were stopped: 0.0001500 seconds, Stopping threads took: 0.0000482 seconds
2016-03-01T14:06:03.526+0000: 10.051: Total time for which application threads were stopped: 0.0001319 seconds, Stopping threads took: 0.0000426 seconds
2016-03-01T14:06:04.040+0000: 10.562: Total time for which application threads were stopped: 0.0001808 seconds, Stopping threads took: 0.0000482 seconds
2016-03-01T14:06:04.040+0000: 10.563: Total time for which application threads were stopped: 0.0001074 seconds, Stopping threads took: 0.0000363 seconds
2016-03-01T14:06:06.876+0000: 13.406: Total time for which application threads were stopped: 0.0001524 seconds, Stopping threads took: 0.0000521 seconds
2016-03-01T14:06:06.886+0000: 13.407: Total time for which application threads were stopped: 0.0000916 seconds, Stopping threads took: 0.0000308 seconds
2016-03-01T14:06:06.886+0000: 13.407: Total time for which application threads were stopped: 0.0000813 seconds, Stopping threads took: 0.0000276 seconds
{Heap before GC invocations=4 (full 1):
 par new generation   total 109248K, used 94916K [0x00000000e0000000, 0x00000000e8000000, 0x00000000e8000000)
  eden space 87424K, 100% used [0x00000000e0000000, 0x00000000e5560000, 0x00000000e5560000)
  from space 21824K,  34% used [0x00000000e5560000, 0x00000000e5cb1200, 0x00000000e6ab0000)
  to   space 21824K,   0% used [0x00000000e6ab0000, 0x00000000e6ab0000, 0x00000000e8000000)
 concurrent mark-sweep generation total 393216K, used 0K [0x00000000e8000000, 0x0000000100000000, 0x0000000100000000)
 Metaspace       used 27067K, capacity 27368K, committed 27776K, reserved 1073152K
  class space    used 3258K, capacity 3370K, committed 3456K, reserved 1048576K
2016-03-01T14:06:06.886+0000: 13.409: [GC (Allocation Failure) 2016-03-01T14:06:06.886+0000: 13.409: [ParNew
Desired survivor size 20112992 bytes, new threshold 8 (max 8)
- age   1:    6191064 bytes,    6191064 total
- age   2:       3488 bytes,    6194552 total
- age   3:     246312 bytes,    6440864 total
- age   4:    2302232 bytes,    8743096 total
- age   5:    2547696 bytes,   11290792 total
: 94916K->13358K(109248K), 0.0403305 secs] 94916K->13358K(502464K), 0.0404640 secs] [Times: user=0.08 sys=0.00, real=0.04 secs] 
Heap after GC invocations=5 (full 1):
 par new generation   total 109248K, used 13358K [0x00000000e0000000, 0x00000000e8000000, 0x00000000e8000000)
  eden space 87424K,   0% used [0x00000000e0000000, 0x00000000e0000000, 0x00000000e5560000)
  from space 21824K,  61% used [0x00000000e6ab0000, 0x00000000e77bba20, 0x00000000e8000000)
  to   space 21824K,   0% used [0x00000000e5560000, 0x00000000e5560000, 0x00000000e6ab0000)
 concurrent mark-sweep generation total 393216K, used 0K [0x00000000e8000000, 0x0000000100000000, 0x0000000100000000)
 Metaspace       used 27067K, capacity 27368K, committed 27776K, reserved 1073152K
  class space    used 3258K, capacity 3370K, committed 3456K, reserved 1048576K
}
2016-03-01T14:06:06.929+0000: 13.450: Total time for which application threads were stopped: 0.0425921 seconds, Stopping threads took: 0.0017049 seconds
2016-03-01T14:06:06.937+0000: 13.458: Total time for which application threads were stopped: 0.0039538 seconds, Stopping threads took: 0.0038124 seconds
2016-03-01T14:06:06.938+0000: 13.458: Total time for which application threads were stopped: 0.0001027 seconds, Stopping threads took: 0.0000442 seconds
2016-03-01T14:06:06.946+0000: 13.467: Total time for which application threads were stopped: 0.0001674 seconds, Stopping threads took: 0.0000648 seconds
2016-03-01T14:06:06.947+0000: 13.467: Total time for which application threads were stopped: 0.0000948 seconds, Stopping threads took: 0.0000308 seconds
2016-03-01T14:06:06.951+0000: 13.471: Total time for which application threads were stopped: 0.0001453 seconds, Stopping threads took: 0.0000513 seconds
2016-03-01T14:06:06.999+0000: 13.519: Total time for which application threads were stopped: 0.0001508 seconds, Stopping threads took: 0.0000576 seconds
2016-03-01T14:06:06.999+0000: 13.520: Total time for which application threads were stopped: 0.0000892 seconds, Stopping threads took: 0.0000340 seconds
2016-03-01T14:06:06.999+0000: 13.520: Total time for which application threads were stopped: 0.0000805 seconds, Stopping threads took: 0.0000292 seconds
2016-03-01T14:06:06.999+0000: 13.520: Total time for which application threads were stopped: 0.0000829 seconds, Stopping threads took: 0.0000300 seconds
2016-03-01T14:06:07.000+0000: 13.520: Total time for which application threads were stopped: 0.0000821 seconds, Stopping threads took: 0.0000284 seconds
2016-03-01T14:06:07.000+0000: 13.521: Total time for which application threads were stopped: 0.0000837 seconds, Stopping threads took: 0.0000308 seconds
2016-03-01T14:06:07.000+0000: 13.521: Total time for which application threads were stopped: 0.0000829 seconds, Stopping threads took: 0.0000300 seconds
2016-03-01T14:06:07.090+0000: 13.611: Total time for which application threads were stopped: 0.0002140 seconds, Stopping threads took: 0.0000971 seconds
2016-03-01T14:06:07.093+0000: 13.614: Total time for which application threads were stopped: 0.0001745 seconds, Stopping threads took: 0.0000490 seconds
2016-03-01T14:06:07.095+0000: 13.615: Total time for which application threads were stopped: 0.0001571 seconds, Stopping threads took: 0.0000521 seconds
2016-03-01T14:06:07.098+0000: 13.619: Total time for which application threads were stopped: 0.0001500 seconds, Stopping threads took: 0.0000411 seconds
2016-03-01T14:06:07.111+0000: 13.632: Total time for which application threads were stopped: 0.0005614 seconds, Stopping threads took: 0.0004169 seconds
2016-03-01T14:06:07.121+0000: 13.641: Total time for which application threads were stopped: 0.0005014 seconds, Stopping threads took: 0.0004067 seconds
2016-03-01T14:06:07.134+0000: 13.655: Total time for which application threads were stopped: 0.0080039 seconds, Stopping threads took: 0.0078720 seconds
2016-03-01T14:06:07.137+0000: 13.658: Total time for which application threads were stopped: 0.0005820 seconds, Stopping threads took: 0.0004880 seconds
2016-03-01T14:06:07.139+0000: 13.660: Total time for which application threads were stopped: 0.0009421 seconds, Stopping threads took: 0.0008599 seconds
2016-03-01T14:06:07.142+0000: 13.663: Total time for which application threads were stopped: 0.0005006 seconds, Stopping threads took: 0.0002424 seconds
2016-03-01T14:06:07.144+0000: 13.664: Total time for which application threads were stopped: 0.0002811 seconds, Stopping threads took: 0.0000379 seconds
2016-03-01T14:06:07.144+0000: 13.665: Total time for which application threads were stopped: 0.0001003 seconds, Stopping threads took: 0.0000340 seconds
2016-03-01T14:06:07.145+0000: 13.665: Total time for which application threads were stopped: 0.0001042 seconds, Stopping threads took: 0.0000324 seconds
2016-03-01T14:06:07.154+0000: 13.675: Total time for which application threads were stopped: 0.0059082 seconds, Stopping threads took: 0.0057779 seconds
2016-03-01T14:06:07.156+0000: 13.677: Total time for which application threads were stopped: 0.0001429 seconds, Stopping threads took: 0.0000505 seconds
2016-03-01T14:06:07.157+0000: 13.677: Total time for which application threads were stopped: 0.0001184 seconds, Stopping threads took: 0.0000324 seconds
2016-03-01T14:06:07.157+0000: 13.678: Total time for which application threads were stopped: 0.0001169 seconds, Stopping threads took: 0.0000292 seconds
2016-03-01T14:06:07.162+0000: 13.682: Total time for which application threads were stopped: 0.0006254 seconds, Stopping threads took: 0.0005370 seconds
2016-03-01T14:06:07.168+0000: 13.689: Total time for which application threads were stopped: 0.0026880 seconds, Stopping threads took: 0.0025735 seconds
2016-03-01T14:06:07.178+0000: 13.698: Total time for which application threads were stopped: 0.0002614 seconds, Stopping threads took: 0.0000466 seconds
2016-03-01T14:06:07.186+0000: 13.707: Total time for which application threads were stopped: 0.0002219 seconds, Stopping threads took: 0.0001058 seconds
2016-03-01T14:06:07.203+0000: 13.724: Total time for which application threads were stopped: 0.0002653 seconds, Stopping threads took: 0.0001603 seconds
2016-03-01T14:06:07.311+0000: 13.832: Total time for which application threads were stopped: 0.0012958 seconds, Stopping threads took: 0.0011687 seconds
2016-03-01T14:06:07.382+0000: 13.903: Total time for which application threads were stopped: 0.0002195 seconds, Stopping threads took: 0.0001034 seconds
2016-03-01T14:06:07.398+0000: 13.919: Total time for which application threads were stopped: 0.0001721 seconds, Stopping threads took: 0.0000505 seconds
2016-03-01T14:06:07.405+0000: 13.926: Total time for which application threads were stopped: 0.0001769 seconds, Stopping threads took: 0.0000600 seconds
2016-03-01T14:06:07.405+0000: 13.926: Total time for which application threads were stopped: 0.0001303 seconds, Stopping threads took: 0.0000213 seconds
2016-03-01T14:06:07.415+0000: 13.936: Total time for which application threads were stopped: 0.0002187 seconds, Stopping threads took: 0.0000979 seconds
2016-03-01T14:06:07.446+0000: 13.967: Total time for which application threads were stopped: 0.0006065 seconds, Stopping threads took: 0.0000482 seconds
2016-03-01T14:06:07.700+0000: 14.221: Total time for which application threads were stopped: 0.0001832 seconds, Stopping threads took: 0.0000442 seconds
2016-03-01T14:06:07.764+0000: 14.285: Total time for which application threads were stopped: 0.0050387 seconds, Stopping threads took: 0.0049092 seconds
2016-03-01T14:06:07.766+0000: 14.287: Total time for which application threads were stopped: 0.0001192 seconds, Stopping threads took: 0.0000442 seconds
2016-03-01T14:06:07.766+0000: 14.287: Total time for which application threads were stopped: 0.0000813 seconds, Stopping threads took: 0.0000268 seconds
2016-03-01T14:06:07.766+0000: 14.287: Total time for which application threads were stopped: 0.0000805 seconds, Stopping threads took: 0.0000261 seconds
2016-03-01T14:06:07.766+0000: 14.287: Total time for which application threads were stopped: 0.0000813 seconds, Stopping threads took: 0.0000261 seconds
2016-03-01T14:06:07.768+0000: 14.289: Total time for which application threads were stopped: 0.0000979 seconds, Stopping threads took: 0.0000347 seconds
2016-03-01T14:06:07.768+0000: 14.289: Total time for which application threads were stopped: 0.0000837 seconds, Stopping threads took: 0.0000268 seconds
2016-03-01T14:06:07.768+0000: 14.289: Total time for which application threads were stopped: 0.0000829 seconds, Stopping threads took: 0.0000268 seconds
2016-03-01T14:06:07.768+0000: 14.289: Total time for which application threads were stopped: 0.0000821 seconds, Stopping threads took: 0.0000268 seconds
2016-03-01T14:06:07.769+0000: 14.289: Total time for which application threads were stopped: 0.0000869 seconds, Stopping threads took: 0.0000268 seconds
2016-03-01T14:06:07.769+0000: 14.289: Total time for which application threads were stopped: 0.0000813 seconds, Stopping threads took: 0.0000268 seconds
2016-03-01T14:06:07.769+0000: 14.290: Total time for which application threads were stopped: 0.0000821 seconds, Stopping threads took: 0.0000268 seconds
2016-03-01T14:06:07.769+0000: 14.290: Total time for which application threads were stopped: 0.0000813 seconds, Stopping threads took: 0.0000268 seconds
2016-03-01T14:06:07.842+0000: 14.363: Total time for which application threads were stopped: 0.0245833 seconds, Stopping threads took: 0.0244380 seconds
2016-03-01T14:06:09.427+0000: 15.948: Total time for which application threads were stopped: 0.0001540 seconds, Stopping threads took: 0.0000561 seconds
2016-03-01T14:06:09.448+0000: 15.969: Total time for which application threads were stopped: 0.0007012 seconds, Stopping threads took: 0.0000521 seconds
2016-03-01T14:06:09.450+0000: 15.971: Total time for which application threads were stopped: 0.0001287 seconds, Stopping threads took: 0.0000426 seconds
2016-03-01T14:06:09.565+0000: 16.086: Total time for which application threads were stopped: 0.0001398 seconds, Stopping threads took: 0.0000442 seconds
2016-03-01T14:06:09.579+0000: 16.099: Total time for which application threads were stopped: 0.0026793 seconds, Stopping threads took: 0.0025048 seconds
2016-03-01T14:06:09.592+0000: 16.113: Total time for which application threads were stopped: 0.0001824 seconds, Stopping threads took: 0.0000513 seconds
2016-03-01T14:06:09.593+0000: 16.114: Total time for which application threads were stopped: 0.0001066 seconds, Stopping threads took: 0.0000268 seconds
2016-03-01T14:06:09.593+0000: 16.114: Total time for which application threads were stopped: 0.0000837 seconds, Stopping threads took: 0.0000205 seconds
2016-03-01T14:06:09.594+0000: 16.114: Total time for which application threads were stopped: 0.0001106 seconds, Stopping threads took: 0.0000403 seconds
2016-03-01T14:06:09.594+0000: 16.115: Total time for which application threads were stopped: 0.0000829 seconds, Stopping threads took: 0.0000190 seconds
2016-03-01T14:06:09.594+0000: 16.115: Total time for which application threads were stopped: 0.0000837 seconds, Stopping threads took: 0.0000197 seconds
2016-03-01T14:06:09.594+0000: 16.115: Total time for which application threads were stopped: 0.0000892 seconds, Stopping threads took: 0.0000213 seconds
2016-03-01T14:06:09.594+0000: 16.115: Total time for which application threads were stopped: 0.0000813 seconds, Stopping threads took: 0.0000174 seconds
2016-03-01T14:06:09.595+0000: 16.116: Total time for which application threads were stopped: 0.0001248 seconds, Stopping threads took: 0.0000316 seconds
2016-03-01T14:06:09.608+0000: 16.129: Total time for which application threads were stopped: 0.0001500 seconds, Stopping threads took: 0.0000450 seconds
2016-03-01T14:06:10.801+0000: 17.322: Total time for which application threads were stopped: 0.0001532 seconds, Stopping threads took: 0.0000569 seconds
2016-03-01T14:06:10.830+0000: 17.351: Total time for which application threads were stopped: 0.0001524 seconds, Stopping threads took: 0.0000411 seconds
2016-03-01T14:06:10.835+0000: 17.356: Total time for which application threads were stopped: 0.0001753 seconds, Stopping threads took: 0.0000940 seconds
2016-03-01T14:06:10.836+0000: 17.357: Total time for which application threads were stopped: 0.0001019 seconds, Stopping threads took: 0.0000237 seconds
2016-03-01T14:06:10.873+0000: 17.394: Total time for which application threads were stopped: 0.0001579 seconds, Stopping threads took: 0.0000505 seconds
2016-03-01T14:06:10.877+0000: 17.398: Total time for which application threads were stopped: 0.0008734 seconds, Stopping threads took: 0.0007683 seconds
2016-03-01T14:06:11.084+0000: 17.605: Total time for which application threads were stopped: 0.0001919 seconds, Stopping threads took: 0.0000490 seconds
2016-03-01T14:06:11.084+0000: 17.605: Total time for which application threads were stopped: 0.0000766 seconds, Stopping threads took: 0.0000205 seconds
2016-03-01T14:06:11.084+0000: 17.605: Total time for which application threads were stopped: 0.0000813 seconds, Stopping threads took: 0.0000213 seconds
2016-03-01T14:06:11.084+0000: 17.605: Total time for which application threads were stopped: 0.0000734 seconds, Stopping threads took: 0.0000197 seconds
2016-03-01T14:06:11.084+0000: 17.605: Total time for which application threads were stopped: 0.0000766 seconds, Stopping threads took: 0.0000197 seconds
2016-03-01T14:06:11.085+0000: 17.606: Total time for which application threads were stopped: 0.0000750 seconds, Stopping threads took: 0.0000205 seconds
2016-03-01T14:06:11.085+0000: 17.606: Total time for which application threads were stopped: 0.0000711 seconds, Stopping threads took: 0.0000190 seconds
2016-03-01T14:06:11.085+0000: 17.606: Total time for which application threads were stopped: 0.0000734 seconds, Stopping threads took: 0.0000197 seconds
2016-03-01T14:06:11.105+0000: 17.626: Total time for which application threads were stopped: 0.0001524 seconds, Stopping threads took: 0.0000482 seconds
2016-03-01T14:06:11.106+0000: 17.627: Total time for which application threads were stopped: 0.0001184 seconds, Stopping threads took: 0.0000300 seconds
2016-03-01T14:06:11.132+0000: 17.653: Total time for which application threads were stopped: 0.0087675 seconds, Stopping threads took: 0.0080607 seconds
2016-03-01T14:06:11.504+0000: 18.025: Total time for which application threads were stopped: 0.0008133 seconds, Stopping threads took: 0.0000490 seconds
2016-03-01T14:06:11.647+0000: 18.168: Total time for which application threads were stopped: 0.0070721 seconds, Stopping threads took: 0.0069071 seconds
2016-03-01T14:06:11.655+0000: 18.176: Total time for which application threads were stopped: 0.0001492 seconds, Stopping threads took: 0.0000529 seconds
2016-03-01T14:06:12.326+0000: 18.852: Total time for which application threads were stopped: 0.0002156 seconds, Stopping threads took: 0.0000466 seconds
2016-03-01T14:06:12.357+0000: 18.878: Total time for which application threads were stopped: 0.0001485 seconds, Stopping threads took: 0.0000474 seconds
2016-03-01T14:06:12.362+0000: 18.883: Total time for which application threads were stopped: 0.0001335 seconds, Stopping threads took: 0.0000458 seconds
2016-03-01T14:06:12.365+0000: 18.886: Total time for which application threads were stopped: 0.0001619 seconds, Stopping threads took: 0.0000505 seconds
2016-03-01T14:06:12.366+0000: 18.887: Total time for which application threads were stopped: 0.0001398 seconds, Stopping threads took: 0.0000324 seconds
2016-03-01T14:06:12.366+0000: 18.887: Total time for which application threads were stopped: 0.0000948 seconds, Stopping threads took: 0.0000340 seconds
2016-03-01T14:06:12.366+0000: 18.887: Total time for which application threads were stopped: 0.0001082 seconds, Stopping threads took: 0.0000387 seconds
2016-03-01T14:06:12.374+0000: 18.895: Total time for which application threads were stopped: 0.0001769 seconds, Stopping threads took: 0.0000553 seconds
2016-03-01T14:06:12.374+0000: 18.895: Total time for which application threads were stopped: 0.0001027 seconds, Stopping threads took: 0.0000340 seconds
2016-03-01T14:06:12.375+0000: 18.896: Total time for which application threads were stopped: 0.0001516 seconds, Stopping threads took: 0.0000419 seconds
2016-03-01T14:06:14.376+0000: 20.897: Total time for which application threads were stopped: 0.0001453 seconds, Stopping threads took: 0.0000482 seconds
2016-03-01T14:06:17.382+0000: 23.903: Total time for which application threads were stopped: 0.0001500 seconds, Stopping threads took: 0.0000474 seconds
2016-03-01T14:06:28.411+0000: 34.932: Total time for which application threads were stopped: 0.0001500 seconds, Stopping threads took: 0.0000553 seconds
2016-03-01T14:07:07.846+0000: 74.380: Total time for which application threads were stopped: 0.0001635 seconds, Stopping threads took: 0.0000616 seconds
2016-03-01T14:07:07.848+0000: 74.381: Total time for which application threads were stopped: 0.0001098 seconds, Stopping threads took: 0.0000308 seconds
2016-03-01T14:07:07.854+0000: 74.388: Total time for which application threads were stopped: 0.0001232 seconds, Stopping threads took: 0.0000419 seconds
2016-03-01T14:07:07.855+0000: 74.389: Total time for which application threads were stopped: 0.0000853 seconds, Stopping threads took: 0.0000276 seconds
2016-03-01T14:07:07.856+0000: 74.390: Total time for which application threads were stopped: 0.0000877 seconds, Stopping threads took: 0.0000276 seconds
2016-03-01T14:07:07.857+0000: 74.390: Total time for which application threads were stopped: 0.0000774 seconds, Stopping threads took: 0.0000237 seconds
2016-03-01T14:07:07.858+0000: 74.392: Total time for which application threads were stopped: 0.0001090 seconds, Stopping threads took: 0.0000347 seconds
2016-03-01T14:07:07.862+0000: 74.396: Total time for which application threads were stopped: 0.0001382 seconds, Stopping threads took: 0.0000513 seconds
2016-03-01T14:07:07.862+0000: 74.396: Total time for which application threads were stopped: 0.0000695 seconds, Stopping threads took: 0.0000190 seconds
2016-03-01T14:07:07.868+0000: 74.402: Total time for which application threads were stopped: 0.0001287 seconds, Stopping threads took: 0.0000411 seconds
2016-03-01T14:07:07.868+0000: 74.402: Total time for which application threads were stopped: 0.0000750 seconds, Stopping threads took: 0.0000276 seconds
2016-03-01T14:07:07.869+0000: 74.402: Total time for which application threads were stopped: 0.0000719 seconds, Stopping threads took: 0.0000245 seconds
2016-03-01T14:07:07.869+0000: 74.402: Total time for which application threads were stopped: 0.0000711 seconds, Stopping threads took: 0.0000245 seconds
2016-03-01T14:07:07.869+0000: 74.403: Total time for which application threads were stopped: 0.0000790 seconds, Stopping threads took: 0.0000268 seconds
2016-03-01T14:07:07.872+0000: 74.406: Total time for which application threads were stopped: 0.0001603 seconds, Stopping threads took: 0.0000426 seconds
2016-03-01T14:07:07.873+0000: 74.406: Total time for which application threads were stopped: 0.0000774 seconds, Stopping threads took: 0.0000284 seconds
2016-03-01T14:07:07.873+0000: 74.407: Total time for which application threads were stopped: 0.0000774 seconds, Stopping threads took: 0.0000276 seconds
2016-03-01T14:07:07.884+0000: 74.418: Total time for which application threads were stopped: 0.0001571 seconds, Stopping threads took: 0.0000632 seconds
2016-03-01T14:07:07.890+0000: 74.423: Total time for which application threads were stopped: 0.0038251 seconds, Stopping threads took: 0.0037453 seconds
2016-03-01T14:07:07.890+0000: 74.423: Total time for which application threads were stopped: 0.0000995 seconds, Stopping threads took: 0.0000624 seconds
2016-03-01T14:07:07.890+0000: 74.423: Total time for which application threads were stopped: 0.0000561 seconds, Stopping threads took: 0.0000229 seconds
2016-03-01T14:07:07.890+0000: 74.424: Total time for which application threads were stopped: 0.0000640 seconds, Stopping threads took: 0.0000276 seconds
2016-03-01T14:07:07.890+0000: 74.424: Total time for which application threads were stopped: 0.0000584 seconds, Stopping threads took: 0.0000261 seconds
Heap
 par new generation   total 109248K, used 48503K [0x00000000e0000000, 0x00000000e8000000, 0x00000000e8000000)
  eden space 87424K,  40% used [0x00000000e0000000, 0x00000000e2252310, 0x00000000e5560000)
  from space 21824K,  61% used [0x00000000e6ab0000, 0x00000000e77bba20, 0x00000000e8000000)
  to   space 21824K,   0% used [0x00000000e5560000, 0x00000000e5560000, 0x00000000e6ab0000)
 concurrent mark-sweep generation total 393216K, used 0K [0x00000000e8000000, 0x0000000100000000, 0x0000000100000000)
 Metaspace       used 30796K, capacity 31226K, committed 31488K, reserved 1077248K
  class space    used 3614K, capacity 3757K, committed 3840K, reserved 1048576K
