Java HotSpot(TM) 64-Bit Server VM (25.73-b02) for windows-amd64 JRE (1.8.0_73-b02), built on Jan 29 2016 17:38:49 by "java_re" with MS VC++ 10.0 (VS2010)
Memory: 4k page, physical 8269212k(3790552k free), swap 9579932k(4158088k free)
CommandLine flags: -XX:CMSInitiatingOccupancyFraction=50 -XX:CMSMaxAbortablePrecleanTime=6000 -XX:+CMSParallelRemarkEnabled -XX:+CMSScavengeBeforeRemark -XX:ConcGCThreads=4 -XX:InitialHeapSize=536870912 -XX:MaxHeapSize=536870912 -XX:MaxTenuringThreshold=8 -XX:NewRatio=3 -XX:OldPLABSize=16 -XX:ParallelGCThreads=4 -XX:+ParallelRefProcEnabled -XX:PretenureSizeThreshold=67108864 -XX:+PrintGC -XX:+PrintGCApplicationStoppedTime -XX:+PrintGCDateStamps -XX:+PrintGCDetails -XX:+PrintGCTimeStamps -XX:+PrintHeapAtGC -XX:+PrintTenuringDistribution -XX:SurvivorRatio=4 -XX:TargetSurvivorRatio=90 -XX:ThreadStackSize=256 -XX:+UseCMSInitiatingOccupancyOnly -XX:+UseCompressedClassPointers -XX:+UseCompressedOops -XX:+UseConcMarkSweepGC -XX:-UseLargePagesIndividualAllocation -XX:+UseParNewGC 
2016-06-20T13:49:20.539+0100: 0.423: Total time for which application threads were stopped: 0.0002029 seconds, Stopping threads took: 0.0000288 seconds
2016-06-20T13:49:20.769+0100: 0.653: Total time for which application threads were stopped: 0.0001666 seconds, Stopping threads took: 0.0000229 seconds
2016-06-20T13:49:20.879+0100: 0.750: Total time for which application threads were stopped: 0.0001879 seconds, Stopping threads took: 0.0000237 seconds
2016-06-20T13:49:20.885+0100: 0.763: Total time for which application threads were stopped: 0.0001737 seconds, Stopping threads took: 0.0000257 seconds
{Heap before GC invocations=0 (full 0):
 par new generation   total 109248K, used 87424K [0x00000000e0000000, 0x00000000e8000000, 0x00000000e8000000)
  eden space 87424K, 100% used [0x00000000e0000000, 0x00000000e5560000, 0x00000000e5560000)
  from space 21824K,   0% used [0x00000000e5560000, 0x00000000e5560000, 0x00000000e6ab0000)
  to   space 21824K,   0% used [0x00000000e6ab0000, 0x00000000e6ab0000, 0x00000000e8000000)
 concurrent mark-sweep generation total 393216K, used 0K [0x00000000e8000000, 0x0000000100000000, 0x0000000100000000)
 Metaspace       used 10106K, capacity 10268K, committed 10496K, reserved 1058816K
  class space    used 1165K, capacity 1208K, committed 1280K, reserved 1048576K
2016-06-20T13:49:21.401+0100: 1.284: [GC (Allocation Failure) 2016-06-20T13:49:21.401+0100: 1.285: [ParNew
Desired survivor size 20112992 bytes, new threshold 8 (max 8)
- age   1:    5820240 bytes,    5820240 total
: 87424K->5765K(109248K), 0.0068577 secs] 87424K->5765K(502464K), 0.0070508 secs] [Times: user=0.06 sys=0.00, real=0.01 secs] 
Heap after GC invocations=1 (full 0):
 par new generation   total 109248K, used 5765K [0x00000000e0000000, 0x00000000e8000000, 0x00000000e8000000)
  eden space 87424K,   0% used [0x00000000e0000000, 0x00000000e0000000, 0x00000000e5560000)
  from space 21824K,  26% used [0x00000000e6ab0000, 0x00000000e7051490, 0x00000000e8000000)
  to   space 21824K,   0% used [0x00000000e5560000, 0x00000000e5560000, 0x00000000e6ab0000)
 concurrent mark-sweep generation total 393216K, used 0K [0x00000000e8000000, 0x0000000100000000, 0x0000000100000000)
 Metaspace       used 10106K, capacity 10268K, committed 10496K, reserved 1058816K
  class space    used 1165K, capacity 1208K, committed 1280K, reserved 1048576K
}
2016-06-20T13:49:21.416+0100: 1.292: Total time for which application threads were stopped: 0.0072197 seconds, Stopping threads took: 0.0000328 seconds
2016-06-20T13:49:21.516+0100: 1.396: Total time for which application threads were stopped: 0.0001532 seconds, Stopping threads took: 0.0000166 seconds
2016-06-20T13:49:21.547+0100: 1.433: Total time for which application threads were stopped: 0.0001666 seconds, Stopping threads took: 0.0000170 seconds
2016-06-20T13:49:21.686+0100: 1.558: Total time for which application threads were stopped: 0.0002080 seconds, Stopping threads took: 0.0000201 seconds
2016-06-20T13:49:21.686+0100: 1.559: Total time for which application threads were stopped: 0.0000770 seconds, Stopping threads took: 0.0000079 seconds
2016-06-20T13:49:21.686+0100: 1.561: Total time for which application threads were stopped: 0.0001026 seconds, Stopping threads took: 0.0000103 seconds
2016-06-20T13:49:22.049+0100: 1.934: Total time for which application threads were stopped: 0.0002748 seconds, Stopping threads took: 0.0000186 seconds
2016-06-20T13:49:22.086+0100: 1.958: Total time for which application threads were stopped: 0.0001978 seconds, Stopping threads took: 0.0000268 seconds
2016-06-20T13:49:23.086+0100: 2.958: Total time for which application threads were stopped: 0.0001686 seconds, Stopping threads took: 0.0000505 seconds
2016-06-20T13:49:24.251+0100: 4.123: Total time for which application threads were stopped: 0.0005081 seconds, Stopping threads took: 0.0000715 seconds
2016-06-20T13:49:52.543+0100: 32.419: Total time for which application threads were stopped: 0.0002463 seconds, Stopping threads took: 0.0000845 seconds
2016-06-20T13:49:52.543+0100: 32.419: Total time for which application threads were stopped: 0.0001476 seconds, Stopping threads took: 0.0000474 seconds
2016-06-20T13:49:52.552+0100: 32.424: Total time for which application threads were stopped: 0.0007437 seconds, Stopping threads took: 0.0002653 seconds
2016-06-20T13:49:52.553+0100: 32.425: Total time for which application threads were stopped: 0.0002061 seconds, Stopping threads took: 0.0000943 seconds
2016-06-20T13:49:52.553+0100: 32.425: Total time for which application threads were stopped: 0.0002033 seconds, Stopping threads took: 0.0000628 seconds
2016-06-20T13:49:52.554+0100: 32.426: Total time for which application threads were stopped: 0.0001587 seconds, Stopping threads took: 0.0000411 seconds
2016-06-20T13:49:52.554+0100: 32.426: Total time for which application threads were stopped: 0.0001082 seconds, Stopping threads took: 0.0000288 seconds
2016-06-20T13:49:52.554+0100: 32.426: Total time for which application threads were stopped: 0.0001603 seconds, Stopping threads took: 0.0000766 seconds
2016-06-20T13:49:52.555+0100: 32.427: Total time for which application threads were stopped: 0.0001619 seconds, Stopping threads took: 0.0000841 seconds
2016-06-20T13:49:52.576+0100: 32.448: Total time for which application threads were stopped: 0.0001034 seconds, Stopping threads took: 0.0000482 seconds
2016-06-20T13:49:52.694+0100: 32.565: Total time for which application threads were stopped: 0.0000876 seconds, Stopping threads took: 0.0000253 seconds
2016-06-20T13:49:52.694+0100: 32.566: Total time for which application threads were stopped: 0.0000604 seconds, Stopping threads took: 0.0000217 seconds
2016-06-20T13:49:52.695+0100: 32.567: Total time for which application threads were stopped: 0.0002013 seconds, Stopping threads took: 0.0000643 seconds
2016-06-20T13:49:52.698+0100: 32.569: Total time for which application threads were stopped: 0.0000817 seconds, Stopping threads took: 0.0000264 seconds
2016-06-20T13:49:52.702+0100: 32.573: Total time for which application threads were stopped: 0.0001129 seconds, Stopping threads took: 0.0000371 seconds
2016-06-20T13:49:52.704+0100: 32.576: Total time for which application threads were stopped: 0.0000995 seconds, Stopping threads took: 0.0000324 seconds
2016-06-20T13:49:52.707+0100: 32.579: Total time for which application threads were stopped: 0.0001121 seconds, Stopping threads took: 0.0000284 seconds
2016-06-20T13:49:52.710+0100: 32.581: Total time for which application threads were stopped: 0.0000900 seconds, Stopping threads took: 0.0000300 seconds
2016-06-20T13:49:52.710+0100: 32.582: Total time for which application threads were stopped: 0.0000561 seconds, Stopping threads took: 0.0000150 seconds
2016-06-20T13:49:52.712+0100: 32.583: Total time for which application threads were stopped: 0.0000853 seconds, Stopping threads took: 0.0000272 seconds
2016-06-20T13:49:52.712+0100: 32.583: Total time for which application threads were stopped: 0.0000561 seconds, Stopping threads took: 0.0000170 seconds
2016-06-20T13:49:52.712+0100: 32.583: Total time for which application threads were stopped: 0.0000853 seconds, Stopping threads took: 0.0000430 seconds
2016-06-20T13:49:52.712+0100: 32.583: Total time for which application threads were stopped: 0.0000699 seconds, Stopping threads took: 0.0000276 seconds
2016-06-20T13:49:52.713+0100: 32.584: Total time for which application threads were stopped: 0.0000912 seconds, Stopping threads took: 0.0000241 seconds
2016-06-20T13:49:52.715+0100: 32.586: Total time for which application threads were stopped: 0.0002045 seconds, Stopping threads took: 0.0000241 seconds
2016-06-20T13:49:52.715+0100: 32.586: Total time for which application threads were stopped: 0.0000742 seconds, Stopping threads took: 0.0000264 seconds
2016-06-20T13:49:52.716+0100: 32.587: Total time for which application threads were stopped: 0.0000541 seconds, Stopping threads took: 0.0000158 seconds
2016-06-20T13:49:52.716+0100: 32.587: Total time for which application threads were stopped: 0.0000746 seconds, Stopping threads took: 0.0000197 seconds
2016-06-20T13:49:52.717+0100: 32.588: Total time for which application threads were stopped: 0.0000754 seconds, Stopping threads took: 0.0000272 seconds
2016-06-20T13:49:52.727+0100: 32.598: Total time for which application threads were stopped: 0.0000955 seconds, Stopping threads took: 0.0000391 seconds
2016-06-20T13:49:52.728+0100: 32.600: Total time for which application threads were stopped: 0.0001397 seconds, Stopping threads took: 0.0000284 seconds
2016-06-20T13:49:52.728+0100: 32.600: Total time for which application threads were stopped: 0.0000801 seconds, Stopping threads took: 0.0000292 seconds
2016-06-20T13:49:52.729+0100: 32.601: Total time for which application threads were stopped: 0.0000900 seconds, Stopping threads took: 0.0000343 seconds
2016-06-20T13:49:52.730+0100: 32.602: Total time for which application threads were stopped: 0.0000979 seconds, Stopping threads took: 0.0000225 seconds
2016-06-20T13:49:52.730+0100: 32.602: Total time for which application threads were stopped: 0.0000750 seconds, Stopping threads took: 0.0000154 seconds
2016-06-20T13:49:52.731+0100: 32.603: Total time for which application threads were stopped: 0.0001074 seconds, Stopping threads took: 0.0000245 seconds
2016-06-20T13:49:52.737+0100: 32.608: Total time for which application threads were stopped: 0.0001366 seconds, Stopping threads took: 0.0000418 seconds
2016-06-20T13:49:52.740+0100: 32.611: Total time for which application threads were stopped: 0.0001275 seconds, Stopping threads took: 0.0000399 seconds
2016-06-20T13:49:52.785+0100: 32.657: Total time for which application threads were stopped: 0.0002025 seconds, Stopping threads took: 0.0000565 seconds
2016-06-20T13:49:52.786+0100: 32.658: Total time for which application threads were stopped: 0.0001457 seconds, Stopping threads took: 0.0000324 seconds
2016-06-20T13:49:52.786+0100: 32.658: Total time for which application threads were stopped: 0.0001417 seconds, Stopping threads took: 0.0000261 seconds
2016-06-20T13:49:52.792+0100: 32.664: Total time for which application threads were stopped: 0.0001315 seconds, Stopping threads took: 0.0000438 seconds
2016-06-20T13:49:52.792+0100: 32.664: Total time for which application threads were stopped: 0.0000730 seconds, Stopping threads took: 0.0000193 seconds
2016-06-20T13:49:52.792+0100: 32.664: Total time for which application threads were stopped: 0.0000829 seconds, Stopping threads took: 0.0000221 seconds
2016-06-20T13:49:52.794+0100: 32.666: Total time for which application threads were stopped: 0.0000963 seconds, Stopping threads took: 0.0000229 seconds
2016-06-20T13:49:52.794+0100: 32.666: Total time for which application threads were stopped: 0.0000632 seconds, Stopping threads took: 0.0000158 seconds
2016-06-20T13:49:52.795+0100: 32.666: Total time for which application threads were stopped: 0.0001165 seconds, Stopping threads took: 0.0000422 seconds
2016-06-20T13:49:52.799+0100: 32.671: Total time for which application threads were stopped: 0.0000900 seconds, Stopping threads took: 0.0000312 seconds
2016-06-20T13:49:52.801+0100: 32.673: Total time for which application threads were stopped: 0.0000943 seconds, Stopping threads took: 0.0000351 seconds
2016-06-20T13:49:52.870+0100: 32.742: Total time for which application threads were stopped: 0.0001188 seconds, Stopping threads took: 0.0000312 seconds
2016-06-20T13:49:52.872+0100: 32.743: Total time for which application threads were stopped: 0.0001405 seconds, Stopping threads took: 0.0000158 seconds
2016-06-20T13:49:52.917+0100: 32.788: Total time for which application threads were stopped: 0.0000833 seconds, Stopping threads took: 0.0000225 seconds
2016-06-20T13:49:52.917+0100: 32.788: Total time for which application threads were stopped: 0.0000434 seconds, Stopping threads took: 0.0000118 seconds
2016-06-20T13:49:52.917+0100: 32.788: Total time for which application threads were stopped: 0.0000521 seconds, Stopping threads took: 0.0000138 seconds
2016-06-20T13:49:52.917+0100: 32.788: Total time for which application threads were stopped: 0.0000407 seconds, Stopping threads took: 0.0000103 seconds
2016-06-20T13:49:52.917+0100: 32.788: Total time for which application threads were stopped: 0.0000308 seconds, Stopping threads took: 0.0000091 seconds
2016-06-20T13:49:52.918+0100: 32.789: Total time for which application threads were stopped: 0.0000730 seconds, Stopping threads took: 0.0000178 seconds
2016-06-20T13:49:52.919+0100: 32.790: Total time for which application threads were stopped: 0.0001772 seconds, Stopping threads took: 0.0000967 seconds
2016-06-20T13:49:52.920+0100: 32.792: Total time for which application threads were stopped: 0.0001788 seconds, Stopping threads took: 0.0000813 seconds
2016-06-20T13:49:52.922+0100: 32.793: Total time for which application threads were stopped: 0.0001666 seconds, Stopping threads took: 0.0000726 seconds
2016-06-20T13:49:52.922+0100: 32.793: Total time for which application threads were stopped: 0.0001018 seconds, Stopping threads took: 0.0000474 seconds
2016-06-20T13:49:52.922+0100: 32.794: Total time for which application threads were stopped: 0.0001003 seconds, Stopping threads took: 0.0000414 seconds
2016-06-20T13:49:52.922+0100: 32.794: Total time for which application threads were stopped: 0.0000616 seconds, Stopping threads took: 0.0000182 seconds
2016-06-20T13:49:52.923+0100: 32.794: Total time for which application threads were stopped: 0.0000825 seconds, Stopping threads took: 0.0000213 seconds
2016-06-20T13:49:52.923+0100: 32.794: Total time for which application threads were stopped: 0.0000841 seconds, Stopping threads took: 0.0000178 seconds
2016-06-20T13:49:52.927+0100: 32.798: Total time for which application threads were stopped: 0.0001654 seconds, Stopping threads took: 0.0000936 seconds
2016-06-20T13:49:52.940+0100: 32.812: Total time for which application threads were stopped: 0.0000916 seconds, Stopping threads took: 0.0000320 seconds
2016-06-20T13:49:52.943+0100: 32.815: Total time for which application threads were stopped: 0.0000979 seconds, Stopping threads took: 0.0000241 seconds
2016-06-20T13:49:53.943+0100: 33.815: Total time for which application threads were stopped: 0.0000742 seconds, Stopping threads took: 0.0000201 seconds
2016-06-20T13:49:54.944+0100: 34.816: Total time for which application threads were stopped: 0.0002009 seconds, Stopping threads took: 0.0000624 seconds
2016-06-20T13:50:16.108+0100: 55.993: Total time for which application threads were stopped: 0.0002515 seconds, Stopping threads took: 0.0000229 seconds
{Heap before GC invocations=1 (full 0):
 par new generation   total 109248K, used 93189K [0x00000000e0000000, 0x00000000e8000000, 0x00000000e8000000)
  eden space 87424K, 100% used [0x00000000e0000000, 0x00000000e5560000, 0x00000000e5560000)
  from space 21824K,  26% used [0x00000000e6ab0000, 0x00000000e7051490, 0x00000000e8000000)
  to   space 21824K,   0% used [0x00000000e5560000, 0x00000000e5560000, 0x00000000e6ab0000)
 concurrent mark-sweep generation total 393216K, used 0K [0x00000000e8000000, 0x0000000100000000, 0x0000000100000000)
 Metaspace       used 20035K, capacity 20348K, committed 20736K, reserved 1067008K
  class space    used 2349K, capacity 2455K, committed 2560K, reserved 1048576K
2016-06-20T13:50:16.208+0100: 56.079: [GC (Allocation Failure) 2016-06-20T13:50:16.208+0100: 56.079: [ParNew
Desired survivor size 20112992 bytes, new threshold 8 (max 8)
- age   1:    8888368 bytes,    8888368 total
- age   2:    2561840 bytes,   11450208 total
: 93189K->12423K(109248K), 0.0101911 secs] 93189K->12423K(502464K), 0.0103067 secs] [Times: user=0.02 sys=0.02, real=0.01 secs] 
Heap after GC invocations=2 (full 0):
 par new generation   total 109248K, used 12423K [0x00000000e0000000, 0x00000000e8000000, 0x00000000e8000000)
  eden space 87424K,   0% used [0x00000000e0000000, 0x00000000e0000000, 0x00000000e5560000)
  from space 21824K,  56% used [0x00000000e5560000, 0x00000000e6181d50, 0x00000000e6ab0000)
  to   space 21824K,   0% used [0x00000000e6ab0000, 0x00000000e6ab0000, 0x00000000e8000000)
 concurrent mark-sweep generation total 393216K, used 0K [0x00000000e8000000, 0x0000000100000000, 0x0000000100000000)
 Metaspace       used 20035K, capacity 20348K, committed 20736K, reserved 1067008K
  class space    used 2349K, capacity 2455K, committed 2560K, reserved 1048576K
}
2016-06-20T13:50:16.218+0100: 56.089: Total time for which application threads were stopped: 0.0105144 seconds, Stopping threads took: 0.0000276 seconds
2016-06-20T13:50:16.219+0100: 56.090: Total time for which application threads were stopped: 0.0001263 seconds, Stopping threads took: 0.0000450 seconds
2016-06-20T13:50:16.219+0100: 56.090: Total time for which application threads were stopped: 0.0000943 seconds, Stopping threads took: 0.0000430 seconds
2016-06-20T13:50:16.258+0100: 56.141: Total time for which application threads were stopped: 0.0000754 seconds, Stopping threads took: 0.0000253 seconds
2016-06-20T13:50:16.313+0100: 56.184: Total time for which application threads were stopped: 0.0000841 seconds, Stopping threads took: 0.0000229 seconds
2016-06-20T13:50:16.324+0100: 56.205: Total time for which application threads were stopped: 0.0002862 seconds, Stopping threads took: 0.0000292 seconds
2016-06-20T13:50:16.391+0100: 56.274: Total time for which application threads were stopped: 0.0000801 seconds, Stopping threads took: 0.0000205 seconds
2016-06-20T13:50:16.442+0100: 56.314: Total time for which application threads were stopped: 0.0000987 seconds, Stopping threads took: 0.0000186 seconds
2016-06-20T13:50:16.474+0100: 56.357: Total time for which application threads were stopped: 0.0001125 seconds, Stopping threads took: 0.0000276 seconds
2016-06-20T13:50:16.510+0100: 56.382: Total time for which application threads were stopped: 0.0000793 seconds, Stopping threads took: 0.0000197 seconds
2016-06-20T13:50:16.524+0100: 56.399: Total time for which application threads were stopped: 0.0000683 seconds, Stopping threads took: 0.0000182 seconds
2016-06-20T13:50:16.524+0100: 56.411: Total time for which application threads were stopped: 0.0000920 seconds, Stopping threads took: 0.0000174 seconds
2016-06-20T13:50:16.567+0100: 56.439: Total time for which application threads were stopped: 0.0000726 seconds, Stopping threads took: 0.0000264 seconds
2016-06-20T13:50:16.873+0100: 56.745: Total time for which application threads were stopped: 0.0003340 seconds, Stopping threads took: 0.0000837 seconds
2016-06-20T13:50:16.874+0100: 56.761: Total time for which application threads were stopped: 0.0001958 seconds, Stopping threads took: 0.0000651 seconds
2016-06-20T13:50:16.927+0100: 56.799: Total time for which application threads were stopped: 0.0000955 seconds, Stopping threads took: 0.0000347 seconds
2016-06-20T13:50:16.953+0100: 56.824: Total time for which application threads were stopped: 0.0000734 seconds, Stopping threads took: 0.0000197 seconds
2016-06-20T13:50:16.973+0100: 56.851: Total time for which application threads were stopped: 0.0000742 seconds, Stopping threads took: 0.0000225 seconds
2016-06-20T13:50:16.998+0100: 56.869: Total time for which application threads were stopped: 0.0001322 seconds, Stopping threads took: 0.0000363 seconds
2016-06-20T13:50:17.026+0100: 56.898: Total time for which application threads were stopped: 0.0000920 seconds, Stopping threads took: 0.0000205 seconds
2016-06-20T13:50:17.045+0100: 56.916: Total time for which application threads were stopped: 0.0000825 seconds, Stopping threads took: 0.0000221 seconds
2016-06-20T13:50:17.067+0100: 56.939: Total time for which application threads were stopped: 0.0000782 seconds, Stopping threads took: 0.0000237 seconds
{Heap before GC invocations=2 (full 0):
 par new generation   total 109248K, used 99847K [0x00000000e0000000, 0x00000000e8000000, 0x00000000e8000000)
  eden space 87424K, 100% used [0x00000000e0000000, 0x00000000e5560000, 0x00000000e5560000)
  from space 21824K,  56% used [0x00000000e5560000, 0x00000000e6181d50, 0x00000000e6ab0000)
  to   space 21824K,   0% used [0x00000000e6ab0000, 0x00000000e6ab0000, 0x00000000e8000000)
 concurrent mark-sweep generation total 393216K, used 0K [0x00000000e8000000, 0x0000000100000000, 0x0000000100000000)
 Metaspace       used 25660K, capacity 26022K, committed 26532K, reserved 1073152K
  class space    used 3110K, capacity 3195K, committed 3268K, reserved 1048576K
2016-06-20T13:50:17.073+0100: 56.944: [GC (Allocation Failure) 2016-06-20T13:50:17.073+0100: 56.944: [ParNew
Desired survivor size 20112992 bytes, new threshold 8 (max 8)
- age   1:    5769536 bytes,    5769536 total
- age   2:    3273216 bytes,    9042752 total
- age   3:    2539832 bytes,   11582584 total
: 99847K->18683K(109248K), 0.0090510 secs] 99847K->18683K(502464K), 0.0091146 secs] [Times: user=0.06 sys=0.00, real=0.01 secs] 
Heap after GC invocations=3 (full 0):
 par new generation   total 109248K, used 18683K [0x00000000e0000000, 0x00000000e8000000, 0x00000000e8000000)
  eden space 87424K,   0% used [0x00000000e0000000, 0x00000000e0000000, 0x00000000e5560000)
  from space 21824K,  85% used [0x00000000e6ab0000, 0x00000000e7ceed00, 0x00000000e8000000)
  to   space 21824K,   0% used [0x00000000e5560000, 0x00000000e5560000, 0x00000000e6ab0000)
 concurrent mark-sweep generation total 393216K, used 0K [0x00000000e8000000, 0x0000000100000000, 0x0000000100000000)
 Metaspace       used 25660K, capacity 26022K, committed 26532K, reserved 1073152K
  class space    used 3110K, capacity 3195K, committed 3268K, reserved 1048576K
}
2016-06-20T13:50:17.082+0100: 56.953: Total time for which application threads were stopped: 0.0093534 seconds, Stopping threads took: 0.0000296 seconds
2016-06-20T13:50:17.082+0100: 56.953: [GC (CMS Initial Mark) [1 CMS-initial-mark: 0K(393216K)] 18683K(502464K), 0.0022533 secs] [Times: user=0.00 sys=0.00, real=0.00 secs] 
2016-06-20T13:50:17.084+0100: 56.956: Total time for which application threads were stopped: 0.0023780 seconds, Stopping threads took: 0.0000375 seconds
2016-06-20T13:50:17.084+0100: 56.956: [CMS-concurrent-mark-start]
2016-06-20T13:50:17.084+0100: 56.956: [CMS-concurrent-mark: 0.000/0.000 secs] [Times: user=0.00 sys=0.00, real=0.00 secs] 
2016-06-20T13:50:17.084+0100: 56.956: [CMS-concurrent-preclean-start]
2016-06-20T13:50:17.085+0100: 56.957: [CMS-concurrent-preclean: 0.001/0.001 secs] [Times: user=0.00 sys=0.00, real=0.00 secs] 
2016-06-20T13:50:17.086+0100: 56.957: [GC (CMS Final Remark) [YG occupancy: 19921 K (109248 K)]{Heap before GC invocations=3 (full 1):
 par new generation   total 109248K, used 19921K [0x00000000e0000000, 0x00000000e8000000, 0x00000000e8000000)
  eden space 87424K,   1% used [0x00000000e0000000, 0x00000000e01357a0, 0x00000000e5560000)
  from space 21824K,  85% used [0x00000000e6ab0000, 0x00000000e7ceed00, 0x00000000e8000000)
  to   space 21824K,   0% used [0x00000000e5560000, 0x00000000e5560000, 0x00000000e6ab0000)
 concurrent mark-sweep generation total 393216K, used 0K [0x00000000e8000000, 0x0000000100000000, 0x0000000100000000)
 Metaspace       used 25660K, capacity 26022K, committed 26532K, reserved 1073152K
  class space    used 3110K, capacity 3195K, committed 3268K, reserved 1048576K
2016-06-20T13:50:17.086+0100: 56.957: [GC (CMS Final Remark) 2016-06-20T13:50:17.086+0100: 56.957: [ParNew
Desired survivor size 20112992 bytes, new threshold 8 (max 8)
- age   1:       1192 bytes,       1192 total
- age   2:    4148360 bytes,    4149552 total
- age   3:    3273216 bytes,    7422768 total
- age   4:    2539832 bytes,    9962600 total
: 19921K->12907K(109248K), 0.0072647 secs] 19921K->12907K(502464K), 0.0073200 secs] [Times: user=0.01 sys=0.00, real=0.01 secs] 
Heap after GC invocations=4 (full 1):
 par new generation   total 109248K, used 12907K [0x00000000e0000000, 0x00000000e8000000, 0x00000000e8000000)
  eden space 87424K,   0% used [0x00000000e0000000, 0x00000000e0000000, 0x00000000e5560000)
  from space 21824K,  59% used [0x00000000e5560000, 0x00000000e61faf90, 0x00000000e6ab0000)
  to   space 21824K,   0% used [0x00000000e6ab0000, 0x00000000e6ab0000, 0x00000000e8000000)
 concurrent mark-sweep generation total 393216K, used 0K [0x00000000e8000000, 0x0000000100000000, 0x0000000100000000)
 Metaspace       used 25660K, capacity 26022K, committed 26532K, reserved 1073152K
  class space    used 3110K, capacity 3195K, committed 3268K, reserved 1048576K
}
2016-06-20T13:50:17.093+0100: 56.964: [Rescan (parallel) , 0.0022781 secs]2016-06-20T13:50:17.093+0100: 56.967: [weak refs processing, 0.0003742 secs]2016-06-20T13:50:17.093+0100: 56.967: [class unloading, 0.0030696 secs]2016-06-20T13:50:17.093+0100: 56.970: [scrub symbol table, 0.0041094 secs]2016-06-20T13:50:17.093+0100: 56.974: [scrub string table, 0.0003138 secs][1 CMS-remark: 0K(393216K)] 12907K(502464K), 0.0183381 secs] [Times: user=0.01 sys=0.00, real=0.01 secs] 
2016-06-20T13:50:17.093+0100: 56.975: Total time for which application threads were stopped: 0.0184443 seconds, Stopping threads took: 0.0000241 seconds
2016-06-20T13:50:17.093+0100: 56.975: [CMS-concurrent-sweep-start]
2016-06-20T13:50:17.093+0100: 56.975: [CMS-concurrent-sweep: 0.000/0.000 secs] [Times: user=0.00 sys=0.00, real=0.00 secs] 
2016-06-20T13:50:17.093+0100: 56.975: [CMS-concurrent-reset-start]
2016-06-20T13:50:17.093+0100: 56.978: Total time for which application threads were stopped: 0.0001441 seconds, Stopping threads took: 0.0000446 seconds
2016-06-20T13:50:17.093+0100: 56.978: [CMS-concurrent-reset: 0.002/0.002 secs] [Times: user=0.00 sys=0.00, real=0.00 secs] 
2016-06-20T13:50:17.108+0100: 56.985: Total time for which application threads were stopped: 0.0000849 seconds, Stopping threads took: 0.0000336 seconds
2016-06-20T13:50:17.140+0100: 57.011: Total time for which application threads were stopped: 0.0001030 seconds, Stopping threads took: 0.0000312 seconds
2016-06-20T13:50:17.141+0100: 57.013: Total time for which application threads were stopped: 0.0000596 seconds, Stopping threads took: 0.0000209 seconds
2016-06-20T13:50:17.283+0100: 57.155: Total time for which application threads were stopped: 0.0001062 seconds, Stopping threads took: 0.0000245 seconds
2016-06-20T13:50:17.285+0100: 57.156: Total time for which application threads were stopped: 0.0000943 seconds, Stopping threads took: 0.0000284 seconds
2016-06-20T13:50:18.286+0100: 58.157: Total time for which application threads were stopped: 0.0000924 seconds, Stopping threads took: 0.0000249 seconds
2016-06-20T13:50:18.922+0100: 58.793: Total time for which application threads were stopped: 0.0001015 seconds, Stopping threads took: 0.0000332 seconds
2016-06-20T13:50:19.198+0100: 59.069: Total time for which application threads were stopped: 0.0002009 seconds, Stopping threads took: 0.0001050 seconds
2016-06-20T13:50:19.198+0100: 59.070: Total time for which application threads were stopped: 0.0001386 seconds, Stopping threads took: 0.0000505 seconds
2016-06-20T13:50:19.198+0100: 59.070: Total time for which application threads were stopped: 0.0001279 seconds, Stopping threads took: 0.0000643 seconds
2016-06-20T13:50:19.198+0100: 59.070: Total time for which application threads were stopped: 0.0002562 seconds, Stopping threads took: 0.0001800 seconds
2016-06-20T13:50:19.199+0100: 59.071: Total time for which application threads were stopped: 0.0003158 seconds, Stopping threads took: 0.0002361 seconds
2016-06-20T13:50:19.201+0100: 59.073: Total time for which application threads were stopped: 0.0001532 seconds, Stopping threads took: 0.0000379 seconds
2016-06-20T13:50:19.202+0100: 59.074: Total time for which application threads were stopped: 0.0001571 seconds, Stopping threads took: 0.0000857 seconds
2016-06-20T13:50:19.203+0100: 59.074: Total time for which application threads were stopped: 0.0002183 seconds, Stopping threads took: 0.0001461 seconds
2016-06-20T13:50:19.203+0100: 59.075: Total time for which application threads were stopped: 0.0001480 seconds, Stopping threads took: 0.0000462 seconds
2016-06-20T13:50:19.206+0100: 59.078: Total time for which application threads were stopped: 0.0001887 seconds, Stopping threads took: 0.0000478 seconds
2016-06-20T13:50:19.209+0100: 59.081: Total time for which application threads were stopped: 0.0001599 seconds, Stopping threads took: 0.0000493 seconds
2016-06-20T13:50:19.209+0100: 59.081: Total time for which application threads were stopped: 0.0001544 seconds, Stopping threads took: 0.0000308 seconds
2016-06-20T13:50:19.210+0100: 59.081: Total time for which application threads were stopped: 0.0001401 seconds, Stopping threads took: 0.0000324 seconds
2016-06-20T13:50:19.210+0100: 59.082: Total time for which application threads were stopped: 0.0003490 seconds, Stopping threads took: 0.0000241 seconds
2016-06-20T13:50:20.220+0100: 60.091: Total time for which application threads were stopped: 0.0000845 seconds, Stopping threads took: 0.0000197 seconds
2016-06-20T13:50:21.221+0100: 61.092: Total time for which application threads were stopped: 0.0000853 seconds, Stopping threads took: 0.0000284 seconds
2016-06-20T13:50:22.221+0100: 62.092: Total time for which application threads were stopped: 0.0000691 seconds, Stopping threads took: 0.0000197 seconds
2016-06-20T13:51:11.311+0100: 111.182: Total time for which application threads were stopped: 0.0000959 seconds, Stopping threads took: 0.0000304 seconds
2016-06-20T13:51:12.614+0100: 112.486: Total time for which application threads were stopped: 0.0002807 seconds, Stopping threads took: 0.0001437 seconds
2016-06-20T13:51:12.615+0100: 112.486: Total time for which application threads were stopped: 0.0001468 seconds, Stopping threads took: 0.0000529 seconds
2016-06-20T13:52:41.741+0100: 201.612: Total time for which application threads were stopped: 0.0002436 seconds, Stopping threads took: 0.0000718 seconds
2016-06-20T14:09:23.691+0100: 1203.563: Total time for which application threads were stopped: 0.0000943 seconds, Stopping threads took: 0.0000328 seconds
2016-06-20T14:09:23.692+0100: 1203.563: Total time for which application threads were stopped: 0.0000458 seconds, Stopping threads took: 0.0000142 seconds
2016-06-20T14:09:23.692+0100: 1203.563: Total time for which application threads were stopped: 0.0000363 seconds, Stopping threads took: 0.0000087 seconds
2016-06-20T14:09:23.692+0100: 1203.563: Total time for which application threads were stopped: 0.0001232 seconds, Stopping threads took: 0.0000892 seconds
2016-06-20T14:09:23.692+0100: 1203.563: Total time for which application threads were stopped: 0.0000509 seconds, Stopping threads took: 0.0000205 seconds
2016-06-20T14:09:23.693+0100: 1203.564: Total time for which application threads were stopped: 0.0000430 seconds, Stopping threads took: 0.0000122 seconds
2016-06-20T14:09:23.695+0100: 1203.566: Total time for which application threads were stopped: 0.0001709 seconds, Stopping threads took: 0.0001263 seconds
2016-06-20T14:09:23.697+0100: 1203.568: Total time for which application threads were stopped: 0.0003407 seconds, Stopping threads took: 0.0000553 seconds
2016-06-20T14:09:23.743+0100: 1203.615: Total time for which application threads were stopped: 0.0000703 seconds, Stopping threads took: 0.0000178 seconds
2016-06-20T14:09:23.744+0100: 1203.615: Total time for which application threads were stopped: 0.0001374 seconds, Stopping threads took: 0.0000813 seconds
2016-06-20T14:09:23.751+0100: 1203.622: Total time for which application threads were stopped: 0.0000600 seconds, Stopping threads took: 0.0000154 seconds
2016-06-20T14:09:23.756+0100: 1203.627: Total time for which application threads were stopped: 0.0002720 seconds, Stopping threads took: 0.0000257 seconds
2016-06-20T14:09:24.276+0100: 1204.147: Total time for which application threads were stopped: 0.0002475 seconds, Stopping threads took: 0.0001176 seconds
2016-06-20T14:09:24.276+0100: 1204.148: Total time for which application threads were stopped: 0.0001697 seconds, Stopping threads took: 0.0000391 seconds
2016-06-20T14:09:24.276+0100: 1204.148: Total time for which application threads were stopped: 0.0001346 seconds, Stopping threads took: 0.0000312 seconds
2016-06-20T14:09:24.276+0100: 1204.148: Total time for which application threads were stopped: 0.0001630 seconds, Stopping threads took: 0.0000347 seconds
2016-06-20T14:09:24.276+0100: 1204.148: Total time for which application threads were stopped: 0.0001772 seconds, Stopping threads took: 0.0000379 seconds
2016-06-20T14:09:24.277+0100: 1204.149: Total time for which application threads were stopped: 0.0001429 seconds, Stopping threads took: 0.0000312 seconds
2016-06-20T14:09:24.277+0100: 1204.149: Total time for which application threads were stopped: 0.0001326 seconds, Stopping threads took: 0.0000300 seconds
2016-06-20T14:09:24.277+0100: 1204.149: Total time for which application threads were stopped: 0.0001015 seconds, Stopping threads took: 0.0000237 seconds
2016-06-20T14:09:24.277+0100: 1204.149: Total time for which application threads were stopped: 0.0000967 seconds, Stopping threads took: 0.0000225 seconds
2016-06-20T14:09:24.277+0100: 1204.150: Total time for which application threads were stopped: 0.0000940 seconds, Stopping threads took: 0.0000209 seconds
2016-06-20T14:09:24.279+0100: 1204.150: Total time for which application threads were stopped: 0.0001082 seconds, Stopping threads took: 0.0000336 seconds
2016-06-20T14:09:24.279+0100: 1204.150: Total time for which application threads were stopped: 0.0001326 seconds, Stopping threads took: 0.0000304 seconds
2016-06-20T14:09:24.279+0100: 1204.150: Total time for which application threads were stopped: 0.0001015 seconds, Stopping threads took: 0.0000229 seconds
2016-06-20T14:09:24.279+0100: 1204.151: Total time for which application threads were stopped: 0.0003340 seconds, Stopping threads took: 0.0000217 seconds
2016-06-20T14:09:24.279+0100: 1204.151: Total time for which application threads were stopped: 0.0001307 seconds, Stopping threads took: 0.0000292 seconds
2016-06-20T14:09:24.279+0100: 1204.151: Total time for which application threads were stopped: 0.0001311 seconds, Stopping threads took: 0.0000300 seconds
2016-06-20T14:09:24.279+0100: 1204.151: Total time for which application threads were stopped: 0.0001003 seconds, Stopping threads took: 0.0000225 seconds
2016-06-20T14:09:24.279+0100: 1204.151: Total time for which application threads were stopped: 0.0001318 seconds, Stopping threads took: 0.0000292 seconds
2016-06-20T14:09:24.280+0100: 1204.152: Total time for which application threads were stopped: 0.0001295 seconds, Stopping threads took: 0.0000292 seconds
2016-06-20T14:09:24.280+0100: 1204.152: Total time for which application threads were stopped: 0.0001441 seconds, Stopping threads took: 0.0000300 seconds
2016-06-20T14:09:24.280+0100: 1204.152: Total time for which application threads were stopped: 0.0003032 seconds, Stopping threads took: 0.0000241 seconds
2016-06-20T14:09:24.281+0100: 1204.153: Total time for which application threads were stopped: 0.0001216 seconds, Stopping threads took: 0.0000245 seconds
2016-06-20T14:09:24.286+0100: 1204.158: Total time for which application threads were stopped: 0.0002065 seconds, Stopping threads took: 0.0000430 seconds
2016-06-20T14:09:24.286+0100: 1204.158: Total time for which application threads were stopped: 0.0001417 seconds, Stopping threads took: 0.0000336 seconds
2016-06-20T14:09:24.286+0100: 1204.158: Total time for which application threads were stopped: 0.0001386 seconds, Stopping threads took: 0.0000296 seconds
2016-06-20T14:09:24.287+0100: 1204.159: Total time for which application threads were stopped: 0.0001421 seconds, Stopping threads took: 0.0000308 seconds
2016-06-20T14:09:24.288+0100: 1204.160: Total time for which application threads were stopped: 0.0001390 seconds, Stopping threads took: 0.0000320 seconds
2016-06-20T14:09:24.288+0100: 1204.160: Total time for which application threads were stopped: 0.0001034 seconds, Stopping threads took: 0.0000197 seconds
2016-06-20T14:09:24.292+0100: 1204.164: Total time for which application threads were stopped: 0.0003154 seconds, Stopping threads took: 0.0001259 seconds
2016-06-20T14:09:24.292+0100: 1204.164: Total time for which application threads were stopped: 0.0002795 seconds, Stopping threads took: 0.0000947 seconds
2016-06-20T14:09:24.297+0100: 1204.169: Total time for which application threads were stopped: 0.0002692 seconds, Stopping threads took: 0.0000529 seconds
2016-06-20T14:09:24.298+0100: 1204.170: Total time for which application threads were stopped: 0.0002590 seconds, Stopping threads took: 0.0000328 seconds
2016-06-20T14:09:24.298+0100: 1204.170: Total time for which application threads were stopped: 0.0002428 seconds, Stopping threads took: 0.0001141 seconds
2016-06-20T14:09:24.301+0100: 1204.173: Total time for which application threads were stopped: 0.0002558 seconds, Stopping threads took: 0.0000675 seconds
2016-06-20T14:09:24.439+0100: 1204.310: Total time for which application threads were stopped: 0.0001784 seconds, Stopping threads took: 0.0000371 seconds
2016-06-20T14:09:24.439+0100: 1204.310: Total time for which application threads were stopped: 0.0000726 seconds, Stopping threads took: 0.0000170 seconds
2016-06-20T14:09:24.439+0100: 1204.310: Total time for which application threads were stopped: 0.0000636 seconds, Stopping threads took: 0.0000150 seconds
2016-06-20T14:09:24.442+0100: 1204.313: Total time for which application threads were stopped: 0.0001165 seconds, Stopping threads took: 0.0000367 seconds
2016-06-20T14:09:24.444+0100: 1204.315: Total time for which application threads were stopped: 0.0001149 seconds, Stopping threads took: 0.0000332 seconds
2016-06-20T14:09:24.444+0100: 1204.315: Total time for which application threads were stopped: 0.0001007 seconds, Stopping threads took: 0.0000264 seconds
2016-06-20T14:09:24.445+0100: 1204.316: Total time for which application threads were stopped: 0.0000995 seconds, Stopping threads took: 0.0000249 seconds
2016-06-20T14:09:24.446+0100: 1204.317: Total time for which application threads were stopped: 0.0000955 seconds, Stopping threads took: 0.0000276 seconds
2016-06-20T14:09:24.452+0100: 1204.323: Total time for which application threads were stopped: 0.0002219 seconds, Stopping threads took: 0.0001204 seconds
2016-06-20T14:09:24.452+0100: 1204.324: Total time for which application threads were stopped: 0.0000991 seconds, Stopping threads took: 0.0000300 seconds
2016-06-20T14:09:24.453+0100: 1204.325: Total time for which application threads were stopped: 0.0001232 seconds, Stopping threads took: 0.0000320 seconds
2016-06-20T14:09:24.454+0100: 1204.326: Total time for which application threads were stopped: 0.0000928 seconds, Stopping threads took: 0.0000257 seconds
2016-06-20T14:09:24.462+0100: 1204.333: Total time for which application threads were stopped: 0.0001125 seconds, Stopping threads took: 0.0000363 seconds
2016-06-20T14:09:24.462+0100: 1204.333: Total time for which application threads were stopped: 0.0000754 seconds, Stopping threads took: 0.0000166 seconds
2016-06-20T14:09:24.462+0100: 1204.333: Total time for which application threads were stopped: 0.0000797 seconds, Stopping threads took: 0.0000189 seconds
2016-06-20T14:09:24.462+0100: 1204.334: Total time for which application threads were stopped: 0.0000766 seconds, Stopping threads took: 0.0000201 seconds
2016-06-20T14:09:24.467+0100: 1204.339: Total time for which application threads were stopped: 0.0001220 seconds, Stopping threads took: 0.0000336 seconds
2016-06-20T14:09:24.467+0100: 1204.339: Total time for which application threads were stopped: 0.0000825 seconds, Stopping threads took: 0.0000213 seconds
2016-06-20T14:09:24.467+0100: 1204.339: Total time for which application threads were stopped: 0.0000707 seconds, Stopping threads took: 0.0000193 seconds
2016-06-20T14:09:24.468+0100: 1204.339: Total time for which application threads were stopped: 0.0000841 seconds, Stopping threads took: 0.0000229 seconds
2016-06-20T14:09:24.500+0100: 1204.372: Total time for which application threads were stopped: 0.0001149 seconds, Stopping threads took: 0.0000296 seconds
2016-06-20T14:09:24.500+0100: 1204.372: Total time for which application threads were stopped: 0.0000813 seconds, Stopping threads took: 0.0000193 seconds
2016-06-20T14:09:24.500+0100: 1204.372: Total time for which application threads were stopped: 0.0000651 seconds, Stopping threads took: 0.0000146 seconds
2016-06-20T14:09:24.522+0100: 1204.394: Total time for which application threads were stopped: 0.0001350 seconds, Stopping threads took: 0.0000339 seconds
2016-06-20T14:09:24.574+0100: 1204.446: Total time for which application threads were stopped: 0.0000750 seconds, Stopping threads took: 0.0000225 seconds
2016-06-20T14:09:24.574+0100: 1204.446: Total time for which application threads were stopped: 0.0000328 seconds, Stopping threads took: 0.0000091 seconds
2016-06-20T14:09:24.574+0100: 1204.446: Total time for which application threads were stopped: 0.0000304 seconds, Stopping threads took: 0.0000079 seconds
2016-06-20T14:09:24.574+0100: 1204.446: Total time for which application threads were stopped: 0.0000632 seconds, Stopping threads took: 0.0000150 seconds
2016-06-20T14:09:24.580+0100: 1204.452: Total time for which application threads were stopped: 0.0001137 seconds, Stopping threads took: 0.0000336 seconds
2016-06-20T14:09:24.580+0100: 1204.452: Total time for which application threads were stopped: 0.0001145 seconds, Stopping threads took: 0.0000561 seconds
2016-06-20T14:09:24.580+0100: 1204.452: Total time for which application threads were stopped: 0.0000695 seconds, Stopping threads took: 0.0000193 seconds
2016-06-20T14:09:24.581+0100: 1204.452: Total time for which application threads were stopped: 0.0000608 seconds, Stopping threads took: 0.0000182 seconds
2016-06-20T14:09:24.613+0100: 1204.485: Total time for which application threads were stopped: 0.0001011 seconds, Stopping threads took: 0.0000241 seconds
2016-06-20T14:09:24.614+0100: 1204.485: Total time for which application threads were stopped: 0.0000391 seconds, Stopping threads took: 0.0000107 seconds
2016-06-20T14:09:24.614+0100: 1204.485: Total time for which application threads were stopped: 0.0000351 seconds, Stopping threads took: 0.0000095 seconds
2016-06-20T14:09:24.614+0100: 1204.486: Total time for which application threads were stopped: 0.0000383 seconds, Stopping threads took: 0.0000103 seconds
2016-06-20T14:09:24.625+0100: 1204.497: Total time for which application threads were stopped: 0.0000845 seconds, Stopping threads took: 0.0000241 seconds
2016-06-20T14:09:24.625+0100: 1204.497: Total time for which application threads were stopped: 0.0000387 seconds, Stopping threads took: 0.0000111 seconds
2016-06-20T14:09:24.625+0100: 1204.497: Total time for which application threads were stopped: 0.0000351 seconds, Stopping threads took: 0.0000099 seconds
2016-06-20T14:09:24.625+0100: 1204.497: Total time for which application threads were stopped: 0.0000379 seconds, Stopping threads took: 0.0000107 seconds
2016-06-20T14:09:24.643+0100: 1204.515: Total time for which application threads were stopped: 0.0001161 seconds, Stopping threads took: 0.0000308 seconds
2016-06-20T14:09:24.643+0100: 1204.515: Total time for which application threads were stopped: 0.0000849 seconds, Stopping threads took: 0.0000213 seconds
2016-06-20T14:09:24.644+0100: 1204.515: Total time for which application threads were stopped: 0.0000651 seconds, Stopping threads took: 0.0000150 seconds
2016-06-20T14:09:24.645+0100: 1204.516: Total time for which application threads were stopped: 0.0000837 seconds, Stopping threads took: 0.0000221 seconds
2016-06-20T14:09:24.647+0100: 1204.518: Total time for which application threads were stopped: 0.0000845 seconds, Stopping threads took: 0.0000221 seconds
2016-06-20T14:09:24.647+0100: 1204.518: Total time for which application threads were stopped: 0.0000738 seconds, Stopping threads took: 0.0000174 seconds
2016-06-20T14:09:24.647+0100: 1204.518: Total time for which application threads were stopped: 0.0000588 seconds, Stopping threads took: 0.0000138 seconds
2016-06-20T14:09:24.647+0100: 1204.519: Total time for which application threads were stopped: 0.0000608 seconds, Stopping threads took: 0.0000138 seconds
2016-06-20T14:09:24.676+0100: 1204.547: Total time for which application threads were stopped: 0.0001042 seconds, Stopping threads took: 0.0000312 seconds
2016-06-20T14:09:24.676+0100: 1204.547: Total time for which application threads were stopped: 0.0000565 seconds, Stopping threads took: 0.0000162 seconds
2016-06-20T14:09:24.676+0100: 1204.547: Total time for which application threads were stopped: 0.0000525 seconds, Stopping threads took: 0.0000154 seconds
2016-06-20T14:09:24.676+0100: 1204.548: Total time for which application threads were stopped: 0.0000592 seconds, Stopping threads took: 0.0000170 seconds
2016-06-20T14:09:24.694+0100: 1204.566: Total time for which application threads were stopped: 0.0000975 seconds, Stopping threads took: 0.0000280 seconds
2016-06-20T14:09:24.694+0100: 1204.566: Total time for which application threads were stopped: 0.0000742 seconds, Stopping threads took: 0.0000182 seconds
2016-06-20T14:09:24.694+0100: 1204.566: Total time for which application threads were stopped: 0.0000616 seconds, Stopping threads took: 0.0000142 seconds
2016-06-20T14:09:24.695+0100: 1204.566: Total time for which application threads were stopped: 0.0000695 seconds, Stopping threads took: 0.0000205 seconds
2016-06-20T14:09:24.725+0100: 1204.596: Total time for which application threads were stopped: 0.0003028 seconds, Stopping threads took: 0.0000229 seconds
2016-06-20T14:09:24.865+0100: 1204.736: Total time for which application threads were stopped: 0.0001299 seconds, Stopping threads took: 0.0000328 seconds
2016-06-20T14:09:24.865+0100: 1204.736: Total time for which application threads were stopped: 0.0000801 seconds, Stopping threads took: 0.0000229 seconds
2016-06-20T14:09:24.866+0100: 1204.737: Total time for which application threads were stopped: 0.0000841 seconds, Stopping threads took: 0.0000245 seconds
2016-06-20T14:09:24.867+0100: 1204.738: Total time for which application threads were stopped: 0.0000900 seconds, Stopping threads took: 0.0000347 seconds
2016-06-20T14:09:24.896+0100: 1204.767: Total time for which application threads were stopped: 0.0003798 seconds, Stopping threads took: 0.0000351 seconds
2016-06-20T14:09:24.993+0100: 1204.864: Total time for which application threads were stopped: 0.0001275 seconds, Stopping threads took: 0.0000363 seconds
2016-06-20T14:09:24.993+0100: 1204.865: Total time for which application threads were stopped: 0.0000884 seconds, Stopping threads took: 0.0000217 seconds
2016-06-20T14:09:24.994+0100: 1204.865: Total time for which application threads were stopped: 0.0002017 seconds, Stopping threads took: 0.0000178 seconds
2016-06-20T14:09:24.994+0100: 1204.865: Total time for which application threads were stopped: 0.0000782 seconds, Stopping threads took: 0.0000221 seconds
2016-06-20T14:09:25.093+0100: 1204.964: Total time for which application threads were stopped: 0.0003869 seconds, Stopping threads took: 0.0000347 seconds
2016-06-20T14:09:25.094+0100: 1204.965: Total time for which application threads were stopped: 0.0003419 seconds, Stopping threads took: 0.0000257 seconds
2016-06-20T14:09:25.309+0100: 1205.180: Total time for which application threads were stopped: 0.0004125 seconds, Stopping threads took: 0.0000367 seconds
2016-06-20T14:09:25.386+0100: 1205.258: Total time for which application threads were stopped: 0.0001232 seconds, Stopping threads took: 0.0000363 seconds
2016-06-20T14:09:25.411+0100: 1205.283: Total time for which application threads were stopped: 0.0001172 seconds, Stopping threads took: 0.0000399 seconds
2016-06-20T14:09:25.412+0100: 1205.283: Total time for which application threads were stopped: 0.0000722 seconds, Stopping threads took: 0.0000249 seconds
2016-06-20T14:09:25.413+0100: 1205.284: Total time for which application threads were stopped: 0.0001192 seconds, Stopping threads took: 0.0000414 seconds
2016-06-20T14:09:25.414+0100: 1205.285: Total time for which application threads were stopped: 0.0000995 seconds, Stopping threads took: 0.0000332 seconds
2016-06-20T14:09:25.414+0100: 1205.285: Total time for which application threads were stopped: 0.0000663 seconds, Stopping threads took: 0.0000249 seconds
2016-06-20T14:09:25.414+0100: 1205.286: Total time for which application threads were stopped: 0.0000596 seconds, Stopping threads took: 0.0000253 seconds
2016-06-20T14:09:25.414+0100: 1205.286: Total time for which application threads were stopped: 0.0000588 seconds, Stopping threads took: 0.0000193 seconds
2016-06-20T14:09:25.414+0100: 1205.286: Total time for which application threads were stopped: 0.0000671 seconds, Stopping threads took: 0.0000209 seconds
2016-06-20T14:09:25.414+0100: 1205.286: Total time for which application threads were stopped: 0.0000557 seconds, Stopping threads took: 0.0000182 seconds
2016-06-20T14:09:25.414+0100: 1205.286: Total time for which application threads were stopped: 0.0000568 seconds, Stopping threads took: 0.0000197 seconds
2016-06-20T14:09:25.414+0100: 1205.286: Total time for which application threads were stopped: 0.0000557 seconds, Stopping threads took: 0.0000186 seconds
2016-06-20T14:09:25.415+0100: 1205.286: Total time for which application threads were stopped: 0.0000636 seconds, Stopping threads took: 0.0000237 seconds
2016-06-20T14:09:25.415+0100: 1205.286: Total time for which application threads were stopped: 0.0000438 seconds, Stopping threads took: 0.0000142 seconds
2016-06-20T14:09:25.416+0100: 1205.288: Total time for which application threads were stopped: 0.0000920 seconds, Stopping threads took: 0.0000257 seconds
2016-06-20T14:09:25.417+0100: 1205.289: Total time for which application threads were stopped: 0.0000817 seconds, Stopping threads took: 0.0000213 seconds
2016-06-20T14:09:25.417+0100: 1205.289: Total time for which application threads were stopped: 0.0000533 seconds, Stopping threads took: 0.0000154 seconds
2016-06-20T14:09:25.417+0100: 1205.289: Total time for which application threads were stopped: 0.0000434 seconds, Stopping threads took: 0.0000134 seconds
2016-06-20T14:09:25.417+0100: 1205.289: Total time for which application threads were stopped: 0.0000450 seconds, Stopping threads took: 0.0000130 seconds
2016-06-20T14:09:25.417+0100: 1205.289: Total time for which application threads were stopped: 0.0000418 seconds, Stopping threads took: 0.0000118 seconds
2016-06-20T14:09:25.417+0100: 1205.289: Total time for which application threads were stopped: 0.0000411 seconds, Stopping threads took: 0.0000122 seconds
2016-06-20T14:09:25.417+0100: 1205.289: Total time for which application threads were stopped: 0.0000403 seconds, Stopping threads took: 0.0000122 seconds
2016-06-20T14:09:25.418+0100: 1205.289: Total time for which application threads were stopped: 0.0001559 seconds, Stopping threads took: 0.0000162 seconds
2016-06-20T14:09:25.419+0100: 1205.290: Total time for which application threads were stopped: 0.0000912 seconds, Stopping threads took: 0.0000205 seconds
2016-06-20T14:09:25.422+0100: 1205.294: Total time for which application threads were stopped: 0.0001161 seconds, Stopping threads took: 0.0000355 seconds
2016-06-20T14:09:25.423+0100: 1205.294: Total time for which application threads were stopped: 0.0000671 seconds, Stopping threads took: 0.0000261 seconds
2016-06-20T14:09:25.423+0100: 1205.294: Total time for which application threads were stopped: 0.0000663 seconds, Stopping threads took: 0.0000205 seconds
2016-06-20T14:09:25.423+0100: 1205.294: Total time for which application threads were stopped: 0.0000580 seconds, Stopping threads took: 0.0000182 seconds
2016-06-20T14:09:25.423+0100: 1205.295: Total time for which application threads were stopped: 0.0000580 seconds, Stopping threads took: 0.0000182 seconds
2016-06-20T14:09:25.423+0100: 1205.295: Total time for which application threads were stopped: 0.0000462 seconds, Stopping threads took: 0.0000134 seconds
2016-06-20T14:09:25.423+0100: 1205.295: Total time for which application threads were stopped: 0.0000509 seconds, Stopping threads took: 0.0000158 seconds
2016-06-20T14:09:25.423+0100: 1205.295: Total time for which application threads were stopped: 0.0000486 seconds, Stopping threads took: 0.0000150 seconds
2016-06-20T14:09:25.423+0100: 1205.295: Total time for which application threads were stopped: 0.0000482 seconds, Stopping threads took: 0.0000150 seconds
2016-06-20T14:09:25.423+0100: 1205.295: Total time for which application threads were stopped: 0.0000545 seconds, Stopping threads took: 0.0000154 seconds
2016-06-20T14:09:25.425+0100: 1205.296: Total time for which application threads were stopped: 0.0000746 seconds, Stopping threads took: 0.0000225 seconds
2016-06-20T14:09:25.425+0100: 1205.296: Total time for which application threads were stopped: 0.0000450 seconds, Stopping threads took: 0.0000111 seconds
2016-06-20T14:09:25.427+0100: 1205.299: Total time for which application threads were stopped: 0.0000888 seconds, Stopping threads took: 0.0000237 seconds
2016-06-20T14:09:25.428+0100: 1205.300: Total time for which application threads were stopped: 0.0000833 seconds, Stopping threads took: 0.0000253 seconds
2016-06-20T14:09:25.428+0100: 1205.300: Total time for which application threads were stopped: 0.0000746 seconds, Stopping threads took: 0.0000217 seconds
2016-06-20T14:09:25.429+0100: 1205.300: Total time for which application threads were stopped: 0.0000718 seconds, Stopping threads took: 0.0000268 seconds
2016-06-20T14:09:25.429+0100: 1205.300: Total time for which application threads were stopped: 0.0000537 seconds, Stopping threads took: 0.0000150 seconds
2016-06-20T14:09:25.429+0100: 1205.300: Total time for which application threads were stopped: 0.0000983 seconds, Stopping threads took: 0.0000588 seconds
2016-06-20T14:09:25.430+0100: 1205.302: Total time for which application threads were stopped: 0.0000872 seconds, Stopping threads took: 0.0000276 seconds
2016-06-20T14:09:25.430+0100: 1205.302: Total time for which application threads were stopped: 0.0000521 seconds, Stopping threads took: 0.0000166 seconds
2016-06-20T14:09:25.432+0100: 1205.303: Total time for which application threads were stopped: 0.0001216 seconds, Stopping threads took: 0.0000213 seconds
2016-06-20T14:09:25.432+0100: 1205.304: Total time for which application threads were stopped: 0.0000876 seconds, Stopping threads took: 0.0000249 seconds
2016-06-20T14:09:25.432+0100: 1205.304: Total time for which application threads were stopped: 0.0000525 seconds, Stopping threads took: 0.0000158 seconds
2016-06-20T14:09:25.433+0100: 1205.305: Total time for which application threads were stopped: 0.0000782 seconds, Stopping threads took: 0.0000197 seconds
2016-06-20T14:09:25.433+0100: 1205.305: Total time for which application threads were stopped: 0.0000442 seconds, Stopping threads took: 0.0000118 seconds
2016-06-20T14:09:25.434+0100: 1205.305: Total time for which application threads were stopped: 0.0000643 seconds, Stopping threads took: 0.0000162 seconds
2016-06-20T14:09:25.434+0100: 1205.305: Total time for which application threads were stopped: 0.0000466 seconds, Stopping threads took: 0.0000111 seconds
2016-06-20T14:09:25.434+0100: 1205.305: Total time for which application threads were stopped: 0.0000517 seconds, Stopping threads took: 0.0000142 seconds
2016-06-20T14:09:25.434+0100: 1205.306: Total time for which application threads were stopped: 0.0000486 seconds, Stopping threads took: 0.0000107 seconds
2016-06-20T14:09:25.435+0100: 1205.306: Total time for which application threads were stopped: 0.0000817 seconds, Stopping threads took: 0.0000178 seconds
2016-06-20T14:09:25.436+0100: 1205.308: Total time for which application threads were stopped: 0.0000995 seconds, Stopping threads took: 0.0000217 seconds
2016-06-20T14:09:25.436+0100: 1205.308: Total time for which application threads were stopped: 0.0000446 seconds, Stopping threads took: 0.0000118 seconds
2016-06-20T14:09:25.440+0100: 1205.311: Total time for which application threads were stopped: 0.0001259 seconds, Stopping threads took: 0.0000407 seconds
2016-06-20T14:09:25.440+0100: 1205.312: Total time for which application threads were stopped: 0.0000513 seconds, Stopping threads took: 0.0000138 seconds
2016-06-20T14:09:25.442+0100: 1205.313: Total time for which application threads were stopped: 0.0002530 seconds, Stopping threads took: 0.0000434 seconds
2016-06-20T14:09:25.443+0100: 1205.314: Total time for which application threads were stopped: 0.0001765 seconds, Stopping threads took: 0.0000201 seconds
2016-06-20T14:09:25.443+0100: 1205.314: Total time for which application threads were stopped: 0.0000620 seconds, Stopping threads took: 0.0000178 seconds
2016-06-20T14:09:25.456+0100: 1205.327: Total time for which application threads were stopped: 0.0001204 seconds, Stopping threads took: 0.0000395 seconds
2016-06-20T14:09:25.456+0100: 1205.327: Total time for which application threads were stopped: 0.0000596 seconds, Stopping threads took: 0.0000134 seconds
2016-06-20T14:09:25.460+0100: 1205.331: Total time for which application threads were stopped: 0.0001022 seconds, Stopping threads took: 0.0000280 seconds
2016-06-20T14:09:25.460+0100: 1205.331: Total time for which application threads were stopped: 0.0000561 seconds, Stopping threads took: 0.0000162 seconds
2016-06-20T14:09:25.476+0100: 1205.347: Total time for which application threads were stopped: 0.0000746 seconds, Stopping threads took: 0.0000225 seconds
2016-06-20T14:09:25.476+0100: 1205.347: Total time for which application threads were stopped: 0.0000347 seconds, Stopping threads took: 0.0000103 seconds
2016-06-20T14:09:25.477+0100: 1205.348: Total time for which application threads were stopped: 0.0001476 seconds, Stopping threads took: 0.0000126 seconds
2016-06-20T14:09:25.579+0100: 1205.450: Total time for which application threads were stopped: 0.0001180 seconds, Stopping threads took: 0.0000308 seconds
2016-06-20T14:09:25.579+0100: 1205.450: Total time for which application threads were stopped: 0.0000486 seconds, Stopping threads took: 0.0000130 seconds
2016-06-20T14:09:25.613+0100: 1205.484: Total time for which application threads were stopped: 0.0001168 seconds, Stopping threads took: 0.0000501 seconds
2016-06-20T14:09:25.613+0100: 1205.484: Total time for which application threads were stopped: 0.0000647 seconds, Stopping threads took: 0.0000205 seconds
2016-06-20T14:09:25.613+0100: 1205.484: Total time for which application threads were stopped: 0.0000671 seconds, Stopping threads took: 0.0000343 seconds
2016-06-20T14:09:25.613+0100: 1205.484: Total time for which application threads were stopped: 0.0000509 seconds, Stopping threads took: 0.0000150 seconds
2016-06-20T14:09:25.613+0100: 1205.484: Total time for which application threads were stopped: 0.0000525 seconds, Stopping threads took: 0.0000150 seconds
2016-06-20T14:09:25.613+0100: 1205.484: Total time for which application threads were stopped: 0.0000466 seconds, Stopping threads took: 0.0000142 seconds
2016-06-20T14:09:25.613+0100: 1205.484: Total time for which application threads were stopped: 0.0000482 seconds, Stopping threads took: 0.0000142 seconds
2016-06-20T14:09:25.613+0100: 1205.484: Total time for which application threads were stopped: 0.0000466 seconds, Stopping threads took: 0.0000134 seconds
2016-06-20T14:09:25.613+0100: 1205.485: Total time for which application threads were stopped: 0.0000430 seconds, Stopping threads took: 0.0000126 seconds
2016-06-20T14:09:25.613+0100: 1205.485: Total time for which application threads were stopped: 0.0000418 seconds, Stopping threads took: 0.0000122 seconds
2016-06-20T14:09:25.614+0100: 1205.485: Total time for which application threads were stopped: 0.0000470 seconds, Stopping threads took: 0.0000138 seconds
2016-06-20T14:09:25.614+0100: 1205.485: Total time for which application threads were stopped: 0.0000450 seconds, Stopping threads took: 0.0000138 seconds
2016-06-20T14:09:25.614+0100: 1205.485: Total time for which application threads were stopped: 0.0000458 seconds, Stopping threads took: 0.0000138 seconds
2016-06-20T14:09:25.614+0100: 1205.485: Total time for which application threads were stopped: 0.0000454 seconds, Stopping threads took: 0.0000138 seconds
2016-06-20T14:09:25.614+0100: 1205.485: Total time for which application threads were stopped: 0.0000466 seconds, Stopping threads took: 0.0000138 seconds
2016-06-20T14:09:25.614+0100: 1205.485: Total time for which application threads were stopped: 0.0000458 seconds, Stopping threads took: 0.0000134 seconds
2016-06-20T14:09:25.614+0100: 1205.485: Total time for which application threads were stopped: 0.0000450 seconds, Stopping threads took: 0.0000130 seconds
2016-06-20T14:09:25.614+0100: 1205.485: Total time for which application threads were stopped: 0.0000454 seconds, Stopping threads took: 0.0000134 seconds
2016-06-20T14:09:25.614+0100: 1205.485: Total time for which application threads were stopped: 0.0000450 seconds, Stopping threads took: 0.0000130 seconds
2016-06-20T14:09:25.614+0100: 1205.485: Total time for which application threads were stopped: 0.0001417 seconds, Stopping threads took: 0.0000138 seconds
2016-06-20T14:09:25.621+0100: 1205.493: Total time for which application threads were stopped: 0.0002017 seconds, Stopping threads took: 0.0000253 seconds
2016-06-20T14:09:25.663+0100: 1205.534: Total time for which application threads were stopped: 0.0001105 seconds, Stopping threads took: 0.0000304 seconds
{Heap before GC invocations=4 (full 1):
 par new generation   total 109248K, used 100331K [0x00000000e0000000, 0x00000000e8000000, 0x00000000e8000000)
  eden space 87424K, 100% used [0x00000000e0000000, 0x00000000e5560000, 0x00000000e5560000)
  from space 21824K,  59% used [0x00000000e5560000, 0x00000000e61faf90, 0x00000000e6ab0000)
  to   space 21824K,   0% used [0x00000000e6ab0000, 0x00000000e6ab0000, 0x00000000e8000000)
 concurrent mark-sweep generation total 393216K, used 0K [0x00000000e8000000, 0x0000000100000000, 0x0000000100000000)
 Metaspace       used 31988K, capacity 32382K, committed 32804K, reserved 1079296K
  class space    used 3736K, capacity 3844K, committed 3908K, reserved 1048576K
2016-06-20T14:09:26.363+0100: 1206.235: [GC (Allocation Failure) 2016-06-20T14:09:26.363+0100: 1206.235: [ParNew
Desired survivor size 20112992 bytes, new threshold 8 (max 8)
- age   1:    8400264 bytes,    8400264 total
- age   3:     763824 bytes,    9164088 total
- age   4:    3032040 bytes,   12196128 total
- age   5:    2530976 bytes,   14727104 total
: 100331K->17287K(109248K), 0.0184778 secs] 100331K->17287K(502464K), 0.0185378 secs] [Times: user=0.05 sys=0.00, real=0.02 secs] 
Heap after GC invocations=5 (full 1):
 par new generation   total 109248K, used 17287K [0x00000000e0000000, 0x00000000e8000000, 0x00000000e8000000)
  eden space 87424K,   0% used [0x00000000e0000000, 0x00000000e0000000, 0x00000000e5560000)
  from space 21824K,  79% used [0x00000000e6ab0000, 0x00000000e7b91c30, 0x00000000e8000000)
  to   space 21824K,   0% used [0x00000000e5560000, 0x00000000e5560000, 0x00000000e6ab0000)
 concurrent mark-sweep generation total 393216K, used 0K [0x00000000e8000000, 0x0000000100000000, 0x0000000100000000)
 Metaspace       used 31988K, capacity 32382K, committed 32804K, reserved 1079296K
  class space    used 3736K, capacity 3844K, committed 3908K, reserved 1048576K
}
2016-06-20T14:09:26.382+0100: 1206.254: Total time for which application threads were stopped: 0.0188288 seconds, Stopping threads took: 0.0000296 seconds
2016-06-20T14:09:26.384+0100: 1206.256: Total time for which application threads were stopped: 0.0003233 seconds, Stopping threads took: 0.0002554 seconds
2016-06-20T14:09:26.384+0100: 1206.256: Total time for which application threads were stopped: 0.0000687 seconds, Stopping threads took: 0.0000257 seconds
2016-06-20T14:09:26.384+0100: 1206.256: Total time for which application threads were stopped: 0.0000513 seconds, Stopping threads took: 0.0000253 seconds
2016-06-20T14:09:26.384+0100: 1206.256: Total time for which application threads were stopped: 0.0000545 seconds, Stopping threads took: 0.0000300 seconds
2016-06-20T14:09:26.384+0100: 1206.256: Total time for which application threads were stopped: 0.0000651 seconds, Stopping threads took: 0.0000225 seconds
2016-06-20T14:09:26.384+0100: 1206.256: Total time for which application threads were stopped: 0.0000801 seconds, Stopping threads took: 0.0000363 seconds
2016-06-20T14:09:26.384+0100: 1206.256: Total time for which application threads were stopped: 0.0000600 seconds, Stopping threads took: 0.0000209 seconds
2016-06-20T14:09:26.385+0100: 1206.256: Total time for which application threads were stopped: 0.0000675 seconds, Stopping threads took: 0.0000280 seconds
2016-06-20T14:09:26.385+0100: 1206.256: Total time for which application threads were stopped: 0.0000541 seconds, Stopping threads took: 0.0000189 seconds
2016-06-20T14:09:26.385+0100: 1206.257: Total time for which application threads were stopped: 0.0001761 seconds, Stopping threads took: 0.0000280 seconds
2016-06-20T14:09:27.123+0100: 1206.995: Total time for which application threads were stopped: 0.0004109 seconds, Stopping threads took: 0.0000284 seconds
2016-06-20T14:09:27.124+0100: 1206.995: Total time for which application threads were stopped: 0.0000533 seconds, Stopping threads took: 0.0000122 seconds
2016-06-20T14:09:27.124+0100: 1206.995: Total time for which application threads were stopped: 0.0000422 seconds, Stopping threads took: 0.0000103 seconds
2016-06-20T14:09:27.173+0100: 1207.045: Total time for which application threads were stopped: 0.0001986 seconds, Stopping threads took: 0.0000541 seconds
2016-06-20T14:09:27.174+0100: 1207.045: Total time for which application threads were stopped: 0.0003292 seconds, Stopping threads took: 0.0002132 seconds
2016-06-20T14:09:27.174+0100: 1207.046: Total time for which application threads were stopped: 0.0002053 seconds, Stopping threads took: 0.0001050 seconds
2016-06-20T14:09:27.174+0100: 1207.046: Total time for which application threads were stopped: 0.0001788 seconds, Stopping threads took: 0.0000801 seconds
2016-06-20T14:09:27.177+0100: 1207.048: Total time for which application threads were stopped: 0.0003099 seconds, Stopping threads took: 0.0001386 seconds
2016-06-20T14:09:27.177+0100: 1207.049: Total time for which application threads were stopped: 0.0002159 seconds, Stopping threads took: 0.0001011 seconds
2016-06-20T14:09:27.178+0100: 1207.049: Total time for which application threads were stopped: 0.0002226 seconds, Stopping threads took: 0.0000821 seconds
2016-06-20T14:09:27.262+0100: 1207.133: Total time for which application threads were stopped: 0.0000865 seconds, Stopping threads took: 0.0000272 seconds
2016-06-20T14:09:27.267+0100: 1207.139: Total time for which application threads were stopped: 0.0000770 seconds, Stopping threads took: 0.0000268 seconds
2016-06-20T14:09:27.268+0100: 1207.139: Total time for which application threads were stopped: 0.0000636 seconds, Stopping threads took: 0.0000111 seconds
2016-06-20T14:09:27.268+0100: 1207.139: Total time for which application threads were stopped: 0.0000446 seconds, Stopping threads took: 0.0000178 seconds
2016-06-20T14:09:27.268+0100: 1207.139: Total time for which application threads were stopped: 0.0000347 seconds, Stopping threads took: 0.0000083 seconds
2016-06-20T14:09:27.403+0100: 1207.274: Total time for which application threads were stopped: 0.0001042 seconds, Stopping threads took: 0.0000261 seconds
2016-06-20T14:09:27.403+0100: 1207.274: Total time for which application threads were stopped: 0.0000442 seconds, Stopping threads took: 0.0000182 seconds
2016-06-20T14:09:27.430+0100: 1207.301: Total time for which application threads were stopped: 0.0001133 seconds, Stopping threads took: 0.0000336 seconds
2016-06-20T14:09:27.430+0100: 1207.301: Total time for which application threads were stopped: 0.0000726 seconds, Stopping threads took: 0.0000229 seconds
2016-06-20T14:09:27.439+0100: 1207.311: Total time for which application threads were stopped: 0.0000730 seconds, Stopping threads took: 0.0000249 seconds
2016-06-20T14:09:27.439+0100: 1207.311: Total time for which application threads were stopped: 0.0000446 seconds, Stopping threads took: 0.0000186 seconds
2016-06-20T14:09:28.256+0100: 1208.128: Total time for which application threads were stopped: 0.0001326 seconds, Stopping threads took: 0.0000253 seconds
2016-06-20T14:09:28.257+0100: 1208.128: Total time for which application threads were stopped: 0.0000632 seconds, Stopping threads took: 0.0000170 seconds
2016-06-20T14:09:28.258+0100: 1208.130: Total time for which application threads were stopped: 0.0003861 seconds, Stopping threads took: 0.0000217 seconds
2016-06-20T14:09:28.354+0100: 1208.225: Total time for which application threads were stopped: 0.0001674 seconds, Stopping threads took: 0.0000422 seconds
2016-06-20T14:09:28.354+0100: 1208.225: Total time for which application threads were stopped: 0.0000718 seconds, Stopping threads took: 0.0000237 seconds
2016-06-20T14:09:28.354+0100: 1208.225: Total time for which application threads were stopped: 0.0000790 seconds, Stopping threads took: 0.0000379 seconds
2016-06-20T14:09:28.355+0100: 1208.226: Total time for which application threads were stopped: 0.0000557 seconds, Stopping threads took: 0.0000186 seconds
2016-06-20T14:09:28.355+0100: 1208.226: Total time for which application threads were stopped: 0.0000707 seconds, Stopping threads took: 0.0000213 seconds
2016-06-20T14:09:28.355+0100: 1208.226: Total time for which application threads were stopped: 0.0000525 seconds, Stopping threads took: 0.0000178 seconds
2016-06-20T14:09:28.355+0100: 1208.226: Total time for which application threads were stopped: 0.0000576 seconds, Stopping threads took: 0.0000154 seconds
2016-06-20T14:09:28.356+0100: 1208.227: Total time for which application threads were stopped: 0.0000659 seconds, Stopping threads took: 0.0000225 seconds
{Heap before GC invocations=5 (full 1):
 par new generation   total 109248K, used 104711K [0x00000000e0000000, 0x00000000e8000000, 0x00000000e8000000)
  eden space 87424K, 100% used [0x00000000e0000000, 0x00000000e5560000, 0x00000000e5560000)
  from space 21824K,  79% used [0x00000000e6ab0000, 0x00000000e7b91c30, 0x00000000e8000000)
  to   space 21824K,   0% used [0x00000000e5560000, 0x00000000e5560000, 0x00000000e6ab0000)
 concurrent mark-sweep generation total 393216K, used 0K [0x00000000e8000000, 0x0000000100000000, 0x0000000100000000)
 Metaspace       used 34455K, capacity 34850K, committed 35364K, reserved 1081344K
  class space    used 3962K, capacity 4070K, committed 4164K, reserved 1048576K
2016-06-20T14:09:28.364+0100: 1208.235: [GC (Allocation Failure) 2016-06-20T14:09:28.364+0100: 1208.236: [ParNew
Desired survivor size 20112992 bytes, new threshold 6 (max 8)
- age   1:   12664928 bytes,   12664928 total
- age   2:    3405144 bytes,   16070072 total
- age   4:     692656 bytes,   16762728 total
- age   5:    2900304 bytes,   19663032 total
- age   6:    2231864 bytes,   21894896 total
: 104711K->21824K(109248K), 0.0246345 secs] 104711K->22307K(502464K), 0.0247339 secs] [Times: user=0.06 sys=0.00, real=0.02 secs] 
Heap after GC invocations=6 (full 1):
 par new generation   total 109248K, used 21824K [0x00000000e0000000, 0x00000000e8000000, 0x00000000e8000000)
  eden space 87424K,   0% used [0x00000000e0000000, 0x00000000e0000000, 0x00000000e5560000)
  from space 21824K, 100% used [0x00000000e5560000, 0x00000000e6ab0000, 0x00000000e6ab0000)
  to   space 21824K,   0% used [0x00000000e6ab0000, 0x00000000e6ab0000, 0x00000000e8000000)
 concurrent mark-sweep generation total 393216K, used 483K [0x00000000e8000000, 0x0000000100000000, 0x0000000100000000)
 Metaspace       used 34455K, capacity 34850K, committed 35364K, reserved 1081344K
  class space    used 3962K, capacity 4070K, committed 4164K, reserved 1048576K
}
2016-06-20T14:09:28.389+0100: 1208.260: Total time for which application threads were stopped: 0.0249984 seconds, Stopping threads took: 0.0000328 seconds
2016-06-20T14:09:28.391+0100: 1208.262: Total time for which application threads were stopped: 0.0001042 seconds, Stopping threads took: 0.0000359 seconds
2016-06-20T14:09:28.391+0100: 1208.262: Total time for which application threads were stopped: 0.0000805 seconds, Stopping threads took: 0.0000193 seconds
2016-06-20T14:09:28.391+0100: 1208.262: Total time for which application threads were stopped: 0.0000616 seconds, Stopping threads took: 0.0000217 seconds
2016-06-20T14:09:28.392+0100: 1208.263: Total time for which application threads were stopped: 0.0003790 seconds, Stopping threads took: 0.0003316 seconds
2016-06-20T14:09:28.392+0100: 1208.263: Total time for which application threads were stopped: 0.0000513 seconds, Stopping threads took: 0.0000130 seconds
2016-06-20T14:09:28.392+0100: 1208.263: Total time for which application threads were stopped: 0.0004019 seconds, Stopping threads took: 0.0003580 seconds
2016-06-20T14:09:28.392+0100: 1208.263: Total time for which application threads were stopped: 0.0000486 seconds, Stopping threads took: 0.0000130 seconds
2016-06-20T14:09:28.392+0100: 1208.264: Total time for which application threads were stopped: 0.0000450 seconds, Stopping threads took: 0.0000107 seconds
2016-06-20T14:09:28.393+0100: 1208.264: Total time for which application threads were stopped: 0.0000489 seconds, Stopping threads took: 0.0000138 seconds
2016-06-20T14:09:28.393+0100: 1208.264: Total time for which application threads were stopped: 0.0000580 seconds, Stopping threads took: 0.0000178 seconds
2016-06-20T14:09:28.393+0100: 1208.264: Total time for which application threads were stopped: 0.0003502 seconds, Stopping threads took: 0.0003099 seconds
2016-06-20T14:09:28.393+0100: 1208.264: Total time for which application threads were stopped: 0.0000545 seconds, Stopping threads took: 0.0000178 seconds
2016-06-20T14:09:28.393+0100: 1208.264: Total time for which application threads were stopped: 0.0003237 seconds, Stopping threads took: 0.0002886 seconds
2016-06-20T14:09:28.394+0100: 1208.265: Total time for which application threads were stopped: 0.0000616 seconds, Stopping threads took: 0.0000264 seconds
2016-06-20T14:09:28.394+0100: 1208.265: Total time for which application threads were stopped: 0.0000403 seconds, Stopping threads took: 0.0000095 seconds
2016-06-20T14:09:28.394+0100: 1208.265: Total time for which application threads were stopped: 0.0000537 seconds, Stopping threads took: 0.0000142 seconds
2016-06-20T14:09:28.394+0100: 1208.265: Total time for which application threads were stopped: 0.0000651 seconds, Stopping threads took: 0.0000162 seconds
2016-06-20T14:09:28.394+0100: 1208.265: Total time for which application threads were stopped: 0.0000584 seconds, Stopping threads took: 0.0000118 seconds
2016-06-20T14:09:28.394+0100: 1208.265: Total time for which application threads were stopped: 0.0000529 seconds, Stopping threads took: 0.0000111 seconds
2016-06-20T14:09:28.394+0100: 1208.265: Total time for which application threads were stopped: 0.0000699 seconds, Stopping threads took: 0.0000359 seconds
2016-06-20T14:09:28.394+0100: 1208.265: Total time for which application threads were stopped: 0.0000462 seconds, Stopping threads took: 0.0000138 seconds
2016-06-20T14:09:28.394+0100: 1208.265: Total time for which application threads were stopped: 0.0000659 seconds, Stopping threads took: 0.0000261 seconds
2016-06-20T14:09:28.394+0100: 1208.265: Total time for which application threads were stopped: 0.0000458 seconds, Stopping threads took: 0.0000114 seconds
2016-06-20T14:09:28.394+0100: 1208.265: Total time for which application threads were stopped: 0.0001461 seconds, Stopping threads took: 0.0000095 seconds
2016-06-20T14:09:28.535+0100: 1208.406: Total time for which application threads were stopped: 0.0001433 seconds, Stopping threads took: 0.0000292 seconds
{Heap before GC invocations=6 (full 1):
 par new generation   total 109248K, used 109248K [0x00000000e0000000, 0x00000000e8000000, 0x00000000e8000000)
  eden space 87424K, 100% used [0x00000000e0000000, 0x00000000e5560000, 0x00000000e5560000)
  from space 21824K, 100% used [0x00000000e5560000, 0x00000000e6ab0000, 0x00000000e6ab0000)
  to   space 21824K,   0% used [0x00000000e6ab0000, 0x00000000e6ab0000, 0x00000000e8000000)
 concurrent mark-sweep generation total 393216K, used 483K [0x00000000e8000000, 0x0000000100000000, 0x0000000100000000)
 Metaspace       used 34516K, capacity 34914K, committed 35364K, reserved 1081344K
  class space    used 3962K, capacity 4070K, committed 4164K, reserved 1048576K
2016-06-20T14:09:29.005+0100: 1208.876: [GC (Allocation Failure) 2016-06-20T14:09:29.005+0100: 1208.876: [ParNew
Desired survivor size 20112992 bytes, new threshold 8 (max 8)
- age   1:     207472 bytes,     207472 total
- age   2:    9546432 bytes,    9753904 total
- age   3:    3399424 bytes,   13153328 total
- age   5:     692424 bytes,   13845752 total
- age   6:    2866184 bytes,   16711936 total
: 109248K->21824K(109248K), 0.0474889 secs] 109731K->27999K(502464K), 0.0475742 secs] [Times: user=0.17 sys=0.02, real=0.05 secs] 
Heap after GC invocations=7 (full 1):
 par new generation   total 109248K, used 21824K [0x00000000e0000000, 0x00000000e8000000, 0x00000000e8000000)
  eden space 87424K,   0% used [0x00000000e0000000, 0x00000000e0000000, 0x00000000e5560000)
  from space 21824K, 100% used [0x00000000e6ab0000, 0x00000000e8000000, 0x00000000e8000000)
  to   space 21824K,   0% used [0x00000000e5560000, 0x00000000e5560000, 0x00000000e6ab0000)
 concurrent mark-sweep generation total 393216K, used 6175K [0x00000000e8000000, 0x0000000100000000, 0x0000000100000000)
 Metaspace       used 34516K, capacity 34914K, committed 35364K, reserved 1081344K
  class space    used 3962K, capacity 4070K, committed 4164K, reserved 1048576K
}
2016-06-20T14:09:29.053+0100: 1208.924: Total time for which application threads were stopped: 0.0478687 seconds, Stopping threads took: 0.0000367 seconds
2016-06-20T14:09:29.053+0100: 1208.924: Total time for which application threads were stopped: 0.0001315 seconds, Stopping threads took: 0.0000312 seconds
2016-06-20T14:09:29.053+0100: 1208.924: Total time for which application threads were stopped: 0.0000632 seconds, Stopping threads took: 0.0000154 seconds
2016-06-20T14:09:29.053+0100: 1208.924: Total time for which application threads were stopped: 0.0000509 seconds, Stopping threads took: 0.0000134 seconds
{Heap before GC invocations=7 (full 1):
 par new generation   total 109248K, used 109248K [0x00000000e0000000, 0x00000000e8000000, 0x00000000e8000000)
  eden space 87424K, 100% used [0x00000000e0000000, 0x00000000e5560000, 0x00000000e5560000)
  from space 21824K, 100% used [0x00000000e6ab0000, 0x00000000e8000000, 0x00000000e8000000)
  to   space 21824K,   0% used [0x00000000e5560000, 0x00000000e5560000, 0x00000000e6ab0000)
 concurrent mark-sweep generation total 393216K, used 6175K [0x00000000e8000000, 0x0000000100000000, 0x0000000100000000)
 Metaspace       used 34593K, capacity 35002K, committed 35620K, reserved 1081344K
  class space    used 3965K, capacity 4074K, committed 4164K, reserved 1048576K
2016-06-20T14:09:29.754+0100: 1209.625: [GC (Allocation Failure) 2016-06-20T14:09:29.754+0100: 1209.625: [ParNew
Desired survivor size 20112992 bytes, new threshold 8 (max 8)
- age   1:    1967288 bytes,    1967288 total
- age   2:     139592 bytes,    2106880 total
- age   3:    9544144 bytes,   11651024 total
- age   4:    3399024 bytes,   15050048 total
- age   6:     692424 bytes,   15742472 total
- age   7:    2866184 bytes,   18608656 total
: 109248K->21824K(109248K), 0.0325651 secs] 115423K->27999K(502464K), 0.0326733 secs] [Times: user=0.06 sys=0.00, real=0.03 secs] 
Heap after GC invocations=8 (full 1):
 par new generation   total 109248K, used 21824K [0x00000000e0000000, 0x00000000e8000000, 0x00000000e8000000)
  eden space 87424K,   0% used [0x00000000e0000000, 0x00000000e0000000, 0x00000000e5560000)
  from space 21824K, 100% used [0x00000000e5560000, 0x00000000e6ab0000, 0x00000000e6ab0000)
  to   space 21824K,   0% used [0x00000000e6ab0000, 0x00000000e6ab0000, 0x00000000e8000000)
 concurrent mark-sweep generation total 393216K, used 6175K [0x00000000e8000000, 0x0000000100000000, 0x0000000100000000)
 Metaspace       used 34593K, capacity 35002K, committed 35620K, reserved 1081344K
  class space    used 3965K, capacity 4074K, committed 4164K, reserved 1048576K
}
2016-06-20T14:09:29.787+0100: 1209.658: Total time for which application threads were stopped: 0.0329682 seconds, Stopping threads took: 0.0000399 seconds
2016-06-20T14:09:29.788+0100: 1209.659: Total time for which application threads were stopped: 0.0001468 seconds, Stopping threads took: 0.0000359 seconds
2016-06-20T14:09:29.788+0100: 1209.659: Total time for which application threads were stopped: 0.0000730 seconds, Stopping threads took: 0.0000197 seconds
2016-06-20T14:09:29.788+0100: 1209.660: Total time for which application threads were stopped: 0.0000604 seconds, Stopping threads took: 0.0000162 seconds
2016-06-20T14:09:29.790+0100: 1209.661: Total time for which application threads were stopped: 0.0016576 seconds, Stopping threads took: 0.0015747 seconds
2016-06-20T14:09:30.790+0100: 1210.661: Total time for which application threads were stopped: 0.0001030 seconds, Stopping threads took: 0.0000217 seconds
2016-06-20T14:09:30.997+0100: 1210.869: Total time for which application threads were stopped: 0.0000762 seconds, Stopping threads took: 0.0000170 seconds
2016-06-20T14:09:30.997+0100: 1210.869: Total time for which application threads were stopped: 0.0000454 seconds, Stopping threads took: 0.0000189 seconds
2016-06-20T14:09:30.997+0100: 1210.869: Total time for which application threads were stopped: 0.0000371 seconds, Stopping threads took: 0.0000067 seconds
2016-06-20T14:09:30.998+0100: 1210.870: Total time for which application threads were stopped: 0.0000478 seconds, Stopping threads took: 0.0000103 seconds
2016-06-20T14:09:31.999+0100: 1211.871: Total time for which application threads were stopped: 0.0002984 seconds, Stopping threads took: 0.0000908 seconds
2016-06-20T14:09:32.281+0100: 1212.153: Total time for which application threads were stopped: 0.0001046 seconds, Stopping threads took: 0.0000316 seconds
2016-06-20T14:09:32.284+0100: 1212.156: Total time for which application threads were stopped: 0.0001109 seconds, Stopping threads took: 0.0000284 seconds
2016-06-20T14:09:32.297+0100: 1212.169: Total time for which application threads were stopped: 0.0000778 seconds, Stopping threads took: 0.0000276 seconds
2016-06-20T14:09:32.298+0100: 1212.169: Total time for which application threads were stopped: 0.0001824 seconds, Stopping threads took: 0.0000213 seconds
2016-06-20T14:09:32.412+0100: 1212.283: Total time for which application threads were stopped: 0.0001630 seconds, Stopping threads took: 0.0000328 seconds
2016-06-20T14:09:32.414+0100: 1212.285: Total time for which application threads were stopped: 0.0001018 seconds, Stopping threads took: 0.0000304 seconds
2016-06-20T14:09:32.414+0100: 1212.285: Total time for which application threads were stopped: 0.0001761 seconds, Stopping threads took: 0.0001334 seconds
2016-06-20T14:09:32.421+0100: 1212.292: Total time for which application threads were stopped: 0.0000936 seconds, Stopping threads took: 0.0000363 seconds
2016-06-20T14:09:32.421+0100: 1212.292: Total time for which application threads were stopped: 0.0000778 seconds, Stopping threads took: 0.0000257 seconds
2016-06-20T14:09:32.421+0100: 1212.292: Total time for which application threads were stopped: 0.0000766 seconds, Stopping threads took: 0.0000355 seconds
2016-06-20T14:09:32.421+0100: 1212.292: Total time for which application threads were stopped: 0.0000454 seconds, Stopping threads took: 0.0000130 seconds
2016-06-20T14:09:33.422+0100: 1213.293: Total time for which application threads were stopped: 0.0001141 seconds, Stopping threads took: 0.0000205 seconds
{Heap before GC invocations=8 (full 1):
 par new generation   total 109248K, used 109248K [0x00000000e0000000, 0x00000000e8000000, 0x00000000e8000000)
  eden space 87424K, 100% used [0x00000000e0000000, 0x00000000e5560000, 0x00000000e5560000)
  from space 21824K, 100% used [0x00000000e5560000, 0x00000000e6ab0000, 0x00000000e6ab0000)
  to   space 21824K,   0% used [0x00000000e6ab0000, 0x00000000e6ab0000, 0x00000000e8000000)
 concurrent mark-sweep generation total 393216K, used 6175K [0x00000000e8000000, 0x0000000100000000, 0x0000000100000000)
 Metaspace       used 35207K, capacity 35622K, committed 36132K, reserved 1081344K
  class space    used 4002K, capacity 4108K, committed 4164K, reserved 1048576K
2016-06-20T14:09:37.164+0100: 1217.035: [GC (Allocation Failure) 2016-06-20T14:09:37.164+0100: 1217.035: [ParNew
Desired survivor size 20112992 bytes, new threshold 8 (max 8)
- age   1:    6419360 bytes,    6419360 total
- age   2:     191792 bytes,    6611152 total
- age   3:     137048 bytes,    6748200 total
- age   4:    8611592 bytes,   15359792 total
- age   5:    3394888 bytes,   18754680 total
- age   7:     692376 bytes,   19447056 total
- age   8:    2866160 bytes,   22313216 total
: 109248K->21824K(109248K), 0.0242369 secs] 115423K->32530K(502464K), 0.0243155 secs] [Times: user=0.09 sys=0.00, real=0.02 secs] 
Heap after GC invocations=9 (full 1):
 par new generation   total 109248K, used 21824K [0x00000000e0000000, 0x00000000e8000000, 0x00000000e8000000)
  eden space 87424K,   0% used [0x00000000e0000000, 0x00000000e0000000, 0x00000000e5560000)
  from space 21824K, 100% used [0x00000000e6ab0000, 0x00000000e8000000, 0x00000000e8000000)
  to   space 21824K,   0% used [0x00000000e5560000, 0x00000000e5560000, 0x00000000e6ab0000)
 concurrent mark-sweep generation total 393216K, used 10706K [0x00000000e8000000, 0x0000000100000000, 0x0000000100000000)
 Metaspace       used 35207K, capacity 35622K, committed 36132K, reserved 1081344K
  class space    used 4002K, capacity 4108K, committed 4164K, reserved 1048576K
}
2016-06-20T14:09:37.188+0100: 1217.060: Total time for which application threads were stopped: 0.0245579 seconds, Stopping threads took: 0.0000296 seconds
2016-06-20T14:09:37.188+0100: 1217.060: Total time for which application threads were stopped: 0.0001476 seconds, Stopping threads took: 0.0000470 seconds
2016-06-20T14:09:37.189+0100: 1217.060: Total time for which application threads were stopped: 0.0000604 seconds, Stopping threads took: 0.0000213 seconds
2016-06-20T14:09:37.189+0100: 1217.060: Total time for which application threads were stopped: 0.0000722 seconds, Stopping threads took: 0.0000336 seconds
2016-06-20T14:09:37.189+0100: 1217.060: Total time for which application threads were stopped: 0.0000640 seconds, Stopping threads took: 0.0000122 seconds
2016-06-20T14:09:37.189+0100: 1217.060: Total time for which application threads were stopped: 0.0000679 seconds, Stopping threads took: 0.0000300 seconds
2016-06-20T14:09:37.189+0100: 1217.061: Total time for which application threads were stopped: 0.0003703 seconds, Stopping threads took: 0.0003233 seconds
2016-06-20T14:09:37.189+0100: 1217.061: Total time for which application threads were stopped: 0.0000707 seconds, Stopping threads took: 0.0000300 seconds
2016-06-20T14:09:37.189+0100: 1217.061: Total time for which application threads were stopped: 0.0000604 seconds, Stopping threads took: 0.0000241 seconds
2016-06-20T14:09:37.190+0100: 1217.061: Total time for which application threads were stopped: 0.0000687 seconds, Stopping threads took: 0.0000316 seconds
2016-06-20T14:09:37.190+0100: 1217.061: Total time for which application threads were stopped: 0.0000722 seconds, Stopping threads took: 0.0000107 seconds
2016-06-20T14:09:37.190+0100: 1217.061: Total time for which application threads were stopped: 0.0000620 seconds, Stopping threads took: 0.0000205 seconds
2016-06-20T14:09:37.190+0100: 1217.061: Total time for which application threads were stopped: 0.0000596 seconds, Stopping threads took: 0.0000245 seconds
2016-06-20T14:09:37.190+0100: 1217.061: Total time for which application threads were stopped: 0.0000592 seconds, Stopping threads took: 0.0000249 seconds
2016-06-20T14:09:37.190+0100: 1217.061: Total time for which application threads were stopped: 0.0000647 seconds, Stopping threads took: 0.0000280 seconds
2016-06-20T14:09:37.190+0100: 1217.061: Total time for which application threads were stopped: 0.0000549 seconds, Stopping threads took: 0.0000178 seconds
2016-06-20T14:09:37.190+0100: 1217.061: Total time for which application threads were stopped: 0.0000683 seconds, Stopping threads took: 0.0000304 seconds
2016-06-20T14:09:37.190+0100: 1217.062: Total time for which application threads were stopped: 0.0000561 seconds, Stopping threads took: 0.0000201 seconds
2016-06-20T14:09:37.190+0100: 1217.062: Total time for which application threads were stopped: 0.0001994 seconds, Stopping threads took: 0.0000332 seconds
2016-06-20T14:09:37.191+0100: 1217.062: Total time for which application threads were stopped: 0.0000746 seconds, Stopping threads took: 0.0000292 seconds
2016-06-20T14:09:37.191+0100: 1217.062: Total time for which application threads were stopped: 0.0000699 seconds, Stopping threads took: 0.0000264 seconds
2016-06-20T14:09:37.191+0100: 1217.062: Total time for which application threads were stopped: 0.0000537 seconds, Stopping threads took: 0.0000134 seconds
2016-06-20T14:09:37.191+0100: 1217.062: Total time for which application threads were stopped: 0.0000588 seconds, Stopping threads took: 0.0000178 seconds
2016-06-20T14:09:37.191+0100: 1217.062: Total time for which application threads were stopped: 0.0000517 seconds, Stopping threads took: 0.0000142 seconds
2016-06-20T14:09:37.191+0100: 1217.063: Total time for which application threads were stopped: 0.0001761 seconds, Stopping threads took: 0.0000134 seconds
2016-06-20T14:09:37.281+0100: 1217.152: Total time for which application threads were stopped: 0.0001295 seconds, Stopping threads took: 0.0000371 seconds
2016-06-20T14:09:37.327+0100: 1217.198: Total time for which application threads were stopped: 0.0004587 seconds, Stopping threads took: 0.0000257 seconds
{Heap before GC invocations=9 (full 1):
 par new generation   total 109248K, used 109248K [0x00000000e0000000, 0x00000000e8000000, 0x00000000e8000000)
  eden space 87424K, 100% used [0x00000000e0000000, 0x00000000e5560000, 0x00000000e5560000)
  from space 21824K, 100% used [0x00000000e6ab0000, 0x00000000e8000000, 0x00000000e8000000)
  to   space 21824K,   0% used [0x00000000e5560000, 0x00000000e5560000, 0x00000000e6ab0000)
 concurrent mark-sweep generation total 393216K, used 10706K [0x00000000e8000000, 0x0000000100000000, 0x0000000100000000)
 Metaspace       used 35410K, capacity 35846K, committed 36388K, reserved 1081344K
  class space    used 4026K, capacity 4140K, committed 4164K, reserved 1048576K
2016-06-20T14:09:37.618+0100: 1217.490: [GC (Allocation Failure) 2016-06-20T14:09:37.618+0100: 1217.490: [ParNew
Desired survivor size 20112992 bytes, new threshold 6 (max 8)
- age   1:    2966240 bytes,    2966240 total
- age   2:    6099304 bytes,    9065544 total
- age   3:     191736 bytes,    9257280 total
- age   4:     137048 bytes,    9394328 total
- age   5:    8556720 bytes,   17951048 total
- age   6:    2602424 bytes,   20553472 total
- age   8:     646240 bytes,   21199712 total
: 109248K->21824K(109248K), 0.0300604 secs] 119954K->46704K(502464K), 0.0301484 secs] [Times: user=0.11 sys=0.00, real=0.03 secs] 
Heap after GC invocations=10 (full 1):
 par new generation   total 109248K, used 21824K [0x00000000e0000000, 0x00000000e8000000, 0x00000000e8000000)
  eden space 87424K,   0% used [0x00000000e0000000, 0x00000000e0000000, 0x00000000e5560000)
  from space 21824K, 100% used [0x00000000e5560000, 0x00000000e6ab0000, 0x00000000e6ab0000)
  to   space 21824K,   0% used [0x00000000e6ab0000, 0x00000000e6ab0000, 0x00000000e8000000)
 concurrent mark-sweep generation total 393216K, used 24880K [0x00000000e8000000, 0x0000000100000000, 0x0000000100000000)
 Metaspace       used 35410K, capacity 35846K, committed 36388K, reserved 1081344K
  class space    used 4026K, capacity 4140K, committed 4164K, reserved 1048576K
}
2016-06-20T14:09:37.648+0100: 1217.520: Total time for which application threads were stopped: 0.0304042 seconds, Stopping threads took: 0.0000418 seconds
{Heap before GC invocations=10 (full 1):
 par new generation   total 109248K, used 109248K [0x00000000e0000000, 0x00000000e8000000, 0x00000000e8000000)
  eden space 87424K, 100% used [0x00000000e0000000, 0x00000000e5560000, 0x00000000e5560000)
  from space 21824K, 100% used [0x00000000e5560000, 0x00000000e6ab0000, 0x00000000e6ab0000)
  to   space 21824K,   0% used [0x00000000e6ab0000, 0x00000000e6ab0000, 0x00000000e8000000)
 concurrent mark-sweep generation total 393216K, used 24880K [0x00000000e8000000, 0x0000000100000000, 0x0000000100000000)
 Metaspace       used 35427K, capacity 35846K, committed 36388K, reserved 1081344K
  class space    used 4026K, capacity 4140K, committed 4164K, reserved 1048576K
2016-06-20T14:09:38.028+0100: 1217.899: [GC (Allocation Failure) 2016-06-20T14:09:38.028+0100: 1217.899: [ParNew
Desired survivor size 20112992 bytes, new threshold 8 (max 8)
- age   1:    1223744 bytes,    1223744 total
- age   2:     945552 bytes,    2169296 total
- age   3:    5549320 bytes,    7718616 total
- age   4:     188880 bytes,    7907496 total
- age   5:     108336 bytes,    8015832 total
- age   6:    8175088 bytes,   16190920 total
: 109248K->21824K(109248K), 0.0234466 secs] 134128K->52937K(502464K), 0.0235311 secs] [Times: user=0.13 sys=0.00, real=0.02 secs] 
Heap after GC invocations=11 (full 1):
 par new generation   total 109248K, used 21824K [0x00000000e0000000, 0x00000000e8000000, 0x00000000e8000000)
  eden space 87424K,   0% used [0x00000000e0000000, 0x00000000e0000000, 0x00000000e5560000)
  from space 21824K, 100% used [0x00000000e6ab0000, 0x00000000e8000000, 0x00000000e8000000)
  to   space 21824K,   0% used [0x00000000e5560000, 0x00000000e5560000, 0x00000000e6ab0000)
 concurrent mark-sweep generation total 393216K, used 31113K [0x00000000e8000000, 0x0000000100000000, 0x0000000100000000)
 Metaspace       used 35427K, capacity 35846K, committed 36388K, reserved 1081344K
  class space    used 4026K, capacity 4140K, committed 4164K, reserved 1048576K
}
2016-06-20T14:09:38.051+0100: 1217.922: Total time for which application threads were stopped: 0.0237976 seconds, Stopping threads took: 0.0000292 seconds
{Heap before GC invocations=11 (full 1):
 par new generation   total 109248K, used 109248K [0x00000000e0000000, 0x00000000e8000000, 0x00000000e8000000)
  eden space 87424K, 100% used [0x00000000e0000000, 0x00000000e5560000, 0x00000000e5560000)
  from space 21824K, 100% used [0x00000000e6ab0000, 0x00000000e8000000, 0x00000000e8000000)
  to   space 21824K,   0% used [0x00000000e5560000, 0x00000000e5560000, 0x00000000e6ab0000)
 concurrent mark-sweep generation total 393216K, used 31113K [0x00000000e8000000, 0x0000000100000000, 0x0000000100000000)
 Metaspace       used 35476K, capacity 35910K, committed 36388K, reserved 1081344K
  class space    used 4027K, capacity 4140K, committed 4164K, reserved 1048576K
2016-06-20T14:09:38.340+0100: 1218.212: [GC (Allocation Failure) 2016-06-20T14:09:38.340+0100: 1218.212: [ParNew
Desired survivor size 20112992 bytes, new threshold 8 (max 8)
- age   1:    2373392 bytes,    2373392 total
- age   2:     776928 bytes,    3150320 total
- age   3:     944056 bytes,    4094376 total
- age   4:    5547128 bytes,    9641504 total
- age   5:     188880 bytes,    9830384 total
- age   6:     108432 bytes,    9938816 total
- age   7:    8048144 bytes,   17986960 total
: 109248K->21824K(109248K), 0.0152834 secs] 140361K->53081K(502464K), 0.0153632 secs] [Times: user=0.06 sys=0.00, real=0.02 secs] 
Heap after GC invocations=12 (full 1):
 par new generation   total 109248K, used 21824K [0x00000000e0000000, 0x00000000e8000000, 0x00000000e8000000)
  eden space 87424K,   0% used [0x00000000e0000000, 0x00000000e0000000, 0x00000000e5560000)
  from space 21824K, 100% used [0x00000000e5560000, 0x00000000e6ab0000, 0x00000000e6ab0000)
  to   space 21824K,   0% used [0x00000000e6ab0000, 0x00000000e6ab0000, 0x00000000e8000000)
 concurrent mark-sweep generation total 393216K, used 31257K [0x00000000e8000000, 0x0000000100000000, 0x0000000100000000)
 Metaspace       used 35476K, capacity 35910K, committed 36388K, reserved 1081344K
  class space    used 4027K, capacity 4140K, committed 4164K, reserved 1048576K
}
2016-06-20T14:09:38.355+0100: 1218.227: Total time for which application threads were stopped: 0.0155906 seconds, Stopping threads took: 0.0000241 seconds
{Heap before GC invocations=12 (full 1):
 par new generation   total 109248K, used 109248K [0x00000000e0000000, 0x00000000e8000000, 0x00000000e8000000)
  eden space 87424K, 100% used [0x00000000e0000000, 0x00000000e5560000, 0x00000000e5560000)
  from space 21824K, 100% used [0x00000000e5560000, 0x00000000e6ab0000, 0x00000000e6ab0000)
  to   space 21824K,   0% used [0x00000000e6ab0000, 0x00000000e6ab0000, 0x00000000e8000000)
 concurrent mark-sweep generation total 393216K, used 31257K [0x00000000e8000000, 0x0000000100000000, 0x0000000100000000)
 Metaspace       used 35485K, capacity 35910K, committed 36388K, reserved 1081344K
  class space    used 4027K, capacity 4140K, committed 4164K, reserved 1048576K
2016-06-20T14:09:38.616+0100: 1218.488: [GC (Allocation Failure) 2016-06-20T14:09:38.617+0100: 1218.488: [ParNew
Desired survivor size 20112992 bytes, new threshold 8 (max 8)
- age   1:    1511280 bytes,    1511280 total
- age   2:    1627800 bytes,    3139080 total
- age   3:     756688 bytes,    3895768 total
- age   4:     944008 bytes,    4839776 total
- age   5:    5566304 bytes,   10406080 total
- age   6:     188880 bytes,   10594960 total
- age   7:     108336 bytes,   10703296 total
- age   8:    8045704 bytes,   18749000 total
: 109248K->21824K(109248K), 0.0149621 secs] 140505K->53081K(502464K), 0.0150442 secs] [Times: user=0.06 sys=0.00, real=0.02 secs] 
Heap after GC invocations=13 (full 1):
 par new generation   total 109248K, used 21824K [0x00000000e0000000, 0x00000000e8000000, 0x00000000e8000000)
  eden space 87424K,   0% used [0x00000000e0000000, 0x00000000e0000000, 0x00000000e5560000)
  from space 21824K, 100% used [0x00000000e6ab0000, 0x00000000e8000000, 0x00000000e8000000)
  to   space 21824K,   0% used [0x00000000e5560000, 0x00000000e5560000, 0x00000000e6ab0000)
 concurrent mark-sweep generation total 393216K, used 31257K [0x00000000e8000000, 0x0000000100000000, 0x0000000100000000)
 Metaspace       used 35485K, capacity 35910K, committed 36388K, reserved 1081344K
  class space    used 4027K, capacity 4140K, committed 4164K, reserved 1048576K
}
2016-06-20T14:09:38.632+0100: 1218.503: Total time for which application threads were stopped: 0.0152495 seconds, Stopping threads took: 0.0000249 seconds
{Heap before GC invocations=13 (full 1):
 par new generation   total 109248K, used 109248K [0x00000000e0000000, 0x00000000e8000000, 0x00000000e8000000)
  eden space 87424K, 100% used [0x00000000e0000000, 0x00000000e5560000, 0x00000000e5560000)
  from space 21824K, 100% used [0x00000000e6ab0000, 0x00000000e8000000, 0x00000000e8000000)
  to   space 21824K,   0% used [0x00000000e5560000, 0x00000000e5560000, 0x00000000e6ab0000)
 concurrent mark-sweep generation total 393216K, used 31257K [0x00000000e8000000, 0x0000000100000000, 0x0000000100000000)
 Metaspace       used 35507K, capacity 35974K, committed 36388K, reserved 1081344K
  class space    used 4027K, capacity 4140K, committed 4164K, reserved 1048576K
2016-06-20T14:09:38.900+0100: 1218.771: [GC (Allocation Failure) 2016-06-20T14:09:38.900+0100: 1218.772: [ParNew
Desired survivor size 20112992 bytes, new threshold 8 (max 8)
- age   1:    1475288 bytes,    1475288 total
- age   2:     786688 bytes,    2261976 total
- age   3:    1627800 bytes,    3889776 total
- age   4:     756688 bytes,    4646464 total
- age   5:     944008 bytes,    5590472 total
- age   6:    5547112 bytes,   11137584 total
- age   7:     188880 bytes,   11326464 total
- age   8:     108336 bytes,   11434800 total
: 109248K->21824K(109248K), 0.0244426 secs] 140505K->61527K(502464K), 0.0245385 secs] [Times: user=0.11 sys=0.00, real=0.02 secs] 
Heap after GC invocations=14 (full 1):
 par new generation   total 109248K, used 21824K [0x00000000e0000000, 0x00000000e8000000, 0x00000000e8000000)
  eden space 87424K,   0% used [0x00000000e0000000, 0x00000000e0000000, 0x00000000e5560000)
  from space 21824K, 100% used [0x00000000e5560000, 0x00000000e6ab0000, 0x00000000e6ab0000)
  to   space 21824K,   0% used [0x00000000e6ab0000, 0x00000000e6ab0000, 0x00000000e8000000)
 concurrent mark-sweep generation total 393216K, used 39703K [0x00000000e8000000, 0x0000000100000000, 0x0000000100000000)
 Metaspace       used 35507K, capacity 35974K, committed 36388K, reserved 1081344K
  class space    used 4027K, capacity 4140K, committed 4164K, reserved 1048576K
}
2016-06-20T14:09:38.925+0100: 1218.796: Total time for which application threads were stopped: 0.0248058 seconds, Stopping threads took: 0.0000391 seconds
2016-06-20T14:09:39.926+0100: 1219.797: Total time for which application threads were stopped: 0.0001315 seconds, Stopping threads took: 0.0000312 seconds
2016-06-20T14:09:40.475+0100: 1220.346: Total time for which application threads were stopped: 0.0001090 seconds, Stopping threads took: 0.0000320 seconds
2016-06-20T14:09:40.950+0100: 1220.821: Total time for which application threads were stopped: 0.0004686 seconds, Stopping threads took: 0.0000217 seconds
2016-06-20T14:09:41.156+0100: 1221.027: Total time for which application threads were stopped: 0.0001488 seconds, Stopping threads took: 0.0000430 seconds
2016-06-20T14:09:41.170+0100: 1221.041: Total time for which application threads were stopped: 0.0008168 seconds, Stopping threads took: 0.0000383 seconds
2016-06-20T14:09:41.333+0100: 1221.204: Total time for which application threads were stopped: 0.0001145 seconds, Stopping threads took: 0.0000264 seconds
2016-06-20T14:09:41.420+0100: 1221.291: Total time for which application threads were stopped: 0.0004528 seconds, Stopping threads took: 0.0000205 seconds
{Heap before GC invocations=14 (full 1):
 par new generation   total 109248K, used 109248K [0x00000000e0000000, 0x00000000e8000000, 0x00000000e8000000)
  eden space 87424K, 100% used [0x00000000e0000000, 0x00000000e5560000, 0x00000000e5560000)
  from space 21824K, 100% used [0x00000000e5560000, 0x00000000e6ab0000, 0x00000000e6ab0000)
  to   space 21824K,   0% used [0x00000000e6ab0000, 0x00000000e6ab0000, 0x00000000e8000000)
 concurrent mark-sweep generation total 393216K, used 39703K [0x00000000e8000000, 0x0000000100000000, 0x0000000100000000)
 Metaspace       used 39510K, capacity 39910K, committed 40484K, reserved 1085440K
  class space    used 4438K, capacity 4556K, committed 4676K, reserved 1048576K
2016-06-20T14:09:41.898+0100: 1221.769: [GC (Allocation Failure) 2016-06-20T14:09:41.898+0100: 1221.769: [ParNew
Desired survivor size 20112992 bytes, new threshold 8 (max 8)
- age   1:    8315512 bytes,    8315512 total
- age   2:      32016 bytes,    8347528 total
- age   3:      32288 bytes,    8379816 total
- age   4:     190560 bytes,    8570376 total
- age   5:     285456 bytes,    8855832 total
- age   6:     106608 bytes,    8962440 total
- age   7:     461600 bytes,    9424040 total
- age   8:     188880 bytes,    9612920 total
: 109248K->12895K(109248K), 0.0093589 secs] 148951K->52705K(502464K), 0.0094367 secs] [Times: user=0.02 sys=0.00, real=0.01 secs] 
Heap after GC invocations=15 (full 1):
 par new generation   total 109248K, used 12895K [0x00000000e0000000, 0x00000000e8000000, 0x00000000e8000000)
  eden space 87424K,   0% used [0x00000000e0000000, 0x00000000e0000000, 0x00000000e5560000)
  from space 21824K,  59% used [0x00000000e6ab0000, 0x00000000e7747f08, 0x00000000e8000000)
  to   space 21824K,   0% used [0x00000000e5560000, 0x00000000e5560000, 0x00000000e6ab0000)
 concurrent mark-sweep generation total 393216K, used 39809K [0x00000000e8000000, 0x0000000100000000, 0x0000000100000000)
 Metaspace       used 39510K, capacity 39910K, committed 40484K, reserved 1085440K
  class space    used 4438K, capacity 4556K, committed 4676K, reserved 1048576K
}
2016-06-20T14:09:41.908+0100: 1221.779: Total time for which application threads were stopped: 0.0096352 seconds, Stopping threads took: 0.0000193 seconds
2016-06-20T14:09:41.908+0100: 1221.779: Total time for which application threads were stopped: 0.0001232 seconds, Stopping threads took: 0.0000347 seconds
2016-06-20T14:09:41.908+0100: 1221.779: Total time for which application threads were stopped: 0.0000596 seconds, Stopping threads took: 0.0000193 seconds
2016-06-20T14:09:41.909+0100: 1221.780: Total time for which application threads were stopped: 0.0000509 seconds, Stopping threads took: 0.0000209 seconds
2016-06-20T14:09:41.909+0100: 1221.780: Total time for which application threads were stopped: 0.0003794 seconds, Stopping threads took: 0.0003367 seconds
2016-06-20T14:09:42.909+0100: 1222.781: Total time for which application threads were stopped: 0.0001891 seconds, Stopping threads took: 0.0000233 seconds
2016-06-20T14:09:43.910+0100: 1223.781: Total time for which application threads were stopped: 0.0000892 seconds, Stopping threads took: 0.0000276 seconds
2016-06-20T14:09:44.590+0100: 1224.461: Total time for which application threads were stopped: 0.0001026 seconds, Stopping threads took: 0.0000292 seconds
2016-06-20T14:09:46.591+0100: 1226.463: Total time for which application threads were stopped: 0.0000774 seconds, Stopping threads took: 0.0000268 seconds
2016-06-20T14:09:47.591+0100: 1227.463: Total time for which application threads were stopped: 0.0000746 seconds, Stopping threads took: 0.0000225 seconds
2016-06-20T14:09:49.593+0100: 1229.464: Total time for which application threads were stopped: 0.0001050 seconds, Stopping threads took: 0.0000355 seconds
2016-06-20T14:10:16.607+0100: 1256.478: Total time for which application threads were stopped: 0.0000813 seconds, Stopping threads took: 0.0000261 seconds
2016-06-20T14:13:30.203+0100: 1450.074: Total time for which application threads were stopped: 0.0001299 seconds, Stopping threads took: 0.0000339 seconds
2016-06-20T14:13:30.219+0100: 1450.091: Total time for which application threads were stopped: 0.0000971 seconds, Stopping threads took: 0.0000233 seconds
2016-06-20T14:13:30.220+0100: 1450.091: Total time for which application threads were stopped: 0.0000738 seconds, Stopping threads took: 0.0000186 seconds
2016-06-20T14:13:30.221+0100: 1450.093: Total time for which application threads were stopped: 0.0000762 seconds, Stopping threads took: 0.0000197 seconds
2016-06-20T14:13:30.222+0100: 1450.093: Total time for which application threads were stopped: 0.0000395 seconds, Stopping threads took: 0.0000099 seconds
2016-06-20T14:13:30.222+0100: 1450.093: Total time for which application threads were stopped: 0.0000375 seconds, Stopping threads took: 0.0000091 seconds
2016-06-20T14:13:30.222+0100: 1450.094: Total time for which application threads were stopped: 0.0000383 seconds, Stopping threads took: 0.0000095 seconds
2016-06-20T14:13:30.222+0100: 1450.094: Total time for which application threads were stopped: 0.0000379 seconds, Stopping threads took: 0.0000095 seconds
2016-06-20T14:13:30.222+0100: 1450.094: Total time for which application threads were stopped: 0.0000288 seconds, Stopping threads took: 0.0000075 seconds
2016-06-20T14:13:30.524+0100: 1450.396: Total time for which application threads were stopped: 0.0001630 seconds, Stopping threads took: 0.0000363 seconds
2016-06-20T14:13:31.525+0100: 1451.396: Total time for which application threads were stopped: 0.0001524 seconds, Stopping threads took: 0.0000245 seconds
{Heap before GC invocations=15 (full 1):
 par new generation   total 109248K, used 100319K [0x00000000e0000000, 0x00000000e8000000, 0x00000000e8000000)
  eden space 87424K, 100% used [0x00000000e0000000, 0x00000000e5560000, 0x00000000e5560000)
  from space 21824K,  59% used [0x00000000e6ab0000, 0x00000000e7747f08, 0x00000000e8000000)
  to   space 21824K,   0% used [0x00000000e5560000, 0x00000000e5560000, 0x00000000e6ab0000)
 concurrent mark-sweep generation total 393216K, used 39809K [0x00000000e8000000, 0x0000000100000000, 0x0000000100000000)
 Metaspace       used 43358K, capacity 43800K, committed 44196K, reserved 1089536K
  class space    used 4894K, capacity 5023K, committed 5060K, reserved 1048576K
2016-06-20T14:13:31.857+0100: 1451.728: [GC (Allocation Failure) 2016-06-20T14:13:31.857+0100: 1451.728: [ParNew
Desired survivor size 20112992 bytes, new threshold 8 (max 8)
- age   1:    5033680 bytes,    5033680 total
- age   2:    4902024 bytes,    9935704 total
- age   3:      32016 bytes,    9967720 total
- age   4:      32288 bytes,   10000008 total
- age   5:     190320 bytes,   10190328 total
- age   6:     283536 bytes,   10473864 total
- age   7:     106608 bytes,   10580472 total
- age   8:     461512 bytes,   11041984 total
: 100319K->13081K(109248K), 0.0169248 secs] 140129K->53080K(502464K), 0.0170247 secs] [Times: user=0.08 sys=0.00, real=0.02 secs] 
Heap after GC invocations=16 (full 1):
 par new generation   total 109248K, used 13081K [0x00000000e0000000, 0x00000000e8000000, 0x00000000e8000000)
  eden space 87424K,   0% used [0x00000000e0000000, 0x00000000e0000000, 0x00000000e5560000)
  from space 21824K,  59% used [0x00000000e5560000, 0x00000000e6226748, 0x00000000e6ab0000)
  to   space 21824K,   0% used [0x00000000e6ab0000, 0x00000000e6ab0000, 0x00000000e8000000)
 concurrent mark-sweep generation total 393216K, used 39998K [0x00000000e8000000, 0x0000000100000000, 0x0000000100000000)
 Metaspace       used 43358K, capacity 43800K, committed 44196K, reserved 1089536K
  class space    used 4894K, capacity 5023K, committed 5060K, reserved 1048576K
}
2016-06-20T14:13:31.874+0100: 1451.745: Total time for which application threads were stopped: 0.0172943 seconds, Stopping threads took: 0.0000324 seconds
2016-06-20T14:13:31.876+0100: 1451.748: Total time for which application threads were stopped: 0.0001449 seconds, Stopping threads took: 0.0000565 seconds
2016-06-20T14:13:31.876+0100: 1451.748: Total time for which application threads were stopped: 0.0000486 seconds, Stopping threads took: 0.0000114 seconds
{Heap before GC invocations=16 (full 1):
 par new generation   total 109248K, used 100505K [0x00000000e0000000, 0x00000000e8000000, 0x00000000e8000000)
  eden space 87424K, 100% used [0x00000000e0000000, 0x00000000e5560000, 0x00000000e5560000)
  from space 21824K,  59% used [0x00000000e5560000, 0x00000000e6226748, 0x00000000e6ab0000)
  to   space 21824K,   0% used [0x00000000e6ab0000, 0x00000000e6ab0000, 0x00000000e8000000)
 concurrent mark-sweep generation total 393216K, used 39998K [0x00000000e8000000, 0x0000000100000000, 0x0000000100000000)
 Metaspace       used 43460K, capacity 43938K, committed 44196K, reserved 1089536K
  class space    used 4907K, capacity 5046K, committed 5060K, reserved 1048576K
2016-06-20T14:13:32.211+0100: 1452.083: [GC (Allocation Failure) 2016-06-20T14:13:32.211+0100: 1452.083: [ParNew
Desired survivor size 20112992 bytes, new threshold 8 (max 8)
- age   1:    2016056 bytes,    2016056 total
- age   2:    1643504 bytes,    3659560 total
- age   3:    4899408 bytes,    8558968 total
- age   4:      32016 bytes,    8590984 total
- age   5:      32288 bytes,    8623272 total
- age   6:     190000 bytes,    8813272 total
- age   7:     283456 bytes,    9096728 total
- age   8:     106608 bytes,    9203336 total
: 100505K->12762K(109248K), 0.0100446 secs] 140504K->53214K(502464K), 0.0101366 secs] [Times: user=0.06 sys=0.00, real=0.01 secs] 
Heap after GC invocations=17 (full 1):
 par new generation   total 109248K, used 12762K [0x00000000e0000000, 0x00000000e8000000, 0x00000000e8000000)
  eden space 87424K,   0% used [0x00000000e0000000, 0x00000000e0000000, 0x00000000e5560000)
  from space 21824K,  58% used [0x00000000e6ab0000, 0x00000000e7726878, 0x00000000e8000000)
  to   space 21824K,   0% used [0x00000000e5560000, 0x00000000e5560000, 0x00000000e6ab0000)
 concurrent mark-sweep generation total 393216K, used 40452K [0x00000000e8000000, 0x0000000100000000, 0x0000000100000000)
 Metaspace       used 43460K, capacity 43938K, committed 44196K, reserved 1089536K
  class space    used 4907K, capacity 5046K, committed 5060K, reserved 1048576K
}
2016-06-20T14:13:32.221+0100: 1452.093: Total time for which application threads were stopped: 0.0104027 seconds, Stopping threads took: 0.0000359 seconds
{Heap before GC invocations=17 (full 1):
 par new generation   total 109248K, used 100186K [0x00000000e0000000, 0x00000000e8000000, 0x00000000e8000000)
  eden space 87424K, 100% used [0x00000000e0000000, 0x00000000e5560000, 0x00000000e5560000)
  from space 21824K,  58% used [0x00000000e6ab0000, 0x00000000e7726878, 0x00000000e8000000)
  to   space 21824K,   0% used [0x00000000e5560000, 0x00000000e5560000, 0x00000000e6ab0000)
 concurrent mark-sweep generation total 393216K, used 40452K [0x00000000e8000000, 0x0000000100000000, 0x0000000100000000)
 Metaspace       used 43466K, capacity 43938K, committed 44196K, reserved 1089536K
  class space    used 4907K, capacity 5046K, committed 5060K, reserved 1048576K
2016-06-20T14:13:32.537+0100: 1452.408: [GC (Allocation Failure) 2016-06-20T14:13:32.537+0100: 1452.408: [ParNew
Desired survivor size 20112992 bytes, new threshold 8 (max 8)
- age   1:    1825504 bytes,    1825504 total
- age   2:      29776 bytes,    1855280 total
- age   3:    1640520 bytes,    3495800 total
- age   4:    5030256 bytes,    8526056 total
- age   5:      32016 bytes,    8558072 total
- age   6:      32288 bytes,    8590360 total
- age   7:     186080 bytes,    8776440 total
- age   8:     276976 bytes,    9053416 total
: 100186K->11139K(109248K), 0.0092097 secs] 140638K->51698K(502464K), 0.0092855 secs] [Times: user=0.00 sys=0.00, real=0.01 secs] 
Heap after GC invocations=18 (full 1):
 par new generation   total 109248K, used 11139K [0x00000000e0000000, 0x00000000e8000000, 0x00000000e8000000)
  eden space 87424K,   0% used [0x00000000e0000000, 0x00000000e0000000, 0x00000000e5560000)
  from space 21824K,  51% used [0x00000000e5560000, 0x00000000e6040df0, 0x00000000e6ab0000)
  to   space 21824K,   0% used [0x00000000e6ab0000, 0x00000000e6ab0000, 0x00000000e8000000)
 concurrent mark-sweep generation total 393216K, used 40559K [0x00000000e8000000, 0x0000000100000000, 0x0000000100000000)
 Metaspace       used 43466K, capacity 43938K, committed 44196K, reserved 1089536K
  class space    used 4907K, capacity 5046K, committed 5060K, reserved 1048576K
}
2016-06-20T14:13:32.546+0100: 1452.417: Total time for which application threads were stopped: 0.0094773 seconds, Stopping threads took: 0.0000217 seconds
2016-06-20T14:13:33.546+0100: 1453.417: Total time for which application threads were stopped: 0.0000940 seconds, Stopping threads took: 0.0000300 seconds
2016-06-20T14:13:34.547+0100: 1454.418: Total time for which application threads were stopped: 0.0000928 seconds, Stopping threads took: 0.0000261 seconds
2016-06-20T14:13:35.548+0100: 1455.419: Total time for which application threads were stopped: 0.0000837 seconds, Stopping threads took: 0.0000249 seconds
2016-06-20T14:13:35.625+0100: 1455.496: Total time for which application threads were stopped: 0.0002108 seconds, Stopping threads took: 0.0000675 seconds
2016-06-20T14:13:36.546+0100: 1456.417: [GC (CMS Initial Mark) [1 CMS-initial-mark: 40559K(393216K)] 104667K(502464K), 0.0117077 secs] [Times: user=0.00 sys=0.00, real=0.01 secs] 
2016-06-20T14:13:36.557+0100: 1456.429: Total time for which application threads were stopped: 0.0118672 seconds, Stopping threads took: 0.0000217 seconds
2016-06-20T14:13:36.557+0100: 1456.429: [CMS-concurrent-mark-start]
2016-06-20T14:13:36.608+0100: 1456.479: [CMS-concurrent-mark: 0.050/0.050 secs] [Times: user=0.06 sys=0.00, real=0.05 secs] 
2016-06-20T14:13:36.608+0100: 1456.479: [CMS-concurrent-preclean-start]
2016-06-20T14:13:36.609+0100: 1456.480: [CMS-concurrent-preclean: 0.001/0.001 secs] [Times: user=0.02 sys=0.01, real=0.00 secs] 
2016-06-20T14:13:36.609+0100: 1456.480: [CMS-concurrent-abortable-preclean-start]
{Heap before GC invocations=18 (full 2):
 par new generation   total 109248K, used 98563K [0x00000000e0000000, 0x00000000e8000000, 0x00000000e8000000)
  eden space 87424K, 100% used [0x00000000e0000000, 0x00000000e5560000, 0x00000000e5560000)
  from space 21824K,  51% used [0x00000000e5560000, 0x00000000e6040df0, 0x00000000e6ab0000)
  to   space 21824K,   0% used [0x00000000e6ab0000, 0x00000000e6ab0000, 0x00000000e8000000)
 concurrent mark-sweep generation total 393216K, used 40559K [0x00000000e8000000, 0x0000000100000000, 0x0000000100000000)
 Metaspace       used 43548K, capacity 44136K, committed 44452K, reserved 1089536K
  class space    used 4908K, capacity 5047K, committed 5060K, reserved 1048576K
2016-06-20T14:13:39.205+0100: 1459.076: [GC (Allocation Failure) 2016-06-20T14:13:39.205+0100: 1459.076: [ParNew
Desired survivor size 20112992 bytes, new threshold 8 (max 8)
- age   1:   11737952 bytes,   11737952 total
- age   2:       2120 bytes,   11740072 total
- age   3:      26720 bytes,   11766792 total
- age   4:    1638376 bytes,   13405168 total
- age   5:    4898456 bytes,   18303624 total
- age   6:      32016 bytes,   18335640 total
- age   7:      32288 bytes,   18367928 total
- age   8:     189920 bytes,   18557848 total
: 98563K->19815K(109248K), 0.0117744 secs] 139122K->60655K(502464K), 0.0118735 secs] [Times: user=0.00 sys=0.00, real=0.01 secs] 
Heap after GC invocations=19 (full 2):
 par new generation   total 109248K, used 19815K [0x00000000e0000000, 0x00000000e8000000, 0x00000000e8000000)
  eden space 87424K,   0% used [0x00000000e0000000, 0x00000000e0000000, 0x00000000e5560000)
  from space 21824K,  90% used [0x00000000e6ab0000, 0x00000000e7e09f10, 0x00000000e8000000)
  to   space 21824K,   0% used [0x00000000e5560000, 0x00000000e5560000, 0x00000000e6ab0000)
 concurrent mark-sweep generation total 393216K, used 40840K [0x00000000e8000000, 0x0000000100000000, 0x0000000100000000)
 Metaspace       used 43548K, capacity 44136K, committed 44452K, reserved 1089536K
  class space    used 4908K, capacity 5047K, committed 5060K, reserved 1048576K
}
2016-06-20T14:13:39.216+0100: 1459.088: Total time for which application threads were stopped: 0.0121471 seconds, Stopping threads took: 0.0000320 seconds
2016-06-20T14:13:39.216+0100: 1459.088: Total time for which application threads were stopped: 0.0001050 seconds, Stopping threads took: 0.0000312 seconds
2016-06-20T14:13:39.216+0100: 1459.088: Total time for which application threads were stopped: 0.0000521 seconds, Stopping threads took: 0.0000138 seconds
2016-06-20T14:13:39.216+0100: 1459.088: Total time for which application threads were stopped: 0.0000647 seconds, Stopping threads took: 0.0000221 seconds
2016-06-20T14:13:39.217+0100: 1459.088: Total time for which application threads were stopped: 0.0001082 seconds, Stopping threads took: 0.0000284 seconds
2016-06-20T14:13:39.217+0100: 1459.089: Total time for which application threads were stopped: 0.0000675 seconds, Stopping threads took: 0.0000118 seconds
2016-06-20T14:13:39.217+0100: 1459.089: Total time for which application threads were stopped: 0.0000825 seconds, Stopping threads took: 0.0000257 seconds
2016-06-20T14:13:39.217+0100: 1459.089: Total time for which application threads were stopped: 0.0000572 seconds, Stopping threads took: 0.0000126 seconds
2016-06-20T14:13:39.217+0100: 1459.089: Total time for which application threads were stopped: 0.0000493 seconds, Stopping threads took: 0.0000114 seconds
2016-06-20T14:13:39.217+0100: 1459.089: Total time for which application threads were stopped: 0.0000786 seconds, Stopping threads took: 0.0000107 seconds
2016-06-20T14:13:39.217+0100: 1459.089: Total time for which application threads were stopped: 0.0000474 seconds, Stopping threads took: 0.0000107 seconds
2016-06-20T14:13:39.217+0100: 1459.089: Total time for which application threads were stopped: 0.0001003 seconds, Stopping threads took: 0.0000237 seconds
2016-06-20T14:13:39.217+0100: 1459.089: Total time for which application threads were stopped: 0.0000521 seconds, Stopping threads took: 0.0000114 seconds
2016-06-20T14:13:39.217+0100: 1459.089: Total time for which application threads were stopped: 0.0000497 seconds, Stopping threads took: 0.0000107 seconds
2016-06-20T14:13:39.217+0100: 1459.089: Total time for which application threads were stopped: 0.0000478 seconds, Stopping threads took: 0.0000107 seconds
2016-06-20T14:13:39.217+0100: 1459.089: Total time for which application threads were stopped: 0.0000509 seconds, Stopping threads took: 0.0000146 seconds
2016-06-20T14:13:39.218+0100: 1459.089: Total time for which application threads were stopped: 0.0000687 seconds, Stopping threads took: 0.0000229 seconds
2016-06-20T14:13:39.218+0100: 1459.090: Total time for which application threads were stopped: 0.0000513 seconds, Stopping threads took: 0.0000114 seconds
2016-06-20T14:13:39.218+0100: 1459.090: Total time for which application threads were stopped: 0.0001891 seconds, Stopping threads took: 0.0000103 seconds
2016-06-20T14:13:39.536+0100: 1459.407: [CMS-concurrent-abortable-preclean: 0.814/2.926 secs] [Times: user=1.70 sys=0.03, real=2.93 secs] 
2016-06-20T14:13:39.536+0100: 1459.407: [GC (CMS Final Remark) [YG occupancy: 107239 K (109248 K)]{Heap before GC invocations=19 (full 2):
 par new generation   total 109248K, used 107239K [0x00000000e0000000, 0x00000000e8000000, 0x00000000e8000000)
  eden space 87424K, 100% used [0x00000000e0000000, 0x00000000e5560000, 0x00000000e5560000)
  from space 21824K,  90% used [0x00000000e6ab0000, 0x00000000e7e09f10, 0x00000000e8000000)
  to   space 21824K,   0% used [0x00000000e5560000, 0x00000000e5560000, 0x00000000e6ab0000)
 concurrent mark-sweep generation total 393216K, used 40840K [0x00000000e8000000, 0x0000000100000000, 0x0000000100000000)
 Metaspace       used 43570K, capacity 44136K, committed 44452K, reserved 1089536K
  class space    used 4908K, capacity 5047K, committed 5060K, reserved 1048576K
2016-06-20T14:13:39.536+0100: 1459.407: [GC (CMS Final Remark) 2016-06-20T14:13:39.536+0100: 1459.407: [ParNew
Desired survivor size 20112992 bytes, new threshold 6 (max 8)
- age   1:    4120504 bytes,    4120504 total
- age   2:   11534480 bytes,   15654984 total
- age   3:        696 bytes,   15655680 total
- age   4:      26720 bytes,   15682400 total
- age   5:    1638376 bytes,   17320776 total
- age   6:    4898456 bytes,   22219232 total
- age   7:      32016 bytes,   22251248 total
- age   8:      32288 bytes,   22283536 total
: 107239K->21824K(109248K), 0.0212135 secs] 148079K->69355K(502464K), 0.0212790 secs] [Times: user=0.05 sys=0.00, real=0.02 secs] 
Heap after GC invocations=20 (full 2):
 par new generation   total 109248K, used 21824K [0x00000000e0000000, 0x00000000e8000000, 0x00000000e8000000)
  eden space 87424K,   0% used [0x00000000e0000000, 0x00000000e0000000, 0x00000000e5560000)
  from space 21824K, 100% used [0x00000000e5560000, 0x00000000e6ab0000, 0x00000000e6ab0000)
  to   space 21824K,   0% used [0x00000000e6ab0000, 0x00000000e6ab0000, 0x00000000e8000000)
 concurrent mark-sweep generation total 393216K, used 47531K [0x00000000e8000000, 0x0000000100000000, 0x0000000100000000)
 Metaspace       used 43570K, capacity 44136K, committed 44452K, reserved 1089536K
  class space    used 4908K, capacity 5047K, committed 5060K, reserved 1048576K
}
2016-06-20T14:13:39.557+0100: 1459.428: [Rescan (parallel) , 0.0053624 secs]2016-06-20T14:13:39.563+0100: 1459.434: [weak refs processing, 0.0011436 secs]2016-06-20T14:13:39.564+0100: 1459.435: [class unloading, 0.0278884 secs]2016-06-20T14:13:39.592+0100: 1459.463: [scrub symbol table, 0.0123192 secs]2016-06-20T14:13:39.604+0100: 1459.475: [scrub string table, 0.0013801 secs][1 CMS-remark: 47531K(393216K)] 69355K(502464K), 0.0718293 secs] [Times: user=0.11 sys=0.02, real=0.07 secs] 
2016-06-20T14:13:39.608+0100: 1459.479: Total time for which application threads were stopped: 0.0720216 seconds, Stopping threads took: 0.0000308 seconds
2016-06-20T14:13:39.608+0100: 1459.479: [CMS-concurrent-sweep-start]
2016-06-20T14:13:39.632+0100: 1459.503: [CMS-concurrent-sweep: 0.024/0.024 secs] [Times: user=0.05 sys=0.00, real=0.02 secs] 
2016-06-20T14:13:39.632+0100: 1459.503: [CMS-concurrent-reset-start]
2016-06-20T14:13:39.634+0100: 1459.505: [CMS-concurrent-reset: 0.002/0.002 secs] [Times: user=0.00 sys=0.00, real=0.00 secs] 
{Heap before GC invocations=20 (full 2):
 par new generation   total 109248K, used 109248K [0x00000000e0000000, 0x00000000e8000000, 0x00000000e8000000)
  eden space 87424K, 100% used [0x00000000e0000000, 0x00000000e5560000, 0x00000000e5560000)
  from space 21824K, 100% used [0x00000000e5560000, 0x00000000e6ab0000, 0x00000000e6ab0000)
  to   space 21824K,   0% used [0x00000000e6ab0000, 0x00000000e6ab0000, 0x00000000e8000000)
 concurrent mark-sweep generation total 393216K, used 29155K [0x00000000e8000000, 0x0000000100000000, 0x0000000100000000)
 Metaspace       used 43541K, capacity 44090K, committed 44452K, reserved 1089536K
  class space    used 4902K, capacity 5036K, committed 5060K, reserved 1048576K
2016-06-20T14:13:39.865+0100: 1459.736: [GC (Allocation Failure) 2016-06-20T14:13:39.865+0100: 1459.736: [ParNew
Desired survivor size 20112992 bytes, new threshold 8 (max 8)
- age   1:    1285696 bytes,    1285696 total
- age   2:    3326496 bytes,    4612192 total
- age   3:   10583456 bytes,   15195648 total
- age   4:        696 bytes,   15196344 total
- age   5:      26720 bytes,   15223064 total
- age   6:    1636736 bytes,   16859800 total
: 109248K->21824K(109248K), 0.0132378 secs] 138403K->55067K(502464K), 0.0133168 secs] [Times: user=0.06 sys=0.00, real=0.01 secs] 
Heap after GC invocations=21 (full 2):
 par new generation   total 109248K, used 21824K [0x00000000e0000000, 0x00000000e8000000, 0x00000000e8000000)
  eden space 87424K,   0% used [0x00000000e0000000, 0x00000000e0000000, 0x00000000e5560000)
  from space 21824K, 100% used [0x00000000e6ab0000, 0x00000000e8000000, 0x00000000e8000000)
  to   space 21824K,   0% used [0x00000000e5560000, 0x00000000e5560000, 0x00000000e6ab0000)
 concurrent mark-sweep generation total 393216K, used 33243K [0x00000000e8000000, 0x0000000100000000, 0x0000000100000000)
 Metaspace       used 43541K, capacity 44090K, committed 44452K, reserved 1089536K
  class space    used 4902K, capacity 5036K, committed 5060K, reserved 1048576K
}
2016-06-20T14:13:39.878+0100: 1459.750: Total time for which application threads were stopped: 0.0136977 seconds, Stopping threads took: 0.0000332 seconds
{Heap before GC invocations=21 (full 2):
 par new generation   total 109248K, used 109248K [0x00000000e0000000, 0x00000000e8000000, 0x00000000e8000000)
  eden space 87424K, 100% used [0x00000000e0000000, 0x00000000e5560000, 0x00000000e5560000)
  from space 21824K, 100% used [0x00000000e6ab0000, 0x00000000e8000000, 0x00000000e8000000)
  to   space 21824K,   0% used [0x00000000e5560000, 0x00000000e5560000, 0x00000000e6ab0000)
 concurrent mark-sweep generation total 393216K, used 33243K [0x00000000e8000000, 0x0000000100000000, 0x0000000100000000)
 Metaspace       used 43543K, capacity 44090K, committed 44452K, reserved 1089536K
  class space    used 4902K, capacity 5036K, committed 5060K, reserved 1048576K
2016-06-20T14:13:40.073+0100: 1459.945: [GC (Allocation Failure) 2016-06-20T14:13:40.073+0100: 1459.945: [ParNew
Desired survivor size 20112992 bytes, new threshold 8 (max 8)
- age   1:    2283584 bytes,    2283584 total
- age   2:     644432 bytes,    2928016 total
- age   3:    3281072 bytes,    6209088 total
- age   4:   10574592 bytes,   16783680 total
- age   5:        696 bytes,   16784376 total
- age   6:      26720 bytes,   16811096 total
- age   7:    1636736 bytes,   18447832 total
: 109248K->21798K(109248K), 0.0080827 secs] 142491K->55042K(502464K), 0.0082382 secs] [Times: user=0.06 sys=0.00, real=0.01 secs] 
Heap after GC invocations=22 (full 2):
 par new generation   total 109248K, used 21798K [0x00000000e0000000, 0x00000000e8000000, 0x00000000e8000000)
  eden space 87424K,   0% used [0x00000000e0000000, 0x00000000e0000000, 0x00000000e5560000)
  from space 21824K,  99% used [0x00000000e5560000, 0x00000000e6aa9980, 0x00000000e6ab0000)
  to   space 21824K,   0% used [0x00000000e6ab0000, 0x00000000e6ab0000, 0x00000000e8000000)
 concurrent mark-sweep generation total 393216K, used 33243K [0x00000000e8000000, 0x0000000100000000, 0x0000000100000000)
 Metaspace       used 43543K, capacity 44090K, committed 44452K, reserved 1089536K
  class space    used 4902K, capacity 5036K, committed 5060K, reserved 1048576K
}
2016-06-20T14:13:40.081+0100: 1459.953: Total time for which application threads were stopped: 0.0085114 seconds, Stopping threads took: 0.0000288 seconds
{Heap before GC invocations=22 (full 2):
 par new generation   total 109248K, used 109222K [0x00000000e0000000, 0x00000000e8000000, 0x00000000e8000000)
  eden space 87424K, 100% used [0x00000000e0000000, 0x00000000e5560000, 0x00000000e5560000)
  from space 21824K,  99% used [0x00000000e5560000, 0x00000000e6aa9980, 0x00000000e6ab0000)
  to   space 21824K,   0% used [0x00000000e6ab0000, 0x00000000e6ab0000, 0x00000000e8000000)
 concurrent mark-sweep generation total 393216K, used 33243K [0x00000000e8000000, 0x0000000100000000, 0x0000000100000000)
 Metaspace       used 43550K, capacity 44090K, committed 44452K, reserved 1089536K
  class space    used 4903K, capacity 5036K, committed 5060K, reserved 1048576K
2016-06-20T14:13:40.318+0100: 1460.190: [GC (Allocation Failure) 2016-06-20T14:13:40.318+0100: 1460.190: [ParNew
Desired survivor size 20112992 bytes, new threshold 8 (max 8)
- age   1:    1491800 bytes,    1491800 total
- age   2:    1506736 bytes,    2998536 total
- age   3:     644432 bytes,    3642968 total
- age   4:    3364376 bytes,    7007344 total
- age   5:   10486728 bytes,   17494072 total
- age   6:        696 bytes,   17494768 total
- age   7:      26720 bytes,   17521488 total
- age   8:    1636608 bytes,   19158096 total
: 109222K->21824K(109248K), 0.0076259 secs] 142466K->55184K(502464K), 0.0077061 secs] [Times: user=0.00 sys=0.00, real=0.01 secs] 
Heap after GC invocations=23 (full 2):
 par new generation   total 109248K, used 21824K [0x00000000e0000000, 0x00000000e8000000, 0x00000000e8000000)
  eden space 87424K,   0% used [0x00000000e0000000, 0x00000000e0000000, 0x00000000e5560000)
  from space 21824K, 100% used [0x00000000e6ab0000, 0x00000000e8000000, 0x00000000e8000000)
  to   space 21824K,   0% used [0x00000000e5560000, 0x00000000e5560000, 0x00000000e6ab0000)
 concurrent mark-sweep generation total 393216K, used 33360K [0x00000000e8000000, 0x0000000100000000, 0x0000000100000000)
 Metaspace       used 43550K, capacity 44090K, committed 44452K, reserved 1089536K
  class space    used 4903K, capacity 5036K, committed 5060K, reserved 1048576K
}
2016-06-20T14:13:40.326+0100: 1460.197: Total time for which application threads were stopped: 0.0079342 seconds, Stopping threads took: 0.0000237 seconds
{Heap before GC invocations=23 (full 2):
 par new generation   total 109248K, used 109248K [0x00000000e0000000, 0x00000000e8000000, 0x00000000e8000000)
  eden space 87424K, 100% used [0x00000000e0000000, 0x00000000e5560000, 0x00000000e5560000)
  from space 21824K, 100% used [0x00000000e6ab0000, 0x00000000e8000000, 0x00000000e8000000)
  to   space 21824K,   0% used [0x00000000e5560000, 0x00000000e5560000, 0x00000000e6ab0000)
 concurrent mark-sweep generation total 393216K, used 33360K [0x00000000e8000000, 0x0000000100000000, 0x0000000100000000)
 Metaspace       used 43550K, capacity 44090K, committed 44452K, reserved 1089536K
  class space    used 4903K, capacity 5036K, committed 5060K, reserved 1048576K
2016-06-20T14:13:40.527+0100: 1460.399: [GC (Allocation Failure) 2016-06-20T14:13:40.527+0100: 1460.399: [ParNew
Desired survivor size 20112992 bytes, new threshold 8 (max 8)
- age   1:    2480424 bytes,    2480424 total
- age   2:     682272 bytes,    3162696 total
- age   3:     751088 bytes,    3913784 total
- age   4:     610584 bytes,    4524368 total
- age   5:    2629552 bytes,    7153920 total
- age   6:   10317896 bytes,   17471816 total
- age   7:        696 bytes,   17472512 total
- age   8:      26720 bytes,   17499232 total
: 109248K->21824K(109248K), 0.0088430 secs] 142608K->57909K(502464K), 0.0089231 secs] [Times: user=0.06 sys=0.00, real=0.01 secs] 
Heap after GC invocations=24 (full 2):
 par new generation   total 109248K, used 21824K [0x00000000e0000000, 0x00000000e8000000, 0x00000000e8000000)
  eden space 87424K,   0% used [0x00000000e0000000, 0x00000000e0000000, 0x00000000e5560000)
  from space 21824K, 100% used [0x00000000e5560000, 0x00000000e6ab0000, 0x00000000e6ab0000)
  to   space 21824K,   0% used [0x00000000e6ab0000, 0x00000000e6ab0000, 0x00000000e8000000)
 concurrent mark-sweep generation total 393216K, used 36085K [0x00000000e8000000, 0x0000000100000000, 0x0000000100000000)
 Metaspace       used 43550K, capacity 44090K, committed 44452K, reserved 1089536K
  class space    used 4903K, capacity 5036K, committed 5060K, reserved 1048576K
}
2016-06-20T14:13:40.536+0100: 1460.408: Total time for which application threads were stopped: 0.0091078 seconds, Stopping threads took: 0.0000257 seconds
2016-06-20T14:13:41.537+0100: 1461.408: Total time for which application threads were stopped: 0.0003395 seconds, Stopping threads took: 0.0002132 seconds
2016-06-20T14:13:41.845+0100: 1461.716: Total time for which application threads were stopped: 0.0002574 seconds, Stopping threads took: 0.0000711 seconds
2016-06-20T14:13:41.886+0100: 1461.757: Total time for which application threads were stopped: 0.0001457 seconds, Stopping threads took: 0.0000371 seconds
2016-06-20T14:13:42.886+0100: 1462.757: Total time for which application threads were stopped: 0.0001188 seconds, Stopping threads took: 0.0000339 seconds
2016-06-20T14:13:43.887+0100: 1463.758: Total time for which application threads were stopped: 0.0000849 seconds, Stopping threads took: 0.0000284 seconds
2016-06-20T14:13:44.887+0100: 1464.758: Total time for which application threads were stopped: 0.0000679 seconds, Stopping threads took: 0.0000209 seconds
2016-06-20T14:13:45.888+0100: 1465.759: Total time for which application threads were stopped: 0.0000762 seconds, Stopping threads took: 0.0000233 seconds
2016-06-20T14:13:46.889+0100: 1466.760: Total time for which application threads were stopped: 0.0000695 seconds, Stopping threads took: 0.0000201 seconds
2016-06-20T14:13:48.890+0100: 1468.761: Total time for which application threads were stopped: 0.0001022 seconds, Stopping threads took: 0.0000407 seconds
2016-06-20T14:13:51.891+0100: 1471.762: Total time for which application threads were stopped: 0.0000991 seconds, Stopping threads took: 0.0000272 seconds
2016-06-20T14:13:53.893+0100: 1473.764: Total time for which application threads were stopped: 0.0001196 seconds, Stopping threads took: 0.0000332 seconds
2016-06-20T14:13:54.893+0100: 1474.764: Total time for which application threads were stopped: 0.0001074 seconds, Stopping threads took: 0.0000304 seconds
2016-06-20T14:13:55.895+0100: 1475.766: Total time for which application threads were stopped: 0.0016296 seconds, Stopping threads took: 0.0015368 seconds
2016-06-20T14:13:56.509+0100: 1476.380: Total time for which application threads were stopped: 0.0001536 seconds, Stopping threads took: 0.0000304 seconds
2016-06-20T14:13:56.510+0100: 1476.382: Total time for which application threads were stopped: 0.0001180 seconds, Stopping threads took: 0.0000308 seconds
2016-06-20T14:13:57.516+0100: 1477.387: Total time for which application threads were stopped: 0.0001804 seconds, Stopping threads took: 0.0000336 seconds
2016-06-20T14:13:58.516+0100: 1478.388: Total time for which application threads were stopped: 0.0003541 seconds, Stopping threads took: 0.0001374 seconds
{Heap before GC invocations=24 (full 2):
 par new generation   total 109248K, used 109223K [0x00000000e0000000, 0x00000000e8000000, 0x00000000e8000000)
  eden space 87424K,  99% used [0x00000000e0000000, 0x00000000e5559f70, 0x00000000e5560000)
  from space 21824K, 100% used [0x00000000e5560000, 0x00000000e6ab0000, 0x00000000e6ab0000)
  to   space 21824K,   0% used [0x00000000e6ab0000, 0x00000000e6ab0000, 0x00000000e8000000)
 concurrent mark-sweep generation total 393216K, used 36085K [0x00000000e8000000, 0x0000000100000000, 0x0000000100000000)
 Metaspace       used 44500K, capacity 45028K, committed 45348K, reserved 1089536K
  class space    used 4949K, capacity 5091K, committed 5188K, reserved 1048576K
2016-06-20T14:13:58.630+0100: 1478.501: [GC (Allocation Failure) 2016-06-20T14:13:58.630+0100: 1478.501: [ParNew
Desired survivor size 20112992 bytes, new threshold 8 (max 8)
- age   1:    1333640 bytes,    1333640 total
- age   2:      40752 bytes,    1374392 total
- age   3:      23608 bytes,    1398000 total
- age   4:      21768 bytes,    1419768 total
- age   5:      11968 bytes,    1431736 total
- age   6:     331304 bytes,    1763040 total
- age   7:     124496 bytes,    1887536 total
- age   8:        696 bytes,    1888232 total
: 109223K->17318K(109248K), 0.0050336 secs] 145309K->53431K(502464K), 0.0050995 secs] [Times: user=0.00 sys=0.00, real=0.00 secs] 
Heap after GC invocations=25 (full 2):
 par new generation   total 109248K, used 17318K [0x00000000e0000000, 0x00000000e8000000, 0x00000000e8000000)
  eden space 87424K,   0% used [0x00000000e0000000, 0x00000000e0000000, 0x00000000e5560000)
  from space 21824K,  79% used [0x00000000e6ab0000, 0x00000000e7b99bc0, 0x00000000e8000000)
  to   space 21824K,   0% used [0x00000000e5560000, 0x00000000e5560000, 0x00000000e6ab0000)
 concurrent mark-sweep generation total 393216K, used 36112K [0x00000000e8000000, 0x0000000100000000, 0x0000000100000000)
 Metaspace       used 44500K, capacity 45028K, committed 45348K, reserved 1089536K
  class space    used 4949K, capacity 5091K, committed 5188K, reserved 1048576K
}
2016-06-20T14:13:58.635+0100: 1478.507: Total time for which application threads were stopped: 0.0053719 seconds, Stopping threads took: 0.0000221 seconds
2016-06-20T14:13:58.639+0100: 1478.510: Total time for which application threads were stopped: 0.0001247 seconds, Stopping threads took: 0.0000395 seconds
2016-06-20T14:13:58.639+0100: 1478.510: Total time for which application threads were stopped: 0.0000793 seconds, Stopping threads took: 0.0000241 seconds
2016-06-20T14:13:58.639+0100: 1478.510: Total time for which application threads were stopped: 0.0000557 seconds, Stopping threads took: 0.0000122 seconds
2016-06-20T14:13:58.639+0100: 1478.510: Total time for which application threads were stopped: 0.0000790 seconds, Stopping threads took: 0.0000280 seconds
2016-06-20T14:13:58.640+0100: 1478.511: Total time for which application threads were stopped: 0.0000545 seconds, Stopping threads took: 0.0000130 seconds
2016-06-20T14:13:59.640+0100: 1479.511: Total time for which application threads were stopped: 0.0001082 seconds, Stopping threads took: 0.0000249 seconds
2016-06-20T14:14:00.640+0100: 1480.511: Total time for which application threads were stopped: 0.0001121 seconds, Stopping threads took: 0.0000268 seconds
2016-06-20T14:14:01.640+0100: 1481.511: Total time for which application threads were stopped: 0.0000987 seconds, Stopping threads took: 0.0000347 seconds
2016-06-20T14:14:02.641+0100: 1482.512: Total time for which application threads were stopped: 0.0001583 seconds, Stopping threads took: 0.0000292 seconds
2016-06-20T14:14:03.641+0100: 1483.512: Total time for which application threads were stopped: 0.0000837 seconds, Stopping threads took: 0.0000264 seconds
2016-06-20T14:14:04.642+0100: 1484.513: Total time for which application threads were stopped: 0.0000979 seconds, Stopping threads took: 0.0000280 seconds
2016-06-20T14:14:05.642+0100: 1485.514: Total time for which application threads were stopped: 0.0002882 seconds, Stopping threads took: 0.0001915 seconds
2016-06-20T14:14:06.647+0100: 1486.519: Total time for which application threads were stopped: 0.0001149 seconds, Stopping threads took: 0.0000292 seconds
2016-06-20T14:14:10.649+0100: 1490.520: Total time for which application threads were stopped: 0.0001050 seconds, Stopping threads took: 0.0000261 seconds
2016-06-20T14:14:13.651+0100: 1493.522: Total time for which application threads were stopped: 0.0001299 seconds, Stopping threads took: 0.0000284 seconds
2016-06-20T14:14:15.652+0100: 1495.523: Total time for which application threads were stopped: 0.0001042 seconds, Stopping threads took: 0.0000300 seconds
2016-06-20T14:14:16.652+0100: 1496.523: Total time for which application threads were stopped: 0.0001354 seconds, Stopping threads took: 0.0000399 seconds
2016-06-20T14:14:17.653+0100: 1497.524: Total time for which application threads were stopped: 0.0001315 seconds, Stopping threads took: 0.0000261 seconds
2016-06-20T14:14:20.659+0100: 1500.530: Total time for which application threads were stopped: 0.0001030 seconds, Stopping threads took: 0.0000308 seconds
2016-06-20T14:14:22.661+0100: 1502.532: Total time for which application threads were stopped: 0.0001315 seconds, Stopping threads took: 0.0000489 seconds
2016-06-20T14:14:23.661+0100: 1503.532: Total time for which application threads were stopped: 0.0001212 seconds, Stopping threads took: 0.0000284 seconds
2016-06-20T14:14:24.661+0100: 1504.532: Total time for which application threads were stopped: 0.0001709 seconds, Stopping threads took: 0.0000659 seconds
{Heap before GC invocations=25 (full 2):
 par new generation   total 109248K, used 104742K [0x00000000e0000000, 0x00000000e8000000, 0x00000000e8000000)
  eden space 87424K, 100% used [0x00000000e0000000, 0x00000000e5560000, 0x00000000e5560000)
  from space 21824K,  79% used [0x00000000e6ab0000, 0x00000000e7b99bc0, 0x00000000e8000000)
  to   space 21824K,   0% used [0x00000000e5560000, 0x00000000e5560000, 0x00000000e6ab0000)
 concurrent mark-sweep generation total 393216K, used 36112K [0x00000000e8000000, 0x0000000100000000, 0x0000000100000000)
 Metaspace       used 44785K, capacity 45290K, committed 45604K, reserved 1089536K
  class space    used 4949K, capacity 5092K, committed 5188K, reserved 1048576K
2016-06-20T14:14:29.107+0100: 1508.979: [GC (Allocation Failure) 2016-06-20T14:14:29.107+0100: 1508.979: [ParNew
Desired survivor size 20112992 bytes, new threshold 8 (max 8)
- age   1:     210096 bytes,     210096 total
- age   2:     609440 bytes,     819536 total
- age   3:      40752 bytes,     860288 total
- age   4:      23608 bytes,     883896 total
- age   5:      21768 bytes,     905664 total
- age   6:      11968 bytes,     917632 total
- age   7:     331304 bytes,    1248936 total
- age   8:     124496 bytes,    1373432 total
: 104742K->4502K(109248K), 0.0038836 secs] 140855K->40616K(502464K), 0.0039705 secs] [Times: user=0.06 sys=0.00, real=0.00 secs] 
Heap after GC invocations=26 (full 2):
 par new generation   total 109248K, used 4502K [0x00000000e0000000, 0x00000000e8000000, 0x00000000e8000000)
  eden space 87424K,   0% used [0x00000000e0000000, 0x00000000e0000000, 0x00000000e5560000)
  from space 21824K,  20% used [0x00000000e5560000, 0x00000000e59c5a60, 0x00000000e6ab0000)
  to   space 21824K,   0% used [0x00000000e6ab0000, 0x00000000e6ab0000, 0x00000000e8000000)
 concurrent mark-sweep generation total 393216K, used 36113K [0x00000000e8000000, 0x0000000100000000, 0x0000000100000000)
 Metaspace       used 44785K, capacity 45290K, committed 45604K, reserved 1089536K
  class space    used 4949K, capacity 5092K, committed 5188K, reserved 1048576K
}
2016-06-20T14:14:29.111+0100: 1508.983: Total time for which application threads were stopped: 0.0042085 seconds, Stopping threads took: 0.0000229 seconds
2016-06-20T14:14:30.112+0100: 1509.983: Total time for which application threads were stopped: 0.0001188 seconds, Stopping threads took: 0.0000296 seconds
{Heap before GC invocations=26 (full 2):
 par new generation   total 109248K, used 91926K [0x00000000e0000000, 0x00000000e8000000, 0x00000000e8000000)
  eden space 87424K, 100% used [0x00000000e0000000, 0x00000000e5560000, 0x00000000e5560000)
  from space 21824K,  20% used [0x00000000e5560000, 0x00000000e59c5a60, 0x00000000e6ab0000)
  to   space 21824K,   0% used [0x00000000e6ab0000, 0x00000000e6ab0000, 0x00000000e8000000)
 concurrent mark-sweep generation total 393216K, used 36113K [0x00000000e8000000, 0x0000000100000000, 0x0000000100000000)
 Metaspace       used 44787K, capacity 45290K, committed 45604K, reserved 1089536K
  class space    used 4949K, capacity 5092K, committed 5188K, reserved 1048576K
2016-06-20T14:14:35.551+0100: 1515.422: [GC (Allocation Failure) 2016-06-20T14:14:35.551+0100: 1515.422: [ParNew
Desired survivor size 20112992 bytes, new threshold 1 (max 8)
- age   1:   21002736 bytes,   21002736 total
- age   2:      35624 bytes,   21038360 total
- age   3:     609240 bytes,   21647600 total
- age   4:      40752 bytes,   21688352 total
- age   5:      23608 bytes,   21711960 total
- age   6:      21768 bytes,   21733728 total
- age   7:      11968 bytes,   21745696 total
- age   8:     331360 bytes,   22077056 total
: 91926K->21824K(109248K), 0.0235781 secs] 128040K->62249K(502464K), 0.0236673 secs] [Times: user=0.06 sys=0.00, real=0.02 secs] 
Heap after GC invocations=27 (full 2):
 par new generation   total 109248K, used 21824K [0x00000000e0000000, 0x00000000e8000000, 0x00000000e8000000)
  eden space 87424K,   0% used [0x00000000e0000000, 0x00000000e0000000, 0x00000000e5560000)
  from space 21824K, 100% used [0x00000000e6ab0000, 0x00000000e8000000, 0x00000000e8000000)
  to   space 21824K,   0% used [0x00000000e5560000, 0x00000000e5560000, 0x00000000e6ab0000)
 concurrent mark-sweep generation total 393216K, used 40425K [0x00000000e8000000, 0x0000000100000000, 0x0000000100000000)
 Metaspace       used 44787K, capacity 45290K, committed 45604K, reserved 1089536K
  class space    used 4949K, capacity 5092K, committed 5188K, reserved 1048576K
}
2016-06-20T14:14:35.574+0100: 1515.446: Total time for which application threads were stopped: 0.0239460 seconds, Stopping threads took: 0.0000280 seconds
{Heap before GC invocations=27 (full 2):
 par new generation   total 109248K, used 109248K [0x00000000e0000000, 0x00000000e8000000, 0x00000000e8000000)
  eden space 87424K, 100% used [0x00000000e0000000, 0x00000000e5560000, 0x00000000e5560000)
  from space 21824K, 100% used [0x00000000e6ab0000, 0x00000000e8000000, 0x00000000e8000000)
  to   space 21824K,   0% used [0x00000000e5560000, 0x00000000e5560000, 0x00000000e6ab0000)
 concurrent mark-sweep generation total 393216K, used 40425K [0x00000000e8000000, 0x0000000100000000, 0x0000000100000000)
 Metaspace       used 44787K, capacity 45290K, committed 45604K, reserved 1089536K
  class space    used 4949K, capacity 5092K, committed 5188K, reserved 1048576K
2016-06-20T14:14:35.747+0100: 1515.619: [GC (Allocation Failure) 2016-06-20T14:14:35.747+0100: 1515.619: [ParNew
Desired survivor size 20112992 bytes, new threshold 1 (max 8)
- age   1:   20246672 bytes,   20246672 total
: 109248K->21824K(109248K), 0.0466915 secs] 149673K->90823K(502464K), 0.0467725 secs] [Times: user=0.17 sys=0.00, real=0.05 secs] 
Heap after GC invocations=28 (full 2):
 par new generation   total 109248K, used 21824K [0x00000000e0000000, 0x00000000e8000000, 0x00000000e8000000)
  eden space 87424K,   0% used [0x00000000e0000000, 0x00000000e0000000, 0x00000000e5560000)
  from space 21824K, 100% used [0x00000000e5560000, 0x00000000e6ab0000, 0x00000000e6ab0000)
  to   space 21824K,   0% used [0x00000000e6ab0000, 0x00000000e6ab0000, 0x00000000e8000000)
 concurrent mark-sweep generation total 393216K, used 68999K [0x00000000e8000000, 0x0000000100000000, 0x0000000100000000)
 Metaspace       used 44787K, capacity 45290K, committed 45604K, reserved 1089536K
  class space    used 4949K, capacity 5092K, committed 5188K, reserved 1048576K
}
2016-06-20T14:14:35.794+0100: 1515.666: Total time for which application threads were stopped: 0.0469994 seconds, Stopping threads took: 0.0000209 seconds
2016-06-20T14:14:36.007+0100: 1515.878: Total time for which application threads were stopped: 0.0012194 seconds, Stopping threads took: 0.0000328 seconds
2016-06-20T14:14:36.020+0100: 1515.891: Total time for which application threads were stopped: 0.0001615 seconds, Stopping threads took: 0.0000300 seconds
2016-06-20T14:14:36.179+0100: 1516.050: Total time for which application threads were stopped: 0.0002665 seconds, Stopping threads took: 0.0000308 seconds
{Heap before GC invocations=28 (full 2):
 par new generation   total 109248K, used 109248K [0x00000000e0000000, 0x00000000e8000000, 0x00000000e8000000)
  eden space 87424K, 100% used [0x00000000e0000000, 0x00000000e5560000, 0x00000000e5560000)
  from space 21824K, 100% used [0x00000000e5560000, 0x00000000e6ab0000, 0x00000000e6ab0000)
  to   space 21824K,   0% used [0x00000000e6ab0000, 0x00000000e6ab0000, 0x00000000e8000000)
 concurrent mark-sweep generation total 393216K, used 68999K [0x00000000e8000000, 0x0000000100000000, 0x0000000100000000)
 Metaspace       used 44856K, capacity 45418K, committed 45860K, reserved 1089536K
  class space    used 4955K, capacity 5092K, committed 5188K, reserved 1048576K
2016-06-20T14:14:36.257+0100: 1516.128: [GC (Allocation Failure) 2016-06-20T14:14:36.257+0100: 1516.128: [ParNew
Desired survivor size 20112992 bytes, new threshold 8 (max 8)
- age   1:    5155816 bytes,    5155816 total
: 109248K->18940K(109248K), 0.0297000 secs] 178247K->107716K(502464K), 0.0297900 secs] [Times: user=0.13 sys=0.00, real=0.03 secs] 
Heap after GC invocations=29 (full 2):
 par new generation   total 109248K, used 18940K [0x00000000e0000000, 0x00000000e8000000, 0x00000000e8000000)
  eden space 87424K,   0% used [0x00000000e0000000, 0x00000000e0000000, 0x00000000e5560000)
  from space 21824K,  86% used [0x00000000e6ab0000, 0x00000000e7d2f160, 0x00000000e8000000)
  to   space 21824K,   0% used [0x00000000e5560000, 0x00000000e5560000, 0x00000000e6ab0000)
 concurrent mark-sweep generation total 393216K, used 88776K [0x00000000e8000000, 0x0000000100000000, 0x0000000100000000)
 Metaspace       used 44856K, capacity 45418K, committed 45860K, reserved 1089536K
  class space    used 4955K, capacity 5092K, committed 5188K, reserved 1048576K
}
2016-06-20T14:14:36.287+0100: 1516.158: Total time for which application threads were stopped: 0.0300628 seconds, Stopping threads took: 0.0000371 seconds
{Heap before GC invocations=29 (full 2):
 par new generation   total 109248K, used 106364K [0x00000000e0000000, 0x00000000e8000000, 0x00000000e8000000)
  eden space 87424K, 100% used [0x00000000e0000000, 0x00000000e5560000, 0x00000000e5560000)
  from space 21824K,  86% used [0x00000000e6ab0000, 0x00000000e7d2f160, 0x00000000e8000000)
  to   space 21824K,   0% used [0x00000000e5560000, 0x00000000e5560000, 0x00000000e6ab0000)
 concurrent mark-sweep generation total 393216K, used 88776K [0x00000000e8000000, 0x0000000100000000, 0x0000000100000000)
 Metaspace       used 44858K, capacity 45418K, committed 45860K, reserved 1089536K
  class space    used 4955K, capacity 5092K, committed 5188K, reserved 1048576K
2016-06-20T14:14:36.590+0100: 1516.461: [GC (Allocation Failure) 2016-06-20T14:14:36.590+0100: 1516.461: [ParNew
Desired survivor size 20112992 bytes, new threshold 8 (max 8)
- age   1:    1273584 bytes,    1273584 total
- age   2:    3906464 bytes,    5180048 total
: 106364K->6657K(109248K), 0.0057185 secs] 195140K->95433K(502464K), 0.0057939 secs] [Times: user=0.06 sys=0.00, real=0.01 secs] 
Heap after GC invocations=30 (full 2):
 par new generation   total 109248K, used 6657K [0x00000000e0000000, 0x00000000e8000000, 0x00000000e8000000)
  eden space 87424K,   0% used [0x00000000e0000000, 0x00000000e0000000, 0x00000000e5560000)
  from space 21824K,  30% used [0x00000000e5560000, 0x00000000e5be0538, 0x00000000e6ab0000)
  to   space 21824K,   0% used [0x00000000e6ab0000, 0x00000000e6ab0000, 0x00000000e8000000)
 concurrent mark-sweep generation total 393216K, used 88776K [0x00000000e8000000, 0x0000000100000000, 0x0000000100000000)
 Metaspace       used 44858K, capacity 45418K, committed 45860K, reserved 1089536K
  class space    used 4955K, capacity 5092K, committed 5188K, reserved 1048576K
}
2016-06-20T14:14:36.595+0100: 1516.467: Total time for which application threads were stopped: 0.0060872 seconds, Stopping threads took: 0.0000655 seconds
{Heap before GC invocations=30 (full 2):
 par new generation   total 109248K, used 94081K [0x00000000e0000000, 0x00000000e8000000, 0x00000000e8000000)
  eden space 87424K, 100% used [0x00000000e0000000, 0x00000000e5560000, 0x00000000e5560000)
  from space 21824K,  30% used [0x00000000e5560000, 0x00000000e5be0538, 0x00000000e6ab0000)
  to   space 21824K,   0% used [0x00000000e6ab0000, 0x00000000e6ab0000, 0x00000000e8000000)
 concurrent mark-sweep generation total 393216K, used 88776K [0x00000000e8000000, 0x0000000100000000, 0x0000000100000000)
 Metaspace       used 44861K, capacity 45418K, committed 45860K, reserved 1089536K
  class space    used 4955K, capacity 5092K, committed 5188K, reserved 1048576K
2016-06-20T14:14:36.793+0100: 1516.664: [GC (Allocation Failure) 2016-06-20T14:14:36.793+0100: 1516.664: [ParNew
Desired survivor size 20112992 bytes, new threshold 8 (max 8)
- age   1:     941504 bytes,     941504 total
- age   2:    1003208 bytes,    1944712 total
- age   3:    3926992 bytes,    5871704 total
: 94081K->6983K(109248K), 0.0060990 secs] 182857K->95759K(502464K), 0.0062080 secs] [Times: user=0.06 sys=0.00, real=0.01 secs] 
Heap after GC invocations=31 (full 2):
 par new generation   total 109248K, used 6983K [0x00000000e0000000, 0x00000000e8000000, 0x00000000e8000000)
  eden space 87424K,   0% used [0x00000000e0000000, 0x00000000e0000000, 0x00000000e5560000)
  from space 21824K,  32% used [0x00000000e6ab0000, 0x00000000e7181f10, 0x00000000e8000000)
  to   space 21824K,   0% used [0x00000000e5560000, 0x00000000e5560000, 0x00000000e6ab0000)
 concurrent mark-sweep generation total 393216K, used 88776K [0x00000000e8000000, 0x0000000100000000, 0x0000000100000000)
 Metaspace       used 44861K, capacity 45418K, committed 45860K, reserved 1089536K
  class space    used 4955K, capacity 5092K, committed 5188K, reserved 1048576K
}
2016-06-20T14:14:36.799+0100: 1516.671: Total time for which application threads were stopped: 0.0064863 seconds, Stopping threads took: 0.0000288 seconds
{Heap before GC invocations=31 (full 2):
 par new generation   total 109248K, used 94407K [0x00000000e0000000, 0x00000000e8000000, 0x00000000e8000000)
  eden space 87424K, 100% used [0x00000000e0000000, 0x00000000e5560000, 0x00000000e5560000)
  from space 21824K,  32% used [0x00000000e6ab0000, 0x00000000e7181f10, 0x00000000e8000000)
  to   space 21824K,   0% used [0x00000000e5560000, 0x00000000e5560000, 0x00000000e6ab0000)
 concurrent mark-sweep generation total 393216K, used 88776K [0x00000000e8000000, 0x0000000100000000, 0x0000000100000000)
 Metaspace       used 44861K, capacity 45418K, committed 45860K, reserved 1089536K
  class space    used 4955K, capacity 5092K, committed 5188K, reserved 1048576K
2016-06-20T14:14:36.928+0100: 1516.800: [GC (Allocation Failure) 2016-06-20T14:14:36.929+0100: 1516.800: [ParNew
Desired survivor size 20112992 bytes, new threshold 8 (max 8)
- age   1:     911296 bytes,     911296 total
- age   2:     673992 bytes,    1585288 total
- age   3:    1003208 bytes,    2588496 total
- age   4:    3866016 bytes,    6454512 total
: 94407K->7785K(109248K), 0.0062056 secs] 183183K->96561K(502464K), 0.0062703 secs] [Times: user=0.00 sys=0.00, real=0.01 secs] 
Heap after GC invocations=32 (full 2):
 par new generation   total 109248K, used 7785K [0x00000000e0000000, 0x00000000e8000000, 0x00000000e8000000)
  eden space 87424K,   0% used [0x00000000e0000000, 0x00000000e0000000, 0x00000000e5560000)
  from space 21824K,  35% used [0x00000000e5560000, 0x00000000e5cfa6c8, 0x00000000e6ab0000)
  to   space 21824K,   0% used [0x00000000e6ab0000, 0x00000000e6ab0000, 0x00000000e8000000)
 concurrent mark-sweep generation total 393216K, used 88776K [0x00000000e8000000, 0x0000000100000000, 0x0000000100000000)
 Metaspace       used 44861K, capacity 45418K, committed 45860K, reserved 1089536K
  class space    used 4955K, capacity 5092K, committed 5188K, reserved 1048576K
}
2016-06-20T14:14:36.935+0100: 1516.807: Total time for which application threads were stopped: 0.0064606 seconds, Stopping threads took: 0.0000213 seconds
{Heap before GC invocations=32 (full 2):
 par new generation   total 109248K, used 95209K [0x00000000e0000000, 0x00000000e8000000, 0x00000000e8000000)
  eden space 87424K, 100% used [0x00000000e0000000, 0x00000000e5560000, 0x00000000e5560000)
  from space 21824K,  35% used [0x00000000e5560000, 0x00000000e5cfa6c8, 0x00000000e6ab0000)
  to   space 21824K,   0% used [0x00000000e6ab0000, 0x00000000e6ab0000, 0x00000000e8000000)
 concurrent mark-sweep generation total 393216K, used 88776K [0x00000000e8000000, 0x0000000100000000, 0x0000000100000000)
 Metaspace       used 44861K, capacity 45418K, committed 45860K, reserved 1089536K
  class space    used 4955K, capacity 5092K, committed 5188K, reserved 1048576K
2016-06-20T14:14:37.058+0100: 1516.930: [GC (Allocation Failure) 2016-06-20T14:14:37.058+0100: 1516.930: [ParNew
Desired survivor size 20112992 bytes, new threshold 8 (max 8)
- age   1:    2436552 bytes,    2436552 total
- age   2:     673776 bytes,    3110328 total
- age   3:     673992 bytes,    3784320 total
- age   4:     282296 bytes,    4066616 total
- age   5:    3890064 bytes,    7956680 total
: 95209K->8877K(109248K), 0.0066193 secs] 183985K->97654K(502464K), 0.0066860 secs] [Times: user=0.06 sys=0.00, real=0.01 secs] 
Heap after GC invocations=33 (full 2):
 par new generation   total 109248K, used 8877K [0x00000000e0000000, 0x00000000e8000000, 0x00000000e8000000)
  eden space 87424K,   0% used [0x00000000e0000000, 0x00000000e0000000, 0x00000000e5560000)
  from space 21824K,  40% used [0x00000000e6ab0000, 0x00000000e735b760, 0x00000000e8000000)
  to   space 21824K,   0% used [0x00000000e5560000, 0x00000000e5560000, 0x00000000e6ab0000)
 concurrent mark-sweep generation total 393216K, used 88776K [0x00000000e8000000, 0x0000000100000000, 0x0000000100000000)
 Metaspace       used 44861K, capacity 45418K, committed 45860K, reserved 1089536K
  class space    used 4955K, capacity 5092K, committed 5188K, reserved 1048576K
}
2016-06-20T14:14:37.065+0100: 1516.937: Total time for which application threads were stopped: 0.0068787 seconds, Stopping threads took: 0.0000288 seconds
{Heap before GC invocations=33 (full 2):
 par new generation   total 109248K, used 96301K [0x00000000e0000000, 0x00000000e8000000, 0x00000000e8000000)
  eden space 87424K, 100% used [0x00000000e0000000, 0x00000000e5560000, 0x00000000e5560000)
  from space 21824K,  40% used [0x00000000e6ab0000, 0x00000000e735b760, 0x00000000e8000000)
  to   space 21824K,   0% used [0x00000000e5560000, 0x00000000e5560000, 0x00000000e6ab0000)
 concurrent mark-sweep generation total 393216K, used 88776K [0x00000000e8000000, 0x0000000100000000, 0x0000000100000000)
 Metaspace       used 44873K, capacity 45418K, committed 45860K, reserved 1089536K
  class space    used 4955K, capacity 5092K, committed 5188K, reserved 1048576K
2016-06-20T14:14:37.188+0100: 1517.060: [GC (Allocation Failure) 2016-06-20T14:14:37.188+0100: 1517.060: [ParNew
Desired survivor size 20112992 bytes, new threshold 8 (max 8)
- age   1:    1045816 bytes,    1045816 total
- age   2:    2216256 bytes,    3262072 total
- age   3:     673776 bytes,    3935848 total
- age   4:     673992 bytes,    4609840 total
- age   5:     282296 bytes,    4892136 total
- age   6:    3875080 bytes,    8767216 total
: 96301K->11763K(109248K), 0.0074053 secs] 185078K->100540K(502464K), 0.0074803 secs] [Times: user=0.00 sys=0.00, real=0.01 secs] 
Heap after GC invocations=34 (full 2):
 par new generation   total 109248K, used 11763K [0x00000000e0000000, 0x00000000e8000000, 0x00000000e8000000)
  eden space 87424K,   0% used [0x00000000e0000000, 0x00000000e0000000, 0x00000000e5560000)
  from space 21824K,  53% used [0x00000000e5560000, 0x00000000e60dcfd0, 0x00000000e6ab0000)
  to   space 21824K,   0% used [0x00000000e6ab0000, 0x00000000e6ab0000, 0x00000000e8000000)
 concurrent mark-sweep generation total 393216K, used 88776K [0x00000000e8000000, 0x0000000100000000, 0x0000000100000000)
 Metaspace       used 44873K, capacity 45418K, committed 45860K, reserved 1089536K
  class space    used 4955K, capacity 5092K, committed 5188K, reserved 1048576K
}
2016-06-20T14:14:37.195+0100: 1517.067: Total time for which application threads were stopped: 0.0077013 seconds, Stopping threads took: 0.0000233 seconds
{Heap before GC invocations=34 (full 2):
 par new generation   total 109248K, used 99187K [0x00000000e0000000, 0x00000000e8000000, 0x00000000e8000000)
  eden space 87424K, 100% used [0x00000000e0000000, 0x00000000e5560000, 0x00000000e5560000)
  from space 21824K,  53% used [0x00000000e5560000, 0x00000000e60dcfd0, 0x00000000e6ab0000)
  to   space 21824K,   0% used [0x00000000e6ab0000, 0x00000000e6ab0000, 0x00000000e8000000)
 concurrent mark-sweep generation total 393216K, used 88776K [0x00000000e8000000, 0x0000000100000000, 0x0000000100000000)
 Metaspace       used 44873K, capacity 45418K, committed 45860K, reserved 1089536K
  class space    used 4955K, capacity 5092K, committed 5188K, reserved 1048576K
2016-06-20T14:14:37.323+0100: 1517.194: [GC (Allocation Failure) 2016-06-20T14:14:37.323+0100: 1517.194: [ParNew
Desired survivor size 20112992 bytes, new threshold 8 (max 8)
- age   1:    1128768 bytes,    1128768 total
- age   2:     775744 bytes,    1904512 total
- age   3:    2232656 bytes,    4137168 total
- age   4:     690176 bytes,    4827344 total
- age   5:     673992 bytes,    5501336 total
- age   6:     282296 bytes,    5783632 total
- age   7:    3870624 bytes,    9654256 total
: 99187K->11271K(109248K), 0.0073058 secs] 187964K->100047K(502464K), 0.0073930 secs] [Times: user=0.06 sys=0.00, real=0.01 secs] 
Heap after GC invocations=35 (full 2):
 par new generation   total 109248K, used 11271K [0x00000000e0000000, 0x00000000e8000000, 0x00000000e8000000)
  eden space 87424K,   0% used [0x00000000e0000000, 0x00000000e0000000, 0x00000000e5560000)
  from space 21824K,  51% used [0x00000000e6ab0000, 0x00000000e75b1cc0, 0x00000000e8000000)
  to   space 21824K,   0% used [0x00000000e5560000, 0x00000000e5560000, 0x00000000e6ab0000)
 concurrent mark-sweep generation total 393216K, used 88776K [0x00000000e8000000, 0x0000000100000000, 0x0000000100000000)
 Metaspace       used 44873K, capacity 45418K, committed 45860K, reserved 1089536K
  class space    used 4955K, capacity 5092K, committed 5188K, reserved 1048576K
}
2016-06-20T14:14:37.331+0100: 1517.202: Total time for which application threads were stopped: 0.0076796 seconds, Stopping threads took: 0.0000426 seconds
{Heap before GC invocations=35 (full 2):
 par new generation   total 109248K, used 98695K [0x00000000e0000000, 0x00000000e8000000, 0x00000000e8000000)
  eden space 87424K, 100% used [0x00000000e0000000, 0x00000000e5560000, 0x00000000e5560000)
  from space 21824K,  51% used [0x00000000e6ab0000, 0x00000000e75b1cc0, 0x00000000e8000000)
  to   space 21824K,   0% used [0x00000000e5560000, 0x00000000e5560000, 0x00000000e6ab0000)
 concurrent mark-sweep generation total 393216K, used 88776K [0x00000000e8000000, 0x0000000100000000, 0x0000000100000000)
 Metaspace       used 44873K, capacity 45418K, committed 45860K, reserved 1089536K
  class space    used 4955K, capacity 5092K, committed 5188K, reserved 1048576K
2016-06-20T14:14:37.534+0100: 1517.406: [GC (Allocation Failure) 2016-06-20T14:14:37.535+0100: 1517.406: [ParNew
Desired survivor size 20112992 bytes, new threshold 8 (max 8)
- age   1:     941760 bytes,     941760 total
- age   2:     694520 bytes,    1636280 total
- age   3:     775744 bytes,    2412024 total
- age   4:    2216256 bytes,    4628280 total
- age   5:     673776 bytes,    5302056 total
- age   6:     673992 bytes,    5976048 total
- age   7:     282296 bytes,    6258344 total
- age   8:    3891096 bytes,   10149440 total
: 98695K->13435K(109248K), 0.0074388 secs] 187471K->102211K(502464K), 0.0075418 secs] [Times: user=0.00 sys=0.00, real=0.01 secs] 
Heap after GC invocations=36 (full 2):
 par new generation   total 109248K, used 13435K [0x00000000e0000000, 0x00000000e8000000, 0x00000000e8000000)
  eden space 87424K,   0% used [0x00000000e0000000, 0x00000000e0000000, 0x00000000e5560000)
  from space 21824K,  61% used [0x00000000e5560000, 0x00000000e627ed00, 0x00000000e6ab0000)
  to   space 21824K,   0% used [0x00000000e6ab0000, 0x00000000e6ab0000, 0x00000000e8000000)
 concurrent mark-sweep generation total 393216K, used 88776K [0x00000000e8000000, 0x0000000100000000, 0x0000000100000000)
 Metaspace       used 44873K, capacity 45418K, committed 45860K, reserved 1089536K
  class space    used 4955K, capacity 5092K, committed 5188K, reserved 1048576K
}
2016-06-20T14:14:37.542+0100: 1517.413: Total time for which application threads were stopped: 0.0078142 seconds, Stopping threads took: 0.0000324 seconds
{Heap before GC invocations=36 (full 2):
 par new generation   total 109248K, used 100859K [0x00000000e0000000, 0x00000000e8000000, 0x00000000e8000000)
  eden space 87424K, 100% used [0x00000000e0000000, 0x00000000e5560000, 0x00000000e5560000)
  from space 21824K,  61% used [0x00000000e5560000, 0x00000000e627ed00, 0x00000000e6ab0000)
  to   space 21824K,   0% used [0x00000000e6ab0000, 0x00000000e6ab0000, 0x00000000e8000000)
 concurrent mark-sweep generation total 393216K, used 88776K [0x00000000e8000000, 0x0000000100000000, 0x0000000100000000)
 Metaspace       used 44873K, capacity 45418K, committed 45860K, reserved 1089536K
  class space    used 4955K, capacity 5092K, committed 5188K, reserved 1048576K
2016-06-20T14:14:37.745+0100: 1517.617: [GC (Allocation Failure) 2016-06-20T14:14:37.745+0100: 1517.617: [ParNew
Desired survivor size 20112992 bytes, new threshold 8 (max 8)
- age   1:     883256 bytes,     883256 total
- age   2:     656664 bytes,    1539920 total
- age   3:     694520 bytes,    2234440 total
- age   4:     775744 bytes,    3010184 total
- age   5:    2216256 bytes,    5226440 total
- age   6:     673776 bytes,    5900216 total
- age   7:     673992 bytes,    6574208 total
- age   8:     282296 bytes,    6856504 total
: 100859K->8049K(109248K), 0.0122249 secs] 189635K->100406K(502464K), 0.0122821 secs] [Times: user=0.06 sys=0.00, real=0.01 secs] 
Heap after GC invocations=37 (full 2):
 par new generation   total 109248K, used 8049K [0x00000000e0000000, 0x00000000e8000000, 0x00000000e8000000)
  eden space 87424K,   0% used [0x00000000e0000000, 0x00000000e0000000, 0x00000000e5560000)
  from space 21824K,  36% used [0x00000000e6ab0000, 0x00000000e728c6a0, 0x00000000e8000000)
  to   space 21824K,   0% used [0x00000000e5560000, 0x00000000e5560000, 0x00000000e6ab0000)
 concurrent mark-sweep generation total 393216K, used 92356K [0x00000000e8000000, 0x0000000100000000, 0x0000000100000000)
 Metaspace       used 44873K, capacity 45418K, committed 45860K, reserved 1089536K
  class space    used 4955K, capacity 5092K, committed 5188K, reserved 1048576K
}
2016-06-20T14:14:37.757+0100: 1517.629: Total time for which application threads were stopped: 0.0124755 seconds, Stopping threads took: 0.0000193 seconds
{Heap before GC invocations=37 (full 2):
 par new generation   total 109248K, used 95473K [0x00000000e0000000, 0x00000000e8000000, 0x00000000e8000000)
  eden space 87424K, 100% used [0x00000000e0000000, 0x00000000e5560000, 0x00000000e5560000)
  from space 21824K,  36% used [0x00000000e6ab0000, 0x00000000e728c6a0, 0x00000000e8000000)
  to   space 21824K,   0% used [0x00000000e5560000, 0x00000000e5560000, 0x00000000e6ab0000)
 concurrent mark-sweep generation total 393216K, used 92356K [0x00000000e8000000, 0x0000000100000000, 0x0000000100000000)
 Metaspace       used 44873K, capacity 45418K, committed 45860K, reserved 1089536K
  class space    used 4955K, capacity 5092K, committed 5188K, reserved 1048576K
2016-06-20T14:14:37.867+0100: 1517.739: [GC (Allocation Failure) 2016-06-20T14:14:37.867+0100: 1517.739: [ParNew
Desired survivor size 20112992 bytes, new threshold 8 (max 8)
- age   1:    3943608 bytes,    3943608 total
- age   2:     630336 bytes,    4573944 total
- age   3:     656664 bytes,    5230608 total
- age   4:     694520 bytes,    5925128 total
- age   5:     792144 bytes,    6717272 total
- age   6:     774448 bytes,    7491720 total
- age   7:     673776 bytes,    8165496 total
- age   8:     673992 bytes,    8839488 total
: 95473K->10757K(109248K), 0.0054334 secs] 187830K->103390K(502464K), 0.0054982 secs] [Times: user=0.00 sys=0.00, real=0.01 secs] 
Heap after GC invocations=38 (full 2):
 par new generation   total 109248K, used 10757K [0x00000000e0000000, 0x00000000e8000000, 0x00000000e8000000)
  eden space 87424K,   0% used [0x00000000e0000000, 0x00000000e0000000, 0x00000000e5560000)
  from space 21824K,  49% used [0x00000000e5560000, 0x00000000e5fe1530, 0x00000000e6ab0000)
  to   space 21824K,   0% used [0x00000000e6ab0000, 0x00000000e6ab0000, 0x00000000e8000000)
 concurrent mark-sweep generation total 393216K, used 92633K [0x00000000e8000000, 0x0000000100000000, 0x0000000100000000)
 Metaspace       used 44873K, capacity 45418K, committed 45860K, reserved 1089536K
  class space    used 4955K, capacity 5092K, committed 5188K, reserved 1048576K
}
2016-06-20T14:14:37.873+0100: 1517.744: Total time for which application threads were stopped: 0.0056912 seconds, Stopping threads took: 0.0000209 seconds
{Heap before GC invocations=38 (full 2):
 par new generation   total 109248K, used 98181K [0x00000000e0000000, 0x00000000e8000000, 0x00000000e8000000)
  eden space 87424K, 100% used [0x00000000e0000000, 0x00000000e5560000, 0x00000000e5560000)
  from space 21824K,  49% used [0x00000000e5560000, 0x00000000e5fe1530, 0x00000000e6ab0000)
  to   space 21824K,   0% used [0x00000000e6ab0000, 0x00000000e6ab0000, 0x00000000e8000000)
 concurrent mark-sweep generation total 393216K, used 92633K [0x00000000e8000000, 0x0000000100000000, 0x0000000100000000)
 Metaspace       used 44873K, capacity 45418K, committed 45860K, reserved 1089536K
  class space    used 4955K, capacity 5092K, committed 5188K, reserved 1048576K
2016-06-20T14:14:38.026+0100: 1517.897: [GC (Allocation Failure) 2016-06-20T14:14:38.026+0100: 1517.897: [ParNew
Desired survivor size 20112992 bytes, new threshold 8 (max 8)
- age   1:     961072 bytes,     961072 total
- age   2:    3571608 bytes,    4532680 total
- age   3:     630336 bytes,    5163016 total
- age   4:     656744 bytes,    5819760 total
- age   5:     694520 bytes,    6514280 total
- age   6:     775744 bytes,    7290024 total
- age   7:     774448 bytes,    8064472 total
- age   8:     673776 bytes,    8738248 total
: 98181K->10687K(109248K), 0.0054899 secs] 190814K->103980K(502464K), 0.0055657 secs] [Times: user=0.06 sys=0.00, real=0.00 secs] 
Heap after GC invocations=39 (full 2):
 par new generation   total 109248K, used 10687K [0x00000000e0000000, 0x00000000e8000000, 0x00000000e8000000)
  eden space 87424K,   0% used [0x00000000e0000000, 0x00000000e0000000, 0x00000000e5560000)
  from space 21824K,  48% used [0x00000000e6ab0000, 0x00000000e751fff8, 0x00000000e8000000)
  to   space 21824K,   0% used [0x00000000e5560000, 0x00000000e5560000, 0x00000000e6ab0000)
 concurrent mark-sweep generation total 393216K, used 93292K [0x00000000e8000000, 0x0000000100000000, 0x0000000100000000)
 Metaspace       used 44873K, capacity 45418K, committed 45860K, reserved 1089536K
  class space    used 4955K, capacity 5092K, committed 5188K, reserved 1048576K
}
2016-06-20T14:14:38.031+0100: 1517.903: Total time for which application threads were stopped: 0.0057836 seconds, Stopping threads took: 0.0000296 seconds
2016-06-20T14:14:39.032+0100: 1518.903: Total time for which application threads were stopped: 0.0000778 seconds, Stopping threads took: 0.0000225 seconds
2016-06-20T14:14:40.032+0100: 1519.903: Total time for which application threads were stopped: 0.0001255 seconds, Stopping threads took: 0.0000343 seconds
{Heap before GC invocations=39 (full 2):
 par new generation   total 109248K, used 98111K [0x00000000e0000000, 0x00000000e8000000, 0x00000000e8000000)
  eden space 87424K, 100% used [0x00000000e0000000, 0x00000000e5560000, 0x00000000e5560000)
  from space 21824K,  48% used [0x00000000e6ab0000, 0x00000000e751fff8, 0x00000000e8000000)
  to   space 21824K,   0% used [0x00000000e5560000, 0x00000000e5560000, 0x00000000e6ab0000)
 concurrent mark-sweep generation total 393216K, used 93292K [0x00000000e8000000, 0x0000000100000000, 0x0000000100000000)
 Metaspace       used 44986K, capacity 45500K, committed 45860K, reserved 1089536K
  class space    used 4960K, capacity 5095K, committed 5188K, reserved 1048576K
2016-06-20T14:14:40.837+0100: 1520.709: [GC (Allocation Failure) 2016-06-20T14:14:40.837+0100: 1520.709: [ParNew
Desired survivor size 20112992 bytes, new threshold 8 (max 8)
- age   1:   11302080 bytes,   11302080 total
- age   2:     356128 bytes,   11658208 total
- age   3:    3194408 bytes,   14852616 total
- age   4:     318736 bytes,   15171352 total
- age   5:     328664 bytes,   15500016 total
- age   6:     317320 bytes,   15817336 total
- age   7:     300144 bytes,   16117480 total
- age   8:     364448 bytes,   16481928 total
: 98111K->17727K(109248K), 0.0065538 secs] 191404K->111342K(502464K), 0.0066375 secs] [Times: user=0.06 sys=0.00, real=0.01 secs] 
Heap after GC invocations=40 (full 2):
 par new generation   total 109248K, used 17727K [0x00000000e0000000, 0x00000000e8000000, 0x00000000e8000000)
  eden space 87424K,   0% used [0x00000000e0000000, 0x00000000e0000000, 0x00000000e5560000)
  from space 21824K,  81% used [0x00000000e5560000, 0x00000000e66affc0, 0x00000000e6ab0000)
  to   space 21824K,   0% used [0x00000000e6ab0000, 0x00000000e6ab0000, 0x00000000e8000000)
 concurrent mark-sweep generation total 393216K, used 93615K [0x00000000e8000000, 0x0000000100000000, 0x0000000100000000)
 Metaspace       used 44986K, capacity 45500K, committed 45860K, reserved 1089536K
  class space    used 4960K, capacity 5095K, committed 5188K, reserved 1048576K
}
2016-06-20T14:14:40.844+0100: 1520.716: Total time for which application threads were stopped: 0.0069497 seconds, Stopping threads took: 0.0000276 seconds
2016-06-20T14:14:41.845+0100: 1521.717: Total time for which application threads were stopped: 0.0001251 seconds, Stopping threads took: 0.0000249 seconds
{Heap before GC invocations=40 (full 2):
 par new generation   total 109248K, used 105151K [0x00000000e0000000, 0x00000000e8000000, 0x00000000e8000000)
  eden space 87424K, 100% used [0x00000000e0000000, 0x00000000e5560000, 0x00000000e5560000)
  from space 21824K,  81% used [0x00000000e5560000, 0x00000000e66affc0, 0x00000000e6ab0000)
  to   space 21824K,   0% used [0x00000000e6ab0000, 0x00000000e6ab0000, 0x00000000e8000000)
 concurrent mark-sweep generation total 393216K, used 93615K [0x00000000e8000000, 0x0000000100000000, 0x0000000100000000)
 Metaspace       used 45009K, capacity 45500K, committed 45860K, reserved 1089536K
  class space    used 4960K, capacity 5095K, committed 5188K, reserved 1048576K
2016-06-20T14:14:42.176+0100: 1522.048: [GC (Allocation Failure) 2016-06-20T14:14:42.176+0100: 1522.048: [ParNew
Desired survivor size 20112992 bytes, new threshold 8 (max 8)
- age   1:     303416 bytes,     303416 total
- age   2:   11118864 bytes,   11422280 total
- age   3:     356128 bytes,   11778408 total
- age   4:    3194368 bytes,   14972776 total
- age   5:     318736 bytes,   15291512 total
- age   6:     328664 bytes,   15620176 total
- age   7:     317320 bytes,   15937496 total
- age   8:     300144 bytes,   16237640 total
: 105151K->16526K(109248K), 0.0061681 secs] 198766K->110498K(502464K), 0.0062589 secs] [Times: user=0.00 sys=0.00, real=0.01 secs] 
Heap after GC invocations=41 (full 2):
 par new generation   total 109248K, used 16526K [0x00000000e0000000, 0x00000000e8000000, 0x00000000e8000000)
  eden space 87424K,   0% used [0x00000000e0000000, 0x00000000e0000000, 0x00000000e5560000)
  from space 21824K,  75% used [0x00000000e6ab0000, 0x00000000e7ad3ae0, 0x00000000e8000000)
  to   space 21824K,   0% used [0x00000000e5560000, 0x00000000e5560000, 0x00000000e6ab0000)
 concurrent mark-sweep generation total 393216K, used 93971K [0x00000000e8000000, 0x0000000100000000, 0x0000000100000000)
 Metaspace       used 45009K, capacity 45500K, committed 45860K, reserved 1089536K
  class space    used 4960K, capacity 5095K, committed 5188K, reserved 1048576K
}
2016-06-20T14:14:42.183+0100: 1522.055: Total time for which application threads were stopped: 0.0064969 seconds, Stopping threads took: 0.0000292 seconds
2016-06-20T14:14:43.184+0100: 1523.055: Total time for which application threads were stopped: 0.0000920 seconds, Stopping threads took: 0.0000272 seconds
{Heap before GC invocations=41 (full 2):
 par new generation   total 109248K, used 103950K [0x00000000e0000000, 0x00000000e8000000, 0x00000000e8000000)
  eden space 87424K, 100% used [0x00000000e0000000, 0x00000000e5560000, 0x00000000e5560000)
  from space 21824K,  75% used [0x00000000e6ab0000, 0x00000000e7ad3ae0, 0x00000000e8000000)
  to   space 21824K,   0% used [0x00000000e5560000, 0x00000000e5560000, 0x00000000e6ab0000)
 concurrent mark-sweep generation total 393216K, used 93971K [0x00000000e8000000, 0x0000000100000000, 0x0000000100000000)
 Metaspace       used 45035K, capacity 45564K, committed 45860K, reserved 1089536K
  class space    used 4960K, capacity 5095K, committed 5188K, reserved 1048576K
2016-06-20T14:14:43.675+0100: 1523.546: [GC (Allocation Failure) 2016-06-20T14:14:43.675+0100: 1523.546: [ParNew
Desired survivor size 20112992 bytes, new threshold 8 (max 8)
- age   1:     333536 bytes,     333536 total
- age   2:      16984 bytes,     350520 total
- age   3:   11118824 bytes,   11469344 total
- age   4:     356128 bytes,   11825472 total
- age   5:    3194408 bytes,   15019880 total
- age   6:     318736 bytes,   15338616 total
- age   7:     328664 bytes,   15667280 total
- age   8:     317320 bytes,   15984600 total
: 103950K->16743K(109248K), 0.0057777 secs] 197922K->111009K(502464K), 0.0058420 secs] [Times: user=0.00 sys=0.00, real=0.01 secs] 
Heap after GC invocations=42 (full 2):
 par new generation   total 109248K, used 16743K [0x00000000e0000000, 0x00000000e8000000, 0x00000000e8000000)
  eden space 87424K,   0% used [0x00000000e0000000, 0x00000000e0000000, 0x00000000e5560000)
  from space 21824K,  76% used [0x00000000e5560000, 0x00000000e65b9ed0, 0x00000000e6ab0000)
  to   space 21824K,   0% used [0x00000000e6ab0000, 0x00000000e6ab0000, 0x00000000e8000000)
 concurrent mark-sweep generation total 393216K, used 94265K [0x00000000e8000000, 0x0000000100000000, 0x0000000100000000)
 Metaspace       used 45035K, capacity 45564K, committed 45860K, reserved 1089536K
  class space    used 4960K, capacity 5095K, committed 5188K, reserved 1048576K
}
2016-06-20T14:14:43.680+0100: 1523.552: Total time for which application threads were stopped: 0.0060343 seconds, Stopping threads took: 0.0000205 seconds
2016-06-20T14:14:44.681+0100: 1524.552: Total time for which application threads were stopped: 0.0001058 seconds, Stopping threads took: 0.0000213 seconds
{Heap before GC invocations=42 (full 2):
 par new generation   total 109248K, used 104167K [0x00000000e0000000, 0x00000000e8000000, 0x00000000e8000000)
  eden space 87424K, 100% used [0x00000000e0000000, 0x00000000e5560000, 0x00000000e5560000)
  from space 21824K,  76% used [0x00000000e5560000, 0x00000000e65b9ed0, 0x00000000e6ab0000)
  to   space 21824K,   0% used [0x00000000e6ab0000, 0x00000000e6ab0000, 0x00000000e8000000)
 concurrent mark-sweep generation total 393216K, used 94265K [0x00000000e8000000, 0x0000000100000000, 0x0000000100000000)
 Metaspace       used 45055K, capacity 45564K, committed 45860K, reserved 1089536K
  class space    used 4960K, capacity 5095K, committed 5188K, reserved 1048576K
2016-06-20T14:14:45.318+0100: 1525.189: [GC (Allocation Failure) 2016-06-20T14:14:45.318+0100: 1525.189: [ParNew
Desired survivor size 20112992 bytes, new threshold 8 (max 8)
- age   1:     300608 bytes,     300608 total
- age   2:      15344 bytes,     315952 total
- age   3:      16984 bytes,     332936 total
- age   4:   11118824 bytes,   11451760 total
- age   5:     356128 bytes,   11807888 total
- age   6:    3194408 bytes,   15002296 total
- age   7:     318736 bytes,   15321032 total
- age   8:     328664 bytes,   15649696 total
: 104167K->16188K(109248K), 0.0057741 secs] 198433K->110765K(502464K), 0.0058633 secs] [Times: user=0.00 sys=0.00, real=0.01 secs] 
Heap after GC invocations=43 (full 2):
 par new generation   total 109248K, used 16188K [0x00000000e0000000, 0x00000000e8000000, 0x00000000e8000000)
  eden space 87424K,   0% used [0x00000000e0000000, 0x00000000e0000000, 0x00000000e5560000)
  from space 21824K,  74% used [0x00000000e6ab0000, 0x00000000e7a7f2d0, 0x00000000e8000000)
  to   space 21824K,   0% used [0x00000000e5560000, 0x00000000e5560000, 0x00000000e6ab0000)
 concurrent mark-sweep generation total 393216K, used 94577K [0x00000000e8000000, 0x0000000100000000, 0x0000000100000000)
 Metaspace       used 45055K, capacity 45564K, committed 45860K, reserved 1089536K
  class space    used 4960K, capacity 5095K, committed 5188K, reserved 1048576K
}
2016-06-20T14:14:45.324+0100: 1525.195: Total time for which application threads were stopped: 0.0061026 seconds, Stopping threads took: 0.0000328 seconds
2016-06-20T14:14:46.324+0100: 1526.195: Total time for which application threads were stopped: 0.0001034 seconds, Stopping threads took: 0.0000304 seconds
{Heap before GC invocations=43 (full 2):
 par new generation   total 109248K, used 103612K [0x00000000e0000000, 0x00000000e8000000, 0x00000000e8000000)
  eden space 87424K, 100% used [0x00000000e0000000, 0x00000000e5560000, 0x00000000e5560000)
  from space 21824K,  74% used [0x00000000e6ab0000, 0x00000000e7a7f2d0, 0x00000000e8000000)
  to   space 21824K,   0% used [0x00000000e5560000, 0x00000000e5560000, 0x00000000e6ab0000)
 concurrent mark-sweep generation total 393216K, used 94577K [0x00000000e8000000, 0x0000000100000000, 0x0000000100000000)
 Metaspace       used 45057K, capacity 45564K, committed 45860K, reserved 1089536K
  class space    used 4961K, capacity 5095K, committed 5188K, reserved 1048576K
2016-06-20T14:14:46.597+0100: 1526.468: [GC (Allocation Failure) 2016-06-20T14:14:46.597+0100: 1526.468: [ParNew
Desired survivor size 20112992 bytes, new threshold 8 (max 8)
- age   1:     310856 bytes,     310856 total
- age   2:      18248 bytes,     329104 total
- age   3:      15344 bytes,     344448 total
- age   4:      16984 bytes,     361432 total
- age   5:   11118864 bytes,   11480296 total
- age   6:     356128 bytes,   11836424 total
- age   7:    3194448 bytes,   15030872 total
- age   8:     318736 bytes,   15349608 total
: 103612K->15798K(109248K), 0.0052519 secs] 198189K->110697K(502464K), 0.0053178 secs] [Times: user=0.00 sys=0.00, real=0.01 secs] 
Heap after GC invocations=44 (full 2):
 par new generation   total 109248K, used 15798K [0x00000000e0000000, 0x00000000e8000000, 0x00000000e8000000)
  eden space 87424K,   0% used [0x00000000e0000000, 0x00000000e0000000, 0x00000000e5560000)
  from space 21824K,  72% used [0x00000000e5560000, 0x00000000e64cd800, 0x00000000e6ab0000)
  to   space 21824K,   0% used [0x00000000e6ab0000, 0x00000000e6ab0000, 0x00000000e8000000)
 concurrent mark-sweep generation total 393216K, used 94899K [0x00000000e8000000, 0x0000000100000000, 0x0000000100000000)
 Metaspace       used 45057K, capacity 45564K, committed 45860K, reserved 1089536K
  class space    used 4961K, capacity 5095K, committed 5188K, reserved 1048576K
}
2016-06-20T14:14:46.602+0100: 1526.474: Total time for which application threads were stopped: 0.0055321 seconds, Stopping threads took: 0.0000209 seconds
2016-06-20T14:14:47.602+0100: 1527.473: Total time for which application threads were stopped: 0.0000762 seconds, Stopping threads took: 0.0000189 seconds
{Heap before GC invocations=44 (full 2):
 par new generation   total 109248K, used 103222K [0x00000000e0000000, 0x00000000e8000000, 0x00000000e8000000)
  eden space 87424K, 100% used [0x00000000e0000000, 0x00000000e5560000, 0x00000000e5560000)
  from space 21824K,  72% used [0x00000000e5560000, 0x00000000e64cd800, 0x00000000e6ab0000)
  to   space 21824K,   0% used [0x00000000e6ab0000, 0x00000000e6ab0000, 0x00000000e8000000)
 concurrent mark-sweep generation total 393216K, used 94899K [0x00000000e8000000, 0x0000000100000000, 0x0000000100000000)
 Metaspace       used 45059K, capacity 45564K, committed 45860K, reserved 1089536K
  class space    used 4961K, capacity 5095K, committed 5188K, reserved 1048576K
2016-06-20T14:14:48.144+0100: 1528.016: [GC (Allocation Failure) 2016-06-20T14:14:48.144+0100: 1528.016: [ParNew
Desired survivor size 20112992 bytes, new threshold 8 (max 8)
- age   1:     317464 bytes,     317464 total
- age   2:      21400 bytes,     338864 total
- age   3:      18224 bytes,     357088 total
- age   4:      15176 bytes,     372264 total
- age   5:      16792 bytes,     389056 total
- age   6:   11118680 bytes,   11507736 total
- age   7:     356128 bytes,   11863864 total
- age   8:    3194368 bytes,   15058232 total
: 103222K->15119K(109248K), 0.0052838 secs] 198121K->110331K(502464K), 0.0053802 secs] [Times: user=0.00 sys=0.00, real=0.01 secs] 
Heap after GC invocations=45 (full 2):
 par new generation   total 109248K, used 15119K [0x00000000e0000000, 0x00000000e8000000, 0x00000000e8000000)
  eden space 87424K,   0% used [0x00000000e0000000, 0x00000000e0000000, 0x00000000e5560000)
  from space 21824K,  69% used [0x00000000e6ab0000, 0x00000000e7973e90, 0x00000000e8000000)
  to   space 21824K,   0% used [0x00000000e5560000, 0x00000000e5560000, 0x00000000e6ab0000)
 concurrent mark-sweep generation total 393216K, used 95211K [0x00000000e8000000, 0x0000000100000000, 0x0000000100000000)
 Metaspace       used 45059K, capacity 45564K, committed 45860K, reserved 1089536K
  class space    used 4961K, capacity 5095K, committed 5188K, reserved 1048576K
}
2016-06-20T14:14:48.150+0100: 1528.022: Total time for which application threads were stopped: 0.0056482 seconds, Stopping threads took: 0.0000300 seconds
2016-06-20T14:14:49.151+0100: 1529.022: Total time for which application threads were stopped: 0.0000853 seconds, Stopping threads took: 0.0000217 seconds
{Heap before GC invocations=45 (full 2):
 par new generation   total 109248K, used 102543K [0x00000000e0000000, 0x00000000e8000000, 0x00000000e8000000)
  eden space 87424K, 100% used [0x00000000e0000000, 0x00000000e5560000, 0x00000000e5560000)
  from space 21824K,  69% used [0x00000000e6ab0000, 0x00000000e7973e90, 0x00000000e8000000)
  to   space 21824K,   0% used [0x00000000e5560000, 0x00000000e5560000, 0x00000000e6ab0000)
 concurrent mark-sweep generation total 393216K, used 95211K [0x00000000e8000000, 0x0000000100000000, 0x0000000100000000)
 Metaspace       used 45059K, capacity 45564K, committed 45860K, reserved 1089536K
  class space    used 4961K, capacity 5095K, committed 5188K, reserved 1048576K
2016-06-20T14:14:49.659+0100: 1529.531: [GC (Allocation Failure) 2016-06-20T14:14:49.659+0100: 1529.531: [ParNew
Desired survivor size 20112992 bytes, new threshold 8 (max 8)
- age   1:     302352 bytes,     302352 total
- age   2:      20904 bytes,     323256 total
- age   3:      20872 bytes,     344128 total
- age   4:      17672 bytes,     361800 total
- age   5:      14768 bytes,     376568 total
- age   6:      16264 bytes,     392832 total
- age   7:   11118248 bytes,   11511080 total
- age   8:     356128 bytes,   11867208 total
: 102543K->12095K(109248K), 0.0067496 secs] 197755K->110427K(502464K), 0.0068088 secs] [Times: user=0.00 sys=0.00, real=0.01 secs] 
Heap after GC invocations=46 (full 2):
 par new generation   total 109248K, used 12095K [0x00000000e0000000, 0x00000000e8000000, 0x00000000e8000000)
  eden space 87424K,   0% used [0x00000000e0000000, 0x00000000e0000000, 0x00000000e5560000)
  from space 21824K,  55% used [0x00000000e5560000, 0x00000000e612fcc0, 0x00000000e6ab0000)
  to   space 21824K,   0% used [0x00000000e6ab0000, 0x00000000e6ab0000, 0x00000000e8000000)
 concurrent mark-sweep generation total 393216K, used 98331K [0x00000000e8000000, 0x0000000100000000, 0x0000000100000000)
 Metaspace       used 45059K, capacity 45564K, committed 45860K, reserved 1089536K
  class space    used 4961K, capacity 5095K, committed 5188K, reserved 1048576K
}
2016-06-20T14:14:49.666+0100: 1529.538: Total time for which application threads were stopped: 0.0070042 seconds, Stopping threads took: 0.0000217 seconds
2016-06-20T14:14:50.666+0100: 1530.538: Total time for which application threads were stopped: 0.0001022 seconds, Stopping threads took: 0.0000261 seconds
{Heap before GC invocations=46 (full 2):
 par new generation   total 109248K, used 99519K [0x00000000e0000000, 0x00000000e8000000, 0x00000000e8000000)
  eden space 87424K, 100% used [0x00000000e0000000, 0x00000000e5560000, 0x00000000e5560000)
  from space 21824K,  55% used [0x00000000e5560000, 0x00000000e612fcc0, 0x00000000e6ab0000)
  to   space 21824K,   0% used [0x00000000e6ab0000, 0x00000000e6ab0000, 0x00000000e8000000)
 concurrent mark-sweep generation total 393216K, used 98331K [0x00000000e8000000, 0x0000000100000000, 0x0000000100000000)
 Metaspace       used 45059K, capacity 45564K, committed 45860K, reserved 1089536K
  class space    used 4961K, capacity 5095K, committed 5188K, reserved 1048576K
2016-06-20T14:14:51.275+0100: 1531.147: [GC (Allocation Failure) 2016-06-20T14:14:51.275+0100: 1531.147: [ParNew
Desired survivor size 20112992 bytes, new threshold 8 (max 8)
- age   1:     340672 bytes,     340672 total
- age   2:      18656 bytes,     359328 total
- age   3:      20592 bytes,     379920 total
- age   4:      20464 bytes,     400384 total
- age   5:      17216 bytes,     417600 total
- age   6:      14336 bytes,     431936 total
- age   7:      15712 bytes,     447648 total
- age   8:   11118032 bytes,   11565680 total
: 99519K->11575K(109248K), 0.0047628 secs] 197851K->110255K(502464K), 0.0048259 secs] [Times: user=0.00 sys=0.00, real=0.00 secs] 
Heap after GC invocations=47 (full 2):
 par new generation   total 109248K, used 11575K [0x00000000e0000000, 0x00000000e8000000, 0x00000000e8000000)
  eden space 87424K,   0% used [0x00000000e0000000, 0x00000000e0000000, 0x00000000e5560000)
  from space 21824K,  53% used [0x00000000e6ab0000, 0x00000000e75fdce0, 0x00000000e8000000)
  to   space 21824K,   0% used [0x00000000e5560000, 0x00000000e5560000, 0x00000000e6ab0000)
 concurrent mark-sweep generation total 393216K, used 98680K [0x00000000e8000000, 0x0000000100000000, 0x0000000100000000)
 Metaspace       used 45059K, capacity 45564K, committed 45860K, reserved 1089536K
  class space    used 4961K, capacity 5095K, committed 5188K, reserved 1048576K
}
2016-06-20T14:14:51.280+0100: 1531.151: Total time for which application threads were stopped: 0.0050332 seconds, Stopping threads took: 0.0000261 seconds
2016-06-20T14:14:52.280+0100: 1532.151: Total time for which application threads were stopped: 0.0001295 seconds, Stopping threads took: 0.0000276 seconds
{Heap before GC invocations=47 (full 2):
 par new generation   total 109248K, used 98999K [0x00000000e0000000, 0x00000000e8000000, 0x00000000e8000000)
  eden space 87424K, 100% used [0x00000000e0000000, 0x00000000e5560000, 0x00000000e5560000)
  from space 21824K,  53% used [0x00000000e6ab0000, 0x00000000e75fdce0, 0x00000000e8000000)
  to   space 21824K,   0% used [0x00000000e5560000, 0x00000000e5560000, 0x00000000e6ab0000)
 concurrent mark-sweep generation total 393216K, used 98680K [0x00000000e8000000, 0x0000000100000000, 0x0000000100000000)
 Metaspace       used 45059K, capacity 45564K, committed 45860K, reserved 1089536K
  class space    used 4961K, capacity 5095K, committed 5188K, reserved 1048576K
2016-06-20T14:14:52.511+0100: 1532.382: [GC (Allocation Failure) 2016-06-20T14:14:52.511+0100: 1532.382: [ParNew
Desired survivor size 20112992 bytes, new threshold 8 (max 8)
- age   1:     311304 bytes,     311304 total
- age   2:      18488 bytes,     329792 total
- age   3:      18392 bytes,     348184 total
- age   4:      20256 bytes,     368440 total
- age   5:      20248 bytes,     388688 total
- age   6:      16736 bytes,     405424 total
- age   7:      14048 bytes,     419472 total
- age   8:      15352 bytes,     434824 total
: 98999K->540K(109248K), 0.0069841 secs] 197679K->110097K(502464K), 0.0071337 secs] [Times: user=0.05 sys=0.02, real=0.01 secs] 
Heap after GC invocations=48 (full 2):
 par new generation   total 109248K, used 540K [0x00000000e0000000, 0x00000000e8000000, 0x00000000e8000000)
  eden space 87424K,   0% used [0x00000000e0000000, 0x00000000e0000000, 0x00000000e5560000)
  from space 21824K,   2% used [0x00000000e5560000, 0x00000000e55e7020, 0x00000000e6ab0000)
  to   space 21824K,   0% used [0x00000000e6ab0000, 0x00000000e6ab0000, 0x00000000e8000000)
 concurrent mark-sweep generation total 393216K, used 109557K [0x00000000e8000000, 0x0000000100000000, 0x0000000100000000)
 Metaspace       used 45059K, capacity 45564K, committed 45860K, reserved 1089536K
  class space    used 4961K, capacity 5095K, committed 5188K, reserved 1048576K
}
2016-06-20T14:14:52.518+0100: 1532.389: Total time for which application threads were stopped: 0.0073863 seconds, Stopping threads took: 0.0000249 seconds
2016-06-20T14:14:53.518+0100: 1533.389: Total time for which application threads were stopped: 0.0001366 seconds, Stopping threads took: 0.0000470 seconds
{Heap before GC invocations=48 (full 2):
 par new generation   total 109248K, used 87964K [0x00000000e0000000, 0x00000000e8000000, 0x00000000e8000000)
  eden space 87424K, 100% used [0x00000000e0000000, 0x00000000e5560000, 0x00000000e5560000)
  from space 21824K,   2% used [0x00000000e5560000, 0x00000000e55e7020, 0x00000000e6ab0000)
  to   space 21824K,   0% used [0x00000000e6ab0000, 0x00000000e6ab0000, 0x00000000e8000000)
 concurrent mark-sweep generation total 393216K, used 109557K [0x00000000e8000000, 0x0000000100000000, 0x0000000100000000)
 Metaspace       used 45061K, capacity 45564K, committed 45860K, reserved 1089536K
  class space    used 4961K, capacity 5095K, committed 5188K, reserved 1048576K
2016-06-20T14:14:54.178+0100: 1534.049: [GC (Allocation Failure) 2016-06-20T14:14:54.178+0100: 1534.049: [ParNew
Desired survivor size 20112992 bytes, new threshold 8 (max 8)
- age   1:     301616 bytes,     301616 total
- age   2:      16416 bytes,     318032 total
- age   3:      16440 bytes,     334472 total
- age   4:      18152 bytes,     352624 total
- age   5:      20040 bytes,     372664 total
- age   6:      19936 bytes,     392600 total
- age   7:      16496 bytes,     409096 total
- age   8:      13880 bytes,     422976 total
: 87964K->566K(109248K), 0.0035232 secs] 197521K->110139K(502464K), 0.0035868 secs] [Times: user=0.00 sys=0.00, real=0.00 secs] 
Heap after GC invocations=49 (full 2):
 par new generation   total 109248K, used 566K [0x00000000e0000000, 0x00000000e8000000, 0x00000000e8000000)
  eden space 87424K,   0% used [0x00000000e0000000, 0x00000000e0000000, 0x00000000e5560000)
  from space 21824K,   2% used [0x00000000e6ab0000, 0x00000000e6b3db80, 0x00000000e8000000)
  to   space 21824K,   0% used [0x00000000e5560000, 0x00000000e5560000, 0x00000000e6ab0000)
 concurrent mark-sweep generation total 393216K, used 109572K [0x00000000e8000000, 0x0000000100000000, 0x0000000100000000)
 Metaspace       used 45061K, capacity 45564K, committed 45860K, reserved 1089536K
  class space    used 4961K, capacity 5095K, committed 5188K, reserved 1048576K
}
2016-06-20T14:14:54.181+0100: 1534.053: Total time for which application threads were stopped: 0.0037782 seconds, Stopping threads took: 0.0000300 seconds
2016-06-20T14:14:55.181+0100: 1535.052: Total time for which application threads were stopped: 0.0001212 seconds, Stopping threads took: 0.0000308 seconds
2016-06-20T14:14:56.182+0100: 1536.053: Total time for which application threads were stopped: 0.0001212 seconds, Stopping threads took: 0.0000312 seconds
{Heap before GC invocations=49 (full 2):
 par new generation   total 109248K, used 87990K [0x00000000e0000000, 0x00000000e8000000, 0x00000000e8000000)
  eden space 87424K, 100% used [0x00000000e0000000, 0x00000000e5560000, 0x00000000e5560000)
  from space 21824K,   2% used [0x00000000e6ab0000, 0x00000000e6b3db80, 0x00000000e8000000)
  to   space 21824K,   0% used [0x00000000e5560000, 0x00000000e5560000, 0x00000000e6ab0000)
 concurrent mark-sweep generation total 393216K, used 109572K [0x00000000e8000000, 0x0000000100000000, 0x0000000100000000)
 Metaspace       used 45097K, capacity 45564K, committed 45860K, reserved 1089536K
  class space    used 4964K, capacity 5095K, committed 5188K, reserved 1048576K
2016-06-20T14:14:56.467+0100: 1536.338: [GC (Allocation Failure) 2016-06-20T14:14:56.467+0100: 1536.339: [ParNew
Desired survivor size 20112992 bytes, new threshold 8 (max 8)
- age   1:     332976 bytes,     332976 total
- age   2:      13608 bytes,     346584 total
- age   3:      16272 bytes,     362856 total
- age   4:      16200 bytes,     379056 total
- age   5:      17888 bytes,     396944 total
- age   6:      19704 bytes,     416648 total
- age   7:      19600 bytes,     436248 total
- age   8:      14872 bytes,     451120 total
: 87990K->536K(109248K), 0.0038639 secs] 197563K->110122K(502464K), 0.0039357 secs] [Times: user=0.06 sys=0.00, real=0.00 secs] 
Heap after GC invocations=50 (full 2):
 par new generation   total 109248K, used 536K [0x00000000e0000000, 0x00000000e8000000, 0x00000000e8000000)
  eden space 87424K,   0% used [0x00000000e0000000, 0x00000000e0000000, 0x00000000e5560000)
  from space 21824K,   2% used [0x00000000e5560000, 0x00000000e55e6240, 0x00000000e6ab0000)
  to   space 21824K,   0% used [0x00000000e6ab0000, 0x00000000e6ab0000, 0x00000000e8000000)
 concurrent mark-sweep generation total 393216K, used 109585K [0x00000000e8000000, 0x0000000100000000, 0x0000000100000000)
 Metaspace       used 45097K, capacity 45564K, committed 45860K, reserved 1089536K
  class space    used 4964K, capacity 5095K, committed 5188K, reserved 1048576K
}
2016-06-20T14:14:56.471+0100: 1536.343: Total time for which application threads were stopped: 0.0041501 seconds, Stopping threads took: 0.0000276 seconds
2016-06-20T14:14:58.472+0100: 1538.343: Total time for which application threads were stopped: 0.0000825 seconds, Stopping threads took: 0.0000229 seconds
2016-06-20T14:15:02.474+0100: 1542.345: Total time for which application threads were stopped: 0.0000896 seconds, Stopping threads took: 0.0000264 seconds
2016-06-20T14:15:05.474+0100: 1545.346: Total time for which application threads were stopped: 0.0000718 seconds, Stopping threads took: 0.0000201 seconds
2016-06-20T14:15:10.429+0100: 1550.301: Total time for which application threads were stopped: 0.0001840 seconds, Stopping threads took: 0.0000339 seconds
{Heap before GC invocations=50 (full 2):
 par new generation   total 109248K, used 87960K [0x00000000e0000000, 0x00000000e8000000, 0x00000000e8000000)
  eden space 87424K, 100% used [0x00000000e0000000, 0x00000000e5560000, 0x00000000e5560000)
  from space 21824K,   2% used [0x00000000e5560000, 0x00000000e55e6240, 0x00000000e6ab0000)
  to   space 21824K,   0% used [0x00000000e6ab0000, 0x00000000e6ab0000, 0x00000000e8000000)
 concurrent mark-sweep generation total 393216K, used 109585K [0x00000000e8000000, 0x0000000100000000, 0x0000000100000000)
 Metaspace       used 45183K, capacity 45698K, committed 46116K, reserved 1089536K
  class space    used 4966K, capacity 5096K, committed 5188K, reserved 1048576K
2016-06-20T14:15:10.492+0100: 1550.364: [GC (Allocation Failure) 2016-06-20T14:15:10.493+0100: 1550.364: [ParNew
Desired survivor size 20112992 bytes, new threshold 8 (max 8)
- age   1:     278328 bytes,     278328 total
- age   2:      36544 bytes,     314872 total
- age   3:      13200 bytes,     328072 total
- age   4:      16080 bytes,     344152 total
- age   5:      15960 bytes,     360112 total
- age   6:      17768 bytes,     377880 total
- age   7:      19560 bytes,     397440 total
- age   8:      19384 bytes,     416824 total
: 87960K->596K(109248K), 0.0040396 secs] 197546K->110196K(502464K), 0.0041671 secs] [Times: user=0.00 sys=0.00, real=0.00 secs] 
Heap after GC invocations=51 (full 2):
 par new generation   total 109248K, used 596K [0x00000000e0000000, 0x00000000e8000000, 0x00000000e8000000)
  eden space 87424K,   0% used [0x00000000e0000000, 0x00000000e0000000, 0x00000000e5560000)
  from space 21824K,   2% used [0x00000000e6ab0000, 0x00000000e6b45100, 0x00000000e8000000)
  to   space 21824K,   0% used [0x00000000e5560000, 0x00000000e5560000, 0x00000000e6ab0000)
 concurrent mark-sweep generation total 393216K, used 109599K [0x00000000e8000000, 0x0000000100000000, 0x0000000100000000)
 Metaspace       used 45183K, capacity 45698K, committed 46116K, reserved 1089536K
  class space    used 4966K, capacity 5096K, committed 5188K, reserved 1048576K
}
2016-06-20T14:15:10.497+0100: 1550.369: Total time for which application threads were stopped: 0.0045172 seconds, Stopping threads took: 0.0000379 seconds
2016-06-20T14:15:10.892+0100: 1550.763: Total time for which application threads were stopped: 0.0000987 seconds, Stopping threads took: 0.0000225 seconds
2016-06-20T14:15:11.892+0100: 1551.763: Total time for which application threads were stopped: 0.0001413 seconds, Stopping threads took: 0.0000529 seconds
2016-06-20T14:15:13.893+0100: 1553.765: Total time for which application threads were stopped: 0.0001137 seconds, Stopping threads took: 0.0000268 seconds
2016-06-20T14:15:14.894+0100: 1554.766: Total time for which application threads were stopped: 0.0001196 seconds, Stopping threads took: 0.0000264 seconds
2016-06-20T14:15:16.896+0100: 1556.768: Total time for which application threads were stopped: 0.0003936 seconds, Stopping threads took: 0.0000497 seconds
2016-06-20T14:15:21.899+0100: 1561.770: Total time for which application threads were stopped: 0.0001046 seconds, Stopping threads took: 0.0000233 seconds
2016-06-20T14:15:24.900+0100: 1564.771: Total time for which application threads were stopped: 0.0001658 seconds, Stopping threads took: 0.0000304 seconds
2016-06-20T14:15:30.902+0100: 1570.774: Total time for which application threads were stopped: 0.0001433 seconds, Stopping threads took: 0.0000324 seconds
2016-06-20T14:15:31.902+0100: 1571.774: Total time for which application threads were stopped: 0.0001299 seconds, Stopping threads took: 0.0000241 seconds
2016-06-20T14:15:33.904+0100: 1573.775: Total time for which application threads were stopped: 0.0001575 seconds, Stopping threads took: 0.0000466 seconds
2016-06-20T14:15:34.904+0100: 1574.775: Total time for which application threads were stopped: 0.0001161 seconds, Stopping threads took: 0.0000257 seconds
{Heap before GC invocations=51 (full 2):
 par new generation   total 109248K, used 88020K [0x00000000e0000000, 0x00000000e8000000, 0x00000000e8000000)
  eden space 87424K, 100% used [0x00000000e0000000, 0x00000000e5560000, 0x00000000e5560000)
  from space 21824K,   2% used [0x00000000e6ab0000, 0x00000000e6b45100, 0x00000000e8000000)
  to   space 21824K,   0% used [0x00000000e5560000, 0x00000000e5560000, 0x00000000e6ab0000)
 concurrent mark-sweep generation total 393216K, used 109599K [0x00000000e8000000, 0x0000000100000000, 0x0000000100000000)
 Metaspace       used 45443K, capacity 45922K, committed 46116K, reserved 1089536K
  class space    used 4988K, capacity 5128K, committed 5188K, reserved 1048576K
2016-06-20T14:15:39.242+0100: 1579.114: [GC (Allocation Failure) 2016-06-20T14:15:39.243+0100: 1579.114: [ParNew
Desired survivor size 20112992 bytes, new threshold 8 (max 8)
- age   1:    4037784 bytes,    4037784 total
- age   2:      28824 bytes,    4066608 total
- age   3:      36544 bytes,    4103152 total
- age   4:      13200 bytes,    4116352 total
- age   5:      15936 bytes,    4132288 total
- age   6:      15960 bytes,    4148248 total
- age   7:      17720 bytes,    4165968 total
- age   8:      19536 bytes,    4185504 total
: 88020K->4251K(109248K), 0.0042555 secs] 197620K->113870K(502464K), 0.0043727 secs] [Times: user=0.00 sys=0.00, real=0.00 secs] 
Heap after GC invocations=52 (full 2):
 par new generation   total 109248K, used 4251K [0x00000000e0000000, 0x00000000e8000000, 0x00000000e8000000)
  eden space 87424K,   0% used [0x00000000e0000000, 0x00000000e0000000, 0x00000000e5560000)
  from space 21824K,  19% used [0x00000000e5560000, 0x00000000e5986f80, 0x00000000e6ab0000)
  to   space 21824K,   0% used [0x00000000e6ab0000, 0x00000000e6ab0000, 0x00000000e8000000)
 concurrent mark-sweep generation total 393216K, used 109618K [0x00000000e8000000, 0x0000000100000000, 0x0000000100000000)
 Metaspace       used 45443K, capacity 45922K, committed 46116K, reserved 1089536K
  class space    used 4988K, capacity 5128K, committed 5188K, reserved 1048576K
}
2016-06-20T14:15:39.247+0100: 1579.118: Total time for which application threads were stopped: 0.0047075 seconds, Stopping threads took: 0.0000422 seconds
2016-06-20T14:15:39.247+0100: 1579.118: Total time for which application threads were stopped: 0.0001409 seconds, Stopping threads took: 0.0000264 seconds
2016-06-20T14:15:39.247+0100: 1579.119: Total time for which application threads were stopped: 0.0001496 seconds, Stopping threads took: 0.0000383 seconds
2016-06-20T14:15:39.248+0100: 1579.119: Total time for which application threads were stopped: 0.0001165 seconds, Stopping threads took: 0.0000414 seconds
{Heap before GC invocations=52 (full 2):
 par new generation   total 109248K, used 91675K [0x00000000e0000000, 0x00000000e8000000, 0x00000000e8000000)
  eden space 87424K, 100% used [0x00000000e0000000, 0x00000000e5560000, 0x00000000e5560000)
  from space 21824K,  19% used [0x00000000e5560000, 0x00000000e5986f80, 0x00000000e6ab0000)
  to   space 21824K,   0% used [0x00000000e6ab0000, 0x00000000e6ab0000, 0x00000000e8000000)
 concurrent mark-sweep generation total 393216K, used 109618K [0x00000000e8000000, 0x0000000100000000, 0x0000000100000000)
 Metaspace       used 45443K, capacity 45922K, committed 46116K, reserved 1089536K
  class space    used 4988K, capacity 5128K, committed 5188K, reserved 1048576K
2016-06-20T14:15:39.607+0100: 1579.478: [GC (Allocation Failure) 2016-06-20T14:15:39.607+0100: 1579.478: [ParNew
Desired survivor size 20112992 bytes, new threshold 8 (max 8)
- age   1:    2075368 bytes,    2075368 total
- age   2:    2856592 bytes,    4931960 total
- age   3:      28824 bytes,    4960784 total
- age   4:      36544 bytes,    4997328 total
- age   5:      13200 bytes,    5010528 total
- age   6:      15936 bytes,    5026464 total
- age   7:      15960 bytes,    5042424 total
- age   8:      17720 bytes,    5060144 total
: 91675K->6051K(109248K), 0.0039523 secs] 201294K->115689K(502464K), 0.0040380 secs] [Times: user=0.06 sys=0.00, real=0.00 secs] 
Heap after GC invocations=53 (full 2):
 par new generation   total 109248K, used 6051K [0x00000000e0000000, 0x00000000e8000000, 0x00000000e8000000)
  eden space 87424K,   0% used [0x00000000e0000000, 0x00000000e0000000, 0x00000000e5560000)
  from space 21824K,  27% used [0x00000000e6ab0000, 0x00000000e7098d50, 0x00000000e8000000)
  to   space 21824K,   0% used [0x00000000e5560000, 0x00000000e5560000, 0x00000000e6ab0000)
 concurrent mark-sweep generation total 393216K, used 109637K [0x00000000e8000000, 0x0000000100000000, 0x0000000100000000)
 Metaspace       used 45443K, capacity 45922K, committed 46116K, reserved 1089536K
  class space    used 4988K, capacity 5128K, committed 5188K, reserved 1048576K
}
2016-06-20T14:15:39.611+0100: 1579.483: Total time for which application threads were stopped: 0.0042981 seconds, Stopping threads took: 0.0000359 seconds
{Heap before GC invocations=53 (full 2):
 par new generation   total 109248K, used 93475K [0x00000000e0000000, 0x00000000e8000000, 0x00000000e8000000)
  eden space 87424K, 100% used [0x00000000e0000000, 0x00000000e5560000, 0x00000000e5560000)
  from space 21824K,  27% used [0x00000000e6ab0000, 0x00000000e7098d50, 0x00000000e8000000)
  to   space 21824K,   0% used [0x00000000e5560000, 0x00000000e5560000, 0x00000000e6ab0000)
 concurrent mark-sweep generation total 393216K, used 109637K [0x00000000e8000000, 0x0000000100000000, 0x0000000100000000)
 Metaspace       used 45443K, capacity 45922K, committed 46116K, reserved 1089536K
  class space    used 4988K, capacity 5128K, committed 5188K, reserved 1048576K
2016-06-20T14:15:39.915+0100: 1579.787: [GC (Allocation Failure) 2016-06-20T14:15:39.915+0100: 1579.787: [ParNew
Desired survivor size 20112992 bytes, new threshold 8 (max 8)
- age   1:    2099424 bytes,    2099424 total
- age   2:     469512 bytes,    2568936 total
- age   3:    2850208 bytes,    5419144 total
- age   4:      28824 bytes,    5447968 total
- age   5:      36544 bytes,    5484512 total
- age   6:      13200 bytes,    5497712 total
- age   7:      15936 bytes,    5513648 total
- age   8:      15960 bytes,    5529608 total
: 93475K->7749K(109248K), 0.0035595 secs] 203113K->117404K(502464K), 0.0036547 secs] [Times: user=0.00 sys=0.00, real=0.00 secs] 
Heap after GC invocations=54 (full 2):
 par new generation   total 109248K, used 7749K [0x00000000e0000000, 0x00000000e8000000, 0x00000000e8000000)
  eden space 87424K,   0% used [0x00000000e0000000, 0x00000000e0000000, 0x00000000e5560000)
  from space 21824K,  35% used [0x00000000e5560000, 0x00000000e5cf1688, 0x00000000e6ab0000)
  to   space 21824K,   0% used [0x00000000e6ab0000, 0x00000000e6ab0000, 0x00000000e8000000)
 concurrent mark-sweep generation total 393216K, used 109655K [0x00000000e8000000, 0x0000000100000000, 0x0000000100000000)
 Metaspace       used 45443K, capacity 45922K, committed 46116K, reserved 1089536K
  class space    used 4988K, capacity 5128K, committed 5188K, reserved 1048576K
}
2016-06-20T14:15:39.919+0100: 1579.790: Total time for which application threads were stopped: 0.0039298 seconds, Stopping threads took: 0.0000343 seconds
2016-06-20T14:15:40.920+0100: 1580.792: Total time for which application threads were stopped: 0.0002917 seconds, Stopping threads took: 0.0000249 seconds
2016-06-20T14:15:41.264+0100: 1581.135: Total time for which application threads were stopped: 0.0001595 seconds, Stopping threads took: 0.0000253 seconds
2016-06-20T14:15:41.267+0100: 1581.139: Total time for which application threads were stopped: 0.0002823 seconds, Stopping threads took: 0.0000888 seconds
2016-06-20T14:15:42.267+0100: 1582.139: Total time for which application threads were stopped: 0.0001153 seconds, Stopping threads took: 0.0000324 seconds
2016-06-20T14:15:46.269+0100: 1586.140: Total time for which application threads were stopped: 0.0001117 seconds, Stopping threads took: 0.0000336 seconds
{Heap before GC invocations=54 (full 2):
 par new generation   total 109248K, used 95173K [0x00000000e0000000, 0x00000000e8000000, 0x00000000e8000000)
  eden space 87424K, 100% used [0x00000000e0000000, 0x00000000e5560000, 0x00000000e5560000)
  from space 21824K,  35% used [0x00000000e5560000, 0x00000000e5cf1688, 0x00000000e6ab0000)
  to   space 21824K,   0% used [0x00000000e6ab0000, 0x00000000e6ab0000, 0x00000000e8000000)
 concurrent mark-sweep generation total 393216K, used 109655K [0x00000000e8000000, 0x0000000100000000, 0x0000000100000000)
 Metaspace       used 45449K, capacity 45922K, committed 46116K, reserved 1089536K
  class space    used 4988K, capacity 5128K, committed 5188K, reserved 1048576K
2016-06-20T14:15:47.872+0100: 1587.743: [GC (Allocation Failure) 2016-06-20T14:15:47.872+0100: 1587.743: [ParNew
Desired survivor size 20112992 bytes, new threshold 8 (max 8)
- age   1:     110168 bytes,     110168 total
- age   4:     151240 bytes,     261408 total
- age   5:      28776 bytes,     290184 total
- age   6:      36496 bytes,     326680 total
- age   7:      13152 bytes,     339832 total
- age   8:      15840 bytes,     355672 total
: 95173K->1903K(109248K), 0.0028008 secs] 204828K->111574K(502464K), 0.0028948 secs] [Times: user=0.06 sys=0.00, real=0.00 secs] 
Heap after GC invocations=55 (full 2):
 par new generation   total 109248K, used 1903K [0x00000000e0000000, 0x00000000e8000000, 0x00000000e8000000)
  eden space 87424K,   0% used [0x00000000e0000000, 0x00000000e0000000, 0x00000000e5560000)
  from space 21824K,   8% used [0x00000000e6ab0000, 0x00000000e6c8bfa0, 0x00000000e8000000)
  to   space 21824K,   0% used [0x00000000e5560000, 0x00000000e5560000, 0x00000000e6ab0000)
 concurrent mark-sweep generation total 393216K, used 109670K [0x00000000e8000000, 0x0000000100000000, 0x0000000100000000)
 Metaspace       used 45449K, capacity 45922K, committed 46116K, reserved 1089536K
  class space    used 4988K, capacity 5128K, committed 5188K, reserved 1048576K
}
2016-06-20T14:15:47.875+0100: 1587.746: Total time for which application threads were stopped: 0.0032753 seconds, Stopping threads took: 0.0001457 seconds
2016-06-20T14:15:48.729+0100: 1588.601: Total time for which application threads were stopped: 0.0001137 seconds, Stopping threads took: 0.0000201 seconds
2016-06-20T14:15:48.729+0100: 1588.601: Total time for which application threads were stopped: 0.0000738 seconds, Stopping threads took: 0.0000114 seconds
2016-06-20T14:15:48.729+0100: 1588.601: Total time for which application threads were stopped: 0.0000695 seconds, Stopping threads took: 0.0000107 seconds
2016-06-20T14:15:49.572+0100: 1589.443: Total time for which application threads were stopped: 0.0001311 seconds, Stopping threads took: 0.0000253 seconds
2016-06-20T14:15:49.576+0100: 1589.448: Total time for which application threads were stopped: 0.0002294 seconds, Stopping threads took: 0.0000411 seconds
2016-06-20T14:15:50.576+0100: 1590.448: Total time for which application threads were stopped: 0.0000971 seconds, Stopping threads took: 0.0000268 seconds
2016-06-20T14:15:51.577+0100: 1591.448: Total time for which application threads were stopped: 0.0001026 seconds, Stopping threads took: 0.0000280 seconds
2016-06-20T14:15:52.577+0100: 1592.448: Total time for which application threads were stopped: 0.0001354 seconds, Stopping threads took: 0.0000261 seconds
2016-06-20T14:15:53.578+0100: 1593.449: Total time for which application threads were stopped: 0.0000797 seconds, Stopping threads took: 0.0000229 seconds
2016-06-20T14:15:54.579+0100: 1594.450: Total time for which application threads were stopped: 0.0000971 seconds, Stopping threads took: 0.0000257 seconds
2016-06-20T14:15:57.580+0100: 1597.451: Total time for which application threads were stopped: 0.0001070 seconds, Stopping threads took: 0.0000296 seconds
2016-06-20T14:15:58.581+0100: 1598.452: Total time for which application threads were stopped: 0.0000793 seconds, Stopping threads took: 0.0000233 seconds
2016-06-20T14:15:59.582+0100: 1599.453: Total time for which application threads were stopped: 0.0000888 seconds, Stopping threads took: 0.0000261 seconds
2016-06-20T14:16:00.583+0100: 1600.454: Total time for which application threads were stopped: 0.0001058 seconds, Stopping threads took: 0.0000288 seconds
2016-06-20T14:16:11.588+0100: 1611.459: Total time for which application threads were stopped: 0.0001011 seconds, Stopping threads took: 0.0000213 seconds
2016-06-20T14:16:12.588+0100: 1612.460: Total time for which application threads were stopped: 0.0001007 seconds, Stopping threads took: 0.0000292 seconds
{Heap before GC invocations=55 (full 2):
 par new generation   total 109248K, used 89314K [0x00000000e0000000, 0x00000000e8000000, 0x00000000e8000000)
  eden space 87424K,  99% used [0x00000000e0000000, 0x00000000e555cbc8, 0x00000000e5560000)
  from space 21824K,   8% used [0x00000000e6ab0000, 0x00000000e6c8bfa0, 0x00000000e8000000)
  to   space 21824K,   0% used [0x00000000e5560000, 0x00000000e5560000, 0x00000000e6ab0000)
 concurrent mark-sweep generation total 393216K, used 109670K [0x00000000e8000000, 0x0000000100000000, 0x0000000100000000)
 Metaspace       used 45486K, capacity 45986K, committed 46372K, reserved 1091584K
  class space    used 4994K, capacity 5128K, committed 5188K, reserved 1048576K
2016-06-20T14:16:15.081+0100: 1614.952: [GC (Allocation Failure) 2016-06-20T14:16:15.081+0100: 1614.952: [ParNew
Desired survivor size 20112992 bytes, new threshold 8 (max 8)
- age   1:     311656 bytes,     311656 total
- age   2:       8088 bytes,     319744 total
- age   5:     107536 bytes,     427280 total
- age   6:      28272 bytes,     455552 total
- age   7:      35968 bytes,     491520 total
- age   8:      12888 bytes,     504408 total
: 89314K->769K(109248K), 0.0029177 secs] 198985K->110455K(502464K), 0.0030163 secs] [Times: user=0.00 sys=0.00, real=0.00 secs] 
Heap after GC invocations=56 (full 2):
 par new generation   total 109248K, used 769K [0x00000000e0000000, 0x00000000e8000000, 0x00000000e8000000)
  eden space 87424K,   0% used [0x00000000e0000000, 0x00000000e0000000, 0x00000000e5560000)
  from space 21824K,   3% used [0x00000000e5560000, 0x00000000e5620720, 0x00000000e6ab0000)
  to   space 21824K,   0% used [0x00000000e6ab0000, 0x00000000e6ab0000, 0x00000000e8000000)
 concurrent mark-sweep generation total 393216K, used 109686K [0x00000000e8000000, 0x0000000100000000, 0x0000000100000000)
 Metaspace       used 45486K, capacity 45986K, committed 46372K, reserved 1091584K
  class space    used 4994K, capacity 5128K, committed 5188K, reserved 1048576K
}
2016-06-20T14:16:15.084+0100: 1614.955: Total time for which application threads were stopped: 0.0032540 seconds, Stopping threads took: 0.0000197 seconds
2016-06-20T14:16:20.087+0100: 1619.958: Total time for which application threads were stopped: 0.0001137 seconds, Stopping threads took: 0.0000268 seconds
{Heap before GC invocations=56 (full 2):
 par new generation   total 109248K, used 88193K [0x00000000e0000000, 0x00000000e8000000, 0x00000000e8000000)
  eden space 87424K, 100% used [0x00000000e0000000, 0x00000000e5560000, 0x00000000e5560000)
  from space 21824K,   3% used [0x00000000e5560000, 0x00000000e5620720, 0x00000000e6ab0000)
  to   space 21824K,   0% used [0x00000000e6ab0000, 0x00000000e6ab0000, 0x00000000e8000000)
 concurrent mark-sweep generation total 393216K, used 109686K [0x00000000e8000000, 0x0000000100000000, 0x0000000100000000)
 Metaspace       used 45486K, capacity 45986K, committed 46372K, reserved 1091584K
  class space    used 4994K, capacity 5128K, committed 5188K, reserved 1048576K
2016-06-20T14:16:20.620+0100: 1620.492: [GC (Allocation Failure) 2016-06-20T14:16:20.620+0100: 1620.492: [ParNew
Desired survivor size 20112992 bytes, new threshold 8 (max 8)
- age   1:     309440 bytes,     309440 total
- age   2:      27240 bytes,     336680 total
- age   3:       6280 bytes,     342960 total
- age   6:     107536 bytes,     450496 total
- age   7:      27936 bytes,     478432 total
- age   8:      35656 bytes,     514088 total
: 88193K->636K(109248K), 0.0028320 secs] 197879K->110335K(502464K), 0.0028932 secs] [Times: user=0.00 sys=0.00, real=0.00 secs] 
Heap after GC invocations=57 (full 2):
 par new generation   total 109248K, used 636K [0x00000000e0000000, 0x00000000e8000000, 0x00000000e8000000)
  eden space 87424K,   0% used [0x00000000e0000000, 0x00000000e0000000, 0x00000000e5560000)
  from space 21824K,   2% used [0x00000000e6ab0000, 0x00000000e6b4f270, 0x00000000e8000000)
  to   space 21824K,   0% used [0x00000000e5560000, 0x00000000e5560000, 0x00000000e6ab0000)
 concurrent mark-sweep generation total 393216K, used 109698K [0x00000000e8000000, 0x0000000100000000, 0x0000000100000000)
 Metaspace       used 45486K, capacity 45986K, committed 46372K, reserved 1091584K
  class space    used 4994K, capacity 5128K, committed 5188K, reserved 1048576K
}
2016-06-20T14:16:20.624+0100: 1620.495: Total time for which application threads were stopped: 0.0030941 seconds, Stopping threads took: 0.0000292 seconds
2016-06-20T14:16:20.786+0100: 1620.657: Total time for which application threads were stopped: 0.0001291 seconds, Stopping threads took: 0.0000292 seconds
2016-06-20T14:16:21.786+0100: 1621.657: Total time for which application threads were stopped: 0.0002001 seconds, Stopping threads took: 0.0000699 seconds
2016-06-20T14:16:22.727+0100: 1622.598: Total time for which application threads were stopped: 0.0001018 seconds, Stopping threads took: 0.0000209 seconds
{Heap before GC invocations=57 (full 2):
 par new generation   total 109248K, used 88060K [0x00000000e0000000, 0x00000000e8000000, 0x00000000e8000000)
  eden space 87424K, 100% used [0x00000000e0000000, 0x00000000e5560000, 0x00000000e5560000)
  from space 21824K,   2% used [0x00000000e6ab0000, 0x00000000e6b4f270, 0x00000000e8000000)
  to   space 21824K,   0% used [0x00000000e5560000, 0x00000000e5560000, 0x00000000e6ab0000)
 concurrent mark-sweep generation total 393216K, used 109698K [0x00000000e8000000, 0x0000000100000000, 0x0000000100000000)
 Metaspace       used 45557K, capacity 46050K, committed 46372K, reserved 1091584K
  class space    used 5002K, capacity 5128K, committed 5188K, reserved 1048576K
2016-06-20T14:16:23.057+0100: 1622.929: [GC (Allocation Failure) 2016-06-20T14:16:23.057+0100: 1622.929: [ParNew
Desired survivor size 20112992 bytes, new threshold 8 (max 8)
- age   1:     891672 bytes,     891672 total
- age   2:      21648 bytes,     913320 total
- age   3:      24936 bytes,     938256 total
- age   4:       5664 bytes,     943920 total
- age   7:     107480 bytes,    1051400 total
- age   8:      27912 bytes,    1079312 total
: 88060K->1179K(109248K), 0.0033475 secs] 197759K->110913K(502464K), 0.0034300 secs] [Times: user=0.00 sys=0.00, real=0.00 secs] 
Heap after GC invocations=58 (full 2):
 par new generation   total 109248K, used 1179K [0x00000000e0000000, 0x00000000e8000000, 0x00000000e8000000)
  eden space 87424K,   0% used [0x00000000e0000000, 0x00000000e0000000, 0x00000000e5560000)
  from space 21824K,   5% used [0x00000000e5560000, 0x00000000e5686e30, 0x00000000e6ab0000)
  to   space 21824K,   0% used [0x00000000e6ab0000, 0x00000000e6ab0000, 0x00000000e8000000)
 concurrent mark-sweep generation total 393216K, used 109733K [0x00000000e8000000, 0x0000000100000000, 0x0000000100000000)
 Metaspace       used 45557K, capacity 46050K, committed 46372K, reserved 1091584K
  class space    used 5002K, capacity 5128K, committed 5188K, reserved 1048576K
}
2016-06-20T14:16:23.061+0100: 1622.932: Total time for which application threads were stopped: 0.0036803 seconds, Stopping threads took: 0.0000257 seconds
2016-06-20T14:16:23.061+0100: 1622.933: Total time for which application threads were stopped: 0.0001717 seconds, Stopping threads took: 0.0000738 seconds
2016-06-20T14:16:24.062+0100: 1623.933: Total time for which application threads were stopped: 0.0001291 seconds, Stopping threads took: 0.0000418 seconds
2016-06-20T14:16:24.510+0100: 1624.381: Total time for which application threads were stopped: 0.0001962 seconds, Stopping threads took: 0.0000205 seconds
2016-06-20T14:16:24.510+0100: 1624.381: Total time for which application threads were stopped: 0.0001078 seconds, Stopping threads took: 0.0000111 seconds
2016-06-20T14:16:24.544+0100: 1624.416: Total time for which application threads were stopped: 0.0002313 seconds, Stopping threads took: 0.0000268 seconds
{Heap before GC invocations=58 (full 2):
 par new generation   total 109248K, used 88603K [0x00000000e0000000, 0x00000000e8000000, 0x00000000e8000000)
  eden space 87424K, 100% used [0x00000000e0000000, 0x00000000e5560000, 0x00000000e5560000)
  from space 21824K,   5% used [0x00000000e5560000, 0x00000000e5686e30, 0x00000000e6ab0000)
  to   space 21824K,   0% used [0x00000000e6ab0000, 0x00000000e6ab0000, 0x00000000e8000000)
 concurrent mark-sweep generation total 393216K, used 109733K [0x00000000e8000000, 0x0000000100000000, 0x0000000100000000)
 Metaspace       used 45579K, capacity 46050K, committed 46372K, reserved 1091584K
  class space    used 5002K, capacity 5128K, committed 5188K, reserved 1048576K
2016-06-20T14:16:24.659+0100: 1624.531: [GC (Allocation Failure) 2016-06-20T14:16:24.659+0100: 1624.531: [ParNew
Desired survivor size 20112992 bytes, new threshold 8 (max 8)
- age   1:     819488 bytes,     819488 total
- age   2:     460624 bytes,    1280112 total
- age   3:      21672 bytes,    1301784 total
- age   4:      24864 bytes,    1326648 total
- age   5:       5640 bytes,    1332288 total
- age   8:     107480 bytes,    1439768 total
: 88603K->1749K(109248K), 0.0032189 secs] 198337K->111510K(502464K), 0.0033010 secs] [Times: user=0.00 sys=0.00, real=0.00 secs] 
Heap after GC invocations=59 (full 2):
 par new generation   total 109248K, used 1749K [0x00000000e0000000, 0x00000000e8000000, 0x00000000e8000000)
  eden space 87424K,   0% used [0x00000000e0000000, 0x00000000e0000000, 0x00000000e5560000)
  from space 21824K,   8% used [0x00000000e6ab0000, 0x00000000e6c656e0, 0x00000000e8000000)
  to   space 21824K,   0% used [0x00000000e5560000, 0x00000000e5560000, 0x00000000e6ab0000)
 concurrent mark-sweep generation total 393216K, used 109761K [0x00000000e8000000, 0x0000000100000000, 0x0000000100000000)
 Metaspace       used 45579K, capacity 46050K, committed 46372K, reserved 1091584K
  class space    used 5002K, capacity 5128K, committed 5188K, reserved 1048576K
}
2016-06-20T14:16:24.662+0100: 1624.534: Total time for which application threads were stopped: 0.0035568 seconds, Stopping threads took: 0.0000280 seconds
2016-06-20T14:16:25.663+0100: 1625.534: Total time for which application threads were stopped: 0.0001405 seconds, Stopping threads took: 0.0000351 seconds
2016-06-20T14:16:25.884+0100: 1625.755: Total time for which application threads were stopped: 0.0002369 seconds, Stopping threads took: 0.0000276 seconds
2016-06-20T14:16:25.884+0100: 1625.756: Total time for which application threads were stopped: 0.0001457 seconds, Stopping threads took: 0.0000122 seconds
2016-06-20T14:16:26.366+0100: 1626.238: Total time for which application threads were stopped: 0.0002826 seconds, Stopping threads took: 0.0000276 seconds
{Heap before GC invocations=59 (full 2):
 par new generation   total 109248K, used 89173K [0x00000000e0000000, 0x00000000e8000000, 0x00000000e8000000)
  eden space 87424K, 100% used [0x00000000e0000000, 0x00000000e5560000, 0x00000000e5560000)
  from space 21824K,   8% used [0x00000000e6ab0000, 0x00000000e6c656e0, 0x00000000e8000000)
  to   space 21824K,   0% used [0x00000000e5560000, 0x00000000e5560000, 0x00000000e6ab0000)
 concurrent mark-sweep generation total 393216K, used 109761K [0x00000000e8000000, 0x0000000100000000, 0x0000000100000000)
 Metaspace       used 45646K, capacity 46184K, committed 46372K, reserved 1091584K
  class space    used 5003K, capacity 5129K, committed 5188K, reserved 1048576K
2016-06-20T14:16:26.564+0100: 1626.436: [GC (Allocation Failure) 2016-06-20T14:16:26.564+0100: 1626.436: [ParNew
Desired survivor size 20112992 bytes, new threshold 8 (max 8)
- age   1:    1182360 bytes,    1182360 total
- age   2:     176920 bytes,    1359280 total
- age   3:     242184 bytes,    1601464 total
- age   4:      21672 bytes,    1623136 total
- age   5:      24816 bytes,    1647952 total
- age   6:       5568 bytes,    1653520 total
: 89173K->2081K(109248K), 0.0034103 secs] 198934K->111948K(502464K), 0.0034687 secs] [Times: user=0.00 sys=0.00, real=0.00 secs] 
Heap after GC invocations=60 (full 2):
 par new generation   total 109248K, used 2081K [0x00000000e0000000, 0x00000000e8000000, 0x00000000e8000000)
  eden space 87424K,   0% used [0x00000000e0000000, 0x00000000e0000000, 0x00000000e5560000)
  from space 21824K,   9% used [0x00000000e5560000, 0x00000000e5768488, 0x00000000e6ab0000)
  to   space 21824K,   0% used [0x00000000e6ab0000, 0x00000000e6ab0000, 0x00000000e8000000)
 concurrent mark-sweep generation total 393216K, used 109867K [0x00000000e8000000, 0x0000000100000000, 0x0000000100000000)
 Metaspace       used 45646K, capacity 46184K, committed 46372K, reserved 1091584K
  class space    used 5003K, capacity 5129K, committed 5188K, reserved 1048576K
}
2016-06-20T14:16:26.568+0100: 1626.439: Total time for which application threads were stopped: 0.0036412 seconds, Stopping threads took: 0.0000193 seconds
2016-06-20T14:16:26.568+0100: 1626.439: Total time for which application threads were stopped: 0.0001093 seconds, Stopping threads took: 0.0000324 seconds
2016-06-20T14:16:26.568+0100: 1626.439: Total time for which application threads were stopped: 0.0001125 seconds, Stopping threads took: 0.0000284 seconds
2016-06-20T14:16:26.568+0100: 1626.440: Total time for which application threads were stopped: 0.0000572 seconds, Stopping threads took: 0.0000261 seconds
2016-06-20T14:16:27.568+0100: 1627.439: Total time for which application threads were stopped: 0.0001184 seconds, Stopping threads took: 0.0000304 seconds
2016-06-20T14:16:28.569+0100: 1628.440: Total time for which application threads were stopped: 0.0001567 seconds, Stopping threads took: 0.0000438 seconds
2016-06-20T14:16:29.569+0100: 1629.441: Total time for which application threads were stopped: 0.0001062 seconds, Stopping threads took: 0.0000308 seconds
{Heap before GC invocations=60 (full 2):
 par new generation   total 109248K, used 89505K [0x00000000e0000000, 0x00000000e8000000, 0x00000000e8000000)
  eden space 87424K, 100% used [0x00000000e0000000, 0x00000000e5560000, 0x00000000e5560000)
  from space 21824K,   9% used [0x00000000e5560000, 0x00000000e5768488, 0x00000000e6ab0000)
  to   space 21824K,   0% used [0x00000000e6ab0000, 0x00000000e6ab0000, 0x00000000e8000000)
 concurrent mark-sweep generation total 393216K, used 109867K [0x00000000e8000000, 0x0000000100000000, 0x0000000100000000)
 Metaspace       used 45903K, capacity 46440K, committed 46756K, reserved 1091584K
  class space    used 5042K, capacity 5193K, committed 5316K, reserved 1048576K
2016-06-20T14:16:29.922+0100: 1629.793: [GC (Allocation Failure) 2016-06-20T14:16:29.922+0100: 1629.793: [ParNew
Desired survivor size 20112992 bytes, new threshold 8 (max 8)
- age   1:    2112808 bytes,    2112808 total
- age   2:     309016 bytes,    2421824 total
- age   3:     169704 bytes,    2591528 total
- age   4:     239104 bytes,    2830632 total
- age   5:      21672 bytes,    2852304 total
- age   6:      24576 bytes,    2876880 total
- age   7:       5520 bytes,    2882400 total
: 89505K->3457K(109248K), 0.0038659 secs] 199372K->113324K(502464K), 0.0039420 secs] [Times: user=0.00 sys=0.00, real=0.00 secs] 
Heap after GC invocations=61 (full 2):
 par new generation   total 109248K, used 3457K [0x00000000e0000000, 0x00000000e8000000, 0x00000000e8000000)
  eden space 87424K,   0% used [0x00000000e0000000, 0x00000000e0000000, 0x00000000e5560000)
  from space 21824K,  15% used [0x00000000e6ab0000, 0x00000000e6e10728, 0x00000000e8000000)
  to   space 21824K,   0% used [0x00000000e5560000, 0x00000000e5560000, 0x00000000e6ab0000)
 concurrent mark-sweep generation total 393216K, used 109867K [0x00000000e8000000, 0x0000000100000000, 0x0000000100000000)
 Metaspace       used 45903K, capacity 46440K, committed 46756K, reserved 1091584K
  class space    used 5042K, capacity 5193K, committed 5316K, reserved 1048576K
}
2016-06-20T14:16:29.926+0100: 1629.797: Total time for which application threads were stopped: 0.0041900 seconds, Stopping threads took: 0.0000276 seconds
2016-06-20T14:16:29.926+0100: 1629.797: Total time for which application threads were stopped: 0.0001713 seconds, Stopping threads took: 0.0000707 seconds
2016-06-20T14:16:29.926+0100: 1629.797: Total time for which application threads were stopped: 0.0000857 seconds, Stopping threads took: 0.0000347 seconds
2016-06-20T14:16:30.926+0100: 1630.797: Total time for which application threads were stopped: 0.0001038 seconds, Stopping threads took: 0.0000221 seconds
2016-06-20T14:16:31.926+0100: 1631.797: Total time for which application threads were stopped: 0.0001622 seconds, Stopping threads took: 0.0000726 seconds
{Heap before GC invocations=61 (full 2):
 par new generation   total 109248K, used 90881K [0x00000000e0000000, 0x00000000e8000000, 0x00000000e8000000)
  eden space 87424K, 100% used [0x00000000e0000000, 0x00000000e5560000, 0x00000000e5560000)
  from space 21824K,  15% used [0x00000000e6ab0000, 0x00000000e6e10728, 0x00000000e8000000)
  to   space 21824K,   0% used [0x00000000e5560000, 0x00000000e5560000, 0x00000000e6ab0000)
 concurrent mark-sweep generation total 393216K, used 109867K [0x00000000e8000000, 0x0000000100000000, 0x0000000100000000)
 Metaspace       used 45917K, capacity 46440K, committed 46756K, reserved 1091584K
  class space    used 5042K, capacity 5193K, committed 5316K, reserved 1048576K
2016-06-20T14:16:33.632+0100: 1633.504: [GC (Allocation Failure) 2016-06-20T14:16:33.632+0100: 1633.504: [ParNew
Desired survivor size 20112992 bytes, new threshold 8 (max 8)
- age   1:    1609960 bytes,    1609960 total
- age   2:     306584 bytes,    1916544 total
- age   3:     305664 bytes,    2222208 total
- age   4:     169704 bytes,    2391912 total
- age   5:     165440 bytes,    2557352 total
- age   6:      21600 bytes,    2578952 total
- age   7:      24432 bytes,    2603384 total
- age   8:       5520 bytes,    2608904 total
: 90881K->3660K(109248K), 0.0038169 secs] 200748K->113527K(502464K), 0.0038998 secs] [Times: user=0.00 sys=0.00, real=0.00 secs] 
Heap after GC invocations=62 (full 2):
 par new generation   total 109248K, used 3660K [0x00000000e0000000, 0x00000000e8000000, 0x00000000e8000000)
  eden space 87424K,   0% used [0x00000000e0000000, 0x00000000e0000000, 0x00000000e5560000)
  from space 21824K,  16% used [0x00000000e5560000, 0x00000000e58f3150, 0x00000000e6ab0000)
  to   space 21824K,   0% used [0x00000000e6ab0000, 0x00000000e6ab0000, 0x00000000e8000000)
 concurrent mark-sweep generation total 393216K, used 109867K [0x00000000e8000000, 0x0000000100000000, 0x0000000100000000)
 Metaspace       used 45917K, capacity 46440K, committed 46756K, reserved 1091584K
  class space    used 5042K, capacity 5193K, committed 5316K, reserved 1048576K
}
2016-06-20T14:16:33.637+0100: 1633.508: Total time for which application threads were stopped: 0.0041331 seconds, Stopping threads took: 0.0000245 seconds
2016-06-20T14:16:33.637+0100: 1633.508: Total time for which application threads were stopped: 0.0001204 seconds, Stopping threads took: 0.0000363 seconds
2016-06-20T14:16:33.637+0100: 1633.508: Total time for which application threads were stopped: 0.0000817 seconds, Stopping threads took: 0.0000233 seconds
2016-06-20T14:16:33.637+0100: 1633.508: Total time for which application threads were stopped: 0.0000711 seconds, Stopping threads took: 0.0000213 seconds
2016-06-20T14:16:33.637+0100: 1633.508: Total time for which application threads were stopped: 0.0000774 seconds, Stopping threads took: 0.0000308 seconds
2016-06-20T14:16:34.637+0100: 1634.509: Total time for which application threads were stopped: 0.0001859 seconds, Stopping threads took: 0.0000462 seconds
2016-06-20T14:16:35.638+0100: 1635.509: Total time for which application threads were stopped: 0.0000932 seconds, Stopping threads took: 0.0000241 seconds
{Heap before GC invocations=62 (full 2):
 par new generation   total 109248K, used 91084K [0x00000000e0000000, 0x00000000e8000000, 0x00000000e8000000)
  eden space 87424K, 100% used [0x00000000e0000000, 0x00000000e5560000, 0x00000000e5560000)
  from space 21824K,  16% used [0x00000000e5560000, 0x00000000e58f3150, 0x00000000e6ab0000)
  to   space 21824K,   0% used [0x00000000e6ab0000, 0x00000000e6ab0000, 0x00000000e8000000)
 concurrent mark-sweep generation total 393216K, used 109867K [0x00000000e8000000, 0x0000000100000000, 0x0000000100000000)
 Metaspace       used 45933K, capacity 46440K, committed 46756K, reserved 1091584K
  class space    used 5042K, capacity 5193K, committed 5316K, reserved 1048576K
2016-06-20T14:16:36.352+0100: 1636.223: [GC (Allocation Failure) 2016-06-20T14:16:36.352+0100: 1636.223: [ParNew
Desired survivor size 20112992 bytes, new threshold 8 (max 8)
- age   1:     718664 bytes,     718664 total
- age   2:     231512 bytes,     950176 total
- age   3:     303016 bytes,    1253192 total
- age   4:     305640 bytes,    1558832 total
- age   5:     169704 bytes,    1728536 total
- age   6:     162696 bytes,    1891232 total
- age   7:      21504 bytes,    1912736 total
- age   8:      24312 bytes,    1937048 total
: 91084K->2803K(109248K), 0.0034261 secs] 200951K->112676K(502464K), 0.0035149 secs] [Times: user=0.00 sys=0.00, real=0.00 secs] 
Heap after GC invocations=63 (full 2):
 par new generation   total 109248K, used 2803K [0x00000000e0000000, 0x00000000e8000000, 0x00000000e8000000)
  eden space 87424K,   0% used [0x00000000e0000000, 0x00000000e0000000, 0x00000000e5560000)
  from space 21824K,  12% used [0x00000000e6ab0000, 0x00000000e6d6ce20, 0x00000000e8000000)
  to   space 21824K,   0% used [0x00000000e5560000, 0x00000000e5560000, 0x00000000e6ab0000)
 concurrent mark-sweep generation total 393216K, used 109872K [0x00000000e8000000, 0x0000000100000000, 0x0000000100000000)
 Metaspace       used 45933K, capacity 46440K, committed 46756K, reserved 1091584K
  class space    used 5042K, capacity 5193K, committed 5316K, reserved 1048576K
}
2016-06-20T14:16:36.355+0100: 1636.227: Total time for which application threads were stopped: 0.0038027 seconds, Stopping threads took: 0.0000355 seconds
2016-06-20T14:16:36.356+0100: 1636.227: Total time for which application threads were stopped: 0.0001133 seconds, Stopping threads took: 0.0000347 seconds
2016-06-20T14:16:37.356+0100: 1637.227: Total time for which application threads were stopped: 0.0000730 seconds, Stopping threads took: 0.0000205 seconds
{Heap before GC invocations=63 (full 2):
 par new generation   total 109248K, used 90227K [0x00000000e0000000, 0x00000000e8000000, 0x00000000e8000000)
  eden space 87424K, 100% used [0x00000000e0000000, 0x00000000e5560000, 0x00000000e5560000)
  from space 21824K,  12% used [0x00000000e6ab0000, 0x00000000e6d6ce20, 0x00000000e8000000)
  to   space 21824K,   0% used [0x00000000e5560000, 0x00000000e5560000, 0x00000000e6ab0000)
 concurrent mark-sweep generation total 393216K, used 109872K [0x00000000e8000000, 0x0000000100000000, 0x0000000100000000)
 Metaspace       used 46166K, capacity 46696K, committed 47012K, reserved 1091584K
  class space    used 5065K, capacity 5193K, committed 5316K, reserved 1048576K
2016-06-20T14:16:45.225+0100: 1645.097: [GC (Allocation Failure) 2016-06-20T14:16:45.225+0100: 1645.097: [ParNew
Desired survivor size 20112992 bytes, new threshold 1 (max 8)
- age   1:   20543368 bytes,   20543368 total
- age   2:     214744 bytes,   20758112 total
- age   3:     104248 bytes,   20862360 total
- age   4:     303016 bytes,   21165376 total
- age   5:     305640 bytes,   21471016 total
- age   6:     169704 bytes,   21640720 total
- age   7:     162696 bytes,   21803416 total
- age   8:      21480 bytes,   21824896 total
: 90227K->21824K(109248K), 0.0154390 secs] 200100K->138179K(502464K), 0.0155159 secs] [Times: user=0.06 sys=0.00, real=0.02 secs] 
Heap after GC invocations=64 (full 2):
 par new generation   total 109248K, used 21824K [0x00000000e0000000, 0x00000000e8000000, 0x00000000e8000000)
  eden space 87424K,   0% used [0x00000000e0000000, 0x00000000e0000000, 0x00000000e5560000)
  from space 21824K, 100% used [0x00000000e5560000, 0x00000000e6ab0000, 0x00000000e6ab0000)
  to   space 21824K,   0% used [0x00000000e6ab0000, 0x00000000e6ab0000, 0x00000000e8000000)
 concurrent mark-sweep generation total 393216K, used 116355K [0x00000000e8000000, 0x0000000100000000, 0x0000000100000000)
 Metaspace       used 46166K, capacity 46696K, committed 47012K, reserved 1091584K
  class space    used 5065K, capacity 5193K, committed 5316K, reserved 1048576K
}
2016-06-20T14:16:45.241+0100: 1645.112: Total time for which application threads were stopped: 0.0158171 seconds, Stopping threads took: 0.0000343 seconds
{Heap before GC invocations=64 (full 2):
 par new generation   total 109248K, used 109248K [0x00000000e0000000, 0x00000000e8000000, 0x00000000e8000000)
  eden space 87424K, 100% used [0x00000000e0000000, 0x00000000e5560000, 0x00000000e5560000)
  from space 21824K, 100% used [0x00000000e5560000, 0x00000000e6ab0000, 0x00000000e6ab0000)
  to   space 21824K,   0% used [0x00000000e6ab0000, 0x00000000e6ab0000, 0x00000000e8000000)
 concurrent mark-sweep generation total 393216K, used 116355K [0x00000000e8000000, 0x0000000100000000, 0x0000000100000000)
 Metaspace       used 46222K, capacity 46696K, committed 47012K, reserved 1091584K
  class space    used 5065K, capacity 5193K, committed 5316K, reserved 1048576K
2016-06-20T14:16:45.539+0100: 1645.410: [GC (Allocation Failure) 2016-06-20T14:16:45.539+0100: 1645.410: [ParNew
Desired survivor size 20112992 bytes, new threshold 8 (max 8)
- age   1:    1208504 bytes,    1208504 total
: 109248K->16182K(109248K), 0.0170496 secs] 225603K->152737K(502464K), 0.0171384 secs] [Times: user=0.05 sys=0.01, real=0.02 secs] 
Heap after GC invocations=65 (full 2):
 par new generation   total 109248K, used 16182K [0x00000000e0000000, 0x00000000e8000000, 0x00000000e8000000)
  eden space 87424K,   0% used [0x00000000e0000000, 0x00000000e0000000, 0x00000000e5560000)
  from space 21824K,  74% used [0x00000000e6ab0000, 0x00000000e7a7d8c0, 0x00000000e8000000)
  to   space 21824K,   0% used [0x00000000e5560000, 0x00000000e5560000, 0x00000000e6ab0000)
 concurrent mark-sweep generation total 393216K, used 136554K [0x00000000e8000000, 0x0000000100000000, 0x0000000100000000)
 Metaspace       used 46222K, capacity 46696K, committed 47012K, reserved 1091584K
  class space    used 5065K, capacity 5193K, committed 5316K, reserved 1048576K
}
2016-06-20T14:16:45.556+0100: 1645.428: Total time for which application threads were stopped: 0.0174451 seconds, Stopping threads took: 0.0000359 seconds
{Heap before GC invocations=65 (full 2):
 par new generation   total 109248K, used 103606K [0x00000000e0000000, 0x00000000e8000000, 0x00000000e8000000)
  eden space 87424K, 100% used [0x00000000e0000000, 0x00000000e5560000, 0x00000000e5560000)
  from space 21824K,  74% used [0x00000000e6ab0000, 0x00000000e7a7d8c0, 0x00000000e8000000)
  to   space 21824K,   0% used [0x00000000e5560000, 0x00000000e5560000, 0x00000000e6ab0000)
 concurrent mark-sweep generation total 393216K, used 136554K [0x00000000e8000000, 0x0000000100000000, 0x0000000100000000)
 Metaspace       used 46231K, capacity 46696K, committed 47012K, reserved 1091584K
  class space    used 5065K, capacity 5193K, committed 5316K, reserved 1048576K
2016-06-20T14:16:45.733+0100: 1645.604: [GC (Allocation Failure) 2016-06-20T14:16:45.733+0100: 1645.604: [ParNew
Desired survivor size 20112992 bytes, new threshold 8 (max 8)
- age   1:     245928 bytes,     245928 total
- age   2:     408064 bytes,     653992 total
: 103606K->4156K(109248K), 0.0024818 secs] 240161K->140711K(502464K), 0.0025671 secs] [Times: user=0.06 sys=0.00, real=0.00 secs] 
Heap after GC invocations=66 (full 2):
 par new generation   total 109248K, used 4156K [0x00000000e0000000, 0x00000000e8000000, 0x00000000e8000000)
  eden space 87424K,   0% used [0x00000000e0000000, 0x00000000e0000000, 0x00000000e5560000)
  from space 21824K,  19% used [0x00000000e5560000, 0x00000000e596f0a0, 0x00000000e6ab0000)
  to   space 21824K,   0% used [0x00000000e6ab0000, 0x00000000e6ab0000, 0x00000000e8000000)
 concurrent mark-sweep generation total 393216K, used 136554K [0x00000000e8000000, 0x0000000100000000, 0x0000000100000000)
 Metaspace       used 46231K, capacity 46696K, committed 47012K, reserved 1091584K
  class space    used 5065K, capacity 5193K, committed 5316K, reserved 1048576K
}
2016-06-20T14:16:45.735+0100: 1645.606: Total time for which application threads were stopped: 0.0028482 seconds, Stopping threads took: 0.0000316 seconds
{Heap before GC invocations=66 (full 2):
 par new generation   total 109248K, used 91580K [0x00000000e0000000, 0x00000000e8000000, 0x00000000e8000000)
  eden space 87424K, 100% used [0x00000000e0000000, 0x00000000e5560000, 0x00000000e5560000)
  from space 21824K,  19% used [0x00000000e5560000, 0x00000000e596f0a0, 0x00000000e6ab0000)
  to   space 21824K,   0% used [0x00000000e6ab0000, 0x00000000e6ab0000, 0x00000000e8000000)
 concurrent mark-sweep generation total 393216K, used 136554K [0x00000000e8000000, 0x0000000100000000, 0x0000000100000000)
 Metaspace       used 46243K, capacity 46760K, committed 47012K, reserved 1091584K
  class space    used 5065K, capacity 5193K, committed 5316K, reserved 1048576K
2016-06-20T14:16:45.916+0100: 1645.787: [GC (Allocation Failure) 2016-06-20T14:16:45.916+0100: 1645.787: [ParNew
Desired survivor size 20112992 bytes, new threshold 8 (max 8)
- age   1:     955072 bytes,     955072 total
- age   2:      44936 bytes,    1000008 total
- age   3:     227824 bytes,    1227832 total
: 91580K->1736K(109248K), 0.0028861 secs] 228135K->138291K(502464K), 0.0029741 secs] [Times: user=0.00 sys=0.00, real=0.00 secs] 
Heap after GC invocations=67 (full 2):
 par new generation   total 109248K, used 1736K [0x00000000e0000000, 0x00000000e8000000, 0x00000000e8000000)
  eden space 87424K,   0% used [0x00000000e0000000, 0x00000000e0000000, 0x00000000e5560000)
  from space 21824K,   7% used [0x00000000e6ab0000, 0x00000000e6c62140, 0x00000000e8000000)
  to   space 21824K,   0% used [0x00000000e5560000, 0x00000000e5560000, 0x00000000e6ab0000)
 concurrent mark-sweep generation total 393216K, used 136554K [0x00000000e8000000, 0x0000000100000000, 0x0000000100000000)
 Metaspace       used 46243K, capacity 46760K, committed 47012K, reserved 1091584K
  class space    used 5065K, capacity 5193K, committed 5316K, reserved 1048576K
}
2016-06-20T14:16:45.919+0100: 1645.790: Total time for which application threads were stopped: 0.0032267 seconds, Stopping threads took: 0.0000288 seconds
{Heap before GC invocations=67 (full 2):
 par new generation   total 109248K, used 89160K [0x00000000e0000000, 0x00000000e8000000, 0x00000000e8000000)
  eden space 87424K, 100% used [0x00000000e0000000, 0x00000000e5560000, 0x00000000e5560000)
  from space 21824K,   7% used [0x00000000e6ab0000, 0x00000000e6c62140, 0x00000000e8000000)
  to   space 21824K,   0% used [0x00000000e5560000, 0x00000000e5560000, 0x00000000e6ab0000)
 concurrent mark-sweep generation total 393216K, used 136554K [0x00000000e8000000, 0x0000000100000000, 0x0000000100000000)
 Metaspace       used 46244K, capacity 46760K, committed 47012K, reserved 1091584K
  class space    used 5065K, capacity 5193K, committed 5316K, reserved 1048576K
2016-06-20T14:16:46.089+0100: 1645.961: [GC (Allocation Failure) 2016-06-20T14:16:46.089+0100: 1645.961: [ParNew
Desired survivor size 20112992 bytes, new threshold 8 (max 8)
- age   1:     429088 bytes,     429088 total
- age   2:     422352 bytes,     851440 total
- age   3:      44936 bytes,     896376 total
- age   4:     227864 bytes,    1124240 total
: 89160K->1287K(109248K), 0.0025568 secs] 225715K->137842K(502464K), 0.0026362 secs] [Times: user=0.00 sys=0.00, real=0.00 secs] 
Heap after GC invocations=68 (full 2):
 par new generation   total 109248K, used 1287K [0x00000000e0000000, 0x00000000e8000000, 0x00000000e8000000)
  eden space 87424K,   0% used [0x00000000e0000000, 0x00000000e0000000, 0x00000000e5560000)
  from space 21824K,   5% used [0x00000000e5560000, 0x00000000e56a1c88, 0x00000000e6ab0000)
  to   space 21824K,   0% used [0x00000000e6ab0000, 0x00000000e6ab0000, 0x00000000e8000000)
 concurrent mark-sweep generation total 393216K, used 136554K [0x00000000e8000000, 0x0000000100000000, 0x0000000100000000)
 Metaspace       used 46244K, capacity 46760K, committed 47012K, reserved 1091584K
  class space    used 5065K, capacity 5193K, committed 5316K, reserved 1048576K
}
2016-06-20T14:16:46.092+0100: 1645.963: Total time for which application threads were stopped: 0.0029066 seconds, Stopping threads took: 0.0000375 seconds
{Heap before GC invocations=68 (full 2):
 par new generation   total 109248K, used 88711K [0x00000000e0000000, 0x00000000e8000000, 0x00000000e8000000)
  eden space 87424K, 100% used [0x00000000e0000000, 0x00000000e5560000, 0x00000000e5560000)
  from space 21824K,   5% used [0x00000000e5560000, 0x00000000e56a1c88, 0x00000000e6ab0000)
  to   space 21824K,   0% used [0x00000000e6ab0000, 0x00000000e6ab0000, 0x00000000e8000000)
 concurrent mark-sweep generation total 393216K, used 136554K [0x00000000e8000000, 0x0000000100000000, 0x0000000100000000)
 Metaspace       used 46244K, capacity 46760K, committed 47012K, reserved 1091584K
  class space    used 5065K, capacity 5193K, committed 5316K, reserved 1048576K
2016-06-20T14:16:46.248+0100: 1646.119: [GC (Allocation Failure) 2016-06-20T14:16:46.248+0100: 1646.119: [ParNew
Desired survivor size 20112992 bytes, new threshold 8 (max 8)
- age   1:    2390064 bytes,    2390064 total
- age   2:     172552 bytes,    2562616 total
- age   3:      61888 bytes,    2624504 total
- age   4:      44936 bytes,    2669440 total
- age   5:     227824 bytes,    2897264 total
: 88711K->3349K(109248K), 0.0035974 secs] 225266K->139904K(502464K), 0.0036685 secs] [Times: user=0.06 sys=0.00, real=0.00 secs] 
Heap after GC invocations=69 (full 2):
 par new generation   total 109248K, used 3349K [0x00000000e0000000, 0x00000000e8000000, 0x00000000e8000000)
  eden space 87424K,   0% used [0x00000000e0000000, 0x00000000e0000000, 0x00000000e5560000)
  from space 21824K,  15% used [0x00000000e6ab0000, 0x00000000e6df5780, 0x00000000e8000000)
  to   space 21824K,   0% used [0x00000000e5560000, 0x00000000e5560000, 0x00000000e6ab0000)
 concurrent mark-sweep generation total 393216K, used 136554K [0x00000000e8000000, 0x0000000100000000, 0x0000000100000000)
 Metaspace       used 46244K, capacity 46760K, committed 47012K, reserved 1091584K
  class space    used 5065K, capacity 5193K, committed 5316K, reserved 1048576K
}
2016-06-20T14:16:46.251+0100: 1646.123: Total time for which application threads were stopped: 0.0038552 seconds, Stopping threads took: 0.0000241 seconds
{Heap before GC invocations=69 (full 2):
 par new generation   total 109248K, used 90773K [0x00000000e0000000, 0x00000000e8000000, 0x00000000e8000000)
  eden space 87424K, 100% used [0x00000000e0000000, 0x00000000e5560000, 0x00000000e5560000)
  from space 21824K,  15% used [0x00000000e6ab0000, 0x00000000e6df5780, 0x00000000e8000000)
  to   space 21824K,   0% used [0x00000000e5560000, 0x00000000e5560000, 0x00000000e6ab0000)
 concurrent mark-sweep generation total 393216K, used 136554K [0x00000000e8000000, 0x0000000100000000, 0x0000000100000000)
 Metaspace       used 46244K, capacity 46760K, committed 47012K, reserved 1091584K
  class space    used 5065K, capacity 5193K, committed 5316K, reserved 1048576K
2016-06-20T14:16:46.364+0100: 1646.235: [GC (Allocation Failure) 2016-06-20T14:16:46.364+0100: 1646.235: [ParNew
Desired survivor size 20112992 bytes, new threshold 8 (max 8)
- age   1:    1726696 bytes,    1726696 total
- age   2:     893264 bytes,    2619960 total
- age   3:     172552 bytes,    2792512 total
- age   4:      61888 bytes,    2854400 total
- age   5:      44936 bytes,    2899336 total
- age   6:     227824 bytes,    3127160 total
: 90773K->3962K(109248K), 0.0036894 secs] 227328K->140517K(502464K), 0.0037759 secs] [Times: user=0.00 sys=0.00, real=0.00 secs] 
Heap after GC invocations=70 (full 2):
 par new generation   total 109248K, used 3962K [0x00000000e0000000, 0x00000000e8000000, 0x00000000e8000000)
  eden space 87424K,   0% used [0x00000000e0000000, 0x00000000e0000000, 0x00000000e5560000)
  from space 21824K,  18% used [0x00000000e5560000, 0x00000000e593ea90, 0x00000000e6ab0000)
  to   space 21824K,   0% used [0x00000000e6ab0000, 0x00000000e6ab0000, 0x00000000e8000000)
 concurrent mark-sweep generation total 393216K, used 136554K [0x00000000e8000000, 0x0000000100000000, 0x0000000100000000)
 Metaspace       used 46244K, capacity 46760K, committed 47012K, reserved 1091584K
  class space    used 5065K, capacity 5193K, committed 5316K, reserved 1048576K
}
2016-06-20T14:16:46.368+0100: 1646.239: Total time for which application threads were stopped: 0.0040174 seconds, Stopping threads took: 0.0000264 seconds
{Heap before GC invocations=70 (full 2):
 par new generation   total 109248K, used 91386K [0x00000000e0000000, 0x00000000e8000000, 0x00000000e8000000)
  eden space 87424K, 100% used [0x00000000e0000000, 0x00000000e5560000, 0x00000000e5560000)
  from space 21824K,  18% used [0x00000000e5560000, 0x00000000e593ea90, 0x00000000e6ab0000)
  to   space 21824K,   0% used [0x00000000e6ab0000, 0x00000000e6ab0000, 0x00000000e8000000)
 concurrent mark-sweep generation total 393216K, used 136554K [0x00000000e8000000, 0x0000000100000000, 0x0000000100000000)
 Metaspace       used 46244K, capacity 46760K, committed 47012K, reserved 1091584K
  class space    used 5065K, capacity 5193K, committed 5316K, reserved 1048576K
2016-06-20T14:16:46.512+0100: 1646.383: [GC (Allocation Failure) 2016-06-20T14:16:46.512+0100: 1646.383: [ParNew
Desired survivor size 20112992 bytes, new threshold 8 (max 8)
- age   1:    1789920 bytes,    1789920 total
- age   2:      25928 bytes,    1815848 total
- age   3:     893264 bytes,    2709112 total
- age   4:     172552 bytes,    2881664 total
- age   5:      61888 bytes,    2943552 total
- age   6:      44936 bytes,    2988488 total
- age   7:     227824 bytes,    3216312 total
: 91386K->3988K(109248K), 0.0039223 secs] 227941K->140543K(502464K), 0.0040238 secs] [Times: user=0.06 sys=0.00, real=0.00 secs] 
Heap after GC invocations=71 (full 2):
 par new generation   total 109248K, used 3988K [0x00000000e0000000, 0x00000000e8000000, 0x00000000e8000000)
  eden space 87424K,   0% used [0x00000000e0000000, 0x00000000e0000000, 0x00000000e5560000)
  from space 21824K,  18% used [0x00000000e6ab0000, 0x00000000e6e953e0, 0x00000000e8000000)
  to   space 21824K,   0% used [0x00000000e5560000, 0x00000000e5560000, 0x00000000e6ab0000)
 concurrent mark-sweep generation total 393216K, used 136554K [0x00000000e8000000, 0x0000000100000000, 0x0000000100000000)
 Metaspace       used 46244K, capacity 46760K, committed 47012K, reserved 1091584K
  class space    used 5065K, capacity 5193K, committed 5316K, reserved 1048576K
}
2016-06-20T14:16:46.516+0100: 1646.387: Total time for which application threads were stopped: 0.0043380 seconds, Stopping threads took: 0.0000257 seconds
{Heap before GC invocations=71 (full 2):
 par new generation   total 109248K, used 91412K [0x00000000e0000000, 0x00000000e8000000, 0x00000000e8000000)
  eden space 87424K, 100% used [0x00000000e0000000, 0x00000000e5560000, 0x00000000e5560000)
  from space 21824K,  18% used [0x00000000e6ab0000, 0x00000000e6e953e0, 0x00000000e8000000)
  to   space 21824K,   0% used [0x00000000e5560000, 0x00000000e5560000, 0x00000000e6ab0000)
 concurrent mark-sweep generation total 393216K, used 136554K [0x00000000e8000000, 0x0000000100000000, 0x0000000100000000)
 Metaspace       used 46244K, capacity 46760K, committed 47012K, reserved 1091584K
  class space    used 5065K, capacity 5193K, committed 5316K, reserved 1048576K
2016-06-20T14:16:46.608+0100: 1646.479: [GC (Allocation Failure) 2016-06-20T14:16:46.608+0100: 1646.479: [ParNew
Desired survivor size 20112992 bytes, new threshold 8 (max 8)
- age   1:    1068384 bytes,    1068384 total
- age   2:     141048 bytes,    1209432 total
- age   3:      25928 bytes,    1235360 total
- age   4:     893264 bytes,    2128624 total
- age   5:     172552 bytes,    2301176 total
- age   6:      61888 bytes,    2363064 total
- age   7:      44936 bytes,    2408000 total
- age   8:     227824 bytes,    2635824 total
: 91412K->2888K(109248K), 0.0032706 secs] 227967K->139443K(502464K), 0.0033499 secs] [Times: user=0.06 sys=0.00, real=0.00 secs] 
Heap after GC invocations=72 (full 2):
 par new generation   total 109248K, used 2888K [0x00000000e0000000, 0x00000000e8000000, 0x00000000e8000000)
  eden space 87424K,   0% used [0x00000000e0000000, 0x00000000e0000000, 0x00000000e5560000)
  from space 21824K,  13% used [0x00000000e5560000, 0x00000000e58323b0, 0x00000000e6ab0000)
  to   space 21824K,   0% used [0x00000000e6ab0000, 0x00000000e6ab0000, 0x00000000e8000000)
 concurrent mark-sweep generation total 393216K, used 136554K [0x00000000e8000000, 0x0000000100000000, 0x0000000100000000)
 Metaspace       used 46244K, capacity 46760K, committed 47012K, reserved 1091584K
  class space    used 5065K, capacity 5193K, committed 5316K, reserved 1048576K
}
2016-06-20T14:16:46.611+0100: 1646.482: Total time for which application threads were stopped: 0.0035808 seconds, Stopping threads took: 0.0000264 seconds
{Heap before GC invocations=72 (full 2):
 par new generation   total 109248K, used 90312K [0x00000000e0000000, 0x00000000e8000000, 0x00000000e8000000)
  eden space 87424K, 100% used [0x00000000e0000000, 0x00000000e5560000, 0x00000000e5560000)
  from space 21824K,  13% used [0x00000000e5560000, 0x00000000e58323b0, 0x00000000e6ab0000)
  to   space 21824K,   0% used [0x00000000e6ab0000, 0x00000000e6ab0000, 0x00000000e8000000)
 concurrent mark-sweep generation total 393216K, used 136554K [0x00000000e8000000, 0x0000000100000000, 0x0000000100000000)
 Metaspace       used 46247K, capacity 46760K, committed 47012K, reserved 1091584K
  class space    used 5066K, capacity 5193K, committed 5316K, reserved 1048576K
2016-06-20T14:16:46.761+0100: 1646.632: [GC (Allocation Failure) 2016-06-20T14:16:46.761+0100: 1646.632: [ParNew
Desired survivor size 20112992 bytes, new threshold 8 (max 8)
- age   1:    1545448 bytes,    1545448 total
- age   2:      43712 bytes,    1589160 total
- age   3:     141048 bytes,    1730208 total
- age   4:      42328 bytes,    1772536 total
- age   5:     893264 bytes,    2665800 total
- age   6:     172552 bytes,    2838352 total
- age   7:      61888 bytes,    2900240 total
- age   8:      44936 bytes,    2945176 total
: 90312K->3190K(109248K), 0.0039239 secs] 226867K->139967K(502464K), 0.0041138 secs] [Times: user=0.05 sys=0.00, real=0.00 secs] 
Heap after GC invocations=73 (full 2):
 par new generation   total 109248K, used 3190K [0x00000000e0000000, 0x00000000e8000000, 0x00000000e8000000)
  eden space 87424K,   0% used [0x00000000e0000000, 0x00000000e0000000, 0x00000000e5560000)
  from space 21824K,  14% used [0x00000000e6ab0000, 0x00000000e6dcd940, 0x00000000e8000000)
  to   space 21824K,   0% used [0x00000000e5560000, 0x00000000e5560000, 0x00000000e6ab0000)
 concurrent mark-sweep generation total 393216K, used 136777K [0x00000000e8000000, 0x0000000100000000, 0x0000000100000000)
 Metaspace       used 46247K, capacity 46760K, committed 47012K, reserved 1091584K
  class space    used 5066K, capacity 5193K, committed 5316K, reserved 1048576K
}
2016-06-20T14:16:46.765+0100: 1646.636: Total time for which application threads were stopped: 0.0043787 seconds, Stopping threads took: 0.0000308 seconds
{Heap before GC invocations=73 (full 2):
 par new generation   total 109248K, used 90614K [0x00000000e0000000, 0x00000000e8000000, 0x00000000e8000000)
  eden space 87424K, 100% used [0x00000000e0000000, 0x00000000e5560000, 0x00000000e5560000)
  from space 21824K,  14% used [0x00000000e6ab0000, 0x00000000e6dcd940, 0x00000000e8000000)
  to   space 21824K,   0% used [0x00000000e5560000, 0x00000000e5560000, 0x00000000e6ab0000)
 concurrent mark-sweep generation total 393216K, used 136777K [0x00000000e8000000, 0x0000000100000000, 0x0000000100000000)
 Metaspace       used 46247K, capacity 46760K, committed 47012K, reserved 1091584K
  class space    used 5066K, capacity 5193K, committed 5316K, reserved 1048576K
2016-06-20T14:16:46.866+0100: 1646.737: [GC (Allocation Failure) 2016-06-20T14:16:46.866+0100: 1646.737: [ParNew
Desired survivor size 20112992 bytes, new threshold 8 (max 8)
- age   1:    3004256 bytes,    3004256 total
- age   2:      79088 bytes,    3083344 total
- age   3:      43712 bytes,    3127056 total
- age   4:     141048 bytes,    3268104 total
- age   5:      42328 bytes,    3310432 total
- age   6:     172352 bytes,    3482784 total
- age   7:     172552 bytes,    3655336 total
- age   8:      61888 bytes,    3717224 total
: 90614K->4455K(109248K), 0.0038027 secs] 227391K->141276K(502464K), 0.0038931 secs] [Times: user=0.00 sys=0.00, real=0.00 secs] 
Heap after GC invocations=74 (full 2):
 par new generation   total 109248K, used 4455K [0x00000000e0000000, 0x00000000e8000000, 0x00000000e8000000)
  eden space 87424K,   0% used [0x00000000e0000000, 0x00000000e0000000, 0x00000000e5560000)
  from space 21824K,  20% used [0x00000000e5560000, 0x00000000e59b9c80, 0x00000000e6ab0000)
  to   space 21824K,   0% used [0x00000000e6ab0000, 0x00000000e6ab0000, 0x00000000e8000000)
 concurrent mark-sweep generation total 393216K, used 136821K [0x00000000e8000000, 0x0000000100000000, 0x0000000100000000)
 Metaspace       used 46247K, capacity 46760K, committed 47012K, reserved 1091584K
  class space    used 5066K, capacity 5193K, committed 5316K, reserved 1048576K
}
2016-06-20T14:16:46.870+0100: 1646.741: Total time for which application threads were stopped: 0.0041655 seconds, Stopping threads took: 0.0000422 seconds
{Heap before GC invocations=74 (full 2):
 par new generation   total 109248K, used 91879K [0x00000000e0000000, 0x00000000e8000000, 0x00000000e8000000)
  eden space 87424K, 100% used [0x00000000e0000000, 0x00000000e5560000, 0x00000000e5560000)
  from space 21824K,  20% used [0x00000000e5560000, 0x00000000e59b9c80, 0x00000000e6ab0000)
  to   space 21824K,   0% used [0x00000000e6ab0000, 0x00000000e6ab0000, 0x00000000e8000000)
 concurrent mark-sweep generation total 393216K, used 136821K [0x00000000e8000000, 0x0000000100000000, 0x0000000100000000)
 Metaspace       used 46247K, capacity 46760K, committed 47012K, reserved 1091584K
  class space    used 5066K, capacity 5193K, committed 5316K, reserved 1048576K
2016-06-20T14:16:47.036+0100: 1646.908: [GC (Allocation Failure) 2016-06-20T14:16:47.036+0100: 1646.908: [ParNew
Desired survivor size 20112992 bytes, new threshold 8 (max 8)
- age   1:    1917112 bytes,    1917112 total
- age   2:    1518960 bytes,    3436072 total
- age   3:      79088 bytes,    3515160 total
- age   4:      43712 bytes,    3558872 total
- age   5:     141048 bytes,    3699920 total
- age   6:      25928 bytes,    3725848 total
- age   7:     172352 bytes,    3898200 total
- age   8:     172552 bytes,    4070752 total
: 91879K->4745K(109248K), 0.0041959 secs] 228700K->141628K(502464K), 0.0043183 secs] [Times: user=0.00 sys=0.00, real=0.00 secs] 
Heap after GC invocations=75 (full 2):
 par new generation   total 109248K, used 4745K [0x00000000e0000000, 0x00000000e8000000, 0x00000000e8000000)
  eden space 87424K,   0% used [0x00000000e0000000, 0x00000000e0000000, 0x00000000e5560000)
  from space 21824K,  21% used [0x00000000e6ab0000, 0x00000000e6f52750, 0x00000000e8000000)
  to   space 21824K,   0% used [0x00000000e5560000, 0x00000000e5560000, 0x00000000e6ab0000)
 concurrent mark-sweep generation total 393216K, used 136882K [0x00000000e8000000, 0x0000000100000000, 0x0000000100000000)
 Metaspace       used 46247K, capacity 46760K, committed 47012K, reserved 1091584K
  class space    used 5066K, capacity 5193K, committed 5316K, reserved 1048576K
}
2016-06-20T14:16:47.041+0100: 1646.912: Total time for which application threads were stopped: 0.0045820 seconds, Stopping threads took: 0.0000339 seconds
{Heap before GC invocations=75 (full 2):
 par new generation   total 109248K, used 92169K [0x00000000e0000000, 0x00000000e8000000, 0x00000000e8000000)
  eden space 87424K, 100% used [0x00000000e0000000, 0x00000000e5560000, 0x00000000e5560000)
  from space 21824K,  21% used [0x00000000e6ab0000, 0x00000000e6f52750, 0x00000000e8000000)
  to   space 21824K,   0% used [0x00000000e5560000, 0x00000000e5560000, 0x00000000e6ab0000)
 concurrent mark-sweep generation total 393216K, used 136882K [0x00000000e8000000, 0x0000000100000000, 0x0000000100000000)
 Metaspace       used 46247K, capacity 46760K, committed 47012K, reserved 1091584K
  class space    used 5066K, capacity 5193K, committed 5316K, reserved 1048576K
2016-06-20T14:16:47.202+0100: 1647.073: [GC (Allocation Failure) 2016-06-20T14:16:47.202+0100: 1647.073: [ParNew
Desired survivor size 20112992 bytes, new threshold 8 (max 8)
- age   1:    1510320 bytes,    1510320 total
- age   2:     174104 bytes,    1684424 total
- age   3:    1518960 bytes,    3203384 total
- age   4:      79088 bytes,    3282472 total
- age   5:      43712 bytes,    3326184 total
- age   6:     141048 bytes,    3467232 total
- age   7:      25928 bytes,    3493160 total
- age   8:     172352 bytes,    3665512 total
: 92169K->4325K(109248K), 0.0038524 secs] 229052K->141376K(502464K), 0.0040103 secs] [Times: user=0.00 sys=0.00, real=0.00 secs] 
Heap after GC invocations=76 (full 2):
 par new generation   total 109248K, used 4325K [0x00000000e0000000, 0x00000000e8000000, 0x00000000e8000000)
  eden space 87424K,   0% used [0x00000000e0000000, 0x00000000e0000000, 0x00000000e5560000)
  from space 21824K,  19% used [0x00000000e5560000, 0x00000000e5999490, 0x00000000e6ab0000)
  to   space 21824K,   0% used [0x00000000e6ab0000, 0x00000000e6ab0000, 0x00000000e8000000)
 concurrent mark-sweep generation total 393216K, used 137051K [0x00000000e8000000, 0x0000000100000000, 0x0000000100000000)
 Metaspace       used 46247K, capacity 46760K, committed 47012K, reserved 1091584K
  class space    used 5066K, capacity 5193K, committed 5316K, reserved 1048576K
}
2016-06-20T14:16:47.206+0100: 1647.077: Total time for which application threads were stopped: 0.0042725 seconds, Stopping threads took: 0.0000272 seconds
{Heap before GC invocations=76 (full 2):
 par new generation   total 109248K, used 91749K [0x00000000e0000000, 0x00000000e8000000, 0x00000000e8000000)
  eden space 87424K, 100% used [0x00000000e0000000, 0x00000000e5560000, 0x00000000e5560000)
  from space 21824K,  19% used [0x00000000e5560000, 0x00000000e5999490, 0x00000000e6ab0000)
  to   space 21824K,   0% used [0x00000000e6ab0000, 0x00000000e6ab0000, 0x00000000e8000000)
 concurrent mark-sweep generation total 393216K, used 137051K [0x00000000e8000000, 0x0000000100000000, 0x0000000100000000)
 Metaspace       used 46247K, capacity 46760K, committed 47012K, reserved 1091584K
  class space    used 5066K, capacity 5193K, committed 5316K, reserved 1048576K
2016-06-20T14:16:47.376+0100: 1647.248: [GC (Allocation Failure) 2016-06-20T14:16:47.376+0100: 1647.248: [ParNew
Desired survivor size 20112992 bytes, new threshold 8 (max 8)
- age   1:    1090888 bytes,    1090888 total
- age   2:      27464 bytes,    1118352 total
- age   3:     174104 bytes,    1292456 total
- age   4:    1518960 bytes,    2811416 total
- age   5:      79088 bytes,    2890504 total
- age   6:      43712 bytes,    2934216 total
- age   7:     141048 bytes,    3075264 total
- age   8:      25928 bytes,    3101192 total
: 91749K->3748K(109248K), 0.0033791 secs] 228800K->140968K(502464K), 0.0034585 secs] [Times: user=0.00 sys=0.00, real=0.00 secs] 
Heap after GC invocations=77 (full 2):
 par new generation   total 109248K, used 3748K [0x00000000e0000000, 0x00000000e8000000, 0x00000000e8000000)
  eden space 87424K,   0% used [0x00000000e0000000, 0x00000000e0000000, 0x00000000e5560000)
  from space 21824K,  17% used [0x00000000e6ab0000, 0x00000000e6e593e0, 0x00000000e8000000)
  to   space 21824K,   0% used [0x00000000e5560000, 0x00000000e5560000, 0x00000000e6ab0000)
 concurrent mark-sweep generation total 393216K, used 137219K [0x00000000e8000000, 0x0000000100000000, 0x0000000100000000)
 Metaspace       used 46247K, capacity 46760K, committed 47012K, reserved 1091584K
  class space    used 5066K, capacity 5193K, committed 5316K, reserved 1048576K
}
2016-06-20T14:16:47.380+0100: 1647.251: Total time for which application threads were stopped: 0.0036819 seconds, Stopping threads took: 0.0000233 seconds
{Heap before GC invocations=77 (full 2):
 par new generation   total 109248K, used 91172K [0x00000000e0000000, 0x00000000e8000000, 0x00000000e8000000)
  eden space 87424K, 100% used [0x00000000e0000000, 0x00000000e5560000, 0x00000000e5560000)
  from space 21824K,  17% used [0x00000000e6ab0000, 0x00000000e6e593e0, 0x00000000e8000000)
  to   space 21824K,   0% used [0x00000000e5560000, 0x00000000e5560000, 0x00000000e6ab0000)
 concurrent mark-sweep generation total 393216K, used 137219K [0x00000000e8000000, 0x0000000100000000, 0x0000000100000000)
 Metaspace       used 46247K, capacity 46760K, committed 47012K, reserved 1091584K
  class space    used 5066K, capacity 5193K, committed 5316K, reserved 1048576K
2016-06-20T14:16:47.582+0100: 1647.454: [GC (Allocation Failure) 2016-06-20T14:16:47.582+0100: 1647.454: [ParNew
Desired survivor size 20112992 bytes, new threshold 8 (max 8)
- age   1:     225072 bytes,     225072 total
- age   2:     402344 bytes,     627416 total
- age   3:      27504 bytes,     654920 total
- age   4:     174184 bytes,     829104 total
- age   5:    1519000 bytes,    2348104 total
- age   6:      79128 bytes,    2427232 total
- age   7:      43752 bytes,    2470984 total
- age   8:     141088 bytes,    2612072 total
: 91172K->3144K(109248K), 0.0028458 secs] 228392K->140389K(502464K), 0.0031288 secs] [Times: user=0.00 sys=0.00, real=0.00 secs] 
Heap after GC invocations=78 (full 2):
 par new generation   total 109248K, used 3144K [0x00000000e0000000, 0x00000000e8000000, 0x00000000e8000000)
  eden space 87424K,   0% used [0x00000000e0000000, 0x00000000e0000000, 0x00000000e5560000)
  from space 21824K,  14% used [0x00000000e5560000, 0x00000000e5872250, 0x00000000e6ab0000)
  to   space 21824K,   0% used [0x00000000e6ab0000, 0x00000000e6ab0000, 0x00000000e8000000)
 concurrent mark-sweep generation total 393216K, used 137245K [0x00000000e8000000, 0x0000000100000000, 0x0000000100000000)
 Metaspace       used 46247K, capacity 46760K, committed 47012K, reserved 1091584K
  class space    used 5066K, capacity 5193K, committed 5316K, reserved 1048576K
}
2016-06-20T14:16:47.585+0100: 1647.457: Total time for which application threads were stopped: 0.0033898 seconds, Stopping threads took: 0.0000324 seconds
{Heap before GC invocations=78 (full 2):
 par new generation   total 109248K, used 90568K [0x00000000e0000000, 0x00000000e8000000, 0x00000000e8000000)
  eden space 87424K, 100% used [0x00000000e0000000, 0x00000000e5560000, 0x00000000e5560000)
  from space 21824K,  14% used [0x00000000e5560000, 0x00000000e5872250, 0x00000000e6ab0000)
  to   space 21824K,   0% used [0x00000000e6ab0000, 0x00000000e6ab0000, 0x00000000e8000000)
 concurrent mark-sweep generation total 393216K, used 137245K [0x00000000e8000000, 0x0000000100000000, 0x0000000100000000)
 Metaspace       used 46247K, capacity 46760K, committed 47012K, reserved 1091584K
  class space    used 5066K, capacity 5193K, committed 5316K, reserved 1048576K
2016-06-20T14:16:47.757+0100: 1647.628: [GC (Allocation Failure) 2016-06-20T14:16:47.772+0100: 1647.644: [ParNew
Desired survivor size 20112992 bytes, new threshold 8 (max 8)
- age   1:     412704 bytes,     412704 total
- age   2:     158288 bytes,     570992 total
- age   3:     402344 bytes,     973336 total
- age   4:      27464 bytes,    1000800 total
- age   5:     174104 bytes,    1174904 total
- age   6:    1518960 bytes,    2693864 total
- age   7:      79128 bytes,    2772992 total
- age   8:      43712 bytes,    2816704 total
: 90568K->3183K(109248K), 0.0029267 secs] 227813K->140566K(502464K), 0.0184545 secs] [Times: user=0.01 sys=0.00, real=0.02 secs] 
Heap after GC invocations=79 (full 2):
 par new generation   total 109248K, used 3183K [0x00000000e0000000, 0x00000000e8000000, 0x00000000e8000000)
  eden space 87424K,   0% used [0x00000000e0000000, 0x00000000e0000000, 0x00000000e5560000)
  from space 21824K,  14% used [0x00000000e6ab0000, 0x00000000e6dcbce8, 0x00000000e8000000)
  to   space 21824K,   0% used [0x00000000e5560000, 0x00000000e5560000, 0x00000000e6ab0000)
 concurrent mark-sweep generation total 393216K, used 137383K [0x00000000e8000000, 0x0000000100000000, 0x0000000100000000)
 Metaspace       used 46247K, capacity 46760K, committed 47012K, reserved 1091584K
  class space    used 5066K, capacity 5193K, committed 5316K, reserved 1048576K
}
2016-06-20T14:16:47.775+0100: 1647.647: Total time for which application threads were stopped: 0.0187703 seconds, Stopping threads took: 0.0000849 seconds
{Heap before GC invocations=79 (full 2):
 par new generation   total 109248K, used 90607K [0x00000000e0000000, 0x00000000e8000000, 0x00000000e8000000)
  eden space 87424K, 100% used [0x00000000e0000000, 0x00000000e5560000, 0x00000000e5560000)
  from space 21824K,  14% used [0x00000000e6ab0000, 0x00000000e6dcbce8, 0x00000000e8000000)
  to   space 21824K,   0% used [0x00000000e5560000, 0x00000000e5560000, 0x00000000e6ab0000)
 concurrent mark-sweep generation total 393216K, used 137383K [0x00000000e8000000, 0x0000000100000000, 0x0000000100000000)
 Metaspace       used 46247K, capacity 46760K, committed 47012K, reserved 1091584K
  class space    used 5066K, capacity 5193K, committed 5316K, reserved 1048576K
2016-06-20T14:16:47.906+0100: 1647.777: [GC (Allocation Failure) 2016-06-20T14:16:47.907+0100: 1647.778: [ParNew
Desired survivor size 20112992 bytes, new threshold 8 (max 8)
- age   1:    1605400 bytes,    1605400 total
- age   2:      41888 bytes,    1647288 total
- age   3:     158288 bytes,    1805576 total
- age   4:     402344 bytes,    2207920 total
- age   5:      27464 bytes,    2235384 total
- age   6:     174104 bytes,    2409488 total
- age   7:    1518960 bytes,    3928448 total
- age   8:      79088 bytes,    4007536 total
: 90607K->4399K(109248K), 0.0040399 secs] 227990K->141826K(502464K), 0.0041892 secs] [Times: user=0.00 sys=0.00, real=0.01 secs] 
Heap after GC invocations=80 (full 2):
 par new generation   total 109248K, used 4399K [0x00000000e0000000, 0x00000000e8000000, 0x00000000e8000000)
  eden space 87424K,   0% used [0x00000000e0000000, 0x00000000e0000000, 0x00000000e5560000)
  from space 21824K,  20% used [0x00000000e5560000, 0x00000000e59abf40, 0x00000000e6ab0000)
  to   space 21824K,   0% used [0x00000000e6ab0000, 0x00000000e6ab0000, 0x00000000e8000000)
 concurrent mark-sweep generation total 393216K, used 137426K [0x00000000e8000000, 0x0000000100000000, 0x0000000100000000)
 Metaspace       used 46247K, capacity 46760K, committed 47012K, reserved 1091584K
  class space    used 5066K, capacity 5193K, committed 5316K, reserved 1048576K
}
2016-06-20T14:16:47.911+0100: 1647.782: Total time for which application threads were stopped: 0.0044272 seconds, Stopping threads took: 0.0000308 seconds
{Heap before GC invocations=80 (full 2):
 par new generation   total 109248K, used 91823K [0x00000000e0000000, 0x00000000e8000000, 0x00000000e8000000)
  eden space 87424K, 100% used [0x00000000e0000000, 0x00000000e5560000, 0x00000000e5560000)
  from space 21824K,  20% used [0x00000000e5560000, 0x00000000e59abf40, 0x00000000e6ab0000)
  to   space 21824K,   0% used [0x00000000e6ab0000, 0x00000000e6ab0000, 0x00000000e8000000)
 concurrent mark-sweep generation total 393216K, used 137426K [0x00000000e8000000, 0x0000000100000000, 0x0000000100000000)
 Metaspace       used 46247K, capacity 46760K, committed 47012K, reserved 1091584K
  class space    used 5066K, capacity 5193K, committed 5316K, reserved 1048576K
2016-06-20T14:16:48.070+0100: 1647.941: [GC (Allocation Failure) 2016-06-20T14:16:48.070+0100: 1647.941: [ParNew
Desired survivor size 20112992 bytes, new threshold 8 (max 8)
- age   1:     326720 bytes,     326720 total
- age   2:      42960 bytes,     369680 total
- age   3:      41888 bytes,     411568 total
- age   4:     158288 bytes,     569856 total
- age   5:     402344 bytes,     972200 total
- age   6:      27464 bytes,     999664 total
- age   7:     174104 bytes,    1173768 total
- age   8:    1518960 bytes,    2692728 total
: 91823K->3453K(109248K), 0.0030009 secs] 229250K->140957K(502464K), 0.0030708 secs] [Times: user=0.00 sys=0.00, real=0.00 secs] 
Heap after GC invocations=81 (full 2):
 par new generation   total 109248K, used 3453K [0x00000000e0000000, 0x00000000e8000000, 0x00000000e8000000)
  eden space 87424K,   0% used [0x00000000e0000000, 0x00000000e0000000, 0x00000000e5560000)
  from space 21824K,  15% used [0x00000000e6ab0000, 0x00000000e6e0f5d0, 0x00000000e8000000)
  to   space 21824K,   0% used [0x00000000e5560000, 0x00000000e5560000, 0x00000000e6ab0000)
 concurrent mark-sweep generation total 393216K, used 137503K [0x00000000e8000000, 0x0000000100000000, 0x0000000100000000)
 Metaspace       used 46247K, capacity 46760K, committed 47012K, reserved 1091584K
  class space    used 5066K, capacity 5193K, committed 5316K, reserved 1048576K
}
2016-06-20T14:16:48.073+0100: 1647.944: Total time for which application threads were stopped: 0.0032994 seconds, Stopping threads took: 0.0000245 seconds
{Heap before GC invocations=81 (full 2):
 par new generation   total 109248K, used 90877K [0x00000000e0000000, 0x00000000e8000000, 0x00000000e8000000)
  eden space 87424K, 100% used [0x00000000e0000000, 0x00000000e5560000, 0x00000000e5560000)
  from space 21824K,  15% used [0x00000000e6ab0000, 0x00000000e6e0f5d0, 0x00000000e8000000)
  to   space 21824K,   0% used [0x00000000e5560000, 0x00000000e5560000, 0x00000000e6ab0000)
 concurrent mark-sweep generation total 393216K, used 137503K [0x00000000e8000000, 0x0000000100000000, 0x0000000100000000)
 Metaspace       used 46247K, capacity 46760K, committed 47012K, reserved 1091584K
  class space    used 5066K, capacity 5193K, committed 5316K, reserved 1048576K
2016-06-20T14:16:48.206+0100: 1648.078: [GC (Allocation Failure) 2016-06-20T14:16:48.206+0100: 1648.078: [ParNew
Desired survivor size 20112992 bytes, new threshold 8 (max 8)
- age   1:     732624 bytes,     732624 total
- age   2:      13352 bytes,     745976 total
- age   3:      42960 bytes,     788936 total
- age   4:      41888 bytes,     830824 total
- age   5:     158288 bytes,     989112 total
- age   6:     402344 bytes,    1391456 total
- age   7:      27464 bytes,    1418920 total
- age   8:     174104 bytes,    1593024 total
: 90877K->2041K(109248K), 0.0035461 secs] 228381K->141029K(502464K), 0.0037095 secs] [Times: user=0.00 sys=0.00, real=0.00 secs] 
Heap after GC invocations=82 (full 2):
 par new generation   total 109248K, used 2041K [0x00000000e0000000, 0x00000000e8000000, 0x00000000e8000000)
  eden space 87424K,   0% used [0x00000000e0000000, 0x00000000e0000000, 0x00000000e5560000)
  from space 21824K,   9% used [0x00000000e5560000, 0x00000000e575e780, 0x00000000e6ab0000)
  to   space 21824K,   0% used [0x00000000e6ab0000, 0x00000000e6ab0000, 0x00000000e8000000)
 concurrent mark-sweep generation total 393216K, used 138987K [0x00000000e8000000, 0x0000000100000000, 0x0000000100000000)
 Metaspace       used 46247K, capacity 46760K, committed 47012K, reserved 1091584K
  class space    used 5066K, capacity 5193K, committed 5316K, reserved 1048576K
}
2016-06-20T14:16:48.210+0100: 1648.081: Total time for which application threads were stopped: 0.0040068 seconds, Stopping threads took: 0.0000403 seconds
{Heap before GC invocations=82 (full 2):
 par new generation   total 109248K, used 89465K [0x00000000e0000000, 0x00000000e8000000, 0x00000000e8000000)
  eden space 87424K, 100% used [0x00000000e0000000, 0x00000000e5560000, 0x00000000e5560000)
  from space 21824K,   9% used [0x00000000e5560000, 0x00000000e575e780, 0x00000000e6ab0000)
  to   space 21824K,   0% used [0x00000000e6ab0000, 0x00000000e6ab0000, 0x00000000e8000000)
 concurrent mark-sweep generation total 393216K, used 138987K [0x00000000e8000000, 0x0000000100000000, 0x0000000100000000)
 Metaspace       used 46247K, capacity 46760K, committed 47012K, reserved 1091584K
  class space    used 5066K, capacity 5193K, committed 5316K, reserved 1048576K
2016-06-20T14:16:48.377+0100: 1648.248: [GC (Allocation Failure) 2016-06-20T14:16:48.377+0100: 1648.248: [ParNew
Desired survivor size 20112992 bytes, new threshold 8 (max 8)
- age   1:    1852608 bytes,    1852608 total
- age   2:     125160 bytes,    1977768 total
- age   3:      13352 bytes,    1991120 total
- age   4:      42960 bytes,    2034080 total
- age   5:      41888 bytes,    2075968 total
- age   6:     158288 bytes,    2234256 total
- age   7:     402344 bytes,    2636600 total
- age   8:      27464 bytes,    2664064 total
: 89465K->3427K(109248K), 0.0041856 secs] 228453K->142585K(502464K), 0.0042571 secs] [Times: user=0.00 sys=0.00, real=0.00 secs] 
Heap after GC invocations=83 (full 2):
 par new generation   total 109248K, used 3427K [0x00000000e0000000, 0x00000000e8000000, 0x00000000e8000000)
  eden space 87424K,   0% used [0x00000000e0000000, 0x00000000e0000000, 0x00000000e5560000)
  from space 21824K,  15% used [0x00000000e6ab0000, 0x00000000e6e08e00, 0x00000000e8000000)
  to   space 21824K,   0% used [0x00000000e5560000, 0x00000000e5560000, 0x00000000e6ab0000)
 concurrent mark-sweep generation total 393216K, used 139157K [0x00000000e8000000, 0x0000000100000000, 0x0000000100000000)
 Metaspace       used 46247K, capacity 46760K, committed 47012K, reserved 1091584K
  class space    used 5066K, capacity 5193K, committed 5316K, reserved 1048576K
}
2016-06-20T14:16:48.381+0100: 1648.253: Total time for which application threads were stopped: 0.0045796 seconds, Stopping threads took: 0.0000332 seconds
{Heap before GC invocations=83 (full 2):
 par new generation   total 109248K, used 90851K [0x00000000e0000000, 0x00000000e8000000, 0x00000000e8000000)
  eden space 87424K, 100% used [0x00000000e0000000, 0x00000000e5560000, 0x00000000e5560000)
  from space 21824K,  15% used [0x00000000e6ab0000, 0x00000000e6e08e00, 0x00000000e8000000)
  to   space 21824K,   0% used [0x00000000e5560000, 0x00000000e5560000, 0x00000000e6ab0000)
 concurrent mark-sweep generation total 393216K, used 139157K [0x00000000e8000000, 0x0000000100000000, 0x0000000100000000)
 Metaspace       used 46247K, capacity 46760K, committed 47012K, reserved 1091584K
  class space    used 5066K, capacity 5193K, committed 5316K, reserved 1048576K
2016-06-20T14:16:48.530+0100: 1648.402: [GC (Allocation Failure) 2016-06-20T14:16:48.530+0100: 1648.402: [ParNew
Desired survivor size 20112992 bytes, new threshold 8 (max 8)
- age   1:    1012472 bytes,    1012472 total
- age   2:      26912 bytes,    1039384 total
- age   3:     125160 bytes,    1164544 total
- age   4:      13352 bytes,    1177896 total
- age   5:      42960 bytes,    1220856 total
- age   6:      41888 bytes,    1262744 total
- age   7:     158288 bytes,    1421032 total
- age   8:     402344 bytes,    1823376 total
: 90851K->2307K(109248K), 0.0032903 secs] 230009K->141492K(502464K), 0.0033783 secs] [Times: user=0.00 sys=0.00, real=0.00 secs] 
Heap after GC invocations=84 (full 2):
 par new generation   total 109248K, used 2307K [0x00000000e0000000, 0x00000000e8000000, 0x00000000e8000000)
  eden space 87424K,   0% used [0x00000000e0000000, 0x00000000e0000000, 0x00000000e5560000)
  from space 21824K,  10% used [0x00000000e5560000, 0x00000000e57a0c68, 0x00000000e6ab0000)
  to   space 21824K,   0% used [0x00000000e6ab0000, 0x00000000e6ab0000, 0x00000000e8000000)
 concurrent mark-sweep generation total 393216K, used 139184K [0x00000000e8000000, 0x0000000100000000, 0x0000000100000000)
 Metaspace       used 46247K, capacity 46760K, committed 47012K, reserved 1091584K
  class space    used 5066K, capacity 5193K, committed 5316K, reserved 1048576K
}
2016-06-20T14:16:48.534+0100: 1648.405: Total time for which application threads were stopped: 0.0036436 seconds, Stopping threads took: 0.0000339 seconds
{Heap before GC invocations=84 (full 2):
 par new generation   total 109248K, used 89731K [0x00000000e0000000, 0x00000000e8000000, 0x00000000e8000000)
  eden space 87424K, 100% used [0x00000000e0000000, 0x00000000e5560000, 0x00000000e5560000)
  from space 21824K,  10% used [0x00000000e5560000, 0x00000000e57a0c68, 0x00000000e6ab0000)
  to   space 21824K,   0% used [0x00000000e6ab0000, 0x00000000e6ab0000, 0x00000000e8000000)
 concurrent mark-sweep generation total 393216K, used 139184K [0x00000000e8000000, 0x0000000100000000, 0x0000000100000000)
 Metaspace       used 46247K, capacity 46760K, committed 47012K, reserved 1091584K
  class space    used 5066K, capacity 5193K, committed 5316K, reserved 1048576K
2016-06-20T14:16:48.686+0100: 1648.557: [GC (Allocation Failure) 2016-06-20T14:16:48.686+0100: 1648.557: [ParNew
Desired survivor size 20112992 bytes, new threshold 8 (max 8)
- age   1:    3298072 bytes,    3298072 total
- age   2:      11840 bytes,    3309912 total
- age   3:      26912 bytes,    3336824 total
- age   4:     125160 bytes,    3461984 total
- age   5:      13352 bytes,    3475336 total
- age   6:      42960 bytes,    3518296 total
- age   7:      41888 bytes,    3560184 total
- age   8:     158288 bytes,    3718472 total
: 89731K->4312K(109248K), 0.0036677 secs] 228916K->143890K(502464K), 0.0037956 secs] [Times: user=0.06 sys=0.00, real=0.00 secs] 
Heap after GC invocations=85 (full 2):
 par new generation   total 109248K, used 4312K [0x00000000e0000000, 0x00000000e8000000, 0x00000000e8000000)
  eden space 87424K,   0% used [0x00000000e0000000, 0x00000000e0000000, 0x00000000e5560000)
  from space 21824K,  19% used [0x00000000e6ab0000, 0x00000000e6ee6020, 0x00000000e8000000)
  to   space 21824K,   0% used [0x00000000e5560000, 0x00000000e5560000, 0x00000000e6ab0000)
 concurrent mark-sweep generation total 393216K, used 139578K [0x00000000e8000000, 0x0000000100000000, 0x0000000100000000)
 Metaspace       used 46247K, capacity 46760K, committed 47012K, reserved 1091584K
  class space    used 5066K, capacity 5193K, committed 5316K, reserved 1048576K
}
2016-06-20T14:16:48.689+0100: 1648.561: Total time for which application threads were stopped: 0.0040759 seconds, Stopping threads took: 0.0000375 seconds
{Heap before GC invocations=85 (full 2):
 par new generation   total 109248K, used 91736K [0x00000000e0000000, 0x00000000e8000000, 0x00000000e8000000)
  eden space 87424K, 100% used [0x00000000e0000000, 0x00000000e5560000, 0x00000000e5560000)
  from space 21824K,  19% used [0x00000000e6ab0000, 0x00000000e6ee6020, 0x00000000e8000000)
  to   space 21824K,   0% used [0x00000000e5560000, 0x00000000e5560000, 0x00000000e6ab0000)
 concurrent mark-sweep generation total 393216K, used 139578K [0x00000000e8000000, 0x0000000100000000, 0x0000000100000000)
 Metaspace       used 46248K, capacity 46760K, committed 47012K, reserved 1091584K
  class space    used 5066K, capacity 5193K, committed 5316K, reserved 1048576K
2016-06-20T14:16:48.836+0100: 1648.707: [GC (Allocation Failure) 2016-06-20T14:16:48.836+0100: 1648.708: [ParNew
Desired survivor size 20112992 bytes, new threshold 8 (max 8)
- age   1:    1505248 bytes,    1505248 total
- age   2:    3090616 bytes,    4595864 total
- age   3:      11840 bytes,    4607704 total
- age   4:      26912 bytes,    4634616 total
- age   5:     125160 bytes,    4759776 total
- age   6:      13352 bytes,    4773128 total
- age   7:      42960 bytes,    4816088 total
- age   8:      41888 bytes,    4857976 total
: 91736K->4967K(109248K), 0.0040905 secs] 231314K->144700K(502464K), 0.0041896 secs] [Times: user=0.00 sys=0.00, real=0.00 secs] 
Heap after GC invocations=86 (full 2):
 par new generation   total 109248K, used 4967K [0x00000000e0000000, 0x00000000e8000000, 0x00000000e8000000)
  eden space 87424K,   0% used [0x00000000e0000000, 0x00000000e0000000, 0x00000000e5560000)
  from space 21824K,  22% used [0x00000000e5560000, 0x00000000e5a39d50, 0x00000000e6ab0000)
  to   space 21824K,   0% used [0x00000000e6ab0000, 0x00000000e6ab0000, 0x00000000e8000000)
 concurrent mark-sweep generation total 393216K, used 139732K [0x00000000e8000000, 0x0000000100000000, 0x0000000100000000)
 Metaspace       used 46248K, capacity 46760K, committed 47012K, reserved 1091584K
  class space    used 5066K, capacity 5193K, committed 5316K, reserved 1048576K
}
2016-06-20T14:16:48.841+0100: 1648.712: Total time for which application threads were stopped: 0.0044710 seconds, Stopping threads took: 0.0000379 seconds
{Heap before GC invocations=86 (full 2):
 par new generation   total 109248K, used 92391K [0x00000000e0000000, 0x00000000e8000000, 0x00000000e8000000)
  eden space 87424K, 100% used [0x00000000e0000000, 0x00000000e5560000, 0x00000000e5560000)
  from space 21824K,  22% used [0x00000000e5560000, 0x00000000e5a39d50, 0x00000000e6ab0000)
  to   space 21824K,   0% used [0x00000000e6ab0000, 0x00000000e6ab0000, 0x00000000e8000000)
 concurrent mark-sweep generation total 393216K, used 139732K [0x00000000e8000000, 0x0000000100000000, 0x0000000100000000)
 Metaspace       used 46248K, capacity 46760K, committed 47012K, reserved 1091584K
  class space    used 5066K, capacity 5193K, committed 5316K, reserved 1048576K
2016-06-20T14:16:48.986+0100: 1648.857: [GC (Allocation Failure) 2016-06-20T14:16:48.986+0100: 1648.857: [ParNew
Desired survivor size 20112992 bytes, new threshold 8 (max 8)
- age   1:    1554576 bytes,    1554576 total
- age   2:      93248 bytes,    1647824 total
- age   3:    3090616 bytes,    4738440 total
- age   4:      11840 bytes,    4750280 total
- age   5:      26912 bytes,    4777192 total
- age   6:     125160 bytes,    4902352 total
- age   7:      13352 bytes,    4915704 total
- age   8:      42960 bytes,    4958664 total
: 92391K->5397K(109248K), 0.0040869 secs] 232124K->145171K(502464K), 0.0041706 secs] [Times: user=0.00 sys=0.00, real=0.00 secs] 
Heap after GC invocations=87 (full 2):
 par new generation   total 109248K, used 5397K [0x00000000e0000000, 0x00000000e8000000, 0x00000000e8000000)
  eden space 87424K,   0% used [0x00000000e0000000, 0x00000000e0000000, 0x00000000e5560000)
  from space 21824K,  24% used [0x00000000e6ab0000, 0x00000000e6ff5740, 0x00000000e8000000)
  to   space 21824K,   0% used [0x00000000e5560000, 0x00000000e5560000, 0x00000000e6ab0000)
 concurrent mark-sweep generation total 393216K, used 139774K [0x00000000e8000000, 0x0000000100000000, 0x0000000100000000)
 Metaspace       used 46248K, capacity 46760K, committed 47012K, reserved 1091584K
  class space    used 5066K, capacity 5193K, committed 5316K, reserved 1048576K
}
2016-06-20T14:16:48.990+0100: 1648.861: Total time for which application threads were stopped: 0.0044529 seconds, Stopping threads took: 0.0000304 seconds
{Heap before GC invocations=87 (full 2):
 par new generation   total 109248K, used 92821K [0x00000000e0000000, 0x00000000e8000000, 0x00000000e8000000)
  eden space 87424K, 100% used [0x00000000e0000000, 0x00000000e5560000, 0x00000000e5560000)
  from space 21824K,  24% used [0x00000000e6ab0000, 0x00000000e6ff5740, 0x00000000e8000000)
  to   space 21824K,   0% used [0x00000000e5560000, 0x00000000e5560000, 0x00000000e6ab0000)
 concurrent mark-sweep generation total 393216K, used 139774K [0x00000000e8000000, 0x0000000100000000, 0x0000000100000000)
 Metaspace       used 46249K, capacity 46760K, committed 47012K, reserved 1091584K
  class space    used 5066K, capacity 5193K, committed 5316K, reserved 1048576K
2016-06-20T14:16:49.140+0100: 1649.011: [GC (Allocation Failure) 2016-06-20T14:16:49.159+0100: 1649.031: [ParNew
Desired survivor size 20112992 bytes, new threshold 8 (max 8)
- age   1:     874120 bytes,     874120 total
- age   2:      43016 bytes,     917136 total
- age   3:     109648 bytes,    1026784 total
- age   4:    3090616 bytes,    4117400 total
- age   5:      11840 bytes,    4129240 total
- age   6:      26912 bytes,    4156152 total
- age   7:     125160 bytes,    4281312 total
- age   8:      13352 bytes,    4294664 total
: 92821K->5176K(109248K), 0.0035224 secs] 232595K->144993K(502464K), 0.0231735 secs] [Times: user=0.00 sys=0.00, real=0.02 secs] 
Heap after GC invocations=88 (full 2):
 par new generation   total 109248K, used 5176K [0x00000000e0000000, 0x00000000e8000000, 0x00000000e8000000)
  eden space 87424K,   0% used [0x00000000e0000000, 0x00000000e0000000, 0x00000000e5560000)
  from space 21824K,  23% used [0x00000000e5560000, 0x00000000e5a6e358, 0x00000000e6ab0000)
  to   space 21824K,   0% used [0x00000000e6ab0000, 0x00000000e6ab0000, 0x00000000e8000000)
 concurrent mark-sweep generation total 393216K, used 139816K [0x00000000e8000000, 0x0000000100000000, 0x0000000100000000)
 Metaspace       used 46249K, capacity 46760K, committed 47012K, reserved 1091584K
  class space    used 5066K, capacity 5193K, committed 5316K, reserved 1048576K
}
2016-06-20T14:16:49.163+0100: 1649.035: Total time for which application threads were stopped: 0.0234174 seconds, Stopping threads took: 0.0000264 seconds
{Heap before GC invocations=88 (full 2):
 par new generation   total 109248K, used 92600K [0x00000000e0000000, 0x00000000e8000000, 0x00000000e8000000)
  eden space 87424K, 100% used [0x00000000e0000000, 0x00000000e5560000, 0x00000000e5560000)
  from space 21824K,  23% used [0x00000000e5560000, 0x00000000e5a6e358, 0x00000000e6ab0000)
  to   space 21824K,   0% used [0x00000000e6ab0000, 0x00000000e6ab0000, 0x00000000e8000000)
 concurrent mark-sweep generation total 393216K, used 139816K [0x00000000e8000000, 0x0000000100000000, 0x0000000100000000)
 Metaspace       used 46249K, capacity 46760K, committed 47012K, reserved 1091584K
  class space    used 5066K, capacity 5193K, committed 5316K, reserved 1048576K
2016-06-20T14:16:49.292+0100: 1649.163: [GC (Allocation Failure) 2016-06-20T14:16:49.292+0100: 1649.163: [ParNew
Desired survivor size 20112992 bytes, new threshold 8 (max 8)
- age   1:     769080 bytes,     769080 total
- age   2:      11512 bytes,     780592 total
- age   3:      43016 bytes,     823608 total
- age   4:      93248 bytes,     916856 total
- age   5:    3107016 bytes,    4023872 total
- age   6:      11840 bytes,    4035712 total
- age   7:      26912 bytes,    4062624 total
- age   8:     125160 bytes,    4187784 total
: 92600K->4441K(109248K), 0.0033965 secs] 232417K->144270K(502464K), 0.0034861 secs] [Times: user=0.00 sys=0.00, real=0.00 secs] 
Heap after GC invocations=89 (full 2):
 par new generation   total 109248K, used 4441K [0x00000000e0000000, 0x00000000e8000000, 0x00000000e8000000)
  eden space 87424K,   0% used [0x00000000e0000000, 0x00000000e0000000, 0x00000000e5560000)
  from space 21824K,  20% used [0x00000000e6ab0000, 0x00000000e6f06550, 0x00000000e8000000)
  to   space 21824K,   0% used [0x00000000e5560000, 0x00000000e5560000, 0x00000000e6ab0000)
 concurrent mark-sweep generation total 393216K, used 139829K [0x00000000e8000000, 0x0000000100000000, 0x0000000100000000)
 Metaspace       used 46249K, capacity 46760K, committed 47012K, reserved 1091584K
  class space    used 5066K, capacity 5193K, committed 5316K, reserved 1048576K
}
2016-06-20T14:16:49.295+0100: 1649.167: Total time for which application threads were stopped: 0.0037624 seconds, Stopping threads took: 0.0000387 seconds
{Heap before GC invocations=89 (full 2):
 par new generation   total 109248K, used 91865K [0x00000000e0000000, 0x00000000e8000000, 0x00000000e8000000)
  eden space 87424K, 100% used [0x00000000e0000000, 0x00000000e5560000, 0x00000000e5560000)
  from space 21824K,  20% used [0x00000000e6ab0000, 0x00000000e6f06550, 0x00000000e8000000)
  to   space 21824K,   0% used [0x00000000e5560000, 0x00000000e5560000, 0x00000000e6ab0000)
 concurrent mark-sweep generation total 393216K, used 139829K [0x00000000e8000000, 0x0000000100000000, 0x0000000100000000)
 Metaspace       used 46249K, capacity 46760K, committed 47012K, reserved 1091584K
  class space    used 5066K, capacity 5193K, committed 5316K, reserved 1048576K
2016-06-20T14:16:49.429+0100: 1649.300: [GC (Allocation Failure) 2016-06-20T14:16:49.429+0100: 1649.300: [ParNew
Desired survivor size 20112992 bytes, new threshold 8 (max 8)
- age   1:     312840 bytes,     312840 total
- age   2:      76272 bytes,     389112 total
- age   3:      11512 bytes,     400624 total
- age   4:      43016 bytes,     443640 total
- age   5:      93248 bytes,     536888 total
- age   6:    3090616 bytes,    3627504 total
- age   7:      11840 bytes,    3639344 total
- age   8:      26912 bytes,    3666256 total
: 91865K->4535K(109248K), 0.0030144 secs] 231694K->144487K(502464K), 0.0030846 secs] [Times: user=0.00 sys=0.00, real=0.00 secs] 
Heap after GC invocations=90 (full 2):
 par new generation   total 109248K, used 4535K [0x00000000e0000000, 0x00000000e8000000, 0x00000000e8000000)
  eden space 87424K,   0% used [0x00000000e0000000, 0x00000000e0000000, 0x00000000e5560000)
  from space 21824K,  20% used [0x00000000e5560000, 0x00000000e59cde80, 0x00000000e6ab0000)
  to   space 21824K,   0% used [0x00000000e6ab0000, 0x00000000e6ab0000, 0x00000000e8000000)
 concurrent mark-sweep generation total 393216K, used 139952K [0x00000000e8000000, 0x0000000100000000, 0x0000000100000000)
 Metaspace       used 46249K, capacity 46760K, committed 47012K, reserved 1091584K
  class space    used 5066K, capacity 5193K, committed 5316K, reserved 1048576K
}
2016-06-20T14:16:49.432+0100: 1649.303: Total time for which application threads were stopped: 0.0032832 seconds, Stopping threads took: 0.0000261 seconds
{Heap before GC invocations=90 (full 2):
 par new generation   total 109248K, used 91959K [0x00000000e0000000, 0x00000000e8000000, 0x00000000e8000000)
  eden space 87424K, 100% used [0x00000000e0000000, 0x00000000e5560000, 0x00000000e5560000)
  from space 21824K,  20% used [0x00000000e5560000, 0x00000000e59cde80, 0x00000000e6ab0000)
  to   space 21824K,   0% used [0x00000000e6ab0000, 0x00000000e6ab0000, 0x00000000e8000000)
 concurrent mark-sweep generation total 393216K, used 139952K [0x00000000e8000000, 0x0000000100000000, 0x0000000100000000)
 Metaspace       used 46249K, capacity 46760K, committed 47012K, reserved 1091584K
  class space    used 5066K, capacity 5193K, committed 5316K, reserved 1048576K
2016-06-20T14:16:49.572+0100: 1649.443: [GC (Allocation Failure) 2016-06-20T14:16:49.572+0100: 1649.443: [ParNew
Desired survivor size 20112992 bytes, new threshold 8 (max 8)
- age   1:     220336 bytes,     220336 total
- age   2:     125712 bytes,     346048 total
- age   3:      76272 bytes,     422320 total
- age   4:      11512 bytes,     433832 total
- age   5:      43016 bytes,     476848 total
- age   6:      93248 bytes,     570096 total
- age   7:    3090616 bytes,    3660712 total
- age   8:      11880 bytes,    3672592 total
: 91959K->3966K(109248K), 0.0029516 secs] 231911K->143944K(502464K), 0.0030278 secs] [Times: user=0.00 sys=0.00, real=0.00 secs] 
Heap after GC invocations=91 (full 2):
 par new generation   total 109248K, used 3966K [0x00000000e0000000, 0x00000000e8000000, 0x00000000e8000000)
  eden space 87424K,   0% used [0x00000000e0000000, 0x00000000e0000000, 0x00000000e5560000)
  from space 21824K,  18% used [0x00000000e6ab0000, 0x00000000e6e8f8b0, 0x00000000e8000000)
  to   space 21824K,   0% used [0x00000000e5560000, 0x00000000e5560000, 0x00000000e6ab0000)
 concurrent mark-sweep generation total 393216K, used 139978K [0x00000000e8000000, 0x0000000100000000, 0x0000000100000000)
 Metaspace       used 46249K, capacity 46760K, committed 47012K, reserved 1091584K
  class space    used 5066K, capacity 5193K, committed 5316K, reserved 1048576K
}
2016-06-20T14:16:49.575+0100: 1649.446: Total time for which application threads were stopped: 0.0032382 seconds, Stopping threads took: 0.0000264 seconds
{Heap before GC invocations=91 (full 2):
 par new generation   total 109248K, used 91390K [0x00000000e0000000, 0x00000000e8000000, 0x00000000e8000000)
  eden space 87424K, 100% used [0x00000000e0000000, 0x00000000e5560000, 0x00000000e5560000)
  from space 21824K,  18% used [0x00000000e6ab0000, 0x00000000e6e8f8b0, 0x00000000e8000000)
  to   space 21824K,   0% used [0x00000000e5560000, 0x00000000e5560000, 0x00000000e6ab0000)
 concurrent mark-sweep generation total 393216K, used 139978K [0x00000000e8000000, 0x0000000100000000, 0x0000000100000000)
 Metaspace       used 46249K, capacity 46760K, committed 47012K, reserved 1091584K
  class space    used 5066K, capacity 5193K, committed 5316K, reserved 1048576K
2016-06-20T14:16:49.689+0100: 1649.560: [GC (Allocation Failure) 2016-06-20T14:16:49.689+0100: 1649.560: [ParNew
Desired survivor size 20112992 bytes, new threshold 8 (max 8)
- age   1:    1617640 bytes,    1617640 total
- age   2:      10704 bytes,    1628344 total
- age   3:     125712 bytes,    1754056 total
- age   4:      76272 bytes,    1830328 total
- age   5:      11512 bytes,    1841840 total
- age   6:      43016 bytes,    1884856 total
- age   7:      93248 bytes,    1978104 total
- age   8:    3090616 bytes,    5068720 total
: 91390K->5093K(109248K), 0.0040415 secs] 231368K->145083K(502464K), 0.0041367 secs] [Times: user=0.00 sys=0.00, real=0.00 secs] 
Heap after GC invocations=92 (full 2):
 par new generation   total 109248K, used 5093K [0x00000000e0000000, 0x00000000e8000000, 0x00000000e8000000)
  eden space 87424K,   0% used [0x00000000e0000000, 0x00000000e0000000, 0x00000000e5560000)
  from space 21824K,  23% used [0x00000000e5560000, 0x00000000e5a594f0, 0x00000000e6ab0000)
  to   space 21824K,   0% used [0x00000000e6ab0000, 0x00000000e6ab0000, 0x00000000e8000000)
 concurrent mark-sweep generation total 393216K, used 139990K [0x00000000e8000000, 0x0000000100000000, 0x0000000100000000)
 Metaspace       used 46249K, capacity 46760K, committed 47012K, reserved 1091584K
  class space    used 5066K, capacity 5193K, committed 5316K, reserved 1048576K
}
2016-06-20T14:16:49.693+0100: 1649.564: Total time for which application threads were stopped: 0.0043763 seconds, Stopping threads took: 0.0000257 seconds
{Heap before GC invocations=92 (full 2):
 par new generation   total 109248K, used 92517K [0x00000000e0000000, 0x00000000e8000000, 0x00000000e8000000)
  eden space 87424K, 100% used [0x00000000e0000000, 0x00000000e5560000, 0x00000000e5560000)
  from space 21824K,  23% used [0x00000000e5560000, 0x00000000e5a594f0, 0x00000000e6ab0000)
  to   space 21824K,   0% used [0x00000000e6ab0000, 0x00000000e6ab0000, 0x00000000e8000000)
 concurrent mark-sweep generation total 393216K, used 139990K [0x00000000e8000000, 0x0000000100000000, 0x0000000100000000)
 Metaspace       used 46249K, capacity 46760K, committed 47012K, reserved 1091584K
  class space    used 5066K, capacity 5193K, committed 5316K, reserved 1048576K
2016-06-20T14:16:49.801+0100: 1649.673: [GC (Allocation Failure) 2016-06-20T14:16:49.801+0100: 1649.673: [ParNew
Desired survivor size 20112992 bytes, new threshold 8 (max 8)
- age   1:     477456 bytes,     477456 total
- age   2:      26872 bytes,     504328 total
- age   3:      10704 bytes,     515032 total
- age   4:     125712 bytes,     640744 total
- age   5:      76272 bytes,     717016 total
- age   6:      11512 bytes,     728528 total
- age   7:      43056 bytes,     771584 total
- age   8:     109648 bytes,     881232 total
: 92517K->1696K(109248K), 0.0038809 secs] 232507K->144705K(502464K), 0.0039732 secs] [Times: user=0.00 sys=0.00, real=0.00 secs] 
Heap after GC invocations=93 (full 2):
 par new generation   total 109248K, used 1696K [0x00000000e0000000, 0x00000000e8000000, 0x00000000e8000000)
  eden space 87424K,   0% used [0x00000000e0000000, 0x00000000e0000000, 0x00000000e5560000)
  from space 21824K,   7% used [0x00000000e6ab0000, 0x00000000e6c58178, 0x00000000e8000000)
  to   space 21824K,   0% used [0x00000000e5560000, 0x00000000e5560000, 0x00000000e6ab0000)
 concurrent mark-sweep generation total 393216K, used 143008K [0x00000000e8000000, 0x0000000100000000, 0x0000000100000000)
 Metaspace       used 46249K, capacity 46760K, committed 47012K, reserved 1091584K
  class space    used 5066K, capacity 5193K, committed 5316K, reserved 1048576K
}
2016-06-20T14:16:49.805+0100: 1649.677: Total time for which application threads were stopped: 0.0042113 seconds, Stopping threads took: 0.0000280 seconds
{Heap before GC invocations=93 (full 2):
 par new generation   total 109248K, used 89120K [0x00000000e0000000, 0x00000000e8000000, 0x00000000e8000000)
  eden space 87424K, 100% used [0x00000000e0000000, 0x00000000e5560000, 0x00000000e5560000)
  from space 21824K,   7% used [0x00000000e6ab0000, 0x00000000e6c58178, 0x00000000e8000000)
  to   space 21824K,   0% used [0x00000000e5560000, 0x00000000e5560000, 0x00000000e6ab0000)
 concurrent mark-sweep generation total 393216K, used 143008K [0x00000000e8000000, 0x0000000100000000, 0x0000000100000000)
 Metaspace       used 46249K, capacity 46760K, committed 47012K, reserved 1091584K
  class space    used 5066K, capacity 5193K, committed 5316K, reserved 1048576K
2016-06-20T14:16:49.936+0100: 1649.808: [GC (Allocation Failure) 2016-06-20T14:16:49.937+0100: 1649.808: [ParNew
Desired survivor size 20112992 bytes, new threshold 8 (max 8)
- age   1:     511816 bytes,     511816 total
- age   2:      42504 bytes,     554320 total
- age   3:      26872 bytes,     581192 total
- age   4:      10704 bytes,     591896 total
- age   5:     125712 bytes,     717608 total
- age   6:      76272 bytes,     793880 total
- age   7:      11512 bytes,     805392 total
- age   8:      43016 bytes,     848408 total
: 89120K->1062K(109248K), 0.0027673 secs] 232129K->144163K(502464K), 0.0028703 secs] [Times: user=0.03 sys=0.02, real=0.00 secs] 
Heap after GC invocations=94 (full 2):
 par new generation   total 109248K, used 1062K [0x00000000e0000000, 0x00000000e8000000, 0x00000000e8000000)
  eden space 87424K,   0% used [0x00000000e0000000, 0x00000000e0000000, 0x00000000e5560000)
  from space 21824K,   4% used [0x00000000e5560000, 0x00000000e5669bb8, 0x00000000e6ab0000)
  to   space 21824K,   0% used [0x00000000e6ab0000, 0x00000000e6ab0000, 0x00000000e8000000)
 concurrent mark-sweep generation total 393216K, used 143100K [0x00000000e8000000, 0x0000000100000000, 0x0000000100000000)
 Metaspace       used 46249K, capacity 46760K, committed 47012K, reserved 1091584K
  class space    used 5066K, capacity 5193K, committed 5316K, reserved 1048576K
}
2016-06-20T14:16:49.939+0100: 1649.810: Total time for which application threads were stopped: 0.0031438 seconds, Stopping threads took: 0.0000383 seconds
{Heap before GC invocations=94 (full 2):
 par new generation   total 109248K, used 88486K [0x00000000e0000000, 0x00000000e8000000, 0x00000000e8000000)
  eden space 87424K, 100% used [0x00000000e0000000, 0x00000000e5560000, 0x00000000e5560000)
  from space 21824K,   4% used [0x00000000e5560000, 0x00000000e5669bb8, 0x00000000e6ab0000)
  to   space 21824K,   0% used [0x00000000e6ab0000, 0x00000000e6ab0000, 0x00000000e8000000)
 concurrent mark-sweep generation total 393216K, used 143100K [0x00000000e8000000, 0x0000000100000000, 0x0000000100000000)
 Metaspace       used 46249K, capacity 46760K, committed 47012K, reserved 1091584K
  class space    used 5066K, capacity 5193K, committed 5316K, reserved 1048576K
2016-06-20T14:16:50.030+0100: 1649.901: [GC (Allocation Failure) 2016-06-20T14:16:50.030+0100: 1649.901: [ParNew
Desired survivor size 20112992 bytes, new threshold 8 (max 8)
- age   1:    1669472 bytes,    1669472 total
- age   2:      91200 bytes,    1760672 total
- age   3:      42504 bytes,    1803176 total
- age   4:      26872 bytes,    1830048 total
- age   5:      10704 bytes,    1840752 total
- age   6:     125712 bytes,    1966464 total
- age   7:      76272 bytes,    2042736 total
- age   8:      11512 bytes,    2054248 total
: 88486K->2204K(109248K), 0.0035990 secs] 231587K->145347K(502464K), 0.0036705 secs] [Times: user=0.06 sys=0.00, real=0.00 secs] 
Heap after GC invocations=95 (full 2):
 par new generation   total 109248K, used 2204K [0x00000000e0000000, 0x00000000e8000000, 0x00000000e8000000)
  eden space 87424K,   0% used [0x00000000e0000000, 0x00000000e0000000, 0x00000000e5560000)
  from space 21824K,  10% used [0x00000000e6ab0000, 0x00000000e6cd7380, 0x00000000e8000000)
  to   space 21824K,   0% used [0x00000000e5560000, 0x00000000e5560000, 0x00000000e6ab0000)
 concurrent mark-sweep generation total 393216K, used 143142K [0x00000000e8000000, 0x0000000100000000, 0x0000000100000000)
 Metaspace       used 46249K, capacity 46760K, committed 47012K, reserved 1091584K
  class space    used 5066K, capacity 5193K, committed 5316K, reserved 1048576K
}
2016-06-20T14:16:50.034+0100: 1649.905: Total time for which application threads were stopped: 0.0038797 seconds, Stopping threads took: 0.0000268 seconds
2016-06-20T14:16:51.034+0100: 1650.905: Total time for which application threads were stopped: 0.0001500 seconds, Stopping threads took: 0.0000347 seconds
2016-06-20T14:16:52.034+0100: 1651.905: Total time for which application threads were stopped: 0.0001038 seconds, Stopping threads took: 0.0000336 seconds
{Heap before GC invocations=95 (full 2):
 par new generation   total 109248K, used 89615K [0x00000000e0000000, 0x00000000e8000000, 0x00000000e8000000)
  eden space 87424K,  99% used [0x00000000e0000000, 0x00000000e555cb88, 0x00000000e5560000)
  from space 21824K,  10% used [0x00000000e6ab0000, 0x00000000e6cd7380, 0x00000000e8000000)
  to   space 21824K,   0% used [0x00000000e5560000, 0x00000000e5560000, 0x00000000e6ab0000)
 concurrent mark-sweep generation total 393216K, used 143142K [0x00000000e8000000, 0x0000000100000000, 0x0000000100000000)
 Metaspace       used 46278K, capacity 46760K, committed 47012K, reserved 1091584K
  class space    used 5066K, capacity 5193K, committed 5316K, reserved 1048576K
2016-06-20T14:16:52.565+0100: 1652.436: [GC (Allocation Failure) 2016-06-20T14:16:52.565+0100: 1652.436: [ParNew
Desired survivor size 20112992 bytes, new threshold 8 (max 8)
- age   1:   17324664 bytes,   17324664 total
- age   2:       8536 bytes,   17333200 total
- age   3:       9200 bytes,   17342400 total
- age   4:       9824 bytes,   17352224 total
- age   5:      10552 bytes,   17362776 total
- age   6:      10704 bytes,   17373480 total
- age   7:      10992 bytes,   17384472 total
- age   8:      10712 bytes,   17395184 total
: 89615K->18002K(109248K), 0.0071037 secs] 232758K->161156K(502464K), 0.0071806 secs] [Times: user=0.00 sys=0.00, real=0.01 secs] 
Heap after GC invocations=96 (full 2):
 par new generation   total 109248K, used 18002K [0x00000000e0000000, 0x00000000e8000000, 0x00000000e8000000)
  eden space 87424K,   0% used [0x00000000e0000000, 0x00000000e0000000, 0x00000000e5560000)
  from space 21824K,  82% used [0x00000000e5560000, 0x00000000e66f49f0, 0x00000000e6ab0000)
  to   space 21824K,   0% used [0x00000000e6ab0000, 0x00000000e6ab0000, 0x00000000e8000000)
 concurrent mark-sweep generation total 393216K, used 143154K [0x00000000e8000000, 0x0000000100000000, 0x0000000100000000)
 Metaspace       used 46278K, capacity 46760K, committed 47012K, reserved 1091584K
  class space    used 5066K, capacity 5193K, committed 5316K, reserved 1048576K
}
2016-06-20T14:16:52.572+0100: 1652.443: Total time for which application threads were stopped: 0.0073985 seconds, Stopping threads took: 0.0000304 seconds
2016-06-20T14:16:52.572+0100: 1652.443: Total time for which application threads were stopped: 0.0001322 seconds, Stopping threads took: 0.0000628 seconds
2016-06-20T14:16:53.572+0100: 1653.443: Total time for which application threads were stopped: 0.0001062 seconds, Stopping threads took: 0.0000245 seconds
{Heap before GC invocations=96 (full 2):
 par new generation   total 109248K, used 105426K [0x00000000e0000000, 0x00000000e8000000, 0x00000000e8000000)
  eden space 87424K, 100% used [0x00000000e0000000, 0x00000000e5560000, 0x00000000e5560000)
  from space 21824K,  82% used [0x00000000e5560000, 0x00000000e66f49f0, 0x00000000e6ab0000)
  to   space 21824K,   0% used [0x00000000e6ab0000, 0x00000000e6ab0000, 0x00000000e8000000)
 concurrent mark-sweep generation total 393216K, used 143154K [0x00000000e8000000, 0x0000000100000000, 0x0000000100000000)
 Metaspace       used 46331K, capacity 46836K, committed 47268K, reserved 1091584K
  class space    used 5068K, capacity 5195K, committed 5316K, reserved 1048576K
2016-06-20T14:16:54.386+0100: 1654.258: [GC (Allocation Failure) 2016-06-20T14:16:54.386+0100: 1654.258: [ParNew
Desired survivor size 20112992 bytes, new threshold 8 (max 8)
- age   1:    2580120 bytes,    2580120 total
- age   2:   14200896 bytes,   16781016 total
- age   3:       8536 bytes,   16789552 total
- age   4:       9200 bytes,   16798752 total
- age   5:       9744 bytes,   16808496 total
- age   6:      10512 bytes,   16819008 total
- age   7:      10704 bytes,   16829712 total
- age   8:      10912 bytes,   16840624 total
: 105426K->18873K(109248K), 0.0068893 secs] 248580K->162038K(502464K), 0.0069576 secs] [Times: user=0.06 sys=0.00, real=0.01 secs] 
Heap after GC invocations=97 (full 2):
 par new generation   total 109248K, used 18873K [0x00000000e0000000, 0x00000000e8000000, 0x00000000e8000000)
  eden space 87424K,   0% used [0x00000000e0000000, 0x00000000e0000000, 0x00000000e5560000)
  from space 21824K,  86% used [0x00000000e6ab0000, 0x00000000e7d1e6d8, 0x00000000e8000000)
  to   space 21824K,   0% used [0x00000000e5560000, 0x00000000e5560000, 0x00000000e6ab0000)
 concurrent mark-sweep generation total 393216K, used 143164K [0x00000000e8000000, 0x0000000100000000, 0x0000000100000000)
 Metaspace       used 46331K, capacity 46836K, committed 47268K, reserved 1091584K
  class space    used 5068K, capacity 5195K, committed 5316K, reserved 1048576K
}
2016-06-20T14:16:54.393+0100: 1654.265: Total time for which application threads were stopped: 0.0071443 seconds, Stopping threads took: 0.0000162 seconds
2016-06-20T14:16:54.394+0100: 1654.265: Total time for which application threads were stopped: 0.0001354 seconds, Stopping threads took: 0.0000651 seconds
{Heap before GC invocations=97 (full 2):
 par new generation   total 109248K, used 106297K [0x00000000e0000000, 0x00000000e8000000, 0x00000000e8000000)
  eden space 87424K, 100% used [0x00000000e0000000, 0x00000000e5560000, 0x00000000e5560000)
  from space 21824K,  86% used [0x00000000e6ab0000, 0x00000000e7d1e6d8, 0x00000000e8000000)
  to   space 21824K,   0% used [0x00000000e5560000, 0x00000000e5560000, 0x00000000e6ab0000)
 concurrent mark-sweep generation total 393216K, used 143164K [0x00000000e8000000, 0x0000000100000000, 0x0000000100000000)
 Metaspace       used 46331K, capacity 46836K, committed 47268K, reserved 1091584K
  class space    used 5068K, capacity 5195K, committed 5316K, reserved 1048576K
2016-06-20T14:16:54.558+0100: 1654.430: [GC (Allocation Failure) 2016-06-20T14:16:54.558+0100: 1654.430: [ParNew
Desired survivor size 20112992 bytes, new threshold 8 (max 8)
- age   1:    1904696 bytes,    1904696 total
- age   2:    2288544 bytes,    4193240 total
- age   3:   14200504 bytes,   18393744 total
- age   4:       8536 bytes,   18402280 total
- age   5:       9200 bytes,   18411480 total
- age   6:       9704 bytes,   18421184 total
- age   7:      10472 bytes,   18431656 total
- age   8:      10704 bytes,   18442360 total
: 106297K->19029K(109248K), 0.0054812 secs] 249462K->162204K(502464K), 0.0055771 secs] [Times: user=0.06 sys=0.00, real=0.01 secs] 
Heap after GC invocations=98 (full 2):
 par new generation   total 109248K, used 19029K [0x00000000e0000000, 0x00000000e8000000, 0x00000000e8000000)
  eden space 87424K,   0% used [0x00000000e0000000, 0x00000000e0000000, 0x00000000e5560000)
  from space 21824K,  87% used [0x00000000e5560000, 0x00000000e67f5400, 0x00000000e6ab0000)
  to   space 21824K,   0% used [0x00000000e6ab0000, 0x00000000e6ab0000, 0x00000000e8000000)
 concurrent mark-sweep generation total 393216K, used 143175K [0x00000000e8000000, 0x0000000100000000, 0x0000000100000000)
 Metaspace       used 46331K, capacity 46836K, committed 47268K, reserved 1091584K
  class space    used 5068K, capacity 5195K, committed 5316K, reserved 1048576K
}
2016-06-20T14:16:54.564+0100: 1654.435: Total time for which application threads were stopped: 0.0058171 seconds, Stopping threads took: 0.0000375 seconds
{Heap before GC invocations=98 (full 2):
 par new generation   total 109248K, used 106453K [0x00000000e0000000, 0x00000000e8000000, 0x00000000e8000000)
  eden space 87424K, 100% used [0x00000000e0000000, 0x00000000e5560000, 0x00000000e5560000)
  from space 21824K,  87% used [0x00000000e5560000, 0x00000000e67f5400, 0x00000000e6ab0000)
  to   space 21824K,   0% used [0x00000000e6ab0000, 0x00000000e6ab0000, 0x00000000e8000000)
 concurrent mark-sweep generation total 393216K, used 143175K [0x00000000e8000000, 0x0000000100000000, 0x0000000100000000)
 Metaspace       used 46335K, capacity 46836K, committed 47268K, reserved 1091584K
  class space    used 5068K, capacity 5195K, committed 5316K, reserved 1048576K
2016-06-20T14:16:54.725+0100: 1654.597: [GC (Allocation Failure) 2016-06-20T14:16:54.725+0100: 1654.597: [ParNew
Desired survivor size 20112992 bytes, new threshold 8 (max 8)
- age   1:    1837696 bytes,    1837696 total
- age   2:     688960 bytes,    2526656 total
- age   3:    2292264 bytes,    4818920 total
- age   4:   14200504 bytes,   19019424 total
- age   5:       8536 bytes,   19027960 total
- age   6:       9200 bytes,   19037160 total
- age   7:       9704 bytes,   19046864 total
- age   8:      10472 bytes,   19057336 total
: 106453K->20956K(109248K), 0.0053308 secs] 249628K->164143K(502464K), 0.0054121 secs] [Times: user=0.00 sys=0.00, real=0.01 secs] 
Heap after GC invocations=99 (full 2):
 par new generation   total 109248K, used 20956K [0x00000000e0000000, 0x00000000e8000000, 0x00000000e8000000)
  eden space 87424K,   0% used [0x00000000e0000000, 0x00000000e0000000, 0x00000000e5560000)
  from space 21824K,  96% used [0x00000000e6ab0000, 0x00000000e7f27278, 0x00000000e8000000)
  to   space 21824K,   0% used [0x00000000e5560000, 0x00000000e5560000, 0x00000000e6ab0000)
 concurrent mark-sweep generation total 393216K, used 143186K [0x00000000e8000000, 0x0000000100000000, 0x0000000100000000)
 Metaspace       used 46335K, capacity 46836K, committed 47268K, reserved 1091584K
  class space    used 5068K, capacity 5195K, committed 5316K, reserved 1048576K
}
2016-06-20T14:16:54.730+0100: 1654.602: Total time for which application threads were stopped: 0.0056754 seconds, Stopping threads took: 0.0000312 seconds
{Heap before GC invocations=99 (full 2):
 par new generation   total 109248K, used 108380K [0x00000000e0000000, 0x00000000e8000000, 0x00000000e8000000)
  eden space 87424K, 100% used [0x00000000e0000000, 0x00000000e5560000, 0x00000000e5560000)
  from space 21824K,  96% used [0x00000000e6ab0000, 0x00000000e7f27278, 0x00000000e8000000)
  to   space 21824K,   0% used [0x00000000e5560000, 0x00000000e5560000, 0x00000000e6ab0000)
 concurrent mark-sweep generation total 393216K, used 143186K [0x00000000e8000000, 0x0000000100000000, 0x0000000100000000)
 Metaspace       used 46335K, capacity 46836K, committed 47268K, reserved 1091584K
  class space    used 5068K, capacity 5195K, committed 5316K, reserved 1048576K
2016-06-20T14:16:54.972+0100: 1654.844: [GC (Allocation Failure) 2016-06-20T14:16:54.972+0100: 1654.844: [ParNew
Desired survivor size 20112992 bytes, new threshold 8 (max 8)
- age   1:    2246400 bytes,    2246400 total
- age   2:     470376 bytes,    2716776 total
- age   3:     688960 bytes,    3405736 total
- age   4:    2275272 bytes,    5681008 total
- age   5:   14200504 bytes,   19881512 total
- age   6:       8536 bytes,   19890048 total
- age   7:       9200 bytes,   19899248 total
- age   8:       9704 bytes,   19908952 total
: 108380K->21599K(109248K), 0.0052953 secs] 251567K->164795K(502464K), 0.0054267 secs] [Times: user=0.00 sys=0.00, real=0.01 secs] 
Heap after GC invocations=100 (full 2):
 par new generation   total 109248K, used 21599K [0x00000000e0000000, 0x00000000e8000000, 0x00000000e8000000)
  eden space 87424K,   0% used [0x00000000e0000000, 0x00000000e0000000, 0x00000000e5560000)
  from space 21824K,  98% used [0x00000000e5560000, 0x00000000e6a77c30, 0x00000000e6ab0000)
  to   space 21824K,   0% used [0x00000000e6ab0000, 0x00000000e6ab0000, 0x00000000e8000000)
 concurrent mark-sweep generation total 393216K, used 143196K [0x00000000e8000000, 0x0000000100000000, 0x0000000100000000)
 Metaspace       used 46335K, capacity 46836K, committed 47268K, reserved 1091584K
  class space    used 5068K, capacity 5195K, committed 5316K, reserved 1048576K
}
2016-06-20T14:16:54.978+0100: 1654.849: Total time for which application threads were stopped: 0.0056983 seconds, Stopping threads took: 0.0000391 seconds
2016-06-20T14:16:56.978+0100: 1656.850: Total time for which application threads were stopped: 0.0001145 seconds, Stopping threads took: 0.0000308 seconds
2016-06-20T14:16:57.979+0100: 1657.850: Total time for which application threads were stopped: 0.0000778 seconds, Stopping threads took: 0.0000201 seconds
2016-06-20T14:16:58.979+0100: 1658.850: Total time for which application threads were stopped: 0.0001240 seconds, Stopping threads took: 0.0000312 seconds
2016-06-20T14:17:00.980+0100: 1660.851: Total time for which application threads were stopped: 0.0000880 seconds, Stopping threads took: 0.0000292 seconds
2016-06-20T14:17:01.980+0100: 1661.851: Total time for which application threads were stopped: 0.0001449 seconds, Stopping threads took: 0.0000466 seconds
2016-06-20T14:17:02.431+0100: 1662.302: Total time for which application threads were stopped: 0.0008772 seconds, Stopping threads took: 0.0000284 seconds
2016-06-20T14:17:02.433+0100: 1662.304: Total time for which application threads were stopped: 0.0008349 seconds, Stopping threads took: 0.0000253 seconds
2016-06-20T14:17:03.434+0100: 1663.305: Total time for which application threads were stopped: 0.0001263 seconds, Stopping threads took: 0.0000324 seconds
{Heap before GC invocations=100 (full 2):
 par new generation   total 109248K, used 109023K [0x00000000e0000000, 0x00000000e8000000, 0x00000000e8000000)
  eden space 87424K, 100% used [0x00000000e0000000, 0x00000000e5560000, 0x00000000e5560000)
  from space 21824K,  98% used [0x00000000e5560000, 0x00000000e6a77c30, 0x00000000e6ab0000)
  to   space 21824K,   0% used [0x00000000e6ab0000, 0x00000000e6ab0000, 0x00000000e8000000)
 concurrent mark-sweep generation total 393216K, used 143196K [0x00000000e8000000, 0x0000000100000000, 0x0000000100000000)
 Metaspace       used 46574K, capacity 47136K, committed 47524K, reserved 1091584K
  class space    used 5085K, capacity 5213K, committed 5316K, reserved 1048576K
2016-06-20T14:17:04.127+0100: 1663.998: [GC (Allocation Failure) 2016-06-20T14:17:04.127+0100: 1663.998: [ParNew
Desired survivor size 20112992 bytes, new threshold 8 (max 8)
- age   1:     727200 bytes,     727200 total
- age   4:       4112 bytes,     731312 total
- age   5:      62944 bytes,     794256 total
- age   6:   14126000 bytes,   14920256 total
- age   7:       8536 bytes,   14928792 total
- age   8:       9200 bytes,   14937992 total
: 109023K->16244K(109248K), 0.0065534 secs] 252219K->159451K(502464K), 0.0066347 secs] [Times: user=0.00 sys=0.00, real=0.01 secs] 
Heap after GC invocations=101 (full 2):
 par new generation   total 109248K, used 16244K [0x00000000e0000000, 0x00000000e8000000, 0x00000000e8000000)
  eden space 87424K,   0% used [0x00000000e0000000, 0x00000000e0000000, 0x00000000e5560000)
  from space 21824K,  74% used [0x00000000e6ab0000, 0x00000000e7a8d280, 0x00000000e8000000)
  to   space 21824K,   0% used [0x00000000e5560000, 0x00000000e5560000, 0x00000000e6ab0000)
 concurrent mark-sweep generation total 393216K, used 143206K [0x00000000e8000000, 0x0000000100000000, 0x0000000100000000)
 Metaspace       used 46574K, capacity 47136K, committed 47524K, reserved 1091584K
  class space    used 5085K, capacity 5213K, committed 5316K, reserved 1048576K
}
2016-06-20T14:17:04.133+0100: 1664.005: Total time for which application threads were stopped: 0.0069260 seconds, Stopping threads took: 0.0000312 seconds
2016-06-20T14:17:04.134+0100: 1664.005: Total time for which application threads were stopped: 0.0001551 seconds, Stopping threads took: 0.0000403 seconds
2016-06-20T14:17:05.134+0100: 1665.006: Total time for which application threads were stopped: 0.0000983 seconds, Stopping threads took: 0.0000371 seconds
2016-06-20T14:17:07.135+0100: 1667.006: Total time for which application threads were stopped: 0.0000916 seconds, Stopping threads took: 0.0000272 seconds
2016-06-20T14:17:08.136+0100: 1668.007: Total time for which application threads were stopped: 0.0000793 seconds, Stopping threads took: 0.0000221 seconds
2016-06-20T14:17:09.136+0100: 1669.007: Total time for which application threads were stopped: 0.0000813 seconds, Stopping threads took: 0.0000245 seconds
2016-06-20T14:17:10.136+0100: 1670.008: Total time for which application threads were stopped: 0.0000805 seconds, Stopping threads took: 0.0000241 seconds
2016-06-20T14:17:17.139+0100: 1677.010: Total time for which application threads were stopped: 0.0000971 seconds, Stopping threads took: 0.0000272 seconds
2016-06-20T14:17:18.140+0100: 1678.011: Total time for which application threads were stopped: 0.0000746 seconds, Stopping threads took: 0.0000205 seconds
2016-06-20T14:17:19.140+0100: 1679.011: Total time for which application threads were stopped: 0.0000722 seconds, Stopping threads took: 0.0000189 seconds
2016-06-20T14:17:20.141+0100: 1680.012: Total time for which application threads were stopped: 0.0001291 seconds, Stopping threads took: 0.0000371 seconds
{Heap before GC invocations=101 (full 2):
 par new generation   total 109248K, used 103668K [0x00000000e0000000, 0x00000000e8000000, 0x00000000e8000000)
  eden space 87424K, 100% used [0x00000000e0000000, 0x00000000e5560000, 0x00000000e5560000)
  from space 21824K,  74% used [0x00000000e6ab0000, 0x00000000e7a8d280, 0x00000000e8000000)
  to   space 21824K,   0% used [0x00000000e5560000, 0x00000000e5560000, 0x00000000e6ab0000)
 concurrent mark-sweep generation total 393216K, used 143206K [0x00000000e8000000, 0x0000000100000000, 0x0000000100000000)
 Metaspace       used 46621K, capacity 47148K, committed 47524K, reserved 1091584K
  class space    used 5087K, capacity 5215K, committed 5316K, reserved 1048576K
2016-06-20T14:17:23.240+0100: 1683.111: [GC (Allocation Failure) 2016-06-20T14:17:23.240+0100: 1683.111: [ParNew
Desired survivor size 20112992 bytes, new threshold 8 (max 8)
- age   1:     632752 bytes,     632752 total
- age   2:     144048 bytes,     776800 total
- age   6:      23440 bytes,     800240 total
- age   7:   14099104 bytes,   14899344 total
- age   8:       8536 bytes,   14907880 total
: 103668K->14885K(109248K), 0.0063366 secs] 246875K->158101K(502464K), 0.0064318 secs] [Times: user=0.00 sys=0.00, real=0.01 secs] 
Heap after GC invocations=102 (full 2):
 par new generation   total 109248K, used 14885K [0x00000000e0000000, 0x00000000e8000000, 0x00000000e8000000)
  eden space 87424K,   0% used [0x00000000e0000000, 0x00000000e0000000, 0x00000000e5560000)
  from space 21824K,  68% used [0x00000000e5560000, 0x00000000e63e95d0, 0x00000000e6ab0000)
  to   space 21824K,   0% used [0x00000000e6ab0000, 0x00000000e6ab0000, 0x00000000e8000000)
 concurrent mark-sweep generation total 393216K, used 143215K [0x00000000e8000000, 0x0000000100000000, 0x0000000100000000)
 Metaspace       used 46621K, capacity 47148K, committed 47524K, reserved 1091584K
  class space    used 5087K, capacity 5215K, committed 5316K, reserved 1048576K
}
2016-06-20T14:17:23.247+0100: 1683.118: Total time for which application threads were stopped: 0.0067002 seconds, Stopping threads took: 0.0000316 seconds
2016-06-20T14:17:32.251+0100: 1692.122: Total time for which application threads were stopped: 0.0000920 seconds, Stopping threads took: 0.0000229 seconds
2016-06-20T14:17:33.011+0100: 1692.883: Total time for which application threads were stopped: 0.0001678 seconds, Stopping threads took: 0.0000189 seconds
2016-06-20T14:17:36.012+0100: 1695.883: Total time for which application threads were stopped: 0.0000790 seconds, Stopping threads took: 0.0000257 seconds
2016-06-20T14:17:37.013+0100: 1696.884: Total time for which application threads were stopped: 0.0001196 seconds, Stopping threads took: 0.0000320 seconds
2016-06-20T14:17:38.013+0100: 1697.885: Total time for which application threads were stopped: 0.0000928 seconds, Stopping threads took: 0.0000245 seconds
2016-06-20T14:17:39.014+0100: 1698.885: Total time for which application threads were stopped: 0.0000947 seconds, Stopping threads took: 0.0000332 seconds
{Heap before GC invocations=102 (full 2):
 par new generation   total 109248K, used 102309K [0x00000000e0000000, 0x00000000e8000000, 0x00000000e8000000)
  eden space 87424K, 100% used [0x00000000e0000000, 0x00000000e5560000, 0x00000000e5560000)
  from space 21824K,  68% used [0x00000000e5560000, 0x00000000e63e95d0, 0x00000000e6ab0000)
  to   space 21824K,   0% used [0x00000000e6ab0000, 0x00000000e6ab0000, 0x00000000e8000000)
 concurrent mark-sweep generation total 393216K, used 143215K [0x00000000e8000000, 0x0000000100000000, 0x0000000100000000)
 Metaspace       used 46670K, capacity 47218K, committed 47524K, reserved 1091584K
  class space    used 5087K, capacity 5216K, committed 5316K, reserved 1048576K
2016-06-20T14:17:41.267+0100: 1701.139: [GC (Allocation Failure) 2016-06-20T14:17:41.267+0100: 1701.139: [ParNew
Desired survivor size 20112992 bytes, new threshold 8 (max 8)
- age   1:     725776 bytes,     725776 total
- age   2:     173720 bytes,     899496 total
- age   3:     138088 bytes,    1037584 total
- age   7:      23440 bytes,    1061024 total
- age   8:   13753528 bytes,   14814552 total
: 102309K->15117K(109248K), 0.0111045 secs] 245525K->158341K(502464K), 0.0112490 secs] [Times: user=0.00 sys=0.00, real=0.01 secs] 
Heap after GC invocations=103 (full 2):
 par new generation   total 109248K, used 15117K [0x00000000e0000000, 0x00000000e8000000, 0x00000000e8000000)
  eden space 87424K,   0% used [0x00000000e0000000, 0x00000000e0000000, 0x00000000e5560000)
  from space 21824K,  69% used [0x00000000e6ab0000, 0x00000000e79736c0, 0x00000000e8000000)
  to   space 21824K,   0% used [0x00000000e5560000, 0x00000000e5560000, 0x00000000e6ab0000)
 concurrent mark-sweep generation total 393216K, used 143224K [0x00000000e8000000, 0x0000000100000000, 0x0000000100000000)
 Metaspace       used 46670K, capacity 47218K, committed 47524K, reserved 1091584K
  class space    used 5087K, capacity 5216K, committed 5316K, reserved 1048576K
}
2016-06-20T14:17:41.278+0100: 1701.150: Total time for which application threads were stopped: 0.0116757 seconds, Stopping threads took: 0.0000462 seconds
2016-06-20T14:17:43.279+0100: 1703.150: Total time for which application threads were stopped: 0.0000920 seconds, Stopping threads took: 0.0000245 seconds
2016-06-20T14:17:44.280+0100: 1704.151: Total time for which application threads were stopped: 0.0000943 seconds, Stopping threads took: 0.0000217 seconds
2016-06-20T14:17:46.281+0100: 1706.152: Total time for which application threads were stopped: 0.0000837 seconds, Stopping threads took: 0.0000268 seconds
2016-06-20T14:17:47.281+0100: 1707.152: Total time for which application threads were stopped: 0.0000786 seconds, Stopping threads took: 0.0000221 seconds
2016-06-20T14:17:48.281+0100: 1708.152: Total time for which application threads were stopped: 0.0000817 seconds, Stopping threads took: 0.0000261 seconds
2016-06-20T14:17:49.281+0100: 1709.153: Total time for which application threads were stopped: 0.0000916 seconds, Stopping threads took: 0.0000272 seconds
2016-06-20T14:17:50.282+0100: 1710.153: Total time for which application threads were stopped: 0.0000782 seconds, Stopping threads took: 0.0000209 seconds
2016-06-20T14:17:51.282+0100: 1711.154: Total time for which application threads were stopped: 0.0001619 seconds, Stopping threads took: 0.0000403 seconds
2016-06-20T14:17:55.284+0100: 1715.155: Total time for which application threads were stopped: 0.0000730 seconds, Stopping threads took: 0.0000205 seconds
2016-06-20T14:17:57.286+0100: 1717.157: Total time for which application threads were stopped: 0.0001559 seconds, Stopping threads took: 0.0000509 seconds
2016-06-20T14:18:04.290+0100: 1724.161: Total time for which application threads were stopped: 0.0001212 seconds, Stopping threads took: 0.0000264 seconds
2016-06-20T14:18:07.291+0100: 1727.162: Total time for which application threads were stopped: 0.0001176 seconds, Stopping threads took: 0.0000304 seconds
2016-06-20T14:18:15.296+0100: 1735.168: Total time for which application threads were stopped: 0.0000983 seconds, Stopping threads took: 0.0000257 seconds
{Heap before GC invocations=103 (full 2):
 par new generation   total 109248K, used 102541K [0x00000000e0000000, 0x00000000e8000000, 0x00000000e8000000)
  eden space 87424K, 100% used [0x00000000e0000000, 0x00000000e5560000, 0x00000000e5560000)
  from space 21824K,  69% used [0x00000000e6ab0000, 0x00000000e79736c0, 0x00000000e8000000)
  to   space 21824K,   0% used [0x00000000e5560000, 0x00000000e5560000, 0x00000000e6ab0000)
 concurrent mark-sweep generation total 393216K, used 143224K [0x00000000e8000000, 0x0000000100000000, 0x0000000100000000)
 Metaspace       used 46714K, capacity 47224K, committed 47524K, reserved 1091584K
  class space    used 5088K, capacity 5217K, committed 5316K, reserved 1048576K
2016-06-20T14:18:17.408+0100: 1737.280: [GC (Allocation Failure) 2016-06-20T14:18:17.408+0100: 1737.280: [ParNew
Desired survivor size 20112992 bytes, new threshold 8 (max 8)
- age   1:     762176 bytes,     762176 total
- age   2:     383288 bytes,    1145464 total
- age   3:     173072 bytes,    1318536 total
- age   4:     137712 bytes,    1456248 total
- age   8:       9000 bytes,    1465248 total
: 102541K->1843K(109248K), 0.0096325 secs] 245765K->158514K(502464K), 0.0097134 secs] [Times: user=0.00 sys=0.00, real=0.01 secs] 
Heap after GC invocations=104 (full 2):
 par new generation   total 109248K, used 1843K [0x00000000e0000000, 0x00000000e8000000, 0x00000000e8000000)
  eden space 87424K,   0% used [0x00000000e0000000, 0x00000000e0000000, 0x00000000e5560000)
  from space 21824K,   8% used [0x00000000e5560000, 0x00000000e572cfc0, 0x00000000e6ab0000)
  to   space 21824K,   0% used [0x00000000e6ab0000, 0x00000000e6ab0000, 0x00000000e8000000)
 concurrent mark-sweep generation total 393216K, used 156670K [0x00000000e8000000, 0x0000000100000000, 0x0000000100000000)
 Metaspace       used 46714K, capacity 47224K, committed 47524K, reserved 1091584K
  class space    used 5088K, capacity 5217K, committed 5316K, reserved 1048576K
}
2016-06-20T14:18:17.418+0100: 1737.290: Total time for which application threads were stopped: 0.0099633 seconds, Stopping threads took: 0.0000253 seconds
2016-06-20T14:18:17.418+0100: 1737.290: Total time for which application threads were stopped: 0.0001188 seconds, Stopping threads took: 0.0000407 seconds
2016-06-20T14:18:17.418+0100: 1737.290: Total time for which application threads were stopped: 0.0000667 seconds, Stopping threads took: 0.0000253 seconds
2016-06-20T14:18:17.418+0100: 1737.290: Total time for which application threads were stopped: 0.0000624 seconds, Stopping threads took: 0.0000186 seconds
2016-06-20T14:18:17.418+0100: 1737.290: Total time for which application threads were stopped: 0.0000545 seconds, Stopping threads took: 0.0000162 seconds
2016-06-20T14:18:18.419+0100: 1738.290: Total time for which application threads were stopped: 0.0001176 seconds, Stopping threads took: 0.0000288 seconds
2016-06-20T14:18:20.420+0100: 1740.291: Total time for which application threads were stopped: 0.0000715 seconds, Stopping threads took: 0.0000209 seconds
2016-06-20T14:18:23.421+0100: 1743.292: Total time for which application threads were stopped: 0.0001038 seconds, Stopping threads took: 0.0000300 seconds
2016-06-20T14:18:25.422+0100: 1745.293: Total time for which application threads were stopped: 0.0001050 seconds, Stopping threads took: 0.0000284 seconds
2016-06-20T14:18:26.423+0100: 1746.294: Total time for which application threads were stopped: 0.0001066 seconds, Stopping threads took: 0.0000284 seconds
2016-06-20T14:18:29.424+0100: 1749.295: Total time for which application threads were stopped: 0.0001101 seconds, Stopping threads took: 0.0000268 seconds
2016-06-20T14:18:31.425+0100: 1751.296: Total time for which application threads were stopped: 0.0000896 seconds, Stopping threads took: 0.0000268 seconds
2016-06-20T14:18:34.432+0100: 1754.303: Total time for which application threads were stopped: 0.0000888 seconds, Stopping threads took: 0.0000257 seconds
2016-06-20T14:24:47.603+0100: 2127.475: Total time for which application threads were stopped: 0.0001109 seconds, Stopping threads took: 0.0000253 seconds
2016-06-20T14:24:47.604+0100: 2127.476: Total time for which application threads were stopped: 0.0000896 seconds, Stopping threads took: 0.0000118 seconds
2016-06-20T14:24:47.613+0100: 2127.485: Total time for which application threads were stopped: 0.0000730 seconds, Stopping threads took: 0.0000174 seconds
2016-06-20T14:24:48.614+0100: 2128.485: Total time for which application threads were stopped: 0.0001595 seconds, Stopping threads took: 0.0000474 seconds
{Heap before GC invocations=104 (full 2):
 par new generation   total 109248K, used 89267K [0x00000000e0000000, 0x00000000e8000000, 0x00000000e8000000)
  eden space 87424K, 100% used [0x00000000e0000000, 0x00000000e5560000, 0x00000000e5560000)
  from space 21824K,   8% used [0x00000000e5560000, 0x00000000e572cfc0, 0x00000000e6ab0000)
  to   space 21824K,   0% used [0x00000000e6ab0000, 0x00000000e6ab0000, 0x00000000e8000000)
 concurrent mark-sweep generation total 393216K, used 156670K [0x00000000e8000000, 0x0000000100000000, 0x0000000100000000)
 Metaspace       used 46742K, capacity 47288K, committed 47524K, reserved 1091584K
  class space    used 5088K, capacity 5217K, committed 5316K, reserved 1048576K
2016-06-20T14:24:48.623+0100: 2128.494: [GC (Allocation Failure) 2016-06-20T14:24:48.623+0100: 2128.494: [ParNew
Desired survivor size 20112992 bytes, new threshold 8 (max 8)
- age   1:    1693408 bytes,    1693408 total
- age   2:     132352 bytes,    1825760 total
- age   3:     382152 bytes,    2207912 total
- age   4:     173040 bytes,    2380952 total
- age   5:     137688 bytes,    2518640 total
: 89267K->3259K(109248K), 0.0037312 secs] 245938K->159939K(502464K), 0.0038469 secs] [Times: user=0.06 sys=0.00, real=0.00 secs] 
Heap after GC invocations=105 (full 2):
 par new generation   total 109248K, used 3259K [0x00000000e0000000, 0x00000000e8000000, 0x00000000e8000000)
  eden space 87424K,   0% used [0x00000000e0000000, 0x00000000e0000000, 0x00000000e5560000)
  from space 21824K,  14% used [0x00000000e6ab0000, 0x00000000e6ddece0, 0x00000000e8000000)
  to   space 21824K,   0% used [0x00000000e5560000, 0x00000000e5560000, 0x00000000e6ab0000)
 concurrent mark-sweep generation total 393216K, used 156679K [0x00000000e8000000, 0x0000000100000000, 0x0000000100000000)
 Metaspace       used 46742K, capacity 47288K, committed 47524K, reserved 1091584K
  class space    used 5088K, capacity 5217K, committed 5316K, reserved 1048576K
}
2016-06-20T14:24:48.626+0100: 2128.498: Total time for which application threads were stopped: 0.0041138 seconds, Stopping threads took: 0.0000288 seconds
2016-06-20T14:24:48.627+0100: 2128.498: Total time for which application threads were stopped: 0.0001236 seconds, Stopping threads took: 0.0000375 seconds
2016-06-20T14:24:48.627+0100: 2128.498: Total time for which application threads were stopped: 0.0002069 seconds, Stopping threads took: 0.0000205 seconds
{Heap before GC invocations=105 (full 2):
 par new generation   total 109248K, used 90683K [0x00000000e0000000, 0x00000000e8000000, 0x00000000e8000000)
  eden space 87424K, 100% used [0x00000000e0000000, 0x00000000e5560000, 0x00000000e5560000)
  from space 21824K,  14% used [0x00000000e6ab0000, 0x00000000e6ddece0, 0x00000000e8000000)
  to   space 21824K,   0% used [0x00000000e5560000, 0x00000000e5560000, 0x00000000e6ab0000)
 concurrent mark-sweep generation total 393216K, used 156679K [0x00000000e8000000, 0x0000000100000000, 0x0000000100000000)
 Metaspace       used 46743K, capacity 47288K, committed 47524K, reserved 1091584K
  class space    used 5088K, capacity 5217K, committed 5316K, reserved 1048576K
2016-06-20T14:24:48.868+0100: 2128.740: [GC (Allocation Failure) 2016-06-20T14:24:48.868+0100: 2128.740: [ParNew
Desired survivor size 20112992 bytes, new threshold 8 (max 8)
- age   1:    1672496 bytes,    1672496 total
- age   2:      60304 bytes,    1732800 total
- age   3:     127992 bytes,    1860792 total
- age   4:     382152 bytes,    2242944 total
- age   5:      25680 bytes,    2268624 total
- age   6:      62544 bytes,    2331168 total
: 90683K->3120K(109248K), 0.0032871 secs] 247363K->159800K(502464K), 0.0033618 secs] [Times: user=0.00 sys=0.00, real=0.00 secs] 
Heap after GC invocations=106 (full 2):
 par new generation   total 109248K, used 3120K [0x00000000e0000000, 0x00000000e8000000, 0x00000000e8000000)
  eden space 87424K,   0% used [0x00000000e0000000, 0x00000000e0000000, 0x00000000e5560000)
  from space 21824K,  14% used [0x00000000e5560000, 0x00000000e586c2d0, 0x00000000e6ab0000)
  to   space 21824K,   0% used [0x00000000e6ab0000, 0x00000000e6ab0000, 0x00000000e8000000)
 concurrent mark-sweep generation total 393216K, used 156679K [0x00000000e8000000, 0x0000000100000000, 0x0000000100000000)
 Metaspace       used 46743K, capacity 47288K, committed 47524K, reserved 1091584K
  class space    used 5088K, capacity 5217K, committed 5316K, reserved 1048576K
}
2016-06-20T14:24:48.872+0100: 2128.743: Total time for which application threads were stopped: 0.0035741 seconds, Stopping threads took: 0.0000233 seconds
{Heap before GC invocations=106 (full 2):
 par new generation   total 109248K, used 90544K [0x00000000e0000000, 0x00000000e8000000, 0x00000000e8000000)
  eden space 87424K, 100% used [0x00000000e0000000, 0x00000000e5560000, 0x00000000e5560000)
  from space 21824K,  14% used [0x00000000e5560000, 0x00000000e586c2d0, 0x00000000e6ab0000)
  to   space 21824K,   0% used [0x00000000e6ab0000, 0x00000000e6ab0000, 0x00000000e8000000)
 concurrent mark-sweep generation total 393216K, used 156679K [0x00000000e8000000, 0x0000000100000000, 0x0000000100000000)
 Metaspace       used 46749K, capacity 47288K, committed 47524K, reserved 1091584K
  class space    used 5088K, capacity 5217K, committed 5316K, reserved 1048576K
2016-06-20T14:24:49.071+0100: 2128.942: [GC (Allocation Failure) 2016-06-20T14:24:49.071+0100: 2128.943: [ParNew
Desired survivor size 20112992 bytes, new threshold 8 (max 8)
- age   1:    1739616 bytes,    1739616 total
- age   2:       3464 bytes,    1743080 total
- age   3:      57248 bytes,    1800328 total
- age   4:     127992 bytes,    1928320 total
- age   5:     382152 bytes,    2310472 total
- age   6:      20192 bytes,    2330664 total
- age   7:      59800 bytes,    2390464 total
: 90544K->2914K(109248K), 0.0046668 secs] 247224K->159594K(502464K), 0.0047363 secs] [Times: user=0.00 sys=0.00, real=0.00 secs] 
Heap after GC invocations=107 (full 2):
 par new generation   total 109248K, used 2914K [0x00000000e0000000, 0x00000000e8000000, 0x00000000e8000000)
  eden space 87424K,   0% used [0x00000000e0000000, 0x00000000e0000000, 0x00000000e5560000)
  from space 21824K,  13% used [0x00000000e6ab0000, 0x00000000e6d889d0, 0x00000000e8000000)
  to   space 21824K,   0% used [0x00000000e5560000, 0x00000000e5560000, 0x00000000e6ab0000)
 concurrent mark-sweep generation total 393216K, used 156679K [0x00000000e8000000, 0x0000000100000000, 0x0000000100000000)
 Metaspace       used 46749K, capacity 47288K, committed 47524K, reserved 1091584K
  class space    used 5088K, capacity 5217K, committed 5316K, reserved 1048576K
}
2016-06-20T14:24:49.076+0100: 2128.947: Total time for which application threads were stopped: 0.0049368 seconds, Stopping threads took: 0.0000186 seconds
2016-06-20T14:24:50.076+0100: 2129.948: Total time for which application threads were stopped: 0.0001086 seconds, Stopping threads took: 0.0000261 seconds
2016-06-20T14:24:51.077+0100: 2130.948: Total time for which application threads were stopped: 0.0000940 seconds, Stopping threads took: 0.0000276 seconds
{Heap before GC invocations=107 (full 2):
 par new generation   total 109248K, used 90338K [0x00000000e0000000, 0x00000000e8000000, 0x00000000e8000000)
  eden space 87424K, 100% used [0x00000000e0000000, 0x00000000e5560000, 0x00000000e5560000)
  from space 21824K,  13% used [0x00000000e6ab0000, 0x00000000e6d889d0, 0x00000000e8000000)
  to   space 21824K,   0% used [0x00000000e5560000, 0x00000000e5560000, 0x00000000e6ab0000)
 concurrent mark-sweep generation total 393216K, used 156679K [0x00000000e8000000, 0x0000000100000000, 0x0000000100000000)
 Metaspace       used 46761K, capacity 47294K, committed 47524K, reserved 1091584K
  class space    used 5088K, capacity 5218K, committed 5316K, reserved 1048576K
2016-06-20T14:24:52.954+0100: 2132.826: [GC (Allocation Failure) 2016-06-20T14:24:52.954+0100: 2132.826: [ParNew
Desired survivor size 20112992 bytes, new threshold 8 (max 8)
- age   1:   19456064 bytes,   19456064 total
- age   2:       1832 bytes,   19457896 total
- age   3:        408 bytes,   19458304 total
- age   4:      54968 bytes,   19513272 total
- age   5:     126648 bytes,   19639920 total
- age   6:     382152 bytes,   20022072 total
- age   7:      20192 bytes,   20042264 total
- age   8:      59704 bytes,   20101968 total
: 90338K->20933K(109248K), 0.0091280 secs] 247018K->177613K(502464K), 0.0092077 secs] [Times: user=0.00 sys=0.00, real=0.01 secs] 
Heap after GC invocations=108 (full 2):
 par new generation   total 109248K, used 20933K [0x00000000e0000000, 0x00000000e8000000, 0x00000000e8000000)
  eden space 87424K,   0% used [0x00000000e0000000, 0x00000000e0000000, 0x00000000e5560000)
  from space 21824K,  95% used [0x00000000e5560000, 0x00000000e69d16d0, 0x00000000e6ab0000)
  to   space 21824K,   0% used [0x00000000e6ab0000, 0x00000000e6ab0000, 0x00000000e8000000)
 concurrent mark-sweep generation total 393216K, used 156679K [0x00000000e8000000, 0x0000000100000000, 0x0000000100000000)
 Metaspace       used 46761K, capacity 47294K, committed 47524K, reserved 1091584K
  class space    used 5088K, capacity 5218K, committed 5316K, reserved 1048576K
}
2016-06-20T14:24:52.963+0100: 2132.835: Total time for which application threads were stopped: 0.0094158 seconds, Stopping threads took: 0.0000268 seconds
2016-06-20T14:24:52.963+0100: 2132.835: Total time for which application threads were stopped: 0.0002155 seconds, Stopping threads took: 0.0000865 seconds
2016-06-20T14:24:52.963+0100: 2132.835: Total time for which application threads were stopped: 0.0000849 seconds, Stopping threads took: 0.0000237 seconds
2016-06-20T14:24:52.963+0100: 2132.835: Total time for which application threads were stopped: 0.0000675 seconds, Stopping threads took: 0.0000162 seconds
2016-06-20T14:24:52.964+0100: 2132.835: Total time for which application threads were stopped: 0.0000596 seconds, Stopping threads took: 0.0000142 seconds
2016-06-20T14:24:52.964+0100: 2132.836: Total time for which application threads were stopped: 0.0000565 seconds, Stopping threads took: 0.0000134 seconds
2016-06-20T14:24:52.964+0100: 2132.836: Total time for which application threads were stopped: 0.0000943 seconds, Stopping threads took: 0.0000458 seconds
2016-06-20T14:24:52.964+0100: 2132.836: Total time for which application threads were stopped: 0.0000805 seconds, Stopping threads took: 0.0000355 seconds
2016-06-20T14:24:52.964+0100: 2132.836: Total time for which application threads were stopped: 0.0000940 seconds, Stopping threads took: 0.0000387 seconds
2016-06-20T14:24:52.964+0100: 2132.836: Total time for which application threads were stopped: 0.0000509 seconds, Stopping threads took: 0.0000114 seconds
2016-06-20T14:24:52.964+0100: 2132.836: Total time for which application threads were stopped: 0.0000758 seconds, Stopping threads took: 0.0000296 seconds
2016-06-20T14:24:52.964+0100: 2132.836: Total time for which application threads were stopped: 0.0000426 seconds, Stopping threads took: 0.0000114 seconds
2016-06-20T14:24:52.964+0100: 2132.836: Total time for which application threads were stopped: 0.0000533 seconds, Stopping threads took: 0.0000118 seconds
2016-06-20T14:24:52.965+0100: 2132.836: Total time for which application threads were stopped: 0.0000782 seconds, Stopping threads took: 0.0000158 seconds
2016-06-20T14:24:52.965+0100: 2132.837: Total time for which application threads were stopped: 0.0000466 seconds, Stopping threads took: 0.0000122 seconds
2016-06-20T14:24:52.965+0100: 2132.837: Total time for which application threads were stopped: 0.0000604 seconds, Stopping threads took: 0.0000126 seconds
2016-06-20T14:24:52.965+0100: 2132.837: Total time for which application threads were stopped: 0.0000679 seconds, Stopping threads took: 0.0000257 seconds
2016-06-20T14:24:52.965+0100: 2132.837: Total time for which application threads were stopped: 0.0000572 seconds, Stopping threads took: 0.0000276 seconds
2016-06-20T14:24:52.965+0100: 2132.837: Total time for which application threads were stopped: 0.0000525 seconds, Stopping threads took: 0.0000241 seconds
2016-06-20T14:24:52.965+0100: 2132.837: Total time for which application threads were stopped: 0.0000884 seconds, Stopping threads took: 0.0000458 seconds
2016-06-20T14:24:52.965+0100: 2132.837: Total time for which application threads were stopped: 0.0001611 seconds, Stopping threads took: 0.0000288 seconds
{Heap before GC invocations=108 (full 2):
 par new generation   total 109248K, used 108357K [0x00000000e0000000, 0x00000000e8000000, 0x00000000e8000000)
  eden space 87424K, 100% used [0x00000000e0000000, 0x00000000e5560000, 0x00000000e5560000)
  from space 21824K,  95% used [0x00000000e5560000, 0x00000000e69d16d0, 0x00000000e6ab0000)
  to   space 21824K,   0% used [0x00000000e6ab0000, 0x00000000e6ab0000, 0x00000000e8000000)
 concurrent mark-sweep generation total 393216K, used 156679K [0x00000000e8000000, 0x0000000100000000, 0x0000000100000000)
 Metaspace       used 46763K, capacity 47294K, committed 47524K, reserved 1091584K
  class space    used 5088K, capacity 5218K, committed 5316K, reserved 1048576K
2016-06-20T14:24:53.099+0100: 2132.971: [GC (Allocation Failure) 2016-06-20T14:24:53.099+0100: 2132.971: [ParNew
Desired survivor size 20112992 bytes, new threshold 2 (max 8)
- age   1:    3242656 bytes,    3242656 total
- age   2:   18344736 bytes,   21587392 total
- age   3:        408 bytes,   21587800 total
- age   4:        408 bytes,   21588208 total
- age   5:      54968 bytes,   21643176 total
- age   6:     126648 bytes,   21769824 total
- age   7:     382152 bytes,   22151976 total
- age   8:      20192 bytes,   22172168 total
: 108357K->21824K(109248K), 0.0093605 secs] 265037K->179644K(502464K), 0.0094122 secs] [Times: user=0.00 sys=0.01, real=0.01 secs] 
Heap after GC invocations=109 (full 2):
 par new generation   total 109248K, used 21824K [0x00000000e0000000, 0x00000000e8000000, 0x00000000e8000000)
  eden space 87424K,   0% used [0x00000000e0000000, 0x00000000e0000000, 0x00000000e5560000)
  from space 21824K, 100% used [0x00000000e6ab0000, 0x00000000e8000000, 0x00000000e8000000)
  to   space 21824K,   0% used [0x00000000e5560000, 0x00000000e5560000, 0x00000000e6ab0000)
 concurrent mark-sweep generation total 393216K, used 157820K [0x00000000e8000000, 0x0000000100000000, 0x0000000100000000)
 Metaspace       used 46763K, capacity 47294K, committed 47524K, reserved 1091584K
  class space    used 5088K, capacity 5218K, committed 5316K, reserved 1048576K
}
2016-06-20T14:24:53.109+0100: 2132.980: Total time for which application threads were stopped: 0.0096273 seconds, Stopping threads took: 0.0000245 seconds
{Heap before GC invocations=109 (full 2):
 par new generation   total 109248K, used 109248K [0x00000000e0000000, 0x00000000e8000000, 0x00000000e8000000)
  eden space 87424K, 100% used [0x00000000e0000000, 0x00000000e5560000, 0x00000000e5560000)
  from space 21824K, 100% used [0x00000000e6ab0000, 0x00000000e8000000, 0x00000000e8000000)
  to   space 21824K,   0% used [0x00000000e5560000, 0x00000000e5560000, 0x00000000e6ab0000)
 concurrent mark-sweep generation total 393216K, used 157820K [0x00000000e8000000, 0x0000000100000000, 0x0000000100000000)
 Metaspace       used 46763K, capacity 47294K, committed 47524K, reserved 1091584K
  class space    used 5088K, capacity 5218K, committed 5316K, reserved 1048576K
2016-06-20T14:24:53.210+0100: 2133.081: [GC (Allocation Failure) 2016-06-20T14:24:53.210+0100: 2133.081: [ParNew
Desired survivor size 20112992 bytes, new threshold 8 (max 8)
- age   1:    1932640 bytes,    1932640 total
- age   2:    2718008 bytes,    4650648 total
: 109248K->20047K(109248K), 0.0143479 secs] 267068K->196341K(502464K), 0.0144138 secs] [Times: user=0.06 sys=0.00, real=0.01 secs] 
Heap after GC invocations=110 (full 2):
 par new generation   total 109248K, used 20047K [0x00000000e0000000, 0x00000000e8000000, 0x00000000e8000000)
  eden space 87424K,   0% used [0x00000000e0000000, 0x00000000e0000000, 0x00000000e5560000)
  from space 21824K,  91% used [0x00000000e5560000, 0x00000000e68f3f20, 0x00000000e6ab0000)
  to   space 21824K,   0% used [0x00000000e6ab0000, 0x00000000e6ab0000, 0x00000000e8000000)
 concurrent mark-sweep generation total 393216K, used 176294K [0x00000000e8000000, 0x0000000100000000, 0x0000000100000000)
 Metaspace       used 46763K, capacity 47294K, committed 47524K, reserved 1091584K
  class space    used 5088K, capacity 5218K, committed 5316K, reserved 1048576K
}
2016-06-20T14:24:53.224+0100: 2133.096: Total time for which application threads were stopped: 0.0146416 seconds, Stopping threads took: 0.0000312 seconds
{Heap before GC invocations=110 (full 2):
 par new generation   total 109248K, used 107471K [0x00000000e0000000, 0x00000000e8000000, 0x00000000e8000000)
  eden space 87424K, 100% used [0x00000000e0000000, 0x00000000e5560000, 0x00000000e5560000)
  from space 21824K,  91% used [0x00000000e5560000, 0x00000000e68f3f20, 0x00000000e6ab0000)
  to   space 21824K,   0% used [0x00000000e6ab0000, 0x00000000e6ab0000, 0x00000000e8000000)
 concurrent mark-sweep generation total 393216K, used 176294K [0x00000000e8000000, 0x0000000100000000, 0x0000000100000000)
 Metaspace       used 46763K, capacity 47294K, committed 47524K, reserved 1091584K
  class space    used 5088K, capacity 5218K, committed 5316K, reserved 1048576K
2016-06-20T14:24:53.333+0100: 2133.204: [GC (Allocation Failure) 2016-06-20T14:24:53.333+0100: 2133.204: [ParNew
Desired survivor size 20112992 bytes, new threshold 8 (max 8)
- age   1:    1804368 bytes,    1804368 total
- age   2:     785600 bytes,    2589968 total
- age   3:    2718008 bytes,    5307976 total
: 107471K->7678K(109248K), 0.0037297 secs] 283765K->183972K(502464K), 0.0038078 secs] [Times: user=0.00 sys=0.00, real=0.00 secs] 
Heap after GC invocations=111 (full 2):
 par new generation   total 109248K, used 7678K [0x00000000e0000000, 0x00000000e8000000, 0x00000000e8000000)
  eden space 87424K,   0% used [0x00000000e0000000, 0x00000000e0000000, 0x00000000e5560000)
  from space 21824K,  35% used [0x00000000e6ab0000, 0x00000000e722fa30, 0x00000000e8000000)
  to   space 21824K,   0% used [0x00000000e5560000, 0x00000000e5560000, 0x00000000e6ab0000)
 concurrent mark-sweep generation total 393216K, used 176294K [0x00000000e8000000, 0x0000000100000000, 0x0000000100000000)
 Metaspace       used 46763K, capacity 47294K, committed 47524K, reserved 1091584K
  class space    used 5088K, capacity 5218K, committed 5316K, reserved 1048576K
}
2016-06-20T14:24:53.336+0100: 2133.208: Total time for which application threads were stopped: 0.0040384 seconds, Stopping threads took: 0.0000201 seconds
{Heap before GC invocations=111 (full 2):
 par new generation   total 109248K, used 95102K [0x00000000e0000000, 0x00000000e8000000, 0x00000000e8000000)
  eden space 87424K, 100% used [0x00000000e0000000, 0x00000000e5560000, 0x00000000e5560000)
  from space 21824K,  35% used [0x00000000e6ab0000, 0x00000000e722fa30, 0x00000000e8000000)
  to   space 21824K,   0% used [0x00000000e5560000, 0x00000000e5560000, 0x00000000e6ab0000)
 concurrent mark-sweep generation total 393216K, used 176294K [0x00000000e8000000, 0x0000000100000000, 0x0000000100000000)
 Metaspace       used 46763K, capacity 47294K, committed 47524K, reserved 1091584K
  class space    used 5088K, capacity 5218K, committed 5316K, reserved 1048576K
2016-06-20T14:24:53.450+0100: 2133.322: [GC (Allocation Failure) 2016-06-20T14:24:53.450+0100: 2133.322: [ParNew
Desired survivor size 20112992 bytes, new threshold 8 (max 8)
- age   1:    1489072 bytes,    1489072 total
- age   2:    1541048 bytes,    3030120 total
- age   3:     785600 bytes,    3815720 total
- age   4:    2728096 bytes,    6543816 total
: 95102K->8248K(109248K), 0.0040593 secs] 271396K->184542K(502464K), 0.0041426 secs] [Times: user=0.06 sys=0.00, real=0.00 secs] 
Heap after GC invocations=112 (full 2):
 par new generation   total 109248K, used 8248K [0x00000000e0000000, 0x00000000e8000000, 0x00000000e8000000)
  eden space 87424K,   0% used [0x00000000e0000000, 0x00000000e0000000, 0x00000000e5560000)
  from space 21824K,  37% used [0x00000000e5560000, 0x00000000e5d6e170, 0x00000000e6ab0000)
  to   space 21824K,   0% used [0x00000000e6ab0000, 0x00000000e6ab0000, 0x00000000e8000000)
 concurrent mark-sweep generation total 393216K, used 176294K [0x00000000e8000000, 0x0000000100000000, 0x0000000100000000)
 Metaspace       used 46763K, capacity 47294K, committed 47524K, reserved 1091584K
  class space    used 5088K, capacity 5218K, committed 5316K, reserved 1048576K
}
2016-06-20T14:24:53.455+0100: 2133.326: Total time for which application threads were stopped: 0.0043660 seconds, Stopping threads took: 0.0000316 seconds
{Heap before GC invocations=112 (full 2):
 par new generation   total 109248K, used 95672K [0x00000000e0000000, 0x00000000e8000000, 0x00000000e8000000)
  eden space 87424K, 100% used [0x00000000e0000000, 0x00000000e5560000, 0x00000000e5560000)
  from space 21824K,  37% used [0x00000000e5560000, 0x00000000e5d6e170, 0x00000000e6ab0000)
  to   space 21824K,   0% used [0x00000000e6ab0000, 0x00000000e6ab0000, 0x00000000e8000000)
 concurrent mark-sweep generation total 393216K, used 176294K [0x00000000e8000000, 0x0000000100000000, 0x0000000100000000)
 Metaspace       used 46763K, capacity 47294K, committed 47524K, reserved 1091584K
  class space    used 5088K, capacity 5218K, committed 5316K, reserved 1048576K
2016-06-20T14:24:54.577+0100: 2134.448: [GC (Allocation Failure) 2016-06-20T14:24:54.577+0100: 2134.448: [ParNew
Desired survivor size 20112992 bytes, new threshold 8 (max 8)
- age   1:    3248280 bytes,    3248280 total
- age   2:      32488 bytes,    3280768 total
- age   3:      32936 bytes,    3313704 total
- age   4:      31200 bytes,    3344904 total
- age   5:     356328 bytes,    3701232 total
: 95672K->5734K(109248K), 0.0031565 secs] 271966K->182028K(502464K), 0.0032386 secs] [Times: user=0.06 sys=0.00, real=0.00 secs] 
Heap after GC invocations=113 (full 2):
 par new generation   total 109248K, used 5734K [0x00000000e0000000, 0x00000000e8000000, 0x00000000e8000000)
  eden space 87424K,   0% used [0x00000000e0000000, 0x00000000e0000000, 0x00000000e5560000)
  from space 21824K,  26% used [0x00000000e6ab0000, 0x00000000e70499a8, 0x00000000e8000000)
  to   space 21824K,   0% used [0x00000000e5560000, 0x00000000e5560000, 0x00000000e6ab0000)
 concurrent mark-sweep generation total 393216K, used 176294K [0x00000000e8000000, 0x0000000100000000, 0x0000000100000000)
 Metaspace       used 46763K, capacity 47294K, committed 47524K, reserved 1091584K
  class space    used 5088K, capacity 5218K, committed 5316K, reserved 1048576K
}
2016-06-20T14:24:54.580+0100: 2134.452: Total time for which application threads were stopped: 0.0034908 seconds, Stopping threads took: 0.0000257 seconds
2016-06-20T14:24:55.580+0100: 2135.452: Total time for which application threads were stopped: 0.0001129 seconds, Stopping threads took: 0.0000288 seconds
2016-06-20T14:25:01.583+0100: 2141.454: Total time for which application threads were stopped: 0.0000943 seconds, Stopping threads took: 0.0000288 seconds
2016-06-20T14:25:02.583+0100: 2142.454: Total time for which application threads were stopped: 0.0001449 seconds, Stopping threads took: 0.0000316 seconds
2016-06-20T14:25:03.583+0100: 2143.454: Total time for which application threads were stopped: 0.0001338 seconds, Stopping threads took: 0.0000324 seconds
{Heap before GC invocations=113 (full 2):
 par new generation   total 109248K, used 93158K [0x00000000e0000000, 0x00000000e8000000, 0x00000000e8000000)
  eden space 87424K, 100% used [0x00000000e0000000, 0x00000000e5560000, 0x00000000e5560000)
  from space 21824K,  26% used [0x00000000e6ab0000, 0x00000000e70499a8, 0x00000000e8000000)
  to   space 21824K,   0% used [0x00000000e5560000, 0x00000000e5560000, 0x00000000e6ab0000)
 concurrent mark-sweep generation total 393216K, used 176294K [0x00000000e8000000, 0x0000000100000000, 0x0000000100000000)
 Metaspace       used 46885K, capacity 47452K, committed 47780K, reserved 1091584K
  class space    used 5091K, capacity 5223K, committed 5316K, reserved 1048576K
2016-06-20T14:25:06.680+0100: 2146.552: [GC (Allocation Failure) 2016-06-20T14:25:06.681+0100: 2146.552: [ParNew
Desired survivor size 20112992 bytes, new threshold 8 (max 8)
- age   1:     964024 bytes,     964024 total
- age   2:    2311000 bytes,    3275024 total
- age   3:      32488 bytes,    3307512 total
- age   4:      32936 bytes,    3340448 total
- age   5:      31200 bytes,    3371648 total
- age   6:     356328 bytes,    3727976 total
: 93158K->4027K(109248K), 0.0047237 secs] 269452K->180321K(502464K), 0.0048081 secs] [Times: user=0.00 sys=0.00, real=0.00 secs] 
Heap after GC invocations=114 (full 2):
 par new generation   total 109248K, used 4027K [0x00000000e0000000, 0x00000000e8000000, 0x00000000e8000000)
  eden space 87424K,   0% used [0x00000000e0000000, 0x00000000e0000000, 0x00000000e5560000)
  from space 21824K,  18% used [0x00000000e5560000, 0x00000000e594ec58, 0x00000000e6ab0000)
  to   space 21824K,   0% used [0x00000000e6ab0000, 0x00000000e6ab0000, 0x00000000e8000000)
 concurrent mark-sweep generation total 393216K, used 176294K [0x00000000e8000000, 0x0000000100000000, 0x0000000100000000)
 Metaspace       used 46885K, capacity 47452K, committed 47780K, reserved 1091584K
  class space    used 5091K, capacity 5223K, committed 5316K, reserved 1048576K
}
2016-06-20T14:25:06.685+0100: 2146.556: Total time for which application threads were stopped: 0.0049992 seconds, Stopping threads took: 0.0000324 seconds
2016-06-20T14:25:07.685+0100: 2147.557: Total time for which application threads were stopped: 0.0001342 seconds, Stopping threads took: 0.0000493 seconds
2016-06-20T14:25:12.686+0100: 2152.557: Total time for which application threads were stopped: 0.0000624 seconds, Stopping threads took: 0.0000166 seconds
{Heap before GC invocations=114 (full 2):
 par new generation   total 109248K, used 91451K [0x00000000e0000000, 0x00000000e8000000, 0x00000000e8000000)
  eden space 87424K, 100% used [0x00000000e0000000, 0x00000000e5560000, 0x00000000e5560000)
  from space 21824K,  18% used [0x00000000e5560000, 0x00000000e594ec58, 0x00000000e6ab0000)
  to   space 21824K,   0% used [0x00000000e6ab0000, 0x00000000e6ab0000, 0x00000000e8000000)
 concurrent mark-sweep generation total 393216K, used 176294K [0x00000000e8000000, 0x0000000100000000, 0x0000000100000000)
 Metaspace       used 46885K, capacity 47452K, committed 47780K, reserved 1091584K
  class space    used 5091K, capacity 5223K, committed 5316K, reserved 1048576K
2016-06-20T14:25:20.911+0100: 2160.782: [GC (Allocation Failure) 2016-06-20T14:25:20.911+0100: 2160.782: [ParNew
Desired survivor size 20112992 bytes, new threshold 8 (max 8)
- age   1:    9706088 bytes,    9706088 total
- age   2:     422824 bytes,   10128912 total
- age   3:    2311000 bytes,   12439912 total
- age   4:      32488 bytes,   12472400 total
- age   5:      32936 bytes,   12505336 total
- age   6:      31200 bytes,   12536536 total
- age   7:     356328 bytes,   12892864 total
: 91451K->13334K(109248K), 0.0084344 secs] 267745K->189628K(502464K), 0.0085145 secs] [Times: user=0.00 sys=0.00, real=0.01 secs] 
Heap after GC invocations=115 (full 2):
 par new generation   total 109248K, used 13334K [0x00000000e0000000, 0x00000000e8000000, 0x00000000e8000000)
  eden space 87424K,   0% used [0x00000000e0000000, 0x00000000e0000000, 0x00000000e5560000)
  from space 21824K,  61% used [0x00000000e6ab0000, 0x00000000e77b58c8, 0x00000000e8000000)
  to   space 21824K,   0% used [0x00000000e5560000, 0x00000000e5560000, 0x00000000e6ab0000)
 concurrent mark-sweep generation total 393216K, used 176294K [0x00000000e8000000, 0x0000000100000000, 0x0000000100000000)
 Metaspace       used 46885K, capacity 47452K, committed 47780K, reserved 1091584K
  class space    used 5091K, capacity 5223K, committed 5316K, reserved 1048576K
}
2016-06-20T14:25:20.919+0100: 2160.790: Total time for which application threads were stopped: 0.0087731 seconds, Stopping threads took: 0.0000312 seconds
{Heap before GC invocations=115 (full 2):
 par new generation   total 109248K, used 100758K [0x00000000e0000000, 0x00000000e8000000, 0x00000000e8000000)
  eden space 87424K, 100% used [0x00000000e0000000, 0x00000000e5560000, 0x00000000e5560000)
  from space 21824K,  61% used [0x00000000e6ab0000, 0x00000000e77b58c8, 0x00000000e8000000)
  to   space 21824K,   0% used [0x00000000e5560000, 0x00000000e5560000, 0x00000000e6ab0000)
 concurrent mark-sweep generation total 393216K, used 176294K [0x00000000e8000000, 0x0000000100000000, 0x0000000100000000)
 Metaspace       used 46885K, capacity 47452K, committed 47780K, reserved 1091584K
  class space    used 5091K, capacity 5223K, committed 5316K, reserved 1048576K
2016-06-20T14:25:21.181+0100: 2161.053: [GC (Allocation Failure) 2016-06-20T14:25:21.181+0100: 2161.053: [ParNew
Desired survivor size 20112992 bytes, new threshold 4 (max 8)
- age   1:   14394552 bytes,   14394552 total
- age   2:    4735944 bytes,   19130496 total
- age   3:     422824 bytes,   19553320 total
- age   4:    2311000 bytes,   21864320 total
- age   5:      32488 bytes,   21896808 total
- age   6:      32936 bytes,   21929744 total
- age   7:      31200 bytes,   21960944 total
- age   8:     356328 bytes,   22317272 total
: 100758K->21824K(109248K), 0.0492054 secs] 277052K->217630K(502464K), 0.0493147 secs] [Times: user=0.16 sys=0.02, real=0.05 secs] 
Heap after GC invocations=116 (full 2):
 par new generation   total 109248K, used 21824K [0x00000000e0000000, 0x00000000e8000000, 0x00000000e8000000)
  eden space 87424K,   0% used [0x00000000e0000000, 0x00000000e0000000, 0x00000000e5560000)
  from space 21824K, 100% used [0x00000000e5560000, 0x00000000e6ab0000, 0x00000000e6ab0000)
  to   space 21824K,   0% used [0x00000000e6ab0000, 0x00000000e6ab0000, 0x00000000e8000000)
 concurrent mark-sweep generation total 393216K, used 195806K [0x00000000e8000000, 0x0000000100000000, 0x0000000100000000)
 Metaspace       used 46885K, capacity 47452K, committed 47780K, reserved 1091584K
  class space    used 5091K, capacity 5223K, committed 5316K, reserved 1048576K
}
2016-06-20T14:25:21.231+0100: 2161.102: Total time for which application threads were stopped: 0.0496364 seconds, Stopping threads took: 0.0000454 seconds
{Heap before GC invocations=116 (full 2):
 par new generation   total 109248K, used 109248K [0x00000000e0000000, 0x00000000e8000000, 0x00000000e8000000)
  eden space 87424K, 100% used [0x00000000e0000000, 0x00000000e5560000, 0x00000000e5560000)
  from space 21824K, 100% used [0x00000000e5560000, 0x00000000e6ab0000, 0x00000000e6ab0000)
  to   space 21824K,   0% used [0x00000000e6ab0000, 0x00000000e6ab0000, 0x00000000e8000000)
 concurrent mark-sweep generation total 393216K, used 195806K [0x00000000e8000000, 0x0000000100000000, 0x0000000100000000)
 Metaspace       used 46886K, capacity 47452K, committed 47780K, reserved 1091584K
  class space    used 5091K, capacity 5223K, committed 5316K, reserved 1048576K
2016-06-20T14:25:21.689+0100: 2161.560: [GC (Allocation Failure) 2016-06-20T14:25:21.689+0100: 2161.560: [ParNew
Desired survivor size 20112992 bytes, new threshold 3 (max 8)
- age   1:    6312320 bytes,    6312320 total
- age   2:   13628736 bytes,   19941056 total
- age   3:    2240432 bytes,   22181488 total
- age   4:      78400 bytes,   22259888 total
: 109248K->21824K(109248K), 0.0375272 secs] 305054K->233717K(502464K), 0.0376141 secs] [Times: user=0.13 sys=0.00, real=0.04 secs] 
Heap after GC invocations=117 (full 2):
 par new generation   total 109248K, used 21824K [0x00000000e0000000, 0x00000000e8000000, 0x00000000e8000000)
  eden space 87424K,   0% used [0x00000000e0000000, 0x00000000e0000000, 0x00000000e5560000)
  from space 21824K, 100% used [0x00000000e6ab0000, 0x00000000e8000000, 0x00000000e8000000)
  to   space 21824K,   0% used [0x00000000e5560000, 0x00000000e5560000, 0x00000000e6ab0000)
 concurrent mark-sweep generation total 393216K, used 211893K [0x00000000e8000000, 0x0000000100000000, 0x0000000100000000)
 Metaspace       used 46886K, capacity 47452K, committed 47780K, reserved 1091584K
  class space    used 5091K, capacity 5223K, committed 5316K, reserved 1048576K
}
2016-06-20T14:25:21.726+0100: 2161.598: Total time for which application threads were stopped: 0.0378774 seconds, Stopping threads took: 0.0000253 seconds
2016-06-20T14:25:21.727+0100: 2161.598: [GC (CMS Initial Mark) [1 CMS-initial-mark: 211893K(393216K)] 233718K(502464K), 0.0047158 secs] [Times: user=0.00 sys=0.00, real=0.01 secs] 
2016-06-20T14:25:21.732+0100: 2161.603: Total time for which application threads were stopped: 0.0048855 seconds, Stopping threads took: 0.0000257 seconds
2016-06-20T14:25:21.732+0100: 2161.603: [CMS-concurrent-mark-start]
2016-06-20T14:25:21.768+0100: 2161.639: [CMS-concurrent-mark: 0.036/0.036 secs] [Times: user=0.19 sys=0.00, real=0.04 secs] 
2016-06-20T14:25:21.768+0100: 2161.639: [CMS-concurrent-preclean-start]
2016-06-20T14:25:21.769+0100: 2161.640: [CMS-concurrent-preclean: 0.001/0.001 secs] [Times: user=0.00 sys=0.00, real=0.00 secs] 
2016-06-20T14:25:21.769+0100: 2161.641: [GC (CMS Final Remark) [YG occupancy: 23010 K (109248 K)]{Heap before GC invocations=117 (full 3):
 par new generation   total 109248K, used 23010K [0x00000000e0000000, 0x00000000e8000000, 0x00000000e8000000)
  eden space 87424K,   1% used [0x00000000e0000000, 0x00000000e0128a70, 0x00000000e5560000)
  from space 21824K, 100% used [0x00000000e6ab0000, 0x00000000e8000000, 0x00000000e8000000)
  to   space 21824K,   0% used [0x00000000e5560000, 0x00000000e5560000, 0x00000000e6ab0000)
 concurrent mark-sweep generation total 393216K, used 211893K [0x00000000e8000000, 0x0000000100000000, 0x0000000100000000)
 Metaspace       used 46886K, capacity 47452K, committed 47780K, reserved 1091584K
  class space    used 5091K, capacity 5223K, committed 5316K, reserved 1048576K
2016-06-20T14:25:21.770+0100: 2161.641: [GC (CMS Final Remark) 2016-06-20T14:25:21.770+0100: 2161.641: [ParNew
Desired survivor size 20112992 bytes, new threshold 3 (max 8)
- age   1:     247384 bytes,     247384 total
- age   2:    6310384 bytes,    6557768 total
- age   3:   13628736 bytes,   20186504 total
: 23010K->21824K(109248K), 0.0149049 secs] 234904K->235981K(502464K), 0.0149724 secs] [Times: user=0.06 sys=0.00, real=0.02 secs] 
Heap after GC invocations=118 (full 3):
 par new generation   total 109248K, used 21824K [0x00000000e0000000, 0x00000000e8000000, 0x00000000e8000000)
  eden space 87424K,   0% used [0x00000000e0000000, 0x00000000e0000000, 0x00000000e5560000)
  from space 21824K, 100% used [0x00000000e5560000, 0x00000000e6ab0000, 0x00000000e6ab0000)
  to   space 21824K,   0% used [0x00000000e6ab0000, 0x00000000e6ab0000, 0x00000000e8000000)
 concurrent mark-sweep generation total 393216K, used 214157K [0x00000000e8000000, 0x0000000100000000, 0x0000000100000000)
 Metaspace       used 46886K, capacity 47452K, committed 47780K, reserved 1091584K
  class space    used 5091K, capacity 5223K, committed 5316K, reserved 1048576K
}
2016-06-20T14:25:21.785+0100: 2161.656: [Rescan (parallel) , 0.0061870 secs]2016-06-20T14:25:21.791+0100: 2161.662: [weak refs processing, 0.0039290 secs]2016-06-20T14:25:21.795+0100: 2161.666: [class unloading, 0.0158085 secs]2016-06-20T14:25:21.811+0100: 2161.682: [scrub symbol table, 0.0120745 secs]2016-06-20T14:25:21.823+0100: 2161.694: [scrub string table, 0.0016177 secs][1 CMS-remark: 214157K(393216K)] 235981K(502464K), 0.0562905 secs] [Times: user=0.09 sys=0.00, real=0.06 secs] 
2016-06-20T14:25:21.826+0100: 2161.697: Total time for which application threads were stopped: 0.0564752 seconds, Stopping threads took: 0.0000497 seconds
2016-06-20T14:25:21.826+0100: 2161.697: [CMS-concurrent-sweep-start]
2016-06-20T14:25:21.914+0100: 2161.786: Total time for which application threads were stopped: 0.0001109 seconds, Stopping threads took: 0.0000249 seconds
2016-06-20T14:25:21.935+0100: 2161.807: [CMS-concurrent-sweep: 0.109/0.109 secs] [Times: user=0.27 sys=0.00, real=0.11 secs] 
2016-06-20T14:25:21.936+0100: 2161.807: [CMS-concurrent-reset-start]
2016-06-20T14:25:21.937+0100: 2161.808: [CMS-concurrent-reset: 0.002/0.002 secs] [Times: user=0.00 sys=0.02, real=0.00 secs] 
{Heap before GC invocations=118 (full 3):
 par new generation   total 109248K, used 109248K [0x00000000e0000000, 0x00000000e8000000, 0x00000000e8000000)
  eden space 87424K, 100% used [0x00000000e0000000, 0x00000000e5560000, 0x00000000e5560000)
  from space 21824K, 100% used [0x00000000e5560000, 0x00000000e6ab0000, 0x00000000e6ab0000)
  to   space 21824K,   0% used [0x00000000e6ab0000, 0x00000000e6ab0000, 0x00000000e8000000)
 concurrent mark-sweep generation total 393216K, used 65379K [0x00000000e8000000, 0x0000000100000000, 0x0000000100000000)
 Metaspace       used 46886K, capacity 47452K, committed 47780K, reserved 1091584K
  class space    used 5091K, capacity 5223K, committed 5316K, reserved 1048576K
2016-06-20T14:25:22.256+0100: 2162.128: [GC (Allocation Failure) 2016-06-20T14:25:22.256+0100: 2162.128: [ParNew
Desired survivor size 20112992 bytes, new threshold 8 (max 8)
- age   1:    1354752 bytes,    1354752 total
- age   2:        736 bytes,    1355488 total
- age   3:    6265312 bytes,    7620800 total
: 109248K->19973K(109248K), 0.0207698 secs] 174627K->98662K(502464K), 0.0208547 secs] [Times: user=0.06 sys=0.00, real=0.02 secs] 
Heap after GC invocations=119 (full 3):
 par new generation   total 109248K, used 19973K [0x00000000e0000000, 0x00000000e8000000, 0x00000000e8000000)
  eden space 87424K,   0% used [0x00000000e0000000, 0x00000000e0000000, 0x00000000e5560000)
  from space 21824K,  91% used [0x00000000e6ab0000, 0x00000000e7e31700, 0x00000000e8000000)
  to   space 21824K,   0% used [0x00000000e5560000, 0x00000000e5560000, 0x00000000e6ab0000)
 concurrent mark-sweep generation total 393216K, used 78689K [0x00000000e8000000, 0x0000000100000000, 0x0000000100000000)
 Metaspace       used 46886K, capacity 47452K, committed 47780K, reserved 1091584K
  class space    used 5091K, capacity 5223K, committed 5316K, reserved 1048576K
}
2016-06-20T14:25:22.277+0100: 2162.149: Total time for which application threads were stopped: 0.0211211 seconds, Stopping threads took: 0.0000272 seconds
{Heap before GC invocations=119 (full 3):
 par new generation   total 109248K, used 107397K [0x00000000e0000000, 0x00000000e8000000, 0x00000000e8000000)
  eden space 87424K, 100% used [0x00000000e0000000, 0x00000000e5560000, 0x00000000e5560000)
  from space 21824K,  91% used [0x00000000e6ab0000, 0x00000000e7e31700, 0x00000000e8000000)
  to   space 21824K,   0% used [0x00000000e5560000, 0x00000000e5560000, 0x00000000e6ab0000)
 concurrent mark-sweep generation total 393216K, used 78689K [0x00000000e8000000, 0x0000000100000000, 0x0000000100000000)
 Metaspace       used 46886K, capacity 47452K, committed 47780K, reserved 1091584K
  class space    used 5091K, capacity 5223K, committed 5316K, reserved 1048576K
2016-06-20T14:25:22.527+0100: 2162.399: [GC (Allocation Failure) 2016-06-20T14:25:22.527+0100: 2162.399: [ParNew
Desired survivor size 20112992 bytes, new threshold 8 (max 8)
- age   1:    1501480 bytes,    1501480 total
- age   2:     226168 bytes,    1727648 total
- age   3:        736 bytes,    1728384 total
- age   4:    6265344 bytes,    7993728 total
: 107397K->9868K(109248K), 0.0045314 secs] 186086K->88557K(502464K), 0.0046198 secs] [Times: user=0.06 sys=0.00, real=0.01 secs] 
Heap after GC invocations=120 (full 3):
 par new generation   total 109248K, used 9868K [0x00000000e0000000, 0x00000000e8000000, 0x00000000e8000000)
  eden space 87424K,   0% used [0x00000000e0000000, 0x00000000e0000000, 0x00000000e5560000)
  from space 21824K,  45% used [0x00000000e5560000, 0x00000000e5f03290, 0x00000000e6ab0000)
  to   space 21824K,   0% used [0x00000000e6ab0000, 0x00000000e6ab0000, 0x00000000e8000000)
 concurrent mark-sweep generation total 393216K, used 78689K [0x00000000e8000000, 0x0000000100000000, 0x0000000100000000)
 Metaspace       used 46886K, capacity 47452K, committed 47780K, reserved 1091584K
  class space    used 5091K, capacity 5223K, committed 5316K, reserved 1048576K
}
2016-06-20T14:25:22.532+0100: 2162.404: Total time for which application threads were stopped: 0.0048970 seconds, Stopping threads took: 0.0000268 seconds
{Heap before GC invocations=120 (full 3):
 par new generation   total 109248K, used 97292K [0x00000000e0000000, 0x00000000e8000000, 0x00000000e8000000)
  eden space 87424K, 100% used [0x00000000e0000000, 0x00000000e5560000, 0x00000000e5560000)
  from space 21824K,  45% used [0x00000000e5560000, 0x00000000e5f03290, 0x00000000e6ab0000)
  to   space 21824K,   0% used [0x00000000e6ab0000, 0x00000000e6ab0000, 0x00000000e8000000)
 concurrent mark-sweep generation total 393216K, used 78689K [0x00000000e8000000, 0x0000000100000000, 0x0000000100000000)
 Metaspace       used 46886K, capacity 47452K, committed 47780K, reserved 1091584K
  class space    used 5091K, capacity 5223K, committed 5316K, reserved 1048576K
2016-06-20T14:25:23.100+0100: 2162.971: [GC (Allocation Failure) 2016-06-20T14:25:23.100+0100: 2162.971: [ParNew
Desired survivor size 20112992 bytes, new threshold 8 (max 8)
- age   1:    1021088 bytes,    1021088 total
- age   2:    1209176 bytes,    2230264 total
- age   3:     226168 bytes,    2456432 total
- age   4:        736 bytes,    2457168 total
- age   5:    6265312 bytes,    8722480 total
: 97292K->11524K(109248K), 0.0057354 secs] 175981K->90213K(502464K), 0.0058412 secs] [Times: user=0.00 sys=0.00, real=0.01 secs] 
Heap after GC invocations=121 (full 3):
 par new generation   total 109248K, used 11524K [0x00000000e0000000, 0x00000000e8000000, 0x00000000e8000000)
  eden space 87424K,   0% used [0x00000000e0000000, 0x00000000e0000000, 0x00000000e5560000)
  from space 21824K,  52% used [0x00000000e6ab0000, 0x00000000e75f1298, 0x00000000e8000000)
  to   space 21824K,   0% used [0x00000000e5560000, 0x00000000e5560000, 0x00000000e6ab0000)
 concurrent mark-sweep generation total 393216K, used 78689K [0x00000000e8000000, 0x0000000100000000, 0x0000000100000000)
 Metaspace       used 46886K, capacity 47452K, committed 47780K, reserved 1091584K
  class space    used 5091K, capacity 5223K, committed 5316K, reserved 1048576K
}
2016-06-20T14:25:23.106+0100: 2162.977: Total time for which application threads were stopped: 0.0061069 seconds, Stopping threads took: 0.0000320 seconds
{Heap before GC invocations=121 (full 3):
 par new generation   total 109248K, used 98948K [0x00000000e0000000, 0x00000000e8000000, 0x00000000e8000000)
  eden space 87424K, 100% used [0x00000000e0000000, 0x00000000e5560000, 0x00000000e5560000)
  from space 21824K,  52% used [0x00000000e6ab0000, 0x00000000e75f1298, 0x00000000e8000000)
  to   space 21824K,   0% used [0x00000000e5560000, 0x00000000e5560000, 0x00000000e6ab0000)
 concurrent mark-sweep generation total 393216K, used 78689K [0x00000000e8000000, 0x0000000100000000, 0x0000000100000000)
 Metaspace       used 46886K, capacity 47452K, committed 47780K, reserved 1091584K
  class space    used 5091K, capacity 5223K, committed 5316K, reserved 1048576K
2016-06-20T14:25:23.654+0100: 2163.525: [GC (Allocation Failure) 2016-06-20T14:25:23.654+0100: 2163.525: [ParNew
Desired survivor size 20112992 bytes, new threshold 8 (max 8)
- age   1:    2490016 bytes,    2490016 total
- age   2:     802480 bytes,    3292496 total
- age   3:     488264 bytes,    3780760 total
- age   4:     226168 bytes,    4006928 total
- age   5:        736 bytes,    4007664 total
- age   6:    6265312 bytes,   10272976 total
: 98948K->12012K(109248K), 0.0052084 secs] 177637K->90702K(502464K), 0.0052909 secs] [Times: user=0.06 sys=0.00, real=0.00 secs] 
Heap after GC invocations=122 (full 3):
 par new generation   total 109248K, used 12012K [0x00000000e0000000, 0x00000000e8000000, 0x00000000e8000000)
  eden space 87424K,   0% used [0x00000000e0000000, 0x00000000e0000000, 0x00000000e5560000)
  from space 21824K,  55% used [0x00000000e5560000, 0x00000000e611b3c0, 0x00000000e6ab0000)
  to   space 21824K,   0% used [0x00000000e6ab0000, 0x00000000e6ab0000, 0x00000000e8000000)
 concurrent mark-sweep generation total 393216K, used 78689K [0x00000000e8000000, 0x0000000100000000, 0x0000000100000000)
 Metaspace       used 46886K, capacity 47452K, committed 47780K, reserved 1091584K
  class space    used 5091K, capacity 5223K, committed 5316K, reserved 1048576K
}
2016-06-20T14:25:23.659+0100: 2163.530: Total time for which application threads were stopped: 0.0055499 seconds, Stopping threads took: 0.0000284 seconds
{Heap before GC invocations=122 (full 3):
 par new generation   total 109248K, used 99436K [0x00000000e0000000, 0x00000000e8000000, 0x00000000e8000000)
  eden space 87424K, 100% used [0x00000000e0000000, 0x00000000e5560000, 0x00000000e5560000)
  from space 21824K,  55% used [0x00000000e5560000, 0x00000000e611b3c0, 0x00000000e6ab0000)
  to   space 21824K,   0% used [0x00000000e6ab0000, 0x00000000e6ab0000, 0x00000000e8000000)
 concurrent mark-sweep generation total 393216K, used 78689K [0x00000000e8000000, 0x0000000100000000, 0x0000000100000000)
 Metaspace       used 46886K, capacity 47452K, committed 47780K, reserved 1091584K
  class space    used 5091K, capacity 5223K, committed 5316K, reserved 1048576K
2016-06-20T14:25:24.415+0100: 2164.286: [GC (Allocation Failure) 2016-06-20T14:25:24.415+0100: 2164.286: [ParNew
Desired survivor size 20112992 bytes, new threshold 8 (max 8)
- age   1:    1048496 bytes,    1048496 total
- age   2:    2235056 bytes,    3283552 total
- age   3:     786120 bytes,    4069672 total
- age   4:     488344 bytes,    4558016 total
- age   5:     226248 bytes,    4784264 total
- age   6:        736 bytes,    4785000 total
- age   7:    6265496 bytes,   11050496 total
: 99436K->15033K(109248K), 0.0066086 secs] 178126K->93722K(502464K), 0.0066911 secs] [Times: user=0.05 sys=0.00, real=0.01 secs] 
Heap after GC invocations=123 (full 3):
 par new generation   total 109248K, used 15033K [0x00000000e0000000, 0x00000000e8000000, 0x00000000e8000000)
  eden space 87424K,   0% used [0x00000000e0000000, 0x00000000e0000000, 0x00000000e5560000)
  from space 21824K,  68% used [0x00000000e6ab0000, 0x00000000e795e540, 0x00000000e8000000)
  to   space 21824K,   0% used [0x00000000e5560000, 0x00000000e5560000, 0x00000000e6ab0000)
 concurrent mark-sweep generation total 393216K, used 78689K [0x00000000e8000000, 0x0000000100000000, 0x0000000100000000)
 Metaspace       used 46886K, capacity 47452K, committed 47780K, reserved 1091584K
  class space    used 5091K, capacity 5223K, committed 5316K, reserved 1048576K
}
2016-06-20T14:25:24.421+0100: 2164.292: Total time for which application threads were stopped: 0.0069608 seconds, Stopping threads took: 0.0000264 seconds
{Heap before GC invocations=123 (full 3):
 par new generation   total 109248K, used 102457K [0x00000000e0000000, 0x00000000e8000000, 0x00000000e8000000)
  eden space 87424K, 100% used [0x00000000e0000000, 0x00000000e5560000, 0x00000000e5560000)
  from space 21824K,  68% used [0x00000000e6ab0000, 0x00000000e795e540, 0x00000000e8000000)
  to   space 21824K,   0% used [0x00000000e5560000, 0x00000000e5560000, 0x00000000e6ab0000)
 concurrent mark-sweep generation total 393216K, used 78689K [0x00000000e8000000, 0x0000000100000000, 0x0000000100000000)
 Metaspace       used 46886K, capacity 47452K, committed 47780K, reserved 1091584K
  class space    used 5091K, capacity 5223K, committed 5316K, reserved 1048576K
2016-06-20T14:25:24.887+0100: 2164.758: [GC (Allocation Failure) 2016-06-20T14:25:24.887+0100: 2164.758: [ParNew
Desired survivor size 20112992 bytes, new threshold 8 (max 8)
- age   1:    1064736 bytes,    1064736 total
- age   2:     805400 bytes,    1870136 total
- age   3:    2235016 bytes,    4105152 total
- age   4:     786080 bytes,    4891232 total
- age   5:     488264 bytes,    5379496 total
- age   6:     226168 bytes,    5605664 total
- age   7:        736 bytes,    5606400 total
- age   8:    6265312 bytes,   11871712 total
: 102457K->14741K(109248K), 0.0062688 secs] 181146K->93430K(502464K), 0.0063568 secs] [Times: user=0.05 sys=0.00, real=0.01 secs] 
Heap after GC invocations=124 (full 3):
 par new generation   total 109248K, used 14741K [0x00000000e0000000, 0x00000000e8000000, 0x00000000e8000000)
  eden space 87424K,   0% used [0x00000000e0000000, 0x00000000e0000000, 0x00000000e5560000)
  from space 21824K,  67% used [0x00000000e5560000, 0x00000000e63c5460, 0x00000000e6ab0000)
  to   space 21824K,   0% used [0x00000000e6ab0000, 0x00000000e6ab0000, 0x00000000e8000000)
 concurrent mark-sweep generation total 393216K, used 78689K [0x00000000e8000000, 0x0000000100000000, 0x0000000100000000)
 Metaspace       used 46886K, capacity 47452K, committed 47780K, reserved 1091584K
  class space    used 5091K, capacity 5223K, committed 5316K, reserved 1048576K
}
2016-06-20T14:25:24.893+0100: 2164.765: Total time for which application threads were stopped: 0.0066185 seconds, Stopping threads took: 0.0000288 seconds
{Heap before GC invocations=124 (full 3):
 par new generation   total 109248K, used 102165K [0x00000000e0000000, 0x00000000e8000000, 0x00000000e8000000)
  eden space 87424K, 100% used [0x00000000e0000000, 0x00000000e5560000, 0x00000000e5560000)
  from space 21824K,  67% used [0x00000000e5560000, 0x00000000e63c5460, 0x00000000e6ab0000)
  to   space 21824K,   0% used [0x00000000e6ab0000, 0x00000000e6ab0000, 0x00000000e8000000)
 concurrent mark-sweep generation total 393216K, used 78689K [0x00000000e8000000, 0x0000000100000000, 0x0000000100000000)
 Metaspace       used 46886K, capacity 47452K, committed 47780K, reserved 1091584K
  class space    used 5091K, capacity 5223K, committed 5316K, reserved 1048576K
2016-06-20T14:25:25.451+0100: 2165.322: [GC (Allocation Failure) 2016-06-20T14:25:25.451+0100: 2165.322: [ParNew
Desired survivor size 20112992 bytes, new threshold 8 (max 8)
- age   1:    1083056 bytes,    1083056 total
- age   2:     788280 bytes,    1871336 total
- age   3:     805400 bytes,    2676736 total
- age   4:    2235016 bytes,    4911752 total
- age   5:     786080 bytes,    5697832 total
- age   6:     488264 bytes,    6186096 total
- age   7:     226168 bytes,    6412264 total
- age   8:        736 bytes,    6413000 total
: 102165K->9350K(109248K), 0.0078517 secs] 180854K->94158K(502464K), 0.0080069 secs] [Times: user=0.05 sys=0.01, real=0.01 secs] 
Heap after GC invocations=125 (full 3):
 par new generation   total 109248K, used 9350K [0x00000000e0000000, 0x00000000e8000000, 0x00000000e8000000)
  eden space 87424K,   0% used [0x00000000e0000000, 0x00000000e0000000, 0x00000000e5560000)
  from space 21824K,  42% used [0x00000000e6ab0000, 0x00000000e73d1a10, 0x00000000e8000000)
  to   space 21824K,   0% used [0x00000000e5560000, 0x00000000e5560000, 0x00000000e6ab0000)
 concurrent mark-sweep generation total 393216K, used 84807K [0x00000000e8000000, 0x0000000100000000, 0x0000000100000000)
 Metaspace       used 46886K, capacity 47452K, committed 47780K, reserved 1091584K
  class space    used 5091K, capacity 5223K, committed 5316K, reserved 1048576K
}
2016-06-20T14:25:25.459+0100: 2165.330: Total time for which application threads were stopped: 0.0082694 seconds, Stopping threads took: 0.0000284 seconds
{Heap before GC invocations=125 (full 3):
 par new generation   total 109248K, used 96774K [0x00000000e0000000, 0x00000000e8000000, 0x00000000e8000000)
  eden space 87424K, 100% used [0x00000000e0000000, 0x00000000e5560000, 0x00000000e5560000)
  from space 21824K,  42% used [0x00000000e6ab0000, 0x00000000e73d1a10, 0x00000000e8000000)
  to   space 21824K,   0% used [0x00000000e5560000, 0x00000000e5560000, 0x00000000e6ab0000)
 concurrent mark-sweep generation total 393216K, used 84807K [0x00000000e8000000, 0x0000000100000000, 0x0000000100000000)
 Metaspace       used 46886K, capacity 47452K, committed 47780K, reserved 1091584K
  class space    used 5091K, capacity 5223K, committed 5316K, reserved 1048576K
2016-06-20T14:25:25.942+0100: 2165.813: [GC (Allocation Failure) 2016-06-20T14:25:25.942+0100: 2165.814: [ParNew
Desired survivor size 20112992 bytes, new threshold 8 (max 8)
- age   1:    1146424 bytes,    1146424 total
- age   2:     771704 bytes,    1918128 total
- age   3:     804680 bytes,    2722808 total
- age   4:     805400 bytes,    3528208 total
- age   5:    2251416 bytes,    5779624 total
- age   6:     786080 bytes,    6565704 total
- age   7:     521064 bytes,    7086768 total
- age   8:     242568 bytes,    7329336 total
: 96774K->8374K(109248K), 0.0040909 secs] 181582K->93183K(502464K), 0.0041793 secs] [Times: user=0.00 sys=0.00, real=0.01 secs] 
Heap after GC invocations=126 (full 3):
 par new generation   total 109248K, used 8374K [0x00000000e0000000, 0x00000000e8000000, 0x00000000e8000000)
  eden space 87424K,   0% used [0x00000000e0000000, 0x00000000e0000000, 0x00000000e5560000)
  from space 21824K,  38% used [0x00000000e5560000, 0x00000000e5d8db88, 0x00000000e6ab0000)
  to   space 21824K,   0% used [0x00000000e6ab0000, 0x00000000e6ab0000, 0x00000000e8000000)
 concurrent mark-sweep generation total 393216K, used 84808K [0x00000000e8000000, 0x0000000100000000, 0x0000000100000000)
 Metaspace       used 46886K, capacity 47452K, committed 47780K, reserved 1091584K
  class space    used 5091K, capacity 5223K, committed 5316K, reserved 1048576K
}
2016-06-20T14:25:25.947+0100: 2165.818: Total time for which application threads were stopped: 0.0044462 seconds, Stopping threads took: 0.0000304 seconds
{Heap before GC invocations=126 (full 3):
 par new generation   total 109248K, used 95798K [0x00000000e0000000, 0x00000000e8000000, 0x00000000e8000000)
  eden space 87424K, 100% used [0x00000000e0000000, 0x00000000e5560000, 0x00000000e5560000)
  from space 21824K,  38% used [0x00000000e5560000, 0x00000000e5d8db88, 0x00000000e6ab0000)
  to   space 21824K,   0% used [0x00000000e6ab0000, 0x00000000e6ab0000, 0x00000000e8000000)
 concurrent mark-sweep generation total 393216K, used 84808K [0x00000000e8000000, 0x0000000100000000, 0x0000000100000000)
 Metaspace       used 46886K, capacity 47452K, committed 47780K, reserved 1091584K
  class space    used 5091K, capacity 5223K, committed 5316K, reserved 1048576K
2016-06-20T14:25:26.716+0100: 2166.587: [GC (Allocation Failure) 2016-06-20T14:25:26.716+0100: 2166.587: [ParNew
Desired survivor size 20112992 bytes, new threshold 8 (max 8)
- age   1:    4073072 bytes,    4073072 total
- age   2:     593168 bytes,    4666240 total
- age   3:     771704 bytes,    5437944 total
- age   4:     821080 bytes,    6259024 total
- age   5:     789000 bytes,    7048024 total
- age   6:     793208 bytes,    7841232 total
- age   7:     818880 bytes,    8660112 total
- age   8:     488304 bytes,    9148416 total
: 95798K->12538K(109248K), 0.0047438 secs] 180607K->97569K(502464K), 0.0048255 secs] [Times: user=0.06 sys=0.00, real=0.00 secs] 
Heap after GC invocations=127 (full 3):
 par new generation   total 109248K, used 12538K [0x00000000e0000000, 0x00000000e8000000, 0x00000000e8000000)
  eden space 87424K,   0% used [0x00000000e0000000, 0x00000000e0000000, 0x00000000e5560000)
  from space 21824K,  57% used [0x00000000e6ab0000, 0x00000000e76eeb50, 0x00000000e8000000)
  to   space 21824K,   0% used [0x00000000e5560000, 0x00000000e5560000, 0x00000000e6ab0000)
 concurrent mark-sweep generation total 393216K, used 85030K [0x00000000e8000000, 0x0000000100000000, 0x0000000100000000)
 Metaspace       used 46886K, capacity 47452K, committed 47780K, reserved 1091584K
  class space    used 5091K, capacity 5223K, committed 5316K, reserved 1048576K
}
2016-06-20T14:25:26.721+0100: 2166.592: Total time for which application threads were stopped: 0.0050983 seconds, Stopping threads took: 0.0000249 seconds
{Heap before GC invocations=127 (full 3):
 par new generation   total 109248K, used 99962K [0x00000000e0000000, 0x00000000e8000000, 0x00000000e8000000)
  eden space 87424K, 100% used [0x00000000e0000000, 0x00000000e5560000, 0x00000000e5560000)
  from space 21824K,  57% used [0x00000000e6ab0000, 0x00000000e76eeb50, 0x00000000e8000000)
  to   space 21824K,   0% used [0x00000000e5560000, 0x00000000e5560000, 0x00000000e6ab0000)
 concurrent mark-sweep generation total 393216K, used 85030K [0x00000000e8000000, 0x0000000100000000, 0x0000000100000000)
 Metaspace       used 46886K, capacity 47452K, committed 47780K, reserved 1091584K
  class space    used 5091K, capacity 5223K, committed 5316K, reserved 1048576K
2016-06-20T14:25:27.083+0100: 2166.955: [GC (Allocation Failure) 2016-06-20T14:25:27.083+0100: 2166.955: [ParNew
Desired survivor size 20112992 bytes, new threshold 8 (max 8)
- age   1:    1298768 bytes,    1298768 total
- age   2:    3588264 bytes,    4887032 total
- age   3:     593168 bytes,    5480200 total
- age   4:     804504 bytes,    6284704 total
- age   5:     821080 bytes,    7105784 total
- age   6:     805400 bytes,    7911184 total
- age   7:     826008 bytes,    8737192 total
- age   8:     835280 bytes,    9572472 total
: 99962K->10309K(109248K), 0.0048954 secs] 184993K->95817K(502464K), 0.0049957 secs] [Times: user=0.00 sys=0.00, real=0.01 secs] 
Heap after GC invocations=128 (full 3):
 par new generation   total 109248K, used 10309K [0x00000000e0000000, 0x00000000e8000000, 0x00000000e8000000)
  eden space 87424K,   0% used [0x00000000e0000000, 0x00000000e0000000, 0x00000000e5560000)
  from space 21824K,  47% used [0x00000000e5560000, 0x00000000e5f71500, 0x00000000e6ab0000)
  to   space 21824K,   0% used [0x00000000e6ab0000, 0x00000000e6ab0000, 0x00000000e8000000)
 concurrent mark-sweep generation total 393216K, used 85508K [0x00000000e8000000, 0x0000000100000000, 0x0000000100000000)
 Metaspace       used 46886K, capacity 47452K, committed 47780K, reserved 1091584K
  class space    used 5091K, capacity 5223K, committed 5316K, reserved 1048576K
}
2016-06-20T14:25:27.088+0100: 2166.960: Total time for which application threads were stopped: 0.0052673 seconds, Stopping threads took: 0.0000375 seconds
2016-06-20T14:25:28.089+0100: 2167.960: Total time for which application threads were stopped: 0.0000999 seconds, Stopping threads took: 0.0000261 seconds
2016-06-20T14:25:29.089+0100: 2168.960: Total time for which application threads were stopped: 0.0001192 seconds, Stopping threads took: 0.0000395 seconds
{Heap before GC invocations=128 (full 3):
 par new generation   total 109248K, used 97674K [0x00000000e0000000, 0x00000000e8000000, 0x00000000e8000000)
  eden space 87424K,  99% used [0x00000000e0000000, 0x00000000e5551478, 0x00000000e5560000)
  from space 21824K,  47% used [0x00000000e5560000, 0x00000000e5f71500, 0x00000000e6ab0000)
  to   space 21824K,   0% used [0x00000000e6ab0000, 0x00000000e6ab0000, 0x00000000e8000000)
 concurrent mark-sweep generation total 393216K, used 85508K [0x00000000e8000000, 0x0000000100000000, 0x0000000100000000)
 Metaspace       used 46886K, capacity 47452K, committed 47780K, reserved 1091584K
  class space    used 5091K, capacity 5223K, committed 5316K, reserved 1048576K
2016-06-20T14:25:31.409+0100: 2171.281: [GC (Allocation Failure) 2016-06-20T14:25:31.409+0100: 2171.281: [ParNew
Desired survivor size 20112992 bytes, new threshold 8 (max 8)
- age   1:   11323176 bytes,   11323176 total
- age   2:     340744 bytes,   11663920 total
- age   3:    3211064 bytes,   14874984 total
- age   4:     314368 bytes,   15189352 total
- age   5:     361704 bytes,   15551056 total
- age   6:     329080 bytes,   15880136 total
- age   7:     329800 bytes,   16209936 total
- age   8:     383208 bytes,   16593144 total
: 97674K->18648K(109248K), 0.0061191 secs] 183182K->104524K(502464K), 0.0062032 secs] [Times: user=0.00 sys=0.00, real=0.01 secs] 
Heap after GC invocations=129 (full 3):
 par new generation   total 109248K, used 18648K [0x00000000e0000000, 0x00000000e8000000, 0x00000000e8000000)
  eden space 87424K,   0% used [0x00000000e0000000, 0x00000000e0000000, 0x00000000e5560000)
  from space 21824K,  85% used [0x00000000e6ab0000, 0x00000000e7ce6070, 0x00000000e8000000)
  to   space 21824K,   0% used [0x00000000e5560000, 0x00000000e5560000, 0x00000000e6ab0000)
 concurrent mark-sweep generation total 393216K, used 85876K [0x00000000e8000000, 0x0000000100000000, 0x0000000100000000)
 Metaspace       used 46886K, capacity 47452K, committed 47780K, reserved 1091584K
  class space    used 5091K, capacity 5223K, committed 5316K, reserved 1048576K
}
2016-06-20T14:25:31.415+0100: 2171.287: Total time for which application threads were stopped: 0.0064255 seconds, Stopping threads took: 0.0000213 seconds
{Heap before GC invocations=129 (full 3):
 par new generation   total 109248K, used 106072K [0x00000000e0000000, 0x00000000e8000000, 0x00000000e8000000)
  eden space 87424K, 100% used [0x00000000e0000000, 0x00000000e5560000, 0x00000000e5560000)
  from space 21824K,  85% used [0x00000000e6ab0000, 0x00000000e7ce6070, 0x00000000e8000000)
  to   space 21824K,   0% used [0x00000000e5560000, 0x00000000e5560000, 0x00000000e6ab0000)
 concurrent mark-sweep generation total 393216K, used 85876K [0x00000000e8000000, 0x0000000100000000, 0x0000000100000000)
 Metaspace       used 46886K, capacity 47452K, committed 47780K, reserved 1091584K
  class space    used 5091K, capacity 5223K, committed 5316K, reserved 1048576K
2016-06-20T14:25:33.660+0100: 2173.531: [GC (Allocation Failure) 2016-06-20T14:25:33.660+0100: 2173.531: [ParNew
Desired survivor size 20112992 bytes, new threshold 8 (max 8)
- age   1:     344104 bytes,     344104 total
- age   2:   11159280 bytes,   11503384 total
- age   3:     340744 bytes,   11844128 total
- age   4:    3211104 bytes,   15055232 total
- age   5:     314368 bytes,   15369600 total
- age   6:     361864 bytes,   15731464 total
- age   7:     329200 bytes,   16060664 total
- age   8:     329800 bytes,   16390464 total
: 106072K->17050K(109248K), 0.0053592 secs] 191948K->103302K(502464K), 0.0054488 secs] [Times: user=0.00 sys=0.00, real=0.00 secs] 
Heap after GC invocations=130 (full 3):
 par new generation   total 109248K, used 17050K [0x00000000e0000000, 0x00000000e8000000, 0x00000000e8000000)
  eden space 87424K,   0% used [0x00000000e0000000, 0x00000000e0000000, 0x00000000e5560000)
  from space 21824K,  78% used [0x00000000e5560000, 0x00000000e6606a50, 0x00000000e6ab0000)
  to   space 21824K,   0% used [0x00000000e6ab0000, 0x00000000e6ab0000, 0x00000000e8000000)
 concurrent mark-sweep generation total 393216K, used 86251K [0x00000000e8000000, 0x0000000100000000, 0x0000000100000000)
 Metaspace       used 46886K, capacity 47452K, committed 47780K, reserved 1091584K
  class space    used 5091K, capacity 5223K, committed 5316K, reserved 1048576K
}
2016-06-20T14:25:33.665+0100: 2173.537: Total time for which application threads were stopped: 0.0056971 seconds, Stopping threads took: 0.0000249 seconds
2016-06-20T14:25:34.666+0100: 2174.537: Total time for which application threads were stopped: 0.0000959 seconds, Stopping threads took: 0.0000343 seconds
{Heap before GC invocations=130 (full 3):
 par new generation   total 109248K, used 104474K [0x00000000e0000000, 0x00000000e8000000, 0x00000000e8000000)
  eden space 87424K, 100% used [0x00000000e0000000, 0x00000000e5560000, 0x00000000e5560000)
  from space 21824K,  78% used [0x00000000e5560000, 0x00000000e6606a50, 0x00000000e6ab0000)
  to   space 21824K,   0% used [0x00000000e6ab0000, 0x00000000e6ab0000, 0x00000000e8000000)
 concurrent mark-sweep generation total 393216K, used 86251K [0x00000000e8000000, 0x0000000100000000, 0x0000000100000000)
 Metaspace       used 46886K, capacity 47452K, committed 47780K, reserved 1091584K
  class space    used 5091K, capacity 5223K, committed 5316K, reserved 1048576K
2016-06-20T14:25:35.293+0100: 2175.165: [GC (Allocation Failure) 2016-06-20T14:25:35.293+0100: 2175.165: [ParNew
Desired survivor size 20112992 bytes, new threshold 8 (max 8)
- age   1:     340688 bytes,     340688 total
- age   2:      22176 bytes,     362864 total
- age   3:   11159280 bytes,   11522144 total
- age   4:     340744 bytes,   11862888 total
- age   5:    3211184 bytes,   15074072 total
- age   6:     314368 bytes,   15388440 total
- age   7:     361944 bytes,   15750384 total
- age   8:     329200 bytes,   16079584 total
: 104474K->16650K(109248K), 0.0052823 secs] 190726K->103225K(502464K), 0.0053517 secs] [Times: user=0.06 sys=0.00, real=0.01 secs] 
Heap after GC invocations=131 (full 3):
 par new generation   total 109248K, used 16650K [0x00000000e0000000, 0x00000000e8000000, 0x00000000e8000000)
  eden space 87424K,   0% used [0x00000000e0000000, 0x00000000e0000000, 0x00000000e5560000)
  from space 21824K,  76% used [0x00000000e6ab0000, 0x00000000e7af2a28, 0x00000000e8000000)
  to   space 21824K,   0% used [0x00000000e5560000, 0x00000000e5560000, 0x00000000e6ab0000)
 concurrent mark-sweep generation total 393216K, used 86574K [0x00000000e8000000, 0x0000000100000000, 0x0000000100000000)
 Metaspace       used 46886K, capacity 47452K, committed 47780K, reserved 1091584K
  class space    used 5091K, capacity 5223K, committed 5316K, reserved 1048576K
}
2016-06-20T14:25:35.298+0100: 2175.170: Total time for which application threads were stopped: 0.0055558 seconds, Stopping threads took: 0.0000205 seconds
2016-06-20T14:25:36.298+0100: 2176.169: Total time for which application threads were stopped: 0.0000671 seconds, Stopping threads took: 0.0000186 seconds
{Heap before GC invocations=131 (full 3):
 par new generation   total 109248K, used 104074K [0x00000000e0000000, 0x00000000e8000000, 0x00000000e8000000)
  eden space 87424K, 100% used [0x00000000e0000000, 0x00000000e5560000, 0x00000000e5560000)
  from space 21824K,  76% used [0x00000000e6ab0000, 0x00000000e7af2a28, 0x00000000e8000000)
  to   space 21824K,   0% used [0x00000000e5560000, 0x00000000e5560000, 0x00000000e6ab0000)
 concurrent mark-sweep generation total 393216K, used 86574K [0x00000000e8000000, 0x0000000100000000, 0x0000000100000000)
 Metaspace       used 46886K, capacity 47452K, committed 47780K, reserved 1091584K
  class space    used 5091K, capacity 5223K, committed 5316K, reserved 1048576K
2016-06-20T14:25:36.734+0100: 2176.605: [GC (Allocation Failure) 2016-06-20T14:25:36.734+0100: 2176.605: [ParNew
Desired survivor size 20112992 bytes, new threshold 8 (max 8)
- age   1:     317864 bytes,     317864 total
- age   2:      19416 bytes,     337280 total
- age   3:      20464 bytes,     357744 total
- age   4:   11159280 bytes,   11517024 total
- age   5:     340784 bytes,   11857808 total
- age   6:    3211104 bytes,   15068912 total
- age   7:     314408 bytes,   15383320 total
- age   8:     361824 bytes,   15745144 total
: 104074K->16504K(109248K), 0.0050683 secs] 190649K->103401K(502464K), 0.0051484 secs] [Times: user=0.00 sys=0.00, real=0.01 secs] 
Heap after GC invocations=132 (full 3):
 par new generation   total 109248K, used 16504K [0x00000000e0000000, 0x00000000e8000000, 0x00000000e8000000)
  eden space 87424K,   0% used [0x00000000e0000000, 0x00000000e0000000, 0x00000000e5560000)
  from space 21824K,  75% used [0x00000000e5560000, 0x00000000e657e150, 0x00000000e6ab0000)
  to   space 21824K,   0% used [0x00000000e6ab0000, 0x00000000e6ab0000, 0x00000000e8000000)
 concurrent mark-sweep generation total 393216K, used 86897K [0x00000000e8000000, 0x0000000100000000, 0x0000000100000000)
 Metaspace       used 46886K, capacity 47452K, committed 47780K, reserved 1091584K
  class space    used 5091K, capacity 5223K, committed 5316K, reserved 1048576K
}
2016-06-20T14:25:36.739+0100: 2176.610: Total time for which application threads were stopped: 0.0053999 seconds, Stopping threads took: 0.0000332 seconds
{Heap before GC invocations=132 (full 3):
 par new generation   total 109248K, used 103928K [0x00000000e0000000, 0x00000000e8000000, 0x00000000e8000000)
  eden space 87424K, 100% used [0x00000000e0000000, 0x00000000e5560000, 0x00000000e5560000)
  from space 21824K,  75% used [0x00000000e5560000, 0x00000000e657e150, 0x00000000e6ab0000)
  to   space 21824K,   0% used [0x00000000e6ab0000, 0x00000000e6ab0000, 0x00000000e8000000)
 concurrent mark-sweep generation total 393216K, used 86897K [0x00000000e8000000, 0x0000000100000000, 0x0000000100000000)
 Metaspace       used 46886K, capacity 47452K, committed 47780K, reserved 1091584K
  class space    used 5091K, capacity 5223K, committed 5316K, reserved 1048576K
2016-06-20T14:25:38.751+0100: 2178.622: [GC (Allocation Failure) 2016-06-20T14:25:38.751+0100: 2178.622: [ParNew
Desired survivor size 20112992 bytes, new threshold 8 (max 8)
- age   1:     316544 bytes,     316544 total
- age   2:      21112 bytes,     337656 total
- age   3:      19416 bytes,     357072 total
- age   4:      20464 bytes,     377536 total
- age   5:   11159280 bytes,   11536816 total
- age   6:     340744 bytes,   11877560 total
- age   7:    3211064 bytes,   15088624 total
- age   8:     314368 bytes,   15402992 total
: 103928K->15385K(109248K), 0.0050162 secs] 190825K->102637K(502464K), 0.0051054 secs] [Times: user=0.00 sys=0.00, real=0.00 secs] 
Heap after GC invocations=133 (full 3):
 par new generation   total 109248K, used 15385K [0x00000000e0000000, 0x00000000e8000000, 0x00000000e8000000)
  eden space 87424K,   0% used [0x00000000e0000000, 0x00000000e0000000, 0x00000000e5560000)
  from space 21824K,  70% used [0x00000000e6ab0000, 0x00000000e79b67e0, 0x00000000e8000000)
  to   space 21824K,   0% used [0x00000000e5560000, 0x00000000e5560000, 0x00000000e6ab0000)
 concurrent mark-sweep generation total 393216K, used 87251K [0x00000000e8000000, 0x0000000100000000, 0x0000000100000000)
 Metaspace       used 46886K, capacity 47452K, committed 47780K, reserved 1091584K
  class space    used 5091K, capacity 5223K, committed 5316K, reserved 1048576K
}
2016-06-20T14:25:38.755+0100: 2178.627: Total time for which application threads were stopped: 0.0053545 seconds, Stopping threads took: 0.0000296 seconds
2016-06-20T14:25:39.755+0100: 2179.627: Total time for which application threads were stopped: 0.0000695 seconds, Stopping threads took: 0.0000193 seconds
{Heap before GC invocations=133 (full 3):
 par new generation   total 109248K, used 102809K [0x00000000e0000000, 0x00000000e8000000, 0x00000000e8000000)
  eden space 87424K, 100% used [0x00000000e0000000, 0x00000000e5560000, 0x00000000e5560000)
  from space 21824K,  70% used [0x00000000e6ab0000, 0x00000000e79b67e0, 0x00000000e8000000)
  to   space 21824K,   0% used [0x00000000e5560000, 0x00000000e5560000, 0x00000000e6ab0000)
 concurrent mark-sweep generation total 393216K, used 87251K [0x00000000e8000000, 0x0000000100000000, 0x0000000100000000)
 Metaspace       used 46886K, capacity 47452K, committed 47780K, reserved 1091584K
  class space    used 5091K, capacity 5223K, committed 5316K, reserved 1048576K
2016-06-20T14:25:40.391+0100: 2180.263: [GC (Allocation Failure) 2016-06-20T14:25:40.391+0100: 2180.263: [ParNew
Desired survivor size 20112992 bytes, new threshold 8 (max 8)
- age   1:     327112 bytes,     327112 total
- age   2:      19992 bytes,     347104 total
- age   3:      20896 bytes,     368000 total
- age   4:      19272 bytes,     387272 total
- age   5:      20080 bytes,     407352 total
- age   6:   11158968 bytes,   11566320 total
- age   7:     340784 bytes,   11907104 total
- age   8:    3211144 bytes,   15118248 total
: 102809K->15200K(109248K), 0.0047975 secs] 190061K->102760K(502464K), 0.0048875 secs] [Times: user=0.00 sys=0.00, real=0.00 secs] 
Heap after GC invocations=134 (full 3):
 par new generation   total 109248K, used 15200K [0x00000000e0000000, 0x00000000e8000000, 0x00000000e8000000)
  eden space 87424K,   0% used [0x00000000e0000000, 0x00000000e0000000, 0x00000000e5560000)
  from space 21824K,  69% used [0x00000000e5560000, 0x00000000e6438098, 0x00000000e6ab0000)
  to   space 21824K,   0% used [0x00000000e6ab0000, 0x00000000e6ab0000, 0x00000000e8000000)
 concurrent mark-sweep generation total 393216K, used 87559K [0x00000000e8000000, 0x0000000100000000, 0x0000000100000000)
 Metaspace       used 46886K, capacity 47452K, committed 47780K, reserved 1091584K
  class space    used 5091K, capacity 5223K, committed 5316K, reserved 1048576K
}
2016-06-20T14:25:40.396+0100: 2180.268: Total time for which application threads were stopped: 0.0051141 seconds, Stopping threads took: 0.0000237 seconds
2016-06-20T14:25:41.396+0100: 2181.268: Total time for which application threads were stopped: 0.0001058 seconds, Stopping threads took: 0.0000336 seconds
{Heap before GC invocations=134 (full 3):
 par new generation   total 109248K, used 102624K [0x00000000e0000000, 0x00000000e8000000, 0x00000000e8000000)
  eden space 87424K, 100% used [0x00000000e0000000, 0x00000000e5560000, 0x00000000e5560000)
  from space 21824K,  69% used [0x00000000e5560000, 0x00000000e6438098, 0x00000000e6ab0000)
  to   space 21824K,   0% used [0x00000000e6ab0000, 0x00000000e6ab0000, 0x00000000e8000000)
 concurrent mark-sweep generation total 393216K, used 87559K [0x00000000e8000000, 0x0000000100000000, 0x0000000100000000)
 Metaspace       used 46886K, capacity 47452K, committed 47780K, reserved 1091584K
  class space    used 5091K, capacity 5223K, committed 5316K, reserved 1048576K
2016-06-20T14:25:41.541+0100: 2181.413: [GC (Allocation Failure) 2016-06-20T14:25:41.541+0100: 2181.413: [ParNew
Desired survivor size 20112992 bytes, new threshold 8 (max 8)
- age   1:     318608 bytes,     318608 total
- age   2:      22552 bytes,     341160 total
- age   3:      19368 bytes,     360528 total
- age   4:      20392 bytes,     380920 total
- age   5:      18744 bytes,     399664 total
- age   6:      19576 bytes,     419240 total
- age   7:   11158728 bytes,   11577968 total
- age   8:     340744 bytes,   11918712 total
: 102624K->12350K(109248K), 0.0065249 secs] 190184K->103046K(502464K), 0.0065917 secs] [Times: user=0.06 sys=0.00, real=0.01 secs] 
Heap after GC invocations=135 (full 3):
 par new generation   total 109248K, used 12350K [0x00000000e0000000, 0x00000000e8000000, 0x00000000e8000000)
  eden space 87424K,   0% used [0x00000000e0000000, 0x00000000e0000000, 0x00000000e5560000)
  from space 21824K,  56% used [0x00000000e6ab0000, 0x00000000e76bf898, 0x00000000e8000000)
  to   space 21824K,   0% used [0x00000000e5560000, 0x00000000e5560000, 0x00000000e6ab0000)
 concurrent mark-sweep generation total 393216K, used 90696K [0x00000000e8000000, 0x0000000100000000, 0x0000000100000000)
 Metaspace       used 46886K, capacity 47452K, committed 47780K, reserved 1091584K
  class space    used 5091K, capacity 5223K, committed 5316K, reserved 1048576K
}
2016-06-20T14:25:41.548+0100: 2181.420: Total time for which application threads were stopped: 0.0067630 seconds, Stopping threads took: 0.0000186 seconds
{Heap before GC invocations=135 (full 3):
 par new generation   total 109248K, used 99774K [0x00000000e0000000, 0x00000000e8000000, 0x00000000e8000000)
  eden space 87424K, 100% used [0x00000000e0000000, 0x00000000e5560000, 0x00000000e5560000)
  from space 21824K,  56% used [0x00000000e6ab0000, 0x00000000e76bf898, 0x00000000e8000000)
  to   space 21824K,   0% used [0x00000000e5560000, 0x00000000e5560000, 0x00000000e6ab0000)
 concurrent mark-sweep generation total 393216K, used 90696K [0x00000000e8000000, 0x0000000100000000, 0x0000000100000000)
 Metaspace       used 46886K, capacity 47452K, committed 47780K, reserved 1091584K
  class space    used 5091K, capacity 5223K, committed 5316K, reserved 1048576K
2016-06-20T14:25:43.091+0100: 2182.963: [GC (Allocation Failure) 2016-06-20T14:25:43.091+0100: 2182.963: [ParNew
Desired survivor size 20112992 bytes, new threshold 8 (max 8)
- age   1:     315040 bytes,     315040 total
- age   2:      18456 bytes,     333496 total
- age   3:      22192 bytes,     355688 total
- age   4:      18960 bytes,     374648 total
- age   5:      19960 bytes,     394608 total
- age   6:      18312 bytes,     412920 total
- age   7:      19288 bytes,     432208 total
- age   8:   11158488 bytes,   11590696 total
: 99774K->11621K(109248K), 0.0043944 secs] 190470K->102651K(502464K), 0.0044872 secs] [Times: user=0.03 sys=0.02, real=0.00 secs] 
Heap after GC invocations=136 (full 3):
 par new generation   total 109248K, used 11621K [0x00000000e0000000, 0x00000000e8000000, 0x00000000e8000000)
  eden space 87424K,   0% used [0x00000000e0000000, 0x00000000e0000000, 0x00000000e5560000)
  from space 21824K,  53% used [0x00000000e5560000, 0x00000000e60b9568, 0x00000000e6ab0000)
  to   space 21824K,   0% used [0x00000000e6ab0000, 0x00000000e6ab0000, 0x00000000e8000000)
 concurrent mark-sweep generation total 393216K, used 91030K [0x00000000e8000000, 0x0000000100000000, 0x0000000100000000)
 Metaspace       used 46886K, capacity 47452K, committed 47780K, reserved 1091584K
  class space    used 5091K, capacity 5223K, committed 5316K, reserved 1048576K
}
2016-06-20T14:25:43.096+0100: 2182.967: Total time for which application threads were stopped: 0.0047288 seconds, Stopping threads took: 0.0000276 seconds
{Heap before GC invocations=136 (full 3):
 par new generation   total 109248K, used 99045K [0x00000000e0000000, 0x00000000e8000000, 0x00000000e8000000)
  eden space 87424K, 100% used [0x00000000e0000000, 0x00000000e5560000, 0x00000000e5560000)
  from space 21824K,  53% used [0x00000000e5560000, 0x00000000e60b9568, 0x00000000e6ab0000)
  to   space 21824K,   0% used [0x00000000e6ab0000, 0x00000000e6ab0000, 0x00000000e8000000)
 concurrent mark-sweep generation total 393216K, used 91030K [0x00000000e8000000, 0x0000000100000000, 0x0000000100000000)
 Metaspace       used 46886K, capacity 47452K, committed 47780K, reserved 1091584K
  class space    used 5091K, capacity 5223K, committed 5316K, reserved 1048576K
2016-06-20T14:25:45.256+0100: 2185.128: [GC (Allocation Failure) 2016-06-20T14:25:45.256+0100: 2185.128: [ParNew
Desired survivor size 20112992 bytes, new threshold 8 (max 8)
- age   1:     322832 bytes,     322832 total
- age   2:      16704 bytes,     339536 total
- age   3:      17952 bytes,     357488 total
- age   4:      21904 bytes,     379392 total
- age   5:      18648 bytes,     398040 total
- age   6:      19696 bytes,     417736 total
- age   7:      18072 bytes,     435808 total
- age   8:      19024 bytes,     454832 total
: 99045K->527K(109248K), 0.0050142 secs] 190075K->102473K(502464K), 0.0051022 secs] [Times: user=0.00 sys=0.00, real=0.00 secs] 
Heap after GC invocations=137 (full 3):
 par new generation   total 109248K, used 527K [0x00000000e0000000, 0x00000000e8000000, 0x00000000e8000000)
  eden space 87424K,   0% used [0x00000000e0000000, 0x00000000e0000000, 0x00000000e5560000)
  from space 21824K,   2% used [0x00000000e6ab0000, 0x00000000e6b33dc0, 0x00000000e8000000)
  to   space 21824K,   0% used [0x00000000e5560000, 0x00000000e5560000, 0x00000000e6ab0000)
 concurrent mark-sweep generation total 393216K, used 101946K [0x00000000e8000000, 0x0000000100000000, 0x0000000100000000)
 Metaspace       used 46886K, capacity 47452K, committed 47780K, reserved 1091584K
  class space    used 5091K, capacity 5223K, committed 5316K, reserved 1048576K
}
2016-06-20T14:25:45.261+0100: 2185.133: Total time for which application threads were stopped: 0.0053142 seconds, Stopping threads took: 0.0000280 seconds
2016-06-20T14:25:46.261+0100: 2186.132: Total time for which application threads were stopped: 0.0000861 seconds, Stopping threads took: 0.0000249 seconds
{Heap before GC invocations=137 (full 3):
 par new generation   total 109248K, used 87951K [0x00000000e0000000, 0x00000000e8000000, 0x00000000e8000000)
  eden space 87424K, 100% used [0x00000000e0000000, 0x00000000e5560000, 0x00000000e5560000)
  from space 21824K,   2% used [0x00000000e6ab0000, 0x00000000e6b33dc0, 0x00000000e8000000)
  to   space 21824K,   0% used [0x00000000e5560000, 0x00000000e5560000, 0x00000000e6ab0000)
 concurrent mark-sweep generation total 393216K, used 101946K [0x00000000e8000000, 0x0000000100000000, 0x0000000100000000)
 Metaspace       used 46886K, capacity 47452K, committed 47780K, reserved 1091584K
  class space    used 5091K, capacity 5223K, committed 5316K, reserved 1048576K
2016-06-20T14:25:46.852+0100: 2186.723: [GC (Allocation Failure) 2016-06-20T14:25:46.852+0100: 2186.723: [ParNew
Desired survivor size 20112992 bytes, new threshold 8 (max 8)
- age   1:     310408 bytes,     310408 total
- age   2:      14544 bytes,     324952 total
- age   3:      16512 bytes,     341464 total
- age   4:      17688 bytes,     359152 total
- age   5:      21664 bytes,     380816 total
- age   6:      18480 bytes,     399296 total
- age   7:      19360 bytes,     418656 total
- age   8:      17832 bytes,     436488 total
: 87951K->581K(109248K), 0.0020389 secs] 189897K->102546K(502464K), 0.0021372 secs] [Times: user=0.00 sys=0.00, real=0.00 secs] 
Heap after GC invocations=138 (full 3):
 par new generation   total 109248K, used 581K [0x00000000e0000000, 0x00000000e8000000, 0x00000000e8000000)
  eden space 87424K,   0% used [0x00000000e0000000, 0x00000000e0000000, 0x00000000e5560000)
  from space 21824K,   2% used [0x00000000e5560000, 0x00000000e55f1500, 0x00000000e6ab0000)
  to   space 21824K,   0% used [0x00000000e6ab0000, 0x00000000e6ab0000, 0x00000000e8000000)
 concurrent mark-sweep generation total 393216K, used 101964K [0x00000000e8000000, 0x0000000100000000, 0x0000000100000000)
 Metaspace       used 46886K, capacity 47452K, committed 47780K, reserved 1091584K
  class space    used 5091K, capacity 5223K, committed 5316K, reserved 1048576K
}
2016-06-20T14:25:46.854+0100: 2186.725: Total time for which application threads were stopped: 0.0024210 seconds, Stopping threads took: 0.0000367 seconds
2016-06-20T14:25:47.854+0100: 2187.725: Total time for which application threads were stopped: 0.0000880 seconds, Stopping threads took: 0.0000272 seconds
2016-06-20T14:25:48.855+0100: 2188.726: Total time for which application threads were stopped: 0.0001034 seconds, Stopping threads took: 0.0000288 seconds
{Heap before GC invocations=138 (full 3):
 par new generation   total 109248K, used 88005K [0x00000000e0000000, 0x00000000e8000000, 0x00000000e8000000)
  eden space 87424K, 100% used [0x00000000e0000000, 0x00000000e5560000, 0x00000000e5560000)
  from space 21824K,   2% used [0x00000000e5560000, 0x00000000e55f1500, 0x00000000e6ab0000)
  to   space 21824K,   0% used [0x00000000e6ab0000, 0x00000000e6ab0000, 0x00000000e8000000)
 concurrent mark-sweep generation total 393216K, used 101964K [0x00000000e8000000, 0x0000000100000000, 0x0000000100000000)
 Metaspace       used 46886K, capacity 47452K, committed 47780K, reserved 1091584K
  class space    used 5091K, capacity 5223K, committed 5316K, reserved 1048576K
2016-06-20T14:25:49.412+0100: 2189.284: [GC (Allocation Failure) 2016-06-20T14:25:49.412+0100: 2189.284: [ParNew
Desired survivor size 20112992 bytes, new threshold 8 (max 8)
- age   1:     312936 bytes,     312936 total
- age   2:      12312 bytes,     325248 total
- age   3:      14184 bytes,     339432 total
- age   4:      16272 bytes,     355704 total
- age   5:      17568 bytes,     373272 total
- age   6:      21472 bytes,     394744 total
- age   7:      18144 bytes,     412888 total
- age   8:      17832 bytes,     430720 total
: 88005K->552K(109248K), 0.0020105 secs] 189970K->102534K(502464K), 0.0021001 secs] [Times: user=0.00 sys=0.00, real=0.00 secs] 
Heap after GC invocations=139 (full 3):
 par new generation   total 109248K, used 552K [0x00000000e0000000, 0x00000000e8000000, 0x00000000e8000000)
  eden space 87424K,   0% used [0x00000000e0000000, 0x00000000e0000000, 0x00000000e5560000)
  from space 21824K,   2% used [0x00000000e6ab0000, 0x00000000e6b3a0c0, 0x00000000e8000000)
  to   space 21824K,   0% used [0x00000000e5560000, 0x00000000e5560000, 0x00000000e6ab0000)
 concurrent mark-sweep generation total 393216K, used 101982K [0x00000000e8000000, 0x0000000100000000, 0x0000000100000000)
 Metaspace       used 46886K, capacity 47452K, committed 47780K, reserved 1091584K
  class space    used 5091K, capacity 5223K, committed 5316K, reserved 1048576K
}
2016-06-20T14:25:49.414+0100: 2189.286: Total time for which application threads were stopped: 0.0023460 seconds, Stopping threads took: 0.0000288 seconds
2016-06-20T14:25:50.414+0100: 2190.286: Total time for which application threads were stopped: 0.0001780 seconds, Stopping threads took: 0.0000782 seconds
2016-06-20T14:25:52.415+0100: 2192.287: Total time for which application threads were stopped: 0.0000912 seconds, Stopping threads took: 0.0000253 seconds
2016-06-20T14:25:55.418+0100: 2195.289: Total time for which application threads were stopped: 0.0000683 seconds, Stopping threads took: 0.0000193 seconds
2016-06-20T14:26:00.434+0100: 2200.305: Total time for which application threads were stopped: 0.0126449 seconds, Stopping threads took: 0.0125261 seconds
{Heap before GC invocations=139 (full 3):
 par new generation   total 109248K, used 87976K [0x00000000e0000000, 0x00000000e8000000, 0x00000000e8000000)
  eden space 87424K, 100% used [0x00000000e0000000, 0x00000000e5560000, 0x00000000e5560000)
  from space 21824K,   2% used [0x00000000e6ab0000, 0x00000000e6b3a0c0, 0x00000000e8000000)
  to   space 21824K,   0% used [0x00000000e5560000, 0x00000000e5560000, 0x00000000e6ab0000)
 concurrent mark-sweep generation total 393216K, used 101982K [0x00000000e8000000, 0x0000000100000000, 0x0000000100000000)
 Metaspace       used 46890K, capacity 47452K, committed 47780K, reserved 1091584K
  class space    used 5091K, capacity 5223K, committed 5316K, reserved 1048576K
2016-06-20T14:26:00.915+0100: 2200.787: [GC (Allocation Failure) 2016-06-20T14:26:00.915+0100: 2200.787: [ParNew
Desired survivor size 20112992 bytes, new threshold 8 (max 8)
- age   1:    6219840 bytes,    6219840 total
- age   2:      21856 bytes,    6241696 total
- age   3:      12120 bytes,    6253816 total
- age   4:      13968 bytes,    6267784 total
- age   5:      16128 bytes,    6283912 total
- age   6:      17496 bytes,    6301408 total
- age   7:      21256 bytes,    6322664 total
- age   8:      17928 bytes,    6340592 total
: 87976K->6335K(109248K), 0.0038635 secs] 189958K->108335K(502464K), 0.0039492 secs] [Times: user=0.00 sys=0.00, real=0.00 secs] 
Heap after GC invocations=140 (full 3):
 par new generation   total 109248K, used 6335K [0x00000000e0000000, 0x00000000e8000000, 0x00000000e8000000)
  eden space 87424K,   0% used [0x00000000e0000000, 0x00000000e0000000, 0x00000000e5560000)
  from space 21824K,  29% used [0x00000000e5560000, 0x00000000e5b8fe90, 0x00000000e6ab0000)
  to   space 21824K,   0% used [0x00000000e6ab0000, 0x00000000e6ab0000, 0x00000000e8000000)
 concurrent mark-sweep generation total 393216K, used 101999K [0x00000000e8000000, 0x0000000100000000, 0x0000000100000000)
 Metaspace       used 46890K, capacity 47452K, committed 47780K, reserved 1091584K
  class space    used 5091K, capacity 5223K, committed 5316K, reserved 1048576K
}
2016-06-20T14:26:00.919+0100: 2200.791: Total time for which application threads were stopped: 0.0042140 seconds, Stopping threads took: 0.0000245 seconds
{Heap before GC invocations=140 (full 3):
 par new generation   total 109248K, used 93759K [0x00000000e0000000, 0x00000000e8000000, 0x00000000e8000000)
  eden space 87424K, 100% used [0x00000000e0000000, 0x00000000e5560000, 0x00000000e5560000)
  from space 21824K,  29% used [0x00000000e5560000, 0x00000000e5b8fe90, 0x00000000e6ab0000)
  to   space 21824K,   0% used [0x00000000e6ab0000, 0x00000000e6ab0000, 0x00000000e8000000)
 concurrent mark-sweep generation total 393216K, used 101999K [0x00000000e8000000, 0x0000000100000000, 0x0000000100000000)
 Metaspace       used 46890K, capacity 47452K, committed 47780K, reserved 1091584K
  class space    used 5091K, capacity 5223K, committed 5316K, reserved 1048576K
2016-06-20T14:26:01.289+0100: 2201.160: [GC (Allocation Failure) 2016-06-20T14:26:01.289+0100: 2201.160: [ParNew
Desired survivor size 20112992 bytes, new threshold 8 (max 8)
- age   1:    1780752 bytes,    1780752 total
- age   2:    2561192 bytes,    4341944 total
- age   3:      21856 bytes,    4363800 total
- age   4:      12120 bytes,    4375920 total
- age   5:      13968 bytes,    4389888 total
- age   6:      16128 bytes,    4406016 total
- age   7:      17496 bytes,    4423512 total
- age   8:      21256 bytes,    4444768 total
: 93759K->6361K(109248K), 0.0032540 secs] 195759K->108378K(502464K), 0.0033483 secs] [Times: user=0.00 sys=0.00, real=0.00 secs] 
Heap after GC invocations=141 (full 3):
 par new generation   total 109248K, used 6361K [0x00000000e0000000, 0x00000000e8000000, 0x00000000e8000000)
  eden space 87424K,   0% used [0x00000000e0000000, 0x00000000e0000000, 0x00000000e5560000)
  from space 21824K,  29% used [0x00000000e6ab0000, 0x00000000e70e6500, 0x00000000e8000000)
  to   space 21824K,   0% used [0x00000000e5560000, 0x00000000e5560000, 0x00000000e6ab0000)
 concurrent mark-sweep generation total 393216K, used 102017K [0x00000000e8000000, 0x0000000100000000, 0x0000000100000000)
 Metaspace       used 46890K, capacity 47452K, committed 47780K, reserved 1091584K
  class space    used 5091K, capacity 5223K, committed 5316K, reserved 1048576K
}
2016-06-20T14:26:01.292+0100: 2201.163: Total time for which application threads were stopped: 0.0036164 seconds, Stopping threads took: 0.0000292 seconds
{Heap before GC invocations=141 (full 3):
 par new generation   total 109248K, used 93785K [0x00000000e0000000, 0x00000000e8000000, 0x00000000e8000000)
  eden space 87424K, 100% used [0x00000000e0000000, 0x00000000e5560000, 0x00000000e5560000)
  from space 21824K,  29% used [0x00000000e6ab0000, 0x00000000e70e6500, 0x00000000e8000000)
  to   space 21824K,   0% used [0x00000000e5560000, 0x00000000e5560000, 0x00000000e6ab0000)
 concurrent mark-sweep generation total 393216K, used 102017K [0x00000000e8000000, 0x0000000100000000, 0x0000000100000000)
 Metaspace       used 46890K, capacity 47452K, committed 47780K, reserved 1091584K
  class space    used 5091K, capacity 5223K, committed 5316K, reserved 1048576K
2016-06-20T14:26:01.660+0100: 2201.531: [GC (Allocation Failure) 2016-06-20T14:26:01.660+0100: 2201.532: [ParNew
Desired survivor size 20112992 bytes, new threshold 8 (max 8)
- age   1:    2086392 bytes,    2086392 total
- age   2:     503192 bytes,    2589584 total
- age   3:    2556024 bytes,    5145608 total
- age   4:      21856 bytes,    5167464 total
- age   5:      12120 bytes,    5179584 total
- age   6:      13968 bytes,    5193552 total
- age   7:      16128 bytes,    5209680 total
- age   8:      17496 bytes,    5227176 total
: 93785K->6859K(109248K), 0.0047363 secs] 195802K->108897K(502464K), 0.0048228 secs] [Times: user=0.00 sys=0.00, real=0.00 secs] 
Heap after GC invocations=142 (full 3):
 par new generation   total 109248K, used 6859K [0x00000000e0000000, 0x00000000e8000000, 0x00000000e8000000)
  eden space 87424K,   0% used [0x00000000e0000000, 0x00000000e0000000, 0x00000000e5560000)
  from space 21824K,  31% used [0x00000000e5560000, 0x00000000e5c12df0, 0x00000000e6ab0000)
  to   space 21824K,   0% used [0x00000000e6ab0000, 0x00000000e6ab0000, 0x00000000e8000000)
 concurrent mark-sweep generation total 393216K, used 102037K [0x00000000e8000000, 0x0000000100000000, 0x0000000100000000)
 Metaspace       used 46890K, capacity 47452K, committed 47780K, reserved 1091584K
  class space    used 5091K, capacity 5223K, committed 5316K, reserved 1048576K
}
2016-06-20T14:26:01.665+0100: 2201.536: Total time for which application threads were stopped: 0.0050959 seconds, Stopping threads took: 0.0000339 seconds
{Heap before GC invocations=142 (full 3):
 par new generation   total 109248K, used 94283K [0x00000000e0000000, 0x00000000e8000000, 0x00000000e8000000)
  eden space 87424K, 100% used [0x00000000e0000000, 0x00000000e5560000, 0x00000000e5560000)
  from space 21824K,  31% used [0x00000000e5560000, 0x00000000e5c12df0, 0x00000000e6ab0000)
  to   space 21824K,   0% used [0x00000000e6ab0000, 0x00000000e6ab0000, 0x00000000e8000000)
 concurrent mark-sweep generation total 393216K, used 102037K [0x00000000e8000000, 0x0000000100000000, 0x0000000100000000)
 Metaspace       used 46890K, capacity 47452K, committed 47780K, reserved 1091584K
  class space    used 5091K, capacity 5223K, committed 5316K, reserved 1048576K
2016-06-20T14:26:02.149+0100: 2202.020: [GC (Allocation Failure) 2016-06-20T14:26:02.149+0100: 2202.020: [ParNew
Desired survivor size 20112992 bytes, new threshold 8 (max 8)
- age   1:    1358808 bytes,    1358808 total
- age   2:    1928352 bytes,    3287160 total
- age   3:     503192 bytes,    3790352 total
- age   4:    2547816 bytes,    6338168 total
- age   5:      21856 bytes,    6360024 total
- age   6:      12120 bytes,    6372144 total
- age   7:      13968 bytes,    6386112 total
- age   8:      16128 bytes,    6402240 total
: 94283K->7880K(109248K), 0.0043996 secs] 196321K->109935K(502464K), 0.0045034 secs] [Times: user=0.00 sys=0.00, real=0.01 secs] 
Heap after GC invocations=143 (full 3):
 par new generation   total 109248K, used 7880K [0x00000000e0000000, 0x00000000e8000000, 0x00000000e8000000)
  eden space 87424K,   0% used [0x00000000e0000000, 0x00000000e0000000, 0x00000000e5560000)
  from space 21824K,  36% used [0x00000000e6ab0000, 0x00000000e7262190, 0x00000000e8000000)
  to   space 21824K,   0% used [0x00000000e5560000, 0x00000000e5560000, 0x00000000e6ab0000)
 concurrent mark-sweep generation total 393216K, used 102054K [0x00000000e8000000, 0x0000000100000000, 0x0000000100000000)
 Metaspace       used 46890K, capacity 47452K, committed 47780K, reserved 1091584K
  class space    used 5091K, capacity 5223K, committed 5316K, reserved 1048576K
}
2016-06-20T14:26:02.154+0100: 2202.025: Total time for which application threads were stopped: 0.0047655 seconds, Stopping threads took: 0.0000320 seconds
2016-06-20T14:26:05.155+0100: 2205.026: Total time for which application threads were stopped: 0.0000979 seconds, Stopping threads took: 0.0000296 seconds
2016-06-20T14:26:08.156+0100: 2208.027: Total time for which application threads were stopped: 0.0001358 seconds, Stopping threads took: 0.0000391 seconds
{Heap before GC invocations=143 (full 3):
 par new generation   total 109248K, used 95304K [0x00000000e0000000, 0x00000000e8000000, 0x00000000e8000000)
  eden space 87424K, 100% used [0x00000000e0000000, 0x00000000e5560000, 0x00000000e5560000)
  from space 21824K,  36% used [0x00000000e6ab0000, 0x00000000e7262190, 0x00000000e8000000)
  to   space 21824K,   0% used [0x00000000e5560000, 0x00000000e5560000, 0x00000000e6ab0000)
 concurrent mark-sweep generation total 393216K, used 102054K [0x00000000e8000000, 0x0000000100000000, 0x0000000100000000)
 Metaspace       used 46892K, capacity 47452K, committed 47780K, reserved 1091584K
  class space    used 5092K, capacity 5223K, committed 5316K, reserved 1048576K
2016-06-20T14:26:08.440+0100: 2208.312: [GC (Allocation Failure) 2016-06-20T14:26:08.440+0100: 2208.312: [ParNew
Desired survivor size 20112992 bytes, new threshold 8 (max 8)
- age   1:     258896 bytes,     258896 total
- age   4:        312 bytes,     259208 total
- age   5:      70912 bytes,     330120 total
- age   6:      21496 bytes,     351616 total
- age   7:      12048 bytes,     363664 total
- age   8:      13752 bytes,     377416 total
: 95304K->2314K(109248K), 0.0019679 secs] 197359K->104384K(502464K), 0.0020476 secs] [Times: user=0.00 sys=0.00, real=0.00 secs] 
Heap after GC invocations=144 (full 3):
 par new generation   total 109248K, used 2314K [0x00000000e0000000, 0x00000000e8000000, 0x00000000e8000000)
  eden space 87424K,   0% used [0x00000000e0000000, 0x00000000e0000000, 0x00000000e5560000)
  from space 21824K,  10% used [0x00000000e5560000, 0x00000000e57a29c0, 0x00000000e6ab0000)
  to   space 21824K,   0% used [0x00000000e6ab0000, 0x00000000e6ab0000, 0x00000000e8000000)
 concurrent mark-sweep generation total 393216K, used 102070K [0x00000000e8000000, 0x0000000100000000, 0x0000000100000000)
 Metaspace       used 46892K, capacity 47452K, committed 47780K, reserved 1091584K
  class space    used 5092K, capacity 5223K, committed 5316K, reserved 1048576K
}
2016-06-20T14:26:08.442+0100: 2208.314: Total time for which application threads were stopped: 0.0022517 seconds, Stopping threads took: 0.0000257 seconds
2016-06-20T14:26:10.443+0100: 2210.314: Total time for which application threads were stopped: 0.0000876 seconds, Stopping threads took: 0.0000288 seconds
{Heap before GC invocations=144 (full 3):
 par new generation   total 109248K, used 89738K [0x00000000e0000000, 0x00000000e8000000, 0x00000000e8000000)
  eden space 87424K, 100% used [0x00000000e0000000, 0x00000000e5560000, 0x00000000e5560000)
  from space 21824K,  10% used [0x00000000e5560000, 0x00000000e57a29c0, 0x00000000e6ab0000)
  to   space 21824K,   0% used [0x00000000e6ab0000, 0x00000000e6ab0000, 0x00000000e8000000)
 concurrent mark-sweep generation total 393216K, used 102070K [0x00000000e8000000, 0x0000000100000000, 0x0000000100000000)
 Metaspace       used 46958K, capacity 47516K, committed 47780K, reserved 1091584K
  class space    used 5092K, capacity 5223K, committed 5316K, reserved 1048576K
2016-06-20T14:26:10.945+0100: 2210.816: [GC (Allocation Failure) 2016-06-20T14:26:10.945+0100: 2210.816: [ParNew
Desired survivor size 20112992 bytes, new threshold 8 (max 8)
- age   1:     302456 bytes,     302456 total
- age   2:      24232 bytes,     326688 total
- age   5:        312 bytes,     327000 total
- age   6:      27376 bytes,     354376 total
- age   7:      21208 bytes,     375584 total
- age   8:      11832 bytes,     387416 total
: 89738K->618K(109248K), 0.0021518 secs] 191808K->102701K(502464K), 0.0022355 secs] [Times: user=0.00 sys=0.00, real=0.00 secs] 
Heap after GC invocations=145 (full 3):
 par new generation   total 109248K, used 618K [0x00000000e0000000, 0x00000000e8000000, 0x00000000e8000000)
  eden space 87424K,   0% used [0x00000000e0000000, 0x00000000e0000000, 0x00000000e5560000)
  from space 21824K,   2% used [0x00000000e6ab0000, 0x00000000e6b4a840, 0x00000000e8000000)
  to   space 21824K,   0% used [0x00000000e5560000, 0x00000000e5560000, 0x00000000e6ab0000)
 concurrent mark-sweep generation total 393216K, used 102083K [0x00000000e8000000, 0x0000000100000000, 0x0000000100000000)
 Metaspace       used 46958K, capacity 47516K, committed 47780K, reserved 1091584K
  class space    used 5092K, capacity 5223K, committed 5316K, reserved 1048576K
}
2016-06-20T14:26:10.947+0100: 2210.819: Total time for which application threads were stopped: 0.0024597 seconds, Stopping threads took: 0.0000430 seconds
2016-06-20T14:26:11.947+0100: 2211.818: Total time for which application threads were stopped: 0.0001165 seconds, Stopping threads took: 0.0000249 seconds
{Heap before GC invocations=145 (full 3):
 par new generation   total 109248K, used 88042K [0x00000000e0000000, 0x00000000e8000000, 0x00000000e8000000)
  eden space 87424K, 100% used [0x00000000e0000000, 0x00000000e5560000, 0x00000000e5560000)
  from space 21824K,   2% used [0x00000000e6ab0000, 0x00000000e6b4a840, 0x00000000e8000000)
  to   space 21824K,   0% used [0x00000000e5560000, 0x00000000e5560000, 0x00000000e6ab0000)
 concurrent mark-sweep generation total 393216K, used 102083K [0x00000000e8000000, 0x0000000100000000, 0x0000000100000000)
 Metaspace       used 46963K, capacity 47516K, committed 47780K, reserved 1091584K
  class space    used 5092K, capacity 5223K, committed 5316K, reserved 1048576K
2016-06-20T14:26:13.394+0100: 2213.265: [GC (Allocation Failure) 2016-06-20T14:26:13.394+0100: 2213.265: [ParNew
Desired survivor size 20112992 bytes, new threshold 8 (max 8)
- age   1:    1339272 bytes,    1339272 total
- age   2:      14776 bytes,    1354048 total
- age   3:      21360 bytes,    1375408 total
- age   6:        312 bytes,    1375720 total
- age   7:      27232 bytes,    1402952 total
- age   8:      20984 bytes,    1423936 total
: 88042K->1570K(109248K), 0.0025395 secs] 190125K->103665K(502464K), 0.0026520 secs] [Times: user=0.00 sys=0.00, real=0.00 secs] 
Heap after GC invocations=146 (full 3):
 par new generation   total 109248K, used 1570K [0x00000000e0000000, 0x00000000e8000000, 0x00000000e8000000)
  eden space 87424K,   0% used [0x00000000e0000000, 0x00000000e0000000, 0x00000000e5560000)
  from space 21824K,   7% used [0x00000000e5560000, 0x00000000e56e8a28, 0x00000000e6ab0000)
  to   space 21824K,   0% used [0x00000000e6ab0000, 0x00000000e6ab0000, 0x00000000e8000000)
 concurrent mark-sweep generation total 393216K, used 102095K [0x00000000e8000000, 0x0000000100000000, 0x0000000100000000)
 Metaspace       used 46963K, capacity 47516K, committed 47780K, reserved 1091584K
  class space    used 5092K, capacity 5223K, committed 5316K, reserved 1048576K
}
2016-06-20T14:26:13.397+0100: 2213.268: Total time for which application threads were stopped: 0.0029374 seconds, Stopping threads took: 0.0000296 seconds
2016-06-20T14:26:14.398+0100: 2214.269: Total time for which application threads were stopped: 0.0001074 seconds, Stopping threads took: 0.0000288 seconds
2016-06-20T14:26:15.398+0100: 2215.269: Total time for which application threads were stopped: 0.0001082 seconds, Stopping threads took: 0.0000343 seconds
{Heap before GC invocations=146 (full 3):
 par new generation   total 109248K, used 88994K [0x00000000e0000000, 0x00000000e8000000, 0x00000000e8000000)
  eden space 87424K, 100% used [0x00000000e0000000, 0x00000000e5560000, 0x00000000e5560000)
  from space 21824K,   7% used [0x00000000e5560000, 0x00000000e56e8a28, 0x00000000e6ab0000)
  to   space 21824K,   0% used [0x00000000e6ab0000, 0x00000000e6ab0000, 0x00000000e8000000)
 concurrent mark-sweep generation total 393216K, used 102095K [0x00000000e8000000, 0x0000000100000000, 0x0000000100000000)
 Metaspace       used 46976K, capacity 47516K, committed 47780K, reserved 1091584K
  class space    used 5092K, capacity 5223K, committed 5316K, reserved 1048576K
2016-06-20T14:26:16.094+0100: 2215.966: [GC (Allocation Failure) 2016-06-20T14:26:16.094+0100: 2215.966: [ParNew
Desired survivor size 20112992 bytes, new threshold 8 (max 8)
- age   1:    1890400 bytes,    1890400 total
- age   2:     328472 bytes,    2218872 total
- age   3:      14752 bytes,    2233624 total
- age   4:      21336 bytes,    2254960 total
- age   7:        312 bytes,    2255272 total
- age   8:      27160 bytes,    2282432 total
: 88994K->2476K(109248K), 0.0027479 secs] 191089K->104591K(502464K), 0.0028284 secs] [Times: user=0.00 sys=0.00, real=0.00 secs] 
Heap after GC invocations=147 (full 3):
 par new generation   total 109248K, used 2476K [0x00000000e0000000, 0x00000000e8000000, 0x00000000e8000000)
  eden space 87424K,   0% used [0x00000000e0000000, 0x00000000e0000000, 0x00000000e5560000)
  from space 21824K,  11% used [0x00000000e6ab0000, 0x00000000e6d1b0b0, 0x00000000e8000000)
  to   space 21824K,   0% used [0x00000000e5560000, 0x00000000e5560000, 0x00000000e6ab0000)
 concurrent mark-sweep generation total 393216K, used 102115K [0x00000000e8000000, 0x0000000100000000, 0x0000000100000000)
 Metaspace       used 46976K, capacity 47516K, committed 47780K, reserved 1091584K
  class space    used 5092K, capacity 5223K, committed 5316K, reserved 1048576K
}
2016-06-20T14:26:16.097+0100: 2215.968: Total time for which application threads were stopped: 0.0030850 seconds, Stopping threads took: 0.0000249 seconds
2016-06-20T14:26:17.098+0100: 2216.969: Total time for which application threads were stopped: 0.0000959 seconds, Stopping threads took: 0.0000288 seconds
2016-06-20T14:26:18.098+0100: 2217.969: Total time for which application threads were stopped: 0.0001026 seconds, Stopping threads took: 0.0000300 seconds
2016-06-20T14:26:19.099+0100: 2218.970: Total time for which application threads were stopped: 0.0000912 seconds, Stopping threads took: 0.0000276 seconds
{Heap before GC invocations=147 (full 3):
 par new generation   total 109248K, used 89900K [0x00000000e0000000, 0x00000000e8000000, 0x00000000e8000000)
  eden space 87424K, 100% used [0x00000000e0000000, 0x00000000e5560000, 0x00000000e5560000)
  from space 21824K,  11% used [0x00000000e6ab0000, 0x00000000e6d1b0b0, 0x00000000e8000000)
  to   space 21824K,   0% used [0x00000000e5560000, 0x00000000e5560000, 0x00000000e6ab0000)
 concurrent mark-sweep generation total 393216K, used 102115K [0x00000000e8000000, 0x0000000100000000, 0x0000000100000000)
 Metaspace       used 47007K, capacity 47516K, committed 47780K, reserved 1091584K
  class space    used 5092K, capacity 5223K, committed 5316K, reserved 1048576K
2016-06-20T14:26:20.056+0100: 2219.927: [GC (Allocation Failure) 2016-06-20T14:26:20.056+0100: 2219.927: [ParNew
Desired survivor size 20112992 bytes, new threshold 8 (max 8)
- age   1:    1959432 bytes,    1959432 total
- age   2:     350552 bytes,    2309984 total
- age   3:     107152 bytes,    2417136 total
- age   4:      14728 bytes,    2431864 total
- age   5:      21264 bytes,    2453128 total
- age   8:        312 bytes,    2453440 total
: 89900K->3702K(109248K), 0.0027499 secs] 192015K->105845K(502464K), 0.0028115 secs] [Times: user=0.00 sys=0.00, real=0.00 secs] 
Heap after GC invocations=148 (full 3):
 par new generation   total 109248K, used 3702K [0x00000000e0000000, 0x00000000e8000000, 0x00000000e8000000)
  eden space 87424K,   0% used [0x00000000e0000000, 0x00000000e0000000, 0x00000000e5560000)
  from space 21824K,  16% used [0x00000000e5560000, 0x00000000e58fdb40, 0x00000000e6ab0000)
  to   space 21824K,   0% used [0x00000000e6ab0000, 0x00000000e6ab0000, 0x00000000e8000000)
 concurrent mark-sweep generation total 393216K, used 102142K [0x00000000e8000000, 0x0000000100000000, 0x0000000100000000)
 Metaspace       used 47007K, capacity 47516K, committed 47780K, reserved 1091584K
  class space    used 5092K, capacity 5223K, committed 5316K, reserved 1048576K
}
2016-06-20T14:26:20.058+0100: 2219.930: Total time for which application threads were stopped: 0.0030061 seconds, Stopping threads took: 0.0000233 seconds
2016-06-20T14:26:21.059+0100: 2220.930: Total time for which application threads were stopped: 0.0000718 seconds, Stopping threads took: 0.0000229 seconds
2016-06-20T14:26:27.062+0100: 2226.933: Total time for which application threads were stopped: 0.0001196 seconds, Stopping threads took: 0.0000399 seconds
2016-06-20T14:26:28.062+0100: 2227.933: Total time for which application threads were stopped: 0.0000813 seconds, Stopping threads took: 0.0000241 seconds
2016-06-20T14:26:28.983+0100: 2228.854: Total time for which application threads were stopped: 0.0002096 seconds, Stopping threads took: 0.0000221 seconds
2016-06-20T14:26:28.983+0100: 2228.854: Total time for which application threads were stopped: 0.0000999 seconds, Stopping threads took: 0.0000095 seconds
{Heap before GC invocations=148 (full 3):
 par new generation   total 109248K, used 91126K [0x00000000e0000000, 0x00000000e8000000, 0x00000000e8000000)
  eden space 87424K, 100% used [0x00000000e0000000, 0x00000000e5560000, 0x00000000e5560000)
  from space 21824K,  16% used [0x00000000e5560000, 0x00000000e58fdb40, 0x00000000e6ab0000)
  to   space 21824K,   0% used [0x00000000e6ab0000, 0x00000000e6ab0000, 0x00000000e8000000)
 concurrent mark-sweep generation total 393216K, used 102142K [0x00000000e8000000, 0x0000000100000000, 0x0000000100000000)
 Metaspace       used 47019K, capacity 47580K, committed 47780K, reserved 1091584K
  class space    used 5092K, capacity 5223K, committed 5316K, reserved 1048576K
2016-06-20T14:26:29.114+0100: 2228.986: [GC (Allocation Failure) 2016-06-20T14:26:29.114+0100: 2228.986: [ParNew
Desired survivor size 20112992 bytes, new threshold 8 (max 8)
- age   1:    1114384 bytes,    1114384 total
- age   2:     154152 bytes,    1268536 total
- age   3:     332544 bytes,    1601080 total
- age   4:     103976 bytes,    1705056 total
- age   5:      14632 bytes,    1719688 total
- age   6:      21168 bytes,    1740856 total
: 91126K->2453K(109248K), 0.0023753 secs] 193269K->104595K(502464K), 0.0024637 secs] [Times: user=0.00 sys=0.00, real=0.00 secs] 
Heap after GC invocations=149 (full 3):
 par new generation   total 109248K, used 2453K [0x00000000e0000000, 0x00000000e8000000, 0x00000000e8000000)
  eden space 87424K,   0% used [0x00000000e0000000, 0x00000000e0000000, 0x00000000e5560000)
  from space 21824K,  11% used [0x00000000e6ab0000, 0x00000000e6d154a8, 0x00000000e8000000)
  to   space 21824K,   0% used [0x00000000e5560000, 0x00000000e5560000, 0x00000000e6ab0000)
 concurrent mark-sweep generation total 393216K, used 102142K [0x00000000e8000000, 0x0000000100000000, 0x0000000100000000)
 Metaspace       used 47019K, capacity 47580K, committed 47780K, reserved 1091584K
  class space    used 5092K, capacity 5223K, committed 5316K, reserved 1048576K
}
2016-06-20T14:26:29.116+0100: 2228.988: Total time for which application threads were stopped: 0.0027009 seconds, Stopping threads took: 0.0000213 seconds
2016-06-20T14:26:31.117+0100: 2230.988: Total time for which application threads were stopped: 0.0001022 seconds, Stopping threads took: 0.0000284 seconds
{Heap before GC invocations=149 (full 3):
 par new generation   total 109248K, used 89877K [0x00000000e0000000, 0x00000000e8000000, 0x00000000e8000000)
  eden space 87424K, 100% used [0x00000000e0000000, 0x00000000e5560000, 0x00000000e5560000)
  from space 21824K,  11% used [0x00000000e6ab0000, 0x00000000e6d154a8, 0x00000000e8000000)
  to   space 21824K,   0% used [0x00000000e5560000, 0x00000000e5560000, 0x00000000e6ab0000)
 concurrent mark-sweep generation total 393216K, used 102142K [0x00000000e8000000, 0x0000000100000000, 0x0000000100000000)
 Metaspace       used 47033K, capacity 47580K, committed 47780K, reserved 1091584K
  class space    used 5092K, capacity 5223K, committed 5316K, reserved 1048576K
2016-06-20T14:26:33.074+0100: 2232.946: [GC (Allocation Failure) 2016-06-20T14:26:33.074+0100: 2232.946: [ParNew
Desired survivor size 20112992 bytes, new threshold 8 (max 8)
- age   1:     889856 bytes,     889856 total
- age   2:     248008 bytes,    1137864 total
- age   3:     147120 bytes,    1284984 total
- age   4:     258856 bytes,    1543840 total
- age   5:     103904 bytes,    1647744 total
- age   6:      14608 bytes,    1662352 total
- age   7:      21120 bytes,    1683472 total
: 89877K->2009K(109248K), 0.0023113 secs] 192019K->104152K(502464K), 0.0023796 secs] [Times: user=0.00 sys=0.00, real=0.00 secs] 
Heap after GC invocations=150 (full 3):
 par new generation   total 109248K, used 2009K [0x00000000e0000000, 0x00000000e8000000, 0x00000000e8000000)
  eden space 87424K,   0% used [0x00000000e0000000, 0x00000000e0000000, 0x00000000e5560000)
  from space 21824K,   9% used [0x00000000e5560000, 0x00000000e57566c8, 0x00000000e6ab0000)
  to   space 21824K,   0% used [0x00000000e6ab0000, 0x00000000e6ab0000, 0x00000000e8000000)
 concurrent mark-sweep generation total 393216K, used 102142K [0x00000000e8000000, 0x0000000100000000, 0x0000000100000000)
 Metaspace       used 47033K, capacity 47580K, committed 47780K, reserved 1091584K
  class space    used 5092K, capacity 5223K, committed 5316K, reserved 1048576K
}
2016-06-20T14:26:33.077+0100: 2232.948: Total time for which application threads were stopped: 0.0025774 seconds, Stopping threads took: 0.0000229 seconds
2016-06-20T14:26:34.077+0100: 2233.949: Total time for which application threads were stopped: 0.0001046 seconds, Stopping threads took: 0.0000261 seconds
{Heap before GC invocations=150 (full 3):
 par new generation   total 109248K, used 89433K [0x00000000e0000000, 0x00000000e8000000, 0x00000000e8000000)
  eden space 87424K, 100% used [0x00000000e0000000, 0x00000000e5560000, 0x00000000e5560000)
  from space 21824K,   9% used [0x00000000e5560000, 0x00000000e57566c8, 0x00000000e6ab0000)
  to   space 21824K,   0% used [0x00000000e6ab0000, 0x00000000e6ab0000, 0x00000000e8000000)
 concurrent mark-sweep generation total 393216K, used 102142K [0x00000000e8000000, 0x0000000100000000, 0x0000000100000000)
 Metaspace       used 47050K, capacity 47644K, committed 47780K, reserved 1091584K
  class space    used 5092K, capacity 5223K, committed 5316K, reserved 1048576K
2016-06-20T14:26:38.255+0100: 2238.127: [GC (Allocation Failure) 2016-06-20T14:26:38.255+0100: 2238.127: [ParNew
Desired survivor size 20112992 bytes, new threshold 8 (max 8)
- age   1:     732832 bytes,     732832 total
- age   2:     249152 bytes,     981984 total
- age   3:     247984 bytes,    1229968 total
- age   4:     147096 bytes,    1377064 total
- age   5:     256112 bytes,    1633176 total
- age   6:     103904 bytes,    1737080 total
- age   7:      14560 bytes,    1751640 total
- age   8:      21024 bytes,    1772664 total
: 89433K->2500K(109248K), 0.0025525 secs] 191576K->104642K(502464K), 0.0026243 secs] [Times: user=0.00 sys=0.00, real=0.00 secs] 
Heap after GC invocations=151 (full 3):
 par new generation   total 109248K, used 2500K [0x00000000e0000000, 0x00000000e8000000, 0x00000000e8000000)
  eden space 87424K,   0% used [0x00000000e0000000, 0x00000000e0000000, 0x00000000e5560000)
  from space 21824K,  11% used [0x00000000e6ab0000, 0x00000000e6d21178, 0x00000000e8000000)
  to   space 21824K,   0% used [0x00000000e5560000, 0x00000000e5560000, 0x00000000e6ab0000)
 concurrent mark-sweep generation total 393216K, used 102142K [0x00000000e8000000, 0x0000000100000000, 0x0000000100000000)
 Metaspace       used 47050K, capacity 47644K, committed 47780K, reserved 1091584K
  class space    used 5092K, capacity 5223K, committed 5316K, reserved 1048576K
}
2016-06-20T14:26:38.258+0100: 2238.129: Total time for which application threads were stopped: 0.0028632 seconds, Stopping threads took: 0.0000249 seconds
{Heap before GC invocations=151 (full 3):
 par new generation   total 109248K, used 89924K [0x00000000e0000000, 0x00000000e8000000, 0x00000000e8000000)
  eden space 87424K, 100% used [0x00000000e0000000, 0x00000000e5560000, 0x00000000e5560000)
  from space 21824K,  11% used [0x00000000e6ab0000, 0x00000000e6d21178, 0x00000000e8000000)
  to   space 21824K,   0% used [0x00000000e5560000, 0x00000000e5560000, 0x00000000e6ab0000)
 concurrent mark-sweep generation total 393216K, used 102142K [0x00000000e8000000, 0x0000000100000000, 0x0000000100000000)
 Metaspace       used 47050K, capacity 47644K, committed 47780K, reserved 1091584K
  class space    used 5092K, capacity 5223K, committed 5316K, reserved 1048576K
2016-06-20T14:26:44.056+0100: 2243.928: [GC (Allocation Failure) 2016-06-20T14:26:44.056+0100: 2243.928: [ParNew
Desired survivor size 20112992 bytes, new threshold 1 (max 8)
- age   1:   20732568 bytes,   20732568 total
- age   2:     178416 bytes,   20910984 total
- age   3:     105392 bytes,   21016376 total
- age   4:     247984 bytes,   21264360 total
- age   5:     147096 bytes,   21411456 total
- age   6:     256112 bytes,   21667568 total
- age   7:     103880 bytes,   21771448 total
- age   8:      14512 bytes,   21785960 total
: 89924K->21824K(109248K), 0.0107777 secs] 192066K->128901K(502464K), 0.0109372 secs] [Times: user=0.06 sys=0.00, real=0.01 secs] 
Heap after GC invocations=152 (full 3):
 par new generation   total 109248K, used 21824K [0x00000000e0000000, 0x00000000e8000000, 0x00000000e8000000)
  eden space 87424K,   0% used [0x00000000e0000000, 0x00000000e0000000, 0x00000000e5560000)
  from space 21824K, 100% used [0x00000000e5560000, 0x00000000e6ab0000, 0x00000000e6ab0000)
  to   space 21824K,   0% used [0x00000000e6ab0000, 0x00000000e6ab0000, 0x00000000e8000000)
 concurrent mark-sweep generation total 393216K, used 107077K [0x00000000e8000000, 0x0000000100000000, 0x0000000100000000)
 Metaspace       used 47050K, capacity 47644K, committed 47780K, reserved 1091584K
  class space    used 5092K, capacity 5223K, committed 5316K, reserved 1048576K
}
2016-06-20T14:26:44.067+0100: 2243.939: Total time for which application threads were stopped: 0.0112068 seconds, Stopping threads took: 0.0000316 seconds
{Heap before GC invocations=152 (full 3):
 par new generation   total 109248K, used 109248K [0x00000000e0000000, 0x00000000e8000000, 0x00000000e8000000)
  eden space 87424K, 100% used [0x00000000e0000000, 0x00000000e5560000, 0x00000000e5560000)
  from space 21824K, 100% used [0x00000000e5560000, 0x00000000e6ab0000, 0x00000000e6ab0000)
  to   space 21824K,   0% used [0x00000000e6ab0000, 0x00000000e6ab0000, 0x00000000e8000000)
 concurrent mark-sweep generation total 393216K, used 107077K [0x00000000e8000000, 0x0000000100000000, 0x0000000100000000)
 Metaspace       used 47050K, capacity 47644K, committed 47780K, reserved 1091584K
  class space    used 5092K, capacity 5223K, committed 5316K, reserved 1048576K
2016-06-20T14:26:44.349+0100: 2244.220: [GC (Allocation Failure) 2016-06-20T14:26:44.349+0100: 2244.220: [ParNew
Desired survivor size 20112992 bytes, new threshold 8 (max 8)
- age   1:     851032 bytes,     851032 total
: 109248K->16160K(109248K), 0.0136172 secs] 216325K->144474K(502464K), 0.1247087 secs] [Times: user=0.14 sys=0.00, real=0.13 secs] 
Heap after GC invocations=153 (full 3):
 par new generation   total 109248K, used 16160K [0x00000000e0000000, 0x00000000e8000000, 0x00000000e8000000)
  eden space 87424K,   0% used [0x00000000e0000000, 0x00000000e0000000, 0x00000000e5560000)
  from space 21824K,  74% used [0x00000000e6ab0000, 0x00000000e7a78040, 0x00000000e8000000)
  to   space 21824K,   0% used [0x00000000e5560000, 0x00000000e5560000, 0x00000000e6ab0000)
 concurrent mark-sweep generation total 393216K, used 128314K [0x00000000e8000000, 0x0000000100000000, 0x0000000100000000)
 Metaspace       used 47050K, capacity 47644K, committed 47780K, reserved 1091584K
  class space    used 5092K, capacity 5223K, committed 5316K, reserved 1048576K
}
2016-06-20T14:26:44.474+0100: 2244.345: Total time for which application threads were stopped: 0.1249933 seconds, Stopping threads took: 0.0000272 seconds
{Heap before GC invocations=153 (full 3):
 par new generation   total 109248K, used 103584K [0x00000000e0000000, 0x00000000e8000000, 0x00000000e8000000)
  eden space 87424K, 100% used [0x00000000e0000000, 0x00000000e5560000, 0x00000000e5560000)
  from space 21824K,  74% used [0x00000000e6ab0000, 0x00000000e7a78040, 0x00000000e8000000)
  to   space 21824K,   0% used [0x00000000e5560000, 0x00000000e5560000, 0x00000000e6ab0000)
 concurrent mark-sweep generation total 393216K, used 128314K [0x00000000e8000000, 0x0000000100000000, 0x0000000100000000)
 Metaspace       used 47050K, capacity 47644K, committed 47780K, reserved 1091584K
  class space    used 5092K, capacity 5223K, committed 5316K, reserved 1048576K
2016-06-20T14:26:44.774+0100: 2244.646: [GC (Allocation Failure) 2016-06-20T14:26:44.774+0100: 2244.646: [ParNew
Desired survivor size 20112992 bytes, new threshold 8 (max 8)
- age   1:    1343880 bytes,    1343880 total
- age   2:     404296 bytes,    1748176 total
: 103584K->4117K(109248K), 0.0024992 secs] 231898K->132432K(502464K), 0.0025888 secs] [Times: user=0.00 sys=0.00, real=0.00 secs] 
Heap after GC invocations=154 (full 3):
 par new generation   total 109248K, used 4117K [0x00000000e0000000, 0x00000000e8000000, 0x00000000e8000000)
  eden space 87424K,   0% used [0x00000000e0000000, 0x00000000e0000000, 0x00000000e5560000)
  from space 21824K,  18% used [0x00000000e5560000, 0x00000000e59657a0, 0x00000000e6ab0000)
  to   space 21824K,   0% used [0x00000000e6ab0000, 0x00000000e6ab0000, 0x00000000e8000000)
 concurrent mark-sweep generation total 393216K, used 128314K [0x00000000e8000000, 0x0000000100000000, 0x0000000100000000)
 Metaspace       used 47050K, capacity 47644K, committed 47780K, reserved 1091584K
  class space    used 5092K, capacity 5223K, committed 5316K, reserved 1048576K
}
2016-06-20T14:26:44.777+0100: 2244.648: Total time for which application threads were stopped: 0.0028482 seconds, Stopping threads took: 0.0000359 seconds
{Heap before GC invocations=154 (full 3):
 par new generation   total 109248K, used 91541K [0x00000000e0000000, 0x00000000e8000000, 0x00000000e8000000)
  eden space 87424K, 100% used [0x00000000e0000000, 0x00000000e5560000, 0x00000000e5560000)
  from space 21824K,  18% used [0x00000000e5560000, 0x00000000e59657a0, 0x00000000e6ab0000)
  to   space 21824K,   0% used [0x00000000e6ab0000, 0x00000000e6ab0000, 0x00000000e8000000)
 concurrent mark-sweep generation total 393216K, used 128314K [0x00000000e8000000, 0x0000000100000000, 0x0000000100000000)
 Metaspace       used 47050K, capacity 47644K, committed 47780K, reserved 1091584K
  class space    used 5092K, capacity 5223K, committed 5316K, reserved 1048576K
2016-06-20T14:26:45.229+0100: 2245.100: [GC (Allocation Failure) 2016-06-20T14:26:45.229+0100: 2245.100: [ParNew
Desired survivor size 20112992 bytes, new threshold 8 (max 8)
- age   1:    1829592 bytes,    1829592 total
- age   2:      43832 bytes,    1873424 total
- age   3:     224056 bytes,    2097480 total
: 91541K->2923K(109248K), 0.0028186 secs] 219856K->131237K(502464K), 0.0028924 secs] [Times: user=0.00 sys=0.00, real=0.00 secs] 
Heap after GC invocations=155 (full 3):
 par new generation   total 109248K, used 2923K [0x00000000e0000000, 0x00000000e8000000, 0x00000000e8000000)
  eden space 87424K,   0% used [0x00000000e0000000, 0x00000000e0000000, 0x00000000e5560000)
  from space 21824K,  13% used [0x00000000e6ab0000, 0x00000000e6d8ac50, 0x00000000e8000000)
  to   space 21824K,   0% used [0x00000000e5560000, 0x00000000e5560000, 0x00000000e6ab0000)
 concurrent mark-sweep generation total 393216K, used 128314K [0x00000000e8000000, 0x0000000100000000, 0x0000000100000000)
 Metaspace       used 47050K, capacity 47644K, committed 47780K, reserved 1091584K
  class space    used 5092K, capacity 5223K, committed 5316K, reserved 1048576K
}
2016-06-20T14:26:45.232+0100: 2245.103: Total time for which application threads were stopped: 0.0031624 seconds, Stopping threads took: 0.0000387 seconds
{Heap before GC invocations=155 (full 3):
 par new generation   total 109248K, used 90347K [0x00000000e0000000, 0x00000000e8000000, 0x00000000e8000000)
  eden space 87424K, 100% used [0x00000000e0000000, 0x00000000e5560000, 0x00000000e5560000)
  from space 21824K,  13% used [0x00000000e6ab0000, 0x00000000e6d8ac50, 0x00000000e8000000)
  to   space 21824K,   0% used [0x00000000e5560000, 0x00000000e5560000, 0x00000000e6ab0000)
 concurrent mark-sweep generation total 393216K, used 128314K [0x00000000e8000000, 0x0000000100000000, 0x0000000100000000)
 Metaspace       used 47050K, capacity 47644K, committed 47780K, reserved 1091584K
  class space    used 5092K, capacity 5223K, committed 5316K, reserved 1048576K
2016-06-20T14:26:45.493+0100: 2245.364: [GC (Allocation Failure) 2016-06-20T14:26:45.493+0100: 2245.364: [ParNew
Desired survivor size 20112992 bytes, new threshold 8 (max 8)
- age   1:    1493400 bytes,    1493400 total
- age   2:     422752 bytes,    1916152 total
- age   3:      43832 bytes,    1959984 total
- age   4:     224056 bytes,    2184040 total
: 90347K->2588K(109248K), 0.0037644 secs] 218661K->130902K(502464K), 0.0038552 secs] [Times: user=0.00 sys=0.00, real=0.00 secs] 
Heap after GC invocations=156 (full 3):
 par new generation   total 109248K, used 2588K [0x00000000e0000000, 0x00000000e8000000, 0x00000000e8000000)
  eden space 87424K,   0% used [0x00000000e0000000, 0x00000000e0000000, 0x00000000e5560000)
  from space 21824K,  11% used [0x00000000e5560000, 0x00000000e57e7150, 0x00000000e6ab0000)
  to   space 21824K,   0% used [0x00000000e6ab0000, 0x00000000e6ab0000, 0x00000000e8000000)
 concurrent mark-sweep generation total 393216K, used 128314K [0x00000000e8000000, 0x0000000100000000, 0x0000000100000000)
 Metaspace       used 47050K, capacity 47644K, committed 47780K, reserved 1091584K
  class space    used 5092K, capacity 5223K, committed 5316K, reserved 1048576K
}
2016-06-20T14:26:45.497+0100: 2245.368: Total time for which application threads were stopped: 0.0041197 seconds, Stopping threads took: 0.0000403 seconds
{Heap before GC invocations=156 (full 3):
 par new generation   total 109248K, used 90012K [0x00000000e0000000, 0x00000000e8000000, 0x00000000e8000000)
  eden space 87424K, 100% used [0x00000000e0000000, 0x00000000e5560000, 0x00000000e5560000)
  from space 21824K,  11% used [0x00000000e5560000, 0x00000000e57e7150, 0x00000000e6ab0000)
  to   space 21824K,   0% used [0x00000000e6ab0000, 0x00000000e6ab0000, 0x00000000e8000000)
 concurrent mark-sweep generation total 393216K, used 128314K [0x00000000e8000000, 0x0000000100000000, 0x0000000100000000)
 Metaspace       used 47050K, capacity 47644K, committed 47780K, reserved 1091584K
  class space    used 5092K, capacity 5223K, committed 5316K, reserved 1048576K
2016-06-20T14:26:45.776+0100: 2245.648: [GC (Allocation Failure) 2016-06-20T14:26:45.776+0100: 2245.648: [ParNew
Desired survivor size 20112992 bytes, new threshold 8 (max 8)
- age   1:    1669768 bytes,    1669768 total
- age   2:     172552 bytes,    1842320 total
- age   3:      62288 bytes,    1904608 total
- age   4:      43832 bytes,    1948440 total
- age   5:     224056 bytes,    2172496 total
: 90012K->2987K(109248K), 0.0029295 secs] 218326K->131301K(502464K), 0.0030396 secs] [Times: user=0.00 sys=0.00, real=0.00 secs] 
Heap after GC invocations=157 (full 3):
 par new generation   total 109248K, used 2987K [0x00000000e0000000, 0x00000000e8000000, 0x00000000e8000000)
  eden space 87424K,   0% used [0x00000000e0000000, 0x00000000e0000000, 0x00000000e5560000)
  from space 21824K,  13% used [0x00000000e6ab0000, 0x00000000e6d9ac10, 0x00000000e8000000)
  to   space 21824K,   0% used [0x00000000e5560000, 0x00000000e5560000, 0x00000000e6ab0000)
 concurrent mark-sweep generation total 393216K, used 128314K [0x00000000e8000000, 0x0000000100000000, 0x0000000100000000)
 Metaspace       used 47050K, capacity 47644K, committed 47780K, reserved 1091584K
  class space    used 5092K, capacity 5223K, committed 5316K, reserved 1048576K
}
2016-06-20T14:26:45.780+0100: 2245.651: Total time for which application threads were stopped: 0.0035343 seconds, Stopping threads took: 0.0000328 seconds
{Heap before GC invocations=157 (full 3):
 par new generation   total 109248K, used 90411K [0x00000000e0000000, 0x00000000e8000000, 0x00000000e8000000)
  eden space 87424K, 100% used [0x00000000e0000000, 0x00000000e5560000, 0x00000000e5560000)
  from space 21824K,  13% used [0x00000000e6ab0000, 0x00000000e6d9ac10, 0x00000000e8000000)
  to   space 21824K,   0% used [0x00000000e5560000, 0x00000000e5560000, 0x00000000e6ab0000)
 concurrent mark-sweep generation total 393216K, used 128314K [0x00000000e8000000, 0x0000000100000000, 0x0000000100000000)
 Metaspace       used 47050K, capacity 47644K, committed 47780K, reserved 1091584K
  class space    used 5092K, capacity 5223K, committed 5316K, reserved 1048576K
2016-06-20T14:26:46.217+0100: 2246.089: [GC (Allocation Failure) 2016-06-20T14:26:46.217+0100: 2246.089: [ParNew
Desired survivor size 20112992 bytes, new threshold 8 (max 8)
- age   1:    1112728 bytes,    1112728 total
- age   2:     893032 bytes,    2005760 total
- age   3:     172552 bytes,    2178312 total
- age   4:      62288 bytes,    2240600 total
- age   5:      43832 bytes,    2284432 total
- age   6:     224056 bytes,    2508488 total
: 90411K->2724K(109248K), 0.0027238 secs] 218725K->131039K(502464K), 0.0028170 secs] [Times: user=0.05 sys=0.00, real=0.00 secs] 
Heap after GC invocations=158 (full 3):
 par new generation   total 109248K, used 2724K [0x00000000e0000000, 0x00000000e8000000, 0x00000000e8000000)
  eden space 87424K,   0% used [0x00000000e0000000, 0x00000000e0000000, 0x00000000e5560000)
  from space 21824K,  12% used [0x00000000e5560000, 0x00000000e58093b0, 0x00000000e6ab0000)
  to   space 21824K,   0% used [0x00000000e6ab0000, 0x00000000e6ab0000, 0x00000000e8000000)
 concurrent mark-sweep generation total 393216K, used 128314K [0x00000000e8000000, 0x0000000100000000, 0x0000000100000000)
 Metaspace       used 47050K, capacity 47644K, committed 47780K, reserved 1091584K
  class space    used 5092K, capacity 5223K, committed 5316K, reserved 1048576K
}
2016-06-20T14:26:46.220+0100: 2246.092: Total time for which application threads were stopped: 0.0030807 seconds, Stopping threads took: 0.0000351 seconds
{Heap before GC invocations=158 (full 3):
 par new generation   total 109248K, used 90148K [0x00000000e0000000, 0x00000000e8000000, 0x00000000e8000000)
  eden space 87424K, 100% used [0x00000000e0000000, 0x00000000e5560000, 0x00000000e5560000)
  from space 21824K,  12% used [0x00000000e5560000, 0x00000000e58093b0, 0x00000000e6ab0000)
  to   space 21824K,   0% used [0x00000000e6ab0000, 0x00000000e6ab0000, 0x00000000e8000000)
 concurrent mark-sweep generation total 393216K, used 128314K [0x00000000e8000000, 0x0000000100000000, 0x0000000100000000)
 Metaspace       used 47050K, capacity 47644K, committed 47780K, reserved 1091584K
  class space    used 5092K, capacity 5223K, committed 5316K, reserved 1048576K
2016-06-20T14:26:46.508+0100: 2246.379: [GC (Allocation Failure) 2016-06-20T14:26:46.508+0100: 2246.379: [ParNew
Desired survivor size 20112992 bytes, new threshold 8 (max 8)
- age   1:     988384 bytes,     988384 total
- age   2:      25904 bytes,    1014288 total
- age   3:     893032 bytes,    1907320 total
- age   4:     172552 bytes,    2079872 total
- age   5:      62288 bytes,    2142160 total
- age   6:      43832 bytes,    2185992 total
- age   7:     224056 bytes,    2410048 total
: 90148K->2943K(109248K), 0.0033156 secs] 218463K->131257K(502464K), 0.0034004 secs] [Times: user=0.00 sys=0.00, real=0.00 secs] 
Heap after GC invocations=159 (full 3):
 par new generation   total 109248K, used 2943K [0x00000000e0000000, 0x00000000e8000000, 0x00000000e8000000)
  eden space 87424K,   0% used [0x00000000e0000000, 0x00000000e0000000, 0x00000000e5560000)
  from space 21824K,  13% used [0x00000000e6ab0000, 0x00000000e6d8fe10, 0x00000000e8000000)
  to   space 21824K,   0% used [0x00000000e5560000, 0x00000000e5560000, 0x00000000e6ab0000)
 concurrent mark-sweep generation total 393216K, used 128314K [0x00000000e8000000, 0x0000000100000000, 0x0000000100000000)
 Metaspace       used 47050K, capacity 47644K, committed 47780K, reserved 1091584K
  class space    used 5092K, capacity 5223K, committed 5316K, reserved 1048576K
}
2016-06-20T14:26:46.511+0100: 2246.382: Total time for which application threads were stopped: 0.0036559 seconds, Stopping threads took: 0.0000292 seconds
{Heap before GC invocations=159 (full 3):
 par new generation   total 109248K, used 90367K [0x00000000e0000000, 0x00000000e8000000, 0x00000000e8000000)
  eden space 87424K, 100% used [0x00000000e0000000, 0x00000000e5560000, 0x00000000e5560000)
  from space 21824K,  13% used [0x00000000e6ab0000, 0x00000000e6d8fe10, 0x00000000e8000000)
  to   space 21824K,   0% used [0x00000000e5560000, 0x00000000e5560000, 0x00000000e6ab0000)
 concurrent mark-sweep generation total 393216K, used 128314K [0x00000000e8000000, 0x0000000100000000, 0x0000000100000000)
 Metaspace       used 47050K, capacity 47644K, committed 47780K, reserved 1091584K
  class space    used 5092K, capacity 5223K, committed 5316K, reserved 1048576K
2016-06-20T14:26:46.744+0100: 2246.615: [GC (Allocation Failure) 2016-06-20T14:26:46.744+0100: 2246.615: [ParNew
Desired survivor size 20112992 bytes, new threshold 8 (max 8)
- age   1:    1013536 bytes,    1013536 total
- age   2:     141024 bytes,    1154560 total
- age   3:      25904 bytes,    1180464 total
- age   4:     893032 bytes,    2073496 total
- age   5:     172552 bytes,    2246048 total
- age   6:      62288 bytes,    2308336 total
- age   7:      43832 bytes,    2352168 total
- age   8:     224056 bytes,    2576224 total
: 90367K->3045K(109248K), 0.0027116 secs] 218681K->131359K(502464K), 0.0028103 secs] [Times: user=0.00 sys=0.00, real=0.00 secs] 
Heap after GC invocations=160 (full 3):
 par new generation   total 109248K, used 3045K [0x00000000e0000000, 0x00000000e8000000, 0x00000000e8000000)
  eden space 87424K,   0% used [0x00000000e0000000, 0x00000000e0000000, 0x00000000e5560000)
  from space 21824K,  13% used [0x00000000e5560000, 0x00000000e58594f0, 0x00000000e6ab0000)
  to   space 21824K,   0% used [0x00000000e6ab0000, 0x00000000e6ab0000, 0x00000000e8000000)
 concurrent mark-sweep generation total 393216K, used 128314K [0x00000000e8000000, 0x0000000100000000, 0x0000000100000000)
 Metaspace       used 47050K, capacity 47644K, committed 47780K, reserved 1091584K
  class space    used 5092K, capacity 5223K, committed 5316K, reserved 1048576K
}
2016-06-20T14:26:46.747+0100: 2246.618: Total time for which application threads were stopped: 0.0030846 seconds, Stopping threads took: 0.0000320 seconds
{Heap before GC invocations=160 (full 3):
 par new generation   total 109248K, used 90469K [0x00000000e0000000, 0x00000000e8000000, 0x00000000e8000000)
  eden space 87424K, 100% used [0x00000000e0000000, 0x00000000e5560000, 0x00000000e5560000)
  from space 21824K,  13% used [0x00000000e5560000, 0x00000000e58594f0, 0x00000000e6ab0000)
  to   space 21824K,   0% used [0x00000000e6ab0000, 0x00000000e6ab0000, 0x00000000e8000000)
 concurrent mark-sweep generation total 393216K, used 128314K [0x00000000e8000000, 0x0000000100000000, 0x0000000100000000)
 Metaspace       used 47050K, capacity 47644K, committed 47780K, reserved 1091584K
  class space    used 5092K, capacity 5223K, committed 5316K, reserved 1048576K
2016-06-20T14:26:47.009+0100: 2246.881: [GC (Allocation Failure) 2016-06-20T14:26:47.009+0100: 2246.881: [ParNew
Desired survivor size 20112992 bytes, new threshold 8 (max 8)
- age   1:    1451400 bytes,    1451400 total
- age   2:      44096 bytes,    1495496 total
- age   3:     141024 bytes,    1636520 total
- age   4:      25904 bytes,    1662424 total
- age   5:     893032 bytes,    2555456 total
- age   6:     172552 bytes,    2728008 total
- age   7:      62288 bytes,    2790296 total
- age   8:      43832 bytes,    2834128 total
: 90469K->3205K(109248K), 0.0031948 secs] 218783K->131738K(502464K), 0.0032856 secs] [Times: user=0.00 sys=0.00, real=0.00 secs] 
Heap after GC invocations=161 (full 3):
 par new generation   total 109248K, used 3205K [0x00000000e0000000, 0x00000000e8000000, 0x00000000e8000000)
  eden space 87424K,   0% used [0x00000000e0000000, 0x00000000e0000000, 0x00000000e5560000)
  from space 21824K,  14% used [0x00000000e6ab0000, 0x00000000e6dd1538, 0x00000000e8000000)
  to   space 21824K,   0% used [0x00000000e5560000, 0x00000000e5560000, 0x00000000e6ab0000)
 concurrent mark-sweep generation total 393216K, used 128533K [0x00000000e8000000, 0x0000000100000000, 0x0000000100000000)
 Metaspace       used 47050K, capacity 47644K, committed 47780K, reserved 1091584K
  class space    used 5092K, capacity 5223K, committed 5316K, reserved 1048576K
}
2016-06-20T14:26:47.012+0100: 2246.884: Total time for which application threads were stopped: 0.0035552 seconds, Stopping threads took: 0.0000387 seconds
{Heap before GC invocations=161 (full 3):
 par new generation   total 109248K, used 90629K [0x00000000e0000000, 0x00000000e8000000, 0x00000000e8000000)
  eden space 87424K, 100% used [0x00000000e0000000, 0x00000000e5560000, 0x00000000e5560000)
  from space 21824K,  14% used [0x00000000e6ab0000, 0x00000000e6dd1538, 0x00000000e8000000)
  to   space 21824K,   0% used [0x00000000e5560000, 0x00000000e5560000, 0x00000000e6ab0000)
 concurrent mark-sweep generation total 393216K, used 128533K [0x00000000e8000000, 0x0000000100000000, 0x0000000100000000)
 Metaspace       used 47050K, capacity 47644K, committed 47780K, reserved 1091584K
  class space    used 5092K, capacity 5223K, committed 5316K, reserved 1048576K
2016-06-20T14:26:47.212+0100: 2247.083: [GC (Allocation Failure) 2016-06-20T14:26:47.212+0100: 2247.083: [ParNew
Desired survivor size 20112992 bytes, new threshold 8 (max 8)
- age   1:    3095120 bytes,    3095120 total
- age   2:      29160 bytes,    3124280 total
- age   3:      44096 bytes,    3168376 total
- age   4:     141024 bytes,    3309400 total
- age   5:      25904 bytes,    3335304 total
- age   6:     172120 bytes,    3507424 total
- age   7:     172552 bytes,    3679976 total
- age   8:      62288 bytes,    3742264 total
: 90629K->4420K(109248K), 0.0043013 secs] 219162K->132996K(502464K), 0.0043913 secs] [Times: user=0.00 sys=0.00, real=0.00 secs] 
Heap after GC invocations=162 (full 3):
 par new generation   total 109248K, used 4420K [0x00000000e0000000, 0x00000000e8000000, 0x00000000e8000000)
  eden space 87424K,   0% used [0x00000000e0000000, 0x00000000e0000000, 0x00000000e5560000)
  from space 21824K,  20% used [0x00000000e5560000, 0x00000000e59b1178, 0x00000000e6ab0000)
  to   space 21824K,   0% used [0x00000000e6ab0000, 0x00000000e6ab0000, 0x00000000e8000000)
 concurrent mark-sweep generation total 393216K, used 128576K [0x00000000e8000000, 0x0000000100000000, 0x0000000100000000)
 Metaspace       used 47050K, capacity 47644K, committed 47780K, reserved 1091584K
  class space    used 5092K, capacity 5223K, committed 5316K, reserved 1048576K
}
2016-06-20T14:26:47.216+0100: 2247.087: Total time for which application threads were stopped: 0.0046518 seconds, Stopping threads took: 0.0000391 seconds
{Heap before GC invocations=162 (full 3):
 par new generation   total 109248K, used 91844K [0x00000000e0000000, 0x00000000e8000000, 0x00000000e8000000)
  eden space 87424K, 100% used [0x00000000e0000000, 0x00000000e5560000, 0x00000000e5560000)
  from space 21824K,  20% used [0x00000000e5560000, 0x00000000e59b1178, 0x00000000e6ab0000)
  to   space 21824K,   0% used [0x00000000e6ab0000, 0x00000000e6ab0000, 0x00000000e8000000)
 concurrent mark-sweep generation total 393216K, used 128576K [0x00000000e8000000, 0x0000000100000000, 0x0000000100000000)
 Metaspace       used 47050K, capacity 47644K, committed 47780K, reserved 1091584K
  class space    used 5092K, capacity 5223K, committed 5316K, reserved 1048576K
2016-06-20T14:26:47.411+0100: 2247.282: [GC (Allocation Failure) 2016-06-20T14:26:47.411+0100: 2247.282: [ParNew
Desired survivor size 20112992 bytes, new threshold 8 (max 8)
- age   1:    1432768 bytes,    1432768 total
- age   2:    1518456 bytes,    2951224 total
- age   3:      29160 bytes,    2980384 total
- age   4:      44096 bytes,    3024480 total
- age   5:     141024 bytes,    3165504 total
- age   6:      25904 bytes,    3191408 total
- age   7:     172120 bytes,    3363528 total
- age   8:     172552 bytes,    3536080 total
: 91844K->3953K(109248K), 0.0031975 secs] 220420K->132591K(502464K), 0.0032879 secs] [Times: user=0.00 sys=0.00, real=0.00 secs] 
Heap after GC invocations=163 (full 3):
 par new generation   total 109248K, used 3953K [0x00000000e0000000, 0x00000000e8000000, 0x00000000e8000000)
  eden space 87424K,   0% used [0x00000000e0000000, 0x00000000e0000000, 0x00000000e5560000)
  from space 21824K,  18% used [0x00000000e6ab0000, 0x00000000e6e8c610, 0x00000000e8000000)
  to   space 21824K,   0% used [0x00000000e5560000, 0x00000000e5560000, 0x00000000e6ab0000)
 concurrent mark-sweep generation total 393216K, used 128637K [0x00000000e8000000, 0x0000000100000000, 0x0000000100000000)
 Metaspace       used 47050K, capacity 47644K, committed 47780K, reserved 1091584K
  class space    used 5092K, capacity 5223K, committed 5316K, reserved 1048576K
}
2016-06-20T14:26:47.415+0100: 2247.286: Total time for which application threads were stopped: 0.0035493 seconds, Stopping threads took: 0.0000300 seconds
{Heap before GC invocations=163 (full 3):
 par new generation   total 109248K, used 91377K [0x00000000e0000000, 0x00000000e8000000, 0x00000000e8000000)
  eden space 87424K, 100% used [0x00000000e0000000, 0x00000000e5560000, 0x00000000e5560000)
  from space 21824K,  18% used [0x00000000e6ab0000, 0x00000000e6e8c610, 0x00000000e8000000)
  to   space 21824K,   0% used [0x00000000e5560000, 0x00000000e5560000, 0x00000000e6ab0000)
 concurrent mark-sweep generation total 393216K, used 128637K [0x00000000e8000000, 0x0000000100000000, 0x0000000100000000)
 Metaspace       used 47050K, capacity 47644K, committed 47780K, reserved 1091584K
  class space    used 5092K, capacity 5223K, committed 5316K, reserved 1048576K
2016-06-20T14:26:47.572+0100: 2247.443: [GC (Allocation Failure) 2016-06-20T14:26:47.572+0100: 2247.443: [ParNew
Desired survivor size 20112992 bytes, new threshold 8 (max 8)
- age   1:     120168 bytes,     120168 total
- age   2:     173848 bytes,     294016 total
- age   3:    1518456 bytes,    1812472 total
- age   4:      29160 bytes,    1841632 total
- age   5:      44216 bytes,    1885848 total
- age   6:     141024 bytes,    2026872 total
- age   7:      25904 bytes,    2052776 total
- age   8:     172120 bytes,    2224896 total
: 91377K->3260K(109248K), 0.0027069 secs] 220015K->132066K(502464K), 0.0027870 secs] [Times: user=0.00 sys=0.00, real=0.00 secs] 
Heap after GC invocations=164 (full 3):
 par new generation   total 109248K, used 3260K [0x00000000e0000000, 0x00000000e8000000, 0x00000000e8000000)
  eden space 87424K,   0% used [0x00000000e0000000, 0x00000000e0000000, 0x00000000e5560000)
  from space 21824K,  14% used [0x00000000e5560000, 0x00000000e588f090, 0x00000000e6ab0000)
  to   space 21824K,   0% used [0x00000000e6ab0000, 0x00000000e6ab0000, 0x00000000e8000000)
 concurrent mark-sweep generation total 393216K, used 128806K [0x00000000e8000000, 0x0000000100000000, 0x0000000100000000)
 Metaspace       used 47050K, capacity 47644K, committed 47780K, reserved 1091584K
  class space    used 5092K, capacity 5223K, committed 5316K, reserved 1048576K
}
2016-06-20T14:26:47.575+0100: 2247.446: Total time for which application threads were stopped: 0.0031281 seconds, Stopping threads took: 0.0000316 seconds
{Heap before GC invocations=164 (full 3):
 par new generation   total 109248K, used 90684K [0x00000000e0000000, 0x00000000e8000000, 0x00000000e8000000)
  eden space 87424K, 100% used [0x00000000e0000000, 0x00000000e5560000, 0x00000000e5560000)
  from space 21824K,  14% used [0x00000000e5560000, 0x00000000e588f090, 0x00000000e6ab0000)
  to   space 21824K,   0% used [0x00000000e6ab0000, 0x00000000e6ab0000, 0x00000000e8000000)
 concurrent mark-sweep generation total 393216K, used 128806K [0x00000000e8000000, 0x0000000100000000, 0x0000000100000000)
 Metaspace       used 47050K, capacity 47644K, committed 47780K, reserved 1091584K
  class space    used 5092K, capacity 5223K, committed 5316K, reserved 1048576K
2016-06-20T14:26:47.792+0100: 2247.663: [GC (Allocation Failure) 2016-06-20T14:26:47.792+0100: 2247.663: [ParNew
Desired survivor size 20112992 bytes, new threshold 8 (max 8)
- age   1:    1162832 bytes,    1162832 total
- age   2:      27744 bytes,    1190576 total
- age   3:     173848 bytes,    1364424 total
- age   4:    1518456 bytes,    2882880 total
- age   5:      29160 bytes,    2912040 total
- age   6:      44096 bytes,    2956136 total
- age   7:     141024 bytes,    3097160 total
- age   8:      25904 bytes,    3123064 total
: 90684K->3380K(109248K), 0.0025762 secs] 219490K->132355K(502464K), 0.0026579 secs] [Times: user=0.00 sys=0.00, real=0.00 secs] 
Heap after GC invocations=165 (full 3):
 par new generation   total 109248K, used 3380K [0x00000000e0000000, 0x00000000e8000000, 0x00000000e8000000)
  eden space 87424K,   0% used [0x00000000e0000000, 0x00000000e0000000, 0x00000000e5560000)
  from space 21824K,  15% used [0x00000000e6ab0000, 0x00000000e6dfd300, 0x00000000e8000000)
  to   space 21824K,   0% used [0x00000000e5560000, 0x00000000e5560000, 0x00000000e6ab0000)
 concurrent mark-sweep generation total 393216K, used 128974K [0x00000000e8000000, 0x0000000100000000, 0x0000000100000000)
 Metaspace       used 47050K, capacity 47644K, committed 47780K, reserved 1091584K
  class space    used 5092K, capacity 5223K, committed 5316K, reserved 1048576K
}
2016-06-20T14:26:47.795+0100: 2247.666: Total time for which application threads were stopped: 0.0029224 seconds, Stopping threads took: 0.0000343 seconds
{Heap before GC invocations=165 (full 3):
 par new generation   total 109248K, used 90804K [0x00000000e0000000, 0x00000000e8000000, 0x00000000e8000000)
  eden space 87424K, 100% used [0x00000000e0000000, 0x00000000e5560000, 0x00000000e5560000)
  from space 21824K,  15% used [0x00000000e6ab0000, 0x00000000e6dfd300, 0x00000000e8000000)
  to   space 21824K,   0% used [0x00000000e5560000, 0x00000000e5560000, 0x00000000e6ab0000)
 concurrent mark-sweep generation total 393216K, used 128974K [0x00000000e8000000, 0x0000000100000000, 0x0000000100000000)
 Metaspace       used 47050K, capacity 47644K, committed 47780K, reserved 1091584K
  class space    used 5092K, capacity 5223K, committed 5316K, reserved 1048576K
2016-06-20T14:26:47.958+0100: 2247.829: [GC (Allocation Failure) 2016-06-20T14:26:47.958+0100: 2247.829: [ParNew
Desired survivor size 20112992 bytes, new threshold 8 (max 8)
- age   1:    1856680 bytes,    1856680 total
- age   2:     402056 bytes,    2258736 total
- age   3:      27744 bytes,    2286480 total
- age   4:     173848 bytes,    2460328 total
- age   5:    1518456 bytes,    3978784 total
- age   6:      29160 bytes,    4007944 total
- age   7:      44096 bytes,    4052040 total
- age   8:     141024 bytes,    4193064 total
: 90804K->4385K(109248K), 0.0034024 secs] 219779K->133385K(502464K), 0.0034877 secs] [Times: user=0.00 sys=0.00, real=0.00 secs] 
Heap after GC invocations=166 (full 3):
 par new generation   total 109248K, used 4385K [0x00000000e0000000, 0x00000000e8000000, 0x00000000e8000000)
  eden space 87424K,   0% used [0x00000000e0000000, 0x00000000e0000000, 0x00000000e5560000)
  from space 21824K,  20% used [0x00000000e5560000, 0x00000000e59a84b0, 0x00000000e6ab0000)
  to   space 21824K,   0% used [0x00000000e6ab0000, 0x00000000e6ab0000, 0x00000000e8000000)
 concurrent mark-sweep generation total 393216K, used 129000K [0x00000000e8000000, 0x0000000100000000, 0x0000000100000000)
 Metaspace       used 47050K, capacity 47644K, committed 47780K, reserved 1091584K
  class space    used 5092K, capacity 5223K, committed 5316K, reserved 1048576K
}
2016-06-20T14:26:47.962+0100: 2247.833: Total time for which application threads were stopped: 0.0037613 seconds, Stopping threads took: 0.0000296 seconds
{Heap before GC invocations=166 (full 3):
 par new generation   total 109248K, used 91809K [0x00000000e0000000, 0x00000000e8000000, 0x00000000e8000000)
  eden space 87424K, 100% used [0x00000000e0000000, 0x00000000e5560000, 0x00000000e5560000)
  from space 21824K,  20% used [0x00000000e5560000, 0x00000000e59a84b0, 0x00000000e6ab0000)
  to   space 21824K,   0% used [0x00000000e6ab0000, 0x00000000e6ab0000, 0x00000000e8000000)
 concurrent mark-sweep generation total 393216K, used 129000K [0x00000000e8000000, 0x0000000100000000, 0x0000000100000000)
 Metaspace       used 47050K, capacity 47644K, committed 47780K, reserved 1091584K
  class space    used 5092K, capacity 5223K, committed 5316K, reserved 1048576K
2016-06-20T14:26:48.115+0100: 2247.986: [GC (Allocation Failure) 2016-06-20T14:26:48.115+0100: 2247.986: [ParNew
Desired survivor size 20112992 bytes, new threshold 8 (max 8)
- age   1:     140440 bytes,     140440 total
- age   2:     157968 bytes,     298408 total
- age   3:     402056 bytes,     700464 total
- age   4:      27744 bytes,     728208 total
- age   5:     173888 bytes,     902096 total
- age   6:    1518456 bytes,    2420552 total
- age   7:      29160 bytes,    2449712 total
- age   8:      44216 bytes,    2493928 total
: 91809K->3682K(109248K), 0.0023610 secs] 220809K->132820K(502464K), 0.0024416 secs] [Times: user=0.00 sys=0.00, real=0.00 secs] 
Heap after GC invocations=167 (full 3):
 par new generation   total 109248K, used 3682K [0x00000000e0000000, 0x00000000e8000000, 0x00000000e8000000)
  eden space 87424K,   0% used [0x00000000e0000000, 0x00000000e0000000, 0x00000000e5560000)
  from space 21824K,  16% used [0x00000000e6ab0000, 0x00000000e6e48850, 0x00000000e8000000)
  to   space 21824K,   0% used [0x00000000e5560000, 0x00000000e5560000, 0x00000000e6ab0000)
 concurrent mark-sweep generation total 393216K, used 129138K [0x00000000e8000000, 0x0000000100000000, 0x0000000100000000)
 Metaspace       used 47050K, capacity 47644K, committed 47780K, reserved 1091584K
  class space    used 5092K, capacity 5223K, committed 5316K, reserved 1048576K
}
2016-06-20T14:26:48.118+0100: 2247.989: Total time for which application threads were stopped: 0.0027234 seconds, Stopping threads took: 0.0000399 seconds
{Heap before GC invocations=167 (full 3):
 par new generation   total 109248K, used 91106K [0x00000000e0000000, 0x00000000e8000000, 0x00000000e8000000)
  eden space 87424K, 100% used [0x00000000e0000000, 0x00000000e5560000, 0x00000000e5560000)
  from space 21824K,  16% used [0x00000000e6ab0000, 0x00000000e6e48850, 0x00000000e8000000)
  to   space 21824K,   0% used [0x00000000e5560000, 0x00000000e5560000, 0x00000000e6ab0000)
 concurrent mark-sweep generation total 393216K, used 129138K [0x00000000e8000000, 0x0000000100000000, 0x0000000100000000)
 Metaspace       used 47050K, capacity 47644K, committed 47780K, reserved 1091584K
  class space    used 5092K, capacity 5223K, committed 5316K, reserved 1048576K
2016-06-20T14:26:48.397+0100: 2248.269: [GC (Allocation Failure) 2016-06-20T14:26:48.397+0100: 2248.269: [ParNew
Desired survivor size 20112992 bytes, new threshold 8 (max 8)
- age   1:      94152 bytes,      94152 total
- age   2:      58520 bytes,     152672 total
- age   3:     157968 bytes,     310640 total
- age   4:     402056 bytes,     712696 total
- age   5:      27744 bytes,     740440 total
- age   6:     173928 bytes,     914368 total
- age   7:    1518456 bytes,    2432824 total
- age   8:      29320 bytes,    2462144 total
: 91106K->2696K(109248K), 0.0028415 secs] 220244K->131878K(502464K), 0.0029311 secs] [Times: user=0.00 sys=0.00, real=0.00 secs] 
Heap after GC invocations=168 (full 3):
 par new generation   total 109248K, used 2696K [0x00000000e0000000, 0x00000000e8000000, 0x00000000e8000000)
  eden space 87424K,   0% used [0x00000000e0000000, 0x00000000e0000000, 0x00000000e5560000)
  from space 21824K,  12% used [0x00000000e5560000, 0x00000000e5802350, 0x00000000e6ab0000)
  to   space 21824K,   0% used [0x00000000e6ab0000, 0x00000000e6ab0000, 0x00000000e8000000)
 concurrent mark-sweep generation total 393216K, used 129181K [0x00000000e8000000, 0x0000000100000000, 0x0000000100000000)
 Metaspace       used 47050K, capacity 47644K, committed 47780K, reserved 1091584K
  class space    used 5092K, capacity 5223K, committed 5316K, reserved 1048576K
}
2016-06-20T14:26:48.400+0100: 2248.272: Total time for which application threads were stopped: 0.0031869 seconds, Stopping threads took: 0.0000343 seconds
{Heap before GC invocations=168 (full 3):
 par new generation   total 109248K, used 90120K [0x00000000e0000000, 0x00000000e8000000, 0x00000000e8000000)
  eden space 87424K, 100% used [0x00000000e0000000, 0x00000000e5560000, 0x00000000e5560000)
  from space 21824K,  12% used [0x00000000e5560000, 0x00000000e5802350, 0x00000000e6ab0000)
  to   space 21824K,   0% used [0x00000000e6ab0000, 0x00000000e6ab0000, 0x00000000e8000000)
 concurrent mark-sweep generation total 393216K, used 129181K [0x00000000e8000000, 0x0000000100000000, 0x0000000100000000)
 Metaspace       used 47050K, capacity 47644K, committed 47780K, reserved 1091584K
  class space    used 5092K, capacity 5223K, committed 5316K, reserved 1048576K
2016-06-20T14:26:48.624+0100: 2248.495: [GC (Allocation Failure) 2016-06-20T14:26:48.624+0100: 2248.495: [ParNew
Desired survivor size 20112992 bytes, new threshold 8 (max 8)
- age   1:    2088512 bytes,    2088512 total
- age   2:      43584 bytes,    2132096 total
- age   3:      42040 bytes,    2174136 total
- age   4:     157968 bytes,    2332104 total
- age   5:     402056 bytes,    2734160 total
- age   6:      27744 bytes,    2761904 total
- age   7:     173848 bytes,    2935752 total
- age   8:    1518456 bytes,    4454208 total
: 90120K->4563K(109248K), 0.0041165 secs] 219302K->133773K(502464K), 0.0042030 secs] [Times: user=0.00 sys=0.00, real=0.00 secs] 
Heap after GC invocations=169 (full 3):
 par new generation   total 109248K, used 4563K [0x00000000e0000000, 0x00000000e8000000, 0x00000000e8000000)
  eden space 87424K,   0% used [0x00000000e0000000, 0x00000000e0000000, 0x00000000e5560000)
  from space 21824K,  20% used [0x00000000e6ab0000, 0x00000000e6f24e60, 0x00000000e8000000)
  to   space 21824K,   0% used [0x00000000e5560000, 0x00000000e5560000, 0x00000000e6ab0000)
 concurrent mark-sweep generation total 393216K, used 129210K [0x00000000e8000000, 0x0000000100000000, 0x0000000100000000)
 Metaspace       used 47050K, capacity 47644K, committed 47780K, reserved 1091584K
  class space    used 5092K, capacity 5223K, committed 5316K, reserved 1048576K
}
2016-06-20T14:26:48.628+0100: 2248.500: Total time for which application threads were stopped: 0.0045219 seconds, Stopping threads took: 0.0000636 seconds
{Heap before GC invocations=169 (full 3):
 par new generation   total 109248K, used 91987K [0x00000000e0000000, 0x00000000e8000000, 0x00000000e8000000)
  eden space 87424K, 100% used [0x00000000e0000000, 0x00000000e5560000, 0x00000000e5560000)
  from space 21824K,  20% used [0x00000000e6ab0000, 0x00000000e6f24e60, 0x00000000e8000000)
  to   space 21824K,   0% used [0x00000000e5560000, 0x00000000e5560000, 0x00000000e6ab0000)
 concurrent mark-sweep generation total 393216K, used 129210K [0x00000000e8000000, 0x0000000100000000, 0x0000000100000000)
 Metaspace       used 47050K, capacity 47644K, committed 47780K, reserved 1091584K
  class space    used 5092K, capacity 5223K, committed 5316K, reserved 1048576K
2016-06-20T14:26:48.811+0100: 2248.683: [GC (Allocation Failure) 2016-06-20T14:26:48.811+0100: 2248.683: [ParNew
Desired survivor size 20112992 bytes, new threshold 8 (max 8)
- age   1:     896576 bytes,     896576 total
- age   2:      12512 bytes,     909088 total
- age   3:      43584 bytes,     952672 total
- age   4:      42040 bytes,     994712 total
- age   5:     157968 bytes,    1152680 total
- age   6:     402056 bytes,    1554736 total
- age   7:      27744 bytes,    1582480 total
- age   8:     173848 bytes,    1756328 total
: 91987K->3001K(109248K), 0.0034091 secs] 221197K->133695K(502464K), 0.0035058 secs] [Times: user=0.00 sys=0.00, real=0.00 secs] 
Heap after GC invocations=170 (full 3):
 par new generation   total 109248K, used 3001K [0x00000000e0000000, 0x00000000e8000000, 0x00000000e8000000)
  eden space 87424K,   0% used [0x00000000e0000000, 0x00000000e0000000, 0x00000000e5560000)
  from space 21824K,  13% used [0x00000000e5560000, 0x00000000e584e778, 0x00000000e6ab0000)
  to   space 21824K,   0% used [0x00000000e6ab0000, 0x00000000e6ab0000, 0x00000000e8000000)
 concurrent mark-sweep generation total 393216K, used 130693K [0x00000000e8000000, 0x0000000100000000, 0x0000000100000000)
 Metaspace       used 47050K, capacity 47644K, committed 47780K, reserved 1091584K
  class space    used 5092K, capacity 5223K, committed 5316K, reserved 1048576K
}
2016-06-20T14:26:48.815+0100: 2248.686: Total time for which application threads were stopped: 0.0038974 seconds, Stopping threads took: 0.0000312 seconds
{Heap before GC invocations=170 (full 3):
 par new generation   total 109248K, used 90425K [0x00000000e0000000, 0x00000000e8000000, 0x00000000e8000000)
  eden space 87424K, 100% used [0x00000000e0000000, 0x00000000e5560000, 0x00000000e5560000)
  from space 21824K,  13% used [0x00000000e5560000, 0x00000000e584e778, 0x00000000e6ab0000)
  to   space 21824K,   0% used [0x00000000e6ab0000, 0x00000000e6ab0000, 0x00000000e8000000)
 concurrent mark-sweep generation total 393216K, used 130693K [0x00000000e8000000, 0x0000000100000000, 0x0000000100000000)
 Metaspace       used 47050K, capacity 47644K, committed 47780K, reserved 1091584K
  class space    used 5092K, capacity 5223K, committed 5316K, reserved 1048576K
2016-06-20T14:26:49.104+0100: 2248.975: [GC (Allocation Failure) 2016-06-20T14:26:49.104+0100: 2248.975: [ParNew
Desired survivor size 20112992 bytes, new threshold 8 (max 8)
- age   1:    1437144 bytes,    1437144 total
- age   2:     125584 bytes,    1562728 total
- age   3:      12512 bytes,    1575240 total
- age   4:      43584 bytes,    1618824 total
- age   5:      42040 bytes,    1660864 total
- age   6:     157968 bytes,    1818832 total
- age   7:     402056 bytes,    2220888 total
- age   8:      27744 bytes,    2248632 total
: 90425K->2537K(109248K), 0.0033878 secs] 221119K->133401K(502464K), 0.0034841 secs] [Times: user=0.00 sys=0.00, real=0.00 secs] 
Heap after GC invocations=171 (full 3):
 par new generation   total 109248K, used 2537K [0x00000000e0000000, 0x00000000e8000000, 0x00000000e8000000)
  eden space 87424K,   0% used [0x00000000e0000000, 0x00000000e0000000, 0x00000000e5560000)
  from space 21824K,  11% used [0x00000000e6ab0000, 0x00000000e6d2a6e8, 0x00000000e8000000)
  to   space 21824K,   0% used [0x00000000e5560000, 0x00000000e5560000, 0x00000000e6ab0000)
 concurrent mark-sweep generation total 393216K, used 130863K [0x00000000e8000000, 0x0000000100000000, 0x0000000100000000)
 Metaspace       used 47050K, capacity 47644K, committed 47780K, reserved 1091584K
  class space    used 5092K, capacity 5223K, committed 5316K, reserved 1048576K
}
2016-06-20T14:26:49.107+0100: 2248.979: Total time for which application threads were stopped: 0.0037794 seconds, Stopping threads took: 0.0000347 seconds
{Heap before GC invocations=171 (full 3):
 par new generation   total 109248K, used 89961K [0x00000000e0000000, 0x00000000e8000000, 0x00000000e8000000)
  eden space 87424K, 100% used [0x00000000e0000000, 0x00000000e5560000, 0x00000000e5560000)
  from space 21824K,  11% used [0x00000000e6ab0000, 0x00000000e6d2a6e8, 0x00000000e8000000)
  to   space 21824K,   0% used [0x00000000e5560000, 0x00000000e5560000, 0x00000000e6ab0000)
 concurrent mark-sweep generation total 393216K, used 130863K [0x00000000e8000000, 0x0000000100000000, 0x0000000100000000)
 Metaspace       used 47050K, capacity 47644K, committed 47780K, reserved 1091584K
  class space    used 5092K, capacity 5223K, committed 5316K, reserved 1048576K
2016-06-20T14:26:49.295+0100: 2249.166: [GC (Allocation Failure) 2016-06-20T14:26:49.295+0100: 2249.167: [ParNew
Desired survivor size 20112992 bytes, new threshold 8 (max 8)
- age   1:     539328 bytes,     539328 total
- age   2:      26760 bytes,     566088 total
- age   3:     125584 bytes,     691672 total
- age   4:      12512 bytes,     704184 total
- age   5:      43584 bytes,     747768 total
- age   6:      42040 bytes,     789808 total
- age   7:     157968 bytes,     947776 total
- age   8:     402056 bytes,    1349832 total
: 89961K->2279K(109248K), 0.0027440 secs] 220825K->133170K(502464K), 0.0028403 secs] [Times: user=0.06 sys=0.00, real=0.00 secs] 
Heap after GC invocations=172 (full 3):
 par new generation   total 109248K, used 2279K [0x00000000e0000000, 0x00000000e8000000, 0x00000000e8000000)
  eden space 87424K,   0% used [0x00000000e0000000, 0x00000000e0000000, 0x00000000e5560000)
  from space 21824K,  10% used [0x00000000e5560000, 0x00000000e5799f38, 0x00000000e6ab0000)
  to   space 21824K,   0% used [0x00000000e6ab0000, 0x00000000e6ab0000, 0x00000000e8000000)
 concurrent mark-sweep generation total 393216K, used 130890K [0x00000000e8000000, 0x0000000100000000, 0x0000000100000000)
 Metaspace       used 47050K, capacity 47644K, committed 47780K, reserved 1091584K
  class space    used 5092K, capacity 5223K, committed 5316K, reserved 1048576K
}
2016-06-20T14:26:49.298+0100: 2249.169: Total time for which application threads were stopped: 0.0030988 seconds, Stopping threads took: 0.0000336 seconds
{Heap before GC invocations=172 (full 3):
 par new generation   total 109248K, used 89703K [0x00000000e0000000, 0x00000000e8000000, 0x00000000e8000000)
  eden space 87424K, 100% used [0x00000000e0000000, 0x00000000e5560000, 0x00000000e5560000)
  from space 21824K,  10% used [0x00000000e5560000, 0x00000000e5799f38, 0x00000000e6ab0000)
  to   space 21824K,   0% used [0x00000000e6ab0000, 0x00000000e6ab0000, 0x00000000e8000000)
 concurrent mark-sweep generation total 393216K, used 130890K [0x00000000e8000000, 0x0000000100000000, 0x0000000100000000)
 Metaspace       used 47050K, capacity 47644K, committed 47780K, reserved 1091584K
  class space    used 5092K, capacity 5223K, committed 5316K, reserved 1048576K
2016-06-20T14:26:49.471+0100: 2249.342: [GC (Allocation Failure) 2016-06-20T14:26:49.471+0100: 2249.342: [ParNew
Desired survivor size 20112992 bytes, new threshold 8 (max 8)
- age   1:    4876688 bytes,    4876688 total
- age   2:      28400 bytes,    4905088 total
- age   3:      26760 bytes,    4931848 total
- age   4:     125584 bytes,    5057432 total
- age   5:      12512 bytes,    5069944 total
- age   6:      43584 bytes,    5113528 total
- age   7:      42040 bytes,    5155568 total
- age   8:     157968 bytes,    5313536 total
: 89703K->5565K(109248K), 0.0041580 secs] 220594K->136848K(502464K), 0.0042397 secs] [Times: user=0.00 sys=0.00, real=0.00 secs] 
Heap after GC invocations=173 (full 3):
 par new generation   total 109248K, used 5565K [0x00000000e0000000, 0x00000000e8000000, 0x00000000e8000000)
  eden space 87424K,   0% used [0x00000000e0000000, 0x00000000e0000000, 0x00000000e5560000)
  from space 21824K,  25% used [0x00000000e6ab0000, 0x00000000e701f510, 0x00000000e8000000)
  to   space 21824K,   0% used [0x00000000e5560000, 0x00000000e5560000, 0x00000000e6ab0000)
 concurrent mark-sweep generation total 393216K, used 131283K [0x00000000e8000000, 0x0000000100000000, 0x0000000100000000)
 Metaspace       used 47050K, capacity 47644K, committed 47780K, reserved 1091584K
  class space    used 5092K, capacity 5223K, committed 5316K, reserved 1048576K
}
2016-06-20T14:26:49.476+0100: 2249.347: Total time for which application threads were stopped: 0.0045444 seconds, Stopping threads took: 0.0000272 seconds
{Heap before GC invocations=173 (full 3):
 par new generation   total 109248K, used 92989K [0x00000000e0000000, 0x00000000e8000000, 0x00000000e8000000)
  eden space 87424K, 100% used [0x00000000e0000000, 0x00000000e5560000, 0x00000000e5560000)
  from space 21824K,  25% used [0x00000000e6ab0000, 0x00000000e701f510, 0x00000000e8000000)
  to   space 21824K,   0% used [0x00000000e5560000, 0x00000000e5560000, 0x00000000e6ab0000)
 concurrent mark-sweep generation total 393216K, used 131283K [0x00000000e8000000, 0x0000000100000000, 0x0000000100000000)
 Metaspace       used 47051K, capacity 47676K, committed 47780K, reserved 1091584K
  class space    used 5093K, capacity 5255K, committed 5316K, reserved 1048576K
2016-06-20T14:26:49.639+0100: 2249.511: [GC (Allocation Failure) 2016-06-20T14:26:49.639+0100: 2249.511: [ParNew
Desired survivor size 20112992 bytes, new threshold 8 (max 8)
- age   1:     965648 bytes,     965648 total
- age   2:    3073976 bytes,    4039624 total
- age   3:      28400 bytes,    4068024 total
- age   4:      26760 bytes,    4094784 total
- age   5:     125584 bytes,    4220368 total
- age   6:      12512 bytes,    4232880 total
- age   7:      43584 bytes,    4276464 total
- age   8:      42040 bytes,    4318504 total
: 92989K->4792K(109248K), 0.0032417 secs] 224272K->136230K(502464K), 0.0033487 secs] [Times: user=0.06 sys=0.00, real=0.00 secs] 
Heap after GC invocations=174 (full 3):
 par new generation   total 109248K, used 4792K [0x00000000e0000000, 0x00000000e8000000, 0x00000000e8000000)
  eden space 87424K,   0% used [0x00000000e0000000, 0x00000000e0000000, 0x00000000e5560000)
  from space 21824K,  21% used [0x00000000e5560000, 0x00000000e5a0e090, 0x00000000e6ab0000)
  to   space 21824K,   0% used [0x00000000e6ab0000, 0x00000000e6ab0000, 0x00000000e8000000)
 concurrent mark-sweep generation total 393216K, used 131438K [0x00000000e8000000, 0x0000000100000000, 0x0000000100000000)
 Metaspace       used 47051K, capacity 47676K, committed 47780K, reserved 1091584K
  class space    used 5093K, capacity 5255K, committed 5316K, reserved 1048576K
}
2016-06-20T14:26:49.643+0100: 2249.514: Total time for which application threads were stopped: 0.0036393 seconds, Stopping threads took: 0.0000379 seconds
{Heap before GC invocations=174 (full 3):
 par new generation   total 109248K, used 92216K [0x00000000e0000000, 0x00000000e8000000, 0x00000000e8000000)
  eden space 87424K, 100% used [0x00000000e0000000, 0x00000000e5560000, 0x00000000e5560000)
  from space 21824K,  21% used [0x00000000e5560000, 0x00000000e5a0e090, 0x00000000e6ab0000)
  to   space 21824K,   0% used [0x00000000e6ab0000, 0x00000000e6ab0000, 0x00000000e8000000)
 concurrent mark-sweep generation total 393216K, used 131438K [0x00000000e8000000, 0x0000000100000000, 0x0000000100000000)
 Metaspace       used 47051K, capacity 47676K, committed 47780K, reserved 1091584K
  class space    used 5093K, capacity 5255K, committed 5316K, reserved 1048576K
2016-06-20T14:26:49.819+0100: 2249.690: [GC (Allocation Failure) 2016-06-20T14:26:49.819+0100: 2249.690: [ParNew
Desired survivor size 20112992 bytes, new threshold 8 (max 8)
- age   1:    1014424 bytes,    1014424 total
- age   2:     148016 bytes,    1162440 total
- age   3:    3073976 bytes,    4236416 total
- age   4:      28400 bytes,    4264816 total
- age   5:      26800 bytes,    4291616 total
- age   6:     125584 bytes,    4417200 total
- age   7:      12512 bytes,    4429712 total
- age   8:      43584 bytes,    4473296 total
: 92216K->5109K(109248K), 0.0036760 secs] 223654K->136589K(502464K), 0.0037672 secs] [Times: user=0.00 sys=0.00, real=0.00 secs] 
Heap after GC invocations=175 (full 3):
 par new generation   total 109248K, used 5109K [0x00000000e0000000, 0x00000000e8000000, 0x00000000e8000000)
  eden space 87424K,   0% used [0x00000000e0000000, 0x00000000e0000000, 0x00000000e5560000)
  from space 21824K,  23% used [0x00000000e6ab0000, 0x00000000e6fad790, 0x00000000e8000000)
  to   space 21824K,   0% used [0x00000000e5560000, 0x00000000e5560000, 0x00000000e6ab0000)
 concurrent mark-sweep generation total 393216K, used 131479K [0x00000000e8000000, 0x0000000100000000, 0x0000000100000000)
 Metaspace       used 47051K, capacity 47676K, committed 47780K, reserved 1091584K
  class space    used 5093K, capacity 5255K, committed 5316K, reserved 1048576K
}
2016-06-20T14:26:49.823+0100: 2249.694: Total time for which application threads were stopped: 0.0040510 seconds, Stopping threads took: 0.0000296 seconds
{Heap before GC invocations=175 (full 3):
 par new generation   total 109248K, used 92533K [0x00000000e0000000, 0x00000000e8000000, 0x00000000e8000000)
  eden space 87424K, 100% used [0x00000000e0000000, 0x00000000e5560000, 0x00000000e5560000)
  from space 21824K,  23% used [0x00000000e6ab0000, 0x00000000e6fad790, 0x00000000e8000000)
  to   space 21824K,   0% used [0x00000000e5560000, 0x00000000e5560000, 0x00000000e6ab0000)
 concurrent mark-sweep generation total 393216K, used 131479K [0x00000000e8000000, 0x0000000100000000, 0x0000000100000000)
 Metaspace       used 47051K, capacity 47676K, committed 47780K, reserved 1091584K
  class space    used 5093K, capacity 5255K, committed 5316K, reserved 1048576K
2016-06-20T14:26:50.027+0100: 2249.898: [GC (Allocation Failure) 2016-06-20T14:26:50.027+0100: 2249.898: [ParNew
Desired survivor size 20112992 bytes, new threshold 8 (max 8)
- age   1:     250840 bytes,     250840 total
- age   2:      59632 bytes,     310472 total
- age   3:     148016 bytes,     458488 total
- age   4:    3090376 bytes,    3548864 total
- age   5:      28400 bytes,    3577264 total
- age   6:      26760 bytes,    3604024 total
- age   7:     125584 bytes,    3729608 total
- age   8:      12512 bytes,    3742120 total
: 92533K->4071K(109248K), 0.0025640 secs] 224013K->135593K(502464K), 0.0026397 secs] [Times: user=0.00 sys=0.00, real=0.00 secs] 
Heap after GC invocations=176 (full 3):
 par new generation   total 109248K, used 4071K [0x00000000e0000000, 0x00000000e8000000, 0x00000000e8000000)
  eden space 87424K,   0% used [0x00000000e0000000, 0x00000000e0000000, 0x00000000e5560000)
  from space 21824K,  18% used [0x00000000e5560000, 0x00000000e5959e10, 0x00000000e6ab0000)
  to   space 21824K,   0% used [0x00000000e6ab0000, 0x00000000e6ab0000, 0x00000000e8000000)
 concurrent mark-sweep generation total 393216K, used 131522K [0x00000000e8000000, 0x0000000100000000, 0x0000000100000000)
 Metaspace       used 47051K, capacity 47676K, committed 47780K, reserved 1091584K
  class space    used 5093K, capacity 5255K, committed 5316K, reserved 1048576K
}
2016-06-20T14:26:50.030+0100: 2249.901: Total time for which application threads were stopped: 0.0029015 seconds, Stopping threads took: 0.0000264 seconds
{Heap before GC invocations=176 (full 3):
 par new generation   total 109248K, used 91495K [0x00000000e0000000, 0x00000000e8000000, 0x00000000e8000000)
  eden space 87424K, 100% used [0x00000000e0000000, 0x00000000e5560000, 0x00000000e5560000)
  from space 21824K,  18% used [0x00000000e5560000, 0x00000000e5959e10, 0x00000000e6ab0000)
  to   space 21824K,   0% used [0x00000000e6ab0000, 0x00000000e6ab0000, 0x00000000e8000000)
 concurrent mark-sweep generation total 393216K, used 131522K [0x00000000e8000000, 0x0000000100000000, 0x0000000100000000)
 Metaspace       used 47051K, capacity 47676K, committed 47780K, reserved 1091584K
  class space    used 5093K, capacity 5255K, committed 5316K, reserved 1048576K
2016-06-20T14:26:50.180+0100: 2250.051: [GC (Allocation Failure) 2016-06-20T14:26:50.180+0100: 2250.051: [ParNew
Desired survivor size 20112992 bytes, new threshold 8 (max 8)
- age   1:    1808200 bytes,    1808200 total
- age   2:      11616 bytes,    1819816 total
- age   3:      59632 bytes,    1879448 total
- age   4:     148016 bytes,    2027464 total
- age   5:    3073976 bytes,    5101440 total
- age   6:      28400 bytes,    5129840 total
- age   7:      26760 bytes,    5156600 total
- age   8:     125584 bytes,    5282184 total
: 91495K->5434K(109248K), 0.0036365 secs] 223017K->136969K(502464K), 0.0037305 secs] [Times: user=0.00 sys=0.00, real=0.00 secs] 
Heap after GC invocations=177 (full 3):
 par new generation   total 109248K, used 5434K [0x00000000e0000000, 0x00000000e8000000, 0x00000000e8000000)
  eden space 87424K,   0% used [0x00000000e0000000, 0x00000000e0000000, 0x00000000e5560000)
  from space 21824K,  24% used [0x00000000e6ab0000, 0x00000000e6ffe9c0, 0x00000000e8000000)
  to   space 21824K,   0% used [0x00000000e5560000, 0x00000000e5560000, 0x00000000e6ab0000)
 concurrent mark-sweep generation total 393216K, used 131534K [0x00000000e8000000, 0x0000000100000000, 0x0000000100000000)
 Metaspace       used 47051K, capacity 47676K, committed 47780K, reserved 1091584K
  class space    used 5093K, capacity 5255K, committed 5316K, reserved 1048576K
}
2016-06-20T14:26:50.184+0100: 2250.055: Total time for which application threads were stopped: 0.0040119 seconds, Stopping threads took: 0.0000328 seconds
{Heap before GC invocations=177 (full 3):
 par new generation   total 109248K, used 92858K [0x00000000e0000000, 0x00000000e8000000, 0x00000000e8000000)
  eden space 87424K, 100% used [0x00000000e0000000, 0x00000000e5560000, 0x00000000e5560000)
  from space 21824K,  24% used [0x00000000e6ab0000, 0x00000000e6ffe9c0, 0x00000000e8000000)
  to   space 21824K,   0% used [0x00000000e5560000, 0x00000000e5560000, 0x00000000e6ab0000)
 concurrent mark-sweep generation total 393216K, used 131534K [0x00000000e8000000, 0x0000000100000000, 0x0000000100000000)
 Metaspace       used 47051K, capacity 47676K, committed 47780K, reserved 1091584K
  class space    used 5093K, capacity 5255K, committed 5316K, reserved 1048576K
2016-06-20T14:26:50.365+0100: 2250.237: [GC (Allocation Failure) 2016-06-20T14:26:50.365+0100: 2250.237: [ParNew
Desired survivor size 20112992 bytes, new threshold 8 (max 8)
- age   1:    1438488 bytes,    1438488 total
- age   2:      76072 bytes,    1514560 total
- age   3:      11616 bytes,    1526176 total
- age   4:      43232 bytes,    1569408 total
- age   5:     148016 bytes,    1717424 total
- age   6:    3073976 bytes,    4791400 total
- age   7:      28400 bytes,    4819800 total
- age   8:      26760 bytes,    4846560 total
: 92858K->6150K(109248K), 0.0030898 secs] 224393K->137808K(502464K), 0.0031628 secs] [Times: user=0.00 sys=0.00, real=0.00 secs] 
Heap after GC invocations=178 (full 3):
 par new generation   total 109248K, used 6150K [0x00000000e0000000, 0x00000000e8000000, 0x00000000e8000000)
  eden space 87424K,   0% used [0x00000000e0000000, 0x00000000e0000000, 0x00000000e5560000)
  from space 21824K,  28% used [0x00000000e5560000, 0x00000000e5b61a90, 0x00000000e6ab0000)
  to   space 21824K,   0% used [0x00000000e6ab0000, 0x00000000e6ab0000, 0x00000000e8000000)
 concurrent mark-sweep generation total 393216K, used 131657K [0x00000000e8000000, 0x0000000100000000, 0x0000000100000000)
 Metaspace       used 47051K, capacity 47676K, committed 47780K, reserved 1091584K
  class space    used 5093K, capacity 5255K, committed 5316K, reserved 1048576K
}
2016-06-20T14:26:50.369+0100: 2250.240: Total time for which application threads were stopped: 0.0034107 seconds, Stopping threads took: 0.0000272 seconds
{Heap before GC invocations=178 (full 3):
 par new generation   total 109248K, used 93574K [0x00000000e0000000, 0x00000000e8000000, 0x00000000e8000000)
  eden space 87424K, 100% used [0x00000000e0000000, 0x00000000e5560000, 0x00000000e5560000)
  from space 21824K,  28% used [0x00000000e5560000, 0x00000000e5b61a90, 0x00000000e6ab0000)
  to   space 21824K,   0% used [0x00000000e6ab0000, 0x00000000e6ab0000, 0x00000000e8000000)
 concurrent mark-sweep generation total 393216K, used 131657K [0x00000000e8000000, 0x0000000100000000, 0x0000000100000000)
 Metaspace       used 47051K, capacity 47676K, committed 47780K, reserved 1091584K
  class space    used 5093K, capacity 5255K, committed 5316K, reserved 1048576K
2016-06-20T14:26:50.566+0100: 2250.437: [GC (Allocation Failure) 2016-06-20T14:26:50.566+0100: 2250.437: [ParNew
Desired survivor size 20112992 bytes, new threshold 8 (max 8)
- age   1:    1336776 bytes,    1336776 total
- age   2:     125272 bytes,    1462048 total
- age   3:      76072 bytes,    1538120 total
- age   4:      11616 bytes,    1549736 total
- age   5:      43232 bytes,    1592968 total
- age   6:     148016 bytes,    1740984 total
- age   7:    3073976 bytes,    4814960 total
- age   8:      28400 bytes,    4843360 total
: 93574K->5344K(109248K), 0.0031024 secs] 225232K->137028K(502464K), 0.0031770 secs] [Times: user=0.00 sys=0.00, real=0.00 secs] 
Heap after GC invocations=179 (full 3):
 par new generation   total 109248K, used 5344K [0x00000000e0000000, 0x00000000e8000000, 0x00000000e8000000)
  eden space 87424K,   0% used [0x00000000e0000000, 0x00000000e0000000, 0x00000000e5560000)
  from space 21824K,  24% used [0x00000000e6ab0000, 0x00000000e6fe80d0, 0x00000000e8000000)
  to   space 21824K,   0% used [0x00000000e5560000, 0x00000000e5560000, 0x00000000e6ab0000)
 concurrent mark-sweep generation total 393216K, used 131684K [0x00000000e8000000, 0x0000000100000000, 0x0000000100000000)
 Metaspace       used 47051K, capacity 47676K, committed 47780K, reserved 1091584K
  class space    used 5093K, capacity 5255K, committed 5316K, reserved 1048576K
}
2016-06-20T14:26:50.569+0100: 2250.440: Total time for which application threads were stopped: 0.0034332 seconds, Stopping threads took: 0.0000257 seconds
{Heap before GC invocations=179 (full 3):
 par new generation   total 109248K, used 92768K [0x00000000e0000000, 0x00000000e8000000, 0x00000000e8000000)
  eden space 87424K, 100% used [0x00000000e0000000, 0x00000000e5560000, 0x00000000e5560000)
  from space 21824K,  24% used [0x00000000e6ab0000, 0x00000000e6fe80d0, 0x00000000e8000000)
  to   space 21824K,   0% used [0x00000000e5560000, 0x00000000e5560000, 0x00000000e6ab0000)
 concurrent mark-sweep generation total 393216K, used 131684K [0x00000000e8000000, 0x0000000100000000, 0x0000000100000000)
 Metaspace       used 47051K, capacity 47676K, committed 47780K, reserved 1091584K
  class space    used 5093K, capacity 5255K, committed 5316K, reserved 1048576K
2016-06-20T14:26:50.759+0100: 2250.631: [GC (Allocation Failure) 2016-06-20T14:26:50.759+0100: 2250.631: [ParNew
Desired survivor size 20112992 bytes, new threshold 8 (max 8)
- age   1:     775816 bytes,     775816 total
- age   2:      10704 bytes,     786520 total
- age   3:     125272 bytes,     911792 total
- age   4:      76072 bytes,     987864 total
- age   5:      11616 bytes,     999480 total
- age   6:      43232 bytes,    1042712 total
- age   7:     148016 bytes,    1190728 total
- age   8:    3073976 bytes,    4264704 total
: 92768K->4651K(109248K), 0.0030234 secs] 224452K->136363K(502464K), 0.0031221 secs] [Times: user=0.00 sys=0.00, real=0.00 secs] 
Heap after GC invocations=180 (full 3):
 par new generation   total 109248K, used 4651K [0x00000000e0000000, 0x00000000e8000000, 0x00000000e8000000)
  eden space 87424K,   0% used [0x00000000e0000000, 0x00000000e0000000, 0x00000000e5560000)
  from space 21824K,  21% used [0x00000000e5560000, 0x00000000e59ead90, 0x00000000e6ab0000)
  to   space 21824K,   0% used [0x00000000e6ab0000, 0x00000000e6ab0000, 0x00000000e8000000)
 concurrent mark-sweep generation total 393216K, used 131712K [0x00000000e8000000, 0x0000000100000000, 0x0000000100000000)
 Metaspace       used 47051K, capacity 47676K, committed 47780K, reserved 1091584K
  class space    used 5093K, capacity 5255K, committed 5316K, reserved 1048576K
}
2016-06-20T14:26:50.763+0100: 2250.634: Total time for which application threads were stopped: 0.0035141 seconds, Stopping threads took: 0.0000916 seconds
{Heap before GC invocations=180 (full 3):
 par new generation   total 109248K, used 92075K [0x00000000e0000000, 0x00000000e8000000, 0x00000000e8000000)
  eden space 87424K, 100% used [0x00000000e0000000, 0x00000000e5560000, 0x00000000e5560000)
  from space 21824K,  21% used [0x00000000e5560000, 0x00000000e59ead90, 0x00000000e6ab0000)
  to   space 21824K,   0% used [0x00000000e6ab0000, 0x00000000e6ab0000, 0x00000000e8000000)
 concurrent mark-sweep generation total 393216K, used 131712K [0x00000000e8000000, 0x0000000100000000, 0x0000000100000000)
 Metaspace       used 47051K, capacity 47676K, committed 47780K, reserved 1091584K
  class space    used 5093K, capacity 5255K, committed 5316K, reserved 1048576K
2016-06-20T14:26:51.011+0100: 2250.882: [GC (Allocation Failure) 2016-06-20T14:26:51.011+0100: 2250.882: [ParNew
Desired survivor size 20112992 bytes, new threshold 8 (max 8)
- age   1:    1649416 bytes,    1649416 total
- age   2:      27088 bytes,    1676504 total
- age   3:      10704 bytes,    1687208 total
- age   4:     125272 bytes,    1812480 total
- age   5:      76072 bytes,    1888552 total
- age   6:      11616 bytes,    1900168 total
- age   7:      43232 bytes,    1943400 total
- age   8:     148016 bytes,    2091416 total
: 92075K->2381K(109248K), 0.0034241 secs] 223787K->137095K(502464K), 0.0035666 secs] [Times: user=0.00 sys=0.00, real=0.00 secs] 
Heap after GC invocations=181 (full 3):
 par new generation   total 109248K, used 2381K [0x00000000e0000000, 0x00000000e8000000, 0x00000000e8000000)
  eden space 87424K,   0% used [0x00000000e0000000, 0x00000000e0000000, 0x00000000e5560000)
  from space 21824K,  10% used [0x00000000e6ab0000, 0x00000000e6d03558, 0x00000000e8000000)
  to   space 21824K,   0% used [0x00000000e5560000, 0x00000000e5560000, 0x00000000e6ab0000)
 concurrent mark-sweep generation total 393216K, used 134714K [0x00000000e8000000, 0x0000000100000000, 0x0000000100000000)
 Metaspace       used 47051K, capacity 47676K, committed 47780K, reserved 1091584K
  class space    used 5093K, capacity 5255K, committed 5316K, reserved 1048576K
}
2016-06-20T14:26:51.014+0100: 2250.886: Total time for which application threads were stopped: 0.0038398 seconds, Stopping threads took: 0.0000375 seconds
{Heap before GC invocations=181 (full 3):
 par new generation   total 109248K, used 89805K [0x00000000e0000000, 0x00000000e8000000, 0x00000000e8000000)
  eden space 87424K, 100% used [0x00000000e0000000, 0x00000000e5560000, 0x00000000e5560000)
  from space 21824K,  10% used [0x00000000e6ab0000, 0x00000000e6d03558, 0x00000000e8000000)
  to   space 21824K,   0% used [0x00000000e5560000, 0x00000000e5560000, 0x00000000e6ab0000)
 concurrent mark-sweep generation total 393216K, used 134714K [0x00000000e8000000, 0x0000000100000000, 0x0000000100000000)
 Metaspace       used 47051K, capacity 47676K, committed 47780K, reserved 1091584K
  class space    used 5093K, capacity 5255K, committed 5316K, reserved 1048576K
2016-06-20T14:26:51.232+0100: 2251.104: [GC (Allocation Failure) 2016-06-20T14:26:51.232+0100: 2251.104: [ParNew
Desired survivor size 20112992 bytes, new threshold 8 (max 8)
- age   1:    1603384 bytes,    1603384 total
- age   2:      42768 bytes,    1646152 total
- age   3:      27088 bytes,    1673240 total
- age   4:      10704 bytes,    1683944 total
- age   5:     125272 bytes,    1809216 total
- age   6:      76072 bytes,    1885288 total
- age   7:      11616 bytes,    1896904 total
- age   8:      43232 bytes,    1940136 total
: 89805K->2572K(109248K), 0.0032560 secs] 224519K->137431K(502464K), 0.0033519 secs] [Times: user=0.06 sys=0.00, real=0.00 secs] 
Heap after GC invocations=182 (full 3):
 par new generation   total 109248K, used 2572K [0x00000000e0000000, 0x00000000e8000000, 0x00000000e8000000)
  eden space 87424K,   0% used [0x00000000e0000000, 0x00000000e0000000, 0x00000000e5560000)
  from space 21824K,  11% used [0x00000000e5560000, 0x00000000e57e31a0, 0x00000000e6ab0000)
  to   space 21824K,   0% used [0x00000000e6ab0000, 0x00000000e6ab0000, 0x00000000e8000000)
 concurrent mark-sweep generation total 393216K, used 134859K [0x00000000e8000000, 0x0000000100000000, 0x0000000100000000)
 Metaspace       used 47051K, capacity 47676K, committed 47780K, reserved 1091584K
  class space    used 5093K, capacity 5255K, committed 5316K, reserved 1048576K
}
2016-06-20T14:26:51.235+0100: 2251.107: Total time for which application threads were stopped: 0.0036227 seconds, Stopping threads took: 0.0000296 seconds
{Heap before GC invocations=182 (full 3):
 par new generation   total 109248K, used 89996K [0x00000000e0000000, 0x00000000e8000000, 0x00000000e8000000)
  eden space 87424K, 100% used [0x00000000e0000000, 0x00000000e5560000, 0x00000000e5560000)
  from space 21824K,  11% used [0x00000000e5560000, 0x00000000e57e31a0, 0x00000000e6ab0000)
  to   space 21824K,   0% used [0x00000000e6ab0000, 0x00000000e6ab0000, 0x00000000e8000000)
 concurrent mark-sweep generation total 393216K, used 134859K [0x00000000e8000000, 0x0000000100000000, 0x0000000100000000)
 Metaspace       used 47051K, capacity 47676K, committed 47780K, reserved 1091584K
  class space    used 5093K, capacity 5255K, committed 5316K, reserved 1048576K
2016-06-20T14:26:51.495+0100: 2251.366: [GC (Allocation Failure) 2016-06-20T14:26:51.495+0100: 2251.366: [ParNew
Desired survivor size 20112992 bytes, new threshold 8 (max 8)
- age   1:    1111584 bytes,    1111584 total
- age   2:      91160 bytes,    1202744 total
- age   3:      42768 bytes,    1245512 total
- age   4:      27088 bytes,    1272600 total
- age   5:      10704 bytes,    1283304 total
- age   6:     125272 bytes,    1408576 total
- age   7:      76072 bytes,    1484648 total
- age   8:      11616 bytes,    1496264 total
: 89996K->1772K(109248K), 0.0029690 secs] 224855K->136674K(502464K), 0.0030637 secs] [Times: user=0.00 sys=0.00, real=0.00 secs] 
Heap after GC invocations=183 (full 3):
 par new generation   total 109248K, used 1772K [0x00000000e0000000, 0x00000000e8000000, 0x00000000e8000000)
  eden space 87424K,   0% used [0x00000000e0000000, 0x00000000e0000000, 0x00000000e5560000)
  from space 21824K,   8% used [0x00000000e6ab0000, 0x00000000e6c6b360, 0x00000000e8000000)
  to   space 21824K,   0% used [0x00000000e5560000, 0x00000000e5560000, 0x00000000e6ab0000)
 concurrent mark-sweep generation total 393216K, used 134901K [0x00000000e8000000, 0x0000000100000000, 0x0000000100000000)
 Metaspace       used 47051K, capacity 47676K, committed 47780K, reserved 1091584K
  class space    used 5093K, capacity 5255K, committed 5316K, reserved 1048576K
}
2016-06-20T14:26:51.498+0100: 2251.369: Total time for which application threads were stopped: 0.0033223 seconds, Stopping threads took: 0.0000347 seconds
2016-06-20T14:26:52.401+0100: 2252.272: Total time for which application threads were stopped: 0.0001315 seconds, Stopping threads took: 0.0000249 seconds
{Heap before GC invocations=183 (full 3):
 par new generation   total 109248K, used 89196K [0x00000000e0000000, 0x00000000e8000000, 0x00000000e8000000)
  eden space 87424K, 100% used [0x00000000e0000000, 0x00000000e5560000, 0x00000000e5560000)
  from space 21824K,   8% used [0x00000000e6ab0000, 0x00000000e6c6b360, 0x00000000e8000000)
  to   space 21824K,   0% used [0x00000000e5560000, 0x00000000e5560000, 0x00000000e6ab0000)
 concurrent mark-sweep generation total 393216K, used 134901K [0x00000000e8000000, 0x0000000100000000, 0x0000000100000000)
 Metaspace       used 47052K, capacity 47676K, committed 47780K, reserved 1091584K
  class space    used 5093K, capacity 5255K, committed 5316K, reserved 1048576K
2016-06-20T14:26:55.287+0100: 2255.159: [GC (Allocation Failure) 2016-06-20T14:26:55.287+0100: 2255.159: [ParNew
Desired survivor size 20112992 bytes, new threshold 8 (max 8)
- age   1:   18932376 bytes,   18932376 total
- age   2:       8184 bytes,   18940560 total
- age   3:       9160 bytes,   18949720 total
- age   4:       9968 bytes,   18959688 total
- age   5:      10688 bytes,   18970376 total
- age   6:      10704 bytes,   18981080 total
- age   7:      10472 bytes,   18991552 total
- age   8:      10472 bytes,   19002024 total
: 89196K->19295K(109248K), 0.0048117 secs] 224098K->154208K(502464K), 0.0049017 secs] [Times: user=0.00 sys=0.00, real=0.01 secs] 
Heap after GC invocations=184 (full 3):
 par new generation   total 109248K, used 19295K [0x00000000e0000000, 0x00000000e8000000, 0x00000000e8000000)
  eden space 87424K,   0% used [0x00000000e0000000, 0x00000000e0000000, 0x00000000e5560000)
  from space 21824K,  88% used [0x00000000e5560000, 0x00000000e6837d30, 0x00000000e6ab0000)
  to   space 21824K,   0% used [0x00000000e6ab0000, 0x00000000e6ab0000, 0x00000000e8000000)
 concurrent mark-sweep generation total 393216K, used 134913K [0x00000000e8000000, 0x0000000100000000, 0x0000000100000000)
 Metaspace       used 47052K, capacity 47676K, committed 47780K, reserved 1091584K
  class space    used 5093K, capacity 5255K, committed 5316K, reserved 1048576K
}
2016-06-20T14:26:55.292+0100: 2255.164: Total time for which application threads were stopped: 0.0051172 seconds, Stopping threads took: 0.0000189 seconds
2016-06-20T14:26:56.293+0100: 2256.164: Total time for which application threads were stopped: 0.0001054 seconds, Stopping threads took: 0.0000233 seconds
{Heap before GC invocations=184 (full 3):
 par new generation   total 109248K, used 106719K [0x00000000e0000000, 0x00000000e8000000, 0x00000000e8000000)
  eden space 87424K, 100% used [0x00000000e0000000, 0x00000000e5560000, 0x00000000e5560000)
  from space 21824K,  88% used [0x00000000e5560000, 0x00000000e6837d30, 0x00000000e6ab0000)
  to   space 21824K,   0% used [0x00000000e6ab0000, 0x00000000e6ab0000, 0x00000000e8000000)
 concurrent mark-sweep generation total 393216K, used 134913K [0x00000000e8000000, 0x0000000100000000, 0x0000000100000000)
 Metaspace       used 47059K, capacity 47676K, committed 47780K, reserved 1091584K
  class space    used 5093K, capacity 5255K, committed 5316K, reserved 1048576K
2016-06-20T14:26:56.424+0100: 2256.296: [GC (Allocation Failure) 2016-06-20T14:26:56.424+0100: 2256.296: [ParNew
Desired survivor size 20112992 bytes, new threshold 8 (max 8)
- age   1:    3052640 bytes,    3052640 total
- age   2:   16424152 bytes,   19476792 total
- age   3:       8184 bytes,   19484976 total
- age   4:       9160 bytes,   19494136 total
- age   5:       9968 bytes,   19504104 total
- age   6:      10688 bytes,   19514792 total
- age   7:      10704 bytes,   19525496 total
- age   8:      10472 bytes,   19535968 total
: 106719K->20784K(109248K), 0.0046313 secs] 241632K->155708K(502464K), 0.0047063 secs] [Times: user=0.00 sys=0.00, real=0.00 secs] 
Heap after GC invocations=185 (full 3):
 par new generation   total 109248K, used 20784K [0x00000000e0000000, 0x00000000e8000000, 0x00000000e8000000)
  eden space 87424K,   0% used [0x00000000e0000000, 0x00000000e0000000, 0x00000000e5560000)
  from space 21824K,  95% used [0x00000000e6ab0000, 0x00000000e7efc200, 0x00000000e8000000)
  to   space 21824K,   0% used [0x00000000e5560000, 0x00000000e5560000, 0x00000000e6ab0000)
 concurrent mark-sweep generation total 393216K, used 134923K [0x00000000e8000000, 0x0000000100000000, 0x0000000100000000)
 Metaspace       used 47059K, capacity 47676K, committed 47780K, reserved 1091584K
  class space    used 5093K, capacity 5255K, committed 5316K, reserved 1048576K
}
2016-06-20T14:26:56.429+0100: 2256.301: Total time for which application threads were stopped: 0.0049708 seconds, Stopping threads took: 0.0000272 seconds
{Heap before GC invocations=185 (full 3):
 par new generation   total 109248K, used 108208K [0x00000000e0000000, 0x00000000e8000000, 0x00000000e8000000)
  eden space 87424K, 100% used [0x00000000e0000000, 0x00000000e5560000, 0x00000000e5560000)
  from space 21824K,  95% used [0x00000000e6ab0000, 0x00000000e7efc200, 0x00000000e8000000)
  to   space 21824K,   0% used [0x00000000e5560000, 0x00000000e5560000, 0x00000000e6ab0000)
 concurrent mark-sweep generation total 393216K, used 134923K [0x00000000e8000000, 0x0000000100000000, 0x0000000100000000)
 Metaspace       used 47061K, capacity 47676K, committed 47780K, reserved 1091584K
  class space    used 5093K, capacity 5255K, committed 5316K, reserved 1048576K
2016-06-20T14:26:56.550+0100: 2256.422: [GC (Allocation Failure) 2016-06-20T14:26:56.550+0100: 2256.422: [ParNew
Desired survivor size 20112992 bytes, new threshold 3 (max 8)
- age   1:    1644712 bytes,    1644712 total
- age   2:    2453160 bytes,    4097872 total
- age   3:   16411936 bytes,   20509808 total
- age   4:       8184 bytes,   20517992 total
- age   5:       9160 bytes,   20527152 total
- age   6:       9968 bytes,   20537120 total
- age   7:      10688 bytes,   20547808 total
- age   8:      10704 bytes,   20558512 total
: 108208K->21647K(109248K), 0.0045480 secs] 243132K->156582K(502464K), 0.0046135 secs] [Times: user=0.00 sys=0.00, real=0.01 secs] 
Heap after GC invocations=186 (full 3):
 par new generation   total 109248K, used 21647K [0x00000000e0000000, 0x00000000e8000000, 0x00000000e8000000)
  eden space 87424K,   0% used [0x00000000e0000000, 0x00000000e0000000, 0x00000000e5560000)
  from space 21824K,  99% used [0x00000000e5560000, 0x00000000e6a83f20, 0x00000000e6ab0000)
  to   space 21824K,   0% used [0x00000000e6ab0000, 0x00000000e6ab0000, 0x00000000e8000000)
 concurrent mark-sweep generation total 393216K, used 134934K [0x00000000e8000000, 0x0000000100000000, 0x0000000100000000)
 Metaspace       used 47061K, capacity 47676K, committed 47780K, reserved 1091584K
  class space    used 5093K, capacity 5255K, committed 5316K, reserved 1048576K
}
2016-06-20T14:26:56.555+0100: 2256.427: Total time for which application threads were stopped: 0.0047880 seconds, Stopping threads took: 0.0000205 seconds
{Heap before GC invocations=186 (full 3):
 par new generation   total 109248K, used 109071K [0x00000000e0000000, 0x00000000e8000000, 0x00000000e8000000)
  eden space 87424K, 100% used [0x00000000e0000000, 0x00000000e5560000, 0x00000000e5560000)
  from space 21824K,  99% used [0x00000000e5560000, 0x00000000e6a83f20, 0x00000000e6ab0000)
  to   space 21824K,   0% used [0x00000000e6ab0000, 0x00000000e6ab0000, 0x00000000e8000000)
 concurrent mark-sweep generation total 393216K, used 134934K [0x00000000e8000000, 0x0000000100000000, 0x0000000100000000)
 Metaspace       used 47061K, capacity 47676K, committed 47780K, reserved 1091584K
  class space    used 5093K, capacity 5255K, committed 5316K, reserved 1048576K
2016-06-20T14:26:56.696+0100: 2256.567: [GC (Allocation Failure) 2016-06-20T14:26:56.696+0100: 2256.567: [ParNew
Desired survivor size 20112992 bytes, new threshold 8 (max 8)
- age   1:    1398376 bytes,    1398376 total
- age   2:     534488 bytes,    1932864 total
- age   3:    2457040 bytes,    4389904 total
: 109071K->5721K(109248K), 0.0062715 secs] 244006K->154586K(502464K), 0.0063556 secs] [Times: user=0.00 sys=0.00, real=0.01 secs] 
Heap after GC invocations=187 (full 3):
 par new generation   total 109248K, used 5721K [0x00000000e0000000, 0x00000000e8000000, 0x00000000e8000000)
  eden space 87424K,   0% used [0x00000000e0000000, 0x00000000e0000000, 0x00000000e5560000)
  from space 21824K,  26% used [0x00000000e6ab0000, 0x00000000e7046490, 0x00000000e8000000)
  to   space 21824K,   0% used [0x00000000e5560000, 0x00000000e5560000, 0x00000000e6ab0000)
 concurrent mark-sweep generation total 393216K, used 148865K [0x00000000e8000000, 0x0000000100000000, 0x0000000100000000)
 Metaspace       used 47061K, capacity 47676K, committed 47780K, reserved 1091584K
  class space    used 5093K, capacity 5255K, committed 5316K, reserved 1048576K
}
2016-06-20T14:26:56.702+0100: 2256.574: Total time for which application threads were stopped: 0.0065992 seconds, Stopping threads took: 0.0000336 seconds
{Heap before GC invocations=187 (full 3):
 par new generation   total 109248K, used 93145K [0x00000000e0000000, 0x00000000e8000000, 0x00000000e8000000)
  eden space 87424K, 100% used [0x00000000e0000000, 0x00000000e5560000, 0x00000000e5560000)
  from space 21824K,  26% used [0x00000000e6ab0000, 0x00000000e7046490, 0x00000000e8000000)
  to   space 21824K,   0% used [0x00000000e5560000, 0x00000000e5560000, 0x00000000e6ab0000)
 concurrent mark-sweep generation total 393216K, used 148865K [0x00000000e8000000, 0x0000000100000000, 0x0000000100000000)
 Metaspace       used 47061K, capacity 47676K, committed 47780K, reserved 1091584K
  class space    used 5093K, capacity 5255K, committed 5316K, reserved 1048576K
2016-06-20T14:26:56.809+0100: 2256.680: [GC (Allocation Failure) 2016-06-20T14:26:56.809+0100: 2256.680: [ParNew
Desired survivor size 20112992 bytes, new threshold 8 (max 8)
- age   1:    2629704 bytes,    2629704 total
- age   2:     503208 bytes,    3132912 total
- age   3:     534488 bytes,    3667400 total
- age   4:    2440088 bytes,    6107488 total
: 93145K->6817K(109248K), 0.0031577 secs] 242010K->155682K(502464K), 0.0032342 secs] [Times: user=0.00 sys=0.02, real=0.00 secs] 
Heap after GC invocations=188 (full 3):
 par new generation   total 109248K, used 6817K [0x00000000e0000000, 0x00000000e8000000, 0x00000000e8000000)
  eden space 87424K,   0% used [0x00000000e0000000, 0x00000000e0000000, 0x00000000e5560000)
  from space 21824K,  31% used [0x00000000e5560000, 0x00000000e5c08460, 0x00000000e6ab0000)
  to   space 21824K,   0% used [0x00000000e6ab0000, 0x00000000e6ab0000, 0x00000000e8000000)
 concurrent mark-sweep generation total 393216K, used 148865K [0x00000000e8000000, 0x0000000100000000, 0x0000000100000000)
 Metaspace       used 47061K, capacity 47676K, committed 47780K, reserved 1091584K
  class space    used 5093K, capacity 5255K, committed 5316K, reserved 1048576K
}
2016-06-20T14:26:56.812+0100: 2256.683: Total time for which application threads were stopped: 0.0034454 seconds, Stopping threads took: 0.0000189 seconds
2016-06-20T14:26:58.814+0100: 2258.685: Total time for which application threads were stopped: 0.0001176 seconds, Stopping threads took: 0.0000304 seconds
2016-06-20T14:27:05.816+0100: 2265.687: Total time for which application threads were stopped: 0.0001433 seconds, Stopping threads took: 0.0000517 seconds
2016-06-20T14:27:06.817+0100: 2266.688: Total time for which application threads were stopped: 0.0001149 seconds, Stopping threads took: 0.0000316 seconds
{Heap before GC invocations=188 (full 3):
 par new generation   total 109248K, used 94241K [0x00000000e0000000, 0x00000000e8000000, 0x00000000e8000000)
  eden space 87424K, 100% used [0x00000000e0000000, 0x00000000e5560000, 0x00000000e5560000)
  from space 21824K,  31% used [0x00000000e5560000, 0x00000000e5c08460, 0x00000000e6ab0000)
  to   space 21824K,   0% used [0x00000000e6ab0000, 0x00000000e6ab0000, 0x00000000e8000000)
 concurrent mark-sweep generation total 393216K, used 148865K [0x00000000e8000000, 0x0000000100000000, 0x0000000100000000)
 Metaspace       used 47077K, capacity 47676K, committed 47780K, reserved 1091584K
  class space    used 5093K, capacity 5255K, committed 5316K, reserved 1048576K
2016-06-20T14:27:07.637+0100: 2267.509: [GC (Allocation Failure) 2016-06-20T14:27:07.638+0100: 2267.509: [ParNew
Desired survivor size 20112992 bytes, new threshold 8 (max 8)
- age   1:     920120 bytes,     920120 total
- age   5:      60368 bytes,     980488 total
: 94241K->3909K(109248K), 0.0020456 secs] 243106K->152774K(502464K), 0.0021210 secs] [Times: user=0.02 sys=0.00, real=0.00 secs] 
Heap after GC invocations=189 (full 3):
 par new generation   total 109248K, used 3909K [0x00000000e0000000, 0x00000000e8000000, 0x00000000e8000000)
  eden space 87424K,   0% used [0x00000000e0000000, 0x00000000e0000000, 0x00000000e5560000)
  from space 21824K,  17% used [0x00000000e6ab0000, 0x00000000e6e81400, 0x00000000e8000000)
  to   space 21824K,   0% used [0x00000000e5560000, 0x00000000e5560000, 0x00000000e6ab0000)
 concurrent mark-sweep generation total 393216K, used 148865K [0x00000000e8000000, 0x0000000100000000, 0x0000000100000000)
 Metaspace       used 47077K, capacity 47676K, committed 47780K, reserved 1091584K
  class space    used 5093K, capacity 5255K, committed 5316K, reserved 1048576K
}
2016-06-20T14:27:07.640+0100: 2267.511: Total time for which application threads were stopped: 0.0023634 seconds, Stopping threads took: 0.0000253 seconds
2016-06-20T14:27:08.640+0100: 2268.511: Total time for which application threads were stopped: 0.0000928 seconds, Stopping threads took: 0.0000257 seconds
2016-06-20T14:27:10.641+0100: 2270.512: Total time for which application threads were stopped: 0.0001287 seconds, Stopping threads took: 0.0000324 seconds
2016-06-20T14:27:13.643+0100: 2273.514: Total time for which application threads were stopped: 0.0001090 seconds, Stopping threads took: 0.0000284 seconds
2016-06-20T14:27:14.643+0100: 2274.515: Total time for which application threads were stopped: 0.0001461 seconds, Stopping threads took: 0.0000324 seconds
{Heap before GC invocations=189 (full 3):
 par new generation   total 109248K, used 91333K [0x00000000e0000000, 0x00000000e8000000, 0x00000000e8000000)
  eden space 87424K, 100% used [0x00000000e0000000, 0x00000000e5560000, 0x00000000e5560000)
  from space 21824K,  17% used [0x00000000e6ab0000, 0x00000000e6e81400, 0x00000000e8000000)
  to   space 21824K,   0% used [0x00000000e5560000, 0x00000000e5560000, 0x00000000e6ab0000)
 concurrent mark-sweep generation total 393216K, used 148865K [0x00000000e8000000, 0x0000000100000000, 0x0000000100000000)
 Metaspace       used 47159K, capacity 47740K, committed 48036K, reserved 1091584K
  class space    used 5093K, capacity 5255K, committed 5316K, reserved 1048576K
2016-06-20T14:27:23.267+0100: 2283.138: [GC (Allocation Failure) 2016-06-20T14:27:23.267+0100: 2283.138: [ParNew
Desired survivor size 20112992 bytes, new threshold 8 (max 8)
- age   1:     692312 bytes,     692312 total
- age   2:     101272 bytes,     793584 total
- age   6:      16728 bytes,     810312 total
: 91333K->1371K(109248K), 0.0021423 secs] 240198K->150236K(502464K), 0.0022249 secs] [Times: user=0.00 sys=0.00, real=0.00 secs] 
Heap after GC invocations=190 (full 3):
 par new generation   total 109248K, used 1371K [0x00000000e0000000, 0x00000000e8000000, 0x00000000e8000000)
  eden space 87424K,   0% used [0x00000000e0000000, 0x00000000e0000000, 0x00000000e5560000)
  from space 21824K,   6% used [0x00000000e5560000, 0x00000000e56b6c88, 0x00000000e6ab0000)
  to   space 21824K,   0% used [0x00000000e6ab0000, 0x00000000e6ab0000, 0x00000000e8000000)
 concurrent mark-sweep generation total 393216K, used 148865K [0x00000000e8000000, 0x0000000100000000, 0x0000000100000000)
 Metaspace       used 47159K, capacity 47740K, committed 48036K, reserved 1091584K
  class space    used 5093K, capacity 5255K, committed 5316K, reserved 1048576K
}
2016-06-20T14:27:23.269+0100: 2283.141: Total time for which application threads were stopped: 0.0024562 seconds, Stopping threads took: 0.0000272 seconds
2016-06-20T14:27:25.269+0100: 2285.141: Total time for which application threads were stopped: 0.0000896 seconds, Stopping threads took: 0.0000245 seconds
2016-06-20T14:27:25.646+0100: 2285.517: Total time for which application threads were stopped: 0.0002613 seconds, Stopping threads took: 0.0000272 seconds
2016-06-20T14:27:27.647+0100: 2287.518: Total time for which application threads were stopped: 0.0002045 seconds, Stopping threads took: 0.0000383 seconds
{Heap before GC invocations=190 (full 3):
 par new generation   total 109248K, used 88795K [0x00000000e0000000, 0x00000000e8000000, 0x00000000e8000000)
  eden space 87424K, 100% used [0x00000000e0000000, 0x00000000e5560000, 0x00000000e5560000)
  from space 21824K,   6% used [0x00000000e5560000, 0x00000000e56b6c88, 0x00000000e6ab0000)
  to   space 21824K,   0% used [0x00000000e6ab0000, 0x00000000e6ab0000, 0x00000000e8000000)
 concurrent mark-sweep generation total 393216K, used 148865K [0x00000000e8000000, 0x0000000100000000, 0x0000000100000000)
 Metaspace       used 47176K, capacity 47804K, committed 48036K, reserved 1091584K
  class space    used 5093K, capacity 5255K, committed 5316K, reserved 1048576K
2016-06-20T14:27:36.187+0100: 2296.058: [GC (Allocation Failure) 2016-06-20T14:27:36.187+0100: 2296.058: [ParNew
Desired survivor size 20112992 bytes, new threshold 8 (max 8)
- age   1:     945096 bytes,     945096 total
- age   2:     164968 bytes,    1110064 total
- age   3:      89712 bytes,    1199776 total
- age   7:       2288 bytes,    1202064 total
: 88795K->1448K(109248K), 0.0024076 secs] 237660K->150313K(502464K), 0.0025020 secs] [Times: user=0.00 sys=0.00, real=0.00 secs] 
Heap after GC invocations=191 (full 3):
 par new generation   total 109248K, used 1448K [0x00000000e0000000, 0x00000000e8000000, 0x00000000e8000000)
  eden space 87424K,   0% used [0x00000000e0000000, 0x00000000e0000000, 0x00000000e5560000)
  from space 21824K,   6% used [0x00000000e6ab0000, 0x00000000e6c1a070, 0x00000000e8000000)
  to   space 21824K,   0% used [0x00000000e5560000, 0x00000000e5560000, 0x00000000e6ab0000)
 concurrent mark-sweep generation total 393216K, used 148865K [0x00000000e8000000, 0x0000000100000000, 0x0000000100000000)
 Metaspace       used 47176K, capacity 47804K, committed 48036K, reserved 1091584K
  class space    used 5093K, capacity 5255K, committed 5316K, reserved 1048576K
}
2016-06-20T14:27:36.190+0100: 2296.061: Total time for which application threads were stopped: 0.0027586 seconds, Stopping threads took: 0.0000276 seconds
2016-06-20T14:27:37.190+0100: 2297.061: Total time for which application threads were stopped: 0.0000908 seconds, Stopping threads took: 0.0000261 seconds
2016-06-20T14:27:57.203+0100: 2317.074: Total time for which application threads were stopped: 0.0000971 seconds, Stopping threads took: 0.0000288 seconds
2016-06-20T14:27:58.203+0100: 2318.074: Total time for which application threads were stopped: 0.0001030 seconds, Stopping threads took: 0.0000288 seconds
2016-06-20T14:28:00.204+0100: 2320.076: Total time for which application threads were stopped: 0.0000943 seconds, Stopping threads took: 0.0000284 seconds
{Heap before GC invocations=191 (full 3):
 par new generation   total 109248K, used 88872K [0x00000000e0000000, 0x00000000e8000000, 0x00000000e8000000)
  eden space 87424K, 100% used [0x00000000e0000000, 0x00000000e5560000, 0x00000000e5560000)
  from space 21824K,   6% used [0x00000000e6ab0000, 0x00000000e6c1a070, 0x00000000e8000000)
  to   space 21824K,   0% used [0x00000000e5560000, 0x00000000e5560000, 0x00000000e6ab0000)
 concurrent mark-sweep generation total 393216K, used 148865K [0x00000000e8000000, 0x0000000100000000, 0x0000000100000000)
 Metaspace       used 47185K, capacity 47804K, committed 48036K, reserved 1091584K
  class space    used 5093K, capacity 5255K, committed 5316K, reserved 1048576K
2016-06-20T14:28:00.400+0100: 2320.271: [GC (Allocation Failure) 2016-06-20T14:28:00.400+0100: 2320.271: [ParNew
Desired survivor size 20112992 bytes, new threshold 8 (max 8)
- age   1:     412512 bytes,     412512 total
- age   2:     419352 bytes,     831864 total
- age   3:     164056 bytes,     995920 total
- age   4:      89600 bytes,    1085520 total
- age   8:       1952 bytes,    1087472 total
: 88872K->1493K(109248K), 0.0025426 secs] 237737K->150358K(502464K), 0.0026125 secs] [Times: user=0.00 sys=0.00, real=0.00 secs] 
Heap after GC invocations=192 (full 3):
 par new generation   total 109248K, used 1493K [0x00000000e0000000, 0x00000000e8000000, 0x00000000e8000000)
  eden space 87424K,   0% used [0x00000000e0000000, 0x00000000e0000000, 0x00000000e5560000)
  from space 21824K,   6% used [0x00000000e5560000, 0x00000000e56d56b0, 0x00000000e6ab0000)
  to   space 21824K,   0% used [0x00000000e6ab0000, 0x00000000e6ab0000, 0x00000000e8000000)
 concurrent mark-sweep generation total 393216K, used 148865K [0x00000000e8000000, 0x0000000100000000, 0x0000000100000000)
 Metaspace       used 47185K, capacity 47804K, committed 48036K, reserved 1091584K
  class space    used 5093K, capacity 5255K, committed 5316K, reserved 1048576K
}
2016-06-20T14:28:00.402+0100: 2320.273: Total time for which application threads were stopped: 0.0028577 seconds, Stopping threads took: 0.0000284 seconds
2016-06-20T14:28:02.402+0100: 2322.274: Total time for which application threads were stopped: 0.0000987 seconds, Stopping threads took: 0.0000312 seconds
2016-06-20T14:28:03.403+0100: 2323.274: Total time for which application threads were stopped: 0.0001090 seconds, Stopping threads took: 0.0000272 seconds
2016-06-20T14:28:06.405+0100: 2326.277: Total time for which application threads were stopped: 0.0000912 seconds, Stopping threads took: 0.0000264 seconds
2016-06-20T14:28:14.408+0100: 2334.279: Total time for which application threads were stopped: 0.0000951 seconds, Stopping threads took: 0.0000284 seconds
{Heap before GC invocations=192 (full 3):
 par new generation   total 109248K, used 88917K [0x00000000e0000000, 0x00000000e8000000, 0x00000000e8000000)
  eden space 87424K, 100% used [0x00000000e0000000, 0x00000000e5560000, 0x00000000e5560000)
  from space 21824K,   6% used [0x00000000e5560000, 0x00000000e56d56b0, 0x00000000e6ab0000)
  to   space 21824K,   0% used [0x00000000e6ab0000, 0x00000000e6ab0000, 0x00000000e8000000)
 concurrent mark-sweep generation total 393216K, used 148865K [0x00000000e8000000, 0x0000000100000000, 0x0000000100000000)
 Metaspace       used 47186K, capacity 47804K, committed 48036K, reserved 1091584K
  class space    used 5093K, capacity 5255K, committed 5316K, reserved 1048576K
2016-06-20T14:28:18.456+0100: 2338.327: [GC (Allocation Failure) 2016-06-20T14:28:18.456+0100: 2338.327: [ParNew
Desired survivor size 20112992 bytes, new threshold 8 (max 8)
- age   1:     654192 bytes,     654192 total
- age   2:      28968 bytes,     683160 total
- age   3:     117720 bytes,     800880 total
- age   4:     163816 bytes,     964696 total
- age   5:      89528 bytes,    1054224 total
: 88917K->1259K(109248K), 0.0022545 secs] 237782K->150126K(502464K), 0.0023338 secs] [Times: user=0.00 sys=0.00, real=0.00 secs] 
Heap after GC invocations=193 (full 3):
 par new generation   total 109248K, used 1259K [0x00000000e0000000, 0x00000000e8000000, 0x00000000e8000000)
  eden space 87424K,   0% used [0x00000000e0000000, 0x00000000e0000000, 0x00000000e5560000)
  from space 21824K,   5% used [0x00000000e6ab0000, 0x00000000e6beae80, 0x00000000e8000000)
  to   space 21824K,   0% used [0x00000000e5560000, 0x00000000e5560000, 0x00000000e6ab0000)
 concurrent mark-sweep generation total 393216K, used 148867K [0x00000000e8000000, 0x0000000100000000, 0x0000000100000000)
 Metaspace       used 47186K, capacity 47804K, committed 48036K, reserved 1091584K
  class space    used 5093K, capacity 5255K, committed 5316K, reserved 1048576K
}
2016-06-20T14:28:18.458+0100: 2338.329: Total time for which application threads were stopped: 0.0025778 seconds, Stopping threads took: 0.0000316 seconds
2016-06-20T14:28:20.459+0100: 2340.330: Total time for which application threads were stopped: 0.0000951 seconds, Stopping threads took: 0.0000304 seconds
2016-06-20T14:28:29.464+0100: 2349.335: Total time for which application threads were stopped: 0.0001536 seconds, Stopping threads took: 0.0000288 seconds
2016-06-20T14:28:54.483+0100: 2374.354: Total time for which application threads were stopped: 0.0001311 seconds, Stopping threads took: 0.0000245 seconds
2016-06-20T14:28:55.424+0100: 2375.295: Total time for which application threads were stopped: 0.0000837 seconds, Stopping threads took: 0.0000205 seconds
2016-06-20T14:28:55.424+0100: 2375.295: Total time for which application threads were stopped: 0.0000371 seconds, Stopping threads took: 0.0000083 seconds
2016-06-20T14:28:55.528+0100: 2375.400: Total time for which application threads were stopped: 0.0001512 seconds, Stopping threads took: 0.0000375 seconds
2016-06-20T14:28:55.737+0100: 2375.609: Total time for which application threads were stopped: 0.0001247 seconds, Stopping threads took: 0.0000241 seconds
2016-06-20T14:28:55.997+0100: 2375.868: Total time for which application threads were stopped: 0.0001484 seconds, Stopping threads took: 0.0000316 seconds
2016-06-20T14:28:56.173+0100: 2376.045: Total time for which application threads were stopped: 0.0002767 seconds, Stopping threads took: 0.0000825 seconds
{Heap before GC invocations=193 (full 3):
 par new generation   total 109248K, used 88683K [0x00000000e0000000, 0x00000000e8000000, 0x00000000e8000000)
  eden space 87424K, 100% used [0x00000000e0000000, 0x00000000e5560000, 0x00000000e5560000)
  from space 21824K,   5% used [0x00000000e6ab0000, 0x00000000e6beae80, 0x00000000e8000000)
  to   space 21824K,   0% used [0x00000000e5560000, 0x00000000e5560000, 0x00000000e6ab0000)
 concurrent mark-sweep generation total 393216K, used 148867K [0x00000000e8000000, 0x0000000100000000, 0x0000000100000000)
 Metaspace       used 47939K, capacity 48574K, committed 48932K, reserved 1093632K
  class space    used 5152K, capacity 5320K, committed 5444K, reserved 1048576K
2016-06-20T14:28:56.363+0100: 2376.234: [GC (Allocation Failure) 2016-06-20T14:28:56.363+0100: 2376.234: [ParNew
Desired survivor size 20112992 bytes, new threshold 8 (max 8)
- age   1:    5856232 bytes,    5856232 total
- age   2:     261768 bytes,    6118000 total
- age   3:      28304 bytes,    6146304 total
- age   4:     117480 bytes,    6263784 total
- age   5:     163584 bytes,    6427368 total
- age   6:      89456 bytes,    6516824 total
: 88683K->6707K(109248K), 0.0033053 secs] 237550K->155574K(502464K), 0.0034024 secs] [Times: user=0.00 sys=0.00, real=0.00 secs] 
Heap after GC invocations=194 (full 3):
 par new generation   total 109248K, used 6707K [0x00000000e0000000, 0x00000000e8000000, 0x00000000e8000000)
  eden space 87424K,   0% used [0x00000000e0000000, 0x00000000e0000000, 0x00000000e5560000)
  from space 21824K,  30% used [0x00000000e5560000, 0x00000000e5becfd0, 0x00000000e6ab0000)
  to   space 21824K,   0% used [0x00000000e6ab0000, 0x00000000e6ab0000, 0x00000000e8000000)
 concurrent mark-sweep generation total 393216K, used 148867K [0x00000000e8000000, 0x0000000100000000, 0x0000000100000000)
 Metaspace       used 47939K, capacity 48574K, committed 48932K, reserved 1093632K
  class space    used 5152K, capacity 5320K, committed 5444K, reserved 1048576K
}
2016-06-20T14:28:56.367+0100: 2376.238: Total time for which application threads were stopped: 0.0036657 seconds, Stopping threads took: 0.0000355 seconds
2016-06-20T14:28:57.367+0100: 2377.238: Total time for which application threads were stopped: 0.0004480 seconds, Stopping threads took: 0.0003462 seconds
2016-06-20T14:28:57.438+0100: 2377.310: Total time for which application threads were stopped: 0.0001476 seconds, Stopping threads took: 0.0000339 seconds
2016-06-20T14:28:57.556+0100: 2377.428: Total time for which application threads were stopped: 0.0001046 seconds, Stopping threads took: 0.0000257 seconds
2016-06-20T14:28:57.570+0100: 2377.442: Total time for which application threads were stopped: 0.0001090 seconds, Stopping threads took: 0.0000268 seconds
2016-06-20T14:28:57.822+0100: 2377.693: Total time for which application threads were stopped: 0.0001808 seconds, Stopping threads took: 0.0000351 seconds
2016-06-20T14:28:58.101+0100: 2377.972: Total time for which application threads were stopped: 0.0001334 seconds, Stopping threads took: 0.0000268 seconds
2016-06-20T14:28:58.109+0100: 2377.981: Total time for which application threads were stopped: 0.0001772 seconds, Stopping threads took: 0.0000655 seconds
2016-06-20T14:28:58.135+0100: 2378.007: Total time for which application threads were stopped: 0.0001599 seconds, Stopping threads took: 0.0000276 seconds
2016-06-20T14:28:59.473+0100: 2379.345: Total time for which application threads were stopped: 0.0001105 seconds, Stopping threads took: 0.0000312 seconds
2016-06-20T14:28:59.473+0100: 2379.345: Total time for which application threads were stopped: 0.0000746 seconds, Stopping threads took: 0.0000182 seconds
2016-06-20T14:28:59.474+0100: 2379.346: Total time for which application threads were stopped: 0.0000825 seconds, Stopping threads took: 0.0000201 seconds
2016-06-20T14:28:59.541+0100: 2379.413: Total time for which application threads were stopped: 0.0010331 seconds, Stopping threads took: 0.0000908 seconds
2016-06-20T14:28:59.989+0100: 2379.861: Total time for which application threads were stopped: 0.0001153 seconds, Stopping threads took: 0.0000237 seconds
2016-06-20T14:28:59.993+0100: 2379.865: Total time for which application threads were stopped: 0.0011022 seconds, Stopping threads took: 0.0000355 seconds
2016-06-20T14:28:59.994+0100: 2379.866: Total time for which application threads were stopped: 0.0010737 seconds, Stopping threads took: 0.0000225 seconds
2016-06-20T14:29:00.995+0100: 2380.866: Total time for which application threads were stopped: 0.0001401 seconds, Stopping threads took: 0.0000308 seconds
2016-06-20T14:29:03.996+0100: 2383.867: Total time for which application threads were stopped: 0.0000797 seconds, Stopping threads took: 0.0000217 seconds
2016-06-20T14:29:04.996+0100: 2384.868: Total time for which application threads were stopped: 0.0001200 seconds, Stopping threads took: 0.0000371 seconds
2016-06-20T14:29:05.996+0100: 2385.868: Total time for which application threads were stopped: 0.0001204 seconds, Stopping threads took: 0.0000336 seconds
2016-06-20T14:29:07.997+0100: 2387.869: Total time for which application threads were stopped: 0.0001571 seconds, Stopping threads took: 0.0000987 seconds
2016-06-20T14:29:09.998+0100: 2389.869: Total time for which application threads were stopped: 0.0002455 seconds, Stopping threads took: 0.0000320 seconds
2016-06-20T14:29:10.998+0100: 2390.869: Total time for which application threads were stopped: 0.0000947 seconds, Stopping threads took: 0.0000280 seconds
2016-06-20T14:29:11.998+0100: 2391.869: Total time for which application threads were stopped: 0.0000857 seconds, Stopping threads took: 0.0000249 seconds
2016-06-20T14:29:20.001+0100: 2399.873: Total time for which application threads were stopped: 0.0000774 seconds, Stopping threads took: 0.0000237 seconds
{Heap before GC invocations=194 (full 3):
 par new generation   total 109248K, used 94131K [0x00000000e0000000, 0x00000000e8000000, 0x00000000e8000000)
  eden space 87424K,  99% used [0x00000000e0000000, 0x00000000e555ff38, 0x00000000e5560000)
  from space 21824K,  30% used [0x00000000e5560000, 0x00000000e5becfd0, 0x00000000e6ab0000)
  to   space 21824K,   0% used [0x00000000e6ab0000, 0x00000000e6ab0000, 0x00000000e8000000)
 concurrent mark-sweep generation total 393216K, used 148867K [0x00000000e8000000, 0x0000000100000000, 0x0000000100000000)
 Metaspace       used 48519K, capacity 49150K, committed 49444K, reserved 1093632K
  class space    used 5209K, capacity 5384K, committed 5444K, reserved 1048576K
2016-06-20T14:29:24.961+0100: 2404.832: [GC (Allocation Failure) 2016-06-20T14:29:24.961+0100: 2404.832: [ParNew
Desired survivor size 20112992 bytes, new threshold 8 (max 8)
- age   1:     812592 bytes,     812592 total
- age   2:    2584288 bytes,    3396880 total
- age   3:     159840 bytes,    3556720 total
- age   4:      28304 bytes,    3585024 total
- age   5:     117192 bytes,    3702216 total
- age   6:     163512 bytes,    3865728 total
- age   7:      89288 bytes,    3955016 total
: 94131K->4322K(109248K), 0.0028967 secs] 242998K->153189K(502464K), 0.0029832 secs] [Times: user=0.00 sys=0.00, real=0.00 secs] 
Heap after GC invocations=195 (full 3):
 par new generation   total 109248K, used 4322K [0x00000000e0000000, 0x00000000e8000000, 0x00000000e8000000)
  eden space 87424K,   0% used [0x00000000e0000000, 0x00000000e0000000, 0x00000000e5560000)
  from space 21824K,  19% used [0x00000000e6ab0000, 0x00000000e6ee8b40, 0x00000000e8000000)
  to   space 21824K,   0% used [0x00000000e5560000, 0x00000000e5560000, 0x00000000e6ab0000)
 concurrent mark-sweep generation total 393216K, used 148867K [0x00000000e8000000, 0x0000000100000000, 0x0000000100000000)
 Metaspace       used 48519K, capacity 49150K, committed 49444K, reserved 1093632K
  class space    used 5209K, capacity 5384K, committed 5444K, reserved 1048576K
}
2016-06-20T14:29:24.964+0100: 2404.835: Total time for which application threads were stopped: 0.0031900 seconds, Stopping threads took: 0.0000264 seconds
2016-06-20T14:29:27.966+0100: 2407.837: Total time for which application threads were stopped: 0.0000991 seconds, Stopping threads took: 0.0000276 seconds
2016-06-20T14:29:58.980+0100: 2438.851: Total time for which application threads were stopped: 0.0001184 seconds, Stopping threads took: 0.0000351 seconds
{Heap before GC invocations=195 (full 3):
 par new generation   total 109248K, used 91746K [0x00000000e0000000, 0x00000000e8000000, 0x00000000e8000000)
  eden space 87424K, 100% used [0x00000000e0000000, 0x00000000e5560000, 0x00000000e5560000)
  from space 21824K,  19% used [0x00000000e6ab0000, 0x00000000e6ee8b40, 0x00000000e8000000)
  to   space 21824K,   0% used [0x00000000e5560000, 0x00000000e5560000, 0x00000000e6ab0000)
 concurrent mark-sweep generation total 393216K, used 148867K [0x00000000e8000000, 0x0000000100000000, 0x0000000100000000)
 Metaspace       used 48520K, capacity 49150K, committed 49444K, reserved 1093632K
  class space    used 5209K, capacity 5384K, committed 5444K, reserved 1048576K
2016-06-20T14:30:09.427+0100: 2449.298: [GC (Allocation Failure) 2016-06-20T14:30:09.427+0100: 2449.298: [ParNew
Desired survivor size 20112992 bytes, new threshold 8 (max 8)
- age   1:     237176 bytes,     237176 total
- age   2:     223128 bytes,     460304 total
- age   3:    2582744 bytes,    3043048 total
- age   4:      87608 bytes,    3130656 total
- age   5:      27968 bytes,    3158624 total
- age   6:     116664 bytes,    3275288 total
- age   7:     163248 bytes,    3438536 total
- age   8:      89072 bytes,    3527608 total
: 91746K->4293K(109248K), 0.0036965 secs] 240613K->153160K(502464K), 0.0038063 secs] [Times: user=0.00 sys=0.00, real=0.00 secs] 
Heap after GC invocations=196 (full 3):
 par new generation   total 109248K, used 4293K [0x00000000e0000000, 0x00000000e8000000, 0x00000000e8000000)
  eden space 87424K,   0% used [0x00000000e0000000, 0x00000000e0000000, 0x00000000e5560000)
  from space 21824K,  19% used [0x00000000e5560000, 0x00000000e5991688, 0x00000000e6ab0000)
  to   space 21824K,   0% used [0x00000000e6ab0000, 0x00000000e6ab0000, 0x00000000e8000000)
 concurrent mark-sweep generation total 393216K, used 148867K [0x00000000e8000000, 0x0000000100000000, 0x0000000100000000)
 Metaspace       used 48520K, capacity 49150K, committed 49444K, reserved 1093632K
  class space    used 5209K, capacity 5384K, committed 5444K, reserved 1048576K
}
2016-06-20T14:30:09.430+0100: 2449.302: Total time for which application threads were stopped: 0.0040589 seconds, Stopping threads took: 0.0000316 seconds
2016-06-20T14:30:17.433+0100: 2457.305: Total time for which application threads were stopped: 0.0001851 seconds, Stopping threads took: 0.0000438 seconds
2016-06-20T14:30:40.445+0100: 2480.316: Total time for which application threads were stopped: 0.0000983 seconds, Stopping threads took: 0.0000264 seconds
2016-06-20T14:38:47.290+0100: 2967.162: Total time for which application threads were stopped: 0.0014807 seconds, Stopping threads took: 0.0003916 seconds
2016-06-20T14:38:47.461+0100: 2967.332: Total time for which application threads were stopped: 0.0340384 seconds, Stopping threads took: 0.0000264 seconds
2016-06-20T14:38:47.513+0100: 2967.385: Total time for which application threads were stopped: 0.0001599 seconds, Stopping threads took: 0.0000261 seconds
2016-06-20T14:38:47.517+0100: 2967.389: Total time for which application threads were stopped: 0.0001105 seconds, Stopping threads took: 0.0000379 seconds
2016-06-20T14:38:48.517+0100: 2968.388: Total time for which application threads were stopped: 0.0001769 seconds, Stopping threads took: 0.0000264 seconds
2016-06-20T14:38:50.519+0100: 2970.390: Total time for which application threads were stopped: 0.0000928 seconds, Stopping threads took: 0.0000276 seconds
{Heap before GC invocations=196 (full 3):
 par new generation   total 109248K, used 91717K [0x00000000e0000000, 0x00000000e8000000, 0x00000000e8000000)
  eden space 87424K, 100% used [0x00000000e0000000, 0x00000000e5560000, 0x00000000e5560000)
  from space 21824K,  19% used [0x00000000e5560000, 0x00000000e5991688, 0x00000000e6ab0000)
  to   space 21824K,   0% used [0x00000000e6ab0000, 0x00000000e6ab0000, 0x00000000e8000000)
 concurrent mark-sweep generation total 393216K, used 148867K [0x00000000e8000000, 0x0000000100000000, 0x0000000100000000)
 Metaspace       used 48823K, capacity 49444K, committed 49700K, reserved 1093632K
  class space    used 5245K, capacity 5417K, committed 5444K, reserved 1048576K
2016-06-20T14:38:55.960+0100: 2975.831: [GC (Allocation Failure) 2016-06-20T14:38:55.960+0100: 2975.831: [ParNew
Desired survivor size 20112992 bytes, new threshold 8 (max 8)
- age   1:    1452112 bytes,    1452112 total
- age   2:      90776 bytes,    1542888 total
- age   3:     221888 bytes,    1764776 total
- age   4:    4798320 bytes,    6563096 total
- age   5:      87584 bytes,    6650680 total
- age   6:      27776 bytes,    6678456 total
- age   7:     116352 bytes,    6794808 total
- age   8:     162976 bytes,    6957784 total
: 91717K->6897K(109248K), 0.0286472 secs] 240584K->155851K(502464K), 0.0287861 secs] [Times: user=0.03 sys=0.09, real=0.03 secs] 
Heap after GC invocations=197 (full 3):
 par new generation   total 109248K, used 6897K [0x00000000e0000000, 0x00000000e8000000, 0x00000000e8000000)
  eden space 87424K,   0% used [0x00000000e0000000, 0x00000000e0000000, 0x00000000e5560000)
  from space 21824K,  31% used [0x00000000e6ab0000, 0x00000000e716c7c0, 0x00000000e8000000)
  to   space 21824K,   0% used [0x00000000e5560000, 0x00000000e5560000, 0x00000000e6ab0000)
 concurrent mark-sweep generation total 393216K, used 148954K [0x00000000e8000000, 0x0000000100000000, 0x0000000100000000)
 Metaspace       used 48823K, capacity 49444K, committed 49700K, reserved 1093632K
  class space    used 5245K, capacity 5417K, committed 5444K, reserved 1048576K
}
2016-06-20T14:38:55.989+0100: 2975.860: Total time for which application threads were stopped: 0.0291228 seconds, Stopping threads took: 0.0000292 seconds
2016-06-20T14:38:56.989+0100: 2976.860: Total time for which application threads were stopped: 0.0001342 seconds, Stopping threads took: 0.0000245 seconds
2016-06-20T14:38:57.989+0100: 2977.860: Total time for which application threads were stopped: 0.0001125 seconds, Stopping threads took: 0.0000288 seconds
{Heap before GC invocations=197 (full 3):
 par new generation   total 109248K, used 94321K [0x00000000e0000000, 0x00000000e8000000, 0x00000000e8000000)
  eden space 87424K, 100% used [0x00000000e0000000, 0x00000000e5560000, 0x00000000e5560000)
  from space 21824K,  31% used [0x00000000e6ab0000, 0x00000000e716c7c0, 0x00000000e8000000)
  to   space 21824K,   0% used [0x00000000e5560000, 0x00000000e5560000, 0x00000000e6ab0000)
 concurrent mark-sweep generation total 393216K, used 148954K [0x00000000e8000000, 0x0000000100000000, 0x0000000100000000)
 Metaspace       used 48851K, capacity 49444K, committed 49700K, reserved 1093632K
  class space    used 5245K, capacity 5417K, committed 5444K, reserved 1048576K
2016-06-20T14:38:58.780+0100: 2978.652: [GC (Allocation Failure) 2016-06-20T14:38:58.780+0100: 2978.652: [ParNew
Desired survivor size 20112992 bytes, new threshold 8 (max 8)
- age   1:    1150792 bytes,    1150792 total
- age   2:     272904 bytes,    1423696 total
- age   3:      90448 bytes,    1514144 total
- age   4:     204392 bytes,    1718536 total
- age   5:    2460632 bytes,    4179168 total
- age   6:      87272 bytes,    4266440 total
- age   7:      27440 bytes,    4293880 total
- age   8:      42488 bytes,    4336368 total
: 94321K->4837K(109248K), 0.0044260 secs] 243275K->153950K(502464K), 0.0045109 secs] [Times: user=0.00 sys=0.00, real=0.01 secs] 
Heap after GC invocations=198 (full 3):
 par new generation   total 109248K, used 4837K [0x00000000e0000000, 0x00000000e8000000, 0x00000000e8000000)
  eden space 87424K,   0% used [0x00000000e0000000, 0x00000000e0000000, 0x00000000e5560000)
  from space 21824K,  22% used [0x00000000e5560000, 0x00000000e5a196e0, 0x00000000e6ab0000)
  to   space 21824K,   0% used [0x00000000e6ab0000, 0x00000000e6ab0000, 0x00000000e8000000)
 concurrent mark-sweep generation total 393216K, used 149113K [0x00000000e8000000, 0x0000000100000000, 0x0000000100000000)
 Metaspace       used 48851K, capacity 49444K, committed 49700K, reserved 1093632K
  class space    used 5245K, capacity 5417K, committed 5444K, reserved 1048576K
}
2016-06-20T14:38:58.785+0100: 2978.657: Total time for which application threads were stopped: 0.0048642 seconds, Stopping threads took: 0.0000328 seconds
{Heap before GC invocations=198 (full 3):
 par new generation   total 109248K, used 92261K [0x00000000e0000000, 0x00000000e8000000, 0x00000000e8000000)
  eden space 87424K, 100% used [0x00000000e0000000, 0x00000000e5560000, 0x00000000e5560000)
  from space 21824K,  22% used [0x00000000e5560000, 0x00000000e5a196e0, 0x00000000e6ab0000)
  to   space 21824K,   0% used [0x00000000e6ab0000, 0x00000000e6ab0000, 0x00000000e8000000)
 concurrent mark-sweep generation total 393216K, used 149113K [0x00000000e8000000, 0x0000000100000000, 0x0000000100000000)
 Metaspace       used 48851K, capacity 49444K, committed 49700K, reserved 1093632K
  class space    used 5245K, capacity 5417K, committed 5444K, reserved 1048576K
2016-06-20T14:38:59.150+0100: 2979.022: [GC (Allocation Failure) 2016-06-20T14:38:59.150+0100: 2979.022: [ParNew
Desired survivor size 20112992 bytes, new threshold 8 (max 8)
- age   1:    1164840 bytes,    1164840 total
- age   2:      20128 bytes,    1184968 total
- age   3:     266048 bytes,    1451016 total
- age   4:      90448 bytes,    1541464 total
- age   5:     204392 bytes,    1745856 total
- age   6:    2460552 bytes,    4206408 total
- age   7:      87272 bytes,    4293680 total
- age   8:      27440 bytes,    4321120 total
: 92261K->5157K(109248K), 0.0043790 secs] 241374K->154309K(502464K), 0.0044841 secs] [Times: user=0.00 sys=0.00, real=0.00 secs] 
Heap after GC invocations=199 (full 3):
 par new generation   total 109248K, used 5157K [0x00000000e0000000, 0x00000000e8000000, 0x00000000e8000000)
  eden space 87424K,   0% used [0x00000000e0000000, 0x00000000e0000000, 0x00000000e5560000)
  from space 21824K,  23% used [0x00000000e6ab0000, 0x00000000e6fb9630, 0x00000000e8000000)
  to   space 21824K,   0% used [0x00000000e5560000, 0x00000000e5560000, 0x00000000e6ab0000)
 concurrent mark-sweep generation total 393216K, used 149151K [0x00000000e8000000, 0x0000000100000000, 0x0000000100000000)
 Metaspace       used 48851K, capacity 49444K, committed 49700K, reserved 1093632K
  class space    used 5245K, capacity 5417K, committed 5444K, reserved 1048576K
}
2016-06-20T14:38:59.155+0100: 2979.026: Total time for which application threads were stopped: 0.0047699 seconds, Stopping threads took: 0.0000347 seconds
{Heap before GC invocations=199 (full 3):
 par new generation   total 109248K, used 92581K [0x00000000e0000000, 0x00000000e8000000, 0x00000000e8000000)
  eden space 87424K, 100% used [0x00000000e0000000, 0x00000000e5560000, 0x00000000e5560000)
  from space 21824K,  23% used [0x00000000e6ab0000, 0x00000000e6fb9630, 0x00000000e8000000)
  to   space 21824K,   0% used [0x00000000e5560000, 0x00000000e5560000, 0x00000000e6ab0000)
 concurrent mark-sweep generation total 393216K, used 149151K [0x00000000e8000000, 0x0000000100000000, 0x0000000100000000)
 Metaspace       used 48851K, capacity 49444K, committed 49700K, reserved 1093632K
  class space    used 5245K, capacity 5417K, committed 5444K, reserved 1048576K
2016-06-20T14:38:59.601+0100: 2979.473: [GC (Allocation Failure) 2016-06-20T14:38:59.601+0100: 2979.473: [ParNew
Desired survivor size 20112992 bytes, new threshold 8 (max 8)
- age   1:    1263640 bytes,    1263640 total
- age   2:       3440 bytes,    1267080 total
- age   3:      17072 bytes,    1284152 total
- age   4:     266048 bytes,    1550200 total
- age   5:      90448 bytes,    1640648 total
- age   6:     204392 bytes,    1845040 total
- age   7:    2460552 bytes,    4305592 total
- age   8:      87272 bytes,    4392864 total
: 92581K->5146K(109248K), 0.0044288 secs] 241733K->154325K(502464K), 0.0045085 secs] [Times: user=0.00 sys=0.00, real=0.00 secs] 
Heap after GC invocations=200 (full 3):
 par new generation   total 109248K, used 5146K [0x00000000e0000000, 0x00000000e8000000, 0x00000000e8000000)
  eden space 87424K,   0% used [0x00000000e0000000, 0x00000000e0000000, 0x00000000e5560000)
  from space 21824K,  23% used [0x00000000e5560000, 0x00000000e5a66a90, 0x00000000e6ab0000)
  to   space 21824K,   0% used [0x00000000e6ab0000, 0x00000000e6ab0000, 0x00000000e8000000)
 concurrent mark-sweep generation total 393216K, used 149178K [0x00000000e8000000, 0x0000000100000000, 0x0000000100000000)
 Metaspace       used 48851K, capacity 49444K, committed 49700K, reserved 1093632K
  class space    used 5245K, capacity 5417K, committed 5444K, reserved 1048576K
}
2016-06-20T14:38:59.606+0100: 2979.477: Total time for which application threads were stopped: 0.0047568 seconds, Stopping threads took: 0.0000193 seconds
2016-06-20T14:39:00.606+0100: 2980.477: Total time for which application threads were stopped: 0.0000896 seconds, Stopping threads took: 0.0000257 seconds
2016-06-20T14:39:02.606+0100: 2982.477: Total time for which application threads were stopped: 0.0000774 seconds, Stopping threads took: 0.0000201 seconds
{Heap before GC invocations=200 (full 3):
 par new generation   total 109248K, used 92570K [0x00000000e0000000, 0x00000000e8000000, 0x00000000e8000000)
  eden space 87424K, 100% used [0x00000000e0000000, 0x00000000e5560000, 0x00000000e5560000)
  from space 21824K,  23% used [0x00000000e5560000, 0x00000000e5a66a90, 0x00000000e6ab0000)
  to   space 21824K,   0% used [0x00000000e6ab0000, 0x00000000e6ab0000, 0x00000000e8000000)
 concurrent mark-sweep generation total 393216K, used 149178K [0x00000000e8000000, 0x0000000100000000, 0x0000000100000000)
 Metaspace       used 48857K, capacity 49444K, committed 49700K, reserved 1093632K
  class space    used 5245K, capacity 5417K, committed 5444K, reserved 1048576K
2016-06-20T14:39:04.539+0100: 2984.410: [GC (Allocation Failure) 2016-06-20T14:39:04.539+0100: 2984.410: [ParNew
Desired survivor size 20112992 bytes, new threshold 8 (max 8)
- age   1:   16881688 bytes,   16881688 total
- age   2:       1856 bytes,   16883544 total
- age   3:        384 bytes,   16883928 total
- age   4:      14944 bytes,   16898872 total
- age   5:     266048 bytes,   17164920 total
- age   6:      90112 bytes,   17255032 total
- age   7:     204392 bytes,   17459424 total
- age   8:    2460552 bytes,   19919976 total
: 92570K->20205K(109248K), 0.0168214 secs] 241749K->169468K(502464K), 0.0169201 secs] [Times: user=0.02 sys=0.05, real=0.02 secs] 
Heap after GC invocations=201 (full 3):
 par new generation   total 109248K, used 20205K [0x00000000e0000000, 0x00000000e8000000, 0x00000000e8000000)
  eden space 87424K,   0% used [0x00000000e0000000, 0x00000000e0000000, 0x00000000e5560000)
  from space 21824K,  92% used [0x00000000e6ab0000, 0x00000000e7e6b430, 0x00000000e8000000)
  to   space 21824K,   0% used [0x00000000e5560000, 0x00000000e5560000, 0x00000000e6ab0000)
 concurrent mark-sweep generation total 393216K, used 149263K [0x00000000e8000000, 0x0000000100000000, 0x0000000100000000)
 Metaspace       used 48857K, capacity 49444K, committed 49700K, reserved 1093632K
  class space    used 5245K, capacity 5417K, committed 5444K, reserved 1048576K
}
2016-06-20T14:39:04.556+0100: 2984.427: Total time for which application threads were stopped: 0.0172280 seconds, Stopping threads took: 0.0000336 seconds
{Heap before GC invocations=201 (full 3):
 par new generation   total 109248K, used 107629K [0x00000000e0000000, 0x00000000e8000000, 0x00000000e8000000)
  eden space 87424K, 100% used [0x00000000e0000000, 0x00000000e5560000, 0x00000000e5560000)
  from space 21824K,  92% used [0x00000000e6ab0000, 0x00000000e7e6b430, 0x00000000e8000000)
  to   space 21824K,   0% used [0x00000000e5560000, 0x00000000e5560000, 0x00000000e6ab0000)
 concurrent mark-sweep generation total 393216K, used 149263K [0x00000000e8000000, 0x0000000100000000, 0x0000000100000000)
 Metaspace       used 48857K, capacity 49444K, committed 49700K, reserved 1093632K
  class space    used 5245K, capacity 5417K, committed 5444K, reserved 1048576K
2016-06-20T14:39:04.918+0100: 2984.790: [GC (Allocation Failure) 2016-06-20T14:39:04.918+0100: 2984.790: [ParNew
Desired survivor size 20112992 bytes, new threshold 2 (max 8)
- age   1:    4748040 bytes,    4748040 total
- age   2:   16721320 bytes,   21469360 total
- age   3:        432 bytes,   21469792 total
- age   4:        384 bytes,   21470176 total
- age   5:      14944 bytes,   21485120 total
- age   6:     266048 bytes,   21751168 total
- age   7:      90112 bytes,   21841280 total
- age   8:     204392 bytes,   22045672 total
: 107629K->21824K(109248K), 0.0273851 secs] 256892K->174670K(502464K), 0.0274609 secs] [Times: user=0.05 sys=0.08, real=0.03 secs] 
Heap after GC invocations=202 (full 3):
 par new generation   total 109248K, used 21824K [0x00000000e0000000, 0x00000000e8000000, 0x00000000e8000000)
  eden space 87424K,   0% used [0x00000000e0000000, 0x00000000e0000000, 0x00000000e5560000)
  from space 21824K, 100% used [0x00000000e5560000, 0x00000000e6ab0000, 0x00000000e6ab0000)
  to   space 21824K,   0% used [0x00000000e6ab0000, 0x00000000e6ab0000, 0x00000000e8000000)
 concurrent mark-sweep generation total 393216K, used 152846K [0x00000000e8000000, 0x0000000100000000, 0x0000000100000000)
 Metaspace       used 48857K, capacity 49444K, committed 49700K, reserved 1093632K
  class space    used 5245K, capacity 5417K, committed 5444K, reserved 1048576K
}
2016-06-20T14:39:04.946+0100: 2984.817: Total time for which application threads were stopped: 0.0276994 seconds, Stopping threads took: 0.0000229 seconds
{Heap before GC invocations=202 (full 3):
 par new generation   total 109248K, used 109248K [0x00000000e0000000, 0x00000000e8000000, 0x00000000e8000000)
  eden space 87424K, 100% used [0x00000000e0000000, 0x00000000e5560000, 0x00000000e5560000)
  from space 21824K, 100% used [0x00000000e5560000, 0x00000000e6ab0000, 0x00000000e6ab0000)
  to   space 21824K,   0% used [0x00000000e6ab0000, 0x00000000e6ab0000, 0x00000000e8000000)
 concurrent mark-sweep generation total 393216K, used 152846K [0x00000000e8000000, 0x0000000100000000, 0x0000000100000000)
 Metaspace       used 48857K, capacity 49444K, committed 49700K, reserved 1093632K
  class space    used 5245K, capacity 5417K, committed 5444K, reserved 1048576K
2016-06-20T14:39:05.215+0100: 2985.086: [GC (Allocation Failure) 2016-06-20T14:39:05.215+0100: 2985.086: [ParNew
Desired survivor size 20112992 bytes, new threshold 8 (max 8)
- age   1:    2003016 bytes,    2003016 total
- age   2:    4152248 bytes,    6155264 total
: 109248K->19449K(109248K), 0.0350620 secs] 262094K->189172K(502464K), 0.0351318 secs] [Times: user=0.11 sys=0.02, real=0.04 secs] 
Heap after GC invocations=203 (full 3):
 par new generation   total 109248K, used 19449K [0x00000000e0000000, 0x00000000e8000000, 0x00000000e8000000)
  eden space 87424K,   0% used [0x00000000e0000000, 0x00000000e0000000, 0x00000000e5560000)
  from space 21824K,  89% used [0x00000000e6ab0000, 0x00000000e7dae5e0, 0x00000000e8000000)
  to   space 21824K,   0% used [0x00000000e5560000, 0x00000000e5560000, 0x00000000e6ab0000)
 concurrent mark-sweep generation total 393216K, used 169722K [0x00000000e8000000, 0x0000000100000000, 0x0000000100000000)
 Metaspace       used 48857K, capacity 49444K, committed 49700K, reserved 1093632K
  class space    used 5245K, capacity 5417K, committed 5444K, reserved 1048576K
}
2016-06-20T14:39:05.250+0100: 2985.122: Total time for which application threads were stopped: 0.0354011 seconds, Stopping threads took: 0.0000347 seconds
{Heap before GC invocations=203 (full 3):
 par new generation   total 109248K, used 106873K [0x00000000e0000000, 0x00000000e8000000, 0x00000000e8000000)
  eden space 87424K, 100% used [0x00000000e0000000, 0x00000000e5560000, 0x00000000e5560000)
  from space 21824K,  89% used [0x00000000e6ab0000, 0x00000000e7dae5e0, 0x00000000e8000000)
  to   space 21824K,   0% used [0x00000000e5560000, 0x00000000e5560000, 0x00000000e6ab0000)
 concurrent mark-sweep generation total 393216K, used 169722K [0x00000000e8000000, 0x0000000100000000, 0x0000000100000000)
 Metaspace       used 48857K, capacity 49444K, committed 49700K, reserved 1093632K
  class space    used 5245K, capacity 5417K, committed 5444K, reserved 1048576K
2016-06-20T14:39:05.493+0100: 2985.364: [GC (Allocation Failure) 2016-06-20T14:39:05.493+0100: 2985.364: [ParNew
Desired survivor size 20112992 bytes, new threshold 8 (max 8)
- age   1:    1864512 bytes,    1864512 total
- age   2:     785312 bytes,    2649824 total
- age   3:    4168688 bytes,    6818512 total
: 106873K->9124K(109248K), 0.0048887 secs] 276596K->178847K(502464K), 0.0049736 secs] [Times: user=0.00 sys=0.00, real=0.00 secs] 
Heap after GC invocations=204 (full 3):
 par new generation   total 109248K, used 9124K [0x00000000e0000000, 0x00000000e8000000, 0x00000000e8000000)
  eden space 87424K,   0% used [0x00000000e0000000, 0x00000000e0000000, 0x00000000e5560000)
  from space 21824K,  41% used [0x00000000e5560000, 0x00000000e5e49290, 0x00000000e6ab0000)
  to   space 21824K,   0% used [0x00000000e6ab0000, 0x00000000e6ab0000, 0x00000000e8000000)
 concurrent mark-sweep generation total 393216K, used 169722K [0x00000000e8000000, 0x0000000100000000, 0x0000000100000000)
 Metaspace       used 48857K, capacity 49444K, committed 49700K, reserved 1093632K
  class space    used 5245K, capacity 5417K, committed 5444K, reserved 1048576K
}
2016-06-20T14:39:05.498+0100: 2985.369: Total time for which application threads were stopped: 0.0052301 seconds, Stopping threads took: 0.0000336 seconds
{Heap before GC invocations=204 (full 3):
 par new generation   total 109248K, used 96548K [0x00000000e0000000, 0x00000000e8000000, 0x00000000e8000000)
  eden space 87424K, 100% used [0x00000000e0000000, 0x00000000e5560000, 0x00000000e5560000)
  from space 21824K,  41% used [0x00000000e5560000, 0x00000000e5e49290, 0x00000000e6ab0000)
  to   space 21824K,   0% used [0x00000000e6ab0000, 0x00000000e6ab0000, 0x00000000e8000000)
 concurrent mark-sweep generation total 393216K, used 169722K [0x00000000e8000000, 0x0000000100000000, 0x0000000100000000)
 Metaspace       used 48857K, capacity 49444K, committed 49700K, reserved 1093632K
  class space    used 5245K, capacity 5417K, committed 5444K, reserved 1048576K
2016-06-20T14:39:05.778+0100: 2985.649: [GC (Allocation Failure) 2016-06-20T14:39:05.778+0100: 2985.649: [ParNew
Desired survivor size 20112992 bytes, new threshold 8 (max 8)
- age   1:    1563104 bytes,    1563104 total
- age   2:    1541520 bytes,    3104624 total
- age   3:     785312 bytes,    3889936 total
- age   4:    4149896 bytes,    8039832 total
: 96548K->8872K(109248K), 0.0041122 secs] 266271K->178595K(502464K), 0.0042077 secs] [Times: user=0.06 sys=0.00, real=0.00 secs] 
Heap after GC invocations=205 (full 3):
 par new generation   total 109248K, used 8872K [0x00000000e0000000, 0x00000000e8000000, 0x00000000e8000000)
  eden space 87424K,   0% used [0x00000000e0000000, 0x00000000e0000000, 0x00000000e5560000)
  from space 21824K,  40% used [0x00000000e6ab0000, 0x00000000e735a200, 0x00000000e8000000)
  to   space 21824K,   0% used [0x00000000e5560000, 0x00000000e5560000, 0x00000000e6ab0000)
 concurrent mark-sweep generation total 393216K, used 169722K [0x00000000e8000000, 0x0000000100000000, 0x0000000100000000)
 Metaspace       used 48857K, capacity 49444K, committed 49700K, reserved 1093632K
  class space    used 5245K, capacity 5417K, committed 5444K, reserved 1048576K
}
2016-06-20T14:39:05.782+0100: 2985.653: Total time for which application threads were stopped: 0.0044746 seconds, Stopping threads took: 0.0000320 seconds
{Heap before GC invocations=205 (full 3):
 par new generation   total 109248K, used 96244K [0x00000000e0000000, 0x00000000e8000000, 0x00000000e8000000)
  eden space 87424K,  99% used [0x00000000e0000000, 0x00000000e5552ea0, 0x00000000e5560000)
  from space 21824K,  40% used [0x00000000e6ab0000, 0x00000000e735a200, 0x00000000e8000000)
  to   space 21824K,   0% used [0x00000000e5560000, 0x00000000e5560000, 0x00000000e6ab0000)
 concurrent mark-sweep generation total 393216K, used 169722K [0x00000000e8000000, 0x0000000100000000, 0x0000000100000000)
 Metaspace       used 48857K, capacity 49444K, committed 49700K, reserved 1093632K
  class space    used 5245K, capacity 5417K, committed 5444K, reserved 1048576K
2016-06-20T14:39:07.368+0100: 2987.240: [GC (Allocation Failure) 2016-06-20T14:39:07.368+0100: 2987.240: [ParNew
Desired survivor size 20112992 bytes, new threshold 8 (max 8)
- age   1:    2461208 bytes,    2461208 total
- age   2:      25784 bytes,    2486992 total
- age   3:      30760 bytes,    2517752 total
- age   4:      28336 bytes,    2546088 total
- age   5:     321624 bytes,    2867712 total
: 96244K->7756K(109248K), 0.0039949 secs] 265966K->177479K(502464K), 0.0041307 secs] [Times: user=0.00 sys=0.00, real=0.00 secs] 
Heap after GC invocations=206 (full 3):
 par new generation   total 109248K, used 7756K [0x00000000e0000000, 0x00000000e8000000, 0x00000000e8000000)
  eden space 87424K,   0% used [0x00000000e0000000, 0x00000000e0000000, 0x00000000e5560000)
  from space 21824K,  35% used [0x00000000e5560000, 0x00000000e5cf32b8, 0x00000000e6ab0000)
  to   space 21824K,   0% used [0x00000000e6ab0000, 0x00000000e6ab0000, 0x00000000e8000000)
 concurrent mark-sweep generation total 393216K, used 169722K [0x00000000e8000000, 0x0000000100000000, 0x0000000100000000)
 Metaspace       used 48857K, capacity 49444K, committed 49700K, reserved 1093632K
  class space    used 5245K, capacity 5417K, committed 5444K, reserved 1048576K
}
2016-06-20T14:39:07.372+0100: 2987.244: Total time for which application threads were stopped: 0.0044075 seconds, Stopping threads took: 0.0000272 seconds
2016-06-20T14:39:08.373+0100: 2988.244: Total time for which application threads were stopped: 0.0000987 seconds, Stopping threads took: 0.0000304 seconds
2016-06-20T14:39:18.377+0100: 2998.248: Total time for which application threads were stopped: 0.0001496 seconds, Stopping threads took: 0.0000304 seconds
2016-06-20T14:39:19.377+0100: 2999.248: Total time for which application threads were stopped: 0.0000711 seconds, Stopping threads took: 0.0000213 seconds
{Heap before GC invocations=206 (full 3):
 par new generation   total 109248K, used 95180K [0x00000000e0000000, 0x00000000e8000000, 0x00000000e8000000)
  eden space 87424K, 100% used [0x00000000e0000000, 0x00000000e5560000, 0x00000000e5560000)
  from space 21824K,  35% used [0x00000000e5560000, 0x00000000e5cf32b8, 0x00000000e6ab0000)
  to   space 21824K,   0% used [0x00000000e6ab0000, 0x00000000e6ab0000, 0x00000000e8000000)
 concurrent mark-sweep generation total 393216K, used 169722K [0x00000000e8000000, 0x0000000100000000, 0x0000000100000000)
 Metaspace       used 48857K, capacity 49444K, committed 49700K, reserved 1093632K
  class space    used 5245K, capacity 5417K, committed 5444K, reserved 1048576K
2016-06-20T14:39:22.182+0100: 3002.053: [GC (Allocation Failure) 2016-06-20T14:39:22.182+0100: 3002.053: [ParNew
Desired survivor size 20112992 bytes, new threshold 8 (max 8)
- age   1:    8719408 bytes,    8719408 total
- age   2:    2303120 bytes,   11022528 total
- age   3:      25784 bytes,   11048312 total
- age   4:      30720 bytes,   11079032 total
- age   5:      28336 bytes,   11107368 total
- age   6:     321624 bytes,   11428992 total
: 95180K->12051K(109248K), 0.0075253 secs] 264903K->181774K(502464K), 0.0076090 secs] [Times: user=0.06 sys=0.00, real=0.01 secs] 
Heap after GC invocations=207 (full 3):
 par new generation   total 109248K, used 12051K [0x00000000e0000000, 0x00000000e8000000, 0x00000000e8000000)
  eden space 87424K,   0% used [0x00000000e0000000, 0x00000000e0000000, 0x00000000e5560000)
  from space 21824K,  55% used [0x00000000e6ab0000, 0x00000000e7674da8, 0x00000000e8000000)
  to   space 21824K,   0% used [0x00000000e5560000, 0x00000000e5560000, 0x00000000e6ab0000)
 concurrent mark-sweep generation total 393216K, used 169722K [0x00000000e8000000, 0x0000000100000000, 0x0000000100000000)
 Metaspace       used 48857K, capacity 49444K, committed 49700K, reserved 1093632K
  class space    used 5245K, capacity 5417K, committed 5444K, reserved 1048576K
}
2016-06-20T14:39:22.189+0100: 3002.061: Total time for which application threads were stopped: 0.0078486 seconds, Stopping threads took: 0.0000249 seconds
{Heap before GC invocations=207 (full 3):
 par new generation   total 109248K, used 99475K [0x00000000e0000000, 0x00000000e8000000, 0x00000000e8000000)
  eden space 87424K, 100% used [0x00000000e0000000, 0x00000000e5560000, 0x00000000e5560000)
  from space 21824K,  55% used [0x00000000e6ab0000, 0x00000000e7674da8, 0x00000000e8000000)
  to   space 21824K,   0% used [0x00000000e5560000, 0x00000000e5560000, 0x00000000e6ab0000)
 concurrent mark-sweep generation total 393216K, used 169722K [0x00000000e8000000, 0x0000000100000000, 0x0000000100000000)
 Metaspace       used 48857K, capacity 49444K, committed 49700K, reserved 1093632K
  class space    used 5245K, capacity 5417K, committed 5444K, reserved 1048576K
2016-06-20T14:39:22.559+0100: 3002.430: [GC (Allocation Failure) 2016-06-20T14:39:22.559+0100: 3002.430: [ParNew
Desired survivor size 20112992 bytes, new threshold 3 (max 8)
- age   1:   15543720 bytes,   15543720 total
- age   2:    4035224 bytes,   19578944 total
- age   3:    2303120 bytes,   21882064 total
- age   4:      25784 bytes,   21907848 total
- age   5:      30720 bytes,   21938568 total
- age   6:      28336 bytes,   21966904 total
- age   7:     321624 bytes,   22288528 total
: 99475K->21824K(109248K), 0.0556837 secs] 269198K->209675K(502464K), 0.0558487 secs] [Times: user=0.16 sys=0.06, real=0.06 secs] 
Heap after GC invocations=208 (full 3):
 par new generation   total 109248K, used 21824K [0x00000000e0000000, 0x00000000e8000000, 0x00000000e8000000)
  eden space 87424K,   0% used [0x00000000e0000000, 0x00000000e0000000, 0x00000000e5560000)
  from space 21824K, 100% used [0x00000000e5560000, 0x00000000e6ab0000, 0x00000000e6ab0000)
  to   space 21824K,   0% used [0x00000000e6ab0000, 0x00000000e6ab0000, 0x00000000e8000000)
 concurrent mark-sweep generation total 393216K, used 187851K [0x00000000e8000000, 0x0000000100000000, 0x0000000100000000)
 Metaspace       used 48857K, capacity 49444K, committed 49700K, reserved 1093632K
  class space    used 5245K, capacity 5417K, committed 5444K, reserved 1048576K
}
2016-06-20T14:39:22.615+0100: 3002.486: Total time for which application threads were stopped: 0.0561626 seconds, Stopping threads took: 0.0000308 seconds
{Heap before GC invocations=208 (full 3):
 par new generation   total 109248K, used 109248K [0x00000000e0000000, 0x00000000e8000000, 0x00000000e8000000)
  eden space 87424K, 100% used [0x00000000e0000000, 0x00000000e5560000, 0x00000000e5560000)
  from space 21824K, 100% used [0x00000000e5560000, 0x00000000e6ab0000, 0x00000000e6ab0000)
  to   space 21824K,   0% used [0x00000000e6ab0000, 0x00000000e6ab0000, 0x00000000e8000000)
 concurrent mark-sweep generation total 393216K, used 187851K [0x00000000e8000000, 0x0000000100000000, 0x0000000100000000)
 Metaspace       used 48857K, capacity 49444K, committed 49700K, reserved 1093632K
  class space    used 5245K, capacity 5417K, committed 5444K, reserved 1048576K
2016-06-20T14:39:22.894+0100: 3002.766: [GC (Allocation Failure) 2016-06-20T14:39:22.894+0100: 3002.766: [ParNew
Desired survivor size 20112992 bytes, new threshold 2 (max 8)
- age   1:    8495824 bytes,    8495824 total
- age   2:   12192880 bytes,   20688704 total
- age   3:    1631784 bytes,   22320488 total
: 109248K->21824K(109248K), 0.0482812 secs] 297099K->226487K(502464K), 0.0483712 secs] [Times: user=0.13 sys=0.05, real=0.05 secs] 
Heap after GC invocations=209 (full 3):
 par new generation   total 109248K, used 21824K [0x00000000e0000000, 0x00000000e8000000, 0x00000000e8000000)
  eden space 87424K,   0% used [0x00000000e0000000, 0x00000000e0000000, 0x00000000e5560000)
  from space 21824K, 100% used [0x00000000e6ab0000, 0x00000000e8000000, 0x00000000e8000000)
  to   space 21824K,   0% used [0x00000000e5560000, 0x00000000e5560000, 0x00000000e6ab0000)
 concurrent mark-sweep generation total 393216K, used 204663K [0x00000000e8000000, 0x0000000100000000, 0x0000000100000000)
 Metaspace       used 48857K, capacity 49444K, committed 49700K, reserved 1093632K
  class space    used 5245K, capacity 5417K, committed 5444K, reserved 1048576K
}
2016-06-20T14:39:22.943+0100: 3002.814: Total time for which application threads were stopped: 0.0487719 seconds, Stopping threads took: 0.0000296 seconds
2016-06-20T14:39:22.944+0100: 3002.815: [GC (CMS Initial Mark) [1 CMS-initial-mark: 204663K(393216K)] 226487K(502464K), 0.0049104 secs] [Times: user=0.00 sys=0.00, real=0.00 secs] 
2016-06-20T14:39:22.949+0100: 3002.820: Total time for which application threads were stopped: 0.0050738 seconds, Stopping threads took: 0.0000371 seconds
2016-06-20T14:39:22.949+0100: 3002.820: [CMS-concurrent-mark-start]
2016-06-20T14:39:22.999+0100: 3002.870: [CMS-concurrent-mark: 0.050/0.050 secs] [Times: user=0.16 sys=0.02, real=0.05 secs] 
2016-06-20T14:39:22.999+0100: 3002.870: [CMS-concurrent-preclean-start]
2016-06-20T14:39:23.001+0100: 3002.872: [CMS-concurrent-preclean: 0.002/0.002 secs] [Times: user=0.00 sys=0.00, real=0.00 secs] 
2016-06-20T14:39:23.002+0100: 3002.873: [GC (CMS Final Remark) [YG occupancy: 22975 K (109248 K)]{Heap before GC invocations=209 (full 4):
 par new generation   total 109248K, used 22975K [0x00000000e0000000, 0x00000000e8000000, 0x00000000e8000000)
  eden space 87424K,   1% used [0x00000000e0000000, 0x00000000e011ffd8, 0x00000000e5560000)
  from space 21824K, 100% used [0x00000000e6ab0000, 0x00000000e8000000, 0x00000000e8000000)
  to   space 21824K,   0% used [0x00000000e5560000, 0x00000000e5560000, 0x00000000e6ab0000)
 concurrent mark-sweep generation total 393216K, used 204663K [0x00000000e8000000, 0x0000000100000000, 0x0000000100000000)
 Metaspace       used 48857K, capacity 49444K, committed 49700K, reserved 1093632K
  class space    used 5245K, capacity 5417K, committed 5444K, reserved 1048576K
2016-06-20T14:39:23.002+0100: 3002.873: [GC (CMS Final Remark) 2016-06-20T14:39:23.002+0100: 3002.873: [ParNew
Desired survivor size 20112992 bytes, new threshold 8 (max 8)
- age   1:     137496 bytes,     137496 total
- age   2:    8497928 bytes,    8635424 total
: 22975K->20874K(109248K), 0.0312040 secs] 227639K->239038K(502464K), 0.0312774 secs] [Times: user=0.06 sys=0.02, real=0.03 secs] 
Heap after GC invocations=210 (full 4):
 par new generation   total 109248K, used 20874K [0x00000000e0000000, 0x00000000e8000000, 0x00000000e8000000)
  eden space 87424K,   0% used [0x00000000e0000000, 0x00000000e0000000, 0x00000000e5560000)
  from space 21824K,  95% used [0x00000000e5560000, 0x00000000e69c2960, 0x00000000e6ab0000)
  to   space 21824K,   0% used [0x00000000e6ab0000, 0x00000000e6ab0000, 0x00000000e8000000)
 concurrent mark-sweep generation total 393216K, used 218163K [0x00000000e8000000, 0x0000000100000000, 0x0000000100000000)
 Metaspace       used 48857K, capacity 49444K, committed 49700K, reserved 1093632K
  class space    used 5245K, capacity 5417K, committed 5444K, reserved 1048576K
}
2016-06-20T14:39:23.033+0100: 3002.905: [Rescan (parallel) , 0.0101954 secs]2016-06-20T14:39:23.044+0100: 3002.915: [weak refs processing, 0.0060501 secs]2016-06-20T14:39:23.050+0100: 3002.921: [class unloading, 0.0551192 secs]2016-06-20T14:39:23.105+0100: 3002.976: [scrub symbol table, 0.0181699 secs]2016-06-20T14:39:23.123+0100: 3002.994: [scrub string table, 0.0014424 secs][1 CMS-remark: 218163K(393216K)] 239038K(502464K), 0.1237387 secs] [Times: user=0.26 sys=0.03, real=0.12 secs] 
2016-06-20T14:39:23.126+0100: 3002.997: Total time for which application threads were stopped: 0.1244185 seconds, Stopping threads took: 0.0004544 seconds
2016-06-20T14:39:23.189+0100: 3003.061: [CMS-concurrent-sweep-start]
2016-06-20T14:39:23.369+0100: 3003.240: [CMS-concurrent-sweep: 0.180/0.180 secs] [Times: user=0.28 sys=0.13, real=0.18 secs] 
2016-06-20T14:39:23.369+0100: 3003.241: [CMS-concurrent-reset-start]
2016-06-20T14:39:23.371+0100: 3003.242: [CMS-concurrent-reset: 0.001/0.001 secs] [Times: user=0.00 sys=0.00, real=0.00 secs] 
2016-06-20T14:39:24.126+0100: 3003.997: Total time for which application threads were stopped: 0.0002550 seconds, Stopping threads took: 0.0000458 seconds
{Heap before GC invocations=210 (full 4):
 par new generation   total 109248K, used 108298K [0x00000000e0000000, 0x00000000e8000000, 0x00000000e8000000)
  eden space 87424K, 100% used [0x00000000e0000000, 0x00000000e5560000, 0x00000000e5560000)
  from space 21824K,  95% used [0x00000000e5560000, 0x00000000e69c2960, 0x00000000e6ab0000)
  to   space 21824K,   0% used [0x00000000e6ab0000, 0x00000000e6ab0000, 0x00000000e8000000)
 concurrent mark-sweep generation total 393216K, used 78200K [0x00000000e8000000, 0x0000000100000000, 0x0000000100000000)
 Metaspace       used 48838K, capacity 49414K, committed 49700K, reserved 1093632K
  class space    used 5242K, capacity 5412K, committed 5444K, reserved 1048576K
2016-06-20T14:39:24.171+0100: 3004.043: [GC (Allocation Failure) 2016-06-20T14:39:24.171+0100: 3004.043: [ParNew
Desired survivor size 20112992 bytes, new threshold 8 (max 8)
- age   1:     896880 bytes,     896880 total
- age   2:       8432 bytes,     905312 total
- age   3:    8495648 bytes,    9400960 total
: 108298K->12966K(109248K), 0.0068806 secs] 186498K->91166K(502464K), 0.0069726 secs] [Times: user=0.00 sys=0.00, real=0.01 secs] 
Heap after GC invocations=211 (full 4):
 par new generation   total 109248K, used 12966K [0x00000000e0000000, 0x00000000e8000000, 0x00000000e8000000)
  eden space 87424K,   0% used [0x00000000e0000000, 0x00000000e0000000, 0x00000000e5560000)
  from space 21824K,  59% used [0x00000000e6ab0000, 0x00000000e7759980, 0x00000000e8000000)
  to   space 21824K,   0% used [0x00000000e5560000, 0x00000000e5560000, 0x00000000e6ab0000)
 concurrent mark-sweep generation total 393216K, used 78200K [0x00000000e8000000, 0x0000000100000000, 0x0000000100000000)
 Metaspace       used 48838K, capacity 49414K, committed 49700K, reserved 1093632K
  class space    used 5242K, capacity 5412K, committed 5444K, reserved 1048576K
}
2016-06-20T14:39:24.178+0100: 3004.050: Total time for which application threads were stopped: 0.0073255 seconds, Stopping threads took: 0.0000387 seconds
{Heap before GC invocations=211 (full 4):
 par new generation   total 109248K, used 100390K [0x00000000e0000000, 0x00000000e8000000, 0x00000000e8000000)
  eden space 87424K, 100% used [0x00000000e0000000, 0x00000000e5560000, 0x00000000e5560000)
  from space 21824K,  59% used [0x00000000e6ab0000, 0x00000000e7759980, 0x00000000e8000000)
  to   space 21824K,   0% used [0x00000000e5560000, 0x00000000e5560000, 0x00000000e6ab0000)
 concurrent mark-sweep generation total 393216K, used 78200K [0x00000000e8000000, 0x0000000100000000, 0x0000000100000000)
 Metaspace       used 48838K, capacity 49414K, committed 49700K, reserved 1093632K
  class space    used 5242K, capacity 5412K, committed 5444K, reserved 1048576K
2016-06-20T14:39:24.745+0100: 3004.616: [GC (Allocation Failure) 2016-06-20T14:39:24.745+0100: 3004.616: [ParNew
Desired survivor size 20112992 bytes, new threshold 8 (max 8)
- age   1:    1484544 bytes,    1484544 total
- age   2:     227408 bytes,    1711952 total
- age   3:       8432 bytes,    1720384 total
- age   4:    8544968 bytes,   10265352 total
: 100390K->13362K(109248K), 0.0063193 secs] 178590K->91563K(502464K), 0.0064128 secs] [Times: user=0.06 sys=0.00, real=0.01 secs] 
Heap after GC invocations=212 (full 4):
 par new generation   total 109248K, used 13362K [0x00000000e0000000, 0x00000000e8000000, 0x00000000e8000000)
  eden space 87424K,   0% used [0x00000000e0000000, 0x00000000e0000000, 0x00000000e5560000)
  from space 21824K,  61% used [0x00000000e5560000, 0x00000000e626cb60, 0x00000000e6ab0000)
  to   space 21824K,   0% used [0x00000000e6ab0000, 0x00000000e6ab0000, 0x00000000e8000000)
 concurrent mark-sweep generation total 393216K, used 78200K [0x00000000e8000000, 0x0000000100000000, 0x0000000100000000)
 Metaspace       used 48838K, capacity 49414K, committed 49700K, reserved 1093632K
  class space    used 5242K, capacity 5412K, committed 5444K, reserved 1048576K
}
2016-06-20T14:39:24.751+0100: 3004.622: Total time for which application threads were stopped: 0.0066718 seconds, Stopping threads took: 0.0000292 seconds
{Heap before GC invocations=212 (full 4):
 par new generation   total 109248K, used 100786K [0x00000000e0000000, 0x00000000e8000000, 0x00000000e8000000)
  eden space 87424K, 100% used [0x00000000e0000000, 0x00000000e5560000, 0x00000000e5560000)
  from space 21824K,  61% used [0x00000000e5560000, 0x00000000e626cb60, 0x00000000e6ab0000)
  to   space 21824K,   0% used [0x00000000e6ab0000, 0x00000000e6ab0000, 0x00000000e8000000)
 concurrent mark-sweep generation total 393216K, used 78200K [0x00000000e8000000, 0x0000000100000000, 0x0000000100000000)
 Metaspace       used 48838K, capacity 49414K, committed 49700K, reserved 1093632K
  class space    used 5242K, capacity 5412K, committed 5444K, reserved 1048576K
2016-06-20T14:39:25.073+0100: 3004.944: [GC (Allocation Failure) 2016-06-20T14:39:25.073+0100: 3004.944: [ParNew
Desired survivor size 20112992 bytes, new threshold 8 (max 8)
- age   1:    1266240 bytes,    1266240 total
- age   2:    1195096 bytes,    2461336 total
- age   3:     227408 bytes,    2688744 total
- age   4:       8432 bytes,    2697176 total
- age   5:    8561368 bytes,   11258544 total
: 100786K->13043K(109248K), 0.0071656 secs] 178987K->91243K(502464K), 0.0072675 secs] [Times: user=0.06 sys=0.00, real=0.01 secs] 
Heap after GC invocations=213 (full 4):
 par new generation   total 109248K, used 13043K [0x00000000e0000000, 0x00000000e8000000, 0x00000000e8000000)
  eden space 87424K,   0% used [0x00000000e0000000, 0x00000000e0000000, 0x00000000e5560000)
  from space 21824K,  59% used [0x00000000e6ab0000, 0x00000000e776cd00, 0x00000000e8000000)
  to   space 21824K,   0% used [0x00000000e5560000, 0x00000000e5560000, 0x00000000e6ab0000)
 concurrent mark-sweep generation total 393216K, used 78200K [0x00000000e8000000, 0x0000000100000000, 0x0000000100000000)
 Metaspace       used 48838K, capacity 49414K, committed 49700K, reserved 1093632K
  class space    used 5242K, capacity 5412K, committed 5444K, reserved 1048576K
}
2016-06-20T14:39:25.080+0100: 3004.951: Total time for which application threads were stopped: 0.0075979 seconds, Stopping threads took: 0.0000872 seconds
{Heap before GC invocations=213 (full 4):
 par new generation   total 109248K, used 100467K [0x00000000e0000000, 0x00000000e8000000, 0x00000000e8000000)
  eden space 87424K, 100% used [0x00000000e0000000, 0x00000000e5560000, 0x00000000e5560000)
  from space 21824K,  59% used [0x00000000e6ab0000, 0x00000000e776cd00, 0x00000000e8000000)
  to   space 21824K,   0% used [0x00000000e5560000, 0x00000000e5560000, 0x00000000e6ab0000)
 concurrent mark-sweep generation total 393216K, used 78200K [0x00000000e8000000, 0x0000000100000000, 0x0000000100000000)
 Metaspace       used 48838K, capacity 49414K, committed 49700K, reserved 1093632K
  class space    used 5242K, capacity 5412K, committed 5444K, reserved 1048576K
2016-06-20T14:39:25.469+0100: 3005.340: [GC (Allocation Failure) 2016-06-20T14:39:25.469+0100: 3005.340: [ParNew
Desired survivor size 20112992 bytes, new threshold 8 (max 8)
- age   1:    2498112 bytes,    2498112 total
- age   2:     770552 bytes,    3268664 total
- age   3:     506864 bytes,    3775528 total
- age   4:     227368 bytes,    4002896 total
- age   5:       8432 bytes,    4011328 total
- age   6:    8495648 bytes,   12506976 total
: 100467K->15483K(109248K), 0.0077333 secs] 178667K->93683K(502464K), 0.0078320 secs] [Times: user=0.00 sys=0.00, real=0.01 secs] 
Heap after GC invocations=214 (full 4):
 par new generation   total 109248K, used 15483K [0x00000000e0000000, 0x00000000e8000000, 0x00000000e8000000)
  eden space 87424K,   0% used [0x00000000e0000000, 0x00000000e0000000, 0x00000000e5560000)
  from space 21824K,  70% used [0x00000000e5560000, 0x00000000e647ed40, 0x00000000e6ab0000)
  to   space 21824K,   0% used [0x00000000e6ab0000, 0x00000000e6ab0000, 0x00000000e8000000)
 concurrent mark-sweep generation total 393216K, used 78200K [0x00000000e8000000, 0x0000000100000000, 0x0000000100000000)
 Metaspace       used 48838K, capacity 49414K, committed 49700K, reserved 1093632K
  class space    used 5242K, capacity 5412K, committed 5444K, reserved 1048576K
}
2016-06-20T14:39:25.477+0100: 3005.348: Total time for which application threads were stopped: 0.0081217 seconds, Stopping threads took: 0.0000284 seconds
{Heap before GC invocations=214 (full 4):
 par new generation   total 109248K, used 102907K [0x00000000e0000000, 0x00000000e8000000, 0x00000000e8000000)
  eden space 87424K, 100% used [0x00000000e0000000, 0x00000000e5560000, 0x00000000e5560000)
  from space 21824K,  70% used [0x00000000e5560000, 0x00000000e647ed40, 0x00000000e6ab0000)
  to   space 21824K,   0% used [0x00000000e6ab0000, 0x00000000e6ab0000, 0x00000000e8000000)
 concurrent mark-sweep generation total 393216K, used 78200K [0x00000000e8000000, 0x0000000100000000, 0x0000000100000000)
 Metaspace       used 48838K, capacity 49414K, committed 49700K, reserved 1093632K
  class space    used 5242K, capacity 5412K, committed 5444K, reserved 1048576K
2016-06-20T14:39:25.717+0100: 3005.589: [GC (Allocation Failure) 2016-06-20T14:39:25.717+0100: 3005.589: [ParNew
Desired survivor size 20112992 bytes, new threshold 8 (max 8)
- age   1:    1111024 bytes,    1111024 total
- age   2:    2237760 bytes,    3348784 total
- age   3:     770552 bytes,    4119336 total
- age   4:     474064 bytes,    4593400 total
- age   5:     227368 bytes,    4820768 total
- age   6:       8432 bytes,    4829200 total
- age   7:    8495648 bytes,   13324848 total
: 102907K->15749K(109248K), 0.0092772 secs] 181107K->93949K(502464K), 0.0093680 secs] [Times: user=0.05 sys=0.00, real=0.01 secs] 
Heap after GC invocations=215 (full 4):
 par new generation   total 109248K, used 15749K [0x00000000e0000000, 0x00000000e8000000, 0x00000000e8000000)
  eden space 87424K,   0% used [0x00000000e0000000, 0x00000000e0000000, 0x00000000e5560000)
  from space 21824K,  72% used [0x00000000e6ab0000, 0x00000000e7a116a0, 0x00000000e8000000)
  to   space 21824K,   0% used [0x00000000e5560000, 0x00000000e5560000, 0x00000000e6ab0000)
 concurrent mark-sweep generation total 393216K, used 78200K [0x00000000e8000000, 0x0000000100000000, 0x0000000100000000)
 Metaspace       used 48838K, capacity 49414K, committed 49700K, reserved 1093632K
  class space    used 5242K, capacity 5412K, committed 5444K, reserved 1048576K
}
2016-06-20T14:39:25.727+0100: 3005.598: Total time for which application threads were stopped: 0.0096791 seconds, Stopping threads took: 0.0000280 seconds
{Heap before GC invocations=215 (full 4):
 par new generation   total 109248K, used 103173K [0x00000000e0000000, 0x00000000e8000000, 0x00000000e8000000)
  eden space 87424K, 100% used [0x00000000e0000000, 0x00000000e5560000, 0x00000000e5560000)
  from space 21824K,  72% used [0x00000000e6ab0000, 0x00000000e7a116a0, 0x00000000e8000000)
  to   space 21824K,   0% used [0x00000000e5560000, 0x00000000e5560000, 0x00000000e6ab0000)
 concurrent mark-sweep generation total 393216K, used 78200K [0x00000000e8000000, 0x0000000100000000, 0x0000000100000000)
 Metaspace       used 48838K, capacity 49414K, committed 49700K, reserved 1093632K
  class space    used 5242K, capacity 5412K, committed 5444K, reserved 1048576K
2016-06-20T14:39:26.014+0100: 3005.886: [GC (Allocation Failure) 2016-06-20T14:39:26.014+0100: 3005.886: [ParNew
Desired survivor size 20112992 bytes, new threshold 8 (max 8)
- age   1:    1105928 bytes,    1105928 total
- age   2:     774888 bytes,    1880816 total
- age   3:    2237760 bytes,    4118576 total
- age   4:     770552 bytes,    4889128 total
- age   5:     474064 bytes,    5363192 total
- age   6:     227368 bytes,    5590560 total
- age   7:       8432 bytes,    5598992 total
- age   8:    8495648 bytes,   14094640 total
: 103173K->20593K(109248K), 0.0089413 secs] 181373K->98794K(502464K), 0.0091067 secs] [Times: user=0.00 sys=0.00, real=0.01 secs] 
Heap after GC invocations=216 (full 4):
 par new generation   total 109248K, used 20593K [0x00000000e0000000, 0x00000000e8000000, 0x00000000e8000000)
  eden space 87424K,   0% used [0x00000000e0000000, 0x00000000e0000000, 0x00000000e5560000)
  from space 21824K,  94% used [0x00000000e5560000, 0x00000000e697c780, 0x00000000e6ab0000)
  to   space 21824K,   0% used [0x00000000e6ab0000, 0x00000000e6ab0000, 0x00000000e8000000)
 concurrent mark-sweep generation total 393216K, used 78200K [0x00000000e8000000, 0x0000000100000000, 0x0000000100000000)
 Metaspace       used 48838K, capacity 49414K, committed 49700K, reserved 1093632K
  class space    used 5242K, capacity 5412K, committed 5444K, reserved 1048576K
}
2016-06-20T14:39:26.024+0100: 3005.895: Total time for which application threads were stopped: 0.0101374 seconds, Stopping threads took: 0.0007406 seconds
{Heap before GC invocations=216 (full 4):
 par new generation   total 109248K, used 108017K [0x00000000e0000000, 0x00000000e8000000, 0x00000000e8000000)
  eden space 87424K, 100% used [0x00000000e0000000, 0x00000000e5560000, 0x00000000e5560000)
  from space 21824K,  94% used [0x00000000e5560000, 0x00000000e697c780, 0x00000000e6ab0000)
  to   space 21824K,   0% used [0x00000000e6ab0000, 0x00000000e6ab0000, 0x00000000e8000000)
 concurrent mark-sweep generation total 393216K, used 78200K [0x00000000e8000000, 0x0000000100000000, 0x0000000100000000)
 Metaspace       used 48838K, capacity 49414K, committed 49700K, reserved 1093632K
  class space    used 5242K, capacity 5412K, committed 5444K, reserved 1048576K
2016-06-20T14:39:26.668+0100: 3006.539: [GC (Allocation Failure) 2016-06-20T14:39:26.668+0100: 3006.539: [ParNew
Desired survivor size 20112992 bytes, new threshold 8 (max 8)
- age   1:    1288184 bytes,    1288184 total
- age   2:     785504 bytes,    2073688 total
- age   3:     775008 bytes,    2848696 total
- age   4:    2237880 bytes,    5086576 total
- age   5:     770632 bytes,    5857208 total
- age   6:     474064 bytes,    6331272 total
- age   7:     227368 bytes,    6558640 total
- age   8:       8432 bytes,    6567072 total
: 108017K->9669K(109248K), 0.0176611 secs] 186218K->96166K(502464K), 0.0177420 secs] [Times: user=0.03 sys=0.02, real=0.02 secs] 
Heap after GC invocations=217 (full 4):
 par new generation   total 109248K, used 9669K [0x00000000e0000000, 0x00000000e8000000, 0x00000000e8000000)
  eden space 87424K,   0% used [0x00000000e0000000, 0x00000000e0000000, 0x00000000e5560000)
  from space 21824K,  44% used [0x00000000e6ab0000, 0x00000000e7421738, 0x00000000e8000000)
  to   space 21824K,   0% used [0x00000000e5560000, 0x00000000e5560000, 0x00000000e6ab0000)
 concurrent mark-sweep generation total 393216K, used 86496K [0x00000000e8000000, 0x0000000100000000, 0x0000000100000000)
 Metaspace       used 48838K, capacity 49414K, committed 49700K, reserved 1093632K
  class space    used 5242K, capacity 5412K, committed 5444K, reserved 1048576K
}
2016-06-20T14:39:26.686+0100: 3006.557: Total time for which application threads were stopped: 0.0179934 seconds, Stopping threads took: 0.0000288 seconds
{Heap before GC invocations=217 (full 4):
 par new generation   total 109248K, used 97093K [0x00000000e0000000, 0x00000000e8000000, 0x00000000e8000000)
  eden space 87424K, 100% used [0x00000000e0000000, 0x00000000e5560000, 0x00000000e5560000)
  from space 21824K,  44% used [0x00000000e6ab0000, 0x00000000e7421738, 0x00000000e8000000)
  to   space 21824K,   0% used [0x00000000e5560000, 0x00000000e5560000, 0x00000000e6ab0000)
 concurrent mark-sweep generation total 393216K, used 86496K [0x00000000e8000000, 0x0000000100000000, 0x0000000100000000)
 Metaspace       used 48838K, capacity 49414K, committed 49700K, reserved 1093632K
  class space    used 5242K, capacity 5412K, committed 5444K, reserved 1048576K
2016-06-20T14:39:26.924+0100: 3006.795: [GC (Allocation Failure) 2016-06-20T14:39:26.924+0100: 3006.796: [ParNew
Desired survivor size 20112992 bytes, new threshold 8 (max 8)
- age   1:    1005256 bytes,    1005256 total
- age   2:     753872 bytes,    1759128 total
- age   3:     785544 bytes,    2544672 total
- age   4:     774968 bytes,    3319640 total
- age   5:    2237760 bytes,    5557400 total
- age   6:     786952 bytes,    6344352 total
- age   7:     474064 bytes,    6818416 total
- age   8:     227368 bytes,    7045784 total
: 97093K->8482K(109248K), 0.0059372 secs] 183590K->94987K(502464K), 0.0060216 secs] [Times: user=0.00 sys=0.00, real=0.01 secs] 
Heap after GC invocations=218 (full 4):
 par new generation   total 109248K, used 8482K [0x00000000e0000000, 0x00000000e8000000, 0x00000000e8000000)
  eden space 87424K,   0% used [0x00000000e0000000, 0x00000000e0000000, 0x00000000e5560000)
  from space 21824K,  38% used [0x00000000e5560000, 0x00000000e5da8950, 0x00000000e6ab0000)
  to   space 21824K,   0% used [0x00000000e6ab0000, 0x00000000e6ab0000, 0x00000000e8000000)
 concurrent mark-sweep generation total 393216K, used 86505K [0x00000000e8000000, 0x0000000100000000, 0x0000000100000000)
 Metaspace       used 48838K, capacity 49414K, committed 49700K, reserved 1093632K
  class space    used 5242K, capacity 5412K, committed 5444K, reserved 1048576K
}
2016-06-20T14:39:26.930+0100: 3006.802: Total time for which application threads were stopped: 0.0062518 seconds, Stopping threads took: 0.0000225 seconds
{Heap before GC invocations=218 (full 4):
 par new generation   total 109248K, used 95906K [0x00000000e0000000, 0x00000000e8000000, 0x00000000e8000000)
  eden space 87424K, 100% used [0x00000000e0000000, 0x00000000e5560000, 0x00000000e5560000)
  from space 21824K,  38% used [0x00000000e5560000, 0x00000000e5da8950, 0x00000000e6ab0000)
  to   space 21824K,   0% used [0x00000000e6ab0000, 0x00000000e6ab0000, 0x00000000e8000000)
 concurrent mark-sweep generation total 393216K, used 86505K [0x00000000e8000000, 0x0000000100000000, 0x0000000100000000)
 Metaspace       used 48838K, capacity 49414K, committed 49700K, reserved 1093632K
  class space    used 5242K, capacity 5412K, committed 5444K, reserved 1048576K
2016-06-20T14:39:27.349+0100: 3007.220: [GC (Allocation Failure) 2016-06-20T14:39:27.349+0100: 3007.220: [ParNew
Desired survivor size 20112992 bytes, new threshold 8 (max 8)
- age   1:    3847080 bytes,    3847080 total
- age   2:     611240 bytes,    4458320 total
- age   3:     753872 bytes,    5212192 total
- age   4:     785624 bytes,    5997816 total
- age   5:     774968 bytes,    6772784 total
- age   6:     812352 bytes,    7585136 total
- age   7:     770632 bytes,    8355768 total
- age   8:     474144 bytes,    8829912 total
: 95906K->12769K(109248K), 0.0045887 secs] 182411K->99498K(502464K), 0.0046570 secs] [Times: user=0.00 sys=0.00, real=0.01 secs] 
Heap after GC invocations=219 (full 4):
 par new generation   total 109248K, used 12769K [0x00000000e0000000, 0x00000000e8000000, 0x00000000e8000000)
  eden space 87424K,   0% used [0x00000000e0000000, 0x00000000e0000000, 0x00000000e5560000)
  from space 21824K,  58% used [0x00000000e6ab0000, 0x00000000e7728590, 0x00000000e8000000)
  to   space 21824K,   0% used [0x00000000e5560000, 0x00000000e5560000, 0x00000000e6ab0000)
 concurrent mark-sweep generation total 393216K, used 86728K [0x00000000e8000000, 0x0000000100000000, 0x0000000100000000)
 Metaspace       used 48838K, capacity 49414K, committed 49700K, reserved 1093632K
  class space    used 5242K, capacity 5412K, committed 5444K, reserved 1048576K
}
2016-06-20T14:39:27.354+0100: 3007.225: Total time for which application threads were stopped: 0.0049435 seconds, Stopping threads took: 0.0000300 seconds
{Heap before GC invocations=219 (full 4):
 par new generation   total 109248K, used 100193K [0x00000000e0000000, 0x00000000e8000000, 0x00000000e8000000)
  eden space 87424K, 100% used [0x00000000e0000000, 0x00000000e5560000, 0x00000000e5560000)
  from space 21824K,  58% used [0x00000000e6ab0000, 0x00000000e7728590, 0x00000000e8000000)
  to   space 21824K,   0% used [0x00000000e5560000, 0x00000000e5560000, 0x00000000e6ab0000)
 concurrent mark-sweep generation total 393216K, used 86728K [0x00000000e8000000, 0x0000000100000000, 0x0000000100000000)
 Metaspace       used 48838K, capacity 49414K, committed 49700K, reserved 1093632K
  class space    used 5242K, capacity 5412K, committed 5444K, reserved 1048576K
2016-06-20T14:39:27.625+0100: 3007.496: [GC (Allocation Failure) 2016-06-20T14:39:27.625+0100: 3007.496: [ParNew
Desired survivor size 20112992 bytes, new threshold 8 (max 8)
- age   1:     939216 bytes,     939216 total
- age   2:    3608824 bytes,    4548040 total
- age   3:     611320 bytes,    5159360 total
- age   4:     753952 bytes,    5913312 total
- age   5:     801944 bytes,    6715256 total
- age   6:     774928 bytes,    7490184 total
- age   7:     795992 bytes,    8286176 total
- age   8:     770592 bytes,    9056768 total
: 100193K->10218K(109248K), 0.0064721 secs] 186922K->97411K(502464K), 0.0065597 secs] [Times: user=0.00 sys=0.00, real=0.01 secs] 
Heap after GC invocations=220 (full 4):
 par new generation   total 109248K, used 10218K [0x00000000e0000000, 0x00000000e8000000, 0x00000000e8000000)
  eden space 87424K,   0% used [0x00000000e0000000, 0x00000000e0000000, 0x00000000e5560000)
  from space 21824K,  46% used [0x00000000e5560000, 0x00000000e5f5aa00, 0x00000000e6ab0000)
  to   space 21824K,   0% used [0x00000000e6ab0000, 0x00000000e6ab0000, 0x00000000e8000000)
 concurrent mark-sweep generation total 393216K, used 87192K [0x00000000e8000000, 0x0000000100000000, 0x0000000100000000)
 Metaspace       used 48838K, capacity 49414K, committed 49700K, reserved 1093632K
  class space    used 5242K, capacity 5412K, committed 5444K, reserved 1048576K
}
2016-06-20T14:39:27.632+0100: 3007.503: Total time for which application threads were stopped: 0.0068518 seconds, Stopping threads took: 0.0000257 seconds
2016-06-20T14:39:28.632+0100: 3008.503: Total time for which application threads were stopped: 0.0001188 seconds, Stopping threads took: 0.0000300 seconds
2016-06-20T14:39:29.632+0100: 3009.503: Total time for which application threads were stopped: 0.0002069 seconds, Stopping threads took: 0.0000347 seconds
2016-06-20T14:39:31.632+0100: 3011.504: Total time for which application threads were stopped: 0.0001180 seconds, Stopping threads took: 0.0000292 seconds
{Heap before GC invocations=220 (full 4):
 par new generation   total 109248K, used 97642K [0x00000000e0000000, 0x00000000e8000000, 0x00000000e8000000)
  eden space 87424K, 100% used [0x00000000e0000000, 0x00000000e5560000, 0x00000000e5560000)
  from space 21824K,  46% used [0x00000000e5560000, 0x00000000e5f5aa00, 0x00000000e6ab0000)
  to   space 21824K,   0% used [0x00000000e6ab0000, 0x00000000e6ab0000, 0x00000000e8000000)
 concurrent mark-sweep generation total 393216K, used 87192K [0x00000000e8000000, 0x0000000100000000, 0x0000000100000000)
 Metaspace       used 48838K, capacity 49414K, committed 49700K, reserved 1093632K
  class space    used 5242K, capacity 5412K, committed 5444K, reserved 1048576K
2016-06-20T14:39:31.651+0100: 3011.522: [GC (Allocation Failure) 2016-06-20T14:39:31.651+0100: 3011.522: [ParNew
Desired survivor size 20112992 bytes, new threshold 8 (max 8)
- age   1:   13104336 bytes,   13104336 total
- age   2:     338160 bytes,   13442496 total
- age   3:    3215224 bytes,   16657720 total
- age   4:     332440 bytes,   16990160 total
- age   5:     343872 bytes,   17334032 total
- age   6:     326304 bytes,   17660336 total
- age   7:     332168 bytes,   17992504 total
- age   8:     385856 bytes,   18378360 total
: 97642K->20112K(109248K), 0.0088911 secs] 184835K->107674K(502464K), 0.0090324 secs] [Times: user=0.05 sys=0.00, real=0.01 secs] 
Heap after GC invocations=221 (full 4):
 par new generation   total 109248K, used 20112K [0x00000000e0000000, 0x00000000e8000000, 0x00000000e8000000)
  eden space 87424K,   0% used [0x00000000e0000000, 0x00000000e0000000, 0x00000000e5560000)
  from space 21824K,  92% used [0x00000000e6ab0000, 0x00000000e7e542d8, 0x00000000e8000000)
  to   space 21824K,   0% used [0x00000000e5560000, 0x00000000e5560000, 0x00000000e6ab0000)
 concurrent mark-sweep generation total 393216K, used 87561K [0x00000000e8000000, 0x0000000100000000, 0x0000000100000000)
 Metaspace       used 48838K, capacity 49414K, committed 49700K, reserved 1093632K
  class space    used 5242K, capacity 5412K, committed 5444K, reserved 1048576K
}
2016-06-20T14:39:31.660+0100: 3011.532: Total time for which application threads were stopped: 0.0093234 seconds, Stopping threads took: 0.0000375 seconds
2016-06-20T14:39:32.662+0100: 3012.533: Total time for which application threads were stopped: 0.0002151 seconds, Stopping threads took: 0.0000861 seconds
{Heap before GC invocations=221 (full 4):
 par new generation   total 109248K, used 107536K [0x00000000e0000000, 0x00000000e8000000, 0x00000000e8000000)
  eden space 87424K, 100% used [0x00000000e0000000, 0x00000000e5560000, 0x00000000e5560000)
  from space 21824K,  92% used [0x00000000e6ab0000, 0x00000000e7e542d8, 0x00000000e8000000)
  to   space 21824K,   0% used [0x00000000e5560000, 0x00000000e5560000, 0x00000000e6ab0000)
 concurrent mark-sweep generation total 393216K, used 87561K [0x00000000e8000000, 0x0000000100000000, 0x0000000100000000)
 Metaspace       used 48838K, capacity 49414K, committed 49700K, reserved 1093632K
  class space    used 5242K, capacity 5412K, committed 5444K, reserved 1048576K
2016-06-20T14:39:34.305+0100: 3014.176: [GC (Allocation Failure) 2016-06-20T14:39:34.305+0100: 3014.176: [ParNew
Desired survivor size 20112992 bytes, new threshold 8 (max 8)
- age   1:     322976 bytes,     322976 total
- age   2:   12941808 bytes,   13264784 total
- age   3:     338160 bytes,   13602944 total
- age   4:    3215224 bytes,   16818168 total
- age   5:     332480 bytes,   17150648 total
- age   6:     343872 bytes,   17494520 total
- age   7:     326424 bytes,   17820944 total
- age   8:     332248 bytes,   18153192 total
: 107536K->18517K(109248K), 0.0064022 secs] 195098K->106457K(502464K), 0.0065013 secs] [Times: user=0.00 sys=0.02, real=0.01 secs] 
Heap after GC invocations=222 (full 4):
 par new generation   total 109248K, used 18517K [0x00000000e0000000, 0x00000000e8000000, 0x00000000e8000000)
  eden space 87424K,   0% used [0x00000000e0000000, 0x00000000e0000000, 0x00000000e5560000)
  from space 21824K,  84% used [0x00000000e5560000, 0x00000000e67756b8, 0x00000000e6ab0000)
  to   space 21824K,   0% used [0x00000000e6ab0000, 0x00000000e6ab0000, 0x00000000e8000000)
 concurrent mark-sweep generation total 393216K, used 87939K [0x00000000e8000000, 0x0000000100000000, 0x0000000100000000)
 Metaspace       used 48838K, capacity 49414K, committed 49700K, reserved 1093632K
  class space    used 5242K, capacity 5412K, committed 5444K, reserved 1048576K
}
2016-06-20T14:39:34.312+0100: 3014.183: Total time for which application threads were stopped: 0.0068862 seconds, Stopping threads took: 0.0000482 seconds
{Heap before GC invocations=222 (full 4):
 par new generation   total 109248K, used 105941K [0x00000000e0000000, 0x00000000e8000000, 0x00000000e8000000)
  eden space 87424K, 100% used [0x00000000e0000000, 0x00000000e5560000, 0x00000000e5560000)
  from space 21824K,  84% used [0x00000000e5560000, 0x00000000e67756b8, 0x00000000e6ab0000)
  to   space 21824K,   0% used [0x00000000e6ab0000, 0x00000000e6ab0000, 0x00000000e8000000)
 concurrent mark-sweep generation total 393216K, used 87939K [0x00000000e8000000, 0x0000000100000000, 0x0000000100000000)
 Metaspace       used 48838K, capacity 49414K, committed 49700K, reserved 1093632K
  class space    used 5242K, capacity 5412K, committed 5444K, reserved 1048576K
2016-06-20T14:39:37.202+0100: 3017.073: [GC (Allocation Failure) 2016-06-20T14:39:37.202+0100: 3017.073: [ParNew
Desired survivor size 20112992 bytes, new threshold 8 (max 8)
- age   1:     299520 bytes,     299520 total
- age   2:      19584 bytes,     319104 total
- age   3:   12941768 bytes,   13260872 total
- age   4:     338160 bytes,   13599032 total
- age   5:    3215224 bytes,   16814256 total
- age   6:     332440 bytes,   17146696 total
- age   7:     343872 bytes,   17490568 total
- age   8:     326304 bytes,   17816872 total
: 105941K->18845K(109248K), 0.0056541 secs] 193881K->107110K(502464K), 0.0057532 secs] [Times: user=0.06 sys=0.00, real=0.01 secs] 
Heap after GC invocations=223 (full 4):
 par new generation   total 109248K, used 18845K [0x00000000e0000000, 0x00000000e8000000, 0x00000000e8000000)
  eden space 87424K,   0% used [0x00000000e0000000, 0x00000000e0000000, 0x00000000e5560000)
  from space 21824K,  86% used [0x00000000e6ab0000, 0x00000000e7d176a8, 0x00000000e8000000)
  to   space 21824K,   0% used [0x00000000e5560000, 0x00000000e5560000, 0x00000000e6ab0000)
 concurrent mark-sweep generation total 393216K, used 88264K [0x00000000e8000000, 0x0000000100000000, 0x0000000100000000)
 Metaspace       used 48838K, capacity 49414K, committed 49700K, reserved 1093632K
  class space    used 5242K, capacity 5412K, committed 5444K, reserved 1048576K
}
2016-06-20T14:39:37.207+0100: 3017.079: Total time for which application threads were stopped: 0.0060204 seconds, Stopping threads took: 0.0000312 seconds
{Heap before GC invocations=223 (full 4):
 par new generation   total 109248K, used 106269K [0x00000000e0000000, 0x00000000e8000000, 0x00000000e8000000)
  eden space 87424K, 100% used [0x00000000e0000000, 0x00000000e5560000, 0x00000000e5560000)
  from space 21824K,  86% used [0x00000000e6ab0000, 0x00000000e7d176a8, 0x00000000e8000000)
  to   space 21824K,   0% used [0x00000000e5560000, 0x00000000e5560000, 0x00000000e6ab0000)
 concurrent mark-sweep generation total 393216K, used 88264K [0x00000000e8000000, 0x0000000100000000, 0x0000000100000000)
 Metaspace       used 48838K, capacity 49414K, committed 49700K, reserved 1093632K
  class space    used 5242K, capacity 5412K, committed 5444K, reserved 1048576K
2016-06-20T14:39:39.792+0100: 3019.663: [GC (Allocation Failure) 2016-06-20T14:39:39.792+0100: 3019.663: [ParNew
Desired survivor size 20112992 bytes, new threshold 8 (max 8)
- age   1:     329600 bytes,     329600 total
- age   2:      19488 bytes,     349088 total
- age   3:      19584 bytes,     368672 total
- age   4:   12941768 bytes,   13310440 total
- age   5:     338160 bytes,   13648600 total
- age   6:    3215224 bytes,   16863824 total
- age   7:     332480 bytes,   17196304 total
- age   8:     343872 bytes,   17540176 total
: 106269K->17469K(109248K), 0.0059344 secs] 194534K->106054K(502464K), 0.0060204 secs] [Times: user=0.06 sys=0.00, real=0.01 secs] 
Heap after GC invocations=224 (full 4):
 par new generation   total 109248K, used 17469K [0x00000000e0000000, 0x00000000e8000000, 0x00000000e8000000)
  eden space 87424K,   0% used [0x00000000e0000000, 0x00000000e0000000, 0x00000000e5560000)
  from space 21824K,  80% used [0x00000000e5560000, 0x00000000e666f7f8, 0x00000000e6ab0000)
  to   space 21824K,   0% used [0x00000000e6ab0000, 0x00000000e6ab0000, 0x00000000e8000000)
 concurrent mark-sweep generation total 393216K, used 88584K [0x00000000e8000000, 0x0000000100000000, 0x0000000100000000)
 Metaspace       used 48838K, capacity 49414K, committed 49700K, reserved 1093632K
  class space    used 5242K, capacity 5412K, committed 5444K, reserved 1048576K
}
2016-06-20T14:39:39.798+0100: 3019.669: Total time for which application threads were stopped: 0.0063374 seconds, Stopping threads took: 0.0000316 seconds
2016-06-20T14:39:40.799+0100: 3020.670: Total time for which application threads were stopped: 0.0001101 seconds, Stopping threads took: 0.0000489 seconds
{Heap before GC invocations=224 (full 4):
 par new generation   total 109248K, used 104893K [0x00000000e0000000, 0x00000000e8000000, 0x00000000e8000000)
  eden space 87424K, 100% used [0x00000000e0000000, 0x00000000e5560000, 0x00000000e5560000)
  from space 21824K,  80% used [0x00000000e5560000, 0x00000000e666f7f8, 0x00000000e6ab0000)
  to   space 21824K,   0% used [0x00000000e6ab0000, 0x00000000e6ab0000, 0x00000000e8000000)
 concurrent mark-sweep generation total 393216K, used 88584K [0x00000000e8000000, 0x0000000100000000, 0x0000000100000000)
 Metaspace       used 48838K, capacity 49414K, committed 49700K, reserved 1093632K
  class space    used 5242K, capacity 5412K, committed 5444K, reserved 1048576K
2016-06-20T14:39:40.886+0100: 3020.758: [GC (Allocation Failure) 2016-06-20T14:39:40.886+0100: 3020.758: [ParNew
Desired survivor size 20112992 bytes, new threshold 8 (max 8)
- age   1:     317376 bytes,     317376 total
- age   2:      24752 bytes,     342128 total
- age   3:      19488 bytes,     361616 total
- age   4:      19584 bytes,     381200 total
- age   5:   11169568 bytes,   11550768 total
- age   6:     338160 bytes,   11888928 total
- age   7:    3215224 bytes,   15104152 total
- age   8:     332440 bytes,   15436592 total
: 104893K->16149K(109248K), 0.0048709 secs] 193478K->105071K(502464K), 0.0049451 secs] [Times: user=0.06 sys=0.00, real=0.01 secs] 
Heap after GC invocations=225 (full 4):
 par new generation   total 109248K, used 16149K [0x00000000e0000000, 0x00000000e8000000, 0x00000000e8000000)
  eden space 87424K,   0% used [0x00000000e0000000, 0x00000000e0000000, 0x00000000e5560000)
  from space 21824K,  73% used [0x00000000e6ab0000, 0x00000000e7a75550, 0x00000000e8000000)
  to   space 21824K,   0% used [0x00000000e5560000, 0x00000000e5560000, 0x00000000e6ab0000)
 concurrent mark-sweep generation total 393216K, used 88921K [0x00000000e8000000, 0x0000000100000000, 0x0000000100000000)
 Metaspace       used 48838K, capacity 49414K, committed 49700K, reserved 1093632K
  class space    used 5242K, capacity 5412K, committed 5444K, reserved 1048576K
}
2016-06-20T14:39:40.891+0100: 3020.763: Total time for which application threads were stopped: 0.0052570 seconds, Stopping threads took: 0.0000225 seconds
{Heap before GC invocations=225 (full 4):
 par new generation   total 109248K, used 103573K [0x00000000e0000000, 0x00000000e8000000, 0x00000000e8000000)
  eden space 87424K, 100% used [0x00000000e0000000, 0x00000000e5560000, 0x00000000e5560000)
  from space 21824K,  73% used [0x00000000e6ab0000, 0x00000000e7a75550, 0x00000000e8000000)
  to   space 21824K,   0% used [0x00000000e5560000, 0x00000000e5560000, 0x00000000e6ab0000)
 concurrent mark-sweep generation total 393216K, used 88921K [0x00000000e8000000, 0x0000000100000000, 0x0000000100000000)
 Metaspace       used 48838K, capacity 49414K, committed 49700K, reserved 1093632K
  class space    used 5242K, capacity 5412K, committed 5444K, reserved 1048576K
2016-06-20T14:39:43.586+0100: 3023.457: [GC (Allocation Failure) 2016-06-20T14:39:43.586+0100: 3023.457: [ParNew
Desired survivor size 20112992 bytes, new threshold 8 (max 8)
- age   1:     317552 bytes,     317552 total
- age   2:      19384 bytes,     336936 total
- age   3:      24632 bytes,     361568 total
- age   4:      19152 bytes,     380720 total
- age   5:      19104 bytes,     399824 total
- age   6:   12941288 bytes,   13341112 total
- age   7:     338160 bytes,   13679272 total
- age   8:    3215224 bytes,   16894496 total
: 103573K->17091K(109248K), 0.0051137 secs] 192495K->106338K(502464K), 0.0052080 secs] [Times: user=0.00 sys=0.00, real=0.01 secs] 
Heap after GC invocations=226 (full 4):
 par new generation   total 109248K, used 17091K [0x00000000e0000000, 0x00000000e8000000, 0x00000000e8000000)
  eden space 87424K,   0% used [0x00000000e0000000, 0x00000000e0000000, 0x00000000e5560000)
  from space 21824K,  78% used [0x00000000e5560000, 0x00000000e6610d00, 0x00000000e6ab0000)
  to   space 21824K,   0% used [0x00000000e6ab0000, 0x00000000e6ab0000, 0x00000000e8000000)
 concurrent mark-sweep generation total 393216K, used 89247K [0x00000000e8000000, 0x0000000100000000, 0x0000000100000000)
 Metaspace       used 48838K, capacity 49414K, committed 49700K, reserved 1093632K
  class space    used 5242K, capacity 5412K, committed 5444K, reserved 1048576K
}
2016-06-20T14:39:43.592+0100: 3023.463: Total time for which application threads were stopped: 0.0055602 seconds, Stopping threads took: 0.0001263 seconds
{Heap before GC invocations=226 (full 4):
 par new generation   total 109248K, used 104515K [0x00000000e0000000, 0x00000000e8000000, 0x00000000e8000000)
  eden space 87424K, 100% used [0x00000000e0000000, 0x00000000e5560000, 0x00000000e5560000)
  from space 21824K,  78% used [0x00000000e5560000, 0x00000000e6610d00, 0x00000000e6ab0000)
  to   space 21824K,   0% used [0x00000000e6ab0000, 0x00000000e6ab0000, 0x00000000e8000000)
 concurrent mark-sweep generation total 393216K, used 89247K [0x00000000e8000000, 0x0000000100000000, 0x0000000100000000)
 Metaspace       used 48838K, capacity 49414K, committed 49700K, reserved 1093632K
  class space    used 5242K, capacity 5412K, committed 5444K, reserved 1048576K
2016-06-20T14:39:46.884+0100: 3026.755: [GC (Allocation Failure) 2016-06-20T14:39:46.884+0100: 3026.755: [ParNew
Desired survivor size 20112992 bytes, new threshold 8 (max 8)
- age   1:     325104 bytes,     325104 total
- age   2:      18936 bytes,     344040 total
- age   3:      18904 bytes,     362944 total
- age   4:      24008 bytes,     386952 total
- age   5:      18600 bytes,     405552 total
- age   6:      18792 bytes,     424344 total
- age   7:   11168872 bytes,   11593216 total
- age   8:     338160 bytes,   11931376 total
: 104515K->12040K(109248K), 0.0091082 secs] 193762K->104428K(502464K), 0.0091848 secs] [Times: user=0.05 sys=0.02, real=0.01 secs] 
Heap after GC invocations=227 (full 4):
 par new generation   total 109248K, used 12040K [0x00000000e0000000, 0x00000000e8000000, 0x00000000e8000000)
  eden space 87424K,   0% used [0x00000000e0000000, 0x00000000e0000000, 0x00000000e5560000)
  from space 21824K,  55% used [0x00000000e6ab0000, 0x00000000e7672000, 0x00000000e8000000)
  to   space 21824K,   0% used [0x00000000e5560000, 0x00000000e5560000, 0x00000000e6ab0000)
 concurrent mark-sweep generation total 393216K, used 92388K [0x00000000e8000000, 0x0000000100000000, 0x0000000100000000)
 Metaspace       used 48838K, capacity 49414K, committed 49700K, reserved 1093632K
  class space    used 5242K, capacity 5412K, committed 5444K, reserved 1048576K
}
2016-06-20T14:39:46.893+0100: 3026.764: Total time for which application threads were stopped: 0.0094300 seconds, Stopping threads took: 0.0000272 seconds
{Heap before GC invocations=227 (full 4):
 par new generation   total 109248K, used 99464K [0x00000000e0000000, 0x00000000e8000000, 0x00000000e8000000)
  eden space 87424K, 100% used [0x00000000e0000000, 0x00000000e5560000, 0x00000000e5560000)
  from space 21824K,  55% used [0x00000000e6ab0000, 0x00000000e7672000, 0x00000000e8000000)
  to   space 21824K,   0% used [0x00000000e5560000, 0x00000000e5560000, 0x00000000e6ab0000)
 concurrent mark-sweep generation total 393216K, used 92388K [0x00000000e8000000, 0x0000000100000000, 0x0000000100000000)
 Metaspace       used 48838K, capacity 49414K, committed 49700K, reserved 1093632K
  class space    used 5242K, capacity 5412K, committed 5444K, reserved 1048576K
2016-06-20T14:39:50.318+0100: 3030.189: [GC (Allocation Failure) 2016-06-20T14:39:50.318+0100: 3030.189: [ParNew
Desired survivor size 20112992 bytes, new threshold 8 (max 8)
- age   1:     315128 bytes,     315128 total
- age   2:      18200 bytes,     333328 total
- age   3:      18456 bytes,     351784 total
- age   4:      18544 bytes,     370328 total
- age   5:      23744 bytes,     394072 total
- age   6:      18072 bytes,     412144 total
- age   7:      18408 bytes,     430552 total
- age   8:   12940976 bytes,   13371528 total
: 99464K->13479K(109248K), 0.0039231 secs] 191852K->106199K(502464K), 0.0039965 secs] [Times: user=0.00 sys=0.00, real=0.00 secs] 
Heap after GC invocations=228 (full 4):
 par new generation   total 109248K, used 13479K [0x00000000e0000000, 0x00000000e8000000, 0x00000000e8000000)
  eden space 87424K,   0% used [0x00000000e0000000, 0x00000000e0000000, 0x00000000e5560000)
  from space 21824K,  61% used [0x00000000e5560000, 0x00000000e6289de8, 0x00000000e6ab0000)
  to   space 21824K,   0% used [0x00000000e6ab0000, 0x00000000e6ab0000, 0x00000000e8000000)
 concurrent mark-sweep generation total 393216K, used 92719K [0x00000000e8000000, 0x0000000100000000, 0x0000000100000000)
 Metaspace       used 48838K, capacity 49414K, committed 49700K, reserved 1093632K
  class space    used 5242K, capacity 5412K, committed 5444K, reserved 1048576K
}
2016-06-20T14:39:50.322+0100: 3030.193: Total time for which application threads were stopped: 0.0043005 seconds, Stopping threads took: 0.0000253 seconds
2016-06-20T14:39:51.322+0100: 3031.193: Total time for which application threads were stopped: 0.0001007 seconds, Stopping threads took: 0.0000300 seconds
{Heap before GC invocations=228 (full 4):
 par new generation   total 109248K, used 100903K [0x00000000e0000000, 0x00000000e8000000, 0x00000000e8000000)
  eden space 87424K, 100% used [0x00000000e0000000, 0x00000000e5560000, 0x00000000e5560000)
  from space 21824K,  61% used [0x00000000e5560000, 0x00000000e6289de8, 0x00000000e6ab0000)
  to   space 21824K,   0% used [0x00000000e6ab0000, 0x00000000e6ab0000, 0x00000000e8000000)
 concurrent mark-sweep generation total 393216K, used 92719K [0x00000000e8000000, 0x0000000100000000, 0x0000000100000000)
 Metaspace       used 48838K, capacity 49414K, committed 49700K, reserved 1093632K
  class space    used 5242K, capacity 5412K, committed 5444K, reserved 1048576K
2016-06-20T14:39:52.743+0100: 3032.615: [GC (Allocation Failure) 2016-06-20T14:39:52.743+0100: 3032.615: [ParNew
Desired survivor size 20112992 bytes, new threshold 8 (max 8)
- age   1:     304216 bytes,     304216 total
- age   2:      16704 bytes,     320920 total
- age   3:      17864 bytes,     338784 total
- age   4:      18168 bytes,     356952 total
- age   5:      18208 bytes,     375160 total
- age   6:      23312 bytes,     398472 total
- age   7:      17664 bytes,     416136 total
- age   8:      18192 bytes,     434328 total
: 100903K->655K(109248K), 0.0160165 secs] 193623K->104301K(502464K), 0.0161073 secs] [Times: user=0.03 sys=0.03, real=0.02 secs] 
Heap after GC invocations=229 (full 4):
 par new generation   total 109248K, used 655K [0x00000000e0000000, 0x00000000e8000000, 0x00000000e8000000)
  eden space 87424K,   0% used [0x00000000e0000000, 0x00000000e0000000, 0x00000000e5560000)
  from space 21824K,   3% used [0x00000000e6ab0000, 0x00000000e6b53e30, 0x00000000e8000000)
  to   space 21824K,   0% used [0x00000000e5560000, 0x00000000e5560000, 0x00000000e6ab0000)
 concurrent mark-sweep generation total 393216K, used 103645K [0x00000000e8000000, 0x0000000100000000, 0x0000000100000000)
 Metaspace       used 48838K, capacity 49414K, committed 49700K, reserved 1093632K
  class space    used 5242K, capacity 5412K, committed 5444K, reserved 1048576K
}
2016-06-20T14:39:52.759+0100: 3032.631: Total time for which application threads were stopped: 0.0164180 seconds, Stopping threads took: 0.0000284 seconds
2016-06-20T14:39:54.760+0100: 3034.631: Total time for which application threads were stopped: 0.0002337 seconds, Stopping threads took: 0.0000454 seconds
{Heap before GC invocations=229 (full 4):
 par new generation   total 109248K, used 88079K [0x00000000e0000000, 0x00000000e8000000, 0x00000000e8000000)
  eden space 87424K, 100% used [0x00000000e0000000, 0x00000000e5560000, 0x00000000e5560000)
  from space 21824K,   3% used [0x00000000e6ab0000, 0x00000000e6b53e30, 0x00000000e8000000)
  to   space 21824K,   0% used [0x00000000e5560000, 0x00000000e5560000, 0x00000000e6ab0000)
 concurrent mark-sweep generation total 393216K, used 103645K [0x00000000e8000000, 0x0000000100000000, 0x0000000100000000)
 Metaspace       used 48838K, capacity 49414K, committed 49700K, reserved 1093632K
  class space    used 5242K, capacity 5412K, committed 5444K, reserved 1048576K
2016-06-20T14:39:54.983+0100: 3034.855: [GC (Allocation Failure) 2016-06-20T14:39:54.983+0100: 3034.855: [ParNew
Desired survivor size 20112992 bytes, new threshold 8 (max 8)
- age   1:     320952 bytes,     320952 total
- age   2:      16304 bytes,     337256 total
- age   3:      16416 bytes,     353672 total
- age   4:      17648 bytes,     371320 total
- age   5:      17904 bytes,     389224 total
- age   6:      18016 bytes,     407240 total
- age   7:      23024 bytes,     430264 total
- age   8:      17472 bytes,     447736 total
: 88079K->592K(109248K), 0.0027925 secs] 191725K->104255K(502464K), 0.0028636 secs] [Times: user=0.00 sys=0.00, real=0.00 secs] 
Heap after GC invocations=230 (full 4):
 par new generation   total 109248K, used 592K [0x00000000e0000000, 0x00000000e8000000, 0x00000000e8000000)
  eden space 87424K,   0% used [0x00000000e0000000, 0x00000000e0000000, 0x00000000e5560000)
  from space 21824K,   2% used [0x00000000e5560000, 0x00000000e55f4340, 0x00000000e6ab0000)
  to   space 21824K,   0% used [0x00000000e6ab0000, 0x00000000e6ab0000, 0x00000000e8000000)
 concurrent mark-sweep generation total 393216K, used 103663K [0x00000000e8000000, 0x0000000100000000, 0x0000000100000000)
 Metaspace       used 48838K, capacity 49414K, committed 49700K, reserved 1093632K
  class space    used 5242K, capacity 5412K, committed 5444K, reserved 1048576K
}
2016-06-20T14:39:54.986+0100: 3034.858: Total time for which application threads were stopped: 0.0030767 seconds, Stopping threads took: 0.0000241 seconds
2016-06-20T14:39:56.987+0100: 3036.858: Total time for which application threads were stopped: 0.0001263 seconds, Stopping threads took: 0.0000308 seconds
2016-06-20T14:39:57.987+0100: 3037.858: Total time for which application threads were stopped: 0.0001875 seconds, Stopping threads took: 0.0000383 seconds
{Heap before GC invocations=230 (full 4):
 par new generation   total 109248K, used 88016K [0x00000000e0000000, 0x00000000e8000000, 0x00000000e8000000)
  eden space 87424K, 100% used [0x00000000e0000000, 0x00000000e5560000, 0x00000000e5560000)
  from space 21824K,   2% used [0x00000000e5560000, 0x00000000e55f4340, 0x00000000e6ab0000)
  to   space 21824K,   0% used [0x00000000e6ab0000, 0x00000000e6ab0000, 0x00000000e8000000)
 concurrent mark-sweep generation total 393216K, used 103663K [0x00000000e8000000, 0x0000000100000000, 0x0000000100000000)
 Metaspace       used 48838K, capacity 49414K, committed 49700K, reserved 1093632K
  class space    used 5242K, capacity 5412K, committed 5444K, reserved 1048576K
2016-06-20T14:39:58.174+0100: 3038.045: [GC (Allocation Failure) 2016-06-20T14:39:58.174+0100: 3038.045: [ParNew
Desired survivor size 20112992 bytes, new threshold 8 (max 8)
- age   1:     310768 bytes,     310768 total
- age   2:      14280 bytes,     325048 total
- age   3:      16064 bytes,     341112 total
- age   4:      16176 bytes,     357288 total
- age   5:      17480 bytes,     374768 total
- age   6:      17664 bytes,     392432 total
- age   7:      17848 bytes,     410280 total
- age   8:      21352 bytes,     431632 total
: 88016K->502K(109248K), 0.0022320 secs] 191679K->104182K(502464K), 0.0023074 secs] [Times: user=0.00 sys=0.00, real=0.00 secs] 
Heap after GC invocations=231 (full 4):
 par new generation   total 109248K, used 502K [0x00000000e0000000, 0x00000000e8000000, 0x00000000e8000000)
  eden space 87424K,   0% used [0x00000000e0000000, 0x00000000e0000000, 0x00000000e5560000)
  from space 21824K,   2% used [0x00000000e6ab0000, 0x00000000e6b2d940, 0x00000000e8000000)
  to   space 21824K,   0% used [0x00000000e5560000, 0x00000000e5560000, 0x00000000e6ab0000)
 concurrent mark-sweep generation total 393216K, used 103679K [0x00000000e8000000, 0x0000000100000000, 0x0000000100000000)
 Metaspace       used 48838K, capacity 49414K, committed 49700K, reserved 1093632K
  class space    used 5242K, capacity 5412K, committed 5444K, reserved 1048576K
}
2016-06-20T14:39:58.177+0100: 3038.048: Total time for which application threads were stopped: 0.0025268 seconds, Stopping threads took: 0.0000201 seconds
2016-06-20T14:39:59.177+0100: 3039.048: Total time for which application threads were stopped: 0.0000730 seconds, Stopping threads took: 0.0000213 seconds
{Heap before GC invocations=231 (full 4):
 par new generation   total 109248K, used 87926K [0x00000000e0000000, 0x00000000e8000000, 0x00000000e8000000)
  eden space 87424K, 100% used [0x00000000e0000000, 0x00000000e5560000, 0x00000000e5560000)
  from space 21824K,   2% used [0x00000000e6ab0000, 0x00000000e6b2d940, 0x00000000e8000000)
  to   space 21824K,   0% used [0x00000000e5560000, 0x00000000e5560000, 0x00000000e6ab0000)
 concurrent mark-sweep generation total 393216K, used 103679K [0x00000000e8000000, 0x0000000100000000, 0x0000000100000000)
 Metaspace       used 48842K, capacity 49478K, committed 49700K, reserved 1093632K
  class space    used 5242K, capacity 5412K, committed 5444K, reserved 1048576K
2016-06-20T14:40:10.872+0100: 3050.744: [GC (Allocation Failure) 2016-06-20T14:40:10.872+0100: 3050.744: [ParNew
Desired survivor size 20112992 bytes, new threshold 8 (max 8)
- age   1:    7329848 bytes,    7329848 total
- age   2:      17256 bytes,    7347104 total
- age   3:      14160 bytes,    7361264 total
- age   4:      15968 bytes,    7377232 total
- age   5:      16032 bytes,    7393264 total
- age   6:      17216 bytes,    7410480 total
- age   7:      17496 bytes,    7427976 total
- age   8:      17800 bytes,    7445776 total
: 87926K->7484K(109248K), 0.0056589 secs] 191606K->111184K(502464K), 0.0057532 secs] [Times: user=0.06 sys=0.00, real=0.01 secs] 
Heap after GC invocations=232 (full 4):
 par new generation   total 109248K, used 7484K [0x00000000e0000000, 0x00000000e8000000, 0x00000000e8000000)
  eden space 87424K,   0% used [0x00000000e0000000, 0x00000000e0000000, 0x00000000e5560000)
  from space 21824K,  34% used [0x00000000e5560000, 0x00000000e5caf020, 0x00000000e6ab0000)
  to   space 21824K,   0% used [0x00000000e6ab0000, 0x00000000e6ab0000, 0x00000000e8000000)
 concurrent mark-sweep generation total 393216K, used 103700K [0x00000000e8000000, 0x0000000100000000, 0x0000000100000000)
 Metaspace       used 48842K, capacity 49478K, committed 49700K, reserved 1093632K
  class space    used 5242K, capacity 5412K, committed 5444K, reserved 1048576K
}
2016-06-20T14:40:10.878+0100: 3050.749: Total time for which application threads were stopped: 0.0060560 seconds, Stopping threads took: 0.0000351 seconds
{Heap before GC invocations=232 (full 4):
 par new generation   total 109248K, used 94908K [0x00000000e0000000, 0x00000000e8000000, 0x00000000e8000000)
  eden space 87424K, 100% used [0x00000000e0000000, 0x00000000e5560000, 0x00000000e5560000)
  from space 21824K,  34% used [0x00000000e5560000, 0x00000000e5caf020, 0x00000000e6ab0000)
  to   space 21824K,   0% used [0x00000000e6ab0000, 0x00000000e6ab0000, 0x00000000e8000000)
 concurrent mark-sweep generation total 393216K, used 103700K [0x00000000e8000000, 0x0000000100000000, 0x0000000100000000)
 Metaspace       used 48842K, capacity 49478K, committed 49700K, reserved 1093632K
  class space    used 5242K, capacity 5412K, committed 5444K, reserved 1048576K
2016-06-20T14:40:11.176+0100: 3051.047: [GC (Allocation Failure) 2016-06-20T14:40:11.176+0100: 3051.047: [ParNew
Desired survivor size 20112992 bytes, new threshold 8 (max 8)
- age   1:    1774400 bytes,    1774400 total
- age   2:    2550400 bytes,    4324800 total
- age   3:      17256 bytes,    4342056 total
- age   4:      14160 bytes,    4356216 total
- age   5:      15968 bytes,    4372184 total
- age   6:      16032 bytes,    4388216 total
- age   7:      17216 bytes,    4405432 total
- age   8:      17496 bytes,    4422928 total
: 94908K->7328K(109248K), 0.0030077 secs] 198608K->111046K(502464K), 0.0031008 secs] [Times: user=0.00 sys=0.00, real=0.00 secs] 
Heap after GC invocations=233 (full 4):
 par new generation   total 109248K, used 7328K [0x00000000e0000000, 0x00000000e8000000, 0x00000000e8000000)
  eden space 87424K,   0% used [0x00000000e0000000, 0x00000000e0000000, 0x00000000e5560000)
  from space 21824K,  33% used [0x00000000e6ab0000, 0x00000000e71d82e8, 0x00000000e8000000)
  to   space 21824K,   0% used [0x00000000e5560000, 0x00000000e5560000, 0x00000000e6ab0000)
 concurrent mark-sweep generation total 393216K, used 103718K [0x00000000e8000000, 0x0000000100000000, 0x0000000100000000)
 Metaspace       used 48842K, capacity 49478K, committed 49700K, reserved 1093632K
  class space    used 5242K, capacity 5412K, committed 5444K, reserved 1048576K
}
2016-06-20T14:40:11.179+0100: 3051.050: Total time for which application threads were stopped: 0.0033708 seconds, Stopping threads took: 0.0000288 seconds
{Heap before GC invocations=233 (full 4):
 par new generation   total 109248K, used 94752K [0x00000000e0000000, 0x00000000e8000000, 0x00000000e8000000)
  eden space 87424K, 100% used [0x00000000e0000000, 0x00000000e5560000, 0x00000000e5560000)
  from space 21824K,  33% used [0x00000000e6ab0000, 0x00000000e71d82e8, 0x00000000e8000000)
  to   space 21824K,   0% used [0x00000000e5560000, 0x00000000e5560000, 0x00000000e6ab0000)
 concurrent mark-sweep generation total 393216K, used 103718K [0x00000000e8000000, 0x0000000100000000, 0x0000000100000000)
 Metaspace       used 48842K, capacity 49478K, committed 49700K, reserved 1093632K
  class space    used 5242K, capacity 5412K, committed 5444K, reserved 1048576K
2016-06-20T14:40:11.550+0100: 3051.421: [GC (Allocation Failure) 2016-06-20T14:40:11.550+0100: 3051.421: [ParNew
Desired survivor size 20112992 bytes, new threshold 8 (max 8)
- age   1:    2779568 bytes,    2779568 total
- age   2:     519600 bytes,    3299168 total
- age   3:    2544112 bytes,    5843280 total
- age   4:      17256 bytes,    5860536 total
- age   5:      14160 bytes,    5874696 total
- age   6:      15968 bytes,    5890664 total
- age   7:      16032 bytes,    5906696 total
- age   8:      17216 bytes,    5923912 total
: 94752K->7256K(109248K), 0.0033732 secs] 198470K->110991K(502464K), 0.0034711 secs] [Times: user=0.00 sys=0.00, real=0.00 secs] 
Heap after GC invocations=234 (full 4):
 par new generation   total 109248K, used 7256K [0x00000000e0000000, 0x00000000e8000000, 0x00000000e8000000)
  eden space 87424K,   0% used [0x00000000e0000000, 0x00000000e0000000, 0x00000000e5560000)
  from space 21824K,  33% used [0x00000000e5560000, 0x00000000e5c76250, 0x00000000e6ab0000)
  to   space 21824K,   0% used [0x00000000e6ab0000, 0x00000000e6ab0000, 0x00000000e8000000)
 concurrent mark-sweep generation total 393216K, used 103735K [0x00000000e8000000, 0x0000000100000000, 0x0000000100000000)
 Metaspace       used 48842K, capacity 49478K, committed 49700K, reserved 1093632K
  class space    used 5242K, capacity 5412K, committed 5444K, reserved 1048576K
}
2016-06-20T14:40:11.553+0100: 3051.424: Total time for which application threads were stopped: 0.0037222 seconds, Stopping threads took: 0.0000300 seconds
{Heap before GC invocations=234 (full 4):
 par new generation   total 109248K, used 94487K [0x00000000e0000000, 0x00000000e8000000, 0x00000000e8000000)
  eden space 87424K,  99% used [0x00000000e0000000, 0x00000000e552fc80, 0x00000000e5560000)
  from space 21824K,  33% used [0x00000000e5560000, 0x00000000e5c76250, 0x00000000e6ab0000)
  to   space 21824K,   0% used [0x00000000e6ab0000, 0x00000000e6ab0000, 0x00000000e8000000)
 concurrent mark-sweep generation total 393216K, used 103735K [0x00000000e8000000, 0x0000000100000000, 0x0000000100000000)
 Metaspace       used 48842K, capacity 49478K, committed 49700K, reserved 1093632K
  class space    used 5242K, capacity 5412K, committed 5444K, reserved 1048576K
2016-06-20T14:40:11.686+0100: 3051.558: [GC (Allocation Failure) 2016-06-20T14:40:11.686+0100: 3051.558: [ParNew
Desired survivor size 20112992 bytes, new threshold 8 (max 8)
- age   1:     587048 bytes,     587048 total
- age   2:    1910400 bytes,    2497448 total
- age   3:     518200 bytes,    3015648 total
- age   4:    2533280 bytes,    5548928 total
- age   5:      17256 bytes,    5566184 total
- age   6:      14160 bytes,    5580344 total
- age   7:      15968 bytes,    5596312 total
- age   8:      16032 bytes,    5612344 total
: 94487K->6840K(109248K), 0.0026559 secs] 198223K->110592K(502464K), 0.0027447 secs] [Times: user=0.06 sys=0.00, real=0.00 secs] 
Heap after GC invocations=235 (full 4):
 par new generation   total 109248K, used 6840K [0x00000000e0000000, 0x00000000e8000000, 0x00000000e8000000)
  eden space 87424K,   0% used [0x00000000e0000000, 0x00000000e0000000, 0x00000000e5560000)
  from space 21824K,  31% used [0x00000000e6ab0000, 0x00000000e715e2b0, 0x00000000e8000000)
  to   space 21824K,   0% used [0x00000000e5560000, 0x00000000e5560000, 0x00000000e6ab0000)
 concurrent mark-sweep generation total 393216K, used 103752K [0x00000000e8000000, 0x0000000100000000, 0x0000000100000000)
 Metaspace       used 48842K, capacity 49478K, committed 49700K, reserved 1093632K
  class space    used 5242K, capacity 5412K, committed 5444K, reserved 1048576K
}
2016-06-20T14:40:11.689+0100: 3051.561: Total time for which application threads were stopped: 0.0030124 seconds, Stopping threads took: 0.0000280 seconds
2016-06-20T14:40:12.690+0100: 3052.561: Total time for which application threads were stopped: 0.0000793 seconds, Stopping threads took: 0.0000229 seconds
2016-06-20T14:40:14.691+0100: 3054.562: Total time for which application threads were stopped: 0.0000774 seconds, Stopping threads took: 0.0000205 seconds
{Heap before GC invocations=235 (full 4):
 par new generation   total 109248K, used 94264K [0x00000000e0000000, 0x00000000e8000000, 0x00000000e8000000)
  eden space 87424K, 100% used [0x00000000e0000000, 0x00000000e5560000, 0x00000000e5560000)
  from space 21824K,  31% used [0x00000000e6ab0000, 0x00000000e715e2b0, 0x00000000e8000000)
  to   space 21824K,   0% used [0x00000000e5560000, 0x00000000e5560000, 0x00000000e6ab0000)
 concurrent mark-sweep generation total 393216K, used 103752K [0x00000000e8000000, 0x0000000100000000, 0x0000000100000000)
 Metaspace       used 48842K, capacity 49478K, committed 49700K, reserved 1093632K
  class space    used 5242K, capacity 5412K, committed 5444K, reserved 1048576K
2016-06-20T14:40:15.125+0100: 3054.997: [GC (Allocation Failure) 2016-06-20T14:40:15.125+0100: 3054.997: [ParNew
Desired survivor size 20112992 bytes, new threshold 8 (max 8)
- age   1:     237656 bytes,     237656 total
- age   5:      60368 bytes,     298024 total
- age   6:      16848 bytes,     314872 total
- age   7:      13872 bytes,     328744 total
- age   8:      15632 bytes,     344376 total
: 94264K->2070K(109248K), 0.0020133 secs] 198016K->105838K(502464K), 0.0020958 secs] [Times: user=0.00 sys=0.00, real=0.00 secs] 
Heap after GC invocations=236 (full 4):
 par new generation   total 109248K, used 2070K [0x00000000e0000000, 0x00000000e8000000, 0x00000000e8000000)
  eden space 87424K,   0% used [0x00000000e0000000, 0x00000000e0000000, 0x00000000e5560000)
  from space 21824K,   9% used [0x00000000e5560000, 0x00000000e5765a40, 0x00000000e6ab0000)
  to   space 21824K,   0% used [0x00000000e6ab0000, 0x00000000e6ab0000, 0x00000000e8000000)
 concurrent mark-sweep generation total 393216K, used 103767K [0x00000000e8000000, 0x0000000100000000, 0x0000000100000000)
 Metaspace       used 48842K, capacity 49478K, committed 49700K, reserved 1093632K
  class space    used 5242K, capacity 5412K, committed 5444K, reserved 1048576K
}
2016-06-20T14:40:15.127+0100: 3054.999: Total time for which application threads were stopped: 0.0023366 seconds, Stopping threads took: 0.0000300 seconds
{Heap before GC invocations=236 (full 4):
 par new generation   total 109248K, used 89494K [0x00000000e0000000, 0x00000000e8000000, 0x00000000e8000000)
  eden space 87424K, 100% used [0x00000000e0000000, 0x00000000e5560000, 0x00000000e5560000)
  from space 21824K,   9% used [0x00000000e5560000, 0x00000000e5765a40, 0x00000000e6ab0000)
  to   space 21824K,   0% used [0x00000000e6ab0000, 0x00000000e6ab0000, 0x00000000e8000000)
 concurrent mark-sweep generation total 393216K, used 103767K [0x00000000e8000000, 0x0000000100000000, 0x0000000100000000)
 Metaspace       used 48842K, capacity 49478K, committed 49700K, reserved 1093632K
  class space    used 5242K, capacity 5412K, committed 5444K, reserved 1048576K
2016-06-20T14:40:17.152+0100: 3057.023: [GC (Allocation Failure) 2016-06-20T14:40:17.152+0100: 3057.023: [ParNew
Desired survivor size 20112992 bytes, new threshold 8 (max 8)
- age   1:     315240 bytes,     315240 total
- age   2:      17744 bytes,     332984 total
- age   6:      16880 bytes,     349864 total
- age   7:      16584 bytes,     366448 total
- age   8:      13656 bytes,     380104 total
: 89494K->553K(109248K), 0.0022225 secs] 193262K->104336K(502464K), 0.0023010 secs] [Times: user=0.00 sys=0.00, real=0.00 secs] 
Heap after GC invocations=237 (full 4):
 par new generation   total 109248K, used 553K [0x00000000e0000000, 0x00000000e8000000, 0x00000000e8000000)
  eden space 87424K,   0% used [0x00000000e0000000, 0x00000000e0000000, 0x00000000e5560000)
  from space 21824K,   2% used [0x00000000e6ab0000, 0x00000000e6b3a6a0, 0x00000000e8000000)
  to   space 21824K,   0% used [0x00000000e5560000, 0x00000000e5560000, 0x00000000e6ab0000)
 concurrent mark-sweep generation total 393216K, used 103782K [0x00000000e8000000, 0x0000000100000000, 0x0000000100000000)
 Metaspace       used 48842K, capacity 49478K, committed 49700K, reserved 1093632K
  class space    used 5242K, capacity 5412K, committed 5444K, reserved 1048576K
}
2016-06-20T14:40:17.154+0100: 3057.025: Total time for which application threads were stopped: 0.0025521 seconds, Stopping threads took: 0.0000316 seconds
2016-06-20T14:40:18.154+0100: 3058.025: Total time for which application threads were stopped: 0.0001425 seconds, Stopping threads took: 0.0000264 seconds
{Heap before GC invocations=237 (full 4):
 par new generation   total 109248K, used 87977K [0x00000000e0000000, 0x00000000e8000000, 0x00000000e8000000)
  eden space 87424K, 100% used [0x00000000e0000000, 0x00000000e5560000, 0x00000000e5560000)
  from space 21824K,   2% used [0x00000000e6ab0000, 0x00000000e6b3a6a0, 0x00000000e8000000)
  to   space 21824K,   0% used [0x00000000e5560000, 0x00000000e5560000, 0x00000000e6ab0000)
 concurrent mark-sweep generation total 393216K, used 103782K [0x00000000e8000000, 0x0000000100000000, 0x0000000100000000)
 Metaspace       used 48844K, capacity 49478K, committed 49700K, reserved 1093632K
  class space    used 5242K, capacity 5412K, committed 5444K, reserved 1048576K
2016-06-20T14:40:19.776+0100: 3059.647: [GC (Allocation Failure) 2016-06-20T14:40:19.776+0100: 3059.647: [ParNew
Desired survivor size 20112992 bytes, new threshold 8 (max 8)
- age   1:    1350800 bytes,    1350800 total
- age   2:      15576 bytes,    1366376 total
- age   3:      15112 bytes,    1381488 total
- age   7:      16808 bytes,    1398296 total
- age   8:      16336 bytes,    1414632 total
: 87977K->1512K(109248K), 0.0032686 secs] 191760K->105308K(502464K), 0.0033436 secs] [Times: user=0.00 sys=0.00, real=0.00 secs] 
Heap after GC invocations=238 (full 4):
 par new generation   total 109248K, used 1512K [0x00000000e0000000, 0x00000000e8000000, 0x00000000e8000000)
  eden space 87424K,   0% used [0x00000000e0000000, 0x00000000e0000000, 0x00000000e5560000)
  from space 21824K,   6% used [0x00000000e5560000, 0x00000000e56da2a0, 0x00000000e6ab0000)
  to   space 21824K,   0% used [0x00000000e6ab0000, 0x00000000e6ab0000, 0x00000000e8000000)
 concurrent mark-sweep generation total 393216K, used 103796K [0x00000000e8000000, 0x0000000100000000, 0x0000000100000000)
 Metaspace       used 48844K, capacity 49478K, committed 49700K, reserved 1093632K
  class space    used 5242K, capacity 5412K, committed 5444K, reserved 1048576K
}
2016-06-20T14:40:19.779+0100: 3059.651: Total time for which application threads were stopped: 0.0036041 seconds, Stopping threads took: 0.0000268 seconds
2016-06-20T14:40:20.780+0100: 3060.651: Total time for which application threads were stopped: 0.0001078 seconds, Stopping threads took: 0.0000264 seconds
{Heap before GC invocations=238 (full 4):
 par new generation   total 109248K, used 88936K [0x00000000e0000000, 0x00000000e8000000, 0x00000000e8000000)
  eden space 87424K, 100% used [0x00000000e0000000, 0x00000000e5560000, 0x00000000e5560000)
  from space 21824K,   6% used [0x00000000e5560000, 0x00000000e56da2a0, 0x00000000e6ab0000)
  to   space 21824K,   0% used [0x00000000e6ab0000, 0x00000000e6ab0000, 0x00000000e8000000)
 concurrent mark-sweep generation total 393216K, used 103796K [0x00000000e8000000, 0x0000000100000000, 0x0000000100000000)
 Metaspace       used 48844K, capacity 49478K, committed 49700K, reserved 1093632K
  class space    used 5242K, capacity 5412K, committed 5444K, reserved 1048576K
2016-06-20T14:40:22.609+0100: 3062.480: [GC (Allocation Failure) 2016-06-20T14:40:22.609+0100: 3062.481: [ParNew
Desired survivor size 20112992 bytes, new threshold 8 (max 8)
- age   1:    1506520 bytes,    1506520 total
- age   2:     339880 bytes,    1846400 total
- age   3:      15528 bytes,    1861928 total
- age   4:      15040 bytes,    1876968 total
- age   8:      16784 bytes,    1893752 total
: 88936K->2270K(109248K), 0.0031435 secs] 192732K->106082K(502464K), 0.0032390 secs] [Times: user=0.00 sys=0.00, real=0.00 secs] 
Heap after GC invocations=239 (full 4):
 par new generation   total 109248K, used 2270K [0x00000000e0000000, 0x00000000e8000000, 0x00000000e8000000)
  eden space 87424K,   0% used [0x00000000e0000000, 0x00000000e0000000, 0x00000000e5560000)
  from space 21824K,  10% used [0x00000000e6ab0000, 0x00000000e6ce7850, 0x00000000e8000000)
  to   space 21824K,   0% used [0x00000000e5560000, 0x00000000e5560000, 0x00000000e6ab0000)
 concurrent mark-sweep generation total 393216K, used 103812K [0x00000000e8000000, 0x0000000100000000, 0x0000000100000000)
 Metaspace       used 48844K, capacity 49478K, committed 49700K, reserved 1093632K
  class space    used 5242K, capacity 5412K, committed 5444K, reserved 1048576K
}
2016-06-20T14:40:22.612+0100: 3062.484: Total time for which application threads were stopped: 0.0035497 seconds, Stopping threads took: 0.0000268 seconds
2016-06-20T14:40:24.613+0100: 3064.484: Total time for which application threads were stopped: 0.0000987 seconds, Stopping threads took: 0.0000268 seconds
{Heap before GC invocations=239 (full 4):
 par new generation   total 109248K, used 89694K [0x00000000e0000000, 0x00000000e8000000, 0x00000000e8000000)
  eden space 87424K, 100% used [0x00000000e0000000, 0x00000000e5560000, 0x00000000e5560000)
  from space 21824K,  10% used [0x00000000e6ab0000, 0x00000000e6ce7850, 0x00000000e8000000)
  to   space 21824K,   0% used [0x00000000e5560000, 0x00000000e5560000, 0x00000000e6ab0000)
 concurrent mark-sweep generation total 393216K, used 103812K [0x00000000e8000000, 0x0000000100000000, 0x0000000100000000)
 Metaspace       used 48878K, capacity 49484K, committed 49700K, reserved 1093632K
  class space    used 5243K, capacity 5413K, committed 5444K, reserved 1048576K
2016-06-20T14:40:25.549+0100: 3065.420: [GC (Allocation Failure) 2016-06-20T14:40:25.549+0100: 3065.420: [ParNew
Desired survivor size 20112992 bytes, new threshold 8 (max 8)
- age   1:    1237536 bytes,    1237536 total
- age   2:     317384 bytes,    1554920 total
- age   3:     118528 bytes,    1673448 total
- age   4:      15504 bytes,    1688952 total
- age   5:      14992 bytes,    1703944 total
: 89694K->2824K(109248K), 0.0025189 secs] 193506K->106653K(502464K), 0.0025963 secs] [Times: user=0.00 sys=0.00, real=0.00 secs] 
Heap after GC invocations=240 (full 4):
 par new generation   total 109248K, used 2824K [0x00000000e0000000, 0x00000000e8000000, 0x00000000e8000000)
  eden space 87424K,   0% used [0x00000000e0000000, 0x00000000e0000000, 0x00000000e5560000)
  from space 21824K,  12% used [0x00000000e5560000, 0x00000000e5822270, 0x00000000e6ab0000)
  to   space 21824K,   0% used [0x00000000e6ab0000, 0x00000000e6ab0000, 0x00000000e8000000)
 concurrent mark-sweep generation total 393216K, used 103828K [0x00000000e8000000, 0x0000000100000000, 0x0000000100000000)
 Metaspace       used 48878K, capacity 49484K, committed 49700K, reserved 1093632K
  class space    used 5243K, capacity 5413K, committed 5444K, reserved 1048576K
}
2016-06-20T14:40:25.551+0100: 3065.423: Total time for which application threads were stopped: 0.0028391 seconds, Stopping threads took: 0.0000268 seconds
2016-06-20T14:40:26.552+0100: 3066.423: Total time for which application threads were stopped: 0.0001007 seconds, Stopping threads took: 0.0000292 seconds
2016-06-20T14:40:27.553+0100: 3067.424: Total time for which application threads were stopped: 0.0001370 seconds, Stopping threads took: 0.0000549 seconds
{Heap before GC invocations=240 (full 4):
 par new generation   total 109248K, used 90248K [0x00000000e0000000, 0x00000000e8000000, 0x00000000e8000000)
  eden space 87424K, 100% used [0x00000000e0000000, 0x00000000e5560000, 0x00000000e5560000)
  from space 21824K,  12% used [0x00000000e5560000, 0x00000000e5822270, 0x00000000e6ab0000)
  to   space 21824K,   0% used [0x00000000e6ab0000, 0x00000000e6ab0000, 0x00000000e8000000)
 concurrent mark-sweep generation total 393216K, used 103828K [0x00000000e8000000, 0x0000000100000000, 0x0000000100000000)
 Metaspace       used 48893K, capacity 49484K, committed 49700K, reserved 1093632K
  class space    used 5243K, capacity 5413K, committed 5444K, reserved 1048576K
2016-06-20T14:40:30.823+0100: 3070.695: [GC (Allocation Failure) 2016-06-20T14:40:30.823+0100: 3070.695: [ParNew
Desired survivor size 20112992 bytes, new threshold 8 (max 8)
- age   1:    1625936 bytes,    1625936 total
- age   2:     325616 bytes,    1951552 total
- age   3:     313744 bytes,    2265296 total
- age   4:     115424 bytes,    2380720 total
- age   5:      15384 bytes,    2396104 total
- age   6:      14896 bytes,    2411000 total
: 90248K->2791K(109248K), 0.0031975 secs] 194077K->106620K(502464K), 0.0033132 secs] [Times: user=0.00 sys=0.01, real=0.00 secs] 
Heap after GC invocations=241 (full 4):
 par new generation   total 109248K, used 2791K [0x00000000e0000000, 0x00000000e8000000, 0x00000000e8000000)
  eden space 87424K,   0% used [0x00000000e0000000, 0x00000000e0000000, 0x00000000e5560000)
  from space 21824K,  12% used [0x00000000e6ab0000, 0x00000000e6d69e18, 0x00000000e8000000)
  to   space 21824K,   0% used [0x00000000e5560000, 0x00000000e5560000, 0x00000000e6ab0000)
 concurrent mark-sweep generation total 393216K, used 103828K [0x00000000e8000000, 0x0000000100000000, 0x0000000100000000)
 Metaspace       used 48893K, capacity 49484K, committed 49700K, reserved 1093632K
  class space    used 5243K, capacity 5413K, committed 5444K, reserved 1048576K
}
2016-06-20T14:40:30.827+0100: 3070.698: Total time for which application threads were stopped: 0.0035789 seconds, Stopping threads took: 0.0000304 seconds
2016-06-20T14:40:33.828+0100: 3073.700: Total time for which application threads were stopped: 0.0001022 seconds, Stopping threads took: 0.0000316 seconds
2016-06-20T14:40:34.829+0100: 3074.700: Total time for which application threads were stopped: 0.0000940 seconds, Stopping threads took: 0.0000249 seconds
2016-06-20T14:40:34.832+0100: 3074.703: Total time for which application threads were stopped: 0.0002159 seconds, Stopping threads took: 0.0000229 seconds
{Heap before GC invocations=241 (full 4):
 par new generation   total 109248K, used 90212K [0x00000000e0000000, 0x00000000e8000000, 0x00000000e8000000)
  eden space 87424K,  99% used [0x00000000e0000000, 0x00000000e555f348, 0x00000000e5560000)
  from space 21824K,  12% used [0x00000000e6ab0000, 0x00000000e6d69e18, 0x00000000e8000000)
  to   space 21824K,   0% used [0x00000000e5560000, 0x00000000e5560000, 0x00000000e6ab0000)
 concurrent mark-sweep generation total 393216K, used 103828K [0x00000000e8000000, 0x0000000100000000, 0x0000000100000000)
 Metaspace       used 48898K, capacity 49484K, committed 49700K, reserved 1093632K
  class space    used 5243K, capacity 5413K, committed 5444K, reserved 1048576K
2016-06-20T14:40:35.102+0100: 3074.974: [GC (Allocation Failure) 2016-06-20T14:40:35.102+0100: 3074.974: [ParNew
Desired survivor size 20112992 bytes, new threshold 8 (max 8)
- age   1:    1774168 bytes,    1774168 total
- age   2:     251352 bytes,    2025520 total
- age   3:     322056 bytes,    2347576 total
- age   4:     240080 bytes,    2587656 total
- age   5:     115376 bytes,    2703032 total
- age   6:      15264 bytes,    2718296 total
- age   7:      14824 bytes,    2733120 total
: 90212K->3748K(109248K), 0.0030858 secs] 194040K->107577K(502464K), 0.0032346 secs] [Times: user=0.00 sys=0.00, real=0.00 secs] 
Heap after GC invocations=242 (full 4):
 par new generation   total 109248K, used 3748K [0x00000000e0000000, 0x00000000e8000000, 0x00000000e8000000)
  eden space 87424K,   0% used [0x00000000e0000000, 0x00000000e0000000, 0x00000000e5560000)
  from space 21824K,  17% used [0x00000000e5560000, 0x00000000e59093c0, 0x00000000e6ab0000)
  to   space 21824K,   0% used [0x00000000e6ab0000, 0x00000000e6ab0000, 0x00000000e8000000)
 concurrent mark-sweep generation total 393216K, used 103828K [0x00000000e8000000, 0x0000000100000000, 0x0000000100000000)
 Metaspace       used 48898K, capacity 49484K, committed 49700K, reserved 1093632K
  class space    used 5243K, capacity 5413K, committed 5444K, reserved 1048576K
}
2016-06-20T14:40:35.106+0100: 3074.978: Total time for which application threads were stopped: 0.0035011 seconds, Stopping threads took: 0.0000272 seconds
2016-06-20T14:40:36.107+0100: 3075.978: Total time for which application threads were stopped: 0.0003229 seconds, Stopping threads took: 0.0001374 seconds
2016-06-20T14:40:37.644+0100: 3077.516: Total time for which application threads were stopped: 0.0001484 seconds, Stopping threads took: 0.0000170 seconds
2016-06-20T14:40:37.644+0100: 3077.516: Total time for which application threads were stopped: 0.0000841 seconds, Stopping threads took: 0.0000075 seconds
{Heap before GC invocations=242 (full 4):
 par new generation   total 109248K, used 91172K [0x00000000e0000000, 0x00000000e8000000, 0x00000000e8000000)
  eden space 87424K, 100% used [0x00000000e0000000, 0x00000000e5560000, 0x00000000e5560000)
  from space 21824K,  17% used [0x00000000e5560000, 0x00000000e59093c0, 0x00000000e6ab0000)
  to   space 21824K,   0% used [0x00000000e6ab0000, 0x00000000e6ab0000, 0x00000000e8000000)
 concurrent mark-sweep generation total 393216K, used 103828K [0x00000000e8000000, 0x0000000100000000, 0x0000000100000000)
 Metaspace       used 48898K, capacity 49484K, committed 49700K, reserved 1093632K
  class space    used 5243K, capacity 5413K, committed 5444K, reserved 1048576K
2016-06-20T14:40:38.391+0100: 3078.262: [GC (Allocation Failure) 2016-06-20T14:40:38.391+0100: 3078.262: [ParNew
Desired survivor size 20112992 bytes, new threshold 8 (max 8)
- age   1:     770312 bytes,     770312 total
- age   2:     179944 bytes,     950256 total
- age   3:     247760 bytes,    1198016 total
- age   4:     322032 bytes,    1520048 total
- age   5:     237336 bytes,    1757384 total
- age   6:     115376 bytes,    1872760 total
- age   7:      15240 bytes,    1888000 total
- age   8:      14752 bytes,    1902752 total
: 91172K->2689K(109248K), 0.0025178 secs] 195001K->106517K(502464K), 0.0025892 secs] [Times: user=0.00 sys=0.00, real=0.00 secs] 
Heap after GC invocations=243 (full 4):
 par new generation   total 109248K, used 2689K [0x00000000e0000000, 0x00000000e8000000, 0x00000000e8000000)
  eden space 87424K,   0% used [0x00000000e0000000, 0x00000000e0000000, 0x00000000e5560000)
  from space 21824K,  12% used [0x00000000e6ab0000, 0x00000000e6d504a0, 0x00000000e8000000)
  to   space 21824K,   0% used [0x00000000e5560000, 0x00000000e5560000, 0x00000000e6ab0000)
 concurrent mark-sweep generation total 393216K, used 103828K [0x00000000e8000000, 0x0000000100000000, 0x0000000100000000)
 Metaspace       used 48898K, capacity 49484K, committed 49700K, reserved 1093632K
  class space    used 5243K, capacity 5413K, committed 5444K, reserved 1048576K
}
2016-06-20T14:40:38.394+0100: 3078.265: Total time for which application threads were stopped: 0.0028845 seconds, Stopping threads took: 0.0000229 seconds
{Heap before GC invocations=243 (full 4):
 par new generation   total 109248K, used 90063K [0x00000000e0000000, 0x00000000e8000000, 0x00000000e8000000)
  eden space 87424K,  99% used [0x00000000e0000000, 0x00000000e55537d0, 0x00000000e5560000)
  from space 21824K,  12% used [0x00000000e6ab0000, 0x00000000e6d504a0, 0x00000000e8000000)
  to   space 21824K,   0% used [0x00000000e5560000, 0x00000000e5560000, 0x00000000e6ab0000)
 concurrent mark-sweep generation total 393216K, used 103828K [0x00000000e8000000, 0x0000000100000000, 0x0000000100000000)
 Metaspace       used 48898K, capacity 49484K, committed 49700K, reserved 1093632K
  class space    used 5243K, capacity 5413K, committed 5444K, reserved 1048576K
2016-06-20T14:40:42.809+0100: 3082.680: [GC (Allocation Failure) 2016-06-20T14:40:42.809+0100: 3082.680: [ParNew
Desired survivor size 20112992 bytes, new threshold 1 (max 8)
- age   1:   20556072 bytes,   20556072 total
- age   2:     266200 bytes,   20822272 total
- age   3:     102376 bytes,   20924648 total
- age   4:     247760 bytes,   21172408 total
- age   5:     322032 bytes,   21494440 total
- age   6:     237336 bytes,   21731776 total
- age   7:     115376 bytes,   21847152 total
- age   8:      15216 bytes,   21862368 total
: 90063K->21824K(109248K), 0.0123267 secs] 193891K->131171K(502464K), 0.0124238 secs] [Times: user=0.06 sys=0.00, real=0.01 secs] 
Heap after GC invocations=244 (full 4):
 par new generation   total 109248K, used 21824K [0x00000000e0000000, 0x00000000e8000000, 0x00000000e8000000)
  eden space 87424K,   0% used [0x00000000e0000000, 0x00000000e0000000, 0x00000000e5560000)
  from space 21824K, 100% used [0x00000000e5560000, 0x00000000e6ab0000, 0x00000000e6ab0000)
  to   space 21824K,   0% used [0x00000000e6ab0000, 0x00000000e6ab0000, 0x00000000e8000000)
 concurrent mark-sweep generation total 393216K, used 109347K [0x00000000e8000000, 0x0000000100000000, 0x0000000100000000)
 Metaspace       used 48898K, capacity 49484K, committed 49700K, reserved 1093632K
  class space    used 5243K, capacity 5413K, committed 5444K, reserved 1048576K
}
2016-06-20T14:40:42.821+0100: 3082.693: Total time for which application threads were stopped: 0.0126938 seconds, Stopping threads took: 0.0000292 seconds
{Heap before GC invocations=244 (full 4):
 par new generation   total 109248K, used 109248K [0x00000000e0000000, 0x00000000e8000000, 0x00000000e8000000)
  eden space 87424K, 100% used [0x00000000e0000000, 0x00000000e5560000, 0x00000000e5560000)
  from space 21824K, 100% used [0x00000000e5560000, 0x00000000e6ab0000, 0x00000000e6ab0000)
  to   space 21824K,   0% used [0x00000000e6ab0000, 0x00000000e6ab0000, 0x00000000e8000000)
 concurrent mark-sweep generation total 393216K, used 109347K [0x00000000e8000000, 0x0000000100000000, 0x0000000100000000)
 Metaspace       used 48898K, capacity 49484K, committed 49700K, reserved 1093632K
  class space    used 5243K, capacity 5413K, committed 5444K, reserved 1048576K
2016-06-20T14:40:42.981+0100: 3082.853: [GC (Allocation Failure) 2016-06-20T14:40:42.982+0100: 3082.853: [ParNew
Desired survivor size 20112992 bytes, new threshold 8 (max 8)
- age   1:     596064 bytes,     596064 total
: 109248K->16170K(109248K), 0.0140206 secs] 218595K->146362K(502464K), 0.0141221 secs] [Times: user=0.03 sys=0.03, real=0.02 secs] 
Heap after GC invocations=245 (full 4):
 par new generation   total 109248K, used 16170K [0x00000000e0000000, 0x00000000e8000000, 0x00000000e8000000)
  eden space 87424K,   0% used [0x00000000e0000000, 0x00000000e0000000, 0x00000000e5560000)
  from space 21824K,  74% used [0x00000000e6ab0000, 0x00000000e7a7a860, 0x00000000e8000000)
  to   space 21824K,   0% used [0x00000000e5560000, 0x00000000e5560000, 0x00000000e6ab0000)
 concurrent mark-sweep generation total 393216K, used 130192K [0x00000000e8000000, 0x0000000100000000, 0x0000000100000000)
 Metaspace       used 48898K, capacity 49484K, committed 49700K, reserved 1093632K
  class space    used 5243K, capacity 5413K, committed 5444K, reserved 1048576K
}
2016-06-20T14:40:42.996+0100: 3082.867: Total time for which application threads were stopped: 0.0144094 seconds, Stopping threads took: 0.0000264 seconds
{Heap before GC invocations=245 (full 4):
 par new generation   total 109248K, used 103594K [0x00000000e0000000, 0x00000000e8000000, 0x00000000e8000000)
  eden space 87424K, 100% used [0x00000000e0000000, 0x00000000e5560000, 0x00000000e5560000)
  from space 21824K,  74% used [0x00000000e6ab0000, 0x00000000e7a7a860, 0x00000000e8000000)
  to   space 21824K,   0% used [0x00000000e5560000, 0x00000000e5560000, 0x00000000e6ab0000)
 concurrent mark-sweep generation total 393216K, used 130192K [0x00000000e8000000, 0x0000000100000000, 0x0000000100000000)
 Metaspace       used 48898K, capacity 49484K, committed 49700K, reserved 1093632K
  class space    used 5243K, capacity 5413K, committed 5444K, reserved 1048576K
2016-06-20T14:40:43.100+0100: 3082.971: [GC (Allocation Failure) 2016-06-20T14:40:43.100+0100: 3082.971: [ParNew
Desired survivor size 20112992 bytes, new threshold 8 (max 8)
- age   1:     328248 bytes,     328248 total
- age   2:     371088 bytes,     699336 total
: 103594K->4097K(109248K), 0.0018258 secs] 233786K->134289K(502464K), 0.0018940 secs] [Times: user=0.00 sys=0.00, real=0.00 secs] 
Heap after GC invocations=246 (full 4):
 par new generation   total 109248K, used 4097K [0x00000000e0000000, 0x00000000e8000000, 0x00000000e8000000)
  eden space 87424K,   0% used [0x00000000e0000000, 0x00000000e0000000, 0x00000000e5560000)
  from space 21824K,  18% used [0x00000000e5560000, 0x00000000e5960440, 0x00000000e6ab0000)
  to   space 21824K,   0% used [0x00000000e6ab0000, 0x00000000e6ab0000, 0x00000000e8000000)
 concurrent mark-sweep generation total 393216K, used 130192K [0x00000000e8000000, 0x0000000100000000, 0x0000000100000000)
 Metaspace       used 48898K, capacity 49484K, committed 49700K, reserved 1093632K
  class space    used 5243K, capacity 5413K, committed 5444K, reserved 1048576K
}
2016-06-20T14:40:43.102+0100: 3082.973: Total time for which application threads were stopped: 0.0021064 seconds, Stopping threads took: 0.0000229 seconds
{Heap before GC invocations=246 (full 4):
 par new generation   total 109248K, used 91521K [0x00000000e0000000, 0x00000000e8000000, 0x00000000e8000000)
  eden space 87424K, 100% used [0x00000000e0000000, 0x00000000e5560000, 0x00000000e5560000)
  from space 21824K,  18% used [0x00000000e5560000, 0x00000000e5960440, 0x00000000e6ab0000)
  to   space 21824K,   0% used [0x00000000e6ab0000, 0x00000000e6ab0000, 0x00000000e8000000)
 concurrent mark-sweep generation total 393216K, used 130192K [0x00000000e8000000, 0x0000000100000000, 0x0000000100000000)
 Metaspace       used 48898K, capacity 49484K, committed 49700K, reserved 1093632K
  class space    used 5243K, capacity 5413K, committed 5444K, reserved 1048576K
2016-06-20T14:40:43.209+0100: 3083.080: [GC (Allocation Failure) 2016-06-20T14:40:43.209+0100: 3083.080: [ParNew
Desired survivor size 20112992 bytes, new threshold 8 (max 8)
- age   1:    1444464 bytes,    1444464 total
- age   2:      44840 bytes,    1489304 total
- age   3:     190848 bytes,    1680152 total
: 91521K->2546K(109248K), 0.0024064 secs] 221713K->132739K(502464K), 0.0024720 secs] [Times: user=0.00 sys=0.00, real=0.00 secs] 
Heap after GC invocations=247 (full 4):
 par new generation   total 109248K, used 2546K [0x00000000e0000000, 0x00000000e8000000, 0x00000000e8000000)
  eden space 87424K,   0% used [0x00000000e0000000, 0x00000000e0000000, 0x00000000e5560000)
  from space 21824K,  11% used [0x00000000e6ab0000, 0x00000000e6d2cb50, 0x00000000e8000000)
  to   space 21824K,   0% used [0x00000000e5560000, 0x00000000e5560000, 0x00000000e6ab0000)
 concurrent mark-sweep generation total 393216K, used 130192K [0x00000000e8000000, 0x0000000100000000, 0x0000000100000000)
 Metaspace       used 48898K, capacity 49484K, committed 49700K, reserved 1093632K
  class space    used 5243K, capacity 5413K, committed 5444K, reserved 1048576K
}
2016-06-20T14:40:43.212+0100: 3083.083: Total time for which application threads were stopped: 0.0026480 seconds, Stopping threads took: 0.0000205 seconds
{Heap before GC invocations=247 (full 4):
 par new generation   total 109248K, used 89970K [0x00000000e0000000, 0x00000000e8000000, 0x00000000e8000000)
  eden space 87424K, 100% used [0x00000000e0000000, 0x00000000e5560000, 0x00000000e5560000)
  from space 21824K,  11% used [0x00000000e6ab0000, 0x00000000e6d2cb50, 0x00000000e8000000)
  to   space 21824K,   0% used [0x00000000e5560000, 0x00000000e5560000, 0x00000000e6ab0000)
 concurrent mark-sweep generation total 393216K, used 130192K [0x00000000e8000000, 0x0000000100000000, 0x0000000100000000)
 Metaspace       used 48898K, capacity 49484K, committed 49700K, reserved 1093632K
  class space    used 5243K, capacity 5413K, committed 5444K, reserved 1048576K
2016-06-20T14:40:43.323+0100: 3083.194: [GC (Allocation Failure) 2016-06-20T14:40:43.323+0100: 3083.194: [ParNew
Desired survivor size 20112992 bytes, new threshold 8 (max 8)
- age   1:    1061856 bytes,    1061856 total
- age   2:     421496 bytes,    1483352 total
- age   3:      44840 bytes,    1528192 total
- age   4:     190848 bytes,    1719040 total
: 89970K->2221K(109248K), 0.0026413 secs] 220163K->132414K(502464K), 0.0027455 secs] [Times: user=0.00 sys=0.00, real=0.00 secs] 
Heap after GC invocations=248 (full 4):
 par new generation   total 109248K, used 2221K [0x00000000e0000000, 0x00000000e8000000, 0x00000000e8000000)
  eden space 87424K,   0% used [0x00000000e0000000, 0x00000000e0000000, 0x00000000e5560000)
  from space 21824K,  10% used [0x00000000e5560000, 0x00000000e578b630, 0x00000000e6ab0000)
  to   space 21824K,   0% used [0x00000000e6ab0000, 0x00000000e6ab0000, 0x00000000e8000000)
 concurrent mark-sweep generation total 393216K, used 130192K [0x00000000e8000000, 0x0000000100000000, 0x0000000100000000)
 Metaspace       used 48898K, capacity 49484K, committed 49700K, reserved 1093632K
  class space    used 5243K, capacity 5413K, committed 5444K, reserved 1048576K
}
2016-06-20T14:40:43.325+0100: 3083.197: Total time for which application threads were stopped: 0.0030459 seconds, Stopping threads took: 0.0000233 seconds
{Heap before GC invocations=248 (full 4):
 par new generation   total 109248K, used 89645K [0x00000000e0000000, 0x00000000e8000000, 0x00000000e8000000)
  eden space 87424K, 100% used [0x00000000e0000000, 0x00000000e5560000, 0x00000000e5560000)
  from space 21824K,  10% used [0x00000000e5560000, 0x00000000e578b630, 0x00000000e6ab0000)
  to   space 21824K,   0% used [0x00000000e6ab0000, 0x00000000e6ab0000, 0x00000000e8000000)
 concurrent mark-sweep generation total 393216K, used 130192K [0x00000000e8000000, 0x0000000100000000, 0x0000000100000000)
 Metaspace       used 48898K, capacity 49484K, committed 49700K, reserved 1093632K
  class space    used 5243K, capacity 5413K, committed 5444K, reserved 1048576K
2016-06-20T14:40:43.459+0100: 3083.330: [GC (Allocation Failure) 2016-06-20T14:40:43.459+0100: 3083.330: [ParNew
Desired survivor size 20112992 bytes, new threshold 8 (max 8)
- age   1:    1595152 bytes,    1595152 total
- age   2:     172536 bytes,    1767688 total
- age   3:      61032 bytes,    1828720 total
- age   4:      44840 bytes,    1873560 total
- age   5:     190848 bytes,    2064408 total
: 89645K->2257K(109248K), 0.0021668 secs] 219838K->132450K(502464K), 0.0022339 secs] [Times: user=0.00 sys=0.00, real=0.00 secs] 
Heap after GC invocations=249 (full 4):
 par new generation   total 109248K, used 2257K [0x00000000e0000000, 0x00000000e8000000, 0x00000000e8000000)
  eden space 87424K,   0% used [0x00000000e0000000, 0x00000000e0000000, 0x00000000e5560000)
  from space 21824K,  10% used [0x00000000e6ab0000, 0x00000000e6ce4660, 0x00000000e8000000)
  to   space 21824K,   0% used [0x00000000e5560000, 0x00000000e5560000, 0x00000000e6ab0000)
 concurrent mark-sweep generation total 393216K, used 130192K [0x00000000e8000000, 0x0000000100000000, 0x0000000100000000)
 Metaspace       used 48898K, capacity 49484K, committed 49700K, reserved 1093632K
  class space    used 5243K, capacity 5413K, committed 5444K, reserved 1048576K
}
2016-06-20T14:40:43.461+0100: 3083.332: Total time for which application threads were stopped: 0.0024621 seconds, Stopping threads took: 0.0000213 seconds
{Heap before GC invocations=249 (full 4):
 par new generation   total 109248K, used 89681K [0x00000000e0000000, 0x00000000e8000000, 0x00000000e8000000)
  eden space 87424K, 100% used [0x00000000e0000000, 0x00000000e5560000, 0x00000000e5560000)
  from space 21824K,  10% used [0x00000000e6ab0000, 0x00000000e6ce4660, 0x00000000e8000000)
  to   space 21824K,   0% used [0x00000000e5560000, 0x00000000e5560000, 0x00000000e6ab0000)
 concurrent mark-sweep generation total 393216K, used 130192K [0x00000000e8000000, 0x0000000100000000, 0x0000000100000000)
 Metaspace       used 48898K, capacity 49484K, committed 49700K, reserved 1093632K
  class space    used 5243K, capacity 5413K, committed 5444K, reserved 1048576K
2016-06-20T14:40:43.563+0100: 3083.434: [GC (Allocation Failure) 2016-06-20T14:40:43.563+0100: 3083.434: [ParNew
Desired survivor size 20112992 bytes, new threshold 8 (max 8)
- age   1:     686240 bytes,     686240 total
- age   2:     894120 bytes,    1580360 total
- age   3:     172536 bytes,    1752896 total
- age   4:      61032 bytes,    1813928 total
- age   5:      44840 bytes,    1858768 total
- age   6:     190848 bytes,    2049616 total
: 89681K->2275K(109248K), 0.0022963 secs] 219874K->132468K(502464K), 0.0023792 secs] [Times: user=0.00 sys=0.00, real=0.00 secs] 
Heap after GC invocations=250 (full 4):
 par new generation   total 109248K, used 2275K [0x00000000e0000000, 0x00000000e8000000, 0x00000000e8000000)
  eden space 87424K,   0% used [0x00000000e0000000, 0x00000000e0000000, 0x00000000e5560000)
  from space 21824K,  10% used [0x00000000e5560000, 0x00000000e5798da0, 0x00000000e6ab0000)
  to   space 21824K,   0% used [0x00000000e6ab0000, 0x00000000e6ab0000, 0x00000000e8000000)
 concurrent mark-sweep generation total 393216K, used 130192K [0x00000000e8000000, 0x0000000100000000, 0x0000000100000000)
 Metaspace       used 48898K, capacity 49484K, committed 49700K, reserved 1093632K
  class space    used 5243K, capacity 5413K, committed 5444K, reserved 1048576K
}
2016-06-20T14:40:43.565+0100: 3083.437: Total time for which application threads were stopped: 0.0025928 seconds, Stopping threads took: 0.0000253 seconds
{Heap before GC invocations=250 (full 4):
 par new generation   total 109248K, used 89699K [0x00000000e0000000, 0x00000000e8000000, 0x00000000e8000000)
  eden space 87424K, 100% used [0x00000000e0000000, 0x00000000e5560000, 0x00000000e5560000)
  from space 21824K,  10% used [0x00000000e5560000, 0x00000000e5798da0, 0x00000000e6ab0000)
  to   space 21824K,   0% used [0x00000000e6ab0000, 0x00000000e6ab0000, 0x00000000e8000000)
 concurrent mark-sweep generation total 393216K, used 130192K [0x00000000e8000000, 0x0000000100000000, 0x0000000100000000)
 Metaspace       used 48898K, capacity 49484K, committed 49700K, reserved 1093632K
  class space    used 5243K, capacity 5413K, committed 5444K, reserved 1048576K
2016-06-20T14:40:43.669+0100: 3083.540: [GC (Allocation Failure) 2016-06-20T14:40:43.669+0100: 3083.540: [ParNew
Desired survivor size 20112992 bytes, new threshold 8 (max 8)
- age   1:     492744 bytes,     492744 total
- age   2:      25312 bytes,     518056 total
- age   3:     894120 bytes,    1412176 total
- age   4:     172536 bytes,    1584712 total
- age   5:      61032 bytes,    1645744 total
- age   6:      44840 bytes,    1690584 total
- age   7:     207248 bytes,    1897832 total
: 89699K->2500K(109248K), 0.0021266 secs] 219892K->132693K(502464K), 0.0022035 secs] [Times: user=0.00 sys=0.00, real=0.00 secs] 
Heap after GC invocations=251 (full 4):
 par new generation   total 109248K, used 2500K [0x00000000e0000000, 0x00000000e8000000, 0x00000000e8000000)
  eden space 87424K,   0% used [0x00000000e0000000, 0x00000000e0000000, 0x00000000e5560000)
  from space 21824K,  11% used [0x00000000e6ab0000, 0x00000000e6d21230, 0x00000000e8000000)
  to   space 21824K,   0% used [0x00000000e5560000, 0x00000000e5560000, 0x00000000e6ab0000)
 concurrent mark-sweep generation total 393216K, used 130192K [0x00000000e8000000, 0x0000000100000000, 0x0000000100000000)
 Metaspace       used 48898K, capacity 49484K, committed 49700K, reserved 1093632K
  class space    used 5243K, capacity 5413K, committed 5444K, reserved 1048576K
}
2016-06-20T14:40:43.671+0100: 3083.542: Total time for which application threads were stopped: 0.0024921 seconds, Stopping threads took: 0.0000261 seconds
{Heap before GC invocations=251 (full 4):
 par new generation   total 109248K, used 89924K [0x00000000e0000000, 0x00000000e8000000, 0x00000000e8000000)
  eden space 87424K, 100% used [0x00000000e0000000, 0x00000000e5560000, 0x00000000e5560000)
  from space 21824K,  11% used [0x00000000e6ab0000, 0x00000000e6d21230, 0x00000000e8000000)
  to   space 21824K,   0% used [0x00000000e5560000, 0x00000000e5560000, 0x00000000e6ab0000)
 concurrent mark-sweep generation total 393216K, used 130192K [0x00000000e8000000, 0x0000000100000000, 0x0000000100000000)
 Metaspace       used 48898K, capacity 49484K, committed 49700K, reserved 1093632K
  class space    used 5243K, capacity 5413K, committed 5444K, reserved 1048576K
2016-06-20T14:40:43.800+0100: 3083.671: [GC (Allocation Failure) 2016-06-20T14:40:43.800+0100: 3083.671: [ParNew
Desired survivor size 20112992 bytes, new threshold 8 (max 8)
- age   1:     574760 bytes,     574760 total
- age   2:     141080 bytes,     715840 total
- age   3:      25312 bytes,     741152 total
- age   4:     894120 bytes,    1635272 total
- age   5:     172536 bytes,    1807808 total
- age   6:      61032 bytes,    1868840 total
- age   7:      44840 bytes,    1913680 total
- age   8:     190848 bytes,    2104528 total
: 89924K->2253K(109248K), 0.0022079 secs] 220117K->132446K(502464K), 0.0022750 secs] [Times: user=0.00 sys=0.00, real=0.00 secs] 
Heap after GC invocations=252 (full 4):
 par new generation   total 109248K, used 2253K [0x00000000e0000000, 0x00000000e8000000, 0x00000000e8000000)
  eden space 87424K,   0% used [0x00000000e0000000, 0x00000000e0000000, 0x00000000e5560000)
  from space 21824K,  10% used [0x00000000e5560000, 0x00000000e5793760, 0x00000000e6ab0000)
  to   space 21824K,   0% used [0x00000000e6ab0000, 0x00000000e6ab0000, 0x00000000e8000000)
 concurrent mark-sweep generation total 393216K, used 130192K [0x00000000e8000000, 0x0000000100000000, 0x0000000100000000)
 Metaspace       used 48898K, capacity 49484K, committed 49700K, reserved 1093632K
  class space    used 5243K, capacity 5413K, committed 5444K, reserved 1048576K
}
2016-06-20T14:40:43.802+0100: 3083.673: Total time for which application threads were stopped: 0.0024526 seconds, Stopping threads took: 0.0000229 seconds
{Heap before GC invocations=252 (full 4):
 par new generation   total 109248K, used 89677K [0x00000000e0000000, 0x00000000e8000000, 0x00000000e8000000)
  eden space 87424K, 100% used [0x00000000e0000000, 0x00000000e5560000, 0x00000000e5560000)
  from space 21824K,  10% used [0x00000000e5560000, 0x00000000e5793760, 0x00000000e6ab0000)
  to   space 21824K,   0% used [0x00000000e6ab0000, 0x00000000e6ab0000, 0x00000000e8000000)
 concurrent mark-sweep generation total 393216K, used 130192K [0x00000000e8000000, 0x0000000100000000, 0x0000000100000000)
 Metaspace       used 48898K, capacity 49484K, committed 49700K, reserved 1093632K
  class space    used 5243K, capacity 5413K, committed 5444K, reserved 1048576K
2016-06-20T14:40:43.921+0100: 3083.792: [GC (Allocation Failure) 2016-06-20T14:40:43.921+0100: 3083.792: [ParNew
Desired survivor size 20112992 bytes, new threshold 8 (max 8)
- age   1:     999168 bytes,     999168 total
- age   2:      44432 bytes,    1043600 total
- age   3:     141080 bytes,    1184680 total
- age   4:      25312 bytes,    1209992 total
- age   5:     894120 bytes,    2104112 total
- age   6:     172536 bytes,    2276648 total
- age   7:      61032 bytes,    2337680 total
- age   8:      44840 bytes,    2382520 total
: 89677K->2945K(109248K), 0.0028963 secs] 219870K->133324K(502464K), 0.0029836 secs] [Times: user=0.00 sys=0.00, real=0.00 secs] 
Heap after GC invocations=253 (full 4):
 par new generation   total 109248K, used 2945K [0x00000000e0000000, 0x00000000e8000000, 0x00000000e8000000)
  eden space 87424K,   0% used [0x00000000e0000000, 0x00000000e0000000, 0x00000000e5560000)
  from space 21824K,  13% used [0x00000000e6ab0000, 0x00000000e6d90490, 0x00000000e8000000)
  to   space 21824K,   0% used [0x00000000e5560000, 0x00000000e5560000, 0x00000000e6ab0000)
 concurrent mark-sweep generation total 393216K, used 130379K [0x00000000e8000000, 0x0000000100000000, 0x0000000100000000)
 Metaspace       used 48898K, capacity 49484K, committed 49700K, reserved 1093632K
  class space    used 5243K, capacity 5413K, committed 5444K, reserved 1048576K
}
2016-06-20T14:40:43.924+0100: 3083.795: Total time for which application threads were stopped: 0.0032457 seconds, Stopping threads took: 0.0000284 seconds
{Heap before GC invocations=253 (full 4):
 par new generation   total 109248K, used 90369K [0x00000000e0000000, 0x00000000e8000000, 0x00000000e8000000)
  eden space 87424K, 100% used [0x00000000e0000000, 0x00000000e5560000, 0x00000000e5560000)
  from space 21824K,  13% used [0x00000000e6ab0000, 0x00000000e6d90490, 0x00000000e8000000)
  to   space 21824K,   0% used [0x00000000e5560000, 0x00000000e5560000, 0x00000000e6ab0000)
 concurrent mark-sweep generation total 393216K, used 130379K [0x00000000e8000000, 0x0000000100000000, 0x0000000100000000)
 Metaspace       used 48898K, capacity 49484K, committed 49700K, reserved 1093632K
  class space    used 5243K, capacity 5413K, committed 5444K, reserved 1048576K
2016-06-20T14:40:44.033+0100: 3083.905: [GC (Allocation Failure) 2016-06-20T14:40:44.033+0100: 3083.905: [ParNew
Desired survivor size 20112992 bytes, new threshold 8 (max 8)
- age   1:    2796568 bytes,    2796568 total
- age   2:      28720 bytes,    2825288 total
- age   3:      44392 bytes,    2869680 total
- age   4:     141080 bytes,    3010760 total
- age   5:      25312 bytes,    3036072 total
- age   6:     173208 bytes,    3209280 total
- age   7:     172536 bytes,    3381816 total
- age   8:      61032 bytes,    3442848 total
: 90369K->3814K(109248K), 0.0029852 secs] 220748K->134237K(502464K), 0.0030404 secs] [Times: user=0.00 sys=0.00, real=0.00 secs] 
Heap after GC invocations=254 (full 4):
 par new generation   total 109248K, used 3814K [0x00000000e0000000, 0x00000000e8000000, 0x00000000e8000000)
  eden space 87424K,   0% used [0x00000000e0000000, 0x00000000e0000000, 0x00000000e5560000)
  from space 21824K,  17% used [0x00000000e5560000, 0x00000000e59199f0, 0x00000000e6ab0000)
  to   space 21824K,   0% used [0x00000000e6ab0000, 0x00000000e6ab0000, 0x00000000e8000000)
 concurrent mark-sweep generation total 393216K, used 130423K [0x00000000e8000000, 0x0000000100000000, 0x0000000100000000)
 Metaspace       used 48898K, capacity 49484K, committed 49700K, reserved 1093632K
  class space    used 5243K, capacity 5413K, committed 5444K, reserved 1048576K
}
2016-06-20T14:40:44.036+0100: 3083.908: Total time for which application threads were stopped: 0.0032536 seconds, Stopping threads took: 0.0000221 seconds
{Heap before GC invocations=254 (full 4):
 par new generation   total 109248K, used 91238K [0x00000000e0000000, 0x00000000e8000000, 0x00000000e8000000)
  eden space 87424K, 100% used [0x00000000e0000000, 0x00000000e5560000, 0x00000000e5560000)
  from space 21824K,  17% used [0x00000000e5560000, 0x00000000e59199f0, 0x00000000e6ab0000)
  to   space 21824K,   0% used [0x00000000e6ab0000, 0x00000000e6ab0000, 0x00000000e8000000)
 concurrent mark-sweep generation total 393216K, used 130423K [0x00000000e8000000, 0x0000000100000000, 0x0000000100000000)
 Metaspace       used 48898K, capacity 49484K, committed 49700K, reserved 1093632K
  class space    used 5243K, capacity 5413K, committed 5444K, reserved 1048576K
2016-06-20T14:40:44.149+0100: 3084.021: [GC (Allocation Failure) 2016-06-20T14:40:44.149+0100: 3084.021: [ParNew
Desired survivor size 20112992 bytes, new threshold 8 (max 8)
- age   1:    1017024 bytes,    1017024 total
- age   2:    1518456 bytes,    2535480 total
- age   3:      28720 bytes,    2564200 total
- age   4:      44392 bytes,    2608592 total
- age   5:     141080 bytes,    2749672 total
- age   6:      25312 bytes,    2774984 total
- age   7:     173208 bytes,    2948192 total
- age   8:     172536 bytes,    3120728 total
: 91238K->3490K(109248K), 0.0026105 secs] 221661K->133974K(502464K), 0.0026717 secs] [Times: user=0.00 sys=0.00, real=0.00 secs] 
Heap after GC invocations=255 (full 4):
 par new generation   total 109248K, used 3490K [0x00000000e0000000, 0x00000000e8000000, 0x00000000e8000000)
  eden space 87424K,   0% used [0x00000000e0000000, 0x00000000e0000000, 0x00000000e5560000)
  from space 21824K,  15% used [0x00000000e6ab0000, 0x00000000e6e18ad8, 0x00000000e8000000)
  to   space 21824K,   0% used [0x00000000e5560000, 0x00000000e5560000, 0x00000000e6ab0000)
 concurrent mark-sweep generation total 393216K, used 130483K [0x00000000e8000000, 0x0000000100000000, 0x0000000100000000)
 Metaspace       used 48898K, capacity 49484K, committed 49700K, reserved 1093632K
  class space    used 5243K, capacity 5413K, committed 5444K, reserved 1048576K
}
2016-06-20T14:40:44.152+0100: 3084.024: Total time for which application threads were stopped: 0.0028553 seconds, Stopping threads took: 0.0000205 seconds
{Heap before GC invocations=255 (full 4):
 par new generation   total 109248K, used 90914K [0x00000000e0000000, 0x00000000e8000000, 0x00000000e8000000)
  eden space 87424K, 100% used [0x00000000e0000000, 0x00000000e5560000, 0x00000000e5560000)
  from space 21824K,  15% used [0x00000000e6ab0000, 0x00000000e6e18ad8, 0x00000000e8000000)
  to   space 21824K,   0% used [0x00000000e5560000, 0x00000000e5560000, 0x00000000e6ab0000)
 concurrent mark-sweep generation total 393216K, used 130483K [0x00000000e8000000, 0x0000000100000000, 0x0000000100000000)
 Metaspace       used 48898K, capacity 49484K, committed 49700K, reserved 1093632K
  class space    used 5243K, capacity 5413K, committed 5444K, reserved 1048576K
2016-06-20T14:40:44.271+0100: 3084.143: [GC (Allocation Failure) 2016-06-20T14:40:44.271+0100: 3084.143: [ParNew
Desired survivor size 20112992 bytes, new threshold 8 (max 8)
- age   1:    1445424 bytes,    1445424 total
- age   2:     173632 bytes,    1619056 total
- age   3:    1534856 bytes,    3153912 total
- age   4:      28720 bytes,    3182632 total
- age   5:      44392 bytes,    3227024 total
- age   6:     141080 bytes,    3368104 total
- age   7:      25312 bytes,    3393416 total
- age   8:     173208 bytes,    3566624 total
: 90914K->4288K(109248K), 0.0031363 secs] 221398K->134940K(502464K), 0.0032189 secs] [Times: user=0.00 sys=0.00, real=0.00 secs] 
Heap after GC invocations=256 (full 4):
 par new generation   total 109248K, used 4288K [0x00000000e0000000, 0x00000000e8000000, 0x00000000e8000000)
  eden space 87424K,   0% used [0x00000000e0000000, 0x00000000e0000000, 0x00000000e5560000)
  from space 21824K,  19% used [0x00000000e5560000, 0x00000000e59903d0, 0x00000000e6ab0000)
  to   space 21824K,   0% used [0x00000000e6ab0000, 0x00000000e6ab0000, 0x00000000e8000000)
 concurrent mark-sweep generation total 393216K, used 130651K [0x00000000e8000000, 0x0000000100000000, 0x0000000100000000)
 Metaspace       used 48898K, capacity 49484K, committed 49700K, reserved 1093632K
  class space    used 5243K, capacity 5413K, committed 5444K, reserved 1048576K
}
2016-06-20T14:40:44.274+0100: 3084.146: Total time for which application threads were stopped: 0.0035429 seconds, Stopping threads took: 0.0000300 seconds
{Heap before GC invocations=256 (full 4):
 par new generation   total 109248K, used 91712K [0x00000000e0000000, 0x00000000e8000000, 0x00000000e8000000)
  eden space 87424K, 100% used [0x00000000e0000000, 0x00000000e5560000, 0x00000000e5560000)
  from space 21824K,  19% used [0x00000000e5560000, 0x00000000e59903d0, 0x00000000e6ab0000)
  to   space 21824K,   0% used [0x00000000e6ab0000, 0x00000000e6ab0000, 0x00000000e8000000)
 concurrent mark-sweep generation total 393216K, used 130651K [0x00000000e8000000, 0x0000000100000000, 0x0000000100000000)
 Metaspace       used 48898K, capacity 49484K, committed 49700K, reserved 1093632K
  class space    used 5243K, capacity 5413K, committed 5444K, reserved 1048576K
2016-06-20T14:40:44.425+0100: 3084.297: [GC (Allocation Failure) 2016-06-20T14:40:44.425+0100: 3084.297: [ParNew
Desired survivor size 20112992 bytes, new threshold 8 (max 8)
- age   1:     701000 bytes,     701000 total
- age   2:      27720 bytes,     728720 total
- age   3:     173632 bytes,     902352 total
- age   4:    1518456 bytes,    2420808 total
- age   5:      28720 bytes,    2449528 total
- age   6:      60792 bytes,    2510320 total
- age   7:     141080 bytes,    2651400 total
- age   8:      25312 bytes,    2676712 total
: 91712K->3183K(109248K), 0.0031561 secs] 222364K->134004K(502464K), 0.0032224 secs] [Times: user=0.00 sys=0.00, real=0.00 secs] 
Heap after GC invocations=257 (full 4):
 par new generation   total 109248K, used 3183K [0x00000000e0000000, 0x00000000e8000000, 0x00000000e8000000)
  eden space 87424K,   0% used [0x00000000e0000000, 0x00000000e0000000, 0x00000000e5560000)
  from space 21824K,  14% used [0x00000000e6ab0000, 0x00000000e6dcbdd0, 0x00000000e8000000)
  to   space 21824K,   0% used [0x00000000e5560000, 0x00000000e5560000, 0x00000000e6ab0000)
 concurrent mark-sweep generation total 393216K, used 130821K [0x00000000e8000000, 0x0000000100000000, 0x0000000100000000)
 Metaspace       used 48898K, capacity 49484K, committed 49700K, reserved 1093632K
  class space    used 5243K, capacity 5413K, committed 5444K, reserved 1048576K
}
2016-06-20T14:40:44.428+0100: 3084.300: Total time for which application threads were stopped: 0.0034411 seconds, Stopping threads took: 0.0000257 seconds
{Heap before GC invocations=257 (full 4):
 par new generation   total 109248K, used 90607K [0x00000000e0000000, 0x00000000e8000000, 0x00000000e8000000)
  eden space 87424K, 100% used [0x00000000e0000000, 0x00000000e5560000, 0x00000000e5560000)
  from space 21824K,  14% used [0x00000000e6ab0000, 0x00000000e6dcbdd0, 0x00000000e8000000)
  to   space 21824K,   0% used [0x00000000e5560000, 0x00000000e5560000, 0x00000000e6ab0000)
 concurrent mark-sweep generation total 393216K, used 130821K [0x00000000e8000000, 0x0000000100000000, 0x0000000100000000)
 Metaspace       used 48898K, capacity 49484K, committed 49700K, reserved 1093632K
  class space    used 5243K, capacity 5413K, committed 5444K, reserved 1048576K
2016-06-20T14:40:44.662+0100: 3084.533: [GC (Allocation Failure) 2016-06-20T14:40:44.662+0100: 3084.533: [ParNew
Desired survivor size 20112992 bytes, new threshold 8 (max 8)
- age   1:    1550328 bytes,    1550328 total
- age   2:     435320 bytes,    1985648 total
- age   3:      27720 bytes,    2013368 total
- age   4:     173632 bytes,    2187000 total
- age   5:    1518456 bytes,    3705456 total
- age   6:      28720 bytes,    3734176 total
- age   7:      60792 bytes,    3794968 total
- age   8:     141080 bytes,    3936048 total
: 90607K->4181K(109248K), 0.0034411 secs] 221428K->135028K(502464K), 0.0035220 secs] [Times: user=0.00 sys=0.00, real=0.00 secs] 
Heap after GC invocations=258 (full 4):
 par new generation   total 109248K, used 4181K [0x00000000e0000000, 0x00000000e8000000, 0x00000000e8000000)
  eden space 87424K,   0% used [0x00000000e0000000, 0x00000000e0000000, 0x00000000e5560000)
  from space 21824K,  19% used [0x00000000e5560000, 0x00000000e59756f8, 0x00000000e6ab0000)
  to   space 21824K,   0% used [0x00000000e6ab0000, 0x00000000e6ab0000, 0x00000000e8000000)
 concurrent mark-sweep generation total 393216K, used 130846K [0x00000000e8000000, 0x0000000100000000, 0x0000000100000000)
 Metaspace       used 48898K, capacity 49484K, committed 49700K, reserved 1093632K
  class space    used 5243K, capacity 5413K, committed 5444K, reserved 1048576K
}
2016-06-20T14:40:44.665+0100: 3084.536: Total time for which application threads were stopped: 0.0037980 seconds, Stopping threads took: 0.0000308 seconds
{Heap before GC invocations=258 (full 4):
 par new generation   total 109248K, used 91605K [0x00000000e0000000, 0x00000000e8000000, 0x00000000e8000000)
  eden space 87424K, 100% used [0x00000000e0000000, 0x00000000e5560000, 0x00000000e5560000)
  from space 21824K,  19% used [0x00000000e5560000, 0x00000000e59756f8, 0x00000000e6ab0000)
  to   space 21824K,   0% used [0x00000000e6ab0000, 0x00000000e6ab0000, 0x00000000e8000000)
 concurrent mark-sweep generation total 393216K, used 130846K [0x00000000e8000000, 0x0000000100000000, 0x0000000100000000)
 Metaspace       used 48900K, capacity 49484K, committed 49700K, reserved 1093632K
  class space    used 5243K, capacity 5413K, committed 5444K, reserved 1048576K
2016-06-20T14:40:45.012+0100: 3084.884: [GC (Allocation Failure) 2016-06-20T14:40:45.012+0100: 3084.884: [ParNew
Desired survivor size 20112992 bytes, new threshold 8 (max 8)
- age   1:    1464248 bytes,    1464248 total
- age   2:     157528 bytes,    1621776 total
- age   3:     402520 bytes,    2024296 total
- age   4:      27720 bytes,    2052016 total
- age   5:     173632 bytes,    2225648 total
- age   6:    1518456 bytes,    3744104 total
- age   7:      28720 bytes,    3772824 total
- age   8:      44392 bytes,    3817216 total
: 91605K->4604K(109248K), 0.0031316 secs] 222452K->135589K(502464K), 0.0032153 secs] [Times: user=0.06 sys=0.00, real=0.00 secs] 
Heap after GC invocations=259 (full 4):
 par new generation   total 109248K, used 4604K [0x00000000e0000000, 0x00000000e8000000, 0x00000000e8000000)
  eden space 87424K,   0% used [0x00000000e0000000, 0x00000000e0000000, 0x00000000e5560000)
  from space 21824K,  21% used [0x00000000e6ab0000, 0x00000000e6f2f3f8, 0x00000000e8000000)
  to   space 21824K,   0% used [0x00000000e5560000, 0x00000000e5560000, 0x00000000e6ab0000)
 concurrent mark-sweep generation total 393216K, used 130984K [0x00000000e8000000, 0x0000000100000000, 0x0000000100000000)
 Metaspace       used 48900K, capacity 49484K, committed 49700K, reserved 1093632K
  class space    used 5243K, capacity 5413K, committed 5444K, reserved 1048576K
}
2016-06-20T14:40:45.015+0100: 3084.887: Total time for which application threads were stopped: 0.0034683 seconds, Stopping threads took: 0.0000261 seconds
{Heap before GC invocations=259 (full 4):
 par new generation   total 109248K, used 92028K [0x00000000e0000000, 0x00000000e8000000, 0x00000000e8000000)
  eden space 87424K, 100% used [0x00000000e0000000, 0x00000000e5560000, 0x00000000e5560000)
  from space 21824K,  21% used [0x00000000e6ab0000, 0x00000000e6f2f3f8, 0x00000000e8000000)
  to   space 21824K,   0% used [0x00000000e5560000, 0x00000000e5560000, 0x00000000e6ab0000)
 concurrent mark-sweep generation total 393216K, used 130984K [0x00000000e8000000, 0x0000000100000000, 0x0000000100000000)
 Metaspace       used 48900K, capacity 49484K, committed 49700K, reserved 1093632K
  class space    used 5243K, capacity 5413K, committed 5444K, reserved 1048576K
2016-06-20T14:40:45.191+0100: 3085.062: [GC (Allocation Failure) 2016-06-20T14:40:45.191+0100: 3085.062: [ParNew
Desired survivor size 20112992 bytes, new threshold 8 (max 8)
- age   1:    1476448 bytes,    1476448 total
- age   2:      42296 bytes,    1518744 total
- age   3:     157528 bytes,    1676272 total
- age   4:     402520 bytes,    2078792 total
- age   5:      27720 bytes,    2106512 total
- age   6:     173632 bytes,    2280144 total
- age   7:    1534856 bytes,    3815000 total
- age   8:      28720 bytes,    3843720 total
: 92028K->4724K(109248K), 0.0044233 secs] 223013K->135752K(502464K), 0.0045164 secs] [Times: user=0.00 sys=0.00, real=0.00 secs] 
Heap after GC invocations=260 (full 4):
 par new generation   total 109248K, used 4724K [0x00000000e0000000, 0x00000000e8000000, 0x00000000e8000000)
  eden space 87424K,   0% used [0x00000000e0000000, 0x00000000e0000000, 0x00000000e5560000)
  from space 21824K,  21% used [0x00000000e5560000, 0x00000000e59fd200, 0x00000000e6ab0000)
  to   space 21824K,   0% used [0x00000000e6ab0000, 0x00000000e6ab0000, 0x00000000e8000000)
 concurrent mark-sweep generation total 393216K, used 131027K [0x00000000e8000000, 0x0000000100000000, 0x0000000100000000)
 Metaspace       used 48900K, capacity 49484K, committed 49700K, reserved 1093632K
  class space    used 5243K, capacity 5413K, committed 5444K, reserved 1048576K
}
2016-06-20T14:40:45.196+0100: 3085.067: Total time for which application threads were stopped: 0.0048121 seconds, Stopping threads took: 0.0000379 seconds
{Heap before GC invocations=260 (full 4):
 par new generation   total 109248K, used 92148K [0x00000000e0000000, 0x00000000e8000000, 0x00000000e8000000)
  eden space 87424K, 100% used [0x00000000e0000000, 0x00000000e5560000, 0x00000000e5560000)
  from space 21824K,  21% used [0x00000000e5560000, 0x00000000e59fd200, 0x00000000e6ab0000)
  to   space 21824K,   0% used [0x00000000e6ab0000, 0x00000000e6ab0000, 0x00000000e8000000)
 concurrent mark-sweep generation total 393216K, used 131027K [0x00000000e8000000, 0x0000000100000000, 0x0000000100000000)
 Metaspace       used 48900K, capacity 49484K, committed 49700K, reserved 1093632K
  class space    used 5243K, capacity 5413K, committed 5444K, reserved 1048576K
2016-06-20T14:40:45.357+0100: 3085.229: [GC (Allocation Failure) 2016-06-20T14:40:45.357+0100: 3085.229: [ParNew
Desired survivor size 20112992 bytes, new threshold 8 (max 8)
- age   1:    1239616 bytes,    1239616 total
- age   2:      43584 bytes,    1283200 total
- age   3:      42296 bytes,    1325496 total
- age   4:     157528 bytes,    1483024 total
- age   5:     402520 bytes,    1885544 total
- age   6:      27720 bytes,    1913264 total
- age   7:     173632 bytes,    2086896 total
- age   8:    1518456 bytes,    3605352 total
: 92148K->4183K(109248K), 0.0035465 secs] 223176K->135240K(502464K), 0.0037526 secs] [Times: user=0.06 sys=0.00, real=0.00 secs] 
Heap after GC invocations=261 (full 4):
 par new generation   total 109248K, used 4183K [0x00000000e0000000, 0x00000000e8000000, 0x00000000e8000000)
  eden space 87424K,   0% used [0x00000000e0000000, 0x00000000e0000000, 0x00000000e5560000)
  from space 21824K,  19% used [0x00000000e6ab0000, 0x00000000e6ec5f60, 0x00000000e8000000)
  to   space 21824K,   0% used [0x00000000e5560000, 0x00000000e5560000, 0x00000000e6ab0000)
 concurrent mark-sweep generation total 393216K, used 131056K [0x00000000e8000000, 0x0000000100000000, 0x0000000100000000)
 Metaspace       used 48900K, capacity 49484K, committed 49700K, reserved 1093632K
  class space    used 5243K, capacity 5413K, committed 5444K, reserved 1048576K
}
2016-06-20T14:40:45.361+0100: 3085.232: Total time for which application threads were stopped: 0.0041410 seconds, Stopping threads took: 0.0000355 seconds
{Heap before GC invocations=261 (full 4):
 par new generation   total 109248K, used 91607K [0x00000000e0000000, 0x00000000e8000000, 0x00000000e8000000)
  eden space 87424K, 100% used [0x00000000e0000000, 0x00000000e5560000, 0x00000000e5560000)
  from space 21824K,  19% used [0x00000000e6ab0000, 0x00000000e6ec5f60, 0x00000000e8000000)
  to   space 21824K,   0% used [0x00000000e5560000, 0x00000000e5560000, 0x00000000e6ab0000)
 concurrent mark-sweep generation total 393216K, used 131056K [0x00000000e8000000, 0x0000000100000000, 0x0000000100000000)
 Metaspace       used 48900K, capacity 49484K, committed 49700K, reserved 1093632K
  class space    used 5243K, capacity 5413K, committed 5444K, reserved 1048576K
2016-06-20T14:40:45.667+0100: 3085.539: [GC (Allocation Failure) 2016-06-20T14:40:45.667+0100: 3085.539: [ParNew
Desired survivor size 20112992 bytes, new threshold 8 (max 8)
- age   1:     804208 bytes,     804208 total
- age   2:      12656 bytes,     816864 total
- age   3:      43584 bytes,     860448 total
- age   4:      42296 bytes,     902744 total
- age   5:     157528 bytes,    1060272 total
- age   6:     402520 bytes,    1462792 total
- age   7:      27720 bytes,    1490512 total
- age   8:     173632 bytes,    1664144 total
: 91607K->1935K(109248K), 0.0066473 secs] 222664K->134475K(502464K), 0.0068111 secs] [Times: user=0.05 sys=0.01, real=0.01 secs] 
Heap after GC invocations=262 (full 4):
 par new generation   total 109248K, used 1935K [0x00000000e0000000, 0x00000000e8000000, 0x00000000e8000000)
  eden space 87424K,   0% used [0x00000000e0000000, 0x00000000e0000000, 0x00000000e5560000)
  from space 21824K,   8% used [0x00000000e5560000, 0x00000000e5743f70, 0x00000000e6ab0000)
  to   space 21824K,   0% used [0x00000000e6ab0000, 0x00000000e6ab0000, 0x00000000e8000000)
 concurrent mark-sweep generation total 393216K, used 132539K [0x00000000e8000000, 0x0000000100000000, 0x0000000100000000)
 Metaspace       used 48900K, capacity 49484K, committed 49700K, reserved 1093632K
  class space    used 5243K, capacity 5413K, committed 5444K, reserved 1048576K
}
2016-06-20T14:40:45.674+0100: 3085.546: Total time for which application threads were stopped: 0.0070820 seconds, Stopping threads took: 0.0000272 seconds
{Heap before GC invocations=262 (full 4):
 par new generation   total 109248K, used 89359K [0x00000000e0000000, 0x00000000e8000000, 0x00000000e8000000)
  eden space 87424K, 100% used [0x00000000e0000000, 0x00000000e5560000, 0x00000000e5560000)
  from space 21824K,   8% used [0x00000000e5560000, 0x00000000e5743f70, 0x00000000e6ab0000)
  to   space 21824K,   0% used [0x00000000e6ab0000, 0x00000000e6ab0000, 0x00000000e8000000)
 concurrent mark-sweep generation total 393216K, used 132539K [0x00000000e8000000, 0x0000000100000000, 0x0000000100000000)
 Metaspace       used 48900K, capacity 49484K, committed 49700K, reserved 1093632K
  class space    used 5243K, capacity 5413K, committed 5444K, reserved 1048576K
2016-06-20T14:40:45.884+0100: 3085.755: [GC (Allocation Failure) 2016-06-20T14:40:45.884+0100: 3085.755: [ParNew
Desired survivor size 20112992 bytes, new threshold 8 (max 8)
- age   1:    1318992 bytes,    1318992 total
- age   2:     125808 bytes,    1444800 total
- age   3:      12656 bytes,    1457456 total
- age   4:      43584 bytes,    1501040 total
- age   5:      42296 bytes,    1543336 total
- age   6:     157528 bytes,    1700864 total
- age   7:     402520 bytes,    2103384 total
- age   8:      27720 bytes,    2131104 total
: 89359K->2516K(109248K), 0.0031896 secs] 221899K->135226K(502464K), 0.0032587 secs] [Times: user=0.00 sys=0.00, real=0.00 secs] 
Heap after GC invocations=263 (full 4):
 par new generation   total 109248K, used 2516K [0x00000000e0000000, 0x00000000e8000000, 0x00000000e8000000)
  eden space 87424K,   0% used [0x00000000e0000000, 0x00000000e0000000, 0x00000000e5560000)
  from space 21824K,  11% used [0x00000000e6ab0000, 0x00000000e6d253f8, 0x00000000e8000000)
  to   space 21824K,   0% used [0x00000000e5560000, 0x00000000e5560000, 0x00000000e6ab0000)
 concurrent mark-sweep generation total 393216K, used 132709K [0x00000000e8000000, 0x0000000100000000, 0x0000000100000000)
 Metaspace       used 48900K, capacity 49484K, committed 49700K, reserved 1093632K
  class space    used 5243K, capacity 5413K, committed 5444K, reserved 1048576K
}
2016-06-20T14:40:45.887+0100: 3085.758: Total time for which application threads were stopped: 0.0035054 seconds, Stopping threads took: 0.0000261 seconds
{Heap before GC invocations=263 (full 4):
 par new generation   total 109248K, used 89940K [0x00000000e0000000, 0x00000000e8000000, 0x00000000e8000000)
  eden space 87424K, 100% used [0x00000000e0000000, 0x00000000e5560000, 0x00000000e5560000)
  from space 21824K,  11% used [0x00000000e6ab0000, 0x00000000e6d253f8, 0x00000000e8000000)
  to   space 21824K,   0% used [0x00000000e5560000, 0x00000000e5560000, 0x00000000e6ab0000)
 concurrent mark-sweep generation total 393216K, used 132709K [0x00000000e8000000, 0x0000000100000000, 0x0000000100000000)
 Metaspace       used 48900K, capacity 49484K, committed 49700K, reserved 1093632K
  class space    used 5243K, capacity 5413K, committed 5444K, reserved 1048576K
2016-06-20T14:40:46.086+0100: 3085.957: [GC (Allocation Failure) 2016-06-20T14:40:46.086+0100: 3085.957: [ParNew
Desired survivor size 20112992 bytes, new threshold 8 (max 8)
- age   1:    2046064 bytes,    2046064 total
- age   2:      26656 bytes,    2072720 total
- age   3:     125808 bytes,    2198528 total
- age   4:      12656 bytes,    2211184 total
- age   5:      43584 bytes,    2254768 total
- age   6:      42296 bytes,    2297064 total
- age   7:     173928 bytes,    2470992 total
- age   8:     402520 bytes,    2873512 total
: 89940K->3904K(109248K), 0.0034526 secs] 222650K->136641K(502464K), 0.0035962 secs] [Times: user=0.00 sys=0.00, real=0.00 secs] 
Heap after GC invocations=264 (full 4):
 par new generation   total 109248K, used 3904K [0x00000000e0000000, 0x00000000e8000000, 0x00000000e8000000)
  eden space 87424K,   0% used [0x00000000e0000000, 0x00000000e0000000, 0x00000000e5560000)
  from space 21824K,  17% used [0x00000000e5560000, 0x00000000e59303d0, 0x00000000e6ab0000)
  to   space 21824K,   0% used [0x00000000e6ab0000, 0x00000000e6ab0000, 0x00000000e8000000)
 concurrent mark-sweep generation total 393216K, used 132736K [0x00000000e8000000, 0x0000000100000000, 0x0000000100000000)
 Metaspace       used 48900K, capacity 49484K, committed 49700K, reserved 1093632K
  class space    used 5243K, capacity 5413K, committed 5444K, reserved 1048576K
}
2016-06-20T14:40:46.090+0100: 3085.961: Total time for which application threads were stopped: 0.0038517 seconds, Stopping threads took: 0.0000272 seconds
{Heap before GC invocations=264 (full 4):
 par new generation   total 109248K, used 91328K [0x00000000e0000000, 0x00000000e8000000, 0x00000000e8000000)
  eden space 87424K, 100% used [0x00000000e0000000, 0x00000000e5560000, 0x00000000e5560000)
  from space 21824K,  17% used [0x00000000e5560000, 0x00000000e59303d0, 0x00000000e6ab0000)
  to   space 21824K,   0% used [0x00000000e6ab0000, 0x00000000e6ab0000, 0x00000000e8000000)
 concurrent mark-sweep generation total 393216K, used 132736K [0x00000000e8000000, 0x0000000100000000, 0x0000000100000000)
 Metaspace       used 48900K, capacity 49484K, committed 49700K, reserved 1093632K
  class space    used 5243K, capacity 5413K, committed 5444K, reserved 1048576K
2016-06-20T14:40:46.324+0100: 3086.195: [GC (Allocation Failure) 2016-06-20T14:40:46.324+0100: 3086.195: [ParNew
Desired survivor size 20112992 bytes, new threshold 8 (max 8)
- age   1:    4606768 bytes,    4606768 total
- age   2:      27992 bytes,    4634760 total
- age   3:      26656 bytes,    4661416 total
- age   4:     125808 bytes,    4787224 total
- age   5:      12656 bytes,    4799880 total
- age   6:      43584 bytes,    4843464 total
- age   7:      42296 bytes,    4885760 total
- age   8:     157528 bytes,    5043288 total
: 91328K->5820K(109248K), 0.0038280 secs] 224065K->138950K(502464K), 0.0039101 secs] [Times: user=0.06 sys=0.00, real=0.00 secs] 
Heap after GC invocations=265 (full 4):
 par new generation   total 109248K, used 5820K [0x00000000e0000000, 0x00000000e8000000, 0x00000000e8000000)
  eden space 87424K,   0% used [0x00000000e0000000, 0x00000000e0000000, 0x00000000e5560000)
  from space 21824K,  26% used [0x00000000e6ab0000, 0x00000000e705f390, 0x00000000e8000000)
  to   space 21824K,   0% used [0x00000000e5560000, 0x00000000e5560000, 0x00000000e6ab0000)
 concurrent mark-sweep generation total 393216K, used 133129K [0x00000000e8000000, 0x0000000100000000, 0x0000000100000000)
 Metaspace       used 48900K, capacity 49484K, committed 49700K, reserved 1093632K
  class space    used 5243K, capacity 5413K, committed 5444K, reserved 1048576K
}
2016-06-20T14:40:46.328+0100: 3086.199: Total time for which application threads were stopped: 0.0042081 seconds, Stopping threads took: 0.0000403 seconds
{Heap before GC invocations=265 (full 4):
 par new generation   total 109248K, used 93244K [0x00000000e0000000, 0x00000000e8000000, 0x00000000e8000000)
  eden space 87424K, 100% used [0x00000000e0000000, 0x00000000e5560000, 0x00000000e5560000)
  from space 21824K,  26% used [0x00000000e6ab0000, 0x00000000e705f390, 0x00000000e8000000)
  to   space 21824K,   0% used [0x00000000e5560000, 0x00000000e5560000, 0x00000000e6ab0000)
 concurrent mark-sweep generation total 393216K, used 133129K [0x00000000e8000000, 0x0000000100000000, 0x0000000100000000)
 Metaspace       used 48900K, capacity 49484K, committed 49700K, reserved 1093632K
  class space    used 5243K, capacity 5413K, committed 5444K, reserved 1048576K
2016-06-20T14:40:46.482+0100: 3086.353: [GC (Allocation Failure) 2016-06-20T14:40:46.482+0100: 3086.353: [ParNew
Desired survivor size 20112992 bytes, new threshold 8 (max 8)
- age   1:    1177648 bytes,    1177648 total
- age   2:    3074328 bytes,    4251976 total
- age   3:      27992 bytes,    4279968 total
- age   4:      26656 bytes,    4306624 total
- age   5:     125808 bytes,    4432432 total
- age   6:      12656 bytes,    4445088 total
- age   7:      43584 bytes,    4488672 total
- age   8:      42296 bytes,    4530968 total
: 93244K->5213K(109248K), 0.0161476 secs] 226374K->138497K(502464K), 0.0163584 secs] [Times: user=0.05 sys=0.00, real=0.02 secs] 
Heap after GC invocations=266 (full 4):
 par new generation   total 109248K, used 5213K [0x00000000e0000000, 0x00000000e8000000, 0x00000000e8000000)
  eden space 87424K,   0% used [0x00000000e0000000, 0x00000000e0000000, 0x00000000e5560000)
  from space 21824K,  23% used [0x00000000e5560000, 0x00000000e5a77460, 0x00000000e6ab0000)
  to   space 21824K,   0% used [0x00000000e6ab0000, 0x00000000e6ab0000, 0x00000000e8000000)
 concurrent mark-sweep generation total 393216K, used 133283K [0x00000000e8000000, 0x0000000100000000, 0x0000000100000000)
 Metaspace       used 48900K, capacity 49484K, committed 49700K, reserved 1093632K
  class space    used 5243K, capacity 5413K, committed 5444K, reserved 1048576K
}
2016-06-20T14:40:46.498+0100: 3086.370: Total time for which application threads were stopped: 0.0166817 seconds, Stopping threads took: 0.0000332 seconds
{Heap before GC invocations=266 (full 4):
 par new generation   total 109248K, used 92637K [0x00000000e0000000, 0x00000000e8000000, 0x00000000e8000000)
  eden space 87424K, 100% used [0x00000000e0000000, 0x00000000e5560000, 0x00000000e5560000)
  from space 21824K,  23% used [0x00000000e5560000, 0x00000000e5a77460, 0x00000000e6ab0000)
  to   space 21824K,   0% used [0x00000000e6ab0000, 0x00000000e6ab0000, 0x00000000e8000000)
 concurrent mark-sweep generation total 393216K, used 133283K [0x00000000e8000000, 0x0000000100000000, 0x0000000100000000)
 Metaspace       used 48900K, capacity 49484K, committed 49700K, reserved 1093632K
  class space    used 5243K, capacity 5413K, committed 5444K, reserved 1048576K
2016-06-20T14:40:46.656+0100: 3086.527: [GC (Allocation Failure) 2016-06-20T14:40:46.656+0100: 3086.527: [ParNew
Desired survivor size 20112992 bytes, new threshold 8 (max 8)
- age   1:    1529128 bytes,    1529128 total
- age   2:      92744 bytes,    1621872 total
- age   3:    3074328 bytes,    4696200 total
- age   4:      27992 bytes,    4724192 total
- age   5:      26656 bytes,    4750848 total
- age   6:     125808 bytes,    4876656 total
- age   7:      12656 bytes,    4889312 total
- age   8:      43584 bytes,    4932896 total
: 92637K->5188K(109248K), 0.0044347 secs] 225921K->138513K(502464K), 0.0045429 secs] [Times: user=0.00 sys=0.00, real=0.01 secs] 
Heap after GC invocations=267 (full 4):
 par new generation   total 109248K, used 5188K [0x00000000e0000000, 0x00000000e8000000, 0x00000000e8000000)
  eden space 87424K,   0% used [0x00000000e0000000, 0x00000000e0000000, 0x00000000e5560000)
  from space 21824K,  23% used [0x00000000e6ab0000, 0x00000000e6fc1170, 0x00000000e8000000)
  to   space 21824K,   0% used [0x00000000e5560000, 0x00000000e5560000, 0x00000000e6ab0000)
 concurrent mark-sweep generation total 393216K, used 133325K [0x00000000e8000000, 0x0000000100000000, 0x0000000100000000)
 Metaspace       used 48900K, capacity 49484K, committed 49700K, reserved 1093632K
  class space    used 5243K, capacity 5413K, committed 5444K, reserved 1048576K
}
2016-06-20T14:40:46.661+0100: 3086.532: Total time for which application threads were stopped: 0.0048168 seconds, Stopping threads took: 0.0000347 seconds
{Heap before GC invocations=267 (full 4):
 par new generation   total 109248K, used 92612K [0x00000000e0000000, 0x00000000e8000000, 0x00000000e8000000)
  eden space 87424K, 100% used [0x00000000e0000000, 0x00000000e5560000, 0x00000000e5560000)
  from space 21824K,  23% used [0x00000000e6ab0000, 0x00000000e6fc1170, 0x00000000e8000000)
  to   space 21824K,   0% used [0x00000000e5560000, 0x00000000e5560000, 0x00000000e6ab0000)
 concurrent mark-sweep generation total 393216K, used 133325K [0x00000000e8000000, 0x0000000100000000, 0x0000000100000000)
 Metaspace       used 48900K, capacity 49484K, committed 49700K, reserved 1093632K
  class space    used 5243K, capacity 5413K, committed 5444K, reserved 1048576K
2016-06-20T14:40:46.837+0100: 3086.708: [GC (Allocation Failure) 2016-06-20T14:40:46.837+0100: 3086.709: [ParNew
Desired survivor size 20112992 bytes, new threshold 8 (max 8)
- age   1:     234232 bytes,     234232 total
- age   2:      43192 bytes,     277424 total
- age   3:      92744 bytes,     370168 total
- age   4:    3074408 bytes,    3444576 total
- age   5:      28032 bytes,    3472608 total
- age   6:      26656 bytes,    3499264 total
- age   7:     125848 bytes,    3625112 total
- age   8:      12656 bytes,    3637768 total
: 92612K->4486K(109248K), 0.0022789 secs] 225937K->137854K(502464K), 0.0024218 secs] [Times: user=0.00 sys=0.00, real=0.00 secs] 
Heap after GC invocations=268 (full 4):
 par new generation   total 109248K, used 4486K [0x00000000e0000000, 0x00000000e8000000, 0x00000000e8000000)
  eden space 87424K,   0% used [0x00000000e0000000, 0x00000000e0000000, 0x00000000e5560000)
  from space 21824K,  20% used [0x00000000e5560000, 0x00000000e59c1990, 0x00000000e6ab0000)
  to   space 21824K,   0% used [0x00000000e6ab0000, 0x00000000e6ab0000, 0x00000000e8000000)
 concurrent mark-sweep generation total 393216K, used 133368K [0x00000000e8000000, 0x0000000100000000, 0x0000000100000000)
 Metaspace       used 48900K, capacity 49484K, committed 49700K, reserved 1093632K
  class space    used 5243K, capacity 5413K, committed 5444K, reserved 1048576K
}
2016-06-20T14:40:46.840+0100: 3086.711: Total time for which application threads were stopped: 0.0026662 seconds, Stopping threads took: 0.0000272 seconds
{Heap before GC invocations=268 (full 4):
 par new generation   total 109248K, used 91910K [0x00000000e0000000, 0x00000000e8000000, 0x00000000e8000000)
  eden space 87424K, 100% used [0x00000000e0000000, 0x00000000e5560000, 0x00000000e5560000)
  from space 21824K,  20% used [0x00000000e5560000, 0x00000000e59c1990, 0x00000000e6ab0000)
  to   space 21824K,   0% used [0x00000000e6ab0000, 0x00000000e6ab0000, 0x00000000e8000000)
 concurrent mark-sweep generation total 393216K, used 133368K [0x00000000e8000000, 0x0000000100000000, 0x0000000100000000)
 Metaspace       used 48900K, capacity 49484K, committed 49700K, reserved 1093632K
  class space    used 5243K, capacity 5413K, committed 5444K, reserved 1048576K
2016-06-20T14:40:47.021+0100: 3086.892: [GC (Allocation Failure) 2016-06-20T14:40:47.021+0100: 3086.892: [ParNew
Desired survivor size 20112992 bytes, new threshold 8 (max 8)
- age   1:     258424 bytes,     258424 total
- age   2:      11696 bytes,     270120 total
- age   3:      43192 bytes,     313312 total
- age   4:      92744 bytes,     406056 total
- age   5:    3074328 bytes,    3480384 total
- age   6:      27992 bytes,    3508376 total
- age   7:      26656 bytes,    3535032 total
- age   8:     125808 bytes,    3660840 total
: 91910K->3868K(109248K), 0.0031667 secs] 225278K->137249K(502464K), 0.0033187 secs] [Times: user=0.00 sys=0.00, real=0.00 secs] 
Heap after GC invocations=269 (full 4):
 par new generation   total 109248K, used 3868K [0x00000000e0000000, 0x00000000e8000000, 0x00000000e8000000)
  eden space 87424K,   0% used [0x00000000e0000000, 0x00000000e0000000, 0x00000000e5560000)
  from space 21824K,  17% used [0x00000000e6ab0000, 0x00000000e6e770c8, 0x00000000e8000000)
  to   space 21824K,   0% used [0x00000000e5560000, 0x00000000e5560000, 0x00000000e6ab0000)
 concurrent mark-sweep generation total 393216K, used 133381K [0x00000000e8000000, 0x0000000100000000, 0x0000000100000000)
 Metaspace       used 48900K, capacity 49484K, committed 49700K, reserved 1093632K
  class space    used 5243K, capacity 5413K, committed 5444K, reserved 1048576K
}
2016-06-20T14:40:47.024+0100: 3086.895: Total time for which application threads were stopped: 0.0036637 seconds, Stopping threads took: 0.0000316 seconds
{Heap before GC invocations=269 (full 4):
 par new generation   total 109248K, used 91292K [0x00000000e0000000, 0x00000000e8000000, 0x00000000e8000000)
  eden space 87424K, 100% used [0x00000000e0000000, 0x00000000e5560000, 0x00000000e5560000)
  from space 21824K,  17% used [0x00000000e6ab0000, 0x00000000e6e770c8, 0x00000000e8000000)
  to   space 21824K,   0% used [0x00000000e5560000, 0x00000000e5560000, 0x00000000e6ab0000)
 concurrent mark-sweep generation total 393216K, used 133381K [0x00000000e8000000, 0x0000000100000000, 0x0000000100000000)
 Metaspace       used 48900K, capacity 49484K, committed 49700K, reserved 1093632K
  class space    used 5243K, capacity 5413K, committed 5444K, reserved 1048576K
2016-06-20T14:40:47.181+0100: 3087.053: [GC (Allocation Failure) 2016-06-20T14:40:47.181+0100: 3087.053: [ParNew
Desired survivor size 20112992 bytes, new threshold 8 (max 8)
- age   1:    1667608 bytes,    1667608 total
- age   2:      76208 bytes,    1743816 total
- age   3:      11696 bytes,    1755512 total
- age   4:      43192 bytes,    1798704 total
- age   5:      92744 bytes,    1891448 total
- age   6:    3074328 bytes,    4965776 total
- age   7:      27992 bytes,    4993768 total
- age   8:      26656 bytes,    5020424 total
: 91292K->5154K(109248K), 0.0032844 secs] 224673K->138658K(502464K), 0.0033594 secs] [Times: user=0.00 sys=0.00, real=0.00 secs] 
Heap after GC invocations=270 (full 4):
 par new generation   total 109248K, used 5154K [0x00000000e0000000, 0x00000000e8000000, 0x00000000e8000000)
  eden space 87424K,   0% used [0x00000000e0000000, 0x00000000e0000000, 0x00000000e5560000)
  from space 21824K,  23% used [0x00000000e5560000, 0x00000000e5a689f8, 0x00000000e6ab0000)
  to   space 21824K,   0% used [0x00000000e6ab0000, 0x00000000e6ab0000, 0x00000000e8000000)
 concurrent mark-sweep generation total 393216K, used 133504K [0x00000000e8000000, 0x0000000100000000, 0x0000000100000000)
 Metaspace       used 48900K, capacity 49484K, committed 49700K, reserved 1093632K
  class space    used 5243K, capacity 5413K, committed 5444K, reserved 1048576K
}
2016-06-20T14:40:47.185+0100: 3087.056: Total time for which application threads were stopped: 0.0036270 seconds, Stopping threads took: 0.0000300 seconds
{Heap before GC invocations=270 (full 4):
 par new generation   total 109248K, used 92578K [0x00000000e0000000, 0x00000000e8000000, 0x00000000e8000000)
  eden space 87424K, 100% used [0x00000000e0000000, 0x00000000e5560000, 0x00000000e5560000)
  from space 21824K,  23% used [0x00000000e5560000, 0x00000000e5a689f8, 0x00000000e6ab0000)
  to   space 21824K,   0% used [0x00000000e6ab0000, 0x00000000e6ab0000, 0x00000000e8000000)
 concurrent mark-sweep generation total 393216K, used 133504K [0x00000000e8000000, 0x0000000100000000, 0x0000000100000000)
 Metaspace       used 48900K, capacity 49484K, committed 49700K, reserved 1093632K
  class space    used 5243K, capacity 5413K, committed 5444K, reserved 1048576K
2016-06-20T14:40:47.336+0100: 3087.207: [GC (Allocation Failure) 2016-06-20T14:40:47.336+0100: 3087.207: [ParNew
Desired survivor size 20112992 bytes, new threshold 8 (max 8)
- age   1:    1587400 bytes,    1587400 total
- age   2:     125496 bytes,    1712896 total
- age   3:      76208 bytes,    1789104 total
- age   4:      11696 bytes,    1800800 total
- age   5:      43192 bytes,    1843992 total
- age   6:      92744 bytes,    1936736 total
- age   7:    3074328 bytes,    5011064 total
- age   8:      27992 bytes,    5039056 total
: 92578K->6175K(109248K), 0.0033014 secs] 226082K->139705K(502464K), 0.0033886 secs] [Times: user=0.00 sys=0.00, real=0.00 secs] 
Heap after GC invocations=271 (full 4):
 par new generation   total 109248K, used 6175K [0x00000000e0000000, 0x00000000e8000000, 0x00000000e8000000)
  eden space 87424K,   0% used [0x00000000e0000000, 0x00000000e0000000, 0x00000000e5560000)
  from space 21824K,  28% used [0x00000000e6ab0000, 0x00000000e70b7c80, 0x00000000e8000000)
  to   space 21824K,   0% used [0x00000000e5560000, 0x00000000e5560000, 0x00000000e6ab0000)
 concurrent mark-sweep generation total 393216K, used 133530K [0x00000000e8000000, 0x0000000100000000, 0x0000000100000000)
 Metaspace       used 48900K, capacity 49484K, committed 49700K, reserved 1093632K
  class space    used 5243K, capacity 5413K, committed 5444K, reserved 1048576K
}
2016-06-20T14:40:47.340+0100: 3087.211: Total time for which application threads were stopped: 0.0036428 seconds, Stopping threads took: 0.0000253 seconds
{Heap before GC invocations=271 (full 4):
 par new generation   total 109248K, used 93599K [0x00000000e0000000, 0x00000000e8000000, 0x00000000e8000000)
  eden space 87424K, 100% used [0x00000000e0000000, 0x00000000e5560000, 0x00000000e5560000)
  from space 21824K,  28% used [0x00000000e6ab0000, 0x00000000e70b7c80, 0x00000000e8000000)
  to   space 21824K,   0% used [0x00000000e5560000, 0x00000000e5560000, 0x00000000e6ab0000)
 concurrent mark-sweep generation total 393216K, used 133530K [0x00000000e8000000, 0x0000000100000000, 0x0000000100000000)
 Metaspace       used 48900K, capacity 49484K, committed 49700K, reserved 1093632K
  class space    used 5243K, capacity 5413K, committed 5444K, reserved 1048576K
2016-06-20T14:40:47.452+0100: 3087.323: [GC (Allocation Failure) 2016-06-20T14:40:47.452+0100: 3087.323: [ParNew
Desired survivor size 20112992 bytes, new threshold 8 (max 8)
- age   1:    1012840 bytes,    1012840 total
- age   2:      10784 bytes,    1023624 total
- age   3:     125496 bytes,    1149120 total
- age   4:      76208 bytes,    1225328 total
- age   5:      11696 bytes,    1237024 total
- age   6:      43192 bytes,    1280216 total
- age   7:      92744 bytes,    1372960 total
- age   8:    3074328 bytes,    4447288 total
: 93599K->4949K(109248K), 0.0026591 secs] 227129K->138507K(502464K), 0.0027432 secs] [Times: user=0.06 sys=0.00, real=0.00 secs] 
Heap after GC invocations=272 (full 4):
 par new generation   total 109248K, used 4949K [0x00000000e0000000, 0x00000000e8000000, 0x00000000e8000000)
  eden space 87424K,   0% used [0x00000000e0000000, 0x00000000e0000000, 0x00000000e5560000)
  from space 21824K,  22% used [0x00000000e5560000, 0x00000000e5a355d8, 0x00000000e6ab0000)
  to   space 21824K,   0% used [0x00000000e6ab0000, 0x00000000e6ab0000, 0x00000000e8000000)
 concurrent mark-sweep generation total 393216K, used 133558K [0x00000000e8000000, 0x0000000100000000, 0x0000000100000000)
 Metaspace       used 48900K, capacity 49484K, committed 49700K, reserved 1093632K
  class space    used 5243K, capacity 5413K, committed 5444K, reserved 1048576K
}
2016-06-20T14:40:47.455+0100: 3087.326: Total time for which application threads were stopped: 0.0029970 seconds, Stopping threads took: 0.0000276 seconds
{Heap before GC invocations=272 (full 4):
 par new generation   total 109248K, used 92373K [0x00000000e0000000, 0x00000000e8000000, 0x00000000e8000000)
  eden space 87424K, 100% used [0x00000000e0000000, 0x00000000e5560000, 0x00000000e5560000)
  from space 21824K,  22% used [0x00000000e5560000, 0x00000000e5a355d8, 0x00000000e6ab0000)
  to   space 21824K,   0% used [0x00000000e6ab0000, 0x00000000e6ab0000, 0x00000000e8000000)
 concurrent mark-sweep generation total 393216K, used 133558K [0x00000000e8000000, 0x0000000100000000, 0x0000000100000000)
 Metaspace       used 48900K, capacity 49484K, committed 49700K, reserved 1093632K
  class space    used 5243K, capacity 5413K, committed 5444K, reserved 1048576K
2016-06-20T14:40:47.682+0100: 3087.553: [GC (Allocation Failure) 2016-06-20T14:40:47.682+0100: 3087.553: [ParNew
Desired survivor size 20112992 bytes, new threshold 8 (max 8)
- age   1:    1782192 bytes,    1782192 total
- age   2:      26648 bytes,    1808840 total
- age   3:      10784 bytes,    1819624 total
- age   4:     125496 bytes,    1945120 total
- age   5:      76208 bytes,    2021328 total
- age   6:      11696 bytes,    2033024 total
- age   7:      43192 bytes,    2076216 total
- age   8:      92744 bytes,    2168960 total
: 92373K->2458K(109248K), 0.0100367 secs] 225931K->139018K(502464K), 0.0101354 secs] [Times: user=0.05 sys=0.02, real=0.01 secs] 
Heap after GC invocations=273 (full 4):
 par new generation   total 109248K, used 2458K [0x00000000e0000000, 0x00000000e8000000, 0x00000000e8000000)
  eden space 87424K,   0% used [0x00000000e0000000, 0x00000000e0000000, 0x00000000e5560000)
  from space 21824K,  11% used [0x00000000e6ab0000, 0x00000000e6d16948, 0x00000000e8000000)
  to   space 21824K,   0% used [0x00000000e5560000, 0x00000000e5560000, 0x00000000e6ab0000)
 concurrent mark-sweep generation total 393216K, used 136560K [0x00000000e8000000, 0x0000000100000000, 0x0000000100000000)
 Metaspace       used 48900K, capacity 49484K, committed 49700K, reserved 1093632K
  class space    used 5243K, capacity 5413K, committed 5444K, reserved 1048576K
}
2016-06-20T14:40:47.692+0100: 3087.564: Total time for which application threads were stopped: 0.0103841 seconds, Stopping threads took: 0.0000261 seconds
{Heap before GC invocations=273 (full 4):
 par new generation   total 109248K, used 89882K [0x00000000e0000000, 0x00000000e8000000, 0x00000000e8000000)
  eden space 87424K, 100% used [0x00000000e0000000, 0x00000000e5560000, 0x00000000e5560000)
  from space 21824K,  11% used [0x00000000e6ab0000, 0x00000000e6d16948, 0x00000000e8000000)
  to   space 21824K,   0% used [0x00000000e5560000, 0x00000000e5560000, 0x00000000e6ab0000)
 concurrent mark-sweep generation total 393216K, used 136560K [0x00000000e8000000, 0x0000000100000000, 0x0000000100000000)
 Metaspace       used 48900K, capacity 49484K, committed 49700K, reserved 1093632K
  class space    used 5243K, capacity 5413K, committed 5444K, reserved 1048576K
2016-06-20T14:40:47.854+0100: 3087.726: [GC (Allocation Failure) 2016-06-20T14:40:47.854+0100: 3087.726: [ParNew
Desired survivor size 20112992 bytes, new threshold 8 (max 8)
- age   1:     584416 bytes,     584416 total
- age   2:      59192 bytes,     643608 total
- age   3:      26648 bytes,     670256 total
- age   4:      10784 bytes,     681040 total
- age   5:     125496 bytes,     806536 total
- age   6:      76208 bytes,     882744 total
- age   7:      11696 bytes,     894440 total
- age   8:      43192 bytes,     937632 total
: 89882K->1777K(109248K), 0.0023137 secs] 226442K->138429K(502464K), 0.0023891 secs] [Times: user=0.00 sys=0.00, real=0.00 secs] 
Heap after GC invocations=274 (full 4):
 par new generation   total 109248K, used 1777K [0x00000000e0000000, 0x00000000e8000000, 0x00000000e8000000)
  eden space 87424K,   0% used [0x00000000e0000000, 0x00000000e0000000, 0x00000000e5560000)
  from space 21824K,   8% used [0x00000000e5560000, 0x00000000e571c6e0, 0x00000000e6ab0000)
  to   space 21824K,   0% used [0x00000000e6ab0000, 0x00000000e6ab0000, 0x00000000e8000000)
 concurrent mark-sweep generation total 393216K, used 136651K [0x00000000e8000000, 0x0000000100000000, 0x0000000100000000)
 Metaspace       used 48900K, capacity 49484K, committed 49700K, reserved 1093632K
  class space    used 5243K, capacity 5413K, committed 5444K, reserved 1048576K
}
2016-06-20T14:40:47.857+0100: 3087.728: Total time for which application threads were stopped: 0.0026445 seconds, Stopping threads took: 0.0000257 seconds
{Heap before GC invocations=274 (full 4):
 par new generation   total 109248K, used 89201K [0x00000000e0000000, 0x00000000e8000000, 0x00000000e8000000)
  eden space 87424K, 100% used [0x00000000e0000000, 0x00000000e5560000, 0x00000000e5560000)
  from space 21824K,   8% used [0x00000000e5560000, 0x00000000e571c6e0, 0x00000000e6ab0000)
  to   space 21824K,   0% used [0x00000000e6ab0000, 0x00000000e6ab0000, 0x00000000e8000000)
 concurrent mark-sweep generation total 393216K, used 136651K [0x00000000e8000000, 0x0000000100000000, 0x0000000100000000)
 Metaspace       used 48900K, capacity 49484K, committed 49700K, reserved 1093632K
  class space    used 5243K, capacity 5413K, committed 5444K, reserved 1048576K
2016-06-20T14:40:48.020+0100: 3087.891: [GC (Allocation Failure) 2016-06-20T14:40:48.020+0100: 3087.891: [ParNew
Desired survivor size 20112992 bytes, new threshold 8 (max 8)
- age   1:     981192 bytes,     981192 total
- age   2:     238928 bytes,    1220120 total
- age   3:      59192 bytes,    1279312 total
- age   4:      26648 bytes,    1305960 total
- age   5:      10784 bytes,    1316744 total
- age   6:     125496 bytes,    1442240 total
- age   7:      76208 bytes,    1518448 total
- age   8:      11696 bytes,    1530144 total
: 89201K->1822K(109248K), 0.0045693 secs] 225853K->138516K(502464K), 0.0046502 secs] [Times: user=0.00 sys=0.00, real=0.00 secs] 
Heap after GC invocations=275 (full 4):
 par new generation   total 109248K, used 1822K [0x00000000e0000000, 0x00000000e8000000, 0x00000000e8000000)
  eden space 87424K,   0% used [0x00000000e0000000, 0x00000000e0000000, 0x00000000e5560000)
  from space 21824K,   8% used [0x00000000e6ab0000, 0x00000000e6c77930, 0x00000000e8000000)
  to   space 21824K,   0% used [0x00000000e5560000, 0x00000000e5560000, 0x00000000e6ab0000)
 concurrent mark-sweep generation total 393216K, used 136693K [0x00000000e8000000, 0x0000000100000000, 0x0000000100000000)
 Metaspace       used 48900K, capacity 49484K, committed 49700K, reserved 1093632K
  class space    used 5243K, capacity 5413K, committed 5444K, reserved 1048576K
}
2016-06-20T14:40:48.024+0100: 3087.895: Total time for which application threads were stopped: 0.0049124 seconds, Stopping threads took: 0.0000312 seconds
2016-06-20T14:40:49.025+0100: 3088.896: Total time for which application threads were stopped: 0.0001109 seconds, Stopping threads took: 0.0000343 seconds
{Heap before GC invocations=275 (full 4):
 par new generation   total 109248K, used 89246K [0x00000000e0000000, 0x00000000e8000000, 0x00000000e8000000)
  eden space 87424K, 100% used [0x00000000e0000000, 0x00000000e5560000, 0x00000000e5560000)
  from space 21824K,   8% used [0x00000000e6ab0000, 0x00000000e6c77930, 0x00000000e8000000)
  to   space 21824K,   0% used [0x00000000e5560000, 0x00000000e5560000, 0x00000000e6ab0000)
 concurrent mark-sweep generation total 393216K, used 136693K [0x00000000e8000000, 0x0000000100000000, 0x0000000100000000)
 Metaspace       used 48900K, capacity 49484K, committed 49700K, reserved 1093632K
  class space    used 5243K, capacity 5413K, committed 5444K, reserved 1048576K
2016-06-20T14:40:51.487+0100: 3091.358: [GC (Allocation Failure) 2016-06-20T14:40:51.487+0100: 3091.359: [ParNew
Desired survivor size 20112992 bytes, new threshold 1 (max 8)
- age   1:   20239776 bytes,   20239776 total
- age   2:       7912 bytes,   20247688 total
- age   3:       9328 bytes,   20257016 total
- age   4:       9992 bytes,   20267008 total
- age   5:      10248 bytes,   20277256 total
- age   6:      10784 bytes,   20288040 total
- age   7:      10696 bytes,   20298736 total
- age   8:      10608 bytes,   20309344 total
: 89246K->20626K(109248K), 0.0060331 secs] 225940K->157332K(502464K), 0.0061918 secs] [Times: user=0.00 sys=0.00, real=0.01 secs] 
Heap after GC invocations=276 (full 4):
 par new generation   total 109248K, used 20626K [0x00000000e0000000, 0x00000000e8000000, 0x00000000e8000000)
  eden space 87424K,   0% used [0x00000000e0000000, 0x00000000e0000000, 0x00000000e5560000)
  from space 21824K,  94% used [0x00000000e5560000, 0x00000000e6984a60, 0x00000000e6ab0000)
  to   space 21824K,   0% used [0x00000000e6ab0000, 0x00000000e6ab0000, 0x00000000e8000000)
 concurrent mark-sweep generation total 393216K, used 136705K [0x00000000e8000000, 0x0000000100000000, 0x0000000100000000)
 Metaspace       used 48900K, capacity 49484K, committed 49700K, reserved 1093632K
  class space    used 5243K, capacity 5413K, committed 5444K, reserved 1048576K
}
2016-06-20T14:40:51.493+0100: 3091.365: Total time for which application threads were stopped: 0.0064784 seconds, Stopping threads took: 0.0000426 seconds
2016-06-20T14:40:52.495+0100: 3092.366: Total time for which application threads were stopped: 0.0001188 seconds, Stopping threads took: 0.0000300 seconds
{Heap before GC invocations=276 (full 4):
 par new generation   total 109248K, used 107966K [0x00000000e0000000, 0x00000000e8000000, 0x00000000e8000000)
  eden space 87424K,  99% used [0x00000000e0000000, 0x00000000e554b0d0, 0x00000000e5560000)
  from space 21824K,  94% used [0x00000000e5560000, 0x00000000e6984a60, 0x00000000e6ab0000)
  to   space 21824K,   0% used [0x00000000e6ab0000, 0x00000000e6ab0000, 0x00000000e8000000)
 concurrent mark-sweep generation total 393216K, used 136705K [0x00000000e8000000, 0x0000000100000000, 0x0000000100000000)
 Metaspace       used 48905K, capacity 49484K, committed 49700K, reserved 1093632K
  class space    used 5243K, capacity 5413K, committed 5444K, reserved 1048576K
2016-06-20T14:40:53.107+0100: 3092.979: [GC (Allocation Failure) 2016-06-20T14:40:53.107+0100: 3092.979: [ParNew
Desired survivor size 20112992 bytes, new threshold 8 (max 8)
- age   1:    2901592 bytes,    2901592 total
: 107966K->6807K(109248K), 0.0294998 secs] 244672K->157409K(502464K), 0.0295867 secs] [Times: user=0.09 sys=0.02, real=0.03 secs] 
Heap after GC invocations=277 (full 4):
 par new generation   total 109248K, used 6807K [0x00000000e0000000, 0x00000000e8000000, 0x00000000e8000000)
  eden space 87424K,   0% used [0x00000000e0000000, 0x00000000e0000000, 0x00000000e5560000)
  from space 21824K,  31% used [0x00000000e6ab0000, 0x00000000e7155c70, 0x00000000e8000000)
  to   space 21824K,   0% used [0x00000000e5560000, 0x00000000e5560000, 0x00000000e6ab0000)
 concurrent mark-sweep generation total 393216K, used 150602K [0x00000000e8000000, 0x0000000100000000, 0x0000000100000000)
 Metaspace       used 48905K, capacity 49484K, committed 49700K, reserved 1093632K
  class space    used 5243K, capacity 5413K, committed 5444K, reserved 1048576K
}
2016-06-20T14:40:53.137+0100: 3093.009: Total time for which application threads were stopped: 0.0298678 seconds, Stopping threads took: 0.0000367 seconds
{Heap before GC invocations=277 (full 4):
 par new generation   total 109248K, used 94231K [0x00000000e0000000, 0x00000000e8000000, 0x00000000e8000000)
  eden space 87424K, 100% used [0x00000000e0000000, 0x00000000e5560000, 0x00000000e5560000)
  from space 21824K,  31% used [0x00000000e6ab0000, 0x00000000e7155c70, 0x00000000e8000000)
  to   space 21824K,   0% used [0x00000000e5560000, 0x00000000e5560000, 0x00000000e6ab0000)
 concurrent mark-sweep generation total 393216K, used 150602K [0x00000000e8000000, 0x0000000100000000, 0x0000000100000000)
 Metaspace       used 48908K, capacity 49484K, committed 49700K, reserved 1093632K
  class space    used 5243K, capacity 5413K, committed 5444K, reserved 1048576K
2016-06-20T14:40:53.521+0100: 3093.392: [GC (Allocation Failure) 2016-06-20T14:40:53.521+0100: 3093.392: [ParNew
Desired survivor size 20112992 bytes, new threshold 8 (max 8)
- age   1:    1629024 bytes,    1629024 total
- age   2:    2551152 bytes,    4180176 total
: 94231K->4466K(109248K), 0.0026958 secs] 244833K->155068K(502464K), 0.0027826 secs] [Times: user=0.00 sys=0.00, real=0.00 secs] 
Heap after GC invocations=278 (full 4):
 par new generation   total 109248K, used 4466K [0x00000000e0000000, 0x00000000e8000000, 0x00000000e8000000)
  eden space 87424K,   0% used [0x00000000e0000000, 0x00000000e0000000, 0x00000000e5560000)
  from space 21824K,  20% used [0x00000000e5560000, 0x00000000e59bc860, 0x00000000e6ab0000)
  to   space 21824K,   0% used [0x00000000e6ab0000, 0x00000000e6ab0000, 0x00000000e8000000)
 concurrent mark-sweep generation total 393216K, used 150602K [0x00000000e8000000, 0x0000000100000000, 0x0000000100000000)
 Metaspace       used 48908K, capacity 49484K, committed 49700K, reserved 1093632K
  class space    used 5243K, capacity 5413K, committed 5444K, reserved 1048576K
}
2016-06-20T14:40:53.524+0100: 3093.395: Total time for which application threads were stopped: 0.0030313 seconds, Stopping threads took: 0.0000339 seconds
{Heap before GC invocations=278 (full 4):
 par new generation   total 109248K, used 90763K [0x00000000e0000000, 0x00000000e8000000, 0x00000000e8000000)
  eden space 87424K,  98% used [0x00000000e0000000, 0x00000000e5446480, 0x00000000e5560000)
  from space 21824K,  20% used [0x00000000e5560000, 0x00000000e59bc860, 0x00000000e6ab0000)
  to   space 21824K,   0% used [0x00000000e6ab0000, 0x00000000e6ab0000, 0x00000000e8000000)
 concurrent mark-sweep generation total 393216K, used 150602K [0x00000000e8000000, 0x0000000100000000, 0x0000000100000000)
 Metaspace       used 48908K, capacity 49484K, committed 49700K, reserved 1093632K
  class space    used 5243K, capacity 5413K, committed 5444K, reserved 1048576K
2016-06-20T14:40:53.788+0100: 3093.659: [GC (Allocation Failure) 2016-06-20T14:40:53.788+0100: 3093.659: [ParNew
Desired survivor size 20112992 bytes, new threshold 8 (max 8)
- age   1:    2037192 bytes,    2037192 total
- age   2:     485752 bytes,    2522944 total
- age   3:    2544888 bytes,    5067832 total
: 90763K->6139K(109248K), 0.0063888 secs] 241365K->156742K(502464K), 0.0064819 secs] [Times: user=0.00 sys=0.00, real=0.01 secs] 
Heap after GC invocations=279 (full 4):
 par new generation   total 109248K, used 6139K [0x00000000e0000000, 0x00000000e8000000, 0x00000000e8000000)
  eden space 87424K,   0% used [0x00000000e0000000, 0x00000000e0000000, 0x00000000e5560000)
  from space 21824K,  28% used [0x00000000e6ab0000, 0x00000000e70aedf8, 0x00000000e8000000)
  to   space 21824K,   0% used [0x00000000e5560000, 0x00000000e5560000, 0x00000000e6ab0000)
 concurrent mark-sweep generation total 393216K, used 150602K [0x00000000e8000000, 0x0000000100000000, 0x0000000100000000)
 Metaspace       used 48908K, capacity 49484K, committed 49700K, reserved 1093632K
  class space    used 5243K, capacity 5413K, committed 5444K, reserved 1048576K
}
2016-06-20T14:40:53.794+0100: 3093.665: Total time for which application threads were stopped: 0.0067630 seconds, Stopping threads took: 0.0000351 seconds
{Heap before GC invocations=279 (full 4):
 par new generation   total 109248K, used 93563K [0x00000000e0000000, 0x00000000e8000000, 0x00000000e8000000)
  eden space 87424K, 100% used [0x00000000e0000000, 0x00000000e5560000, 0x00000000e5560000)
  from space 21824K,  28% used [0x00000000e6ab0000, 0x00000000e70aedf8, 0x00000000e8000000)
  to   space 21824K,   0% used [0x00000000e5560000, 0x00000000e5560000, 0x00000000e6ab0000)
 concurrent mark-sweep generation total 393216K, used 150602K [0x00000000e8000000, 0x0000000100000000, 0x0000000100000000)
 Metaspace       used 48908K, capacity 49484K, committed 49700K, reserved 1093632K
  class space    used 5243K, capacity 5413K, committed 5444K, reserved 1048576K
2016-06-20T14:40:54.116+0100: 3093.987: [GC (Allocation Failure) 2016-06-20T14:40:54.116+0100: 3093.987: [ParNew
Desired survivor size 20112992 bytes, new threshold 8 (max 8)
- age   1:    2383120 bytes,    2383120 total
- age   2:     469952 bytes,    2853072 total
- age   3:     485752 bytes,    3338824 total
- age   4:    2570944 bytes,    5909768 total
: 93563K->8291K(109248K), 0.0028561 secs] 244166K->158893K(502464K), 0.0029484 secs] [Times: user=0.00 sys=0.00, real=0.00 secs] 
Heap after GC invocations=280 (full 4):
 par new generation   total 109248K, used 8291K [0x00000000e0000000, 0x00000000e8000000, 0x00000000e8000000)
  eden space 87424K,   0% used [0x00000000e0000000, 0x00000000e0000000, 0x00000000e5560000)
  from space 21824K,  37% used [0x00000000e5560000, 0x00000000e5d78c90, 0x00000000e6ab0000)
  to   space 21824K,   0% used [0x00000000e6ab0000, 0x00000000e6ab0000, 0x00000000e8000000)
 concurrent mark-sweep generation total 393216K, used 150602K [0x00000000e8000000, 0x0000000100000000, 0x0000000100000000)
 Metaspace       used 48908K, capacity 49484K, committed 49700K, reserved 1093632K
  class space    used 5243K, capacity 5413K, committed 5444K, reserved 1048576K
}
2016-06-20T14:40:54.119+0100: 3093.990: Total time for which application threads were stopped: 0.0032042 seconds, Stopping threads took: 0.0000245 seconds
2016-06-20T14:40:57.120+0100: 3096.991: Total time for which application threads were stopped: 0.0000896 seconds, Stopping threads took: 0.0000272 seconds
2016-06-20T14:41:04.123+0100: 3103.994: Total time for which application threads were stopped: 0.0002321 seconds, Stopping threads took: 0.0000395 seconds
2016-06-20T14:41:05.125+0100: 3104.996: Total time for which application threads were stopped: 0.0001504 seconds, Stopping threads took: 0.0000304 seconds
{Heap before GC invocations=280 (full 4):
 par new generation   total 109248K, used 95711K [0x00000000e0000000, 0x00000000e8000000, 0x00000000e8000000)
  eden space 87424K,  99% used [0x00000000e0000000, 0x00000000e555eff8, 0x00000000e5560000)
  from space 21824K,  37% used [0x00000000e5560000, 0x00000000e5d78c90, 0x00000000e6ab0000)
  to   space 21824K,   0% used [0x00000000e6ab0000, 0x00000000e6ab0000, 0x00000000e8000000)
 concurrent mark-sweep generation total 393216K, used 150602K [0x00000000e8000000, 0x0000000100000000, 0x0000000100000000)
 Metaspace       used 48916K, capacity 49548K, committed 49700K, reserved 1093632K
  class space    used 5243K, capacity 5413K, committed 5444K, reserved 1048576K
2016-06-20T14:41:07.037+0100: 3106.908: [GC (Allocation Failure) 2016-06-20T14:41:07.037+0100: 3106.908: [ParNew
Desired survivor size 20112992 bytes, new threshold 8 (max 8)
- age   1:    1584000 bytes,    1584000 total
- age   4:        120 bytes,    1584120 total
- age   5:      60000 bytes,    1644120 total
: 95711K->2787K(109248K), 0.0023058 secs] 246313K->153390K(502464K), 0.0024013 secs] [Times: user=0.00 sys=0.00, real=0.00 secs] 
Heap after GC invocations=281 (full 4):
 par new generation   total 109248K, used 2787K [0x00000000e0000000, 0x00000000e8000000, 0x00000000e8000000)
  eden space 87424K,   0% used [0x00000000e0000000, 0x00000000e0000000, 0x00000000e5560000)
  from space 21824K,  12% used [0x00000000e6ab0000, 0x00000000e6d68e00, 0x00000000e8000000)
  to   space 21824K,   0% used [0x00000000e5560000, 0x00000000e5560000, 0x00000000e6ab0000)
 concurrent mark-sweep generation total 393216K, used 150602K [0x00000000e8000000, 0x0000000100000000, 0x0000000100000000)
 Metaspace       used 48916K, capacity 49548K, committed 49700K, reserved 1093632K
  class space    used 5243K, capacity 5413K, committed 5444K, reserved 1048576K
}
2016-06-20T14:41:07.040+0100: 3106.911: Total time for which application threads were stopped: 0.0027408 seconds, Stopping threads took: 0.0000343 seconds
2016-06-20T14:41:12.043+0100: 3111.914: Total time for which application threads were stopped: 0.0000975 seconds, Stopping threads took: 0.0000217 seconds
2016-06-20T14:41:13.043+0100: 3112.914: Total time for which application threads were stopped: 0.0001141 seconds, Stopping threads took: 0.0000296 seconds
{Heap before GC invocations=281 (full 4):
 par new generation   total 109248K, used 90211K [0x00000000e0000000, 0x00000000e8000000, 0x00000000e8000000)
  eden space 87424K, 100% used [0x00000000e0000000, 0x00000000e5560000, 0x00000000e5560000)
  from space 21824K,  12% used [0x00000000e6ab0000, 0x00000000e6d68e00, 0x00000000e8000000)
  to   space 21824K,   0% used [0x00000000e5560000, 0x00000000e5560000, 0x00000000e6ab0000)
 concurrent mark-sweep generation total 393216K, used 150602K [0x00000000e8000000, 0x0000000100000000, 0x0000000100000000)
 Metaspace       used 48932K, capacity 49560K, committed 49700K, reserved 1093632K
  class space    used 5245K, capacity 5415K, committed 5444K, reserved 1048576K
2016-06-20T14:41:23.047+0100: 3122.918: [GC (Allocation Failure) 2016-06-20T14:41:23.047+0100: 3122.918: [ParNew
Desired survivor size 20112992 bytes, new threshold 8 (max 8)
- age   1:     892504 bytes,     892504 total
- age   2:      94632 bytes,     987136 total
- age   5:        120 bytes,     987256 total
- age   6:      16264 bytes,    1003520 total
: 90211K->1438K(109248K), 0.0023299 secs] 240814K->152041K(502464K), 0.0023970 secs] [Times: user=0.00 sys=0.00, real=0.00 secs] 
Heap after GC invocations=282 (full 4):
 par new generation   total 109248K, used 1438K [0x00000000e0000000, 0x00000000e8000000, 0x00000000e8000000)
  eden space 87424K,   0% used [0x00000000e0000000, 0x00000000e0000000, 0x00000000e5560000)
  from space 21824K,   6% used [0x00000000e5560000, 0x00000000e56c7940, 0x00000000e6ab0000)
  to   space 21824K,   0% used [0x00000000e6ab0000, 0x00000000e6ab0000, 0x00000000e8000000)
 concurrent mark-sweep generation total 393216K, used 150602K [0x00000000e8000000, 0x0000000100000000, 0x0000000100000000)
 Metaspace       used 48932K, capacity 49560K, committed 49700K, reserved 1093632K
  class space    used 5245K, capacity 5415K, committed 5444K, reserved 1048576K
}
2016-06-20T14:41:23.049+0100: 3122.920: Total time for which application threads were stopped: 0.0026820 seconds, Stopping threads took: 0.0000403 seconds
2016-06-20T14:41:24.049+0100: 3123.920: Total time for which application threads were stopped: 0.0000770 seconds, Stopping threads took: 0.0000249 seconds
2016-06-20T14:41:36.055+0100: 3135.926: Total time for which application threads were stopped: 0.0000904 seconds, Stopping threads took: 0.0000284 seconds
{Heap before GC invocations=282 (full 4):
 par new generation   total 109248K, used 88862K [0x00000000e0000000, 0x00000000e8000000, 0x00000000e8000000)
  eden space 87424K, 100% used [0x00000000e0000000, 0x00000000e5560000, 0x00000000e5560000)
  from space 21824K,   6% used [0x00000000e5560000, 0x00000000e56c7940, 0x00000000e6ab0000)
  to   space 21824K,   0% used [0x00000000e6ab0000, 0x00000000e6ab0000, 0x00000000e8000000)
 concurrent mark-sweep generation total 393216K, used 150602K [0x00000000e8000000, 0x0000000100000000, 0x0000000100000000)
 Metaspace       used 48939K, capacity 49566K, committed 49700K, reserved 1093632K
  class space    used 5245K, capacity 5416K, committed 5444K, reserved 1048576K
2016-06-20T14:41:37.771+0100: 3137.643: [GC (Allocation Failure) 2016-06-20T14:41:37.771+0100: 3137.643: [ParNew
Desired survivor size 20112992 bytes, new threshold 8 (max 8)
- age   1:     526984 bytes,     526984 total
- age   2:     244408 bytes,     771392 total
- age   3:      88192 bytes,     859584 total
- age   6:        120 bytes,     859704 total
- age   7:       1760 bytes,     861464 total
: 88862K->1062K(109248K), 0.0023093 secs] 239465K->151665K(502464K), 0.0024029 secs] [Times: user=0.00 sys=0.00, real=0.00 secs] 
Heap after GC invocations=283 (full 4):
 par new generation   total 109248K, used 1062K [0x00000000e0000000, 0x00000000e8000000, 0x00000000e8000000)
  eden space 87424K,   0% used [0x00000000e0000000, 0x00000000e0000000, 0x00000000e5560000)
  from space 21824K,   4% used [0x00000000e6ab0000, 0x00000000e6bb99a8, 0x00000000e8000000)
  to   space 21824K,   0% used [0x00000000e5560000, 0x00000000e5560000, 0x00000000e6ab0000)
 concurrent mark-sweep generation total 393216K, used 150602K [0x00000000e8000000, 0x0000000100000000, 0x0000000100000000)
 Metaspace       used 48939K, capacity 49566K, committed 49700K, reserved 1093632K
  class space    used 5245K, capacity 5416K, committed 5444K, reserved 1048576K
}
2016-06-20T14:41:37.774+0100: 3137.646: Total time for which application threads were stopped: 0.0026496 seconds, Stopping threads took: 0.0000300 seconds
2016-06-20T14:41:52.780+0100: 3152.651: Total time for which application threads were stopped: 0.0001204 seconds, Stopping threads took: 0.0000308 seconds
2016-06-20T14:41:54.781+0100: 3154.652: Total time for which application threads were stopped: 0.0000979 seconds, Stopping threads took: 0.0000446 seconds
{Heap before GC invocations=283 (full 4):
 par new generation   total 109248K, used 88486K [0x00000000e0000000, 0x00000000e8000000, 0x00000000e8000000)
  eden space 87424K, 100% used [0x00000000e0000000, 0x00000000e5560000, 0x00000000e5560000)
  from space 21824K,   4% used [0x00000000e6ab0000, 0x00000000e6bb99a8, 0x00000000e8000000)
  to   space 21824K,   0% used [0x00000000e5560000, 0x00000000e5560000, 0x00000000e6ab0000)
 concurrent mark-sweep generation total 393216K, used 150602K [0x00000000e8000000, 0x0000000100000000, 0x0000000100000000)
 Metaspace       used 48941K, capacity 49566K, committed 49700K, reserved 1093632K
  class space    used 5245K, capacity 5416K, committed 5444K, reserved 1048576K
2016-06-20T14:41:57.049+0100: 3156.921: [GC (Allocation Failure) 2016-06-20T14:41:57.050+0100: 3156.921: [ParNew
Desired survivor size 20112992 bytes, new threshold 8 (max 8)
- age   1:     396528 bytes,     396528 total
- age   2:     343360 bytes,     739888 total
- age   3:     243632 bytes,     983520 total
- age   4:      88096 bytes,    1071616 total
- age   7:        120 bytes,    1071736 total
- age   8:       1680 bytes,    1073416 total
: 88486K->1369K(109248K), 0.0022296 secs] 239089K->151972K(502464K), 0.0023097 secs] [Times: user=0.00 sys=0.00, real=0.00 secs] 
Heap after GC invocations=284 (full 4):
 par new generation   total 109248K, used 1369K [0x00000000e0000000, 0x00000000e8000000, 0x00000000e8000000)
  eden space 87424K,   0% used [0x00000000e0000000, 0x00000000e0000000, 0x00000000e5560000)
  from space 21824K,   6% used [0x00000000e5560000, 0x00000000e56b6740, 0x00000000e6ab0000)
  to   space 21824K,   0% used [0x00000000e6ab0000, 0x00000000e6ab0000, 0x00000000e8000000)
 concurrent mark-sweep generation total 393216K, used 150602K [0x00000000e8000000, 0x0000000100000000, 0x0000000100000000)
 Metaspace       used 48941K, capacity 49566K, committed 49700K, reserved 1093632K
  class space    used 5245K, capacity 5416K, committed 5444K, reserved 1048576K
}
2016-06-20T14:41:57.052+0100: 3156.923: Total time for which application threads were stopped: 0.0026105 seconds, Stopping threads took: 0.0000253 seconds
2016-06-20T14:42:45.073+0100: 3204.944: Total time for which application threads were stopped: 0.0001082 seconds, Stopping threads took: 0.0000308 seconds
{Heap before GC invocations=284 (full 4):
 par new generation   total 109248K, used 88793K [0x00000000e0000000, 0x00000000e8000000, 0x00000000e8000000)
  eden space 87424K, 100% used [0x00000000e0000000, 0x00000000e5560000, 0x00000000e5560000)
  from space 21824K,   6% used [0x00000000e5560000, 0x00000000e56b6740, 0x00000000e6ab0000)
  to   space 21824K,   0% used [0x00000000e6ab0000, 0x00000000e6ab0000, 0x00000000e8000000)
 concurrent mark-sweep generation total 393216K, used 150602K [0x00000000e8000000, 0x0000000100000000, 0x0000000100000000)
 Metaspace       used 48948K, capacity 49566K, committed 49700K, reserved 1093632K
  class space    used 5245K, capacity 5416K, committed 5444K, reserved 1048576K
2016-06-20T14:42:49.693+0100: 3209.564: [GC (Allocation Failure) 2016-06-20T14:42:49.693+0100: 3209.564: [ParNew
Desired survivor size 20112992 bytes, new threshold 8 (max 8)
- age   1:     667288 bytes,     667288 total
- age   2:      23976 bytes,     691264 total
- age   3:      42056 bytes,     733320 total
- age   4:     243064 bytes,     976384 total
- age   5:      88024 bytes,    1064408 total
- age   8:        120 bytes,    1064528 total
: 88793K->1388K(109248K), 0.0024368 secs] 239396K->151993K(502464K), 0.0025118 secs] [Times: user=0.00 sys=0.00, real=0.00 secs] 
Heap after GC invocations=285 (full 4):
 par new generation   total 109248K, used 1388K [0x00000000e0000000, 0x00000000e8000000, 0x00000000e8000000)
  eden space 87424K,   0% used [0x00000000e0000000, 0x00000000e0000000, 0x00000000e5560000)
  from space 21824K,   6% used [0x00000000e6ab0000, 0x00000000e6c0b318, 0x00000000e8000000)
  to   space 21824K,   0% used [0x00000000e5560000, 0x00000000e5560000, 0x00000000e6ab0000)
 concurrent mark-sweep generation total 393216K, used 150604K [0x00000000e8000000, 0x0000000100000000, 0x0000000100000000)
 Metaspace       used 48948K, capacity 49566K, committed 49700K, reserved 1093632K
  class space    used 5245K, capacity 5416K, committed 5444K, reserved 1048576K
}
2016-06-20T14:42:49.695+0100: 3209.567: Total time for which application threads were stopped: 0.0027424 seconds, Stopping threads took: 0.0000351 seconds
2016-06-20T14:42:50.695+0100: 3210.566: Total time for which application threads were stopped: 0.0000940 seconds, Stopping threads took: 0.0000272 seconds
2016-06-20T14:42:55.697+0100: 3215.569: Total time for which application threads were stopped: 0.0002696 seconds, Stopping threads took: 0.0000932 seconds
2016-06-20T14:43:02.701+0100: 3222.572: Total time for which application threads were stopped: 0.0002345 seconds, Stopping threads took: 0.0000328 seconds
{Heap before GC invocations=285 (full 4):
 par new generation   total 109248K, used 88812K [0x00000000e0000000, 0x00000000e8000000, 0x00000000e8000000)
  eden space 87424K,  99% used [0x00000000e0000000, 0x00000000e555fd48, 0x00000000e5560000)
  from space 21824K,   6% used [0x00000000e6ab0000, 0x00000000e6c0b318, 0x00000000e8000000)
  to   space 21824K,   0% used [0x00000000e5560000, 0x00000000e5560000, 0x00000000e6ab0000)
 concurrent mark-sweep generation total 393216K, used 150604K [0x00000000e8000000, 0x0000000100000000, 0x0000000100000000)
 Metaspace       used 48949K, capacity 49566K, committed 49700K, reserved 1093632K
  class space    used 5245K, capacity 5416K, committed 5444K, reserved 1048576K
2016-06-20T14:43:29.901+0100: 3249.772: [GC (Allocation Failure) 2016-06-20T14:43:29.901+0100: 3249.772: [ParNew
Desired survivor size 20112992 bytes, new threshold 8 (max 8)
- age   1:    2225984 bytes,    2225984 total
- age   2:     259944 bytes,    2485928 total
- age   3:      23176 bytes,    2509104 total
- age   4:      41768 bytes,    2550872 total
- age   5:     242864 bytes,    2793736 total
- age   6:      87904 bytes,    2881640 total
: 88812K->3060K(109248K), 0.0032820 secs] 239416K->153664K(502464K), 0.0033823 secs] [Times: user=0.00 sys=0.00, real=0.00 secs] 
Heap after GC invocations=286 (full 4):
 par new generation   total 109248K, used 3060K [0x00000000e0000000, 0x00000000e8000000, 0x00000000e8000000)
  eden space 87424K,   0% used [0x00000000e0000000, 0x00000000e0000000, 0x00000000e5560000)
  from space 21824K,  14% used [0x00000000e5560000, 0x00000000e585d178, 0x00000000e6ab0000)
  to   space 21824K,   0% used [0x00000000e6ab0000, 0x00000000e6ab0000, 0x00000000e8000000)
 concurrent mark-sweep generation total 393216K, used 150604K [0x00000000e8000000, 0x0000000100000000, 0x0000000100000000)
 Metaspace       used 48949K, capacity 49566K, committed 49700K, reserved 1093632K
  class space    used 5245K, capacity 5416K, committed 5444K, reserved 1048576K
}
2016-06-20T14:43:29.904+0100: 3249.775: Total time for which application threads were stopped: 0.0036412 seconds, Stopping threads took: 0.0000324 seconds
2016-06-20T14:44:35.935+0100: 3315.806: Total time for which application threads were stopped: 0.0001279 seconds, Stopping threads took: 0.0000363 seconds
2016-06-20T14:45:25.967+0100: 3365.838: Total time for which application threads were stopped: 0.0002996 seconds, Stopping threads took: 0.0000912 seconds
2016-06-20T14:46:23.480+0100: 3423.351: Total time for which application threads were stopped: 0.0001757 seconds, Stopping threads took: 0.0000292 seconds
2016-06-20T14:46:23.869+0100: 3423.741: Total time for which application threads were stopped: 0.0000999 seconds, Stopping threads took: 0.0000245 seconds
2016-06-20T14:46:27.832+0100: 3427.703: Total time for which application threads were stopped: 0.0002444 seconds, Stopping threads took: 0.0000241 seconds
2016-06-20T14:46:32.840+0100: 3432.711: Total time for which application threads were stopped: 0.0001145 seconds, Stopping threads took: 0.0000339 seconds
{Heap before GC invocations=286 (full 4):
 par new generation   total 109248K, used 90484K [0x00000000e0000000, 0x00000000e8000000, 0x00000000e8000000)
  eden space 87424K, 100% used [0x00000000e0000000, 0x00000000e5560000, 0x00000000e5560000)
  from space 21824K,  14% used [0x00000000e5560000, 0x00000000e585d178, 0x00000000e6ab0000)
  to   space 21824K,   0% used [0x00000000e6ab0000, 0x00000000e6ab0000, 0x00000000e8000000)
 concurrent mark-sweep generation total 393216K, used 150604K [0x00000000e8000000, 0x0000000100000000, 0x0000000100000000)
 Metaspace       used 48961K, capacity 49566K, committed 49700K, reserved 1093632K
  class space    used 5245K, capacity 5416K, committed 5444K, reserved 1048576K
2016-06-20T14:46:34.085+0100: 3433.956: [GC (Allocation Failure) 2016-06-20T14:46:34.085+0100: 3433.957: [ParNew
Desired survivor size 20112992 bytes, new threshold 8 (max 8)
- age   1:     425624 bytes,     425624 total
- age   2:     135904 bytes,     561528 total
- age   3:      85784 bytes,     647312 total
- age   4:      22960 bytes,     670272 total
- age   5:      41504 bytes,     711776 total
- age   6:     242672 bytes,     954448 total
- age   7:      87808 bytes,    1042256 total
: 90484K->1502K(109248K), 0.0032185 secs] 241088K->152106K(502464K), 0.0033104 secs] [Times: user=0.00 sys=0.00, real=0.00 secs] 
Heap after GC invocations=287 (full 4):
 par new generation   total 109248K, used 1502K [0x00000000e0000000, 0x00000000e8000000, 0x00000000e8000000)
  eden space 87424K,   0% used [0x00000000e0000000, 0x00000000e0000000, 0x00000000e5560000)
  from space 21824K,   6% used [0x00000000e6ab0000, 0x00000000e6c279f0, 0x00000000e8000000)
  to   space 21824K,   0% used [0x00000000e5560000, 0x00000000e5560000, 0x00000000e6ab0000)
 concurrent mark-sweep generation total 393216K, used 150604K [0x00000000e8000000, 0x0000000100000000, 0x0000000100000000)
 Metaspace       used 48961K, capacity 49566K, committed 49700K, reserved 1093632K
  class space    used 5245K, capacity 5416K, committed 5444K, reserved 1048576K
}
2016-06-20T14:46:34.089+0100: 3433.960: Total time for which application threads were stopped: 0.0036468 seconds, Stopping threads took: 0.0000284 seconds
2016-06-20T14:46:38.091+0100: 3437.962: Total time for which application threads were stopped: 0.0001082 seconds, Stopping threads took: 0.0000292 seconds
2016-06-20T14:48:54.441+0100: 3574.312: Total time for which application threads were stopped: 0.0001729 seconds, Stopping threads took: 0.0000347 seconds
2016-06-20T14:48:54.705+0100: 3574.576: Total time for which application threads were stopped: 0.0000754 seconds, Stopping threads took: 0.0000201 seconds
{Heap before GC invocations=287 (full 4):
 par new generation   total 109248K, used 88926K [0x00000000e0000000, 0x00000000e8000000, 0x00000000e8000000)
  eden space 87424K, 100% used [0x00000000e0000000, 0x00000000e5560000, 0x00000000e5560000)
  from space 21824K,   6% used [0x00000000e6ab0000, 0x00000000e6c279f0, 0x00000000e8000000)
  to   space 21824K,   0% used [0x00000000e5560000, 0x00000000e5560000, 0x00000000e6ab0000)
 concurrent mark-sweep generation total 393216K, used 150604K [0x00000000e8000000, 0x0000000100000000, 0x0000000100000000)
 Metaspace       used 48968K, capacity 49566K, committed 49700K, reserved 1093632K
  class space    used 5245K, capacity 5416K, committed 5444K, reserved 1048576K
2016-06-20T14:49:17.471+0100: 3597.342: [GC (Allocation Failure) 2016-06-20T14:49:17.471+0100: 3597.342: [ParNew
Desired survivor size 20112992 bytes, new threshold 8 (max 8)
- age   1:     162840 bytes,     162840 total
- age   2:     193208 bytes,     356048 total
- age   3:     135432 bytes,     491480 total
- age   4:      85664 bytes,     577144 total
- age   5:      22600 bytes,     599744 total
- age   6:      41096 bytes,     640840 total
- age   7:     242456 bytes,     883296 total
- age   8:      87784 bytes,     971080 total
: 88926K->1106K(109248K), 0.0026038 secs] 239530K->151710K(502464K), 0.0026990 secs] [Times: user=0.00 sys=0.00, real=0.00 secs] 
Heap after GC invocations=288 (full 4):
 par new generation   total 109248K, used 1106K [0x00000000e0000000, 0x00000000e8000000, 0x00000000e8000000)
  eden space 87424K,   0% used [0x00000000e0000000, 0x00000000e0000000, 0x00000000e5560000)
  from space 21824K,   5% used [0x00000000e5560000, 0x00000000e56748a8, 0x00000000e6ab0000)
  to   space 21824K,   0% used [0x00000000e6ab0000, 0x00000000e6ab0000, 0x00000000e8000000)
 concurrent mark-sweep generation total 393216K, used 150604K [0x00000000e8000000, 0x0000000100000000, 0x0000000100000000)
 Metaspace       used 48968K, capacity 49566K, committed 49700K, reserved 1093632K
  class space    used 5245K, capacity 5416K, committed 5444K, reserved 1048576K
}
2016-06-20T14:49:17.474+0100: 3597.345: Total time for which application threads were stopped: 0.0029690 seconds, Stopping threads took: 0.0000288 seconds
2016-06-20T14:52:52.601+0100: 3812.472: Total time for which application threads were stopped: 0.0001220 seconds, Stopping threads took: 0.0000359 seconds
2016-06-20T14:54:37.754+0100: 3917.625: Total time for which application threads were stopped: 0.0001634 seconds, Stopping threads took: 0.0000351 seconds
2016-06-20T14:54:37.985+0100: 3917.856: Total time for which application threads were stopped: 0.0000943 seconds, Stopping threads took: 0.0000237 seconds
2016-06-20T14:54:52.444+0100: 3932.316: Total time for which application threads were stopped: 0.0018234 seconds, Stopping threads took: 0.0000324 seconds
2016-06-20T14:54:53.444+0100: 3933.316: Total time for which application threads were stopped: 0.0001784 seconds, Stopping threads took: 0.0000659 seconds
2016-06-20T15:16:52.623+0100: 5252.494: Total time for which application threads were stopped: 0.0013536 seconds, Stopping threads took: 0.0002767 seconds
2016-06-20T15:16:52.637+0100: 5252.509: Total time for which application threads were stopped: 0.0002511 seconds, Stopping threads took: 0.0000284 seconds
2016-06-20T15:16:52.679+0100: 5252.550: Total time for which application threads were stopped: 0.0001954 seconds, Stopping threads took: 0.0000268 seconds
2016-06-20T15:16:52.708+0100: 5252.579: Total time for which application threads were stopped: 0.0001638 seconds, Stopping threads took: 0.0000359 seconds
{Heap before GC invocations=288 (full 4):
 par new generation   total 109248K, used 88530K [0x00000000e0000000, 0x00000000e8000000, 0x00000000e8000000)
  eden space 87424K, 100% used [0x00000000e0000000, 0x00000000e5560000, 0x00000000e5560000)
  from space 21824K,   5% used [0x00000000e5560000, 0x00000000e56748a8, 0x00000000e6ab0000)
  to   space 21824K,   0% used [0x00000000e6ab0000, 0x00000000e6ab0000, 0x00000000e8000000)
 concurrent mark-sweep generation total 393216K, used 150604K [0x00000000e8000000, 0x0000000100000000, 0x0000000100000000)
 Metaspace       used 49049K, capacity 49700K, committed 49956K, reserved 1093632K
  class space    used 5251K, capacity 5417K, committed 5444K, reserved 1048576K
2016-06-20T15:16:52.774+0100: 5252.645: [GC (Allocation Failure) 2016-06-20T15:16:52.774+0100: 5252.645: [ParNew
Desired survivor size 20112992 bytes, new threshold 8 (max 8)
- age   1:     776592 bytes,     776592 total
- age   2:      22760 bytes,     799352 total
- age   3:     191552 bytes,     990904 total
- age   4:     135080 bytes,    1125984 total
- age   5:      70432 bytes,    1196416 total
- age   6:      22360 bytes,    1218776 total
- age   7:      40920 bytes,    1259696 total
- age   8:      21424 bytes,    1281120 total
: 88530K->1367K(109248K), 0.0221076 secs] 239134K->152058K(502464K), 0.0223800 secs] [Times: user=0.00 sys=0.06, real=0.02 secs] 
Heap after GC invocations=289 (full 4):
 par new generation   total 109248K, used 1367K [0x00000000e0000000, 0x00000000e8000000, 0x00000000e8000000)
  eden space 87424K,   0% used [0x00000000e0000000, 0x00000000e0000000, 0x00000000e5560000)
  from space 21824K,   6% used [0x00000000e6ab0000, 0x00000000e6c05fd0, 0x00000000e8000000)
  to   space 21824K,   0% used [0x00000000e5560000, 0x00000000e5560000, 0x00000000e6ab0000)
 concurrent mark-sweep generation total 393216K, used 150690K [0x00000000e8000000, 0x0000000100000000, 0x0000000100000000)
 Metaspace       used 49049K, capacity 49700K, committed 49956K, reserved 1093632K
  class space    used 5251K, capacity 5417K, committed 5444K, reserved 1048576K
}
2016-06-20T15:16:52.796+0100: 5252.667: Total time for which application threads were stopped: 0.0228134 seconds, Stopping threads took: 0.0000505 seconds
2016-06-20T15:16:53.009+0100: 5252.881: Total time for which application threads were stopped: 0.0001322 seconds, Stopping threads took: 0.0000284 seconds
2016-06-20T15:16:53.009+0100: 5252.881: Total time for which application threads were stopped: 0.0000616 seconds, Stopping threads took: 0.0000118 seconds
2016-06-20T15:16:53.012+0100: 5252.884: Total time for which application threads were stopped: 0.0000999 seconds, Stopping threads took: 0.0000174 seconds
2016-06-20T15:16:53.018+0100: 5252.890: Total time for which application threads were stopped: 0.0001393 seconds, Stopping threads took: 0.0000403 seconds
2016-06-20T15:16:53.054+0100: 5252.926: Total time for which application threads were stopped: 0.0001393 seconds, Stopping threads took: 0.0000411 seconds
2016-06-20T15:16:54.055+0100: 5253.926: Total time for which application threads were stopped: 0.0000861 seconds, Stopping threads took: 0.0000213 seconds
2016-06-20T15:16:55.055+0100: 5254.926: Total time for which application threads were stopped: 0.0001011 seconds, Stopping threads took: 0.0000367 seconds
2016-06-20T15:16:55.059+0100: 5254.931: Total time for which application threads were stopped: 0.0002290 seconds, Stopping threads took: 0.0001445 seconds
2016-06-20T15:16:55.059+0100: 5254.931: Total time for which application threads were stopped: 0.0001405 seconds, Stopping threads took: 0.0000845 seconds
2016-06-20T15:16:55.060+0100: 5254.931: Total time for which application threads were stopped: 0.0001157 seconds, Stopping threads took: 0.0000718 seconds
2016-06-20T15:16:55.060+0100: 5254.931: Total time for which application threads were stopped: 0.0001204 seconds, Stopping threads took: 0.0000659 seconds
2016-06-20T15:16:55.060+0100: 5254.932: Total time for which application threads were stopped: 0.0000612 seconds, Stopping threads took: 0.0000209 seconds
2016-06-20T15:16:56.060+0100: 5255.931: Total time for which application threads were stopped: 0.0000872 seconds, Stopping threads took: 0.0000249 seconds
2016-06-20T15:17:45.251+0100: 5305.123: Total time for which application threads were stopped: 0.0000924 seconds, Stopping threads took: 0.0000193 seconds
2016-06-20T15:17:45.255+0100: 5305.127: Total time for which application threads were stopped: 0.0000750 seconds, Stopping threads took: 0.0000272 seconds
2016-06-20T15:17:45.274+0100: 5305.145: Total time for which application threads were stopped: 0.0001441 seconds, Stopping threads took: 0.0000229 seconds
2016-06-20T15:17:45.533+0100: 5305.405: Total time for which application threads were stopped: 0.0001066 seconds, Stopping threads took: 0.0000217 seconds
2016-06-20T15:17:46.534+0100: 5306.405: Total time for which application threads were stopped: 0.0000861 seconds, Stopping threads took: 0.0000225 seconds
2016-06-20T15:17:48.356+0100: 5308.227: Total time for which application threads were stopped: 0.0003403 seconds, Stopping threads took: 0.0001090 seconds
2016-06-20T15:17:49.356+0100: 5309.227: Total time for which application threads were stopped: 0.0000750 seconds, Stopping threads took: 0.0000237 seconds
2016-06-20T15:18:04.133+0100: 5324.004: Total time for which application threads were stopped: 0.0001279 seconds, Stopping threads took: 0.0000414 seconds
2016-06-20T15:18:04.404+0100: 5324.276: Total time for which application threads were stopped: 0.0001326 seconds, Stopping threads took: 0.0000328 seconds
2016-06-20T15:18:04.405+0100: 5324.277: Total time for which application threads were stopped: 0.0000588 seconds, Stopping threads took: 0.0000146 seconds
2016-06-20T15:18:04.413+0100: 5324.284: Total time for which application threads were stopped: 0.0007437 seconds, Stopping threads took: 0.0006352 seconds
2016-06-20T15:18:04.425+0100: 5324.297: Total time for which application threads were stopped: 0.0001259 seconds, Stopping threads took: 0.0000336 seconds
2016-06-20T15:18:05.426+0100: 5325.297: Total time for which application threads were stopped: 0.0001101 seconds, Stopping threads took: 0.0000261 seconds
2016-06-20T15:18:06.331+0100: 5326.202: Total time for which application threads were stopped: 0.0001117 seconds, Stopping threads took: 0.0000245 seconds
2016-06-20T15:21:52.434+0100: 5552.305: Total time for which application threads were stopped: 0.0001232 seconds, Stopping threads took: 0.0000355 seconds
2016-06-20T15:29:52.695+0100: 6032.566: Total time for which application threads were stopped: 0.0001390 seconds, Stopping threads took: 0.0000403 seconds
2016-06-20T15:30:22.706+0100: 6062.577: Total time for which application threads were stopped: 0.0001480 seconds, Stopping threads took: 0.0000418 seconds
2016-06-20T15:57:22.630+0100: 7682.501: Total time for which application threads were stopped: 0.0471376 seconds, Stopping threads took: 0.0466592 seconds
2016-06-20T15:57:52.651+0100: 7712.522: Total time for which application threads were stopped: 0.0001757 seconds, Stopping threads took: 0.0000343 seconds
2016-06-20T16:00:52.761+0100: 7892.632: Total time for which application threads were stopped: 0.0001015 seconds, Stopping threads took: 0.0000288 seconds
2016-06-20T16:26:52.646+0100: 9452.518: Total time for which application threads were stopped: 0.0010264 seconds, Stopping threads took: 0.0003509 seconds
2016-06-20T17:56:33.399+0100: 14833.271: Total time for which application threads were stopped: 0.0013370 seconds, Stopping threads took: 0.0002988 seconds
2016-06-20T17:56:33.494+0100: 14833.365: Total time for which application threads were stopped: 0.0002286 seconds, Stopping threads took: 0.0000304 seconds
2016-06-20T17:56:33.502+0100: 14833.374: Total time for which application threads were stopped: 0.0003253 seconds, Stopping threads took: 0.0000363 seconds
2016-06-20T17:56:34.504+0100: 14834.375: Total time for which application threads were stopped: 0.0000983 seconds, Stopping threads took: 0.0000284 seconds
2016-06-20T17:57:21.893+0100: 14881.764: Total time for which application threads were stopped: 0.0001476 seconds, Stopping threads took: 0.0000276 seconds
2016-06-20T17:57:21.895+0100: 14881.766: Total time for which application threads were stopped: 0.0001480 seconds, Stopping threads took: 0.0000359 seconds
2016-06-20T17:57:21.896+0100: 14881.767: Total time for which application threads were stopped: 0.0000872 seconds, Stopping threads took: 0.0000217 seconds
2016-06-20T17:57:22.321+0100: 14882.192: Total time for which application threads were stopped: 0.0001441 seconds, Stopping threads took: 0.0000193 seconds
2016-06-20T17:57:22.321+0100: 14882.192: Total time for which application threads were stopped: 0.0000884 seconds, Stopping threads took: 0.0000142 seconds
2016-06-20T17:57:22.321+0100: 14882.192: Total time for which application threads were stopped: 0.0000529 seconds, Stopping threads took: 0.0000095 seconds
2016-06-20T17:57:22.321+0100: 14882.192: Total time for which application threads were stopped: 0.0000497 seconds, Stopping threads took: 0.0000091 seconds
2016-06-20T17:57:22.321+0100: 14882.193: Total time for which application threads were stopped: 0.0000513 seconds, Stopping threads took: 0.0000087 seconds
2016-06-20T17:57:22.321+0100: 14882.193: Total time for which application threads were stopped: 0.0002317 seconds, Stopping threads took: 0.0000087 seconds
2016-06-20T17:57:24.322+0100: 14884.193: Total time for which application threads were stopped: 0.0001942 seconds, Stopping threads took: 0.0000264 seconds
2016-06-20T17:57:48.349+0100: 14908.220: Total time for which application threads were stopped: 0.0001812 seconds, Stopping threads took: 0.0000276 seconds
2016-06-20T18:02:03.902+0100: 15163.774: Total time for which application threads were stopped: 0.0001279 seconds, Stopping threads took: 0.0000292 seconds
2016-06-20T18:02:03.903+0100: 15163.775: Total time for which application threads were stopped: 0.0001034 seconds, Stopping threads took: 0.0000257 seconds
2016-06-20T18:02:03.904+0100: 15163.775: Total time for which application threads were stopped: 0.0002483 seconds, Stopping threads took: 0.0001733 seconds
2016-06-20T18:02:03.929+0100: 15163.801: Total time for which application threads were stopped: 0.0001117 seconds, Stopping threads took: 0.0000268 seconds
2016-06-20T18:02:03.931+0100: 15163.802: Total time for which application threads were stopped: 0.0001109 seconds, Stopping threads took: 0.0000193 seconds
2016-06-20T18:02:04.931+0100: 15164.802: Total time for which application threads were stopped: 0.0000999 seconds, Stopping threads took: 0.0000264 seconds
2016-06-20T18:02:35.949+0100: 15195.820: Total time for which application threads were stopped: 0.0002096 seconds, Stopping threads took: 0.0000308 seconds
2016-06-20T18:02:36.277+0100: 15196.148: Total time for which application threads were stopped: 0.0001599 seconds, Stopping threads took: 0.0000272 seconds
2016-06-20T18:02:57.819+0100: 15217.694: Total time for which application threads were stopped: 0.0000936 seconds, Stopping threads took: 0.0000166 seconds
2016-06-20T18:02:58.832+0100: 15218.703: Total time for which application threads were stopped: 0.0001196 seconds, Stopping threads took: 0.0000264 seconds
2016-06-20T18:03:17.852+0100: 15237.723: Total time for which application threads were stopped: 0.0001216 seconds, Stopping threads took: 0.0000426 seconds
2016-06-20T18:08:36.777+0100: 15556.649: Total time for which application threads were stopped: 0.0001330 seconds, Stopping threads took: 0.0000320 seconds
2016-06-20T18:08:36.795+0100: 15556.667: Total time for which application threads were stopped: 0.0001082 seconds, Stopping threads took: 0.0000328 seconds
2016-06-20T18:08:36.797+0100: 15556.669: Total time for which application threads were stopped: 0.0001101 seconds, Stopping threads took: 0.0000257 seconds
2016-06-20T18:08:37.798+0100: 15557.669: Total time for which application threads were stopped: 0.0000936 seconds, Stopping threads took: 0.0000264 seconds
2016-06-20T18:09:20.927+0100: 15600.799: Total time for which application threads were stopped: 0.0001603 seconds, Stopping threads took: 0.0000351 seconds
2016-06-20T18:09:20.928+0100: 15600.800: Total time for which application threads were stopped: 0.0000817 seconds, Stopping threads took: 0.0000225 seconds
2016-06-20T18:09:20.928+0100: 15600.800: Total time for which application threads were stopped: 0.0001086 seconds, Stopping threads took: 0.0000363 seconds
2016-06-20T18:09:21.212+0100: 15601.083: Total time for which application threads were stopped: 0.0001141 seconds, Stopping threads took: 0.0000221 seconds
2016-06-20T18:09:21.212+0100: 15601.084: Total time for which application threads were stopped: 0.0000805 seconds, Stopping threads took: 0.0000154 seconds
2016-06-20T18:09:21.212+0100: 15601.084: Total time for which application threads were stopped: 0.0000462 seconds, Stopping threads took: 0.0000103 seconds
2016-06-20T18:09:21.212+0100: 15601.084: Total time for which application threads were stopped: 0.0000521 seconds, Stopping threads took: 0.0000107 seconds
2016-06-20T18:09:21.212+0100: 15601.084: Total time for which application threads were stopped: 0.0000497 seconds, Stopping threads took: 0.0000103 seconds
2016-06-20T18:09:21.212+0100: 15601.084: Total time for which application threads were stopped: 0.0000367 seconds, Stopping threads took: 0.0000087 seconds
2016-06-20T18:09:22.212+0100: 15602.083: Total time for which application threads were stopped: 0.0001117 seconds, Stopping threads took: 0.0000343 seconds
2016-06-20T18:11:01.260+0100: 15701.131: Total time for which application threads were stopped: 0.0001500 seconds, Stopping threads took: 0.0000403 seconds
2016-06-20T18:13:33.526+0100: 15853.397: Total time for which application threads were stopped: 0.0002570 seconds, Stopping threads took: 0.0000268 seconds
2016-06-20T18:13:33.547+0100: 15853.419: Total time for which application threads were stopped: 0.0002669 seconds, Stopping threads took: 0.0000233 seconds
2016-06-20T18:13:33.547+0100: 15853.419: Total time for which application threads were stopped: 0.0000655 seconds, Stopping threads took: 0.0000083 seconds
2016-06-20T18:13:33.548+0100: 15853.420: Total time for which application threads were stopped: 0.0000541 seconds, Stopping threads took: 0.0000122 seconds
2016-06-20T18:13:33.827+0100: 15853.698: Total time for which application threads were stopped: 0.0000817 seconds, Stopping threads took: 0.0000233 seconds
2016-06-20T18:13:34.827+0100: 15854.698: Total time for which application threads were stopped: 0.0000805 seconds, Stopping threads took: 0.0000241 seconds
2016-06-20T18:13:50.766+0100: 15870.637: Total time for which application threads were stopped: 0.0001650 seconds, Stopping threads took: 0.0000371 seconds
2016-06-20T18:13:50.767+0100: 15870.638: Total time for which application threads were stopped: 0.0001725 seconds, Stopping threads took: 0.0000261 seconds
2016-06-20T18:13:50.767+0100: 15870.638: Total time for which application threads were stopped: 0.0000647 seconds, Stopping threads took: 0.0000122 seconds
2016-06-20T18:13:51.089+0100: 15870.960: Total time for which application threads were stopped: 0.0001492 seconds, Stopping threads took: 0.0000264 seconds
2016-06-20T18:13:51.089+0100: 15870.960: Total time for which application threads were stopped: 0.0000738 seconds, Stopping threads took: 0.0000182 seconds
2016-06-20T18:13:51.089+0100: 15870.961: Total time for which application threads were stopped: 0.0000762 seconds, Stopping threads took: 0.0000158 seconds
2016-06-20T18:13:51.089+0100: 15870.961: Total time for which application threads were stopped: 0.0000667 seconds, Stopping threads took: 0.0000138 seconds
2016-06-20T18:13:51.089+0100: 15870.961: Total time for which application threads were stopped: 0.0000557 seconds, Stopping threads took: 0.0000146 seconds
2016-06-20T18:15:49.214+0100: 15989.085: Total time for which application threads were stopped: 0.0001571 seconds, Stopping threads took: 0.0000339 seconds
2016-06-20T18:15:49.238+0100: 15989.109: Total time for which application threads were stopped: 0.0001113 seconds, Stopping threads took: 0.0000245 seconds
2016-06-20T18:15:49.239+0100: 15989.110: Total time for which application threads were stopped: 0.0000900 seconds, Stopping threads took: 0.0000162 seconds
2016-06-20T18:15:50.240+0100: 15990.112: Total time for which application threads were stopped: 0.0000884 seconds, Stopping threads took: 0.0000241 seconds
2016-06-20T18:16:06.671+0100: 16006.542: Total time for which application threads were stopped: 0.0001390 seconds, Stopping threads took: 0.0000367 seconds
2016-06-20T18:16:06.672+0100: 16006.543: Total time for which application threads were stopped: 0.0000928 seconds, Stopping threads took: 0.0000225 seconds
2016-06-20T18:16:06.672+0100: 16006.543: Total time for which application threads were stopped: 0.0000655 seconds, Stopping threads took: 0.0000174 seconds
2016-06-20T18:16:07.089+0100: 16006.960: Total time for which application threads were stopped: 0.0001765 seconds, Stopping threads took: 0.0000367 seconds
2016-06-20T18:16:07.099+0100: 16006.971: Total time for which application threads were stopped: 0.0103071 seconds, Stopping threads took: 0.0000632 seconds
2016-06-20T18:16:07.099+0100: 16006.971: Total time for which application threads were stopped: 0.0000951 seconds, Stopping threads took: 0.0000213 seconds
2016-06-20T18:16:07.099+0100: 16006.971: Total time for which application threads were stopped: 0.0000801 seconds, Stopping threads took: 0.0000209 seconds
2016-06-20T18:16:07.100+0100: 16006.971: Total time for which application threads were stopped: 0.0001650 seconds, Stopping threads took: 0.0001176 seconds
{Heap before GC invocations=289 (full 4):
 par new generation   total 109248K, used 88791K [0x00000000e0000000, 0x00000000e8000000, 0x00000000e8000000)
  eden space 87424K, 100% used [0x00000000e0000000, 0x00000000e5560000, 0x00000000e5560000)
  from space 21824K,   6% used [0x00000000e6ab0000, 0x00000000e6c05fd0, 0x00000000e8000000)
  to   space 21824K,   0% used [0x00000000e5560000, 0x00000000e5560000, 0x00000000e6ab0000)
 concurrent mark-sweep generation total 393216K, used 150690K [0x00000000e8000000, 0x0000000100000000, 0x0000000100000000)
 Metaspace       used 49618K, capacity 50256K, committed 50596K, reserved 1093632K
  class space    used 5278K, capacity 5451K, committed 5572K, reserved 1048576K
2016-06-20T18:16:42.513+0100: 16042.385: [GC (Allocation Failure) 2016-06-20T18:16:42.513+0100: 16042.385: [ParNew
Desired survivor size 20112992 bytes, new threshold 8 (max 8)
- age   1:     742840 bytes,     742840 total
- age   2:     153208 bytes,     896048 total
- age   3:      22760 bytes,     918808 total
- age   4:     190880 bytes,    1109688 total
- age   5:     135080 bytes,    1244768 total
- age   6:      70072 bytes,    1314840 total
- age   7:      22336 bytes,    1337176 total
- age   8:      40880 bytes,    1378056 total
: 88791K->1938K(109248K), 0.0184743 secs] 239482K->152641K(502464K), 0.0185816 secs] [Times: user=0.03 sys=0.08, real=0.02 secs] 
Heap after GC invocations=290 (full 4):
 par new generation   total 109248K, used 1938K [0x00000000e0000000, 0x00000000e8000000, 0x00000000e8000000)
  eden space 87424K,   0% used [0x00000000e0000000, 0x00000000e0000000, 0x00000000e5560000)
  from space 21824K,   8% used [0x00000000e5560000, 0x00000000e5744998, 0x00000000e6ab0000)
  to   space 21824K,   0% used [0x00000000e6ab0000, 0x00000000e6ab0000, 0x00000000e8000000)
 concurrent mark-sweep generation total 393216K, used 150703K [0x00000000e8000000, 0x0000000100000000, 0x0000000100000000)
 Metaspace       used 49618K, capacity 50256K, committed 50596K, reserved 1093632K
  class space    used 5278K, capacity 5451K, committed 5572K, reserved 1048576K
}
2016-06-20T18:16:42.532+0100: 16042.404: Total time for which application threads were stopped: 0.0188682 seconds, Stopping threads took: 0.0000336 seconds
2016-06-20T18:17:53.304+0100: 16113.187: Total time for which application threads were stopped: 0.0017551 seconds, Stopping threads took: 0.0000154 seconds
2016-06-20T18:17:53.304+0100: 16113.190: Total time for which application threads were stopped: 0.0009648 seconds, Stopping threads took: 0.0000197 seconds
2016-06-20T18:17:53.319+0100: 16113.192: Total time for which application threads were stopped: 0.0009403 seconds, Stopping threads took: 0.0000186 seconds
2016-06-20T18:17:53.404+0100: 16113.277: Total time for which application threads were stopped: 0.0000778 seconds, Stopping threads took: 0.0000249 seconds
2016-06-20T18:17:53.404+0100: 16113.277: Total time for which application threads were stopped: 0.0000497 seconds, Stopping threads took: 0.0000197 seconds
2016-06-20T18:17:53.404+0100: 16113.278: Total time for which application threads were stopped: 0.0000553 seconds, Stopping threads took: 0.0000201 seconds
2016-06-20T18:17:53.404+0100: 16113.278: Total time for which application threads were stopped: 0.0001184 seconds, Stopping threads took: 0.0000197 seconds
2016-06-20T18:17:53.404+0100: 16113.279: Total time for which application threads were stopped: 0.0000537 seconds, Stopping threads took: 0.0000201 seconds
2016-06-20T18:17:53.404+0100: 16113.280: Total time for which application threads were stopped: 0.0000647 seconds, Stopping threads took: 0.0000197 seconds
Heap
 par new generation   total 109248K, used 6580K [0x00000000e0000000, 0x00000000e8000000, 0x00000000e8000000)
  eden space 87424K,   5% used [0x00000000e0000000, 0x00000000e0488910, 0x00000000e5560000)
  from space 21824K,   8% used [0x00000000e5560000, 0x00000000e5744998, 0x00000000e6ab0000)
  to   space 21824K,   0% used [0x00000000e6ab0000, 0x00000000e6ab0000, 0x00000000e8000000)
 concurrent mark-sweep generation total 393216K, used 150703K [0x00000000e8000000, 0x0000000100000000, 0x0000000100000000)
 Metaspace       used 49682K, capacity 50320K, committed 50596K, reserved 1093632K
  class space    used 5289K, capacity 5515K, committed 5572K, reserved 1048576K
