Java HotSpot(TM) 64-Bit Server VM (25.73-b02) for windows-amd64 JRE (1.8.0_73-b02), built on Jan 29 2016 17:38:49 by "java_re" with MS VC++ 10.0 (VS2010)
Memory: 4k page, physical 4027256k(1940008k free), swap 8052652k(3878172k free)
CommandLine flags: -XX:CMSInitiatingOccupancyFraction=50 -XX:CMSMaxAbortablePrecleanTime=6000 -XX:+CMSParallelRemarkEnabled -XX:+CMSScavengeBeforeRemark -XX:ConcGCThreads=4 -XX:InitialHeapSize=536870912 -XX:MaxHeapSize=536870912 -XX:MaxTenuringThreshold=8 -XX:NewRatio=3 -XX:OldPLABSize=16 -XX:ParallelGCThreads=4 -XX:+ParallelRefProcEnabled -XX:PretenureSizeThreshold=67108864 -XX:+PrintGC -XX:+PrintGCApplicationStoppedTime -XX:+PrintGCDateStamps -XX:+PrintGCDetails -XX:+PrintGCTimeStamps -XX:+PrintHeapAtGC -XX:+PrintTenuringDistribution -XX:SurvivorRatio=4 -XX:TargetSurvivorRatio=90 -XX:ThreadStackSize=256 -XX:+UseCMSInitiatingOccupancyOnly -XX:+UseCompressedClassPointers -XX:+UseCompressedOops -XX:+UseConcMarkSweepGC -XX:-UseLargePagesIndividualAllocation -XX:+UseParNewGC 
2016-05-17T16:57:43.574+0100: 1.204: Total time for which application threads were stopped: 0.0002124 seconds, Stopping threads took: 0.0000395 seconds
2016-05-17T16:57:44.574+0100: 2.204: Total time for which application threads were stopped: 0.0001611 seconds, Stopping threads took: 0.0000403 seconds
2016-05-17T16:57:45.574+0100: 3.205: Total time for which application threads were stopped: 0.0003080 seconds, Stopping threads took: 0.0002148 seconds
2016-05-17T16:57:46.574+0100: 4.205: Total time for which application threads were stopped: 0.0001366 seconds, Stopping threads took: 0.0000419 seconds
2016-05-17T16:57:46.649+0100: 4.280: Total time for which application threads were stopped: 0.0002258 seconds, Stopping threads took: 0.0000450 seconds
2016-05-17T16:57:46.826+0100: 4.457: Total time for which application threads were stopped: 0.0002424 seconds, Stopping threads took: 0.0000395 seconds
2016-05-17T16:57:48.097+0100: 5.728: Total time for which application threads were stopped: 0.0002132 seconds, Stopping threads took: 0.0000450 seconds
2016-05-17T16:57:50.097+0100: 7.728: Total time for which application threads were stopped: 0.0000940 seconds, Stopping threads took: 0.0000355 seconds
2016-05-17T16:57:51.115+0100: 8.746: Total time for which application threads were stopped: 0.0001500 seconds, Stopping threads took: 0.0000474 seconds
2016-05-17T16:57:52.115+0100: 9.746: Total time for which application threads were stopped: 0.0001398 seconds, Stopping threads took: 0.0000442 seconds
2016-05-17T16:57:52.605+0100: 10.235: Total time for which application threads were stopped: 0.1059590 seconds, Stopping threads took: 0.1057087 seconds
2016-05-17T16:57:52.614+0100: 10.244: Total time for which application threads were stopped: 0.0001327 seconds, Stopping threads took: 0.0000513 seconds
2016-05-17T16:57:52.624+0100: 10.254: Total time for which application threads were stopped: 0.0002472 seconds, Stopping threads took: 0.0000466 seconds
2016-05-17T16:57:52.660+0100: 10.290: Total time for which application threads were stopped: 0.0313017 seconds, Stopping threads took: 0.0311903 seconds
2016-05-17T16:57:52.736+0100: 10.366: Total time for which application threads were stopped: 0.0738266 seconds, Stopping threads took: 0.0736853 seconds
2016-05-17T16:57:53.187+0100: 10.817: Total time for which application threads were stopped: 0.0003474 seconds, Stopping threads took: 0.0000537 seconds
2016-05-17T16:57:53.215+0100: 10.845: Total time for which application threads were stopped: 0.0002969 seconds, Stopping threads took: 0.0000537 seconds
2016-05-17T16:57:54.215+0100: 11.845: Total time for which application threads were stopped: 0.0001587 seconds, Stopping threads took: 0.0000521 seconds
2016-05-17T16:58:05.328+0100: 22.961: Total time for which application threads were stopped: 0.0001271 seconds, Stopping threads took: 0.0000442 seconds
2016-05-17T16:58:06.331+0100: 23.965: Total time for which application threads were stopped: 0.0001524 seconds, Stopping threads took: 0.0000482 seconds
2016-05-17T16:58:07.331+0100: 24.965: Total time for which application threads were stopped: 0.0004343 seconds, Stopping threads took: 0.0000529 seconds
{Heap before GC invocations=0 (full 0):
 par new generation   total 109248K, used 87424K [0x00000000e0000000, 0x00000000e8000000, 0x00000000e8000000)
  eden space 87424K, 100% used [0x00000000e0000000, 0x00000000e5560000, 0x00000000e5560000)
  from space 21824K,   0% used [0x00000000e5560000, 0x00000000e5560000, 0x00000000e6ab0000)
  to   space 21824K,   0% used [0x00000000e6ab0000, 0x00000000e6ab0000, 0x00000000e8000000)
 concurrent mark-sweep generation total 393216K, used 0K [0x00000000e8000000, 0x0000000100000000, 0x0000000100000000)
 Metaspace       used 10157K, capacity 10344K, committed 10496K, reserved 1058816K
  class space    used 1166K, capacity 1212K, committed 1280K, reserved 1048576K
2016-05-17T16:58:07.530+0100: 25.164: [GC (Allocation Failure) 2016-05-17T16:58:07.530+0100: 25.164: [ParNew
Desired survivor size 20112992 bytes, new threshold 8 (max 8)
- age   1:    5874472 bytes,    5874472 total
: 87424K->5804K(109248K), 0.0279014 secs] 87424K->5804K(502464K), 0.0280696 secs] [Times: user=0.03 sys=0.01, real=0.03 secs] 
Heap after GC invocations=1 (full 0):
 par new generation   total 109248K, used 5804K [0x00000000e0000000, 0x00000000e8000000, 0x00000000e8000000)
  eden space 87424K,   0% used [0x00000000e0000000, 0x00000000e0000000, 0x00000000e5560000)
  from space 21824K,  26% used [0x00000000e6ab0000, 0x00000000e705b0d8, 0x00000000e8000000)
  to   space 21824K,   0% used [0x00000000e5560000, 0x00000000e5560000, 0x00000000e6ab0000)
 concurrent mark-sweep generation total 393216K, used 0K [0x00000000e8000000, 0x0000000100000000, 0x0000000100000000)
 Metaspace       used 10157K, capacity 10344K, committed 10496K, reserved 1058816K
  class space    used 1166K, capacity 1212K, committed 1280K, reserved 1048576K
}
2016-05-17T16:58:07.558+0100: 25.193: Total time for which application threads were stopped: 0.0284897 seconds, Stopping threads took: 0.0000521 seconds
2016-05-17T16:58:07.563+0100: 25.197: Total time for which application threads were stopped: 0.0030749 seconds, Stopping threads took: 0.0028870 seconds
2016-05-17T16:58:07.730+0100: 25.364: Total time for which application threads were stopped: 0.0246560 seconds, Stopping threads took: 0.0244380 seconds
2016-05-17T16:58:07.915+0100: 25.549: Total time for which application threads were stopped: 0.0066062 seconds, Stopping threads took: 0.0063630 seconds
2016-05-17T16:58:07.996+0100: 25.630: Total time for which application threads were stopped: 0.0001958 seconds, Stopping threads took: 0.0000458 seconds
2016-05-17T16:58:07.996+0100: 25.631: Total time for which application threads were stopped: 0.0001192 seconds, Stopping threads took: 0.0000253 seconds
2016-05-17T16:58:07.997+0100: 25.631: Total time for which application threads were stopped: 0.0001208 seconds, Stopping threads took: 0.0000268 seconds
2016-05-17T16:58:07.997+0100: 25.631: Total time for which application threads were stopped: 0.0001564 seconds, Stopping threads took: 0.0000237 seconds
2016-05-17T16:58:07.997+0100: 25.631: Total time for which application threads were stopped: 0.0001169 seconds, Stopping threads took: 0.0000245 seconds
2016-05-17T16:58:07.997+0100: 25.631: Total time for which application threads were stopped: 0.0001161 seconds, Stopping threads took: 0.0000245 seconds
2016-05-17T16:58:07.997+0100: 25.631: Total time for which application threads were stopped: 0.0001153 seconds, Stopping threads took: 0.0000237 seconds
2016-05-17T16:58:07.998+0100: 25.632: Total time for which application threads were stopped: 0.0001200 seconds, Stopping threads took: 0.0000245 seconds
2016-05-17T16:58:07.998+0100: 25.632: Total time for which application threads were stopped: 0.0001161 seconds, Stopping threads took: 0.0000253 seconds
2016-05-17T16:58:07.998+0100: 25.632: Total time for which application threads were stopped: 0.0001153 seconds, Stopping threads took: 0.0000245 seconds
2016-05-17T16:58:07.998+0100: 25.632: Total time for which application threads were stopped: 0.0001161 seconds, Stopping threads took: 0.0000245 seconds
2016-05-17T16:58:07.998+0100: 25.632: Total time for which application threads were stopped: 0.0001145 seconds, Stopping threads took: 0.0000237 seconds
2016-05-17T16:58:07.998+0100: 25.632: Total time for which application threads were stopped: 0.0001137 seconds, Stopping threads took: 0.0000237 seconds
2016-05-17T16:58:07.998+0100: 25.633: Total time for which application threads were stopped: 0.0001153 seconds, Stopping threads took: 0.0000245 seconds
2016-05-17T16:58:07.999+0100: 25.633: Total time for which application threads were stopped: 0.0001169 seconds, Stopping threads took: 0.0000245 seconds
2016-05-17T16:58:07.999+0100: 25.633: Total time for which application threads were stopped: 0.0001161 seconds, Stopping threads took: 0.0000245 seconds
2016-05-17T16:58:07.999+0100: 25.633: Total time for which application threads were stopped: 0.0001153 seconds, Stopping threads took: 0.0000237 seconds
2016-05-17T16:58:07.999+0100: 25.633: Total time for which application threads were stopped: 0.0002077 seconds, Stopping threads took: 0.0000245 seconds
2016-05-17T16:58:08.000+0100: 25.635: Total time for which application threads were stopped: 0.0002803 seconds, Stopping threads took: 0.0000308 seconds
2016-05-17T16:58:08.001+0100: 25.635: Total time for which application threads were stopped: 0.0001279 seconds, Stopping threads took: 0.0000300 seconds
2016-05-17T16:58:08.002+0100: 25.636: Total time for which application threads were stopped: 0.0001398 seconds, Stopping threads took: 0.0000308 seconds
2016-05-17T16:58:08.002+0100: 25.637: Total time for which application threads were stopped: 0.0001366 seconds, Stopping threads took: 0.0000284 seconds
2016-05-17T16:58:08.003+0100: 25.637: Total time for which application threads were stopped: 0.0001248 seconds, Stopping threads took: 0.0000292 seconds
2016-05-17T16:58:08.003+0100: 25.637: Total time for which application threads were stopped: 0.0001271 seconds, Stopping threads took: 0.0000324 seconds
2016-05-17T16:58:08.179+0100: 25.814: Total time for which application threads were stopped: 0.0003782 seconds, Stopping threads took: 0.0000482 seconds
2016-05-17T16:58:08.645+0100: 26.280: Total time for which application threads were stopped: 0.0003838 seconds, Stopping threads took: 0.0000529 seconds
2016-05-17T16:58:09.347+0100: 26.981: Total time for which application threads were stopped: 0.0002543 seconds, Stopping threads took: 0.0000576 seconds
2016-05-17T16:58:09.347+0100: 26.981: Total time for which application threads were stopped: 0.0000869 seconds, Stopping threads took: 0.0000276 seconds
2016-05-17T16:58:10.035+0100: 27.668: Total time for which application threads were stopped: 0.0004272 seconds, Stopping threads took: 0.0000513 seconds
2016-05-17T16:58:10.040+0100: 27.673: Total time for which application threads were stopped: 0.0004209 seconds, Stopping threads took: 0.0000529 seconds
2016-05-17T16:58:10.048+0100: 27.682: Total time for which application threads were stopped: 0.0003617 seconds, Stopping threads took: 0.0000466 seconds
2016-05-17T16:58:11.048+0100: 28.681: Total time for which application threads were stopped: 0.0002014 seconds, Stopping threads took: 0.0000505 seconds
2016-05-17T16:58:12.756+0100: 30.389: Total time for which application threads were stopped: 0.0276819 seconds, Stopping threads took: 0.0273021 seconds
2016-05-17T16:58:12.757+0100: 30.391: Total time for which application threads were stopped: 0.0001950 seconds, Stopping threads took: 0.0000553 seconds
2016-05-17T16:58:12.758+0100: 30.392: Total time for which application threads were stopped: 0.0010163 seconds, Stopping threads took: 0.0008820 seconds
2016-05-17T16:58:12.759+0100: 30.392: Total time for which application threads were stopped: 0.0001564 seconds, Stopping threads took: 0.0000324 seconds
2016-05-17T16:58:12.759+0100: 30.392: Total time for which application threads were stopped: 0.0001935 seconds, Stopping threads took: 0.0000719 seconds
2016-05-17T16:58:12.760+0100: 30.393: Total time for which application threads were stopped: 0.0010502 seconds, Stopping threads took: 0.0009057 seconds
2016-05-17T16:58:12.787+0100: 30.421: Total time for which application threads were stopped: 0.0012082 seconds, Stopping threads took: 0.0009736 seconds
2016-05-17T16:58:12.788+0100: 30.422: Total time for which application threads were stopped: 0.0011324 seconds, Stopping threads took: 0.0009120 seconds
2016-05-17T16:58:12.789+0100: 30.423: Total time for which application threads were stopped: 0.0009871 seconds, Stopping threads took: 0.0008568 seconds
2016-05-17T16:58:12.791+0100: 30.424: Total time for which application threads were stopped: 0.0010637 seconds, Stopping threads took: 0.0008963 seconds
2016-05-17T16:58:12.791+0100: 30.424: Total time for which application threads were stopped: 0.0001848 seconds, Stopping threads took: 0.0000213 seconds
2016-05-17T16:58:12.792+0100: 30.426: Total time for which application threads were stopped: 0.0012050 seconds, Stopping threads took: 0.0010392 seconds
2016-05-17T16:58:12.792+0100: 30.426: Total time for which application threads were stopped: 0.0001390 seconds, Stopping threads took: 0.0000237 seconds
2016-05-17T16:58:12.793+0100: 30.426: Total time for which application threads were stopped: 0.0001382 seconds, Stopping threads took: 0.0000213 seconds
2016-05-17T16:58:12.796+0100: 30.429: Total time for which application threads were stopped: 0.0034816 seconds, Stopping threads took: 0.0032913 seconds
2016-05-17T16:58:12.797+0100: 30.431: Total time for which application threads were stopped: 0.0010423 seconds, Stopping threads took: 0.0008805 seconds
2016-05-17T16:58:12.798+0100: 30.432: Total time for which application threads were stopped: 0.0010021 seconds, Stopping threads took: 0.0008662 seconds
2016-05-17T16:58:12.799+0100: 30.433: Total time for which application threads were stopped: 0.0009997 seconds, Stopping threads took: 0.0008639 seconds
2016-05-17T16:58:12.800+0100: 30.434: Total time for which application threads were stopped: 0.0010265 seconds, Stopping threads took: 0.0008828 seconds
2016-05-17T16:58:12.802+0100: 30.435: Total time for which application threads were stopped: 0.0011505 seconds, Stopping threads took: 0.0009673 seconds
2016-05-17T16:58:12.803+0100: 30.436: Total time for which application threads were stopped: 0.0010463 seconds, Stopping threads took: 0.0009010 seconds
2016-05-17T16:58:12.803+0100: 30.436: Total time for which application threads were stopped: 0.0003135 seconds, Stopping threads took: 0.0000205 seconds
2016-05-17T16:58:12.804+0100: 30.437: Total time for which application threads were stopped: 0.0002914 seconds, Stopping threads took: 0.0001445 seconds
2016-05-17T16:58:12.804+0100: 30.438: Total time for which application threads were stopped: 0.0003482 seconds, Stopping threads took: 0.0002258 seconds
2016-05-17T16:58:12.805+0100: 30.439: Total time for which application threads were stopped: 0.0010258 seconds, Stopping threads took: 0.0008931 seconds
2016-05-17T16:58:12.805+0100: 30.439: Total time for which application threads were stopped: 0.0001500 seconds, Stopping threads took: 0.0000308 seconds
2016-05-17T16:58:12.806+0100: 30.439: Total time for which application threads were stopped: 0.0001603 seconds, Stopping threads took: 0.0000213 seconds
2016-05-17T16:58:12.806+0100: 30.439: Total time for which application threads were stopped: 0.0001390 seconds, Stopping threads took: 0.0000197 seconds
2016-05-17T16:58:12.808+0100: 30.442: Total time for which application threads were stopped: 0.0002385 seconds, Stopping threads took: 0.0000411 seconds
2016-05-17T16:58:12.811+0100: 30.444: Total time for which application threads were stopped: 0.0002566 seconds, Stopping threads took: 0.0000490 seconds
2016-05-17T16:58:12.813+0100: 30.446: Total time for which application threads were stopped: 0.0002258 seconds, Stopping threads took: 0.0000521 seconds
2016-05-17T16:58:12.814+0100: 30.447: Total time for which application threads were stopped: 0.0002061 seconds, Stopping threads took: 0.0000300 seconds
2016-05-17T16:58:12.814+0100: 30.448: Total time for which application threads were stopped: 0.0001532 seconds, Stopping threads took: 0.0000253 seconds
2016-05-17T16:58:12.816+0100: 30.449: Total time for which application threads were stopped: 0.0010873 seconds, Stopping threads took: 0.0009065 seconds
2016-05-17T16:58:12.816+0100: 30.450: Total time for which application threads were stopped: 0.0001666 seconds, Stopping threads took: 0.0000379 seconds
2016-05-17T16:58:12.817+0100: 30.451: Total time for which application threads were stopped: 0.0010218 seconds, Stopping threads took: 0.0008994 seconds
2016-05-17T16:58:12.818+0100: 30.451: Total time for which application threads were stopped: 0.0001508 seconds, Stopping threads took: 0.0000300 seconds
2016-05-17T16:58:12.818+0100: 30.451: Total time for which application threads were stopped: 0.0001413 seconds, Stopping threads took: 0.0000197 seconds
2016-05-17T16:58:12.826+0100: 30.460: Total time for which application threads were stopped: 0.0003624 seconds, Stopping threads took: 0.0002235 seconds
2016-05-17T16:58:12.827+0100: 30.460: Total time for which application threads were stopped: 0.0001208 seconds, Stopping threads took: 0.0000324 seconds
2016-05-17T16:58:12.827+0100: 30.460: Total time for which application threads were stopped: 0.0001137 seconds, Stopping threads took: 0.0000316 seconds
2016-05-17T16:58:12.827+0100: 30.460: Total time for which application threads were stopped: 0.0001042 seconds, Stopping threads took: 0.0000276 seconds
2016-05-17T16:58:12.827+0100: 30.461: Total time for which application threads were stopped: 0.0001003 seconds, Stopping threads took: 0.0000292 seconds
2016-05-17T16:58:12.827+0100: 30.461: Total time for which application threads were stopped: 0.0001050 seconds, Stopping threads took: 0.0000284 seconds
2016-05-17T16:58:12.827+0100: 30.461: Total time for which application threads were stopped: 0.0000892 seconds, Stopping threads took: 0.0000276 seconds
2016-05-17T16:58:12.828+0100: 30.461: Total time for which application threads were stopped: 0.0001027 seconds, Stopping threads took: 0.0000276 seconds
2016-05-17T16:58:12.828+0100: 30.461: Total time for which application threads were stopped: 0.0000995 seconds, Stopping threads took: 0.0000292 seconds
2016-05-17T16:58:12.828+0100: 30.461: Total time for which application threads were stopped: 0.0001003 seconds, Stopping threads took: 0.0000284 seconds
2016-05-17T16:58:12.828+0100: 30.461: Total time for which application threads were stopped: 0.0001413 seconds, Stopping threads took: 0.0000537 seconds
2016-05-17T16:58:12.828+0100: 30.462: Total time for which application threads were stopped: 0.0000995 seconds, Stopping threads took: 0.0000363 seconds
2016-05-17T16:58:12.828+0100: 30.462: Total time for which application threads were stopped: 0.0000924 seconds, Stopping threads took: 0.0000300 seconds
2016-05-17T16:58:12.828+0100: 30.462: Total time for which application threads were stopped: 0.0000900 seconds, Stopping threads took: 0.0000284 seconds
2016-05-17T16:58:12.829+0100: 30.462: Total time for which application threads were stopped: 0.0001106 seconds, Stopping threads took: 0.0000395 seconds
2016-05-17T16:58:12.829+0100: 30.462: Total time for which application threads were stopped: 0.0001003 seconds, Stopping threads took: 0.0000268 seconds
2016-05-17T16:58:12.829+0100: 30.462: Total time for which application threads were stopped: 0.0000963 seconds, Stopping threads took: 0.0000276 seconds
2016-05-17T16:58:12.829+0100: 30.462: Total time for which application threads were stopped: 0.0001042 seconds, Stopping threads took: 0.0000253 seconds
2016-05-17T16:58:12.829+0100: 30.463: Total time for which application threads were stopped: 0.0002527 seconds, Stopping threads took: 0.0001824 seconds
2016-05-17T16:58:12.830+0100: 30.463: Total time for which application threads were stopped: 0.0004469 seconds, Stopping threads took: 0.0000284 seconds
2016-05-17T16:58:12.830+0100: 30.464: Total time for which application threads were stopped: 0.0001769 seconds, Stopping threads took: 0.0000284 seconds
2016-05-17T16:58:12.833+0100: 30.466: Total time for which application threads were stopped: 0.0010613 seconds, Stopping threads took: 0.0008939 seconds
2016-05-17T16:58:12.858+0100: 30.491: Total time for which application threads were stopped: 0.0005133 seconds, Stopping threads took: 0.0003948 seconds
2016-05-17T16:58:13.063+0100: 30.696: Total time for which application threads were stopped: 0.0001287 seconds, Stopping threads took: 0.0000379 seconds
2016-05-17T16:58:13.081+0100: 30.714: Total time for which application threads were stopped: 0.0030836 seconds, Stopping threads took: 0.0029770 seconds
2016-05-17T16:58:13.081+0100: 30.714: Total time for which application threads were stopped: 0.0000916 seconds, Stopping threads took: 0.0000379 seconds
2016-05-17T16:58:13.081+0100: 30.715: Total time for which application threads were stopped: 0.0000703 seconds, Stopping threads took: 0.0000229 seconds
2016-05-17T16:58:13.082+0100: 30.716: Total time for which application threads were stopped: 0.0000774 seconds, Stopping threads took: 0.0000229 seconds
2016-05-17T16:58:13.082+0100: 30.716: Total time for which application threads were stopped: 0.0000695 seconds, Stopping threads took: 0.0000205 seconds
2016-05-17T16:58:13.083+0100: 30.716: Total time for which application threads were stopped: 0.0000719 seconds, Stopping threads took: 0.0000197 seconds
2016-05-17T16:58:13.126+0100: 30.760: Total time for which application threads were stopped: 0.0004343 seconds, Stopping threads took: 0.0000442 seconds
2016-05-17T16:58:13.160+0100: 30.794: Total time for which application threads were stopped: 0.0001785 seconds, Stopping threads took: 0.0000466 seconds
2016-05-17T16:58:13.161+0100: 30.795: Total time for which application threads were stopped: 0.0000766 seconds, Stopping threads took: 0.0000213 seconds
2016-05-17T16:58:13.161+0100: 30.795: Total time for which application threads were stopped: 0.0000608 seconds, Stopping threads took: 0.0000182 seconds
2016-05-17T16:58:13.161+0100: 30.795: Total time for which application threads were stopped: 0.0000640 seconds, Stopping threads took: 0.0000190 seconds
2016-05-17T16:58:13.291+0100: 30.924: Total time for which application threads were stopped: 0.0002029 seconds, Stopping threads took: 0.0000482 seconds
2016-05-17T16:58:13.291+0100: 30.925: Total time for which application threads were stopped: 0.0000687 seconds, Stopping threads took: 0.0000205 seconds
2016-05-17T16:58:13.294+0100: 30.927: Total time for which application threads were stopped: 0.0001208 seconds, Stopping threads took: 0.0000324 seconds
2016-05-17T16:58:13.294+0100: 30.927: Total time for which application threads were stopped: 0.0000726 seconds, Stopping threads took: 0.0000205 seconds
2016-05-17T16:58:13.294+0100: 30.927: Total time for which application threads were stopped: 0.0000695 seconds, Stopping threads took: 0.0000190 seconds
2016-05-17T16:58:13.295+0100: 30.928: Total time for which application threads were stopped: 0.0002464 seconds, Stopping threads took: 0.0000403 seconds
2016-05-17T16:58:13.310+0100: 30.943: Total time for which application threads were stopped: 0.0001516 seconds, Stopping threads took: 0.0000450 seconds
2016-05-17T16:58:13.310+0100: 30.944: Total time for which application threads were stopped: 0.0000758 seconds, Stopping threads took: 0.0000213 seconds
2016-05-17T16:58:13.310+0100: 30.944: Total time for which application threads were stopped: 0.0001445 seconds, Stopping threads took: 0.0000197 seconds
2016-05-17T16:58:13.344+0100: 30.978: Total time for which application threads were stopped: 0.0001587 seconds, Stopping threads took: 0.0000497 seconds
2016-05-17T16:58:13.345+0100: 30.978: Total time for which application threads were stopped: 0.0000774 seconds, Stopping threads took: 0.0000237 seconds
2016-05-17T16:58:13.345+0100: 30.978: Total time for which application threads were stopped: 0.0000648 seconds, Stopping threads took: 0.0000190 seconds
2016-05-17T16:58:13.371+0100: 31.004: Total time for which application threads were stopped: 0.0002085 seconds, Stopping threads took: 0.0001169 seconds
2016-05-17T16:58:13.509+0100: 31.142: Total time for which application threads were stopped: 0.0002472 seconds, Stopping threads took: 0.0000600 seconds
2016-05-17T16:58:13.517+0100: 31.150: Total time for which application threads were stopped: 0.0001603 seconds, Stopping threads took: 0.0000490 seconds
2016-05-17T16:58:13.517+0100: 31.150: Total time for which application threads were stopped: 0.0000703 seconds, Stopping threads took: 0.0000190 seconds
2016-05-17T16:58:13.532+0100: 31.165: Total time for which application threads were stopped: 0.0001485 seconds, Stopping threads took: 0.0000482 seconds
2016-05-17T16:58:13.576+0100: 31.209: Total time for which application threads were stopped: 0.0001477 seconds, Stopping threads took: 0.0000466 seconds
2016-05-17T16:58:13.576+0100: 31.210: Total time for which application threads were stopped: 0.0000790 seconds, Stopping threads took: 0.0000190 seconds
2016-05-17T16:58:13.576+0100: 31.210: Total time for which application threads were stopped: 0.0000742 seconds, Stopping threads took: 0.0000190 seconds
2016-05-17T16:58:13.577+0100: 31.210: Total time for which application threads were stopped: 0.0001287 seconds, Stopping threads took: 0.0000197 seconds
2016-05-17T16:58:13.631+0100: 31.264: Total time for which application threads were stopped: 0.0001508 seconds, Stopping threads took: 0.0000482 seconds
2016-05-17T16:58:13.631+0100: 31.265: Total time for which application threads were stopped: 0.0001058 seconds, Stopping threads took: 0.0000190 seconds
2016-05-17T16:58:13.631+0100: 31.265: Total time for which application threads were stopped: 0.0000726 seconds, Stopping threads took: 0.0000190 seconds
2016-05-17T16:58:13.632+0100: 31.265: Total time for which application threads were stopped: 0.0000892 seconds, Stopping threads took: 0.0000253 seconds
2016-05-17T16:58:13.850+0100: 31.483: Total time for which application threads were stopped: 0.0001603 seconds, Stopping threads took: 0.0000497 seconds
2016-05-17T16:58:13.851+0100: 31.484: Total time for which application threads were stopped: 0.0000892 seconds, Stopping threads took: 0.0000268 seconds
2016-05-17T16:58:13.851+0100: 31.484: Total time for which application threads were stopped: 0.0000726 seconds, Stopping threads took: 0.0000213 seconds
2016-05-17T16:58:13.897+0100: 31.531: Total time for which application threads were stopped: 0.0001595 seconds, Stopping threads took: 0.0000513 seconds
2016-05-17T16:58:13.904+0100: 31.538: Total time for which application threads were stopped: 0.0001524 seconds, Stopping threads took: 0.0000474 seconds
2016-05-17T16:58:13.904+0100: 31.538: Total time for which application threads were stopped: 0.0000734 seconds, Stopping threads took: 0.0000197 seconds
2016-05-17T16:58:13.904+0100: 31.538: Total time for which application threads were stopped: 0.0000703 seconds, Stopping threads took: 0.0000190 seconds
2016-05-17T16:58:13.905+0100: 31.539: Total time for which application threads were stopped: 0.0000821 seconds, Stopping threads took: 0.0000221 seconds
2016-05-17T16:58:13.910+0100: 31.544: Total time for which application threads were stopped: 0.0001224 seconds, Stopping threads took: 0.0000387 seconds
2016-05-17T16:58:13.912+0100: 31.545: Total time for which application threads were stopped: 0.0000979 seconds, Stopping threads took: 0.0000308 seconds
2016-05-17T16:58:13.912+0100: 31.545: Total time for which application threads were stopped: 0.0000648 seconds, Stopping threads took: 0.0000182 seconds
2016-05-17T16:58:13.912+0100: 31.546: Total time for which application threads were stopped: 0.0000648 seconds, Stopping threads took: 0.0000190 seconds
2016-05-17T16:58:13.912+0100: 31.546: Total time for which application threads were stopped: 0.0000640 seconds, Stopping threads took: 0.0000190 seconds
2016-05-17T16:58:13.912+0100: 31.546: Total time for which application threads were stopped: 0.0000640 seconds, Stopping threads took: 0.0000190 seconds
2016-05-17T16:58:13.912+0100: 31.546: Total time for which application threads were stopped: 0.0000648 seconds, Stopping threads took: 0.0000182 seconds
2016-05-17T16:58:13.913+0100: 31.546: Total time for which application threads were stopped: 0.0000640 seconds, Stopping threads took: 0.0000190 seconds
2016-05-17T16:58:15.003+0100: 32.636: Total time for which application threads were stopped: 0.0001761 seconds, Stopping threads took: 0.0000521 seconds
2016-05-17T16:58:15.003+0100: 32.636: Total time for which application threads were stopped: 0.0000726 seconds, Stopping threads took: 0.0000197 seconds
2016-05-17T16:58:15.416+0100: 33.050: Total time for which application threads were stopped: 0.0113283 seconds, Stopping threads took: 0.0111862 seconds
2016-05-17T16:58:15.417+0100: 33.050: Total time for which application threads were stopped: 0.0000884 seconds, Stopping threads took: 0.0000316 seconds
2016-05-17T16:58:15.417+0100: 33.051: Total time for which application threads were stopped: 0.0000845 seconds, Stopping threads took: 0.0000253 seconds
2016-05-17T16:58:15.417+0100: 33.051: Total time for which application threads were stopped: 0.0000734 seconds, Stopping threads took: 0.0000205 seconds
2016-05-17T16:58:15.436+0100: 33.070: Total time for which application threads were stopped: 0.0002566 seconds, Stopping threads took: 0.0000892 seconds
2016-05-17T16:58:15.463+0100: 33.096: Total time for which application threads were stopped: 0.0002029 seconds, Stopping threads took: 0.0000869 seconds
2016-05-17T16:58:15.480+0100: 33.113: Total time for which application threads were stopped: 0.0001698 seconds, Stopping threads took: 0.0000576 seconds
2016-05-17T16:58:15.480+0100: 33.114: Total time for which application threads were stopped: 0.0003245 seconds, Stopping threads took: 0.0000190 seconds
2016-05-17T16:58:15.482+0100: 33.116: Total time for which application threads were stopped: 0.0001279 seconds, Stopping threads took: 0.0000379 seconds
2016-05-17T16:58:15.482+0100: 33.116: Total time for which application threads were stopped: 0.0001153 seconds, Stopping threads took: 0.0000569 seconds
2016-05-17T16:58:15.484+0100: 33.117: Total time for which application threads were stopped: 0.0001066 seconds, Stopping threads took: 0.0000324 seconds
2016-05-17T16:58:15.484+0100: 33.118: Total time for which application threads were stopped: 0.0001019 seconds, Stopping threads took: 0.0000332 seconds
2016-05-17T16:58:15.503+0100: 33.137: Total time for which application threads were stopped: 0.0001816 seconds, Stopping threads took: 0.0000766 seconds
2016-05-17T16:58:15.504+0100: 33.137: Total time for which application threads were stopped: 0.0008276 seconds, Stopping threads took: 0.0005591 seconds
2016-05-17T16:58:15.573+0100: 33.207: Total time for which application threads were stopped: 0.0386888 seconds, Stopping threads took: 0.0385625 seconds
2016-05-17T16:58:15.645+0100: 33.278: Total time for which application threads were stopped: 0.0004935 seconds, Stopping threads took: 0.0000513 seconds
2016-05-17T16:58:15.695+0100: 33.329: Total time for which application threads were stopped: 0.0001808 seconds, Stopping threads took: 0.0000529 seconds
2016-05-17T16:58:15.770+0100: 33.403: Total time for which application threads were stopped: 0.0003514 seconds, Stopping threads took: 0.0002140 seconds
2016-05-17T16:58:15.771+0100: 33.405: Total time for which application threads were stopped: 0.0001113 seconds, Stopping threads took: 0.0000308 seconds
2016-05-17T16:58:15.772+0100: 33.405: Total time for which application threads were stopped: 0.0000711 seconds, Stopping threads took: 0.0000190 seconds
2016-05-17T16:58:15.772+0100: 33.405: Total time for which application threads were stopped: 0.0000750 seconds, Stopping threads took: 0.0000197 seconds
2016-05-17T16:58:15.791+0100: 33.424: Total time for which application threads were stopped: 0.0001793 seconds, Stopping threads took: 0.0000569 seconds
2016-05-17T16:58:15.924+0100: 33.558: Total time for which application threads were stopped: 0.0001556 seconds, Stopping threads took: 0.0000553 seconds
2016-05-17T16:58:15.924+0100: 33.558: Total time for which application threads were stopped: 0.0000805 seconds, Stopping threads took: 0.0000268 seconds
2016-05-17T16:58:15.924+0100: 33.558: Total time for which application threads were stopped: 0.0000774 seconds, Stopping threads took: 0.0000245 seconds
2016-05-17T16:58:15.924+0100: 33.558: Total time for which application threads were stopped: 0.0000813 seconds, Stopping threads took: 0.0000268 seconds
2016-05-17T16:58:15.926+0100: 33.560: Total time for which application threads were stopped: 0.0001177 seconds, Stopping threads took: 0.0000387 seconds
2016-05-17T16:58:15.926+0100: 33.560: Total time for which application threads were stopped: 0.0000853 seconds, Stopping threads took: 0.0000261 seconds
2016-05-17T16:58:15.927+0100: 33.560: Total time for which application threads were stopped: 0.0000861 seconds, Stopping threads took: 0.0000245 seconds
2016-05-17T16:58:15.927+0100: 33.560: Total time for which application threads were stopped: 0.0000877 seconds, Stopping threads took: 0.0000268 seconds
2016-05-17T16:58:15.935+0100: 33.568: Total time for which application threads were stopped: 0.0001390 seconds, Stopping threads took: 0.0000537 seconds
2016-05-17T16:58:16.006+0100: 33.639: Total time for which application threads were stopped: 0.0002787 seconds, Stopping threads took: 0.0000505 seconds
2016-05-17T16:58:16.006+0100: 33.640: Total time for which application threads were stopped: 0.0002282 seconds, Stopping threads took: 0.0000237 seconds
2016-05-17T16:58:16.007+0100: 33.640: Total time for which application threads were stopped: 0.0001200 seconds, Stopping threads took: 0.0000419 seconds
2016-05-17T16:58:16.007+0100: 33.641: Total time for which application threads were stopped: 0.0002953 seconds, Stopping threads took: 0.0001635 seconds
2016-05-17T16:58:16.157+0100: 33.791: Total time for which application threads were stopped: 0.0001887 seconds, Stopping threads took: 0.0000513 seconds
2016-05-17T16:58:16.157+0100: 33.791: Total time for which application threads were stopped: 0.0000758 seconds, Stopping threads took: 0.0000197 seconds
2016-05-17T16:58:16.157+0100: 33.791: Total time for which application threads were stopped: 0.0000750 seconds, Stopping threads took: 0.0000190 seconds
2016-05-17T16:58:16.158+0100: 33.792: Total time for which application threads were stopped: 0.0001027 seconds, Stopping threads took: 0.0000276 seconds
2016-05-17T16:58:16.179+0100: 33.813: Total time for which application threads were stopped: 0.0021731 seconds, Stopping threads took: 0.0014877 seconds
{Heap before GC invocations=1 (full 0):
 par new generation   total 109248K, used 93213K [0x00000000e0000000, 0x00000000e8000000, 0x00000000e8000000)
  eden space 87424K,  99% used [0x00000000e0000000, 0x00000000e555c6b8, 0x00000000e5560000)
  from space 21824K,  26% used [0x00000000e6ab0000, 0x00000000e705b0d8, 0x00000000e8000000)
  to   space 21824K,   0% used [0x00000000e5560000, 0x00000000e5560000, 0x00000000e6ab0000)
 concurrent mark-sweep generation total 393216K, used 0K [0x00000000e8000000, 0x0000000100000000, 0x0000000100000000)
 Metaspace       used 20034K, capacity 20276K, committed 20480K, reserved 1067008K
  class space    used 2406K, capacity 2520K, committed 2560K, reserved 1048576K
2016-05-17T16:58:16.303+0100: 33.936: [GC (Allocation Failure) 2016-05-17T16:58:16.303+0100: 33.936: [ParNew
Desired survivor size 20112992 bytes, new threshold 8 (max 8)
- age   1:    8899176 bytes,    8899176 total
- age   2:    2624192 bytes,   11523368 total
: 93213K->13596K(109248K), 0.0609514 secs] 93213K->13596K(502464K), 0.0611093 secs] [Times: user=0.05 sys=0.00, real=0.06 secs] 
Heap after GC invocations=2 (full 0):
 par new generation   total 109248K, used 13596K [0x00000000e0000000, 0x00000000e8000000, 0x00000000e8000000)
  eden space 87424K,   0% used [0x00000000e0000000, 0x00000000e0000000, 0x00000000e5560000)
  from space 21824K,  62% used [0x00000000e5560000, 0x00000000e62a70c0, 0x00000000e6ab0000)
  to   space 21824K,   0% used [0x00000000e6ab0000, 0x00000000e6ab0000, 0x00000000e8000000)
 concurrent mark-sweep generation total 393216K, used 0K [0x00000000e8000000, 0x0000000100000000, 0x0000000100000000)
 Metaspace       used 20034K, capacity 20276K, committed 20480K, reserved 1067008K
  class space    used 2406K, capacity 2520K, committed 2560K, reserved 1048576K
}
2016-05-17T16:58:16.364+0100: 33.998: Total time for which application threads were stopped: 0.0615136 seconds, Stopping threads took: 0.0000490 seconds
2016-05-17T16:58:16.368+0100: 34.001: Total time for which application threads were stopped: 0.0010013 seconds, Stopping threads took: 0.0008797 seconds
2016-05-17T16:58:16.369+0100: 34.003: Total time for which application threads were stopped: 0.0001958 seconds, Stopping threads took: 0.0001042 seconds
2016-05-17T16:58:16.372+0100: 34.006: Total time for which application threads were stopped: 0.0009444 seconds, Stopping threads took: 0.0008805 seconds
2016-05-17T16:58:16.373+0100: 34.007: Total time for which application threads were stopped: 0.0000900 seconds, Stopping threads took: 0.0000332 seconds
2016-05-17T16:58:16.374+0100: 34.007: Total time for which application threads were stopped: 0.0000892 seconds, Stopping threads took: 0.0000308 seconds
2016-05-17T16:58:16.374+0100: 34.008: Total time for which application threads were stopped: 0.0001492 seconds, Stopping threads took: 0.0000963 seconds
2016-05-17T16:58:16.374+0100: 34.008: Total time for which application threads were stopped: 0.0000892 seconds, Stopping threads took: 0.0000347 seconds
2016-05-17T16:58:16.375+0100: 34.008: Total time for which application threads were stopped: 0.0001082 seconds, Stopping threads took: 0.0000442 seconds
2016-05-17T16:58:17.073+0100: 34.706: Total time for which application threads were stopped: 0.0002100 seconds, Stopping threads took: 0.0000624 seconds
2016-05-17T16:58:17.073+0100: 34.706: Total time for which application threads were stopped: 0.0000798 seconds, Stopping threads took: 0.0000261 seconds
2016-05-17T16:58:17.073+0100: 34.707: Total time for which application threads were stopped: 0.0002953 seconds, Stopping threads took: 0.0000253 seconds
2016-05-17T16:58:17.093+0100: 34.726: Total time for which application threads were stopped: 0.0001690 seconds, Stopping threads took: 0.0000608 seconds
2016-05-17T16:58:17.097+0100: 34.731: Total time for which application threads were stopped: 0.0001524 seconds, Stopping threads took: 0.0000505 seconds
2016-05-17T16:58:17.138+0100: 34.772: Total time for which application threads were stopped: 0.0001666 seconds, Stopping threads took: 0.0000561 seconds
2016-05-17T16:58:17.146+0100: 34.780: Total time for which application threads were stopped: 0.0001540 seconds, Stopping threads took: 0.0000553 seconds
2016-05-17T16:58:17.147+0100: 34.780: Total time for which application threads were stopped: 0.0000892 seconds, Stopping threads took: 0.0000332 seconds
2016-05-17T16:58:17.176+0100: 34.810: Total time for which application threads were stopped: 0.0001564 seconds, Stopping threads took: 0.0000569 seconds
2016-05-17T16:58:17.289+0100: 34.923: Total time for which application threads were stopped: 0.0001666 seconds, Stopping threads took: 0.0000490 seconds
2016-05-17T16:58:17.493+0100: 35.127: Total time for which application threads were stopped: 0.0002195 seconds, Stopping threads took: 0.0000632 seconds
2016-05-17T16:58:17.759+0100: 35.393: Total time for which application threads were stopped: 0.0001564 seconds, Stopping threads took: 0.0000450 seconds
2016-05-17T16:58:17.759+0100: 35.393: Total time for which application threads were stopped: 0.0000869 seconds, Stopping threads took: 0.0000205 seconds
2016-05-17T16:58:17.793+0100: 35.427: Total time for which application threads were stopped: 0.0005227 seconds, Stopping threads took: 0.0000458 seconds
2016-05-17T16:58:17.915+0100: 35.549: Total time for which application threads were stopped: 0.0005425 seconds, Stopping threads took: 0.0000458 seconds
2016-05-17T16:58:17.973+0100: 35.606: Total time for which application threads were stopped: 0.0001800 seconds, Stopping threads took: 0.0000600 seconds
2016-05-17T16:58:18.096+0100: 35.730: Total time for which application threads were stopped: 0.0002132 seconds, Stopping threads took: 0.0000434 seconds
2016-05-17T16:58:18.207+0100: 35.841: Total time for which application threads were stopped: 0.0001714 seconds, Stopping threads took: 0.0000521 seconds
2016-05-17T16:58:18.238+0100: 35.872: Total time for which application threads were stopped: 0.0001729 seconds, Stopping threads took: 0.0000576 seconds
2016-05-17T16:58:18.301+0100: 35.935: Total time for which application threads were stopped: 0.0001666 seconds, Stopping threads took: 0.0000458 seconds
2016-05-17T16:58:18.364+0100: 35.997: [GC (CMS Initial Mark) [1 CMS-initial-mark: 0K(393216K)] 46811K(502464K), 0.0345542 secs] [Times: user=0.06 sys=0.00, real=0.03 secs] 
2016-05-17T16:58:18.398+0100: 36.032: Total time for which application threads were stopped: 0.0348243 seconds, Stopping threads took: 0.0000474 seconds
2016-05-17T16:58:18.470+0100: 36.103: [CMS-concurrent-mark-start]
2016-05-17T16:58:18.471+0100: 36.104: Total time for which application threads were stopped: 0.0001587 seconds, Stopping threads took: 0.0000490 seconds
2016-05-17T16:58:18.567+0100: 36.200: [CMS-concurrent-mark: 0.096/0.097 secs] [Times: user=0.06 sys=0.02, real=0.10 secs] 
2016-05-17T16:58:18.567+0100: 36.201: Total time for which application threads were stopped: 0.0001706 seconds, Stopping threads took: 0.0000553 seconds
2016-05-17T16:58:18.567+0100: 36.201: [CMS-concurrent-preclean-start]
2016-05-17T16:58:18.569+0100: 36.203: [CMS-concurrent-preclean: 0.003/0.003 secs] [Times: user=0.00 sys=0.00, real=0.00 secs] 
2016-05-17T16:58:18.570+0100: 36.203: [CMS-concurrent-abortable-preclean-start]
2016-05-17T16:58:19.567+0100: 37.201: Total time for which application threads were stopped: 0.0003467 seconds, Stopping threads took: 0.0002511 seconds
2016-05-17T16:58:19.606+0100: 37.240: Total time for which application threads were stopped: 0.0002045 seconds, Stopping threads took: 0.0000561 seconds
2016-05-17T16:58:19.807+0100: 37.441: Total time for which application threads were stopped: 0.0002172 seconds, Stopping threads took: 0.0000569 seconds
2016-05-17T16:58:20.723+0100: 38.356: Total time for which application threads were stopped: 0.1420546 seconds, Stopping threads took: 0.1419038 seconds
2016-05-17T16:58:20.728+0100: 38.362: Total time for which application threads were stopped: 0.0001816 seconds, Stopping threads took: 0.0000466 seconds
2016-05-17T16:58:20.903+0100: 38.536: Total time for which application threads were stopped: 0.0002148 seconds, Stopping threads took: 0.0000497 seconds
2016-05-17T16:58:20.947+0100: 38.581: Total time for which application threads were stopped: 0.0001706 seconds, Stopping threads took: 0.0000490 seconds
2016-05-17T16:58:21.034+0100: 38.667: Total time for which application threads were stopped: 0.0001903 seconds, Stopping threads took: 0.0000474 seconds
2016-05-17T16:58:21.060+0100: 38.694: Total time for which application threads were stopped: 0.0001421 seconds, Stopping threads took: 0.0000450 seconds
2016-05-17T16:58:21.299+0100: 38.933: Total time for which application threads were stopped: 0.0001666 seconds, Stopping threads took: 0.0000553 seconds
2016-05-17T16:58:21.621+0100: 39.255: Total time for which application threads were stopped: 0.0001469 seconds, Stopping threads took: 0.0000450 seconds
2016-05-17T16:58:21.635+0100: 39.269: Total time for which application threads were stopped: 0.0001635 seconds, Stopping threads took: 0.0000490 seconds
2016-05-17T16:58:21.680+0100: 39.314: Total time for which application threads were stopped: 0.0001650 seconds, Stopping threads took: 0.0000490 seconds
2016-05-17T16:58:21.782+0100: 39.416: Total time for which application threads were stopped: 0.0001745 seconds, Stopping threads took: 0.0000505 seconds
2016-05-17T16:58:21.817+0100: 39.451: Total time for which application threads were stopped: 0.0001500 seconds, Stopping threads took: 0.0000474 seconds
2016-05-17T16:58:21.960+0100: 39.594: Total time for which application threads were stopped: 0.0001627 seconds, Stopping threads took: 0.0000497 seconds
2016-05-17T16:58:21.991+0100: 39.625: Total time for which application threads were stopped: 0.0001729 seconds, Stopping threads took: 0.0000505 seconds
2016-05-17T16:58:22.081+0100: 39.715: Total time for which application threads were stopped: 0.0001824 seconds, Stopping threads took: 0.0000695 seconds
2016-05-17T16:58:22.105+0100: 39.739: Total time for which application threads were stopped: 0.0001595 seconds, Stopping threads took: 0.0000505 seconds
2016-05-17T16:58:22.433+0100: 40.067: Total time for which application threads were stopped: 0.0001729 seconds, Stopping threads took: 0.0000505 seconds
2016-05-17T16:58:22.594+0100: 40.228: Total time for which application threads were stopped: 0.0001737 seconds, Stopping threads took: 0.0000474 seconds
2016-05-17T16:58:22.595+0100: 40.229: Total time for which application threads were stopped: 0.0000916 seconds, Stopping threads took: 0.0000221 seconds
2016-05-17T16:58:22.693+0100: 40.327: Total time for which application threads were stopped: 0.0001832 seconds, Stopping threads took: 0.0000624 seconds
2016-05-17T16:58:22.770+0100: 40.404: Total time for which application threads were stopped: 0.0001927 seconds, Stopping threads took: 0.0000434 seconds
2016-05-17T16:58:22.839+0100: 40.473: Total time for which application threads were stopped: 0.0001832 seconds, Stopping threads took: 0.0000474 seconds
2016-05-17T16:58:23.040+0100: 40.674: Total time for which application threads were stopped: 0.0001777 seconds, Stopping threads took: 0.0000624 seconds
2016-05-17T16:58:23.237+0100: 40.871: Total time for which application threads were stopped: 0.0001461 seconds, Stopping threads took: 0.0000434 seconds
2016-05-17T16:58:23.335+0100: 40.969: Total time for which application threads were stopped: 0.0001429 seconds, Stopping threads took: 0.0000434 seconds
2016-05-17T16:58:23.337+0100: 40.971: Total time for which application threads were stopped: 0.0001492 seconds, Stopping threads took: 0.0000490 seconds
2016-05-17T16:58:23.462+0100: 41.096: Total time for which application threads were stopped: 0.0001800 seconds, Stopping threads took: 0.0000529 seconds
2016-05-17T16:58:23.499+0100: 41.133: Total time for which application threads were stopped: 0.0001540 seconds, Stopping threads took: 0.0000490 seconds
2016-05-17T16:58:23.610+0100: 41.244: Total time for which application threads were stopped: 0.0001382 seconds, Stopping threads took: 0.0000490 seconds
2016-05-17T16:58:23.629+0100: 41.263: Total time for which application threads were stopped: 0.0001579 seconds, Stopping threads took: 0.0000458 seconds
2016-05-17T16:58:23.693+0100: 41.327: Total time for which application threads were stopped: 0.0001721 seconds, Stopping threads took: 0.0000490 seconds
2016-05-17T16:58:23.693+0100: 41.327: Total time for which application threads were stopped: 0.0000861 seconds, Stopping threads took: 0.0000197 seconds
2016-05-17T16:58:23.699+0100: 41.333: Total time for which application threads were stopped: 0.0001477 seconds, Stopping threads took: 0.0000419 seconds
2016-05-17T16:58:23.717+0100: 41.351: Total time for which application threads were stopped: 0.0001698 seconds, Stopping threads took: 0.0000505 seconds
2016-05-17T16:58:23.790+0100: 41.424: Total time for which application threads were stopped: 0.0001808 seconds, Stopping threads took: 0.0000608 seconds
2016-05-17T16:58:23.851+0100: 41.485: Total time for which application threads were stopped: 0.0004114 seconds, Stopping threads took: 0.0000537 seconds
2016-05-17T16:58:23.857+0100: 41.491: Total time for which application threads were stopped: 0.0001066 seconds, Stopping threads took: 0.0000276 seconds
2016-05-17T16:58:23.959+0100: 41.593: Total time for which application threads were stopped: 0.0004983 seconds, Stopping threads took: 0.0000426 seconds
2016-05-17T16:58:23.965+0100: 41.599: Total time for which application threads were stopped: 0.0003080 seconds, Stopping threads took: 0.0000253 seconds
2016-05-17T16:58:24.060+0100: 41.694: Total time for which application threads were stopped: 0.0004272 seconds, Stopping threads took: 0.0000482 seconds
2016-05-17T16:58:24.219+0100: 41.853: Total time for which application threads were stopped: 0.0002953 seconds, Stopping threads took: 0.0000474 seconds
2016-05-17T16:58:24.313+0100: 41.947: Total time for which application threads were stopped: 0.0001437 seconds, Stopping threads took: 0.0000466 seconds
2016-05-17T16:58:24.375+0100: 42.009: Total time for which application threads were stopped: 0.0001358 seconds, Stopping threads took: 0.0000458 seconds
2016-05-17T16:58:24.469+0100: 42.103: Total time for which application threads were stopped: 0.0001374 seconds, Stopping threads took: 0.0000458 seconds
 CMS: abort preclean due to time 2016-05-17T16:58:24.761+0100: 42.395: [CMS-concurrent-abortable-preclean: 4.350/6.192 secs] [Times: user=4.77 sys=0.23, real=6.19 secs] 
2016-05-17T16:58:24.761+0100: 42.395: [GC (CMS Final Remark) [YG occupancy: 91947 K (109248 K)]{Heap before GC invocations=2 (full 1):
 par new generation   total 109248K, used 91947K [0x00000000e0000000, 0x00000000e8000000, 0x00000000e8000000)
  eden space 87424K,  89% used [0x00000000e0000000, 0x00000000e4c83c00, 0x00000000e5560000)
  from space 21824K,  62% used [0x00000000e5560000, 0x00000000e62a70c0, 0x00000000e6ab0000)
  to   space 21824K,   0% used [0x00000000e6ab0000, 0x00000000e6ab0000, 0x00000000e8000000)
 concurrent mark-sweep generation total 393216K, used 0K [0x00000000e8000000, 0x0000000100000000, 0x0000000100000000)
 Metaspace       used 24815K, capacity 25176K, committed 25536K, reserved 1071104K
  class space    used 3009K, capacity 3130K, committed 3248K, reserved 1048576K
2016-05-17T16:58:24.761+0100: 42.396: [GC (CMS Final Remark) 2016-05-17T16:58:24.761+0100: 42.396: [ParNew
Desired survivor size 20112992 bytes, new threshold 8 (max 8)
- age   1:    4477368 bytes,    4477368 total
- age   2:    2902008 bytes,    7379376 total
- age   3:    2600168 bytes,    9979544 total
: 91947K->16469K(109248K), 0.0423275 secs] 91947K->16469K(502464K), 0.0424531 secs] [Times: user=0.09 sys=0.00, real=0.04 secs] 
Heap after GC invocations=3 (full 1):
 par new generation   total 109248K, used 16469K [0x00000000e0000000, 0x00000000e8000000, 0x00000000e8000000)
  eden space 87424K,   0% used [0x00000000e0000000, 0x00000000e0000000, 0x00000000e5560000)
  from space 21824K,  75% used [0x00000000e6ab0000, 0x00000000e7ac5618, 0x00000000e8000000)
  to   space 21824K,   0% used [0x00000000e5560000, 0x00000000e5560000, 0x00000000e6ab0000)
 concurrent mark-sweep generation total 393216K, used 0K [0x00000000e8000000, 0x0000000100000000, 0x0000000100000000)
 Metaspace       used 24815K, capacity 25176K, committed 25536K, reserved 1071104K
  class space    used 3009K, capacity 3130K, committed 3248K, reserved 1048576K
}
2016-05-17T16:58:24.804+0100: 42.438: [Rescan (parallel) , 0.0186262 secs]2016-05-17T16:58:24.823+0100: 42.457: [weak refs processing, 0.0017775 secs]2016-05-17T16:58:24.825+0100: 42.459: [class unloading, 0.0075964 secs]2016-05-17T16:58:24.832+0100: 42.466: [scrub symbol table, 0.0125799 secs]2016-05-17T16:58:24.845+0100: 42.479: [scrub string table, 0.0007454 secs][1 CMS-remark: 0K(393216K)] 16469K(502464K), 0.0860085 secs] [Times: user=0.13 sys=0.00, real=0.09 secs] 
2016-05-17T16:58:24.847+0100: 42.481: Total time for which application threads were stopped: 0.0862438 seconds, Stopping threads took: 0.0000505 seconds
2016-05-17T16:58:24.888+0100: 42.522: [CMS-concurrent-sweep-start]
2016-05-17T16:58:24.888+0100: 42.523: [CMS-concurrent-sweep: 0.000/0.000 secs] [Times: user=0.00 sys=0.00, real=0.00 secs] 
2016-05-17T16:58:24.889+0100: 42.523: [CMS-concurrent-reset-start]
2016-05-17T16:58:24.893+0100: 42.527: [CMS-concurrent-reset: 0.005/0.005 secs] [Times: user=0.00 sys=0.00, real=0.00 secs] 
2016-05-17T16:58:24.894+0100: 42.528: Total time for which application threads were stopped: 0.0002448 seconds, Stopping threads took: 0.0000529 seconds
2016-05-17T16:58:25.235+0100: 42.869: Total time for which application threads were stopped: 0.0002306 seconds, Stopping threads took: 0.0000877 seconds
2016-05-17T16:58:25.236+0100: 42.870: Total time for which application threads were stopped: 0.0001303 seconds, Stopping threads took: 0.0000403 seconds
2016-05-17T16:58:25.236+0100: 42.870: Total time for which application threads were stopped: 0.0001019 seconds, Stopping threads took: 0.0000347 seconds
2016-05-17T16:58:25.236+0100: 42.870: Total time for which application threads were stopped: 0.0001058 seconds, Stopping threads took: 0.0000347 seconds
2016-05-17T16:58:25.236+0100: 42.870: Total time for which application threads were stopped: 0.0001034 seconds, Stopping threads took: 0.0000284 seconds
2016-05-17T16:58:25.239+0100: 42.873: Total time for which application threads were stopped: 0.0001224 seconds, Stopping threads took: 0.0000355 seconds
2016-05-17T16:58:25.240+0100: 42.874: Total time for which application threads were stopped: 0.0000695 seconds, Stopping threads took: 0.0000205 seconds
2016-05-17T17:04:01.639+0100: 379.286: Total time for which application threads were stopped: 0.0001998 seconds, Stopping threads took: 0.0000513 seconds
2016-05-17T17:04:01.639+0100: 379.286: Total time for which application threads were stopped: 0.0000782 seconds, Stopping threads took: 0.0000197 seconds
2016-05-17T17:04:01.639+0100: 379.287: Total time for which application threads were stopped: 0.0000742 seconds, Stopping threads took: 0.0000190 seconds
2016-05-17T17:04:01.640+0100: 379.288: Total time for which application threads were stopped: 0.0001192 seconds, Stopping threads took: 0.0000347 seconds
2016-05-17T17:04:01.641+0100: 379.288: Total time for which application threads were stopped: 0.0000971 seconds, Stopping threads took: 0.0000292 seconds
2016-05-17T17:04:01.641+0100: 379.289: Total time for which application threads were stopped: 0.0000892 seconds, Stopping threads took: 0.0000292 seconds
2016-05-17T17:04:01.840+0100: 379.488: Total time for which application threads were stopped: 0.0001966 seconds, Stopping threads took: 0.0000561 seconds
2016-05-17T17:04:01.841+0100: 379.489: Total time for which application threads were stopped: 0.0000932 seconds, Stopping threads took: 0.0000292 seconds
2016-05-17T17:04:01.864+0100: 379.512: Total time for which application threads were stopped: 0.0001492 seconds, Stopping threads took: 0.0000537 seconds
2016-05-17T17:04:01.870+0100: 379.517: Total time for which application threads were stopped: 0.0001635 seconds, Stopping threads took: 0.0000529 seconds
2016-05-17T17:04:01.871+0100: 379.518: Total time for which application threads were stopped: 0.0001335 seconds, Stopping threads took: 0.0000403 seconds
2016-05-17T17:04:01.871+0100: 379.518: Total time for which application threads were stopped: 0.0000821 seconds, Stopping threads took: 0.0000268 seconds
2016-05-17T17:04:01.903+0100: 379.551: Total time for which application threads were stopped: 0.0005701 seconds, Stopping threads took: 0.0000537 seconds
2016-05-17T17:04:01.929+0100: 379.576: Total time for which application threads were stopped: 0.0001785 seconds, Stopping threads took: 0.0000497 seconds
2016-05-17T17:04:01.929+0100: 379.576: Total time for which application threads were stopped: 0.0000892 seconds, Stopping threads took: 0.0000253 seconds
2016-05-17T17:04:01.929+0100: 379.577: Total time for which application threads were stopped: 0.0000877 seconds, Stopping threads took: 0.0000253 seconds
2016-05-17T17:04:01.929+0100: 379.577: Total time for which application threads were stopped: 0.0000908 seconds, Stopping threads took: 0.0000261 seconds
2016-05-17T17:04:02.124+0100: 379.771: Total time for which application threads were stopped: 0.0001421 seconds, Stopping threads took: 0.0000490 seconds
2016-05-17T17:04:02.124+0100: 379.772: Total time for which application threads were stopped: 0.0000766 seconds, Stopping threads took: 0.0000261 seconds
2016-05-17T17:04:02.124+0100: 379.772: Total time for which application threads were stopped: 0.0000726 seconds, Stopping threads took: 0.0000237 seconds
2016-05-17T17:04:02.125+0100: 379.772: Total time for which application threads were stopped: 0.0001082 seconds, Stopping threads took: 0.0000553 seconds
2016-05-17T17:04:02.125+0100: 379.772: Total time for which application threads were stopped: 0.0000766 seconds, Stopping threads took: 0.0000268 seconds
2016-05-17T17:04:02.125+0100: 379.772: Total time for which application threads were stopped: 0.0000742 seconds, Stopping threads took: 0.0000253 seconds
2016-05-17T17:04:11.917+0100: 389.569: Total time for which application threads were stopped: 0.0001737 seconds, Stopping threads took: 0.0000632 seconds
2016-05-17T17:04:11.918+0100: 389.570: Total time for which application threads were stopped: 0.0001090 seconds, Stopping threads took: 0.0000355 seconds
2016-05-17T17:04:11.918+0100: 389.570: Total time for which application threads were stopped: 0.0000790 seconds, Stopping threads took: 0.0000261 seconds
2016-05-17T17:04:11.921+0100: 389.573: Total time for which application threads were stopped: 0.0001184 seconds, Stopping threads took: 0.0000395 seconds
2016-05-17T17:04:11.921+0100: 389.573: Total time for which application threads were stopped: 0.0000995 seconds, Stopping threads took: 0.0000419 seconds
2016-05-17T17:04:11.922+0100: 389.574: Total time for which application threads were stopped: 0.0000955 seconds, Stopping threads took: 0.0000324 seconds
2016-05-17T17:04:11.923+0100: 389.575: Total time for which application threads were stopped: 0.0001279 seconds, Stopping threads took: 0.0000395 seconds
2016-05-17T17:04:11.924+0100: 389.576: Total time for which application threads were stopped: 0.0000948 seconds, Stopping threads took: 0.0000324 seconds
2016-05-17T17:04:13.939+0100: 391.591: Total time for which application threads were stopped: 0.0155403 seconds, Stopping threads took: 0.0153137 seconds
2016-05-17T17:04:14.557+0100: 392.209: Total time for which application threads were stopped: 0.0002029 seconds, Stopping threads took: 0.0000529 seconds
2016-05-17T17:04:14.560+0100: 392.212: Total time for which application threads were stopped: 0.0001650 seconds, Stopping threads took: 0.0000553 seconds
2016-05-17T17:04:14.560+0100: 392.212: Total time for which application threads were stopped: 0.0000782 seconds, Stopping threads took: 0.0000229 seconds
2016-05-17T17:04:14.560+0100: 392.213: Total time for which application threads were stopped: 0.0001287 seconds, Stopping threads took: 0.0000284 seconds
2016-05-17T17:04:14.561+0100: 392.213: Total time for which application threads were stopped: 0.0000892 seconds, Stopping threads took: 0.0000284 seconds
2016-05-17T17:04:14.707+0100: 392.359: Total time for which application threads were stopped: 0.0001769 seconds, Stopping threads took: 0.0000490 seconds
2016-05-17T17:04:15.430+0100: 393.083: Total time for which application threads were stopped: 0.0005701 seconds, Stopping threads took: 0.0000584 seconds
2016-05-17T17:04:15.496+0100: 393.148: Total time for which application threads were stopped: 0.0001524 seconds, Stopping threads took: 0.0000592 seconds
2016-05-17T17:04:18.522+0100: 396.173: Total time for which application threads were stopped: 0.0002274 seconds, Stopping threads took: 0.0000884 seconds
2016-05-17T17:04:18.758+0100: 396.409: Total time for which application threads were stopped: 0.0006183 seconds, Stopping threads took: 0.0000569 seconds
2016-05-17T17:04:19.758+0100: 397.409: Total time for which application threads were stopped: 0.0001990 seconds, Stopping threads took: 0.0000545 seconds
2016-05-17T17:04:20.764+0100: 398.415: Total time for which application threads were stopped: 0.0022592 seconds, Stopping threads took: 0.0020831 seconds
{Heap before GC invocations=3 (full 1):
 par new generation   total 109248K, used 103893K [0x00000000e0000000, 0x00000000e8000000, 0x00000000e8000000)
  eden space 87424K, 100% used [0x00000000e0000000, 0x00000000e5560000, 0x00000000e5560000)
  from space 21824K,  75% used [0x00000000e6ab0000, 0x00000000e7ac5618, 0x00000000e8000000)
  to   space 21824K,   0% used [0x00000000e5560000, 0x00000000e5560000, 0x00000000e6ab0000)
 concurrent mark-sweep generation total 393216K, used 0K [0x00000000e8000000, 0x0000000100000000, 0x0000000100000000)
 Metaspace       used 30075K, capacity 30438K, committed 30640K, reserved 1077248K
  class space    used 3570K, capacity 3715K, committed 3760K, reserved 1048576K
2016-05-17T17:04:20.860+0100: 398.511: [GC (Allocation Failure) 2016-05-17T17:04:20.860+0100: 398.511: [ParNew
Desired survivor size 20112992 bytes, new threshold 8 (max 8)
- age   1:   11592488 bytes,   11592488 total
- age   2:     601952 bytes,   12194440 total
- age   3:    2800008 bytes,   14994448 total
- age   4:    2577536 bytes,   17571984 total
: 103893K->18087K(109248K), 0.0815225 secs] 103893K->18087K(502464K), 0.0816552 secs] [Times: user=0.16 sys=0.02, real=0.08 secs] 
Heap after GC invocations=4 (full 1):
 par new generation   total 109248K, used 18087K [0x00000000e0000000, 0x00000000e8000000, 0x00000000e8000000)
  eden space 87424K,   0% used [0x00000000e0000000, 0x00000000e0000000, 0x00000000e5560000)
  from space 21824K,  82% used [0x00000000e5560000, 0x00000000e6709de0, 0x00000000e6ab0000)
  to   space 21824K,   0% used [0x00000000e6ab0000, 0x00000000e6ab0000, 0x00000000e8000000)
 concurrent mark-sweep generation total 393216K, used 0K [0x00000000e8000000, 0x0000000100000000, 0x0000000100000000)
 Metaspace       used 30075K, capacity 30438K, committed 30640K, reserved 1077248K
  class space    used 3570K, capacity 3715K, committed 3760K, reserved 1048576K
}
2016-05-17T17:04:20.942+0100: 398.593: Total time for which application threads were stopped: 0.0821874 seconds, Stopping threads took: 0.0000648 seconds
2016-05-17T17:04:21.169+0100: 398.820: Total time for which application threads were stopped: 0.0016993 seconds, Stopping threads took: 0.0015153 seconds
2016-05-17T17:04:21.169+0100: 398.820: Total time for which application threads were stopped: 0.0001421 seconds, Stopping threads took: 0.0000371 seconds
2016-05-17T17:04:21.170+0100: 398.822: Total time for which application threads were stopped: 0.0010052 seconds, Stopping threads took: 0.0008915 seconds
2016-05-17T17:04:21.170+0100: 398.822: Total time for which application threads were stopped: 0.0001406 seconds, Stopping threads took: 0.0000316 seconds
2016-05-17T17:04:21.171+0100: 398.822: Total time for which application threads were stopped: 0.0001429 seconds, Stopping threads took: 0.0000347 seconds
2016-05-17T17:04:21.171+0100: 398.823: Total time for which application threads were stopped: 0.0001366 seconds, Stopping threads took: 0.0000284 seconds
2016-05-17T17:04:21.182+0100: 398.833: Total time for which application threads were stopped: 0.0001271 seconds, Stopping threads took: 0.0000387 seconds
2016-05-17T17:04:22.197+0100: 399.849: Total time for which application threads were stopped: 0.0051809 seconds, Stopping threads took: 0.0049772 seconds
2016-05-17T17:04:22.543+0100: 400.195: Total time for which application threads were stopped: 0.0006657 seconds, Stopping threads took: 0.0000537 seconds
2016-05-17T17:04:22.843+0100: 400.494: Total time for which application threads were stopped: 0.0006412 seconds, Stopping threads took: 0.0000576 seconds
2016-05-17T17:04:23.759+0100: 401.410: Total time for which application threads were stopped: 0.0001871 seconds, Stopping threads took: 0.0000387 seconds
2016-05-17T17:04:23.759+0100: 401.411: Total time for which application threads were stopped: 0.0000766 seconds, Stopping threads took: 0.0000174 seconds
2016-05-17T17:04:23.762+0100: 401.413: Total time for which application threads were stopped: 0.0001192 seconds, Stopping threads took: 0.0000308 seconds
2016-05-17T17:04:23.762+0100: 401.414: Total time for which application threads were stopped: 0.0000805 seconds, Stopping threads took: 0.0000205 seconds
2016-05-17T17:04:23.762+0100: 401.414: Total time for which application threads were stopped: 0.0000782 seconds, Stopping threads took: 0.0000197 seconds
2016-05-17T17:04:23.762+0100: 401.414: Total time for which application threads were stopped: 0.0000790 seconds, Stopping threads took: 0.0000197 seconds
2016-05-17T17:04:23.762+0100: 401.414: Total time for which application threads were stopped: 0.0000766 seconds, Stopping threads took: 0.0000182 seconds
2016-05-17T17:04:23.763+0100: 401.414: Total time for which application threads were stopped: 0.0001011 seconds, Stopping threads took: 0.0000182 seconds
2016-05-17T17:04:23.763+0100: 401.414: Total time for which application threads were stopped: 0.0000813 seconds, Stopping threads took: 0.0000197 seconds
2016-05-17T17:04:23.763+0100: 401.415: Total time for which application threads were stopped: 0.0000774 seconds, Stopping threads took: 0.0000190 seconds
2016-05-17T17:04:23.763+0100: 401.415: Total time for which application threads were stopped: 0.0000837 seconds, Stopping threads took: 0.0000261 seconds
2016-05-17T17:04:23.763+0100: 401.415: Total time for which application threads were stopped: 0.0002314 seconds, Stopping threads took: 0.0000245 seconds
2016-05-17T17:04:23.763+0100: 401.415: Total time for which application threads were stopped: 0.0000861 seconds, Stopping threads took: 0.0000261 seconds
2016-05-17T17:04:23.765+0100: 401.417: Total time for which application threads were stopped: 0.0001003 seconds, Stopping threads took: 0.0000324 seconds
2016-05-17T17:04:23.768+0100: 401.420: Total time for which application threads were stopped: 0.0001406 seconds, Stopping threads took: 0.0000521 seconds
2016-05-17T17:04:23.769+0100: 401.420: Total time for which application threads were stopped: 0.0002306 seconds, Stopping threads took: 0.0001603 seconds
2016-05-17T17:04:23.769+0100: 401.421: Total time for which application threads were stopped: 0.0000869 seconds, Stopping threads took: 0.0000205 seconds
2016-05-17T17:04:23.769+0100: 401.421: Total time for which application threads were stopped: 0.0000790 seconds, Stopping threads took: 0.0000190 seconds
2016-05-17T17:04:23.769+0100: 401.421: Total time for which application threads were stopped: 0.0000782 seconds, Stopping threads took: 0.0000182 seconds
2016-05-17T17:04:23.769+0100: 401.421: Total time for which application threads were stopped: 0.0000813 seconds, Stopping threads took: 0.0000197 seconds
2016-05-17T17:04:23.770+0100: 401.421: Total time for which application threads were stopped: 0.0000758 seconds, Stopping threads took: 0.0000182 seconds
2016-05-17T17:04:23.770+0100: 401.422: Total time for which application threads were stopped: 0.0002227 seconds, Stopping threads took: 0.0000182 seconds
2016-05-17T17:04:23.811+0100: 401.462: Total time for which application threads were stopped: 0.0001745 seconds, Stopping threads took: 0.0000505 seconds
2016-05-17T17:04:23.877+0100: 401.528: Total time for which application threads were stopped: 0.0002685 seconds, Stopping threads took: 0.0000529 seconds
2016-05-17T17:04:23.878+0100: 401.529: Total time for which application threads were stopped: 0.0001295 seconds, Stopping threads took: 0.0000332 seconds
2016-05-17T17:04:23.878+0100: 401.530: Total time for which application threads were stopped: 0.0000821 seconds, Stopping threads took: 0.0000190 seconds
2016-05-17T17:04:23.879+0100: 401.531: Total time for which application threads were stopped: 0.0000900 seconds, Stopping threads took: 0.0000213 seconds
2016-05-17T17:04:23.881+0100: 401.532: Total time for which application threads were stopped: 0.0001129 seconds, Stopping threads took: 0.0000276 seconds
2016-05-17T17:04:23.881+0100: 401.532: Total time for which application threads were stopped: 0.0000813 seconds, Stopping threads took: 0.0000190 seconds
2016-05-17T17:04:23.881+0100: 401.533: Total time for which application threads were stopped: 0.0000837 seconds, Stopping threads took: 0.0000197 seconds
2016-05-17T17:04:23.881+0100: 401.533: Total time for which application threads were stopped: 0.0000782 seconds, Stopping threads took: 0.0000190 seconds
2016-05-17T17:04:23.884+0100: 401.535: Total time for which application threads were stopped: 0.0001500 seconds, Stopping threads took: 0.0000395 seconds
2016-05-17T17:04:23.885+0100: 401.536: Total time for which application threads were stopped: 0.0000948 seconds, Stopping threads took: 0.0000245 seconds
2016-05-17T17:04:24.885+0100: 402.536: Total time for which application threads were stopped: 0.0001516 seconds, Stopping threads took: 0.0000466 seconds
2016-05-17T17:04:25.683+0100: 403.335: Total time for which application threads were stopped: 0.0001737 seconds, Stopping threads took: 0.0000576 seconds
2016-05-17T17:04:25.683+0100: 403.335: Total time for which application threads were stopped: 0.0000877 seconds, Stopping threads took: 0.0000268 seconds
2016-05-17T17:04:25.683+0100: 403.335: Total time for which application threads were stopped: 0.0000861 seconds, Stopping threads took: 0.0000253 seconds
2016-05-17T17:04:25.683+0100: 403.335: Total time for which application threads were stopped: 0.0000845 seconds, Stopping threads took: 0.0000268 seconds
2016-05-17T17:04:25.684+0100: 403.335: Total time for which application threads were stopped: 0.0000979 seconds, Stopping threads took: 0.0000253 seconds
2016-05-17T17:04:25.684+0100: 403.335: Total time for which application threads were stopped: 0.0000829 seconds, Stopping threads took: 0.0000245 seconds
2016-05-17T17:04:25.684+0100: 403.336: Total time for which application threads were stopped: 0.0000821 seconds, Stopping threads took: 0.0000245 seconds
2016-05-17T17:04:25.684+0100: 403.336: Total time for which application threads were stopped: 0.0000805 seconds, Stopping threads took: 0.0000237 seconds
2016-05-17T17:04:25.684+0100: 403.336: Total time for which application threads were stopped: 0.0000821 seconds, Stopping threads took: 0.0000245 seconds
2016-05-17T17:04:25.684+0100: 403.336: Total time for which application threads were stopped: 0.0000813 seconds, Stopping threads took: 0.0000245 seconds
2016-05-17T17:04:25.684+0100: 403.336: Total time for which application threads were stopped: 0.0000813 seconds, Stopping threads took: 0.0000245 seconds
2016-05-17T17:04:25.684+0100: 403.336: Total time for which application threads were stopped: 0.0000805 seconds, Stopping threads took: 0.0000245 seconds
2016-05-17T17:04:25.685+0100: 403.336: Total time for which application threads were stopped: 0.0000940 seconds, Stopping threads took: 0.0000245 seconds
2016-05-17T17:04:25.685+0100: 403.336: Total time for which application threads were stopped: 0.0000861 seconds, Stopping threads took: 0.0000253 seconds
2016-05-17T17:04:25.685+0100: 403.337: Total time for which application threads were stopped: 0.0000845 seconds, Stopping threads took: 0.0000276 seconds
2016-05-17T17:04:25.685+0100: 403.337: Total time for which application threads were stopped: 0.0000813 seconds, Stopping threads took: 0.0000245 seconds
2016-05-17T17:04:25.685+0100: 403.337: Total time for which application threads were stopped: 0.0000813 seconds, Stopping threads took: 0.0000245 seconds
2016-05-17T17:04:25.685+0100: 403.337: Total time for which application threads were stopped: 0.0000813 seconds, Stopping threads took: 0.0000245 seconds
2016-05-17T17:04:25.685+0100: 403.337: Total time for which application threads were stopped: 0.0000805 seconds, Stopping threads took: 0.0000245 seconds
2016-05-17T17:04:25.686+0100: 403.337: Total time for which application threads were stopped: 0.0002606 seconds, Stopping threads took: 0.0000245 seconds
2016-05-17T17:04:26.692+0100: 404.344: Total time for which application threads were stopped: 0.0001832 seconds, Stopping threads took: 0.0000466 seconds
2016-05-17T17:04:26.715+0100: 404.366: Total time for which application threads were stopped: 0.0002006 seconds, Stopping threads took: 0.0000505 seconds
2016-05-17T17:04:26.715+0100: 404.367: Total time for which application threads were stopped: 0.0000932 seconds, Stopping threads took: 0.0000276 seconds
2016-05-17T17:04:26.715+0100: 404.367: Total time for which application threads were stopped: 0.0000948 seconds, Stopping threads took: 0.0000261 seconds
2016-05-17T17:04:26.735+0100: 404.387: Total time for which application threads were stopped: 0.0001777 seconds, Stopping threads took: 0.0000521 seconds
2016-05-17T17:04:26.737+0100: 404.389: Total time for which application threads were stopped: 0.0001216 seconds, Stopping threads took: 0.0000371 seconds
2016-05-17T17:04:26.864+0100: 404.515: Total time for which application threads were stopped: 0.0001761 seconds, Stopping threads took: 0.0000553 seconds
2016-05-17T17:04:27.865+0100: 405.517: Total time for which application threads were stopped: 0.0003348 seconds, Stopping threads took: 0.0001524 seconds
2016-05-17T17:04:28.865+0100: 406.517: Total time for which application threads were stopped: 0.0001958 seconds, Stopping threads took: 0.0000458 seconds
2016-05-17T17:04:29.084+0100: 406.736: Total time for which application threads were stopped: 0.0002385 seconds, Stopping threads took: 0.0000513 seconds
2016-05-17T17:04:29.097+0100: 406.748: Total time for which application threads were stopped: 0.0002440 seconds, Stopping threads took: 0.0000505 seconds
2016-05-17T17:04:30.097+0100: 407.749: Total time for which application threads were stopped: 0.0001674 seconds, Stopping threads took: 0.0000474 seconds
2016-05-17T17:04:31.097+0100: 408.749: Total time for which application threads were stopped: 0.0001950 seconds, Stopping threads took: 0.0000521 seconds
2016-05-17T17:04:33.097+0100: 410.749: Total time for which application threads were stopped: 0.0001611 seconds, Stopping threads took: 0.0000466 seconds
2016-05-17T17:04:34.097+0100: 411.749: Total time for which application threads were stopped: 0.0002172 seconds, Stopping threads took: 0.0000576 seconds
2016-05-17T17:04:36.151+0100: 413.802: Total time for which application threads were stopped: 0.0001706 seconds, Stopping threads took: 0.0000482 seconds
2016-05-17T17:04:37.151+0100: 414.802: Total time for which application threads were stopped: 0.0001714 seconds, Stopping threads took: 0.0000482 seconds
2016-05-17T17:04:39.151+0100: 416.802: Total time for which application threads were stopped: 0.0001706 seconds, Stopping threads took: 0.0000482 seconds
2016-05-17T17:04:39.614+0100: 417.266: Total time for which application threads were stopped: 0.0002069 seconds, Stopping threads took: 0.0000545 seconds
2016-05-17T17:04:39.614+0100: 417.266: Total time for which application threads were stopped: 0.0000955 seconds, Stopping threads took: 0.0000261 seconds
2016-05-17T17:04:39.614+0100: 417.266: Total time for which application threads were stopped: 0.0000924 seconds, Stopping threads took: 0.0000253 seconds
2016-05-17T17:04:39.649+0100: 417.300: Total time for which application threads were stopped: 0.0002006 seconds, Stopping threads took: 0.0000584 seconds
2016-05-17T17:04:40.303+0100: 417.955: Total time for which application threads were stopped: 0.0001721 seconds, Stopping threads took: 0.0000513 seconds
2016-05-17T17:04:40.332+0100: 417.983: Total time for which application threads were stopped: 0.0007683 seconds, Stopping threads took: 0.0001113 seconds
2016-05-17T17:04:40.489+0100: 418.141: Total time for which application threads were stopped: 0.0001950 seconds, Stopping threads took: 0.0000553 seconds
2016-05-17T17:04:40.490+0100: 418.141: Total time for which application threads were stopped: 0.0001287 seconds, Stopping threads took: 0.0000292 seconds
2016-05-17T17:04:40.490+0100: 418.141: Total time for which application threads were stopped: 0.0000940 seconds, Stopping threads took: 0.0000284 seconds
2016-05-17T17:04:40.773+0100: 418.425: Total time for which application threads were stopped: 0.0002179 seconds, Stopping threads took: 0.0000624 seconds
2016-05-17T17:04:42.784+0100: 420.436: Total time for which application threads were stopped: 0.0002029 seconds, Stopping threads took: 0.0000569 seconds
2016-05-17T17:04:42.785+0100: 420.436: Total time for which application threads were stopped: 0.0000908 seconds, Stopping threads took: 0.0000276 seconds
2016-05-17T17:04:43.786+0100: 421.437: Total time for which application threads were stopped: 0.0001856 seconds, Stopping threads took: 0.0000474 seconds
2016-05-17T17:04:46.510+0100: 424.162: Total time for which application threads were stopped: 0.0021139 seconds, Stopping threads took: 0.0014719 seconds
{Heap before GC invocations=4 (full 1):
 par new generation   total 109248K, used 105511K [0x00000000e0000000, 0x00000000e8000000, 0x00000000e8000000)
  eden space 87424K, 100% used [0x00000000e0000000, 0x00000000e5560000, 0x00000000e5560000)
  from space 21824K,  82% used [0x00000000e5560000, 0x00000000e6709de0, 0x00000000e6ab0000)
  to   space 21824K,   0% used [0x00000000e6ab0000, 0x00000000e6ab0000, 0x00000000e8000000)
 concurrent mark-sweep generation total 393216K, used 0K [0x00000000e8000000, 0x0000000100000000, 0x0000000100000000)
 Metaspace       used 31155K, capacity 31504K, committed 31792K, reserved 1077248K
  class space    used 3637K, capacity 3770K, committed 3888K, reserved 1048576K
2016-05-17T17:04:46.659+0100: 424.311: [GC (Allocation Failure) 2016-05-17T17:04:46.660+0100: 424.312: [ParNew
Desired survivor size 20112992 bytes, new threshold 8 (max 8)
- age   1:    7506048 bytes,    7506048 total
- age   2:    5719936 bytes,   13225984 total
- age   3:     601760 bytes,   13827744 total
- age   4:    2795008 bytes,   16622752 total
- age   5:    2577216 bytes,   19199968 total
: 105511K->21824K(109248K), 0.1223103 secs] 105511K->23433K(502464K), 0.1225085 secs] [Times: user=0.23 sys=0.00, real=0.12 secs] 
Heap after GC invocations=5 (full 1):
 par new generation   total 109248K, used 21824K [0x00000000e0000000, 0x00000000e8000000, 0x00000000e8000000)
  eden space 87424K,   0% used [0x00000000e0000000, 0x00000000e0000000, 0x00000000e5560000)
  from space 21824K, 100% used [0x00000000e6ab0000, 0x00000000e8000000, 0x00000000e8000000)
  to   space 21824K,   0% used [0x00000000e5560000, 0x00000000e5560000, 0x00000000e6ab0000)
 concurrent mark-sweep generation total 393216K, used 1609K [0x00000000e8000000, 0x0000000100000000, 0x0000000100000000)
 Metaspace       used 31155K, capacity 31504K, committed 31792K, reserved 1077248K
  class space    used 3637K, capacity 3770K, committed 3888K, reserved 1048576K
}
2016-05-17T17:04:46.782+0100: 424.434: Total time for which application threads were stopped: 0.1229815 seconds, Stopping threads took: 0.0000521 seconds
2016-05-17T17:04:46.784+0100: 424.436: Total time for which application threads were stopped: 0.0010289 seconds, Stopping threads took: 0.0009026 seconds
2016-05-17T17:04:46.784+0100: 424.436: Total time for which application threads were stopped: 0.0000932 seconds, Stopping threads took: 0.0000245 seconds
2016-05-17T17:04:46.784+0100: 424.436: Total time for which application threads were stopped: 0.0000877 seconds, Stopping threads took: 0.0000205 seconds
2016-05-17T17:04:46.785+0100: 424.437: Total time for which application threads were stopped: 0.0001532 seconds, Stopping threads took: 0.0000213 seconds
2016-05-17T17:04:46.785+0100: 424.437: Total time for which application threads were stopped: 0.0001003 seconds, Stopping threads took: 0.0000324 seconds
2016-05-17T17:04:46.785+0100: 424.437: Total time for which application threads were stopped: 0.0000869 seconds, Stopping threads took: 0.0000205 seconds
2016-05-17T17:04:46.785+0100: 424.437: Total time for which application threads were stopped: 0.0000987 seconds, Stopping threads took: 0.0000300 seconds
2016-05-17T17:04:46.785+0100: 424.437: Total time for which application threads were stopped: 0.0001437 seconds, Stopping threads took: 0.0000190 seconds
2016-05-17T17:04:46.786+0100: 424.438: Total time for which application threads were stopped: 0.0001461 seconds, Stopping threads took: 0.0000182 seconds
2016-05-17T17:04:46.786+0100: 424.438: Total time for which application threads were stopped: 0.0001421 seconds, Stopping threads took: 0.0000182 seconds
2016-05-17T17:04:46.786+0100: 424.438: Total time for which application threads were stopped: 0.0002732 seconds, Stopping threads took: 0.0000190 seconds
2016-05-17T17:04:47.786+0100: 425.438: Total time for which application threads were stopped: 0.0002274 seconds, Stopping threads took: 0.0000482 seconds
2016-05-17T17:04:48.786+0100: 426.438: Total time for which application threads were stopped: 0.0001911 seconds, Stopping threads took: 0.0000529 seconds
2016-05-17T17:04:50.866+0100: 428.518: Total time for which application threads were stopped: 0.0677732 seconds, Stopping threads took: 0.0676018 seconds
2016-05-17T17:04:51.866+0100: 429.518: Total time for which application threads were stopped: 0.0001737 seconds, Stopping threads took: 0.0000482 seconds
2016-05-17T17:04:52.885+0100: 430.536: Total time for which application threads were stopped: 0.0001887 seconds, Stopping threads took: 0.0000474 seconds
2016-05-17T17:04:53.885+0100: 431.536: Total time for which application threads were stopped: 0.0001706 seconds, Stopping threads took: 0.0000505 seconds
2016-05-17T17:04:56.885+0100: 434.536: Total time for which application threads were stopped: 0.0001832 seconds, Stopping threads took: 0.0000505 seconds
2016-05-17T17:04:58.885+0100: 436.536: Total time for which application threads were stopped: 0.0001800 seconds, Stopping threads took: 0.0000474 seconds
2016-05-17T17:05:01.634+0100: 439.286: Total time for which application threads were stopped: 0.0001761 seconds, Stopping threads took: 0.0000497 seconds
2016-05-17T17:05:01.635+0100: 439.287: Total time for which application threads were stopped: 0.0000987 seconds, Stopping threads took: 0.0000284 seconds
2016-05-17T17:05:02.635+0100: 440.287: Total time for which application threads were stopped: 0.0004217 seconds, Stopping threads took: 0.0000529 seconds
2016-05-17T17:05:04.651+0100: 442.303: Total time for which application threads were stopped: 0.0020318 seconds, Stopping threads took: 0.0018730 seconds
{Heap before GC invocations=5 (full 1):
 par new generation   total 109248K, used 109248K [0x00000000e0000000, 0x00000000e8000000, 0x00000000e8000000)
  eden space 87424K, 100% used [0x00000000e0000000, 0x00000000e5560000, 0x00000000e5560000)
  from space 21824K, 100% used [0x00000000e6ab0000, 0x00000000e8000000, 0x00000000e8000000)
  to   space 21824K,   0% used [0x00000000e5560000, 0x00000000e5560000, 0x00000000e6ab0000)
 concurrent mark-sweep generation total 393216K, used 1609K [0x00000000e8000000, 0x0000000100000000, 0x0000000100000000)
 Metaspace       used 31355K, capacity 31798K, committed 32048K, reserved 1077248K
  class space    used 3646K, capacity 3803K, committed 3888K, reserved 1048576K
2016-05-17T17:05:06.655+0100: 444.309: [GC (Allocation Failure) 2016-05-17T17:05:06.655+0100: 444.309: [ParNew
Desired survivor size 20112992 bytes, new threshold 8 (max 8)
- age   1:     508704 bytes,     508704 total
- age   2:    4088472 bytes,    4597176 total
- age   3:    5451928 bytes,   10049104 total
- age   4:     601472 bytes,   10650576 total
- age   5:    2795008 bytes,   13445584 total
- age   6:    2577152 bytes,   16022736 total
: 109248K->21824K(109248K), 0.0920849 secs] 110857K->26297K(502464K), 0.0922649 secs] [Times: user=0.16 sys=0.00, real=0.09 secs] 
Heap after GC invocations=6 (full 1):
 par new generation   total 109248K, used 21824K [0x00000000e0000000, 0x00000000e8000000, 0x00000000e8000000)
  eden space 87424K,   0% used [0x00000000e0000000, 0x00000000e0000000, 0x00000000e5560000)
  from space 21824K, 100% used [0x00000000e5560000, 0x00000000e6ab0000, 0x00000000e6ab0000)
  to   space 21824K,   0% used [0x00000000e6ab0000, 0x00000000e6ab0000, 0x00000000e8000000)
 concurrent mark-sweep generation total 393216K, used 4473K [0x00000000e8000000, 0x0000000100000000, 0x0000000100000000)
 Metaspace       used 31355K, capacity 31798K, committed 32048K, reserved 1077248K
  class space    used 3646K, capacity 3803K, committed 3888K, reserved 1048576K
}
2016-05-17T17:05:06.747+0100: 444.401: Total time for which application threads were stopped: 0.0927648 seconds, Stopping threads took: 0.0000529 seconds
2016-05-17T17:05:06.748+0100: 444.402: Total time for which application threads were stopped: 0.0002614 seconds, Stopping threads took: 0.0000537 seconds
2016-05-17T17:05:06.748+0100: 444.402: Total time for which application threads were stopped: 0.0000924 seconds, Stopping threads took: 0.0000197 seconds
2016-05-17T17:05:06.748+0100: 444.402: Total time for which application threads were stopped: 0.0001058 seconds, Stopping threads took: 0.0000363 seconds
2016-05-17T17:05:06.748+0100: 444.402: Total time for which application threads were stopped: 0.0001398 seconds, Stopping threads took: 0.0000569 seconds
2016-05-17T17:05:06.749+0100: 444.403: Total time for which application threads were stopped: 0.0003253 seconds, Stopping threads took: 0.0002495 seconds
2016-05-17T17:05:06.749+0100: 444.403: Total time for which application threads were stopped: 0.0000829 seconds, Stopping threads took: 0.0000197 seconds
2016-05-17T17:05:06.749+0100: 444.403: Total time for which application threads were stopped: 0.0000805 seconds, Stopping threads took: 0.0000190 seconds
2016-05-17T17:05:06.749+0100: 444.403: Total time for which application threads were stopped: 0.0000805 seconds, Stopping threads took: 0.0000197 seconds
2016-05-17T17:05:06.749+0100: 444.403: Total time for which application threads were stopped: 0.0001295 seconds, Stopping threads took: 0.0000600 seconds
2016-05-17T17:05:06.749+0100: 444.403: Total time for which application threads were stopped: 0.0000861 seconds, Stopping threads took: 0.0000197 seconds
2016-05-17T17:05:06.749+0100: 444.404: Total time for which application threads were stopped: 0.0001042 seconds, Stopping threads took: 0.0000379 seconds
2016-05-17T17:05:06.750+0100: 444.404: Total time for which application threads were stopped: 0.0001335 seconds, Stopping threads took: 0.0000497 seconds
2016-05-17T17:05:06.771+0100: 444.425: Total time for which application threads were stopped: 0.0008323 seconds, Stopping threads took: 0.0006712 seconds
2016-05-17T17:05:06.771+0100: 444.425: Total time for which application threads were stopped: 0.0000916 seconds, Stopping threads took: 0.0000253 seconds
2016-05-17T17:05:06.771+0100: 444.426: Total time for which application threads were stopped: 0.0000853 seconds, Stopping threads took: 0.0000221 seconds
2016-05-17T17:05:06.772+0100: 444.426: Total time for which application threads were stopped: 0.0001192 seconds, Stopping threads took: 0.0000537 seconds
2016-05-17T17:05:06.772+0100: 444.426: Total time for which application threads were stopped: 0.0001177 seconds, Stopping threads took: 0.0000197 seconds
2016-05-17T17:05:06.772+0100: 444.426: Total time for which application threads were stopped: 0.0001090 seconds, Stopping threads took: 0.0000197 seconds
2016-05-17T17:05:06.772+0100: 444.426: Total time for which application threads were stopped: 0.0000821 seconds, Stopping threads took: 0.0000190 seconds
2016-05-17T17:05:06.772+0100: 444.427: Total time for which application threads were stopped: 0.0003395 seconds, Stopping threads took: 0.0000963 seconds
2016-05-17T17:05:07.797+0100: 445.451: Total time for which application threads were stopped: 0.0001777 seconds, Stopping threads took: 0.0000505 seconds
2016-05-17T17:05:08.797+0100: 446.451: Total time for which application threads were stopped: 0.0002274 seconds, Stopping threads took: 0.0000529 seconds
2016-05-17T17:05:09.798+0100: 447.451: Total time for which application threads were stopped: 0.0001642 seconds, Stopping threads took: 0.0000482 seconds
2016-05-17T17:05:10.798+0100: 448.451: Total time for which application threads were stopped: 0.0001729 seconds, Stopping threads took: 0.0000482 seconds
2016-05-17T17:05:13.798+0100: 451.451: Total time for which application threads were stopped: 0.0001571 seconds, Stopping threads took: 0.0000490 seconds
2016-05-17T17:05:15.798+0100: 453.451: Total time for which application threads were stopped: 0.0001627 seconds, Stopping threads took: 0.0000474 seconds
2016-05-17T17:05:18.798+0100: 456.451: Total time for which application threads were stopped: 0.0001611 seconds, Stopping threads took: 0.0000497 seconds
2016-05-17T17:05:23.798+0100: 461.452: Total time for which application threads were stopped: 0.0001714 seconds, Stopping threads took: 0.0000569 seconds
2016-05-17T17:05:27.801+0100: 465.454: Total time for which application threads were stopped: 0.0001587 seconds, Stopping threads took: 0.0000474 seconds
2016-05-17T17:05:30.801+0100: 468.454: Total time for which application threads were stopped: 0.0001824 seconds, Stopping threads took: 0.0000497 seconds
2016-05-17T17:05:31.801+0100: 469.454: Total time for which application threads were stopped: 0.0001927 seconds, Stopping threads took: 0.0000592 seconds
2016-05-17T17:05:35.801+0100: 473.455: Total time for which application threads were stopped: 0.0001808 seconds, Stopping threads took: 0.0000640 seconds
2016-05-17T17:05:37.801+0100: 475.455: Total time for which application threads were stopped: 0.0001548 seconds, Stopping threads took: 0.0000490 seconds
2016-05-17T17:05:44.814+0100: 482.467: Total time for which application threads were stopped: 0.0002306 seconds, Stopping threads took: 0.0000687 seconds
2016-05-17T17:05:45.814+0100: 483.467: Total time for which application threads were stopped: 0.0002266 seconds, Stopping threads took: 0.0000482 seconds
{Heap before GC invocations=6 (full 1):
 par new generation   total 109248K, used 109248K [0x00000000e0000000, 0x00000000e8000000, 0x00000000e8000000)
  eden space 87424K, 100% used [0x00000000e0000000, 0x00000000e5560000, 0x00000000e5560000)
  from space 21824K, 100% used [0x00000000e5560000, 0x00000000e6ab0000, 0x00000000e6ab0000)
  to   space 21824K,   0% used [0x00000000e6ab0000, 0x00000000e6ab0000, 0x00000000e8000000)
 concurrent mark-sweep generation total 393216K, used 4473K [0x00000000e8000000, 0x0000000100000000, 0x0000000100000000)
 Metaspace       used 31443K, capacity 31798K, committed 32048K, reserved 1077248K
  class space    used 3646K, capacity 3803K, committed 3888K, reserved 1048576K
2016-05-17T17:05:49.911+0100: 487.565: [GC (Allocation Failure) 2016-05-17T17:05:49.912+0100: 487.565: [ParNew
Desired survivor size 20112992 bytes, new threshold 8 (max 8)
- age   1:     411648 bytes,     411648 total
- age   2:      23112 bytes,     434760 total
- age   3:    4086896 bytes,    4521656 total
- age   4:    5444592 bytes,    9966248 total
- age   5:     600896 bytes,   10567144 total
- age   6:    2790032 bytes,   13357176 total
- age   7:    2540496 bytes,   15897672 total
: 109248K->20513K(109248K), 0.0681111 secs] 113721K->24986K(502464K), 0.0683062 secs] [Times: user=0.11 sys=0.00, real=0.07 secs] 
Heap after GC invocations=7 (full 1):
 par new generation   total 109248K, used 20513K [0x00000000e0000000, 0x00000000e8000000, 0x00000000e8000000)
  eden space 87424K,   0% used [0x00000000e0000000, 0x00000000e0000000, 0x00000000e5560000)
  from space 21824K,  93% used [0x00000000e6ab0000, 0x00000000e7eb8440, 0x00000000e8000000)
  to   space 21824K,   0% used [0x00000000e5560000, 0x00000000e5560000, 0x00000000e6ab0000)
 concurrent mark-sweep generation total 393216K, used 4473K [0x00000000e8000000, 0x0000000100000000, 0x0000000100000000)
 Metaspace       used 31443K, capacity 31798K, committed 32048K, reserved 1077248K
  class space    used 3646K, capacity 3803K, committed 3888K, reserved 1048576K
}
2016-05-17T17:05:49.980+0100: 487.633: Total time for which application threads were stopped: 0.0694970 seconds, Stopping threads took: 0.0007857 seconds
2016-05-17T17:05:50.980+0100: 488.633: Total time for which application threads were stopped: 0.0002187 seconds, Stopping threads took: 0.0000561 seconds
2016-05-17T17:05:51.980+0100: 489.633: Total time for which application threads were stopped: 0.0001840 seconds, Stopping threads took: 0.0000553 seconds
2016-05-17T17:05:52.980+0100: 490.634: Total time for which application threads were stopped: 0.0001911 seconds, Stopping threads took: 0.0000513 seconds
2016-05-17T17:05:54.030+0100: 491.684: Total time for which application threads were stopped: 0.0258823 seconds, Stopping threads took: 0.0256778 seconds
2016-05-17T17:05:55.045+0100: 492.699: Total time for which application threads were stopped: 0.0001611 seconds, Stopping threads took: 0.0000466 seconds
2016-05-17T17:05:56.045+0100: 493.699: Total time for which application threads were stopped: 0.0001895 seconds, Stopping threads took: 0.0000805 seconds
{Heap before GC invocations=7 (full 1):
 par new generation   total 109248K, used 107937K [0x00000000e0000000, 0x00000000e8000000, 0x00000000e8000000)
  eden space 87424K, 100% used [0x00000000e0000000, 0x00000000e5560000, 0x00000000e5560000)
  from space 21824K,  93% used [0x00000000e6ab0000, 0x00000000e7eb8440, 0x00000000e8000000)
  to   space 21824K,   0% used [0x00000000e5560000, 0x00000000e5560000, 0x00000000e6ab0000)
 concurrent mark-sweep generation total 393216K, used 4473K [0x00000000e8000000, 0x0000000100000000, 0x0000000100000000)
 Metaspace       used 31566K, capacity 31990K, committed 32304K, reserved 1077248K
  class space    used 3647K, capacity 3803K, committed 3888K, reserved 1048576K
2016-05-17T17:05:56.062+0100: 493.716: [GC (Allocation Failure) 2016-05-17T17:05:56.062+0100: 493.716: [ParNew
Desired survivor size 20112992 bytes, new threshold 8 (max 8)
- age   1:    1222696 bytes,    1222696 total
- age   2:      12704 bytes,    1235400 total
- age   3:      22176 bytes,    1257576 total
- age   4:    4086736 bytes,    5344312 total
- age   5:    5443464 bytes,   10787776 total
- age   6:     600728 bytes,   11388504 total
- age   7:    2789288 bytes,   14177792 total
- age   8:    2540496 bytes,   16718288 total
: 107937K->20963K(109248K), 0.0766686 secs] 112410K->25436K(502464K), 0.0768383 secs] [Times: user=0.13 sys=0.00, real=0.08 secs] 
Heap after GC invocations=8 (full 1):
 par new generation   total 109248K, used 20963K [0x00000000e0000000, 0x00000000e8000000, 0x00000000e8000000)
  eden space 87424K,   0% used [0x00000000e0000000, 0x00000000e0000000, 0x00000000e5560000)
  from space 21824K,  96% used [0x00000000e5560000, 0x00000000e69d8cd0, 0x00000000e6ab0000)
  to   space 21824K,   0% used [0x00000000e6ab0000, 0x00000000e6ab0000, 0x00000000e8000000)
 concurrent mark-sweep generation total 393216K, used 4473K [0x00000000e8000000, 0x0000000100000000, 0x0000000100000000)
 Metaspace       used 31566K, capacity 31990K, committed 32304K, reserved 1077248K
  class space    used 3647K, capacity 3803K, committed 3888K, reserved 1048576K
}
2016-05-17T17:05:56.139+0100: 493.793: Total time for which application threads were stopped: 0.0773824 seconds, Stopping threads took: 0.0001532 seconds
2016-05-17T17:05:57.142+0100: 494.796: Total time for which application threads were stopped: 0.0001658 seconds, Stopping threads took: 0.0000482 seconds
2016-05-17T17:05:58.142+0100: 495.797: Total time for which application threads were stopped: 0.0003530 seconds, Stopping threads took: 0.0000513 seconds
2016-05-17T17:06:00.143+0100: 497.797: Total time for which application threads were stopped: 0.0001864 seconds, Stopping threads took: 0.0000537 seconds
2016-05-17T17:06:01.143+0100: 498.797: Total time for which application threads were stopped: 0.0001706 seconds, Stopping threads took: 0.0000513 seconds
2016-05-17T17:06:02.144+0100: 499.797: Total time for which application threads were stopped: 0.0001635 seconds, Stopping threads took: 0.0000474 seconds
2016-05-17T17:06:03.144+0100: 500.797: Total time for which application threads were stopped: 0.0001903 seconds, Stopping threads took: 0.0000553 seconds
2016-05-17T17:06:06.173+0100: 503.830: Total time for which application threads were stopped: 0.0001666 seconds, Stopping threads took: 0.0000529 seconds
{Heap before GC invocations=8 (full 1):
 par new generation   total 109248K, used 108387K [0x00000000e0000000, 0x00000000e8000000, 0x00000000e8000000)
  eden space 87424K, 100% used [0x00000000e0000000, 0x00000000e5560000, 0x00000000e5560000)
  from space 21824K,  96% used [0x00000000e5560000, 0x00000000e69d8cd0, 0x00000000e6ab0000)
  to   space 21824K,   0% used [0x00000000e6ab0000, 0x00000000e6ab0000, 0x00000000e8000000)
 concurrent mark-sweep generation total 393216K, used 4473K [0x00000000e8000000, 0x0000000100000000, 0x0000000100000000)
 Metaspace       used 31658K, capacity 32118K, committed 32304K, reserved 1077248K
  class space    used 3648K, capacity 3803K, committed 3888K, reserved 1048576K
2016-05-17T17:06:08.098+0100: 505.755: [GC (Allocation Failure) 2016-05-17T17:06:08.098+0100: 505.755: [ParNew
Desired survivor size 20112992 bytes, new threshold 8 (max 8)
- age   1:     357336 bytes,     357336 total
- age   2:      18104 bytes,     375440 total
- age   3:      10032 bytes,     385472 total
- age   4:      22176 bytes,     407648 total
- age   5:    4086600 bytes,    4494248 total
- age   6:    5443464 bytes,    9937712 total
- age   7:     600728 bytes,   10538440 total
- age   8:    2789288 bytes,   13327728 total
: 108387K->21511K(109248K), 0.1723977 secs] 112860K->28518K(502464K), 0.1725777 secs] [Times: user=0.22 sys=0.02, real=0.17 secs] 
Heap after GC invocations=9 (full 1):
 par new generation   total 109248K, used 21511K [0x00000000e0000000, 0x00000000e8000000, 0x00000000e8000000)
  eden space 87424K,   0% used [0x00000000e0000000, 0x00000000e0000000, 0x00000000e5560000)
  from space 21824K,  98% used [0x00000000e6ab0000, 0x00000000e7fb1f20, 0x00000000e8000000)
  to   space 21824K,   0% used [0x00000000e5560000, 0x00000000e5560000, 0x00000000e6ab0000)
 concurrent mark-sweep generation total 393216K, used 7006K [0x00000000e8000000, 0x0000000100000000, 0x0000000100000000)
 Metaspace       used 31658K, capacity 32118K, committed 32304K, reserved 1077248K
  class space    used 3648K, capacity 3803K, committed 3888K, reserved 1048576K
}
2016-05-17T17:06:08.270+0100: 505.928: Total time for which application threads were stopped: 0.1730436 seconds, Stopping threads took: 0.0000497 seconds
2016-05-17T17:06:09.270+0100: 506.927: Total time for which application threads were stopped: 0.0001927 seconds, Stopping threads took: 0.0000466 seconds
2016-05-17T17:06:10.270+0100: 507.928: Total time for which application threads were stopped: 0.0001793 seconds, Stopping threads took: 0.0000553 seconds
2016-05-17T17:06:11.270+0100: 508.927: Total time for which application threads were stopped: 0.0001800 seconds, Stopping threads took: 0.0000537 seconds
2016-05-17T17:06:15.284+0100: 512.942: Total time for which application threads were stopped: 0.0001564 seconds, Stopping threads took: 0.0000426 seconds
2016-05-17T17:06:17.284+0100: 514.942: Total time for which application threads were stopped: 0.0001682 seconds, Stopping threads took: 0.0000458 seconds
2016-05-17T17:06:18.284+0100: 515.942: Total time for which application threads were stopped: 0.0001619 seconds, Stopping threads took: 0.0000474 seconds
2016-05-17T17:06:19.284+0100: 516.942: Total time for which application threads were stopped: 0.0001832 seconds, Stopping threads took: 0.0000490 seconds
{Heap before GC invocations=9 (full 1):
 par new generation   total 109248K, used 108935K [0x00000000e0000000, 0x00000000e8000000, 0x00000000e8000000)
  eden space 87424K, 100% used [0x00000000e0000000, 0x00000000e5560000, 0x00000000e5560000)
  from space 21824K,  98% used [0x00000000e6ab0000, 0x00000000e7fb1f20, 0x00000000e8000000)
  to   space 21824K,   0% used [0x00000000e5560000, 0x00000000e5560000, 0x00000000e6ab0000)
 concurrent mark-sweep generation total 393216K, used 7006K [0x00000000e8000000, 0x0000000100000000, 0x0000000100000000)
 Metaspace       used 31807K, capacity 32182K, committed 32560K, reserved 1077248K
  class space    used 3648K, capacity 3803K, committed 3888K, reserved 1048576K
2016-05-17T17:06:19.532+0100: 517.189: [GC (Allocation Failure) 2016-05-17T17:06:19.532+0100: 517.189: [ParNew
Desired survivor size 20112992 bytes, new threshold 8 (max 8)
- age   1:    1321152 bytes,    1321152 total
- age   2:      10032 bytes,    1331184 total
- age   3:      11536 bytes,    1342720 total
- age   4:       9880 bytes,    1352600 total
- age   5:      22176 bytes,    1374776 total
- age   6:    4086600 bytes,    5461376 total
- age   7:    5443464 bytes,   10904840 total
- age   8:     600728 bytes,   11505568 total
: 108935K->15388K(109248K), 0.1067179 secs] 115942K->25205K(502464K), 0.1068916 secs] [Times: user=0.16 sys=0.00, real=0.11 secs] 
Heap after GC invocations=10 (full 1):
 par new generation   total 109248K, used 15388K [0x00000000e0000000, 0x00000000e8000000, 0x00000000e8000000)
  eden space 87424K,   0% used [0x00000000e0000000, 0x00000000e0000000, 0x00000000e5560000)
  from space 21824K,  70% used [0x00000000e5560000, 0x00000000e6467020, 0x00000000e6ab0000)
  to   space 21824K,   0% used [0x00000000e6ab0000, 0x00000000e6ab0000, 0x00000000e8000000)
 concurrent mark-sweep generation total 393216K, used 9817K [0x00000000e8000000, 0x0000000100000000, 0x0000000100000000)
 Metaspace       used 31807K, capacity 32182K, committed 32560K, reserved 1077248K
  class space    used 3648K, capacity 3803K, committed 3888K, reserved 1048576K
}
2016-05-17T17:06:19.639+0100: 517.296: Total time for which application threads were stopped: 0.1075122 seconds, Stopping threads took: 0.0000561 seconds
2016-05-17T17:06:20.659+0100: 518.316: Total time for which application threads were stopped: 0.0158561 seconds, Stopping threads took: 0.0157022 seconds
2016-05-17T17:06:21.659+0100: 519.316: Total time for which application threads were stopped: 0.0001753 seconds, Stopping threads took: 0.0000521 seconds
2016-05-17T17:06:26.659+0100: 524.316: Total time for which application threads were stopped: 0.0001698 seconds, Stopping threads took: 0.0000513 seconds
{Heap before GC invocations=10 (full 1):
 par new generation   total 109248K, used 102812K [0x00000000e0000000, 0x00000000e8000000, 0x00000000e8000000)
  eden space 87424K, 100% used [0x00000000e0000000, 0x00000000e5560000, 0x00000000e5560000)
  from space 21824K,  70% used [0x00000000e5560000, 0x00000000e6467020, 0x00000000e6ab0000)
  to   space 21824K,   0% used [0x00000000e6ab0000, 0x00000000e6ab0000, 0x00000000e8000000)
 concurrent mark-sweep generation total 393216K, used 9817K [0x00000000e8000000, 0x0000000100000000, 0x0000000100000000)
 Metaspace       used 31844K, capacity 32310K, committed 32560K, reserved 1077248K
  class space    used 3648K, capacity 3803K, committed 3888K, reserved 1048576K
2016-05-17T17:06:29.588+0100: 527.246: [GC (Allocation Failure) 2016-05-17T17:06:29.589+0100: 527.246: [ParNew
Desired survivor size 20112992 bytes, new threshold 8 (max 8)
- age   1:    1193512 bytes,    1193512 total
- age   2:      15744 bytes,    1209256 total
- age   3:       7752 bytes,    1217008 total
- age   4:      11536 bytes,    1228544 total
- age   5:       8352 bytes,    1236896 total
- age   6:      22144 bytes,    1259040 total
- age   7:    4086600 bytes,    5345640 total
- age   8:    5443464 bytes,   10789104 total
: 102812K->13327K(109248K), 0.0681901 secs] 112629K->23744K(502464K), 0.0684065 secs] [Times: user=0.11 sys=0.00, real=0.07 secs] 
Heap after GC invocations=11 (full 1):
 par new generation   total 109248K, used 13327K [0x00000000e0000000, 0x00000000e8000000, 0x00000000e8000000)
  eden space 87424K,   0% used [0x00000000e0000000, 0x00000000e0000000, 0x00000000e5560000)
  from space 21824K,  61% used [0x00000000e6ab0000, 0x00000000e77b3d40, 0x00000000e8000000)
  to   space 21824K,   0% used [0x00000000e5560000, 0x00000000e5560000, 0x00000000e6ab0000)
 concurrent mark-sweep generation total 393216K, used 10417K [0x00000000e8000000, 0x0000000100000000, 0x0000000100000000)
 Metaspace       used 31844K, capacity 32310K, committed 32560K, reserved 1077248K
  class space    used 3648K, capacity 3803K, committed 3888K, reserved 1048576K
}
2016-05-17T17:06:29.657+0100: 527.315: Total time for which application threads were stopped: 0.0688771 seconds, Stopping threads took: 0.0000553 seconds
2016-05-17T17:06:30.664+0100: 528.321: Total time for which application threads were stopped: 0.0001943 seconds, Stopping threads took: 0.0000474 seconds
2016-05-17T17:06:31.664+0100: 529.322: Total time for which application threads were stopped: 0.0001658 seconds, Stopping threads took: 0.0000497 seconds
2016-05-17T17:06:32.664+0100: 530.322: Total time for which application threads were stopped: 0.0002527 seconds, Stopping threads took: 0.0000497 seconds
2016-05-17T17:06:33.664+0100: 531.322: Total time for which application threads were stopped: 0.0002053 seconds, Stopping threads took: 0.0000490 seconds
2016-05-17T17:06:35.665+0100: 533.323: Total time for which application threads were stopped: 0.0001816 seconds, Stopping threads took: 0.0000537 seconds
2016-05-17T17:06:37.666+0100: 535.323: Total time for which application threads were stopped: 0.0001619 seconds, Stopping threads took: 0.0000497 seconds
2016-05-17T17:06:38.666+0100: 536.323: Total time for which application threads were stopped: 0.0005014 seconds, Stopping threads took: 0.0003372 seconds
2016-05-17T17:06:39.666+0100: 537.323: Total time for which application threads were stopped: 0.0001958 seconds, Stopping threads took: 0.0000569 seconds
2016-05-17T17:06:42.699+0100: 540.356: Total time for which application threads were stopped: 0.0002029 seconds, Stopping threads took: 0.0000592 seconds
{Heap before GC invocations=11 (full 1):
 par new generation   total 109248K, used 100751K [0x00000000e0000000, 0x00000000e8000000, 0x00000000e8000000)
  eden space 87424K, 100% used [0x00000000e0000000, 0x00000000e5560000, 0x00000000e5560000)
  from space 21824K,  61% used [0x00000000e6ab0000, 0x00000000e77b3d40, 0x00000000e8000000)
  to   space 21824K,   0% used [0x00000000e5560000, 0x00000000e5560000, 0x00000000e6ab0000)
 concurrent mark-sweep generation total 393216K, used 10417K [0x00000000e8000000, 0x0000000100000000, 0x0000000100000000)
 Metaspace       used 31928K, capacity 32374K, committed 32560K, reserved 1077248K
  class space    used 3648K, capacity 3803K, committed 3888K, reserved 1048576K
2016-05-17T17:06:43.967+0100: 541.625: [GC (Allocation Failure) 2016-05-17T17:06:43.967+0100: 541.625: [ParNew
Desired survivor size 20112992 bytes, new threshold 8 (max 8)
- age   1:    1094528 bytes,    1094528 total
- age   2:      13936 bytes,    1108464 total
- age   3:       8040 bytes,    1116504 total
- age   4:       7752 bytes,    1124256 total
- age   5:      11400 bytes,    1135656 total
- age   6:       8320 bytes,    1143976 total
- age   7:      22144 bytes,    1166120 total
- age   8:    4086600 bytes,    5252720 total
: 100751K->11728K(109248K), 0.1532590 secs] 111168K->27988K(502464K), 0.1534540 secs] [Times: user=0.17 sys=0.00, real=0.15 secs] 
Heap after GC invocations=12 (full 1):
 par new generation   total 109248K, used 11728K [0x00000000e0000000, 0x00000000e8000000, 0x00000000e8000000)
  eden space 87424K,   0% used [0x00000000e0000000, 0x00000000e0000000, 0x00000000e5560000)
  from space 21824K,  53% used [0x00000000e5560000, 0x00000000e60d4300, 0x00000000e6ab0000)
  to   space 21824K,   0% used [0x00000000e6ab0000, 0x00000000e6ab0000, 0x00000000e8000000)
 concurrent mark-sweep generation total 393216K, used 16259K [0x00000000e8000000, 0x0000000100000000, 0x0000000100000000)
 Metaspace       used 31928K, capacity 32374K, committed 32560K, reserved 1077248K
  class space    used 3648K, capacity 3803K, committed 3888K, reserved 1048576K
}
2016-05-17T17:06:44.121+0100: 541.779: Total time for which application threads were stopped: 0.1539033 seconds, Stopping threads took: 0.0000497 seconds
2016-05-17T17:06:45.121+0100: 542.779: Total time for which application threads were stopped: 0.0001635 seconds, Stopping threads took: 0.0000474 seconds
2016-05-17T17:06:46.121+0100: 543.778: Total time for which application threads were stopped: 0.0001887 seconds, Stopping threads took: 0.0000561 seconds
2016-05-17T17:06:52.128+0100: 549.786: Total time for which application threads were stopped: 0.0010226 seconds, Stopping threads took: 0.0008599 seconds
2016-05-17T17:06:57.129+0100: 554.786: Total time for which application threads were stopped: 0.0001824 seconds, Stopping threads took: 0.0000569 seconds
2016-05-17T17:06:58.129+0100: 555.786: Total time for which application threads were stopped: 0.0002069 seconds, Stopping threads took: 0.0000829 seconds
{Heap before GC invocations=12 (full 1):
 par new generation   total 109248K, used 99152K [0x00000000e0000000, 0x00000000e8000000, 0x00000000e8000000)
  eden space 87424K, 100% used [0x00000000e0000000, 0x00000000e5560000, 0x00000000e5560000)
  from space 21824K,  53% used [0x00000000e5560000, 0x00000000e60d4300, 0x00000000e6ab0000)
  to   space 21824K,   0% used [0x00000000e6ab0000, 0x00000000e6ab0000, 0x00000000e8000000)
 concurrent mark-sweep generation total 393216K, used 16259K [0x00000000e8000000, 0x0000000100000000, 0x0000000100000000)
 Metaspace       used 31956K, capacity 32438K, committed 32816K, reserved 1079296K
  class space    used 3648K, capacity 3803K, committed 3888K, reserved 1048576K
2016-05-17T17:06:58.459+0100: 556.117: [GC (Allocation Failure) 2016-05-17T17:06:58.460+0100: 556.117: [ParNew
Desired survivor size 20112992 bytes, new threshold 8 (max 8)
- age   1:    1804160 bytes,    1804160 total
- age   2:      10752 bytes,    1814912 total
- age   3:       3680 bytes,    1818592 total
- age   4:       8040 bytes,    1826632 total
- age   5:       7752 bytes,    1834384 total
- age   6:      11264 bytes,    1845648 total
- age   7:       8320 bytes,    1853968 total
- age   8:      22144 bytes,    1876112 total
: 99152K->4672K(109248K), 0.0484773 secs] 115412K->24950K(502464K), 0.0486779 secs] [Times: user=0.08 sys=0.00, real=0.05 secs] 
Heap after GC invocations=13 (full 1):
 par new generation   total 109248K, used 4672K [0x00000000e0000000, 0x00000000e8000000, 0x00000000e8000000)
  eden space 87424K,   0% used [0x00000000e0000000, 0x00000000e0000000, 0x00000000e5560000)
  from space 21824K,  21% used [0x00000000e6ab0000, 0x00000000e6f402f0, 0x00000000e8000000)
  to   space 21824K,   0% used [0x00000000e5560000, 0x00000000e5560000, 0x00000000e6ab0000)
 concurrent mark-sweep generation total 393216K, used 20278K [0x00000000e8000000, 0x0000000100000000, 0x0000000100000000)
 Metaspace       used 31956K, capacity 32438K, committed 32816K, reserved 1079296K
  class space    used 3648K, capacity 3803K, committed 3888K, reserved 1048576K
}
2016-05-17T17:06:58.508+0100: 556.166: Total time for which application threads were stopped: 0.0499382 seconds, Stopping threads took: 0.0007770 seconds
2016-05-17T17:07:02.543+0100: 560.200: Total time for which application threads were stopped: 0.0001943 seconds, Stopping threads took: 0.0000521 seconds
2016-05-17T17:07:06.603+0100: 564.262: Total time for which application threads were stopped: 0.0003103 seconds, Stopping threads took: 0.0001864 seconds
2016-05-17T17:07:11.607+0100: 569.266: Total time for which application threads were stopped: 0.0001990 seconds, Stopping threads took: 0.0000474 seconds
2016-05-17T17:07:15.648+0100: 573.307: Total time for which application threads were stopped: 0.0205585 seconds, Stopping threads took: 0.0203982 seconds
2016-05-17T17:07:16.667+0100: 574.325: Total time for which application threads were stopped: 0.0001714 seconds, Stopping threads took: 0.0000545 seconds
{Heap before GC invocations=13 (full 1):
 par new generation   total 109248K, used 92096K [0x00000000e0000000, 0x00000000e8000000, 0x00000000e8000000)
  eden space 87424K, 100% used [0x00000000e0000000, 0x00000000e5560000, 0x00000000e5560000)
  from space 21824K,  21% used [0x00000000e6ab0000, 0x00000000e6f402f0, 0x00000000e8000000)
  to   space 21824K,   0% used [0x00000000e5560000, 0x00000000e5560000, 0x00000000e6ab0000)
 concurrent mark-sweep generation total 393216K, used 20278K [0x00000000e8000000, 0x0000000100000000, 0x0000000100000000)
 Metaspace       used 31982K, capacity 32438K, committed 32816K, reserved 1079296K
  class space    used 3648K, capacity 3803K, committed 3888K, reserved 1048576K
2016-05-17T17:07:17.062+0100: 574.721: [GC (Allocation Failure) 2016-05-17T17:07:17.062+0100: 574.721: [ParNew
Desired survivor size 20112992 bytes, new threshold 8 (max 8)
- age   1:     522640 bytes,     522640 total
- age   2:      11280 bytes,     533920 total
- age   3:       6128 bytes,     540048 total
- age   4:       3560 bytes,     543608 total
- age   5:       8008 bytes,     551616 total
- age   6:       7752 bytes,     559368 total
- age   7:      11264 bytes,     570632 total
- age   8:       8288 bytes,     578920 total
: 92096K->1316K(109248K), 0.0187052 secs] 112374K->21616K(502464K), 0.0188750 secs] [Times: user=0.03 sys=0.03, real=0.02 secs] 
Heap after GC invocations=14 (full 1):
 par new generation   total 109248K, used 1316K [0x00000000e0000000, 0x00000000e8000000, 0x00000000e8000000)
  eden space 87424K,   0% used [0x00000000e0000000, 0x00000000e0000000, 0x00000000e5560000)
  from space 21824K,   6% used [0x00000000e5560000, 0x00000000e56a93f8, 0x00000000e6ab0000)
  to   space 21824K,   0% used [0x00000000e6ab0000, 0x00000000e6ab0000, 0x00000000e8000000)
 concurrent mark-sweep generation total 393216K, used 20299K [0x00000000e8000000, 0x0000000100000000, 0x0000000100000000)
 Metaspace       used 31982K, capacity 32438K, committed 32816K, reserved 1079296K
  class space    used 3648K, capacity 3803K, committed 3888K, reserved 1048576K
}
2016-05-17T17:07:17.081+0100: 574.740: Total time for which application threads were stopped: 0.0193369 seconds, Stopping threads took: 0.0000608 seconds
2016-05-17T17:07:18.081+0100: 575.739: Total time for which application threads were stopped: 0.0001793 seconds, Stopping threads took: 0.0000513 seconds
2016-05-17T17:07:20.095+0100: 577.753: Total time for which application threads were stopped: 0.0001690 seconds, Stopping threads took: 0.0000521 seconds
2016-05-17T17:07:22.106+0100: 579.765: Total time for which application threads were stopped: 0.0001761 seconds, Stopping threads took: 0.0000545 seconds
2016-05-17T17:07:23.106+0100: 580.765: Total time for which application threads were stopped: 0.0001674 seconds, Stopping threads took: 0.0000513 seconds
{Heap before GC invocations=14 (full 1):
 par new generation   total 109248K, used 88740K [0x00000000e0000000, 0x00000000e8000000, 0x00000000e8000000)
  eden space 87424K, 100% used [0x00000000e0000000, 0x00000000e5560000, 0x00000000e5560000)
  from space 21824K,   6% used [0x00000000e5560000, 0x00000000e56a93f8, 0x00000000e6ab0000)
  to   space 21824K,   0% used [0x00000000e6ab0000, 0x00000000e6ab0000, 0x00000000e8000000)
 concurrent mark-sweep generation total 393216K, used 20299K [0x00000000e8000000, 0x0000000100000000, 0x0000000100000000)
 Metaspace       used 32000K, capacity 32438K, committed 32816K, reserved 1079296K
  class space    used 3648K, capacity 3803K, committed 3888K, reserved 1048576K
2016-05-17T17:07:24.718+0100: 582.377: [GC (Allocation Failure) 2016-05-17T17:07:24.718+0100: 582.377: [ParNew
Desired survivor size 20112992 bytes, new threshold 8 (max 8)
- age   1:     614424 bytes,     614424 total
- age   2:       7272 bytes,     621696 total
- age   3:       3520 bytes,     625216 total
- age   4:       6128 bytes,     631344 total
- age   5:       3560 bytes,     634904 total
- age   6:       8008 bytes,     642912 total
- age   7:       7752 bytes,     650664 total
- age   8:      11264 bytes,     661928 total
: 88740K->776K(109248K), 0.0124006 secs] 109040K->21084K(502464K), 0.0125562 secs] [Times: user=0.03 sys=0.00, real=0.01 secs] 
Heap after GC invocations=15 (full 1):
 par new generation   total 109248K, used 776K [0x00000000e0000000, 0x00000000e8000000, 0x00000000e8000000)
  eden space 87424K,   0% used [0x00000000e0000000, 0x00000000e0000000, 0x00000000e5560000)
  from space 21824K,   3% used [0x00000000e6ab0000, 0x00000000e6b721a0, 0x00000000e8000000)
  to   space 21824K,   0% used [0x00000000e5560000, 0x00000000e5560000, 0x00000000e6ab0000)
 concurrent mark-sweep generation total 393216K, used 20307K [0x00000000e8000000, 0x0000000100000000, 0x0000000100000000)
 Metaspace       used 32000K, capacity 32438K, committed 32816K, reserved 1079296K
  class space    used 3648K, capacity 3803K, committed 3888K, reserved 1048576K
}
2016-05-17T17:07:24.731+0100: 582.390: Total time for which application threads were stopped: 0.0129968 seconds, Stopping threads took: 0.0000671 seconds
2016-05-17T17:07:25.732+0100: 583.391: Total time for which application threads were stopped: 0.0001627 seconds, Stopping threads took: 0.0000490 seconds
2016-05-17T17:07:27.743+0100: 585.402: Total time for which application threads were stopped: 0.0016101 seconds, Stopping threads took: 0.0014490 seconds
2016-05-17T17:07:28.745+0100: 586.404: Total time for which application threads were stopped: 0.0002227 seconds, Stopping threads took: 0.0000505 seconds
2016-05-17T17:07:29.746+0100: 587.404: Total time for which application threads were stopped: 0.0001871 seconds, Stopping threads took: 0.0000576 seconds
2016-05-17T17:07:35.752+0100: 593.410: Total time for which application threads were stopped: 0.0001658 seconds, Stopping threads took: 0.0000450 seconds
{Heap before GC invocations=15 (full 1):
 par new generation   total 109248K, used 88200K [0x00000000e0000000, 0x00000000e8000000, 0x00000000e8000000)
  eden space 87424K, 100% used [0x00000000e0000000, 0x00000000e5560000, 0x00000000e5560000)
  from space 21824K,   3% used [0x00000000e6ab0000, 0x00000000e6b721a0, 0x00000000e8000000)
  to   space 21824K,   0% used [0x00000000e5560000, 0x00000000e5560000, 0x00000000e6ab0000)
 concurrent mark-sweep generation total 393216K, used 20307K [0x00000000e8000000, 0x0000000100000000, 0x0000000100000000)
 Metaspace       used 32035K, capacity 32502K, committed 32816K, reserved 1079296K
  class space    used 3648K, capacity 3803K, committed 3888K, reserved 1048576K
2016-05-17T17:07:36.457+0100: 594.116: [GC (Allocation Failure) 2016-05-17T17:07:36.457+0100: 594.116: [ParNew
Desired survivor size 20112992 bytes, new threshold 8 (max 8)
- age   1:    1381912 bytes,    1381912 total
- age   2:       5168 bytes,    1387080 total
- age   3:       4600 bytes,    1391680 total
- age   4:       3384 bytes,    1395064 total
- age   5:       6128 bytes,    1401192 total
- age   6:       3560 bytes,    1404752 total
- age   7:       8008 bytes,    1412760 total
- age   8:       7752 bytes,    1420512 total
: 88200K->1567K(109248K), 0.0585106 secs] 108508K->21886K(502464K), 0.0587017 secs] [Times: user=0.00 sys=0.00, real=0.06 secs] 
Heap after GC invocations=16 (full 1):
 par new generation   total 109248K, used 1567K [0x00000000e0000000, 0x00000000e8000000, 0x00000000e8000000)
  eden space 87424K,   0% used [0x00000000e0000000, 0x00000000e0000000, 0x00000000e5560000)
  from space 21824K,   7% used [0x00000000e5560000, 0x00000000e56e7fb0, 0x00000000e6ab0000)
  to   space 21824K,   0% used [0x00000000e6ab0000, 0x00000000e6ab0000, 0x00000000e8000000)
 concurrent mark-sweep generation total 393216K, used 20318K [0x00000000e8000000, 0x0000000100000000, 0x0000000100000000)
 Metaspace       used 32035K, capacity 32502K, committed 32816K, reserved 1079296K
  class space    used 3648K, capacity 3803K, committed 3888K, reserved 1048576K
}
2016-05-17T17:07:36.516+0100: 594.175: Total time for which application threads were stopped: 0.0591534 seconds, Stopping threads took: 0.0000490 seconds
2016-05-17T17:07:37.516+0100: 595.174: Total time for which application threads were stopped: 0.0001603 seconds, Stopping threads took: 0.0000482 seconds
2016-05-17T17:07:38.516+0100: 596.174: Total time for which application threads were stopped: 0.0001769 seconds, Stopping threads took: 0.0000545 seconds
2016-05-17T17:07:42.528+0100: 600.187: Total time for which application threads were stopped: 0.0002282 seconds, Stopping threads took: 0.0000884 seconds
2016-05-17T17:07:45.528+0100: 603.187: Total time for which application threads were stopped: 0.0001706 seconds, Stopping threads took: 0.0000561 seconds
2016-05-17T17:07:46.528+0100: 604.187: Total time for which application threads were stopped: 0.0001793 seconds, Stopping threads took: 0.0000561 seconds
2016-05-17T17:07:48.529+0100: 606.187: Total time for which application threads were stopped: 0.0002898 seconds, Stopping threads took: 0.0001327 seconds
2016-05-17T17:07:50.530+0100: 608.188: Total time for which application threads were stopped: 0.0001556 seconds, Stopping threads took: 0.0000474 seconds
{Heap before GC invocations=16 (full 1):
 par new generation   total 109248K, used 88991K [0x00000000e0000000, 0x00000000e8000000, 0x00000000e8000000)
  eden space 87424K, 100% used [0x00000000e0000000, 0x00000000e5560000, 0x00000000e5560000)
  from space 21824K,   7% used [0x00000000e5560000, 0x00000000e56e7fb0, 0x00000000e6ab0000)
  to   space 21824K,   0% used [0x00000000e6ab0000, 0x00000000e6ab0000, 0x00000000e8000000)
 concurrent mark-sweep generation total 393216K, used 20318K [0x00000000e8000000, 0x0000000100000000, 0x0000000100000000)
 Metaspace       used 32071K, capacity 32566K, committed 32816K, reserved 1079296K
  class space    used 3648K, capacity 3803K, committed 3888K, reserved 1048576K
2016-05-17T17:07:54.362+0100: 612.021: [GC (Allocation Failure) 2016-05-17T17:07:54.362+0100: 612.021: [ParNew
Desired survivor size 20112992 bytes, new threshold 8 (max 8)
- age   1:    1472160 bytes,    1472160 total
- age   2:      11464 bytes,    1483624 total
- age   3:       3368 bytes,    1486992 total
- age   4:       4480 bytes,    1491472 total
- age   5:       3384 bytes,    1494856 total
- age   6:       6096 bytes,    1500952 total
- age   7:       3560 bytes,    1504512 total
- age   8:       8008 bytes,    1512520 total
: 88991K->2142K(109248K), 0.0231430 secs] 109310K->22468K(502464K), 0.0233215 secs] [Times: user=0.03 sys=0.00, real=0.02 secs] 
Heap after GC invocations=17 (full 1):
 par new generation   total 109248K, used 2142K [0x00000000e0000000, 0x00000000e8000000, 0x00000000e8000000)
  eden space 87424K,   0% used [0x00000000e0000000, 0x00000000e0000000, 0x00000000e5560000)
  from space 21824K,   9% used [0x00000000e6ab0000, 0x00000000e6cc79f8, 0x00000000e8000000)
  to   space 21824K,   0% used [0x00000000e5560000, 0x00000000e5560000, 0x00000000e6ab0000)
 concurrent mark-sweep generation total 393216K, used 20326K [0x00000000e8000000, 0x0000000100000000, 0x0000000100000000)
 Metaspace       used 32071K, capacity 32566K, committed 32816K, reserved 1079296K
  class space    used 3648K, capacity 3803K, committed 3888K, reserved 1048576K
}
2016-05-17T17:07:54.386+0100: 612.044: Total time for which application threads were stopped: 0.0237629 seconds, Stopping threads took: 0.0000537 seconds
2016-05-17T17:07:55.452+0100: 613.111: Total time for which application threads were stopped: 0.0001698 seconds, Stopping threads took: 0.0000521 seconds
2016-05-17T17:07:57.452+0100: 615.111: Total time for which application threads were stopped: 0.0001769 seconds, Stopping threads took: 0.0000482 seconds
2016-05-17T17:08:00.452+0100: 618.111: Total time for which application threads were stopped: 0.0001721 seconds, Stopping threads took: 0.0000474 seconds
{Heap before GC invocations=17 (full 1):
 par new generation   total 109248K, used 89566K [0x00000000e0000000, 0x00000000e8000000, 0x00000000e8000000)
  eden space 87424K, 100% used [0x00000000e0000000, 0x00000000e5560000, 0x00000000e5560000)
  from space 21824K,   9% used [0x00000000e6ab0000, 0x00000000e6cc79f8, 0x00000000e8000000)
  to   space 21824K,   0% used [0x00000000e5560000, 0x00000000e5560000, 0x00000000e6ab0000)
 concurrent mark-sweep generation total 393216K, used 20326K [0x00000000e8000000, 0x0000000100000000, 0x0000000100000000)
 Metaspace       used 32305K, capacity 32694K, committed 33072K, reserved 1079296K
  class space    used 3649K, capacity 3803K, committed 3888K, reserved 1048576K
2016-05-17T17:08:08.639+0100: 626.297: [GC (Allocation Failure) 2016-05-17T17:08:08.639+0100: 626.297: [ParNew
Desired survivor size 20112992 bytes, new threshold 8 (max 8)
- age   1:    1202544 bytes,    1202544 total
- age   2:      14472 bytes,    1217016 total
- age   3:       4896 bytes,    1221912 total
- age   4:       3368 bytes,    1225280 total
- age   5:       4328 bytes,    1229608 total
- age   6:       3384 bytes,    1232992 total
- age   7:       6096 bytes,    1239088 total
- age   8:       3528 bytes,    1242616 total
: 89566K->1711K(109248K), 0.0155087 secs] 109892K->22046K(502464K), 0.0156690 secs] [Times: user=0.00 sys=0.00, real=0.02 secs] 
Heap after GC invocations=18 (full 1):
 par new generation   total 109248K, used 1711K [0x00000000e0000000, 0x00000000e8000000, 0x00000000e8000000)
  eden space 87424K,   0% used [0x00000000e0000000, 0x00000000e0000000, 0x00000000e5560000)
  from space 21824K,   7% used [0x00000000e5560000, 0x00000000e570bfe0, 0x00000000e6ab0000)
  to   space 21824K,   0% used [0x00000000e6ab0000, 0x00000000e6ab0000, 0x00000000e8000000)
 concurrent mark-sweep generation total 393216K, used 20334K [0x00000000e8000000, 0x0000000100000000, 0x0000000100000000)
 Metaspace       used 32305K, capacity 32694K, committed 33072K, reserved 1079296K
  class space    used 3649K, capacity 3803K, committed 3888K, reserved 1048576K
}
2016-05-17T17:08:08.655+0100: 626.313: Total time for which application threads were stopped: 0.0161981 seconds, Stopping threads took: 0.0000877 seconds
2016-05-17T17:08:09.664+0100: 627.322: Total time for which application threads were stopped: 0.0004517 seconds, Stopping threads took: 0.0000529 seconds
2016-05-17T17:08:17.669+0100: 635.328: Total time for which application threads were stopped: 0.0001927 seconds, Stopping threads took: 0.0000490 seconds
2016-05-17T17:08:18.669+0100: 636.328: Total time for which application threads were stopped: 0.0001943 seconds, Stopping threads took: 0.0000616 seconds
{Heap before GC invocations=18 (full 1):
 par new generation   total 109248K, used 89135K [0x00000000e0000000, 0x00000000e8000000, 0x00000000e8000000)
  eden space 87424K, 100% used [0x00000000e0000000, 0x00000000e5560000, 0x00000000e5560000)
  from space 21824K,   7% used [0x00000000e5560000, 0x00000000e570bfe0, 0x00000000e6ab0000)
  to   space 21824K,   0% used [0x00000000e6ab0000, 0x00000000e6ab0000, 0x00000000e8000000)
 concurrent mark-sweep generation total 393216K, used 20334K [0x00000000e8000000, 0x0000000100000000, 0x0000000100000000)
 Metaspace       used 32328K, capacity 32758K, committed 33072K, reserved 1079296K
  class space    used 3649K, capacity 3803K, committed 3888K, reserved 1048576K
2016-05-17T17:08:18.878+0100: 636.538: [GC (Allocation Failure) 2016-05-17T17:08:18.879+0100: 636.538: [ParNew
Desired survivor size 20112992 bytes, new threshold 8 (max 8)
- age   1:     362400 bytes,     362400 total
- age   2:      14936 bytes,     377336 total
- age   3:       3576 bytes,     380912 total
- age   4:       4896 bytes,     385808 total
- age   5:       3368 bytes,     389176 total
- age   6:       4328 bytes,     393504 total
- age   7:       3384 bytes,     396888 total
- age   8:       6096 bytes,     402984 total
: 89135K->756K(109248K), 0.0180814 secs] 109470K->21093K(502464K), 0.0182322 secs] [Times: user=0.00 sys=0.00, real=0.02 secs] 
Heap after GC invocations=19 (full 1):
 par new generation   total 109248K, used 756K [0x00000000e0000000, 0x00000000e8000000, 0x00000000e8000000)
  eden space 87424K,   0% used [0x00000000e0000000, 0x00000000e0000000, 0x00000000e5560000)
  from space 21824K,   3% used [0x00000000e6ab0000, 0x00000000e6b6d128, 0x00000000e8000000)
  to   space 21824K,   0% used [0x00000000e5560000, 0x00000000e5560000, 0x00000000e6ab0000)
 concurrent mark-sweep generation total 393216K, used 20337K [0x00000000e8000000, 0x0000000100000000, 0x0000000100000000)
 Metaspace       used 32328K, capacity 32758K, committed 33072K, reserved 1079296K
  class space    used 3649K, capacity 3803K, committed 3888K, reserved 1048576K
}
2016-05-17T17:08:18.897+0100: 636.556: Total time for which application threads were stopped: 0.0186610 seconds, Stopping threads took: 0.0000561 seconds
2016-05-17T17:08:19.897+0100: 637.556: Total time for which application threads were stopped: 0.0001682 seconds, Stopping threads took: 0.0000490 seconds
2016-05-17T17:08:20.897+0100: 638.556: Total time for which application threads were stopped: 0.0003901 seconds, Stopping threads took: 0.0002322 seconds
2016-05-17T17:08:21.898+0100: 639.556: Total time for which application threads were stopped: 0.0001674 seconds, Stopping threads took: 0.0000521 seconds
{Heap before GC invocations=19 (full 1):
 par new generation   total 109248K, used 88180K [0x00000000e0000000, 0x00000000e8000000, 0x00000000e8000000)
  eden space 87424K, 100% used [0x00000000e0000000, 0x00000000e5560000, 0x00000000e5560000)
  from space 21824K,   3% used [0x00000000e6ab0000, 0x00000000e6b6d128, 0x00000000e8000000)
  to   space 21824K,   0% used [0x00000000e5560000, 0x00000000e5560000, 0x00000000e6ab0000)
 concurrent mark-sweep generation total 393216K, used 20337K [0x00000000e8000000, 0x0000000100000000, 0x0000000100000000)
 Metaspace       used 32338K, capacity 32758K, committed 33072K, reserved 1079296K
  class space    used 3649K, capacity 3803K, committed 3888K, reserved 1048576K
2016-05-17T17:08:24.588+0100: 642.246: [GC (Allocation Failure) 2016-05-17T17:08:24.588+0100: 642.247: [ParNew
Desired survivor size 20112992 bytes, new threshold 8 (max 8)
- age   1:    1573288 bytes,    1573288 total
- age   2:       5488 bytes,    1578776 total
- age   3:       8368 bytes,    1587144 total
- age   4:       3576 bytes,    1590720 total
- age   5:       4896 bytes,    1595616 total
- age   6:       3368 bytes,    1598984 total
- age   7:       4328 bytes,    1603312 total
- age   8:       3384 bytes,    1606696 total
: 88180K->1683K(109248K), 0.0233065 secs] 108517K->22027K(502464K), 0.0235529 secs] [Times: user=0.00 sys=0.00, real=0.02 secs] 
Heap after GC invocations=20 (full 1):
 par new generation   total 109248K, used 1683K [0x00000000e0000000, 0x00000000e8000000, 0x00000000e8000000)
  eden space 87424K,   0% used [0x00000000e0000000, 0x00000000e0000000, 0x00000000e5560000)
  from space 21824K,   7% used [0x00000000e5560000, 0x00000000e5704e50, 0x00000000e6ab0000)
  to   space 21824K,   0% used [0x00000000e6ab0000, 0x00000000e6ab0000, 0x00000000e8000000)
 concurrent mark-sweep generation total 393216K, used 20343K [0x00000000e8000000, 0x0000000100000000, 0x0000000100000000)
 Metaspace       used 32338K, capacity 32758K, committed 33072K, reserved 1079296K
  class space    used 3649K, capacity 3803K, committed 3888K, reserved 1048576K
}
2016-05-17T17:08:24.612+0100: 642.270: Total time for which application threads were stopped: 0.0240203 seconds, Stopping threads took: 0.0000592 seconds
2016-05-17T17:08:25.612+0100: 643.270: Total time for which application threads were stopped: 0.0001808 seconds, Stopping threads took: 0.0000529 seconds
2016-05-17T17:08:27.613+0100: 645.272: Total time for which application threads were stopped: 0.0001571 seconds, Stopping threads took: 0.0000482 seconds
2016-05-17T17:08:32.624+0100: 650.283: Total time for which application threads were stopped: 0.0001682 seconds, Stopping threads took: 0.0000521 seconds
2016-05-17T17:08:33.624+0100: 651.283: Total time for which application threads were stopped: 0.0001674 seconds, Stopping threads took: 0.0000497 seconds
2016-05-17T17:08:48.659+0100: 666.318: Total time for which application threads were stopped: 0.0001714 seconds, Stopping threads took: 0.0000537 seconds
{Heap before GC invocations=20 (full 1):
 par new generation   total 109248K, used 89107K [0x00000000e0000000, 0x00000000e8000000, 0x00000000e8000000)
  eden space 87424K, 100% used [0x00000000e0000000, 0x00000000e5560000, 0x00000000e5560000)
  from space 21824K,   7% used [0x00000000e5560000, 0x00000000e5704e50, 0x00000000e6ab0000)
  to   space 21824K,   0% used [0x00000000e6ab0000, 0x00000000e6ab0000, 0x00000000e8000000)
 concurrent mark-sweep generation total 393216K, used 20343K [0x00000000e8000000, 0x0000000100000000, 0x0000000100000000)
 Metaspace       used 32345K, capacity 32758K, committed 33072K, reserved 1079296K
  class space    used 3649K, capacity 3803K, committed 3888K, reserved 1048576K
2016-05-17T17:08:50.565+0100: 668.224: [GC (Allocation Failure) 2016-05-17T17:08:50.565+0100: 668.224: [ParNew
Desired survivor size 20112992 bytes, new threshold 8 (max 8)
- age   1:    1359952 bytes,    1359952 total
- age   2:       9272 bytes,    1369224 total
- age   3:       3208 bytes,    1372432 total
- age   4:       8248 bytes,    1380680 total
- age   5:       2136 bytes,    1382816 total
- age   6:       4760 bytes,    1387576 total
- age   7:       3368 bytes,    1390944 total
- age   8:       4328 bytes,    1395272 total
: 89107K->1527K(109248K), 0.0230309 secs] 109451K->21874K(502464K), 0.0232015 secs] [Times: user=0.03 sys=0.00, real=0.02 secs] 
Heap after GC invocations=21 (full 1):
 par new generation   total 109248K, used 1527K [0x00000000e0000000, 0x00000000e8000000, 0x00000000e8000000)
  eden space 87424K,   0% used [0x00000000e0000000, 0x00000000e0000000, 0x00000000e5560000)
  from space 21824K,   6% used [0x00000000e6ab0000, 0x00000000e6c2dcd0, 0x00000000e8000000)
  to   space 21824K,   0% used [0x00000000e5560000, 0x00000000e5560000, 0x00000000e6ab0000)
 concurrent mark-sweep generation total 393216K, used 20346K [0x00000000e8000000, 0x0000000100000000, 0x0000000100000000)
 Metaspace       used 32345K, capacity 32758K, committed 33072K, reserved 1079296K
  class space    used 3649K, capacity 3803K, committed 3888K, reserved 1048576K
}
2016-05-17T17:08:50.589+0100: 668.247: Total time for which application threads were stopped: 0.0236784 seconds, Stopping threads took: 0.0000648 seconds
2016-05-17T17:08:53.589+0100: 671.248: Total time for which application threads were stopped: 0.0001761 seconds, Stopping threads took: 0.0000474 seconds
2016-05-17T17:08:54.589+0100: 672.248: Total time for which application threads were stopped: 0.0001753 seconds, Stopping threads took: 0.0000545 seconds
2016-05-17T17:09:05.591+0100: 683.250: Total time for which application threads were stopped: 0.0001706 seconds, Stopping threads took: 0.0000545 seconds
2016-05-17T17:09:08.593+0100: 686.255: Total time for which application threads were stopped: 0.0002337 seconds, Stopping threads took: 0.0000655 seconds
{Heap before GC invocations=21 (full 1):
 par new generation   total 109248K, used 88951K [0x00000000e0000000, 0x00000000e8000000, 0x00000000e8000000)
  eden space 87424K, 100% used [0x00000000e0000000, 0x00000000e5560000, 0x00000000e5560000)
  from space 21824K,   6% used [0x00000000e6ab0000, 0x00000000e6c2dcd0, 0x00000000e8000000)
  to   space 21824K,   0% used [0x00000000e5560000, 0x00000000e5560000, 0x00000000e6ab0000)
 concurrent mark-sweep generation total 393216K, used 20346K [0x00000000e8000000, 0x0000000100000000, 0x0000000100000000)
 Metaspace       used 32345K, capacity 32758K, committed 33072K, reserved 1079296K
  class space    used 3649K, capacity 3803K, committed 3888K, reserved 1048576K
2016-05-17T17:09:08.604+0100: 686.266: [GC (Allocation Failure) 2016-05-17T17:09:08.604+0100: 686.266: [ParNew
Desired survivor size 20112992 bytes, new threshold 8 (max 8)
- age   1:    1411536 bytes,    1411536 total
- age   2:      12016 bytes,    1423552 total
- age   3:       8800 bytes,    1432352 total
- age   4:       3208 bytes,    1435560 total
- age   5:       8096 bytes,    1443656 total
- age   6:       2136 bytes,    1445792 total
- age   7:       4760 bytes,    1450552 total
- age   8:       3368 bytes,    1453920 total
: 88951K->1959K(109248K), 0.0280610 secs] 109298K->22310K(502464K), 0.0282363 secs] [Times: user=0.03 sys=0.00, real=0.03 secs] 
Heap after GC invocations=22 (full 1):
 par new generation   total 109248K, used 1959K [0x00000000e0000000, 0x00000000e8000000, 0x00000000e8000000)
  eden space 87424K,   0% used [0x00000000e0000000, 0x00000000e0000000, 0x00000000e5560000)
  from space 21824K,   8% used [0x00000000e5560000, 0x00000000e5749d80, 0x00000000e6ab0000)
  to   space 21824K,   0% used [0x00000000e6ab0000, 0x00000000e6ab0000, 0x00000000e8000000)
 concurrent mark-sweep generation total 393216K, used 20350K [0x00000000e8000000, 0x0000000100000000, 0x0000000100000000)
 Metaspace       used 32345K, capacity 32758K, committed 33072K, reserved 1079296K
  class space    used 3649K, capacity 3803K, committed 3888K, reserved 1048576K
}
2016-05-17T17:09:08.632+0100: 686.294: Total time for which application threads were stopped: 0.0287021 seconds, Stopping threads took: 0.0000553 seconds
2016-05-17T17:09:17.665+0100: 695.326: Total time for which application threads were stopped: 0.0001871 seconds, Stopping threads took: 0.0000608 seconds
2016-05-17T17:09:18.665+0100: 696.326: Total time for which application threads were stopped: 0.0001658 seconds, Stopping threads took: 0.0000513 seconds
{Heap before GC invocations=22 (full 1):
 par new generation   total 109248K, used 89383K [0x00000000e0000000, 0x00000000e8000000, 0x00000000e8000000)
  eden space 87424K, 100% used [0x00000000e0000000, 0x00000000e5560000, 0x00000000e5560000)
  from space 21824K,   8% used [0x00000000e5560000, 0x00000000e5749d80, 0x00000000e6ab0000)
  to   space 21824K,   0% used [0x00000000e6ab0000, 0x00000000e6ab0000, 0x00000000e8000000)
 concurrent mark-sweep generation total 393216K, used 20350K [0x00000000e8000000, 0x0000000100000000, 0x0000000100000000)
 Metaspace       used 32349K, capacity 32758K, committed 33072K, reserved 1079296K
  class space    used 3649K, capacity 3803K, committed 3888K, reserved 1048576K
2016-05-17T17:09:21.729+0100: 699.391: [GC (Allocation Failure) 2016-05-17T17:09:21.729+0100: 699.391: [ParNew
Desired survivor size 20112992 bytes, new threshold 8 (max 8)
- age   1:     872832 bytes,     872832 total
- age   2:      11520 bytes,     884352 total
- age   3:       3224 bytes,     887576 total
- age   4:       8800 bytes,     896376 total
- age   5:       3208 bytes,     899584 total
- age   6:       8096 bytes,     907680 total
- age   7:       2136 bytes,     909816 total
- age   8:       4760 bytes,     914576 total
: 89383K->1274K(109248K), 0.0120508 secs] 109734K->21628K(502464K), 0.0122277 secs] [Times: user=0.00 sys=0.03, real=0.01 secs] 
Heap after GC invocations=23 (full 1):
 par new generation   total 109248K, used 1274K [0x00000000e0000000, 0x00000000e8000000, 0x00000000e8000000)
  eden space 87424K,   0% used [0x00000000e0000000, 0x00000000e0000000, 0x00000000e5560000)
  from space 21824K,   5% used [0x00000000e6ab0000, 0x00000000e6beeaa0, 0x00000000e8000000)
  to   space 21824K,   0% used [0x00000000e5560000, 0x00000000e5560000, 0x00000000e6ab0000)
 concurrent mark-sweep generation total 393216K, used 20354K [0x00000000e8000000, 0x0000000100000000, 0x0000000100000000)
 Metaspace       used 32349K, capacity 32758K, committed 33072K, reserved 1079296K
  class space    used 3649K, capacity 3803K, committed 3888K, reserved 1048576K
}
2016-05-17T17:09:21.742+0100: 699.403: Total time for which application threads were stopped: 0.0126841 seconds, Stopping threads took: 0.0000553 seconds
2016-05-17T17:09:23.742+0100: 701.404: Total time for which application threads were stopped: 0.0002085 seconds, Stopping threads took: 0.0000529 seconds
2016-05-17T17:09:24.742+0100: 702.404: Total time for which application threads were stopped: 0.0001729 seconds, Stopping threads took: 0.0000482 seconds
{Heap before GC invocations=23 (full 1):
 par new generation   total 109248K, used 88698K [0x00000000e0000000, 0x00000000e8000000, 0x00000000e8000000)
  eden space 87424K, 100% used [0x00000000e0000000, 0x00000000e5560000, 0x00000000e5560000)
  from space 21824K,   5% used [0x00000000e6ab0000, 0x00000000e6beeaa0, 0x00000000e8000000)
  to   space 21824K,   0% used [0x00000000e5560000, 0x00000000e5560000, 0x00000000e6ab0000)
 concurrent mark-sweep generation total 393216K, used 20354K [0x00000000e8000000, 0x0000000100000000, 0x0000000100000000)
 Metaspace       used 32349K, capacity 32758K, committed 33072K, reserved 1079296K
  class space    used 3649K, capacity 3803K, committed 3888K, reserved 1048576K
2016-05-17T17:09:31.880+0100: 709.541: [GC (Allocation Failure) 2016-05-17T17:09:31.880+0100: 709.541: [ParNew
Desired survivor size 20112992 bytes, new threshold 8 (max 8)
- age   1:    1426008 bytes,    1426008 total
- age   2:       4224 bytes,    1430232 total
- age   3:       3544 bytes,    1433776 total
- age   4:       3224 bytes,    1437000 total
- age   5:       8800 bytes,    1445800 total
- age   6:       3208 bytes,    1449008 total
- age   7:       8096 bytes,    1457104 total
- age   8:       2136 bytes,    1459240 total
: 88698K->1628K(109248K), 0.0171014 secs] 109052K->21987K(502464K), 0.0172720 secs] [Times: user=0.05 sys=0.00, real=0.02 secs] 
Heap after GC invocations=24 (full 1):
 par new generation   total 109248K, used 1628K [0x00000000e0000000, 0x00000000e8000000, 0x00000000e8000000)
  eden space 87424K,   0% used [0x00000000e0000000, 0x00000000e0000000, 0x00000000e5560000)
  from space 21824K,   7% used [0x00000000e5560000, 0x00000000e56f7340, 0x00000000e6ab0000)
  to   space 21824K,   0% used [0x00000000e6ab0000, 0x00000000e6ab0000, 0x00000000e8000000)
 concurrent mark-sweep generation total 393216K, used 20358K [0x00000000e8000000, 0x0000000100000000, 0x0000000100000000)
 Metaspace       used 32349K, capacity 32758K, committed 33072K, reserved 1079296K
  class space    used 3649K, capacity 3803K, committed 3888K, reserved 1048576K
}
2016-05-17T17:09:31.897+0100: 709.559: Total time for which application threads were stopped: 0.0177766 seconds, Stopping threads took: 0.0000537 seconds
2016-05-17T17:09:33.897+0100: 711.558: Total time for which application threads were stopped: 0.0001777 seconds, Stopping threads took: 0.0000592 seconds
2016-05-17T17:09:41.912+0100: 719.574: Total time for which application threads were stopped: 0.0001635 seconds, Stopping threads took: 0.0000490 seconds
2016-05-17T17:09:45.912+0100: 723.574: Total time for which application threads were stopped: 0.0001714 seconds, Stopping threads took: 0.0000513 seconds
2016-05-17T17:09:47.912+0100: 725.574: Total time for which application threads were stopped: 0.0001729 seconds, Stopping threads took: 0.0000545 seconds
{Heap before GC invocations=24 (full 1):
 par new generation   total 109248K, used 89052K [0x00000000e0000000, 0x00000000e8000000, 0x00000000e8000000)
  eden space 87424K, 100% used [0x00000000e0000000, 0x00000000e5560000, 0x00000000e5560000)
  from space 21824K,   7% used [0x00000000e5560000, 0x00000000e56f7340, 0x00000000e6ab0000)
  to   space 21824K,   0% used [0x00000000e6ab0000, 0x00000000e6ab0000, 0x00000000e8000000)
 concurrent mark-sweep generation total 393216K, used 20358K [0x00000000e8000000, 0x0000000100000000, 0x0000000100000000)
 Metaspace       used 32420K, capacity 32886K, committed 33072K, reserved 1079296K
  class space    used 3649K, capacity 3803K, committed 3888K, reserved 1048576K
2016-05-17T17:09:52.887+0100: 730.549: [GC (Allocation Failure) 2016-05-17T17:09:52.887+0100: 730.549: [ParNew
Desired survivor size 20112992 bytes, new threshold 8 (max 8)
- age   1:    1100088 bytes,    1100088 total
- age   2:       9504 bytes,    1109592 total
- age   3:       1552 bytes,    1111144 total
- age   4:       3304 bytes,    1114448 total
- age   5:       3192 bytes,    1117640 total
- age   6:       8800 bytes,    1126440 total
- age   7:       3208 bytes,    1129648 total
- age   8:       8064 bytes,    1137712 total
: 89052K->1655K(109248K), 0.0233223 secs] 109411K->22016K(502464K), 0.0234905 secs] [Times: user=0.03 sys=0.00, real=0.02 secs] 
Heap after GC invocations=25 (full 1):
 par new generation   total 109248K, used 1655K [0x00000000e0000000, 0x00000000e8000000, 0x00000000e8000000)
  eden space 87424K,   0% used [0x00000000e0000000, 0x00000000e0000000, 0x00000000e5560000)
  from space 21824K,   7% used [0x00000000e6ab0000, 0x00000000e6c4dd20, 0x00000000e8000000)
  to   space 21824K,   0% used [0x00000000e5560000, 0x00000000e5560000, 0x00000000e6ab0000)
 concurrent mark-sweep generation total 393216K, used 20361K [0x00000000e8000000, 0x0000000100000000, 0x0000000100000000)
 Metaspace       used 32420K, capacity 32886K, committed 33072K, reserved 1079296K
  class space    used 3649K, capacity 3803K, committed 3888K, reserved 1048576K
}
2016-05-17T17:09:52.911+0100: 730.572: Total time for which application threads were stopped: 0.0241743 seconds, Stopping threads took: 0.0002551 seconds
2016-05-17T17:09:53.911+0100: 731.572: Total time for which application threads were stopped: 0.0001943 seconds, Stopping threads took: 0.0000513 seconds
2016-05-17T17:09:54.911+0100: 732.572: Total time for which application threads were stopped: 0.0002432 seconds, Stopping threads took: 0.0001113 seconds
2016-05-17T17:09:55.911+0100: 733.573: Total time for which application threads were stopped: 0.0001548 seconds, Stopping threads took: 0.0000482 seconds
{Heap before GC invocations=25 (full 1):
 par new generation   total 109248K, used 89079K [0x00000000e0000000, 0x00000000e8000000, 0x00000000e8000000)
  eden space 87424K, 100% used [0x00000000e0000000, 0x00000000e5560000, 0x00000000e5560000)
  from space 21824K,   7% used [0x00000000e6ab0000, 0x00000000e6c4dd20, 0x00000000e8000000)
  to   space 21824K,   0% used [0x00000000e5560000, 0x00000000e5560000, 0x00000000e6ab0000)
 concurrent mark-sweep generation total 393216K, used 20361K [0x00000000e8000000, 0x0000000100000000, 0x0000000100000000)
 Metaspace       used 32466K, capacity 32886K, committed 33072K, reserved 1079296K
  class space    used 3649K, capacity 3803K, committed 3888K, reserved 1048576K
2016-05-17T17:09:58.558+0100: 736.220: [GC (Allocation Failure) 2016-05-17T17:09:58.558+0100: 736.220: [ParNew
Desired survivor size 20112992 bytes, new threshold 8 (max 8)
- age   1:     768408 bytes,     768408 total
- age   2:      16776 bytes,     785184 total
- age   3:       1528 bytes,     786712 total
- age   4:       1552 bytes,     788264 total
- age   5:       3304 bytes,     791568 total
- age   6:       3192 bytes,     794760 total
- age   7:       8800 bytes,     803560 total
- age   8:       3208 bytes,     806768 total
: 89079K->1084K(109248K), 0.0721691 secs] 109440K->21453K(502464K), 0.0723334 secs] [Times: user=0.03 sys=0.02, real=0.07 secs] 
Heap after GC invocations=26 (full 1):
 par new generation   total 109248K, used 1084K [0x00000000e0000000, 0x00000000e8000000, 0x00000000e8000000)
  eden space 87424K,   0% used [0x00000000e0000000, 0x00000000e0000000, 0x00000000e5560000)
  from space 21824K,   4% used [0x00000000e5560000, 0x00000000e566f1d0, 0x00000000e6ab0000)
  to   space 21824K,   0% used [0x00000000e6ab0000, 0x00000000e6ab0000, 0x00000000e8000000)
 concurrent mark-sweep generation total 393216K, used 20368K [0x00000000e8000000, 0x0000000100000000, 0x0000000100000000)
 Metaspace       used 32466K, capacity 32886K, committed 33072K, reserved 1079296K
  class space    used 3649K, capacity 3803K, committed 3888K, reserved 1048576K
}
2016-05-17T17:09:58.630+0100: 736.292: Total time for which application threads were stopped: 0.0728017 seconds, Stopping threads took: 0.0000497 seconds
2016-05-17T17:09:59.632+0100: 737.294: Total time for which application threads were stopped: 0.0010787 seconds, Stopping threads took: 0.0009539 seconds
2016-05-17T17:10:00.632+0100: 738.294: Total time for which application threads were stopped: 0.0001879 seconds, Stopping threads took: 0.0000497 seconds
2016-05-17T17:10:09.633+0100: 747.299: Total time for which application threads were stopped: 0.0001737 seconds, Stopping threads took: 0.0000608 seconds
{Heap before GC invocations=26 (full 1):
 par new generation   total 109248K, used 88508K [0x00000000e0000000, 0x00000000e8000000, 0x00000000e8000000)
  eden space 87424K, 100% used [0x00000000e0000000, 0x00000000e5560000, 0x00000000e5560000)
  from space 21824K,   4% used [0x00000000e5560000, 0x00000000e566f1d0, 0x00000000e6ab0000)
  to   space 21824K,   0% used [0x00000000e6ab0000, 0x00000000e6ab0000, 0x00000000e8000000)
 concurrent mark-sweep generation total 393216K, used 20368K [0x00000000e8000000, 0x0000000100000000, 0x0000000100000000)
 Metaspace       used 32469K, capacity 32886K, committed 33072K, reserved 1079296K
  class space    used 3649K, capacity 3803K, committed 3888K, reserved 1048576K
2016-05-17T17:10:09.717+0100: 747.383: [GC (Allocation Failure) 2016-05-17T17:10:09.717+0100: 747.383: [ParNew
Desired survivor size 20112992 bytes, new threshold 8 (max 8)
- age   1:     833800 bytes,     833800 total
- age   2:      10424 bytes,     844224 total
- age   3:       5632 bytes,     849856 total
- age   4:       1528 bytes,     851384 total
- age   5:       1552 bytes,     852936 total
- age   6:       3272 bytes,     856208 total
- age   7:       3192 bytes,     859400 total
- age   8:       8800 bytes,     868200 total
: 88508K->1025K(109248K), 0.0171196 secs] 108877K->21397K(502464K), 0.0172751 secs] [Times: user=0.01 sys=0.00, real=0.02 secs] 
Heap after GC invocations=27 (full 1):
 par new generation   total 109248K, used 1025K [0x00000000e0000000, 0x00000000e8000000, 0x00000000e8000000)
  eden space 87424K,   0% used [0x00000000e0000000, 0x00000000e0000000, 0x00000000e5560000)
  from space 21824K,   4% used [0x00000000e6ab0000, 0x00000000e6bb0750, 0x00000000e8000000)
  to   space 21824K,   0% used [0x00000000e5560000, 0x00000000e5560000, 0x00000000e6ab0000)
 concurrent mark-sweep generation total 393216K, used 20372K [0x00000000e8000000, 0x0000000100000000, 0x0000000100000000)
 Metaspace       used 32469K, capacity 32886K, committed 33072K, reserved 1079296K
  class space    used 3649K, capacity 3803K, committed 3888K, reserved 1048576K
}
2016-05-17T17:10:09.734+0100: 747.400: Total time for which application threads were stopped: 0.0177434 seconds, Stopping threads took: 0.0000537 seconds
2016-05-17T17:10:18.735+0100: 756.402: Total time for which application threads were stopped: 0.0001998 seconds, Stopping threads took: 0.0000505 seconds
{Heap before GC invocations=27 (full 1):
 par new generation   total 109248K, used 88449K [0x00000000e0000000, 0x00000000e8000000, 0x00000000e8000000)
  eden space 87424K, 100% used [0x00000000e0000000, 0x00000000e5560000, 0x00000000e5560000)
  from space 21824K,   4% used [0x00000000e6ab0000, 0x00000000e6bb0750, 0x00000000e8000000)
  to   space 21824K,   0% used [0x00000000e5560000, 0x00000000e5560000, 0x00000000e6ab0000)
 concurrent mark-sweep generation total 393216K, used 20372K [0x00000000e8000000, 0x0000000100000000, 0x0000000100000000)
 Metaspace       used 32470K, capacity 32886K, committed 33072K, reserved 1079296K
  class space    used 3649K, capacity 3803K, committed 3888K, reserved 1048576K
2016-05-17T17:10:20.543+0100: 758.210: [GC (Allocation Failure) 2016-05-17T17:10:20.543+0100: 758.210: [ParNew
Desired survivor size 20112992 bytes, new threshold 8 (max 8)
- age   1:    1194848 bytes,    1194848 total
- age   2:      10512 bytes,    1205360 total
- age   3:       6792 bytes,    1212152 total
- age   4:       5632 bytes,    1217784 total
- age   5:       1528 bytes,    1219312 total
- age   6:       1552 bytes,    1220864 total
- age   7:       3272 bytes,    1224136 total
- age   8:       3192 bytes,    1227328 total
: 88449K->1647K(109248K), 0.0137557 secs] 108821K->22027K(502464K), 0.0139033 secs] [Times: user=0.03 sys=0.00, real=0.01 secs] 
Heap after GC invocations=28 (full 1):
 par new generation   total 109248K, used 1647K [0x00000000e0000000, 0x00000000e8000000, 0x00000000e8000000)
  eden space 87424K,   0% used [0x00000000e0000000, 0x00000000e0000000, 0x00000000e5560000)
  from space 21824K,   7% used [0x00000000e5560000, 0x00000000e56fbcf8, 0x00000000e6ab0000)
  to   space 21824K,   0% used [0x00000000e6ab0000, 0x00000000e6ab0000, 0x00000000e8000000)
 concurrent mark-sweep generation total 393216K, used 20380K [0x00000000e8000000, 0x0000000100000000, 0x0000000100000000)
 Metaspace       used 32470K, capacity 32886K, committed 33072K, reserved 1079296K
  class space    used 3649K, capacity 3803K, committed 3888K, reserved 1048576K
}
2016-05-17T17:10:20.557+0100: 758.224: Total time for which application threads were stopped: 0.0148130 seconds, Stopping threads took: 0.0005022 seconds
{Heap before GC invocations=28 (full 1):
 par new generation   total 109248K, used 89071K [0x00000000e0000000, 0x00000000e8000000, 0x00000000e8000000)
  eden space 87424K, 100% used [0x00000000e0000000, 0x00000000e5560000, 0x00000000e5560000)
  from space 21824K,   7% used [0x00000000e5560000, 0x00000000e56fbcf8, 0x00000000e6ab0000)
  to   space 21824K,   0% used [0x00000000e6ab0000, 0x00000000e6ab0000, 0x00000000e8000000)
 concurrent mark-sweep generation total 393216K, used 20380K [0x00000000e8000000, 0x0000000100000000, 0x0000000100000000)
 Metaspace       used 32473K, capacity 32886K, committed 33072K, reserved 1079296K
  class space    used 3649K, capacity 3803K, committed 3888K, reserved 1048576K
2016-05-17T17:10:32.040+0100: 769.706: [GC (Allocation Failure) 2016-05-17T17:10:32.040+0100: 769.706: [ParNew
Desired survivor size 20112992 bytes, new threshold 8 (max 8)
- age   1:     844568 bytes,     844568 total
- age   2:       9112 bytes,     853680 total
- age   3:       2544 bytes,     856224 total
- age   4:       5384 bytes,     861608 total
- age   5:       5512 bytes,     867120 total
- age   6:       1528 bytes,     868648 total
- age   7:       1552 bytes,     870200 total
- age   8:       3240 bytes,     873440 total
: 89071K->1073K(109248K), 0.0129716 secs] 109451K->21457K(502464K), 0.0131263 secs] [Times: user=0.02 sys=0.00, real=0.01 secs] 
Heap after GC invocations=29 (full 1):
 par new generation   total 109248K, used 1073K [0x00000000e0000000, 0x00000000e8000000, 0x00000000e8000000)
  eden space 87424K,   0% used [0x00000000e0000000, 0x00000000e0000000, 0x00000000e5560000)
  from space 21824K,   4% used [0x00000000e6ab0000, 0x00000000e6bbc760, 0x00000000e8000000)
  to   space 21824K,   0% used [0x00000000e5560000, 0x00000000e5560000, 0x00000000e6ab0000)
 concurrent mark-sweep generation total 393216K, used 20383K [0x00000000e8000000, 0x0000000100000000, 0x0000000100000000)
 Metaspace       used 32473K, capacity 32886K, committed 33072K, reserved 1079296K
  class space    used 3649K, capacity 3803K, committed 3888K, reserved 1048576K
}
2016-05-17T17:10:32.053+0100: 769.720: Total time for which application threads were stopped: 0.0135938 seconds, Stopping threads took: 0.0000648 seconds
2016-05-17T17:10:40.783+0100: 778.450: Total time for which application threads were stopped: 0.0001887 seconds, Stopping threads took: 0.0000584 seconds
2016-05-17T17:10:41.784+0100: 779.450: Total time for which application threads were stopped: 0.0001579 seconds, Stopping threads took: 0.0000497 seconds
2016-05-17T17:12:26.699+0100: 884.378: Total time for which application threads were stopped: 0.0002140 seconds, Stopping threads took: 0.0000529 seconds
2016-05-17T17:12:26.699+0100: 884.378: Total time for which application threads were stopped: 0.0000829 seconds, Stopping threads took: 0.0000197 seconds
2016-05-17T17:12:26.699+0100: 884.378: Total time for which application threads were stopped: 0.0000766 seconds, Stopping threads took: 0.0000190 seconds
2016-05-17T17:12:26.700+0100: 884.379: Total time for which application threads were stopped: 0.0001319 seconds, Stopping threads took: 0.0000395 seconds
2016-05-17T17:12:26.701+0100: 884.380: Total time for which application threads were stopped: 0.0001263 seconds, Stopping threads took: 0.0000324 seconds
2016-05-17T17:12:26.703+0100: 884.383: Total time for which application threads were stopped: 0.0001579 seconds, Stopping threads took: 0.0000379 seconds
2016-05-17T17:12:26.704+0100: 884.383: Total time for which application threads were stopped: 0.0001090 seconds, Stopping threads took: 0.0000276 seconds
2016-05-17T17:12:26.733+0100: 884.413: Total time for which application threads were stopped: 0.0001769 seconds, Stopping threads took: 0.0000545 seconds
2016-05-17T17:12:26.734+0100: 884.414: Total time for which application threads were stopped: 0.0001611 seconds, Stopping threads took: 0.0000403 seconds
2016-05-17T17:12:26.735+0100: 884.414: Total time for which application threads were stopped: 0.0001011 seconds, Stopping threads took: 0.0000316 seconds
2016-05-17T17:12:26.737+0100: 884.416: Total time for which application threads were stopped: 0.0001524 seconds, Stopping threads took: 0.0000442 seconds
2016-05-17T17:12:26.737+0100: 884.417: Total time for which application threads were stopped: 0.0000955 seconds, Stopping threads took: 0.0000253 seconds
2016-05-17T17:12:26.738+0100: 884.417: Total time for which application threads were stopped: 0.0000995 seconds, Stopping threads took: 0.0000284 seconds
2016-05-17T17:12:26.738+0100: 884.417: Total time for which application threads were stopped: 0.0000884 seconds, Stopping threads took: 0.0000253 seconds
2016-05-17T17:12:27.738+0100: 885.417: Total time for which application threads were stopped: 0.0001785 seconds, Stopping threads took: 0.0000490 seconds
2016-05-17T17:12:28.738+0100: 886.417: Total time for which application threads were stopped: 0.0001721 seconds, Stopping threads took: 0.0000474 seconds
2016-05-17T17:13:11.397+0100: 929.079: Total time for which application threads were stopped: 0.0001879 seconds, Stopping threads took: 0.0000474 seconds
2016-05-17T17:13:11.397+0100: 929.079: Total time for which application threads were stopped: 0.0000948 seconds, Stopping threads took: 0.0000253 seconds
2016-05-17T17:13:11.402+0100: 929.084: Total time for which application threads were stopped: 0.0001429 seconds, Stopping threads took: 0.0000442 seconds
2016-05-17T17:13:11.429+0100: 929.111: Total time for which application threads were stopped: 0.0003846 seconds, Stopping threads took: 0.0000537 seconds
2016-05-17T17:13:11.429+0100: 929.111: Total time for which application threads were stopped: 0.0000861 seconds, Stopping threads took: 0.0000276 seconds
2016-05-17T17:13:11.502+0100: 929.184: Total time for which application threads were stopped: 0.0002274 seconds, Stopping threads took: 0.0000569 seconds
2016-05-17T17:13:11.551+0100: 929.233: Total time for which application threads were stopped: 0.0002795 seconds, Stopping threads took: 0.0000584 seconds
2016-05-17T17:13:11.551+0100: 929.233: Total time for which application threads were stopped: 0.0000845 seconds, Stopping threads took: 0.0000261 seconds
2016-05-17T17:13:11.573+0100: 929.255: Total time for which application threads were stopped: 0.0001824 seconds, Stopping threads took: 0.0000584 seconds
2016-05-17T17:13:11.588+0100: 929.270: Total time for which application threads were stopped: 0.0023247 seconds, Stopping threads took: 0.0019725 seconds
2016-05-17T17:13:11.589+0100: 929.271: Total time for which application threads were stopped: 0.0001287 seconds, Stopping threads took: 0.0000308 seconds
2016-05-17T17:13:11.600+0100: 929.282: Total time for which application threads were stopped: 0.0001793 seconds, Stopping threads took: 0.0000505 seconds
2016-05-17T17:13:11.605+0100: 929.287: Total time for which application threads were stopped: 0.0001532 seconds, Stopping threads took: 0.0000426 seconds
2016-05-17T17:13:11.687+0100: 929.369: Total time for which application threads were stopped: 0.0001737 seconds, Stopping threads took: 0.0000490 seconds
2016-05-17T17:13:11.827+0100: 929.509: Total time for which application threads were stopped: 0.0001753 seconds, Stopping threads took: 0.0000490 seconds
2016-05-17T17:13:11.828+0100: 929.510: Total time for which application threads were stopped: 0.0000877 seconds, Stopping threads took: 0.0000284 seconds
2016-05-17T17:13:11.829+0100: 929.511: Total time for which application threads were stopped: 0.0001279 seconds, Stopping threads took: 0.0000395 seconds
2016-05-17T17:13:11.831+0100: 929.513: Total time for which application threads were stopped: 0.0001256 seconds, Stopping threads took: 0.0000403 seconds
2016-05-17T17:13:11.871+0100: 929.553: Total time for which application threads were stopped: 0.0001627 seconds, Stopping threads took: 0.0000490 seconds
2016-05-17T17:13:11.990+0100: 929.672: Total time for which application threads were stopped: 0.0001990 seconds, Stopping threads took: 0.0000490 seconds
2016-05-17T17:13:12.027+0100: 929.709: Total time for which application threads were stopped: 0.0009602 seconds, Stopping threads took: 0.0000553 seconds
2016-05-17T17:13:13.027+0100: 930.709: Total time for which application threads were stopped: 0.0001635 seconds, Stopping threads took: 0.0000513 seconds
2016-05-17T17:13:26.920+0100: 944.601: Total time for which application threads were stopped: 0.0002187 seconds, Stopping threads took: 0.0000900 seconds
2016-05-17T17:13:26.976+0100: 944.657: Total time for which application threads were stopped: 0.0002037 seconds, Stopping threads took: 0.0000474 seconds
2016-05-17T17:13:26.976+0100: 944.657: Total time for which application threads were stopped: 0.0000932 seconds, Stopping threads took: 0.0000284 seconds
2016-05-17T17:13:26.976+0100: 944.658: Total time for which application threads were stopped: 0.0000900 seconds, Stopping threads took: 0.0000261 seconds
2016-05-17T17:13:26.994+0100: 944.675: Total time for which application threads were stopped: 0.0009152 seconds, Stopping threads took: 0.0000505 seconds
2016-05-17T17:13:27.039+0100: 944.721: Total time for which application threads were stopped: 0.0009223 seconds, Stopping threads took: 0.0000616 seconds
2016-05-17T17:13:28.039+0100: 945.720: Total time for which application threads were stopped: 0.0001840 seconds, Stopping threads took: 0.0000474 seconds
2016-05-17T17:13:32.144+0100: 949.826: Total time for which application threads were stopped: 0.0002266 seconds, Stopping threads took: 0.0000521 seconds
2016-05-17T17:13:32.145+0100: 949.827: Total time for which application threads were stopped: 0.0001279 seconds, Stopping threads took: 0.0000363 seconds
2016-05-17T17:13:32.147+0100: 949.829: Total time for which application threads were stopped: 0.0001950 seconds, Stopping threads took: 0.0000734 seconds
2016-05-17T17:13:32.147+0100: 949.829: Total time for which application threads were stopped: 0.0001011 seconds, Stopping threads took: 0.0000316 seconds
2016-05-17T17:13:32.147+0100: 949.829: Total time for which application threads were stopped: 0.0001113 seconds, Stopping threads took: 0.0000324 seconds
2016-05-17T17:13:32.147+0100: 949.830: Total time for which application threads were stopped: 0.0000963 seconds, Stopping threads took: 0.0000284 seconds
2016-05-17T17:13:33.148+0100: 950.830: Total time for which application threads were stopped: 0.0001832 seconds, Stopping threads took: 0.0000497 seconds
2016-05-17T17:13:55.150+0100: 972.831: Total time for which application threads were stopped: 0.0001627 seconds, Stopping threads took: 0.0000474 seconds
2016-05-17T17:14:16.435+0100: 994.119: Total time for which application threads were stopped: 0.0001690 seconds, Stopping threads took: 0.0000450 seconds
2016-05-17T17:14:16.436+0100: 994.119: Total time for which application threads were stopped: 0.0000861 seconds, Stopping threads took: 0.0000213 seconds
2016-05-17T17:14:16.436+0100: 994.119: Total time for which application threads were stopped: 0.0000813 seconds, Stopping threads took: 0.0000197 seconds
2016-05-17T17:14:16.437+0100: 994.120: Total time for which application threads were stopped: 0.0001382 seconds, Stopping threads took: 0.0000300 seconds
2016-05-17T17:14:16.463+0100: 994.146: Total time for which application threads were stopped: 0.0002100 seconds, Stopping threads took: 0.0000592 seconds
2016-05-17T17:14:16.514+0100: 994.198: Total time for which application threads were stopped: 0.0002124 seconds, Stopping threads took: 0.0000537 seconds
2016-05-17T17:14:16.515+0100: 994.198: Total time for which application threads were stopped: 0.0000924 seconds, Stopping threads took: 0.0000268 seconds
2016-05-17T17:14:16.515+0100: 994.199: Total time for which application threads were stopped: 0.0001358 seconds, Stopping threads took: 0.0000316 seconds
2016-05-17T17:14:16.518+0100: 994.202: Total time for which application threads were stopped: 0.0001611 seconds, Stopping threads took: 0.0000450 seconds
2016-05-17T17:14:17.518+0100: 995.201: Total time for which application threads were stopped: 0.0001974 seconds, Stopping threads took: 0.0000521 seconds
2016-05-17T17:14:18.530+0100: 996.214: Total time for which application threads were stopped: 0.0124180 seconds, Stopping threads took: 0.0122293 seconds
2016-05-17T17:14:19.530+0100: 997.213: Total time for which application threads were stopped: 0.0002243 seconds, Stopping threads took: 0.0000466 seconds
2016-05-17T17:14:20.530+0100: 998.213: Total time for which application threads were stopped: 0.0001856 seconds, Stopping threads took: 0.0000450 seconds
2016-05-17T17:14:44.631+0100: 1022.316: Total time for which application threads were stopped: 0.0001785 seconds, Stopping threads took: 0.0000442 seconds
2016-05-17T17:14:44.632+0100: 1022.316: Total time for which application threads were stopped: 0.0000995 seconds, Stopping threads took: 0.0000237 seconds
2016-05-17T17:14:44.881+0100: 1022.565: Total time for which application threads were stopped: 0.0002069 seconds, Stopping threads took: 0.0000490 seconds
2016-05-17T17:14:44.881+0100: 1022.565: Total time for which application threads were stopped: 0.0001192 seconds, Stopping threads took: 0.0000521 seconds
2016-05-17T17:14:44.881+0100: 1022.566: Total time for which application threads were stopped: 0.0000963 seconds, Stopping threads took: 0.0000276 seconds
2016-05-17T17:14:44.883+0100: 1022.567: Total time for which application threads were stopped: 0.0001287 seconds, Stopping threads took: 0.0000324 seconds
2016-05-17T17:14:44.897+0100: 1022.582: Total time for which application threads were stopped: 0.0002551 seconds, Stopping threads took: 0.0000513 seconds
2016-05-17T17:14:44.900+0100: 1022.584: Total time for which application threads were stopped: 0.0001382 seconds, Stopping threads took: 0.0000387 seconds
2016-05-17T17:14:45.011+0100: 1022.695: Total time for which application threads were stopped: 0.0002479 seconds, Stopping threads took: 0.0000513 seconds
2016-05-17T17:14:45.012+0100: 1022.696: Total time for which application threads were stopped: 0.0001161 seconds, Stopping threads took: 0.0000332 seconds
2016-05-17T17:14:45.027+0100: 1022.711: Total time for which application threads were stopped: 0.0002329 seconds, Stopping threads took: 0.0000458 seconds
2016-05-17T17:14:45.082+0100: 1022.766: Total time for which application threads were stopped: 0.0001871 seconds, Stopping threads took: 0.0000529 seconds
2016-05-17T17:14:45.082+0100: 1022.766: Total time for which application threads were stopped: 0.0000932 seconds, Stopping threads took: 0.0000261 seconds
2016-05-17T17:14:45.082+0100: 1022.767: Total time for which application threads were stopped: 0.0000908 seconds, Stopping threads took: 0.0000253 seconds
2016-05-17T17:14:45.083+0100: 1022.767: Total time for which application threads were stopped: 0.0000955 seconds, Stopping threads took: 0.0000253 seconds
2016-05-17T17:14:58.443+0100: 1036.127: Total time for which application threads were stopped: 0.0001832 seconds, Stopping threads took: 0.0000458 seconds
2016-05-17T17:14:59.443+0100: 1037.127: Total time for which application threads were stopped: 0.0002037 seconds, Stopping threads took: 0.0000474 seconds
2016-05-17T17:15:06.444+0100: 1044.131: Total time for which application threads were stopped: 0.0001800 seconds, Stopping threads took: 0.0000482 seconds
2016-05-17T17:15:13.733+0100: 1051.421: Total time for which application threads were stopped: 0.0001943 seconds, Stopping threads took: 0.0000466 seconds
2016-05-17T17:15:13.735+0100: 1051.423: Total time for which application threads were stopped: 0.0001200 seconds, Stopping threads took: 0.0000261 seconds
2016-05-17T17:15:13.735+0100: 1051.423: Total time for which application threads were stopped: 0.0000861 seconds, Stopping threads took: 0.0000190 seconds
2016-05-17T17:15:13.736+0100: 1051.423: Total time for which application threads were stopped: 0.0000955 seconds, Stopping threads took: 0.0000205 seconds
2016-05-17T17:15:13.736+0100: 1051.424: Total time for which application threads were stopped: 0.0000869 seconds, Stopping threads took: 0.0000197 seconds
2016-05-17T17:15:14.736+0100: 1052.424: Total time for which application threads were stopped: 0.0001982 seconds, Stopping threads took: 0.0000490 seconds
2016-05-17T17:15:53.738+0100: 1091.426: Total time for which application threads were stopped: 0.0002140 seconds, Stopping threads took: 0.0000719 seconds
2016-05-17T17:15:57.739+0100: 1095.426: Total time for which application threads were stopped: 0.0001871 seconds, Stopping threads took: 0.0000474 seconds
2016-05-17T17:16:47.324+0100: 1145.013: Total time for which application threads were stopped: 0.0002006 seconds, Stopping threads took: 0.0000505 seconds
2016-05-17T17:17:02.374+0100: 1160.063: Total time for which application threads were stopped: 0.0001666 seconds, Stopping threads took: 0.0000411 seconds
2016-05-17T17:17:02.374+0100: 1160.064: Total time for which application threads were stopped: 0.0000869 seconds, Stopping threads took: 0.0000276 seconds
2016-05-17T17:17:02.409+0100: 1160.098: Total time for which application threads were stopped: 0.0002558 seconds, Stopping threads took: 0.0000569 seconds
2016-05-17T17:17:02.526+0100: 1160.215: Total time for which application threads were stopped: 0.0003024 seconds, Stopping threads took: 0.0000734 seconds
2016-05-17T17:17:02.526+0100: 1160.215: Total time for which application threads were stopped: 0.0000932 seconds, Stopping threads took: 0.0000276 seconds
2016-05-17T17:17:02.527+0100: 1160.216: Total time for which application threads were stopped: 0.0001571 seconds, Stopping threads took: 0.0000379 seconds
2016-05-17T17:17:02.531+0100: 1160.220: Total time for which application threads were stopped: 0.0002156 seconds, Stopping threads took: 0.0000529 seconds
2016-05-17T17:17:03.267+0100: 1160.956: Total time for which application threads were stopped: 0.0001887 seconds, Stopping threads took: 0.0000474 seconds
2016-05-17T17:17:03.267+0100: 1160.957: Total time for which application threads were stopped: 0.0000940 seconds, Stopping threads took: 0.0000253 seconds
2016-05-17T17:17:03.268+0100: 1160.957: Total time for which application threads were stopped: 0.0000955 seconds, Stopping threads took: 0.0000245 seconds
2016-05-17T17:17:03.268+0100: 1160.957: Total time for which application threads were stopped: 0.0000924 seconds, Stopping threads took: 0.0000253 seconds
2016-05-17T17:17:04.268+0100: 1161.957: Total time for which application threads were stopped: 0.0001587 seconds, Stopping threads took: 0.0000458 seconds
2016-05-17T17:17:54.271+0100: 1211.961: Total time for which application threads were stopped: 0.0001800 seconds, Stopping threads took: 0.0000537 seconds
2016-05-17T17:18:43.493+0100: 1261.185: Total time for which application threads were stopped: 0.0001982 seconds, Stopping threads took: 0.0000561 seconds
2016-05-17T17:19:38.507+0100: 1316.201: Total time for which application threads were stopped: 0.0001927 seconds, Stopping threads took: 0.0000521 seconds
2016-05-17T17:25:28.579+0100: 1666.289: Total time for which application threads were stopped: 0.0002006 seconds, Stopping threads took: 0.0000608 seconds
2016-05-17T17:31:38.660+0100: 2036.390: Total time for which application threads were stopped: 0.0002361 seconds, Stopping threads took: 0.0000837 seconds
2016-05-17T17:41:26.156+0100: 2623.919: Total time for which application threads were stopped: 0.0002377 seconds, Stopping threads took: 0.0000513 seconds
2016-05-17T17:41:26.156+0100: 2623.919: Total time for which application threads were stopped: 0.0000813 seconds, Stopping threads took: 0.0000190 seconds
2016-05-17T17:41:26.158+0100: 2623.921: Total time for which application threads were stopped: 0.0001698 seconds, Stopping threads took: 0.0000474 seconds
2016-05-17T17:41:26.245+0100: 2624.008: Total time for which application threads were stopped: 0.0002037 seconds, Stopping threads took: 0.0000545 seconds
2016-05-17T17:41:26.246+0100: 2624.009: Total time for which application threads were stopped: 0.0001034 seconds, Stopping threads took: 0.0000253 seconds
2016-05-17T17:41:26.249+0100: 2624.012: Total time for which application threads were stopped: 0.0001745 seconds, Stopping threads took: 0.0000347 seconds
2016-05-17T17:42:17.153+0100: 2674.918: Total time for which application threads were stopped: 0.0001887 seconds, Stopping threads took: 0.0000529 seconds
2016-05-17T17:42:17.154+0100: 2674.919: Total time for which application threads were stopped: 0.0002898 seconds, Stopping threads took: 0.0000237 seconds
2016-05-17T17:42:17.155+0100: 2674.920: Total time for which application threads were stopped: 0.0001279 seconds, Stopping threads took: 0.0000379 seconds
2016-05-17T17:42:17.156+0100: 2674.921: Total time for which application threads were stopped: 0.0001200 seconds, Stopping threads took: 0.0000324 seconds
2016-05-17T17:42:59.665+0100: 2717.430: Total time for which application threads were stopped: 0.0002148 seconds, Stopping threads took: 0.0000742 seconds
2016-05-17T17:42:59.665+0100: 2717.430: Total time for which application threads were stopped: 0.0000955 seconds, Stopping threads took: 0.0000284 seconds
2016-05-17T17:42:59.666+0100: 2717.431: Total time for which application threads were stopped: 0.0001382 seconds, Stopping threads took: 0.0000324 seconds
2016-05-17T17:43:58.577+0100: 2776.347: Total time for which application threads were stopped: 0.0002401 seconds, Stopping threads took: 0.0000845 seconds
2016-05-17T17:43:59.638+0100: 2777.409: Total time for which application threads were stopped: 0.0001706 seconds, Stopping threads took: 0.0000442 seconds
2016-05-17T17:43:59.638+0100: 2777.409: Total time for which application threads were stopped: 0.0000821 seconds, Stopping threads took: 0.0000205 seconds
2016-05-17T17:43:59.640+0100: 2777.410: Total time for which application threads were stopped: 0.0001358 seconds, Stopping threads took: 0.0000292 seconds
2016-05-17T17:44:39.665+0100: 2817.440: Total time for which application threads were stopped: 0.0001974 seconds, Stopping threads took: 0.0000600 seconds
2016-05-17T17:44:39.665+0100: 2817.440: Total time for which application threads were stopped: 0.0000955 seconds, Stopping threads took: 0.0000292 seconds
2016-05-17T17:44:39.666+0100: 2817.441: Total time for which application threads were stopped: 0.0001271 seconds, Stopping threads took: 0.0000308 seconds
2016-05-17T17:44:40.666+0100: 2818.441: Total time for which application threads were stopped: 0.0001564 seconds, Stopping threads took: 0.0000474 seconds
2016-05-17T17:46:20.625+0100: 2918.406: Total time for which application threads were stopped: 0.0002108 seconds, Stopping threads took: 0.0000592 seconds
2016-05-17T17:46:29.528+0100: 2927.309: Total time for which application threads were stopped: 0.0001674 seconds, Stopping threads took: 0.0000419 seconds
2016-05-17T17:46:29.528+0100: 2927.310: Total time for which application threads were stopped: 0.0000790 seconds, Stopping threads took: 0.0000190 seconds
2016-05-17T17:46:29.530+0100: 2927.311: Total time for which application threads were stopped: 0.0001895 seconds, Stopping threads took: 0.0000268 seconds
2016-05-17T17:47:19.679+0100: 2977.463: Total time for which application threads were stopped: 0.0002393 seconds, Stopping threads took: 0.0000655 seconds
2016-05-17T17:47:19.679+0100: 2977.463: Total time for which application threads were stopped: 0.0001145 seconds, Stopping threads took: 0.0000316 seconds
2016-05-17T17:50:52.742+0100: 3190.534: Total time for which application threads were stopped: 0.0001935 seconds, Stopping threads took: 0.0000584 seconds
2016-05-17T17:51:04.743+0100: 3202.535: Total time for which application threads were stopped: 0.0001603 seconds, Stopping threads took: 0.0000482 seconds
2016-05-17T17:51:05.743+0100: 3203.535: Total time for which application threads were stopped: 0.0001714 seconds, Stopping threads took: 0.0000537 seconds
2016-05-17T17:57:45.455+0100: 3603.260: Total time for which application threads were stopped: 0.0002116 seconds, Stopping threads took: 0.0000545 seconds
2016-05-17T17:57:45.455+0100: 3603.260: Total time for which application threads were stopped: 0.0000805 seconds, Stopping threads took: 0.0000205 seconds
2016-05-17T17:57:45.456+0100: 3603.261: Total time for which application threads were stopped: 0.0001216 seconds, Stopping threads took: 0.0000237 seconds
2016-05-17T17:57:45.494+0100: 3603.299: Total time for which application threads were stopped: 0.0002037 seconds, Stopping threads took: 0.0000632 seconds
2016-05-17T17:57:45.495+0100: 3603.300: Total time for which application threads were stopped: 0.0000995 seconds, Stopping threads took: 0.0000300 seconds
2016-05-17T17:57:45.496+0100: 3603.301: Total time for which application threads were stopped: 0.0001698 seconds, Stopping threads took: 0.0000450 seconds
2016-05-17T17:57:47.496+0100: 3605.301: Total time for which application threads were stopped: 0.0002164 seconds, Stopping threads took: 0.0000537 seconds
2016-05-17T17:58:42.514+0100: 3660.320: Total time for which application threads were stopped: 0.0001761 seconds, Stopping threads took: 0.0000561 seconds
2016-05-17T18:00:31.248+0100: 3769.060: Total time for which application threads were stopped: 0.0001950 seconds, Stopping threads took: 0.0000537 seconds
2016-05-17T18:00:33.332+0100: 3771.143: Total time for which application threads were stopped: 0.0001998 seconds, Stopping threads took: 0.0000419 seconds
2016-05-17T18:00:33.332+0100: 3771.143: Total time for which application threads were stopped: 0.0000790 seconds, Stopping threads took: 0.0000205 seconds
2016-05-17T18:00:33.335+0100: 3771.147: Total time for which application threads were stopped: 0.0001500 seconds, Stopping threads took: 0.0000403 seconds
2016-05-17T18:02:10.866+0100: 3868.684: Total time for which application threads were stopped: 0.0003301 seconds, Stopping threads took: 0.0000450 seconds
2016-05-17T18:02:11.257+0100: 3869.075: Total time for which application threads were stopped: 0.0001832 seconds, Stopping threads took: 0.0000576 seconds
2016-05-17T18:02:11.258+0100: 3869.076: Total time for which application threads were stopped: 0.0001524 seconds, Stopping threads took: 0.0000419 seconds
2016-05-17T18:02:11.259+0100: 3869.076: Total time for which application threads were stopped: 0.0001587 seconds, Stopping threads took: 0.0000229 seconds
2016-05-17T18:03:53.607+0100: 3971.429: Total time for which application threads were stopped: 0.0001745 seconds, Stopping threads took: 0.0000426 seconds
2016-05-17T18:03:53.607+0100: 3971.429: Total time for which application threads were stopped: 0.0000877 seconds, Stopping threads took: 0.0000197 seconds
2016-05-17T18:07:13.803+0100: 4171.635: Total time for which application threads were stopped: 0.0002156 seconds, Stopping threads took: 0.0000569 seconds
2016-05-17T18:07:13.803+0100: 4171.635: Total time for which application threads were stopped: 0.0000845 seconds, Stopping threads took: 0.0000205 seconds
2016-05-17T18:07:13.804+0100: 4171.636: Total time for which application threads were stopped: 0.0001461 seconds, Stopping threads took: 0.0000308 seconds
2016-05-17T18:07:13.836+0100: 4171.667: Total time for which application threads were stopped: 0.0002085 seconds, Stopping threads took: 0.0000663 seconds
2016-05-17T18:07:13.836+0100: 4171.667: Total time for which application threads were stopped: 0.0000987 seconds, Stopping threads took: 0.0000292 seconds
2016-05-17T18:07:13.852+0100: 4171.683: Total time for which application threads were stopped: 0.0002235 seconds, Stopping threads took: 0.0000553 seconds
2016-05-17T18:07:14.852+0100: 4172.683: Total time for which application threads were stopped: 0.0002337 seconds, Stopping threads took: 0.0000561 seconds
{Heap before GC invocations=29 (full 1):
 par new generation   total 109248K, used 88497K [0x00000000e0000000, 0x00000000e8000000, 0x00000000e8000000)
  eden space 87424K, 100% used [0x00000000e0000000, 0x00000000e5560000, 0x00000000e5560000)
  from space 21824K,   4% used [0x00000000e6ab0000, 0x00000000e6bbc760, 0x00000000e8000000)
  to   space 21824K,   0% used [0x00000000e5560000, 0x00000000e5560000, 0x00000000e6ab0000)
 concurrent mark-sweep generation total 393216K, used 20383K [0x00000000e8000000, 0x0000000100000000, 0x0000000100000000)
 Metaspace       used 34147K, capacity 34632K, committed 34992K, reserved 1081344K
  class space    used 3826K, capacity 3998K, committed 4016K, reserved 1048576K
2016-05-17T18:07:15.206+0100: 4173.037: [GC (Allocation Failure) 2016-05-17T18:07:15.206+0100: 4173.037: [ParNew
Desired survivor size 20112992 bytes, new threshold 8 (max 8)
- age   1:    6547416 bytes,    6547416 total
- age   2:       6704 bytes,    6554120 total
- age   3:       2544 bytes,    6556664 total
- age   4:       2392 bytes,    6559056 total
- age   5:       5384 bytes,    6564440 total
- age   6:       5448 bytes,    6569888 total
- age   7:       1528 bytes,    6571416 total
- age   8:       1552 bytes,    6572968 total
: 88497K->6650K(109248K), 0.0187139 secs] 108881K->27037K(502464K), 0.0188813 secs] [Times: user=0.03 sys=0.00, real=0.02 secs] 
Heap after GC invocations=30 (full 1):
 par new generation   total 109248K, used 6650K [0x00000000e0000000, 0x00000000e8000000, 0x00000000e8000000)
  eden space 87424K,   0% used [0x00000000e0000000, 0x00000000e0000000, 0x00000000e5560000)
  from space 21824K,  30% used [0x00000000e5560000, 0x00000000e5bde850, 0x00000000e6ab0000)
  to   space 21824K,   0% used [0x00000000e6ab0000, 0x00000000e6ab0000, 0x00000000e8000000)
 concurrent mark-sweep generation total 393216K, used 20386K [0x00000000e8000000, 0x0000000100000000, 0x0000000100000000)
 Metaspace       used 34147K, capacity 34632K, committed 34992K, reserved 1081344K
  class space    used 3826K, capacity 3998K, committed 4016K, reserved 1048576K
}
2016-05-17T18:07:15.225+0100: 4173.056: Total time for which application threads were stopped: 0.0193780 seconds, Stopping threads took: 0.0000584 seconds
2016-05-17T18:07:57.223+0100: 4215.054: Total time for which application threads were stopped: 0.0003072 seconds, Stopping threads took: 0.0000813 seconds
2016-05-17T18:07:57.225+0100: 4215.056: Total time for which application threads were stopped: 0.0001666 seconds, Stopping threads took: 0.0000434 seconds
2016-05-17T18:07:57.346+0100: 4215.177: Total time for which application threads were stopped: 0.0002077 seconds, Stopping threads took: 0.0000474 seconds
2016-05-17T18:07:57.394+0100: 4215.225: Total time for which application threads were stopped: 0.0002693 seconds, Stopping threads took: 0.0000521 seconds
2016-05-17T18:07:58.394+0100: 4216.225: Total time for which application threads were stopped: 0.0001753 seconds, Stopping threads took: 0.0000529 seconds
2016-05-17T18:08:13.318+0100: 4231.150: Total time for which application threads were stopped: 0.0001714 seconds, Stopping threads took: 0.0000513 seconds
2016-05-17T18:08:14.318+0100: 4232.150: Total time for which application threads were stopped: 0.0001808 seconds, Stopping threads took: 0.0000482 seconds
2016-05-17T18:08:16.947+0100: 4234.780: Total time for which application threads were stopped: 0.0001935 seconds, Stopping threads took: 0.0000584 seconds
2016-05-17T18:08:16.947+0100: 4234.780: Total time for which application threads were stopped: 0.0000955 seconds, Stopping threads took: 0.0000292 seconds
2016-05-17T18:08:16.955+0100: 4234.788: Total time for which application threads were stopped: 0.0002148 seconds, Stopping threads took: 0.0000648 seconds
2016-05-17T18:08:16.955+0100: 4234.788: Total time for which application threads were stopped: 0.0001027 seconds, Stopping threads took: 0.0000284 seconds
2016-05-17T18:08:17.955+0100: 4235.787: Total time for which application threads were stopped: 0.0001571 seconds, Stopping threads took: 0.0000466 seconds
2016-05-17T18:08:24.617+0100: 4242.450: Total time for which application threads were stopped: 0.0001650 seconds, Stopping threads took: 0.0000411 seconds
2016-05-17T18:08:31.907+0100: 4249.741: Total time for which application threads were stopped: 0.0011260 seconds, Stopping threads took: 0.0000458 seconds
2016-05-17T18:08:31.908+0100: 4249.741: Total time for which application threads were stopped: 0.0001003 seconds, Stopping threads took: 0.0000332 seconds
2016-05-17T18:08:31.908+0100: 4249.741: Total time for which application threads were stopped: 0.0000742 seconds, Stopping threads took: 0.0000261 seconds
2016-05-17T18:08:31.948+0100: 4249.782: Total time for which application threads were stopped: 0.0001666 seconds, Stopping threads took: 0.0000529 seconds
2016-05-17T18:08:31.949+0100: 4249.782: Total time for which application threads were stopped: 0.0000805 seconds, Stopping threads took: 0.0000261 seconds
2016-05-17T18:08:31.949+0100: 4249.783: Total time for which application threads were stopped: 0.0000940 seconds, Stopping threads took: 0.0000324 seconds
2016-05-17T18:08:31.950+0100: 4249.783: Total time for which application threads were stopped: 0.0000813 seconds, Stopping threads took: 0.0000284 seconds
2016-05-17T18:08:31.950+0100: 4249.783: Total time for which application threads were stopped: 0.0000750 seconds, Stopping threads took: 0.0000253 seconds
2016-05-17T18:08:31.951+0100: 4249.785: Total time for which application threads were stopped: 0.0001200 seconds, Stopping threads took: 0.0000316 seconds
2016-05-17T18:08:31.952+0100: 4249.785: Total time for which application threads were stopped: 0.0000711 seconds, Stopping threads took: 0.0000174 seconds
2016-05-17T18:08:31.952+0100: 4249.785: Total time for which application threads were stopped: 0.0000892 seconds, Stopping threads took: 0.0000355 seconds
2016-05-17T18:08:31.952+0100: 4249.785: Total time for which application threads were stopped: 0.0000845 seconds, Stopping threads took: 0.0000332 seconds
2016-05-17T18:08:31.953+0100: 4249.786: Total time for which application threads were stopped: 0.0001169 seconds, Stopping threads took: 0.0000308 seconds
2016-05-17T18:08:31.954+0100: 4249.787: Total time for which application threads were stopped: 0.0000995 seconds, Stopping threads took: 0.0000340 seconds
2016-05-17T18:08:31.954+0100: 4249.787: Total time for which application threads were stopped: 0.0000790 seconds, Stopping threads took: 0.0000276 seconds
2016-05-17T18:08:31.987+0100: 4249.820: Total time for which application threads were stopped: 0.0001477 seconds, Stopping threads took: 0.0000521 seconds
2016-05-17T18:08:31.987+0100: 4249.820: Total time for which application threads were stopped: 0.0002195 seconds, Stopping threads took: 0.0000253 seconds
2016-05-17T18:08:31.987+0100: 4249.820: Total time for which application threads were stopped: 0.0000726 seconds, Stopping threads took: 0.0000245 seconds
2016-05-17T18:08:31.987+0100: 4249.821: Total time for which application threads were stopped: 0.0000869 seconds, Stopping threads took: 0.0000300 seconds
2016-05-17T18:08:31.998+0100: 4249.831: Total time for which application threads were stopped: 0.0001263 seconds, Stopping threads took: 0.0000411 seconds
2016-05-17T18:08:32.014+0100: 4249.848: Total time for which application threads were stopped: 0.0001856 seconds, Stopping threads took: 0.0000450 seconds
2016-05-17T18:08:32.032+0100: 4249.865: Total time for which application threads were stopped: 0.0001698 seconds, Stopping threads took: 0.0000419 seconds
2016-05-17T18:08:32.037+0100: 4249.871: Total time for which application threads were stopped: 0.0001619 seconds, Stopping threads took: 0.0000395 seconds
2016-05-17T18:08:32.038+0100: 4249.871: Total time for which application threads were stopped: 0.0000869 seconds, Stopping threads took: 0.0000190 seconds
2016-05-17T18:08:32.038+0100: 4249.872: Total time for which application threads were stopped: 0.0002693 seconds, Stopping threads took: 0.0000182 seconds
2016-05-17T18:08:32.039+0100: 4249.872: Total time for which application threads were stopped: 0.0000908 seconds, Stopping threads took: 0.0000213 seconds
2016-05-17T18:08:32.041+0100: 4249.875: Total time for which application threads were stopped: 0.0001595 seconds, Stopping threads took: 0.0000276 seconds
2016-05-17T18:08:32.046+0100: 4249.879: Total time for which application threads were stopped: 0.0001137 seconds, Stopping threads took: 0.0000371 seconds
2016-05-17T18:08:32.067+0100: 4249.901: Total time for which application threads were stopped: 0.0001619 seconds, Stopping threads took: 0.0000450 seconds
2016-05-17T18:08:32.081+0100: 4249.915: Total time for which application threads were stopped: 0.0001429 seconds, Stopping threads took: 0.0000505 seconds
2016-05-17T18:08:32.098+0100: 4249.931: Total time for which application threads were stopped: 0.0001398 seconds, Stopping threads took: 0.0000450 seconds
2016-05-17T18:08:32.098+0100: 4249.932: Total time for which application threads were stopped: 0.0000916 seconds, Stopping threads took: 0.0000300 seconds
2016-05-17T18:08:32.102+0100: 4249.935: Total time for which application threads were stopped: 0.0001879 seconds, Stopping threads took: 0.0001003 seconds
2016-05-17T18:08:32.103+0100: 4249.936: Total time for which application threads were stopped: 0.0000932 seconds, Stopping threads took: 0.0000419 seconds
2016-05-17T18:08:32.103+0100: 4249.937: Total time for which application threads were stopped: 0.0000600 seconds, Stopping threads took: 0.0000261 seconds
2016-05-17T18:08:32.120+0100: 4249.953: Total time for which application threads were stopped: 0.0146756 seconds, Stopping threads took: 0.0145540 seconds
2016-05-17T18:08:32.122+0100: 4249.955: Total time for which application threads were stopped: 0.0001027 seconds, Stopping threads took: 0.0000363 seconds
2016-05-17T18:08:32.122+0100: 4249.955: Total time for which application threads were stopped: 0.0000648 seconds, Stopping threads took: 0.0000268 seconds
Heap
 par new generation   total 109248K, used 20466K [0x00000000e0000000, 0x00000000e8000000, 0x00000000e8000000)
  eden space 87424K,  15% used [0x00000000e0000000, 0x00000000e0d7e270, 0x00000000e5560000)
  from space 21824K,  30% used [0x00000000e5560000, 0x00000000e5bde850, 0x00000000e6ab0000)
  to   space 21824K,   0% used [0x00000000e6ab0000, 0x00000000e6ab0000, 0x00000000e8000000)
 concurrent mark-sweep generation total 393216K, used 20386K [0x00000000e8000000, 0x0000000100000000, 0x0000000100000000)
 Metaspace       used 34310K, capacity 34728K, committed 35120K, reserved 1081344K
  class space    used 3837K, capacity 4030K, committed 4144K, reserved 1048576K
