Java HotSpot(TM) 64-Bit Server VM (25.73-b02) for windows-amd64 JRE (1.8.0_73-b02), built on Jan 29 2016 17:38:49 by "java_re" with MS VC++ 10.0 (VS2010)
Memory: 4k page, physical 4027256k(1265312k free), swap 8052676k(2288564k free)
CommandLine flags: -XX:CMSInitiatingOccupancyFraction=50 -XX:CMSMaxAbortablePrecleanTime=6000 -XX:+CMSParallelRemarkEnabled -XX:+CMSScavengeBeforeRemark -XX:ConcGCThreads=4 -XX:InitialHeapSize=536870912 -XX:MaxHeapSize=536870912 -XX:MaxTenuringThreshold=8 -XX:NewRatio=3 -XX:OldPLABSize=16 -XX:ParallelGCThreads=4 -XX:+ParallelRefProcEnabled -XX:PretenureSizeThreshold=67108864 -XX:+PrintGC -XX:+PrintGCApplicationStoppedTime -XX:+PrintGCDateStamps -XX:+PrintGCDetails -XX:+PrintGCTimeStamps -XX:+PrintHeapAtGC -XX:+PrintTenuringDistribution -XX:SurvivorRatio=4 -XX:TargetSurvivorRatio=90 -XX:ThreadStackSize=256 -XX:+UseCMSInitiatingOccupancyOnly -XX:+UseCompressedClassPointers -XX:+UseCompressedOops -XX:+UseConcMarkSweepGC -XX:-UseLargePagesIndividualAllocation -XX:+UseParNewGC 
2016-03-21T13:55:02.022+0000: 1.055: Total time for which application threads were stopped: 0.0004011 seconds, Stopping threads took: 0.0002393 seconds
2016-03-21T13:55:02.222+0000: 1.255: Total time for which application threads were stopped: 0.0002416 seconds, Stopping threads took: 0.0000497 seconds
2016-03-21T13:55:02.254+0000: 1.287: Total time for which application threads were stopped: 0.0002274 seconds, Stopping threads took: 0.0000442 seconds
2016-03-21T13:55:02.863+0000: 1.896: Total time for which application threads were stopped: 0.0111223 seconds, Stopping threads took: 0.0108680 seconds
2016-03-21T13:55:03.231+0000: 2.264: Total time for which application threads were stopped: 0.0003546 seconds, Stopping threads took: 0.0000584 seconds
2016-03-21T13:55:03.285+0000: 2.318: Total time for which application threads were stopped: 0.0002993 seconds, Stopping threads took: 0.0000505 seconds
2016-03-21T13:55:04.289+0000: 3.323: Total time for which application threads were stopped: 0.0001295 seconds, Stopping threads took: 0.0000442 seconds
{Heap before GC invocations=0 (full 0):
 par new generation   total 109248K, used 87424K [0x00000000e0000000, 0x00000000e8000000, 0x00000000e8000000)
  eden space 87424K, 100% used [0x00000000e0000000, 0x00000000e5560000, 0x00000000e5560000)
  from space 21824K,   0% used [0x00000000e5560000, 0x00000000e5560000, 0x00000000e6ab0000)
  to   space 21824K,   0% used [0x00000000e6ab0000, 0x00000000e6ab0000, 0x00000000e8000000)
 concurrent mark-sweep generation total 393216K, used 0K [0x00000000e8000000, 0x0000000100000000, 0x0000000100000000)
 Metaspace       used 10147K, capacity 10344K, committed 10496K, reserved 1058816K
  class space    used 1166K, capacity 1212K, committed 1280K, reserved 1048576K
2016-03-21T13:55:04.692+0000: 3.725: [GC (Allocation Failure) 2016-03-21T13:55:04.692+0000: 3.726: [ParNew
Desired survivor size 20112992 bytes, new threshold 8 (max 8)
- age   1:    5746648 bytes,    5746648 total
: 87424K->5672K(109248K), 0.0214620 secs] 87424K->5672K(502464K), 0.0218845 secs] [Times: user=0.06 sys=0.00, real=0.02 secs] 
Heap after GC invocations=1 (full 0):
 par new generation   total 109248K, used 5672K [0x00000000e0000000, 0x00000000e8000000, 0x00000000e8000000)
  eden space 87424K,   0% used [0x00000000e0000000, 0x00000000e0000000, 0x00000000e5560000)
  from space 21824K,  25% used [0x00000000e6ab0000, 0x00000000e703a3b0, 0x00000000e8000000)
  to   space 21824K,   0% used [0x00000000e5560000, 0x00000000e5560000, 0x00000000e6ab0000)
 concurrent mark-sweep generation total 393216K, used 0K [0x00000000e8000000, 0x0000000100000000, 0x0000000100000000)
 Metaspace       used 10147K, capacity 10344K, committed 10496K, reserved 1058816K
  class space    used 1166K, capacity 1212K, committed 1280K, reserved 1048576K
}
2016-03-21T13:55:04.714+0000: 3.747: Total time for which application threads were stopped: 0.0222888 seconds, Stopping threads took: 0.0000458 seconds
2016-03-21T13:55:05.037+0000: 4.071: Total time for which application threads were stopped: 0.0003261 seconds, Stopping threads took: 0.0000466 seconds
2016-03-21T13:55:05.160+0000: 4.193: Total time for which application threads were stopped: 0.0003577 seconds, Stopping threads took: 0.0000521 seconds
2016-03-21T13:55:05.237+0000: 4.270: Total time for which application threads were stopped: 0.0007375 seconds, Stopping threads took: 0.0004169 seconds
2016-03-21T13:55:05.475+0000: 4.508: Total time for which application threads were stopped: 0.0004161 seconds, Stopping threads took: 0.0000521 seconds
2016-03-21T13:55:05.478+0000: 4.511: Total time for which application threads were stopped: 0.0003261 seconds, Stopping threads took: 0.0000474 seconds
2016-03-21T13:55:05.486+0000: 4.520: Total time for which application threads were stopped: 0.0003696 seconds, Stopping threads took: 0.0000529 seconds
2016-03-21T13:55:06.052+0000: 5.085: Total time for which application threads were stopped: 0.0002408 seconds, Stopping threads took: 0.0000442 seconds
2016-03-21T13:55:06.054+0000: 5.087: Total time for which application threads were stopped: 0.0001508 seconds, Stopping threads took: 0.0000434 seconds
2016-03-21T13:55:06.060+0000: 5.094: Total time for which application threads were stopped: 0.0002906 seconds, Stopping threads took: 0.0001232 seconds
2016-03-21T13:55:06.078+0000: 5.111: Total time for which application threads were stopped: 0.0004169 seconds, Stopping threads took: 0.0000671 seconds
2016-03-21T13:55:06.120+0000: 5.153: Total time for which application threads were stopped: 0.0001856 seconds, Stopping threads took: 0.0000537 seconds
2016-03-21T13:55:06.120+0000: 5.153: Total time for which application threads were stopped: 0.0000726 seconds, Stopping threads took: 0.0000292 seconds
2016-03-21T13:55:06.211+0000: 5.244: Total time for which application threads were stopped: 0.0001879 seconds, Stopping threads took: 0.0000458 seconds
2016-03-21T13:55:06.212+0000: 5.245: Total time for which application threads were stopped: 0.0000979 seconds, Stopping threads took: 0.0000347 seconds
2016-03-21T13:55:06.212+0000: 5.245: Total time for which application threads were stopped: 0.0000655 seconds, Stopping threads took: 0.0000205 seconds
2016-03-21T13:55:06.212+0000: 5.246: Total time for which application threads were stopped: 0.0000679 seconds, Stopping threads took: 0.0000229 seconds
2016-03-21T13:55:06.212+0000: 5.246: Total time for which application threads were stopped: 0.0000648 seconds, Stopping threads took: 0.0000205 seconds
2016-03-21T13:55:06.213+0000: 5.246: Total time for which application threads were stopped: 0.0000892 seconds, Stopping threads took: 0.0000237 seconds
2016-03-21T13:55:06.213+0000: 5.246: Total time for which application threads were stopped: 0.0000679 seconds, Stopping threads took: 0.0000229 seconds
2016-03-21T13:55:06.213+0000: 5.246: Total time for which application threads were stopped: 0.0000782 seconds, Stopping threads took: 0.0000324 seconds
2016-03-21T13:55:06.579+0000: 5.612: Total time for which application threads were stopped: 0.0001477 seconds, Stopping threads took: 0.0000490 seconds
2016-03-21T13:55:06.579+0000: 5.613: Total time for which application threads were stopped: 0.0000711 seconds, Stopping threads took: 0.0000276 seconds
2016-03-21T13:55:06.580+0000: 5.613: Total time for which application threads were stopped: 0.0001042 seconds, Stopping threads took: 0.0000268 seconds
2016-03-21T13:55:06.635+0000: 5.669: Total time for which application threads were stopped: 0.0004477 seconds, Stopping threads took: 0.0000442 seconds
2016-03-21T13:55:06.643+0000: 5.676: Total time for which application threads were stopped: 0.0003569 seconds, Stopping threads took: 0.0002653 seconds
2016-03-21T13:55:06.643+0000: 5.677: Total time for which application threads were stopped: 0.0001358 seconds, Stopping threads took: 0.0000805 seconds
2016-03-21T13:55:06.645+0000: 5.679: Total time for which application threads were stopped: 0.0001366 seconds, Stopping threads took: 0.0000537 seconds
2016-03-21T13:55:06.690+0000: 5.724: Total time for which application threads were stopped: 0.0004793 seconds, Stopping threads took: 0.0003885 seconds
2016-03-21T13:55:06.704+0000: 5.738: Total time for which application threads were stopped: 0.0065068 seconds, Stopping threads took: 0.0063686 seconds
2016-03-21T13:55:06.705+0000: 5.738: Total time for which application threads were stopped: 0.0000963 seconds, Stopping threads took: 0.0000371 seconds
2016-03-21T13:55:06.705+0000: 5.739: Total time for which application threads were stopped: 0.0000916 seconds, Stopping threads took: 0.0000300 seconds
2016-03-21T13:55:06.705+0000: 5.739: Total time for which application threads were stopped: 0.0000790 seconds, Stopping threads took: 0.0000261 seconds
2016-03-21T13:55:06.708+0000: 5.741: Total time for which application threads were stopped: 0.0001540 seconds, Stopping threads took: 0.0000537 seconds
{Heap before GC invocations=1 (full 0):
 par new generation   total 109248K, used 93096K [0x00000000e0000000, 0x00000000e8000000, 0x00000000e8000000)
  eden space 87424K, 100% used [0x00000000e0000000, 0x00000000e5560000, 0x00000000e5560000)
  from space 21824K,  25% used [0x00000000e6ab0000, 0x00000000e703a3b0, 0x00000000e8000000)
  to   space 21824K,   0% used [0x00000000e5560000, 0x00000000e5560000, 0x00000000e6ab0000)
 concurrent mark-sweep generation total 393216K, used 0K [0x00000000e8000000, 0x0000000100000000, 0x0000000100000000)
 Metaspace       used 19909K, capacity 20212K, committed 20480K, reserved 1067008K
  class space    used 2376K, capacity 2520K, committed 2560K, reserved 1048576K
2016-03-21T13:55:06.752+0000: 5.785: [GC (Allocation Failure) 2016-03-21T13:55:06.752+0000: 5.785: [ParNew
Desired survivor size 20112992 bytes, new threshold 8 (max 8)
- age   1:    7826312 bytes,    7826312 total
- age   2:    2555184 bytes,   10381496 total
: 93096K->11241K(109248K), 0.0326222 secs] 93096K->11241K(502464K), 0.0328023 secs] [Times: user=0.08 sys=0.00, real=0.03 secs] 
Heap after GC invocations=2 (full 0):
 par new generation   total 109248K, used 11241K [0x00000000e0000000, 0x00000000e8000000, 0x00000000e8000000)
  eden space 87424K,   0% used [0x00000000e0000000, 0x00000000e0000000, 0x00000000e5560000)
  from space 21824K,  51% used [0x00000000e5560000, 0x00000000e605a520, 0x00000000e6ab0000)
  to   space 21824K,   0% used [0x00000000e6ab0000, 0x00000000e6ab0000, 0x00000000e8000000)
 concurrent mark-sweep generation total 393216K, used 0K [0x00000000e8000000, 0x0000000100000000, 0x0000000100000000)
 Metaspace       used 19909K, capacity 20212K, committed 20480K, reserved 1067008K
  class space    used 2376K, capacity 2520K, committed 2560K, reserved 1048576K
}
2016-03-21T13:55:06.785+0000: 5.818: Total time for which application threads were stopped: 0.0408354 seconds, Stopping threads took: 0.0076407 seconds
2016-03-21T13:55:06.818+0000: 5.851: Total time for which application threads were stopped: 0.0001445 seconds, Stopping threads took: 0.0000640 seconds
2016-03-21T13:55:06.822+0000: 5.856: Total time for which application threads were stopped: 0.0001358 seconds, Stopping threads took: 0.0000474 seconds
2016-03-21T13:55:06.823+0000: 5.856: Total time for which application threads were stopped: 0.0001240 seconds, Stopping threads took: 0.0000395 seconds
2016-03-21T13:55:06.828+0000: 5.861: Total time for which application threads were stopped: 0.0001516 seconds, Stopping threads took: 0.0000608 seconds
2016-03-21T13:55:06.830+0000: 5.863: Total time for which application threads were stopped: 0.0004659 seconds, Stopping threads took: 0.0000403 seconds
2016-03-21T13:55:06.862+0000: 5.895: Total time for which application threads were stopped: 0.0001477 seconds, Stopping threads took: 0.0000545 seconds
2016-03-21T13:55:06.862+0000: 5.895: Total time for which application threads were stopped: 0.0000798 seconds, Stopping threads took: 0.0000300 seconds
2016-03-21T13:55:06.863+0000: 5.897: Total time for which application threads were stopped: 0.0001042 seconds, Stopping threads took: 0.0000411 seconds
2016-03-21T13:55:06.864+0000: 5.897: Total time for which application threads were stopped: 0.0002701 seconds, Stopping threads took: 0.0000292 seconds
2016-03-21T13:55:06.915+0000: 5.948: Total time for which application threads were stopped: 0.0020594 seconds, Stopping threads took: 0.0016085 seconds
2016-03-21T13:55:06.927+0000: 5.960: Total time for which application threads were stopped: 0.0001603 seconds, Stopping threads took: 0.0000576 seconds
2016-03-21T13:55:07.032+0000: 6.065: Total time for which application threads were stopped: 0.0002669 seconds, Stopping threads took: 0.0001271 seconds
2016-03-21T13:55:07.285+0000: 6.318: Total time for which application threads were stopped: 0.0002179 seconds, Stopping threads took: 0.0000505 seconds
2016-03-21T13:55:07.311+0000: 6.344: Total time for which application threads were stopped: 0.0002164 seconds, Stopping threads took: 0.0000655 seconds
2016-03-21T13:55:07.423+0000: 6.456: Total time for which application threads were stopped: 0.0002322 seconds, Stopping threads took: 0.0000537 seconds
2016-03-21T13:55:07.438+0000: 6.471: Total time for which application threads were stopped: 0.0001903 seconds, Stopping threads took: 0.0000766 seconds
2016-03-21T13:55:07.597+0000: 6.630: Total time for which application threads were stopped: 0.0001682 seconds, Stopping threads took: 0.0000529 seconds
2016-03-21T13:55:07.792+0000: 6.826: Total time for which application threads were stopped: 0.0001777 seconds, Stopping threads took: 0.0000490 seconds
2016-03-21T13:55:07.831+0000: 6.865: Total time for which application threads were stopped: 0.0001690 seconds, Stopping threads took: 0.0000505 seconds
2016-03-21T13:55:08.001+0000: 7.035: Total time for which application threads were stopped: 0.0001958 seconds, Stopping threads took: 0.0000687 seconds
2016-03-21T13:55:08.133+0000: 7.167: Total time for which application threads were stopped: 0.0201512 seconds, Stopping threads took: 0.0200209 seconds
2016-03-21T13:55:08.134+0000: 7.167: Total time for which application threads were stopped: 0.0001335 seconds, Stopping threads took: 0.0000387 seconds
2016-03-21T13:55:08.134+0000: 7.168: Total time for which application threads were stopped: 0.0001027 seconds, Stopping threads took: 0.0000268 seconds
2016-03-21T13:55:08.163+0000: 7.197: Total time for which application threads were stopped: 0.0002093 seconds, Stopping threads took: 0.0000584 seconds
2016-03-21T13:55:08.165+0000: 7.199: Total time for which application threads were stopped: 0.0001113 seconds, Stopping threads took: 0.0000411 seconds
{Heap before GC invocations=2 (full 0):
 par new generation   total 109248K, used 98665K [0x00000000e0000000, 0x00000000e8000000, 0x00000000e8000000)
  eden space 87424K, 100% used [0x00000000e0000000, 0x00000000e5560000, 0x00000000e5560000)
  from space 21824K,  51% used [0x00000000e5560000, 0x00000000e605a520, 0x00000000e6ab0000)
  to   space 21824K,   0% used [0x00000000e6ab0000, 0x00000000e6ab0000, 0x00000000e8000000)
 concurrent mark-sweep generation total 393216K, used 0K [0x00000000e8000000, 0x0000000100000000, 0x0000000100000000)
 Metaspace       used 22594K, capacity 22944K, committed 23212K, reserved 1069056K
  class space    used 2698K, capacity 2810K, committed 2840K, reserved 1048576K
2016-03-21T13:55:08.167+0000: 7.201: [GC (Allocation Failure) 2016-03-21T13:55:08.167+0000: 7.201: [ParNew
Desired survivor size 20112992 bytes, new threshold 8 (max 8)
- age   1:    2974384 bytes,    2974384 total
- age   2:    2383624 bytes,    5358008 total
- age   3:    2552152 bytes,    7910160 total
: 98665K->14945K(109248K), 0.0269675 secs] 98665K->14945K(502464K), 0.0271365 secs] [Times: user=0.05 sys=0.02, real=0.03 secs] 
Heap after GC invocations=3 (full 0):
 par new generation   total 109248K, used 14945K [0x00000000e0000000, 0x00000000e8000000, 0x00000000e8000000)
  eden space 87424K,   0% used [0x00000000e0000000, 0x00000000e0000000, 0x00000000e5560000)
  from space 21824K,  68% used [0x00000000e6ab0000, 0x00000000e7948710, 0x00000000e8000000)
  to   space 21824K,   0% used [0x00000000e5560000, 0x00000000e5560000, 0x00000000e6ab0000)
 concurrent mark-sweep generation total 393216K, used 0K [0x00000000e8000000, 0x0000000100000000, 0x0000000100000000)
 Metaspace       used 22594K, capacity 22944K, committed 23212K, reserved 1069056K
  class space    used 2698K, capacity 2810K, committed 2840K, reserved 1048576K
}
2016-03-21T13:55:08.194+0000: 7.228: Total time for which application threads were stopped: 0.0275392 seconds, Stopping threads took: 0.0000521 seconds
2016-03-21T13:55:08.196+0000: 7.229: [GC (CMS Initial Mark) [1 CMS-initial-mark: 0K(393216K)] 15932K(502464K), 0.0077576 secs] [Times: user=0.00 sys=0.00, real=0.01 secs] 
2016-03-21T13:55:08.203+0000: 7.237: Total time for which application threads were stopped: 0.0088939 seconds, Stopping threads took: 0.0009626 seconds
2016-03-21T13:55:08.204+0000: 7.237: [CMS-concurrent-mark-start]
2016-03-21T13:55:08.205+0000: 7.239: Total time for which application threads were stopped: 0.0001579 seconds, Stopping threads took: 0.0000521 seconds
2016-03-21T13:55:08.206+0000: 7.239: Total time for which application threads were stopped: 0.0001027 seconds, Stopping threads took: 0.0000284 seconds
2016-03-21T13:55:08.206+0000: 7.239: [CMS-concurrent-mark: 0.002/0.003 secs] [Times: user=0.03 sys=0.00, real=0.00 secs] 
2016-03-21T13:55:08.206+0000: 7.240: [CMS-concurrent-preclean-start]
2016-03-21T13:55:08.209+0000: 7.242: [CMS-concurrent-preclean: 0.002/0.002 secs] [Times: user=0.00 sys=0.00, real=0.00 secs] 
2016-03-21T13:55:08.210+0000: 7.243: [GC (CMS Final Remark) [YG occupancy: 15932 K (109248 K)]{Heap before GC invocations=3 (full 1):
 par new generation   total 109248K, used 15932K [0x00000000e0000000, 0x00000000e8000000, 0x00000000e8000000)
  eden space 87424K,   1% used [0x00000000e0000000, 0x00000000e00f6920, 0x00000000e5560000)
  from space 21824K,  68% used [0x00000000e6ab0000, 0x00000000e7948710, 0x00000000e8000000)
  to   space 21824K,   0% used [0x00000000e5560000, 0x00000000e5560000, 0x00000000e6ab0000)
 concurrent mark-sweep generation total 393216K, used 0K [0x00000000e8000000, 0x0000000100000000, 0x0000000100000000)
 Metaspace       used 22594K, capacity 22944K, committed 23212K, reserved 1069056K
  class space    used 2698K, capacity 2810K, committed 2840K, reserved 1048576K
2016-03-21T13:55:08.210+0000: 7.243: [GC (CMS Final Remark) 2016-03-21T13:55:08.210+0000: 7.243: [ParNew
Desired survivor size 20112992 bytes, new threshold 8 (max 8)
- age   1:     198456 bytes,     198456 total
- age   2:    1193848 bytes,    1392304 total
- age   3:    2382792 bytes,    3775096 total
- age   4:    2552152 bytes,    6327248 total
: 15932K->7167K(109248K), 0.0237189 secs] 15932K->7167K(502464K), 0.0238318 secs] [Times: user=0.03 sys=0.00, real=0.02 secs] 
Heap after GC invocations=4 (full 1):
 par new generation   total 109248K, used 7167K [0x00000000e0000000, 0x00000000e8000000, 0x00000000e8000000)
  eden space 87424K,   0% used [0x00000000e0000000, 0x00000000e0000000, 0x00000000e5560000)
  from space 21824K,  32% used [0x00000000e5560000, 0x00000000e5c5fc00, 0x00000000e6ab0000)
  to   space 21824K,   0% used [0x00000000e6ab0000, 0x00000000e6ab0000, 0x00000000e8000000)
 concurrent mark-sweep generation total 393216K, used 0K [0x00000000e8000000, 0x0000000100000000, 0x0000000100000000)
 Metaspace       used 22594K, capacity 22944K, committed 23212K, reserved 1069056K
  class space    used 2698K, capacity 2810K, committed 2840K, reserved 1048576K
}
2016-03-21T13:55:08.234+0000: 7.267: [Rescan (parallel) , 0.0083538 secs]2016-03-21T13:55:08.242+0000: 7.276: [weak refs processing, 0.0029699 secs]2016-03-21T13:55:08.245+0000: 7.279: [class unloading, 0.0071756 secs]2016-03-21T13:55:08.252+0000: 7.286: [scrub symbol table, 0.0097775 secs]2016-03-21T13:55:08.262+0000: 7.296: [scrub string table, 0.0006728 secs][1 CMS-remark: 0K(393216K)] 7167K(502464K), 0.0548818 secs] [Times: user=0.08 sys=0.00, real=0.05 secs] 
2016-03-21T13:55:08.265+0000: 7.298: Total time for which application threads were stopped: 0.0551850 seconds, Stopping threads took: 0.0000908 seconds
2016-03-21T13:55:08.268+0000: 7.301: [CMS-concurrent-sweep-start]
2016-03-21T13:55:08.268+0000: 7.301: [CMS-concurrent-sweep: 0.000/0.000 secs] [Times: user=0.00 sys=0.00, real=0.00 secs] 
2016-03-21T13:55:08.268+0000: 7.301: [CMS-concurrent-reset-start]
2016-03-21T13:55:08.273+0000: 7.306: [CMS-concurrent-reset: 0.005/0.005 secs] [Times: user=0.00 sys=0.00, real=0.01 secs] 
2016-03-21T13:55:08.417+0000: 7.450: Total time for which application threads were stopped: 0.0002037 seconds, Stopping threads took: 0.0000513 seconds
2016-03-21T13:55:08.417+0000: 7.451: Total time for which application threads were stopped: 0.0000940 seconds, Stopping threads took: 0.0000347 seconds
2016-03-21T13:55:08.425+0000: 7.458: Total time for which application threads were stopped: 0.0001398 seconds, Stopping threads took: 0.0000537 seconds
2016-03-21T13:55:08.425+0000: 7.459: Total time for which application threads were stopped: 0.0000940 seconds, Stopping threads took: 0.0000340 seconds
2016-03-21T13:55:08.426+0000: 7.459: Total time for which application threads were stopped: 0.0000805 seconds, Stopping threads took: 0.0000300 seconds
2016-03-21T13:55:08.570+0000: 7.604: Total time for which application threads were stopped: 0.0001658 seconds, Stopping threads took: 0.0000474 seconds
2016-03-21T13:55:08.588+0000: 7.622: Total time for which application threads were stopped: 0.0001579 seconds, Stopping threads took: 0.0000466 seconds
2016-03-21T13:55:08.591+0000: 7.624: Total time for which application threads were stopped: 0.0001311 seconds, Stopping threads took: 0.0000387 seconds
2016-03-21T13:55:08.592+0000: 7.626: Total time for which application threads were stopped: 0.0001121 seconds, Stopping threads took: 0.0000308 seconds
2016-03-21T13:55:08.651+0000: 7.684: Total time for which application threads were stopped: 0.0001619 seconds, Stopping threads took: 0.0000679 seconds
2016-03-21T13:55:08.654+0000: 7.687: Total time for which application threads were stopped: 0.0003348 seconds, Stopping threads took: 0.0000379 seconds
2016-03-21T13:55:08.771+0000: 7.804: Total time for which application threads were stopped: 0.0005362 seconds, Stopping threads took: 0.0000474 seconds
2016-03-21T13:55:08.941+0000: 7.974: Total time for which application threads were stopped: 0.0001919 seconds, Stopping threads took: 0.0000458 seconds
2016-03-21T13:55:08.971+0000: 8.005: Total time for which application threads were stopped: 0.0001879 seconds, Stopping threads took: 0.0000521 seconds
2016-03-21T13:55:09.023+0000: 8.057: Total time for which application threads were stopped: 0.0001271 seconds, Stopping threads took: 0.0000466 seconds
2016-03-21T13:55:09.143+0000: 8.177: Total time for which application threads were stopped: 0.0002148 seconds, Stopping threads took: 0.0000971 seconds
2016-03-21T13:55:09.211+0000: 8.244: Total time for which application threads were stopped: 0.0003806 seconds, Stopping threads took: 0.0002480 seconds
2016-03-21T13:55:09.323+0000: 8.356: Total time for which application threads were stopped: 0.0001485 seconds, Stopping threads took: 0.0000482 seconds
2016-03-21T13:55:09.323+0000: 8.356: Total time for which application threads were stopped: 0.0000663 seconds, Stopping threads took: 0.0000197 seconds
2016-03-21T13:55:09.466+0000: 8.500: Total time for which application threads were stopped: 0.0001532 seconds, Stopping threads took: 0.0000458 seconds
2016-03-21T13:55:09.498+0000: 8.532: Total time for which application threads were stopped: 0.0001982 seconds, Stopping threads took: 0.0000640 seconds
2016-03-21T13:55:09.557+0000: 8.591: Total time for which application threads were stopped: 0.0002740 seconds, Stopping threads took: 0.0001177 seconds
{Heap before GC invocations=4 (full 1):
 par new generation   total 109248K, used 94591K [0x00000000e0000000, 0x00000000e8000000, 0x00000000e8000000)
  eden space 87424K, 100% used [0x00000000e0000000, 0x00000000e5560000, 0x00000000e5560000)
  from space 21824K,  32% used [0x00000000e5560000, 0x00000000e5c5fc00, 0x00000000e6ab0000)
  to   space 21824K,   0% used [0x00000000e6ab0000, 0x00000000e6ab0000, 0x00000000e8000000)
 concurrent mark-sweep generation total 393216K, used 0K [0x00000000e8000000, 0x0000000100000000, 0x0000000100000000)
 Metaspace       used 26187K, capacity 26564K, committed 26904K, reserved 1073152K
  class space    used 3153K, capacity 3269K, committed 3352K, reserved 1048576K
2016-03-21T13:55:09.564+0000: 8.597: [GC (Allocation Failure) 2016-03-21T13:55:09.564+0000: 8.598: [ParNew
Desired survivor size 20112992 bytes, new threshold 8 (max 8)
- age   1:    4106792 bytes,    4106792 total
- age   3:     622672 bytes,    4729464 total
- age   4:    2371408 bytes,    7100872 total
- age   5:    2552064 bytes,    9652936 total
: 94591K->12442K(109248K), 0.0327099 secs] 94591K->12442K(502464K), 0.0328939 secs] [Times: user=0.05 sys=0.00, real=0.03 secs] 
Heap after GC invocations=5 (full 1):
 par new generation   total 109248K, used 12442K [0x00000000e0000000, 0x00000000e8000000, 0x00000000e8000000)
  eden space 87424K,   0% used [0x00000000e0000000, 0x00000000e0000000, 0x00000000e5560000)
  from space 21824K,  57% used [0x00000000e6ab0000, 0x00000000e76d6ad8, 0x00000000e8000000)
  to   space 21824K,   0% used [0x00000000e5560000, 0x00000000e5560000, 0x00000000e6ab0000)
 concurrent mark-sweep generation total 393216K, used 0K [0x00000000e8000000, 0x0000000100000000, 0x0000000100000000)
 Metaspace       used 26187K, capacity 26564K, committed 26904K, reserved 1073152K
  class space    used 3153K, capacity 3269K, committed 3352K, reserved 1048576K
}
2016-03-21T13:55:09.597+0000: 8.630: Total time for which application threads were stopped: 0.0333061 seconds, Stopping threads took: 0.0000450 seconds
2016-03-21T13:55:09.671+0000: 8.704: Total time for which application threads were stopped: 0.0013645 seconds, Stopping threads took: 0.0012366 seconds
2016-03-21T13:55:09.671+0000: 8.704: Total time for which application threads were stopped: 0.0000979 seconds, Stopping threads took: 0.0000379 seconds
2016-03-21T13:55:09.675+0000: 8.709: Total time for which application threads were stopped: 0.0004730 seconds, Stopping threads took: 0.0003711 seconds
2016-03-21T13:55:09.681+0000: 8.715: Total time for which application threads were stopped: 0.0001737 seconds, Stopping threads took: 0.0000624 seconds
2016-03-21T13:55:09.879+0000: 8.912: Total time for which application threads were stopped: 0.0001998 seconds, Stopping threads took: 0.0000798 seconds
2016-03-21T13:55:09.883+0000: 8.916: Total time for which application threads were stopped: 0.0001413 seconds, Stopping threads took: 0.0000537 seconds
2016-03-21T13:55:09.883+0000: 8.917: Total time for which application threads were stopped: 0.0000790 seconds, Stopping threads took: 0.0000245 seconds
2016-03-21T13:55:13.949+0000: 12.982: Total time for which application threads were stopped: 0.0001595 seconds, Stopping threads took: 0.0000569 seconds
2016-03-21T13:55:13.949+0000: 12.982: Total time for which application threads were stopped: 0.0001871 seconds, Stopping threads took: 0.0000608 seconds
2016-03-21T13:55:13.955+0000: 12.988: Total time for which application threads were stopped: 0.0001437 seconds, Stopping threads took: 0.0000529 seconds
2016-03-21T13:55:13.955+0000: 12.988: Total time for which application threads were stopped: 0.0000821 seconds, Stopping threads took: 0.0000284 seconds
2016-03-21T13:55:13.956+0000: 12.988: Total time for which application threads were stopped: 0.0000877 seconds, Stopping threads took: 0.0000300 seconds
2016-03-21T13:55:13.956+0000: 12.989: Total time for which application threads were stopped: 0.0000869 seconds, Stopping threads took: 0.0000316 seconds
2016-03-21T13:55:13.960+0000: 12.993: Total time for which application threads were stopped: 0.0001358 seconds, Stopping threads took: 0.0000521 seconds
2016-03-21T13:55:13.960+0000: 12.993: Total time for which application threads were stopped: 0.0000821 seconds, Stopping threads took: 0.0000284 seconds
2016-03-21T13:55:13.961+0000: 12.993: Total time for which application threads were stopped: 0.0000900 seconds, Stopping threads took: 0.0000324 seconds
2016-03-21T13:55:13.961+0000: 12.994: Total time for which application threads were stopped: 0.0000892 seconds, Stopping threads took: 0.0000316 seconds
2016-03-21T13:55:13.964+0000: 12.997: Total time for which application threads were stopped: 0.0001619 seconds, Stopping threads took: 0.0000592 seconds
2016-03-21T13:55:13.965+0000: 12.998: Total time for which application threads were stopped: 0.0001208 seconds, Stopping threads took: 0.0000403 seconds
2016-03-21T13:55:13.967+0000: 13.000: Total time for which application threads were stopped: 0.0001698 seconds, Stopping threads took: 0.0000869 seconds
2016-03-21T13:55:13.975+0000: 13.007: Total time for which application threads were stopped: 0.0003143 seconds, Stopping threads took: 0.0000576 seconds
2016-03-21T13:55:13.984+0000: 13.017: Total time for which application threads were stopped: 0.0002764 seconds, Stopping threads took: 0.0000616 seconds
2016-03-21T13:55:14.009+0000: 13.041: Total time for which application threads were stopped: 0.0001848 seconds, Stopping threads took: 0.0000513 seconds
2016-03-21T13:55:14.012+0000: 13.045: Total time for which application threads were stopped: 0.0001429 seconds, Stopping threads took: 0.0000505 seconds
2016-03-21T13:55:14.015+0000: 13.048: Total time for which application threads were stopped: 0.0001682 seconds, Stopping threads took: 0.0000553 seconds
2016-03-21T13:55:14.018+0000: 13.051: Total time for which application threads were stopped: 0.0003064 seconds, Stopping threads took: 0.0000411 seconds
2016-03-21T13:55:14.024+0000: 13.057: Total time for which application threads were stopped: 0.0001500 seconds, Stopping threads took: 0.0000553 seconds
2016-03-21T13:55:14.027+0000: 13.060: Total time for which application threads were stopped: 0.0001540 seconds, Stopping threads took: 0.0000600 seconds
2016-03-21T13:55:14.028+0000: 13.061: Total time for which application threads were stopped: 0.0000940 seconds, Stopping threads took: 0.0000316 seconds
2016-03-21T13:55:14.036+0000: 13.068: Total time for which application threads were stopped: 0.0001492 seconds, Stopping threads took: 0.0000474 seconds
2016-03-21T13:55:14.053+0000: 13.085: Total time for which application threads were stopped: 0.0001540 seconds, Stopping threads took: 0.0000474 seconds
2016-03-21T13:55:14.066+0000: 13.099: Total time for which application threads were stopped: 0.0004130 seconds, Stopping threads took: 0.0002464 seconds
2016-03-21T13:55:14.067+0000: 13.100: Total time for which application threads were stopped: 0.0001366 seconds, Stopping threads took: 0.0000442 seconds
2016-03-21T13:55:14.089+0000: 13.121: Total time for which application threads were stopped: 0.0005433 seconds, Stopping threads took: 0.0004185 seconds
2016-03-21T13:55:14.108+0000: 13.141: Total time for which application threads were stopped: 0.0002543 seconds, Stopping threads took: 0.0000450 seconds
2016-03-21T13:55:14.112+0000: 13.144: Total time for which application threads were stopped: 0.0001485 seconds, Stopping threads took: 0.0000537 seconds
2016-03-21T13:55:14.143+0000: 13.176: Total time for which application threads were stopped: 0.0001492 seconds, Stopping threads took: 0.0000458 seconds
2016-03-21T13:55:14.143+0000: 13.176: Total time for which application threads were stopped: 0.0000798 seconds, Stopping threads took: 0.0000221 seconds
2016-03-21T13:55:14.220+0000: 13.253: Total time for which application threads were stopped: 0.0001603 seconds, Stopping threads took: 0.0000505 seconds
2016-03-21T13:55:14.231+0000: 13.264: Total time for which application threads were stopped: 0.0005433 seconds, Stopping threads took: 0.0004406 seconds
2016-03-21T13:55:14.246+0000: 13.278: Total time for which application threads were stopped: 0.0001721 seconds, Stopping threads took: 0.0000497 seconds
2016-03-21T13:55:14.258+0000: 13.291: Total time for which application threads were stopped: 0.0001477 seconds, Stopping threads took: 0.0000537 seconds
2016-03-21T13:55:14.276+0000: 13.308: Total time for which application threads were stopped: 0.0002132 seconds, Stopping threads took: 0.0000561 seconds
2016-03-21T13:55:14.283+0000: 13.316: Total time for which application threads were stopped: 0.0003561 seconds, Stopping threads took: 0.0000600 seconds
2016-03-21T13:55:15.283+0000: 14.315: Total time for which application threads were stopped: 0.0001635 seconds, Stopping threads took: 0.0000490 seconds
2016-03-21T13:55:15.311+0000: 14.344: Total time for which application threads were stopped: 0.0001398 seconds, Stopping threads took: 0.0000513 seconds
2016-03-21T13:55:15.312+0000: 14.344: Total time for which application threads were stopped: 0.0000837 seconds, Stopping threads took: 0.0000284 seconds
2016-03-21T13:55:15.312+0000: 14.345: Total time for which application threads were stopped: 0.0000845 seconds, Stopping threads took: 0.0000308 seconds
2016-03-21T13:55:15.312+0000: 14.345: Total time for which application threads were stopped: 0.0000869 seconds, Stopping threads took: 0.0000292 seconds
2016-03-21T13:55:15.327+0000: 14.359: Total time for which application threads were stopped: 0.0001540 seconds, Stopping threads took: 0.0000553 seconds
2016-03-21T13:55:15.328+0000: 14.361: Total time for which application threads were stopped: 0.0001271 seconds, Stopping threads took: 0.0000482 seconds
2016-03-21T13:55:15.328+0000: 14.361: Total time for which application threads were stopped: 0.0000869 seconds, Stopping threads took: 0.0000300 seconds
2016-03-21T13:55:15.329+0000: 14.361: Total time for which application threads were stopped: 0.0000813 seconds, Stopping threads took: 0.0000261 seconds
2016-03-21T13:55:15.329+0000: 14.362: Total time for which application threads were stopped: 0.0000805 seconds, Stopping threads took: 0.0000261 seconds
2016-03-21T13:55:15.329+0000: 14.362: Total time for which application threads were stopped: 0.0000790 seconds, Stopping threads took: 0.0000261 seconds
2016-03-21T13:55:15.329+0000: 14.362: Total time for which application threads were stopped: 0.0000798 seconds, Stopping threads took: 0.0000261 seconds
2016-03-21T13:55:15.329+0000: 14.362: Total time for which application threads were stopped: 0.0000813 seconds, Stopping threads took: 0.0000261 seconds
2016-03-21T13:55:15.329+0000: 14.362: Total time for which application threads were stopped: 0.0000790 seconds, Stopping threads took: 0.0000261 seconds
2016-03-21T13:55:15.414+0000: 14.447: Total time for which application threads were stopped: 0.0001161 seconds, Stopping threads took: 0.0000426 seconds
2016-03-21T13:55:15.483+0000: 14.516: Total time for which application threads were stopped: 0.0001524 seconds, Stopping threads took: 0.0000774 seconds
2016-03-21T13:55:15.500+0000: 14.533: Total time for which application threads were stopped: 0.0001421 seconds, Stopping threads took: 0.0000474 seconds
2016-03-21T13:55:15.501+0000: 14.534: Total time for which application threads were stopped: 0.0001034 seconds, Stopping threads took: 0.0000332 seconds
2016-03-21T13:55:15.501+0000: 14.534: Total time for which application threads were stopped: 0.0000726 seconds, Stopping threads took: 0.0000213 seconds
2016-03-21T13:55:15.501+0000: 14.534: Total time for which application threads were stopped: 0.0000711 seconds, Stopping threads took: 0.0000213 seconds
2016-03-21T13:55:15.502+0000: 14.534: Total time for which application threads were stopped: 0.0000790 seconds, Stopping threads took: 0.0000229 seconds
2016-03-21T13:55:15.502+0000: 14.535: Total time for which application threads were stopped: 0.0000758 seconds, Stopping threads took: 0.0000213 seconds
2016-03-21T13:55:15.502+0000: 14.535: Total time for which application threads were stopped: 0.0000719 seconds, Stopping threads took: 0.0000205 seconds
2016-03-21T13:55:15.502+0000: 14.535: Total time for which application threads were stopped: 0.0000711 seconds, Stopping threads took: 0.0000205 seconds
2016-03-21T13:55:15.502+0000: 14.535: Total time for which application threads were stopped: 0.0000782 seconds, Stopping threads took: 0.0000229 seconds
2016-03-21T13:55:15.502+0000: 14.535: Total time for which application threads were stopped: 0.0000687 seconds, Stopping threads took: 0.0000182 seconds
2016-03-21T13:55:15.503+0000: 14.536: Total time for which application threads were stopped: 0.0000813 seconds, Stopping threads took: 0.0000253 seconds
2016-03-21T13:55:15.509+0000: 14.542: Total time for which application threads were stopped: 0.0001311 seconds, Stopping threads took: 0.0000482 seconds
2016-03-21T13:55:15.522+0000: 14.554: Total time for which application threads were stopped: 0.0005346 seconds, Stopping threads took: 0.0000474 seconds
2016-03-21T13:55:15.524+0000: 14.557: Total time for which application threads were stopped: 0.0001279 seconds, Stopping threads took: 0.0000466 seconds
2016-03-21T13:55:17.478+0000: 16.511: Total time for which application threads were stopped: 0.0001729 seconds, Stopping threads took: 0.0000474 seconds
2016-03-21T13:55:17.484+0000: 16.517: Total time for which application threads were stopped: 0.0002282 seconds, Stopping threads took: 0.0001390 seconds
2016-03-21T13:55:17.485+0000: 16.518: Total time for which application threads were stopped: 0.0001184 seconds, Stopping threads took: 0.0000324 seconds
2016-03-21T13:55:17.771+0000: 16.804: Total time for which application threads were stopped: 0.0204363 seconds, Stopping threads took: 0.0197864 seconds
2016-03-21T13:55:17.973+0000: 17.006: Total time for which application threads were stopped: 0.0002661 seconds, Stopping threads took: 0.0000671 seconds
2016-03-21T13:55:18.209+0000: 17.242: Total time for which application threads were stopped: 0.0002693 seconds, Stopping threads took: 0.0000648 seconds
2016-03-21T13:55:18.849+0000: 17.882: Total time for which application threads were stopped: 0.0003703 seconds, Stopping threads took: 0.0000497 seconds
2016-03-21T13:55:18.861+0000: 17.894: Total time for which application threads were stopped: 0.0002866 seconds, Stopping threads took: 0.0000403 seconds
2016-03-21T13:55:19.026+0000: 18.059: Total time for which application threads were stopped: 0.0002337 seconds, Stopping threads took: 0.0001003 seconds
2016-03-21T13:55:19.768+0000: 18.801: Total time for which application threads were stopped: 0.0003032 seconds, Stopping threads took: 0.0001200 seconds
2016-03-21T13:55:19.768+0000: 18.801: Total time for which application threads were stopped: 0.0001177 seconds, Stopping threads took: 0.0000332 seconds
2016-03-21T13:55:19.768+0000: 18.801: Total time for which application threads were stopped: 0.0001066 seconds, Stopping threads took: 0.0000268 seconds
2016-03-21T13:55:19.768+0000: 18.801: Total time for which application threads were stopped: 0.0001074 seconds, Stopping threads took: 0.0000332 seconds
2016-03-21T13:55:19.769+0000: 18.802: Total time for which application threads were stopped: 0.0001224 seconds, Stopping threads took: 0.0000371 seconds
2016-03-21T13:55:19.769+0000: 18.802: Total time for which application threads were stopped: 0.0001082 seconds, Stopping threads took: 0.0000316 seconds
2016-03-21T13:55:19.769+0000: 18.802: Total time for which application threads were stopped: 0.0000987 seconds, Stopping threads took: 0.0000261 seconds
2016-03-21T13:55:19.770+0000: 18.803: Total time for which application threads were stopped: 0.0001113 seconds, Stopping threads took: 0.0000300 seconds
2016-03-21T13:55:19.770+0000: 18.803: Total time for which application threads were stopped: 0.0001082 seconds, Stopping threads took: 0.0000300 seconds
2016-03-21T13:55:19.779+0000: 18.812: Total time for which application threads were stopped: 0.0001674 seconds, Stopping threads took: 0.0000569 seconds
2016-03-21T13:55:20.779+0000: 19.812: Total time for which application threads were stopped: 0.0001500 seconds, Stopping threads took: 0.0000466 seconds
2016-03-21T13:55:22.779+0000: 21.812: Total time for which application threads were stopped: 0.0001777 seconds, Stopping threads took: 0.0000521 seconds
2016-03-21T13:55:23.779+0000: 22.812: Total time for which application threads were stopped: 0.0002306 seconds, Stopping threads took: 0.0001090 seconds
2016-03-21T13:55:24.782+0000: 23.815: Total time for which application threads were stopped: 0.0001571 seconds, Stopping threads took: 0.0000584 seconds
2016-03-21T13:55:26.786+0000: 25.819: Total time for which application threads were stopped: 0.0001840 seconds, Stopping threads took: 0.0000584 seconds
2016-03-21T13:55:28.797+0000: 27.830: Total time for which application threads were stopped: 0.0001461 seconds, Stopping threads took: 0.0000458 seconds
2016-03-21T13:55:32.815+0000: 31.848: Total time for which application threads were stopped: 0.0001666 seconds, Stopping threads took: 0.0000584 seconds
2016-03-21T13:55:34.816+0000: 33.849: Total time for which application threads were stopped: 0.0001595 seconds, Stopping threads took: 0.0000600 seconds
2016-03-21T13:55:36.824+0000: 35.858: Total time for which application threads were stopped: 0.0001887 seconds, Stopping threads took: 0.0000513 seconds
2016-03-21T13:55:42.856+0000: 41.889: Total time for which application threads were stopped: 0.0001556 seconds, Stopping threads took: 0.0000529 seconds
2016-03-21T13:55:49.705+0000: 48.738: Total time for which application threads were stopped: 0.0001650 seconds, Stopping threads took: 0.0000458 seconds
2016-03-21T13:55:50.298+0000: 49.330: Total time for which application threads were stopped: 0.0001935 seconds, Stopping threads took: 0.0000640 seconds
2016-03-21T13:55:50.446+0000: 49.479: Total time for which application threads were stopped: 0.0002251 seconds, Stopping threads took: 0.0000600 seconds
2016-03-21T13:55:51.449+0000: 50.481: Total time for which application threads were stopped: 0.0001690 seconds, Stopping threads took: 0.0000600 seconds
2016-03-21T13:55:53.453+0000: 52.486: Total time for which application threads were stopped: 0.0001579 seconds, Stopping threads took: 0.0000600 seconds
2016-03-21T13:55:57.467+0000: 56.500: Total time for which application threads were stopped: 0.0002093 seconds, Stopping threads took: 0.0000726 seconds
2016-03-21T13:56:05.488+0000: 64.521: Total time for which application threads were stopped: 0.0001587 seconds, Stopping threads took: 0.0000497 seconds
2016-03-21T13:56:07.497+0000: 66.530: Total time for which application threads were stopped: 0.0002219 seconds, Stopping threads took: 0.0000545 seconds
2016-03-21T13:56:11.866+0000: 70.899: Total time for which application threads were stopped: 0.0001666 seconds, Stopping threads took: 0.0000537 seconds
2016-03-21T13:56:11.866+0000: 70.899: Total time for which application threads were stopped: 0.0000798 seconds, Stopping threads took: 0.0000284 seconds
2016-03-21T13:56:11.873+0000: 70.906: Total time for which application threads were stopped: 0.0001358 seconds, Stopping threads took: 0.0000545 seconds
2016-03-21T13:56:11.875+0000: 70.908: Total time for which application threads were stopped: 0.0001295 seconds, Stopping threads took: 0.0000513 seconds
2016-03-21T13:56:11.905+0000: 70.938: Total time for which application threads were stopped: 0.0001840 seconds, Stopping threads took: 0.0000576 seconds
2016-03-21T13:56:11.995+0000: 71.028: Total time for which application threads were stopped: 0.0001485 seconds, Stopping threads took: 0.0000600 seconds
2016-03-21T13:56:11.995+0000: 71.028: Total time for which application threads were stopped: 0.0000955 seconds, Stopping threads took: 0.0000434 seconds
2016-03-21T13:56:12.000+0000: 71.033: Total time for which application threads were stopped: 0.0001342 seconds, Stopping threads took: 0.0000442 seconds
2016-03-21T13:56:12.003+0000: 71.036: Total time for which application threads were stopped: 0.0001295 seconds, Stopping threads took: 0.0000450 seconds
2016-03-21T13:56:12.010+0000: 71.043: Total time for which application threads were stopped: 0.0001366 seconds, Stopping threads took: 0.0000497 seconds
2016-03-21T13:56:12.011+0000: 71.044: Total time for which application threads were stopped: 0.0001374 seconds, Stopping threads took: 0.0000379 seconds
2016-03-21T13:56:12.016+0000: 71.049: Total time for which application threads were stopped: 0.0001564 seconds, Stopping threads took: 0.0000671 seconds
2016-03-21T13:56:12.017+0000: 71.050: Total time for which application threads were stopped: 0.0000963 seconds, Stopping threads took: 0.0000316 seconds
2016-03-21T13:56:12.017+0000: 71.051: Total time for which application threads were stopped: 0.0000908 seconds, Stopping threads took: 0.0000363 seconds
2016-03-21T13:56:12.018+0000: 71.051: Total time for which application threads were stopped: 0.0000782 seconds, Stopping threads took: 0.0000308 seconds
2016-03-21T13:56:12.018+0000: 71.051: Total time for which application threads were stopped: 0.0001445 seconds, Stopping threads took: 0.0000513 seconds
2016-03-21T13:56:12.018+0000: 71.051: Total time for which application threads were stopped: 0.0000758 seconds, Stopping threads took: 0.0000292 seconds
2016-03-21T13:56:12.018+0000: 71.051: Total time for which application threads were stopped: 0.0000726 seconds, Stopping threads took: 0.0000284 seconds
2016-03-21T13:56:12.018+0000: 71.051: Total time for which application threads were stopped: 0.0000742 seconds, Stopping threads took: 0.0000284 seconds
2016-03-21T13:56:12.019+0000: 71.052: Total time for which application threads were stopped: 0.0000742 seconds, Stopping threads took: 0.0000284 seconds
2016-03-21T13:56:12.019+0000: 71.052: Total time for which application threads were stopped: 0.0000861 seconds, Stopping threads took: 0.0000284 seconds
2016-03-21T13:56:12.019+0000: 71.052: Total time for which application threads were stopped: 0.0000782 seconds, Stopping threads took: 0.0000276 seconds
2016-03-21T13:56:12.019+0000: 71.052: Total time for which application threads were stopped: 0.0000734 seconds, Stopping threads took: 0.0000276 seconds
2016-03-21T13:56:12.019+0000: 71.052: Total time for which application threads were stopped: 0.0000734 seconds, Stopping threads took: 0.0000276 seconds
2016-03-21T13:56:12.020+0000: 71.053: Total time for which application threads were stopped: 0.0002282 seconds, Stopping threads took: 0.0001603 seconds
2016-03-21T13:56:12.032+0000: 71.065: Total time for which application threads were stopped: 0.0001556 seconds, Stopping threads took: 0.0000687 seconds
2016-03-21T13:56:12.040+0000: 71.073: Total time for which application threads were stopped: 0.0001500 seconds, Stopping threads took: 0.0000600 seconds
2016-03-21T13:56:12.041+0000: 71.074: Total time for which application threads were stopped: 0.0000884 seconds, Stopping threads took: 0.0000363 seconds
2016-03-21T13:56:12.041+0000: 71.074: Total time for which application threads were stopped: 0.0000900 seconds, Stopping threads took: 0.0000363 seconds
2016-03-21T13:56:12.041+0000: 71.074: Total time for which application threads were stopped: 0.0000758 seconds, Stopping threads took: 0.0000308 seconds
2016-03-21T13:56:12.042+0000: 71.075: Total time for which application threads were stopped: 0.0000971 seconds, Stopping threads took: 0.0000340 seconds
2016-03-21T13:56:13.046+0000: 72.079: Total time for which application threads were stopped: 0.0001808 seconds, Stopping threads took: 0.0000576 seconds
2016-03-21T13:56:25.091+0000: 84.124: Total time for which application threads were stopped: 0.0001737 seconds, Stopping threads took: 0.0000553 seconds
2016-03-21T13:56:33.091+0000: 92.124: Total time for which application threads were stopped: 0.0001627 seconds, Stopping threads took: 0.0000584 seconds
2016-03-21T13:56:37.091+0000: 96.124: Total time for which application threads were stopped: 0.0002053 seconds, Stopping threads took: 0.0000600 seconds
2016-03-21T13:56:41.101+0000: 100.137: Total time for which application threads were stopped: 0.0001587 seconds, Stopping threads took: 0.0000505 seconds
2016-03-21T13:56:43.101+0000: 102.137: Total time for which application threads were stopped: 0.0001721 seconds, Stopping threads took: 0.0000600 seconds
2016-03-21T13:56:45.101+0000: 104.137: Total time for which application threads were stopped: 0.0001532 seconds, Stopping threads took: 0.0000505 seconds
2016-03-21T13:56:47.103+0000: 106.140: Total time for which application threads were stopped: 0.0001350 seconds, Stopping threads took: 0.0000458 seconds
2016-03-21T13:56:50.116+0000: 109.152: Total time for which application threads were stopped: 0.0001674 seconds, Stopping threads took: 0.0000584 seconds
2016-03-21T13:56:56.141+0000: 115.177: Total time for which application threads were stopped: 0.0001698 seconds, Stopping threads took: 0.0000592 seconds
2016-03-21T13:56:58.146+0000: 117.182: Total time for which application threads were stopped: 0.0001895 seconds, Stopping threads took: 0.0000766 seconds
2016-03-21T13:57:04.171+0000: 123.207: Total time for which application threads were stopped: 0.0001690 seconds, Stopping threads took: 0.0000600 seconds
2016-03-21T13:57:16.252+0000: 135.287: Total time for which application threads were stopped: 0.0001793 seconds, Stopping threads took: 0.0000561 seconds
2016-03-21T13:57:22.267+0000: 141.303: Total time for which application threads were stopped: 0.0002393 seconds, Stopping threads took: 0.0000600 seconds
2016-03-21T13:57:32.293+0000: 151.329: Total time for which application threads were stopped: 0.0001650 seconds, Stopping threads took: 0.0000592 seconds
2016-03-21T13:57:34.297+0000: 153.333: Total time for which application threads were stopped: 0.0001729 seconds, Stopping threads took: 0.0000592 seconds
2016-03-21T13:57:44.327+0000: 163.363: Total time for which application threads were stopped: 0.0001753 seconds, Stopping threads took: 0.0000616 seconds
2016-03-21T13:58:06.382+0000: 185.418: Total time for which application threads were stopped: 0.0001990 seconds, Stopping threads took: 0.0000616 seconds
2016-03-21T13:58:10.391+0000: 189.427: Total time for which application threads were stopped: 0.0001666 seconds, Stopping threads took: 0.0000584 seconds
2016-03-21T13:58:14.398+0000: 193.434: Total time for which application threads were stopped: 0.0001721 seconds, Stopping threads took: 0.0000600 seconds
2016-03-21T13:58:30.369+0000: 209.405: Total time for which application threads were stopped: 0.0001785 seconds, Stopping threads took: 0.0000624 seconds
2016-03-21T13:58:30.372+0000: 209.408: Total time for which application threads were stopped: 0.0001603 seconds, Stopping threads took: 0.0000521 seconds
2016-03-21T13:58:30.376+0000: 209.412: Total time for which application threads were stopped: 0.0001382 seconds, Stopping threads took: 0.0000466 seconds
2016-03-21T13:58:30.377+0000: 209.413: Total time for which application threads were stopped: 0.0001611 seconds, Stopping threads took: 0.0000813 seconds
2016-03-21T13:58:30.377+0000: 209.413: Total time for which application threads were stopped: 0.0000995 seconds, Stopping threads took: 0.0000284 seconds
2016-03-21T13:58:30.380+0000: 209.416: Total time for which application threads were stopped: 0.0001532 seconds, Stopping threads took: 0.0000529 seconds
2016-03-21T13:58:30.380+0000: 209.416: Total time for which application threads were stopped: 0.0000924 seconds, Stopping threads took: 0.0000284 seconds
2016-03-21T13:58:30.385+0000: 209.421: Total time for which application threads were stopped: 0.0001429 seconds, Stopping threads took: 0.0000482 seconds
2016-03-21T13:58:30.385+0000: 209.421: Total time for which application threads were stopped: 0.0000782 seconds, Stopping threads took: 0.0000253 seconds
2016-03-21T13:58:30.385+0000: 209.422: Total time for which application threads were stopped: 0.0000758 seconds, Stopping threads took: 0.0000245 seconds
2016-03-21T13:58:30.386+0000: 209.422: Total time for which application threads were stopped: 0.0000774 seconds, Stopping threads took: 0.0000245 seconds
2016-03-21T13:58:30.386+0000: 209.422: Total time for which application threads were stopped: 0.0000766 seconds, Stopping threads took: 0.0000253 seconds
2016-03-21T13:58:30.386+0000: 209.422: Total time for which application threads were stopped: 0.0002590 seconds, Stopping threads took: 0.0000245 seconds
2016-03-21T13:58:30.387+0000: 209.423: Total time for which application threads were stopped: 0.0001003 seconds, Stopping threads took: 0.0000316 seconds
2016-03-21T13:58:30.389+0000: 209.425: Total time for which application threads were stopped: 0.0001895 seconds, Stopping threads took: 0.0000466 seconds
2016-03-21T13:58:30.390+0000: 209.426: Total time for which application threads were stopped: 0.0001066 seconds, Stopping threads took: 0.0000324 seconds
2016-03-21T13:58:30.390+0000: 209.427: Total time for which application threads were stopped: 0.0001090 seconds, Stopping threads took: 0.0000458 seconds
2016-03-21T13:58:30.397+0000: 209.433: Total time for which application threads were stopped: 0.0002669 seconds, Stopping threads took: 0.0001887 seconds
2016-03-21T13:58:30.400+0000: 209.437: Total time for which application threads were stopped: 0.0003222 seconds, Stopping threads took: 0.0002361 seconds
2016-03-21T13:58:30.401+0000: 209.437: Total time for which application threads were stopped: 0.0000632 seconds, Stopping threads took: 0.0000261 seconds
2016-03-21T13:58:30.401+0000: 209.437: Total time for which application threads were stopped: 0.0000608 seconds, Stopping threads took: 0.0000261 seconds
2016-03-21T13:58:30.401+0000: 209.437: Total time for which application threads were stopped: 0.0000758 seconds, Stopping threads took: 0.0000371 seconds
2016-03-21T13:58:30.401+0000: 209.437: Total time for which application threads were stopped: 0.0000624 seconds, Stopping threads took: 0.0000284 seconds
Heap
 par new generation   total 109248K, used 90621K [0x00000000e0000000, 0x00000000e8000000, 0x00000000e8000000)
  eden space 87424K,  89% used [0x00000000e0000000, 0x00000000e4c58b70, 0x00000000e5560000)
  from space 21824K,  57% used [0x00000000e6ab0000, 0x00000000e76d6ad8, 0x00000000e8000000)
  to   space 21824K,   0% used [0x00000000e5560000, 0x00000000e5560000, 0x00000000e6ab0000)
 concurrent mark-sweep generation total 393216K, used 0K [0x00000000e8000000, 0x0000000100000000, 0x0000000100000000)
 Metaspace       used 32196K, capacity 32658K, committed 33048K, reserved 1079296K
  class space    used 3687K, capacity 3863K, committed 3864K, reserved 1048576K
