Java HotSpot(TM) 64-Bit Server VM (25.73-b02) for windows-amd64 JRE (1.8.0_73-b02), built on Jan 29 2016 17:38:49 by "java_re" with MS VC++ 10.0 (VS2010)
Memory: 4k page, physical 8269212k(4023748k free), swap 13595636k(8196568k free)
CommandLine flags: -XX:CMSInitiatingOccupancyFraction=50 -XX:CMSMaxAbortablePrecleanTime=6000 -XX:+CMSParallelRemarkEnabled -XX:+CMSScavengeBeforeRemark -XX:ConcGCThreads=4 -XX:InitialHeapSize=536870912 -XX:MaxHeapSize=536870912 -XX:MaxTenuringThreshold=8 -XX:NewRatio=3 -XX:OldPLABSize=16 -XX:ParallelGCThreads=4 -XX:+ParallelRefProcEnabled -XX:PretenureSizeThreshold=67108864 -XX:+PrintGC -XX:+PrintGCApplicationStoppedTime -XX:+PrintGCDateStamps -XX:+PrintGCDetails -XX:+PrintGCTimeStamps -XX:+PrintHeapAtGC -XX:+PrintTenuringDistribution -XX:SurvivorRatio=4 -XX:TargetSurvivorRatio=90 -XX:ThreadStackSize=256 -XX:+UseCMSInitiatingOccupancyOnly -XX:+UseCompressedClassPointers -XX:+UseCompressedOops -XX:+UseConcMarkSweepGC -XX:-UseLargePagesIndividualAllocation -XX:+UseParNewGC 
2016-07-14T09:00:56.132+0100: 0.520: Total time for which application threads were stopped: 0.0001145 seconds, Stopping threads took: 0.0000201 seconds
2016-07-14T09:00:57.132+0100: 1.520: Total time for which application threads were stopped: 0.0001074 seconds, Stopping threads took: 0.0000268 seconds
2016-07-14T09:00:57.841+0100: 2.234: Total time for which application threads were stopped: 0.0002440 seconds, Stopping threads took: 0.0000403 seconds
2016-07-14T09:00:58.390+0100: 2.779: Total time for which application threads were stopped: 0.0001630 seconds, Stopping threads took: 0.0000205 seconds
2016-07-14T09:00:58.587+0100: 2.976: Total time for which application threads were stopped: 0.0002025 seconds, Stopping threads took: 0.0000257 seconds
2016-07-14T09:00:58.602+0100: 2.991: Total time for which application threads were stopped: 0.0001690 seconds, Stopping threads took: 0.0000312 seconds
2016-07-14T09:00:59.603+0100: 3.991: Total time for which application threads were stopped: 0.0002270 seconds, Stopping threads took: 0.0001678 seconds
{Heap before GC invocations=0 (full 0):
 par new generation   total 109248K, used 87424K [0x00000000e0000000, 0x00000000e8000000, 0x00000000e8000000)
  eden space 87424K, 100% used [0x00000000e0000000, 0x00000000e5560000, 0x00000000e5560000)
  from space 21824K,   0% used [0x00000000e5560000, 0x00000000e5560000, 0x00000000e6ab0000)
  to   space 21824K,   0% used [0x00000000e6ab0000, 0x00000000e6ab0000, 0x00000000e8000000)
 concurrent mark-sweep generation total 393216K, used 0K [0x00000000e8000000, 0x0000000100000000, 0x0000000100000000)
 Metaspace       used 10156K, capacity 10268K, committed 10496K, reserved 1058816K
  class space    used 1165K, capacity 1208K, committed 1280K, reserved 1048576K
2016-07-14T09:00:59.654+0100: 4.042: [GC (Allocation Failure) 2016-07-14T09:00:59.654+0100: 4.042: [ParNew
Desired survivor size 20112992 bytes, new threshold 8 (max 8)
- age   1:    5902208 bytes,    5902208 total
: 87424K->5838K(109248K), 0.0063418 secs] 87424K->5838K(502464K), 0.0065483 secs] [Times: user=0.00 sys=0.00, real=0.01 secs] 
Heap after GC invocations=1 (full 0):
 par new generation   total 109248K, used 5838K [0x00000000e0000000, 0x00000000e8000000, 0x00000000e8000000)
  eden space 87424K,   0% used [0x00000000e0000000, 0x00000000e0000000, 0x00000000e5560000)
  from space 21824K,  26% used [0x00000000e6ab0000, 0x00000000e70638e8, 0x00000000e8000000)
  to   space 21824K,   0% used [0x00000000e5560000, 0x00000000e5560000, 0x00000000e6ab0000)
 concurrent mark-sweep generation total 393216K, used 0K [0x00000000e8000000, 0x0000000100000000, 0x0000000100000000)
 Metaspace       used 10156K, capacity 10268K, committed 10496K, reserved 1058816K
  class space    used 1165K, capacity 1208K, committed 1280K, reserved 1048576K
}
2016-07-14T09:00:59.661+0100: 4.049: Total time for which application threads were stopped: 0.0067962 seconds, Stopping threads took: 0.0000308 seconds
2016-07-14T09:00:59.923+0100: 4.312: Total time for which application threads were stopped: 0.0002100 seconds, Stopping threads took: 0.0000264 seconds
2016-07-14T09:01:00.060+0100: 4.448: Total time for which application threads were stopped: 0.0001776 seconds, Stopping threads took: 0.0000264 seconds
2016-07-14T09:01:00.359+0100: 4.747: Total time for which application threads were stopped: 0.0003186 seconds, Stopping threads took: 0.0000521 seconds
2016-07-14T09:01:00.636+0100: 5.024: Total time for which application threads were stopped: 0.0002376 seconds, Stopping threads took: 0.0000225 seconds
2016-07-14T09:01:01.636+0100: 6.024: Total time for which application threads were stopped: 0.0001141 seconds, Stopping threads took: 0.0000280 seconds
2016-07-14T09:01:01.922+0100: 6.311: Total time for which application threads were stopped: 0.0002499 seconds, Stopping threads took: 0.0000296 seconds
2016-07-14T09:01:01.924+0100: 6.312: Total time for which application threads were stopped: 0.0002487 seconds, Stopping threads took: 0.0000241 seconds
2016-07-14T09:01:01.928+0100: 6.317: Total time for which application threads were stopped: 0.0002215 seconds, Stopping threads took: 0.0000233 seconds
2016-07-14T09:01:02.929+0100: 7.317: Total time for which application threads were stopped: 0.0001694 seconds, Stopping threads took: 0.0000343 seconds
2016-07-14T09:01:07.553+0100: 11.951: Total time for which application threads were stopped: 0.0001050 seconds, Stopping threads took: 0.0000217 seconds
2016-07-14T09:01:07.553+0100: 11.951: Total time for which application threads were stopped: 0.0001066 seconds, Stopping threads took: 0.0000332 seconds
2016-07-14T09:01:07.553+0100: 11.952: Total time for which application threads were stopped: 0.0000936 seconds, Stopping threads took: 0.0000343 seconds
2016-07-14T09:01:07.553+0100: 11.952: Total time for which application threads were stopped: 0.0001208 seconds, Stopping threads took: 0.0000328 seconds
2016-07-14T09:01:07.553+0100: 11.953: Total time for which application threads were stopped: 0.0000928 seconds, Stopping threads took: 0.0000154 seconds
2016-07-14T09:01:07.553+0100: 11.953: Total time for which application threads were stopped: 0.0000770 seconds, Stopping threads took: 0.0000126 seconds
2016-07-14T09:01:07.553+0100: 11.953: Total time for which application threads were stopped: 0.0000770 seconds, Stopping threads took: 0.0000126 seconds
2016-07-14T09:01:07.553+0100: 11.953: Total time for which application threads were stopped: 0.0000754 seconds, Stopping threads took: 0.0000118 seconds
2016-07-14T09:01:08.038+0100: 12.433: Total time for which application threads were stopped: 0.0002372 seconds, Stopping threads took: 0.0000174 seconds
2016-07-14T09:01:08.038+0100: 12.437: Total time for which application threads were stopped: 0.0000809 seconds, Stopping threads took: 0.0000332 seconds
2016-07-14T09:01:08.038+0100: 12.437: Total time for which application threads were stopped: 0.0000647 seconds, Stopping threads took: 0.0000166 seconds
2016-07-14T09:01:08.038+0100: 12.437: Total time for which application threads were stopped: 0.0000549 seconds, Stopping threads took: 0.0000138 seconds
2016-07-14T09:01:08.038+0100: 12.437: Total time for which application threads were stopped: 0.0001315 seconds, Stopping threads took: 0.0000130 seconds
2016-07-14T09:01:08.139+0100: 12.533: Total time for which application threads were stopped: 0.0001157 seconds, Stopping threads took: 0.0000304 seconds
2016-07-14T09:01:08.139+0100: 12.533: Total time for which application threads were stopped: 0.0000612 seconds, Stopping threads took: 0.0000174 seconds
2016-07-14T09:01:08.590+0100: 12.992: Total time for which application threads were stopped: 0.0002728 seconds, Stopping threads took: 0.0000426 seconds
2016-07-14T09:01:08.590+0100: 12.992: Total time for which application threads were stopped: 0.0001855 seconds, Stopping threads took: 0.0000312 seconds
2016-07-14T09:01:08.590+0100: 12.993: Total time for which application threads were stopped: 0.0001449 seconds, Stopping threads took: 0.0000249 seconds
2016-07-14T09:01:08.606+0100: 13.000: Total time for which application threads were stopped: 0.0002878 seconds, Stopping threads took: 0.0001417 seconds
2016-07-14T09:01:08.606+0100: 13.000: Total time for which application threads were stopped: 0.0002053 seconds, Stopping threads took: 0.0001082 seconds
2016-07-14T09:01:08.606+0100: 13.001: Total time for which application threads were stopped: 0.0002605 seconds, Stopping threads took: 0.0000959 seconds
2016-07-14T09:01:08.606+0100: 13.001: Total time for which application threads were stopped: 0.0001954 seconds, Stopping threads took: 0.0000675 seconds
2016-07-14T09:01:08.606+0100: 13.003: Total time for which application threads were stopped: 0.0002009 seconds, Stopping threads took: 0.0000442 seconds
2016-07-14T09:01:08.606+0100: 13.004: Total time for which application threads were stopped: 0.0001307 seconds, Stopping threads took: 0.0000336 seconds
2016-07-14T09:01:08.623+0100: 13.012: Total time for which application threads were stopped: 0.0000912 seconds, Stopping threads took: 0.0000237 seconds
2016-07-14T09:01:08.623+0100: 13.012: Total time for which application threads were stopped: 0.0000663 seconds, Stopping threads took: 0.0000162 seconds
2016-07-14T09:01:08.623+0100: 13.012: Total time for which application threads were stopped: 0.0000663 seconds, Stopping threads took: 0.0000154 seconds
2016-07-14T09:01:08.623+0100: 13.012: Total time for which application threads were stopped: 0.0000675 seconds, Stopping threads took: 0.0000178 seconds
2016-07-14T09:01:08.623+0100: 13.014: Total time for which application threads were stopped: 0.0001311 seconds, Stopping threads took: 0.0000186 seconds
2016-07-14T09:01:08.623+0100: 13.014: Total time for which application threads were stopped: 0.0000774 seconds, Stopping threads took: 0.0000205 seconds
2016-07-14T09:01:08.623+0100: 13.014: Total time for which application threads were stopped: 0.0000513 seconds, Stopping threads took: 0.0000142 seconds
2016-07-14T09:01:08.623+0100: 13.014: Total time for which application threads were stopped: 0.0001161 seconds, Stopping threads took: 0.0000186 seconds
2016-07-14T09:01:08.623+0100: 13.014: Total time for which application threads were stopped: 0.0000616 seconds, Stopping threads took: 0.0000158 seconds
2016-07-14T09:01:08.623+0100: 13.021: Total time for which application threads were stopped: 0.0001232 seconds, Stopping threads took: 0.0000367 seconds
2016-07-14T09:01:08.623+0100: 13.021: Total time for which application threads were stopped: 0.0000963 seconds, Stopping threads took: 0.0000280 seconds
2016-07-14T09:01:08.623+0100: 13.021: Total time for which application threads were stopped: 0.0000762 seconds, Stopping threads took: 0.0000213 seconds
2016-07-14T09:01:08.623+0100: 13.021: Total time for which application threads were stopped: 0.0000699 seconds, Stopping threads took: 0.0000197 seconds
2016-07-14T09:01:08.639+0100: 13.034: Total time for which application threads were stopped: 0.0011061 seconds, Stopping threads took: 0.0010098 seconds
2016-07-14T09:01:08.655+0100: 13.050: Total time for which application threads were stopped: 0.0000896 seconds, Stopping threads took: 0.0000249 seconds
2016-07-14T09:01:08.655+0100: 13.050: Total time for which application threads were stopped: 0.0000568 seconds, Stopping threads took: 0.0000158 seconds
2016-07-14T09:01:08.655+0100: 13.051: Total time for which application threads were stopped: 0.0002586 seconds, Stopping threads took: 0.0000118 seconds
2016-07-14T09:01:08.739+0100: 13.131: Total time for which application threads were stopped: 0.0000801 seconds, Stopping threads took: 0.0000205 seconds
2016-07-14T09:01:08.739+0100: 13.131: Total time for which application threads were stopped: 0.0000395 seconds, Stopping threads took: 0.0000103 seconds
2016-07-14T09:01:08.739+0100: 13.132: Total time for which application threads were stopped: 0.0000490 seconds, Stopping threads took: 0.0000130 seconds
2016-07-14T09:01:08.739+0100: 13.132: Total time for which application threads were stopped: 0.0000490 seconds, Stopping threads took: 0.0000134 seconds
2016-07-14T09:01:08.739+0100: 13.135: Total time for which application threads were stopped: 0.0000699 seconds, Stopping threads took: 0.0000201 seconds
2016-07-14T09:01:08.802+0100: 13.201: Total time for which application threads were stopped: 0.0002669 seconds, Stopping threads took: 0.0000229 seconds
2016-07-14T09:01:09.040+0100: 13.440: Total time for which application threads were stopped: 0.0001374 seconds, Stopping threads took: 0.0000647 seconds
2016-07-14T09:01:09.203+0100: 13.598: Total time for which application threads were stopped: 0.0013809 seconds, Stopping threads took: 0.0012786 seconds
2016-07-14T09:01:09.203+0100: 13.598: Total time for which application threads were stopped: 0.0001338 seconds, Stopping threads took: 0.0000411 seconds
2016-07-14T09:01:09.203+0100: 13.598: Total time for which application threads were stopped: 0.0003423 seconds, Stopping threads took: 0.0000446 seconds
2016-07-14T09:01:10.207+0100: 14.595: Total time for which application threads were stopped: 0.0001022 seconds, Stopping threads took: 0.0000316 seconds
{Heap before GC invocations=1 (full 0):
 par new generation   total 109248K, used 93262K [0x00000000e0000000, 0x00000000e8000000, 0x00000000e8000000)
  eden space 87424K, 100% used [0x00000000e0000000, 0x00000000e5560000, 0x00000000e5560000)
  from space 21824K,  26% used [0x00000000e6ab0000, 0x00000000e70638e8, 0x00000000e8000000)
  to   space 21824K,   0% used [0x00000000e5560000, 0x00000000e5560000, 0x00000000e6ab0000)
 concurrent mark-sweep generation total 393216K, used 0K [0x00000000e8000000, 0x0000000100000000, 0x0000000100000000)
 Metaspace       used 20482K, capacity 20758K, committed 20992K, reserved 1067008K
  class space    used 2453K, capacity 2550K, committed 2560K, reserved 1048576K
2016-07-14T09:01:11.748+0100: 16.136: [GC (Allocation Failure) 2016-07-14T09:01:11.748+0100: 16.136: [ParNew
Desired survivor size 20112992 bytes, new threshold 8 (max 8)
- age   1:    9271184 bytes,    9271184 total
- age   2:    2597000 bytes,   11868184 total
: 93262K->12757K(109248K), 0.0105768 secs] 93262K->12757K(502464K), 0.0106644 secs] [Times: user=0.00 sys=0.00, real=0.01 secs] 
Heap after GC invocations=2 (full 0):
 par new generation   total 109248K, used 12757K [0x00000000e0000000, 0x00000000e8000000, 0x00000000e8000000)
  eden space 87424K,   0% used [0x00000000e0000000, 0x00000000e0000000, 0x00000000e5560000)
  from space 21824K,  58% used [0x00000000e5560000, 0x00000000e61d57e8, 0x00000000e6ab0000)
  to   space 21824K,   0% used [0x00000000e6ab0000, 0x00000000e6ab0000, 0x00000000e8000000)
 concurrent mark-sweep generation total 393216K, used 0K [0x00000000e8000000, 0x0000000100000000, 0x0000000100000000)
 Metaspace       used 20482K, capacity 20758K, committed 20992K, reserved 1067008K
  class space    used 2453K, capacity 2550K, committed 2560K, reserved 1048576K
}
2016-07-14T09:01:11.758+0100: 16.147: Total time for which application threads were stopped: 0.0109028 seconds, Stopping threads took: 0.0000446 seconds
2016-07-14T09:01:11.759+0100: 16.147: Total time for which application threads were stopped: 0.0001038 seconds, Stopping threads took: 0.0000300 seconds
2016-07-14T09:01:11.760+0100: 16.148: Total time for which application threads were stopped: 0.0000592 seconds, Stopping threads took: 0.0000257 seconds
2016-07-14T09:01:11.761+0100: 16.149: Total time for which application threads were stopped: 0.0000695 seconds, Stopping threads took: 0.0000387 seconds
2016-07-14T09:01:11.761+0100: 16.149: Total time for which application threads were stopped: 0.0000853 seconds, Stopping threads took: 0.0000217 seconds
2016-07-14T09:01:12.775+0100: 17.163: Total time for which application threads were stopped: 0.0002969 seconds, Stopping threads took: 0.0000841 seconds
2016-07-14T09:01:13.475+0100: 17.869: Total time for which application threads were stopped: 0.0000943 seconds, Stopping threads took: 0.0000304 seconds
2016-07-14T09:01:13.591+0100: 17.990: Total time for which application threads were stopped: 0.0003044 seconds, Stopping threads took: 0.0000367 seconds
2016-07-14T09:01:13.629+0100: 18.021: Total time for which application threads were stopped: 0.0001161 seconds, Stopping threads took: 0.0000383 seconds
2016-07-14T09:01:13.629+0100: 18.022: Total time for which application threads were stopped: 0.0000687 seconds, Stopping threads took: 0.0000201 seconds
2016-07-14T09:01:13.629+0100: 18.022: Total time for which application threads were stopped: 0.0000624 seconds, Stopping threads took: 0.0000225 seconds
2016-07-14T09:01:13.692+0100: 18.084: Total time for which application threads were stopped: 0.0000865 seconds, Stopping threads took: 0.0000225 seconds
2016-07-14T09:01:13.760+0100: 18.149: [GC (CMS Initial Mark) [1 CMS-initial-mark: 0K(393216K)] 44011K(502464K), 0.0063450 secs] [Times: user=0.00 sys=0.00, real=0.00 secs] 
2016-07-14T09:01:13.760+0100: 18.155: Total time for which application threads were stopped: 0.0065013 seconds, Stopping threads took: 0.0000241 seconds
2016-07-14T09:01:13.760+0100: 18.155: [CMS-concurrent-mark-start]
2016-07-14T09:01:13.760+0100: 18.155: [CMS-concurrent-mark: 0.000/0.000 secs] [Times: user=0.00 sys=0.00, real=0.00 secs] 
2016-07-14T09:01:13.760+0100: 18.155: [CMS-concurrent-preclean-start]
2016-07-14T09:01:13.760+0100: 18.156: [CMS-concurrent-preclean: 0.001/0.001 secs] [Times: user=0.00 sys=0.00, real=0.00 secs] 
2016-07-14T09:01:13.760+0100: 18.156: [CMS-concurrent-abortable-preclean-start]
2016-07-14T09:01:13.776+0100: 18.168: Total time for which application threads were stopped: 0.0000588 seconds, Stopping threads took: 0.0000193 seconds
2016-07-14T09:01:13.776+0100: 18.172: Total time for which application threads were stopped: 0.0000782 seconds, Stopping threads took: 0.0000292 seconds
2016-07-14T09:01:13.776+0100: 18.172: Total time for which application threads were stopped: 0.0000797 seconds, Stopping threads took: 0.0000300 seconds
2016-07-14T09:01:14.077+0100: 18.470: Total time for which application threads were stopped: 0.0000841 seconds, Stopping threads took: 0.0000264 seconds
2016-07-14T09:01:14.246+0100: 18.638: Total time for which application threads were stopped: 0.0000888 seconds, Stopping threads took: 0.0000241 seconds
2016-07-14T09:01:14.246+0100: 18.638: Total time for which application threads were stopped: 0.0000355 seconds, Stopping threads took: 0.0000095 seconds
2016-07-14T09:01:14.329+0100: 18.718: Total time for which application threads were stopped: 0.0000754 seconds, Stopping threads took: 0.0000264 seconds
2016-07-14T09:01:14.351+0100: 18.740: Total time for which application threads were stopped: 0.0000659 seconds, Stopping threads took: 0.0000213 seconds
2016-07-14T09:01:14.351+0100: 18.740: Total time for which application threads were stopped: 0.0001176 seconds, Stopping threads took: 0.0000111 seconds
2016-07-14T09:01:14.510+0100: 18.902: Total time for which application threads were stopped: 0.0000687 seconds, Stopping threads took: 0.0000249 seconds
2016-07-14T09:01:14.667+0100: 19.056: Total time for which application threads were stopped: 0.0000967 seconds, Stopping threads took: 0.0000249 seconds
2016-07-14T09:01:14.711+0100: 19.100: Total time for which application threads were stopped: 0.0000738 seconds, Stopping threads took: 0.0000182 seconds
2016-07-14T09:01:14.736+0100: 19.125: Total time for which application threads were stopped: 0.0001141 seconds, Stopping threads took: 0.0000284 seconds
2016-07-14T09:01:14.888+0100: 19.276: Total time for which application threads were stopped: 0.0000943 seconds, Stopping threads took: 0.0000264 seconds
2016-07-14T09:01:15.114+0100: 19.502: Total time for which application threads were stopped: 0.0000959 seconds, Stopping threads took: 0.0000268 seconds
2016-07-14T09:01:15.532+0100: 19.921: Total time for which application threads were stopped: 0.0028809 seconds, Stopping threads took: 0.0028083 seconds
2016-07-14T09:01:15.533+0100: 19.921: Total time for which application threads were stopped: 0.0000722 seconds, Stopping threads took: 0.0000229 seconds
2016-07-14T09:01:15.534+0100: 19.922: Total time for which application threads were stopped: 0.0000786 seconds, Stopping threads took: 0.0000130 seconds
2016-07-14T09:01:15.580+0100: 19.968: Total time for which application threads were stopped: 0.0000947 seconds, Stopping threads took: 0.0000288 seconds
2016-07-14T09:01:15.634+0100: 20.022: Total time for which application threads were stopped: 0.0000943 seconds, Stopping threads took: 0.0000257 seconds
2016-07-14T09:01:15.648+0100: 20.036: Total time for which application threads were stopped: 0.0000821 seconds, Stopping threads took: 0.0000272 seconds
2016-07-14T09:01:15.648+0100: 20.036: Total time for which application threads were stopped: 0.0000486 seconds, Stopping threads took: 0.0000138 seconds
2016-07-14T09:01:15.699+0100: 20.087: Total time for which application threads were stopped: 0.0000951 seconds, Stopping threads took: 0.0000268 seconds
2016-07-14T09:01:15.746+0100: 20.134: Total time for which application threads were stopped: 0.0001003 seconds, Stopping threads took: 0.0000336 seconds
2016-07-14T09:01:15.763+0100: 20.151: Total time for which application threads were stopped: 0.0000817 seconds, Stopping threads took: 0.0000272 seconds
2016-07-14T09:01:15.764+0100: 20.152: Total time for which application threads were stopped: 0.0000628 seconds, Stopping threads took: 0.0000182 seconds
2016-07-14T09:01:15.805+0100: 20.193: Total time for which application threads were stopped: 0.0001259 seconds, Stopping threads took: 0.0000336 seconds
2016-07-14T09:01:15.841+0100: 20.229: Total time for which application threads were stopped: 0.0000920 seconds, Stopping threads took: 0.0000288 seconds
2016-07-14T09:01:15.908+0100: 20.296: Total time for which application threads were stopped: 0.0000940 seconds, Stopping threads took: 0.0000241 seconds
2016-07-14T09:01:15.928+0100: 20.316: Total time for which application threads were stopped: 0.0001018 seconds, Stopping threads took: 0.0000316 seconds
2016-07-14T09:01:15.928+0100: 20.316: Total time for which application threads were stopped: 0.0000620 seconds, Stopping threads took: 0.0000209 seconds
2016-07-14T09:01:15.929+0100: 20.318: Total time for which application threads were stopped: 0.0000647 seconds, Stopping threads took: 0.0000193 seconds
2016-07-14T09:01:15.930+0100: 20.318: Total time for which application threads were stopped: 0.0000493 seconds, Stopping threads took: 0.0000174 seconds
 CMS: abort preclean due to time 2016-07-14T09:01:19.902+0100: 24.297: [CMS-concurrent-abortable-preclean: 2.167/6.141 secs] [Times: user=2.97 sys=0.09, real=6.14 secs] 
2016-07-14T09:01:19.902+0100: 24.297: [GC (CMS Final Remark) [YG occupancy: 93834 K (109248 K)]{Heap before GC invocations=2 (full 1):
 par new generation   total 109248K, used 93834K [0x00000000e0000000, 0x00000000e8000000, 0x00000000e8000000)
  eden space 87424K,  92% used [0x00000000e0000000, 0x00000000e4f2d238, 0x00000000e5560000)
  from space 21824K,  58% used [0x00000000e5560000, 0x00000000e61d57e8, 0x00000000e6ab0000)
  to   space 21824K,   0% used [0x00000000e6ab0000, 0x00000000e6ab0000, 0x00000000e8000000)
 concurrent mark-sweep generation total 393216K, used 0K [0x00000000e8000000, 0x0000000100000000, 0x0000000100000000)
 Metaspace       used 25451K, capacity 25830K, committed 26200K, reserved 1073152K
  class space    used 3100K, capacity 3200K, committed 3244K, reserved 1048576K
2016-07-14T09:01:19.902+0100: 24.297: [GC (CMS Final Remark) 2016-07-14T09:01:19.902+0100: 24.297: [ParNew
Desired survivor size 20112992 bytes, new threshold 8 (max 8)
- age   1:    4809008 bytes,    4809008 total
- age   2:    2914944 bytes,    7723952 total
- age   3:    2592360 bytes,   10316312 total
: 93834K->14510K(109248K), 0.0154840 secs] 93834K->14510K(502464K), 0.0155590 secs] [Times: user=0.03 sys=0.00, real=0.02 secs] 
Heap after GC invocations=3 (full 1):
 par new generation   total 109248K, used 14510K [0x00000000e0000000, 0x00000000e8000000, 0x00000000e8000000)
  eden space 87424K,   0% used [0x00000000e0000000, 0x00000000e0000000, 0x00000000e5560000)
  from space 21824K,  66% used [0x00000000e6ab0000, 0x00000000e78dbae0, 0x00000000e8000000)
  to   space 21824K,   0% used [0x00000000e5560000, 0x00000000e5560000, 0x00000000e6ab0000)
 concurrent mark-sweep generation total 393216K, used 0K [0x00000000e8000000, 0x0000000100000000, 0x0000000100000000)
 Metaspace       used 25451K, capacity 25830K, committed 26200K, reserved 1073152K
  class space    used 3100K, capacity 3200K, committed 3244K, reserved 1048576K
}
2016-07-14T09:01:19.917+0100: 24.313: [Rescan (parallel) , 0.0044181 secs]2016-07-14T09:01:19.917+0100: 24.317: [weak refs processing, 0.0007658 secs]2016-07-14T09:01:19.917+0100: 24.318: [class unloading, 0.0041754 secs]2016-07-14T09:01:19.933+0100: 24.322: [scrub symbol table, 0.0059210 secs]2016-07-14T09:01:19.933+0100: 24.328: [scrub string table, 0.0004532 secs][1 CMS-remark: 0K(393216K)] 14510K(502464K), 0.0323852 secs] [Times: user=0.05 sys=0.00, real=0.03 secs] 
2016-07-14T09:01:19.933+0100: 24.329: Total time for which application threads were stopped: 0.0325068 seconds, Stopping threads took: 0.0000312 seconds
2016-07-14T09:01:19.933+0100: 24.329: [CMS-concurrent-sweep-start]
2016-07-14T09:01:19.933+0100: 24.329: [CMS-concurrent-sweep: 0.000/0.000 secs] [Times: user=0.00 sys=0.00, real=0.00 secs] 
2016-07-14T09:01:19.933+0100: 24.329: [CMS-concurrent-reset-start]
2016-07-14T09:01:19.933+0100: 24.332: [CMS-concurrent-reset: 0.002/0.002 secs] [Times: user=0.00 sys=0.00, real=0.00 secs] 
2016-07-14T09:01:19.933+0100: 24.332: Total time for which application threads were stopped: 0.0000726 seconds, Stopping threads took: 0.0000288 seconds
2016-07-14T09:01:27.017+0100: 31.405: Total time for which application threads were stopped: 0.0002029 seconds, Stopping threads took: 0.0001121 seconds
2016-07-14T09:01:27.017+0100: 31.405: Total time for which application threads were stopped: 0.0001157 seconds, Stopping threads took: 0.0000292 seconds
2016-07-14T09:01:27.017+0100: 31.406: Total time for which application threads were stopped: 0.0000647 seconds, Stopping threads took: 0.0000221 seconds
2016-07-14T09:01:27.017+0100: 31.406: Total time for which application threads were stopped: 0.0000616 seconds, Stopping threads took: 0.0000205 seconds
2016-07-14T09:01:27.017+0100: 31.406: Total time for which application threads were stopped: 0.0000683 seconds, Stopping threads took: 0.0000237 seconds
2016-07-14T09:01:27.017+0100: 31.406: Total time for which application threads were stopped: 0.0003221 seconds, Stopping threads took: 0.0002830 seconds
2016-07-14T09:01:27.017+0100: 31.406: Total time for which application threads were stopped: 0.0000426 seconds, Stopping threads took: 0.0000134 seconds
2016-07-14T09:01:27.017+0100: 31.406: Total time for which application threads were stopped: 0.0000801 seconds, Stopping threads took: 0.0000501 seconds
2016-07-14T09:01:27.017+0100: 31.407: Total time for which application threads were stopped: 0.0000462 seconds, Stopping threads took: 0.0000170 seconds
2016-07-14T09:01:27.017+0100: 31.407: Total time for which application threads were stopped: 0.0000947 seconds, Stopping threads took: 0.0000592 seconds
2016-07-14T09:01:27.017+0100: 31.407: Total time for which application threads were stopped: 0.0000557 seconds, Stopping threads took: 0.0000233 seconds
2016-07-14T09:01:27.017+0100: 31.407: Total time for which application threads were stopped: 0.0000505 seconds, Stopping threads took: 0.0000189 seconds
2016-07-14T09:01:27.017+0100: 31.407: Total time for which application threads were stopped: 0.0000434 seconds, Stopping threads took: 0.0000154 seconds
2016-07-14T09:01:27.320+0100: 31.709: Total time for which application threads were stopped: 0.0000888 seconds, Stopping threads took: 0.0000395 seconds
2016-07-14T09:01:27.541+0100: 31.929: Total time for which application threads were stopped: 0.0001117 seconds, Stopping threads took: 0.0000395 seconds
2016-07-14T09:01:27.541+0100: 31.930: Total time for which application threads were stopped: 0.0000722 seconds, Stopping threads took: 0.0000209 seconds
2016-07-14T09:01:27.595+0100: 31.983: Total time for which application threads were stopped: 0.0000884 seconds, Stopping threads took: 0.0000339 seconds
2016-07-14T09:01:30.901+0100: 35.289: Total time for which application threads were stopped: 0.0000932 seconds, Stopping threads took: 0.0000249 seconds
2016-07-14T09:01:31.092+0100: 35.480: Total time for which application threads were stopped: 0.0000912 seconds, Stopping threads took: 0.0000312 seconds
2016-07-14T09:01:31.093+0100: 35.481: Total time for which application threads were stopped: 0.0000600 seconds, Stopping threads took: 0.0000193 seconds
2016-07-14T09:01:31.093+0100: 35.481: Total time for which application threads were stopped: 0.0000561 seconds, Stopping threads took: 0.0000178 seconds
2016-07-14T09:01:31.093+0100: 35.481: Total time for which application threads were stopped: 0.0000478 seconds, Stopping threads took: 0.0000150 seconds
2016-07-14T09:01:31.093+0100: 35.481: Total time for which application threads were stopped: 0.0000493 seconds, Stopping threads took: 0.0000154 seconds
2016-07-14T09:01:31.094+0100: 35.482: Total time for which application threads were stopped: 0.0000624 seconds, Stopping threads took: 0.0000213 seconds
2016-07-14T09:01:31.094+0100: 35.482: Total time for which application threads were stopped: 0.0000505 seconds, Stopping threads took: 0.0000154 seconds
2016-07-14T09:01:31.094+0100: 35.482: Total time for which application threads were stopped: 0.0000454 seconds, Stopping threads took: 0.0000118 seconds
2016-07-14T09:01:31.094+0100: 35.482: Total time for which application threads were stopped: 0.0000407 seconds, Stopping threads took: 0.0000103 seconds
2016-07-14T09:01:31.094+0100: 35.483: Total time for which application threads were stopped: 0.0000387 seconds, Stopping threads took: 0.0000095 seconds
2016-07-14T09:01:31.094+0100: 35.483: Total time for which application threads were stopped: 0.0000391 seconds, Stopping threads took: 0.0000091 seconds
2016-07-14T09:01:31.094+0100: 35.483: Total time for which application threads were stopped: 0.0000501 seconds, Stopping threads took: 0.0000189 seconds
2016-07-14T09:01:31.095+0100: 35.483: Total time for which application threads were stopped: 0.0000541 seconds, Stopping threads took: 0.0000186 seconds
2016-07-14T09:01:31.116+0100: 35.504: Total time for which application threads were stopped: 0.0000896 seconds, Stopping threads took: 0.0000257 seconds
2016-07-14T09:01:31.116+0100: 35.504: Total time for which application threads were stopped: 0.0000667 seconds, Stopping threads took: 0.0000166 seconds
2016-07-14T09:01:31.593+0100: 35.981: Total time for which application threads were stopped: 0.0000951 seconds, Stopping threads took: 0.0000284 seconds
2016-07-14T09:01:31.593+0100: 35.981: Total time for which application threads were stopped: 0.0000343 seconds, Stopping threads took: 0.0000103 seconds
2016-07-14T09:01:31.593+0100: 35.981: Total time for which application threads were stopped: 0.0001121 seconds, Stopping threads took: 0.0000201 seconds
2016-07-14T09:01:31.594+0100: 35.982: Total time for which application threads were stopped: 0.0000355 seconds, Stopping threads took: 0.0000182 seconds
2016-07-14T09:01:37.019+0100: 41.407: Total time for which application threads were stopped: 0.0000872 seconds, Stopping threads took: 0.0000300 seconds
2016-07-14T09:01:37.019+0100: 41.408: Total time for which application threads were stopped: 0.0000608 seconds, Stopping threads took: 0.0000201 seconds
2016-07-14T09:01:37.019+0100: 41.408: Total time for which application threads were stopped: 0.0000568 seconds, Stopping threads took: 0.0000182 seconds
2016-07-14T09:01:38.019+0100: 42.407: Total time for which application threads were stopped: 0.0000817 seconds, Stopping threads took: 0.0000249 seconds
2016-07-14T09:03:52.346+0100: 176.734: Total time for which application threads were stopped: 0.0004141 seconds, Stopping threads took: 0.0001212 seconds
2016-07-14T09:03:54.347+0100: 178.735: Total time for which application threads were stopped: 0.0001997 seconds, Stopping threads took: 0.0000565 seconds
2016-07-14T09:05:46.089+0100: 290.477: Total time for which application threads were stopped: 0.0001295 seconds, Stopping threads took: 0.0000438 seconds
2016-07-14T09:05:46.090+0100: 290.478: Total time for which application threads were stopped: 0.0000900 seconds, Stopping threads took: 0.0000336 seconds
2016-07-14T09:05:46.091+0100: 290.479: Total time for which application threads were stopped: 0.0002049 seconds, Stopping threads took: 0.0001129 seconds
2016-07-14T09:05:46.092+0100: 290.480: Total time for which application threads were stopped: 0.0002325 seconds, Stopping threads took: 0.0001690 seconds
2016-07-14T09:05:46.101+0100: 290.489: Total time for which application threads were stopped: 0.0002037 seconds, Stopping threads took: 0.0000979 seconds
2016-07-14T09:05:46.116+0100: 290.504: Total time for which application threads were stopped: 0.0001034 seconds, Stopping threads took: 0.0000375 seconds
2016-07-14T09:05:46.117+0100: 290.505: Total time for which application threads were stopped: 0.0000888 seconds, Stopping threads took: 0.0000308 seconds
2016-07-14T09:05:46.119+0100: 290.507: Total time for which application threads were stopped: 0.0001240 seconds, Stopping threads took: 0.0000553 seconds
2016-07-14T09:05:46.123+0100: 290.511: Total time for which application threads were stopped: 0.0000924 seconds, Stopping threads took: 0.0000304 seconds
2016-07-14T09:05:46.128+0100: 290.516: Total time for which application threads were stopped: 0.0001204 seconds, Stopping threads took: 0.0000253 seconds
2016-07-14T09:05:46.129+0100: 290.517: Total time for which application threads were stopped: 0.0000896 seconds, Stopping threads took: 0.0000178 seconds
2016-07-14T09:05:46.134+0100: 290.522: Total time for which application threads were stopped: 0.0000987 seconds, Stopping threads took: 0.0000241 seconds
2016-07-14T09:05:46.134+0100: 290.522: Total time for which application threads were stopped: 0.0000695 seconds, Stopping threads took: 0.0000142 seconds
2016-07-14T09:05:46.136+0100: 290.524: Total time for which application threads were stopped: 0.0001026 seconds, Stopping threads took: 0.0000221 seconds
2016-07-14T09:05:46.136+0100: 290.524: Total time for which application threads were stopped: 0.0000904 seconds, Stopping threads took: 0.0000205 seconds
2016-07-14T09:05:46.137+0100: 290.525: Total time for which application threads were stopped: 0.0001607 seconds, Stopping threads took: 0.0000213 seconds
2016-07-14T09:05:46.139+0100: 290.527: Total time for which application threads were stopped: 0.0002021 seconds, Stopping threads took: 0.0000336 seconds
2016-07-14T09:05:46.142+0100: 290.530: Total time for which application threads were stopped: 0.0003111 seconds, Stopping threads took: 0.0000541 seconds
2016-07-14T09:05:46.147+0100: 290.535: Total time for which application threads were stopped: 0.0001113 seconds, Stopping threads took: 0.0000343 seconds
2016-07-14T09:05:46.150+0100: 290.538: Total time for which application threads were stopped: 0.0001129 seconds, Stopping threads took: 0.0000383 seconds
2016-07-14T09:05:47.159+0100: 291.547: Total time for which application threads were stopped: 0.0002195 seconds, Stopping threads took: 0.0000971 seconds
2016-07-14T09:11:29.051+0100: 633.439: Total time for which application threads were stopped: 0.0001453 seconds, Stopping threads took: 0.0000659 seconds
2016-07-14T09:11:29.134+0100: 633.522: Total time for which application threads were stopped: 0.0006486 seconds, Stopping threads took: 0.0000312 seconds
2016-07-14T09:11:29.160+0100: 633.549: Total time for which application threads were stopped: 0.0001247 seconds, Stopping threads took: 0.0000383 seconds
2016-07-14T09:11:29.189+0100: 633.578: Total time for which application threads were stopped: 0.0001058 seconds, Stopping threads took: 0.0000292 seconds
2016-07-14T09:11:29.218+0100: 633.606: Total time for which application threads were stopped: 0.0004224 seconds, Stopping threads took: 0.0000296 seconds
2016-07-14T09:11:29.304+0100: 633.693: Total time for which application threads were stopped: 0.0000655 seconds, Stopping threads took: 0.0000237 seconds
2016-07-14T09:11:29.305+0100: 633.693: Total time for which application threads were stopped: 0.0000849 seconds, Stopping threads took: 0.0000474 seconds
2016-07-14T09:11:29.305+0100: 633.693: Total time for which application threads were stopped: 0.0000541 seconds, Stopping threads took: 0.0000332 seconds
2016-07-14T09:11:29.305+0100: 633.693: Total time for which application threads were stopped: 0.0001247 seconds, Stopping threads took: 0.0000963 seconds
2016-07-14T09:11:30.305+0100: 634.693: Total time for which application threads were stopped: 0.0000782 seconds, Stopping threads took: 0.0000272 seconds
2016-07-14T09:12:52.899+0100: 717.287: Total time for which application threads were stopped: 0.0001117 seconds, Stopping threads took: 0.0000359 seconds
2016-07-14T09:12:52.899+0100: 717.287: Total time for which application threads were stopped: 0.0000501 seconds, Stopping threads took: 0.0000122 seconds
2016-07-14T09:12:52.913+0100: 717.301: Total time for which application threads were stopped: 0.0000932 seconds, Stopping threads took: 0.0000324 seconds
2016-07-14T09:12:52.914+0100: 717.303: Total time for which application threads were stopped: 0.0000754 seconds, Stopping threads took: 0.0000257 seconds
2016-07-14T09:12:52.914+0100: 717.303: Total time for which application threads were stopped: 0.0000418 seconds, Stopping threads took: 0.0000142 seconds
2016-07-14T09:12:52.914+0100: 717.303: Total time for which application threads were stopped: 0.0000872 seconds, Stopping threads took: 0.0000229 seconds
2016-07-14T09:12:52.915+0100: 717.303: Total time for which application threads were stopped: 0.0000545 seconds, Stopping threads took: 0.0000213 seconds
2016-07-14T09:12:52.915+0100: 717.303: Total time for which application threads were stopped: 0.0000509 seconds, Stopping threads took: 0.0000233 seconds
2016-07-14T09:12:52.915+0100: 717.303: Total time for which application threads were stopped: 0.0000343 seconds, Stopping threads took: 0.0000095 seconds
2016-07-14T09:12:52.915+0100: 717.303: Total time for which application threads were stopped: 0.0000466 seconds, Stopping threads took: 0.0000205 seconds
2016-07-14T09:12:52.915+0100: 717.303: Total time for which application threads were stopped: 0.0000434 seconds, Stopping threads took: 0.0000174 seconds
2016-07-14T09:12:52.915+0100: 717.303: Total time for which application threads were stopped: 0.0000430 seconds, Stopping threads took: 0.0000178 seconds
2016-07-14T09:12:52.915+0100: 717.303: Total time for which application threads were stopped: 0.0000418 seconds, Stopping threads took: 0.0000166 seconds
2016-07-14T09:12:52.915+0100: 717.303: Total time for which application threads were stopped: 0.0000359 seconds, Stopping threads took: 0.0000114 seconds
2016-07-14T09:12:52.915+0100: 717.303: Total time for which application threads were stopped: 0.0000450 seconds, Stopping threads took: 0.0000201 seconds
2016-07-14T09:12:52.915+0100: 717.303: Total time for which application threads were stopped: 0.0000426 seconds, Stopping threads took: 0.0000174 seconds
2016-07-14T09:12:52.915+0100: 717.303: Total time for which application threads were stopped: 0.0000332 seconds, Stopping threads took: 0.0000091 seconds
2016-07-14T09:12:52.915+0100: 717.304: Total time for which application threads were stopped: 0.0000343 seconds, Stopping threads took: 0.0000099 seconds
2016-07-14T09:12:52.915+0100: 717.304: Total time for which application threads were stopped: 0.0000288 seconds, Stopping threads took: 0.0000103 seconds
2016-07-14T09:12:52.915+0100: 717.304: Total time for which application threads were stopped: 0.0000351 seconds, Stopping threads took: 0.0000095 seconds
2016-07-14T09:12:52.915+0100: 717.304: Total time for which application threads were stopped: 0.0000513 seconds, Stopping threads took: 0.0000233 seconds
2016-07-14T09:12:52.916+0100: 717.304: Total time for which application threads were stopped: 0.0000339 seconds, Stopping threads took: 0.0000114 seconds
2016-07-14T09:12:52.916+0100: 717.304: Total time for which application threads were stopped: 0.0002436 seconds, Stopping threads took: 0.0000272 seconds
2016-07-14T09:12:52.916+0100: 717.304: Total time for which application threads were stopped: 0.0000336 seconds, Stopping threads took: 0.0000118 seconds
2016-07-14T09:12:52.918+0100: 717.306: Total time for which application threads were stopped: 0.0000857 seconds, Stopping threads took: 0.0000233 seconds
2016-07-14T09:12:52.918+0100: 717.306: Total time for which application threads were stopped: 0.0000592 seconds, Stopping threads took: 0.0000158 seconds
2016-07-14T09:12:52.918+0100: 717.306: Total time for which application threads were stopped: 0.0000576 seconds, Stopping threads took: 0.0000182 seconds
2016-07-14T09:12:52.918+0100: 717.306: Total time for which application threads were stopped: 0.0000399 seconds, Stopping threads took: 0.0000103 seconds
2016-07-14T09:12:52.918+0100: 717.306: Total time for which application threads were stopped: 0.0000411 seconds, Stopping threads took: 0.0000130 seconds
2016-07-14T09:12:52.918+0100: 717.307: Total time for which application threads were stopped: 0.0000450 seconds, Stopping threads took: 0.0000122 seconds
2016-07-14T09:12:52.919+0100: 717.307: Total time for which application threads were stopped: 0.0000434 seconds, Stopping threads took: 0.0000162 seconds
2016-07-14T09:12:52.919+0100: 717.307: Total time for which application threads were stopped: 0.0000497 seconds, Stopping threads took: 0.0000158 seconds
2016-07-14T09:12:52.919+0100: 717.307: Total time for which application threads were stopped: 0.0000438 seconds, Stopping threads took: 0.0000118 seconds
2016-07-14T09:12:52.921+0100: 717.309: Total time for which application threads were stopped: 0.0000904 seconds, Stopping threads took: 0.0000336 seconds
2016-07-14T09:12:52.921+0100: 717.309: Total time for which application threads were stopped: 0.0000521 seconds, Stopping threads took: 0.0000170 seconds
2016-07-14T09:12:52.925+0100: 717.313: Total time for which application threads were stopped: 0.0001437 seconds, Stopping threads took: 0.0000490 seconds
2016-07-14T09:12:52.925+0100: 717.313: Total time for which application threads were stopped: 0.0001101 seconds, Stopping threads took: 0.0000561 seconds
2016-07-14T09:12:52.925+0100: 717.313: Total time for which application threads were stopped: 0.0000450 seconds, Stopping threads took: 0.0000118 seconds
2016-07-14T09:12:52.946+0100: 717.335: Total time for which application threads were stopped: 0.0000703 seconds, Stopping threads took: 0.0000189 seconds
2016-07-14T09:12:52.947+0100: 717.335: Total time for which application threads were stopped: 0.0000486 seconds, Stopping threads took: 0.0000213 seconds
2016-07-14T09:12:52.947+0100: 717.335: Total time for which application threads were stopped: 0.0000276 seconds, Stopping threads took: 0.0000071 seconds
2016-07-14T09:12:52.953+0100: 717.342: Total time for which application threads were stopped: 0.0000659 seconds, Stopping threads took: 0.0000193 seconds
2016-07-14T09:12:52.959+0100: 717.347: Total time for which application threads were stopped: 0.0000608 seconds, Stopping threads took: 0.0000205 seconds
2016-07-14T09:12:52.959+0100: 717.347: Total time for which application threads were stopped: 0.0000367 seconds, Stopping threads took: 0.0000099 seconds
2016-07-14T09:12:52.959+0100: 717.347: Total time for which application threads were stopped: 0.0000470 seconds, Stopping threads took: 0.0000205 seconds
2016-07-14T09:12:52.959+0100: 717.347: Total time for which application threads were stopped: 0.0000422 seconds, Stopping threads took: 0.0000186 seconds
2016-07-14T09:12:52.961+0100: 717.349: Total time for which application threads were stopped: 0.0000683 seconds, Stopping threads took: 0.0000249 seconds
2016-07-14T09:12:52.961+0100: 717.349: Total time for which application threads were stopped: 0.0000300 seconds, Stopping threads took: 0.0000083 seconds
2016-07-14T09:12:52.962+0100: 717.351: Total time for which application threads were stopped: 0.0000458 seconds, Stopping threads took: 0.0000217 seconds
2016-07-14T09:12:52.962+0100: 717.351: Total time for which application threads were stopped: 0.0001129 seconds, Stopping threads took: 0.0000095 seconds
2016-07-14T09:12:53.070+0100: 717.459: Total time for which application threads were stopped: 0.0001176 seconds, Stopping threads took: 0.0000316 seconds
2016-07-14T09:12:53.070+0100: 717.459: Total time for which application threads were stopped: 0.0000675 seconds, Stopping threads took: 0.0000193 seconds
2016-07-14T09:12:53.070+0100: 717.459: Total time for which application threads were stopped: 0.0000513 seconds, Stopping threads took: 0.0000142 seconds
2016-07-14T09:12:53.104+0100: 717.493: Total time for which application threads were stopped: 0.0000718 seconds, Stopping threads took: 0.0000225 seconds
2016-07-14T09:12:53.108+0100: 717.496: Total time for which application threads were stopped: 0.0000695 seconds, Stopping threads took: 0.0000229 seconds
2016-07-14T09:12:53.108+0100: 717.496: Total time for which application threads were stopped: 0.0000450 seconds, Stopping threads took: 0.0000138 seconds
2016-07-14T09:12:53.108+0100: 717.496: Total time for which application threads were stopped: 0.0000296 seconds, Stopping threads took: 0.0000091 seconds
2016-07-14T09:12:53.123+0100: 717.511: Total time for which application threads were stopped: 0.0001453 seconds, Stopping threads took: 0.0000537 seconds
2016-07-14T09:12:53.134+0100: 717.522: Total time for which application threads were stopped: 0.0000884 seconds, Stopping threads took: 0.0000276 seconds
2016-07-14T09:12:53.134+0100: 717.522: Total time for which application threads were stopped: 0.0000561 seconds, Stopping threads took: 0.0000162 seconds
2016-07-14T09:12:53.134+0100: 717.523: Total time for which application threads were stopped: 0.0000458 seconds, Stopping threads took: 0.0000130 seconds
2016-07-14T09:12:53.153+0100: 717.541: Total time for which application threads were stopped: 0.0000699 seconds, Stopping threads took: 0.0000209 seconds
2016-07-14T09:12:53.154+0100: 717.543: Total time for which application threads were stopped: 0.0000636 seconds, Stopping threads took: 0.0000189 seconds
2016-07-14T09:12:53.154+0100: 717.543: Total time for which application threads were stopped: 0.0000288 seconds, Stopping threads took: 0.0000091 seconds
2016-07-14T09:12:53.154+0100: 717.543: Total time for which application threads were stopped: 0.0000284 seconds, Stopping threads took: 0.0000095 seconds
2016-07-14T09:12:53.169+0100: 717.557: Total time for which application threads were stopped: 0.0001011 seconds, Stopping threads took: 0.0000300 seconds
2016-07-14T09:12:53.173+0100: 717.561: Total time for which application threads were stopped: 0.0001054 seconds, Stopping threads took: 0.0000422 seconds
2016-07-14T09:12:53.173+0100: 717.561: Total time for which application threads were stopped: 0.0001078 seconds, Stopping threads took: 0.0000746 seconds
2016-07-14T09:12:53.173+0100: 717.561: Total time for which application threads were stopped: 0.0000793 seconds, Stopping threads took: 0.0000158 seconds
2016-07-14T09:12:53.174+0100: 717.562: Total time for which application threads were stopped: 0.0000592 seconds, Stopping threads took: 0.0000182 seconds
2016-07-14T09:12:53.214+0100: 717.603: Total time for which application threads were stopped: 0.0000699 seconds, Stopping threads took: 0.0000229 seconds
2016-07-14T09:12:53.214+0100: 717.603: Total time for which application threads were stopped: 0.0000280 seconds, Stopping threads took: 0.0000087 seconds
2016-07-14T09:12:53.214+0100: 717.603: Total time for which application threads were stopped: 0.0000264 seconds, Stopping threads took: 0.0000083 seconds
2016-07-14T09:12:53.218+0100: 717.606: Total time for which application threads were stopped: 0.0001243 seconds, Stopping threads took: 0.0000651 seconds
2016-07-14T09:12:53.218+0100: 717.606: Total time for which application threads were stopped: 0.0000576 seconds, Stopping threads took: 0.0000272 seconds
2016-07-14T09:12:53.237+0100: 717.625: Total time for which application threads were stopped: 0.0000868 seconds, Stopping threads took: 0.0000225 seconds
2016-07-14T09:12:53.241+0100: 717.630: Total time for which application threads were stopped: 0.0000663 seconds, Stopping threads took: 0.0000205 seconds
2016-07-14T09:12:53.271+0100: 717.659: Total time for which application threads were stopped: 0.0003273 seconds, Stopping threads took: 0.0000320 seconds
2016-07-14T09:12:53.273+0100: 717.661: Total time for which application threads were stopped: 0.0000817 seconds, Stopping threads took: 0.0000268 seconds
2016-07-14T09:12:53.273+0100: 717.661: Total time for which application threads were stopped: 0.0000565 seconds, Stopping threads took: 0.0000162 seconds
2016-07-14T09:12:53.273+0100: 717.661: Total time for which application threads were stopped: 0.0000418 seconds, Stopping threads took: 0.0000138 seconds
2016-07-14T09:12:53.279+0100: 717.667: Total time for which application threads were stopped: 0.0000754 seconds, Stopping threads took: 0.0000276 seconds
2016-07-14T09:12:53.283+0100: 717.671: Total time for which application threads were stopped: 0.0000932 seconds, Stopping threads took: 0.0000304 seconds
2016-07-14T09:12:53.283+0100: 717.671: Total time for which application threads were stopped: 0.0000537 seconds, Stopping threads took: 0.0000150 seconds
2016-07-14T09:12:53.283+0100: 717.671: Total time for which application threads were stopped: 0.0000442 seconds, Stopping threads took: 0.0000130 seconds
2016-07-14T09:12:53.292+0100: 717.681: Total time for which application threads were stopped: 0.0000695 seconds, Stopping threads took: 0.0000225 seconds
2016-07-14T09:12:53.350+0100: 717.739: Total time for which application threads were stopped: 0.0000651 seconds, Stopping threads took: 0.0000182 seconds
2016-07-14T09:12:53.350+0100: 717.739: Total time for which application threads were stopped: 0.0000268 seconds, Stopping threads took: 0.0000071 seconds
2016-07-14T09:12:53.350+0100: 717.739: Total time for which application threads were stopped: 0.0000245 seconds, Stopping threads took: 0.0000063 seconds
2016-07-14T09:12:53.359+0100: 717.747: Total time for which application threads were stopped: 0.0000628 seconds, Stopping threads took: 0.0000178 seconds
2016-07-14T09:12:53.373+0100: 717.761: Total time for which application threads were stopped: 0.0000908 seconds, Stopping threads took: 0.0000182 seconds
2016-07-14T09:12:53.373+0100: 717.761: Total time for which application threads were stopped: 0.0000418 seconds, Stopping threads took: 0.0000186 seconds
2016-07-14T09:12:53.373+0100: 717.761: Total time for which application threads were stopped: 0.0000395 seconds, Stopping threads took: 0.0000107 seconds
2016-07-14T09:12:53.388+0100: 717.776: Total time for which application threads were stopped: 0.0000659 seconds, Stopping threads took: 0.0000189 seconds
2016-07-14T09:12:53.430+0100: 717.819: Total time for which application threads were stopped: 0.0001109 seconds, Stopping threads took: 0.0000632 seconds
2016-07-14T09:12:53.430+0100: 717.819: Total time for which application threads were stopped: 0.0000454 seconds, Stopping threads took: 0.0000225 seconds
2016-07-14T09:12:53.430+0100: 717.819: Total time for which application threads were stopped: 0.0000470 seconds, Stopping threads took: 0.0000249 seconds
2016-07-14T09:12:53.440+0100: 717.829: Total time for which application threads were stopped: 0.0000711 seconds, Stopping threads took: 0.0000225 seconds
2016-07-14T09:12:53.442+0100: 717.831: Total time for which application threads were stopped: 0.0000849 seconds, Stopping threads took: 0.0000336 seconds
2016-07-14T09:12:53.442+0100: 717.831: Total time for which application threads were stopped: 0.0000612 seconds, Stopping threads took: 0.0000280 seconds
2016-07-14T09:12:53.443+0100: 717.831: Total time for which application threads were stopped: 0.0000478 seconds, Stopping threads took: 0.0000114 seconds
2016-07-14T09:12:53.457+0100: 717.846: Total time for which application threads were stopped: 0.0000711 seconds, Stopping threads took: 0.0000229 seconds
2016-07-14T09:12:53.488+0100: 717.876: Total time for which application threads were stopped: 0.0000750 seconds, Stopping threads took: 0.0000237 seconds
2016-07-14T09:12:53.488+0100: 717.876: Total time for which application threads were stopped: 0.0000328 seconds, Stopping threads took: 0.0000107 seconds
2016-07-14T09:12:53.488+0100: 717.876: Total time for which application threads were stopped: 0.0000292 seconds, Stopping threads took: 0.0000095 seconds
2016-07-14T09:12:53.496+0100: 717.885: Total time for which application threads were stopped: 0.0000880 seconds, Stopping threads took: 0.0000276 seconds
2016-07-14T09:12:53.519+0100: 717.908: Total time for which application threads were stopped: 0.0000801 seconds, Stopping threads took: 0.0000328 seconds
2016-07-14T09:12:53.519+0100: 717.908: Total time for which application threads were stopped: 0.0001058 seconds, Stopping threads took: 0.0000545 seconds
2016-07-14T09:12:53.519+0100: 717.908: Total time for which application threads were stopped: 0.0001713 seconds, Stopping threads took: 0.0000217 seconds
2016-07-14T09:12:53.530+0100: 717.919: Total time for which application threads were stopped: 0.0000715 seconds, Stopping threads took: 0.0000237 seconds
2016-07-14T09:12:53.535+0100: 717.923: Total time for which application threads were stopped: 0.0000643 seconds, Stopping threads took: 0.0000205 seconds
2016-07-14T09:12:53.587+0100: 717.975: Total time for which application threads were stopped: 0.0002684 seconds, Stopping threads took: 0.0000268 seconds
2016-07-14T09:12:53.657+0100: 718.046: Total time for which application threads were stopped: 0.0000991 seconds, Stopping threads took: 0.0000292 seconds
2016-07-14T09:12:53.657+0100: 718.046: Total time for which application threads were stopped: 0.0000422 seconds, Stopping threads took: 0.0000118 seconds
2016-07-14T09:12:53.684+0100: 718.072: Total time for which application threads were stopped: 0.0000829 seconds, Stopping threads took: 0.0000237 seconds
2016-07-14T09:12:53.705+0100: 718.094: Total time for which application threads were stopped: 0.0002834 seconds, Stopping threads took: 0.0000237 seconds
2016-07-14T09:12:53.706+0100: 718.095: Total time for which application threads were stopped: 0.0000588 seconds, Stopping threads took: 0.0000146 seconds
2016-07-14T09:12:53.790+0100: 718.179: Total time for which application threads were stopped: 0.0003723 seconds, Stopping threads took: 0.0000280 seconds
2016-07-14T09:12:53.843+0100: 718.231: Total time for which application threads were stopped: 0.0001011 seconds, Stopping threads took: 0.0000312 seconds
2016-07-14T09:12:53.925+0100: 718.313: Total time for which application threads were stopped: 0.0000963 seconds, Stopping threads took: 0.0000292 seconds
2016-07-14T09:12:53.926+0100: 718.314: Total time for which application threads were stopped: 0.0000805 seconds, Stopping threads took: 0.0000229 seconds
2016-07-14T09:12:53.966+0100: 718.354: Total time for which application threads were stopped: 0.0000801 seconds, Stopping threads took: 0.0000261 seconds
2016-07-14T09:12:54.407+0100: 718.795: Total time for which application threads were stopped: 0.0000730 seconds, Stopping threads took: 0.0000233 seconds
2016-07-14T09:12:54.407+0100: 718.795: Total time for which application threads were stopped: 0.0000399 seconds, Stopping threads took: 0.0000126 seconds
2016-07-14T09:12:54.408+0100: 718.796: Total time for which application threads were stopped: 0.0000434 seconds, Stopping threads took: 0.0000154 seconds
{Heap before GC invocations=3 (full 1):
 par new generation   total 109248K, used 101934K [0x00000000e0000000, 0x00000000e8000000, 0x00000000e8000000)
  eden space 87424K, 100% used [0x00000000e0000000, 0x00000000e5560000, 0x00000000e5560000)
  from space 21824K,  66% used [0x00000000e6ab0000, 0x00000000e78dbae0, 0x00000000e8000000)
  to   space 21824K,   0% used [0x00000000e5560000, 0x00000000e5560000, 0x00000000e6ab0000)
 concurrent mark-sweep generation total 393216K, used 0K [0x00000000e8000000, 0x0000000100000000, 0x0000000100000000)
 Metaspace       used 30201K, capacity 30568K, committed 30892K, reserved 1077248K
  class space    used 3590K, capacity 3713K, committed 3756K, reserved 1048576K
2016-07-14T09:12:54.775+0100: 719.163: [GC (Allocation Failure) 2016-07-14T09:12:54.775+0100: 719.163: [ParNew
Desired survivor size 20112992 bytes, new threshold 8 (max 8)
- age   1:   12714784 bytes,   12714784 total
- age   2:     700840 bytes,   13415624 total
- age   3:    2849248 bytes,   16264872 total
- age   4:    2581416 bytes,   18846288 total
: 101934K->20138K(109248K), 0.0183942 secs] 101934K->20138K(502464K), 0.0185007 secs] [Times: user=0.08 sys=0.00, real=0.02 secs] 
Heap after GC invocations=4 (full 1):
 par new generation   total 109248K, used 20138K [0x00000000e0000000, 0x00000000e8000000, 0x00000000e8000000)
  eden space 87424K,   0% used [0x00000000e0000000, 0x00000000e0000000, 0x00000000e5560000)
  from space 21824K,  92% used [0x00000000e5560000, 0x00000000e690a948, 0x00000000e6ab0000)
  to   space 21824K,   0% used [0x00000000e6ab0000, 0x00000000e6ab0000, 0x00000000e8000000)
 concurrent mark-sweep generation total 393216K, used 0K [0x00000000e8000000, 0x0000000100000000, 0x0000000100000000)
 Metaspace       used 30201K, capacity 30568K, committed 30892K, reserved 1077248K
  class space    used 3590K, capacity 3713K, committed 3756K, reserved 1048576K
}
2016-07-14T09:12:54.793+0100: 719.181: Total time for which application threads were stopped: 0.0188667 seconds, Stopping threads took: 0.0001457 seconds
2016-07-14T09:12:54.794+0100: 719.182: Total time for which application threads were stopped: 0.0003040 seconds, Stopping threads took: 0.0002080 seconds
2016-07-14T09:12:54.794+0100: 719.182: Total time for which application threads were stopped: 0.0000959 seconds, Stopping threads took: 0.0000221 seconds
2016-07-14T09:12:54.795+0100: 719.183: Total time for which application threads were stopped: 0.0004311 seconds, Stopping threads took: 0.0000904 seconds
2016-07-14T09:12:55.040+0100: 719.429: Total time for which application threads were stopped: 0.0003051 seconds, Stopping threads took: 0.0000229 seconds
2016-07-14T09:12:55.261+0100: 719.649: Total time for which application threads were stopped: 0.0000786 seconds, Stopping threads took: 0.0000186 seconds
2016-07-14T09:12:55.262+0100: 719.650: Total time for which application threads were stopped: 0.0000482 seconds, Stopping threads took: 0.0000213 seconds
2016-07-14T09:12:55.262+0100: 719.650: Total time for which application threads were stopped: 0.0000414 seconds, Stopping threads took: 0.0000170 seconds
2016-07-14T09:12:55.263+0100: 719.651: Total time for which application threads were stopped: 0.0001322 seconds, Stopping threads took: 0.0000707 seconds
2016-07-14T09:12:55.263+0100: 719.651: Total time for which application threads were stopped: 0.0000525 seconds, Stopping threads took: 0.0000316 seconds
2016-07-14T09:12:55.263+0100: 719.651: Total time for which application threads were stopped: 0.0000272 seconds, Stopping threads took: 0.0000071 seconds
2016-07-14T09:12:55.263+0100: 719.651: Total time for which application threads were stopped: 0.0000572 seconds, Stopping threads took: 0.0000245 seconds
2016-07-14T09:12:55.263+0100: 719.652: Total time for which application threads were stopped: 0.0000442 seconds, Stopping threads took: 0.0000142 seconds
2016-07-14T09:12:55.263+0100: 719.652: Total time for which application threads were stopped: 0.0000316 seconds, Stopping threads took: 0.0000103 seconds
2016-07-14T09:12:55.263+0100: 719.652: Total time for which application threads were stopped: 0.0000999 seconds, Stopping threads took: 0.0000572 seconds
2016-07-14T09:12:55.264+0100: 719.652: Total time for which application threads were stopped: 0.0000371 seconds, Stopping threads took: 0.0000170 seconds
2016-07-14T09:12:55.264+0100: 719.652: Total time for which application threads were stopped: 0.0001038 seconds, Stopping threads took: 0.0000584 seconds
2016-07-14T09:12:55.264+0100: 719.652: Total time for which application threads were stopped: 0.0000284 seconds, Stopping threads took: 0.0000087 seconds
2016-07-14T09:12:55.264+0100: 719.652: Total time for which application threads were stopped: 0.0000505 seconds, Stopping threads took: 0.0000300 seconds
2016-07-14T09:12:55.264+0100: 719.653: Total time for which application threads were stopped: 0.0000987 seconds, Stopping threads took: 0.0000616 seconds
2016-07-14T09:12:55.264+0100: 719.653: Total time for which application threads were stopped: 0.0000387 seconds, Stopping threads took: 0.0000114 seconds
2016-07-14T09:12:55.265+0100: 719.653: Total time for which application threads were stopped: 0.0000328 seconds, Stopping threads took: 0.0000091 seconds
2016-07-14T09:12:55.265+0100: 719.653: Total time for which application threads were stopped: 0.0000655 seconds, Stopping threads took: 0.0000197 seconds
2016-07-14T09:12:55.265+0100: 719.653: Total time for which application threads were stopped: 0.0000399 seconds, Stopping threads took: 0.0000189 seconds
2016-07-14T09:12:55.265+0100: 719.653: Total time for which application threads were stopped: 0.0000395 seconds, Stopping threads took: 0.0000197 seconds
2016-07-14T09:12:55.265+0100: 719.653: Total time for which application threads were stopped: 0.0000371 seconds, Stopping threads took: 0.0000174 seconds
2016-07-14T09:12:55.265+0100: 719.653: Total time for which application threads were stopped: 0.0000691 seconds, Stopping threads took: 0.0000343 seconds
2016-07-14T09:12:55.265+0100: 719.654: Total time for which application threads were stopped: 0.0001172 seconds, Stopping threads took: 0.0000229 seconds
2016-07-14T09:12:55.266+0100: 719.654: Total time for which application threads were stopped: 0.0000513 seconds, Stopping threads took: 0.0000213 seconds
2016-07-14T09:12:55.274+0100: 719.662: Total time for which application threads were stopped: 0.0001243 seconds, Stopping threads took: 0.0000490 seconds
2016-07-14T09:12:55.274+0100: 719.662: Total time for which application threads were stopped: 0.0000711 seconds, Stopping threads took: 0.0000280 seconds
2016-07-14T09:12:55.275+0100: 719.663: Total time for which application threads were stopped: 0.0000711 seconds, Stopping threads took: 0.0000209 seconds
2016-07-14T09:12:55.275+0100: 719.663: Total time for which application threads were stopped: 0.0000651 seconds, Stopping threads took: 0.0000146 seconds
2016-07-14T09:12:55.275+0100: 719.663: Total time for which application threads were stopped: 0.0000505 seconds, Stopping threads took: 0.0000154 seconds
2016-07-14T09:12:55.275+0100: 719.664: Total time for which application threads were stopped: 0.0000478 seconds, Stopping threads took: 0.0000150 seconds
2016-07-14T09:12:55.281+0100: 719.670: Total time for which application threads were stopped: 0.0001070 seconds, Stopping threads took: 0.0000355 seconds
2016-07-14T09:12:55.281+0100: 719.670: Total time for which application threads were stopped: 0.0000580 seconds, Stopping threads took: 0.0000249 seconds
2016-07-14T09:12:55.291+0100: 719.679: Total time for which application threads were stopped: 0.0001093 seconds, Stopping threads took: 0.0000411 seconds
2016-07-14T09:12:55.292+0100: 719.680: Total time for which application threads were stopped: 0.0001082 seconds, Stopping threads took: 0.0000379 seconds
2016-07-14T09:12:55.292+0100: 719.680: Total time for which application threads were stopped: 0.0000750 seconds, Stopping threads took: 0.0000391 seconds
2016-07-14T09:12:55.298+0100: 719.686: Total time for which application threads were stopped: 0.0000813 seconds, Stopping threads took: 0.0000296 seconds
2016-07-14T09:12:55.298+0100: 719.686: Total time for which application threads were stopped: 0.0000620 seconds, Stopping threads took: 0.0000174 seconds
2016-07-14T09:12:55.301+0100: 719.689: Total time for which application threads were stopped: 0.0001287 seconds, Stopping threads took: 0.0000264 seconds
2016-07-14T09:12:55.302+0100: 719.689: Total time for which application threads were stopped: 0.0000916 seconds, Stopping threads took: 0.0000332 seconds
2016-07-14T09:12:55.302+0100: 719.690: Total time for which application threads were stopped: 0.0000490 seconds, Stopping threads took: 0.0000111 seconds
2016-07-14T09:12:55.302+0100: 719.690: Total time for which application threads were stopped: 0.0000655 seconds, Stopping threads took: 0.0000284 seconds
2016-07-14T09:12:55.302+0100: 719.690: Total time for which application threads were stopped: 0.0000592 seconds, Stopping threads took: 0.0000182 seconds
2016-07-14T09:12:55.302+0100: 719.690: Total time for which application threads were stopped: 0.0000616 seconds, Stopping threads took: 0.0000276 seconds
2016-07-14T09:12:55.303+0100: 719.691: Total time for which application threads were stopped: 0.0000521 seconds, Stopping threads took: 0.0000146 seconds
2016-07-14T09:12:55.303+0100: 719.691: Total time for which application threads were stopped: 0.0000478 seconds, Stopping threads took: 0.0000122 seconds
2016-07-14T09:12:55.304+0100: 719.692: Total time for which application threads were stopped: 0.0000730 seconds, Stopping threads took: 0.0000272 seconds
2016-07-14T09:12:55.304+0100: 719.692: Total time for which application threads were stopped: 0.0000829 seconds, Stopping threads took: 0.0000324 seconds
2016-07-14T09:12:55.305+0100: 719.692: Total time for which application threads were stopped: 0.0000596 seconds, Stopping threads took: 0.0000221 seconds
2016-07-14T09:12:55.305+0100: 719.692: Total time for which application threads were stopped: 0.0000454 seconds, Stopping threads took: 0.0000213 seconds
2016-07-14T09:12:55.305+0100: 719.693: Total time for which application threads were stopped: 0.0000951 seconds, Stopping threads took: 0.0000640 seconds
2016-07-14T09:12:55.305+0100: 719.693: Total time for which application threads were stopped: 0.0000521 seconds, Stopping threads took: 0.0000280 seconds
2016-07-14T09:12:55.305+0100: 719.693: Total time for which application threads were stopped: 0.0000971 seconds, Stopping threads took: 0.0000738 seconds
2016-07-14T09:12:55.305+0100: 719.693: Total time for which application threads were stopped: 0.0000474 seconds, Stopping threads took: 0.0000221 seconds
2016-07-14T09:12:55.305+0100: 719.693: Total time for which application threads were stopped: 0.0000521 seconds, Stopping threads took: 0.0000268 seconds
2016-07-14T09:12:55.305+0100: 719.693: Total time for which application threads were stopped: 0.0000505 seconds, Stopping threads took: 0.0000284 seconds
2016-07-14T09:12:55.305+0100: 719.693: Total time for which application threads were stopped: 0.0000454 seconds, Stopping threads took: 0.0000213 seconds
2016-07-14T09:12:55.305+0100: 719.693: Total time for which application threads were stopped: 0.0000446 seconds, Stopping threads took: 0.0000217 seconds
2016-07-14T09:12:55.305+0100: 719.693: Total time for which application threads were stopped: 0.0000474 seconds, Stopping threads took: 0.0000241 seconds
2016-07-14T09:12:55.305+0100: 719.693: Total time for which application threads were stopped: 0.0000478 seconds, Stopping threads took: 0.0000237 seconds
2016-07-14T09:12:55.306+0100: 719.693: Total time for which application threads were stopped: 0.0000478 seconds, Stopping threads took: 0.0000221 seconds
2016-07-14T09:12:55.306+0100: 719.694: Total time for which application threads were stopped: 0.0000478 seconds, Stopping threads took: 0.0000201 seconds
2016-07-14T09:12:55.306+0100: 719.694: Total time for which application threads were stopped: 0.0000501 seconds, Stopping threads took: 0.0000253 seconds
2016-07-14T09:12:55.306+0100: 719.694: Total time for which application threads were stopped: 0.0001737 seconds, Stopping threads took: 0.0000193 seconds
2016-07-14T09:12:55.307+0100: 719.695: Total time for which application threads were stopped: 0.0000924 seconds, Stopping threads took: 0.0000391 seconds
2016-07-14T09:12:55.307+0100: 719.695: Total time for which application threads were stopped: 0.0000640 seconds, Stopping threads took: 0.0000387 seconds
2016-07-14T09:12:55.308+0100: 719.696: Total time for which application threads were stopped: 0.0000833 seconds, Stopping threads took: 0.0000257 seconds
2016-07-14T09:12:55.328+0100: 719.716: Total time for which application threads were stopped: 0.0000995 seconds, Stopping threads took: 0.0000359 seconds
2016-07-14T09:12:55.328+0100: 719.716: Total time for which application threads were stopped: 0.0000663 seconds, Stopping threads took: 0.0000205 seconds
2016-07-14T09:12:55.335+0100: 719.723: Total time for which application threads were stopped: 0.0000940 seconds, Stopping threads took: 0.0000320 seconds
2016-07-14T09:12:55.350+0100: 719.738: Total time for which application threads were stopped: 0.0001086 seconds, Stopping threads took: 0.0000355 seconds
2016-07-14T09:12:55.350+0100: 719.738: Total time for which application threads were stopped: 0.0001465 seconds, Stopping threads took: 0.0000138 seconds
2016-07-14T09:12:55.354+0100: 719.742: Total time for which application threads were stopped: 0.0001287 seconds, Stopping threads took: 0.0000324 seconds
2016-07-14T09:12:55.354+0100: 719.742: Total time for which application threads were stopped: 0.0000730 seconds, Stopping threads took: 0.0000193 seconds
2016-07-14T09:12:55.354+0100: 719.742: Total time for which application threads were stopped: 0.0000624 seconds, Stopping threads took: 0.0000166 seconds
2016-07-14T09:12:55.354+0100: 719.742: Total time for which application threads were stopped: 0.0000667 seconds, Stopping threads took: 0.0000178 seconds
2016-07-14T09:12:55.355+0100: 719.743: Total time for which application threads were stopped: 0.0001619 seconds, Stopping threads took: 0.0000142 seconds
2016-07-14T09:12:55.444+0100: 719.832: Total time for which application threads were stopped: 0.0001401 seconds, Stopping threads took: 0.0000399 seconds
2016-07-14T09:12:55.496+0100: 719.884: Total time for which application threads were stopped: 0.0001165 seconds, Stopping threads took: 0.0000407 seconds
2016-07-14T09:12:55.497+0100: 719.885: Total time for which application threads were stopped: 0.0000857 seconds, Stopping threads took: 0.0000276 seconds
2016-07-14T09:12:55.497+0100: 719.885: Total time for which application threads were stopped: 0.0000687 seconds, Stopping threads took: 0.0000257 seconds
2016-07-14T09:12:55.497+0100: 719.885: Total time for which application threads were stopped: 0.0000474 seconds, Stopping threads took: 0.0000221 seconds
2016-07-14T09:12:55.497+0100: 719.885: Total time for which application threads were stopped: 0.0000580 seconds, Stopping threads took: 0.0000221 seconds
2016-07-14T09:12:55.497+0100: 719.885: Total time for which application threads were stopped: 0.0000521 seconds, Stopping threads took: 0.0000201 seconds
2016-07-14T09:12:55.497+0100: 719.885: Total time for which application threads were stopped: 0.0000474 seconds, Stopping threads took: 0.0000174 seconds
2016-07-14T09:12:55.497+0100: 719.885: Total time for which application threads were stopped: 0.0000466 seconds, Stopping threads took: 0.0000170 seconds
2016-07-14T09:12:55.497+0100: 719.885: Total time for which application threads were stopped: 0.0000458 seconds, Stopping threads took: 0.0000170 seconds
2016-07-14T09:12:55.497+0100: 719.885: Total time for which application threads were stopped: 0.0000446 seconds, Stopping threads took: 0.0000162 seconds
2016-07-14T09:12:55.497+0100: 719.885: Total time for which application threads were stopped: 0.0000434 seconds, Stopping threads took: 0.0000146 seconds
2016-07-14T09:12:55.497+0100: 719.885: Total time for which application threads were stopped: 0.0000529 seconds, Stopping threads took: 0.0000186 seconds
2016-07-14T09:12:55.497+0100: 719.885: Total time for which application threads were stopped: 0.0000422 seconds, Stopping threads took: 0.0000197 seconds
2016-07-14T09:12:55.497+0100: 719.885: Total time for which application threads were stopped: 0.0000517 seconds, Stopping threads took: 0.0000205 seconds
2016-07-14T09:12:55.497+0100: 719.886: Total time for which application threads were stopped: 0.0000462 seconds, Stopping threads took: 0.0000170 seconds
2016-07-14T09:12:55.498+0100: 719.886: Total time for which application threads were stopped: 0.0000466 seconds, Stopping threads took: 0.0000174 seconds
2016-07-14T09:12:55.498+0100: 719.886: Total time for which application threads were stopped: 0.0000497 seconds, Stopping threads took: 0.0000166 seconds
2016-07-14T09:12:55.498+0100: 719.886: Total time for which application threads were stopped: 0.0000446 seconds, Stopping threads took: 0.0000158 seconds
2016-07-14T09:12:55.498+0100: 719.886: Total time for which application threads were stopped: 0.0000557 seconds, Stopping threads took: 0.0000174 seconds
2016-07-14T09:12:55.498+0100: 719.886: Total time for which application threads were stopped: 0.0001646 seconds, Stopping threads took: 0.0000245 seconds
2016-07-14T09:12:55.504+0100: 719.892: Total time for which application threads were stopped: 0.0000900 seconds, Stopping threads took: 0.0000367 seconds
2016-07-14T09:12:55.505+0100: 719.893: Total time for which application threads were stopped: 0.0000766 seconds, Stopping threads took: 0.0000296 seconds
2016-07-14T09:12:56.505+0100: 720.894: Total time for which application threads were stopped: 0.0002175 seconds, Stopping threads took: 0.0000328 seconds
2016-07-14T09:12:57.415+0100: 721.804: Total time for which application threads were stopped: 0.0000813 seconds, Stopping threads took: 0.0000213 seconds
2016-07-14T09:12:57.415+0100: 721.804: Total time for which application threads were stopped: 0.0000493 seconds, Stopping threads took: 0.0000134 seconds
2016-07-14T09:12:58.075+0100: 722.463: Total time for which application threads were stopped: 0.0001465 seconds, Stopping threads took: 0.0000316 seconds
{Heap before GC invocations=4 (full 1):
 par new generation   total 109248K, used 107562K [0x00000000e0000000, 0x00000000e8000000, 0x00000000e8000000)
  eden space 87424K, 100% used [0x00000000e0000000, 0x00000000e5560000, 0x00000000e5560000)
  from space 21824K,  92% used [0x00000000e5560000, 0x00000000e690a948, 0x00000000e6ab0000)
  to   space 21824K,   0% used [0x00000000e6ab0000, 0x00000000e6ab0000, 0x00000000e8000000)
 concurrent mark-sweep generation total 393216K, used 0K [0x00000000e8000000, 0x0000000100000000, 0x0000000100000000)
 Metaspace       used 31048K, capacity 31342K, committed 31660K, reserved 1077248K
  class space    used 3627K, capacity 3714K, committed 3756K, reserved 1048576K
2016-07-14T09:12:58.091+0100: 722.479: [GC (Allocation Failure) 2016-07-14T09:12:58.091+0100: 722.479: [ParNew
Desired survivor size 20112992 bytes, new threshold 8 (max 8)
- age   1:    5353664 bytes,    5353664 total
- age   2:    8091584 bytes,   13445248 total
- age   3:     629968 bytes,   14075216 total
- age   4:    2718456 bytes,   16793672 total
- age   5:    2281640 bytes,   19075312 total
: 107562K->21824K(109248K), 0.0220212 secs] 107562K->22119K(502464K), 0.0221159 secs] [Times: user=0.06 sys=0.00, real=0.02 secs] 
Heap after GC invocations=5 (full 1):
 par new generation   total 109248K, used 21824K [0x00000000e0000000, 0x00000000e8000000, 0x00000000e8000000)
  eden space 87424K,   0% used [0x00000000e0000000, 0x00000000e0000000, 0x00000000e5560000)
  from space 21824K, 100% used [0x00000000e6ab0000, 0x00000000e8000000, 0x00000000e8000000)
  to   space 21824K,   0% used [0x00000000e5560000, 0x00000000e5560000, 0x00000000e6ab0000)
 concurrent mark-sweep generation total 393216K, used 295K [0x00000000e8000000, 0x0000000100000000, 0x0000000100000000)
 Metaspace       used 31048K, capacity 31342K, committed 31660K, reserved 1077248K
  class space    used 3627K, capacity 3714K, committed 3756K, reserved 1048576K
}
2016-07-14T09:12:58.113+0100: 722.502: Total time for which application threads were stopped: 0.0223789 seconds, Stopping threads took: 0.0000375 seconds
2016-07-14T09:12:58.115+0100: 722.504: Total time for which application threads were stopped: 0.0001393 seconds, Stopping threads took: 0.0000395 seconds
2016-07-14T09:12:58.116+0100: 722.504: Total time for which application threads were stopped: 0.0001030 seconds, Stopping threads took: 0.0000197 seconds
2016-07-14T09:12:58.116+0100: 722.504: Total time for which application threads were stopped: 0.0000849 seconds, Stopping threads took: 0.0000197 seconds
2016-07-14T09:12:58.116+0100: 722.504: Total time for which application threads were stopped: 0.0000509 seconds, Stopping threads took: 0.0000170 seconds
2016-07-14T09:12:58.116+0100: 722.504: Total time for which application threads were stopped: 0.0000565 seconds, Stopping threads took: 0.0000166 seconds
2016-07-14T09:12:58.116+0100: 722.504: Total time for which application threads were stopped: 0.0000797 seconds, Stopping threads took: 0.0000414 seconds
2016-07-14T09:12:58.116+0100: 722.504: Total time for which application threads were stopped: 0.0000434 seconds, Stopping threads took: 0.0000118 seconds
2016-07-14T09:12:58.116+0100: 722.504: Total time for which application threads were stopped: 0.0000505 seconds, Stopping threads took: 0.0000166 seconds
2016-07-14T09:12:58.116+0100: 722.505: Total time for which application threads were stopped: 0.0000446 seconds, Stopping threads took: 0.0000111 seconds
2016-07-14T09:12:58.116+0100: 722.505: Total time for which application threads were stopped: 0.0000454 seconds, Stopping threads took: 0.0000114 seconds
2016-07-14T09:12:58.116+0100: 722.505: Total time for which application threads were stopped: 0.0000541 seconds, Stopping threads took: 0.0000201 seconds
2016-07-14T09:12:58.116+0100: 722.505: Total time for which application threads were stopped: 0.0000458 seconds, Stopping threads took: 0.0000146 seconds
2016-07-14T09:12:58.117+0100: 722.505: Total time for which application threads were stopped: 0.0000513 seconds, Stopping threads took: 0.0000154 seconds
2016-07-14T09:12:58.117+0100: 722.505: Total time for which application threads were stopped: 0.0000442 seconds, Stopping threads took: 0.0000111 seconds
2016-07-14T09:12:58.117+0100: 722.505: Total time for which application threads were stopped: 0.0000470 seconds, Stopping threads took: 0.0000130 seconds
2016-07-14T09:12:58.117+0100: 722.505: Total time for which application threads were stopped: 0.0000403 seconds, Stopping threads took: 0.0000103 seconds
2016-07-14T09:12:58.117+0100: 722.505: Total time for which application threads were stopped: 0.0000462 seconds, Stopping threads took: 0.0000138 seconds
2016-07-14T09:12:58.117+0100: 722.505: Total time for which application threads were stopped: 0.0000458 seconds, Stopping threads took: 0.0000138 seconds
2016-07-14T09:12:58.117+0100: 722.505: Total time for which application threads were stopped: 0.0001646 seconds, Stopping threads took: 0.0000103 seconds
2016-07-14T09:12:58.771+0100: 723.159: Total time for which application threads were stopped: 0.0004508 seconds, Stopping threads took: 0.0000264 seconds
2016-07-14T09:12:59.044+0100: 723.432: Total time for which application threads were stopped: 0.0000592 seconds, Stopping threads took: 0.0000205 seconds
2016-07-14T09:12:59.075+0100: 723.463: Total time for which application threads were stopped: 0.0004236 seconds, Stopping threads took: 0.0000268 seconds
2016-07-14T09:12:59.259+0100: 723.647: Total time for which application threads were stopped: 0.0001232 seconds, Stopping threads took: 0.0000296 seconds
2016-07-14T09:12:59.314+0100: 723.702: Total time for which application threads were stopped: 0.0001674 seconds, Stopping threads took: 0.0000233 seconds
2016-07-14T09:13:01.315+0100: 725.703: Total time for which application threads were stopped: 0.0001200 seconds, Stopping threads took: 0.0000268 seconds
{Heap before GC invocations=5 (full 1):
 par new generation   total 109248K, used 109248K [0x00000000e0000000, 0x00000000e8000000, 0x00000000e8000000)
  eden space 87424K, 100% used [0x00000000e0000000, 0x00000000e5560000, 0x00000000e5560000)
  from space 21824K, 100% used [0x00000000e6ab0000, 0x00000000e8000000, 0x00000000e8000000)
  to   space 21824K,   0% used [0x00000000e5560000, 0x00000000e5560000, 0x00000000e6ab0000)
 concurrent mark-sweep generation total 393216K, used 295K [0x00000000e8000000, 0x0000000100000000, 0x0000000100000000)
 Metaspace       used 36278K, capacity 36728K, committed 36908K, reserved 1081344K
  class space    used 4178K, capacity 4313K, committed 4396K, reserved 1048576K
2016-07-14T09:13:01.517+0100: 725.906: [GC (Allocation Failure) 2016-07-14T09:13:01.517+0100: 725.906: [ParNew
Desired survivor size 20112992 bytes, new threshold 6 (max 8)
- age   1:    5278840 bytes,    5278840 total
- age   2:    4739536 bytes,   10018376 total
- age   3:    6170784 bytes,   16189160 total
- age   4:     628408 bytes,   16817568 total
- age   5:    2710240 bytes,   19527808 total
- age   6:    2243072 bytes,   21770880 total
: 109248K->21824K(109248K), 0.0553179 secs] 109543K->25935K(502464K), 0.0554612 secs] [Times: user=0.20 sys=0.00, real=0.06 secs] 
Heap after GC invocations=6 (full 1):
 par new generation   total 109248K, used 21824K [0x00000000e0000000, 0x00000000e8000000, 0x00000000e8000000)
  eden space 87424K,   0% used [0x00000000e0000000, 0x00000000e0000000, 0x00000000e5560000)
  from space 21824K, 100% used [0x00000000e5560000, 0x00000000e6ab0000, 0x00000000e6ab0000)
  to   space 21824K,   0% used [0x00000000e6ab0000, 0x00000000e6ab0000, 0x00000000e8000000)
 concurrent mark-sweep generation total 393216K, used 4111K [0x00000000e8000000, 0x0000000100000000, 0x0000000100000000)
 Metaspace       used 36278K, capacity 36728K, committed 36908K, reserved 1081344K
  class space    used 4178K, capacity 4313K, committed 4396K, reserved 1048576K
}
2016-07-14T09:13:01.573+0100: 725.962: Total time for which application threads were stopped: 0.0559361 seconds, Stopping threads took: 0.0001326 seconds
2016-07-14T09:13:02.573+0100: 726.961: Total time for which application threads were stopped: 0.0001078 seconds, Stopping threads took: 0.0000308 seconds
2016-07-14T09:13:03.574+0100: 727.962: Total time for which application threads were stopped: 0.0001220 seconds, Stopping threads took: 0.0000304 seconds
{Heap before GC invocations=6 (full 1):
 par new generation   total 109248K, used 109248K [0x00000000e0000000, 0x00000000e8000000, 0x00000000e8000000)
  eden space 87424K, 100% used [0x00000000e0000000, 0x00000000e5560000, 0x00000000e5560000)
  from space 21824K, 100% used [0x00000000e5560000, 0x00000000e6ab0000, 0x00000000e6ab0000)
  to   space 21824K,   0% used [0x00000000e6ab0000, 0x00000000e6ab0000, 0x00000000e8000000)
 concurrent mark-sweep generation total 393216K, used 4111K [0x00000000e8000000, 0x0000000100000000, 0x0000000100000000)
 Metaspace       used 36425K, capacity 36856K, committed 37164K, reserved 1081344K
  class space    used 4179K, capacity 4313K, committed 4396K, reserved 1048576K
2016-07-14T09:13:03.751+0100: 728.139: [GC (Allocation Failure) 2016-07-14T09:13:03.751+0100: 728.139: [ParNew
Desired survivor size 20112992 bytes, new threshold 8 (max 8)
- age   1:    1066352 bytes,    1066352 total
- age   2:    4169432 bytes,    5235784 total
- age   3:    4739440 bytes,    9975224 total
- age   4:    6170392 bytes,   16145616 total
- age   5:     628552 bytes,   16774168 total
- age   6:    2700720 bytes,   19474888 total
: 109248K->21824K(109248K), 0.0238035 secs] 113359K->28157K(502464K), 0.0238738 secs] [Times: user=0.06 sys=0.00, real=0.02 secs] 
Heap after GC invocations=7 (full 1):
 par new generation   total 109248K, used 21824K [0x00000000e0000000, 0x00000000e8000000, 0x00000000e8000000)
  eden space 87424K,   0% used [0x00000000e0000000, 0x00000000e0000000, 0x00000000e5560000)
  from space 21824K, 100% used [0x00000000e6ab0000, 0x00000000e8000000, 0x00000000e8000000)
  to   space 21824K,   0% used [0x00000000e5560000, 0x00000000e5560000, 0x00000000e6ab0000)
 concurrent mark-sweep generation total 393216K, used 6333K [0x00000000e8000000, 0x0000000100000000, 0x0000000100000000)
 Metaspace       used 36425K, capacity 36856K, committed 37164K, reserved 1081344K
  class space    used 4179K, capacity 4313K, committed 4396K, reserved 1048576K
}
2016-07-14T09:13:03.775+0100: 728.163: Total time for which application threads were stopped: 0.0240779 seconds, Stopping threads took: 0.0000241 seconds
2016-07-14T09:13:04.314+0100: 728.702: Total time for which application threads were stopped: 0.0001062 seconds, Stopping threads took: 0.0000328 seconds
2016-07-14T09:13:04.491+0100: 728.879: Total time for which application threads were stopped: 0.0001007 seconds, Stopping threads took: 0.0000264 seconds
2016-07-14T09:13:04.503+0100: 728.891: Total time for which application threads were stopped: 0.0004619 seconds, Stopping threads took: 0.0000257 seconds
2016-07-14T09:13:05.504+0100: 729.892: Total time for which application threads were stopped: 0.0001291 seconds, Stopping threads took: 0.0000336 seconds
2016-07-14T09:13:06.504+0100: 730.892: Total time for which application threads were stopped: 0.0001445 seconds, Stopping threads took: 0.0000288 seconds
{Heap before GC invocations=7 (full 1):
 par new generation   total 109248K, used 109248K [0x00000000e0000000, 0x00000000e8000000, 0x00000000e8000000)
  eden space 87424K, 100% used [0x00000000e0000000, 0x00000000e5560000, 0x00000000e5560000)
  from space 21824K, 100% used [0x00000000e6ab0000, 0x00000000e8000000, 0x00000000e8000000)
  to   space 21824K,   0% used [0x00000000e5560000, 0x00000000e5560000, 0x00000000e6ab0000)
 concurrent mark-sweep generation total 393216K, used 6333K [0x00000000e8000000, 0x0000000100000000, 0x0000000100000000)
 Metaspace       used 36849K, capacity 37272K, committed 37420K, reserved 1083392K
  class space    used 4223K, capacity 4345K, committed 4396K, reserved 1048576K
2016-07-14T09:13:06.670+0100: 731.059: [GC (Allocation Failure) 2016-07-14T09:13:06.670+0100: 731.059: [ParNew
Desired survivor size 20112992 bytes, new threshold 8 (max 8)
- age   1:     738528 bytes,     738528 total
- age   2:      13256 bytes,     751784 total
- age   3:    4167760 bytes,    4919544 total
- age   4:    4678664 bytes,    9598208 total
- age   5:    6168760 bytes,   15766968 total
- age   6:     628000 bytes,   16394968 total
- age   7:    2699688 bytes,   19094656 total
: 109248K->21824K(109248K), 0.0193976 secs] 115581K->28263K(502464K), 0.0194786 secs] [Times: user=0.06 sys=0.00, real=0.02 secs] 
Heap after GC invocations=8 (full 1):
 par new generation   total 109248K, used 21824K [0x00000000e0000000, 0x00000000e8000000, 0x00000000e8000000)
  eden space 87424K,   0% used [0x00000000e0000000, 0x00000000e0000000, 0x00000000e5560000)
  from space 21824K, 100% used [0x00000000e5560000, 0x00000000e6ab0000, 0x00000000e6ab0000)
  to   space 21824K,   0% used [0x00000000e6ab0000, 0x00000000e6ab0000, 0x00000000e8000000)
 concurrent mark-sweep generation total 393216K, used 6439K [0x00000000e8000000, 0x0000000100000000, 0x0000000100000000)
 Metaspace       used 36849K, capacity 37272K, committed 37420K, reserved 1083392K
  class space    used 4223K, capacity 4345K, committed 4396K, reserved 1048576K
}
2016-07-14T09:13:06.690+0100: 731.078: Total time for which application threads were stopped: 0.0197217 seconds, Stopping threads took: 0.0000363 seconds
2016-07-14T09:13:07.691+0100: 732.079: Total time for which application threads were stopped: 0.0001220 seconds, Stopping threads took: 0.0000288 seconds
2016-07-14T09:13:08.691+0100: 733.079: Total time for which application threads were stopped: 0.0000967 seconds, Stopping threads took: 0.0000201 seconds
2016-07-14T09:13:09.691+0100: 734.079: Total time for which application threads were stopped: 0.0000955 seconds, Stopping threads took: 0.0000241 seconds
{Heap before GC invocations=8 (full 1):
 par new generation   total 109248K, used 109248K [0x00000000e0000000, 0x00000000e8000000, 0x00000000e8000000)
  eden space 87424K, 100% used [0x00000000e0000000, 0x00000000e5560000, 0x00000000e5560000)
  from space 21824K, 100% used [0x00000000e5560000, 0x00000000e6ab0000, 0x00000000e6ab0000)
  to   space 21824K,   0% used [0x00000000e6ab0000, 0x00000000e6ab0000, 0x00000000e8000000)
 concurrent mark-sweep generation total 393216K, used 6439K [0x00000000e8000000, 0x0000000100000000, 0x0000000100000000)
 Metaspace       used 36937K, capacity 37336K, committed 37676K, reserved 1083392K
  class space    used 4223K, capacity 4345K, committed 4396K, reserved 1048576K
2016-07-14T09:13:10.288+0100: 734.676: [GC (Allocation Failure) 2016-07-14T09:13:10.288+0100: 734.676: [ParNew
Desired survivor size 20112992 bytes, new threshold 8 (max 8)
- age   1:     311088 bytes,     311088 total
- age   2:     164336 bytes,     475424 total
- age   3:       8328 bytes,     483752 total
- age   4:    4167760 bytes,    4651512 total
- age   5:    4678664 bytes,    9330176 total
- age   6:    6132160 bytes,   15462336 total
- age   7:     628000 bytes,   16090336 total
- age   8:    2699688 bytes,   18790024 total
: 109248K->21824K(109248K), 0.0199767 secs] 115687K->28352K(502464K), 0.0200486 secs] [Times: user=0.05 sys=0.00, real=0.02 secs] 
Heap after GC invocations=9 (full 1):
 par new generation   total 109248K, used 21824K [0x00000000e0000000, 0x00000000e8000000, 0x00000000e8000000)
  eden space 87424K,   0% used [0x00000000e0000000, 0x00000000e0000000, 0x00000000e5560000)
  from space 21824K, 100% used [0x00000000e6ab0000, 0x00000000e8000000, 0x00000000e8000000)
  to   space 21824K,   0% used [0x00000000e5560000, 0x00000000e5560000, 0x00000000e6ab0000)
 concurrent mark-sweep generation total 393216K, used 6528K [0x00000000e8000000, 0x0000000100000000, 0x0000000100000000)
 Metaspace       used 36937K, capacity 37336K, committed 37676K, reserved 1083392K
  class space    used 4223K, capacity 4345K, committed 4396K, reserved 1048576K
}
2016-07-14T09:13:10.308+0100: 734.696: Total time for which application threads were stopped: 0.0202693 seconds, Stopping threads took: 0.0000647 seconds
2016-07-14T09:13:11.309+0100: 735.697: Total time for which application threads were stopped: 0.0000943 seconds, Stopping threads took: 0.0000217 seconds
2016-07-14T09:13:53.327+0100: 777.716: Total time for which application threads were stopped: 0.0003055 seconds, Stopping threads took: 0.0001413 seconds
2016-07-14T09:13:54.328+0100: 778.716: Total time for which application threads were stopped: 0.0000738 seconds, Stopping threads took: 0.0000217 seconds
2016-07-14T09:15:23.692+0100: 868.081: Total time for which application threads were stopped: 0.0001279 seconds, Stopping threads took: 0.0000434 seconds
2016-07-14T09:15:23.771+0100: 868.160: Total time for which application threads were stopped: 0.0000647 seconds, Stopping threads took: 0.0000245 seconds
2016-07-14T09:15:23.772+0100: 868.160: Total time for which application threads were stopped: 0.0000414 seconds, Stopping threads took: 0.0000099 seconds
2016-07-14T09:15:23.814+0100: 868.203: Total time for which application threads were stopped: 0.0000865 seconds, Stopping threads took: 0.0000328 seconds
2016-07-14T09:15:23.815+0100: 868.203: Total time for which application threads were stopped: 0.0000865 seconds, Stopping threads took: 0.0000249 seconds
2016-07-14T09:15:23.817+0100: 868.205: Total time for which application threads were stopped: 0.0000876 seconds, Stopping threads took: 0.0000371 seconds
2016-07-14T09:15:23.876+0100: 868.265: Total time for which application threads were stopped: 0.0001354 seconds, Stopping threads took: 0.0000418 seconds
2016-07-14T09:15:24.292+0100: 868.680: Total time for which application threads were stopped: 0.0002203 seconds, Stopping threads took: 0.0000588 seconds
2016-07-14T09:15:24.293+0100: 868.681: Total time for which application threads were stopped: 0.0000671 seconds, Stopping threads took: 0.0000292 seconds
2016-07-14T09:15:24.300+0100: 868.689: Total time for which application threads were stopped: 0.0001050 seconds, Stopping threads took: 0.0000411 seconds
2016-07-14T09:15:24.305+0100: 868.693: Total time for which application threads were stopped: 0.0001133 seconds, Stopping threads took: 0.0000367 seconds
2016-07-14T09:15:24.403+0100: 868.792: Total time for which application threads were stopped: 0.0001626 seconds, Stopping threads took: 0.0000339 seconds
2016-07-14T09:15:24.404+0100: 868.792: Total time for which application threads were stopped: 0.0000833 seconds, Stopping threads took: 0.0000264 seconds
2016-07-14T09:15:24.468+0100: 868.856: Total time for which application threads were stopped: 0.0001626 seconds, Stopping threads took: 0.0000284 seconds
2016-07-14T09:15:24.526+0100: 868.914: Total time for which application threads were stopped: 0.0000861 seconds, Stopping threads took: 0.0000201 seconds
2016-07-14T09:15:25.526+0100: 869.914: Total time for which application threads were stopped: 0.0001054 seconds, Stopping threads took: 0.0000276 seconds
2016-07-14T09:15:25.673+0100: 870.061: Total time for which application threads were stopped: 0.0000782 seconds, Stopping threads took: 0.0000237 seconds
2016-07-14T09:15:25.674+0100: 870.062: Total time for which application threads were stopped: 0.0001157 seconds, Stopping threads took: 0.0000726 seconds
2016-07-14T09:15:25.676+0100: 870.064: Total time for which application threads were stopped: 0.0000967 seconds, Stopping threads took: 0.0000249 seconds
2016-07-14T09:15:25.680+0100: 870.068: Total time for which application threads were stopped: 0.0005088 seconds, Stopping threads took: 0.0000213 seconds
2016-07-14T09:15:25.763+0100: 870.151: Total time for which application threads were stopped: 0.0004781 seconds, Stopping threads took: 0.0000182 seconds
2016-07-14T09:15:25.771+0100: 870.159: Total time for which application threads were stopped: 0.0000687 seconds, Stopping threads took: 0.0000241 seconds
2016-07-14T09:15:26.771+0100: 871.159: Total time for which application threads were stopped: 0.0000793 seconds, Stopping threads took: 0.0000253 seconds
2016-07-14T09:15:34.782+0100: 879.171: Total time for which application threads were stopped: 0.0001405 seconds, Stopping threads took: 0.0000442 seconds
2016-07-14T09:16:15.818+0100: 920.207: Total time for which application threads were stopped: 0.0001694 seconds, Stopping threads took: 0.0000553 seconds
2016-07-14T09:19:31.176+0100: 1115.569: Total time for which application threads were stopped: 0.0000999 seconds, Stopping threads took: 0.0000257 seconds
2016-07-14T09:19:31.244+0100: 1115.633: Total time for which application threads were stopped: 0.0007875 seconds, Stopping threads took: 0.0000182 seconds
2016-07-14T09:19:31.244+0100: 1115.643: Total time for which application threads were stopped: 0.0004567 seconds, Stopping threads took: 0.0000272 seconds
2016-07-14T09:19:32.244+0100: 1116.632: Total time for which application threads were stopped: 0.0002657 seconds, Stopping threads took: 0.0000616 seconds
2016-07-14T09:19:39.366+0100: 1123.755: Total time for which application threads were stopped: 0.0000726 seconds, Stopping threads took: 0.0000178 seconds
2016-07-14T09:19:39.367+0100: 1123.756: Total time for which application threads were stopped: 0.0000786 seconds, Stopping threads took: 0.0000276 seconds
2016-07-14T09:19:39.368+0100: 1123.757: Total time for which application threads were stopped: 0.0001374 seconds, Stopping threads took: 0.0000687 seconds
2016-07-14T09:19:39.368+0100: 1123.757: Total time for which application threads were stopped: 0.0000438 seconds, Stopping threads took: 0.0000217 seconds
2016-07-14T09:19:39.368+0100: 1123.757: Total time for which application threads were stopped: 0.0001287 seconds, Stopping threads took: 0.0000750 seconds
2016-07-14T09:19:39.368+0100: 1123.757: Total time for which application threads were stopped: 0.0000758 seconds, Stopping threads took: 0.0000414 seconds
2016-07-14T09:19:40.378+0100: 1124.766: Total time for which application threads were stopped: 0.0004062 seconds, Stopping threads took: 0.0000584 seconds
{Heap before GC invocations=9 (full 1):
 par new generation   total 109248K, used 109248K [0x00000000e0000000, 0x00000000e8000000, 0x00000000e8000000)
  eden space 87424K, 100% used [0x00000000e0000000, 0x00000000e5560000, 0x00000000e5560000)
  from space 21824K, 100% used [0x00000000e6ab0000, 0x00000000e8000000, 0x00000000e8000000)
  to   space 21824K,   0% used [0x00000000e5560000, 0x00000000e5560000, 0x00000000e6ab0000)
 concurrent mark-sweep generation total 393216K, used 6528K [0x00000000e8000000, 0x0000000100000000, 0x0000000100000000)
 Metaspace       used 38910K, capacity 39354K, committed 39596K, reserved 1085440K
  class space    used 4392K, capacity 4506K, committed 4524K, reserved 1048576K
2016-07-14T09:19:57.195+0100: 1141.583: [GC (Allocation Failure) 2016-07-14T09:19:57.195+0100: 1141.583: [ParNew
Desired survivor size 20112992 bytes, new threshold 8 (max 8)
- age   1:    3807768 bytes,    3807768 total
- age   2:      52792 bytes,    3860560 total
- age   3:     162848 bytes,    4023408 total
- age   4:       8328 bytes,    4031736 total
- age   5:    4167760 bytes,    8199496 total
- age   6:    4678600 bytes,   12878096 total
- age   7:    6106416 bytes,   18984512 total
- age   8:     621112 bytes,   19605624 total
: 109248K->21824K(109248K), 0.0252602 secs] 115776K->31286K(502464K), 0.0253585 secs] [Times: user=0.13 sys=0.00, real=0.03 secs] 
Heap after GC invocations=10 (full 1):
 par new generation   total 109248K, used 21824K [0x00000000e0000000, 0x00000000e8000000, 0x00000000e8000000)
  eden space 87424K,   0% used [0x00000000e0000000, 0x00000000e0000000, 0x00000000e5560000)
  from space 21824K, 100% used [0x00000000e5560000, 0x00000000e6ab0000, 0x00000000e6ab0000)
  to   space 21824K,   0% used [0x00000000e6ab0000, 0x00000000e6ab0000, 0x00000000e8000000)
 concurrent mark-sweep generation total 393216K, used 9462K [0x00000000e8000000, 0x0000000100000000, 0x0000000100000000)
 Metaspace       used 38910K, capacity 39354K, committed 39596K, reserved 1085440K
  class space    used 4392K, capacity 4506K, committed 4524K, reserved 1048576K
}
2016-07-14T09:19:57.220+0100: 1141.608: Total time for which application threads were stopped: 0.0255780 seconds, Stopping threads took: 0.0000320 seconds
2016-07-14T09:19:58.220+0100: 1142.608: Total time for which application threads were stopped: 0.0002562 seconds, Stopping threads took: 0.0000908 seconds
2016-07-14T09:20:01.221+0100: 1145.609: Total time for which application threads were stopped: 0.0001141 seconds, Stopping threads took: 0.0000264 seconds
2016-07-14T09:20:03.227+0100: 1147.615: Total time for which application threads were stopped: 0.0001228 seconds, Stopping threads took: 0.0000339 seconds
2016-07-14T09:20:07.228+0100: 1151.617: Total time for which application threads were stopped: 0.0001907 seconds, Stopping threads took: 0.0000655 seconds
2016-07-14T09:20:09.229+0100: 1153.617: Total time for which application threads were stopped: 0.0001788 seconds, Stopping threads took: 0.0000533 seconds
2016-07-14T09:20:21.236+0100: 1165.624: Total time for which application threads were stopped: 0.0002408 seconds, Stopping threads took: 0.0000738 seconds
2016-07-14T09:21:49.277+0100: 1253.665: Total time for which application threads were stopped: 0.0002850 seconds, Stopping threads took: 0.0000817 seconds
2016-07-14T09:27:36.568+0100: 1600.957: Total time for which application threads were stopped: 0.0003857 seconds, Stopping threads took: 0.0001413 seconds
2016-07-14T09:30:48.651+0100: 1793.039: Total time for which application threads were stopped: 0.0003119 seconds, Stopping threads took: 0.0000849 seconds
2016-07-14T09:32:31.571+0100: 1895.959: Total time for which application threads were stopped: 0.0001275 seconds, Stopping threads took: 0.0000304 seconds
2016-07-14T09:32:31.626+0100: 1896.014: Total time for which application threads were stopped: 0.0000868 seconds, Stopping threads took: 0.0000189 seconds
2016-07-14T09:32:32.633+0100: 1897.021: Total time for which application threads were stopped: 0.0003932 seconds, Stopping threads took: 0.0000868 seconds
2016-07-14T09:32:49.678+0100: 1914.066: Total time for which application threads were stopped: 0.0003328 seconds, Stopping threads took: 0.0000821 seconds
2016-07-14T09:35:30.824+0100: 2075.212: Total time for which application threads were stopped: 0.0002957 seconds, Stopping threads took: 0.0000892 seconds
2016-07-14T09:40:01.038+0100: 2345.427: Total time for which application threads were stopped: 0.0004457 seconds, Stopping threads took: 0.0001228 seconds
2016-07-14T09:43:32.129+0100: 2556.517: Total time for which application threads were stopped: 0.0002988 seconds, Stopping threads took: 0.0000888 seconds
2016-07-14T09:43:52.143+0100: 2576.531: Total time for which application threads were stopped: 0.0003537 seconds, Stopping threads took: 0.0001192 seconds
2016-07-14T09:44:01.146+0100: 2585.534: Total time for which application threads were stopped: 0.0002211 seconds, Stopping threads took: 0.0000588 seconds
2016-07-14T09:45:52.274+0100: 2696.662: Total time for which application threads were stopped: 0.0002479 seconds, Stopping threads took: 0.0000782 seconds
2016-07-14T09:47:01.298+0100: 2765.686: Total time for which application threads were stopped: 0.0002519 seconds, Stopping threads took: 0.0000782 seconds
2016-07-14T09:52:01.415+0100: 3065.803: Total time for which application threads were stopped: 0.0004749 seconds, Stopping threads took: 0.0001042 seconds
2016-07-14T10:00:05.949+0100: 3550.337: Total time for which application threads were stopped: 0.0001540 seconds, Stopping threads took: 0.0000261 seconds
2016-07-14T10:00:06.958+0100: 3551.346: Total time for which application threads were stopped: 0.0001741 seconds, Stopping threads took: 0.0000797 seconds
2016-07-14T10:00:13.925+0100: 3558.313: Total time for which application threads were stopped: 0.0000707 seconds, Stopping threads took: 0.0000174 seconds
2016-07-14T10:00:14.925+0100: 3559.313: Total time for which application threads were stopped: 0.0001694 seconds, Stopping threads took: 0.0000493 seconds
2016-07-14T10:00:15.926+0100: 3560.314: Total time for which application threads were stopped: 0.0001082 seconds, Stopping threads took: 0.0000288 seconds
2016-07-14T10:00:30.974+0100: 3575.362: Total time for which application threads were stopped: 0.0000951 seconds, Stopping threads took: 0.0000257 seconds
2016-07-14T10:01:28.005+0100: 3632.393: Total time for which application threads were stopped: 0.0002467 seconds, Stopping threads took: 0.0000754 seconds
2016-07-14T10:02:46.047+0100: 3710.435: Total time for which application threads were stopped: 0.0001453 seconds, Stopping threads took: 0.0000624 seconds
2016-07-14T10:33:48.253+0100: 5572.641: Total time for which application threads were stopped: 0.0006004 seconds, Stopping threads took: 0.0001887 seconds
2016-07-14T10:33:49.263+0100: 5573.651: Total time for which application threads were stopped: 0.0002479 seconds, Stopping threads took: 0.0000592 seconds
2016-07-14T10:33:57.907+0100: 5582.295: Total time for which application threads were stopped: 0.0001251 seconds, Stopping threads took: 0.0000300 seconds
2016-07-14T10:33:58.907+0100: 5583.295: Total time for which application threads were stopped: 0.0000936 seconds, Stopping threads took: 0.0000272 seconds
2016-07-14T10:49:31.731+0100: 6516.119: Total time for which application threads were stopped: 0.0003932 seconds, Stopping threads took: 0.0001295 seconds
2016-07-14T10:50:31.755+0100: 6576.144: Total time for which application threads were stopped: 0.0002211 seconds, Stopping threads took: 0.0000699 seconds
2016-07-14T10:52:53.938+0100: 6718.326: Total time for which application threads were stopped: 0.0001109 seconds, Stopping threads took: 0.0000272 seconds
2016-07-14T10:52:56.019+0100: 6720.408: Total time for which application threads were stopped: 0.0000790 seconds, Stopping threads took: 0.0000221 seconds
2016-07-14T10:52:57.020+0100: 6721.408: Total time for which application threads were stopped: 0.0004548 seconds, Stopping threads took: 0.0000561 seconds
2016-07-14T10:53:32.040+0100: 6756.428: Total time for which application threads were stopped: 0.0001153 seconds, Stopping threads took: 0.0000316 seconds
2016-07-14T10:53:44.046+0100: 6768.434: Total time for which application threads were stopped: 0.0001828 seconds, Stopping threads took: 0.0000553 seconds
2016-07-14T10:53:47.561+0100: 6771.950: Total time for which application threads were stopped: 0.0001034 seconds, Stopping threads took: 0.0000288 seconds
2016-07-14T10:53:48.568+0100: 6772.957: Total time for which application threads were stopped: 0.0003375 seconds, Stopping threads took: 0.0000588 seconds
2016-07-14T10:53:59.427+0100: 6783.815: Total time for which application threads were stopped: 0.0001113 seconds, Stopping threads took: 0.0000304 seconds
2016-07-14T10:54:00.427+0100: 6784.815: Total time for which application threads were stopped: 0.0001832 seconds, Stopping threads took: 0.0000549 seconds
2016-07-14T10:54:02.428+0100: 6786.816: Total time for which application threads were stopped: 0.0000955 seconds, Stopping threads took: 0.0000304 seconds
2016-07-14T10:54:14.484+0100: 6798.872: Total time for which application threads were stopped: 0.0002661 seconds, Stopping threads took: 0.0000857 seconds
2016-07-14T10:54:31.492+0100: 6815.880: Total time for which application threads were stopped: 0.0001259 seconds, Stopping threads took: 0.0000375 seconds
2016-07-14T11:03:04.743+0100: 7329.132: Total time for which application threads were stopped: 0.0001512 seconds, Stopping threads took: 0.0000359 seconds
2016-07-14T11:03:04.758+0100: 7329.147: Total time for which application threads were stopped: 0.0000742 seconds, Stopping threads took: 0.0000186 seconds
2016-07-14T11:03:05.760+0100: 7330.148: Total time for which application threads were stopped: 0.0002676 seconds, Stopping threads took: 0.0000947 seconds
2016-07-14T11:13:43.059+0100: 7967.447: Total time for which application threads were stopped: 0.0001378 seconds, Stopping threads took: 0.0000300 seconds
2016-07-14T11:13:43.075+0100: 7967.463: Total time for which application threads were stopped: 0.0000675 seconds, Stopping threads took: 0.0000186 seconds
2016-07-14T11:13:44.075+0100: 7968.464: Total time for which application threads were stopped: 0.0001283 seconds, Stopping threads took: 0.0000371 seconds
2016-07-14T11:13:50.077+0100: 7974.465: Total time for which application threads were stopped: 0.0001015 seconds, Stopping threads took: 0.0000253 seconds
2016-07-14T11:58:49.248+0100: 10673.637: Total time for which application threads were stopped: 0.0007078 seconds, Stopping threads took: 0.0002337 seconds
2016-07-14T11:58:50.248+0100: 10674.636: Total time for which application threads were stopped: 0.0002846 seconds, Stopping threads took: 0.0000604 seconds
{Heap before GC invocations=10 (full 1):
 par new generation   total 109248K, used 109248K [0x00000000e0000000, 0x00000000e8000000, 0x00000000e8000000)
  eden space 87424K, 100% used [0x00000000e0000000, 0x00000000e5560000, 0x00000000e5560000)
  from space 21824K, 100% used [0x00000000e5560000, 0x00000000e6ab0000, 0x00000000e6ab0000)
  to   space 21824K,   0% used [0x00000000e6ab0000, 0x00000000e6ab0000, 0x00000000e8000000)
 concurrent mark-sweep generation total 393216K, used 9462K [0x00000000e8000000, 0x0000000100000000, 0x0000000100000000)
 Metaspace       used 39463K, capacity 39904K, committed 40236K, reserved 1085440K
  class space    used 4427K, capacity 4539K, committed 4652K, reserved 1048576K
2016-07-14T11:59:23.965+0100: 10708.354: [GC (Allocation Failure) 2016-07-14T11:59:23.965+0100: 10708.354: [ParNew
Desired survivor size 20112992 bytes, new threshold 8 (max 8)
- age   1:     401544 bytes,     401544 total
- age   2:    2629512 bytes,    3031056 total
- age   3:      52792 bytes,    3083848 total
- age   4:     162688 bytes,    3246536 total
- age   5:       8192 bytes,    3254728 total
- age   6:    4167496 bytes,    7422224 total
- age   7:    4678624 bytes,   12100848 total
- age   8:    6104984 bytes,   18205832 total
: 109248K->21824K(109248K), 0.0581128 secs] 118710K->31905K(502464K), 0.0583173 secs] [Times: user=0.08 sys=0.11, real=0.06 secs] 
Heap after GC invocations=11 (full 1):
 par new generation   total 109248K, used 21824K [0x00000000e0000000, 0x00000000e8000000, 0x00000000e8000000)
  eden space 87424K,   0% used [0x00000000e0000000, 0x00000000e0000000, 0x00000000e5560000)
  from space 21824K, 100% used [0x00000000e6ab0000, 0x00000000e8000000, 0x00000000e8000000)
  to   space 21824K,   0% used [0x00000000e5560000, 0x00000000e5560000, 0x00000000e6ab0000)
 concurrent mark-sweep generation total 393216K, used 10081K [0x00000000e8000000, 0x0000000100000000, 0x0000000100000000)
 Metaspace       used 39463K, capacity 39904K, committed 40236K, reserved 1085440K
  class space    used 4427K, capacity 4539K, committed 4652K, reserved 1048576K
}
2016-07-14T11:59:24.024+0100: 10708.412: Total time for which application threads were stopped: 0.0586765 seconds, Stopping threads took: 0.0000280 seconds
2016-07-14T11:59:25.024+0100: 10709.412: Total time for which application threads were stopped: 0.0002297 seconds, Stopping threads took: 0.0000663 seconds
2016-07-14T12:01:25.864+0100: 10830.260: Total time for which application threads were stopped: 0.0002949 seconds, Stopping threads took: 0.0000975 seconds
2016-07-14T12:01:25.914+0100: 10830.315: Total time for which application threads were stopped: 0.0001934 seconds, Stopping threads took: 0.0000193 seconds
2016-07-14T12:01:26.929+0100: 10831.317: Total time for which application threads were stopped: 0.0003470 seconds, Stopping threads took: 0.0000868 seconds
2016-07-14T12:02:16.027+0100: 10880.415: Total time for which application threads were stopped: 0.0001165 seconds, Stopping threads took: 0.0000351 seconds
2016-07-14T14:35:36.590+0100: 20081.015: Total time for which application threads were stopped: 0.0340799 seconds, Stopping threads took: 0.0002826 seconds
2016-07-14T14:35:36.595+0100: 20081.020: Total time for which application threads were stopped: 0.0007350 seconds, Stopping threads took: 0.0000241 seconds
2016-07-14T14:35:36.672+0100: 20081.097: Total time for which application threads were stopped: 0.0001322 seconds, Stopping threads took: 0.0000300 seconds
2016-07-14T14:35:36.679+0100: 20081.104: Total time for which application threads were stopped: 0.0000857 seconds, Stopping threads took: 0.0000276 seconds
2016-07-14T14:35:36.689+0100: 20081.114: Total time for which application threads were stopped: 0.0000872 seconds, Stopping threads took: 0.0000186 seconds
2016-07-14T14:35:36.689+0100: 20081.114: Total time for which application threads were stopped: 0.0000312 seconds, Stopping threads took: 0.0000079 seconds
2016-07-14T14:35:36.692+0100: 20081.116: Total time for which application threads were stopped: 0.0000375 seconds, Stopping threads took: 0.0000095 seconds
2016-07-14T14:35:36.692+0100: 20081.117: Total time for which application threads were stopped: 0.0000304 seconds, Stopping threads took: 0.0000075 seconds
2016-07-14T14:35:36.694+0100: 20081.119: Total time for which application threads were stopped: 0.0000659 seconds, Stopping threads took: 0.0000087 seconds
2016-07-14T14:35:36.698+0100: 20081.123: Total time for which application threads were stopped: 0.0000940 seconds, Stopping threads took: 0.0000170 seconds
2016-07-14T14:35:36.698+0100: 20081.123: Total time for which application threads were stopped: 0.0000403 seconds, Stopping threads took: 0.0000087 seconds
2016-07-14T14:35:36.698+0100: 20081.123: Total time for which application threads were stopped: 0.0000332 seconds, Stopping threads took: 0.0000071 seconds
2016-07-14T14:35:36.698+0100: 20081.123: Total time for which application threads were stopped: 0.0000320 seconds, Stopping threads took: 0.0000067 seconds
2016-07-14T14:35:36.700+0100: 20081.124: Total time for which application threads were stopped: 0.0001279 seconds, Stopping threads took: 0.0000233 seconds
2016-07-14T14:35:36.702+0100: 20081.126: Total time for which application threads were stopped: 0.0002088 seconds, Stopping threads took: 0.0000150 seconds
2016-07-14T14:35:36.702+0100: 20081.127: Total time for which application threads were stopped: 0.0000608 seconds, Stopping threads took: 0.0000174 seconds
2016-07-14T14:35:36.704+0100: 20081.129: Total time for which application threads were stopped: 0.0000805 seconds, Stopping threads took: 0.0000261 seconds
Heap
 par new generation   total 109248K, used 32191K [0x00000000e0000000, 0x00000000e8000000, 0x00000000e8000000)
  eden space 87424K,  11% used [0x00000000e0000000, 0x00000000e0a1feb0, 0x00000000e5560000)
  from space 21824K, 100% used [0x00000000e6ab0000, 0x00000000e8000000, 0x00000000e8000000)
  to   space 21824K,   0% used [0x00000000e5560000, 0x00000000e5560000, 0x00000000e6ab0000)
 concurrent mark-sweep generation total 393216K, used 10081K [0x00000000e8000000, 0x0000000100000000, 0x0000000100000000)
 Metaspace       used 39715K, capacity 40128K, committed 40492K, reserved 1085440K
  class space    used 4455K, capacity 4571K, committed 4652K, reserved 1048576K
