Java HotSpot(TM) 64-Bit Server VM (25.73-b02) for windows-amd64 JRE (1.8.0_73-b02), built on Jan 29 2016 17:38:49 by "java_re" with MS VC++ 10.0 (VS2010)
Memory: 4k page, physical 8269212k(2928872k free), swap 10513632k(3335520k free)
CommandLine flags: -XX:CMSInitiatingOccupancyFraction=50 -XX:CMSMaxAbortablePrecleanTime=6000 -XX:+CMSParallelRemarkEnabled -XX:+CMSScavengeBeforeRemark -XX:ConcGCThreads=4 -XX:InitialHeapSize=536870912 -XX:MaxHeapSize=536870912 -XX:MaxTenuringThreshold=8 -XX:NewRatio=3 -XX:OldPLABSize=16 -XX:ParallelGCThreads=4 -XX:+ParallelRefProcEnabled -XX:PretenureSizeThreshold=67108864 -XX:+PrintGC -XX:+PrintGCApplicationStoppedTime -XX:+PrintGCDateStamps -XX:+PrintGCDetails -XX:+PrintGCTimeStamps -XX:+PrintHeapAtGC -XX:+PrintTenuringDistribution -XX:SurvivorRatio=4 -XX:TargetSurvivorRatio=90 -XX:ThreadStackSize=256 -XX:+UseCMSInitiatingOccupancyOnly -XX:+UseCompressedClassPointers -XX:+UseCompressedOops -XX:+UseConcMarkSweepGC -XX:-UseLargePagesIndividualAllocation -XX:+UseParNewGC 
2016-06-21T18:32:17.471+0100: 0.493: Total time for which application threads were stopped: 0.0001930 seconds, Stopping threads took: 0.0000217 seconds
2016-06-21T18:32:17.761+0100: 0.783: Total time for which application threads were stopped: 0.0044426 seconds, Stopping threads took: 0.0042847 seconds
2016-06-21T18:32:17.851+0100: 0.874: Total time for which application threads were stopped: 0.0001820 seconds, Stopping threads took: 0.0000221 seconds
2016-06-21T18:32:17.863+0100: 0.886: Total time for which application threads were stopped: 0.0001508 seconds, Stopping threads took: 0.0000205 seconds
{Heap before GC invocations=0 (full 0):
 par new generation   total 109248K, used 87424K [0x00000000e0000000, 0x00000000e8000000, 0x00000000e8000000)
  eden space 87424K, 100% used [0x00000000e0000000, 0x00000000e5560000, 0x00000000e5560000)
  from space 21824K,   0% used [0x00000000e5560000, 0x00000000e5560000, 0x00000000e6ab0000)
  to   space 21824K,   0% used [0x00000000e6ab0000, 0x00000000e6ab0000, 0x00000000e8000000)
 concurrent mark-sweep generation total 393216K, used 0K [0x00000000e8000000, 0x0000000100000000, 0x0000000100000000)
 Metaspace       used 10115K, capacity 10268K, committed 10496K, reserved 1058816K
  class space    used 1165K, capacity 1208K, committed 1280K, reserved 1048576K
2016-06-21T18:32:18.238+0100: 1.260: [GC (Allocation Failure) 2016-06-21T18:32:18.238+0100: 1.261: [ParNew
Desired survivor size 20112992 bytes, new threshold 8 (max 8)
- age   1:    5898168 bytes,    5898168 total
: 87424K->5844K(109248K), 0.0062356 secs] 87424K->5844K(502464K), 0.0064515 secs] [Times: user=0.00 sys=0.00, real=0.01 secs] 
Heap after GC invocations=1 (full 0):
 par new generation   total 109248K, used 5844K [0x00000000e0000000, 0x00000000e8000000, 0x00000000e8000000)
  eden space 87424K,   0% used [0x00000000e0000000, 0x00000000e0000000, 0x00000000e5560000)
  from space 21824K,  26% used [0x00000000e6ab0000, 0x00000000e70653e0, 0x00000000e8000000)
  to   space 21824K,   0% used [0x00000000e5560000, 0x00000000e5560000, 0x00000000e6ab0000)
 concurrent mark-sweep generation total 393216K, used 0K [0x00000000e8000000, 0x0000000100000000, 0x0000000100000000)
 Metaspace       used 10115K, capacity 10268K, committed 10496K, reserved 1058816K
  class space    used 1165K, capacity 1208K, committed 1280K, reserved 1048576K
}
2016-06-21T18:32:18.244+0100: 1.267: Total time for which application threads were stopped: 0.0066923 seconds, Stopping threads took: 0.0000268 seconds
2016-06-21T18:32:18.378+0100: 1.403: Total time for which application threads were stopped: 0.0001800 seconds, Stopping threads took: 0.0000201 seconds
2016-06-21T18:32:18.409+0100: 1.446: Total time for which application threads were stopped: 0.0001654 seconds, Stopping threads took: 0.0000186 seconds
2016-06-21T18:32:18.547+0100: 1.571: Total time for which application threads were stopped: 0.0001997 seconds, Stopping threads took: 0.0000174 seconds
2016-06-21T18:32:18.547+0100: 1.572: Total time for which application threads were stopped: 0.0000722 seconds, Stopping threads took: 0.0000079 seconds
2016-06-21T18:32:18.547+0100: 1.576: Total time for which application threads were stopped: 0.0000916 seconds, Stopping threads took: 0.0000103 seconds
2016-06-21T18:32:19.547+0100: 2.569: Total time for which application threads were stopped: 0.0002404 seconds, Stopping threads took: 0.0000489 seconds
2016-06-21T18:32:20.900+0100: 3.923: Total time for which application threads were stopped: 0.0003821 seconds, Stopping threads took: 0.0001611 seconds
2016-06-21T18:32:21.087+0100: 4.110: Total time for which application threads were stopped: 0.0002211 seconds, Stopping threads took: 0.0000387 seconds
{Heap before GC invocations=1 (full 0):
 par new generation   total 109248K, used 93268K [0x00000000e0000000, 0x00000000e8000000, 0x00000000e8000000)
  eden space 87424K, 100% used [0x00000000e0000000, 0x00000000e5560000, 0x00000000e5560000)
  from space 21824K,  26% used [0x00000000e6ab0000, 0x00000000e70653e0, 0x00000000e8000000)
  to   space 21824K,   0% used [0x00000000e5560000, 0x00000000e5560000, 0x00000000e6ab0000)
 concurrent mark-sweep generation total 393216K, used 0K [0x00000000e8000000, 0x0000000100000000, 0x0000000100000000)
 Metaspace       used 19399K, capacity 19798K, committed 20096K, reserved 1067008K
  class space    used 2313K, capacity 2422K, committed 2432K, reserved 1048576K
2016-06-21T18:32:21.111+0100: 4.134: [GC (Allocation Failure) 2016-06-21T18:32:21.111+0100: 4.134: [ParNew
Desired survivor size 20112992 bytes, new threshold 8 (max 8)
- age   1:    7994264 bytes,    7994264 total
- age   2:    2593528 bytes,   10587792 total
: 93268K->11696K(109248K), 0.0111594 secs] 93268K->11696K(502464K), 0.0113232 secs] [Times: user=0.00 sys=0.00, real=0.01 secs] 
Heap after GC invocations=2 (full 0):
 par new generation   total 109248K, used 11696K [0x00000000e0000000, 0x00000000e8000000, 0x00000000e8000000)
  eden space 87424K,   0% used [0x00000000e0000000, 0x00000000e0000000, 0x00000000e5560000)
  from space 21824K,  53% used [0x00000000e5560000, 0x00000000e60cc220, 0x00000000e6ab0000)
  to   space 21824K,   0% used [0x00000000e6ab0000, 0x00000000e6ab0000, 0x00000000e8000000)
 concurrent mark-sweep generation total 393216K, used 0K [0x00000000e8000000, 0x0000000100000000, 0x0000000100000000)
 Metaspace       used 19399K, capacity 19798K, committed 20096K, reserved 1067008K
  class space    used 2313K, capacity 2422K, committed 2432K, reserved 1048576K
}
2016-06-21T18:32:21.121+0100: 4.146: Total time for which application threads were stopped: 0.0115636 seconds, Stopping threads took: 0.0000347 seconds
2016-06-21T18:32:21.160+0100: 4.183: Total time for which application threads were stopped: 0.0002175 seconds, Stopping threads took: 0.0000213 seconds
2016-06-21T18:32:21.176+0100: 4.212: Total time for which application threads were stopped: 0.0002771 seconds, Stopping threads took: 0.0000312 seconds
2016-06-21T18:32:21.297+0100: 4.326: Total time for which application threads were stopped: 0.0002574 seconds, Stopping threads took: 0.0000193 seconds
2016-06-21T18:32:21.297+0100: 4.330: Total time for which application threads were stopped: 0.0000557 seconds, Stopping threads took: 0.0000182 seconds
2016-06-21T18:32:21.335+0100: 4.357: Total time for which application threads were stopped: 0.0000892 seconds, Stopping threads took: 0.0000276 seconds
2016-06-21T18:32:21.362+0100: 4.384: Total time for which application threads were stopped: 0.0001216 seconds, Stopping threads took: 0.0000343 seconds
2016-06-21T18:32:21.379+0100: 4.408: Total time for which application threads were stopped: 0.0000604 seconds, Stopping threads took: 0.0000182 seconds
2016-06-21T18:32:21.410+0100: 4.447: Total time for which application threads were stopped: 0.0000711 seconds, Stopping threads took: 0.0000197 seconds
2016-06-21T18:32:21.466+0100: 4.498: Total time for which application threads were stopped: 0.0001026 seconds, Stopping threads took: 0.0000351 seconds
2016-06-21T18:32:21.466+0100: 4.499: Total time for which application threads were stopped: 0.0000920 seconds, Stopping threads took: 0.0000272 seconds
2016-06-21T18:32:21.481+0100: 4.509: Total time for which application threads were stopped: 0.0000612 seconds, Stopping threads took: 0.0000166 seconds
2016-06-21T18:32:21.497+0100: 4.534: Total time for which application threads were stopped: 0.0000663 seconds, Stopping threads took: 0.0000189 seconds
2016-06-21T18:32:21.528+0100: 4.554: Total time for which application threads were stopped: 0.0000774 seconds, Stopping threads took: 0.0000245 seconds
2016-06-21T18:32:21.550+0100: 4.579: Total time for which application threads were stopped: 0.0000786 seconds, Stopping threads took: 0.0000245 seconds
2016-06-21T18:32:21.582+0100: 4.605: Total time for which application threads were stopped: 0.0000999 seconds, Stopping threads took: 0.0000296 seconds
2016-06-21T18:32:21.613+0100: 4.650: Total time for which application threads were stopped: 0.0001599 seconds, Stopping threads took: 0.0000580 seconds
2016-06-21T18:32:21.628+0100: 4.657: Total time for which application threads were stopped: 0.0000900 seconds, Stopping threads took: 0.0000328 seconds
2016-06-21T18:32:21.651+0100: 4.686: Total time for which application threads were stopped: 0.0000951 seconds, Stopping threads took: 0.0000308 seconds
2016-06-21T18:32:21.682+0100: 4.714: Total time for which application threads were stopped: 0.0004500 seconds, Stopping threads took: 0.0003841 seconds
2016-06-21T18:32:21.682+0100: 4.714: Total time for which application threads were stopped: 0.0000533 seconds, Stopping threads took: 0.0000213 seconds
2016-06-21T18:32:22.683+0100: 5.705: Total time for which application threads were stopped: 0.0000793 seconds, Stopping threads took: 0.0000249 seconds
2016-06-21T18:32:23.131+0100: 6.153: [GC (CMS Initial Mark) [1 CMS-initial-mark: 0K(393216K)] 83469K(502464K), 0.0095366 secs] [Times: user=0.00 sys=0.00, real=0.00 secs] 
2016-06-21T18:32:23.131+0100: 6.163: Total time for which application threads were stopped: 0.0096747 seconds, Stopping threads took: 0.0000296 seconds
2016-06-21T18:32:23.131+0100: 6.163: [CMS-concurrent-mark-start]
2016-06-21T18:32:23.131+0100: 6.163: [CMS-concurrent-mark: 0.000/0.000 secs] [Times: user=0.00 sys=0.00, real=0.00 secs] 
2016-06-21T18:32:23.131+0100: 6.163: [CMS-concurrent-preclean-start]
2016-06-21T18:32:23.131+0100: 6.164: [CMS-concurrent-preclean: 0.001/0.001 secs] [Times: user=0.00 sys=0.00, real=0.00 secs] 
2016-06-21T18:32:23.131+0100: 6.164: [CMS-concurrent-abortable-preclean-start]
2016-06-21T18:32:24.876+0100: 7.900: Total time for which application threads were stopped: 0.0000770 seconds, Stopping threads took: 0.0000233 seconds
2016-06-21T18:32:24.876+0100: 7.905: Total time for which application threads were stopped: 0.0000691 seconds, Stopping threads took: 0.0000217 seconds
2016-06-21T18:32:24.892+0100: 7.923: Total time for which application threads were stopped: 0.0000766 seconds, Stopping threads took: 0.0000201 seconds
2016-06-21T18:32:24.907+0100: 7.945: Total time for which application threads were stopped: 0.0000876 seconds, Stopping threads took: 0.0000304 seconds
2016-06-21T18:32:24.923+0100: 7.956: Total time for which application threads were stopped: 0.0000636 seconds, Stopping threads took: 0.0000193 seconds
2016-06-21T18:32:25.161+0100: 8.189: Total time for which application threads were stopped: 0.0000872 seconds, Stopping threads took: 0.0000316 seconds
2016-06-21T18:32:25.161+0100: 8.190: Total time for which application threads were stopped: 0.0000521 seconds, Stopping threads took: 0.0000134 seconds
 CMS: abort preclean due to time 2016-06-21T18:32:29.187+0100: 12.210: [CMS-concurrent-abortable-preclean: 1.762/6.046 secs] [Times: user=1.58 sys=0.14, real=6.06 secs] 
2016-06-21T18:32:29.187+0100: 12.210: [GC (CMS Final Remark) [YG occupancy: 91863 K (109248 K)]{Heap before GC invocations=2 (full 1):
 par new generation   total 109248K, used 91863K [0x00000000e0000000, 0x00000000e8000000, 0x00000000e8000000)
  eden space 87424K,  91% used [0x00000000e0000000, 0x00000000e4e49a88, 0x00000000e5560000)
  from space 21824K,  53% used [0x00000000e5560000, 0x00000000e60cc220, 0x00000000e6ab0000)
  to   space 21824K,   0% used [0x00000000e6ab0000, 0x00000000e6ab0000, 0x00000000e8000000)
 concurrent mark-sweep generation total 393216K, used 0K [0x00000000e8000000, 0x0000000100000000, 0x0000000100000000)
 Metaspace       used 25405K, capacity 25766K, committed 25944K, reserved 1073152K
  class space    used 3100K, capacity 3200K, committed 3224K, reserved 1048576K
2016-06-21T18:32:29.187+0100: 12.211: [GC (CMS Final Remark) 2016-06-21T18:32:29.187+0100: 12.211: [ParNew
Desired survivor size 20112992 bytes, new threshold 8 (max 8)
- age   1:    5942160 bytes,    5942160 total
- age   2:    2558504 bytes,    8500664 total
- age   3:    2588344 bytes,   11089008 total
: 91863K->15276K(109248K), 0.0083811 secs] 91863K->15276K(502464K), 0.0084620 secs] [Times: user=0.00 sys=0.00, real=0.01 secs] 
Heap after GC invocations=3 (full 1):
 par new generation   total 109248K, used 15276K [0x00000000e0000000, 0x00000000e8000000, 0x00000000e8000000)
  eden space 87424K,   0% used [0x00000000e0000000, 0x00000000e0000000, 0x00000000e5560000)
  from space 21824K,  69% used [0x00000000e6ab0000, 0x00000000e799b248, 0x00000000e8000000)
  to   space 21824K,   0% used [0x00000000e5560000, 0x00000000e5560000, 0x00000000e6ab0000)
 concurrent mark-sweep generation total 393216K, used 0K [0x00000000e8000000, 0x0000000100000000, 0x0000000100000000)
 Metaspace       used 25405K, capacity 25766K, committed 25944K, reserved 1073152K
  class space    used 3100K, capacity 3200K, committed 3224K, reserved 1048576K
}
2016-06-21T18:32:29.196+0100: 12.219: [Rescan (parallel) , 0.0028628 secs]2016-06-21T18:32:29.199+0100: 12.222: [weak refs processing, 0.0002850 secs]2016-06-21T18:32:29.199+0100: 12.222: [class unloading, 0.0038998 secs]2016-06-21T18:32:29.203+0100: 12.226: [scrub symbol table, 0.0065186 secs]2016-06-21T18:32:29.209+0100: 12.233: [scrub string table, 0.0005602 secs][1 CMS-remark: 0K(393216K)] 15276K(502464K), 0.0236874 secs] [Times: user=0.02 sys=0.00, real=0.02 secs] 
2016-06-21T18:32:29.211+0100: 12.234: Total time for which application threads were stopped: 0.0237991 seconds, Stopping threads took: 0.0000276 seconds
2016-06-21T18:32:29.211+0100: 12.234: [CMS-concurrent-sweep-start]
2016-06-21T18:32:29.211+0100: 12.234: [CMS-concurrent-sweep: 0.000/0.000 secs] [Times: user=0.00 sys=0.00, real=0.00 secs] 
2016-06-21T18:32:29.211+0100: 12.234: [CMS-concurrent-reset-start]
2016-06-21T18:32:29.213+0100: 12.236: Total time for which application threads were stopped: 0.0000774 seconds, Stopping threads took: 0.0000332 seconds
2016-06-21T18:32:29.213+0100: 12.236: [CMS-concurrent-reset: 0.002/0.002 secs] [Times: user=0.00 sys=0.00, real=0.00 secs] 
2016-06-21T18:32:38.197+0100: 21.220: Total time for which application threads were stopped: 0.0000833 seconds, Stopping threads took: 0.0000245 seconds
2016-06-21T18:32:38.197+0100: 21.220: Total time for which application threads were stopped: 0.0000430 seconds, Stopping threads took: 0.0000114 seconds
2016-06-21T18:32:38.199+0100: 21.221: Total time for which application threads were stopped: 0.0000884 seconds, Stopping threads took: 0.0000292 seconds
2016-06-21T18:32:38.199+0100: 21.222: Total time for which application threads were stopped: 0.0000580 seconds, Stopping threads took: 0.0000154 seconds
2016-06-21T18:32:38.248+0100: 21.270: Total time for which application threads were stopped: 0.0001018 seconds, Stopping threads took: 0.0000300 seconds
2016-06-21T18:32:38.248+0100: 21.271: Total time for which application threads were stopped: 0.0000505 seconds, Stopping threads took: 0.0000146 seconds
2016-06-21T18:32:38.257+0100: 21.279: Total time for which application threads were stopped: 0.0000592 seconds, Stopping threads took: 0.0000233 seconds
2016-06-21T18:32:38.258+0100: 21.281: Total time for which application threads were stopped: 0.0000679 seconds, Stopping threads took: 0.0000296 seconds
2016-06-21T18:32:38.264+0100: 21.286: Total time for which application threads were stopped: 0.0002530 seconds, Stopping threads took: 0.0000189 seconds
2016-06-21T18:32:38.294+0100: 21.317: Total time for which application threads were stopped: 0.0000580 seconds, Stopping threads took: 0.0000193 seconds
2016-06-21T18:32:38.294+0100: 21.317: Total time for which application threads were stopped: 0.0000332 seconds, Stopping threads took: 0.0000079 seconds
2016-06-21T18:32:38.294+0100: 21.317: Total time for which application threads were stopped: 0.0000411 seconds, Stopping threads took: 0.0000107 seconds
2016-06-21T18:32:38.294+0100: 21.317: Total time for which application threads were stopped: 0.0000253 seconds, Stopping threads took: 0.0000083 seconds
2016-06-21T18:32:38.295+0100: 21.317: Total time for which application threads were stopped: 0.0000343 seconds, Stopping threads took: 0.0000103 seconds
2016-06-21T18:32:38.295+0100: 21.317: Total time for which application threads were stopped: 0.0000351 seconds, Stopping threads took: 0.0000103 seconds
2016-06-21T18:32:38.472+0100: 21.495: Total time for which application threads were stopped: 0.0000738 seconds, Stopping threads took: 0.0000189 seconds
2016-06-21T18:32:38.479+0100: 21.501: Total time for which application threads were stopped: 0.0000493 seconds, Stopping threads took: 0.0000170 seconds
2016-06-21T18:32:38.479+0100: 21.501: Total time for which application threads were stopped: 0.0000229 seconds, Stopping threads took: 0.0000067 seconds
2016-06-21T18:32:38.479+0100: 21.501: Total time for which application threads were stopped: 0.0000213 seconds, Stopping threads took: 0.0000063 seconds
2016-06-21T18:32:38.479+0100: 21.501: Total time for which application threads were stopped: 0.0000209 seconds, Stopping threads took: 0.0000063 seconds
2016-06-21T18:32:38.479+0100: 21.502: Total time for which application threads were stopped: 0.0000209 seconds, Stopping threads took: 0.0000067 seconds
2016-06-21T18:32:38.479+0100: 21.502: Total time for which application threads were stopped: 0.0000209 seconds, Stopping threads took: 0.0000063 seconds
2016-06-21T18:32:38.479+0100: 21.502: Total time for which application threads were stopped: 0.0000209 seconds, Stopping threads took: 0.0000067 seconds
2016-06-21T18:32:38.479+0100: 21.502: Total time for which application threads were stopped: 0.0000209 seconds, Stopping threads took: 0.0000063 seconds
2016-06-21T18:32:38.479+0100: 21.502: Total time for which application threads were stopped: 0.0000209 seconds, Stopping threads took: 0.0000063 seconds
2016-06-21T18:32:38.479+0100: 21.502: Total time for which application threads were stopped: 0.0000225 seconds, Stopping threads took: 0.0000079 seconds
2016-06-21T18:32:38.479+0100: 21.502: Total time for which application threads were stopped: 0.0000209 seconds, Stopping threads took: 0.0000063 seconds
2016-06-21T18:32:38.479+0100: 21.502: Total time for which application threads were stopped: 0.0000245 seconds, Stopping threads took: 0.0000079 seconds
2016-06-21T18:32:38.479+0100: 21.502: Total time for which application threads were stopped: 0.0000209 seconds, Stopping threads took: 0.0000063 seconds
2016-06-21T18:32:38.479+0100: 21.502: Total time for which application threads were stopped: 0.0000209 seconds, Stopping threads took: 0.0000067 seconds
2016-06-21T18:32:38.479+0100: 21.502: Total time for which application threads were stopped: 0.0000205 seconds, Stopping threads took: 0.0000063 seconds
2016-06-21T18:32:38.479+0100: 21.502: Total time for which application threads were stopped: 0.0000205 seconds, Stopping threads took: 0.0000063 seconds
2016-06-21T18:32:38.479+0100: 21.502: Total time for which application threads were stopped: 0.0000205 seconds, Stopping threads took: 0.0000063 seconds
2016-06-21T18:32:38.480+0100: 21.502: Total time for which application threads were stopped: 0.0001113 seconds, Stopping threads took: 0.0000063 seconds
2016-06-21T18:32:38.496+0100: 21.519: Total time for which application threads were stopped: 0.0002669 seconds, Stopping threads took: 0.0000288 seconds
2016-06-21T18:32:38.920+0100: 21.943: Total time for which application threads were stopped: 0.0003987 seconds, Stopping threads took: 0.0000300 seconds
2016-06-21T18:32:39.077+0100: 22.099: Total time for which application threads were stopped: 0.0003478 seconds, Stopping threads took: 0.0000347 seconds
2016-06-21T18:32:39.255+0100: 22.278: Total time for which application threads were stopped: 0.0003261 seconds, Stopping threads took: 0.0000320 seconds
2016-06-21T18:32:39.256+0100: 22.279: Total time for which application threads were stopped: 0.0001922 seconds, Stopping threads took: 0.0000193 seconds
2016-06-21T18:32:39.411+0100: 22.433: Total time for which application threads were stopped: 0.0004177 seconds, Stopping threads took: 0.0000399 seconds
2016-06-21T18:32:39.510+0100: 22.533: Total time for which application threads were stopped: 0.0001093 seconds, Stopping threads took: 0.0000300 seconds
2016-06-21T18:32:39.533+0100: 22.555: Total time for which application threads were stopped: 0.0001125 seconds, Stopping threads took: 0.0000375 seconds
2016-06-21T18:32:39.533+0100: 22.555: Total time for which application threads were stopped: 0.0000778 seconds, Stopping threads took: 0.0000308 seconds
2016-06-21T18:32:39.533+0100: 22.556: Total time for which application threads were stopped: 0.0000718 seconds, Stopping threads took: 0.0000261 seconds
2016-06-21T18:32:39.533+0100: 22.556: Total time for which application threads were stopped: 0.0000596 seconds, Stopping threads took: 0.0000213 seconds
2016-06-21T18:32:39.534+0100: 22.556: Total time for which application threads were stopped: 0.0000509 seconds, Stopping threads took: 0.0000193 seconds
2016-06-21T18:32:39.534+0100: 22.556: Total time for which application threads were stopped: 0.0000454 seconds, Stopping threads took: 0.0000166 seconds
2016-06-21T18:32:39.534+0100: 22.556: Total time for which application threads were stopped: 0.0000549 seconds, Stopping threads took: 0.0000189 seconds
2016-06-21T18:32:39.534+0100: 22.556: Total time for which application threads were stopped: 0.0000620 seconds, Stopping threads took: 0.0000154 seconds
2016-06-21T18:32:39.534+0100: 22.556: Total time for which application threads were stopped: 0.0000422 seconds, Stopping threads took: 0.0000142 seconds
2016-06-21T18:32:39.534+0100: 22.556: Total time for which application threads were stopped: 0.0000541 seconds, Stopping threads took: 0.0000154 seconds
2016-06-21T18:32:39.534+0100: 22.556: Total time for which application threads were stopped: 0.0000438 seconds, Stopping threads took: 0.0000150 seconds
2016-06-21T18:32:39.534+0100: 22.557: Total time for which application threads were stopped: 0.0000553 seconds, Stopping threads took: 0.0000158 seconds
2016-06-21T18:32:39.534+0100: 22.557: Total time for which application threads were stopped: 0.0000450 seconds, Stopping threads took: 0.0000154 seconds
2016-06-21T18:32:39.535+0100: 22.558: Total time for which application threads were stopped: 0.0000738 seconds, Stopping threads took: 0.0000264 seconds
2016-06-21T18:32:39.536+0100: 22.559: Total time for which application threads were stopped: 0.0000786 seconds, Stopping threads took: 0.0000284 seconds
2016-06-21T18:32:39.536+0100: 22.559: Total time for which application threads were stopped: 0.0000482 seconds, Stopping threads took: 0.0000170 seconds
2016-06-21T18:32:39.536+0100: 22.559: Total time for which application threads were stopped: 0.0000466 seconds, Stopping threads took: 0.0000154 seconds
2016-06-21T18:32:39.536+0100: 22.559: Total time for which application threads were stopped: 0.0000418 seconds, Stopping threads took: 0.0000146 seconds
2016-06-21T18:32:39.536+0100: 22.559: Total time for which application threads were stopped: 0.0000395 seconds, Stopping threads took: 0.0000134 seconds
2016-06-21T18:32:39.537+0100: 22.559: Total time for which application threads were stopped: 0.0000403 seconds, Stopping threads took: 0.0000130 seconds
2016-06-21T18:32:39.537+0100: 22.559: Total time for which application threads were stopped: 0.0000391 seconds, Stopping threads took: 0.0000130 seconds
2016-06-21T18:32:39.537+0100: 22.559: Total time for which application threads were stopped: 0.0001512 seconds, Stopping threads took: 0.0000138 seconds
2016-06-21T18:32:39.538+0100: 22.561: Total time for which application threads were stopped: 0.0001161 seconds, Stopping threads took: 0.0000336 seconds
2016-06-21T18:32:39.541+0100: 22.564: Total time for which application threads were stopped: 0.0000999 seconds, Stopping threads took: 0.0000343 seconds
2016-06-21T18:32:39.544+0100: 22.567: Total time for which application threads were stopped: 0.0001228 seconds, Stopping threads took: 0.0000308 seconds
2016-06-21T18:32:39.547+0100: 22.570: Total time for which application threads were stopped: 0.0000967 seconds, Stopping threads took: 0.0000264 seconds
2016-06-21T18:32:39.552+0100: 22.574: Total time for which application threads were stopped: 0.0001018 seconds, Stopping threads took: 0.0000328 seconds
2016-06-21T18:32:39.552+0100: 22.574: Total time for which application threads were stopped: 0.0000608 seconds, Stopping threads took: 0.0000217 seconds
2016-06-21T18:32:39.552+0100: 22.574: Total time for which application threads were stopped: 0.0000501 seconds, Stopping threads took: 0.0000170 seconds
2016-06-21T18:32:39.552+0100: 22.575: Total time for which application threads were stopped: 0.0000553 seconds, Stopping threads took: 0.0000186 seconds
2016-06-21T18:32:39.552+0100: 22.575: Total time for which application threads were stopped: 0.0000505 seconds, Stopping threads took: 0.0000182 seconds
2016-06-21T18:32:39.553+0100: 22.575: Total time for which application threads were stopped: 0.0000553 seconds, Stopping threads took: 0.0000182 seconds
2016-06-21T18:32:39.553+0100: 22.575: Total time for which application threads were stopped: 0.0000470 seconds, Stopping threads took: 0.0000150 seconds
2016-06-21T18:32:39.553+0100: 22.576: Total time for which application threads were stopped: 0.0000624 seconds, Stopping threads took: 0.0000205 seconds
2016-06-21T18:32:39.554+0100: 22.577: Total time for which application threads were stopped: 0.0000730 seconds, Stopping threads took: 0.0000241 seconds
2016-06-21T18:32:39.554+0100: 22.577: Total time for which application threads were stopped: 0.0000470 seconds, Stopping threads took: 0.0000162 seconds
2016-06-21T18:32:39.555+0100: 22.577: Total time for which application threads were stopped: 0.0000730 seconds, Stopping threads took: 0.0000237 seconds
2016-06-21T18:32:39.555+0100: 22.577: Total time for which application threads were stopped: 0.0000418 seconds, Stopping threads took: 0.0000138 seconds
2016-06-21T18:32:39.562+0100: 22.584: Total time for which application threads were stopped: 0.0000892 seconds, Stopping threads took: 0.0000324 seconds
2016-06-21T18:32:39.562+0100: 22.584: Total time for which application threads were stopped: 0.0000592 seconds, Stopping threads took: 0.0000201 seconds
2016-06-21T18:32:39.577+0100: 22.599: Total time for which application threads were stopped: 0.0000975 seconds, Stopping threads took: 0.0000320 seconds
2016-06-21T18:32:39.577+0100: 22.599: Total time for which application threads were stopped: 0.0000596 seconds, Stopping threads took: 0.0000201 seconds
2016-06-21T18:32:39.586+0100: 22.608: Total time for which application threads were stopped: 0.0000896 seconds, Stopping threads took: 0.0000304 seconds
2016-06-21T18:32:39.586+0100: 22.609: Total time for which application threads were stopped: 0.0000628 seconds, Stopping threads took: 0.0000201 seconds
2016-06-21T18:32:39.608+0100: 22.631: Total time for which application threads were stopped: 0.0000896 seconds, Stopping threads took: 0.0000324 seconds
2016-06-21T18:32:39.608+0100: 22.631: Total time for which application threads were stopped: 0.0000584 seconds, Stopping threads took: 0.0000201 seconds
2016-06-21T18:32:39.637+0100: 22.660: Total time for which application threads were stopped: 0.0003111 seconds, Stopping threads took: 0.0000328 seconds
2016-06-21T18:32:39.784+0100: 22.807: Total time for which application threads were stopped: 0.0001145 seconds, Stopping threads took: 0.0000332 seconds
2016-06-21T18:32:39.785+0100: 22.807: Total time for which application threads were stopped: 0.0000493 seconds, Stopping threads took: 0.0000170 seconds
2016-06-21T18:32:39.804+0100: 22.827: Total time for which application threads were stopped: 0.0000947 seconds, Stopping threads took: 0.0000324 seconds
2016-06-21T18:32:39.804+0100: 22.827: Total time for which application threads were stopped: 0.0000478 seconds, Stopping threads took: 0.0000166 seconds
2016-06-21T18:32:39.805+0100: 22.827: Total time for which application threads were stopped: 0.0000454 seconds, Stopping threads took: 0.0000158 seconds
2016-06-21T18:32:39.805+0100: 22.827: Total time for which application threads were stopped: 0.0000411 seconds, Stopping threads took: 0.0000138 seconds
2016-06-21T18:32:39.805+0100: 22.827: Total time for which application threads were stopped: 0.0000426 seconds, Stopping threads took: 0.0000138 seconds
2016-06-21T18:32:39.805+0100: 22.827: Total time for which application threads were stopped: 0.0000411 seconds, Stopping threads took: 0.0000142 seconds
2016-06-21T18:32:39.805+0100: 22.827: Total time for which application threads were stopped: 0.0000422 seconds, Stopping threads took: 0.0000138 seconds
2016-06-21T18:32:39.805+0100: 22.828: Total time for which application threads were stopped: 0.0000403 seconds, Stopping threads took: 0.0000134 seconds
2016-06-21T18:32:39.805+0100: 22.828: Total time for which application threads were stopped: 0.0000411 seconds, Stopping threads took: 0.0000138 seconds
2016-06-21T18:32:39.805+0100: 22.828: Total time for which application threads were stopped: 0.0000430 seconds, Stopping threads took: 0.0000142 seconds
2016-06-21T18:32:39.805+0100: 22.828: Total time for which application threads were stopped: 0.0000446 seconds, Stopping threads took: 0.0000146 seconds
2016-06-21T18:32:39.805+0100: 22.828: Total time for which application threads were stopped: 0.0000407 seconds, Stopping threads took: 0.0000134 seconds
2016-06-21T18:32:39.805+0100: 22.828: Total time for which application threads were stopped: 0.0000407 seconds, Stopping threads took: 0.0000138 seconds
2016-06-21T18:32:39.805+0100: 22.828: Total time for which application threads were stopped: 0.0000418 seconds, Stopping threads took: 0.0000130 seconds
2016-06-21T18:32:39.805+0100: 22.828: Total time for which application threads were stopped: 0.0000418 seconds, Stopping threads took: 0.0000142 seconds
2016-06-21T18:32:39.805+0100: 22.828: Total time for which application threads were stopped: 0.0000403 seconds, Stopping threads took: 0.0000134 seconds
2016-06-21T18:32:39.805+0100: 22.828: Total time for which application threads were stopped: 0.0000426 seconds, Stopping threads took: 0.0000138 seconds
2016-06-21T18:32:39.805+0100: 22.828: Total time for which application threads were stopped: 0.0000778 seconds, Stopping threads took: 0.0000134 seconds
2016-06-21T18:32:39.806+0100: 22.828: Total time for which application threads were stopped: 0.0000407 seconds, Stopping threads took: 0.0000138 seconds
2016-06-21T18:32:39.806+0100: 22.828: Total time for which application threads were stopped: 0.0001492 seconds, Stopping threads took: 0.0000162 seconds
2016-06-21T18:32:39.901+0100: 22.924: Total time for which application threads were stopped: 0.0001054 seconds, Stopping threads took: 0.0000407 seconds
{Heap before GC invocations=3 (full 1):
 par new generation   total 109248K, used 102700K [0x00000000e0000000, 0x00000000e8000000, 0x00000000e8000000)
  eden space 87424K, 100% used [0x00000000e0000000, 0x00000000e5560000, 0x00000000e5560000)
  from space 21824K,  69% used [0x00000000e6ab0000, 0x00000000e799b248, 0x00000000e8000000)
  to   space 21824K,   0% used [0x00000000e5560000, 0x00000000e5560000, 0x00000000e6ab0000)
 concurrent mark-sweep generation total 393216K, used 0K [0x00000000e8000000, 0x0000000100000000, 0x0000000100000000)
 Metaspace       used 31443K, capacity 31864K, committed 32280K, reserved 1077248K
  class space    used 3711K, capacity 3843K, committed 3864K, reserved 1048576K
2016-06-21T18:32:40.558+0100: 23.581: [GC (Allocation Failure) 2016-06-21T18:32:40.558+0100: 23.581: [ParNew
Desired survivor size 20112992 bytes, new threshold 8 (max 8)
- age   1:    8110344 bytes,    8110344 total
- age   2:    1053416 bytes,    9163760 total
- age   3:    2523912 bytes,   11687672 total
- age   4:    2541424 bytes,   14229096 total
: 102700K->17169K(109248K), 0.0141793 secs] 102700K->17169K(502464K), 0.0143139 secs] [Times: user=0.06 sys=0.00, real=0.01 secs] 
Heap after GC invocations=4 (full 1):
 par new generation   total 109248K, used 17169K [0x00000000e0000000, 0x00000000e8000000, 0x00000000e8000000)
  eden space 87424K,   0% used [0x00000000e0000000, 0x00000000e0000000, 0x00000000e5560000)
  from space 21824K,  78% used [0x00000000e5560000, 0x00000000e6624418, 0x00000000e6ab0000)
  to   space 21824K,   0% used [0x00000000e6ab0000, 0x00000000e6ab0000, 0x00000000e8000000)
 concurrent mark-sweep generation total 393216K, used 0K [0x00000000e8000000, 0x0000000100000000, 0x0000000100000000)
 Metaspace       used 31443K, capacity 31864K, committed 32280K, reserved 1077248K
  class space    used 3711K, capacity 3843K, committed 3864K, reserved 1048576K
}
2016-06-21T18:32:40.573+0100: 23.595: Total time for which application threads were stopped: 0.0146048 seconds, Stopping threads took: 0.0000213 seconds
2016-06-21T18:32:40.573+0100: 23.596: Total time for which application threads were stopped: 0.0001018 seconds, Stopping threads took: 0.0000371 seconds
2016-06-21T18:32:40.573+0100: 23.596: Total time for which application threads were stopped: 0.0000580 seconds, Stopping threads took: 0.0000237 seconds
2016-06-21T18:32:40.575+0100: 23.597: Total time for which application threads were stopped: 0.0001780 seconds, Stopping threads took: 0.0001200 seconds
2016-06-21T18:32:40.575+0100: 23.597: Total time for which application threads were stopped: 0.0000671 seconds, Stopping threads took: 0.0000308 seconds
2016-06-21T18:32:40.575+0100: 23.597: Total time for which application threads were stopped: 0.0000762 seconds, Stopping threads took: 0.0000371 seconds
2016-06-21T18:32:40.575+0100: 23.598: Total time for which application threads were stopped: 0.0002913 seconds, Stopping threads took: 0.0002578 seconds
2016-06-21T18:32:40.575+0100: 23.598: Total time for which application threads were stopped: 0.0000584 seconds, Stopping threads took: 0.0000225 seconds
2016-06-21T18:32:40.575+0100: 23.598: Total time for which application threads were stopped: 0.0000561 seconds, Stopping threads took: 0.0000237 seconds
2016-06-21T18:32:40.575+0100: 23.598: Total time for which application threads were stopped: 0.0000545 seconds, Stopping threads took: 0.0000296 seconds
2016-06-21T18:32:40.575+0100: 23.598: Total time for which application threads were stopped: 0.0001516 seconds, Stopping threads took: 0.0000217 seconds
2016-06-21T18:32:40.757+0100: 23.779: Total time for which application threads were stopped: 0.0003336 seconds, Stopping threads took: 0.0000189 seconds
2016-06-21T18:32:40.803+0100: 23.826: Total time for which application threads were stopped: 0.0000876 seconds, Stopping threads took: 0.0000249 seconds
2016-06-21T18:32:40.803+0100: 23.826: Total time for which application threads were stopped: 0.0000482 seconds, Stopping threads took: 0.0000170 seconds
2016-06-21T18:32:40.803+0100: 23.826: Total time for which application threads were stopped: 0.0000347 seconds, Stopping threads took: 0.0000114 seconds
2016-06-21T18:32:40.803+0100: 23.826: Total time for which application threads were stopped: 0.0000387 seconds, Stopping threads took: 0.0000079 seconds
2016-06-21T18:32:40.804+0100: 23.827: Total time for which application threads were stopped: 0.0000888 seconds, Stopping threads took: 0.0000497 seconds
2016-06-21T18:32:40.804+0100: 23.827: Total time for which application threads were stopped: 0.0000474 seconds, Stopping threads took: 0.0000154 seconds
2016-06-21T18:32:40.804+0100: 23.827: Total time for which application threads were stopped: 0.0000501 seconds, Stopping threads took: 0.0000154 seconds
2016-06-21T18:32:40.844+0100: 23.867: Total time for which application threads were stopped: 0.0003051 seconds, Stopping threads took: 0.0000193 seconds
2016-06-21T18:32:41.844+0100: 24.867: Total time for which application threads were stopped: 0.0002297 seconds, Stopping threads took: 0.0000537 seconds
2016-06-21T18:32:41.926+0100: 24.948: Total time for which application threads were stopped: 0.0004366 seconds, Stopping threads took: 0.0000351 seconds
2016-06-21T18:32:41.980+0100: 25.003: Total time for which application threads were stopped: 0.0002222 seconds, Stopping threads took: 0.0000339 seconds
2016-06-21T18:32:41.980+0100: 25.003: Total time for which application threads were stopped: 0.0000541 seconds, Stopping threads took: 0.0000170 seconds
2016-06-21T18:32:41.981+0100: 25.003: Total time for which application threads were stopped: 0.0000493 seconds, Stopping threads took: 0.0000166 seconds
2016-06-21T18:32:41.981+0100: 25.004: Total time for which application threads were stopped: 0.0000584 seconds, Stopping threads took: 0.0000189 seconds
2016-06-21T18:32:41.981+0100: 25.004: Total time for which application threads were stopped: 0.0000489 seconds, Stopping threads took: 0.0000162 seconds
{Heap before GC invocations=4 (full 1):
 par new generation   total 109248K, used 104593K [0x00000000e0000000, 0x00000000e8000000, 0x00000000e8000000)
  eden space 87424K, 100% used [0x00000000e0000000, 0x00000000e5560000, 0x00000000e5560000)
  from space 21824K,  78% used [0x00000000e5560000, 0x00000000e6624418, 0x00000000e6ab0000)
  to   space 21824K,   0% used [0x00000000e6ab0000, 0x00000000e6ab0000, 0x00000000e8000000)
 concurrent mark-sweep generation total 393216K, used 0K [0x00000000e8000000, 0x0000000100000000, 0x0000000100000000)
 Metaspace       used 34053K, capacity 34460K, committed 34840K, reserved 1079296K
  class space    used 3941K, capacity 4069K, committed 4120K, reserved 1048576K
2016-06-21T18:32:42.009+0100: 25.032: [GC (Allocation Failure) 2016-06-21T18:32:42.009+0100: 25.032: [ParNew
Desired survivor size 20112992 bytes, new threshold 5 (max 8)
- age   1:   12632568 bytes,   12632568 total
- age   2:    3494408 bytes,   16126976 total
- age   3:    1048688 bytes,   17175664 total
- age   4:    2512792 bytes,   19688456 total
- age   5:    2293120 bytes,   21981576 total
: 104593K->21824K(109248K), 0.0254330 secs] 104593K->22825K(502464K), 0.0255286 secs] [Times: user=0.13 sys=0.00, real=0.03 secs] 
Heap after GC invocations=5 (full 1):
 par new generation   total 109248K, used 21824K [0x00000000e0000000, 0x00000000e8000000, 0x00000000e8000000)
  eden space 87424K,   0% used [0x00000000e0000000, 0x00000000e0000000, 0x00000000e5560000)
  from space 21824K, 100% used [0x00000000e6ab0000, 0x00000000e8000000, 0x00000000e8000000)
  to   space 21824K,   0% used [0x00000000e5560000, 0x00000000e5560000, 0x00000000e6ab0000)
 concurrent mark-sweep generation total 393216K, used 1001K [0x00000000e8000000, 0x0000000100000000, 0x0000000100000000)
 Metaspace       used 34053K, capacity 34460K, committed 34840K, reserved 1079296K
  class space    used 3941K, capacity 4069K, committed 4120K, reserved 1048576K
}
2016-06-21T18:32:42.035+0100: 25.058: Total time for which application threads were stopped: 0.0258108 seconds, Stopping threads took: 0.0000367 seconds
2016-06-21T18:32:42.035+0100: 25.058: Total time for which application threads were stopped: 0.0000967 seconds, Stopping threads took: 0.0000339 seconds
2016-06-21T18:32:42.036+0100: 25.059: Total time for which application threads were stopped: 0.0003569 seconds, Stopping threads took: 0.0003154 seconds
2016-06-21T18:32:42.036+0100: 25.059: Total time for which application threads were stopped: 0.0000746 seconds, Stopping threads took: 0.0000253 seconds
2016-06-21T18:32:42.036+0100: 25.059: Total time for which application threads were stopped: 0.0003553 seconds, Stopping threads took: 0.0003154 seconds
2016-06-21T18:32:42.036+0100: 25.059: Total time for which application threads were stopped: 0.0000620 seconds, Stopping threads took: 0.0000261 seconds
2016-06-21T18:32:42.036+0100: 25.059: Total time for which application threads were stopped: 0.0000580 seconds, Stopping threads took: 0.0000229 seconds
2016-06-21T18:32:42.037+0100: 25.059: Total time for which application threads were stopped: 0.0000588 seconds, Stopping threads took: 0.0000174 seconds
2016-06-21T18:32:42.037+0100: 25.059: Total time for which application threads were stopped: 0.0000521 seconds, Stopping threads took: 0.0000166 seconds
2016-06-21T18:32:42.037+0100: 25.060: Total time for which application threads were stopped: 0.0000493 seconds, Stopping threads took: 0.0000174 seconds
2016-06-21T18:32:42.037+0100: 25.060: Total time for which application threads were stopped: 0.0000545 seconds, Stopping threads took: 0.0000221 seconds
2016-06-21T18:32:42.037+0100: 25.060: Total time for which application threads were stopped: 0.0000501 seconds, Stopping threads took: 0.0000174 seconds
2016-06-21T18:32:42.037+0100: 25.060: Total time for which application threads were stopped: 0.0000489 seconds, Stopping threads took: 0.0000174 seconds
2016-06-21T18:32:42.037+0100: 25.060: Total time for which application threads were stopped: 0.0000482 seconds, Stopping threads took: 0.0000170 seconds
2016-06-21T18:32:42.037+0100: 25.060: Total time for which application threads were stopped: 0.0000912 seconds, Stopping threads took: 0.0000213 seconds
2016-06-21T18:32:42.037+0100: 25.060: Total time for which application threads were stopped: 0.0000813 seconds, Stopping threads took: 0.0000217 seconds
2016-06-21T18:32:42.037+0100: 25.060: Total time for which application threads were stopped: 0.0000671 seconds, Stopping threads took: 0.0000186 seconds
2016-06-21T18:32:42.038+0100: 25.060: Total time for which application threads were stopped: 0.0003715 seconds, Stopping threads took: 0.0003288 seconds
2016-06-21T18:32:42.038+0100: 25.061: Total time for which application threads were stopped: 0.0000628 seconds, Stopping threads took: 0.0000272 seconds
2016-06-21T18:32:42.038+0100: 25.061: Total time for which application threads were stopped: 0.0000493 seconds, Stopping threads took: 0.0000174 seconds
2016-06-21T18:32:42.038+0100: 25.061: Total time for which application threads were stopped: 0.0000482 seconds, Stopping threads took: 0.0000166 seconds
2016-06-21T18:32:42.038+0100: 25.061: Total time for which application threads were stopped: 0.0000904 seconds, Stopping threads took: 0.0000217 seconds
2016-06-21T18:32:42.038+0100: 25.061: Total time for which application threads were stopped: 0.0001587 seconds, Stopping threads took: 0.0000182 seconds
2016-06-21T18:32:42.038+0100: 25.061: Total time for which application threads were stopped: 0.0001559 seconds, Stopping threads took: 0.0001259 seconds
2016-06-21T18:32:42.153+0100: 25.175: Total time for which application threads were stopped: 0.0001121 seconds, Stopping threads took: 0.0000339 seconds
{Heap before GC invocations=5 (full 1):
 par new generation   total 109248K, used 109248K [0x00000000e0000000, 0x00000000e8000000, 0x00000000e8000000)
  eden space 87424K, 100% used [0x00000000e0000000, 0x00000000e5560000, 0x00000000e5560000)
  from space 21824K, 100% used [0x00000000e6ab0000, 0x00000000e8000000, 0x00000000e8000000)
  to   space 21824K,   0% used [0x00000000e5560000, 0x00000000e5560000, 0x00000000e6ab0000)
 concurrent mark-sweep generation total 393216K, used 1001K [0x00000000e8000000, 0x0000000100000000, 0x0000000100000000)
 Metaspace       used 34109K, capacity 34524K, committed 34840K, reserved 1079296K
  class space    used 3941K, capacity 4069K, committed 4120K, reserved 1048576K
2016-06-21T18:32:42.800+0100: 25.822: [GC (Allocation Failure) 2016-06-21T18:32:42.800+0100: 25.822: [ParNew
Desired survivor size 20112992 bytes, new threshold 8 (max 8)
- age   1:    1985904 bytes,    1985904 total
- age   2:   10521808 bytes,   12507712 total
- age   3:    3488784 bytes,   15996496 total
- age   4:    1047584 bytes,   17044080 total
- age   5:    2457352 bytes,   19501432 total
: 109248K->21824K(109248K), 0.0273946 secs] 110249K->25680K(502464K), 0.0275576 secs] [Times: user=0.09 sys=0.01, real=0.03 secs] 
Heap after GC invocations=6 (full 1):
 par new generation   total 109248K, used 21824K [0x00000000e0000000, 0x00000000e8000000, 0x00000000e8000000)
  eden space 87424K,   0% used [0x00000000e0000000, 0x00000000e0000000, 0x00000000e5560000)
  from space 21824K, 100% used [0x00000000e5560000, 0x00000000e6ab0000, 0x00000000e6ab0000)
  to   space 21824K,   0% used [0x00000000e6ab0000, 0x00000000e6ab0000, 0x00000000e8000000)
 concurrent mark-sweep generation total 393216K, used 3856K [0x00000000e8000000, 0x0000000100000000, 0x0000000100000000)
 Metaspace       used 34109K, capacity 34524K, committed 34840K, reserved 1079296K
  class space    used 3941K, capacity 4069K, committed 4120K, reserved 1048576K
}
2016-06-21T18:32:42.828+0100: 25.850: Total time for which application threads were stopped: 0.0278604 seconds, Stopping threads took: 0.0000359 seconds
2016-06-21T18:32:42.831+0100: 25.853: Total time for which application threads were stopped: 0.0001326 seconds, Stopping threads took: 0.0000328 seconds
2016-06-21T18:32:42.831+0100: 25.853: Total time for which application threads were stopped: 0.0000521 seconds, Stopping threads took: 0.0000170 seconds
2016-06-21T18:32:42.831+0100: 25.853: Total time for which application threads were stopped: 0.0000718 seconds, Stopping threads took: 0.0000371 seconds
2016-06-21T18:32:42.831+0100: 25.853: Total time for which application threads were stopped: 0.0000612 seconds, Stopping threads took: 0.0000276 seconds
{Heap before GC invocations=6 (full 1):
 par new generation   total 109248K, used 109248K [0x00000000e0000000, 0x00000000e8000000, 0x00000000e8000000)
  eden space 87424K, 100% used [0x00000000e0000000, 0x00000000e5560000, 0x00000000e5560000)
  from space 21824K, 100% used [0x00000000e5560000, 0x00000000e6ab0000, 0x00000000e6ab0000)
  to   space 21824K,   0% used [0x00000000e6ab0000, 0x00000000e6ab0000, 0x00000000e8000000)
 concurrent mark-sweep generation total 393216K, used 3856K [0x00000000e8000000, 0x0000000100000000, 0x0000000100000000)
 Metaspace       used 34185K, capacity 34612K, committed 35096K, reserved 1081344K
  class space    used 3943K, capacity 4073K, committed 4120K, reserved 1048576K
2016-06-21T18:32:43.715+0100: 26.737: [GC (Allocation Failure) 2016-06-21T18:32:43.715+0100: 26.737: [ParNew
Desired survivor size 20112992 bytes, new threshold 8 (max 8)
- age   1:    1752504 bytes,    1752504 total
- age   2:      63256 bytes,    1815760 total
- age   3:   10516880 bytes,   12332640 total
- age   4:    3488056 bytes,   15820696 total
- age   5:    1047584 bytes,   16868280 total
- age   6:    2457352 bytes,   19325632 total
: 109248K->21824K(109248K), 0.0266967 secs] 113104K->25680K(502464K), 0.0267879 secs] [Times: user=0.13 sys=0.00, real=0.03 secs] 
Heap after GC invocations=7 (full 1):
 par new generation   total 109248K, used 21824K [0x00000000e0000000, 0x00000000e8000000, 0x00000000e8000000)
  eden space 87424K,   0% used [0x00000000e0000000, 0x00000000e0000000, 0x00000000e5560000)
  from space 21824K, 100% used [0x00000000e6ab0000, 0x00000000e8000000, 0x00000000e8000000)
  to   space 21824K,   0% used [0x00000000e5560000, 0x00000000e5560000, 0x00000000e6ab0000)
 concurrent mark-sweep generation total 393216K, used 3856K [0x00000000e8000000, 0x0000000100000000, 0x0000000100000000)
 Metaspace       used 34185K, capacity 34612K, committed 35096K, reserved 1081344K
  class space    used 3943K, capacity 4073K, committed 4120K, reserved 1048576K
}
2016-06-21T18:32:43.741+0100: 26.764: Total time for which application threads were stopped: 0.0270646 seconds, Stopping threads took: 0.0000359 seconds
2016-06-21T18:32:43.760+0100: 26.783: Total time for which application threads were stopped: 0.0001054 seconds, Stopping threads took: 0.0000395 seconds
2016-06-21T18:32:43.761+0100: 26.783: Total time for which application threads were stopped: 0.0003798 seconds, Stopping threads took: 0.0003304 seconds
2016-06-21T18:32:43.761+0100: 26.783: Total time for which application threads were stopped: 0.0000505 seconds, Stopping threads took: 0.0000154 seconds
2016-06-21T18:32:43.761+0100: 26.784: Total time for which application threads were stopped: 0.0000786 seconds, Stopping threads took: 0.0000103 seconds
2016-06-21T18:32:44.761+0100: 27.784: Total time for which application threads were stopped: 0.0001291 seconds, Stopping threads took: 0.0000280 seconds
2016-06-21T18:32:45.696+0100: 28.719: Total time for which application threads were stopped: 0.0001812 seconds, Stopping threads took: 0.0000320 seconds
2016-06-21T18:32:45.696+0100: 28.719: Total time for which application threads were stopped: 0.0000671 seconds, Stopping threads took: 0.0000201 seconds
2016-06-21T18:32:45.696+0100: 28.719: Total time for which application threads were stopped: 0.0000584 seconds, Stopping threads took: 0.0000178 seconds
2016-06-21T18:32:46.696+0100: 29.719: Total time for which application threads were stopped: 0.0000947 seconds, Stopping threads took: 0.0000264 seconds
2016-06-21T18:32:48.697+0100: 31.719: Total time for which application threads were stopped: 0.0001232 seconds, Stopping threads took: 0.0000375 seconds
{Heap before GC invocations=7 (full 1):
 par new generation   total 109248K, used 109248K [0x00000000e0000000, 0x00000000e8000000, 0x00000000e8000000)
  eden space 87424K, 100% used [0x00000000e0000000, 0x00000000e5560000, 0x00000000e5560000)
  from space 21824K, 100% used [0x00000000e6ab0000, 0x00000000e8000000, 0x00000000e8000000)
  to   space 21824K,   0% used [0x00000000e5560000, 0x00000000e5560000, 0x00000000e6ab0000)
 concurrent mark-sweep generation total 393216K, used 3856K [0x00000000e8000000, 0x0000000100000000, 0x0000000100000000)
 Metaspace       used 34874K, capacity 35360K, committed 35608K, reserved 1081344K
  class space    used 3982K, capacity 4107K, committed 4120K, reserved 1048576K
2016-06-21T18:32:48.705+0100: 31.728: [GC (Allocation Failure) 2016-06-21T18:32:48.705+0100: 31.728: [ParNew
Desired survivor size 20112992 bytes, new threshold 7 (max 8)
- age   1:    5358808 bytes,    5358808 total
- age   2:      60384 bytes,    5419192 total
- age   3:      60200 bytes,    5479392 total
- age   4:    9853176 bytes,   15332568 total
- age   5:    3482232 bytes,   18814800 total
- age   6:    1046104 bytes,   19860904 total
- age   7:    2455008 bytes,   22315912 total
: 109248K->21824K(109248K), 0.0235883 secs] 113104K->30576K(502464K), 0.0237466 secs] [Times: user=0.06 sys=0.00, real=0.02 secs] 
Heap after GC invocations=8 (full 1):
 par new generation   total 109248K, used 21824K [0x00000000e0000000, 0x00000000e8000000, 0x00000000e8000000)
  eden space 87424K,   0% used [0x00000000e0000000, 0x00000000e0000000, 0x00000000e5560000)
  from space 21824K, 100% used [0x00000000e5560000, 0x00000000e6ab0000, 0x00000000e6ab0000)
  to   space 21824K,   0% used [0x00000000e6ab0000, 0x00000000e6ab0000, 0x00000000e8000000)
 concurrent mark-sweep generation total 393216K, used 8752K [0x00000000e8000000, 0x0000000100000000, 0x0000000100000000)
 Metaspace       used 34874K, capacity 35360K, committed 35608K, reserved 1081344K
  class space    used 3982K, capacity 4107K, committed 4120K, reserved 1048576K
}
2016-06-21T18:32:48.729+0100: 31.752: Total time for which application threads were stopped: 0.0239997 seconds, Stopping threads took: 0.0000363 seconds
2016-06-21T18:32:48.730+0100: 31.752: Total time for which application threads were stopped: 0.0001176 seconds, Stopping threads took: 0.0000505 seconds
2016-06-21T18:32:48.730+0100: 31.752: Total time for which application threads were stopped: 0.0000825 seconds, Stopping threads took: 0.0000182 seconds
2016-06-21T18:32:48.730+0100: 31.752: Total time for which application threads were stopped: 0.0000466 seconds, Stopping threads took: 0.0000126 seconds
2016-06-21T18:32:48.730+0100: 31.753: Total time for which application threads were stopped: 0.0000738 seconds, Stopping threads took: 0.0000138 seconds
2016-06-21T18:32:48.730+0100: 31.753: Total time for which application threads were stopped: 0.0000446 seconds, Stopping threads took: 0.0000118 seconds
2016-06-21T18:32:48.730+0100: 31.753: Total time for which application threads were stopped: 0.0000446 seconds, Stopping threads took: 0.0000122 seconds
2016-06-21T18:32:48.730+0100: 31.753: Total time for which application threads were stopped: 0.0000726 seconds, Stopping threads took: 0.0000122 seconds
2016-06-21T18:32:48.730+0100: 31.753: Total time for which application threads were stopped: 0.0000762 seconds, Stopping threads took: 0.0000162 seconds
2016-06-21T18:32:48.730+0100: 31.753: Total time for which application threads were stopped: 0.0000493 seconds, Stopping threads took: 0.0000166 seconds
2016-06-21T18:32:48.730+0100: 31.753: Total time for which application threads were stopped: 0.0000533 seconds, Stopping threads took: 0.0000174 seconds
2016-06-21T18:32:48.730+0100: 31.753: Total time for which application threads were stopped: 0.0000790 seconds, Stopping threads took: 0.0000363 seconds
2016-06-21T18:32:48.731+0100: 31.753: Total time for which application threads were stopped: 0.0001678 seconds, Stopping threads took: 0.0000182 seconds
2016-06-21T18:32:48.731+0100: 31.753: Total time for which application threads were stopped: 0.0000509 seconds, Stopping threads took: 0.0000166 seconds
2016-06-21T18:32:48.731+0100: 31.753: Total time for which application threads were stopped: 0.0000489 seconds, Stopping threads took: 0.0000162 seconds
2016-06-21T18:32:48.731+0100: 31.754: Total time for which application threads were stopped: 0.0000474 seconds, Stopping threads took: 0.0000114 seconds
2016-06-21T18:32:48.731+0100: 31.754: Total time for which application threads were stopped: 0.0000391 seconds, Stopping threads took: 0.0000103 seconds
2016-06-21T18:32:48.731+0100: 31.754: Total time for which application threads were stopped: 0.0000497 seconds, Stopping threads took: 0.0000154 seconds
2016-06-21T18:32:48.731+0100: 31.754: Total time for which application threads were stopped: 0.0001382 seconds, Stopping threads took: 0.0000095 seconds
2016-06-21T18:32:48.731+0100: 31.754: Total time for which application threads were stopped: 0.0000541 seconds, Stopping threads took: 0.0000150 seconds
2016-06-21T18:32:48.731+0100: 31.754: Total time for which application threads were stopped: 0.0000730 seconds, Stopping threads took: 0.0000308 seconds
2016-06-21T18:32:48.731+0100: 31.754: Total time for which application threads were stopped: 0.0000517 seconds, Stopping threads took: 0.0000130 seconds
2016-06-21T18:32:48.732+0100: 31.754: Total time for which application threads were stopped: 0.0001915 seconds, Stopping threads took: 0.0000122 seconds
2016-06-21T18:32:48.857+0100: 31.880: Total time for which application threads were stopped: 0.0001303 seconds, Stopping threads took: 0.0000336 seconds
2016-06-21T18:32:48.862+0100: 31.885: Total time for which application threads were stopped: 0.0005187 seconds, Stopping threads took: 0.0000813 seconds
{Heap before GC invocations=8 (full 1):
 par new generation   total 109248K, used 109248K [0x00000000e0000000, 0x00000000e8000000, 0x00000000e8000000)
  eden space 87424K, 100% used [0x00000000e0000000, 0x00000000e5560000, 0x00000000e5560000)
  from space 21824K, 100% used [0x00000000e5560000, 0x00000000e6ab0000, 0x00000000e6ab0000)
  to   space 21824K,   0% used [0x00000000e6ab0000, 0x00000000e6ab0000, 0x00000000e8000000)
 concurrent mark-sweep generation total 393216K, used 8752K [0x00000000e8000000, 0x0000000100000000, 0x0000000100000000)
 Metaspace       used 35084K, capacity 35520K, committed 35992K, reserved 1081344K
  class space    used 4006K, capacity 4139K, committed 4248K, reserved 1048576K
2016-06-21T18:32:49.357+0100: 32.380: [GC (Allocation Failure) 2016-06-21T18:32:49.357+0100: 32.380: [ParNew
Desired survivor size 20112992 bytes, new threshold 6 (max 8)
- age   1:    3468888 bytes,    3468888 total
- age   2:    4608008 bytes,    8076896 total
- age   3:      58712 bytes,    8135608 total
- age   4:      60200 bytes,    8195808 total
- age   5:    9626904 bytes,   17822712 total
- age   6:    3460768 bytes,   21283480 total
- age   7:    1042920 bytes,   22326400 total
: 109248K->21824K(109248K), 0.0303987 secs] 118000K->44056K(502464K), 0.0304915 secs] [Times: user=0.11 sys=0.02, real=0.03 secs] 
Heap after GC invocations=9 (full 1):
 par new generation   total 109248K, used 21824K [0x00000000e0000000, 0x00000000e8000000, 0x00000000e8000000)
  eden space 87424K,   0% used [0x00000000e0000000, 0x00000000e0000000, 0x00000000e5560000)
  from space 21824K, 100% used [0x00000000e6ab0000, 0x00000000e8000000, 0x00000000e8000000)
  to   space 21824K,   0% used [0x00000000e5560000, 0x00000000e5560000, 0x00000000e6ab0000)
 concurrent mark-sweep generation total 393216K, used 22232K [0x00000000e8000000, 0x0000000100000000, 0x0000000100000000)
 Metaspace       used 35084K, capacity 35520K, committed 35992K, reserved 1081344K
  class space    used 4006K, capacity 4139K, committed 4248K, reserved 1048576K
}
2016-06-21T18:32:49.388+0100: 32.411: Total time for which application threads were stopped: 0.0307714 seconds, Stopping threads took: 0.0000328 seconds
2016-06-21T18:32:49.389+0100: 32.412: Total time for which application threads were stopped: 0.0001208 seconds, Stopping threads took: 0.0000371 seconds
2016-06-21T18:32:49.390+0100: 32.412: Total time for which application threads were stopped: 0.0000628 seconds, Stopping threads took: 0.0000170 seconds
2016-06-21T18:32:49.390+0100: 32.412: Total time for which application threads were stopped: 0.0000545 seconds, Stopping threads took: 0.0000114 seconds
2016-06-21T18:32:49.390+0100: 32.412: Total time for which application threads were stopped: 0.0000537 seconds, Stopping threads took: 0.0000111 seconds
2016-06-21T18:32:49.390+0100: 32.412: Total time for which application threads were stopped: 0.0000557 seconds, Stopping threads took: 0.0000107 seconds
2016-06-21T18:32:49.390+0100: 32.413: Total time for which application threads were stopped: 0.0000533 seconds, Stopping threads took: 0.0000107 seconds
2016-06-21T18:32:49.390+0100: 32.413: Total time for which application threads were stopped: 0.0000525 seconds, Stopping threads took: 0.0000107 seconds
2016-06-21T18:32:49.390+0100: 32.413: Total time for which application threads were stopped: 0.0000951 seconds, Stopping threads took: 0.0000288 seconds
2016-06-21T18:32:49.390+0100: 32.413: Total time for which application threads were stopped: 0.0000750 seconds, Stopping threads took: 0.0000142 seconds
2016-06-21T18:32:49.390+0100: 32.413: Total time for which application threads were stopped: 0.0000718 seconds, Stopping threads took: 0.0000138 seconds
2016-06-21T18:32:49.392+0100: 32.415: Total time for which application threads were stopped: 0.0021767 seconds, Stopping threads took: 0.0020630 seconds
2016-06-21T18:32:49.393+0100: 32.415: Total time for which application threads were stopped: 0.0000845 seconds, Stopping threads took: 0.0000209 seconds
2016-06-21T18:32:49.393+0100: 32.415: Total time for which application threads were stopped: 0.0000715 seconds, Stopping threads took: 0.0000114 seconds
2016-06-21T18:32:49.393+0100: 32.416: Total time for which application threads were stopped: 0.0000707 seconds, Stopping threads took: 0.0000107 seconds
2016-06-21T18:32:49.393+0100: 32.416: Total time for which application threads were stopped: 0.0000699 seconds, Stopping threads took: 0.0000111 seconds
2016-06-21T18:32:49.393+0100: 32.416: Total time for which application threads were stopped: 0.0000758 seconds, Stopping threads took: 0.0000107 seconds
2016-06-21T18:32:49.393+0100: 32.416: Total time for which application threads were stopped: 0.0000715 seconds, Stopping threads took: 0.0000114 seconds
2016-06-21T18:32:49.393+0100: 32.416: Total time for which application threads were stopped: 0.0000699 seconds, Stopping threads took: 0.0000111 seconds
2016-06-21T18:32:49.393+0100: 32.416: Total time for which application threads were stopped: 0.0000695 seconds, Stopping threads took: 0.0000111 seconds
2016-06-21T18:32:49.394+0100: 32.416: Total time for which application threads were stopped: 0.0001634 seconds, Stopping threads took: 0.0000107 seconds
{Heap before GC invocations=9 (full 1):
 par new generation   total 109248K, used 109248K [0x00000000e0000000, 0x00000000e8000000, 0x00000000e8000000)
  eden space 87424K, 100% used [0x00000000e0000000, 0x00000000e5560000, 0x00000000e5560000)
  from space 21824K, 100% used [0x00000000e6ab0000, 0x00000000e8000000, 0x00000000e8000000)
  to   space 21824K,   0% used [0x00000000e5560000, 0x00000000e5560000, 0x00000000e6ab0000)
 concurrent mark-sweep generation total 393216K, used 22232K [0x00000000e8000000, 0x0000000100000000, 0x0000000100000000)
 Metaspace       used 35102K, capacity 35520K, committed 35992K, reserved 1081344K
  class space    used 4006K, capacity 4139K, committed 4248K, reserved 1048576K
2016-06-21T18:32:49.983+0100: 33.005: [GC (Allocation Failure) 2016-06-21T18:32:49.983+0100: 33.005: [ParNew
Desired survivor size 20112992 bytes, new threshold 8 (max 8)
- age   1:     754392 bytes,     754392 total
- age   2:    1920848 bytes,    2675240 total
- age   3:    4510208 bytes,    7185448 total
- age   4:       8592 bytes,    7194040 total
- age   5:       3336 bytes,    7197376 total
- age   6:    8837784 bytes,   16035160 total
: 109248K->21824K(109248K), 0.0256135 secs] 131480K->51757K(502464K), 0.0256817 secs] [Times: user=0.13 sys=0.00, real=0.02 secs] 
Heap after GC invocations=10 (full 1):
 par new generation   total 109248K, used 21824K [0x00000000e0000000, 0x00000000e8000000, 0x00000000e8000000)
  eden space 87424K,   0% used [0x00000000e0000000, 0x00000000e0000000, 0x00000000e5560000)
  from space 21824K, 100% used [0x00000000e5560000, 0x00000000e6ab0000, 0x00000000e6ab0000)
  to   space 21824K,   0% used [0x00000000e6ab0000, 0x00000000e6ab0000, 0x00000000e8000000)
 concurrent mark-sweep generation total 393216K, used 29933K [0x00000000e8000000, 0x0000000100000000, 0x0000000100000000)
 Metaspace       used 35102K, capacity 35520K, committed 35992K, reserved 1081344K
  class space    used 4006K, capacity 4139K, committed 4248K, reserved 1048576K
}
2016-06-21T18:32:50.008+0100: 33.031: Total time for which application threads were stopped: 0.0259901 seconds, Stopping threads took: 0.0000324 seconds
{Heap before GC invocations=10 (full 1):
 par new generation   total 109248K, used 109248K [0x00000000e0000000, 0x00000000e8000000, 0x00000000e8000000)
  eden space 87424K, 100% used [0x00000000e0000000, 0x00000000e5560000, 0x00000000e5560000)
  from space 21824K, 100% used [0x00000000e5560000, 0x00000000e6ab0000, 0x00000000e6ab0000)
  to   space 21824K,   0% used [0x00000000e6ab0000, 0x00000000e6ab0000, 0x00000000e8000000)
 concurrent mark-sweep generation total 393216K, used 29933K [0x00000000e8000000, 0x0000000100000000, 0x0000000100000000)
 Metaspace       used 35121K, capacity 35520K, committed 35992K, reserved 1081344K
  class space    used 4006K, capacity 4139K, committed 4248K, reserved 1048576K
2016-06-21T18:32:50.403+0100: 33.426: [GC (Allocation Failure) 2016-06-21T18:32:50.403+0100: 33.426: [ParNew
Desired survivor size 20112992 bytes, new threshold 8 (max 8)
- age   1:    2295104 bytes,    2295104 total
- age   2:     646296 bytes,    2941400 total
- age   3:    1916928 bytes,    4858328 total
- age   4:    4510208 bytes,    9368536 total
- age   5:       8592 bytes,    9377128 total
- age   6:       3336 bytes,    9380464 total
- age   7:    8837784 bytes,   18218248 total
: 109248K->21824K(109248K), 0.0146412 secs] 139181K->51757K(502464K), 0.0147162 secs] [Times: user=0.06 sys=0.00, real=0.01 secs] 
Heap after GC invocations=11 (full 1):
 par new generation   total 109248K, used 21824K [0x00000000e0000000, 0x00000000e8000000, 0x00000000e8000000)
  eden space 87424K,   0% used [0x00000000e0000000, 0x00000000e0000000, 0x00000000e5560000)
  from space 21824K, 100% used [0x00000000e6ab0000, 0x00000000e8000000, 0x00000000e8000000)
  to   space 21824K,   0% used [0x00000000e5560000, 0x00000000e5560000, 0x00000000e6ab0000)
 concurrent mark-sweep generation total 393216K, used 29933K [0x00000000e8000000, 0x0000000100000000, 0x0000000100000000)
 Metaspace       used 35121K, capacity 35520K, committed 35992K, reserved 1081344K
  class space    used 4006K, capacity 4139K, committed 4248K, reserved 1048576K
}
2016-06-21T18:32:50.418+0100: 33.440: Total time for which application threads were stopped: 0.0149566 seconds, Stopping threads took: 0.0000316 seconds
{Heap before GC invocations=11 (full 1):
 par new generation   total 109248K, used 109248K [0x00000000e0000000, 0x00000000e8000000, 0x00000000e8000000)
  eden space 87424K, 100% used [0x00000000e0000000, 0x00000000e5560000, 0x00000000e5560000)
  from space 21824K, 100% used [0x00000000e6ab0000, 0x00000000e8000000, 0x00000000e8000000)
  to   space 21824K,   0% used [0x00000000e5560000, 0x00000000e5560000, 0x00000000e6ab0000)
 concurrent mark-sweep generation total 393216K, used 29933K [0x00000000e8000000, 0x0000000100000000, 0x0000000100000000)
 Metaspace       used 35133K, capacity 35520K, committed 35992K, reserved 1081344K
  class space    used 4006K, capacity 4139K, committed 4248K, reserved 1048576K
2016-06-21T18:32:50.813+0100: 33.835: [GC (Allocation Failure) 2016-06-21T18:32:50.813+0100: 33.836: [ParNew
Desired survivor size 20112992 bytes, new threshold 8 (max 8)
- age   1:    1516688 bytes,    1516688 total
- age   2:    1507192 bytes,    3023880 total
- age   3:     646296 bytes,    3670176 total
- age   4:    1916928 bytes,    5587104 total
- age   5:    4510208 bytes,   10097312 total
- age   6:       8592 bytes,   10105904 total
- age   7:       3336 bytes,   10109240 total
- age   8:    8649280 bytes,   18758520 total
: 109248K->21824K(109248K), 0.0152598 secs] 139181K->51956K(502464K), 0.0153442 secs] [Times: user=0.02 sys=0.00, real=0.02 secs] 
Heap after GC invocations=12 (full 1):
 par new generation   total 109248K, used 21824K [0x00000000e0000000, 0x00000000e8000000, 0x00000000e8000000)
  eden space 87424K,   0% used [0x00000000e0000000, 0x00000000e0000000, 0x00000000e5560000)
  from space 21824K, 100% used [0x00000000e5560000, 0x00000000e6ab0000, 0x00000000e6ab0000)
  to   space 21824K,   0% used [0x00000000e6ab0000, 0x00000000e6ab0000, 0x00000000e8000000)
 concurrent mark-sweep generation total 393216K, used 30132K [0x00000000e8000000, 0x0000000100000000, 0x0000000100000000)
 Metaspace       used 35133K, capacity 35520K, committed 35992K, reserved 1081344K
  class space    used 4006K, capacity 4139K, committed 4248K, reserved 1048576K
}
2016-06-21T18:32:50.828+0100: 33.851: Total time for which application threads were stopped: 0.0156036 seconds, Stopping threads took: 0.0000379 seconds
{Heap before GC invocations=12 (full 1):
 par new generation   total 109248K, used 109248K [0x00000000e0000000, 0x00000000e8000000, 0x00000000e8000000)
  eden space 87424K, 100% used [0x00000000e0000000, 0x00000000e5560000, 0x00000000e5560000)
  from space 21824K, 100% used [0x00000000e5560000, 0x00000000e6ab0000, 0x00000000e6ab0000)
  to   space 21824K,   0% used [0x00000000e6ab0000, 0x00000000e6ab0000, 0x00000000e8000000)
 concurrent mark-sweep generation total 393216K, used 30132K [0x00000000e8000000, 0x0000000100000000, 0x0000000100000000)
 Metaspace       used 35155K, capacity 35584K, committed 35992K, reserved 1081344K
  class space    used 4006K, capacity 4139K, committed 4248K, reserved 1048576K
2016-06-21T18:32:51.047+0100: 34.069: [GC (Allocation Failure) 2016-06-21T18:32:51.047+0100: 34.069: [ParNew
Desired survivor size 20112992 bytes, new threshold 8 (max 8)
- age   1:    2598232 bytes,    2598232 total
- age   2:     819480 bytes,    3417712 total
- age   3:     786280 bytes,    4203992 total
- age   4:     646296 bytes,    4850288 total
- age   5:    1916904 bytes,    6767192 total
- age   6:    4510208 bytes,   11277400 total
- age   7:       8592 bytes,   11285992 total
- age   8:       3336 bytes,   11289328 total
: 109248K->21824K(109248K), 0.0240561 secs] 139380K->60854K(502464K), 0.0241639 secs] [Times: user=0.06 sys=0.00, real=0.02 secs] 
Heap after GC invocations=13 (full 1):
 par new generation   total 109248K, used 21824K [0x00000000e0000000, 0x00000000e8000000, 0x00000000e8000000)
  eden space 87424K,   0% used [0x00000000e0000000, 0x00000000e0000000, 0x00000000e5560000)
  from space 21824K, 100% used [0x00000000e6ab0000, 0x00000000e8000000, 0x00000000e8000000)
  to   space 21824K,   0% used [0x00000000e5560000, 0x00000000e5560000, 0x00000000e6ab0000)
 concurrent mark-sweep generation total 393216K, used 39030K [0x00000000e8000000, 0x0000000100000000, 0x0000000100000000)
 Metaspace       used 35155K, capacity 35584K, committed 35992K, reserved 1081344K
  class space    used 4006K, capacity 4139K, committed 4248K, reserved 1048576K
}
2016-06-21T18:32:51.071+0100: 34.094: Total time for which application threads were stopped: 0.0244217 seconds, Stopping threads took: 0.0000336 seconds
2016-06-21T18:32:51.743+0100: 34.765: Total time for which application threads were stopped: 0.0001168 seconds, Stopping threads took: 0.0000280 seconds
2016-06-21T18:32:51.945+0100: 34.968: Total time for which application threads were stopped: 0.0004496 seconds, Stopping threads took: 0.0000182 seconds
2016-06-21T18:32:51.986+0100: 35.009: Total time for which application threads were stopped: 0.0000845 seconds, Stopping threads took: 0.0000284 seconds
2016-06-21T18:32:51.992+0100: 35.015: Total time for which application threads were stopped: 0.0004599 seconds, Stopping threads took: 0.0000268 seconds
2016-06-21T18:32:52.029+0100: 35.052: Total time for which application threads were stopped: 0.0001465 seconds, Stopping threads took: 0.0000438 seconds
{Heap before GC invocations=13 (full 1):
 par new generation   total 109248K, used 109248K [0x00000000e0000000, 0x00000000e8000000, 0x00000000e8000000)
  eden space 87424K, 100% used [0x00000000e0000000, 0x00000000e5560000, 0x00000000e5560000)
  from space 21824K, 100% used [0x00000000e6ab0000, 0x00000000e8000000, 0x00000000e8000000)
  to   space 21824K,   0% used [0x00000000e5560000, 0x00000000e5560000, 0x00000000e6ab0000)
 concurrent mark-sweep generation total 393216K, used 39030K [0x00000000e8000000, 0x0000000100000000, 0x0000000100000000)
 Metaspace       used 39506K, capacity 39872K, committed 40216K, reserved 1085440K
  class space    used 4459K, capacity 4587K, committed 4632K, reserved 1048576K
2016-06-21T18:32:52.565+0100: 35.588: [GC (Allocation Failure) 2016-06-21T18:32:52.565+0100: 35.588: [ParNew
Desired survivor size 20112992 bytes, new threshold 8 (max 8)
- age   1:   10828040 bytes,   10828040 total
- age   2:    1473704 bytes,   12301744 total
- age   3:      29704 bytes,   12331448 total
- age   4:      23960 bytes,   12355408 total
- age   5:       9328 bytes,   12364736 total
- age   6:     101032 bytes,   12465768 total
- age   7:     337480 bytes,   12803248 total
- age   8:       8592 bytes,   12811840 total
: 109248K->15770K(109248K), 0.0085469 secs] 148278K->54804K(502464K), 0.0086247 secs] [Times: user=0.00 sys=0.00, real=0.01 secs] 
Heap after GC invocations=14 (full 1):
 par new generation   total 109248K, used 15770K [0x00000000e0000000, 0x00000000e8000000, 0x00000000e8000000)
  eden space 87424K,   0% used [0x00000000e0000000, 0x00000000e0000000, 0x00000000e5560000)
  from space 21824K,  72% used [0x00000000e5560000, 0x00000000e64c6ab0, 0x00000000e6ab0000)
  to   space 21824K,   0% used [0x00000000e6ab0000, 0x00000000e6ab0000, 0x00000000e8000000)
 concurrent mark-sweep generation total 393216K, used 39034K [0x00000000e8000000, 0x0000000100000000, 0x0000000100000000)
 Metaspace       used 39506K, capacity 39872K, committed 40216K, reserved 1085440K
  class space    used 4459K, capacity 4587K, committed 4632K, reserved 1048576K
}
2016-06-21T18:32:52.574+0100: 35.597: Total time for which application threads were stopped: 0.0088410 seconds, Stopping threads took: 0.0000201 seconds
2016-06-21T18:32:52.575+0100: 35.597: Total time for which application threads were stopped: 0.0000782 seconds, Stopping threads took: 0.0000288 seconds
2016-06-21T18:32:52.575+0100: 35.597: Total time for which application threads were stopped: 0.0000446 seconds, Stopping threads took: 0.0000201 seconds
2016-06-21T18:32:52.575+0100: 35.598: Total time for which application threads were stopped: 0.0000699 seconds, Stopping threads took: 0.0000241 seconds
2016-06-21T18:32:52.575+0100: 35.598: Total time for which application threads were stopped: 0.0000549 seconds, Stopping threads took: 0.0000245 seconds
2016-06-21T18:32:53.085+0100: 36.108: Total time for which application threads were stopped: 0.0001401 seconds, Stopping threads took: 0.0000201 seconds
2016-06-21T18:32:53.118+0100: 36.141: Total time for which application threads were stopped: 0.0001086 seconds, Stopping threads took: 0.0000280 seconds
2016-06-21T18:32:54.119+0100: 37.141: Total time for which application threads were stopped: 0.0001346 seconds, Stopping threads took: 0.0000280 seconds
2016-06-21T18:32:54.456+0100: 37.478: Total time for which application threads were stopped: 0.0000734 seconds, Stopping threads took: 0.0000233 seconds
2016-06-21T18:32:54.574+0100: 37.596: [GC (CMS Initial Mark) [1 CMS-initial-mark: 39034K(393216K)] 90154K(502464K), 0.0052665 secs] [Times: user=0.06 sys=0.00, real=0.01 secs] 
2016-06-21T18:32:54.579+0100: 37.602: Total time for which application threads were stopped: 0.0053786 seconds, Stopping threads took: 0.0000189 seconds
2016-06-21T18:32:54.579+0100: 37.602: [CMS-concurrent-mark-start]
2016-06-21T18:32:54.596+0100: 37.618: [CMS-concurrent-mark: 0.017/0.017 secs] [Times: user=0.06 sys=0.00, real=0.02 secs] 
2016-06-21T18:32:54.596+0100: 37.618: [CMS-concurrent-preclean-start]
2016-06-21T18:32:54.597+0100: 37.620: [CMS-concurrent-preclean: 0.001/0.001 secs] [Times: user=0.00 sys=0.00, real=0.00 secs] 
2016-06-21T18:32:54.597+0100: 37.620: [CMS-concurrent-abortable-preclean-start]
2016-06-21T18:32:55.580+0100: 38.602: Total time for which application threads were stopped: 0.0000987 seconds, Stopping threads took: 0.0000264 seconds
2016-06-21T18:32:56.580+0100: 39.603: Total time for which application threads were stopped: 0.0000683 seconds, Stopping threads took: 0.0000221 seconds
2016-06-21T18:32:57.581+0100: 40.604: Total time for which application threads were stopped: 0.0001168 seconds, Stopping threads took: 0.0000383 seconds
2016-06-21T18:32:58.581+0100: 41.604: Total time for which application threads were stopped: 0.0000809 seconds, Stopping threads took: 0.0000261 seconds
2016-06-21T18:32:59.582+0100: 42.604: Total time for which application threads were stopped: 0.0000715 seconds, Stopping threads took: 0.0000221 seconds
2016-06-21T18:33:00.582+0100: 43.604: Total time for which application threads were stopped: 0.0000829 seconds, Stopping threads took: 0.0000264 seconds
 CMS: abort preclean due to time 2016-06-21T18:33:00.716+0100: 43.739: [CMS-concurrent-abortable-preclean: 1.226/6.119 secs] [Times: user=1.83 sys=0.11, real=6.12 secs] 
2016-06-21T18:33:00.716+0100: 43.739: [GC (CMS Final Remark) [YG occupancy: 57303 K (109248 K)]{Heap before GC invocations=14 (full 2):
 par new generation   total 109248K, used 57303K [0x00000000e0000000, 0x00000000e8000000, 0x00000000e8000000)
  eden space 87424K,  47% used [0x00000000e0000000, 0x00000000e288f308, 0x00000000e5560000)
  from space 21824K,  72% used [0x00000000e5560000, 0x00000000e64c6ab0, 0x00000000e6ab0000)
  to   space 21824K,   0% used [0x00000000e6ab0000, 0x00000000e6ab0000, 0x00000000e8000000)
 concurrent mark-sweep generation total 393216K, used 39034K [0x00000000e8000000, 0x0000000100000000, 0x0000000100000000)
 Metaspace       used 42856K, capacity 43250K, committed 43496K, reserved 1087488K
  class space    used 4875K, capacity 4990K, committed 5016K, reserved 1048576K
2016-06-21T18:33:00.716+0100: 43.739: [GC (CMS Final Remark) 2016-06-21T18:33:00.716+0100: 43.739: [ParNew
Desired survivor size 20112992 bytes, new threshold 8 (max 8)
- age   1:    3722416 bytes,    3722416 total
- age   2:    7249216 bytes,   10971632 total
- age   3:    1473704 bytes,   12445336 total
- age   4:      29704 bytes,   12475040 total
- age   5:      23960 bytes,   12499000 total
- age   6:       9328 bytes,   12508328 total
- age   7:     101032 bytes,   12609360 total
- age   8:     337480 bytes,   12946840 total
: 57303K->15221K(109248K), 0.0091303 secs] 96337K->54263K(502464K), 0.0091750 secs] [Times: user=0.06 sys=0.00, real=0.01 secs] 
Heap after GC invocations=15 (full 2):
 par new generation   total 109248K, used 15221K [0x00000000e0000000, 0x00000000e8000000, 0x00000000e8000000)
  eden space 87424K,   0% used [0x00000000e0000000, 0x00000000e0000000, 0x00000000e5560000)
  from space 21824K,  69% used [0x00000000e6ab0000, 0x00000000e798d550, 0x00000000e8000000)
  to   space 21824K,   0% used [0x00000000e5560000, 0x00000000e5560000, 0x00000000e6ab0000)
 concurrent mark-sweep generation total 393216K, used 39042K [0x00000000e8000000, 0x0000000100000000, 0x0000000100000000)
 Metaspace       used 42856K, capacity 43250K, committed 43496K, reserved 1087488K
  class space    used 4875K, capacity 4990K, committed 5016K, reserved 1048576K
}
2016-06-21T18:33:00.726+0100: 43.748: [Rescan (parallel) , 0.0024621 secs]2016-06-21T18:33:00.728+0100: 43.751: [weak refs processing, 0.0007643 secs]2016-06-21T18:33:00.729+0100: 43.752: [class unloading, 0.0086061 secs]2016-06-21T18:33:00.737+0100: 43.760: [scrub symbol table, 0.0088524 secs]2016-06-21T18:33:00.746+0100: 43.769: [scrub string table, 0.0009225 secs][1 CMS-remark: 39042K(393216K)] 54263K(502464K), 0.0326390 secs] [Times: user=0.09 sys=0.00, real=0.03 secs] 
2016-06-21T18:33:00.749+0100: 43.772: Total time for which application threads were stopped: 0.0327862 seconds, Stopping threads took: 0.0000470 seconds
2016-06-21T18:33:00.749+0100: 43.772: [CMS-concurrent-sweep-start]
2016-06-21T18:33:00.762+0100: 43.785: [CMS-concurrent-sweep: 0.013/0.013 secs] [Times: user=0.00 sys=0.00, real=0.01 secs] 
2016-06-21T18:33:00.762+0100: 43.785: [CMS-concurrent-reset-start]
2016-06-21T18:33:00.763+0100: 43.786: [CMS-concurrent-reset: 0.001/0.001 secs] [Times: user=0.00 sys=0.00, real=0.00 secs] 
2016-06-21T18:33:01.750+0100: 44.772: Total time for which application threads were stopped: 0.0000983 seconds, Stopping threads took: 0.0000347 seconds
2016-06-21T18:33:01.943+0100: 44.966: Total time for which application threads were stopped: 0.0000703 seconds, Stopping threads took: 0.0000213 seconds
2016-06-21T18:33:01.975+0100: 44.998: Total time for which application threads were stopped: 0.0001212 seconds, Stopping threads took: 0.0000316 seconds
2016-06-21T18:33:02.976+0100: 45.998: Total time for which application threads were stopped: 0.0001437 seconds, Stopping threads took: 0.0000300 seconds
2016-06-21T18:33:03.977+0100: 46.999: Total time for which application threads were stopped: 0.0001425 seconds, Stopping threads took: 0.0000237 seconds
2016-06-21T18:33:04.978+0100: 48.000: Total time for which application threads were stopped: 0.0000943 seconds, Stopping threads took: 0.0000257 seconds
{Heap before GC invocations=15 (full 2):
 par new generation   total 109248K, used 102645K [0x00000000e0000000, 0x00000000e8000000, 0x00000000e8000000)
  eden space 87424K, 100% used [0x00000000e0000000, 0x00000000e5560000, 0x00000000e5560000)
  from space 21824K,  69% used [0x00000000e6ab0000, 0x00000000e798d550, 0x00000000e8000000)
  to   space 21824K,   0% used [0x00000000e5560000, 0x00000000e5560000, 0x00000000e6ab0000)
 concurrent mark-sweep generation total 393216K, used 22430K [0x00000000e8000000, 0x0000000100000000, 0x0000000100000000)
 Metaspace       used 43623K, capacity 44166K, committed 44568K, reserved 1089536K
  class space    used 4916K, capacity 5068K, committed 5144K, reserved 1048576K
2016-06-21T18:33:05.898+0100: 48.920: [GC (Allocation Failure) 2016-06-21T18:33:05.898+0100: 48.920: [ParNew
Desired survivor size 20112992 bytes, new threshold 8 (max 8)
- age   1:     889872 bytes,     889872 total
- age   2:    1508112 bytes,    2397984 total
- age   3:    4956256 bytes,    7354240 total
- age   4:      19200 bytes,    7373440 total
- age   5:      16744 bytes,    7390184 total
- age   6:      13304 bytes,    7403488 total
- age   7:       4064 bytes,    7407552 total
- age   8:      34576 bytes,    7442128 total
: 102645K->9647K(109248K), 0.0066742 secs] 125076K->32228K(502464K), 0.0067476 secs] [Times: user=0.00 sys=0.00, real=0.01 secs] 
Heap after GC invocations=16 (full 2):
 par new generation   total 109248K, used 9647K [0x00000000e0000000, 0x00000000e8000000, 0x00000000e8000000)
  eden space 87424K,   0% used [0x00000000e0000000, 0x00000000e0000000, 0x00000000e5560000)
  from space 21824K,  44% used [0x00000000e5560000, 0x00000000e5ecbc80, 0x00000000e6ab0000)
  to   space 21824K,   0% used [0x00000000e6ab0000, 0x00000000e6ab0000, 0x00000000e8000000)
 concurrent mark-sweep generation total 393216K, used 22581K [0x00000000e8000000, 0x0000000100000000, 0x0000000100000000)
 Metaspace       used 43623K, capacity 44166K, committed 44568K, reserved 1089536K
  class space    used 4916K, capacity 5068K, committed 5144K, reserved 1048576K
}
2016-06-21T18:33:05.904+0100: 48.927: Total time for which application threads were stopped: 0.0069485 seconds, Stopping threads took: 0.0000355 seconds
2016-06-21T18:33:05.905+0100: 48.928: Total time for which application threads were stopped: 0.0000943 seconds, Stopping threads took: 0.0000355 seconds
2016-06-21T18:33:06.906+0100: 49.928: Total time for which application threads were stopped: 0.0000936 seconds, Stopping threads took: 0.0000225 seconds
2016-06-21T18:33:07.907+0100: 50.929: Total time for which application threads were stopped: 0.0000718 seconds, Stopping threads took: 0.0000209 seconds
2016-06-21T18:33:08.907+0100: 51.930: Total time for which application threads were stopped: 0.0000943 seconds, Stopping threads took: 0.0000332 seconds
2016-06-21T18:33:09.908+0100: 52.930: Total time for which application threads were stopped: 0.0000880 seconds, Stopping threads took: 0.0000237 seconds
2016-06-21T18:33:10.908+0100: 53.930: Total time for which application threads were stopped: 0.0001350 seconds, Stopping threads took: 0.0000422 seconds
2016-06-21T18:33:11.908+0100: 54.931: Total time for which application threads were stopped: 0.0000951 seconds, Stopping threads took: 0.0000276 seconds
2016-06-21T18:33:12.908+0100: 55.931: Total time for which application threads were stopped: 0.0001090 seconds, Stopping threads took: 0.0000324 seconds
2016-06-21T18:33:13.909+0100: 56.931: Total time for which application threads were stopped: 0.0001003 seconds, Stopping threads took: 0.0000292 seconds
2016-06-21T18:33:14.910+0100: 57.932: Total time for which application threads were stopped: 0.0000801 seconds, Stopping threads took: 0.0000209 seconds
{Heap before GC invocations=16 (full 2):
 par new generation   total 109248K, used 97071K [0x00000000e0000000, 0x00000000e8000000, 0x00000000e8000000)
  eden space 87424K, 100% used [0x00000000e0000000, 0x00000000e5560000, 0x00000000e5560000)
  from space 21824K,  44% used [0x00000000e5560000, 0x00000000e5ecbc80, 0x00000000e6ab0000)
  to   space 21824K,   0% used [0x00000000e6ab0000, 0x00000000e6ab0000, 0x00000000e8000000)
 concurrent mark-sweep generation total 393216K, used 22581K [0x00000000e8000000, 0x0000000100000000, 0x0000000100000000)
 Metaspace       used 43887K, capacity 44364K, committed 44824K, reserved 1089536K
  class space    used 4917K, capacity 5069K, committed 5144K, reserved 1048576K
2016-06-21T18:33:16.430+0100: 59.452: [GC (Allocation Failure) 2016-06-21T18:33:16.430+0100: 59.452: [ParNew
Desired survivor size 20112992 bytes, new threshold 8 (max 8)
- age   1:   12804192 bytes,   12804192 total
- age   2:     349856 bytes,   13154048 total
- age   3:    1507616 bytes,   14661664 total
- age   4:    4956256 bytes,   19617920 total
- age   5:      19200 bytes,   19637120 total
- age   6:      16744 bytes,   19653864 total
- age   7:      13304 bytes,   19667168 total
- age   8:       4064 bytes,   19671232 total
: 97071K->20657K(109248K), 0.0134293 secs] 119652K->43273K(502464K), 0.0135193 secs] [Times: user=0.06 sys=0.00, real=0.01 secs] 
Heap after GC invocations=17 (full 2):
 par new generation   total 109248K, used 20657K [0x00000000e0000000, 0x00000000e8000000, 0x00000000e8000000)
  eden space 87424K,   0% used [0x00000000e0000000, 0x00000000e0000000, 0x00000000e5560000)
  from space 21824K,  94% used [0x00000000e6ab0000, 0x00000000e7edc5d0, 0x00000000e8000000)
  to   space 21824K,   0% used [0x00000000e5560000, 0x00000000e5560000, 0x00000000e6ab0000)
 concurrent mark-sweep generation total 393216K, used 22615K [0x00000000e8000000, 0x0000000100000000, 0x0000000100000000)
 Metaspace       used 43887K, capacity 44364K, committed 44824K, reserved 1089536K
  class space    used 4917K, capacity 5069K, committed 5144K, reserved 1048576K
}
2016-06-21T18:33:16.443+0100: 59.466: Total time for which application threads were stopped: 0.0138066 seconds, Stopping threads took: 0.0000359 seconds
{Heap before GC invocations=17 (full 2):
 par new generation   total 109248K, used 108081K [0x00000000e0000000, 0x00000000e8000000, 0x00000000e8000000)
  eden space 87424K, 100% used [0x00000000e0000000, 0x00000000e5560000, 0x00000000e5560000)
  from space 21824K,  94% used [0x00000000e6ab0000, 0x00000000e7edc5d0, 0x00000000e8000000)
  to   space 21824K,   0% used [0x00000000e5560000, 0x00000000e5560000, 0x00000000e6ab0000)
 concurrent mark-sweep generation total 393216K, used 22615K [0x00000000e8000000, 0x0000000100000000, 0x0000000100000000)
 Metaspace       used 43888K, capacity 44364K, committed 44824K, reserved 1089536K
  class space    used 4917K, capacity 5069K, committed 5144K, reserved 1048576K
2016-06-21T18:33:16.692+0100: 59.714: [GC (Allocation Failure) 2016-06-21T18:33:16.692+0100: 59.714: [ParNew
Desired survivor size 20112992 bytes, new threshold 5 (max 8)
- age   1:    9275888 bytes,    9275888 total
- age   2:    6173176 bytes,   15449064 total
- age   3:     349856 bytes,   15798920 total
- age   4:    1507616 bytes,   17306536 total
- age   5:    4956256 bytes,   22262792 total
- age   6:      19200 bytes,   22281992 total
- age   7:      16744 bytes,   22298736 total
- age   8:      13304 bytes,   22312040 total
: 108081K->21824K(109248K), 0.0733136 secs] 130697K->71818K(502464K), 0.0734119 secs] [Times: user=0.22 sys=0.01, real=0.07 secs] 
Heap after GC invocations=18 (full 2):
 par new generation   total 109248K, used 21824K [0x00000000e0000000, 0x00000000e8000000, 0x00000000e8000000)
  eden space 87424K,   0% used [0x00000000e0000000, 0x00000000e0000000, 0x00000000e5560000)
  from space 21824K, 100% used [0x00000000e5560000, 0x00000000e6ab0000, 0x00000000e6ab0000)
  to   space 21824K,   0% used [0x00000000e6ab0000, 0x00000000e6ab0000, 0x00000000e8000000)
 concurrent mark-sweep generation total 393216K, used 49994K [0x00000000e8000000, 0x0000000100000000, 0x0000000100000000)
 Metaspace       used 43888K, capacity 44364K, committed 44824K, reserved 1089536K
  class space    used 4917K, capacity 5069K, committed 5144K, reserved 1048576K
}
2016-06-21T18:33:16.765+0100: 59.788: Total time for which application threads were stopped: 0.0736827 seconds, Stopping threads took: 0.0000343 seconds
2016-06-21T18:33:16.928+0100: 59.950: Total time for which application threads were stopped: 0.0001247 seconds, Stopping threads took: 0.0000320 seconds
{Heap before GC invocations=18 (full 2):
 par new generation   total 109248K, used 109248K [0x00000000e0000000, 0x00000000e8000000, 0x00000000e8000000)
  eden space 87424K, 100% used [0x00000000e0000000, 0x00000000e5560000, 0x00000000e5560000)
  from space 21824K, 100% used [0x00000000e5560000, 0x00000000e6ab0000, 0x00000000e6ab0000)
  to   space 21824K,   0% used [0x00000000e6ab0000, 0x00000000e6ab0000, 0x00000000e8000000)
 concurrent mark-sweep generation total 393216K, used 49994K [0x00000000e8000000, 0x0000000100000000, 0x0000000100000000)
 Metaspace       used 43977K, capacity 44492K, committed 44824K, reserved 1089536K
  class space    used 4923K, capacity 5069K, committed 5144K, reserved 1048576K
2016-06-21T18:33:17.074+0100: 60.096: [GC (Allocation Failure) 2016-06-21T18:33:17.074+0100: 60.097: [ParNew
Desired survivor size 20112992 bytes, new threshold 3 (max 8)
- age   1:    7544240 bytes,    7544240 total
- age   2:    7807080 bytes,   15351320 total
- age   3:    5308064 bytes,   20659384 total
- age   4:     338392 bytes,   20997776 total
- age   5:    1479344 bytes,   22477120 total
: 109248K->21824K(109248K), 0.0348362 secs] 159242K->84993K(502464K), 0.0349258 secs] [Times: user=0.16 sys=0.00, real=0.04 secs] 
Heap after GC invocations=19 (full 2):
 par new generation   total 109248K, used 21824K [0x00000000e0000000, 0x00000000e8000000, 0x00000000e8000000)
  eden space 87424K,   0% used [0x00000000e0000000, 0x00000000e0000000, 0x00000000e5560000)
  from space 21824K, 100% used [0x00000000e6ab0000, 0x00000000e8000000, 0x00000000e8000000)
  to   space 21824K,   0% used [0x00000000e5560000, 0x00000000e5560000, 0x00000000e6ab0000)
 concurrent mark-sweep generation total 393216K, used 63169K [0x00000000e8000000, 0x0000000100000000, 0x0000000100000000)
 Metaspace       used 43977K, capacity 44492K, committed 44824K, reserved 1089536K
  class space    used 4923K, capacity 5069K, committed 5144K, reserved 1048576K
}
2016-06-21T18:33:17.109+0100: 60.131: Total time for which application threads were stopped: 0.0352151 seconds, Stopping threads took: 0.0000355 seconds
2016-06-21T18:33:17.171+0100: 60.193: Total time for which application threads were stopped: 0.0001512 seconds, Stopping threads took: 0.0000367 seconds
{Heap before GC invocations=19 (full 2):
 par new generation   total 109248K, used 109248K [0x00000000e0000000, 0x00000000e8000000, 0x00000000e8000000)
  eden space 87424K, 100% used [0x00000000e0000000, 0x00000000e5560000, 0x00000000e5560000)
  from space 21824K, 100% used [0x00000000e6ab0000, 0x00000000e8000000, 0x00000000e8000000)
  to   space 21824K,   0% used [0x00000000e5560000, 0x00000000e5560000, 0x00000000e6ab0000)
 concurrent mark-sweep generation total 393216K, used 63169K [0x00000000e8000000, 0x0000000100000000, 0x0000000100000000)
 Metaspace       used 43986K, capacity 44492K, committed 44824K, reserved 1089536K
  class space    used 4923K, capacity 5069K, committed 5144K, reserved 1048576K
2016-06-21T18:33:17.443+0100: 60.466: [GC (Allocation Failure) 2016-06-21T18:33:17.443+0100: 60.466: [ParNew
Desired survivor size 20112992 bytes, new threshold 8 (max 8)
- age   1:    1084320 bytes,    1084320 total
- age   2:    7267312 bytes,    8351632 total
- age   3:    7807080 bytes,   16158712 total
: 109248K->21180K(109248K), 0.0197091 secs] 172417K->91327K(502464K), 0.0197900 secs] [Times: user=0.06 sys=0.00, real=0.02 secs] 
Heap after GC invocations=20 (full 2):
 par new generation   total 109248K, used 21180K [0x00000000e0000000, 0x00000000e8000000, 0x00000000e8000000)
  eden space 87424K,   0% used [0x00000000e0000000, 0x00000000e0000000, 0x00000000e5560000)
  from space 21824K,  97% used [0x00000000e5560000, 0x00000000e6a0f1e0, 0x00000000e6ab0000)
  to   space 21824K,   0% used [0x00000000e6ab0000, 0x00000000e6ab0000, 0x00000000e8000000)
 concurrent mark-sweep generation total 393216K, used 70147K [0x00000000e8000000, 0x0000000100000000, 0x0000000100000000)
 Metaspace       used 43986K, capacity 44492K, committed 44824K, reserved 1089536K
  class space    used 4923K, capacity 5069K, committed 5144K, reserved 1048576K
}
2016-06-21T18:33:17.463+0100: 60.485: Total time for which application threads were stopped: 0.0200857 seconds, Stopping threads took: 0.0000339 seconds
{Heap before GC invocations=20 (full 2):
 par new generation   total 109248K, used 108604K [0x00000000e0000000, 0x00000000e8000000, 0x00000000e8000000)
  eden space 87424K, 100% used [0x00000000e0000000, 0x00000000e5560000, 0x00000000e5560000)
  from space 21824K,  97% used [0x00000000e5560000, 0x00000000e6a0f1e0, 0x00000000e6ab0000)
  to   space 21824K,   0% used [0x00000000e6ab0000, 0x00000000e6ab0000, 0x00000000e8000000)
 concurrent mark-sweep generation total 393216K, used 70147K [0x00000000e8000000, 0x0000000100000000, 0x0000000100000000)
 Metaspace       used 43995K, capacity 44492K, committed 44824K, reserved 1089536K
  class space    used 4923K, capacity 5069K, committed 5144K, reserved 1048576K
2016-06-21T18:33:17.802+0100: 60.824: [GC (Allocation Failure) 2016-06-21T18:33:17.802+0100: 60.824: [ParNew
Desired survivor size 20112992 bytes, new threshold 8 (max 8)
- age   1:    1697608 bytes,    1697608 total
- age   2:     424232 bytes,    2121840 total
- age   3:    7267288 bytes,    9389128 total
- age   4:    7807080 bytes,   17196208 total
: 108604K->21824K(109248K), 0.0108140 secs] 178751K->91971K(502464K), 0.0109131 secs] [Times: user=0.06 sys=0.00, real=0.01 secs] 
Heap after GC invocations=21 (full 2):
 par new generation   total 109248K, used 21824K [0x00000000e0000000, 0x00000000e8000000, 0x00000000e8000000)
  eden space 87424K,   0% used [0x00000000e0000000, 0x00000000e0000000, 0x00000000e5560000)
  from space 21824K, 100% used [0x00000000e6ab0000, 0x00000000e8000000, 0x00000000e8000000)
  to   space 21824K,   0% used [0x00000000e5560000, 0x00000000e5560000, 0x00000000e6ab0000)
 concurrent mark-sweep generation total 393216K, used 70147K [0x00000000e8000000, 0x0000000100000000, 0x0000000100000000)
 Metaspace       used 43995K, capacity 44492K, committed 44824K, reserved 1089536K
  class space    used 4923K, capacity 5069K, committed 5144K, reserved 1048576K
}
2016-06-21T18:33:17.813+0100: 60.835: Total time for which application threads were stopped: 0.0112107 seconds, Stopping threads took: 0.0000336 seconds
{Heap before GC invocations=21 (full 2):
 par new generation   total 109248K, used 109248K [0x00000000e0000000, 0x00000000e8000000, 0x00000000e8000000)
  eden space 87424K, 100% used [0x00000000e0000000, 0x00000000e5560000, 0x00000000e5560000)
  from space 21824K, 100% used [0x00000000e6ab0000, 0x00000000e8000000, 0x00000000e8000000)
  to   space 21824K,   0% used [0x00000000e5560000, 0x00000000e5560000, 0x00000000e6ab0000)
 concurrent mark-sweep generation total 393216K, used 70147K [0x00000000e8000000, 0x0000000100000000, 0x0000000100000000)
 Metaspace       used 43995K, capacity 44492K, committed 44824K, reserved 1089536K
  class space    used 4923K, capacity 5069K, committed 5144K, reserved 1048576K
2016-06-21T18:33:18.094+0100: 61.116: [GC (Allocation Failure) 2016-06-21T18:33:18.094+0100: 61.116: [ParNew
Desired survivor size 20112992 bytes, new threshold 8 (max 8)
- age   1:    1000688 bytes,    1000688 total
- age   2:    1224664 bytes,    2225352 total
- age   3:     424232 bytes,    2649584 total
- age   4:    7267368 bytes,    9916952 total
- age   5:    7794072 bytes,   17711024 total
: 109248K->21824K(109248K), 0.0106241 secs] 179395K->91971K(502464K), 0.0107181 secs] [Times: user=0.00 sys=0.00, real=0.01 secs] 
Heap after GC invocations=22 (full 2):
 par new generation   total 109248K, used 21824K [0x00000000e0000000, 0x00000000e8000000, 0x00000000e8000000)
  eden space 87424K,   0% used [0x00000000e0000000, 0x00000000e0000000, 0x00000000e5560000)
  from space 21824K, 100% used [0x00000000e5560000, 0x00000000e6ab0000, 0x00000000e6ab0000)
  to   space 21824K,   0% used [0x00000000e6ab0000, 0x00000000e6ab0000, 0x00000000e8000000)
 concurrent mark-sweep generation total 393216K, used 70147K [0x00000000e8000000, 0x0000000100000000, 0x0000000100000000)
 Metaspace       used 43995K, capacity 44492K, committed 44824K, reserved 1089536K
  class space    used 4923K, capacity 5069K, committed 5144K, reserved 1048576K
}
2016-06-21T18:33:18.105+0100: 61.127: Total time for which application threads were stopped: 0.0109861 seconds, Stopping threads took: 0.0000347 seconds
{Heap before GC invocations=22 (full 2):
 par new generation   total 109248K, used 109248K [0x00000000e0000000, 0x00000000e8000000, 0x00000000e8000000)
  eden space 87424K, 100% used [0x00000000e0000000, 0x00000000e5560000, 0x00000000e5560000)
  from space 21824K, 100% used [0x00000000e5560000, 0x00000000e6ab0000, 0x00000000e6ab0000)
  to   space 21824K,   0% used [0x00000000e6ab0000, 0x00000000e6ab0000, 0x00000000e8000000)
 concurrent mark-sweep generation total 393216K, used 70147K [0x00000000e8000000, 0x0000000100000000, 0x0000000100000000)
 Metaspace       used 43995K, capacity 44492K, committed 44824K, reserved 1089536K
  class space    used 4923K, capacity 5069K, committed 5144K, reserved 1048576K
2016-06-21T18:33:18.372+0100: 61.395: [GC (Allocation Failure) 2016-06-21T18:33:18.372+0100: 61.395: [ParNew
Desired survivor size 20112992 bytes, new threshold 8 (max 8)
- age   1:    2482920 bytes,    2482920 total
- age   2:     700200 bytes,    3183120 total
- age   3:     469480 bytes,    3652600 total
- age   4:     423056 bytes,    4075656 total
- age   5:    7048880 bytes,   11124536 total
- age   6:    7781888 bytes,   18906424 total
: 109248K->21824K(109248K), 0.0111472 secs] 179395K->92299K(502464K), 0.0112265 secs] [Times: user=0.06 sys=0.00, real=0.01 secs] 
Heap after GC invocations=23 (full 2):
 par new generation   total 109248K, used 21824K [0x00000000e0000000, 0x00000000e8000000, 0x00000000e8000000)
  eden space 87424K,   0% used [0x00000000e0000000, 0x00000000e0000000, 0x00000000e5560000)
  from space 21824K, 100% used [0x00000000e6ab0000, 0x00000000e8000000, 0x00000000e8000000)
  to   space 21824K,   0% used [0x00000000e5560000, 0x00000000e5560000, 0x00000000e6ab0000)
 concurrent mark-sweep generation total 393216K, used 70475K [0x00000000e8000000, 0x0000000100000000, 0x0000000100000000)
 Metaspace       used 43995K, capacity 44492K, committed 44824K, reserved 1089536K
  class space    used 4923K, capacity 5069K, committed 5144K, reserved 1048576K
}
2016-06-21T18:33:18.383+0100: 61.406: Total time for which application threads were stopped: 0.0115364 seconds, Stopping threads took: 0.0000292 seconds
{Heap before GC invocations=23 (full 2):
 par new generation   total 109248K, used 109248K [0x00000000e0000000, 0x00000000e8000000, 0x00000000e8000000)
  eden space 87424K, 100% used [0x00000000e0000000, 0x00000000e5560000, 0x00000000e5560000)
  from space 21824K, 100% used [0x00000000e6ab0000, 0x00000000e8000000, 0x00000000e8000000)
  to   space 21824K,   0% used [0x00000000e5560000, 0x00000000e5560000, 0x00000000e6ab0000)
 concurrent mark-sweep generation total 393216K, used 70475K [0x00000000e8000000, 0x0000000100000000, 0x0000000100000000)
 Metaspace       used 43997K, capacity 44492K, committed 44824K, reserved 1089536K
  class space    used 4923K, capacity 5069K, committed 5144K, reserved 1048576K
2016-06-21T18:33:18.553+0100: 61.576: [GC (Allocation Failure) 2016-06-21T18:33:18.553+0100: 61.576: [ParNew
Desired survivor size 20112992 bytes, new threshold 8 (max 8)
- age   1:    1144872 bytes,    1144872 total
- age   2:     765496 bytes,    1910368 total
- age   3:     698992 bytes,    2609360 total
- age   4:     467464 bytes,    3076824 total
- age   5:     421504 bytes,    3498328 total
- age   6:    6960912 bytes,   10459240 total
- age   7:    7727880 bytes,   18187120 total
: 109248K->21824K(109248K), 0.0115214 secs] 179723K->93865K(502464K), 0.0115838 secs] [Times: user=0.06 sys=0.00, real=0.01 secs] 
Heap after GC invocations=24 (full 2):
 par new generation   total 109248K, used 21824K [0x00000000e0000000, 0x00000000e8000000, 0x00000000e8000000)
  eden space 87424K,   0% used [0x00000000e0000000, 0x00000000e0000000, 0x00000000e5560000)
  from space 21824K, 100% used [0x00000000e5560000, 0x00000000e6ab0000, 0x00000000e6ab0000)
  to   space 21824K,   0% used [0x00000000e6ab0000, 0x00000000e6ab0000, 0x00000000e8000000)
 concurrent mark-sweep generation total 393216K, used 72041K [0x00000000e8000000, 0x0000000100000000, 0x0000000100000000)
 Metaspace       used 43997K, capacity 44492K, committed 44824K, reserved 1089536K
  class space    used 4923K, capacity 5069K, committed 5144K, reserved 1048576K
}
2016-06-21T18:33:18.565+0100: 61.588: Total time for which application threads were stopped: 0.0117654 seconds, Stopping threads took: 0.0000245 seconds
{Heap before GC invocations=24 (full 2):
 par new generation   total 109248K, used 109248K [0x00000000e0000000, 0x00000000e8000000, 0x00000000e8000000)
  eden space 87424K, 100% used [0x00000000e0000000, 0x00000000e5560000, 0x00000000e5560000)
  from space 21824K, 100% used [0x00000000e5560000, 0x00000000e6ab0000, 0x00000000e6ab0000)
  to   space 21824K,   0% used [0x00000000e6ab0000, 0x00000000e6ab0000, 0x00000000e8000000)
 concurrent mark-sweep generation total 393216K, used 72041K [0x00000000e8000000, 0x0000000100000000, 0x0000000100000000)
 Metaspace       used 44010K, capacity 44556K, committed 45080K, reserved 1089536K
  class space    used 4923K, capacity 5069K, committed 5144K, reserved 1048576K
2016-06-21T18:33:18.746+0100: 61.769: [GC (Allocation Failure) 2016-06-21T18:33:18.746+0100: 61.769: [ParNew
Desired survivor size 20112992 bytes, new threshold 8 (max 8)
- age   1:     971296 bytes,     971296 total
- age   2:     692464 bytes,    1663760 total
- age   3:     752448 bytes,    2416208 total
- age   4:     679328 bytes,    3095536 total
- age   5:     452584 bytes,    3548120 total
- age   6:     418448 bytes,    3966568 total
- age   7:    6789960 bytes,   10756528 total
- age   8:    7669248 bytes,   18425776 total
: 109248K->21824K(109248K), 0.0118652 secs] 181289K->94325K(502464K), 0.0119442 secs] [Times: user=0.06 sys=0.00, real=0.01 secs] 
Heap after GC invocations=25 (full 2):
 par new generation   total 109248K, used 21824K [0x00000000e0000000, 0x00000000e8000000, 0x00000000e8000000)
  eden space 87424K,   0% used [0x00000000e0000000, 0x00000000e0000000, 0x00000000e5560000)
  from space 21824K, 100% used [0x00000000e6ab0000, 0x00000000e8000000, 0x00000000e8000000)
  to   space 21824K,   0% used [0x00000000e5560000, 0x00000000e5560000, 0x00000000e6ab0000)
 concurrent mark-sweep generation total 393216K, used 72501K [0x00000000e8000000, 0x0000000100000000, 0x0000000100000000)
 Metaspace       used 44010K, capacity 44556K, committed 45080K, reserved 1089536K
  class space    used 4923K, capacity 5069K, committed 5144K, reserved 1048576K
}
2016-06-21T18:33:18.758+0100: 61.781: Total time for which application threads were stopped: 0.0121585 seconds, Stopping threads took: 0.0000249 seconds
{Heap before GC invocations=25 (full 2):
 par new generation   total 109248K, used 109248K [0x00000000e0000000, 0x00000000e8000000, 0x00000000e8000000)
  eden space 87424K, 100% used [0x00000000e0000000, 0x00000000e5560000, 0x00000000e5560000)
  from space 21824K, 100% used [0x00000000e6ab0000, 0x00000000e8000000, 0x00000000e8000000)
  to   space 21824K,   0% used [0x00000000e5560000, 0x00000000e5560000, 0x00000000e6ab0000)
 concurrent mark-sweep generation total 393216K, used 72501K [0x00000000e8000000, 0x0000000100000000, 0x0000000100000000)
 Metaspace       used 44010K, capacity 44556K, committed 45080K, reserved 1089536K
  class space    used 4923K, capacity 5069K, committed 5144K, reserved 1048576K
2016-06-21T18:33:18.898+0100: 61.920: [GC (Allocation Failure) 2016-06-21T18:33:18.898+0100: 61.920: [ParNew
Desired survivor size 20112992 bytes, new threshold 8 (max 8)
- age   1:     980544 bytes,     980544 total
- age   2:     713976 bytes,    1694520 total
- age   3:     692464 bytes,    2386984 total
- age   4:     752448 bytes,    3139432 total
- age   5:     679328 bytes,    3818760 total
- age   6:     452544 bytes,    4271304 total
- age   7:     418448 bytes,    4689752 total
- age   8:    6773520 bytes,   11463272 total
: 109248K->17826K(109248K), 0.0161385 secs] 181749K->97785K(502464K), 0.0162016 secs] [Times: user=0.06 sys=0.00, real=0.02 secs] 
Heap after GC invocations=26 (full 2):
 par new generation   total 109248K, used 17826K [0x00000000e0000000, 0x00000000e8000000, 0x00000000e8000000)
  eden space 87424K,   0% used [0x00000000e0000000, 0x00000000e0000000, 0x00000000e5560000)
  from space 21824K,  81% used [0x00000000e5560000, 0x00000000e66c88c0, 0x00000000e6ab0000)
  to   space 21824K,   0% used [0x00000000e6ab0000, 0x00000000e6ab0000, 0x00000000e8000000)
 concurrent mark-sweep generation total 393216K, used 79959K [0x00000000e8000000, 0x0000000100000000, 0x0000000100000000)
 Metaspace       used 44010K, capacity 44556K, committed 45080K, reserved 1089536K
  class space    used 4923K, capacity 5069K, committed 5144K, reserved 1048576K
}
2016-06-21T18:33:18.914+0100: 61.937: Total time for which application threads were stopped: 0.0164014 seconds, Stopping threads took: 0.0000261 seconds
{Heap before GC invocations=26 (full 2):
 par new generation   total 109248K, used 105250K [0x00000000e0000000, 0x00000000e8000000, 0x00000000e8000000)
  eden space 87424K, 100% used [0x00000000e0000000, 0x00000000e5560000, 0x00000000e5560000)
  from space 21824K,  81% used [0x00000000e5560000, 0x00000000e66c88c0, 0x00000000e6ab0000)
  to   space 21824K,   0% used [0x00000000e6ab0000, 0x00000000e6ab0000, 0x00000000e8000000)
 concurrent mark-sweep generation total 393216K, used 79959K [0x00000000e8000000, 0x0000000100000000, 0x0000000100000000)
 Metaspace       used 44010K, capacity 44556K, committed 45080K, reserved 1089536K
  class space    used 4923K, capacity 5069K, committed 5144K, reserved 1048576K
2016-06-21T18:33:19.088+0100: 62.111: [GC (Allocation Failure) 2016-06-21T18:33:19.088+0100: 62.111: [ParNew
Desired survivor size 20112992 bytes, new threshold 8 (max 8)
- age   1:    1257672 bytes,    1257672 total
- age   2:     638072 bytes,    1895744 total
- age   3:     713976 bytes,    2609720 total
- age   4:     692464 bytes,    3302184 total
- age   5:     752448 bytes,    4054632 total
- age   6:     679328 bytes,    4733960 total
- age   7:     452544 bytes,    5186504 total
- age   8:     418448 bytes,    5604952 total
: 105250K->9068K(109248K), 0.0161930 secs] 185209K->95643K(502464K), 0.0162755 secs] [Times: user=0.03 sys=0.00, real=0.02 secs] 
Heap after GC invocations=27 (full 2):
 par new generation   total 109248K, used 9068K [0x00000000e0000000, 0x00000000e8000000, 0x00000000e8000000)
  eden space 87424K,   0% used [0x00000000e0000000, 0x00000000e0000000, 0x00000000e5560000)
  from space 21824K,  41% used [0x00000000e6ab0000, 0x00000000e738b3f0, 0x00000000e8000000)
  to   space 21824K,   0% used [0x00000000e5560000, 0x00000000e5560000, 0x00000000e6ab0000)
 concurrent mark-sweep generation total 393216K, used 86574K [0x00000000e8000000, 0x0000000100000000, 0x0000000100000000)
 Metaspace       used 44010K, capacity 44556K, committed 45080K, reserved 1089536K
  class space    used 4923K, capacity 5069K, committed 5144K, reserved 1048576K
}
2016-06-21T18:33:19.105+0100: 62.127: Total time for which application threads were stopped: 0.0165403 seconds, Stopping threads took: 0.0000339 seconds
{Heap before GC invocations=27 (full 2):
 par new generation   total 109248K, used 96492K [0x00000000e0000000, 0x00000000e8000000, 0x00000000e8000000)
  eden space 87424K, 100% used [0x00000000e0000000, 0x00000000e5560000, 0x00000000e5560000)
  from space 21824K,  41% used [0x00000000e6ab0000, 0x00000000e738b3f0, 0x00000000e8000000)
  to   space 21824K,   0% used [0x00000000e5560000, 0x00000000e5560000, 0x00000000e6ab0000)
 concurrent mark-sweep generation total 393216K, used 86574K [0x00000000e8000000, 0x0000000100000000, 0x0000000100000000)
 Metaspace       used 44011K, capacity 44556K, committed 45080K, reserved 1089536K
  class space    used 4923K, capacity 5069K, committed 5144K, reserved 1048576K
2016-06-21T18:33:19.334+0100: 62.356: [GC (Allocation Failure) 2016-06-21T18:33:19.334+0100: 62.356: [ParNew
Desired survivor size 20112992 bytes, new threshold 8 (max 8)
- age   1:    3929480 bytes,    3929480 total
- age   2:     662248 bytes,    4591728 total
- age   3:     654472 bytes,    5246200 total
- age   4:     714016 bytes,    5960216 total
- age   5:     692464 bytes,    6652680 total
- age   6:     752448 bytes,    7405128 total
- age   7:     679368 bytes,    8084496 total
- age   8:     452544 bytes,    8537040 total
: 96492K->9975K(109248K), 0.0056699 secs] 183067K->96973K(502464K), 0.0057492 secs] [Times: user=0.00 sys=0.00, real=0.00 secs] 
Heap after GC invocations=28 (full 2):
 par new generation   total 109248K, used 9975K [0x00000000e0000000, 0x00000000e8000000, 0x00000000e8000000)
  eden space 87424K,   0% used [0x00000000e0000000, 0x00000000e0000000, 0x00000000e5560000)
  from space 21824K,  45% used [0x00000000e5560000, 0x00000000e5f1dfc0, 0x00000000e6ab0000)
  to   space 21824K,   0% used [0x00000000e6ab0000, 0x00000000e6ab0000, 0x00000000e8000000)
 concurrent mark-sweep generation total 393216K, used 86997K [0x00000000e8000000, 0x0000000100000000, 0x0000000100000000)
 Metaspace       used 44011K, capacity 44556K, committed 45080K, reserved 1089536K
  class space    used 4923K, capacity 5069K, committed 5144K, reserved 1048576K
}
2016-06-21T18:33:19.339+0100: 62.362: Total time for which application threads were stopped: 0.0059348 seconds, Stopping threads took: 0.0000213 seconds
{Heap before GC invocations=28 (full 2):
 par new generation   total 109248K, used 97399K [0x00000000e0000000, 0x00000000e8000000, 0x00000000e8000000)
  eden space 87424K, 100% used [0x00000000e0000000, 0x00000000e5560000, 0x00000000e5560000)
  from space 21824K,  45% used [0x00000000e5560000, 0x00000000e5f1dfc0, 0x00000000e6ab0000)
  to   space 21824K,   0% used [0x00000000e6ab0000, 0x00000000e6ab0000, 0x00000000e8000000)
 concurrent mark-sweep generation total 393216K, used 86997K [0x00000000e8000000, 0x0000000100000000, 0x0000000100000000)
 Metaspace       used 44011K, capacity 44556K, committed 45080K, reserved 1089536K
  class space    used 4923K, capacity 5069K, committed 5144K, reserved 1048576K
2016-06-21T18:33:19.513+0100: 62.536: [GC (Allocation Failure) 2016-06-21T18:33:19.513+0100: 62.536: [ParNew
Desired survivor size 20112992 bytes, new threshold 8 (max 8)
- age   1:     876696 bytes,     876696 total
- age   2:    3621096 bytes,    4497792 total
- age   3:     662248 bytes,    5160040 total
- age   4:     687272 bytes,    5847312 total
- age   5:     746776 bytes,    6594088 total
- age   6:     708864 bytes,    7302952 total
- age   7:     768848 bytes,    8071800 total
- age   8:     679328 bytes,    8751128 total
: 97399K->9250K(109248K), 0.0054011 secs] 184397K->96691K(502464K), 0.0054848 secs] [Times: user=0.06 sys=0.00, real=0.01 secs] 
Heap after GC invocations=29 (full 2):
 par new generation   total 109248K, used 9250K [0x00000000e0000000, 0x00000000e8000000, 0x00000000e8000000)
  eden space 87424K,   0% used [0x00000000e0000000, 0x00000000e0000000, 0x00000000e5560000)
  from space 21824K,  42% used [0x00000000e6ab0000, 0x00000000e73b8af0, 0x00000000e8000000)
  to   space 21824K,   0% used [0x00000000e5560000, 0x00000000e5560000, 0x00000000e6ab0000)
 concurrent mark-sweep generation total 393216K, used 87440K [0x00000000e8000000, 0x0000000100000000, 0x0000000100000000)
 Metaspace       used 44011K, capacity 44556K, committed 45080K, reserved 1089536K
  class space    used 4923K, capacity 5069K, committed 5144K, reserved 1048576K
}
2016-06-21T18:33:19.519+0100: 62.542: Total time for which application threads were stopped: 0.0057492 seconds, Stopping threads took: 0.0000288 seconds
2016-06-21T18:33:20.519+0100: 63.542: Total time for which application threads were stopped: 0.0001133 seconds, Stopping threads took: 0.0000300 seconds
{Heap before GC invocations=29 (full 2):
 par new generation   total 109248K, used 96674K [0x00000000e0000000, 0x00000000e8000000, 0x00000000e8000000)
  eden space 87424K, 100% used [0x00000000e0000000, 0x00000000e5560000, 0x00000000e5560000)
  from space 21824K,  42% used [0x00000000e6ab0000, 0x00000000e73b8af0, 0x00000000e8000000)
  to   space 21824K,   0% used [0x00000000e5560000, 0x00000000e5560000, 0x00000000e6ab0000)
 concurrent mark-sweep generation total 393216K, used 87440K [0x00000000e8000000, 0x0000000100000000, 0x0000000100000000)
 Metaspace       used 44192K, capacity 44684K, committed 45080K, reserved 1089536K
  class space    used 4926K, capacity 5069K, committed 5144K, reserved 1048576K
2016-06-21T18:33:21.381+0100: 64.403: [GC (Allocation Failure) 2016-06-21T18:33:21.381+0100: 64.403: [ParNew
Desired survivor size 20112992 bytes, new threshold 8 (max 8)
- age   1:   13150920 bytes,   13150920 total
- age   2:     321032 bytes,   13471952 total
- age   3:    3210904 bytes,   16682856 total
- age   4:     334248 bytes,   17017104 total
- age   5:     310072 bytes,   17327176 total
- age   6:     287576 bytes,   17614752 total
- age   7:     298864 bytes,   17913616 total
- age   8:     358848 bytes,   18272464 total
: 96674K->19822K(109248K), 0.0077712 secs] 184115K->107607K(502464K), 0.0078513 secs] [Times: user=0.00 sys=0.00, real=0.01 secs] 
Heap after GC invocations=30 (full 2):
 par new generation   total 109248K, used 19822K [0x00000000e0000000, 0x00000000e8000000, 0x00000000e8000000)
  eden space 87424K,   0% used [0x00000000e0000000, 0x00000000e0000000, 0x00000000e5560000)
  from space 21824K,  90% used [0x00000000e5560000, 0x00000000e68bbbf8, 0x00000000e6ab0000)
  to   space 21824K,   0% used [0x00000000e6ab0000, 0x00000000e6ab0000, 0x00000000e8000000)
 concurrent mark-sweep generation total 393216K, used 87784K [0x00000000e8000000, 0x0000000100000000, 0x0000000100000000)
 Metaspace       used 44192K, capacity 44684K, committed 45080K, reserved 1089536K
  class space    used 4926K, capacity 5069K, committed 5144K, reserved 1048576K
}
2016-06-21T18:33:21.389+0100: 64.411: Total time for which application threads were stopped: 0.0080681 seconds, Stopping threads took: 0.0000347 seconds
2016-06-21T18:33:22.389+0100: 65.412: Total time for which application threads were stopped: 0.0004737 seconds, Stopping threads took: 0.0003162 seconds
2016-06-21T18:33:23.389+0100: 66.412: Total time for which application threads were stopped: 0.0001149 seconds, Stopping threads took: 0.0000328 seconds
2016-06-21T18:34:13.413+0100: 116.436: Total time for which application threads were stopped: 0.0001074 seconds, Stopping threads took: 0.0000328 seconds
2016-06-21T18:35:03.439+0100: 166.461: Total time for which application threads were stopped: 0.0000987 seconds, Stopping threads took: 0.0000268 seconds
2016-06-21T18:37:45.000+0100: 328.035: Total time for which application threads were stopped: 0.0001342 seconds, Stopping threads took: 0.0000332 seconds
2016-06-21T18:37:45.019+0100: 328.053: Total time for which application threads were stopped: 0.0001153 seconds, Stopping threads took: 0.0000276 seconds
2016-06-21T18:37:45.019+0100: 328.053: Total time for which application threads were stopped: 0.0000659 seconds, Stopping threads took: 0.0000174 seconds
2016-06-21T18:37:46.020+0100: 329.042: Total time for which application threads were stopped: 0.0001196 seconds, Stopping threads took: 0.0000411 seconds
2016-06-21T18:38:59.149+0100: 402.171: Total time for which application threads were stopped: 0.0001050 seconds, Stopping threads took: 0.0000332 seconds
2016-06-21T18:39:19.242+0100: 422.265: Total time for which application threads were stopped: 0.0001054 seconds, Stopping threads took: 0.0000300 seconds
2016-06-21T18:41:11.034+0100: 534.057: Total time for which application threads were stopped: 0.0001417 seconds, Stopping threads took: 0.0000371 seconds
2016-06-21T18:41:11.050+0100: 534.072: Total time for which application threads were stopped: 0.0001488 seconds, Stopping threads took: 0.0000241 seconds
2016-06-21T18:41:11.051+0100: 534.073: Total time for which application threads were stopped: 0.0000932 seconds, Stopping threads took: 0.0000213 seconds
2016-06-21T18:41:11.052+0100: 534.075: Total time for which application threads were stopped: 0.0000991 seconds, Stopping threads took: 0.0000221 seconds
2016-06-21T18:41:11.053+0100: 534.075: Total time for which application threads were stopped: 0.0000628 seconds, Stopping threads took: 0.0000142 seconds
2016-06-21T18:41:11.053+0100: 534.075: Total time for which application threads were stopped: 0.0000438 seconds, Stopping threads took: 0.0000091 seconds
{Heap before GC invocations=30 (full 2):
 par new generation   total 109248K, used 107246K [0x00000000e0000000, 0x00000000e8000000, 0x00000000e8000000)
  eden space 87424K, 100% used [0x00000000e0000000, 0x00000000e5560000, 0x00000000e5560000)
  from space 21824K,  90% used [0x00000000e5560000, 0x00000000e68bbbf8, 0x00000000e6ab0000)
  to   space 21824K,   0% used [0x00000000e6ab0000, 0x00000000e6ab0000, 0x00000000e8000000)
 concurrent mark-sweep generation total 393216K, used 87784K [0x00000000e8000000, 0x0000000100000000, 0x0000000100000000)
 Metaspace       used 44526K, capacity 44958K, committed 45336K, reserved 1089536K
  class space    used 4940K, capacity 5072K, committed 5144K, reserved 1048576K
2016-06-21T18:41:11.968+0100: 534.992: [GC (Allocation Failure) 2016-06-21T18:41:11.968+0100: 534.992: [ParNew
Desired survivor size 20112992 bytes, new threshold 8 (max 8)
- age   1:    2740968 bytes,    2740968 total
- age   2:   11239256 bytes,   13980224 total
- age   3:     320992 bytes,   14301216 total
- age   4:    3210904 bytes,   17512120 total
- age   5:     334248 bytes,   17846368 total
- age   6:     310072 bytes,   18156440 total
- age   7:     287576 bytes,   18444016 total
- age   8:     298712 bytes,   18742728 total
: 107246K->19278K(109248K), 0.0104267 secs] 195031K->107414K(502464K), 0.0105246 secs] [Times: user=0.00 sys=0.00, real=0.01 secs] 
Heap after GC invocations=31 (full 2):
 par new generation   total 109248K, used 19278K [0x00000000e0000000, 0x00000000e8000000, 0x00000000e8000000)
  eden space 87424K,   0% used [0x00000000e0000000, 0x00000000e0000000, 0x00000000e5560000)
  from space 21824K,  88% used [0x00000000e6ab0000, 0x00000000e7d83ba0, 0x00000000e8000000)
  to   space 21824K,   0% used [0x00000000e5560000, 0x00000000e5560000, 0x00000000e6ab0000)
 concurrent mark-sweep generation total 393216K, used 88135K [0x00000000e8000000, 0x0000000100000000, 0x0000000100000000)
 Metaspace       used 44526K, capacity 44958K, committed 45336K, reserved 1089536K
  class space    used 4940K, capacity 5072K, committed 5144K, reserved 1048576K
}
2016-06-21T18:41:11.979+0100: 535.002: Total time for which application threads were stopped: 0.0108254 seconds, Stopping threads took: 0.0000320 seconds
2016-06-21T18:41:11.979+0100: 535.002: Total time for which application threads were stopped: 0.0001180 seconds, Stopping threads took: 0.0000442 seconds
{Heap before GC invocations=31 (full 2):
 par new generation   total 109248K, used 106702K [0x00000000e0000000, 0x00000000e8000000, 0x00000000e8000000)
  eden space 87424K, 100% used [0x00000000e0000000, 0x00000000e5560000, 0x00000000e5560000)
  from space 21824K,  88% used [0x00000000e6ab0000, 0x00000000e7d83ba0, 0x00000000e8000000)
  to   space 21824K,   0% used [0x00000000e5560000, 0x00000000e5560000, 0x00000000e6ab0000)
 concurrent mark-sweep generation total 393216K, used 88135K [0x00000000e8000000, 0x0000000100000000, 0x0000000100000000)
 Metaspace       used 44624K, capacity 45224K, committed 45592K, reserved 1089536K
  class space    used 4953K, capacity 5095K, committed 5144K, reserved 1048576K
2016-06-21T18:41:12.305+0100: 535.328: [GC (Allocation Failure) 2016-06-21T18:41:12.306+0100: 535.328: [ParNew
Desired survivor size 20112992 bytes, new threshold 8 (max 8)
- age   1:    1898640 bytes,    1898640 total
- age   2:    2311216 bytes,    4209856 total
- age   3:   11238960 bytes,   15448816 total
- age   4:     320992 bytes,   15769808 total
- age   5:    3210904 bytes,   18980712 total
- age   6:     334248 bytes,   19314960 total
- age   7:     310072 bytes,   19625032 total
- age   8:     287576 bytes,   19912608 total
: 106702K->20529K(109248K), 0.0075628 secs] 194838K->108957K(502464K), 0.0076528 secs] [Times: user=0.03 sys=0.00, real=0.01 secs] 
Heap after GC invocations=32 (full 2):
 par new generation   total 109248K, used 20529K [0x00000000e0000000, 0x00000000e8000000, 0x00000000e8000000)
  eden space 87424K,   0% used [0x00000000e0000000, 0x00000000e0000000, 0x00000000e5560000)
  from space 21824K,  94% used [0x00000000e5560000, 0x00000000e696c568, 0x00000000e6ab0000)
  to   space 21824K,   0% used [0x00000000e6ab0000, 0x00000000e6ab0000, 0x00000000e8000000)
 concurrent mark-sweep generation total 393216K, used 88427K [0x00000000e8000000, 0x0000000100000000, 0x0000000100000000)
 Metaspace       used 44624K, capacity 45224K, committed 45592K, reserved 1089536K
  class space    used 4953K, capacity 5095K, committed 5144K, reserved 1048576K
}
2016-06-21T18:41:12.313+0100: 535.336: Total time for which application threads were stopped: 0.0079220 seconds, Stopping threads took: 0.0000288 seconds
2016-06-21T18:41:12.313+0100: 535.336: Total time for which application threads were stopped: 0.0001168 seconds, Stopping threads took: 0.0000399 seconds
{Heap before GC invocations=32 (full 2):
 par new generation   total 109248K, used 107953K [0x00000000e0000000, 0x00000000e8000000, 0x00000000e8000000)
  eden space 87424K, 100% used [0x00000000e0000000, 0x00000000e5560000, 0x00000000e5560000)
  from space 21824K,  94% used [0x00000000e5560000, 0x00000000e696c568, 0x00000000e6ab0000)
  to   space 21824K,   0% used [0x00000000e6ab0000, 0x00000000e6ab0000, 0x00000000e8000000)
 concurrent mark-sweep generation total 393216K, used 88427K [0x00000000e8000000, 0x0000000100000000, 0x0000000100000000)
 Metaspace       used 44634K, capacity 45224K, committed 45592K, reserved 1089536K
  class space    used 4953K, capacity 5095K, committed 5144K, reserved 1048576K
2016-06-21T18:41:12.611+0100: 535.634: [GC (Allocation Failure) 2016-06-21T18:41:12.611+0100: 535.634: [ParNew
Desired survivor size 20112992 bytes, new threshold 6 (max 8)
- age   1:    1680832 bytes,    1680832 total
- age   2:      32720 bytes,    1713552 total
- age   3:    2310472 bytes,    4024024 total
- age   4:   13011160 bytes,   17035184 total
- age   5:     321032 bytes,   17356216 total
- age   6:    3210904 bytes,   20567120 total
- age   7:     334248 bytes,   20901368 total
- age   8:     310072 bytes,   21211440 total
: 107953K->21824K(109248K), 0.0072426 secs] 196381K->110533K(502464K), 0.0073291 secs] [Times: user=0.00 sys=0.00, real=0.01 secs] 
Heap after GC invocations=33 (full 2):
 par new generation   total 109248K, used 21824K [0x00000000e0000000, 0x00000000e8000000, 0x00000000e8000000)
  eden space 87424K,   0% used [0x00000000e0000000, 0x00000000e0000000, 0x00000000e5560000)
  from space 21824K, 100% used [0x00000000e6ab0000, 0x00000000e8000000, 0x00000000e8000000)
  to   space 21824K,   0% used [0x00000000e5560000, 0x00000000e5560000, 0x00000000e6ab0000)
 concurrent mark-sweep generation total 393216K, used 88709K [0x00000000e8000000, 0x0000000100000000, 0x0000000100000000)
 Metaspace       used 44634K, capacity 45224K, committed 45592K, reserved 1089536K
  class space    used 4953K, capacity 5095K, committed 5144K, reserved 1048576K
}
2016-06-21T18:41:12.619+0100: 535.642: Total time for which application threads were stopped: 0.0075750 seconds, Stopping threads took: 0.0000237 seconds
2016-06-21T18:41:13.620+0100: 536.642: Total time for which application threads were stopped: 0.0001086 seconds, Stopping threads took: 0.0000308 seconds
2016-06-21T18:41:14.620+0100: 537.642: Total time for which application threads were stopped: 0.0000955 seconds, Stopping threads took: 0.0000284 seconds
{Heap before GC invocations=33 (full 2):
 par new generation   total 109248K, used 109248K [0x00000000e0000000, 0x00000000e8000000, 0x00000000e8000000)
  eden space 87424K, 100% used [0x00000000e0000000, 0x00000000e5560000, 0x00000000e5560000)
  from space 21824K, 100% used [0x00000000e6ab0000, 0x00000000e8000000, 0x00000000e8000000)
  to   space 21824K,   0% used [0x00000000e5560000, 0x00000000e5560000, 0x00000000e6ab0000)
 concurrent mark-sweep generation total 393216K, used 88709K [0x00000000e8000000, 0x0000000100000000, 0x0000000100000000)
 Metaspace       used 44658K, capacity 45224K, committed 45592K, reserved 1089536K
  class space    used 4953K, capacity 5095K, committed 5144K, reserved 1048576K
2016-06-21T18:41:16.549+0100: 539.571: [GC (Allocation Failure) 2016-06-21T18:41:16.549+0100: 539.571: [ParNew
Desired survivor size 20112992 bytes, new threshold 8 (max 8)
- age   1:    2091120 bytes,    2091120 total
- age   2:       1936 bytes,    2093056 total
- age   3:      27912 bytes,    2120968 total
- age   4:    2310096 bytes,    4431064 total
- age   5:   13011160 bytes,   17442224 total
- age   6:     320992 bytes,   17763216 total
: 109248K->18720K(109248K), 0.0086918 secs] 197957K->111198K(502464K), 0.0087849 secs] [Times: user=0.00 sys=0.00, real=0.01 secs] 
Heap after GC invocations=34 (full 2):
 par new generation   total 109248K, used 18720K [0x00000000e0000000, 0x00000000e8000000, 0x00000000e8000000)
  eden space 87424K,   0% used [0x00000000e0000000, 0x00000000e0000000, 0x00000000e5560000)
  from space 21824K,  85% used [0x00000000e5560000, 0x00000000e67a8338, 0x00000000e6ab0000)
  to   space 21824K,   0% used [0x00000000e6ab0000, 0x00000000e6ab0000, 0x00000000e8000000)
 concurrent mark-sweep generation total 393216K, used 92477K [0x00000000e8000000, 0x0000000100000000, 0x0000000100000000)
 Metaspace       used 44658K, capacity 45224K, committed 45592K, reserved 1089536K
  class space    used 4953K, capacity 5095K, committed 5144K, reserved 1048576K
}
2016-06-21T18:41:16.557+0100: 539.580: Total time for which application threads were stopped: 0.0090360 seconds, Stopping threads took: 0.0000253 seconds
2016-06-21T18:41:16.558+0100: 539.580: Total time for which application threads were stopped: 0.0001093 seconds, Stopping threads took: 0.0000225 seconds
2016-06-21T18:41:16.558+0100: 539.580: Total time for which application threads were stopped: 0.0000533 seconds, Stopping threads took: 0.0000122 seconds
2016-06-21T18:41:16.558+0100: 539.580: Total time for which application threads were stopped: 0.0000896 seconds, Stopping threads took: 0.0000339 seconds
2016-06-21T18:41:16.558+0100: 539.581: Total time for which application threads were stopped: 0.0000695 seconds, Stopping threads took: 0.0000237 seconds
2016-06-21T18:41:16.558+0100: 539.581: Total time for which application threads were stopped: 0.0000659 seconds, Stopping threads took: 0.0000201 seconds
2016-06-21T18:41:16.558+0100: 539.581: Total time for which application threads were stopped: 0.0000647 seconds, Stopping threads took: 0.0000209 seconds
2016-06-21T18:41:16.558+0100: 539.581: Total time for which application threads were stopped: 0.0000679 seconds, Stopping threads took: 0.0000249 seconds
2016-06-21T18:41:16.558+0100: 539.581: Total time for which application threads were stopped: 0.0000620 seconds, Stopping threads took: 0.0000221 seconds
2016-06-21T18:41:16.559+0100: 539.581: Total time for which application threads were stopped: 0.0000596 seconds, Stopping threads took: 0.0000193 seconds
2016-06-21T18:41:16.559+0100: 539.581: Total time for which application threads were stopped: 0.0000600 seconds, Stopping threads took: 0.0000213 seconds
2016-06-21T18:41:16.559+0100: 539.581: Total time for which application threads were stopped: 0.0000588 seconds, Stopping threads took: 0.0000201 seconds
2016-06-21T18:41:16.559+0100: 539.581: Total time for which application threads were stopped: 0.0000624 seconds, Stopping threads took: 0.0000154 seconds
2016-06-21T18:41:16.559+0100: 539.581: Total time for which application threads were stopped: 0.0000489 seconds, Stopping threads took: 0.0000107 seconds
2016-06-21T18:41:16.559+0100: 539.581: Total time for which application threads were stopped: 0.0000691 seconds, Stopping threads took: 0.0000253 seconds
2016-06-21T18:41:16.559+0100: 539.581: Total time for which application threads were stopped: 0.0000600 seconds, Stopping threads took: 0.0000205 seconds
2016-06-21T18:41:16.559+0100: 539.581: Total time for which application threads were stopped: 0.0000588 seconds, Stopping threads took: 0.0000201 seconds
2016-06-21T18:41:16.559+0100: 539.582: Total time for which application threads were stopped: 0.0001113 seconds, Stopping threads took: 0.0000213 seconds
2016-06-21T18:41:16.559+0100: 539.582: Total time for which application threads were stopped: 0.0001725 seconds, Stopping threads took: 0.0000158 seconds
{Heap before GC invocations=34 (full 2):
 par new generation   total 109248K, used 106144K [0x00000000e0000000, 0x00000000e8000000, 0x00000000e8000000)
  eden space 87424K, 100% used [0x00000000e0000000, 0x00000000e5560000, 0x00000000e5560000)
  from space 21824K,  85% used [0x00000000e5560000, 0x00000000e67a8338, 0x00000000e6ab0000)
  to   space 21824K,   0% used [0x00000000e6ab0000, 0x00000000e6ab0000, 0x00000000e8000000)
 concurrent mark-sweep generation total 393216K, used 92477K [0x00000000e8000000, 0x0000000100000000, 0x0000000100000000)
 Metaspace       used 44658K, capacity 45224K, committed 45592K, reserved 1089536K
  class space    used 4953K, capacity 5095K, committed 5144K, reserved 1048576K
2016-06-21T18:41:16.773+0100: 539.795: [GC (Allocation Failure) 2016-06-21T18:41:16.773+0100: 539.795: [ParNew
Desired survivor size 20112992 bytes, new threshold 6 (max 8)
- age   1:    6376080 bytes,    6376080 total
- age   2:    1956472 bytes,    8332552 total
- age   3:        512 bytes,    8333064 total
- age   4:      27912 bytes,    8360976 total
- age   5:    2297440 bytes,   10658416 total
- age   6:   11238960 bytes,   21897376 total
- age   7:     320992 bytes,   22218368 total
: 106144K->21824K(109248K), 0.0157039 secs] 198622K->127748K(502464K), 0.0157694 secs] [Times: user=0.06 sys=0.00, real=0.02 secs] 
Heap after GC invocations=35 (full 2):
 par new generation   total 109248K, used 21824K [0x00000000e0000000, 0x00000000e8000000, 0x00000000e8000000)
  eden space 87424K,   0% used [0x00000000e0000000, 0x00000000e0000000, 0x00000000e5560000)
  from space 21824K, 100% used [0x00000000e6ab0000, 0x00000000e8000000, 0x00000000e8000000)
  to   space 21824K,   0% used [0x00000000e5560000, 0x00000000e5560000, 0x00000000e6ab0000)
 concurrent mark-sweep generation total 393216K, used 105924K [0x00000000e8000000, 0x0000000100000000, 0x0000000100000000)
 Metaspace       used 44658K, capacity 45224K, committed 45592K, reserved 1089536K
  class space    used 4953K, capacity 5095K, committed 5144K, reserved 1048576K
}
2016-06-21T18:41:16.789+0100: 539.811: Total time for which application threads were stopped: 0.0161073 seconds, Stopping threads took: 0.0000280 seconds
{Heap before GC invocations=35 (full 2):
 par new generation   total 109248K, used 109248K [0x00000000e0000000, 0x00000000e8000000, 0x00000000e8000000)
  eden space 87424K, 100% used [0x00000000e0000000, 0x00000000e5560000, 0x00000000e5560000)
  from space 21824K, 100% used [0x00000000e6ab0000, 0x00000000e8000000, 0x00000000e8000000)
  to   space 21824K,   0% used [0x00000000e5560000, 0x00000000e5560000, 0x00000000e6ab0000)
 concurrent mark-sweep generation total 393216K, used 105924K [0x00000000e8000000, 0x0000000100000000, 0x0000000100000000)
 Metaspace       used 44658K, capacity 45224K, committed 45592K, reserved 1089536K
  class space    used 4953K, capacity 5095K, committed 5144K, reserved 1048576K
2016-06-21T18:41:16.997+0100: 540.019: [GC (Allocation Failure) 2016-06-21T18:41:16.997+0100: 540.019: [ParNew
Desired survivor size 20112992 bytes, new threshold 8 (max 8)
- age   1:    1425456 bytes,    1425456 total
- age   2:    6091184 bytes,    7516640 total
- age   3:    1956208 bytes,    9472848 total
- age   4:        512 bytes,    9473360 total
- age   5:      27912 bytes,    9501272 total
- age   6:    2297488 bytes,   11798760 total
: 109248K->14912K(109248K), 0.0090992 secs] 215172K->132146K(502464K), 0.0091789 secs] [Times: user=0.06 sys=0.00, real=0.01 secs] 
Heap after GC invocations=36 (full 2):
 par new generation   total 109248K, used 14912K [0x00000000e0000000, 0x00000000e8000000, 0x00000000e8000000)
  eden space 87424K,   0% used [0x00000000e0000000, 0x00000000e0000000, 0x00000000e5560000)
  from space 21824K,  68% used [0x00000000e5560000, 0x00000000e63f0360, 0x00000000e6ab0000)
  to   space 21824K,   0% used [0x00000000e6ab0000, 0x00000000e6ab0000, 0x00000000e8000000)
 concurrent mark-sweep generation total 393216K, used 117233K [0x00000000e8000000, 0x0000000100000000, 0x0000000100000000)
 Metaspace       used 44658K, capacity 45224K, committed 45592K, reserved 1089536K
  class space    used 4953K, capacity 5095K, committed 5144K, reserved 1048576K
}
2016-06-21T18:41:17.006+0100: 540.029: Total time for which application threads were stopped: 0.0094375 seconds, Stopping threads took: 0.0000213 seconds
{Heap before GC invocations=36 (full 2):
 par new generation   total 109248K, used 102336K [0x00000000e0000000, 0x00000000e8000000, 0x00000000e8000000)
  eden space 87424K, 100% used [0x00000000e0000000, 0x00000000e5560000, 0x00000000e5560000)
  from space 21824K,  68% used [0x00000000e5560000, 0x00000000e63f0360, 0x00000000e6ab0000)
  to   space 21824K,   0% used [0x00000000e6ab0000, 0x00000000e6ab0000, 0x00000000e8000000)
 concurrent mark-sweep generation total 393216K, used 117233K [0x00000000e8000000, 0x0000000100000000, 0x0000000100000000)
 Metaspace       used 44658K, capacity 45224K, committed 45592K, reserved 1089536K
  class space    used 4953K, capacity 5095K, committed 5144K, reserved 1048576K
2016-06-21T18:41:17.189+0100: 540.212: [GC (Allocation Failure) 2016-06-21T18:41:17.189+0100: 540.212: [ParNew
Desired survivor size 20112992 bytes, new threshold 8 (max 8)
- age   1:    1744168 bytes,    1744168 total
- age   2:     802032 bytes,    2546200 total
- age   3:    6016800 bytes,    8563000 total
- age   4:    1956208 bytes,   10519208 total
- age   5:        512 bytes,   10519720 total
- age   6:      27912 bytes,   10547632 total
- age   7:    2297440 bytes,   12845072 total
: 102336K->16732K(109248K), 0.0051267 secs] 219570K->133966K(502464K), 0.0052542 secs] [Times: user=0.00 sys=0.00, real=0.01 secs] 
Heap after GC invocations=37 (full 2):
 par new generation   total 109248K, used 16732K [0x00000000e0000000, 0x00000000e8000000, 0x00000000e8000000)
  eden space 87424K,   0% used [0x00000000e0000000, 0x00000000e0000000, 0x00000000e5560000)
  from space 21824K,  76% used [0x00000000e6ab0000, 0x00000000e7b07280, 0x00000000e8000000)
  to   space 21824K,   0% used [0x00000000e5560000, 0x00000000e5560000, 0x00000000e6ab0000)
 concurrent mark-sweep generation total 393216K, used 117233K [0x00000000e8000000, 0x0000000100000000, 0x0000000100000000)
 Metaspace       used 44658K, capacity 45224K, committed 45592K, reserved 1089536K
  class space    used 4953K, capacity 5095K, committed 5144K, reserved 1048576K
}
2016-06-21T18:41:17.194+0100: 540.217: Total time for which application threads were stopped: 0.0055092 seconds, Stopping threads took: 0.0000288 seconds
{Heap before GC invocations=37 (full 2):
 par new generation   total 109248K, used 104156K [0x00000000e0000000, 0x00000000e8000000, 0x00000000e8000000)
  eden space 87424K, 100% used [0x00000000e0000000, 0x00000000e5560000, 0x00000000e5560000)
  from space 21824K,  76% used [0x00000000e6ab0000, 0x00000000e7b07280, 0x00000000e8000000)
  to   space 21824K,   0% used [0x00000000e5560000, 0x00000000e5560000, 0x00000000e6ab0000)
 concurrent mark-sweep generation total 393216K, used 117233K [0x00000000e8000000, 0x0000000100000000, 0x0000000100000000)
 Metaspace       used 44659K, capacity 45224K, committed 45592K, reserved 1089536K
  class space    used 4953K, capacity 5095K, committed 5144K, reserved 1048576K
2016-06-21T18:41:17.385+0100: 540.408: [GC (Allocation Failure) 2016-06-21T18:41:17.385+0100: 540.408: [ParNew
Desired survivor size 20112992 bytes, new threshold 8 (max 8)
- age   1:     979328 bytes,     979328 total
- age   2:    1473416 bytes,    2452744 total
- age   3:     785632 bytes,    3238376 total
- age   4:    6084624 bytes,    9323000 total
- age   5:    1956208 bytes,   11279208 total
- age   6:        512 bytes,   11279720 total
- age   7:      27912 bytes,   11307632 total
- age   8:    2297440 bytes,   13605072 total
: 104156K->16457K(109248K), 0.0051259 secs] 221390K->133691K(502464K), 0.0052613 secs] [Times: user=0.05 sys=0.02, real=0.01 secs] 
Heap after GC invocations=38 (full 2):
 par new generation   total 109248K, used 16457K [0x00000000e0000000, 0x00000000e8000000, 0x00000000e8000000)
  eden space 87424K,   0% used [0x00000000e0000000, 0x00000000e0000000, 0x00000000e5560000)
  from space 21824K,  75% used [0x00000000e5560000, 0x00000000e6572680, 0x00000000e6ab0000)
  to   space 21824K,   0% used [0x00000000e6ab0000, 0x00000000e6ab0000, 0x00000000e8000000)
 concurrent mark-sweep generation total 393216K, used 117233K [0x00000000e8000000, 0x0000000100000000, 0x0000000100000000)
 Metaspace       used 44659K, capacity 45224K, committed 45592K, reserved 1089536K
  class space    used 4953K, capacity 5095K, committed 5144K, reserved 1048576K
}
2016-06-21T18:41:17.391+0100: 540.413: Total time for which application threads were stopped: 0.0055333 seconds, Stopping threads took: 0.0000328 seconds
{Heap before GC invocations=38 (full 2):
 par new generation   total 109248K, used 103881K [0x00000000e0000000, 0x00000000e8000000, 0x00000000e8000000)
  eden space 87424K, 100% used [0x00000000e0000000, 0x00000000e5560000, 0x00000000e5560000)
  from space 21824K,  75% used [0x00000000e5560000, 0x00000000e6572680, 0x00000000e6ab0000)
  to   space 21824K,   0% used [0x00000000e6ab0000, 0x00000000e6ab0000, 0x00000000e8000000)
 concurrent mark-sweep generation total 393216K, used 117233K [0x00000000e8000000, 0x0000000100000000, 0x0000000100000000)
 Metaspace       used 44659K, capacity 45224K, committed 45592K, reserved 1089536K
  class space    used 4953K, capacity 5095K, committed 5144K, reserved 1048576K
2016-06-21T18:41:17.579+0100: 540.601: [GC (Allocation Failure) 2016-06-21T18:41:17.579+0100: 540.601: [ParNew
Desired survivor size 20112992 bytes, new threshold 8 (max 8)
- age   1:    1538728 bytes,    1538728 total
- age   2:     786616 bytes,    2325344 total
- age   3:    1473416 bytes,    3798760 total
- age   4:     785632 bytes,    4584392 total
- age   5:    6025792 bytes,   10610184 total
- age   6:    1956208 bytes,   12566392 total
- age   7:        512 bytes,   12566904 total
- age   8:      27912 bytes,   12594816 total
: 103881K->14285K(109248K), 0.0059727 secs] 221115K->133763K(502464K), 0.0060611 secs] [Times: user=0.00 sys=0.00, real=0.01 secs] 
Heap after GC invocations=39 (full 2):
 par new generation   total 109248K, used 14285K [0x00000000e0000000, 0x00000000e8000000, 0x00000000e8000000)
  eden space 87424K,   0% used [0x00000000e0000000, 0x00000000e0000000, 0x00000000e5560000)
  from space 21824K,  65% used [0x00000000e6ab0000, 0x00000000e78a35b0, 0x00000000e8000000)
  to   space 21824K,   0% used [0x00000000e5560000, 0x00000000e5560000, 0x00000000e6ab0000)
 concurrent mark-sweep generation total 393216K, used 119478K [0x00000000e8000000, 0x0000000100000000, 0x0000000100000000)
 Metaspace       used 44659K, capacity 45224K, committed 45592K, reserved 1089536K
  class space    used 4953K, capacity 5095K, committed 5144K, reserved 1048576K
}
2016-06-21T18:41:17.585+0100: 540.607: Total time for which application threads were stopped: 0.0063055 seconds, Stopping threads took: 0.0000284 seconds
2016-06-21T18:41:18.567+0100: 541.589: Total time for which application threads were stopped: 0.0001776 seconds, Stopping threads took: 0.0000647 seconds
2016-06-21T18:41:19.567+0100: 542.589: Total time for which application threads were stopped: 0.0001492 seconds, Stopping threads took: 0.0000300 seconds
2016-06-21T18:41:21.567+0100: 544.590: Total time for which application threads were stopped: 0.0000746 seconds, Stopping threads took: 0.0000197 seconds
2016-06-21T18:41:23.568+0100: 546.590: Total time for which application threads were stopped: 0.0000876 seconds, Stopping threads took: 0.0000245 seconds
{Heap before GC invocations=39 (full 2):
 par new generation   total 109248K, used 101709K [0x00000000e0000000, 0x00000000e8000000, 0x00000000e8000000)
  eden space 87424K, 100% used [0x00000000e0000000, 0x00000000e5560000, 0x00000000e5560000)
  from space 21824K,  65% used [0x00000000e6ab0000, 0x00000000e78a35b0, 0x00000000e8000000)
  to   space 21824K,   0% used [0x00000000e5560000, 0x00000000e5560000, 0x00000000e6ab0000)
 concurrent mark-sweep generation total 393216K, used 119478K [0x00000000e8000000, 0x0000000100000000, 0x0000000100000000)
 Metaspace       used 44883K, capacity 45442K, committed 45592K, reserved 1089536K
  class space    used 4962K, capacity 5110K, committed 5144K, reserved 1048576K
2016-06-21T18:41:26.028+0100: 549.051: [GC (Allocation Failure) 2016-06-21T18:41:26.028+0100: 549.051: [ParNew
Desired survivor size 20112992 bytes, new threshold 8 (max 8)
- age   1:    1003736 bytes,    1003736 total
- age   2:      31832 bytes,    1035568 total
- age   3:      25304 bytes,    1060872 total
- age   4:      20224 bytes,    1081096 total
- age   5:       8456 bytes,    1089552 total
- age   6:     384016 bytes,    1473568 total
- age   7:       8016 bytes,    1481584 total
- age   8:        512 bytes,    1482096 total
: 101709K->10033K(109248K), 0.0036815 secs] 221187K->129540K(502464K), 0.0038114 secs] [Times: user=0.06 sys=0.00, real=0.00 secs] 
Heap after GC invocations=40 (full 2):
 par new generation   total 109248K, used 10033K [0x00000000e0000000, 0x00000000e8000000, 0x00000000e8000000)
  eden space 87424K,   0% used [0x00000000e0000000, 0x00000000e0000000, 0x00000000e5560000)
  from space 21824K,  45% used [0x00000000e5560000, 0x00000000e5f2c760, 0x00000000e6ab0000)
  to   space 21824K,   0% used [0x00000000e6ab0000, 0x00000000e6ab0000, 0x00000000e8000000)
 concurrent mark-sweep generation total 393216K, used 119506K [0x00000000e8000000, 0x0000000100000000, 0x0000000100000000)
 Metaspace       used 44883K, capacity 45442K, committed 45592K, reserved 1089536K
  class space    used 4962K, capacity 5110K, committed 5144K, reserved 1048576K
}
2016-06-21T18:41:26.032+0100: 549.055: Total time for which application threads were stopped: 0.0040771 seconds, Stopping threads took: 0.0000261 seconds
2016-06-21T18:41:26.032+0100: 549.055: Total time for which application threads were stopped: 0.0001176 seconds, Stopping threads took: 0.0000320 seconds
2016-06-21T18:41:26.032+0100: 549.055: Total time for which application threads were stopped: 0.0000596 seconds, Stopping threads took: 0.0000205 seconds
2016-06-21T18:41:26.033+0100: 549.055: Total time for which application threads were stopped: 0.0000947 seconds, Stopping threads took: 0.0000158 seconds
2016-06-21T18:41:26.033+0100: 549.055: Total time for which application threads were stopped: 0.0000636 seconds, Stopping threads took: 0.0000193 seconds
2016-06-21T18:41:27.033+0100: 550.056: Total time for which application threads were stopped: 0.0000845 seconds, Stopping threads took: 0.0000189 seconds
2016-06-21T18:41:28.034+0100: 551.056: Total time for which application threads were stopped: 0.0000738 seconds, Stopping threads took: 0.0000205 seconds
2016-06-21T18:41:33.036+0100: 556.058: Total time for which application threads were stopped: 0.0000999 seconds, Stopping threads took: 0.0000264 seconds
{Heap before GC invocations=40 (full 2):
 par new generation   total 109248K, used 97457K [0x00000000e0000000, 0x00000000e8000000, 0x00000000e8000000)
  eden space 87424K, 100% used [0x00000000e0000000, 0x00000000e5560000, 0x00000000e5560000)
  from space 21824K,  45% used [0x00000000e5560000, 0x00000000e5f2c760, 0x00000000e6ab0000)
  to   space 21824K,   0% used [0x00000000e6ab0000, 0x00000000e6ab0000, 0x00000000e8000000)
 concurrent mark-sweep generation total 393216K, used 119506K [0x00000000e8000000, 0x0000000100000000, 0x0000000100000000)
 Metaspace       used 44947K, capacity 45512K, committed 45592K, reserved 1089536K
  class space    used 4962K, capacity 5111K, committed 5144K, reserved 1048576K
2016-06-21T18:41:34.841+0100: 557.863: [GC (Allocation Failure) 2016-06-21T18:41:34.841+0100: 557.863: [ParNew
Desired survivor size 20112992 bytes, new threshold 8 (max 8)
- age   1:     218104 bytes,     218104 total
- age   2:     462944 bytes,     681048 total
- age   3:      31832 bytes,     712880 total
- age   4:      25304 bytes,     738184 total
- age   5:      20224 bytes,     758408 total
- age   6:       8456 bytes,     766864 total
- age   7:      99536 bytes,     866400 total
- age   8:       6976 bytes,     873376 total
: 97457K->2663K(109248K), 0.0032856 secs] 216964K->122170K(502464K), 0.0034012 secs] [Times: user=0.06 sys=0.00, real=0.00 secs] 
Heap after GC invocations=41 (full 2):
 par new generation   total 109248K, used 2663K [0x00000000e0000000, 0x00000000e8000000, 0x00000000e8000000)
  eden space 87424K,   0% used [0x00000000e0000000, 0x00000000e0000000, 0x00000000e5560000)
  from space 21824K,  12% used [0x00000000e6ab0000, 0x00000000e6d49e00, 0x00000000e8000000)
  to   space 21824K,   0% used [0x00000000e5560000, 0x00000000e5560000, 0x00000000e6ab0000)
 concurrent mark-sweep generation total 393216K, used 119507K [0x00000000e8000000, 0x0000000100000000, 0x0000000100000000)
 Metaspace       used 44947K, capacity 45512K, committed 45592K, reserved 1089536K
  class space    used 4962K, capacity 5111K, committed 5144K, reserved 1048576K
}
2016-06-21T18:41:34.844+0100: 557.867: Total time for which application threads were stopped: 0.0035998 seconds, Stopping threads took: 0.0000237 seconds
2016-06-21T18:41:34.845+0100: 557.867: Total time for which application threads were stopped: 0.0001208 seconds, Stopping threads took: 0.0000343 seconds
2016-06-21T18:41:35.845+0100: 558.868: Total time for which application threads were stopped: 0.0001038 seconds, Stopping threads took: 0.0000351 seconds
{Heap before GC invocations=41 (full 2):
 par new generation   total 109248K, used 90087K [0x00000000e0000000, 0x00000000e8000000, 0x00000000e8000000)
  eden space 87424K, 100% used [0x00000000e0000000, 0x00000000e5560000, 0x00000000e5560000)
  from space 21824K,  12% used [0x00000000e6ab0000, 0x00000000e6d49e00, 0x00000000e8000000)
  to   space 21824K,   0% used [0x00000000e5560000, 0x00000000e5560000, 0x00000000e6ab0000)
 concurrent mark-sweep generation total 393216K, used 119507K [0x00000000e8000000, 0x0000000100000000, 0x0000000100000000)
 Metaspace       used 44947K, capacity 45512K, committed 45592K, reserved 1089536K
  class space    used 4962K, capacity 5111K, committed 5144K, reserved 1048576K
2016-06-21T18:41:38.790+0100: 561.813: [GC (Allocation Failure) 2016-06-21T18:41:38.790+0100: 561.813: [ParNew
Desired survivor size 20112992 bytes, new threshold 3 (max 8)
- age   1:   19697224 bytes,   19697224 total
- age   2:      22504 bytes,   19719728 total
- age   3:     462176 bytes,   20181904 total
- age   4:      31832 bytes,   20213736 total
- age   5:      25304 bytes,   20239040 total
- age   6:      20224 bytes,   20259264 total
- age   7:       8456 bytes,   20267720 total
- age   8:      99536 bytes,   20367256 total
: 90087K->20598K(109248K), 0.0145551 secs] 209594K->140112K(502464K), 0.0146518 secs] [Times: user=0.06 sys=0.00, real=0.01 secs] 
Heap after GC invocations=42 (full 2):
 par new generation   total 109248K, used 20598K [0x00000000e0000000, 0x00000000e8000000, 0x00000000e8000000)
  eden space 87424K,   0% used [0x00000000e0000000, 0x00000000e0000000, 0x00000000e5560000)
  from space 21824K,  94% used [0x00000000e5560000, 0x00000000e697d9d0, 0x00000000e6ab0000)
  to   space 21824K,   0% used [0x00000000e6ab0000, 0x00000000e6ab0000, 0x00000000e8000000)
 concurrent mark-sweep generation total 393216K, used 119513K [0x00000000e8000000, 0x0000000100000000, 0x0000000100000000)
 Metaspace       used 44947K, capacity 45512K, committed 45592K, reserved 1089536K
  class space    used 4962K, capacity 5111K, committed 5144K, reserved 1048576K
}
2016-06-21T18:41:38.805+0100: 561.828: Total time for which application threads were stopped: 0.0149171 seconds, Stopping threads took: 0.0000320 seconds
{Heap before GC invocations=42 (full 2):
 par new generation   total 109248K, used 108022K [0x00000000e0000000, 0x00000000e8000000, 0x00000000e8000000)
  eden space 87424K, 100% used [0x00000000e0000000, 0x00000000e5560000, 0x00000000e5560000)
  from space 21824K,  94% used [0x00000000e5560000, 0x00000000e697d9d0, 0x00000000e6ab0000)
  to   space 21824K,   0% used [0x00000000e6ab0000, 0x00000000e6ab0000, 0x00000000e8000000)
 concurrent mark-sweep generation total 393216K, used 119513K [0x00000000e8000000, 0x0000000100000000, 0x0000000100000000)
 Metaspace       used 44947K, capacity 45512K, committed 45592K, reserved 1089536K
  class space    used 4962K, capacity 5111K, committed 5144K, reserved 1048576K
2016-06-21T18:41:38.939+0100: 561.961: [GC (Allocation Failure) 2016-06-21T18:41:38.939+0100: 561.962: [ParNew
Desired survivor size 20112992 bytes, new threshold 2 (max 8)
- age   1:   12059424 bytes,   12059424 total
- age   2:   10253920 bytes,   22313344 total
- age   3:      22032 bytes,   22335376 total
: 108022K->21824K(109248K), 0.0768565 secs] 227536K->167376K(502464K), 0.0769896 secs] [Times: user=0.25 sys=0.00, real=0.08 secs] 
Heap after GC invocations=43 (full 2):
 par new generation   total 109248K, used 21824K [0x00000000e0000000, 0x00000000e8000000, 0x00000000e8000000)
  eden space 87424K,   0% used [0x00000000e0000000, 0x00000000e0000000, 0x00000000e5560000)
  from space 21824K, 100% used [0x00000000e6ab0000, 0x00000000e8000000, 0x00000000e8000000)
  to   space 21824K,   0% used [0x00000000e5560000, 0x00000000e5560000, 0x00000000e6ab0000)
 concurrent mark-sweep generation total 393216K, used 145552K [0x00000000e8000000, 0x0000000100000000, 0x0000000100000000)
 Metaspace       used 44947K, capacity 45512K, committed 45592K, reserved 1089536K
  class space    used 4962K, capacity 5111K, committed 5144K, reserved 1048576K
}
2016-06-21T18:41:39.016+0100: 562.038: Total time for which application threads were stopped: 0.0772395 seconds, Stopping threads took: 0.0000308 seconds
2016-06-21T18:41:39.230+0100: 562.253: Total time for which application threads were stopped: 0.0001409 seconds, Stopping threads took: 0.0000316 seconds
{Heap before GC invocations=43 (full 2):
 par new generation   total 109248K, used 109248K [0x00000000e0000000, 0x00000000e8000000, 0x00000000e8000000)
  eden space 87424K, 100% used [0x00000000e0000000, 0x00000000e5560000, 0x00000000e5560000)
  from space 21824K, 100% used [0x00000000e6ab0000, 0x00000000e8000000, 0x00000000e8000000)
  to   space 21824K,   0% used [0x00000000e5560000, 0x00000000e5560000, 0x00000000e6ab0000)
 concurrent mark-sweep generation total 393216K, used 145552K [0x00000000e8000000, 0x0000000100000000, 0x0000000100000000)
 Metaspace       used 44949K, capacity 45512K, committed 45592K, reserved 1089536K
  class space    used 4962K, capacity 5111K, committed 5144K, reserved 1048576K
2016-06-21T18:41:39.246+0100: 562.269: [GC (Allocation Failure) 2016-06-21T18:41:39.246+0100: 562.269: [ParNew
Desired survivor size 20112992 bytes, new threshold 2 (max 8)
- age   1:    8093272 bytes,    8093272 total
- age   2:   12042160 bytes,   20135432 total
: 109248K->21824K(109248K), 0.0230708 secs] 254800K->177565K(502464K), 0.0231628 secs] [Times: user=0.13 sys=0.00, real=0.02 secs] 
Heap after GC invocations=44 (full 2):
 par new generation   total 109248K, used 21824K [0x00000000e0000000, 0x00000000e8000000, 0x00000000e8000000)
  eden space 87424K,   0% used [0x00000000e0000000, 0x00000000e0000000, 0x00000000e5560000)
  from space 21824K, 100% used [0x00000000e5560000, 0x00000000e6ab0000, 0x00000000e6ab0000)
  to   space 21824K,   0% used [0x00000000e6ab0000, 0x00000000e6ab0000, 0x00000000e8000000)
 concurrent mark-sweep generation total 393216K, used 155741K [0x00000000e8000000, 0x0000000100000000, 0x0000000100000000)
 Metaspace       used 44949K, capacity 45512K, committed 45592K, reserved 1089536K
  class space    used 4962K, capacity 5111K, committed 5144K, reserved 1048576K
}
2016-06-21T18:41:39.269+0100: 562.292: Total time for which application threads were stopped: 0.0234423 seconds, Stopping threads took: 0.0000288 seconds
{Heap before GC invocations=44 (full 2):
 par new generation   total 109248K, used 109248K [0x00000000e0000000, 0x00000000e8000000, 0x00000000e8000000)
  eden space 87424K, 100% used [0x00000000e0000000, 0x00000000e5560000, 0x00000000e5560000)
  from space 21824K, 100% used [0x00000000e5560000, 0x00000000e6ab0000, 0x00000000e6ab0000)
  to   space 21824K,   0% used [0x00000000e6ab0000, 0x00000000e6ab0000, 0x00000000e8000000)
 concurrent mark-sweep generation total 393216K, used 155741K [0x00000000e8000000, 0x0000000100000000, 0x0000000100000000)
 Metaspace       used 44949K, capacity 45512K, committed 45592K, reserved 1089536K
  class space    used 4962K, capacity 5111K, committed 5144K, reserved 1048576K
2016-06-21T18:41:39.425+0100: 562.448: [GC (Allocation Failure) 2016-06-21T18:41:39.425+0100: 562.448: [ParNew
Desired survivor size 20112992 bytes, new threshold 8 (max 8)
- age   1:    1221864 bytes,    1221864 total
- age   2:    6796744 bytes,    8018608 total
: 109248K->19219K(109248K), 0.0149139 secs] 264989K->186720K(502464K), 0.0150541 secs] [Times: user=0.06 sys=0.00, real=0.02 secs] 
Heap after GC invocations=45 (full 2):
 par new generation   total 109248K, used 19219K [0x00000000e0000000, 0x00000000e8000000, 0x00000000e8000000)
  eden space 87424K,   0% used [0x00000000e0000000, 0x00000000e0000000, 0x00000000e5560000)
  from space 21824K,  88% used [0x00000000e6ab0000, 0x00000000e7d74f40, 0x00000000e8000000)
  to   space 21824K,   0% used [0x00000000e5560000, 0x00000000e5560000, 0x00000000e6ab0000)
 concurrent mark-sweep generation total 393216K, used 167501K [0x00000000e8000000, 0x0000000100000000, 0x0000000100000000)
 Metaspace       used 44949K, capacity 45512K, committed 45592K, reserved 1089536K
  class space    used 4962K, capacity 5111K, committed 5144K, reserved 1048576K
}
2016-06-21T18:41:39.440+0100: 562.463: Total time for which application threads were stopped: 0.0153675 seconds, Stopping threads took: 0.0000549 seconds
{Heap before GC invocations=45 (full 2):
 par new generation   total 109248K, used 106643K [0x00000000e0000000, 0x00000000e8000000, 0x00000000e8000000)
  eden space 87424K, 100% used [0x00000000e0000000, 0x00000000e5560000, 0x00000000e5560000)
  from space 21824K,  88% used [0x00000000e6ab0000, 0x00000000e7d74f40, 0x00000000e8000000)
  to   space 21824K,   0% used [0x00000000e5560000, 0x00000000e5560000, 0x00000000e6ab0000)
 concurrent mark-sweep generation total 393216K, used 167501K [0x00000000e8000000, 0x0000000100000000, 0x0000000100000000)
 Metaspace       used 44949K, capacity 45512K, committed 45592K, reserved 1089536K
  class space    used 4962K, capacity 5111K, committed 5144K, reserved 1048576K
2016-06-21T18:41:39.613+0100: 562.636: [GC (Allocation Failure) 2016-06-21T18:41:39.613+0100: 562.636: [ParNew
Desired survivor size 20112992 bytes, new threshold 8 (max 8)
- age   1:    1002584 bytes,    1002584 total
- age   2:     951616 bytes,    1954200 total
- age   3:    6796744 bytes,    8750944 total
: 106643K->12663K(109248K), 0.0086874 secs] 274144K->180164K(502464K), 0.0087711 secs] [Times: user=0.00 sys=0.00, real=0.01 secs] 
Heap after GC invocations=46 (full 2):
 par new generation   total 109248K, used 12663K [0x00000000e0000000, 0x00000000e8000000, 0x00000000e8000000)
  eden space 87424K,   0% used [0x00000000e0000000, 0x00000000e0000000, 0x00000000e5560000)
  from space 21824K,  58% used [0x00000000e5560000, 0x00000000e61bdc50, 0x00000000e6ab0000)
  to   space 21824K,   0% used [0x00000000e6ab0000, 0x00000000e6ab0000, 0x00000000e8000000)
 concurrent mark-sweep generation total 393216K, used 167501K [0x00000000e8000000, 0x0000000100000000, 0x0000000100000000)
 Metaspace       used 44949K, capacity 45512K, committed 45592K, reserved 1089536K
  class space    used 4962K, capacity 5111K, committed 5144K, reserved 1048576K
}
2016-06-21T18:41:39.622+0100: 562.645: Total time for which application threads were stopped: 0.0090336 seconds, Stopping threads took: 0.0000257 seconds
{Heap before GC invocations=46 (full 2):
 par new generation   total 109248K, used 100087K [0x00000000e0000000, 0x00000000e8000000, 0x00000000e8000000)
  eden space 87424K, 100% used [0x00000000e0000000, 0x00000000e5560000, 0x00000000e5560000)
  from space 21824K,  58% used [0x00000000e5560000, 0x00000000e61bdc50, 0x00000000e6ab0000)
  to   space 21824K,   0% used [0x00000000e6ab0000, 0x00000000e6ab0000, 0x00000000e8000000)
 concurrent mark-sweep generation total 393216K, used 167501K [0x00000000e8000000, 0x0000000100000000, 0x0000000100000000)
 Metaspace       used 44949K, capacity 45512K, committed 45592K, reserved 1089536K
  class space    used 4962K, capacity 5111K, committed 5144K, reserved 1048576K
2016-06-21T18:41:39.815+0100: 562.838: [GC (Allocation Failure) 2016-06-21T18:41:39.815+0100: 562.838: [ParNew
Desired survivor size 20112992 bytes, new threshold 8 (max 8)
- age   1:    1083672 bytes,    1083672 total
- age   2:     668712 bytes,    1752384 total
- age   3:     951616 bytes,    2704000 total
- age   4:    6796744 bytes,    9500744 total
: 100087K->11197K(109248K), 0.0088122 secs] 267588K->178699K(502464K), 0.0089002 secs] [Times: user=0.00 sys=0.00, real=0.01 secs] 
Heap after GC invocations=47 (full 2):
 par new generation   total 109248K, used 11197K [0x00000000e0000000, 0x00000000e8000000, 0x00000000e8000000)
  eden space 87424K,   0% used [0x00000000e0000000, 0x00000000e0000000, 0x00000000e5560000)
  from space 21824K,  51% used [0x00000000e6ab0000, 0x00000000e759f7e0, 0x00000000e8000000)
  to   space 21824K,   0% used [0x00000000e5560000, 0x00000000e5560000, 0x00000000e6ab0000)
 concurrent mark-sweep generation total 393216K, used 167501K [0x00000000e8000000, 0x0000000100000000, 0x0000000100000000)
 Metaspace       used 44949K, capacity 45512K, committed 45592K, reserved 1089536K
  class space    used 4962K, capacity 5111K, committed 5144K, reserved 1048576K
}
2016-06-21T18:41:39.824+0100: 562.847: Total time for which application threads were stopped: 0.0091489 seconds, Stopping threads took: 0.0000253 seconds
{Heap before GC invocations=47 (full 2):
 par new generation   total 109248K, used 98621K [0x00000000e0000000, 0x00000000e8000000, 0x00000000e8000000)
  eden space 87424K, 100% used [0x00000000e0000000, 0x00000000e5560000, 0x00000000e5560000)
  from space 21824K,  51% used [0x00000000e6ab0000, 0x00000000e759f7e0, 0x00000000e8000000)
  to   space 21824K,   0% used [0x00000000e5560000, 0x00000000e5560000, 0x00000000e6ab0000)
 concurrent mark-sweep generation total 393216K, used 167501K [0x00000000e8000000, 0x0000000100000000, 0x0000000100000000)
 Metaspace       used 44949K, capacity 45512K, committed 45592K, reserved 1089536K
  class space    used 4962K, capacity 5111K, committed 5144K, reserved 1048576K
2016-06-21T18:41:39.999+0100: 563.022: [GC (Allocation Failure) 2016-06-21T18:41:39.999+0100: 563.022: [ParNew
Desired survivor size 20112992 bytes, new threshold 8 (max 8)
- age   1:    2558048 bytes,    2558048 total
- age   2:     705584 bytes,    3263632 total
- age   3:     668712 bytes,    3932344 total
- age   4:     230704 bytes,    4163048 total
- age   5:    6796744 bytes,   10959792 total
: 98621K->15804K(109248K), 0.0092756 secs] 266123K->183305K(502464K), 0.0093360 secs] [Times: user=0.00 sys=0.00, real=0.01 secs] 
Heap after GC invocations=48 (full 2):
 par new generation   total 109248K, used 15804K [0x00000000e0000000, 0x00000000e8000000, 0x00000000e8000000)
  eden space 87424K,   0% used [0x00000000e0000000, 0x00000000e0000000, 0x00000000e5560000)
  from space 21824K,  72% used [0x00000000e5560000, 0x00000000e64cf310, 0x00000000e6ab0000)
  to   space 21824K,   0% used [0x00000000e6ab0000, 0x00000000e6ab0000, 0x00000000e8000000)
 concurrent mark-sweep generation total 393216K, used 167501K [0x00000000e8000000, 0x0000000100000000, 0x0000000100000000)
 Metaspace       used 44949K, capacity 45512K, committed 45592K, reserved 1089536K
  class space    used 4962K, capacity 5111K, committed 5144K, reserved 1048576K
}
2016-06-21T18:41:40.008+0100: 563.031: Total time for which application threads were stopped: 0.0095476 seconds, Stopping threads took: 0.0000205 seconds
{Heap before GC invocations=48 (full 2):
 par new generation   total 109248K, used 103228K [0x00000000e0000000, 0x00000000e8000000, 0x00000000e8000000)
  eden space 87424K, 100% used [0x00000000e0000000, 0x00000000e5560000, 0x00000000e5560000)
  from space 21824K,  72% used [0x00000000e5560000, 0x00000000e64cf310, 0x00000000e6ab0000)
  to   space 21824K,   0% used [0x00000000e6ab0000, 0x00000000e6ab0000, 0x00000000e8000000)
 concurrent mark-sweep generation total 393216K, used 167501K [0x00000000e8000000, 0x0000000100000000, 0x0000000100000000)
 Metaspace       used 44949K, capacity 45512K, committed 45592K, reserved 1089536K
  class space    used 4962K, capacity 5111K, committed 5144K, reserved 1048576K
2016-06-21T18:41:40.209+0100: 563.231: [GC (Allocation Failure) 2016-06-21T18:41:40.209+0100: 563.231: [ParNew
Desired survivor size 20112992 bytes, new threshold 8 (max 8)
- age   1:    1133392 bytes,    1133392 total
- age   2:    2217920 bytes,    3351312 total
- age   3:     705584 bytes,    4056896 total
- age   4:     668712 bytes,    4725608 total
- age   5:     230704 bytes,    4956312 total
- age   6:    6796744 bytes,   11753056 total
: 103228K->13905K(109248K), 0.0094627 secs] 270729K->181407K(502464K), 0.0095373 secs] [Times: user=0.06 sys=0.00, real=0.01 secs] 
Heap after GC invocations=49 (full 2):
 par new generation   total 109248K, used 13905K [0x00000000e0000000, 0x00000000e8000000, 0x00000000e8000000)
  eden space 87424K,   0% used [0x00000000e0000000, 0x00000000e0000000, 0x00000000e5560000)
  from space 21824K,  63% used [0x00000000e6ab0000, 0x00000000e78447e0, 0x00000000e8000000)
  to   space 21824K,   0% used [0x00000000e5560000, 0x00000000e5560000, 0x00000000e6ab0000)
 concurrent mark-sweep generation total 393216K, used 167501K [0x00000000e8000000, 0x0000000100000000, 0x0000000100000000)
 Metaspace       used 44949K, capacity 45512K, committed 45592K, reserved 1089536K
  class space    used 4962K, capacity 5111K, committed 5144K, reserved 1048576K
}
2016-06-21T18:41:40.219+0100: 563.241: Total time for which application threads were stopped: 0.0098271 seconds, Stopping threads took: 0.0000383 seconds
{Heap before GC invocations=49 (full 2):
 par new generation   total 109248K, used 101329K [0x00000000e0000000, 0x00000000e8000000, 0x00000000e8000000)
  eden space 87424K, 100% used [0x00000000e0000000, 0x00000000e5560000, 0x00000000e5560000)
  from space 21824K,  63% used [0x00000000e6ab0000, 0x00000000e78447e0, 0x00000000e8000000)
  to   space 21824K,   0% used [0x00000000e5560000, 0x00000000e5560000, 0x00000000e6ab0000)
 concurrent mark-sweep generation total 393216K, used 167501K [0x00000000e8000000, 0x0000000100000000, 0x0000000100000000)
 Metaspace       used 44949K, capacity 45512K, committed 45592K, reserved 1089536K
  class space    used 4962K, capacity 5111K, committed 5144K, reserved 1048576K
2016-06-21T18:41:40.432+0100: 563.454: [GC (Allocation Failure) 2016-06-21T18:41:40.432+0100: 563.454: [ParNew
Desired survivor size 20112992 bytes, new threshold 8 (max 8)
- age   1:    1001632 bytes,    1001632 total
- age   2:     789648 bytes,    1791280 total
- age   3:    2217920 bytes,    4009200 total
- age   4:     705584 bytes,    4714784 total
- age   5:     668712 bytes,    5383496 total
- age   6:     230704 bytes,    5614200 total
- age   7:    6796744 bytes,   12410944 total
: 101329K->18382K(109248K), 0.0096712 secs] 268831K->185883K(502464K), 0.0097521 secs] [Times: user=0.06 sys=0.00, real=0.01 secs] 
Heap after GC invocations=50 (full 2):
 par new generation   total 109248K, used 18382K [0x00000000e0000000, 0x00000000e8000000, 0x00000000e8000000)
  eden space 87424K,   0% used [0x00000000e0000000, 0x00000000e0000000, 0x00000000e5560000)
  from space 21824K,  84% used [0x00000000e5560000, 0x00000000e6753850, 0x00000000e6ab0000)
  to   space 21824K,   0% used [0x00000000e6ab0000, 0x00000000e6ab0000, 0x00000000e8000000)
 concurrent mark-sweep generation total 393216K, used 167501K [0x00000000e8000000, 0x0000000100000000, 0x0000000100000000)
 Metaspace       used 44949K, capacity 45512K, committed 45592K, reserved 1089536K
  class space    used 4962K, capacity 5111K, committed 5144K, reserved 1048576K
}
2016-06-21T18:41:40.441+0100: 563.464: Total time for which application threads were stopped: 0.0100249 seconds, Stopping threads took: 0.0000336 seconds
{Heap before GC invocations=50 (full 2):
 par new generation   total 109248K, used 105806K [0x00000000e0000000, 0x00000000e8000000, 0x00000000e8000000)
  eden space 87424K, 100% used [0x00000000e0000000, 0x00000000e5560000, 0x00000000e5560000)
  from space 21824K,  84% used [0x00000000e5560000, 0x00000000e6753850, 0x00000000e6ab0000)
  to   space 21824K,   0% used [0x00000000e6ab0000, 0x00000000e6ab0000, 0x00000000e8000000)
 concurrent mark-sweep generation total 393216K, used 167501K [0x00000000e8000000, 0x0000000100000000, 0x0000000100000000)
 Metaspace       used 44949K, capacity 45512K, committed 45592K, reserved 1089536K
  class space    used 4962K, capacity 5111K, committed 5144K, reserved 1048576K
2016-06-21T18:41:40.662+0100: 563.685: [GC (Allocation Failure) 2016-06-21T18:41:40.662+0100: 563.685: [ParNew
Desired survivor size 20112992 bytes, new threshold 8 (max 8)
- age   1:     984192 bytes,     984192 total
- age   2:     718904 bytes,    1703096 total
- age   3:     789648 bytes,    2492744 total
- age   4:    2217920 bytes,    4710664 total
- age   5:     705584 bytes,    5416248 total
- age   6:     668712 bytes,    6084960 total
- age   7:     230704 bytes,    6315664 total
- age   8:    6796776 bytes,   13112440 total
: 105806K->16063K(109248K), 0.0100154 secs] 273307K->183564K(502464K), 0.0100920 secs] [Times: user=0.06 sys=0.00, real=0.01 secs] 
Heap after GC invocations=51 (full 2):
 par new generation   total 109248K, used 16063K [0x00000000e0000000, 0x00000000e8000000, 0x00000000e8000000)
  eden space 87424K,   0% used [0x00000000e0000000, 0x00000000e0000000, 0x00000000e5560000)
  from space 21824K,  73% used [0x00000000e6ab0000, 0x00000000e7a5fd30, 0x00000000e8000000)
  to   space 21824K,   0% used [0x00000000e5560000, 0x00000000e5560000, 0x00000000e6ab0000)
 concurrent mark-sweep generation total 393216K, used 167501K [0x00000000e8000000, 0x0000000100000000, 0x0000000100000000)
 Metaspace       used 44949K, capacity 45512K, committed 45592K, reserved 1089536K
  class space    used 4962K, capacity 5111K, committed 5144K, reserved 1048576K
}
2016-06-21T18:41:40.672+0100: 563.695: Total time for which application threads were stopped: 0.0103715 seconds, Stopping threads took: 0.0000383 seconds
{Heap before GC invocations=51 (full 2):
 par new generation   total 109248K, used 103487K [0x00000000e0000000, 0x00000000e8000000, 0x00000000e8000000)
  eden space 87424K, 100% used [0x00000000e0000000, 0x00000000e5560000, 0x00000000e5560000)
  from space 21824K,  73% used [0x00000000e6ab0000, 0x00000000e7a5fd30, 0x00000000e8000000)
  to   space 21824K,   0% used [0x00000000e5560000, 0x00000000e5560000, 0x00000000e6ab0000)
 concurrent mark-sweep generation total 393216K, used 167501K [0x00000000e8000000, 0x0000000100000000, 0x0000000100000000)
 Metaspace       used 44949K, capacity 45512K, committed 45592K, reserved 1089536K
  class space    used 4962K, capacity 5111K, committed 5144K, reserved 1048576K
2016-06-21T18:41:40.891+0100: 563.913: [GC (Allocation Failure) 2016-06-21T18:41:40.891+0100: 563.913: [ParNew
Desired survivor size 20112992 bytes, new threshold 8 (max 8)
- age   1:     899904 bytes,     899904 total
- age   2:     701240 bytes,    1601144 total
- age   3:     718904 bytes,    2320048 total
- age   4:     789648 bytes,    3109696 total
- age   5:    2217920 bytes,    5327616 total
- age   6:     705584 bytes,    6033200 total
- age   7:     668712 bytes,    6701912 total
- age   8:     230704 bytes,    6932616 total
: 103487K->9474K(109248K), 0.0165834 secs] 270988K->183614K(502464K), 0.0166647 secs] [Times: user=0.06 sys=0.00, real=0.02 secs] 
Heap after GC invocations=52 (full 2):
 par new generation   total 109248K, used 9474K [0x00000000e0000000, 0x00000000e8000000, 0x00000000e8000000)
  eden space 87424K,   0% used [0x00000000e0000000, 0x00000000e0000000, 0x00000000e5560000)
  from space 21824K,  43% used [0x00000000e5560000, 0x00000000e5ea0af0, 0x00000000e6ab0000)
  to   space 21824K,   0% used [0x00000000e6ab0000, 0x00000000e6ab0000, 0x00000000e8000000)
 concurrent mark-sweep generation total 393216K, used 174139K [0x00000000e8000000, 0x0000000100000000, 0x0000000100000000)
 Metaspace       used 44949K, capacity 45512K, committed 45592K, reserved 1089536K
  class space    used 4962K, capacity 5111K, committed 5144K, reserved 1048576K
}
2016-06-21T18:41:40.908+0100: 563.930: Total time for which application threads were stopped: 0.0169146 seconds, Stopping threads took: 0.0000209 seconds
{Heap before GC invocations=52 (full 2):
 par new generation   total 109248K, used 96898K [0x00000000e0000000, 0x00000000e8000000, 0x00000000e8000000)
  eden space 87424K, 100% used [0x00000000e0000000, 0x00000000e5560000, 0x00000000e5560000)
  from space 21824K,  43% used [0x00000000e5560000, 0x00000000e5ea0af0, 0x00000000e6ab0000)
  to   space 21824K,   0% used [0x00000000e6ab0000, 0x00000000e6ab0000, 0x00000000e8000000)
 concurrent mark-sweep generation total 393216K, used 174139K [0x00000000e8000000, 0x0000000100000000, 0x0000000100000000)
 Metaspace       used 44949K, capacity 45512K, committed 45592K, reserved 1089536K
  class space    used 4962K, capacity 5111K, committed 5144K, reserved 1048576K
2016-06-21T18:41:41.059+0100: 564.081: [GC (Allocation Failure) 2016-06-21T18:41:41.059+0100: 564.081: [ParNew
Desired survivor size 20112992 bytes, new threshold 8 (max 8)
- age   1:    3989752 bytes,    3989752 total
- age   2:     609016 bytes,    4598768 total
- age   3:     701360 bytes,    5300128 total
- age   4:     718904 bytes,    6019032 total
- age   5:     806168 bytes,    6825200 total
- age   6:     792592 bytes,    7617792 total
- age   7:     705784 bytes,    8323576 total
- age   8:     668752 bytes,    8992328 total
: 96898K->10177K(109248K), 0.0056916 secs] 271038K->184543K(502464K), 0.0057587 secs] [Times: user=0.06 sys=0.00, real=0.00 secs] 
Heap after GC invocations=53 (full 2):
 par new generation   total 109248K, used 10177K [0x00000000e0000000, 0x00000000e8000000, 0x00000000e8000000)
  eden space 87424K,   0% used [0x00000000e0000000, 0x00000000e0000000, 0x00000000e5560000)
  from space 21824K,  46% used [0x00000000e6ab0000, 0x00000000e74a06b8, 0x00000000e8000000)
  to   space 21824K,   0% used [0x00000000e5560000, 0x00000000e5560000, 0x00000000e6ab0000)
 concurrent mark-sweep generation total 393216K, used 174365K [0x00000000e8000000, 0x0000000100000000, 0x0000000100000000)
 Metaspace       used 44949K, capacity 45512K, committed 45592K, reserved 1089536K
  class space    used 4962K, capacity 5111K, committed 5144K, reserved 1048576K
}
2016-06-21T18:41:41.064+0100: 564.087: Total time for which application threads were stopped: 0.0059506 seconds, Stopping threads took: 0.0000225 seconds
{Heap before GC invocations=53 (full 2):
 par new generation   total 109248K, used 97601K [0x00000000e0000000, 0x00000000e8000000, 0x00000000e8000000)
  eden space 87424K, 100% used [0x00000000e0000000, 0x00000000e5560000, 0x00000000e5560000)
  from space 21824K,  46% used [0x00000000e6ab0000, 0x00000000e74a06b8, 0x00000000e8000000)
  to   space 21824K,   0% used [0x00000000e5560000, 0x00000000e5560000, 0x00000000e6ab0000)
 concurrent mark-sweep generation total 393216K, used 174365K [0x00000000e8000000, 0x0000000100000000, 0x0000000100000000)
 Metaspace       used 44949K, capacity 45512K, committed 45592K, reserved 1089536K
  class space    used 4962K, capacity 5111K, committed 5144K, reserved 1048576K
2016-06-21T18:41:41.206+0100: 564.229: [GC (Allocation Failure) 2016-06-21T18:41:41.206+0100: 564.229: [ParNew
Desired survivor size 20112992 bytes, new threshold 8 (max 8)
- age   1:    1088664 bytes,    1088664 total
- age   2:    3579280 bytes,    4667944 total
- age   3:     625376 bytes,    5293320 total
- age   4:     717640 bytes,    6010960 total
- age   5:     718904 bytes,    6729864 total
- age   6:     789688 bytes,    7519552 total
- age   7:     792512 bytes,    8312064 total
- age   8:     705704 bytes,    9017768 total
: 97601K->11774K(109248K), 0.0058018 secs] 271967K->186793K(502464K), 0.0058697 secs] [Times: user=0.00 sys=0.00, real=0.01 secs] 
Heap after GC invocations=54 (full 2):
 par new generation   total 109248K, used 11774K [0x00000000e0000000, 0x00000000e8000000, 0x00000000e8000000)
  eden space 87424K,   0% used [0x00000000e0000000, 0x00000000e0000000, 0x00000000e5560000)
  from space 21824K,  53% used [0x00000000e5560000, 0x00000000e60df8d8, 0x00000000e6ab0000)
  to   space 21824K,   0% used [0x00000000e6ab0000, 0x00000000e6ab0000, 0x00000000e8000000)
 concurrent mark-sweep generation total 393216K, used 175019K [0x00000000e8000000, 0x0000000100000000, 0x0000000100000000)
 Metaspace       used 44949K, capacity 45512K, committed 45592K, reserved 1089536K
  class space    used 4962K, capacity 5111K, committed 5144K, reserved 1048576K
}
2016-06-21T18:41:41.212+0100: 564.235: Total time for which application threads were stopped: 0.0060647 seconds, Stopping threads took: 0.0000213 seconds
2016-06-21T18:41:42.213+0100: 565.235: Total time for which application threads were stopped: 0.0001204 seconds, Stopping threads took: 0.0000292 seconds
2016-06-21T18:41:43.213+0100: 566.235: Total time for which application threads were stopped: 0.0001011 seconds, Stopping threads took: 0.0000276 seconds
{Heap before GC invocations=54 (full 2):
 par new generation   total 109248K, used 99198K [0x00000000e0000000, 0x00000000e8000000, 0x00000000e8000000)
  eden space 87424K, 100% used [0x00000000e0000000, 0x00000000e5560000, 0x00000000e5560000)
  from space 21824K,  53% used [0x00000000e5560000, 0x00000000e60df8d8, 0x00000000e6ab0000)
  to   space 21824K,   0% used [0x00000000e6ab0000, 0x00000000e6ab0000, 0x00000000e8000000)
 concurrent mark-sweep generation total 393216K, used 175019K [0x00000000e8000000, 0x0000000100000000, 0x0000000100000000)
 Metaspace       used 44969K, capacity 45512K, committed 45592K, reserved 1089536K
  class space    used 4962K, capacity 5111K, committed 5144K, reserved 1048576K
2016-06-21T18:41:43.729+0100: 566.752: [GC (Allocation Failure) 2016-06-21T18:41:43.729+0100: 566.752: [ParNew
Desired survivor size 20112992 bytes, new threshold 8 (max 8)
- age   1:   13076184 bytes,   13076184 total
- age   2:     343976 bytes,   13420160 total
- age   3:    3202080 bytes,   16622240 total
- age   4:     313776 bytes,   16936016 total
- age   5:     340440 bytes,   17276456 total
- age   6:     325304 bytes,   17601760 total
- age   7:     314048 bytes,   17915808 total
- age   8:     366112 bytes,   18281920 total
: 99198K->19078K(109248K), 0.0064373 secs] 274217K->194435K(502464K), 0.0065214 secs] [Times: user=0.06 sys=0.00, real=0.01 secs] 
Heap after GC invocations=55 (full 2):
 par new generation   total 109248K, used 19078K [0x00000000e0000000, 0x00000000e8000000, 0x00000000e8000000)
  eden space 87424K,   0% used [0x00000000e0000000, 0x00000000e0000000, 0x00000000e5560000)
  from space 21824K,  87% used [0x00000000e6ab0000, 0x00000000e7d51a28, 0x00000000e8000000)
  to   space 21824K,   0% used [0x00000000e5560000, 0x00000000e5560000, 0x00000000e6ab0000)
 concurrent mark-sweep generation total 393216K, used 175357K [0x00000000e8000000, 0x0000000100000000, 0x0000000100000000)
 Metaspace       used 44969K, capacity 45512K, committed 45592K, reserved 1089536K
  class space    used 4962K, capacity 5111K, committed 5144K, reserved 1048576K
}
2016-06-21T18:41:43.736+0100: 566.758: Total time for which application threads were stopped: 0.0067989 seconds, Stopping threads took: 0.0000336 seconds
2016-06-21T18:41:44.736+0100: 567.758: Total time for which application threads were stopped: 0.0000861 seconds, Stopping threads took: 0.0000229 seconds
2016-06-21T18:47:20.920+0100: 903.942: Total time for which application threads were stopped: 0.0001528 seconds, Stopping threads took: 0.0000450 seconds
2016-06-21T18:47:20.920+0100: 903.943: Total time for which application threads were stopped: 0.0000561 seconds, Stopping threads took: 0.0000087 seconds
2016-06-21T18:47:20.946+0100: 903.969: Total time for which application threads were stopped: 0.0000959 seconds, Stopping threads took: 0.0000189 seconds
2016-06-21T18:47:20.947+0100: 903.970: Total time for which application threads were stopped: 0.0000588 seconds, Stopping threads took: 0.0000114 seconds
2016-06-21T18:47:21.003+0100: 904.026: Total time for which application threads were stopped: 0.0000900 seconds, Stopping threads took: 0.0000233 seconds
2016-06-21T18:47:21.005+0100: 904.028: Total time for which application threads were stopped: 0.0001172 seconds, Stopping threads took: 0.0000351 seconds
2016-06-21T18:47:21.135+0100: 904.157: Total time for which application threads were stopped: 0.0001729 seconds, Stopping threads took: 0.0000284 seconds
2016-06-21T18:47:22.135+0100: 905.157: Total time for which application threads were stopped: 0.0002088 seconds, Stopping threads took: 0.0000470 seconds
{Heap before GC invocations=55 (full 2):
 par new generation   total 109248K, used 106502K [0x00000000e0000000, 0x00000000e8000000, 0x00000000e8000000)
  eden space 87424K, 100% used [0x00000000e0000000, 0x00000000e5560000, 0x00000000e5560000)
  from space 21824K,  87% used [0x00000000e6ab0000, 0x00000000e7d51a28, 0x00000000e8000000)
  to   space 21824K,   0% used [0x00000000e5560000, 0x00000000e5560000, 0x00000000e6ab0000)
 concurrent mark-sweep generation total 393216K, used 175357K [0x00000000e8000000, 0x0000000100000000, 0x0000000100000000)
 Metaspace       used 45847K, capacity 46344K, committed 46488K, reserved 1091584K
  class space    used 5019K, capacity 5175K, committed 5272K, reserved 1048576K
2016-06-21T18:47:22.210+0100: 905.232: [GC (Allocation Failure) 2016-06-21T18:47:22.210+0100: 905.232: [ParNew
Desired survivor size 20112992 bytes, new threshold 6 (max 8)
- age   1:    5042600 bytes,    5042600 total
- age   2:   11137232 bytes,   16179832 total
- age   3:     343976 bytes,   16523808 total
- age   4:    3202080 bytes,   19725888 total
- age   5:     313776 bytes,   20039664 total
- age   6:     340440 bytes,   20380104 total
- age   7:     325304 bytes,   20705408 total
- age   8:     314048 bytes,   21019456 total
: 106502K->21268K(109248K), 0.0083183 secs] 281859K->196984K(502464K), 0.0084004 secs] [Times: user=0.01 sys=0.00, real=0.01 secs] 
Heap after GC invocations=56 (full 2):
 par new generation   total 109248K, used 21268K [0x00000000e0000000, 0x00000000e8000000, 0x00000000e8000000)
  eden space 87424K,   0% used [0x00000000e0000000, 0x00000000e0000000, 0x00000000e5560000)
  from space 21824K,  97% used [0x00000000e5560000, 0x00000000e6a25330, 0x00000000e6ab0000)
  to   space 21824K,   0% used [0x00000000e6ab0000, 0x00000000e6ab0000, 0x00000000e8000000)
 concurrent mark-sweep generation total 393216K, used 175715K [0x00000000e8000000, 0x0000000100000000, 0x0000000100000000)
 Metaspace       used 45847K, capacity 46344K, committed 46488K, reserved 1091584K
  class space    used 5019K, capacity 5175K, committed 5272K, reserved 1048576K
}
2016-06-21T18:47:22.218+0100: 905.241: Total time for which application threads were stopped: 0.0085781 seconds, Stopping threads took: 0.0000178 seconds
2016-06-21T18:47:22.641+0100: 905.663: Total time for which application threads were stopped: 0.0001465 seconds, Stopping threads took: 0.0000182 seconds
2016-06-21T18:47:22.652+0100: 905.675: Total time for which application threads were stopped: 0.0001078 seconds, Stopping threads took: 0.0000324 seconds
2016-06-21T18:47:22.655+0100: 905.678: Total time for which application threads were stopped: 0.0001042 seconds, Stopping threads took: 0.0000217 seconds
2016-06-21T18:47:22.849+0100: 905.871: Total time for which application threads were stopped: 0.0001405 seconds, Stopping threads took: 0.0000217 seconds
2016-06-21T18:47:22.894+0100: 905.917: Total time for which application threads were stopped: 0.0001551 seconds, Stopping threads took: 0.0000261 seconds
2016-06-21T18:47:22.902+0100: 905.924: Total time for which application threads were stopped: 0.0001615 seconds, Stopping threads took: 0.0000308 seconds
2016-06-21T18:47:23.608+0100: 906.631: Total time for which application threads were stopped: 0.0001161 seconds, Stopping threads took: 0.0000237 seconds
2016-06-21T18:47:23.608+0100: 906.631: Total time for which application threads were stopped: 0.0000884 seconds, Stopping threads took: 0.0000178 seconds
2016-06-21T18:47:23.609+0100: 906.632: Total time for which application threads were stopped: 0.0000711 seconds, Stopping threads took: 0.0000142 seconds
2016-06-21T18:47:23.610+0100: 906.633: Total time for which application threads were stopped: 0.0000620 seconds, Stopping threads took: 0.0000118 seconds
2016-06-21T18:47:23.614+0100: 906.636: Total time for which application threads were stopped: 0.0008266 seconds, Stopping threads took: 0.0000154 seconds
2016-06-21T18:47:23.617+0100: 906.639: Total time for which application threads were stopped: 0.0000636 seconds, Stopping threads took: 0.0000122 seconds
2016-06-21T18:47:23.630+0100: 906.653: Total time for which application threads were stopped: 0.0001121 seconds, Stopping threads took: 0.0000237 seconds
2016-06-21T18:47:23.633+0100: 906.655: Total time for which application threads were stopped: 0.0006458 seconds, Stopping threads took: 0.0000138 seconds
2016-06-21T18:47:23.633+0100: 906.656: Total time for which application threads were stopped: 0.0002941 seconds, Stopping threads took: 0.0000111 seconds
2016-06-21T18:47:24.634+0100: 907.656: Total time for which application threads were stopped: 0.0000975 seconds, Stopping threads took: 0.0000257 seconds
2016-06-21T18:47:27.635+0100: 910.657: Total time for which application threads were stopped: 0.0000793 seconds, Stopping threads took: 0.0000233 seconds
2016-06-21T18:47:38.713+0100: 921.740: Total time for which application threads were stopped: 0.0000991 seconds, Stopping threads took: 0.0000253 seconds
2016-06-21T18:47:38.743+0100: 921.766: Total time for which application threads were stopped: 0.0008085 seconds, Stopping threads took: 0.0000170 seconds
2016-06-21T18:47:39.744+0100: 922.766: Total time for which application threads were stopped: 0.0001630 seconds, Stopping threads took: 0.0000237 seconds
2016-06-21T18:47:57.763+0100: 940.786: Total time for which application threads were stopped: 0.0001117 seconds, Stopping threads took: 0.0000324 seconds
2016-06-21T18:48:00.836+0100: 943.870: Total time for which application threads were stopped: 0.0001279 seconds, Stopping threads took: 0.0000308 seconds
2016-06-21T18:48:00.836+0100: 943.870: Total time for which application threads were stopped: 0.0000521 seconds, Stopping threads took: 0.0000201 seconds
2016-06-21T18:48:01.837+0100: 944.860: Total time for which application threads were stopped: 0.0004709 seconds, Stopping threads took: 0.0000888 seconds
2016-06-21T18:48:08.857+0100: 951.879: Total time for which application threads were stopped: 0.0003873 seconds, Stopping threads took: 0.0000872 seconds
2016-06-21T18:48:10.863+0100: 953.886: Total time for which application threads were stopped: 0.0003150 seconds, Stopping threads took: 0.0000940 seconds
2016-06-21T18:48:27.707+0100: 970.730: Total time for which application threads were stopped: 0.0002361 seconds, Stopping threads took: 0.0000568 seconds
2016-06-21T18:48:27.708+0100: 970.731: Total time for which application threads were stopped: 0.0000888 seconds, Stopping threads took: 0.0000201 seconds
2016-06-21T18:48:28.709+0100: 971.732: Total time for which application threads were stopped: 0.0002242 seconds, Stopping threads took: 0.0000442 seconds
2016-06-21T18:48:32.712+0100: 975.735: Total time for which application threads were stopped: 0.0002455 seconds, Stopping threads took: 0.0000624 seconds
2016-06-21T18:50:59.565+0100: 1122.590: Total time for which application threads were stopped: 0.0017334 seconds, Stopping threads took: 0.0000245 seconds
2016-06-21T18:50:59.565+0100: 1122.592: Total time for which application threads were stopped: 0.0008191 seconds, Stopping threads took: 0.0000197 seconds
2016-06-21T18:50:59.565+0100: 1122.595: Total time for which application threads were stopped: 0.0000754 seconds, Stopping threads took: 0.0000245 seconds
2016-06-21T18:50:59.565+0100: 1122.598: Total time for which application threads were stopped: 0.0000928 seconds, Stopping threads took: 0.0000217 seconds
2016-06-21T18:50:59.565+0100: 1122.598: Total time for which application threads were stopped: 0.0000422 seconds, Stopping threads took: 0.0000114 seconds
2016-06-21T18:50:59.565+0100: 1122.599: Total time for which application threads were stopped: 0.0000367 seconds, Stopping threads took: 0.0000095 seconds
2016-06-21T18:50:59.565+0100: 1122.599: Total time for which application threads were stopped: 0.0000276 seconds, Stopping threads took: 0.0000067 seconds
2016-06-21T18:50:59.565+0100: 1122.599: Total time for which application threads were stopped: 0.0000288 seconds, Stopping threads took: 0.0000071 seconds
2016-06-21T18:50:59.565+0100: 1122.600: Total time for which application threads were stopped: 0.0000466 seconds, Stopping threads took: 0.0000099 seconds
2016-06-21T18:50:59.565+0100: 1122.600: Total time for which application threads were stopped: 0.0000332 seconds, Stopping threads took: 0.0000079 seconds
2016-06-21T18:50:59.565+0100: 1122.600: Total time for which application threads were stopped: 0.0000478 seconds, Stopping threads took: 0.0000095 seconds
2016-06-21T18:50:59.565+0100: 1122.600: Total time for which application threads were stopped: 0.0000414 seconds, Stopping threads took: 0.0000083 seconds
2016-06-21T18:50:59.565+0100: 1122.601: Total time for which application threads were stopped: 0.0000517 seconds, Stopping threads took: 0.0000103 seconds
2016-06-21T18:50:59.565+0100: 1122.602: Total time for which application threads were stopped: 0.0000616 seconds, Stopping threads took: 0.0000095 seconds
Heap
 par new generation   total 109248K, used 77571K [0x00000000e0000000, 0x00000000e8000000, 0x00000000e8000000)
  eden space 87424K,  64% used [0x00000000e0000000, 0x00000000e36fb8d8, 0x00000000e5560000)
  from space 21824K,  97% used [0x00000000e5560000, 0x00000000e6a25330, 0x00000000e6ab0000)
  to   space 21824K,   0% used [0x00000000e6ab0000, 0x00000000e6ab0000, 0x00000000e8000000)
 concurrent mark-sweep generation total 393216K, used 175715K [0x00000000e8000000, 0x0000000100000000, 0x0000000100000000)
 Metaspace       used 47263K, capacity 47752K, committed 47896K, reserved 1091584K
  class space    used 5178K, capacity 5303K, committed 5400K, reserved 1048576K
