Java HotSpot(TM) 64-Bit Server VM (25.73-b02) for windows-amd64 JRE (1.8.0_73-b02), built on Jan 29 2016 17:38:49 by "java_re" with MS VC++ 10.0 (VS2010)
Memory: 4k page, physical 4027256k(1105260k free), swap 8052676k(1755204k free)
CommandLine flags: -XX:CMSInitiatingOccupancyFraction=50 -XX:CMSMaxAbortablePrecleanTime=6000 -XX:+CMSParallelRemarkEnabled -XX:+CMSScavengeBeforeRemark -XX:ConcGCThreads=4 -XX:InitialHeapSize=536870912 -XX:MaxHeapSize=536870912 -XX:MaxTenuringThreshold=8 -XX:NewRatio=3 -XX:OldPLABSize=16 -XX:ParallelGCThreads=4 -XX:+ParallelRefProcEnabled -XX:PretenureSizeThreshold=67108864 -XX:+PrintGC -XX:+PrintGCApplicationStoppedTime -XX:+PrintGCDateStamps -XX:+PrintGCDetails -XX:+PrintGCTimeStamps -XX:+PrintHeapAtGC -XX:+PrintTenuringDistribution -XX:SurvivorRatio=4 -XX:TargetSurvivorRatio=90 -XX:ThreadStackSize=256 -XX:+UseCMSInitiatingOccupancyOnly -XX:+UseCompressedClassPointers -XX:+UseCompressedOops -XX:+UseConcMarkSweepGC -XX:-UseLargePagesIndividualAllocation -XX:+UseParNewGC 
2016-03-15T16:42:26.174+0000: 1.062: Total time for which application threads were stopped: 0.0002708 seconds, Stopping threads took: 0.0001050 seconds
2016-03-15T16:42:26.634+0000: 1.521: Total time for which application threads were stopped: 0.0002756 seconds, Stopping threads took: 0.0000497 seconds
2016-03-15T16:42:26.674+0000: 1.561: Total time for which application threads were stopped: 0.0002014 seconds, Stopping threads took: 0.0000458 seconds
2016-03-15T16:42:27.674+0000: 2.561: Total time for which application threads were stopped: 0.0006917 seconds, Stopping threads took: 0.0005433 seconds
2016-03-15T16:42:27.697+0000: 2.584: Total time for which application threads were stopped: 0.0002795 seconds, Stopping threads took: 0.0000482 seconds
2016-03-15T16:42:27.725+0000: 2.612: Total time for which application threads were stopped: 0.0002922 seconds, Stopping threads took: 0.0000466 seconds
2016-03-15T16:42:28.725+0000: 3.612: Total time for which application threads were stopped: 0.0001911 seconds, Stopping threads took: 0.0000971 seconds
{Heap before GC invocations=0 (full 0):
 par new generation   total 109248K, used 87424K [0x00000000e0000000, 0x00000000e8000000, 0x00000000e8000000)
  eden space 87424K, 100% used [0x00000000e0000000, 0x00000000e5560000, 0x00000000e5560000)
  from space 21824K,   0% used [0x00000000e5560000, 0x00000000e5560000, 0x00000000e6ab0000)
  to   space 21824K,   0% used [0x00000000e6ab0000, 0x00000000e6ab0000, 0x00000000e8000000)
 concurrent mark-sweep generation total 393216K, used 0K [0x00000000e8000000, 0x0000000100000000, 0x0000000100000000)
 Metaspace       used 10145K, capacity 10344K, committed 10496K, reserved 1058816K
  class space    used 1166K, capacity 1212K, committed 1280K, reserved 1048576K
2016-03-15T16:42:29.095+0000: 3.982: [GC (Allocation Failure) 2016-03-15T16:42:29.095+0000: 3.982: [ParNew
Desired survivor size 20112992 bytes, new threshold 8 (max 8)
- age   1:    5745760 bytes,    5745760 total
: 87424K->5679K(109248K), 0.0209895 secs] 87424K->5679K(502464K), 0.0213275 secs] [Times: user=0.05 sys=0.00, real=0.02 secs] 
Heap after GC invocations=1 (full 0):
 par new generation   total 109248K, used 5679K [0x00000000e0000000, 0x00000000e8000000, 0x00000000e8000000)
  eden space 87424K,   0% used [0x00000000e0000000, 0x00000000e0000000, 0x00000000e5560000)
  from space 21824K,  26% used [0x00000000e6ab0000, 0x00000000e703bcd0, 0x00000000e8000000)
  to   space 21824K,   0% used [0x00000000e5560000, 0x00000000e5560000, 0x00000000e6ab0000)
 concurrent mark-sweep generation total 393216K, used 0K [0x00000000e8000000, 0x0000000100000000, 0x0000000100000000)
 Metaspace       used 10145K, capacity 10344K, committed 10496K, reserved 1058816K
  class space    used 1166K, capacity 1212K, committed 1280K, reserved 1048576K
}
2016-03-15T16:42:29.116+0000: 4.003: Total time for which application threads were stopped: 0.0217365 seconds, Stopping threads took: 0.0000434 seconds
2016-03-15T16:42:29.407+0000: 4.294: Total time for which application threads were stopped: 0.0003372 seconds, Stopping threads took: 0.0000450 seconds
2016-03-15T16:42:29.442+0000: 4.329: Total time for which application threads were stopped: 0.0003214 seconds, Stopping threads took: 0.0000442 seconds
2016-03-15T16:42:29.516+0000: 4.404: Total time for which application threads were stopped: 0.0003166 seconds, Stopping threads took: 0.0000411 seconds
2016-03-15T16:42:29.835+0000: 4.723: Total time for which application threads were stopped: 0.0004248 seconds, Stopping threads took: 0.0000466 seconds
2016-03-15T16:42:29.838+0000: 4.725: Total time for which application threads were stopped: 0.0002558 seconds, Stopping threads took: 0.0000347 seconds
2016-03-15T16:42:29.846+0000: 4.734: Total time for which application threads were stopped: 0.0003459 seconds, Stopping threads took: 0.0000442 seconds
2016-03-15T16:42:30.548+0000: 5.435: Total time for which application threads were stopped: 0.0002843 seconds, Stopping threads took: 0.0000545 seconds
2016-03-15T16:42:30.608+0000: 5.496: Total time for which application threads were stopped: 0.0001800 seconds, Stopping threads took: 0.0000640 seconds
2016-03-15T16:42:30.608+0000: 5.496: Total time for which application threads were stopped: 0.0000916 seconds, Stopping threads took: 0.0000316 seconds
2016-03-15T16:42:30.858+0000: 5.746: Total time for which application threads were stopped: 0.0001406 seconds, Stopping threads took: 0.0000482 seconds
2016-03-15T16:42:30.858+0000: 5.746: Total time for which application threads were stopped: 0.0000742 seconds, Stopping threads took: 0.0000284 seconds
2016-03-15T16:42:30.868+0000: 5.760: Total time for which application threads were stopped: 0.0001256 seconds, Stopping threads took: 0.0000497 seconds
2016-03-15T16:42:30.868+0000: 5.761: Total time for which application threads were stopped: 0.0000845 seconds, Stopping threads took: 0.0000316 seconds
2016-03-15T16:42:30.888+0000: 5.777: Total time for which application threads were stopped: 0.0001319 seconds, Stopping threads took: 0.0000553 seconds
2016-03-15T16:42:30.888+0000: 5.777: Total time for which application threads were stopped: 0.0000711 seconds, Stopping threads took: 0.0000268 seconds
2016-03-15T16:42:30.888+0000: 5.778: Total time for which application threads were stopped: 0.0000774 seconds, Stopping threads took: 0.0000300 seconds
2016-03-15T16:42:30.888+0000: 5.778: Total time for which application threads were stopped: 0.0000703 seconds, Stopping threads took: 0.0000261 seconds
2016-03-15T16:42:30.888+0000: 5.779: Total time for which application threads were stopped: 0.0000979 seconds, Stopping threads took: 0.0000363 seconds
2016-03-15T16:42:30.900+0000: 5.787: Total time for which application threads were stopped: 0.0001350 seconds, Stopping threads took: 0.0000624 seconds
2016-03-15T16:42:30.901+0000: 5.788: Total time for which application threads were stopped: 0.0000829 seconds, Stopping threads took: 0.0000276 seconds
2016-03-15T16:42:30.904+0000: 5.791: Total time for which application threads were stopped: 0.0001042 seconds, Stopping threads took: 0.0000340 seconds
2016-03-15T16:42:30.904+0000: 5.791: Total time for which application threads were stopped: 0.0000703 seconds, Stopping threads took: 0.0000221 seconds
2016-03-15T16:42:30.904+0000: 5.791: Total time for which application threads were stopped: 0.0000648 seconds, Stopping threads took: 0.0000197 seconds
2016-03-15T16:42:30.904+0000: 5.792: Total time for which application threads were stopped: 0.0000608 seconds, Stopping threads took: 0.0000182 seconds
2016-03-15T16:42:30.919+0000: 5.806: Total time for which application threads were stopped: 0.0001153 seconds, Stopping threads took: 0.0000411 seconds
2016-03-15T16:42:30.950+0000: 5.838: Total time for which application threads were stopped: 0.0001208 seconds, Stopping threads took: 0.0000411 seconds
2016-03-15T16:42:30.950+0000: 5.838: Total time for which application threads were stopped: 0.0000750 seconds, Stopping threads took: 0.0000276 seconds
2016-03-15T16:42:30.951+0000: 5.839: Total time for which application threads were stopped: 0.0003609 seconds, Stopping threads took: 0.0000245 seconds
2016-03-15T16:42:31.001+0000: 5.888: Total time for which application threads were stopped: 0.0001256 seconds, Stopping threads took: 0.0000403 seconds
2016-03-15T16:42:31.001+0000: 5.888: Total time for which application threads were stopped: 0.0000734 seconds, Stopping threads took: 0.0000284 seconds
2016-03-15T16:42:31.003+0000: 5.890: Total time for which application threads were stopped: 0.0001019 seconds, Stopping threads took: 0.0000395 seconds
2016-03-15T16:42:31.003+0000: 5.890: Total time for which application threads were stopped: 0.0000719 seconds, Stopping threads took: 0.0000261 seconds
2016-03-15T16:42:31.010+0000: 5.897: Total time for which application threads were stopped: 0.0001556 seconds, Stopping threads took: 0.0000521 seconds
2016-03-15T16:42:31.046+0000: 5.934: Total time for which application threads were stopped: 0.0001145 seconds, Stopping threads took: 0.0000411 seconds
2016-03-15T16:42:31.056+0000: 5.943: Total time for which application threads were stopped: 0.0004517 seconds, Stopping threads took: 0.0000474 seconds
2016-03-15T16:42:31.070+0000: 5.957: Total time for which application threads were stopped: 0.0001342 seconds, Stopping threads took: 0.0000490 seconds
2016-03-15T16:42:31.137+0000: 6.024: Total time for which application threads were stopped: 0.0001563 seconds, Stopping threads took: 0.0000466 seconds
2016-03-15T16:42:31.165+0000: 6.053: Total time for which application threads were stopped: 0.0001240 seconds, Stopping threads took: 0.0000505 seconds
2016-03-15T16:42:31.582+0000: 6.475: Total time for which application threads were stopped: 0.0001161 seconds, Stopping threads took: 0.0000419 seconds
2016-03-15T16:42:31.672+0000: 6.563: Total time for which application threads were stopped: 0.0001406 seconds, Stopping threads took: 0.0000521 seconds
2016-03-15T16:42:31.672+0000: 6.564: Total time for which application threads were stopped: 0.0001027 seconds, Stopping threads took: 0.0000284 seconds
2016-03-15T16:42:31.672+0000: 6.566: Total time for which application threads were stopped: 0.0001113 seconds, Stopping threads took: 0.0000316 seconds
2016-03-15T16:42:58.933+0000: 33.821: Total time for which application threads were stopped: 0.0001327 seconds, Stopping threads took: 0.0000458 seconds
2016-03-15T16:42:58.934+0000: 33.821: Total time for which application threads were stopped: 0.0000750 seconds, Stopping threads took: 0.0000284 seconds
2016-03-15T16:42:58.935+0000: 33.822: Total time for which application threads were stopped: 0.0000798 seconds, Stopping threads took: 0.0000316 seconds
2016-03-15T16:42:58.937+0000: 33.824: Total time for which application threads were stopped: 0.0000987 seconds, Stopping threads took: 0.0000395 seconds
2016-03-15T16:42:58.937+0000: 33.824: Total time for which application threads were stopped: 0.0000679 seconds, Stopping threads took: 0.0000245 seconds
2016-03-15T16:42:58.939+0000: 33.827: Total time for which application threads were stopped: 0.0001327 seconds, Stopping threads took: 0.0000466 seconds
2016-03-15T16:42:58.941+0000: 33.829: Total time for which application threads were stopped: 0.0005172 seconds, Stopping threads took: 0.0003364 seconds
2016-03-15T16:42:58.942+0000: 33.830: Total time for which application threads were stopped: 0.0001603 seconds, Stopping threads took: 0.0000821 seconds
2016-03-15T16:42:58.946+0000: 33.833: Total time for which application threads were stopped: 0.0022236 seconds, Stopping threads took: 0.0021391 seconds
2016-03-15T16:42:58.946+0000: 33.833: Total time for which application threads were stopped: 0.0001943 seconds, Stopping threads took: 0.0001469 seconds
2016-03-15T16:42:58.946+0000: 33.834: Total time for which application threads were stopped: 0.0000805 seconds, Stopping threads took: 0.0000347 seconds
2016-03-15T16:42:58.948+0000: 33.836: Total time for which application threads were stopped: 0.0003016 seconds, Stopping threads took: 0.0002306 seconds
2016-03-15T16:42:58.949+0000: 33.837: Total time for which application threads were stopped: 0.0000853 seconds, Stopping threads took: 0.0000340 seconds
Heap
 par new generation   total 109248K, used 73274K [0x00000000e0000000, 0x00000000e8000000, 0x00000000e8000000)
  eden space 87424K,  77% used [0x00000000e0000000, 0x00000000e4202bd0, 0x00000000e5560000)
  from space 21824K,  26% used [0x00000000e6ab0000, 0x00000000e703bcd0, 0x00000000e8000000)
  to   space 21824K,   0% used [0x00000000e5560000, 0x00000000e5560000, 0x00000000e6ab0000)
 concurrent mark-sweep generation total 393216K, used 0K [0x00000000e8000000, 0x0000000100000000, 0x0000000100000000)
 Metaspace       used 18722K, capacity 19060K, committed 19328K, reserved 1067008K
  class space    used 2229K, capacity 2328K, committed 2432K, reserved 1048576K
