Java HotSpot(TM) 64-Bit Server VM (25.73-b02) for windows-amd64 JRE (1.8.0_73-b02), built on Jan 29 2016 17:38:49 by "java_re" with MS VC++ 10.0 (VS2010)
Memory: 4k page, physical 4027256k(1207012k free), swap 8052676k(2451204k free)
CommandLine flags: -XX:CMSInitiatingOccupancyFraction=50 -XX:CMSMaxAbortablePrecleanTime=6000 -XX:+CMSParallelRemarkEnabled -XX:+CMSScavengeBeforeRemark -XX:ConcGCThreads=4 -XX:InitialHeapSize=536870912 -XX:MaxHeapSize=536870912 -XX:MaxTenuringThreshold=8 -XX:NewRatio=3 -XX:OldPLABSize=16 -XX:ParallelGCThreads=4 -XX:+ParallelRefProcEnabled -XX:PretenureSizeThreshold=67108864 -XX:+PrintGC -XX:+PrintGCApplicationStoppedTime -XX:+PrintGCDateStamps -XX:+PrintGCDetails -XX:+PrintGCTimeStamps -XX:+PrintHeapAtGC -XX:+PrintTenuringDistribution -XX:SurvivorRatio=4 -XX:TargetSurvivorRatio=90 -XX:ThreadStackSize=256 -XX:+UseCMSInitiatingOccupancyOnly -XX:+UseCompressedClassPointers -XX:+UseCompressedOops -XX:+UseConcMarkSweepGC -XX:-UseLargePagesIndividualAllocation -XX:+UseParNewGC 
2016-03-07T17:04:55.691+0000: 1.101: Total time for which application threads were stopped: 0.0389174 seconds, Stopping threads took: 0.0387571 seconds
2016-03-07T17:04:56.475+0000: 1.884: Total time for which application threads were stopped: 0.0002519 seconds, Stopping threads took: 0.0000403 seconds
2016-03-07T17:04:56.507+0000: 1.917: Total time for which application threads were stopped: 0.0002353 seconds, Stopping threads took: 0.0000553 seconds
2016-03-07T17:04:57.106+0000: 2.516: Total time for which application threads were stopped: 0.0003103 seconds, Stopping threads took: 0.0000497 seconds
2016-03-07T17:04:57.260+0000: 2.670: Total time for which application threads were stopped: 0.0003001 seconds, Stopping threads took: 0.0000490 seconds
2016-03-07T17:04:57.286+0000: 2.696: Total time for which application threads were stopped: 0.0002685 seconds, Stopping threads took: 0.0000482 seconds
2016-03-07T17:04:58.286+0000: 3.696: Total time for which application threads were stopped: 0.0001642 seconds, Stopping threads took: 0.0000576 seconds
{Heap before GC invocations=0 (full 0):
 par new generation   total 109248K, used 87424K [0x00000000e0000000, 0x00000000e8000000, 0x00000000e8000000)
  eden space 87424K, 100% used [0x00000000e0000000, 0x00000000e5560000, 0x00000000e5560000)
  from space 21824K,   0% used [0x00000000e5560000, 0x00000000e5560000, 0x00000000e6ab0000)
  to   space 21824K,   0% used [0x00000000e6ab0000, 0x00000000e6ab0000, 0x00000000e8000000)
 concurrent mark-sweep generation total 393216K, used 0K [0x00000000e8000000, 0x0000000100000000, 0x0000000100000000)
 Metaspace       used 10127K, capacity 10344K, committed 10496K, reserved 1058816K
  class space    used 1166K, capacity 1212K, committed 1280K, reserved 1048576K
2016-03-07T17:04:58.438+0000: 3.856: [GC (Allocation Failure) 2016-03-07T17:04:58.438+0000: 3.856: [ParNew
Desired survivor size 20112992 bytes, new threshold 8 (max 8)
- age   1:    5745224 bytes,    5745224 total
: 87424K->5689K(109248K), 0.0204694 secs] 87424K->5689K(502464K), 0.0208185 secs] [Times: user=0.03 sys=0.00, real=0.02 secs] 
Heap after GC invocations=1 (full 0):
 par new generation   total 109248K, used 5689K [0x00000000e0000000, 0x00000000e8000000, 0x00000000e8000000)
  eden space 87424K,   0% used [0x00000000e0000000, 0x00000000e0000000, 0x00000000e5560000)
  from space 21824K,  26% used [0x00000000e6ab0000, 0x00000000e703e678, 0x00000000e8000000)
  to   space 21824K,   0% used [0x00000000e5560000, 0x00000000e5560000, 0x00000000e6ab0000)
 concurrent mark-sweep generation total 393216K, used 0K [0x00000000e8000000, 0x0000000100000000, 0x0000000100000000)
 Metaspace       used 10127K, capacity 10344K, committed 10496K, reserved 1058816K
  class space    used 1166K, capacity 1212K, committed 1280K, reserved 1048576K
}
2016-03-07T17:04:58.458+0000: 3.877: Total time for which application threads were stopped: 0.0212362 seconds, Stopping threads took: 0.0000695 seconds
2016-03-07T17:04:58.798+0000: 4.208: Total time for which application threads were stopped: 0.0003388 seconds, Stopping threads took: 0.0000458 seconds
2016-03-07T17:04:58.898+0000: 4.308: Total time for which application threads were stopped: 0.0003861 seconds, Stopping threads took: 0.0001019 seconds
2016-03-07T17:04:58.938+0000: 4.348: Total time for which application threads were stopped: 0.0003388 seconds, Stopping threads took: 0.0000521 seconds
2016-03-07T17:04:59.266+0000: 4.676: Total time for which application threads were stopped: 0.0004319 seconds, Stopping threads took: 0.0000387 seconds
2016-03-07T17:04:59.269+0000: 4.678: Total time for which application threads were stopped: 0.0002898 seconds, Stopping threads took: 0.0000371 seconds
2016-03-07T17:04:59.278+0000: 4.688: Total time for which application threads were stopped: 0.0003672 seconds, Stopping threads took: 0.0000490 seconds
2016-03-07T17:04:59.904+0000: 5.323: Total time for which application threads were stopped: 0.0002369 seconds, Stopping threads took: 0.0000419 seconds
2016-03-07T17:04:59.914+0000: 5.325: Total time for which application threads were stopped: 0.0002606 seconds, Stopping threads took: 0.0001208 seconds
2016-03-07T17:04:59.914+0000: 5.326: Total time for which application threads were stopped: 0.0001256 seconds, Stopping threads took: 0.0000292 seconds
2016-03-07T17:04:59.914+0000: 5.332: Total time for which application threads were stopped: 0.0003506 seconds, Stopping threads took: 0.0001895 seconds
2016-03-07T17:04:59.914+0000: 5.332: Total time for which application threads were stopped: 0.0001682 seconds, Stopping threads took: 0.0000545 seconds
2016-03-07T17:04:59.944+0000: 5.354: Total time for which application threads were stopped: 0.0218111 seconds, Stopping threads took: 0.0216184 seconds
2016-03-07T17:04:59.944+0000: 5.354: Total time for which application threads were stopped: 0.0002977 seconds, Stopping threads took: 0.0001800 seconds
2016-03-07T17:04:59.944+0000: 5.355: Total time for which application threads were stopped: 0.0001350 seconds, Stopping threads took: 0.0000340 seconds
2016-03-07T17:04:59.954+0000: 5.371: Total time for which application threads were stopped: 0.0005622 seconds, Stopping threads took: 0.0002132 seconds
2016-03-07T17:04:59.984+0000: 5.396: Total time for which application threads were stopped: 0.0003956 seconds, Stopping threads took: 0.0001824 seconds
2016-03-07T17:04:59.984+0000: 5.397: Total time for which application threads were stopped: 0.0001974 seconds, Stopping threads took: 0.0000798 seconds
2016-03-07T17:04:59.984+0000: 5.397: Total time for which application threads were stopped: 0.0001611 seconds, Stopping threads took: 0.0000221 seconds
2016-03-07T17:04:59.984+0000: 5.398: Total time for which application threads were stopped: 0.0002014 seconds, Stopping threads took: 0.0001232 seconds
2016-03-07T17:05:00.006+0000: 5.416: Total time for which application threads were stopped: 0.0001627 seconds, Stopping threads took: 0.0000513 seconds
2016-03-07T17:05:00.006+0000: 5.416: Total time for which application threads were stopped: 0.0000987 seconds, Stopping threads took: 0.0000268 seconds
2016-03-07T17:05:00.014+0000: 5.424: Total time for which application threads were stopped: 0.0009634 seconds, Stopping threads took: 0.0008615 seconds
2016-03-07T17:05:00.016+0000: 5.426: Total time for which application threads were stopped: 0.0001224 seconds, Stopping threads took: 0.0000561 seconds
2016-03-07T17:05:00.108+0000: 5.518: Total time for which application threads were stopped: 0.0001421 seconds, Stopping threads took: 0.0000482 seconds
2016-03-07T17:05:00.109+0000: 5.519: Total time for which application threads were stopped: 0.0000971 seconds, Stopping threads took: 0.0000332 seconds
2016-03-07T17:05:00.109+0000: 5.519: Total time for which application threads were stopped: 0.0000711 seconds, Stopping threads took: 0.0000229 seconds
2016-03-07T17:05:00.110+0000: 5.520: Total time for which application threads were stopped: 0.0000813 seconds, Stopping threads took: 0.0000308 seconds
2016-03-07T17:05:00.160+0000: 5.570: Total time for which application threads were stopped: 0.0001248 seconds, Stopping threads took: 0.0000442 seconds
2016-03-07T17:05:00.160+0000: 5.570: Total time for which application threads were stopped: 0.0000655 seconds, Stopping threads took: 0.0000197 seconds
2016-03-07T17:05:00.160+0000: 5.570: Total time for which application threads were stopped: 0.0000648 seconds, Stopping threads took: 0.0000197 seconds
2016-03-07T17:05:00.160+0000: 5.570: Total time for which application threads were stopped: 0.0000632 seconds, Stopping threads took: 0.0000190 seconds
2016-03-07T17:05:00.466+0000: 5.883: Total time for which application threads were stopped: 0.0001635 seconds, Stopping threads took: 0.0000458 seconds
2016-03-07T17:05:00.466+0000: 5.883: Total time for which application threads were stopped: 0.0000695 seconds, Stopping threads took: 0.0000221 seconds
2016-03-07T17:05:00.466+0000: 5.883: Total time for which application threads were stopped: 0.0000640 seconds, Stopping threads took: 0.0000190 seconds
2016-03-07T17:05:00.516+0000: 5.935: Total time for which application threads were stopped: 0.0004343 seconds, Stopping threads took: 0.0000426 seconds
{Heap before GC invocations=1 (full 0):
 par new generation   total 109248K, used 93113K [0x00000000e0000000, 0x00000000e8000000, 0x00000000e8000000)
  eden space 87424K, 100% used [0x00000000e0000000, 0x00000000e5560000, 0x00000000e5560000)
  from space 21824K,  26% used [0x00000000e6ab0000, 0x00000000e703e678, 0x00000000e8000000)
  to   space 21824K,   0% used [0x00000000e5560000, 0x00000000e5560000, 0x00000000e6ab0000)
 concurrent mark-sweep generation total 393216K, used 0K [0x00000000e8000000, 0x0000000100000000, 0x0000000100000000)
 Metaspace       used 19735K, capacity 20116K, committed 20480K, reserved 1067008K
  class space    used 2351K, capacity 2488K, committed 2560K, reserved 1048576K
2016-03-07T17:05:00.546+0000: 5.956: [GC (Allocation Failure) 2016-03-07T17:05:00.546+0000: 5.956: [ParNew
Desired survivor size 20112992 bytes, new threshold 8 (max 8)
- age   1:    7812744 bytes,    7812744 total
- age   2:    2554032 bytes,   10366776 total
: 93113K->11282K(109248K), 0.0324461 secs] 93113K->11282K(502464K), 0.0326191 secs] [Times: user=0.06 sys=0.00, real=0.03 secs] 
Heap after GC invocations=2 (full 0):
 par new generation   total 109248K, used 11282K [0x00000000e0000000, 0x00000000e8000000, 0x00000000e8000000)
  eden space 87424K,   0% used [0x00000000e0000000, 0x00000000e0000000, 0x00000000e5560000)
  from space 21824K,  51% used [0x00000000e5560000, 0x00000000e6064ba0, 0x00000000e6ab0000)
  to   space 21824K,   0% used [0x00000000e6ab0000, 0x00000000e6ab0000, 0x00000000e8000000)
 concurrent mark-sweep generation total 393216K, used 0K [0x00000000e8000000, 0x0000000100000000, 0x0000000100000000)
 Metaspace       used 19735K, capacity 20116K, committed 20480K, reserved 1067008K
  class space    used 2351K, capacity 2488K, committed 2560K, reserved 1048576K
}
2016-03-07T17:05:00.579+0000: 5.989: Total time for which application threads were stopped: 0.0331000 seconds, Stopping threads took: 0.0001208 seconds
2016-03-07T17:05:00.609+0000: 6.019: Total time for which application threads were stopped: 0.0004509 seconds, Stopping threads took: 0.0000600 seconds
2016-03-07T17:05:00.612+0000: 6.022: Total time for which application threads were stopped: 0.0002093 seconds, Stopping threads took: 0.0000774 seconds
2016-03-07T17:05:00.613+0000: 6.023: Total time for which application threads were stopped: 0.0000971 seconds, Stopping threads took: 0.0000387 seconds
2016-03-07T17:05:00.620+0000: 6.030: Total time for which application threads were stopped: 0.0003388 seconds, Stopping threads took: 0.0002709 seconds
2016-03-07T17:05:00.809+0000: 6.219: Total time for which application threads were stopped: 0.0003506 seconds, Stopping threads took: 0.0000576 seconds
2016-03-07T17:05:00.834+0000: 6.244: Total time for which application threads were stopped: 0.0001808 seconds, Stopping threads took: 0.0000505 seconds
2016-03-07T17:05:00.835+0000: 6.245: Total time for which application threads were stopped: 0.0001216 seconds, Stopping threads took: 0.0000490 seconds
2016-03-07T17:05:00.880+0000: 6.290: Total time for which application threads were stopped: 0.0001619 seconds, Stopping threads took: 0.0000592 seconds
2016-03-07T17:05:00.987+0000: 6.397: Total time for which application threads were stopped: 0.0001540 seconds, Stopping threads took: 0.0000569 seconds
2016-03-07T17:05:01.099+0000: 6.509: Total time for which application threads were stopped: 0.0002432 seconds, Stopping threads took: 0.0000837 seconds
2016-03-07T17:05:01.234+0000: 6.644: Total time for which application threads were stopped: 0.0001737 seconds, Stopping threads took: 0.0000640 seconds
2016-03-07T17:05:01.297+0000: 6.707: Total time for which application threads were stopped: 0.0001935 seconds, Stopping threads took: 0.0000529 seconds
2016-03-07T17:05:01.428+0000: 6.839: Total time for which application threads were stopped: 0.0001445 seconds, Stopping threads took: 0.0000450 seconds
{Heap before GC invocations=2 (full 0):
 par new generation   total 109248K, used 98706K [0x00000000e0000000, 0x00000000e8000000, 0x00000000e8000000)
  eden space 87424K, 100% used [0x00000000e0000000, 0x00000000e5560000, 0x00000000e5560000)
  from space 21824K,  51% used [0x00000000e5560000, 0x00000000e6064ba0, 0x00000000e6ab0000)
  to   space 21824K,   0% used [0x00000000e6ab0000, 0x00000000e6ab0000, 0x00000000e8000000)
 concurrent mark-sweep generation total 393216K, used 0K [0x00000000e8000000, 0x0000000100000000, 0x0000000100000000)
 Metaspace       used 21374K, capacity 21728K, committed 21884K, reserved 1069056K
  class space    used 2544K, capacity 2682K, committed 2688K, reserved 1048576K
2016-03-07T17:05:01.480+0000: 6.890: [GC (Allocation Failure) 2016-03-07T17:05:01.480+0000: 6.890: [ParNew
Desired survivor size 20112992 bytes, new threshold 8 (max 8)
- age   1:    1859784 bytes,    1859784 total
- age   2:    2367752 bytes,    4227536 total
- age   3:    2550136 bytes,    6777672 total
: 98706K->12799K(109248K), 0.0288224 secs] 98706K->12799K(502464K), 0.0289819 secs] [Times: user=0.03 sys=0.00, real=0.03 secs] 
Heap after GC invocations=3 (full 0):
 par new generation   total 109248K, used 12799K [0x00000000e0000000, 0x00000000e8000000, 0x00000000e8000000)
  eden space 87424K,   0% used [0x00000000e0000000, 0x00000000e0000000, 0x00000000e5560000)
  from space 21824K,  58% used [0x00000000e6ab0000, 0x00000000e772fec0, 0x00000000e8000000)
  to   space 21824K,   0% used [0x00000000e5560000, 0x00000000e5560000, 0x00000000e6ab0000)
 concurrent mark-sweep generation total 393216K, used 0K [0x00000000e8000000, 0x0000000100000000, 0x0000000100000000)
 Metaspace       used 21374K, capacity 21728K, committed 21884K, reserved 1069056K
  class space    used 2544K, capacity 2682K, committed 2688K, reserved 1048576K
}
2016-03-07T17:05:01.509+0000: 6.919: Total time for which application threads were stopped: 0.0293957 seconds, Stopping threads took: 0.0000537 seconds
2016-03-07T17:05:01.512+0000: 6.922: [GC (CMS Initial Mark) [1 CMS-initial-mark: 0K(393216K)] 13831K(502464K), 0.0126447 secs] [Times: user=0.00 sys=0.00, real=0.01 secs] 
2016-03-07T17:05:01.524+0000: 6.934: Total time for which application threads were stopped: 0.0128856 seconds, Stopping threads took: 0.0000742 seconds
2016-03-07T17:05:01.524+0000: 6.934: [CMS-concurrent-mark-start]
2016-03-07T17:05:01.525+0000: 6.936: [CMS-concurrent-mark: 0.001/0.001 secs] [Times: user=0.02 sys=0.00, real=0.00 secs] 
2016-03-07T17:05:01.526+0000: 6.936: Total time for which application threads were stopped: 0.0001532 seconds, Stopping threads took: 0.0000482 seconds
2016-03-07T17:05:01.526+0000: 6.936: [CMS-concurrent-preclean-start]
2016-03-07T17:05:01.528+0000: 6.938: [CMS-concurrent-preclean: 0.002/0.002 secs] [Times: user=0.00 sys=0.00, real=0.00 secs] 
2016-03-07T17:05:01.542+0000: 6.952: [GC (CMS Final Remark) [YG occupancy: 15864 K (109248 K)]{Heap before GC invocations=3 (full 1):
 par new generation   total 109248K, used 15864K [0x00000000e0000000, 0x00000000e8000000, 0x00000000e8000000)
  eden space 87424K,   3% used [0x00000000e0000000, 0x00000000e02fe178, 0x00000000e5560000)
  from space 21824K,  58% used [0x00000000e6ab0000, 0x00000000e772fec0, 0x00000000e8000000)
  to   space 21824K,   0% used [0x00000000e5560000, 0x00000000e5560000, 0x00000000e6ab0000)
 concurrent mark-sweep generation total 393216K, used 0K [0x00000000e8000000, 0x0000000100000000, 0x0000000100000000)
 Metaspace       used 21375K, capacity 21728K, committed 21884K, reserved 1069056K
  class space    used 2544K, capacity 2682K, committed 2688K, reserved 1048576K
2016-03-07T17:05:01.543+0000: 6.953: [GC (CMS Final Remark) 2016-03-07T17:05:01.543+0000: 6.953: [ParNew
Desired survivor size 20112992 bytes, new threshold 8 (max 8)
- age   1:     175792 bytes,     175792 total
- age   2:     805024 bytes,     980816 total
- age   3:    2367752 bytes,    3348568 total
- age   4:    2550112 bytes,    5898680 total
: 15864K->6748K(109248K), 0.0239329 secs] 15864K->6748K(502464K), 0.0241192 secs] [Times: user=0.03 sys=0.00, real=0.02 secs] 
Heap after GC invocations=4 (full 1):
 par new generation   total 109248K, used 6748K [0x00000000e0000000, 0x00000000e8000000, 0x00000000e8000000)
  eden space 87424K,   0% used [0x00000000e0000000, 0x00000000e0000000, 0x00000000e5560000)
  from space 21824K,  30% used [0x00000000e5560000, 0x00000000e5bf7240, 0x00000000e6ab0000)
  to   space 21824K,   0% used [0x00000000e6ab0000, 0x00000000e6ab0000, 0x00000000e8000000)
 concurrent mark-sweep generation total 393216K, used 0K [0x00000000e8000000, 0x0000000100000000, 0x0000000100000000)
 Metaspace       used 21375K, capacity 21728K, committed 21884K, reserved 1069056K
  class space    used 2544K, capacity 2682K, committed 2688K, reserved 1048576K
}
2016-03-07T17:05:01.567+0000: 6.977: [Rescan (parallel) , 0.0085685 secs]2016-03-07T17:05:01.575+0000: 6.986: [weak refs processing, 0.0020531 secs]2016-03-07T17:05:01.578+0000: 6.988: [class unloading, 0.0067697 secs]2016-03-07T17:05:01.584+0000: 6.994: [scrub symbol table, 0.0098478 secs]2016-03-07T17:05:01.594+0000: 7.004: [scrub string table, 0.0006444 secs][1 CMS-remark: 0K(393216K)] 6748K(502464K), 0.0539366 secs] [Times: user=0.08 sys=0.00, real=0.05 secs] 
2016-03-07T17:05:01.596+0000: 7.007: Total time for which application threads were stopped: 0.0542935 seconds, Stopping threads took: 0.0001816 seconds
2016-03-07T17:05:01.597+0000: 7.007: [CMS-concurrent-sweep-start]
2016-03-07T17:05:01.597+0000: 7.007: [CMS-concurrent-sweep: 0.000/0.000 secs] [Times: user=0.00 sys=0.00, real=0.00 secs] 
2016-03-07T17:05:01.597+0000: 7.007: [CMS-concurrent-reset-start]
2016-03-07T17:05:01.602+0000: 7.012: [CMS-concurrent-reset: 0.005/0.005 secs] [Times: user=0.00 sys=0.00, real=0.01 secs] 
2016-03-07T17:05:01.831+0000: 7.241: Total time for which application threads were stopped: 0.0001785 seconds, Stopping threads took: 0.0000521 seconds
2016-03-07T17:05:01.831+0000: 7.241: Total time for which application threads were stopped: 0.0000711 seconds, Stopping threads took: 0.0000197 seconds
2016-03-07T17:05:01.831+0000: 7.242: Total time for which application threads were stopped: 0.0000711 seconds, Stopping threads took: 0.0000205 seconds
2016-03-07T17:05:01.832+0000: 7.242: Total time for which application threads were stopped: 0.0000687 seconds, Stopping threads took: 0.0000190 seconds
2016-03-07T17:05:01.832+0000: 7.242: Total time for which application threads were stopped: 0.0000726 seconds, Stopping threads took: 0.0000205 seconds
2016-03-07T17:05:01.832+0000: 7.242: Total time for which application threads were stopped: 0.0000687 seconds, Stopping threads took: 0.0000197 seconds
2016-03-07T17:05:01.832+0000: 7.242: Total time for which application threads were stopped: 0.0000648 seconds, Stopping threads took: 0.0000190 seconds
2016-03-07T17:05:01.832+0000: 7.242: Total time for which application threads were stopped: 0.0000655 seconds, Stopping threads took: 0.0000197 seconds
2016-03-07T17:05:01.832+0000: 7.243: Total time for which application threads were stopped: 0.0000655 seconds, Stopping threads took: 0.0000197 seconds
2016-03-07T17:05:01.833+0000: 7.243: Total time for which application threads were stopped: 0.0002472 seconds, Stopping threads took: 0.0000190 seconds
2016-03-07T17:05:01.842+0000: 7.252: Total time for which application threads were stopped: 0.0001327 seconds, Stopping threads took: 0.0000458 seconds
2016-03-07T17:05:01.843+0000: 7.253: Total time for which application threads were stopped: 0.0000869 seconds, Stopping threads took: 0.0000245 seconds
2016-03-07T17:05:01.843+0000: 7.253: Total time for which application threads were stopped: 0.0000695 seconds, Stopping threads took: 0.0000190 seconds
2016-03-07T17:05:02.037+0000: 7.447: Total time for which application threads were stopped: 0.0002369 seconds, Stopping threads took: 0.0000592 seconds
2016-03-07T17:05:02.039+0000: 7.449: Total time for which application threads were stopped: 0.0004627 seconds, Stopping threads took: 0.0000426 seconds
2016-03-07T17:05:02.189+0000: 7.599: Total time for which application threads were stopped: 0.0001911 seconds, Stopping threads took: 0.0000592 seconds
2016-03-07T17:05:02.193+0000: 7.604: Total time for which application threads were stopped: 0.0001540 seconds, Stopping threads took: 0.0000576 seconds
2016-03-07T17:05:02.196+0000: 7.606: Total time for which application threads were stopped: 0.0001485 seconds, Stopping threads took: 0.0000497 seconds
2016-03-07T17:05:02.215+0000: 7.625: Total time for which application threads were stopped: 0.0001256 seconds, Stopping threads took: 0.0000466 seconds
2016-03-07T17:05:02.388+0000: 7.798: Total time for which application threads were stopped: 0.0001216 seconds, Stopping threads took: 0.0000490 seconds
2016-03-07T17:05:02.522+0000: 7.933: Total time for which application threads were stopped: 0.0002290 seconds, Stopping threads took: 0.0000940 seconds
2016-03-07T17:05:02.525+0000: 7.935: Total time for which application threads were stopped: 0.0001295 seconds, Stopping threads took: 0.0000426 seconds
2016-03-07T17:05:02.680+0000: 8.090: Total time for which application threads were stopped: 0.0001445 seconds, Stopping threads took: 0.0000482 seconds
2016-03-07T17:05:02.686+0000: 8.097: Total time for which application threads were stopped: 0.0001350 seconds, Stopping threads took: 0.0000545 seconds
2016-03-07T17:05:02.802+0000: 8.212: Total time for which application threads were stopped: 0.0001319 seconds, Stopping threads took: 0.0000466 seconds
2016-03-07T17:05:02.829+0000: 8.239: Total time for which application threads were stopped: 0.0001998 seconds, Stopping threads took: 0.0000569 seconds
2016-03-07T17:05:03.079+0000: 8.490: Total time for which application threads were stopped: 0.0001824 seconds, Stopping threads took: 0.0000616 seconds
2016-03-07T17:05:03.083+0000: 8.493: Total time for which application threads were stopped: 0.0001184 seconds, Stopping threads took: 0.0000490 seconds
2016-03-07T17:05:03.084+0000: 8.494: Total time for which application threads were stopped: 0.0000940 seconds, Stopping threads took: 0.0000276 seconds
2016-03-07T17:05:03.085+0000: 8.495: Total time for which application threads were stopped: 0.0000782 seconds, Stopping threads took: 0.0000245 seconds
2016-03-07T17:05:04.772+0000: 10.184: Total time for which application threads were stopped: 0.0001350 seconds, Stopping threads took: 0.0000505 seconds
2016-03-07T17:05:04.772+0000: 10.184: Total time for which application threads were stopped: 0.0000750 seconds, Stopping threads took: 0.0000276 seconds
2016-03-07T17:05:04.772+0000: 10.186: Total time for which application threads were stopped: 0.0001129 seconds, Stopping threads took: 0.0000395 seconds
2016-03-07T17:05:04.772+0000: 10.191: Total time for which application threads were stopped: 0.0001335 seconds, Stopping threads took: 0.0000529 seconds
2016-03-07T17:05:04.782+0000: 10.194: Total time for which application threads were stopped: 0.0001319 seconds, Stopping threads took: 0.0000497 seconds
2016-03-07T17:05:04.782+0000: 10.195: Total time for which application threads were stopped: 0.0000758 seconds, Stopping threads took: 0.0000261 seconds
2016-03-07T17:05:04.782+0000: 10.200: Total time for which application threads were stopped: 0.0001184 seconds, Stopping threads took: 0.0000466 seconds
2016-03-07T17:05:04.782+0000: 10.200: Total time for which application threads were stopped: 0.0000726 seconds, Stopping threads took: 0.0000268 seconds
2016-03-07T17:05:04.782+0000: 10.202: Total time for which application threads were stopped: 0.0002274 seconds, Stopping threads took: 0.0000355 seconds
2016-03-07T17:05:04.842+0000: 10.252: Total time for which application threads were stopped: 0.0005907 seconds, Stopping threads took: 0.0000719 seconds
2016-03-07T17:05:04.844+0000: 10.263: Total time for which application threads were stopped: 0.0004817 seconds, Stopping threads took: 0.0000411 seconds
2016-03-07T17:05:04.864+0000: 10.281: Total time for which application threads were stopped: 0.0001232 seconds, Stopping threads took: 0.0000395 seconds
2016-03-07T17:05:04.874+0000: 10.289: Total time for which application threads were stopped: 0.0001437 seconds, Stopping threads took: 0.0000561 seconds
{Heap before GC invocations=4 (full 1):
 par new generation   total 109248K, used 94172K [0x00000000e0000000, 0x00000000e8000000, 0x00000000e8000000)
  eden space 87424K, 100% used [0x00000000e0000000, 0x00000000e5560000, 0x00000000e5560000)
  from space 21824K,  30% used [0x00000000e5560000, 0x00000000e5bf7240, 0x00000000e6ab0000)
  to   space 21824K,   0% used [0x00000000e6ab0000, 0x00000000e6ab0000, 0x00000000e8000000)
 concurrent mark-sweep generation total 393216K, used 0K [0x00000000e8000000, 0x0000000100000000, 0x0000000100000000)
 Metaspace       used 26920K, capacity 27304K, committed 27516K, reserved 1073152K
  class space    used 3241K, capacity 3370K, committed 3456K, reserved 1048576K
2016-03-07T17:05:05.272+0000: 10.682: [GC (Allocation Failure) 2016-03-07T17:05:05.272+0000: 10.682: [ParNew
Desired survivor size 20112992 bytes, new threshold 8 (max 8)
- age   1:    6073864 bytes,    6073864 total
- age   2:       2072 bytes,    6075936 total
- age   3:     244720 bytes,    6320656 total
- age   4:    2321352 bytes,    8642008 total
- age   5:    2549488 bytes,   11191496 total
: 94172K->14200K(109248K), 0.0356790 secs] 94172K->14200K(502464K), 0.0358456 secs] [Times: user=0.06 sys=0.00, real=0.03 secs] 
Heap after GC invocations=5 (full 1):
 par new generation   total 109248K, used 14200K [0x00000000e0000000, 0x00000000e8000000, 0x00000000e8000000)
  eden space 87424K,   0% used [0x00000000e0000000, 0x00000000e0000000, 0x00000000e5560000)
  from space 21824K,  65% used [0x00000000e6ab0000, 0x00000000e788e2a0, 0x00000000e8000000)
  to   space 21824K,   0% used [0x00000000e5560000, 0x00000000e5560000, 0x00000000e6ab0000)
 concurrent mark-sweep generation total 393216K, used 0K [0x00000000e8000000, 0x0000000100000000, 0x0000000100000000)
 Metaspace       used 26920K, capacity 27304K, committed 27516K, reserved 1073152K
  class space    used 3241K, capacity 3370K, committed 3456K, reserved 1048576K
}
2016-03-07T17:05:05.306+0000: 10.718: Total time for which application threads were stopped: 0.0362760 seconds, Stopping threads took: 0.0000442 seconds
2016-03-07T17:05:05.306+0000: 10.723: Total time for which application threads were stopped: 0.0001611 seconds, Stopping threads took: 0.0000703 seconds
2016-03-07T17:05:05.417+0000: 10.828: Total time for which application threads were stopped: 0.0001461 seconds, Stopping threads took: 0.0000474 seconds
2016-03-07T17:05:05.418+0000: 10.828: Total time for which application threads were stopped: 0.0001042 seconds, Stopping threads took: 0.0000300 seconds
2016-03-07T17:05:27.645+0000: 33.064: Total time for which application threads were stopped: 0.0001548 seconds, Stopping threads took: 0.0000592 seconds
2016-03-07T17:05:27.645+0000: 33.064: Total time for which application threads were stopped: 0.0000837 seconds, Stopping threads took: 0.0000284 seconds
2016-03-07T17:05:27.645+0000: 33.064: Total time for which application threads were stopped: 0.0000908 seconds, Stopping threads took: 0.0000332 seconds
2016-03-07T17:05:27.645+0000: 33.067: Total time for which application threads were stopped: 0.0001303 seconds, Stopping threads took: 0.0000490 seconds
2016-03-07T17:05:27.645+0000: 33.068: Total time for which application threads were stopped: 0.0000924 seconds, Stopping threads took: 0.0000324 seconds
2016-03-07T17:05:27.655+0000: 33.068: Total time for which application threads were stopped: 0.0000963 seconds, Stopping threads took: 0.0000347 seconds
2016-03-07T17:05:27.655+0000: 33.068: Total time for which application threads were stopped: 0.0000821 seconds, Stopping threads took: 0.0000308 seconds
2016-03-07T17:05:27.655+0000: 33.069: Total time for which application threads were stopped: 0.0000861 seconds, Stopping threads took: 0.0000292 seconds
2016-03-07T17:05:27.655+0000: 33.069: Total time for which application threads were stopped: 0.0000813 seconds, Stopping threads took: 0.0000292 seconds
2016-03-07T17:05:27.655+0000: 33.069: Total time for which application threads were stopped: 0.0000892 seconds, Stopping threads took: 0.0000292 seconds
2016-03-07T17:05:27.655+0000: 33.069: Total time for which application threads were stopped: 0.0000774 seconds, Stopping threads took: 0.0000261 seconds
2016-03-07T17:05:27.655+0000: 33.070: Total time for which application threads were stopped: 0.0000884 seconds, Stopping threads took: 0.0000308 seconds
2016-03-07T17:05:27.655+0000: 33.070: Total time for which application threads were stopped: 0.0000829 seconds, Stopping threads took: 0.0000276 seconds
2016-03-07T17:05:27.668+0000: 33.081: Total time for which application threads were stopped: 0.0010297 seconds, Stopping threads took: 0.0008805 seconds
2016-03-07T17:05:27.762+0000: 33.175: Total time for which application threads were stopped: 0.0001658 seconds, Stopping threads took: 0.0000663 seconds
2016-03-07T17:05:27.763+0000: 33.176: Total time for which application threads were stopped: 0.0000924 seconds, Stopping threads took: 0.0000300 seconds
2016-03-07T17:05:27.772+0000: 33.186: Total time for which application threads were stopped: 0.0001398 seconds, Stopping threads took: 0.0000482 seconds
2016-03-07T17:05:27.778+0000: 33.192: Total time for which application threads were stopped: 0.0001382 seconds, Stopping threads took: 0.0000497 seconds
2016-03-07T17:05:27.783+0000: 33.196: Total time for which application threads were stopped: 0.0001721 seconds, Stopping threads took: 0.0000411 seconds
2016-03-07T17:05:27.787+0000: 33.200: Total time for which application threads were stopped: 0.0001208 seconds, Stopping threads took: 0.0000411 seconds
2016-03-07T17:05:27.792+0000: 33.205: Total time for which application threads were stopped: 0.0001769 seconds, Stopping threads took: 0.0000482 seconds
2016-03-07T17:05:27.798+0000: 33.212: Total time for which application threads were stopped: 0.0001793 seconds, Stopping threads took: 0.0000861 seconds
2016-03-07T17:05:27.815+0000: 33.228: Total time for which application threads were stopped: 0.0001840 seconds, Stopping threads took: 0.0000529 seconds
2016-03-07T17:05:27.816+0000: 33.229: Total time for which application threads were stopped: 0.0001935 seconds, Stopping threads took: 0.0001074 seconds
2016-03-07T17:05:27.817+0000: 33.230: Total time for which application threads were stopped: 0.0001911 seconds, Stopping threads took: 0.0001263 seconds
2016-03-07T17:05:27.818+0000: 33.231: Total time for which application threads were stopped: 0.0014609 seconds, Stopping threads took: 0.0012216 seconds
2016-03-07T17:05:27.818+0000: 33.232: Total time for which application threads were stopped: 0.0000908 seconds, Stopping threads took: 0.0000332 seconds
2016-03-07T17:05:27.827+0000: 33.240: Total time for which application threads were stopped: 0.0001698 seconds, Stopping threads took: 0.0000569 seconds
2016-03-07T17:05:27.835+0000: 33.248: Total time for which application threads were stopped: 0.0002108 seconds, Stopping threads took: 0.0000592 seconds
2016-03-07T17:05:27.835+0000: 33.248: Total time for which application threads were stopped: 0.0000869 seconds, Stopping threads took: 0.0000316 seconds
2016-03-07T17:05:27.835+0000: 33.248: Total time for which application threads were stopped: 0.0000821 seconds, Stopping threads took: 0.0000284 seconds
2016-03-07T17:05:27.836+0000: 33.249: Total time for which application threads were stopped: 0.0001019 seconds, Stopping threads took: 0.0000363 seconds
2016-03-07T17:05:27.839+0000: 33.252: Total time for which application threads were stopped: 0.0001279 seconds, Stopping threads took: 0.0000411 seconds
2016-03-07T17:05:27.863+0000: 33.276: Total time for which application threads were stopped: 0.0001911 seconds, Stopping threads took: 0.0000971 seconds
2016-03-07T17:05:27.881+0000: 33.294: Total time for which application threads were stopped: 0.0081848 seconds, Stopping threads took: 0.0079889 seconds
2016-03-07T17:05:27.881+0000: 33.294: Total time for which application threads were stopped: 0.0001635 seconds, Stopping threads took: 0.0000355 seconds
2016-03-07T17:05:27.881+0000: 33.294: Total time for which application threads were stopped: 0.0000908 seconds, Stopping threads took: 0.0000268 seconds
2016-03-07T17:05:27.895+0000: 33.308: Total time for which application threads were stopped: 0.0004177 seconds, Stopping threads took: 0.0003222 seconds
2016-03-07T17:05:27.913+0000: 33.326: Total time for which application threads were stopped: 0.0001611 seconds, Stopping threads took: 0.0000608 seconds
2016-03-07T17:05:27.958+0000: 33.371: Total time for which application threads were stopped: 0.0001690 seconds, Stopping threads took: 0.0000561 seconds
2016-03-07T17:05:27.964+0000: 33.377: Total time for which application threads were stopped: 0.0001603 seconds, Stopping threads took: 0.0000584 seconds
2016-03-07T17:05:28.121+0000: 33.534: Total time for which application threads were stopped: 0.0001516 seconds, Stopping threads took: 0.0000584 seconds
2016-03-07T17:05:28.121+0000: 33.535: Total time for which application threads were stopped: 0.0000805 seconds, Stopping threads took: 0.0000261 seconds
2016-03-07T17:05:28.241+0000: 33.655: Total time for which application threads were stopped: 0.0072680 seconds, Stopping threads took: 0.0071211 seconds
2016-03-07T17:05:28.243+0000: 33.657: Total time for which application threads were stopped: 0.0012919 seconds, Stopping threads took: 0.0011805 seconds
2016-03-07T17:05:28.273+0000: 33.686: Total time for which application threads were stopped: 0.0025585 seconds, Stopping threads took: 0.0023879 seconds
2016-03-07T17:05:28.274+0000: 33.687: Total time for which application threads were stopped: 0.0001587 seconds, Stopping threads took: 0.0000474 seconds
2016-03-07T17:05:28.292+0000: 33.705: Total time for which application threads were stopped: 0.0026572 seconds, Stopping threads took: 0.0022553 seconds
2016-03-07T17:05:28.354+0000: 33.768: Total time for which application threads were stopped: 0.0001500 seconds, Stopping threads took: 0.0000474 seconds
2016-03-07T17:05:28.357+0000: 33.770: Total time for which application threads were stopped: 0.0001871 seconds, Stopping threads took: 0.0000561 seconds
2016-03-07T17:05:28.458+0000: 33.871: Total time for which application threads were stopped: 0.0177056 seconds, Stopping threads took: 0.0175524 seconds
2016-03-07T17:05:28.471+0000: 33.884: Total time for which application threads were stopped: 0.0005804 seconds, Stopping threads took: 0.0004233 seconds
2016-03-07T17:05:28.472+0000: 33.885: Total time for which application threads were stopped: 0.0001627 seconds, Stopping threads took: 0.0000403 seconds
2016-03-07T17:05:28.511+0000: 33.924: Total time for which application threads were stopped: 0.0003806 seconds, Stopping threads took: 0.0002329 seconds
2016-03-07T17:05:28.511+0000: 33.924: Total time for which application threads were stopped: 0.0001082 seconds, Stopping threads took: 0.0000340 seconds
2016-03-07T17:05:28.513+0000: 33.927: Total time for which application threads were stopped: 0.0001682 seconds, Stopping threads took: 0.0000576 seconds
2016-03-07T17:05:28.515+0000: 33.928: Total time for which application threads were stopped: 0.0010802 seconds, Stopping threads took: 0.0009223 seconds
2016-03-07T17:05:28.533+0000: 33.946: Total time for which application threads were stopped: 0.0001840 seconds, Stopping threads took: 0.0000600 seconds
2016-03-07T17:05:28.533+0000: 33.947: Total time for which application threads were stopped: 0.0000877 seconds, Stopping threads took: 0.0000261 seconds
2016-03-07T17:05:28.537+0000: 33.951: Total time for which application threads were stopped: 0.0015256 seconds, Stopping threads took: 0.0014182 seconds
2016-03-07T17:05:28.686+0000: 34.099: Total time for which application threads were stopped: 0.0001808 seconds, Stopping threads took: 0.0000679 seconds
2016-03-07T17:05:28.686+0000: 34.099: Total time for which application threads were stopped: 0.0000940 seconds, Stopping threads took: 0.0000340 seconds
2016-03-07T17:05:28.686+0000: 34.099: Total time for which application threads were stopped: 0.0000900 seconds, Stopping threads took: 0.0000308 seconds
2016-03-07T17:05:28.686+0000: 34.100: Total time for which application threads were stopped: 0.0000845 seconds, Stopping threads took: 0.0000292 seconds
2016-03-07T17:05:28.687+0000: 34.100: Total time for which application threads were stopped: 0.0000908 seconds, Stopping threads took: 0.0000300 seconds
2016-03-07T17:05:28.688+0000: 34.101: Total time for which application threads were stopped: 0.0001263 seconds, Stopping threads took: 0.0000466 seconds
2016-03-07T17:05:28.688+0000: 34.102: Total time for which application threads were stopped: 0.0000900 seconds, Stopping threads took: 0.0000347 seconds
2016-03-07T17:05:28.691+0000: 34.104: Total time for which application threads were stopped: 0.0001729 seconds, Stopping threads took: 0.0000648 seconds
2016-03-07T17:05:28.691+0000: 34.104: Total time for which application threads were stopped: 0.0000892 seconds, Stopping threads took: 0.0000316 seconds
2016-03-07T17:05:28.691+0000: 34.104: Total time for which application threads were stopped: 0.0000853 seconds, Stopping threads took: 0.0000300 seconds
2016-03-07T17:05:28.691+0000: 34.104: Total time for which application threads were stopped: 0.0000869 seconds, Stopping threads took: 0.0000308 seconds
2016-03-07T17:05:28.691+0000: 34.105: Total time for which application threads were stopped: 0.0000861 seconds, Stopping threads took: 0.0000308 seconds
2016-03-07T17:05:28.692+0000: 34.105: Total time for which application threads were stopped: 0.0000963 seconds, Stopping threads took: 0.0000347 seconds
2016-03-07T17:05:28.723+0000: 34.136: Total time for which application threads were stopped: 0.0001477 seconds, Stopping threads took: 0.0000553 seconds
2016-03-07T17:05:28.735+0000: 34.148: Total time for which application threads were stopped: 0.0001485 seconds, Stopping threads took: 0.0000482 seconds
2016-03-07T17:05:28.778+0000: 34.191: Total time for which application threads were stopped: 0.0001682 seconds, Stopping threads took: 0.0000632 seconds
2016-03-07T17:05:28.779+0000: 34.192: Total time for which application threads were stopped: 0.0001042 seconds, Stopping threads took: 0.0000387 seconds
2016-03-07T17:05:53.405+0000: 58.818: Total time for which application threads were stopped: 0.0001666 seconds, Stopping threads took: 0.0000513 seconds
2016-03-07T17:05:53.570+0000: 58.983: Total time for which application threads were stopped: 0.0002653 seconds, Stopping threads took: 0.0000466 seconds
2016-03-07T17:05:53.630+0000: 59.043: Total time for which application threads were stopped: 0.0002306 seconds, Stopping threads took: 0.0000529 seconds
2016-03-07T17:05:53.631+0000: 59.044: Total time for which application threads were stopped: 0.0001295 seconds, Stopping threads took: 0.0000426 seconds
2016-03-07T17:05:53.633+0000: 59.046: Total time for which application threads were stopped: 0.0001358 seconds, Stopping threads took: 0.0000434 seconds
2016-03-07T17:05:53.635+0000: 59.048: Total time for which application threads were stopped: 0.0001690 seconds, Stopping threads took: 0.0000537 seconds
2016-03-07T17:05:53.637+0000: 59.049: Total time for which application threads were stopped: 0.0001421 seconds, Stopping threads took: 0.0000442 seconds
2016-03-07T17:05:53.728+0000: 59.140: Total time for which application threads were stopped: 0.0001714 seconds, Stopping threads took: 0.0000687 seconds
2016-03-07T17:05:53.730+0000: 59.143: Total time for which application threads were stopped: 0.0001690 seconds, Stopping threads took: 0.0000474 seconds
2016-03-07T17:05:53.731+0000: 59.144: Total time for which application threads were stopped: 0.0001342 seconds, Stopping threads took: 0.0000395 seconds
2016-03-07T17:05:53.732+0000: 59.145: Total time for which application threads were stopped: 0.0000908 seconds, Stopping threads took: 0.0000253 seconds
2016-03-07T17:05:53.743+0000: 59.156: Total time for which application threads were stopped: 0.0001579 seconds, Stopping threads took: 0.0000490 seconds
2016-03-07T17:05:53.744+0000: 59.157: Total time for which application threads were stopped: 0.0001153 seconds, Stopping threads took: 0.0000347 seconds
2016-03-07T17:05:53.805+0000: 59.217: Total time for which application threads were stopped: 0.0001840 seconds, Stopping threads took: 0.0000576 seconds
2016-03-07T17:05:53.805+0000: 59.218: Total time for which application threads were stopped: 0.0000853 seconds, Stopping threads took: 0.0000229 seconds
2016-03-07T17:05:53.931+0000: 59.344: Total time for which application threads were stopped: 0.0001611 seconds, Stopping threads took: 0.0000497 seconds
2016-03-07T17:05:54.045+0000: 59.458: Total time for which application threads were stopped: 0.0002014 seconds, Stopping threads took: 0.0000482 seconds
2016-03-07T17:05:54.102+0000: 59.515: Total time for which application threads were stopped: 0.0001769 seconds, Stopping threads took: 0.0000513 seconds
2016-03-07T17:05:54.260+0000: 59.673: Total time for which application threads were stopped: 0.0001674 seconds, Stopping threads took: 0.0000482 seconds
{Heap before GC invocations=5 (full 1):
 par new generation   total 109248K, used 101624K [0x00000000e0000000, 0x00000000e8000000, 0x00000000e8000000)
  eden space 87424K, 100% used [0x00000000e0000000, 0x00000000e5560000, 0x00000000e5560000)
  from space 21824K,  65% used [0x00000000e6ab0000, 0x00000000e788e2a0, 0x00000000e8000000)
  to   space 21824K,   0% used [0x00000000e5560000, 0x00000000e5560000, 0x00000000e6ab0000)
 concurrent mark-sweep generation total 393216K, used 0K [0x00000000e8000000, 0x0000000100000000, 0x0000000100000000)
 Metaspace       used 27683K, capacity 28008K, committed 28284K, reserved 1075200K
  class space    used 3295K, capacity 3434K, committed 3456K, reserved 1048576K
2016-03-07T17:05:54.280+0000: 59.693: [GC (Allocation Failure) 2016-03-07T17:05:54.280+0000: 59.693: [ParNew
Desired survivor size 20112992 bytes, new threshold 8 (max 8)
- age   1:    2310584 bytes,    2310584 total
- age   2:    1452832 bytes,    3763416 total
- age   3:       2072 bytes,    3765488 total
- age   4:     240048 bytes,    4005536 total
- age   5:    2306240 bytes,    6311776 total
- age   6:    2521616 bytes,    8833392 total
: 101624K->10778K(109248K), 0.0555743 secs] 101624K->10778K(502464K), 0.0557149 secs] [Times: user=0.11 sys=0.00, real=0.06 secs] 
Heap after GC invocations=6 (full 1):
 par new generation   total 109248K, used 10778K [0x00000000e0000000, 0x00000000e8000000, 0x00000000e8000000)
  eden space 87424K,   0% used [0x00000000e0000000, 0x00000000e0000000, 0x00000000e5560000)
  from space 21824K,  49% used [0x00000000e5560000, 0x00000000e5fe6b40, 0x00000000e6ab0000)
  to   space 21824K,   0% used [0x00000000e6ab0000, 0x00000000e6ab0000, 0x00000000e8000000)
 concurrent mark-sweep generation total 393216K, used 0K [0x00000000e8000000, 0x0000000100000000, 0x0000000100000000)
 Metaspace       used 27683K, capacity 28008K, committed 28284K, reserved 1075200K
  class space    used 3295K, capacity 3434K, committed 3456K, reserved 1048576K
}
2016-03-07T17:05:54.336+0000: 59.749: Total time for which application threads were stopped: 0.0562361 seconds, Stopping threads took: 0.0000490 seconds
2016-03-07T17:05:54.357+0000: 59.769: Total time for which application threads were stopped: 0.0002890 seconds, Stopping threads took: 0.0000877 seconds
{Heap before GC invocations=6 (full 1):
 par new generation   total 109248K, used 98202K [0x00000000e0000000, 0x00000000e8000000, 0x00000000e8000000)
  eden space 87424K, 100% used [0x00000000e0000000, 0x00000000e5560000, 0x00000000e5560000)
  from space 21824K,  49% used [0x00000000e5560000, 0x00000000e5fe6b40, 0x00000000e6ab0000)
  to   space 21824K,   0% used [0x00000000e6ab0000, 0x00000000e6ab0000, 0x00000000e8000000)
 concurrent mark-sweep generation total 393216K, used 0K [0x00000000e8000000, 0x0000000100000000, 0x0000000100000000)
 Metaspace       used 27797K, capacity 28078K, committed 28284K, reserved 1075200K
  class space    used 3302K, capacity 3435K, committed 3456K, reserved 1048576K
2016-03-07T17:05:54.668+0000: 60.081: [GC (Allocation Failure) 2016-03-07T17:05:54.669+0000: 60.081: [ParNew
Desired survivor size 20112992 bytes, new threshold 8 (max 8)
- age   1:     302560 bytes,     302560 total
- age   2:    1722616 bytes,    2025176 total
- age   3:    1453160 bytes,    3478336 total
- age   4:       2072 bytes,    3480408 total
- age   5:     239864 bytes,    3720272 total
- age   6:    2306176 bytes,    6026448 total
- age   7:    2521616 bytes,    8548064 total
: 98202K->13680K(109248K), 0.0407257 secs] 98202K->13680K(502464K), 0.0409010 secs] [Times: user=0.08 sys=0.00, real=0.04 secs] 
Heap after GC invocations=7 (full 1):
 par new generation   total 109248K, used 13680K [0x00000000e0000000, 0x00000000e8000000, 0x00000000e8000000)
  eden space 87424K,   0% used [0x00000000e0000000, 0x00000000e0000000, 0x00000000e5560000)
  from space 21824K,  62% used [0x00000000e6ab0000, 0x00000000e780c018, 0x00000000e8000000)
  to   space 21824K,   0% used [0x00000000e5560000, 0x00000000e5560000, 0x00000000e6ab0000)
 concurrent mark-sweep generation total 393216K, used 0K [0x00000000e8000000, 0x0000000100000000, 0x0000000100000000)
 Metaspace       used 27797K, capacity 28078K, committed 28284K, reserved 1075200K
  class space    used 3302K, capacity 3435K, committed 3456K, reserved 1048576K
}
2016-03-07T17:05:54.710+0000: 60.122: Total time for which application threads were stopped: 0.0413558 seconds, Stopping threads took: 0.0000616 seconds
2016-03-07T17:05:54.726+0000: 60.139: Total time for which application threads were stopped: 0.0002835 seconds, Stopping threads took: 0.0001066 seconds
2016-03-07T17:05:54.729+0000: 60.142: Total time for which application threads were stopped: 0.0002211 seconds, Stopping threads took: 0.0000513 seconds
2016-03-07T17:05:55.050+0000: 60.463: Total time for which application threads were stopped: 0.0002274 seconds, Stopping threads took: 0.0000497 seconds
2016-03-07T17:05:55.229+0000: 60.642: Total time for which application threads were stopped: 0.0002077 seconds, Stopping threads took: 0.0000505 seconds
2016-03-07T17:05:55.237+0000: 60.650: Total time for which application threads were stopped: 0.0006720 seconds, Stopping threads took: 0.0000505 seconds
2016-03-07T17:05:55.251+0000: 60.664: Total time for which application threads were stopped: 0.0009973 seconds, Stopping threads took: 0.0000474 seconds
2016-03-07T17:05:55.276+0000: 60.689: Total time for which application threads were stopped: 0.0001461 seconds, Stopping threads took: 0.0000474 seconds
2016-03-07T17:05:55.280+0000: 60.693: Total time for which application threads were stopped: 0.0001421 seconds, Stopping threads took: 0.0000482 seconds
2016-03-07T17:05:55.283+0000: 60.696: Total time for which application threads were stopped: 0.0001453 seconds, Stopping threads took: 0.0000482 seconds
2016-03-07T17:05:55.380+0000: 60.793: Total time for which application threads were stopped: 0.0001469 seconds, Stopping threads took: 0.0000426 seconds
2016-03-07T17:05:55.394+0000: 60.807: Total time for which application threads were stopped: 0.0018968 seconds, Stopping threads took: 0.0017830 seconds
2016-03-07T17:05:55.395+0000: 60.808: Total time for which application threads were stopped: 0.0001785 seconds, Stopping threads took: 0.0000379 seconds
2016-03-07T17:05:55.487+0000: 60.900: Total time for which application threads were stopped: 0.0001469 seconds, Stopping threads took: 0.0000450 seconds
2016-03-07T17:05:55.619+0000: 61.032: Total time for which application threads were stopped: 0.0002077 seconds, Stopping threads took: 0.0000497 seconds
2016-03-07T17:05:55.620+0000: 61.033: Total time for which application threads were stopped: 0.0001406 seconds, Stopping threads took: 0.0000419 seconds
2016-03-07T17:05:55.621+0000: 61.034: Total time for which application threads were stopped: 0.0001216 seconds, Stopping threads took: 0.0000363 seconds
2016-03-07T17:05:55.631+0000: 61.044: Total time for which application threads were stopped: 0.0001453 seconds, Stopping threads took: 0.0000513 seconds
2016-03-07T17:05:55.645+0000: 61.058: Total time for which application threads were stopped: 0.0001690 seconds, Stopping threads took: 0.0000513 seconds
2016-03-07T17:05:55.666+0000: 61.079: Total time for which application threads were stopped: 0.0001595 seconds, Stopping threads took: 0.0000482 seconds
2016-03-07T17:05:55.788+0000: 61.201: Total time for which application threads were stopped: 0.0120722 seconds, Stopping threads took: 0.0119325 seconds
2016-03-07T17:05:55.788+0000: 61.201: Total time for which application threads were stopped: 0.0001532 seconds, Stopping threads took: 0.0000411 seconds
2016-03-07T17:05:55.815+0000: 61.228: Total time for which application threads were stopped: 0.0001974 seconds, Stopping threads took: 0.0000600 seconds
2016-03-07T17:05:55.818+0000: 61.231: Total time for which application threads were stopped: 0.0001477 seconds, Stopping threads took: 0.0000569 seconds
2016-03-07T17:05:55.948+0000: 61.361: Total time for which application threads were stopped: 0.0001603 seconds, Stopping threads took: 0.0000466 seconds
2016-03-07T17:05:56.099+0000: 61.512: Total time for which application threads were stopped: 0.0001595 seconds, Stopping threads took: 0.0000584 seconds
2016-03-07T17:05:56.100+0000: 61.512: Total time for which application threads were stopped: 0.0004777 seconds, Stopping threads took: 0.0000332 seconds
2016-03-07T17:05:56.136+0000: 61.549: Total time for which application threads were stopped: 0.0001871 seconds, Stopping threads took: 0.0000845 seconds
2016-03-07T17:05:56.136+0000: 61.549: Total time for which application threads were stopped: 0.0000845 seconds, Stopping threads took: 0.0000292 seconds
2016-03-07T17:05:56.136+0000: 61.549: Total time for which application threads were stopped: 0.0000813 seconds, Stopping threads took: 0.0000276 seconds
2016-03-07T17:05:56.309+0000: 61.722: Total time for which application threads were stopped: 0.0005646 seconds, Stopping threads took: 0.0004619 seconds
2016-03-07T17:05:56.309+0000: 61.722: Total time for which application threads were stopped: 0.0000924 seconds, Stopping threads took: 0.0000324 seconds
2016-03-07T17:06:00.457+0000: 65.870: Total time for which application threads were stopped: 0.0001824 seconds, Stopping threads took: 0.0000569 seconds
2016-03-07T17:06:00.506+0000: 65.919: Total time for which application threads were stopped: 0.0001714 seconds, Stopping threads took: 0.0000497 seconds
2016-03-07T17:06:00.508+0000: 65.921: Total time for which application threads were stopped: 0.0001113 seconds, Stopping threads took: 0.0000324 seconds
2016-03-07T17:06:00.584+0000: 65.997: Total time for which application threads were stopped: 0.0001761 seconds, Stopping threads took: 0.0000553 seconds
2016-03-07T17:06:01.584+0000: 66.997: Total time for which application threads were stopped: 0.0001477 seconds, Stopping threads took: 0.0000450 seconds
2016-03-07T17:06:01.825+0000: 67.238: Total time for which application threads were stopped: 0.0014522 seconds, Stopping threads took: 0.0008228 seconds
2016-03-07T17:06:01.838+0000: 67.252: Total time for which application threads were stopped: 0.0001500 seconds, Stopping threads took: 0.0000442 seconds
2016-03-07T17:06:01.975+0000: 67.388: Total time for which application threads were stopped: 0.0001832 seconds, Stopping threads took: 0.0000505 seconds
2016-03-07T17:06:01.978+0000: 67.391: Total time for which application threads were stopped: 0.0002093 seconds, Stopping threads took: 0.0000553 seconds
2016-03-07T17:06:01.981+0000: 67.394: Total time for which application threads were stopped: 0.0002472 seconds, Stopping threads took: 0.0000490 seconds
2016-03-07T17:06:01.982+0000: 67.395: Total time for which application threads were stopped: 0.0001485 seconds, Stopping threads took: 0.0000466 seconds
2016-03-07T17:06:01.991+0000: 67.404: Total time for which application threads were stopped: 0.0001990 seconds, Stopping threads took: 0.0000545 seconds
2016-03-07T17:06:01.995+0000: 67.408: Total time for which application threads were stopped: 0.0026027 seconds, Stopping threads took: 0.0000363 seconds
2016-03-07T17:06:02.006+0000: 67.419: Total time for which application threads were stopped: 0.0002622 seconds, Stopping threads took: 0.0001500 seconds
2016-03-07T17:06:02.006+0000: 67.419: Total time for which application threads were stopped: 0.0000877 seconds, Stopping threads took: 0.0000261 seconds
2016-03-07T17:06:02.006+0000: 67.419: Total time for which application threads were stopped: 0.0000955 seconds, Stopping threads took: 0.0000268 seconds
2016-03-07T17:06:02.006+0000: 67.419: Total time for which application threads were stopped: 0.0000877 seconds, Stopping threads took: 0.0000253 seconds
2016-03-07T17:06:02.006+0000: 67.419: Total time for which application threads were stopped: 0.0000892 seconds, Stopping threads took: 0.0000261 seconds
2016-03-07T17:06:02.007+0000: 67.420: Total time for which application threads were stopped: 0.0000908 seconds, Stopping threads took: 0.0000268 seconds
2016-03-07T17:06:02.007+0000: 67.420: Total time for which application threads were stopped: 0.0000861 seconds, Stopping threads took: 0.0000237 seconds
2016-03-07T17:06:02.008+0000: 67.421: Total time for which application threads were stopped: 0.0001192 seconds, Stopping threads took: 0.0000332 seconds
2016-03-07T17:06:02.008+0000: 67.421: Total time for which application threads were stopped: 0.0001027 seconds, Stopping threads took: 0.0000316 seconds
2016-03-07T17:06:02.009+0000: 67.422: Total time for which application threads were stopped: 0.0000995 seconds, Stopping threads took: 0.0000332 seconds
2016-03-07T17:06:02.019+0000: 67.432: Total time for which application threads were stopped: 0.0080955 seconds, Stopping threads took: 0.0079123 seconds
2016-03-07T17:06:02.031+0000: 67.444: Total time for which application threads were stopped: 0.0003238 seconds, Stopping threads took: 0.0002053 seconds
2016-03-07T17:06:02.041+0000: 67.454: Total time for which application threads were stopped: 0.0001611 seconds, Stopping threads took: 0.0000490 seconds
2016-03-07T17:06:02.049+0000: 67.462: Total time for which application threads were stopped: 0.0001737 seconds, Stopping threads took: 0.0000529 seconds
2016-03-07T17:06:02.050+0000: 67.463: Total time for which application threads were stopped: 0.0000979 seconds, Stopping threads took: 0.0000245 seconds
2016-03-07T17:06:03.002+0000: 68.415: Total time for which application threads were stopped: 0.0026311 seconds, Stopping threads took: 0.0024953 seconds
2016-03-07T17:06:03.006+0000: 68.419: Total time for which application threads were stopped: 0.0002093 seconds, Stopping threads took: 0.0000703 seconds
2016-03-07T17:06:03.017+0000: 68.430: Total time for which application threads were stopped: 0.0001556 seconds, Stopping threads took: 0.0000490 seconds
2016-03-07T17:06:03.022+0000: 68.436: Total time for which application threads were stopped: 0.0001682 seconds, Stopping threads took: 0.0000553 seconds
2016-03-07T17:06:03.023+0000: 68.436: Total time for which application threads were stopped: 0.0000963 seconds, Stopping threads took: 0.0000261 seconds
2016-03-07T17:06:03.025+0000: 68.438: Total time for which application threads were stopped: 0.0003435 seconds, Stopping threads took: 0.0000355 seconds
2016-03-07T17:06:03.048+0000: 68.461: Total time for which application threads were stopped: 0.0001469 seconds, Stopping threads took: 0.0000466 seconds
2016-03-07T17:06:03.073+0000: 68.486: Total time for which application threads were stopped: 0.0078389 seconds, Stopping threads took: 0.0077284 seconds
2016-03-07T17:06:03.073+0000: 68.486: Total time for which application threads were stopped: 0.0001327 seconds, Stopping threads took: 0.0000529 seconds
2016-03-07T17:06:03.093+0000: 68.506: Total time for which application threads were stopped: 0.0002227 seconds, Stopping threads took: 0.0000837 seconds
2016-03-07T17:06:03.099+0000: 68.512: Total time for which application threads were stopped: 0.0001856 seconds, Stopping threads took: 0.0000734 seconds
2016-03-07T17:06:03.106+0000: 68.519: Total time for which application threads were stopped: 0.0001690 seconds, Stopping threads took: 0.0000529 seconds
2016-03-07T17:06:03.106+0000: 68.519: Total time for which application threads were stopped: 0.0000877 seconds, Stopping threads took: 0.0000268 seconds
2016-03-07T17:06:03.109+0000: 68.522: Total time for which application threads were stopped: 0.0001453 seconds, Stopping threads took: 0.0000505 seconds
2016-03-07T17:06:03.118+0000: 68.531: Total time for which application threads were stopped: 0.0001627 seconds, Stopping threads took: 0.0000513 seconds
2016-03-07T17:06:03.122+0000: 68.535: Total time for which application threads were stopped: 0.0001508 seconds, Stopping threads took: 0.0000474 seconds
2016-03-07T17:06:03.123+0000: 68.536: Total time for which application threads were stopped: 0.0001153 seconds, Stopping threads took: 0.0000347 seconds
2016-03-07T17:06:03.141+0000: 68.554: Total time for which application threads were stopped: 0.0001911 seconds, Stopping threads took: 0.0000545 seconds
2016-03-07T17:06:03.257+0000: 68.670: Total time for which application threads were stopped: 0.0001698 seconds, Stopping threads took: 0.0000482 seconds
2016-03-07T17:06:03.258+0000: 68.671: Total time for which application threads were stopped: 0.0000869 seconds, Stopping threads took: 0.0000221 seconds
2016-03-07T17:06:03.258+0000: 68.671: Total time for which application threads were stopped: 0.0000782 seconds, Stopping threads took: 0.0000213 seconds
2016-03-07T17:06:03.258+0000: 68.671: Total time for which application threads were stopped: 0.0000774 seconds, Stopping threads took: 0.0000213 seconds
2016-03-07T17:06:03.258+0000: 68.671: Total time for which application threads were stopped: 0.0000884 seconds, Stopping threads took: 0.0000213 seconds
2016-03-07T17:06:03.258+0000: 68.672: Total time for which application threads were stopped: 0.0001042 seconds, Stopping threads took: 0.0000213 seconds
2016-03-07T17:06:03.259+0000: 68.672: Total time for which application threads were stopped: 0.0000845 seconds, Stopping threads took: 0.0000221 seconds
2016-03-07T17:06:03.266+0000: 68.679: Total time for which application threads were stopped: 0.0001587 seconds, Stopping threads took: 0.0000466 seconds
2016-03-07T17:06:03.266+0000: 68.679: Total time for which application threads were stopped: 0.0000774 seconds, Stopping threads took: 0.0000213 seconds
2016-03-07T17:06:03.266+0000: 68.679: Total time for which application threads were stopped: 0.0000742 seconds, Stopping threads took: 0.0000197 seconds
2016-03-07T17:06:03.266+0000: 68.679: Total time for which application threads were stopped: 0.0000750 seconds, Stopping threads took: 0.0000205 seconds
2016-03-07T17:06:03.267+0000: 68.680: Total time for which application threads were stopped: 0.0001248 seconds, Stopping threads took: 0.0000403 seconds
2016-03-07T17:06:03.267+0000: 68.681: Total time for which application threads were stopped: 0.0000798 seconds, Stopping threads took: 0.0000213 seconds
2016-03-07T17:06:03.268+0000: 68.681: Total time for which application threads were stopped: 0.0000750 seconds, Stopping threads took: 0.0000197 seconds
2016-03-07T17:06:03.278+0000: 68.691: Total time for which application threads were stopped: 0.0001508 seconds, Stopping threads took: 0.0000482 seconds
2016-03-07T17:06:03.281+0000: 68.694: Total time for which application threads were stopped: 0.0001445 seconds, Stopping threads took: 0.0000466 seconds
2016-03-07T17:06:03.282+0000: 68.695: Total time for which application threads were stopped: 0.0001208 seconds, Stopping threads took: 0.0000347 seconds
2016-03-07T17:06:03.284+0000: 68.697: Total time for which application threads were stopped: 0.0001184 seconds, Stopping threads took: 0.0000316 seconds
2016-03-07T17:06:03.285+0000: 68.698: Total time for which application threads were stopped: 0.0001113 seconds, Stopping threads took: 0.0000300 seconds
2016-03-07T17:06:03.287+0000: 68.700: Total time for which application threads were stopped: 0.0001319 seconds, Stopping threads took: 0.0000371 seconds
2016-03-07T17:06:03.317+0000: 68.730: Total time for which application threads were stopped: 0.0001611 seconds, Stopping threads took: 0.0000466 seconds
2016-03-07T17:06:03.324+0000: 68.738: Total time for which application threads were stopped: 0.0003238 seconds, Stopping threads took: 0.0000426 seconds
2016-03-07T17:06:03.437+0000: 68.850: Total time for which application threads were stopped: 0.1029860 seconds, Stopping threads took: 0.1023219 seconds
2016-03-07T17:06:03.738+0000: 69.151: Total time for which application threads were stopped: 0.0007565 seconds, Stopping threads took: 0.0000513 seconds
2016-03-07T17:06:03.870+0000: 69.283: Total time for which application threads were stopped: 0.0007257 seconds, Stopping threads took: 0.0000482 seconds
2016-03-07T17:06:03.872+0000: 69.285: Total time for which application threads were stopped: 0.0005993 seconds, Stopping threads took: 0.0000387 seconds
2016-03-07T17:06:04.106+0000: 69.519: Total time for which application threads were stopped: 0.0002219 seconds, Stopping threads took: 0.0000648 seconds
2016-03-07T17:06:04.941+0000: 70.355: Total time for which application threads were stopped: 0.0003538 seconds, Stopping threads took: 0.0000774 seconds
2016-03-07T17:06:04.955+0000: 70.368: Total time for which application threads were stopped: 0.0003435 seconds, Stopping threads took: 0.0000932 seconds
2016-03-07T17:06:05.042+0000: 70.465: Total time for which application threads were stopped: 0.0001540 seconds, Stopping threads took: 0.0000474 seconds
2016-03-07T17:06:05.083+0000: 70.496: Total time for which application threads were stopped: 0.0007446 seconds, Stopping threads took: 0.0000576 seconds
2016-03-07T17:06:05.848+0000: 71.262: Total time for which application threads were stopped: 0.0002195 seconds, Stopping threads took: 0.0000584 seconds
2016-03-07T17:06:05.918+0000: 71.331: Total time for which application threads were stopped: 0.0001698 seconds, Stopping threads took: 0.0000592 seconds
2016-03-07T17:06:06.082+0000: 71.500: Total time for which application threads were stopped: 0.0001508 seconds, Stopping threads took: 0.0000426 seconds
2016-03-07T17:06:06.082+0000: 71.502: Total time for which application threads were stopped: 0.0001303 seconds, Stopping threads took: 0.0000474 seconds
2016-03-07T17:06:06.092+0000: 71.513: Total time for which application threads were stopped: 0.0001406 seconds, Stopping threads took: 0.0000403 seconds
2016-03-07T17:06:06.092+0000: 71.513: Total time for which application threads were stopped: 0.0000821 seconds, Stopping threads took: 0.0000213 seconds
2016-03-07T17:06:06.092+0000: 71.513: Total time for which application threads were stopped: 0.0000774 seconds, Stopping threads took: 0.0000197 seconds
2016-03-07T17:06:06.092+0000: 71.513: Total time for which application threads were stopped: 0.0000766 seconds, Stopping threads took: 0.0000197 seconds
2016-03-07T17:06:06.127+0000: 71.540: Total time for which application threads were stopped: 0.0001587 seconds, Stopping threads took: 0.0000466 seconds
2016-03-07T17:06:07.132+0000: 72.545: Total time for which application threads were stopped: 0.0001548 seconds, Stopping threads took: 0.0000529 seconds
2016-03-07T17:06:10.132+0000: 75.545: Total time for which application threads were stopped: 0.0001919 seconds, Stopping threads took: 0.0000545 seconds
2016-03-07T17:06:19.162+0000: 84.575: Total time for which application threads were stopped: 0.0001469 seconds, Stopping threads took: 0.0000561 seconds
{Heap before GC invocations=7 (full 1):
 par new generation   total 109248K, used 101104K [0x00000000e0000000, 0x00000000e8000000, 0x00000000e8000000)
  eden space 87424K, 100% used [0x00000000e0000000, 0x00000000e5560000, 0x00000000e5560000)
  from space 21824K,  62% used [0x00000000e6ab0000, 0x00000000e780c018, 0x00000000e8000000)
  to   space 21824K,   0% used [0x00000000e5560000, 0x00000000e5560000, 0x00000000e6ab0000)
 concurrent mark-sweep generation total 393216K, used 0K [0x00000000e8000000, 0x0000000100000000, 0x0000000100000000)
 Metaspace       used 33271K, capacity 33696K, committed 33916K, reserved 1079296K
  class space    used 3820K, capacity 3962K, committed 3968K, reserved 1048576K
2016-03-07T17:06:28.831+0000: 94.247: [GC (Allocation Failure) 2016-03-07T17:06:28.831+0000: 94.248: [ParNew
Desired survivor size 20112992 bytes, new threshold 8 (max 8)
- age   1:   10593736 bytes,   10593736 total
- age   2:     102960 bytes,   10696696 total
- age   3:    1136688 bytes,   11833384 total
- age   4:    1395424 bytes,   13228808 total
- age   5:       2072 bytes,   13230880 total
- age   6:     232040 bytes,   13462920 total
- age   7:    2267776 bytes,   15730696 total
- age   8:    2511952 bytes,   18242648 total
: 101104K->19606K(109248K), 0.0575769 secs] 101104K->19606K(502464K), 0.0578880 secs] [Times: user=0.11 sys=0.00, real=0.06 secs] 
Heap after GC invocations=8 (full 1):
 par new generation   total 109248K, used 19606K [0x00000000e0000000, 0x00000000e8000000, 0x00000000e8000000)
  eden space 87424K,   0% used [0x00000000e0000000, 0x00000000e0000000, 0x00000000e5560000)
  from space 21824K,  89% used [0x00000000e5560000, 0x00000000e6885ab8, 0x00000000e6ab0000)
  to   space 21824K,   0% used [0x00000000e6ab0000, 0x00000000e6ab0000, 0x00000000e8000000)
 concurrent mark-sweep generation total 393216K, used 0K [0x00000000e8000000, 0x0000000100000000, 0x0000000100000000)
 Metaspace       used 33271K, capacity 33696K, committed 33916K, reserved 1079296K
  class space    used 3820K, capacity 3962K, committed 3968K, reserved 1048576K
}
2016-03-07T17:06:28.889+0000: 94.305: Total time for which application threads were stopped: 0.0582971 seconds, Stopping threads took: 0.0000474 seconds
2016-03-07T17:06:28.890+0000: 94.307: Total time for which application threads were stopped: 0.0001453 seconds, Stopping threads took: 0.0000545 seconds
2016-03-07T17:06:28.891+0000: 94.307: Total time for which application threads were stopped: 0.0000837 seconds, Stopping threads took: 0.0000245 seconds
2016-03-07T17:06:28.892+0000: 94.308: Total time for which application threads were stopped: 0.0001161 seconds, Stopping threads took: 0.0000419 seconds
2016-03-07T17:06:58.951+0000: 124.366: Total time for which application threads were stopped: 0.0001587 seconds, Stopping threads took: 0.0000553 seconds
2016-03-07T17:07:08.960+0000: 134.375: Total time for which application threads were stopped: 0.0001564 seconds, Stopping threads took: 0.0000490 seconds
2016-03-07T17:08:29.167+0000: 214.584: Total time for which application threads were stopped: 0.0001887 seconds, Stopping threads took: 0.0000711 seconds
2016-03-07T17:20:59.700+0000: 965.129: Total time for which application threads were stopped: 0.0001919 seconds, Stopping threads took: 0.0000608 seconds
2016-03-07T17:26:20.330+0000: 1285.776: Total time for which application threads were stopped: 0.0001903 seconds, Stopping threads took: 0.0000624 seconds
2016-03-07T17:30:25.420+0000: 1530.882: Total time for which application threads were stopped: 0.0001848 seconds, Stopping threads took: 0.0000569 seconds
2016-03-07T17:48:05.578+0000: 2591.083: Total time for which application threads were stopped: 0.0001927 seconds, Stopping threads took: 0.0000624 seconds
2016-03-07T17:59:40.802+0000: 3286.350: Total time for which application threads were stopped: 0.0001856 seconds, Stopping threads took: 0.0000592 seconds
2016-03-07T18:00:20.830+0000: 3326.378: Total time for which application threads were stopped: 0.0001564 seconds, Stopping threads took: 0.0000497 seconds
2016-03-07T18:01:59.842+0000: 3425.396: Total time for which application threads were stopped: 0.0001808 seconds, Stopping threads took: 0.0000545 seconds
2016-03-07T18:07:24.920+0000: 3750.494: Total time for which application threads were stopped: 0.0002108 seconds, Stopping threads took: 0.0000655 seconds
2016-03-07T18:07:24.941+0000: 3750.517: Total time for which application threads were stopped: 0.0001437 seconds, Stopping threads took: 0.0000434 seconds
2016-03-07T18:07:24.941+0000: 3750.520: Total time for which application threads were stopped: 0.0001184 seconds, Stopping threads took: 0.0000340 seconds
2016-03-07T18:07:24.941+0000: 3750.521: Total time for which application threads were stopped: 0.0000758 seconds, Stopping threads took: 0.0000205 seconds
2016-03-07T18:07:24.941+0000: 3750.521: Total time for which application threads were stopped: 0.0000734 seconds, Stopping threads took: 0.0000197 seconds
2016-03-07T18:07:24.941+0000: 3750.522: Total time for which application threads were stopped: 0.0000766 seconds, Stopping threads took: 0.0000205 seconds
2016-03-07T18:07:24.941+0000: 3750.522: Total time for which application threads were stopped: 0.0000758 seconds, Stopping threads took: 0.0000197 seconds
2016-03-07T18:07:24.941+0000: 3750.523: Total time for which application threads were stopped: 0.0001042 seconds, Stopping threads took: 0.0000403 seconds
2016-03-07T18:07:24.951+0000: 3750.524: Total time for which application threads were stopped: 0.0002037 seconds, Stopping threads took: 0.0000758 seconds
2016-03-07T18:07:24.951+0000: 3750.524: Total time for which application threads were stopped: 0.0000971 seconds, Stopping threads took: 0.0000387 seconds
2016-03-07T18:07:24.951+0000: 3750.525: Total time for which application threads were stopped: 0.0000924 seconds, Stopping threads took: 0.0000395 seconds
2016-03-07T18:07:24.951+0000: 3750.525: Total time for which application threads were stopped: 0.0000955 seconds, Stopping threads took: 0.0000411 seconds
2016-03-07T18:07:24.951+0000: 3750.527: Total time for which application threads were stopped: 0.0001469 seconds, Stopping threads took: 0.0000245 seconds
2016-03-07T18:07:24.951+0000: 3750.528: Total time for which application threads were stopped: 0.0000924 seconds, Stopping threads took: 0.0000213 seconds
2016-03-07T18:07:24.951+0000: 3750.529: Total time for which application threads were stopped: 0.0001058 seconds, Stopping threads took: 0.0000371 seconds
2016-03-07T18:07:24.951+0000: 3750.529: Total time for which application threads were stopped: 0.0001113 seconds, Stopping threads took: 0.0000308 seconds
2016-03-07T18:07:24.951+0000: 3750.530: Total time for which application threads were stopped: 0.0001358 seconds, Stopping threads took: 0.0000663 seconds
2016-03-07T18:07:24.951+0000: 3750.530: Total time for which application threads were stopped: 0.0001074 seconds, Stopping threads took: 0.0000450 seconds
2016-03-07T18:07:24.951+0000: 3750.530: Total time for which application threads were stopped: 0.0001066 seconds, Stopping threads took: 0.0000387 seconds
2016-03-07T18:07:24.951+0000: 3750.530: Total time for which application threads were stopped: 0.0001011 seconds, Stopping threads took: 0.0000387 seconds
2016-03-07T18:07:24.951+0000: 3750.530: Total time for which application threads were stopped: 0.0001003 seconds, Stopping threads took: 0.0000387 seconds
2016-03-07T18:07:24.951+0000: 3750.532: Total time for which application threads were stopped: 0.0001256 seconds, Stopping threads took: 0.0000387 seconds
2016-03-07T18:07:24.951+0000: 3750.532: Total time for which application threads were stopped: 0.0000971 seconds, Stopping threads took: 0.0000332 seconds
2016-03-07T18:07:24.951+0000: 3750.533: Total time for which application threads were stopped: 0.0001635 seconds, Stopping threads took: 0.0000411 seconds
2016-03-07T18:07:24.951+0000: 3750.534: Total time for which application threads were stopped: 0.0000829 seconds, Stopping threads took: 0.0000308 seconds
2016-03-07T18:07:24.961+0000: 3750.535: Total time for which application threads were stopped: 0.0001050 seconds, Stopping threads took: 0.0000379 seconds
2016-03-07T18:07:24.975+0000: 3750.548: Total time for which application threads were stopped: 0.0001019 seconds, Stopping threads took: 0.0000332 seconds
2016-03-07T18:07:24.975+0000: 3750.549: Total time for which application threads were stopped: 0.0000553 seconds, Stopping threads took: 0.0000190 seconds
2016-03-07T18:07:24.975+0000: 3750.549: Total time for which application threads were stopped: 0.0000655 seconds, Stopping threads took: 0.0000292 seconds
2016-03-07T18:07:24.976+0000: 3750.549: Total time for which application threads were stopped: 0.0000695 seconds, Stopping threads took: 0.0000316 seconds
2016-03-07T18:07:24.976+0000: 3750.550: Total time for which application threads were stopped: 0.0000632 seconds, Stopping threads took: 0.0000276 seconds
Heap
 par new generation   total 109248K, used 28748K [0x00000000e0000000, 0x00000000e8000000, 0x00000000e8000000)
  eden space 87424K,  10% used [0x00000000e0000000, 0x00000000e08ed738, 0x00000000e5560000)
  from space 21824K,  89% used [0x00000000e5560000, 0x00000000e6885ab8, 0x00000000e6ab0000)
  to   space 21824K,   0% used [0x00000000e6ab0000, 0x00000000e6ab0000, 0x00000000e8000000)
 concurrent mark-sweep generation total 393216K, used 0K [0x00000000e8000000, 0x0000000100000000, 0x0000000100000000)
 Metaspace       used 33338K, capacity 33696K, committed 33916K, reserved 1079296K
  class space    used 3827K, capacity 3962K, committed 3968K, reserved 1048576K
