Java HotSpot(TM) 64-Bit Server VM (25.73-b02) for windows-amd64 JRE (1.8.0_73-b02), built on Jan 29 2016 17:38:49 by "java_re" with MS VC++ 10.0 (VS2010)
Memory: 4k page, physical 4027256k(955940k free), swap 8052676k(2470976k free)
CommandLine flags: -XX:CMSInitiatingOccupancyFraction=50 -XX:CMSMaxAbortablePrecleanTime=6000 -XX:+CMSParallelRemarkEnabled -XX:+CMSScavengeBeforeRemark -XX:ConcGCThreads=4 -XX:InitialHeapSize=536870912 -XX:MaxHeapSize=536870912 -XX:MaxTenuringThreshold=8 -XX:NewRatio=3 -XX:OldPLABSize=16 -XX:ParallelGCThreads=4 -XX:+ParallelRefProcEnabled -XX:PretenureSizeThreshold=67108864 -XX:+PrintGC -XX:+PrintGCApplicationStoppedTime -XX:+PrintGCDateStamps -XX:+PrintGCDetails -XX:+PrintGCTimeStamps -XX:+PrintHeapAtGC -XX:+PrintTenuringDistribution -XX:SurvivorRatio=4 -XX:TargetSurvivorRatio=90 -XX:ThreadStackSize=256 -XX:+UseCMSInitiatingOccupancyOnly -XX:+UseCompressedClassPointers -XX:+UseCompressedOops -XX:+UseConcMarkSweepGC -XX:-UseLargePagesIndividualAllocation -XX:+UseParNewGC 
2016-02-26T10:50:59.099+0000: 1.248: Total time for which application threads were stopped: 0.1578844 seconds, Stopping threads took: 0.0000387 seconds
2016-02-26T10:51:00.256+0000: 2.388: Total time for which application threads were stopped: 0.0001642 seconds, Stopping threads took: 0.0000442 seconds
2016-02-26T10:51:00.608+0000: 2.740: Total time for which application threads were stopped: 0.0002029 seconds, Stopping threads took: 0.0000316 seconds
2016-02-26T10:51:00.990+0000: 3.122: Total time for which application threads were stopped: 0.0002045 seconds, Stopping threads took: 0.0000442 seconds
2016-02-26T10:51:01.990+0000: 4.122: Total time for which application threads were stopped: 0.0001382 seconds, Stopping threads took: 0.0000395 seconds
2016-02-26T10:51:02.382+0000: 4.515: Total time for which application threads were stopped: 0.0002464 seconds, Stopping threads took: 0.0000466 seconds
2016-02-26T10:51:02.450+0000: 4.582: Total time for which application threads were stopped: 0.0002930 seconds, Stopping threads took: 0.0000403 seconds
2016-02-26T10:51:02.661+0000: 4.793: Total time for which application threads were stopped: 0.0002961 seconds, Stopping threads took: 0.0000497 seconds
2016-02-26T10:51:02.704+0000: 4.836: Total time for which application threads were stopped: 0.0002574 seconds, Stopping threads took: 0.0000395 seconds
2016-02-26T10:51:03.720+0000: 5.852: Total time for which application threads were stopped: 0.0001564 seconds, Stopping threads took: 0.0000505 seconds
{Heap before GC invocations=0 (full 0):
 par new generation   total 109248K, used 87424K [0x00000000e0000000, 0x00000000e8000000, 0x00000000e8000000)
  eden space 87424K, 100% used [0x00000000e0000000, 0x00000000e5560000, 0x00000000e5560000)
  from space 21824K,   0% used [0x00000000e5560000, 0x00000000e5560000, 0x00000000e6ab0000)
  to   space 21824K,   0% used [0x00000000e6ab0000, 0x00000000e6ab0000, 0x00000000e8000000)
 concurrent mark-sweep generation total 393216K, used 0K [0x00000000e8000000, 0x0000000100000000, 0x0000000100000000)
 Metaspace       used 10139K, capacity 10344K, committed 10496K, reserved 1058816K
  class space    used 1166K, capacity 1212K, committed 1280K, reserved 1048576K
2016-02-26T10:51:04.098+0000: 6.231: [GC (Allocation Failure) 2016-02-26T10:51:04.099+0000: 6.231: [ParNew
Desired survivor size 20112992 bytes, new threshold 8 (max 8)
- age   1:    5740104 bytes,    5740104 total
: 87424K->5682K(109248K), 0.0513844 secs] 87424K->5682K(502464K), 0.0517998 secs] [Times: user=0.03 sys=0.02, real=0.05 secs] 
Heap after GC invocations=1 (full 0):
 par new generation   total 109248K, used 5682K [0x00000000e0000000, 0x00000000e8000000, 0x00000000e8000000)
  eden space 87424K,   0% used [0x00000000e0000000, 0x00000000e0000000, 0x00000000e5560000)
  from space 21824K,  26% used [0x00000000e6ab0000, 0x00000000e703c860, 0x00000000e8000000)
  to   space 21824K,   0% used [0x00000000e5560000, 0x00000000e5560000, 0x00000000e6ab0000)
 concurrent mark-sweep generation total 393216K, used 0K [0x00000000e8000000, 0x0000000100000000, 0x0000000100000000)
 Metaspace       used 10139K, capacity 10344K, committed 10496K, reserved 1058816K
  class space    used 1166K, capacity 1212K, committed 1280K, reserved 1048576K
}
2016-02-26T10:51:04.150+0000: 6.283: Total time for which application threads were stopped: 0.0522459 seconds, Stopping threads took: 0.0000640 seconds
2016-02-26T10:51:04.153+0000: 6.286: Total time for which application threads were stopped: 0.0008718 seconds, Stopping threads took: 0.0007107 seconds
2016-02-26T10:51:04.157+0000: 6.289: Total time for which application threads were stopped: 0.0028309 seconds, Stopping threads took: 0.0027093 seconds
2016-02-26T10:51:04.157+0000: 6.290: Total time for which application threads were stopped: 0.0001177 seconds, Stopping threads took: 0.0000300 seconds
2016-02-26T10:51:04.157+0000: 6.290: Total time for which application threads were stopped: 0.0001145 seconds, Stopping threads took: 0.0000292 seconds
2016-02-26T10:51:04.158+0000: 6.290: Total time for which application threads were stopped: 0.0001216 seconds, Stopping threads took: 0.0000300 seconds
2016-02-26T10:51:04.158+0000: 6.290: Total time for which application threads were stopped: 0.0001074 seconds, Stopping threads took: 0.0000245 seconds
2016-02-26T10:51:04.158+0000: 6.290: Total time for which application threads were stopped: 0.0001098 seconds, Stopping threads took: 0.0000245 seconds
2016-02-26T10:51:04.158+0000: 6.290: Total time for which application threads were stopped: 0.0001129 seconds, Stopping threads took: 0.0000292 seconds
2016-02-26T10:51:04.159+0000: 6.291: Total time for which application threads were stopped: 0.0001413 seconds, Stopping threads took: 0.0000355 seconds
2016-02-26T10:51:04.159+0000: 6.292: Total time for which application threads were stopped: 0.0001137 seconds, Stopping threads took: 0.0000300 seconds
2016-02-26T10:51:04.159+0000: 6.292: Total time for which application threads were stopped: 0.0001129 seconds, Stopping threads took: 0.0000300 seconds
2016-02-26T10:51:04.159+0000: 6.292: Total time for which application threads were stopped: 0.0001106 seconds, Stopping threads took: 0.0000292 seconds
2016-02-26T10:51:04.160+0000: 6.292: Total time for which application threads were stopped: 0.0001413 seconds, Stopping threads took: 0.0000584 seconds
2016-02-26T10:51:04.160+0000: 6.292: Total time for which application threads were stopped: 0.0001642 seconds, Stopping threads took: 0.0000292 seconds
2016-02-26T10:51:04.160+0000: 6.292: Total time for which application threads were stopped: 0.0001121 seconds, Stopping threads took: 0.0000292 seconds
2016-02-26T10:51:04.162+0000: 6.295: Total time for which application threads were stopped: 0.0001271 seconds, Stopping threads took: 0.0000292 seconds
2016-02-26T10:51:04.163+0000: 6.295: Total time for which application threads were stopped: 0.0001169 seconds, Stopping threads took: 0.0000292 seconds
2016-02-26T10:51:04.164+0000: 6.296: Total time for which application threads were stopped: 0.0001232 seconds, Stopping threads took: 0.0000324 seconds
2016-02-26T10:51:04.164+0000: 6.297: Total time for which application threads were stopped: 0.0001106 seconds, Stopping threads took: 0.0000276 seconds
2016-02-26T10:51:04.164+0000: 6.297: Total time for which application threads were stopped: 0.0001129 seconds, Stopping threads took: 0.0000276 seconds
2016-02-26T10:51:04.165+0000: 6.297: Total time for which application threads were stopped: 0.0001137 seconds, Stopping threads took: 0.0000276 seconds
2016-02-26T10:51:04.165+0000: 6.297: Total time for which application threads were stopped: 0.0002045 seconds, Stopping threads took: 0.0000261 seconds
2016-02-26T10:51:04.166+0000: 6.299: Total time for which application threads were stopped: 0.0001374 seconds, Stopping threads took: 0.0000332 seconds
2016-02-26T10:51:04.166+0000: 6.299: Total time for which application threads were stopped: 0.0001145 seconds, Stopping threads took: 0.0000292 seconds
2016-02-26T10:51:04.614+0000: 6.747: Total time for which application threads were stopped: 0.0003522 seconds, Stopping threads took: 0.0000442 seconds
2016-02-26T10:51:05.440+0000: 7.572: Total time for which application threads were stopped: 0.0003530 seconds, Stopping threads took: 0.0000497 seconds
2016-02-26T10:51:06.440+0000: 8.572: Total time for which application threads were stopped: 0.0001958 seconds, Stopping threads took: 0.0000411 seconds
2016-02-26T10:51:06.550+0000: 8.682: Total time for which application threads were stopped: 0.0003474 seconds, Stopping threads took: 0.0000379 seconds
2016-02-26T10:51:06.552+0000: 8.685: Total time for which application threads were stopped: 0.0002156 seconds, Stopping threads took: 0.0000245 seconds
2016-02-26T10:51:06.560+0000: 8.693: Total time for which application threads were stopped: 0.0003190 seconds, Stopping threads took: 0.0000363 seconds
2016-02-26T10:51:07.561+0000: 9.692: Total time for which application threads were stopped: 0.0001635 seconds, Stopping threads took: 0.0000419 seconds
2016-02-26T10:51:07.582+0000: 9.714: Total time for which application threads were stopped: 0.0001745 seconds, Stopping threads took: 0.0000505 seconds
2016-02-26T10:51:07.829+0000: 9.960: Total time for which application threads were stopped: 0.0002014 seconds, Stopping threads took: 0.0000916 seconds
2016-02-26T10:51:07.829+0000: 9.961: Total time for which application threads were stopped: 0.0001169 seconds, Stopping threads took: 0.0000505 seconds
2016-02-26T10:51:07.834+0000: 9.966: Total time for which application threads were stopped: 0.0001011 seconds, Stopping threads took: 0.0000308 seconds
2016-02-26T10:51:07.834+0000: 9.966: Total time for which application threads were stopped: 0.0000640 seconds, Stopping threads took: 0.0000190 seconds
2016-02-26T10:51:12.547+0000: 14.679: Total time for which application threads were stopped: 0.0001382 seconds, Stopping threads took: 0.0000466 seconds
2016-02-26T10:51:12.548+0000: 14.679: Total time for which application threads were stopped: 0.0000703 seconds, Stopping threads took: 0.0000197 seconds
2016-02-26T10:51:12.549+0000: 14.681: Total time for which application threads were stopped: 0.0001042 seconds, Stopping threads took: 0.0000292 seconds
2016-02-26T10:51:12.550+0000: 14.681: Total time for which application threads were stopped: 0.0000805 seconds, Stopping threads took: 0.0000221 seconds
2016-02-26T10:51:12.557+0000: 14.688: Total time for which application threads were stopped: 0.0001271 seconds, Stopping threads took: 0.0000482 seconds
2016-02-26T10:51:12.557+0000: 14.689: Total time for which application threads were stopped: 0.0000742 seconds, Stopping threads took: 0.0000268 seconds
2016-02-26T10:51:12.565+0000: 14.697: Total time for which application threads were stopped: 0.0001311 seconds, Stopping threads took: 0.0000474 seconds
2016-02-26T10:51:12.565+0000: 14.697: Total time for which application threads were stopped: 0.0000742 seconds, Stopping threads took: 0.0000268 seconds
2016-02-26T10:51:12.565+0000: 14.697: Total time for which application threads were stopped: 0.0000805 seconds, Stopping threads took: 0.0000292 seconds
2016-02-26T10:51:12.565+0000: 14.697: Total time for which application threads were stopped: 0.0000719 seconds, Stopping threads took: 0.0000253 seconds
2016-02-26T10:51:12.567+0000: 14.699: Total time for which application threads were stopped: 0.0000955 seconds, Stopping threads took: 0.0000332 seconds
2016-02-26T10:51:12.573+0000: 14.705: Total time for which application threads were stopped: 0.0001342 seconds, Stopping threads took: 0.0000529 seconds
2016-02-26T10:51:12.573+0000: 14.705: Total time for which application threads were stopped: 0.0001469 seconds, Stopping threads took: 0.0000300 seconds
2016-02-26T10:51:12.574+0000: 14.706: Total time for which application threads were stopped: 0.0000734 seconds, Stopping threads took: 0.0000268 seconds
2016-02-26T10:51:12.574+0000: 14.706: Total time for which application threads were stopped: 0.0000711 seconds, Stopping threads took: 0.0000261 seconds
2016-02-26T10:51:12.574+0000: 14.706: Total time for which application threads were stopped: 0.0000687 seconds, Stopping threads took: 0.0000253 seconds
2016-02-26T10:51:12.574+0000: 14.706: Total time for which application threads were stopped: 0.0000726 seconds, Stopping threads took: 0.0000245 seconds
2016-02-26T10:51:12.574+0000: 14.706: Total time for which application threads were stopped: 0.0000695 seconds, Stopping threads took: 0.0000253 seconds
2016-02-26T10:51:12.574+0000: 14.706: Total time for which application threads were stopped: 0.0000719 seconds, Stopping threads took: 0.0000253 seconds
2016-02-26T10:51:12.574+0000: 14.706: Total time for which application threads were stopped: 0.0000703 seconds, Stopping threads took: 0.0000261 seconds
2016-02-26T10:51:12.574+0000: 14.706: Total time for which application threads were stopped: 0.0000687 seconds, Stopping threads took: 0.0000245 seconds
2016-02-26T10:51:12.575+0000: 14.706: Total time for which application threads were stopped: 0.0000687 seconds, Stopping threads took: 0.0000245 seconds
2016-02-26T10:51:12.575+0000: 14.707: Total time for which application threads were stopped: 0.0000695 seconds, Stopping threads took: 0.0000253 seconds
2016-02-26T10:51:12.575+0000: 14.707: Total time for which application threads were stopped: 0.0000695 seconds, Stopping threads took: 0.0000253 seconds
2016-02-26T10:51:12.575+0000: 14.707: Total time for which application threads were stopped: 0.0002219 seconds, Stopping threads took: 0.0000253 seconds
2016-02-26T10:51:12.578+0000: 14.710: Total time for which application threads were stopped: 0.0001184 seconds, Stopping threads took: 0.0000474 seconds
2016-02-26T10:51:12.578+0000: 14.710: Total time for which application threads were stopped: 0.0000742 seconds, Stopping threads took: 0.0000261 seconds
2016-02-26T10:51:12.624+0000: 14.755: Total time for which application threads were stopped: 0.0004090 seconds, Stopping threads took: 0.0000442 seconds
2016-02-26T10:51:12.688+0000: 14.819: Total time for which application threads were stopped: 0.0001571 seconds, Stopping threads took: 0.0000450 seconds
2016-02-26T10:51:12.707+0000: 14.839: Total time for which application threads were stopped: 0.0001413 seconds, Stopping threads took: 0.0000466 seconds
2016-02-26T10:51:12.707+0000: 14.839: Total time for which application threads were stopped: 0.0000711 seconds, Stopping threads took: 0.0000205 seconds
2016-02-26T10:51:12.707+0000: 14.839: Total time for which application threads were stopped: 0.0000687 seconds, Stopping threads took: 0.0000190 seconds
2016-02-26T10:51:12.707+0000: 14.839: Total time for which application threads were stopped: 0.0000711 seconds, Stopping threads took: 0.0000205 seconds
2016-02-26T10:51:12.707+0000: 14.839: Total time for which application threads were stopped: 0.0000679 seconds, Stopping threads took: 0.0000197 seconds
2016-02-26T10:51:12.707+0000: 14.839: Total time for which application threads were stopped: 0.0000679 seconds, Stopping threads took: 0.0000197 seconds
2016-02-26T10:51:12.708+0000: 14.839: Total time for which application threads were stopped: 0.0000742 seconds, Stopping threads took: 0.0000245 seconds
2016-02-26T10:51:12.708+0000: 14.840: Total time for which application threads were stopped: 0.0000695 seconds, Stopping threads took: 0.0000197 seconds
2016-02-26T10:51:12.708+0000: 14.840: Total time for which application threads were stopped: 0.0000774 seconds, Stopping threads took: 0.0000276 seconds
2016-02-26T10:51:12.708+0000: 14.840: Total time for which application threads were stopped: 0.0000742 seconds, Stopping threads took: 0.0000261 seconds
2016-02-26T10:51:12.708+0000: 14.840: Total time for which application threads were stopped: 0.0000774 seconds, Stopping threads took: 0.0000268 seconds
2016-02-26T10:51:12.708+0000: 14.840: Total time for which application threads were stopped: 0.0000734 seconds, Stopping threads took: 0.0000253 seconds
2016-02-26T10:51:12.708+0000: 14.840: Total time for which application threads were stopped: 0.0000734 seconds, Stopping threads took: 0.0000253 seconds
2016-02-26T10:51:12.709+0000: 14.840: Total time for which application threads were stopped: 0.0000932 seconds, Stopping threads took: 0.0000434 seconds
2016-02-26T10:51:12.709+0000: 14.841: Total time for which application threads were stopped: 0.0000734 seconds, Stopping threads took: 0.0000261 seconds
2016-02-26T10:51:12.709+0000: 14.841: Total time for which application threads were stopped: 0.0000742 seconds, Stopping threads took: 0.0000261 seconds
2016-02-26T10:51:12.709+0000: 14.841: Total time for which application threads were stopped: 0.0000734 seconds, Stopping threads took: 0.0000253 seconds
2016-02-26T10:51:12.709+0000: 14.841: Total time for which application threads were stopped: 0.0000742 seconds, Stopping threads took: 0.0000261 seconds
2016-02-26T10:51:12.709+0000: 14.841: Total time for which application threads were stopped: 0.0000734 seconds, Stopping threads took: 0.0000261 seconds
2016-02-26T10:51:12.709+0000: 14.841: Total time for which application threads were stopped: 0.0000726 seconds, Stopping threads took: 0.0000253 seconds
2016-02-26T10:51:12.710+0000: 14.841: Total time for which application threads were stopped: 0.0002598 seconds, Stopping threads took: 0.0000253 seconds
2016-02-26T10:51:12.710+0000: 14.842: Total time for which application threads were stopped: 0.0000861 seconds, Stopping threads took: 0.0000292 seconds
2016-02-26T10:51:12.710+0000: 14.842: Total time for which application threads were stopped: 0.0000798 seconds, Stopping threads took: 0.0000261 seconds
2016-02-26T10:51:12.710+0000: 14.842: Total time for which application threads were stopped: 0.0000758 seconds, Stopping threads took: 0.0000253 seconds
2016-02-26T10:51:12.710+0000: 14.842: Total time for which application threads were stopped: 0.0000774 seconds, Stopping threads took: 0.0000268 seconds
2016-02-26T10:51:12.723+0000: 14.855: Total time for which application threads were stopped: 0.0001137 seconds, Stopping threads took: 0.0000347 seconds
2016-02-26T10:51:12.723+0000: 14.855: Total time for which application threads were stopped: 0.0000861 seconds, Stopping threads took: 0.0000292 seconds
2016-02-26T10:51:12.724+0000: 14.855: Total time for which application threads were stopped: 0.0000774 seconds, Stopping threads took: 0.0000190 seconds
2016-02-26T10:51:12.725+0000: 14.857: Total time for which application threads were stopped: 0.0000790 seconds, Stopping threads took: 0.0000213 seconds
2016-02-26T10:51:12.727+0000: 14.859: Total time for which application threads were stopped: 0.0000837 seconds, Stopping threads took: 0.0000229 seconds
2016-02-26T10:51:12.727+0000: 14.859: Total time for which application threads were stopped: 0.0000758 seconds, Stopping threads took: 0.0000213 seconds
2016-02-26T10:51:12.727+0000: 14.859: Total time for which application threads were stopped: 0.0000703 seconds, Stopping threads took: 0.0000190 seconds
2016-02-26T10:51:12.728+0000: 14.860: Total time for which application threads were stopped: 0.0000719 seconds, Stopping threads took: 0.0000190 seconds
2016-02-26T10:51:12.729+0000: 14.861: Total time for which application threads were stopped: 0.0000861 seconds, Stopping threads took: 0.0000213 seconds
2016-02-26T10:51:12.730+0000: 14.861: Total time for which application threads were stopped: 0.0000861 seconds, Stopping threads took: 0.0000221 seconds
2016-02-26T10:51:12.730+0000: 14.862: Total time for which application threads were stopped: 0.0000766 seconds, Stopping threads took: 0.0000190 seconds
2016-02-26T10:51:12.730+0000: 14.862: Total time for which application threads were stopped: 0.0000782 seconds, Stopping threads took: 0.0000197 seconds
2016-02-26T10:51:12.737+0000: 14.869: Total time for which application threads were stopped: 0.0001090 seconds, Stopping threads took: 0.0000332 seconds
2016-02-26T10:51:12.737+0000: 14.869: Total time for which application threads were stopped: 0.0000774 seconds, Stopping threads took: 0.0000213 seconds
2016-02-26T10:51:12.737+0000: 14.869: Total time for which application threads were stopped: 0.0000711 seconds, Stopping threads took: 0.0000190 seconds
2016-02-26T10:51:12.777+0000: 14.909: Total time for which application threads were stopped: 0.0000869 seconds, Stopping threads took: 0.0000229 seconds
2016-02-26T10:51:12.777+0000: 14.909: Total time for which application threads were stopped: 0.0000837 seconds, Stopping threads took: 0.0000221 seconds
2016-02-26T10:51:12.778+0000: 14.909: Total time for which application threads were stopped: 0.0000798 seconds, Stopping threads took: 0.0000221 seconds
2016-02-26T10:51:12.778+0000: 14.910: Total time for which application threads were stopped: 0.0000734 seconds, Stopping threads took: 0.0000190 seconds
2016-02-26T10:51:12.778+0000: 14.910: Total time for which application threads were stopped: 0.0000758 seconds, Stopping threads took: 0.0000197 seconds
2016-02-26T10:51:12.780+0000: 14.912: Total time for which application threads were stopped: 0.0000845 seconds, Stopping threads took: 0.0000245 seconds
2016-02-26T10:51:12.786+0000: 14.918: Total time for which application threads were stopped: 0.0003932 seconds, Stopping threads took: 0.0000340 seconds
2016-02-26T10:51:12.817+0000: 14.949: Total time for which application threads were stopped: 0.0001208 seconds, Stopping threads took: 0.0000324 seconds
2016-02-26T10:51:12.818+0000: 14.950: Total time for which application threads were stopped: 0.0001034 seconds, Stopping threads took: 0.0000490 seconds
2016-02-26T10:51:12.818+0000: 14.950: Total time for which application threads were stopped: 0.0000782 seconds, Stopping threads took: 0.0000213 seconds
2016-02-26T10:51:12.818+0000: 14.950: Total time for which application threads were stopped: 0.0000766 seconds, Stopping threads took: 0.0000221 seconds
2016-02-26T10:51:12.857+0000: 14.989: Total time for which application threads were stopped: 0.0001184 seconds, Stopping threads took: 0.0000403 seconds
2016-02-26T10:51:12.935+0000: 15.067: Total time for which application threads were stopped: 0.0001374 seconds, Stopping threads took: 0.0000419 seconds
2016-02-26T10:51:12.935+0000: 15.067: Total time for which application threads were stopped: 0.0000837 seconds, Stopping threads took: 0.0000292 seconds
2016-02-26T10:51:12.935+0000: 15.067: Total time for which application threads were stopped: 0.0000766 seconds, Stopping threads took: 0.0000253 seconds
2016-02-26T10:51:12.955+0000: 15.087: Total time for which application threads were stopped: 0.0001382 seconds, Stopping threads took: 0.0000474 seconds
2016-02-26T10:51:13.011+0000: 15.143: Total time for which application threads were stopped: 0.0001437 seconds, Stopping threads took: 0.0000482 seconds
2016-02-26T10:51:13.011+0000: 15.143: Total time for which application threads were stopped: 0.0000829 seconds, Stopping threads took: 0.0000292 seconds
2016-02-26T10:51:13.011+0000: 15.143: Total time for which application threads were stopped: 0.0000766 seconds, Stopping threads took: 0.0000253 seconds
2016-02-26T10:51:13.025+0000: 15.157: Total time for which application threads were stopped: 0.0001192 seconds, Stopping threads took: 0.0000347 seconds
2016-02-26T10:51:13.108+0000: 15.240: Total time for which application threads were stopped: 0.0001556 seconds, Stopping threads took: 0.0000521 seconds
2016-02-26T10:51:13.109+0000: 15.241: Total time for which application threads were stopped: 0.0001090 seconds, Stopping threads took: 0.0000347 seconds
2016-02-26T10:51:13.109+0000: 15.241: Total time for which application threads were stopped: 0.0000884 seconds, Stopping threads took: 0.0000340 seconds
2016-02-26T10:51:13.109+0000: 15.241: Total time for which application threads were stopped: 0.0000726 seconds, Stopping threads took: 0.0000197 seconds
2016-02-26T10:51:13.128+0000: 15.260: Total time for which application threads were stopped: 0.0001098 seconds, Stopping threads took: 0.0000316 seconds
2016-02-26T10:51:13.181+0000: 15.313: Total time for which application threads were stopped: 0.0001232 seconds, Stopping threads took: 0.0000395 seconds
2016-02-26T10:51:15.766+0000: 17.898: Total time for which application threads were stopped: 0.0001216 seconds, Stopping threads took: 0.0000395 seconds
2016-02-26T10:51:16.060+0000: 18.192: Total time for which application threads were stopped: 0.0001319 seconds, Stopping threads took: 0.0000395 seconds
2016-02-26T10:51:16.060+0000: 18.192: Total time for which application threads were stopped: 0.0000782 seconds, Stopping threads took: 0.0000213 seconds
2016-02-26T10:51:16.060+0000: 18.193: Total time for which application threads were stopped: 0.0000719 seconds, Stopping threads took: 0.0000197 seconds
2016-02-26T10:51:16.061+0000: 18.193: Total time for which application threads were stopped: 0.0000734 seconds, Stopping threads took: 0.0000197 seconds
2016-02-26T10:51:16.264+0000: 18.396: Total time for which application threads were stopped: 0.0001579 seconds, Stopping threads took: 0.0000569 seconds
2016-02-26T10:51:16.266+0000: 18.398: Total time for which application threads were stopped: 0.0002187 seconds, Stopping threads took: 0.0000379 seconds
2016-02-26T10:51:16.266+0000: 18.398: Total time for which application threads were stopped: 0.0000790 seconds, Stopping threads took: 0.0000190 seconds
2016-02-26T10:51:23.490+0000: 25.623: Total time for which application threads were stopped: 0.0002077 seconds, Stopping threads took: 0.0000490 seconds
2016-02-26T10:51:23.493+0000: 25.625: Total time for which application threads were stopped: 0.0002843 seconds, Stopping threads took: 0.0000474 seconds
2016-02-26T10:51:23.495+0000: 25.627: Total time for which application threads were stopped: 0.0001366 seconds, Stopping threads took: 0.0000466 seconds
2016-02-26T10:51:23.541+0000: 25.673: Total time for which application threads were stopped: 0.0449377 seconds, Stopping threads took: 0.0448113 seconds
2016-02-26T10:51:23.567+0000: 25.699: Total time for which application threads were stopped: 0.0001335 seconds, Stopping threads took: 0.0000403 seconds
2016-02-26T10:51:23.567+0000: 25.699: Total time for which application threads were stopped: 0.0000805 seconds, Stopping threads took: 0.0000221 seconds
2016-02-26T10:51:23.567+0000: 25.700: Total time for which application threads were stopped: 0.0000734 seconds, Stopping threads took: 0.0000197 seconds
2016-02-26T10:51:23.567+0000: 25.700: Total time for which application threads were stopped: 0.0000742 seconds, Stopping threads took: 0.0000190 seconds
2016-02-26T10:51:23.569+0000: 25.701: Total time for which application threads were stopped: 0.0000813 seconds, Stopping threads took: 0.0000221 seconds
2016-02-26T10:51:23.569+0000: 25.701: Total time for which application threads were stopped: 0.0000774 seconds, Stopping threads took: 0.0000213 seconds
2016-02-26T10:51:23.569+0000: 25.701: Total time for which application threads were stopped: 0.0000711 seconds, Stopping threads took: 0.0000190 seconds
2016-02-26T10:51:23.569+0000: 25.702: Total time for which application threads were stopped: 0.0000734 seconds, Stopping threads took: 0.0000197 seconds
2016-02-26T10:51:23.642+0000: 25.775: Total time for which application threads were stopped: 0.0004177 seconds, Stopping threads took: 0.0002977 seconds
2016-02-26T10:51:23.649+0000: 25.781: Total time for which application threads were stopped: 0.0001406 seconds, Stopping threads took: 0.0000450 seconds
2016-02-26T10:51:23.654+0000: 25.786: Total time for which application threads were stopped: 0.0010455 seconds, Stopping threads took: 0.0009097 seconds
2016-02-26T10:51:23.656+0000: 25.789: Total time for which application threads were stopped: 0.0001200 seconds, Stopping threads took: 0.0000363 seconds
2016-02-26T10:51:23.660+0000: 25.793: Total time for which application threads were stopped: 0.0010258 seconds, Stopping threads took: 0.0009002 seconds
2016-02-26T10:51:23.661+0000: 25.793: Total time for which application threads were stopped: 0.0001137 seconds, Stopping threads took: 0.0000363 seconds
2016-02-26T10:51:23.680+0000: 25.813: Total time for which application threads were stopped: 0.0002519 seconds, Stopping threads took: 0.0001106 seconds
2016-02-26T10:51:23.680+0000: 25.813: Total time for which application threads were stopped: 0.0000900 seconds, Stopping threads took: 0.0000268 seconds
2016-02-26T10:51:23.681+0000: 25.813: Total time for which application threads were stopped: 0.0000932 seconds, Stopping threads took: 0.0000300 seconds
2016-02-26T10:51:23.681+0000: 25.813: Total time for which application threads were stopped: 0.0000916 seconds, Stopping threads took: 0.0000261 seconds
2016-02-26T10:51:23.681+0000: 25.814: Total time for which application threads were stopped: 0.0000955 seconds, Stopping threads took: 0.0000316 seconds
2016-02-26T10:51:23.681+0000: 25.814: Total time for which application threads were stopped: 0.0000892 seconds, Stopping threads took: 0.0000276 seconds
2016-02-26T10:51:23.683+0000: 25.815: Total time for which application threads were stopped: 0.0001224 seconds, Stopping threads took: 0.0000403 seconds
2016-02-26T10:51:23.684+0000: 25.816: Total time for which application threads were stopped: 0.0001192 seconds, Stopping threads took: 0.0000466 seconds
2016-02-26T10:51:23.684+0000: 25.817: Total time for which application threads were stopped: 0.0001137 seconds, Stopping threads took: 0.0000387 seconds
2016-02-26T10:51:23.708+0000: 25.841: Total time for which application threads were stopped: 0.0002022 seconds, Stopping threads took: 0.0000648 seconds
2016-02-26T10:51:23.726+0000: 25.859: Total time for which application threads were stopped: 0.0001571 seconds, Stopping threads took: 0.0000426 seconds
2016-02-26T10:51:23.744+0000: 25.877: Total time for which application threads were stopped: 0.0006041 seconds, Stopping threads took: 0.0004335 seconds
2016-02-26T10:51:23.768+0000: 25.901: Total time for which application threads were stopped: 0.0001413 seconds, Stopping threads took: 0.0000458 seconds
2016-02-26T10:51:23.772+0000: 25.905: Total time for which application threads were stopped: 0.0001437 seconds, Stopping threads took: 0.0000434 seconds
2016-02-26T10:51:23.774+0000: 25.907: Total time for which application threads were stopped: 0.0020744 seconds, Stopping threads took: 0.0019765 seconds
2016-02-26T10:51:23.775+0000: 25.907: Total time for which application threads were stopped: 0.0001548 seconds, Stopping threads took: 0.0000971 seconds
2016-02-26T10:51:23.782+0000: 25.914: Total time for which application threads were stopped: 0.0001793 seconds, Stopping threads took: 0.0000442 seconds
2016-02-26T10:51:23.786+0000: 25.918: Total time for which application threads were stopped: 0.0002393 seconds, Stopping threads took: 0.0001319 seconds
2016-02-26T10:51:23.801+0000: 25.933: Total time for which application threads were stopped: 0.0004043 seconds, Stopping threads took: 0.0001698 seconds
2016-02-26T10:51:23.801+0000: 25.934: Total time for which application threads were stopped: 0.0001082 seconds, Stopping threads took: 0.0000347 seconds
2016-02-26T10:51:23.809+0000: 25.941: Total time for which application threads were stopped: 0.0012595 seconds, Stopping threads took: 0.0011000 seconds
2016-02-26T10:51:23.814+0000: 25.946: Total time for which application threads were stopped: 0.0002085 seconds, Stopping threads took: 0.0000497 seconds
2016-02-26T10:51:23.821+0000: 25.953: Total time for which application threads were stopped: 0.0004375 seconds, Stopping threads took: 0.0000545 seconds
2016-02-26T10:51:23.823+0000: 25.955: Total time for which application threads were stopped: 0.0002219 seconds, Stopping threads took: 0.0000529 seconds
2016-02-26T10:51:23.824+0000: 25.956: Total time for which application threads were stopped: 0.0001090 seconds, Stopping threads took: 0.0000324 seconds
2016-02-26T10:51:23.923+0000: 26.056: Total time for which application threads were stopped: 0.0002709 seconds, Stopping threads took: 0.0000513 seconds
2016-02-26T10:51:23.925+0000: 26.057: Total time for which application threads were stopped: 0.0001532 seconds, Stopping threads took: 0.0000355 seconds
2016-02-26T10:51:23.926+0000: 26.059: Total time for which application threads were stopped: 0.0001350 seconds, Stopping threads took: 0.0000426 seconds
2016-02-26T10:51:23.928+0000: 26.061: Total time for which application threads were stopped: 0.0001477 seconds, Stopping threads took: 0.0000466 seconds
2016-02-26T10:51:23.935+0000: 26.067: Total time for which application threads were stopped: 0.0001453 seconds, Stopping threads took: 0.0000497 seconds
2016-02-26T10:51:23.946+0000: 26.079: Total time for which application threads were stopped: 0.0001642 seconds, Stopping threads took: 0.0000450 seconds
2016-02-26T10:51:23.947+0000: 26.079: Total time for which application threads were stopped: 0.0004280 seconds, Stopping threads took: 0.0000292 seconds
2016-02-26T10:51:24.888+0000: 27.020: Total time for which application threads were stopped: 0.0002369 seconds, Stopping threads took: 0.0000584 seconds
2016-02-26T10:51:24.889+0000: 27.020: Total time for which application threads were stopped: 0.0000940 seconds, Stopping threads took: 0.0000324 seconds
2016-02-26T10:51:24.889+0000: 27.020: Total time for which application threads were stopped: 0.0000837 seconds, Stopping threads took: 0.0000261 seconds
2016-02-26T10:51:24.889+0000: 27.020: Total time for which application threads were stopped: 0.0000829 seconds, Stopping threads took: 0.0000253 seconds
2016-02-26T10:51:24.889+0000: 27.021: Total time for which application threads were stopped: 0.0001082 seconds, Stopping threads took: 0.0000253 seconds
2016-02-26T10:51:24.889+0000: 27.021: Total time for which application threads were stopped: 0.0000908 seconds, Stopping threads took: 0.0000261 seconds
2016-02-26T10:51:24.889+0000: 27.021: Total time for which application threads were stopped: 0.0000877 seconds, Stopping threads took: 0.0000300 seconds
2016-02-26T10:51:24.889+0000: 27.021: Total time for which application threads were stopped: 0.0000821 seconds, Stopping threads took: 0.0000253 seconds
2016-02-26T10:51:24.889+0000: 27.021: Total time for which application threads were stopped: 0.0000829 seconds, Stopping threads took: 0.0000245 seconds
2016-02-26T10:51:24.890+0000: 27.021: Total time for which application threads were stopped: 0.0000900 seconds, Stopping threads took: 0.0000276 seconds
2016-02-26T10:51:24.890+0000: 27.021: Total time for which application threads were stopped: 0.0000869 seconds, Stopping threads took: 0.0000292 seconds
2016-02-26T10:51:24.890+0000: 27.021: Total time for which application threads were stopped: 0.0000821 seconds, Stopping threads took: 0.0000261 seconds
2016-02-26T10:51:24.890+0000: 27.022: Total time for which application threads were stopped: 0.0000829 seconds, Stopping threads took: 0.0000245 seconds
2016-02-26T10:51:24.890+0000: 27.022: Total time for which application threads were stopped: 0.0001263 seconds, Stopping threads took: 0.0000300 seconds
2016-02-26T10:51:24.890+0000: 27.022: Total time for which application threads were stopped: 0.0000829 seconds, Stopping threads took: 0.0000268 seconds
2016-02-26T10:51:24.890+0000: 27.022: Total time for which application threads were stopped: 0.0000813 seconds, Stopping threads took: 0.0000253 seconds
2016-02-26T10:51:24.891+0000: 27.022: Total time for which application threads were stopped: 0.0000829 seconds, Stopping threads took: 0.0000268 seconds
2016-02-26T10:51:24.891+0000: 27.022: Total time for which application threads were stopped: 0.0001382 seconds, Stopping threads took: 0.0000458 seconds
2016-02-26T10:51:24.891+0000: 27.022: Total time for which application threads were stopped: 0.0001090 seconds, Stopping threads took: 0.0000355 seconds
2016-02-26T10:51:24.891+0000: 27.023: Total time for which application threads were stopped: 0.0003095 seconds, Stopping threads took: 0.0000395 seconds
2016-02-26T10:51:24.896+0000: 27.027: Total time for which application threads were stopped: 0.0001319 seconds, Stopping threads took: 0.0000466 seconds
2016-02-26T10:51:24.974+0000: 27.105: Total time for which application threads were stopped: 0.0001635 seconds, Stopping threads took: 0.0000458 seconds
2016-02-26T10:51:24.974+0000: 27.106: Total time for which application threads were stopped: 0.0000948 seconds, Stopping threads took: 0.0000340 seconds
2016-02-26T10:51:24.974+0000: 27.106: Total time for which application threads were stopped: 0.0000869 seconds, Stopping threads took: 0.0000292 seconds
2016-02-26T10:51:24.974+0000: 27.106: Total time for which application threads were stopped: 0.0000948 seconds, Stopping threads took: 0.0000379 seconds
2016-02-26T10:51:24.975+0000: 27.106: Total time for which application threads were stopped: 0.0000892 seconds, Stopping threads took: 0.0000308 seconds
2016-02-26T10:51:24.977+0000: 27.109: Total time for which application threads were stopped: 0.0010676 seconds, Stopping threads took: 0.0009476 seconds
2016-02-26T10:51:24.981+0000: 27.113: Total time for which application threads were stopped: 0.0001587 seconds, Stopping threads took: 0.0000529 seconds
2016-02-26T10:51:24.983+0000: 27.114: Total time for which application threads were stopped: 0.0001406 seconds, Stopping threads took: 0.0000497 seconds
2016-02-26T10:51:24.983+0000: 27.114: Total time for which application threads were stopped: 0.0000821 seconds, Stopping threads took: 0.0000268 seconds
2016-02-26T10:51:24.983+0000: 27.115: Total time for which application threads were stopped: 0.0000861 seconds, Stopping threads took: 0.0000276 seconds
2016-02-26T10:51:24.983+0000: 27.115: Total time for which application threads were stopped: 0.0000869 seconds, Stopping threads took: 0.0000292 seconds
2016-02-26T10:51:24.984+0000: 27.115: Total time for which application threads were stopped: 0.0000869 seconds, Stopping threads took: 0.0000308 seconds
2016-02-26T10:51:24.986+0000: 27.117: Total time for which application threads were stopped: 0.0001335 seconds, Stopping threads took: 0.0000474 seconds
2016-02-26T10:51:25.986+0000: 28.117: Total time for which application threads were stopped: 0.0001682 seconds, Stopping threads took: 0.0000482 seconds
2016-02-26T10:51:34.986+0000: 37.127: Total time for which application threads were stopped: 0.0001445 seconds, Stopping threads took: 0.0000490 seconds
2016-02-26T10:51:38.986+0000: 41.127: Total time for which application threads were stopped: 0.0001287 seconds, Stopping threads took: 0.0000482 seconds
2016-02-26T10:52:24.989+0000: 87.130: Total time for which application threads were stopped: 0.0001429 seconds, Stopping threads took: 0.0000482 seconds
2016-02-26T10:52:29.989+0000: 92.130: Total time for which application threads were stopped: 0.0001461 seconds, Stopping threads took: 0.0000482 seconds
2016-02-26T10:52:46.255+0000: 108.397: Total time for which application threads were stopped: 0.0001548 seconds, Stopping threads took: 0.0000529 seconds
2016-02-26T10:52:46.269+0000: 108.411: Total time for which application threads were stopped: 0.0001469 seconds, Stopping threads took: 0.0000569 seconds
2016-02-26T10:52:46.270+0000: 108.412: Total time for which application threads were stopped: 0.0001034 seconds, Stopping threads took: 0.0000395 seconds
2016-02-26T10:52:46.270+0000: 108.412: Total time for which application threads were stopped: 0.0000813 seconds, Stopping threads took: 0.0000324 seconds
2016-02-26T10:52:46.270+0000: 108.412: Total time for which application threads were stopped: 0.0000884 seconds, Stopping threads took: 0.0000324 seconds
2016-02-26T10:52:46.270+0000: 108.412: Total time for which application threads were stopped: 0.0000845 seconds, Stopping threads took: 0.0000292 seconds
2016-02-26T10:52:46.286+0000: 108.428: Total time for which application threads were stopped: 0.0001492 seconds, Stopping threads took: 0.0000576 seconds
2016-02-26T10:52:46.286+0000: 108.428: Total time for which application threads were stopped: 0.0000790 seconds, Stopping threads took: 0.0000268 seconds
2016-02-26T10:52:46.346+0000: 108.488: Total time for which application threads were stopped: 0.0001248 seconds, Stopping threads took: 0.0000387 seconds
2016-02-26T10:52:47.346+0000: 109.488: Total time for which application threads were stopped: 0.0001492 seconds, Stopping threads took: 0.0000466 seconds
2016-02-26T10:53:05.347+0000: 127.489: Total time for which application threads were stopped: 0.0001492 seconds, Stopping threads took: 0.0000482 seconds
2016-02-26T10:53:34.267+0000: 156.410: Total time for which application threads were stopped: 0.0001619 seconds, Stopping threads took: 0.0000490 seconds
2016-02-26T10:53:34.271+0000: 156.414: Total time for which application threads were stopped: 0.0001848 seconds, Stopping threads took: 0.0000497 seconds
2016-02-26T10:53:34.273+0000: 156.416: Total time for which application threads were stopped: 0.0001256 seconds, Stopping threads took: 0.0000395 seconds
2016-02-26T10:53:34.279+0000: 156.422: Total time for which application threads were stopped: 0.0001737 seconds, Stopping threads took: 0.0000648 seconds
2016-02-26T10:53:34.281+0000: 156.424: Total time for which application threads were stopped: 0.0001477 seconds, Stopping threads took: 0.0000600 seconds
2016-02-26T10:53:35.281+0000: 157.424: Total time for which application threads were stopped: 0.0001500 seconds, Stopping threads took: 0.0000458 seconds
2016-02-26T10:53:36.281+0000: 158.424: Total time for which application threads were stopped: 0.0001516 seconds, Stopping threads took: 0.0000458 seconds
2016-02-26T10:53:37.281+0000: 159.424: Total time for which application threads were stopped: 0.0001500 seconds, Stopping threads took: 0.0000466 seconds
2016-02-26T10:54:24.298+0000: 206.440: Total time for which application threads were stopped: 0.0001350 seconds, Stopping threads took: 0.0000434 seconds
2016-02-26T10:55:04.788+0000: 246.936: Total time for which application threads were stopped: 0.0001737 seconds, Stopping threads took: 0.0000561 seconds
2016-02-26T10:55:04.835+0000: 246.983: Total time for which application threads were stopped: 0.0005204 seconds, Stopping threads took: 0.0000411 seconds
2016-02-26T10:55:04.860+0000: 247.008: Total time for which application threads were stopped: 0.0003080 seconds, Stopping threads took: 0.0000482 seconds
2016-02-26T10:55:59.918+0000: 302.074: Total time for which application threads were stopped: 0.0001824 seconds, Stopping threads took: 0.0000513 seconds
2016-02-26T10:55:59.926+0000: 302.083: Total time for which application threads were stopped: 0.0002314 seconds, Stopping threads took: 0.0000584 seconds
2016-02-26T10:56:00.926+0000: 303.082: Total time for which application threads were stopped: 0.0001556 seconds, Stopping threads took: 0.0000490 seconds
2016-02-26T10:56:01.159+0000: 303.316: Total time for which application threads were stopped: 0.0001532 seconds, Stopping threads took: 0.0000442 seconds
2016-02-26T10:56:02.160+0000: 304.316: Total time for which application threads were stopped: 0.0001469 seconds, Stopping threads took: 0.0000466 seconds
2016-02-26T10:57:01.078+0000: 363.233: Total time for which application threads were stopped: 0.0001658 seconds, Stopping threads took: 0.0000458 seconds
2016-02-26T10:57:02.072+0000: 364.227: Total time for which application threads were stopped: 0.0002511 seconds, Stopping threads took: 0.0000884 seconds
2016-02-26T10:57:02.083+0000: 364.239: Total time for which application threads were stopped: 0.0003419 seconds, Stopping threads took: 0.0000466 seconds
2016-02-26T10:57:02.776+0000: 364.932: Total time for which application threads were stopped: 0.0002290 seconds, Stopping threads took: 0.0000442 seconds
2016-02-26T10:57:03.777+0000: 365.933: Total time for which application threads were stopped: 0.0001571 seconds, Stopping threads took: 0.0000474 seconds
2016-02-26T10:58:46.058+0000: 468.224: Total time for which application threads were stopped: 0.0002590 seconds, Stopping threads took: 0.0000703 seconds
2016-02-26T10:58:47.058+0000: 469.224: Total time for which application threads were stopped: 0.0002416 seconds, Stopping threads took: 0.0000466 seconds
2016-02-26T10:58:47.378+0000: 469.544: Total time for which application threads were stopped: 0.0001753 seconds, Stopping threads took: 0.0000569 seconds
2016-02-26T10:58:48.378+0000: 470.544: Total time for which application threads were stopped: 0.0001540 seconds, Stopping threads took: 0.0000458 seconds
2016-02-26T10:59:29.380+0000: 511.546: Total time for which application threads were stopped: 0.0001477 seconds, Stopping threads took: 0.0000466 seconds
2016-02-26T10:59:30.432+0000: 512.598: Total time for which application threads were stopped: 0.0003111 seconds, Stopping threads took: 0.0000458 seconds
2016-02-26T10:59:31.432+0000: 513.598: Total time for which application threads were stopped: 0.0001635 seconds, Stopping threads took: 0.0000474 seconds
2016-02-26T11:01:19.868+0000: 622.039: Total time for which application threads were stopped: 0.0002014 seconds, Stopping threads took: 0.0000655 seconds
2016-02-26T11:01:20.868+0000: 623.038: Total time for which application threads were stopped: 0.0001579 seconds, Stopping threads took: 0.0000474 seconds
2016-02-26T11:01:37.881+0000: 640.054: Total time for which application threads were stopped: 0.0001666 seconds, Stopping threads took: 0.0000569 seconds
2016-02-26T11:01:38.881+0000: 641.053: Total time for which application threads were stopped: 0.0001508 seconds, Stopping threads took: 0.0000458 seconds
2016-02-26T11:03:11.920+0000: 734.093: Total time for which application threads were stopped: 0.0005741 seconds, Stopping threads took: 0.0004454 seconds
2016-02-26T11:03:11.927+0000: 734.100: Total time for which application threads were stopped: 0.0001492 seconds, Stopping threads took: 0.0000569 seconds
2016-02-26T11:03:11.928+0000: 734.101: Total time for which application threads were stopped: 0.0001950 seconds, Stopping threads took: 0.0000442 seconds
2016-02-26T11:03:11.928+0000: 734.101: Total time for which application threads were stopped: 0.0000845 seconds, Stopping threads took: 0.0000300 seconds
2016-02-26T11:03:11.928+0000: 734.101: Total time for which application threads were stopped: 0.0000774 seconds, Stopping threads took: 0.0000268 seconds
2016-02-26T11:03:11.988+0000: 734.161: Total time for which application threads were stopped: 0.0001919 seconds, Stopping threads took: 0.0000537 seconds
2016-02-26T11:03:11.989+0000: 734.162: Total time for which application threads were stopped: 0.0000924 seconds, Stopping threads took: 0.0000316 seconds
{Heap before GC invocations=1 (full 0):
 par new generation   total 109248K, used 93106K [0x00000000e0000000, 0x00000000e8000000, 0x00000000e8000000)
  eden space 87424K, 100% used [0x00000000e0000000, 0x00000000e5560000, 0x00000000e5560000)
  from space 21824K,  26% used [0x00000000e6ab0000, 0x00000000e703c860, 0x00000000e8000000)
  to   space 21824K,   0% used [0x00000000e5560000, 0x00000000e5560000, 0x00000000e6ab0000)
 concurrent mark-sweep generation total 393216K, used 0K [0x00000000e8000000, 0x0000000100000000, 0x0000000100000000)
 Metaspace       used 19499K, capacity 19782K, committed 20096K, reserved 1067008K
  class space    used 2268K, capacity 2395K, committed 2432K, reserved 1048576K
2016-02-26T11:03:11.994+0000: 734.167: [GC (Allocation Failure) 2016-02-26T11:03:11.994+0000: 734.167: [ParNew
Desired survivor size 20112992 bytes, new threshold 8 (max 8)
- age   1:    7827960 bytes,    7827960 total
- age   2:    2528176 bytes,   10356136 total
: 93106K->13060K(109248K), 0.0494213 secs] 93106K->13060K(502464K), 0.0496014 secs] [Times: user=0.09 sys=0.00, real=0.05 secs] 
Heap after GC invocations=2 (full 0):
 par new generation   total 109248K, used 13060K [0x00000000e0000000, 0x00000000e8000000, 0x00000000e8000000)
  eden space 87424K,   0% used [0x00000000e0000000, 0x00000000e0000000, 0x00000000e5560000)
  from space 21824K,  59% used [0x00000000e5560000, 0x00000000e6221170, 0x00000000e6ab0000)
  to   space 21824K,   0% used [0x00000000e6ab0000, 0x00000000e6ab0000, 0x00000000e8000000)
 concurrent mark-sweep generation total 393216K, used 0K [0x00000000e8000000, 0x0000000100000000, 0x0000000100000000)
 Metaspace       used 19499K, capacity 19782K, committed 20096K, reserved 1067008K
  class space    used 2268K, capacity 2395K, committed 2432K, reserved 1048576K
}
2016-02-26T11:03:12.044+0000: 734.217: Total time for which application threads were stopped: 0.0500333 seconds, Stopping threads took: 0.0000537 seconds
2016-02-26T11:03:12.046+0000: 734.219: Total time for which application threads were stopped: 0.0001421 seconds, Stopping threads took: 0.0000490 seconds
2016-02-26T11:03:12.048+0000: 734.221: Total time for which application threads were stopped: 0.0000924 seconds, Stopping threads took: 0.0000347 seconds
2016-02-26T11:03:12.048+0000: 734.221: Total time for which application threads were stopped: 0.0000829 seconds, Stopping threads took: 0.0000284 seconds
2016-02-26T11:03:12.048+0000: 734.221: Total time for which application threads were stopped: 0.0000790 seconds, Stopping threads took: 0.0000292 seconds
2016-02-26T11:03:12.048+0000: 734.221: Total time for which application threads were stopped: 0.0000798 seconds, Stopping threads took: 0.0000292 seconds
2016-02-26T11:03:12.048+0000: 734.221: Total time for which application threads were stopped: 0.0000782 seconds, Stopping threads took: 0.0000276 seconds
2016-02-26T11:03:12.048+0000: 734.221: Total time for which application threads were stopped: 0.0000774 seconds, Stopping threads took: 0.0000276 seconds
2016-02-26T11:03:12.048+0000: 734.222: Total time for which application threads were stopped: 0.0000758 seconds, Stopping threads took: 0.0000268 seconds
2016-02-26T11:03:12.049+0000: 734.222: Total time for which application threads were stopped: 0.0000766 seconds, Stopping threads took: 0.0000268 seconds
2016-02-26T11:03:12.049+0000: 734.222: Total time for which application threads were stopped: 0.0000750 seconds, Stopping threads took: 0.0000261 seconds
2016-02-26T11:03:12.049+0000: 734.222: Total time for which application threads were stopped: 0.0000805 seconds, Stopping threads took: 0.0000284 seconds
2016-02-26T11:03:12.050+0000: 734.223: Total time for which application threads were stopped: 0.0000837 seconds, Stopping threads took: 0.0000292 seconds
2016-02-26T11:03:12.050+0000: 734.223: Total time for which application threads were stopped: 0.0000821 seconds, Stopping threads took: 0.0000292 seconds
2016-02-26T11:03:12.050+0000: 734.223: Total time for which application threads were stopped: 0.0000821 seconds, Stopping threads took: 0.0000292 seconds
2016-02-26T11:03:12.051+0000: 734.224: Total time for which application threads were stopped: 0.0000853 seconds, Stopping threads took: 0.0000284 seconds
2016-02-26T11:03:12.051+0000: 734.224: Total time for which application threads were stopped: 0.0000790 seconds, Stopping threads took: 0.0000276 seconds
2016-02-26T11:03:12.051+0000: 734.224: Total time for which application threads were stopped: 0.0000750 seconds, Stopping threads took: 0.0000253 seconds
2016-02-26T11:03:12.051+0000: 734.224: Total time for which application threads were stopped: 0.0000734 seconds, Stopping threads took: 0.0000253 seconds
2016-02-26T11:03:12.051+0000: 734.224: Total time for which application threads were stopped: 0.0000734 seconds, Stopping threads took: 0.0000245 seconds
2016-02-26T11:03:12.051+0000: 734.224: Total time for which application threads were stopped: 0.0000742 seconds, Stopping threads took: 0.0000253 seconds
2016-02-26T11:03:12.052+0000: 734.225: Total time for which application threads were stopped: 0.0002574 seconds, Stopping threads took: 0.0000253 seconds
2016-02-26T11:03:13.052+0000: 735.225: Total time for which application threads were stopped: 0.0002487 seconds, Stopping threads took: 0.0000458 seconds
2016-02-26T11:03:19.981+0000: 742.155: Total time for which application threads were stopped: 0.0001911 seconds, Stopping threads took: 0.0000624 seconds
2016-02-26T11:03:19.998+0000: 742.172: Total time for which application threads were stopped: 0.0001714 seconds, Stopping threads took: 0.0000576 seconds
2016-02-26T11:03:20.003+0000: 742.176: Total time for which application threads were stopped: 0.0004564 seconds, Stopping threads took: 0.0000553 seconds
2016-02-26T11:03:21.003+0000: 743.176: Total time for which application threads were stopped: 0.0001698 seconds, Stopping threads took: 0.0000482 seconds
2016-02-26T11:04:11.006+0000: 793.181: Total time for which application threads were stopped: 0.0001642 seconds, Stopping threads took: 0.0000513 seconds
2016-02-26T11:06:14.974+0000: 917.162: Total time for which application threads were stopped: 0.0001856 seconds, Stopping threads took: 0.0000553 seconds
2016-02-26T11:06:15.090+0000: 917.278: Total time for which application threads were stopped: 0.0001808 seconds, Stopping threads took: 0.0000434 seconds
2016-02-26T11:06:15.090+0000: 917.278: Total time for which application threads were stopped: 0.0000853 seconds, Stopping threads took: 0.0000268 seconds
2016-02-26T11:06:15.091+0000: 917.278: Total time for which application threads were stopped: 0.0000821 seconds, Stopping threads took: 0.0000253 seconds
2016-02-26T11:06:15.091+0000: 917.279: Total time for which application threads were stopped: 0.0001042 seconds, Stopping threads took: 0.0000347 seconds
2016-02-26T11:06:15.116+0000: 917.304: Total time for which application threads were stopped: 0.0001429 seconds, Stopping threads took: 0.0000403 seconds
2016-02-26T11:06:15.116+0000: 917.304: Total time for which application threads were stopped: 0.0000837 seconds, Stopping threads took: 0.0000213 seconds
2016-02-26T11:06:15.117+0000: 917.304: Total time for which application threads were stopped: 0.0000766 seconds, Stopping threads took: 0.0000190 seconds
2016-02-26T11:06:15.117+0000: 917.305: Total time for which application threads were stopped: 0.0000829 seconds, Stopping threads took: 0.0000213 seconds
2016-02-26T11:06:15.226+0000: 917.413: Total time for which application threads were stopped: 0.0001437 seconds, Stopping threads took: 0.0000419 seconds
2016-02-26T11:06:15.226+0000: 917.414: Total time for which application threads were stopped: 0.0000837 seconds, Stopping threads took: 0.0000213 seconds
2016-02-26T11:06:15.226+0000: 917.414: Total time for which application threads were stopped: 0.0000766 seconds, Stopping threads took: 0.0000190 seconds
2016-02-26T11:06:15.227+0000: 917.414: Total time for which application threads were stopped: 0.0000813 seconds, Stopping threads took: 0.0000205 seconds
2016-02-26T11:06:15.233+0000: 917.420: Total time for which application threads were stopped: 0.0001587 seconds, Stopping threads took: 0.0000442 seconds
2016-02-26T11:06:15.233+0000: 917.421: Total time for which application threads were stopped: 0.0000995 seconds, Stopping threads took: 0.0000347 seconds
2016-02-26T11:06:15.233+0000: 917.421: Total time for which application threads were stopped: 0.0000813 seconds, Stopping threads took: 0.0000205 seconds
2016-02-26T11:06:15.235+0000: 917.422: Total time for which application threads were stopped: 0.0001287 seconds, Stopping threads took: 0.0000411 seconds
2016-02-26T11:06:15.605+0000: 917.793: Total time for which application threads were stopped: 0.0001793 seconds, Stopping threads took: 0.0000505 seconds
2016-02-26T11:06:15.640+0000: 917.828: Total time for which application threads were stopped: 0.0001461 seconds, Stopping threads took: 0.0000403 seconds
2016-02-26T11:06:15.640+0000: 917.828: Total time for which application threads were stopped: 0.0000845 seconds, Stopping threads took: 0.0000268 seconds
2016-02-26T11:06:15.640+0000: 917.828: Total time for which application threads were stopped: 0.0000821 seconds, Stopping threads took: 0.0000253 seconds
2016-02-26T11:06:15.659+0000: 917.846: Total time for which application threads were stopped: 0.0001753 seconds, Stopping threads took: 0.0000640 seconds
2016-02-26T11:06:15.704+0000: 917.891: Total time for which application threads were stopped: 0.0001485 seconds, Stopping threads took: 0.0000419 seconds
2016-02-26T11:06:15.704+0000: 917.892: Total time for which application threads were stopped: 0.0000845 seconds, Stopping threads took: 0.0000221 seconds
2016-02-26T11:06:15.704+0000: 917.892: Total time for which application threads were stopped: 0.0002693 seconds, Stopping threads took: 0.0000197 seconds
2016-02-26T11:06:15.705+0000: 917.893: Total time for which application threads were stopped: 0.0001113 seconds, Stopping threads took: 0.0000419 seconds
2016-02-26T11:06:15.768+0000: 917.955: Total time for which application threads were stopped: 0.0001998 seconds, Stopping threads took: 0.0000442 seconds
2016-02-26T11:06:15.795+0000: 917.982: Total time for which application threads were stopped: 0.0001642 seconds, Stopping threads took: 0.0000521 seconds
2016-02-26T11:06:15.795+0000: 917.983: Total time for which application threads were stopped: 0.0000853 seconds, Stopping threads took: 0.0000268 seconds
2016-02-26T11:06:15.796+0000: 917.984: Total time for which application threads were stopped: 0.0001232 seconds, Stopping threads took: 0.0000363 seconds
2016-02-26T11:06:15.974+0000: 918.161: [GC (CMS Initial Mark) [1 CMS-initial-mark: 0K(393216K)] 49588K(502464K), 0.0373554 secs] [Times: user=0.03 sys=0.00, real=0.04 secs] 
2016-02-26T11:06:16.011+0000: 918.199: Total time for which application threads were stopped: 0.0386884 seconds, Stopping threads took: 0.0010810 seconds
2016-02-26T11:06:16.011+0000: 918.199: [CMS-concurrent-mark-start]
2016-02-26T11:06:16.012+0000: 918.200: [CMS-concurrent-mark: 0.001/0.001 secs] [Times: user=0.00 sys=0.00, real=0.00 secs] 
2016-02-26T11:06:16.012+0000: 918.200: [CMS-concurrent-preclean-start]
2016-02-26T11:06:16.015+0000: 918.202: [CMS-concurrent-preclean: 0.003/0.003 secs] [Times: user=0.00 sys=0.00, real=0.00 secs] 
2016-02-26T11:06:16.015+0000: 918.202: [CMS-concurrent-abortable-preclean-start]
2016-02-26T11:06:16.106+0000: 918.294: Total time for which application threads were stopped: 0.0001887 seconds, Stopping threads took: 0.0000505 seconds
2016-02-26T11:06:16.328+0000: 918.515: Total time for which application threads were stopped: 0.0004706 seconds, Stopping threads took: 0.0000387 seconds
2016-02-26T11:06:16.518+0000: 918.705: Total time for which application threads were stopped: 0.0001856 seconds, Stopping threads took: 0.0000419 seconds
2016-02-26T11:06:16.538+0000: 918.724: Total time for which application threads were stopped: 0.0001374 seconds, Stopping threads took: 0.0000482 seconds
 CMS: abort preclean due to time 2016-02-26T11:06:22.192+0000: 924.379: [CMS-concurrent-abortable-preclean: 3.086/6.176 secs] [Times: user=3.10 sys=0.03, real=6.18 secs] 
2016-02-26T11:06:22.192+0000: 924.379: [GC (CMS Final Remark) [YG occupancy: 68243 K (109248 K)]{Heap before GC invocations=2 (full 1):
 par new generation   total 109248K, used 68243K [0x00000000e0000000, 0x00000000e8000000, 0x00000000e8000000)
  eden space 87424K,  63% used [0x00000000e0000000, 0x00000000e35e3be0, 0x00000000e5560000)
  from space 21824K,  59% used [0x00000000e5560000, 0x00000000e6221170, 0x00000000e6ab0000)
  to   space 21824K,   0% used [0x00000000e6ab0000, 0x00000000e6ab0000, 0x00000000e8000000)
 concurrent mark-sweep generation total 393216K, used 0K [0x00000000e8000000, 0x0000000100000000, 0x0000000100000000)
 Metaspace       used 21881K, capacity 22182K, committed 22548K, reserved 1069056K
  class space    used 2573K, capacity 2683K, committed 2684K, reserved 1048576K
2016-02-26T11:06:22.192+0000: 924.379: [GC (CMS Final Remark) 2016-02-26T11:06:22.192+0000: 924.379: [ParNew
Desired survivor size 20112992 bytes, new threshold 8 (max 8)
- age   1:    2830720 bytes,    2830720 total
- age   2:    3249152 bytes,    6079872 total
- age   3:    2229904 bytes,    8309776 total
: 68243K->10632K(109248K), 0.0257396 secs] 68243K->10632K(502464K), 0.0258896 secs] [Times: user=0.06 sys=0.00, real=0.03 secs] 
Heap after GC invocations=3 (full 1):
 par new generation   total 109248K, used 10632K [0x00000000e0000000, 0x00000000e8000000, 0x00000000e8000000)
  eden space 87424K,   0% used [0x00000000e0000000, 0x00000000e0000000, 0x00000000e5560000)
  from space 21824K,  48% used [0x00000000e6ab0000, 0x00000000e75120a8, 0x00000000e8000000)
  to   space 21824K,   0% used [0x00000000e5560000, 0x00000000e5560000, 0x00000000e6ab0000)
 concurrent mark-sweep generation total 393216K, used 0K [0x00000000e8000000, 0x0000000100000000, 0x0000000100000000)
 Metaspace       used 21881K, capacity 22182K, committed 22548K, reserved 1069056K
  class space    used 2573K, capacity 2683K, committed 2684K, reserved 1048576K
}
2016-02-26T11:06:22.218+0000: 924.405: [Rescan (parallel) , 0.0066734 secs]2016-02-26T11:06:22.225+0000: 924.412: [weak refs processing, 0.0020878 secs]2016-02-26T11:06:22.227+0000: 924.414: [class unloading, 0.0076786 secs]2016-02-26T11:06:22.235+0000: 924.422: [scrub symbol table, 0.0081508 secs]2016-02-26T11:06:22.243+0000: 924.430: [scrub string table, 0.0006530 secs][1 CMS-remark: 0K(393216K)] 10632K(502464K), 0.0532749 secs] [Times: user=0.11 sys=0.00, real=0.05 secs] 
2016-02-26T11:06:22.245+0000: 924.432: Total time for which application threads were stopped: 0.0535078 seconds, Stopping threads took: 0.0000466 seconds
2016-02-26T11:06:22.245+0000: 924.432: [CMS-concurrent-sweep-start]
2016-02-26T11:06:22.246+0000: 924.433: [CMS-concurrent-sweep: 0.000/0.000 secs] [Times: user=0.00 sys=0.00, real=0.00 secs] 
2016-02-26T11:06:22.246+0000: 924.433: [CMS-concurrent-reset-start]
2016-02-26T11:06:22.251+0000: 924.438: [CMS-concurrent-reset: 0.005/0.005 secs] [Times: user=0.00 sys=0.00, real=0.00 secs] 
2016-02-26T11:07:45.601+0000: 1007.795: Total time for which application threads were stopped: 0.0001729 seconds, Stopping threads took: 0.0000537 seconds
2016-02-26T11:07:45.622+0000: 1007.815: Total time for which application threads were stopped: 0.0003767 seconds, Stopping threads took: 0.0000474 seconds
2016-02-26T11:07:45.622+0000: 1007.816: Total time for which application threads were stopped: 0.0002306 seconds, Stopping threads took: 0.0000284 seconds
2016-02-26T11:07:45.629+0000: 1007.823: Total time for which application threads were stopped: 0.0001840 seconds, Stopping threads took: 0.0000592 seconds
2016-02-26T11:07:45.642+0000: 1007.836: Total time for which application threads were stopped: 0.0001579 seconds, Stopping threads took: 0.0000553 seconds
2016-02-26T11:07:45.643+0000: 1007.837: Total time for which application threads were stopped: 0.0001161 seconds, Stopping threads took: 0.0000379 seconds
2016-02-26T11:07:45.644+0000: 1007.838: Total time for which application threads were stopped: 0.0001074 seconds, Stopping threads took: 0.0000340 seconds
2016-02-26T11:07:45.644+0000: 1007.838: Total time for which application threads were stopped: 0.0000932 seconds, Stopping threads took: 0.0000300 seconds
2016-02-26T11:07:45.657+0000: 1007.851: Total time for which application threads were stopped: 0.0001690 seconds, Stopping threads took: 0.0000482 seconds
2016-02-26T11:07:45.658+0000: 1007.852: Total time for which application threads were stopped: 0.0001058 seconds, Stopping threads took: 0.0000276 seconds
2016-02-26T11:07:45.748+0000: 1007.942: Total time for which application threads were stopped: 0.0001943 seconds, Stopping threads took: 0.0000474 seconds
2016-02-26T11:07:46.748+0000: 1008.942: Total time for which application threads were stopped: 0.0001524 seconds, Stopping threads took: 0.0000466 seconds
2016-02-26T11:07:52.464+0000: 1014.658: Total time for which application threads were stopped: 0.0001698 seconds, Stopping threads took: 0.0000592 seconds
2016-02-26T11:07:52.481+0000: 1014.675: Total time for which application threads were stopped: 0.0001990 seconds, Stopping threads took: 0.0000561 seconds
2016-02-26T11:07:52.481+0000: 1014.675: Total time for which application threads were stopped: 0.0000932 seconds, Stopping threads took: 0.0000292 seconds
2016-02-26T11:07:52.481+0000: 1014.675: Total time for which application threads were stopped: 0.0000908 seconds, Stopping threads took: 0.0000284 seconds
2016-02-26T11:07:52.482+0000: 1014.676: Total time for which application threads were stopped: 0.0001113 seconds, Stopping threads took: 0.0000340 seconds
2016-02-26T11:07:52.482+0000: 1014.676: Total time for which application threads were stopped: 0.0000916 seconds, Stopping threads took: 0.0000284 seconds
2016-02-26T11:07:52.482+0000: 1014.676: Total time for which application threads were stopped: 0.0000900 seconds, Stopping threads took: 0.0000284 seconds
2016-02-26T11:07:52.483+0000: 1014.677: Total time for which application threads were stopped: 0.0001098 seconds, Stopping threads took: 0.0000371 seconds
2016-02-26T11:07:52.483+0000: 1014.678: Total time for which application threads were stopped: 0.0001058 seconds, Stopping threads took: 0.0000340 seconds
2016-02-26T11:07:52.484+0000: 1014.678: Total time for which application threads were stopped: 0.0000979 seconds, Stopping threads took: 0.0000284 seconds
2016-02-26T11:07:52.484+0000: 1014.678: Total time for which application threads were stopped: 0.0001058 seconds, Stopping threads took: 0.0000332 seconds
2016-02-26T11:07:52.484+0000: 1014.678: Total time for which application threads were stopped: 0.0000932 seconds, Stopping threads took: 0.0000284 seconds
2016-02-26T11:07:52.484+0000: 1014.679: Total time for which application threads were stopped: 0.0000963 seconds, Stopping threads took: 0.0000308 seconds
2016-02-26T11:07:52.485+0000: 1014.679: Total time for which application threads were stopped: 0.0001106 seconds, Stopping threads took: 0.0000355 seconds
2016-02-26T11:07:52.485+0000: 1014.679: Total time for which application threads were stopped: 0.0000979 seconds, Stopping threads took: 0.0000308 seconds
2016-02-26T11:07:52.495+0000: 1014.689: Total time for which application threads were stopped: 0.0001658 seconds, Stopping threads took: 0.0000553 seconds
2016-02-26T11:07:52.495+0000: 1014.689: Total time for which application threads were stopped: 0.0000971 seconds, Stopping threads took: 0.0000308 seconds
2016-02-26T11:07:52.496+0000: 1014.690: Total time for which application threads were stopped: 0.0001153 seconds, Stopping threads took: 0.0000355 seconds
2016-02-26T11:07:52.496+0000: 1014.690: Total time for which application threads were stopped: 0.0000940 seconds, Stopping threads took: 0.0000276 seconds
2016-02-26T11:07:52.508+0000: 1014.702: Total time for which application threads were stopped: 0.0001642 seconds, Stopping threads took: 0.0000434 seconds
2016-02-26T11:07:52.508+0000: 1014.702: Total time for which application threads were stopped: 0.0000955 seconds, Stopping threads took: 0.0000292 seconds
2016-02-26T11:07:53.508+0000: 1015.702: Total time for which application threads were stopped: 0.0001777 seconds, Stopping threads took: 0.0000466 seconds
2016-02-26T11:07:59.908+0000: 1022.103: Total time for which application threads were stopped: 0.0002803 seconds, Stopping threads took: 0.0000719 seconds
2016-02-26T11:07:59.947+0000: 1022.142: Total time for which application threads were stopped: 0.0002235 seconds, Stopping threads took: 0.0000553 seconds
2016-02-26T11:08:00.082+0000: 1022.277: Total time for which application threads were stopped: 0.0003356 seconds, Stopping threads took: 0.0000576 seconds
2016-02-26T11:08:01.082+0000: 1023.276: Total time for which application threads were stopped: 0.0001524 seconds, Stopping threads took: 0.0000482 seconds
{Heap before GC invocations=3 (full 1):
 par new generation   total 109248K, used 98056K [0x00000000e0000000, 0x00000000e8000000, 0x00000000e8000000)
  eden space 87424K, 100% used [0x00000000e0000000, 0x00000000e5560000, 0x00000000e5560000)
  from space 21824K,  48% used [0x00000000e6ab0000, 0x00000000e75120a8, 0x00000000e8000000)
  to   space 21824K,   0% used [0x00000000e5560000, 0x00000000e5560000, 0x00000000e6ab0000)
 concurrent mark-sweep generation total 393216K, used 0K [0x00000000e8000000, 0x0000000100000000, 0x0000000100000000)
 Metaspace       used 22052K, capacity 22374K, committed 22548K, reserved 1069056K
  class space    used 2573K, capacity 2683K, committed 2684K, reserved 1048576K
2016-02-26T11:08:08.498+0000: 1030.692: [GC (Allocation Failure) 2016-02-26T11:08:08.498+0000: 1030.692: [ParNew
Desired survivor size 20112992 bytes, new threshold 8 (max 8)
- age   1:     689024 bytes,     689024 total
- age   2:     409208 bytes,    1098232 total
- age   3:    3067480 bytes,    4165712 total
- age   4:    2229640 bytes,    6395352 total
: 98056K->9505K(109248K), 0.0273450 secs] 98056K->9505K(502464K), 0.0275282 secs] [Times: user=0.05 sys=0.00, real=0.03 secs] 
Heap after GC invocations=4 (full 1):
 par new generation   total 109248K, used 9505K [0x00000000e0000000, 0x00000000e8000000, 0x00000000e8000000)
  eden space 87424K,   0% used [0x00000000e0000000, 0x00000000e0000000, 0x00000000e5560000)
  from space 21824K,  43% used [0x00000000e5560000, 0x00000000e5ea8480, 0x00000000e6ab0000)
  to   space 21824K,   0% used [0x00000000e6ab0000, 0x00000000e6ab0000, 0x00000000e8000000)
 concurrent mark-sweep generation total 393216K, used 0K [0x00000000e8000000, 0x0000000100000000, 0x0000000100000000)
 Metaspace       used 22052K, capacity 22374K, committed 22548K, reserved 1069056K
  class space    used 2573K, capacity 2683K, committed 2684K, reserved 1048576K
}
2016-02-26T11:08:08.526+0000: 1030.720: Total time for which application threads were stopped: 0.0279972 seconds, Stopping threads took: 0.0000466 seconds
2016-02-26T11:08:08.527+0000: 1030.721: Total time for which application threads were stopped: 0.0002014 seconds, Stopping threads took: 0.0000726 seconds
2016-02-26T11:08:08.527+0000: 1030.722: Total time for which application threads were stopped: 0.0002408 seconds, Stopping threads took: 0.0001658 seconds
2016-02-26T11:08:08.528+0000: 1030.722: Total time for which application threads were stopped: 0.0001240 seconds, Stopping threads took: 0.0000505 seconds
2016-02-26T11:08:08.528+0000: 1030.722: Total time for which application threads were stopped: 0.0000963 seconds, Stopping threads took: 0.0000316 seconds
2016-02-26T11:08:08.529+0000: 1030.723: Total time for which application threads were stopped: 0.0002637 seconds, Stopping threads took: 0.0000284 seconds
2016-02-26T11:08:09.529+0000: 1031.723: Total time for which application threads were stopped: 0.0001540 seconds, Stopping threads took: 0.0000482 seconds
2016-02-26T11:09:08.673+0000: 1090.869: Total time for which application threads were stopped: 0.0001943 seconds, Stopping threads took: 0.0000561 seconds
2016-02-26T11:09:09.673+0000: 1091.869: Total time for which application threads were stopped: 0.0001611 seconds, Stopping threads took: 0.0000458 seconds
2016-02-26T11:11:59.707+0000: 1261.914: Total time for which application threads were stopped: 0.0001714 seconds, Stopping threads took: 0.0000553 seconds
2016-02-26T11:13:56.407+0000: 1378.622: Total time for which application threads were stopped: 0.0002235 seconds, Stopping threads took: 0.0000719 seconds
2016-02-26T11:13:56.789+0000: 1379.004: Total time for which application threads were stopped: 0.0007699 seconds, Stopping threads took: 0.0000632 seconds
2016-02-26T11:13:57.147+0000: 1379.362: Total time for which application threads were stopped: 0.0002203 seconds, Stopping threads took: 0.0000584 seconds
2016-02-26T11:13:57.149+0000: 1379.364: Total time for which application threads were stopped: 0.0002148 seconds, Stopping threads took: 0.0000545 seconds
2016-02-26T11:13:57.151+0000: 1379.366: Total time for which application threads were stopped: 0.0002022 seconds, Stopping threads took: 0.0000592 seconds
2016-02-26T11:13:57.152+0000: 1379.367: Total time for which application threads were stopped: 0.0001658 seconds, Stopping threads took: 0.0000426 seconds
2016-02-26T11:13:57.188+0000: 1379.403: Total time for which application threads were stopped: 0.0002274 seconds, Stopping threads took: 0.0000632 seconds
{Heap before GC invocations=4 (full 1):
 par new generation   total 109248K, used 96929K [0x00000000e0000000, 0x00000000e8000000, 0x00000000e8000000)
  eden space 87424K, 100% used [0x00000000e0000000, 0x00000000e5560000, 0x00000000e5560000)
  from space 21824K,  43% used [0x00000000e5560000, 0x00000000e5ea8480, 0x00000000e6ab0000)
  to   space 21824K,   0% used [0x00000000e6ab0000, 0x00000000e6ab0000, 0x00000000e8000000)
 concurrent mark-sweep generation total 393216K, used 0K [0x00000000e8000000, 0x0000000100000000, 0x0000000100000000)
 Metaspace       used 22549K, capacity 22860K, committed 23188K, reserved 1069056K
  class space    used 2601K, capacity 2716K, committed 2812K, reserved 1048576K
2016-02-26T11:13:57.218+0000: 1379.433: [GC (Allocation Failure) 2016-02-26T11:13:57.218+0000: 1379.433: [ParNew
Desired survivor size 20112992 bytes, new threshold 8 (max 8)
- age   1:    1187400 bytes,    1187400 total
- age   2:     346448 bytes,    1533848 total
- age   3:     407744 bytes,    1941592 total
- age   4:    2822192 bytes,    4763784 total
- age   5:    2226952 bytes,    6990736 total
: 96929K->7852K(109248K), 0.0470176 secs] 96929K->7852K(502464K), 0.0472545 secs] [Times: user=0.06 sys=0.00, real=0.05 secs] 
Heap after GC invocations=5 (full 1):
 par new generation   total 109248K, used 7852K [0x00000000e0000000, 0x00000000e8000000, 0x00000000e8000000)
  eden space 87424K,   0% used [0x00000000e0000000, 0x00000000e0000000, 0x00000000e5560000)
  from space 21824K,  35% used [0x00000000e6ab0000, 0x00000000e725b1a0, 0x00000000e8000000)
  to   space 21824K,   0% used [0x00000000e5560000, 0x00000000e5560000, 0x00000000e6ab0000)
 concurrent mark-sweep generation total 393216K, used 0K [0x00000000e8000000, 0x0000000100000000, 0x0000000100000000)
 Metaspace       used 22549K, capacity 22860K, committed 23188K, reserved 1069056K
  class space    used 2601K, capacity 2716K, committed 2812K, reserved 1048576K
}
2016-02-26T11:13:57.265+0000: 1379.480: Total time for which application threads were stopped: 0.0477165 seconds, Stopping threads took: 0.0000608 seconds
2016-02-26T11:13:57.282+0000: 1379.497: Total time for which application threads were stopped: 0.0011576 seconds, Stopping threads took: 0.0009286 seconds
2016-02-26T11:13:57.283+0000: 1379.498: Total time for which application threads were stopped: 0.0005093 seconds, Stopping threads took: 0.0004248 seconds
2016-02-26T11:13:57.284+0000: 1379.499: Total time for which application threads were stopped: 0.0006380 seconds, Stopping threads took: 0.0005520 seconds
2016-02-26T11:13:57.284+0000: 1379.499: Total time for which application threads were stopped: 0.0001721 seconds, Stopping threads took: 0.0000979 seconds
2016-02-26T11:13:57.706+0000: 1379.921: Total time for which application threads were stopped: 0.0004067 seconds, Stopping threads took: 0.0000576 seconds
2016-02-26T11:13:58.084+0000: 1380.299: Total time for which application threads were stopped: 0.0002851 seconds, Stopping threads took: 0.0000624 seconds
{Heap before GC invocations=5 (full 1):
 par new generation   total 109248K, used 95253K [0x00000000e0000000, 0x00000000e8000000, 0x00000000e8000000)
  eden space 87424K,  99% used [0x00000000e0000000, 0x00000000e555a540, 0x00000000e5560000)
  from space 21824K,  35% used [0x00000000e6ab0000, 0x00000000e725b1a0, 0x00000000e8000000)
  to   space 21824K,   0% used [0x00000000e5560000, 0x00000000e5560000, 0x00000000e6ab0000)
 concurrent mark-sweep generation total 393216K, used 0K [0x00000000e8000000, 0x0000000100000000, 0x0000000100000000)
 Metaspace       used 23531K, capacity 23882K, committed 24188K, reserved 1071104K
  class space    used 2747K, capacity 2881K, committed 2940K, reserved 1048576K
2016-02-26T11:13:58.132+0000: 1380.347: [GC (Allocation Failure) 2016-02-26T11:13:58.132+0000: 1380.348: [ParNew
Desired survivor size 20112992 bytes, new threshold 8 (max 8)
- age   1:    1141776 bytes,    1141776 total
- age   2:     917976 bytes,    2059752 total
- age   3:     344784 bytes,    2404536 total
- age   4:     389872 bytes,    2794408 total
- age   5:    2821096 bytes,    5615504 total
- age   6:    2215736 bytes,    7831240 total
: 95253K->11549K(109248K), 0.0303828 secs] 95253K->11549K(502464K), 0.0305691 secs] [Times: user=0.06 sys=0.00, real=0.03 secs] 
Heap after GC invocations=6 (full 1):
 par new generation   total 109248K, used 11549K [0x00000000e0000000, 0x00000000e8000000, 0x00000000e8000000)
  eden space 87424K,   0% used [0x00000000e0000000, 0x00000000e0000000, 0x00000000e5560000)
  from space 21824K,  52% used [0x00000000e5560000, 0x00000000e60a7480, 0x00000000e6ab0000)
  to   space 21824K,   0% used [0x00000000e6ab0000, 0x00000000e6ab0000, 0x00000000e8000000)
 concurrent mark-sweep generation total 393216K, used 0K [0x00000000e8000000, 0x0000000100000000, 0x0000000100000000)
 Metaspace       used 23531K, capacity 23882K, committed 24188K, reserved 1071104K
  class space    used 2747K, capacity 2881K, committed 2940K, reserved 1048576K
}
2016-02-26T11:13:58.163+0000: 1380.378: Total time for which application threads were stopped: 0.0310263 seconds, Stopping threads took: 0.0000569 seconds
2016-02-26T11:13:58.484+0000: 1380.699: Total time for which application threads were stopped: 0.0001903 seconds, Stopping threads took: 0.0000426 seconds
2016-02-26T11:13:59.484+0000: 1381.699: Total time for which application threads were stopped: 0.0001887 seconds, Stopping threads took: 0.0000537 seconds
2016-02-26T11:14:59.491+0000: 1441.708: Total time for which application threads were stopped: 0.0002148 seconds, Stopping threads took: 0.0000592 seconds
2016-02-26T11:15:59.495+0000: 1501.714: Total time for which application threads were stopped: 0.0001587 seconds, Stopping threads took: 0.0000490 seconds
2016-02-26T11:17:58.615+0000: 1620.836: Total time for which application threads were stopped: 0.0001864 seconds, Stopping threads took: 0.0000497 seconds
{Heap before GC invocations=6 (full 1):
 par new generation   total 109248K, used 98973K [0x00000000e0000000, 0x00000000e8000000, 0x00000000e8000000)
  eden space 87424K, 100% used [0x00000000e0000000, 0x00000000e5560000, 0x00000000e5560000)
  from space 21824K,  52% used [0x00000000e5560000, 0x00000000e60a7480, 0x00000000e6ab0000)
  to   space 21824K,   0% used [0x00000000e6ab0000, 0x00000000e6ab0000, 0x00000000e8000000)
 concurrent mark-sweep generation total 393216K, used 0K [0x00000000e8000000, 0x0000000100000000, 0x0000000100000000)
 Metaspace       used 24227K, capacity 24620K, committed 25084K, reserved 1071104K
  class space    used 2834K, capacity 2978K, committed 3068K, reserved 1048576K
2016-02-26T11:17:58.798+0000: 1621.019: [GC (Allocation Failure) 2016-02-26T11:17:58.799+0000: 1621.019: [ParNew
Desired survivor size 20112992 bytes, new threshold 8 (max 8)
- age   1:    1413048 bytes,    1413048 total
- age   2:     139760 bytes,    1552808 total
- age   3:     211840 bytes,    1764648 total
- age   4:     344784 bytes,    2109432 total
- age   5:     384240 bytes,    2493672 total
- age   6:    2726088 bytes,    5219760 total
- age   7:    2215736 bytes,    7435496 total
: 98973K->9227K(109248K), 0.0960615 secs] 98973K->9227K(502464K), 0.0962566 secs] [Times: user=0.16 sys=0.00, real=0.10 secs] 
Heap after GC invocations=7 (full 1):
 par new generation   total 109248K, used 9227K [0x00000000e0000000, 0x00000000e8000000, 0x00000000e8000000)
  eden space 87424K,   0% used [0x00000000e0000000, 0x00000000e0000000, 0x00000000e5560000)
  from space 21824K,  42% used [0x00000000e6ab0000, 0x00000000e73b2f30, 0x00000000e8000000)
  to   space 21824K,   0% used [0x00000000e5560000, 0x00000000e5560000, 0x00000000e6ab0000)
 concurrent mark-sweep generation total 393216K, used 0K [0x00000000e8000000, 0x0000000100000000, 0x0000000100000000)
 Metaspace       used 24227K, capacity 24620K, committed 25084K, reserved 1071104K
  class space    used 2834K, capacity 2978K, committed 3068K, reserved 1048576K
}
2016-02-26T11:17:58.895+0000: 1621.116: Total time for which application threads were stopped: 0.0967919 seconds, Stopping threads took: 0.0000521 seconds
2016-02-26T11:17:58.898+0000: 1621.119: Total time for which application threads were stopped: 0.0006033 seconds, Stopping threads took: 0.0004762 seconds
2016-02-26T11:17:58.930+0000: 1621.151: Total time for which application threads were stopped: 0.0003522 seconds, Stopping threads took: 0.0001303 seconds
{Heap before GC invocations=7 (full 1):
 par new generation   total 109248K, used 96643K [0x00000000e0000000, 0x00000000e8000000, 0x00000000e8000000)
  eden space 87424K,  99% used [0x00000000e0000000, 0x00000000e555dfd8, 0x00000000e5560000)
  from space 21824K,  42% used [0x00000000e6ab0000, 0x00000000e73b2f30, 0x00000000e8000000)
  to   space 21824K,   0% used [0x00000000e5560000, 0x00000000e5560000, 0x00000000e6ab0000)
 concurrent mark-sweep generation total 393216K, used 0K [0x00000000e8000000, 0x0000000100000000, 0x0000000100000000)
 Metaspace       used 24271K, capacity 24626K, committed 25084K, reserved 1071104K
  class space    used 2834K, capacity 2979K, committed 3068K, reserved 1048576K
2016-02-26T11:17:59.302+0000: 1621.522: [GC (Allocation Failure) 2016-02-26T11:17:59.302+0000: 1621.523: [ParNew
Desired survivor size 20112992 bytes, new threshold 8 (max 8)
- age   1:     294056 bytes,     294056 total
- age   2:     818808 bytes,    1112864 total
- age   3:     137096 bytes,    1249960 total
- age   4:     211680 bytes,    1461640 total
- age   5:     270840 bytes,    1732480 total
- age   6:     359632 bytes,    2092112 total
- age   7:    2725936 bytes,    4818048 total
- age   8:    2215736 bytes,    7033784 total
: 96643K->10998K(109248K), 0.0269920 secs] 96643K->10998K(502464K), 0.0271902 secs] [Times: user=0.03 sys=0.00, real=0.03 secs] 
Heap after GC invocations=8 (full 1):
 par new generation   total 109248K, used 10998K [0x00000000e0000000, 0x00000000e8000000, 0x00000000e8000000)
  eden space 87424K,   0% used [0x00000000e0000000, 0x00000000e0000000, 0x00000000e5560000)
  from space 21824K,  50% used [0x00000000e5560000, 0x00000000e601d9e8, 0x00000000e6ab0000)
  to   space 21824K,   0% used [0x00000000e6ab0000, 0x00000000e6ab0000, 0x00000000e8000000)
 concurrent mark-sweep generation total 393216K, used 0K [0x00000000e8000000, 0x0000000100000000, 0x0000000100000000)
 Metaspace       used 24271K, capacity 24626K, committed 25084K, reserved 1071104K
  class space    used 2834K, capacity 2979K, committed 3068K, reserved 1048576K
}
2016-02-26T11:17:59.329+0000: 1621.550: Total time for which application threads were stopped: 0.0276711 seconds, Stopping threads took: 0.0000545 seconds
2016-02-26T11:17:59.356+0000: 1621.577: Total time for which application threads were stopped: 0.0002922 seconds, Stopping threads took: 0.0000877 seconds
2016-02-26T11:17:59.524+0000: 1621.744: Total time for which application threads were stopped: 0.0001935 seconds, Stopping threads took: 0.0000442 seconds
2016-02-26T11:17:59.552+0000: 1621.773: Total time for which application threads were stopped: 0.0001650 seconds, Stopping threads took: 0.0000545 seconds
2016-02-26T11:18:00.552+0000: 1622.773: Total time for which application threads were stopped: 0.0001595 seconds, Stopping threads took: 0.0000474 seconds
2016-02-26T11:18:50.983+0000: 1673.207: Total time for which application threads were stopped: 0.0003293 seconds, Stopping threads took: 0.0000553 seconds
{Heap before GC invocations=8 (full 1):
 par new generation   total 109248K, used 98422K [0x00000000e0000000, 0x00000000e8000000, 0x00000000e8000000)
  eden space 87424K, 100% used [0x00000000e0000000, 0x00000000e5560000, 0x00000000e5560000)
  from space 21824K,  50% used [0x00000000e5560000, 0x00000000e601d9e8, 0x00000000e6ab0000)
  to   space 21824K,   0% used [0x00000000e6ab0000, 0x00000000e6ab0000, 0x00000000e8000000)
 concurrent mark-sweep generation total 393216K, used 0K [0x00000000e8000000, 0x0000000100000000, 0x0000000100000000)
 Metaspace       used 24323K, capacity 24690K, committed 25084K, reserved 1071104K
  class space    used 2834K, capacity 2979K, committed 3068K, reserved 1048576K
2016-02-26T11:18:51.163+0000: 1673.387: [GC (Allocation Failure) 2016-02-26T11:18:51.163+0000: 1673.387: [ParNew
Desired survivor size 20112992 bytes, new threshold 8 (max 8)
- age   1:     986744 bytes,     986744 total
- age   2:       7152 bytes,     993896 total
- age   3:     151480 bytes,    1145376 total
- age   4:     137096 bytes,    1282472 total
- age   5:     209184 bytes,    1491656 total
- age   6:     270840 bytes,    1762496 total
- age   7:     359632 bytes,    2122128 total
- age   8:    2635160 bytes,    4757288 total
: 98422K->6576K(109248K), 0.0686929 secs] 98422K->8947K(502464K), 0.0689195 secs] [Times: user=0.11 sys=0.00, real=0.07 secs] 
Heap after GC invocations=9 (full 1):
 par new generation   total 109248K, used 6576K [0x00000000e0000000, 0x00000000e8000000, 0x00000000e8000000)
  eden space 87424K,   0% used [0x00000000e0000000, 0x00000000e0000000, 0x00000000e5560000)
  from space 21824K,  30% used [0x00000000e6ab0000, 0x00000000e711c380, 0x00000000e8000000)
  to   space 21824K,   0% used [0x00000000e5560000, 0x00000000e5560000, 0x00000000e6ab0000)
 concurrent mark-sweep generation total 393216K, used 2370K [0x00000000e8000000, 0x0000000100000000, 0x0000000100000000)
 Metaspace       used 24323K, capacity 24690K, committed 25084K, reserved 1071104K
  class space    used 2834K, capacity 2979K, committed 3068K, reserved 1048576K
}
2016-02-26T11:18:51.232+0000: 1673.456: Total time for which application threads were stopped: 0.0694794 seconds, Stopping threads took: 0.0000648 seconds
2016-02-26T11:18:51.265+0000: 1673.489: Total time for which application threads were stopped: 0.0002985 seconds, Stopping threads took: 0.0001011 seconds
{Heap before GC invocations=9 (full 1):
 par new generation   total 109248K, used 94000K [0x00000000e0000000, 0x00000000e8000000, 0x00000000e8000000)
  eden space 87424K, 100% used [0x00000000e0000000, 0x00000000e5560000, 0x00000000e5560000)
  from space 21824K,  30% used [0x00000000e6ab0000, 0x00000000e711c380, 0x00000000e8000000)
  to   space 21824K,   0% used [0x00000000e5560000, 0x00000000e5560000, 0x00000000e6ab0000)
 concurrent mark-sweep generation total 393216K, used 2370K [0x00000000e8000000, 0x0000000100000000, 0x0000000100000000)
 Metaspace       used 24326K, capacity 24690K, committed 25084K, reserved 1071104K
  class space    used 2834K, capacity 2979K, committed 3068K, reserved 1048576K
2016-02-26T11:18:51.491+0000: 1673.714: [GC (Allocation Failure) 2016-02-26T11:18:51.491+0000: 1673.715: [ParNew
Desired survivor size 20112992 bytes, new threshold 8 (max 8)
- age   1:     444480 bytes,     444480 total
- age   2:     821256 bytes,    1265736 total
- age   3:       7152 bytes,    1272888 total
- age   4:     151480 bytes,    1424368 total
- age   5:     137096 bytes,    1561464 total
- age   6:     209184 bytes,    1770648 total
- age   7:     270840 bytes,    2041488 total
- age   8:     359632 bytes,    2401120 total
: 94000K->3846K(109248K), 0.0461253 secs] 96371K->8933K(502464K), 0.0462904 secs] [Times: user=0.06 sys=0.00, real=0.05 secs] 
Heap after GC invocations=10 (full 1):
 par new generation   total 109248K, used 3846K [0x00000000e0000000, 0x00000000e8000000, 0x00000000e8000000)
  eden space 87424K,   0% used [0x00000000e0000000, 0x00000000e0000000, 0x00000000e5560000)
  from space 21824K,  17% used [0x00000000e5560000, 0x00000000e59219b0, 0x00000000e6ab0000)
  to   space 21824K,   0% used [0x00000000e6ab0000, 0x00000000e6ab0000, 0x00000000e8000000)
 concurrent mark-sweep generation total 393216K, used 5087K [0x00000000e8000000, 0x0000000100000000, 0x0000000100000000)
 Metaspace       used 24326K, capacity 24690K, committed 25084K, reserved 1071104K
  class space    used 2834K, capacity 2979K, committed 3068K, reserved 1048576K
}
2016-02-26T11:18:51.537+0000: 1673.761: Total time for which application threads were stopped: 0.0467744 seconds, Stopping threads took: 0.0000608 seconds
2016-02-26T11:18:51.538+0000: 1673.762: Total time for which application threads were stopped: 0.0010731 seconds, Stopping threads took: 0.0008939 seconds
2016-02-26T11:18:52.538+0000: 1674.762: Total time for which application threads were stopped: 0.0001919 seconds, Stopping threads took: 0.0000458 seconds
2016-02-26T11:21:31.042+0000: 1833.271: Total time for which application threads were stopped: 0.0001864 seconds, Stopping threads took: 0.0000584 seconds
{Heap before GC invocations=10 (full 1):
 par new generation   total 109248K, used 91270K [0x00000000e0000000, 0x00000000e8000000, 0x00000000e8000000)
  eden space 87424K, 100% used [0x00000000e0000000, 0x00000000e5560000, 0x00000000e5560000)
  from space 21824K,  17% used [0x00000000e5560000, 0x00000000e59219b0, 0x00000000e6ab0000)
  to   space 21824K,   0% used [0x00000000e6ab0000, 0x00000000e6ab0000, 0x00000000e8000000)
 concurrent mark-sweep generation total 393216K, used 5087K [0x00000000e8000000, 0x0000000100000000, 0x0000000100000000)
 Metaspace       used 24356K, capacity 24696K, committed 25084K, reserved 1071104K
  class space    used 2835K, capacity 2980K, committed 3068K, reserved 1048576K
2016-02-26T11:21:31.181+0000: 1833.410: [GC (Allocation Failure) 2016-02-26T11:21:31.181+0000: 1833.410: [ParNew
Desired survivor size 20112992 bytes, new threshold 8 (max 8)
- age   1:     862592 bytes,     862592 total
- age   2:       2776 bytes,     865368 total
- age   3:     107432 bytes,     972800 total
- age   4:       7152 bytes,     979952 total
- age   5:     148984 bytes,    1128936 total
- age   6:     136992 bytes,    1265928 total
- age   7:     209184 bytes,    1475112 total
- age   8:     270840 bytes,    1745952 total
: 91270K->2761K(109248K), 0.0536168 secs] 96357K->8206K(502464K), 0.0538402 secs] [Times: user=0.05 sys=0.00, real=0.05 secs] 
Heap after GC invocations=11 (full 1):
 par new generation   total 109248K, used 2761K [0x00000000e0000000, 0x00000000e8000000, 0x00000000e8000000)
  eden space 87424K,   0% used [0x00000000e0000000, 0x00000000e0000000, 0x00000000e5560000)
  from space 21824K,  12% used [0x00000000e6ab0000, 0x00000000e6d62588, 0x00000000e8000000)
  to   space 21824K,   0% used [0x00000000e5560000, 0x00000000e5560000, 0x00000000e6ab0000)
 concurrent mark-sweep generation total 393216K, used 5444K [0x00000000e8000000, 0x0000000100000000, 0x0000000100000000)
 Metaspace       used 24356K, capacity 24696K, committed 25084K, reserved 1071104K
  class space    used 2835K, capacity 2980K, committed 3068K, reserved 1048576K
}
2016-02-26T11:21:31.235+0000: 1833.464: Total time for which application threads were stopped: 0.0543812 seconds, Stopping threads took: 0.0000561 seconds
2016-02-26T11:21:31.239+0000: 1833.468: Total time for which application threads were stopped: 0.0003451 seconds, Stopping threads took: 0.0001137 seconds
{Heap before GC invocations=11 (full 1):
 par new generation   total 109248K, used 90185K [0x00000000e0000000, 0x00000000e8000000, 0x00000000e8000000)
  eden space 87424K, 100% used [0x00000000e0000000, 0x00000000e5560000, 0x00000000e5560000)
  from space 21824K,  12% used [0x00000000e6ab0000, 0x00000000e6d62588, 0x00000000e8000000)
  to   space 21824K,   0% used [0x00000000e5560000, 0x00000000e5560000, 0x00000000e6ab0000)
 concurrent mark-sweep generation total 393216K, used 5444K [0x00000000e8000000, 0x0000000100000000, 0x0000000100000000)
 Metaspace       used 24378K, capacity 24720K, committed 25084K, reserved 1071104K
  class space    used 2837K, capacity 2984K, committed 3068K, reserved 1048576K
2016-02-26T11:21:31.517+0000: 1833.746: [GC (Allocation Failure) 2016-02-26T11:21:31.517+0000: 1833.746: [ParNew
Desired survivor size 20112992 bytes, new threshold 8 (max 8)
- age   1:     351424 bytes,     351424 total
- age   2:     799816 bytes,    1151240 total
- age   3:       2776 bytes,    1154016 total
- age   4:     107432 bytes,    1261448 total
- age   5:       7152 bytes,    1268600 total
- age   6:     148984 bytes,    1417584 total
- age   7:     136576 bytes,    1554160 total
- age   8:     209184 bytes,    1763344 total
: 90185K->1832K(109248K), 0.0362120 secs] 95630K->7545K(502464K), 0.0364252 secs] [Times: user=0.03 sys=0.00, real=0.04 secs] 
Heap after GC invocations=12 (full 1):
 par new generation   total 109248K, used 1832K [0x00000000e0000000, 0x00000000e8000000, 0x00000000e8000000)
  eden space 87424K,   0% used [0x00000000e0000000, 0x00000000e0000000, 0x00000000e5560000)
  from space 21824K,   8% used [0x00000000e5560000, 0x00000000e572a2a0, 0x00000000e6ab0000)
  to   space 21824K,   0% used [0x00000000e6ab0000, 0x00000000e6ab0000, 0x00000000e8000000)
 concurrent mark-sweep generation total 393216K, used 5713K [0x00000000e8000000, 0x0000000100000000, 0x0000000100000000)
 Metaspace       used 24378K, capacity 24720K, committed 25084K, reserved 1071104K
  class space    used 2837K, capacity 2984K, committed 3068K, reserved 1048576K
}
2016-02-26T11:21:31.554+0000: 1833.783: Total time for which application threads were stopped: 0.0369022 seconds, Stopping threads took: 0.0000648 seconds
2016-02-26T11:21:31.568+0000: 1833.797: Total time for which application threads were stopped: 0.0003088 seconds, Stopping threads took: 0.0001208 seconds
2016-02-26T11:21:32.568+0000: 1834.801: Total time for which application threads were stopped: 0.0001642 seconds, Stopping threads took: 0.0000482 seconds
2016-02-26T11:23:38.557+0000: 1960.798: Total time for which application threads were stopped: 0.0002898 seconds, Stopping threads took: 0.0001311 seconds
{Heap before GC invocations=12 (full 1):
 par new generation   total 109248K, used 89256K [0x00000000e0000000, 0x00000000e8000000, 0x00000000e8000000)
  eden space 87424K, 100% used [0x00000000e0000000, 0x00000000e5560000, 0x00000000e5560000)
  from space 21824K,   8% used [0x00000000e5560000, 0x00000000e572a2a0, 0x00000000e6ab0000)
  to   space 21824K,   0% used [0x00000000e6ab0000, 0x00000000e6ab0000, 0x00000000e8000000)
 concurrent mark-sweep generation total 393216K, used 5713K [0x00000000e8000000, 0x0000000100000000, 0x0000000100000000)
 Metaspace       used 24412K, capacity 24790K, committed 25084K, reserved 1071104K
  class space    used 2838K, capacity 2985K, committed 3068K, reserved 1048576K
2016-02-26T11:23:38.728+0000: 1960.968: [GC (Allocation Failure) 2016-02-26T11:23:38.728+0000: 1960.968: [ParNew
Desired survivor size 20112992 bytes, new threshold 8 (max 8)
- age   1:    1059360 bytes,    1059360 total
- age   2:       5592 bytes,    1064952 total
- age   3:      82864 bytes,    1147816 total
- age   4:       2776 bytes,    1150592 total
- age   5:     104936 bytes,    1255528 total
- age   6:       7152 bytes,    1262680 total
- age   7:     148776 bytes,    1411456 total
- age   8:     136472 bytes,    1547928 total
: 89256K->2580K(109248K), 0.0236636 secs] 94969K->8502K(502464K), 0.0239147 secs] [Times: user=0.02 sys=0.00, real=0.02 secs] 
Heap after GC invocations=13 (full 1):
 par new generation   total 109248K, used 2580K [0x00000000e0000000, 0x00000000e8000000, 0x00000000e8000000)
  eden space 87424K,   0% used [0x00000000e0000000, 0x00000000e0000000, 0x00000000e5560000)
  from space 21824K,  11% used [0x00000000e6ab0000, 0x00000000e6d35378, 0x00000000e8000000)
  to   space 21824K,   0% used [0x00000000e5560000, 0x00000000e5560000, 0x00000000e6ab0000)
 concurrent mark-sweep generation total 393216K, used 5921K [0x00000000e8000000, 0x0000000100000000, 0x0000000100000000)
 Metaspace       used 24412K, capacity 24790K, committed 25084K, reserved 1071104K
  class space    used 2838K, capacity 2985K, committed 3068K, reserved 1048576K
}
2016-02-26T11:23:38.752+0000: 1960.992: Total time for which application threads were stopped: 0.0244438 seconds, Stopping threads took: 0.0000679 seconds
2016-02-26T11:23:38.772+0000: 1961.012: Total time for which application threads were stopped: 0.0013953 seconds, Stopping threads took: 0.0011821 seconds
{Heap before GC invocations=13 (full 1):
 par new generation   total 109248K, used 90004K [0x00000000e0000000, 0x00000000e8000000, 0x00000000e8000000)
  eden space 87424K, 100% used [0x00000000e0000000, 0x00000000e5560000, 0x00000000e5560000)
  from space 21824K,  11% used [0x00000000e6ab0000, 0x00000000e6d35378, 0x00000000e8000000)
  to   space 21824K,   0% used [0x00000000e5560000, 0x00000000e5560000, 0x00000000e6ab0000)
 concurrent mark-sweep generation total 393216K, used 5921K [0x00000000e8000000, 0x0000000100000000, 0x0000000100000000)
 Metaspace       used 24412K, capacity 24790K, committed 25084K, reserved 1071104K
  class space    used 2838K, capacity 2985K, committed 3068K, reserved 1048576K
2016-02-26T11:23:39.001+0000: 1961.241: [GC (Allocation Failure) 2016-02-26T11:23:39.001+0000: 1961.241: [ParNew
Desired survivor size 20112992 bytes, new threshold 8 (max 8)
- age   1:     148904 bytes,     148904 total
- age   2:     843248 bytes,     992152 total
- age   3:       5592 bytes,     997744 total
- age   4:      82864 bytes,    1080608 total
- age   5:       2776 bytes,    1083384 total
- age   6:     104936 bytes,    1188320 total
- age   7:       7152 bytes,    1195472 total
- age   8:     146264 bytes,    1341736 total
: 90004K->1711K(109248K), 0.0130909 secs] 95926K->7771K(502464K), 0.0132820 secs] [Times: user=0.03 sys=0.00, real=0.01 secs] 
Heap after GC invocations=14 (full 1):
 par new generation   total 109248K, used 1711K [0x00000000e0000000, 0x00000000e8000000, 0x00000000e8000000)
  eden space 87424K,   0% used [0x00000000e0000000, 0x00000000e0000000, 0x00000000e5560000)
  from space 21824K,   7% used [0x00000000e5560000, 0x00000000e570bf68, 0x00000000e6ab0000)
  to   space 21824K,   0% used [0x00000000e6ab0000, 0x00000000e6ab0000, 0x00000000e8000000)
 concurrent mark-sweep generation total 393216K, used 6059K [0x00000000e8000000, 0x0000000100000000, 0x0000000100000000)
 Metaspace       used 24412K, capacity 24790K, committed 25084K, reserved 1071104K
  class space    used 2838K, capacity 2985K, committed 3068K, reserved 1048576K
}
2016-02-26T11:23:39.014+0000: 1961.255: Total time for which application threads were stopped: 0.0137771 seconds, Stopping threads took: 0.0000600 seconds
2016-02-26T11:23:39.016+0000: 1961.256: Total time for which application threads were stopped: 0.0010787 seconds, Stopping threads took: 0.0009018 seconds
2016-02-26T11:23:39.116+0000: 1961.356: Total time for which application threads were stopped: 0.0003159 seconds, Stopping threads took: 0.0000466 seconds
2016-02-26T11:25:58.761+0000: 2101.005: Total time for which application threads were stopped: 0.0002195 seconds, Stopping threads took: 0.0000640 seconds
2016-02-26T11:25:59.761+0000: 2102.004: Total time for which application threads were stopped: 0.0001500 seconds, Stopping threads took: 0.0000450 seconds
2016-02-26T11:26:40.926+0000: 2143.170: Total time for which application threads were stopped: 0.0001698 seconds, Stopping threads took: 0.0000624 seconds
{Heap before GC invocations=14 (full 1):
 par new generation   total 109248K, used 89133K [0x00000000e0000000, 0x00000000e8000000, 0x00000000e8000000)
  eden space 87424K,  99% used [0x00000000e0000000, 0x00000000e555f608, 0x00000000e5560000)
  from space 21824K,   7% used [0x00000000e5560000, 0x00000000e570bf68, 0x00000000e6ab0000)
  to   space 21824K,   0% used [0x00000000e6ab0000, 0x00000000e6ab0000, 0x00000000e8000000)
 concurrent mark-sweep generation total 393216K, used 6059K [0x00000000e8000000, 0x0000000100000000, 0x0000000100000000)
 Metaspace       used 24447K, capacity 24866K, committed 25340K, reserved 1071104K
  class space    used 2839K, capacity 2987K, committed 3068K, reserved 1048576K
2016-02-26T11:26:41.131+0000: 2143.376: [GC (Allocation Failure) 2016-02-26T11:26:41.131+0000: 2143.376: [ParNew
Desired survivor size 20112992 bytes, new threshold 8 (max 8)
- age   1:    1296040 bytes,    1296040 total
- age   2:       1360 bytes,    1297400 total
- age   3:     106632 bytes,    1404032 total
- age   4:       5592 bytes,    1409624 total
- age   5:      80368 bytes,    1489992 total
- age   6:       2776 bytes,    1492768 total
- age   7:     104936 bytes,    1597704 total
- age   8:       7152 bytes,    1604856 total
: 89133K->2030K(109248K), 0.0154543 secs] 95192K->8234K(502464K), 0.0156691 secs] [Times: user=0.03 sys=0.00, real=0.02 secs] 
Heap after GC invocations=15 (full 1):
 par new generation   total 109248K, used 2030K [0x00000000e0000000, 0x00000000e8000000, 0x00000000e8000000)
  eden space 87424K,   0% used [0x00000000e0000000, 0x00000000e0000000, 0x00000000e5560000)
  from space 21824K,   9% used [0x00000000e6ab0000, 0x00000000e6cab810, 0x00000000e8000000)
  to   space 21824K,   0% used [0x00000000e5560000, 0x00000000e5560000, 0x00000000e6ab0000)
 concurrent mark-sweep generation total 393216K, used 6204K [0x00000000e8000000, 0x0000000100000000, 0x0000000100000000)
 Metaspace       used 24447K, capacity 24866K, committed 25340K, reserved 1071104K
  class space    used 2839K, capacity 2987K, committed 3068K, reserved 1048576K
}
2016-02-26T11:26:41.147+0000: 2143.392: Total time for which application threads were stopped: 0.0162148 seconds, Stopping threads took: 0.0000584 seconds
2016-02-26T11:26:41.164+0000: 2143.408: Total time for which application threads were stopped: 0.0004256 seconds, Stopping threads took: 0.0000782 seconds
{Heap before GC invocations=15 (full 1):
 par new generation   total 109248K, used 89454K [0x00000000e0000000, 0x00000000e8000000, 0x00000000e8000000)
  eden space 87424K, 100% used [0x00000000e0000000, 0x00000000e5560000, 0x00000000e5560000)
  from space 21824K,   9% used [0x00000000e6ab0000, 0x00000000e6cab810, 0x00000000e8000000)
  to   space 21824K,   0% used [0x00000000e5560000, 0x00000000e5560000, 0x00000000e6ab0000)
 concurrent mark-sweep generation total 393216K, used 6204K [0x00000000e8000000, 0x0000000100000000, 0x0000000100000000)
 Metaspace       used 24450K, capacity 24866K, committed 25340K, reserved 1071104K
  class space    used 2839K, capacity 2987K, committed 3068K, reserved 1048576K
2016-02-26T11:26:41.453+0000: 2143.698: [GC (Allocation Failure) 2016-02-26T11:26:41.453+0000: 2143.698: [ParNew
Desired survivor size 20112992 bytes, new threshold 8 (max 8)
- age   1:     442344 bytes,     442344 total
- age   2:     882232 bytes,    1324576 total
- age   3:       1360 bytes,    1325936 total
- age   4:     106632 bytes,    1432568 total
- age   5:       5592 bytes,    1438160 total
- age   6:      80368 bytes,    1518528 total
- age   7:       2776 bytes,    1521304 total
- age   8:     104936 bytes,    1626240 total
: 89454K->1855K(109248K), 0.0158263 secs] 95658K->8067K(502464K), 0.0160711 secs] [Times: user=0.02 sys=0.02, real=0.02 secs] 
Heap after GC invocations=16 (full 1):
 par new generation   total 109248K, used 1855K [0x00000000e0000000, 0x00000000e8000000, 0x00000000e8000000)
  eden space 87424K,   0% used [0x00000000e0000000, 0x00000000e0000000, 0x00000000e5560000)
  from space 21824K,   8% used [0x00000000e5560000, 0x00000000e572fe30, 0x00000000e6ab0000)
  to   space 21824K,   0% used [0x00000000e6ab0000, 0x00000000e6ab0000, 0x00000000e8000000)
 concurrent mark-sweep generation total 393216K, used 6212K [0x00000000e8000000, 0x0000000100000000, 0x0000000100000000)
 Metaspace       used 24450K, capacity 24866K, committed 25340K, reserved 1071104K
  class space    used 2839K, capacity 2987K, committed 3068K, reserved 1048576K
}
2016-02-26T11:26:41.469+0000: 2143.714: Total time for which application threads were stopped: 0.0165670 seconds, Stopping threads took: 0.0000742 seconds
2016-02-26T11:26:41.490+0000: 2143.735: Total time for which application threads were stopped: 0.0002866 seconds, Stopping threads took: 0.0000940 seconds
2016-02-26T11:28:18.291+0000: 2240.540: Total time for which application threads were stopped: 0.0001974 seconds, Stopping threads took: 0.0000608 seconds
{Heap before GC invocations=16 (full 1):
 par new generation   total 109248K, used 89279K [0x00000000e0000000, 0x00000000e8000000, 0x00000000e8000000)
  eden space 87424K, 100% used [0x00000000e0000000, 0x00000000e5560000, 0x00000000e5560000)
  from space 21824K,   8% used [0x00000000e5560000, 0x00000000e572fe30, 0x00000000e6ab0000)
  to   space 21824K,   0% used [0x00000000e6ab0000, 0x00000000e6ab0000, 0x00000000e8000000)
 concurrent mark-sweep generation total 393216K, used 6212K [0x00000000e8000000, 0x0000000100000000, 0x0000000100000000)
 Metaspace       used 24459K, capacity 24866K, committed 25340K, reserved 1071104K
  class space    used 2839K, capacity 2987K, committed 3068K, reserved 1048576K
2016-02-26T11:28:18.482+0000: 2240.730: [GC (Allocation Failure) 2016-02-26T11:28:18.482+0000: 2240.730: [ParNew
Desired survivor size 20112992 bytes, new threshold 8 (max 8)
- age   1:     906272 bytes,     906272 total
- age   2:       1272 bytes,     907544 total
- age   3:     136176 bytes,    1043720 total
- age   4:       1360 bytes,    1045080 total
- age   5:     106592 bytes,    1151672 total
- age   6:       5592 bytes,    1157264 total
- age   7:      80368 bytes,    1237632 total
- age   8:       2776 bytes,    1240408 total
: 89279K->2406K(109248K), 0.0123336 secs] 95491K->8722K(502464K), 0.0125429 secs] [Times: user=0.03 sys=0.00, real=0.01 secs] 
Heap after GC invocations=17 (full 1):
 par new generation   total 109248K, used 2406K [0x00000000e0000000, 0x00000000e8000000, 0x00000000e8000000)
  eden space 87424K,   0% used [0x00000000e0000000, 0x00000000e0000000, 0x00000000e5560000)
  from space 21824K,  11% used [0x00000000e6ab0000, 0x00000000e6d09a18, 0x00000000e8000000)
  to   space 21824K,   0% used [0x00000000e5560000, 0x00000000e5560000, 0x00000000e6ab0000)
 concurrent mark-sweep generation total 393216K, used 6315K [0x00000000e8000000, 0x0000000100000000, 0x0000000100000000)
 Metaspace       used 24459K, capacity 24866K, committed 25340K, reserved 1071104K
  class space    used 2839K, capacity 2987K, committed 3068K, reserved 1048576K
}
2016-02-26T11:28:18.494+0000: 2240.743: Total time for which application threads were stopped: 0.0130459 seconds, Stopping threads took: 0.0000553 seconds
2016-02-26T11:28:18.497+0000: 2240.745: Total time for which application threads were stopped: 0.0011071 seconds, Stopping threads took: 0.0007360 seconds
2016-02-26T11:28:19.497+0000: 2241.745: Total time for which application threads were stopped: 0.0001516 seconds, Stopping threads took: 0.0000474 seconds
2016-02-26T11:28:19.722+0000: 2241.971: Total time for which application threads were stopped: 0.0003095 seconds, Stopping threads took: 0.0001935 seconds
{Heap before GC invocations=17 (full 1):
 par new generation   total 109248K, used 89830K [0x00000000e0000000, 0x00000000e8000000, 0x00000000e8000000)
  eden space 87424K, 100% used [0x00000000e0000000, 0x00000000e5560000, 0x00000000e5560000)
  from space 21824K,  11% used [0x00000000e6ab0000, 0x00000000e6d09a18, 0x00000000e8000000)
  to   space 21824K,   0% used [0x00000000e5560000, 0x00000000e5560000, 0x00000000e6ab0000)
 concurrent mark-sweep generation total 393216K, used 6315K [0x00000000e8000000, 0x0000000100000000, 0x0000000100000000)
 Metaspace       used 24474K, capacity 24866K, committed 25340K, reserved 1071104K
  class space    used 2839K, capacity 2987K, committed 3068K, reserved 1048576K
2016-02-26T11:28:19.768+0000: 2242.017: [GC (Allocation Failure) 2016-02-26T11:28:19.768+0000: 2242.017: [ParNew
Desired survivor size 20112992 bytes, new threshold 8 (max 8)
- age   1:     154056 bytes,     154056 total
- age   2:     126776 bytes,     280832 total
- age   3:       1272 bytes,     282104 total
- age   4:     133816 bytes,     415920 total
- age   5:       1360 bytes,     417280 total
- age   6:     106384 bytes,     523664 total
- age   7:       5592 bytes,     529256 total
- age   8:      80288 bytes,     609544 total
: 89830K->999K(109248K), 0.0121749 secs] 96146K->7317K(502464K), 0.0123984 secs] [Times: user=0.02 sys=0.00, real=0.01 secs] 
Heap after GC invocations=18 (full 1):
 par new generation   total 109248K, used 999K [0x00000000e0000000, 0x00000000e8000000, 0x00000000e8000000)
  eden space 87424K,   0% used [0x00000000e0000000, 0x00000000e0000000, 0x00000000e5560000)
  from space 21824K,   4% used [0x00000000e5560000, 0x00000000e5659c58, 0x00000000e6ab0000)
  to   space 21824K,   0% used [0x00000000e6ab0000, 0x00000000e6ab0000, 0x00000000e8000000)
 concurrent mark-sweep generation total 393216K, used 6318K [0x00000000e8000000, 0x0000000100000000, 0x0000000100000000)
 Metaspace       used 24474K, capacity 24866K, committed 25340K, reserved 1071104K
  class space    used 2839K, capacity 2987K, committed 3068K, reserved 1048576K
}
2016-02-26T11:28:19.781+0000: 2242.029: Total time for which application threads were stopped: 0.0132741 seconds, Stopping threads took: 0.0004533 seconds
2016-02-26T11:28:19.782+0000: 2242.030: Total time for which application threads were stopped: 0.0004217 seconds, Stopping threads took: 0.0000411 seconds
2016-02-26T11:28:19.782+0000: 2242.030: Total time for which application threads were stopped: 0.0000995 seconds, Stopping threads took: 0.0000292 seconds
{Heap before GC invocations=18 (full 1):
 par new generation   total 109248K, used 88423K [0x00000000e0000000, 0x00000000e8000000, 0x00000000e8000000)
  eden space 87424K, 100% used [0x00000000e0000000, 0x00000000e5560000, 0x00000000e5560000)
  from space 21824K,   4% used [0x00000000e5560000, 0x00000000e5659c58, 0x00000000e6ab0000)
  to   space 21824K,   0% used [0x00000000e6ab0000, 0x00000000e6ab0000, 0x00000000e8000000)
 concurrent mark-sweep generation total 393216K, used 6318K [0x00000000e8000000, 0x0000000100000000, 0x0000000100000000)
 Metaspace       used 24507K, capacity 24908K, committed 25340K, reserved 1071104K
  class space    used 2843K, capacity 2994K, committed 3068K, reserved 1048576K
2016-02-26T11:28:19.948+0000: 2242.197: [GC (Allocation Failure) 2016-02-26T11:28:19.948+0000: 2242.197: [ParNew
Desired survivor size 20112992 bytes, new threshold 8 (max 8)
- age   1:     727616 bytes,     727616 total
- age   2:     108080 bytes,     835696 total
- age   3:     125944 bytes,     961640 total
- age   4:       1272 bytes,     962912 total
- age   5:     133816 bytes,    1096728 total
- age   6:       1360 bytes,    1098088 total
- age   7:     106384 bytes,    1204472 total
- age   8:       5592 bytes,    1210064 total
: 88423K->1221K(109248K), 0.0132820 secs] 94741K->7619K(502464K), 0.0134920 secs] [Times: user=0.03 sys=0.00, real=0.01 secs] 
Heap after GC invocations=19 (full 1):
 par new generation   total 109248K, used 1221K [0x00000000e0000000, 0x00000000e8000000, 0x00000000e8000000)
  eden space 87424K,   0% used [0x00000000e0000000, 0x00000000e0000000, 0x00000000e5560000)
  from space 21824K,   5% used [0x00000000e6ab0000, 0x00000000e6be1568, 0x00000000e8000000)
  to   space 21824K,   0% used [0x00000000e5560000, 0x00000000e5560000, 0x00000000e6ab0000)
 concurrent mark-sweep generation total 393216K, used 6398K [0x00000000e8000000, 0x0000000100000000, 0x0000000100000000)
 Metaspace       used 24507K, capacity 24908K, committed 25340K, reserved 1071104K
  class space    used 2843K, capacity 2994K, committed 3068K, reserved 1048576K
}
2016-02-26T11:28:19.962+0000: 2242.210: Total time for which application threads were stopped: 0.0139635 seconds, Stopping threads took: 0.0000490 seconds
2016-02-26T11:28:19.962+0000: 2242.211: Total time for which application threads were stopped: 0.0004469 seconds, Stopping threads took: 0.0002622 seconds
2016-02-26T11:28:20.963+0000: 2243.211: Total time for which application threads were stopped: 0.0001990 seconds, Stopping threads took: 0.0000521 seconds
2016-02-26T11:30:18.019+0000: 2360.269: Total time for which application threads were stopped: 0.0002203 seconds, Stopping threads took: 0.0000837 seconds
{Heap before GC invocations=19 (full 1):
 par new generation   total 109248K, used 88645K [0x00000000e0000000, 0x00000000e8000000, 0x00000000e8000000)
  eden space 87424K, 100% used [0x00000000e0000000, 0x00000000e5560000, 0x00000000e5560000)
  from space 21824K,   5% used [0x00000000e6ab0000, 0x00000000e6be1568, 0x00000000e8000000)
  to   space 21824K,   0% used [0x00000000e5560000, 0x00000000e5560000, 0x00000000e6ab0000)
 concurrent mark-sweep generation total 393216K, used 6398K [0x00000000e8000000, 0x0000000100000000, 0x0000000100000000)
 Metaspace       used 24703K, capacity 25184K, committed 25340K, reserved 1071104K
  class space    used 2868K, capacity 3040K, committed 3068K, reserved 1048576K
2016-02-26T11:30:18.096+0000: 2360.346: [GC (Allocation Failure) 2016-02-26T11:30:18.096+0000: 2360.346: [ParNew
Desired survivor size 20112992 bytes, new threshold 8 (max 8)
- age   1:     373056 bytes,     373056 total
- age   2:      11872 bytes,     384928 total
- age   3:      79784 bytes,     464712 total
- age   4:     103936 bytes,     568648 total
- age   5:       1272 bytes,     569920 total
- age   6:     133752 bytes,     703672 total
- age   7:       1360 bytes,     705032 total
- age   8:     106384 bytes,     811416 total
: 88645K->1542K(109248K), 0.0114334 secs] 95043K->7946K(502464K), 0.0116127 secs] [Times: user=0.02 sys=0.00, real=0.01 secs] 
Heap after GC invocations=20 (full 1):
 par new generation   total 109248K, used 1542K [0x00000000e0000000, 0x00000000e8000000, 0x00000000e8000000)
  eden space 87424K,   0% used [0x00000000e0000000, 0x00000000e0000000, 0x00000000e5560000)
  from space 21824K,   7% used [0x00000000e5560000, 0x00000000e56e19b8, 0x00000000e6ab0000)
  to   space 21824K,   0% used [0x00000000e6ab0000, 0x00000000e6ab0000, 0x00000000e8000000)
 concurrent mark-sweep generation total 393216K, used 6404K [0x00000000e8000000, 0x0000000100000000, 0x0000000100000000)
 Metaspace       used 24703K, capacity 25184K, committed 25340K, reserved 1071104K
  class space    used 2868K, capacity 3040K, committed 3068K, reserved 1048576K
}
2016-02-26T11:30:18.108+0000: 2360.358: Total time for which application threads were stopped: 0.0120746 seconds, Stopping threads took: 0.0000553 seconds
2016-02-26T11:30:18.140+0000: 2360.390: Total time for which application threads were stopped: 0.0002551 seconds, Stopping threads took: 0.0000655 seconds
{Heap before GC invocations=20 (full 1):
 par new generation   total 109248K, used 88966K [0x00000000e0000000, 0x00000000e8000000, 0x00000000e8000000)
  eden space 87424K, 100% used [0x00000000e0000000, 0x00000000e5560000, 0x00000000e5560000)
  from space 21824K,   7% used [0x00000000e5560000, 0x00000000e56e19b8, 0x00000000e6ab0000)
  to   space 21824K,   0% used [0x00000000e6ab0000, 0x00000000e6ab0000, 0x00000000e8000000)
 concurrent mark-sweep generation total 393216K, used 6404K [0x00000000e8000000, 0x0000000100000000, 0x0000000100000000)
 Metaspace       used 24709K, capacity 25190K, committed 25340K, reserved 1071104K
  class space    used 2869K, capacity 3041K, committed 3068K, reserved 1048576K
2016-02-26T11:30:18.345+0000: 2360.595: [GC (Allocation Failure) 2016-02-26T11:30:18.345+0000: 2360.596: [ParNew
Desired survivor size 20112992 bytes, new threshold 8 (max 8)
- age   1:     873024 bytes,     873024 total
- age   2:     206800 bytes,    1079824 total
- age   3:      11872 bytes,    1091696 total
- age   4:      79784 bytes,    1171480 total
- age   5:     103936 bytes,    1275416 total
- age   6:       1272 bytes,    1276688 total
- age   7:     133752 bytes,    1410440 total
- age   8:       1360 bytes,    1411800 total
: 88966K->1382K(109248K), 0.0227815 secs] 95370K->7891K(502464K), 0.0229513 secs] [Times: user=0.02 sys=0.00, real=0.02 secs] 
Heap after GC invocations=21 (full 1):
 par new generation   total 109248K, used 1382K [0x00000000e0000000, 0x00000000e8000000, 0x00000000e8000000)
  eden space 87424K,   0% used [0x00000000e0000000, 0x00000000e0000000, 0x00000000e5560000)
  from space 21824K,   6% used [0x00000000e6ab0000, 0x00000000e6c09940, 0x00000000e8000000)
  to   space 21824K,   0% used [0x00000000e5560000, 0x00000000e5560000, 0x00000000e6ab0000)
 concurrent mark-sweep generation total 393216K, used 6509K [0x00000000e8000000, 0x0000000100000000, 0x0000000100000000)
 Metaspace       used 24709K, capacity 25190K, committed 25340K, reserved 1071104K
  class space    used 2869K, capacity 3041K, committed 3068K, reserved 1048576K
}
2016-02-26T11:30:18.368+0000: 2360.619: Total time for which application threads were stopped: 0.0234449 seconds, Stopping threads took: 0.0000600 seconds
2016-02-26T11:30:18.372+0000: 2360.622: Total time for which application threads were stopped: 0.0026011 seconds, Stopping threads took: 0.0023745 seconds
2016-02-26T11:30:19.372+0000: 2361.622: Total time for which application threads were stopped: 0.0001658 seconds, Stopping threads took: 0.0000474 seconds
2016-02-26T11:30:48.387+0000: 2390.638: Total time for which application threads were stopped: 0.0006001 seconds, Stopping threads took: 0.0004777 seconds
{Heap before GC invocations=21 (full 1):
 par new generation   total 109248K, used 88806K [0x00000000e0000000, 0x00000000e8000000, 0x00000000e8000000)
  eden space 87424K, 100% used [0x00000000e0000000, 0x00000000e5560000, 0x00000000e5560000)
  from space 21824K,   6% used [0x00000000e6ab0000, 0x00000000e6c09940, 0x00000000e8000000)
  to   space 21824K,   0% used [0x00000000e5560000, 0x00000000e5560000, 0x00000000e6ab0000)
 concurrent mark-sweep generation total 393216K, used 6509K [0x00000000e8000000, 0x0000000100000000, 0x0000000100000000)
 Metaspace       used 24726K, capacity 25190K, committed 25340K, reserved 1071104K
  class space    used 2869K, capacity 3041K, committed 3068K, reserved 1048576K
2016-02-26T11:30:48.444+0000: 2390.695: [GC (Allocation Failure) 2016-02-26T11:30:48.445+0000: 2390.696: [ParNew
Desired survivor size 20112992 bytes, new threshold 8 (max 8)
- age   1:     834152 bytes,     834152 total
- age   2:       7080 bytes,     841232 total
- age   3:     172400 bytes,    1013632 total
- age   4:      11872 bytes,    1025504 total
- age   5:      77352 bytes,    1102856 total
- age   6:     103912 bytes,    1206768 total
- age   7:       1272 bytes,    1208040 total
- age   8:     133752 bytes,    1341792 total
: 88806K->2055K(109248K), 0.0207087 secs] 95315K->8565K(502464K), 0.0209551 secs] [Times: user=0.05 sys=0.00, real=0.02 secs] 
Heap after GC invocations=22 (full 1):
 par new generation   total 109248K, used 2055K [0x00000000e0000000, 0x00000000e8000000, 0x00000000e8000000)
  eden space 87424K,   0% used [0x00000000e0000000, 0x00000000e0000000, 0x00000000e5560000)
  from space 21824K,   9% used [0x00000000e5560000, 0x00000000e5761c40, 0x00000000e6ab0000)
  to   space 21824K,   0% used [0x00000000e6ab0000, 0x00000000e6ab0000, 0x00000000e8000000)
 concurrent mark-sweep generation total 393216K, used 6510K [0x00000000e8000000, 0x0000000100000000, 0x0000000100000000)
 Metaspace       used 24726K, capacity 25190K, committed 25340K, reserved 1071104K
  class space    used 2869K, capacity 3041K, committed 3068K, reserved 1048576K
}
2016-02-26T11:30:48.466+0000: 2390.717: Total time for which application threads were stopped: 0.0214644 seconds, Stopping threads took: 0.0000726 seconds
2016-02-26T11:30:48.477+0000: 2390.728: Total time for which application threads were stopped: 0.0076818 seconds, Stopping threads took: 0.0074543 seconds
{Heap before GC invocations=22 (full 1):
 par new generation   total 109248K, used 89479K [0x00000000e0000000, 0x00000000e8000000, 0x00000000e8000000)
  eden space 87424K, 100% used [0x00000000e0000000, 0x00000000e5560000, 0x00000000e5560000)
  from space 21824K,   9% used [0x00000000e5560000, 0x00000000e5761c40, 0x00000000e6ab0000)
  to   space 21824K,   0% used [0x00000000e6ab0000, 0x00000000e6ab0000, 0x00000000e8000000)
 concurrent mark-sweep generation total 393216K, used 6510K [0x00000000e8000000, 0x0000000100000000, 0x0000000100000000)
 Metaspace       used 24727K, capacity 25190K, committed 25340K, reserved 1071104K
  class space    used 2869K, capacity 3041K, committed 3068K, reserved 1048576K
2016-02-26T11:30:48.651+0000: 2390.902: [GC (Allocation Failure) 2016-02-26T11:30:48.651+0000: 2390.902: [ParNew
Desired survivor size 20112992 bytes, new threshold 8 (max 8)
- age   1:     107584 bytes,     107584 total
- age   2:     764200 bytes,     871784 total
- age   3:       7080 bytes,     878864 total
- age   4:     172400 bytes,    1051264 total
- age   5:      11872 bytes,    1063136 total
- age   6:      77352 bytes,    1140488 total
- age   7:     103912 bytes,    1244400 total
- age   8:       1272 bytes,    1245672 total
: 89479K->1461K(109248K), 0.0131193 secs] 95989K->8104K(502464K), 0.0133262 secs] [Times: user=0.00 sys=0.00, real=0.01 secs] 
Heap after GC invocations=23 (full 1):
 par new generation   total 109248K, used 1461K [0x00000000e0000000, 0x00000000e8000000, 0x00000000e8000000)
  eden space 87424K,   0% used [0x00000000e0000000, 0x00000000e0000000, 0x00000000e5560000)
  from space 21824K,   6% used [0x00000000e6ab0000, 0x00000000e6c1d4b0, 0x00000000e8000000)
  to   space 21824K,   0% used [0x00000000e5560000, 0x00000000e5560000, 0x00000000e6ab0000)
 concurrent mark-sweep generation total 393216K, used 6642K [0x00000000e8000000, 0x0000000100000000, 0x0000000100000000)
 Metaspace       used 24727K, capacity 25190K, committed 25340K, reserved 1071104K
  class space    used 2869K, capacity 3041K, committed 3068K, reserved 1048576K
}
2016-02-26T11:30:48.665+0000: 2390.916: Total time for which application threads were stopped: 0.0138269 seconds, Stopping threads took: 0.0000679 seconds
2016-02-26T11:30:48.694+0000: 2390.945: Total time for which application threads were stopped: 0.0003016 seconds, Stopping threads took: 0.0000877 seconds
2016-02-26T11:30:48.813+0000: 2391.064: Total time for which application threads were stopped: 0.0003064 seconds, Stopping threads took: 0.0000419 seconds
2016-02-26T11:31:12.477+0000: 2414.729: Total time for which application threads were stopped: 0.0001611 seconds, Stopping threads took: 0.0000450 seconds
{Heap before GC invocations=23 (full 1):
 par new generation   total 109248K, used 88883K [0x00000000e0000000, 0x00000000e8000000, 0x00000000e8000000)
  eden space 87424K,  99% used [0x00000000e0000000, 0x00000000e555fa50, 0x00000000e5560000)
  from space 21824K,   6% used [0x00000000e6ab0000, 0x00000000e6c1d4b0, 0x00000000e8000000)
  to   space 21824K,   0% used [0x00000000e5560000, 0x00000000e5560000, 0x00000000e6ab0000)
 concurrent mark-sweep generation total 393216K, used 6642K [0x00000000e8000000, 0x0000000100000000, 0x0000000100000000)
 Metaspace       used 24733K, capacity 25190K, committed 25340K, reserved 1071104K
  class space    used 2869K, capacity 3041K, committed 3068K, reserved 1048576K
2016-02-26T11:31:12.594+0000: 2414.846: [GC (Allocation Failure) 2016-02-26T11:31:12.595+0000: 2414.846: [ParNew
Desired survivor size 20112992 bytes, new threshold 8 (max 8)
- age   1:    1243680 bytes,    1243680 total
- age   2:       2600 bytes,    1246280 total
- age   3:      86872 bytes,    1333152 total
- age   4:       7080 bytes,    1340232 total
- age   5:     169808 bytes,    1510040 total
- age   6:      11872 bytes,    1521912 total
- age   7:      77352 bytes,    1599264 total
- age   8:     103912 bytes,    1703176 total
: 88883K->2381K(109248K), 0.0213996 secs] 95526K->9025K(502464K), 0.0216397 secs] [Times: user=0.05 sys=0.02, real=0.02 secs] 
Heap after GC invocations=24 (full 1):
 par new generation   total 109248K, used 2381K [0x00000000e0000000, 0x00000000e8000000, 0x00000000e8000000)
  eden space 87424K,   0% used [0x00000000e0000000, 0x00000000e0000000, 0x00000000e5560000)
  from space 21824K,  10% used [0x00000000e5560000, 0x00000000e57b3638, 0x00000000e6ab0000)
  to   space 21824K,   0% used [0x00000000e6ab0000, 0x00000000e6ab0000, 0x00000000e8000000)
 concurrent mark-sweep generation total 393216K, used 6644K [0x00000000e8000000, 0x0000000100000000, 0x0000000100000000)
 Metaspace       used 24733K, capacity 25190K, committed 25340K, reserved 1071104K
  class space    used 2869K, capacity 3041K, committed 3068K, reserved 1048576K
}
2016-02-26T11:31:12.616+0000: 2414.868: Total time for which application threads were stopped: 0.0221672 seconds, Stopping threads took: 0.0000655 seconds
2016-02-26T11:31:12.627+0000: 2414.878: Total time for which application threads were stopped: 0.0003640 seconds, Stopping threads took: 0.0001429 seconds
{Heap before GC invocations=24 (full 1):
 par new generation   total 109248K, used 89805K [0x00000000e0000000, 0x00000000e8000000, 0x00000000e8000000)
  eden space 87424K, 100% used [0x00000000e0000000, 0x00000000e5560000, 0x00000000e5560000)
  from space 21824K,  10% used [0x00000000e5560000, 0x00000000e57b3638, 0x00000000e6ab0000)
  to   space 21824K,   0% used [0x00000000e6ab0000, 0x00000000e6ab0000, 0x00000000e8000000)
 concurrent mark-sweep generation total 393216K, used 6644K [0x00000000e8000000, 0x0000000100000000, 0x0000000100000000)
 Metaspace       used 24733K, capacity 25190K, committed 25340K, reserved 1071104K
  class space    used 2869K, capacity 3041K, committed 3068K, reserved 1048576K
2016-02-26T11:31:12.902+0000: 2415.153: [GC (Allocation Failure) 2016-02-26T11:31:12.902+0000: 2415.153: [ParNew
Desired survivor size 20112992 bytes, new threshold 8 (max 8)
- age   1:     435840 bytes,     435840 total
- age   2:     785624 bytes,    1221464 total
- age   3:       2600 bytes,    1224064 total
- age   4:      86872 bytes,    1310936 total
- age   5:       7080 bytes,    1318016 total
- age   6:     169808 bytes,    1487824 total
- age   7:      11872 bytes,    1499696 total
- age   8:      77352 bytes,    1577048 total
: 89805K->2030K(109248K), 0.0122207 secs] 96449K->8777K(502464K), 0.0124300 secs] [Times: user=0.03 sys=0.00, real=0.01 secs] 
Heap after GC invocations=25 (full 1):
 par new generation   total 109248K, used 2030K [0x00000000e0000000, 0x00000000e8000000, 0x00000000e8000000)
  eden space 87424K,   0% used [0x00000000e0000000, 0x00000000e0000000, 0x00000000e5560000)
  from space 21824K,   9% used [0x00000000e6ab0000, 0x00000000e6cabb28, 0x00000000e8000000)
  to   space 21824K,   0% used [0x00000000e5560000, 0x00000000e5560000, 0x00000000e6ab0000)
 concurrent mark-sweep generation total 393216K, used 6747K [0x00000000e8000000, 0x0000000100000000, 0x0000000100000000)
 Metaspace       used 24733K, capacity 25190K, committed 25340K, reserved 1071104K
  class space    used 2869K, capacity 3041K, committed 3068K, reserved 1048576K
}
2016-02-26T11:31:12.914+0000: 2415.166: Total time for which application threads were stopped: 0.0129338 seconds, Stopping threads took: 0.0000600 seconds
2016-02-26T11:31:12.915+0000: 2415.167: Total time for which application threads were stopped: 0.0010558 seconds, Stopping threads took: 0.0008544 seconds
2016-02-26T11:31:13.916+0000: 2416.167: Total time for which application threads were stopped: 0.0001603 seconds, Stopping threads took: 0.0000458 seconds
2016-02-26T11:31:26.917+0000: 2429.168: Total time for which application threads were stopped: 0.0001556 seconds, Stopping threads took: 0.0000458 seconds
{Heap before GC invocations=25 (full 1):
 par new generation   total 109248K, used 89433K [0x00000000e0000000, 0x00000000e8000000, 0x00000000e8000000)
  eden space 87424K,  99% used [0x00000000e0000000, 0x00000000e555a960, 0x00000000e5560000)
  from space 21824K,   9% used [0x00000000e6ab0000, 0x00000000e6cabb28, 0x00000000e8000000)
  to   space 21824K,   0% used [0x00000000e5560000, 0x00000000e5560000, 0x00000000e6ab0000)
 concurrent mark-sweep generation total 393216K, used 6747K [0x00000000e8000000, 0x0000000100000000, 0x0000000100000000)
 Metaspace       used 24744K, capacity 25190K, committed 25340K, reserved 1071104K
  class space    used 2869K, capacity 3041K, committed 3068K, reserved 1048576K
2016-02-26T11:31:35.744+0000: 2437.999: [GC (Allocation Failure) 2016-02-26T11:31:35.744+0000: 2437.999: [ParNew
Desired survivor size 20112992 bytes, new threshold 8 (max 8)
- age   1:     930472 bytes,     930472 total
- age   2:       1464 bytes,     931936 total
- age   3:     102784 bytes,    1034720 total
- age   4:       2600 bytes,    1037320 total
- age   5:      78976 bytes,    1116296 total
- age   6:       7080 bytes,    1123376 total
- age   7:     169760 bytes,    1293136 total
- age   8:      11872 bytes,    1305008 total
: 89433K->1772K(109248K), 0.0146315 secs] 96180K->8596K(502464K), 0.0148439 secs] [Times: user=0.03 sys=0.00, real=0.02 secs] 
Heap after GC invocations=26 (full 1):
 par new generation   total 109248K, used 1772K [0x00000000e0000000, 0x00000000e8000000, 0x00000000e8000000)
  eden space 87424K,   0% used [0x00000000e0000000, 0x00000000e0000000, 0x00000000e5560000)
  from space 21824K,   8% used [0x00000000e5560000, 0x00000000e571b058, 0x00000000e6ab0000)
  to   space 21824K,   0% used [0x00000000e6ab0000, 0x00000000e6ab0000, 0x00000000e8000000)
 concurrent mark-sweep generation total 393216K, used 6823K [0x00000000e8000000, 0x0000000100000000, 0x0000000100000000)
 Metaspace       used 24744K, capacity 25190K, committed 25340K, reserved 1071104K
  class space    used 2869K, capacity 3041K, committed 3068K, reserved 1048576K
}
2016-02-26T11:31:35.759+0000: 2438.014: Total time for which application threads were stopped: 0.0153201 seconds, Stopping threads took: 0.0000584 seconds
2016-02-26T11:31:35.760+0000: 2438.015: Total time for which application threads were stopped: 0.0010376 seconds, Stopping threads took: 0.0008552 seconds
{Heap before GC invocations=26 (full 1):
 par new generation   total 109248K, used 89196K [0x00000000e0000000, 0x00000000e8000000, 0x00000000e8000000)
  eden space 87424K, 100% used [0x00000000e0000000, 0x00000000e5560000, 0x00000000e5560000)
  from space 21824K,   8% used [0x00000000e5560000, 0x00000000e571b058, 0x00000000e6ab0000)
  to   space 21824K,   0% used [0x00000000e6ab0000, 0x00000000e6ab0000, 0x00000000e8000000)
 concurrent mark-sweep generation total 393216K, used 6823K [0x00000000e8000000, 0x0000000100000000, 0x0000000100000000)
 Metaspace       used 24744K, capacity 25190K, committed 25340K, reserved 1071104K
  class space    used 2869K, capacity 3041K, committed 3068K, reserved 1048576K
2016-02-26T11:31:35.965+0000: 2438.220: [GC (Allocation Failure) 2016-02-26T11:31:35.966+0000: 2438.220: [ParNew
Desired survivor size 20112992 bytes, new threshold 8 (max 8)
- age   1:     201896 bytes,     201896 total
- age   2:     818392 bytes,    1020288 total
- age   3:       1464 bytes,    1021752 total
- age   4:     102784 bytes,    1124536 total
- age   5:       2600 bytes,    1127136 total
- age   6:      78976 bytes,    1206112 total
- age   7:       7080 bytes,    1213192 total
- age   8:     169760 bytes,    1382952 total
: 89196K->1518K(109248K), 0.0135663 secs] 96020K->8354K(502464K), 0.0140566 secs] [Times: user=0.00 sys=0.00, real=0.01 secs] 
Heap after GC invocations=27 (full 1):
 par new generation   total 109248K, used 1518K [0x00000000e0000000, 0x00000000e8000000, 0x00000000e8000000)
  eden space 87424K,   0% used [0x00000000e0000000, 0x00000000e0000000, 0x00000000e5560000)
  from space 21824K,   6% used [0x00000000e6ab0000, 0x00000000e6c2b950, 0x00000000e8000000)
  to   space 21824K,   0% used [0x00000000e5560000, 0x00000000e5560000, 0x00000000e6ab0000)
 concurrent mark-sweep generation total 393216K, used 6836K [0x00000000e8000000, 0x0000000100000000, 0x0000000100000000)
 Metaspace       used 24744K, capacity 25190K, committed 25340K, reserved 1071104K
  class space    used 2869K, capacity 3041K, committed 3068K, reserved 1048576K
}
2016-02-26T11:31:35.980+0000: 2438.234: Total time for which application threads were stopped: 0.0145344 seconds, Stopping threads took: 0.0000576 seconds
2016-02-26T11:31:35.981+0000: 2438.235: Total time for which application threads were stopped: 0.0009184 seconds, Stopping threads took: 0.0007257 seconds
2016-02-26T11:31:36.981+0000: 2439.235: Total time for which application threads were stopped: 0.0001642 seconds, Stopping threads took: 0.0000497 seconds
2016-02-26T11:34:04.099+0000: 2586.357: Total time for which application threads were stopped: 0.0002108 seconds, Stopping threads took: 0.0000521 seconds
{Heap before GC invocations=27 (full 1):
 par new generation   total 109248K, used 88942K [0x00000000e0000000, 0x00000000e8000000, 0x00000000e8000000)
  eden space 87424K, 100% used [0x00000000e0000000, 0x00000000e5560000, 0x00000000e5560000)
  from space 21824K,   6% used [0x00000000e6ab0000, 0x00000000e6c2b950, 0x00000000e8000000)
  to   space 21824K,   0% used [0x00000000e5560000, 0x00000000e5560000, 0x00000000e6ab0000)
 concurrent mark-sweep generation total 393216K, used 6836K [0x00000000e8000000, 0x0000000100000000, 0x0000000100000000)
 Metaspace       used 24821K, capacity 25254K, committed 25340K, reserved 1071104K
  class space    used 2878K, capacity 3041K, committed 3068K, reserved 1048576K
2016-02-26T11:34:04.262+0000: 2586.520: [GC (Allocation Failure) 2016-02-26T11:34:04.262+0000: 2586.520: [ParNew
Desired survivor size 20112992 bytes, new threshold 8 (max 8)
- age   1:     961912 bytes,     961912 total
- age   2:        832 bytes,     962744 total
- age   3:     104288 bytes,    1067032 total
- age   4:       1464 bytes,    1068496 total
- age   5:     100168 bytes,    1168664 total
- age   6:       2600 bytes,    1171264 total
- age   7:      78952 bytes,    1250216 total
- age   8:       7080 bytes,    1257296 total
: 88942K->2067K(109248K), 0.0128785 secs] 95778K->9059K(502464K), 0.0131083 secs] [Times: user=0.00 sys=0.00, real=0.01 secs] 
Heap after GC invocations=28 (full 1):
 par new generation   total 109248K, used 2067K [0x00000000e0000000, 0x00000000e8000000, 0x00000000e8000000)
  eden space 87424K,   0% used [0x00000000e0000000, 0x00000000e0000000, 0x00000000e5560000)
  from space 21824K,   9% used [0x00000000e5560000, 0x00000000e5764f60, 0x00000000e6ab0000)
  to   space 21824K,   0% used [0x00000000e6ab0000, 0x00000000e6ab0000, 0x00000000e8000000)
 concurrent mark-sweep generation total 393216K, used 6991K [0x00000000e8000000, 0x0000000100000000, 0x0000000100000000)
 Metaspace       used 24821K, capacity 25254K, committed 25340K, reserved 1071104K
  class space    used 2878K, capacity 3041K, committed 3068K, reserved 1048576K
}
2016-02-26T11:34:04.275+0000: 2586.533: Total time for which application threads were stopped: 0.0136429 seconds, Stopping threads took: 0.0000561 seconds
2016-02-26T11:34:04.291+0000: 2586.549: Total time for which application threads were stopped: 0.0003206 seconds, Stopping threads took: 0.0000932 seconds
2016-02-26T11:34:05.291+0000: 2587.549: Total time for which application threads were stopped: 0.0001571 seconds, Stopping threads took: 0.0000474 seconds
2016-02-26T11:34:19.633+0000: 2601.891: Total time for which application threads were stopped: 0.0002037 seconds, Stopping threads took: 0.0000687 seconds
{Heap before GC invocations=28 (full 1):
 par new generation   total 109248K, used 89488K [0x00000000e0000000, 0x00000000e8000000, 0x00000000e8000000)
  eden space 87424K,  99% used [0x00000000e0000000, 0x00000000e555f3b0, 0x00000000e5560000)
  from space 21824K,   9% used [0x00000000e5560000, 0x00000000e5764f60, 0x00000000e6ab0000)
  to   space 21824K,   0% used [0x00000000e6ab0000, 0x00000000e6ab0000, 0x00000000e8000000)
 concurrent mark-sweep generation total 393216K, used 6991K [0x00000000e8000000, 0x0000000100000000, 0x0000000100000000)
 Metaspace       used 24826K, capacity 25254K, committed 25340K, reserved 1071104K
  class space    used 2878K, capacity 3041K, committed 3068K, reserved 1048576K
2016-02-26T11:34:19.696+0000: 2601.954: [GC (Allocation Failure) 2016-02-26T11:34:19.696+0000: 2601.955: [ParNew
Desired survivor size 20112992 bytes, new threshold 8 (max 8)
- age   1:     218096 bytes,     218096 total
- age   2:     105392 bytes,     323488 total
- age   3:        832 bytes,     324320 total
- age   4:     101880 bytes,     426200 total
- age   5:       1464 bytes,     427664 total
- age   6:     100168 bytes,     527832 total
- age   7:       2600 bytes,     530432 total
- age   8:      78952 bytes,     609384 total
: 89488K->1054K(109248K), 0.0102039 secs] 96480K->8053K(502464K), 0.0103926 secs] [Times: user=0.02 sys=0.00, real=0.01 secs] 
Heap after GC invocations=29 (full 1):
 par new generation   total 109248K, used 1054K [0x00000000e0000000, 0x00000000e8000000, 0x00000000e8000000)
  eden space 87424K,   0% used [0x00000000e0000000, 0x00000000e0000000, 0x00000000e5560000)
  from space 21824K,   4% used [0x00000000e6ab0000, 0x00000000e6bb7868, 0x00000000e8000000)
  to   space 21824K,   0% used [0x00000000e5560000, 0x00000000e5560000, 0x00000000e6ab0000)
 concurrent mark-sweep generation total 393216K, used 6998K [0x00000000e8000000, 0x0000000100000000, 0x0000000100000000)
 Metaspace       used 24826K, capacity 25254K, committed 25340K, reserved 1071104K
  class space    used 2878K, capacity 3041K, committed 3068K, reserved 1048576K
}
2016-02-26T11:34:19.707+0000: 2601.965: Total time for which application threads were stopped: 0.0109312 seconds, Stopping threads took: 0.0000758 seconds
2016-02-26T11:34:19.707+0000: 2601.965: Total time for which application threads were stopped: 0.0002006 seconds, Stopping threads took: 0.0000505 seconds
2016-02-26T11:34:19.710+0000: 2601.968: Total time for which application threads were stopped: 0.0001895 seconds, Stopping threads took: 0.0000592 seconds
{Heap before GC invocations=29 (full 1):
 par new generation   total 109248K, used 88478K [0x00000000e0000000, 0x00000000e8000000, 0x00000000e8000000)
  eden space 87424K, 100% used [0x00000000e0000000, 0x00000000e5560000, 0x00000000e5560000)
  from space 21824K,   4% used [0x00000000e6ab0000, 0x00000000e6bb7868, 0x00000000e8000000)
  to   space 21824K,   0% used [0x00000000e5560000, 0x00000000e5560000, 0x00000000e6ab0000)
 concurrent mark-sweep generation total 393216K, used 6998K [0x00000000e8000000, 0x0000000100000000, 0x0000000100000000)
 Metaspace       used 24828K, capacity 25254K, committed 25340K, reserved 1071104K
  class space    used 2878K, capacity 3041K, committed 3068K, reserved 1048576K
2016-02-26T11:34:19.890+0000: 2602.148: [GC (Allocation Failure) 2016-02-26T11:34:19.890+0000: 2602.148: [ParNew
Desired survivor size 20112992 bytes, new threshold 8 (max 8)
- age   1:     797336 bytes,     797336 total
- age   2:     105704 bytes,     903040 total
- age   3:     104560 bytes,    1007600 total
- age   4:        832 bytes,    1008432 total
- age   5:     101880 bytes,    1110312 total
- age   6:       1464 bytes,    1111776 total
- age   7:     100168 bytes,    1211944 total
- age   8:       2600 bytes,    1214544 total
: 88478K->1370K(109248K), 0.0258059 secs] 95477K->8448K(502464K), 0.0263460 secs] [Times: user=0.03 sys=0.02, real=0.03 secs] 
Heap after GC invocations=30 (full 1):
 par new generation   total 109248K, used 1370K [0x00000000e0000000, 0x00000000e8000000, 0x00000000e8000000)
  eden space 87424K,   0% used [0x00000000e0000000, 0x00000000e0000000, 0x00000000e5560000)
  from space 21824K,   6% used [0x00000000e5560000, 0x00000000e56b6af8, 0x00000000e6ab0000)
  to   space 21824K,   0% used [0x00000000e6ab0000, 0x00000000e6ab0000, 0x00000000e8000000)
 concurrent mark-sweep generation total 393216K, used 7077K [0x00000000e8000000, 0x0000000100000000, 0x0000000100000000)
 Metaspace       used 24828K, capacity 25254K, committed 25340K, reserved 1071104K
  class space    used 2878K, capacity 3041K, committed 3068K, reserved 1048576K
}
2016-02-26T11:34:19.916+0000: 2602.174: Total time for which application threads were stopped: 0.0268451 seconds, Stopping threads took: 0.0000600 seconds
2016-02-26T11:34:19.922+0000: 2602.180: Total time for which application threads were stopped: 0.0007265 seconds, Stopping threads took: 0.0005070 seconds
2016-02-26T11:35:14.189+0000: 2656.448: Total time for which application threads were stopped: 0.0002124 seconds, Stopping threads took: 0.0000576 seconds
{Heap before GC invocations=30 (full 1):
 par new generation   total 109248K, used 88794K [0x00000000e0000000, 0x00000000e8000000, 0x00000000e8000000)
  eden space 87424K, 100% used [0x00000000e0000000, 0x00000000e5560000, 0x00000000e5560000)
  from space 21824K,   6% used [0x00000000e5560000, 0x00000000e56b6af8, 0x00000000e6ab0000)
  to   space 21824K,   0% used [0x00000000e6ab0000, 0x00000000e6ab0000, 0x00000000e8000000)
 concurrent mark-sweep generation total 393216K, used 7077K [0x00000000e8000000, 0x0000000100000000, 0x0000000100000000)
 Metaspace       used 24836K, capacity 25254K, committed 25340K, reserved 1071104K
  class space    used 2880K, capacity 3041K, committed 3068K, reserved 1048576K
2016-02-26T11:35:14.309+0000: 2656.568: [GC (Allocation Failure) 2016-02-26T11:35:14.309+0000: 2656.568: [ParNew
Desired survivor size 20112992 bytes, new threshold 8 (max 8)
- age   1:     955696 bytes,     955696 total
- age   2:       2624 bytes,     958320 total
- age   3:      75696 bytes,    1034016 total
- age   4:      82832 bytes,    1116848 total
- age   5:        832 bytes,    1117680 total
- age   6:     101856 bytes,    1219536 total
- age   7:       1464 bytes,    1221000 total
- age   8:     100168 bytes,    1321168 total
: 88794K->1783K(109248K), 0.0159747 secs] 95872K->8863K(502464K), 0.0161966 secs] [Times: user=0.01 sys=0.00, real=0.02 secs] 
Heap after GC invocations=31 (full 1):
 par new generation   total 109248K, used 1783K [0x00000000e0000000, 0x00000000e8000000, 0x00000000e8000000)
  eden space 87424K,   0% used [0x00000000e0000000, 0x00000000e0000000, 0x00000000e5560000)
  from space 21824K,   8% used [0x00000000e6ab0000, 0x00000000e6c6dc08, 0x00000000e8000000)
  to   space 21824K,   0% used [0x00000000e5560000, 0x00000000e5560000, 0x00000000e6ab0000)
 concurrent mark-sweep generation total 393216K, used 7080K [0x00000000e8000000, 0x0000000100000000, 0x0000000100000000)
 Metaspace       used 24836K, capacity 25254K, committed 25340K, reserved 1071104K
  class space    used 2880K, capacity 3041K, committed 3068K, reserved 1048576K
}
2016-02-26T11:35:14.325+0000: 2656.584: Total time for which application threads were stopped: 0.0167146 seconds, Stopping threads took: 0.0000679 seconds
2016-02-26T11:35:14.328+0000: 2656.587: Total time for which application threads were stopped: 0.0003080 seconds, Stopping threads took: 0.0001145 seconds
2016-02-26T11:35:15.328+0000: 2657.587: Total time for which application threads were stopped: 0.0001737 seconds, Stopping threads took: 0.0000466 seconds
2016-02-26T11:35:34.560+0000: 2676.821: Total time for which application threads were stopped: 0.0001982 seconds, Stopping threads took: 0.0000592 seconds
{Heap before GC invocations=31 (full 1):
 par new generation   total 109248K, used 89207K [0x00000000e0000000, 0x00000000e8000000, 0x00000000e8000000)
  eden space 87424K, 100% used [0x00000000e0000000, 0x00000000e5560000, 0x00000000e5560000)
  from space 21824K,   8% used [0x00000000e6ab0000, 0x00000000e6c6dc08, 0x00000000e8000000)
  to   space 21824K,   0% used [0x00000000e5560000, 0x00000000e5560000, 0x00000000e6ab0000)
 concurrent mark-sweep generation total 393216K, used 7080K [0x00000000e8000000, 0x0000000100000000, 0x0000000100000000)
 Metaspace       used 24842K, capacity 25318K, committed 25596K, reserved 1071104K
  class space    used 2880K, capacity 3041K, committed 3068K, reserved 1048576K
2016-02-26T11:35:34.603+0000: 2676.863: [GC (Allocation Failure) 2016-02-26T11:35:34.603+0000: 2676.863: [ParNew
Desired survivor size 20112992 bytes, new threshold 8 (max 8)
- age   1:     217504 bytes,     217504 total
- age   2:      99424 bytes,     316928 total
- age   3:       2624 bytes,     319552 total
- age   4:      73264 bytes,     392816 total
- age   5:      82808 bytes,     475624 total
- age   6:        832 bytes,     476456 total
- age   7:     101856 bytes,     578312 total
- age   8:       1464 bytes,     579776 total
: 89207K->999K(109248K), 0.0137495 secs] 96287K->8178K(502464K), 0.0139674 secs] [Times: user=0.03 sys=0.00, real=0.01 secs] 
Heap after GC invocations=32 (full 1):
 par new generation   total 109248K, used 999K [0x00000000e0000000, 0x00000000e8000000, 0x00000000e8000000)
  eden space 87424K,   0% used [0x00000000e0000000, 0x00000000e0000000, 0x00000000e5560000)
  from space 21824K,   4% used [0x00000000e5560000, 0x00000000e5659e40, 0x00000000e6ab0000)
  to   space 21824K,   0% used [0x00000000e6ab0000, 0x00000000e6ab0000, 0x00000000e8000000)
 concurrent mark-sweep generation total 393216K, used 7179K [0x00000000e8000000, 0x0000000100000000, 0x0000000100000000)
 Metaspace       used 24842K, capacity 25318K, committed 25596K, reserved 1071104K
  class space    used 2880K, capacity 3041K, committed 3068K, reserved 1048576K
}
2016-02-26T11:35:34.617+0000: 2676.877: Total time for which application threads were stopped: 0.0144783 seconds, Stopping threads took: 0.0000648 seconds
2016-02-26T11:35:34.643+0000: 2676.903: Total time for which application threads were stopped: 0.0014893 seconds, Stopping threads took: 0.0013550 seconds
2016-02-26T11:35:34.643+0000: 2676.904: Total time for which application threads were stopped: 0.0001777 seconds, Stopping threads took: 0.0000340 seconds
{Heap before GC invocations=32 (full 1):
 par new generation   total 109248K, used 88412K [0x00000000e0000000, 0x00000000e8000000, 0x00000000e8000000)
  eden space 87424K,  99% used [0x00000000e0000000, 0x00000000e555d1d0, 0x00000000e5560000)
  from space 21824K,   4% used [0x00000000e5560000, 0x00000000e5659e40, 0x00000000e6ab0000)
  to   space 21824K,   0% used [0x00000000e6ab0000, 0x00000000e6ab0000, 0x00000000e8000000)
 concurrent mark-sweep generation total 393216K, used 7179K [0x00000000e8000000, 0x0000000100000000, 0x0000000100000000)
 Metaspace       used 24929K, capacity 25450K, committed 25596K, reserved 1071104K
  class space    used 2892K, capacity 3063K, committed 3068K, reserved 1048576K
2016-02-26T11:35:34.779+0000: 2677.039: [GC (Allocation Failure) 2016-02-26T11:35:34.779+0000: 2677.040: [ParNew
Desired survivor size 20112992 bytes, new threshold 8 (max 8)
- age   1:     634128 bytes,     634128 total
- age   2:     105456 bytes,     739584 total
- age   3:      98592 bytes,     838176 total
- age   4:       2624 bytes,     840800 total
- age   5:      73264 bytes,     914064 total
- age   6:      82808 bytes,     996872 total
- age   7:        832 bytes,     997704 total
- age   8:     101856 bytes,    1099560 total
: 88412K->1219K(109248K), 0.0303156 secs] 95591K->8400K(502464K), 0.0305423 secs] [Times: user=0.03 sys=0.00, real=0.03 secs] 
Heap after GC invocations=33 (full 1):
 par new generation   total 109248K, used 1219K [0x00000000e0000000, 0x00000000e8000000, 0x00000000e8000000)
  eden space 87424K,   0% used [0x00000000e0000000, 0x00000000e0000000, 0x00000000e5560000)
  from space 21824K,   5% used [0x00000000e6ab0000, 0x00000000e6be0e88, 0x00000000e8000000)
  to   space 21824K,   0% used [0x00000000e5560000, 0x00000000e5560000, 0x00000000e6ab0000)
 concurrent mark-sweep generation total 393216K, used 7180K [0x00000000e8000000, 0x0000000100000000, 0x0000000100000000)
 Metaspace       used 24929K, capacity 25450K, committed 25596K, reserved 1071104K
  class space    used 2892K, capacity 3063K, committed 3068K, reserved 1048576K
}
2016-02-26T11:35:34.810+0000: 2677.070: Total time for which application threads were stopped: 0.0310342 seconds, Stopping threads took: 0.0000671 seconds
2016-02-26T11:35:34.829+0000: 2677.089: Total time for which application threads were stopped: 0.0003348 seconds, Stopping threads took: 0.0000774 seconds
2016-02-26T11:35:35.113+0000: 2677.374: Total time for which application threads were stopped: 0.0007857 seconds, Stopping threads took: 0.0000466 seconds
2016-02-26T11:35:35.441+0000: 2677.701: Total time for which application threads were stopped: 0.0001990 seconds, Stopping threads took: 0.0000529 seconds
2016-02-26T11:35:35.555+0000: 2677.816: Total time for which application threads were stopped: 0.0001974 seconds, Stopping threads took: 0.0000466 seconds
2016-02-26T11:35:35.562+0000: 2677.822: Total time for which application threads were stopped: 0.0002211 seconds, Stopping threads took: 0.0000537 seconds
2016-02-26T11:35:35.794+0000: 2678.054: Total time for which application threads were stopped: 0.0002251 seconds, Stopping threads took: 0.0000474 seconds
2016-02-26T11:35:35.836+0000: 2678.097: Total time for which application threads were stopped: 0.0002227 seconds, Stopping threads took: 0.0000442 seconds
2016-02-26T11:35:35.875+0000: 2678.135: Total time for which application threads were stopped: 0.0002290 seconds, Stopping threads took: 0.0000513 seconds
2016-02-26T11:35:35.928+0000: 2678.188: Total time for which application threads were stopped: 0.0007123 seconds, Stopping threads took: 0.0000482 seconds
2016-02-26T11:35:36.169+0000: 2678.429: Total time for which application threads were stopped: 0.0007510 seconds, Stopping threads took: 0.0000419 seconds
2016-02-26T11:35:36.526+0000: 2678.786: Total time for which application threads were stopped: 0.0002574 seconds, Stopping threads took: 0.0000450 seconds
2016-02-26T11:35:36.553+0000: 2678.814: Total time for which application threads were stopped: 0.0002432 seconds, Stopping threads took: 0.0000616 seconds
2016-02-26T11:35:36.664+0000: 2678.925: Total time for which application threads were stopped: 0.0001824 seconds, Stopping threads took: 0.0000529 seconds
2016-02-26T11:35:36.708+0000: 2678.969: Total time for which application threads were stopped: 0.0001816 seconds, Stopping threads took: 0.0000458 seconds
2016-02-26T11:35:36.978+0000: 2679.239: Total time for which application threads were stopped: 0.0001413 seconds, Stopping threads took: 0.0000387 seconds
2016-02-26T11:35:36.978+0000: 2679.239: Total time for which application threads were stopped: 0.0000813 seconds, Stopping threads took: 0.0000213 seconds
2016-02-26T11:35:37.298+0000: 2679.559: Total time for which application threads were stopped: 0.0001650 seconds, Stopping threads took: 0.0000387 seconds
2016-02-26T11:35:37.300+0000: 2679.560: Total time for which application threads were stopped: 0.0001074 seconds, Stopping threads took: 0.0000292 seconds
2016-02-26T11:35:37.336+0000: 2679.596: Total time for which application threads were stopped: 0.0002195 seconds, Stopping threads took: 0.0000434 seconds
2016-02-26T11:35:37.474+0000: 2679.735: Total time for which application threads were stopped: 0.0001635 seconds, Stopping threads took: 0.0000419 seconds
2016-02-26T11:35:37.637+0000: 2679.898: Total time for which application threads were stopped: 0.0002108 seconds, Stopping threads took: 0.0000442 seconds
2016-02-26T11:35:37.640+0000: 2679.900: Total time for which application threads were stopped: 0.0002345 seconds, Stopping threads took: 0.0000837 seconds
2016-02-26T11:35:37.640+0000: 2679.900: Total time for which application threads were stopped: 0.0001090 seconds, Stopping threads took: 0.0000221 seconds
2016-02-26T11:35:37.640+0000: 2679.901: Total time for which application threads were stopped: 0.0001145 seconds, Stopping threads took: 0.0000229 seconds
2016-02-26T11:35:37.684+0000: 2679.944: Total time for which application threads were stopped: 0.0001721 seconds, Stopping threads took: 0.0000458 seconds
2016-02-26T11:35:37.685+0000: 2679.946: Total time for which application threads were stopped: 0.0001871 seconds, Stopping threads took: 0.0000434 seconds
2016-02-26T11:35:37.690+0000: 2679.951: Total time for which application threads were stopped: 0.0004398 seconds, Stopping threads took: 0.0000600 seconds
2016-02-26T11:35:37.783+0000: 2680.044: Total time for which application threads were stopped: 0.0007873 seconds, Stopping threads took: 0.0006428 seconds
2016-02-26T11:35:37.794+0000: 2680.054: Total time for which application threads were stopped: 0.0002124 seconds, Stopping threads took: 0.0000592 seconds
2016-02-26T11:35:37.800+0000: 2680.060: Total time for which application threads were stopped: 0.0001887 seconds, Stopping threads took: 0.0000553 seconds
2016-02-26T11:35:37.802+0000: 2680.063: Total time for which application threads were stopped: 0.0004177 seconds, Stopping threads took: 0.0002606 seconds
2016-02-26T11:35:37.812+0000: 2680.072: Total time for which application threads were stopped: 0.0046882 seconds, Stopping threads took: 0.0044481 seconds
2016-02-26T11:35:37.827+0000: 2680.087: Total time for which application threads were stopped: 0.0005125 seconds, Stopping threads took: 0.0001279 seconds
2016-02-26T11:35:37.880+0000: 2680.140: Total time for which application threads were stopped: 0.0008970 seconds, Stopping threads took: 0.0007415 seconds
2016-02-26T11:35:37.884+0000: 2680.145: Total time for which application threads were stopped: 0.0001753 seconds, Stopping threads took: 0.0000379 seconds
2016-02-26T11:35:38.884+0000: 2681.144: Total time for which application threads were stopped: 0.0001579 seconds, Stopping threads took: 0.0000450 seconds
2016-02-26T11:35:42.885+0000: 2685.145: Total time for which application threads were stopped: 0.0001595 seconds, Stopping threads took: 0.0000490 seconds
2016-02-26T11:36:07.886+0000: 2710.146: Total time for which application threads were stopped: 0.0001627 seconds, Stopping threads took: 0.0000482 seconds
2016-02-26T11:36:27.887+0000: 2730.147: Total time for which application threads were stopped: 0.0001587 seconds, Stopping threads took: 0.0000466 seconds
2016-02-26T11:36:29.187+0000: 2731.448: Total time for which application threads were stopped: 0.0002077 seconds, Stopping threads took: 0.0000545 seconds
2016-02-26T11:36:29.189+0000: 2731.449: Total time for which application threads were stopped: 0.0001492 seconds, Stopping threads took: 0.0000497 seconds
{Heap before GC invocations=33 (full 1):
 par new generation   total 109248K, used 88617K [0x00000000e0000000, 0x00000000e8000000, 0x00000000e8000000)
  eden space 87424K,  99% used [0x00000000e0000000, 0x00000000e55598a0, 0x00000000e5560000)
  from space 21824K,   5% used [0x00000000e6ab0000, 0x00000000e6be0e88, 0x00000000e8000000)
  to   space 21824K,   0% used [0x00000000e5560000, 0x00000000e5560000, 0x00000000e6ab0000)
 concurrent mark-sweep generation total 393216K, used 7180K [0x00000000e8000000, 0x0000000100000000, 0x0000000100000000)
 Metaspace       used 28575K, capacity 29178K, committed 29436K, reserved 1075200K
  class space    used 3351K, capacity 3545K, committed 3580K, reserved 1048576K
2016-02-26T11:36:29.835+0000: 2732.096: [GC (Allocation Failure) 2016-02-26T11:36:29.835+0000: 2732.096: [ParNew
Desired survivor size 20112992 bytes, new threshold 8 (max 8)
- age   1:    4504504 bytes,    4504504 total
- age   2:     110032 bytes,    4614536 total
- age   3:      86000 bytes,    4700536 total
- age   4:      78960 bytes,    4779496 total
- age   5:       2624 bytes,    4782120 total
- age   6:      73264 bytes,    4855384 total
- age   7:      82528 bytes,    4937912 total
- age   8:        832 bytes,    4938744 total
: 88617K->5527K(109248K), 0.0192068 secs] 95798K->12809K(502464K), 0.0194484 secs] [Times: user=0.03 sys=0.00, real=0.02 secs] 
Heap after GC invocations=34 (full 1):
 par new generation   total 109248K, used 5527K [0x00000000e0000000, 0x00000000e8000000, 0x00000000e8000000)
  eden space 87424K,   0% used [0x00000000e0000000, 0x00000000e0000000, 0x00000000e5560000)
  from space 21824K,  25% used [0x00000000e5560000, 0x00000000e5ac5fb8, 0x00000000e6ab0000)
  to   space 21824K,   0% used [0x00000000e6ab0000, 0x00000000e6ab0000, 0x00000000e8000000)
 concurrent mark-sweep generation total 393216K, used 7281K [0x00000000e8000000, 0x0000000100000000, 0x0000000100000000)
 Metaspace       used 28575K, capacity 29178K, committed 29436K, reserved 1075200K
  class space    used 3351K, capacity 3545K, committed 3580K, reserved 1048576K
}
2016-02-26T11:36:29.855+0000: 2732.115: Total time for which application threads were stopped: 0.0199285 seconds, Stopping threads took: 0.0000600 seconds
2016-02-26T11:36:29.858+0000: 2732.118: Total time for which application threads were stopped: 0.0001785 seconds, Stopping threads took: 0.0000521 seconds
2016-02-26T11:36:29.858+0000: 2732.119: Total time for which application threads were stopped: 0.0001627 seconds, Stopping threads took: 0.0000308 seconds
2016-02-26T11:36:30.399+0000: 2732.659: Total time for which application threads were stopped: 0.0001777 seconds, Stopping threads took: 0.0000513 seconds
{Heap before GC invocations=34 (full 1):
 par new generation   total 109248K, used 92941K [0x00000000e0000000, 0x00000000e8000000, 0x00000000e8000000)
  eden space 87424K,  99% used [0x00000000e0000000, 0x00000000e555d7d0, 0x00000000e5560000)
  from space 21824K,  25% used [0x00000000e5560000, 0x00000000e5ac5fb8, 0x00000000e6ab0000)
  to   space 21824K,   0% used [0x00000000e6ab0000, 0x00000000e6ab0000, 0x00000000e8000000)
 concurrent mark-sweep generation total 393216K, used 7281K [0x00000000e8000000, 0x0000000100000000, 0x0000000100000000)
 Metaspace       used 28581K, capacity 29178K, committed 29436K, reserved 1075200K
  class space    used 3352K, capacity 3545K, committed 3580K, reserved 1048576K
2016-02-26T11:36:30.754+0000: 2733.015: [GC (Allocation Failure) 2016-02-26T11:36:30.754+0000: 2733.015: [ParNew
Desired survivor size 20112992 bytes, new threshold 8 (max 8)
- age   1:     673592 bytes,     673592 total
- age   2:    1303760 bytes,    1977352 total
- age   3:     110032 bytes,    2087384 total
- age   4:      86000 bytes,    2173384 total
- age   5:      78960 bytes,    2252344 total
- age   6:       2624 bytes,    2254968 total
- age   7:      73264 bytes,    2328232 total
- age   8:      82528 bytes,    2410760 total
: 92941K->3747K(109248K), 0.0237370 secs] 100223K->11029K(502464K), 0.0239510 secs] [Times: user=0.03 sys=0.00, real=0.02 secs] 
Heap after GC invocations=35 (full 1):
 par new generation   total 109248K, used 3747K [0x00000000e0000000, 0x00000000e8000000, 0x00000000e8000000)
  eden space 87424K,   0% used [0x00000000e0000000, 0x00000000e0000000, 0x00000000e5560000)
  from space 21824K,  17% used [0x00000000e6ab0000, 0x00000000e6e58d60, 0x00000000e8000000)
  to   space 21824K,   0% used [0x00000000e5560000, 0x00000000e5560000, 0x00000000e6ab0000)
 concurrent mark-sweep generation total 393216K, used 7282K [0x00000000e8000000, 0x0000000100000000, 0x0000000100000000)
 Metaspace       used 28581K, capacity 29178K, committed 29436K, reserved 1075200K
  class space    used 3352K, capacity 3545K, committed 3580K, reserved 1048576K
}
2016-02-26T11:36:30.778+0000: 2733.039: Total time for which application threads were stopped: 0.0244232 seconds, Stopping threads took: 0.0000616 seconds
2016-02-26T11:36:30.782+0000: 2733.043: Total time for which application threads were stopped: 0.0018794 seconds, Stopping threads took: 0.0016338 seconds
2016-02-26T11:36:31.282+0000: 2733.543: Total time for which application threads were stopped: 0.0002227 seconds, Stopping threads took: 0.0000592 seconds
2016-02-26T11:36:31.283+0000: 2733.544: Total time for which application threads were stopped: 0.0001224 seconds, Stopping threads took: 0.0000395 seconds
2016-02-26T11:36:31.285+0000: 2733.546: Total time for which application threads were stopped: 0.0001658 seconds, Stopping threads took: 0.0000553 seconds
2016-02-26T11:36:31.296+0000: 2733.556: Total time for which application threads were stopped: 0.0038677 seconds, Stopping threads took: 0.0036893 seconds
2016-02-26T11:36:31.297+0000: 2733.557: Total time for which application threads were stopped: 0.0001461 seconds, Stopping threads took: 0.0000482 seconds
2016-02-26T11:36:31.297+0000: 2733.557: Total time for which application threads were stopped: 0.0000971 seconds, Stopping threads took: 0.0000292 seconds
2016-02-26T11:36:31.298+0000: 2733.558: Total time for which application threads were stopped: 0.0001248 seconds, Stopping threads took: 0.0000379 seconds
2016-02-26T11:36:31.304+0000: 2733.565: Total time for which application threads were stopped: 0.0002140 seconds, Stopping threads took: 0.0000545 seconds
2016-02-26T11:36:31.309+0000: 2733.569: Total time for which application threads were stopped: 0.0001958 seconds, Stopping threads took: 0.0000569 seconds
2016-02-26T11:36:31.315+0000: 2733.575: Total time for which application threads were stopped: 0.0001840 seconds, Stopping threads took: 0.0000584 seconds
2016-02-26T11:36:31.325+0000: 2733.585: Total time for which application threads were stopped: 0.0082511 seconds, Stopping threads took: 0.0080821 seconds
2016-02-26T11:36:31.330+0000: 2733.590: Total time for which application threads were stopped: 0.0002669 seconds, Stopping threads took: 0.0000529 seconds
2016-02-26T11:36:31.339+0000: 2733.599: Total time for which application threads were stopped: 0.0001674 seconds, Stopping threads took: 0.0000482 seconds
2016-02-26T11:36:31.339+0000: 2733.600: Total time for which application threads were stopped: 0.0001074 seconds, Stopping threads took: 0.0000324 seconds
2016-02-26T11:36:31.339+0000: 2733.600: Total time for which application threads were stopped: 0.0000924 seconds, Stopping threads took: 0.0000284 seconds
2016-02-26T11:36:31.340+0000: 2733.600: Total time for which application threads were stopped: 0.0000963 seconds, Stopping threads took: 0.0000284 seconds
2016-02-26T11:36:31.340+0000: 2733.600: Total time for which application threads were stopped: 0.0000916 seconds, Stopping threads took: 0.0000276 seconds
2016-02-26T11:36:31.340+0000: 2733.601: Total time for which application threads were stopped: 0.0001034 seconds, Stopping threads took: 0.0000300 seconds
2016-02-26T11:36:31.341+0000: 2733.602: Total time for which application threads were stopped: 0.0001287 seconds, Stopping threads took: 0.0000395 seconds
2016-02-26T11:36:31.342+0000: 2733.603: Total time for which application threads were stopped: 0.0001224 seconds, Stopping threads took: 0.0000379 seconds
2016-02-26T11:36:31.357+0000: 2733.618: Total time for which application threads were stopped: 0.0001793 seconds, Stopping threads took: 0.0000553 seconds
2016-02-26T11:36:31.357+0000: 2733.618: Total time for which application threads were stopped: 0.0000987 seconds, Stopping threads took: 0.0000292 seconds
2016-02-26T11:36:31.358+0000: 2733.618: Total time for which application threads were stopped: 0.0000971 seconds, Stopping threads took: 0.0000300 seconds
2016-02-26T11:36:31.358+0000: 2733.619: Total time for which application threads were stopped: 0.0001090 seconds, Stopping threads took: 0.0000332 seconds
2016-02-26T11:36:31.362+0000: 2733.622: Total time for which application threads were stopped: 0.0003680 seconds, Stopping threads took: 0.0000529 seconds
2016-02-26T11:36:31.362+0000: 2733.623: Total time for which application threads were stopped: 0.0001090 seconds, Stopping threads took: 0.0000347 seconds
2016-02-26T11:36:31.393+0000: 2733.654: Total time for which application threads were stopped: 0.0001903 seconds, Stopping threads took: 0.0000553 seconds
2016-02-26T11:36:31.397+0000: 2733.658: Total time for which application threads were stopped: 0.0001737 seconds, Stopping threads took: 0.0000561 seconds
2016-02-26T11:36:32.397+0000: 2734.658: Total time for which application threads were stopped: 0.0001903 seconds, Stopping threads took: 0.0000490 seconds
2016-02-26T11:37:25.464+0000: 2787.725: Total time for which application threads were stopped: 0.0002440 seconds, Stopping threads took: 0.0000971 seconds
2016-02-26T11:37:25.465+0000: 2787.727: Total time for which application threads were stopped: 0.0007454 seconds, Stopping threads took: 0.0006523 seconds
2016-02-26T11:37:25.467+0000: 2787.729: Total time for which application threads were stopped: 0.0007565 seconds, Stopping threads took: 0.0006475 seconds
2016-02-26T11:37:25.470+0000: 2787.732: Total time for which application threads were stopped: 0.0002148 seconds, Stopping threads took: 0.0000742 seconds
2016-02-26T11:37:25.531+0000: 2787.793: Total time for which application threads were stopped: 0.0002187 seconds, Stopping threads took: 0.0000695 seconds
2016-02-26T11:37:25.539+0000: 2787.800: Total time for which application threads were stopped: 0.0008552 seconds, Stopping threads took: 0.0000561 seconds
2016-02-26T11:37:25.540+0000: 2787.802: Total time for which application threads were stopped: 0.0001800 seconds, Stopping threads took: 0.0000474 seconds
2016-02-26T11:37:25.549+0000: 2787.811: Total time for which application threads were stopped: 0.0002566 seconds, Stopping threads took: 0.0000569 seconds
2016-02-26T11:37:25.550+0000: 2787.812: Total time for which application threads were stopped: 0.0002701 seconds, Stopping threads took: 0.0001571 seconds
2016-02-26T11:37:25.555+0000: 2787.817: Total time for which application threads were stopped: 0.0001666 seconds, Stopping threads took: 0.0000419 seconds
2016-02-26T11:37:25.555+0000: 2787.817: Total time for which application threads were stopped: 0.0001082 seconds, Stopping threads took: 0.0000308 seconds
2016-02-26T11:37:25.558+0000: 2787.819: Total time for which application threads were stopped: 0.0001729 seconds, Stopping threads took: 0.0000466 seconds
2016-02-26T11:37:25.564+0000: 2787.826: Total time for which application threads were stopped: 0.0002211 seconds, Stopping threads took: 0.0000450 seconds
2016-02-26T11:37:25.647+0000: 2787.909: Total time for which application threads were stopped: 0.0048485 seconds, Stopping threads took: 0.0046369 seconds
2016-02-26T11:37:44.690+0000: 2806.951: Total time for which application threads were stopped: 0.0002314 seconds, Stopping threads took: 0.0000505 seconds
2016-02-26T11:37:55.560+0000: 2817.824: Total time for which application threads were stopped: 0.0001611 seconds, Stopping threads took: 0.0000403 seconds
2016-02-26T11:37:55.560+0000: 2817.826: Total time for which application threads were stopped: 0.0001706 seconds, Stopping threads took: 0.0000490 seconds
2016-02-26T11:37:55.585+0000: 2817.846: Total time for which application threads were stopped: 0.0002622 seconds, Stopping threads took: 0.0000663 seconds
2016-02-26T11:37:55.585+0000: 2817.846: Total time for which application threads were stopped: 0.0001453 seconds, Stopping threads took: 0.0000363 seconds
2016-02-26T11:37:55.586+0000: 2817.847: Total time for which application threads were stopped: 0.0001042 seconds, Stopping threads took: 0.0000363 seconds
2016-02-26T11:37:55.586+0000: 2817.847: Total time for which application threads were stopped: 0.0000924 seconds, Stopping threads took: 0.0000276 seconds
2016-02-26T11:37:55.586+0000: 2817.847: Total time for which application threads were stopped: 0.0000908 seconds, Stopping threads took: 0.0000268 seconds
2016-02-26T11:37:55.588+0000: 2817.849: Total time for which application threads were stopped: 0.0002416 seconds, Stopping threads took: 0.0000569 seconds
2016-02-26T11:37:55.588+0000: 2817.849: Total time for which application threads were stopped: 0.0001003 seconds, Stopping threads took: 0.0000316 seconds
{Heap before GC invocations=35 (full 1):
 par new generation   total 109248K, used 91158K [0x00000000e0000000, 0x00000000e8000000, 0x00000000e8000000)
  eden space 87424K,  99% used [0x00000000e0000000, 0x00000000e555ce50, 0x00000000e5560000)
  from space 21824K,  17% used [0x00000000e6ab0000, 0x00000000e6e58d60, 0x00000000e8000000)
  to   space 21824K,   0% used [0x00000000e5560000, 0x00000000e5560000, 0x00000000e6ab0000)
 concurrent mark-sweep generation total 393216K, used 7282K [0x00000000e8000000, 0x0000000100000000, 0x0000000100000000)
 Metaspace       used 28806K, capacity 29382K, committed 29692K, reserved 1075200K
  class space    used 3373K, capacity 3553K, committed 3580K, reserved 1048576K
2016-02-26T11:38:03.519+0000: 2825.780: [GC (Allocation Failure) 2016-02-26T11:38:03.519+0000: 2825.780: [ParNew
Desired survivor size 20112992 bytes, new threshold 8 (max 8)
- age   1:    1497928 bytes,    1497928 total
- age   2:      91608 bytes,    1589536 total
- age   3:    1237872 bytes,    2827408 total
- age   4:     110032 bytes,    2937440 total
- age   5:      86000 bytes,    3023440 total
- age   6:      78824 bytes,    3102264 total
- age   7:       2624 bytes,    3104888 total
- age   8:      73264 bytes,    3178152 total
: 91158K->3813K(109248K), 0.0240987 secs] 98441K->11177K(502464K), 0.0243206 secs] [Times: user=0.03 sys=0.00, real=0.02 secs] 
Heap after GC invocations=36 (full 1):
 par new generation   total 109248K, used 3813K [0x00000000e0000000, 0x00000000e8000000, 0x00000000e8000000)
  eden space 87424K,   0% used [0x00000000e0000000, 0x00000000e0000000, 0x00000000e5560000)
  from space 21824K,  17% used [0x00000000e5560000, 0x00000000e59195c0, 0x00000000e6ab0000)
  to   space 21824K,   0% used [0x00000000e6ab0000, 0x00000000e6ab0000, 0x00000000e8000000)
 concurrent mark-sweep generation total 393216K, used 7364K [0x00000000e8000000, 0x0000000100000000, 0x0000000100000000)
 Metaspace       used 28806K, capacity 29382K, committed 29692K, reserved 1075200K
  class space    used 3373K, capacity 3553K, committed 3580K, reserved 1048576K
}
2016-02-26T11:38:03.543+0000: 2825.804: Total time for which application threads were stopped: 0.0248457 seconds, Stopping threads took: 0.0000679 seconds
2016-02-26T11:38:03.556+0000: 2825.817: Total time for which application threads were stopped: 0.0014388 seconds, Stopping threads took: 0.0012113 seconds
2016-02-26T11:38:03.557+0000: 2825.819: Total time for which application threads were stopped: 0.0009136 seconds, Stopping threads took: 0.0008331 seconds
{Heap before GC invocations=36 (full 1):
 par new generation   total 109248K, used 91237K [0x00000000e0000000, 0x00000000e8000000, 0x00000000e8000000)
  eden space 87424K, 100% used [0x00000000e0000000, 0x00000000e5560000, 0x00000000e5560000)
  from space 21824K,  17% used [0x00000000e5560000, 0x00000000e59195c0, 0x00000000e6ab0000)
  to   space 21824K,   0% used [0x00000000e6ab0000, 0x00000000e6ab0000, 0x00000000e8000000)
 concurrent mark-sweep generation total 393216K, used 7364K [0x00000000e8000000, 0x0000000100000000, 0x0000000100000000)
 Metaspace       used 28806K, capacity 29382K, committed 29692K, reserved 1075200K
  class space    used 3373K, capacity 3553K, committed 3580K, reserved 1048576K
2016-02-26T11:38:03.699+0000: 2825.960: [GC (Allocation Failure) 2016-02-26T11:38:03.699+0000: 2825.960: [ParNew
Desired survivor size 20112992 bytes, new threshold 8 (max 8)
- age   1:     326416 bytes,     326416 total
- age   2:     836000 bytes,    1162416 total
- age   3:       2552 bytes,    1164968 total
- age   4:     860560 bytes,    2025528 total
- age   5:      25240 bytes,    2050768 total
- age   6:      72592 bytes,    2123360 total
- age   7:      78824 bytes,    2202184 total
- age   8:       2624 bytes,    2204808 total
: 91237K->4063K(109248K), 0.0153098 secs] 98601K->11500K(502464K), 0.0155420 secs] [Times: user=0.03 sys=0.00, real=0.02 secs] 
Heap after GC invocations=37 (full 1):
 par new generation   total 109248K, used 4063K [0x00000000e0000000, 0x00000000e8000000, 0x00000000e8000000)
  eden space 87424K,   0% used [0x00000000e0000000, 0x00000000e0000000, 0x00000000e5560000)
  from space 21824K,  18% used [0x00000000e6ab0000, 0x00000000e6ea7ec0, 0x00000000e8000000)
  to   space 21824K,   0% used [0x00000000e5560000, 0x00000000e5560000, 0x00000000e6ab0000)
 concurrent mark-sweep generation total 393216K, used 7437K [0x00000000e8000000, 0x0000000100000000, 0x0000000100000000)
 Metaspace       used 28806K, capacity 29382K, committed 29692K, reserved 1075200K
  class space    used 3373K, capacity 3553K, committed 3580K, reserved 1048576K
}
2016-02-26T11:38:03.714+0000: 2825.976: Total time for which application threads were stopped: 0.0160268 seconds, Stopping threads took: 0.0000600 seconds
2016-02-26T11:38:03.716+0000: 2825.977: Total time for which application threads were stopped: 0.0010392 seconds, Stopping threads took: 0.0008599 seconds
2016-02-26T11:38:03.857+0000: 2826.118: Total time for which application threads were stopped: 0.0002061 seconds, Stopping threads took: 0.0000513 seconds
2016-02-26T11:38:03.883+0000: 2826.144: Total time for which application threads were stopped: 0.0001706 seconds, Stopping threads took: 0.0000497 seconds
2016-02-26T11:38:03.923+0000: 2826.184: Total time for which application threads were stopped: 0.0329326 seconds, Stopping threads took: 0.0327746 seconds
2016-02-26T11:38:03.961+0000: 2826.223: Total time for which application threads were stopped: 0.0002006 seconds, Stopping threads took: 0.0000505 seconds
2016-02-26T11:38:04.001+0000: 2826.262: Total time for which application threads were stopped: 0.0057179 seconds, Stopping threads took: 0.0055110 seconds
2016-02-26T11:38:04.072+0000: 2826.334: Total time for which application threads were stopped: 0.0022379 seconds, Stopping threads took: 0.0020815 seconds
2016-02-26T11:38:04.073+0000: 2826.334: Total time for which application threads were stopped: 0.0001090 seconds, Stopping threads took: 0.0000363 seconds
2016-02-26T11:38:13.660+0000: 2835.922: Total time for which application threads were stopped: 0.0055797 seconds, Stopping threads took: 0.0054186 seconds
2016-02-26T11:38:13.660+0000: 2835.923: Total time for which application threads were stopped: 0.0001106 seconds, Stopping threads took: 0.0000284 seconds
2016-02-26T11:38:13.660+0000: 2835.923: Total time for which application threads were stopped: 0.0000940 seconds, Stopping threads took: 0.0000221 seconds
2016-02-26T11:38:13.660+0000: 2835.924: Total time for which application threads were stopped: 0.0000829 seconds, Stopping threads took: 0.0000182 seconds
2016-02-26T11:38:13.660+0000: 2835.924: Total time for which application threads were stopped: 0.0000805 seconds, Stopping threads took: 0.0000182 seconds
2016-02-26T11:38:13.660+0000: 2835.924: Total time for which application threads were stopped: 0.0000821 seconds, Stopping threads took: 0.0000190 seconds
2016-02-26T11:38:13.660+0000: 2835.924: Total time for which application threads were stopped: 0.0000821 seconds, Stopping threads took: 0.0000190 seconds
2016-02-26T11:38:13.678+0000: 2835.939: Total time for which application threads were stopped: 0.0001824 seconds, Stopping threads took: 0.0000537 seconds
2016-02-26T11:38:13.678+0000: 2835.940: Total time for which application threads were stopped: 0.0001058 seconds, Stopping threads took: 0.0000308 seconds
2016-02-26T11:38:14.685+0000: 2836.946: Total time for which application threads were stopped: 0.0001556 seconds, Stopping threads took: 0.0000458 seconds
2016-02-26T11:38:15.690+0000: 2837.951: Total time for which application threads were stopped: 0.0001390 seconds, Stopping threads took: 0.0000403 seconds
2016-02-26T11:38:23.725+0000: 2845.986: Total time for which application threads were stopped: 0.0002322 seconds, Stopping threads took: 0.0000845 seconds
{Heap before GC invocations=37 (full 1):
 par new generation   total 109248K, used 91487K [0x00000000e0000000, 0x00000000e8000000, 0x00000000e8000000)
  eden space 87424K, 100% used [0x00000000e0000000, 0x00000000e5560000, 0x00000000e5560000)
  from space 21824K,  18% used [0x00000000e6ab0000, 0x00000000e6ea7ec0, 0x00000000e8000000)
  to   space 21824K,   0% used [0x00000000e5560000, 0x00000000e5560000, 0x00000000e6ab0000)
 concurrent mark-sweep generation total 393216K, used 7437K [0x00000000e8000000, 0x0000000100000000, 0x0000000100000000)
 Metaspace       used 28893K, capacity 29522K, committed 29692K, reserved 1075200K
  class space    used 3380K, capacity 3561K, committed 3580K, reserved 1048576K
2016-02-26T11:38:23.815+0000: 2846.076: [GC (Allocation Failure) 2016-02-26T11:38:23.815+0000: 2846.077: [ParNew
Desired survivor size 20112992 bytes, new threshold 8 (max 8)
- age   1:    1560480 bytes,    1560480 total
- age   2:      71112 bytes,    1631592 total
- age   3:     231664 bytes,    1863256 total
- age   4:       2552 bytes,    1865808 total
- age   5:     860256 bytes,    2726064 total
- age   6:      25240 bytes,    2751304 total
- age   7:      72592 bytes,    2823896 total
- age   8:      78824 bytes,    2902720 total
: 91487K->3545K(109248K), 0.0218592 secs] 98924K->10984K(502464K), 0.0220132 secs] [Times: user=0.01 sys=0.00, real=0.02 secs] 
Heap after GC invocations=38 (full 1):
 par new generation   total 109248K, used 3545K [0x00000000e0000000, 0x00000000e8000000, 0x00000000e8000000)
  eden space 87424K,   0% used [0x00000000e0000000, 0x00000000e0000000, 0x00000000e5560000)
  from space 21824K,  16% used [0x00000000e5560000, 0x00000000e58d64a8, 0x00000000e6ab0000)
  to   space 21824K,   0% used [0x00000000e6ab0000, 0x00000000e6ab0000, 0x00000000e8000000)
 concurrent mark-sweep generation total 393216K, used 7439K [0x00000000e8000000, 0x0000000100000000, 0x0000000100000000)
 Metaspace       used 28893K, capacity 29522K, committed 29692K, reserved 1075200K
  class space    used 3380K, capacity 3561K, committed 3580K, reserved 1048576K
}
2016-02-26T11:38:23.837+0000: 2846.099: Total time for which application threads were stopped: 0.0226789 seconds, Stopping threads took: 0.0000900 seconds
2016-02-26T11:38:23.849+0000: 2846.110: Total time for which application threads were stopped: 0.0002424 seconds, Stopping threads took: 0.0000837 seconds
2016-02-26T11:38:23.849+0000: 2846.111: Total time for which application threads were stopped: 0.0001864 seconds, Stopping threads took: 0.0000308 seconds
{Heap before GC invocations=38 (full 1):
 par new generation   total 109248K, used 90969K [0x00000000e0000000, 0x00000000e8000000, 0x00000000e8000000)
  eden space 87424K, 100% used [0x00000000e0000000, 0x00000000e5560000, 0x00000000e5560000)
  from space 21824K,  16% used [0x00000000e5560000, 0x00000000e58d64a8, 0x00000000e6ab0000)
  to   space 21824K,   0% used [0x00000000e6ab0000, 0x00000000e6ab0000, 0x00000000e8000000)
 concurrent mark-sweep generation total 393216K, used 7439K [0x00000000e8000000, 0x0000000100000000, 0x0000000100000000)
 Metaspace       used 28908K, capacity 29522K, committed 29692K, reserved 1075200K
  class space    used 3380K, capacity 3561K, committed 3580K, reserved 1048576K
2016-02-26T11:38:24.093+0000: 2846.355: [GC (Allocation Failure) 2016-02-26T11:38:24.093+0000: 2846.355: [ParNew
Desired survivor size 20112992 bytes, new threshold 8 (max 8)
- age   1:     375272 bytes,     375272 total
- age   2:     170864 bytes,     546136 total
- age   3:       1808 bytes,     547944 total
- age   4:     176392 bytes,     724336 total
- age   5:       2552 bytes,     726888 total
- age   6:     860232 bytes,    1587120 total
- age   7:      25240 bytes,    1612360 total
- age   8:      72592 bytes,    1684952 total
: 90969K->1779K(109248K), 0.0153706 secs] 98408K->9297K(502464K), 0.0155807 secs] [Times: user=0.03 sys=0.00, real=0.02 secs] 
Heap after GC invocations=39 (full 1):
 par new generation   total 109248K, used 1779K [0x00000000e0000000, 0x00000000e8000000, 0x00000000e8000000)
  eden space 87424K,   0% used [0x00000000e0000000, 0x00000000e0000000, 0x00000000e5560000)
  from space 21824K,   8% used [0x00000000e6ab0000, 0x00000000e6c6ccc0, 0x00000000e8000000)
  to   space 21824K,   0% used [0x00000000e5560000, 0x00000000e5560000, 0x00000000e6ab0000)
 concurrent mark-sweep generation total 393216K, used 7518K [0x00000000e8000000, 0x0000000100000000, 0x0000000100000000)
 Metaspace       used 28908K, capacity 29522K, committed 29692K, reserved 1075200K
  class space    used 3380K, capacity 3561K, committed 3580K, reserved 1048576K
}
2016-02-26T11:38:24.109+0000: 2846.371: Total time for which application threads were stopped: 0.0185198 seconds, Stopping threads took: 0.0025064 seconds
2016-02-26T11:38:24.114+0000: 2846.375: Total time for which application threads were stopped: 0.0024716 seconds, Stopping threads took: 0.0022576 seconds
2016-02-26T11:38:24.133+0000: 2846.394: Total time for which application threads were stopped: 0.0002353 seconds, Stopping threads took: 0.0000576 seconds
2016-02-26T11:38:24.160+0000: 2846.422: Total time for which application threads were stopped: 0.0019536 seconds, Stopping threads took: 0.0016314 seconds
2016-02-26T11:38:24.213+0000: 2846.475: Total time for which application threads were stopped: 0.0031918 seconds, Stopping threads took: 0.0030204 seconds
2016-02-26T11:38:24.220+0000: 2846.482: Total time for which application threads were stopped: 0.0001800 seconds, Stopping threads took: 0.0000482 seconds
2016-02-26T11:38:25.221+0000: 2847.482: Total time for which application threads were stopped: 0.0001564 seconds, Stopping threads took: 0.0000466 seconds
2016-02-26T11:38:55.510+0000: 2877.776: Total time for which application threads were stopped: 0.0002945 seconds, Stopping threads took: 0.0000616 seconds
2016-02-26T11:38:55.511+0000: 2877.777: Total time for which application threads were stopped: 0.0001098 seconds, Stopping threads took: 0.0000324 seconds
2016-02-26T11:38:55.511+0000: 2877.777: Total time for which application threads were stopped: 0.0001098 seconds, Stopping threads took: 0.0000450 seconds
2016-02-26T11:38:55.511+0000: 2877.777: Total time for which application threads were stopped: 0.0000995 seconds, Stopping threads took: 0.0000363 seconds
2016-02-26T11:38:55.511+0000: 2877.777: Total time for which application threads were stopped: 0.0000884 seconds, Stopping threads took: 0.0000261 seconds
2016-02-26T11:38:55.512+0000: 2877.777: Total time for which application threads were stopped: 0.0000916 seconds, Stopping threads took: 0.0000268 seconds
2016-02-26T11:38:55.513+0000: 2877.779: Total time for which application threads were stopped: 0.0002029 seconds, Stopping threads took: 0.0000877 seconds
2016-02-26T11:38:55.514+0000: 2877.779: Total time for which application threads were stopped: 0.0000995 seconds, Stopping threads took: 0.0000292 seconds
2016-02-26T11:38:56.520+0000: 2878.785: Total time for which application threads were stopped: 0.0001698 seconds, Stopping threads took: 0.0000497 seconds
{Heap before GC invocations=39 (full 1):
 par new generation   total 109248K, used 89203K [0x00000000e0000000, 0x00000000e8000000, 0x00000000e8000000)
  eden space 87424K, 100% used [0x00000000e0000000, 0x00000000e5560000, 0x00000000e5560000)
  from space 21824K,   8% used [0x00000000e6ab0000, 0x00000000e6c6ccc0, 0x00000000e8000000)
  to   space 21824K,   0% used [0x00000000e5560000, 0x00000000e5560000, 0x00000000e6ab0000)
 concurrent mark-sweep generation total 393216K, used 7518K [0x00000000e8000000, 0x0000000100000000, 0x0000000100000000)
 Metaspace       used 29021K, capacity 29680K, committed 29948K, reserved 1075200K
  class space    used 3388K, capacity 3572K, committed 3580K, reserved 1048576K
2016-02-26T11:39:01.074+0000: 2883.339: [GC (Allocation Failure) 2016-02-26T11:39:01.074+0000: 2883.339: [ParNew
Desired survivor size 20112992 bytes, new threshold 8 (max 8)
- age   1:    1040456 bytes,    1040456 total
- age   2:     367312 bytes,    1407768 total
- age   3:     160632 bytes,    1568400 total
- age   4:       1808 bytes,    1570208 total
- age   5:     174928 bytes,    1745136 total
- age   6:       2552 bytes,    1747688 total
- age   7:     860104 bytes,    2607792 total
- age   8:      25240 bytes,    2633032 total
: 89203K->3654K(109248K), 0.0257064 secs] 96721K->11244K(502464K), 0.0259307 secs] [Times: user=0.05 sys=0.00, real=0.03 secs] 
Heap after GC invocations=40 (full 1):
 par new generation   total 109248K, used 3654K [0x00000000e0000000, 0x00000000e8000000, 0x00000000e8000000)
  eden space 87424K,   0% used [0x00000000e0000000, 0x00000000e0000000, 0x00000000e5560000)
  from space 21824K,  16% used [0x00000000e5560000, 0x00000000e58f1940, 0x00000000e6ab0000)
  to   space 21824K,   0% used [0x00000000e6ab0000, 0x00000000e6ab0000, 0x00000000e8000000)
 concurrent mark-sweep generation total 393216K, used 7590K [0x00000000e8000000, 0x0000000100000000, 0x0000000100000000)
 Metaspace       used 29021K, capacity 29680K, committed 29948K, reserved 1075200K
  class space    used 3388K, capacity 3572K, committed 3580K, reserved 1048576K
}
2016-02-26T11:39:01.100+0000: 2883.365: Total time for which application threads were stopped: 0.0264992 seconds, Stopping threads took: 0.0000679 seconds
2016-02-26T11:39:01.100+0000: 2883.365: Total time for which application threads were stopped: 0.0002124 seconds, Stopping threads took: 0.0000861 seconds
2016-02-26T11:39:01.307+0000: 2883.571: Total time for which application threads were stopped: 0.0002724 seconds, Stopping threads took: 0.0000569 seconds
2016-02-26T11:39:01.322+0000: 2883.587: Total time for which application threads were stopped: 0.0003214 seconds, Stopping threads took: 0.0000592 seconds
{Heap before GC invocations=40 (full 1):
 par new generation   total 109248K, used 91078K [0x00000000e0000000, 0x00000000e8000000, 0x00000000e8000000)
  eden space 87424K, 100% used [0x00000000e0000000, 0x00000000e5560000, 0x00000000e5560000)
  from space 21824K,  16% used [0x00000000e5560000, 0x00000000e58f1940, 0x00000000e6ab0000)
  to   space 21824K,   0% used [0x00000000e6ab0000, 0x00000000e6ab0000, 0x00000000e8000000)
 concurrent mark-sweep generation total 393216K, used 7590K [0x00000000e8000000, 0x0000000100000000, 0x0000000100000000)
 Metaspace       used 29039K, capacity 29680K, committed 29948K, reserved 1075200K
  class space    used 3388K, capacity 3572K, committed 3580K, reserved 1048576K
2016-02-26T11:39:13.268+0000: 2895.533: [GC (Allocation Failure) 2016-02-26T11:39:13.269+0000: 2895.533: [ParNew
Desired survivor size 20112992 bytes, new threshold 8 (max 8)
- age   1:     615648 bytes,     615648 total
- age   2:     120832 bytes,     736480 total
- age   3:      14128 bytes,     750608 total
- age   4:      83312 bytes,     833920 total
- age   5:       1808 bytes,     835728 total
- age   6:     169440 bytes,    1005168 total
- age   7:       2552 bytes,    1007720 total
- age   8:     860128 bytes,    1867848 total
: 91078K->2842K(109248K), 0.0157189 secs] 98668K->10457K(502464K), 0.0159510 secs] [Times: user=0.03 sys=0.00, real=0.02 secs] 
Heap after GC invocations=41 (full 1):
 par new generation   total 109248K, used 2842K [0x00000000e0000000, 0x00000000e8000000, 0x00000000e8000000)
  eden space 87424K,   0% used [0x00000000e0000000, 0x00000000e0000000, 0x00000000e5560000)
  from space 21824K,  13% used [0x00000000e6ab0000, 0x00000000e6d76840, 0x00000000e8000000)
  to   space 21824K,   0% used [0x00000000e5560000, 0x00000000e5560000, 0x00000000e6ab0000)
 concurrent mark-sweep generation total 393216K, used 7615K [0x00000000e8000000, 0x0000000100000000, 0x0000000100000000)
 Metaspace       used 29039K, capacity 29680K, committed 29948K, reserved 1075200K
  class space    used 3388K, capacity 3572K, committed 3580K, reserved 1048576K
}
2016-02-26T11:39:13.285+0000: 2895.549: Total time for which application threads were stopped: 0.0164659 seconds, Stopping threads took: 0.0000734 seconds
2016-02-26T11:39:13.285+0000: 2895.550: Total time for which application threads were stopped: 0.0002930 seconds, Stopping threads took: 0.0001169 seconds
2016-02-26T11:39:13.285+0000: 2895.550: Total time for which application threads were stopped: 0.0001090 seconds, Stopping threads took: 0.0000426 seconds
{Heap before GC invocations=41 (full 1):
 par new generation   total 109248K, used 90266K [0x00000000e0000000, 0x00000000e8000000, 0x00000000e8000000)
  eden space 87424K, 100% used [0x00000000e0000000, 0x00000000e5560000, 0x00000000e5560000)
  from space 21824K,  13% used [0x00000000e6ab0000, 0x00000000e6d76840, 0x00000000e8000000)
  to   space 21824K,   0% used [0x00000000e5560000, 0x00000000e5560000, 0x00000000e6ab0000)
 concurrent mark-sweep generation total 393216K, used 7615K [0x00000000e8000000, 0x0000000100000000, 0x0000000100000000)
 Metaspace       used 29051K, capacity 29680K, committed 29948K, reserved 1075200K
  class space    used 3389K, capacity 3572K, committed 3580K, reserved 1048576K
2016-02-26T11:39:13.451+0000: 2895.716: [GC (Allocation Failure) 2016-02-26T11:39:13.451+0000: 2895.716: [ParNew
Desired survivor size 20112992 bytes, new threshold 8 (max 8)
- age   1:    1028544 bytes,    1028544 total
- age   2:     140480 bytes,    1169024 total
- age   3:      32480 bytes,    1201504 total
- age   4:      14128 bytes,    1215632 total
- age   5:      83312 bytes,    1298944 total
- age   6:       1808 bytes,    1300752 total
- age   7:     169440 bytes,    1470192 total
- age   8:       2552 bytes,    1472744 total
: 90266K->2028K(109248K), 0.0760335 secs] 97881K->10494K(502464K), 0.0762096 secs] [Times: user=0.13 sys=0.02, real=0.08 secs] 
Heap after GC invocations=42 (full 1):
 par new generation   total 109248K, used 2028K [0x00000000e0000000, 0x00000000e8000000, 0x00000000e8000000)
  eden space 87424K,   0% used [0x00000000e0000000, 0x00000000e0000000, 0x00000000e5560000)
  from space 21824K,   9% used [0x00000000e5560000, 0x00000000e575b0d0, 0x00000000e6ab0000)
  to   space 21824K,   0% used [0x00000000e6ab0000, 0x00000000e6ab0000, 0x00000000e8000000)
 concurrent mark-sweep generation total 393216K, used 8466K [0x00000000e8000000, 0x0000000100000000, 0x0000000100000000)
 Metaspace       used 29051K, capacity 29680K, committed 29948K, reserved 1075200K
  class space    used 3389K, capacity 3572K, committed 3580K, reserved 1048576K
}
2016-02-26T11:39:13.527+0000: 2895.792: Total time for which application threads were stopped: 0.0767466 seconds, Stopping threads took: 0.0000798 seconds
2016-02-26T11:39:13.551+0000: 2895.816: Total time for which application threads were stopped: 0.0003198 seconds, Stopping threads took: 0.0000813 seconds
2016-02-26T11:39:13.797+0000: 2896.062: Total time for which application threads were stopped: 0.0002235 seconds, Stopping threads took: 0.0000426 seconds
2016-02-26T11:39:13.983+0000: 2896.249: Total time for which application threads were stopped: 0.0005409 seconds, Stopping threads took: 0.0000569 seconds
2016-02-26T11:39:14.039+0000: 2896.304: Total time for which application threads were stopped: 0.0021044 seconds, Stopping threads took: 0.0019536 seconds
2016-02-26T11:39:14.042+0000: 2896.307: Total time for which application threads were stopped: 0.0001895 seconds, Stopping threads took: 0.0000695 seconds
2016-02-26T11:39:15.050+0000: 2897.315: Total time for which application threads were stopped: 0.0001611 seconds, Stopping threads took: 0.0000497 seconds
2016-02-26T11:39:32.405+0000: 2914.671: Total time for which application threads were stopped: 0.0001935 seconds, Stopping threads took: 0.0000671 seconds
2016-02-26T11:39:32.505+0000: 2914.771: Total time for which application threads were stopped: 0.0003577 seconds, Stopping threads took: 0.0000600 seconds
2016-02-26T11:39:32.524+0000: 2914.790: Total time for which application threads were stopped: 0.0011774 seconds, Stopping threads took: 0.0009950 seconds
2016-02-26T11:39:32.524+0000: 2914.791: Total time for which application threads were stopped: 0.0004075 seconds, Stopping threads took: 0.0003396 seconds
2016-02-26T11:39:32.532+0000: 2914.798: Total time for which application threads were stopped: 0.0003388 seconds, Stopping threads took: 0.0001966 seconds
2016-02-26T11:39:32.556+0000: 2914.822: Total time for which application threads were stopped: 0.0010084 seconds, Stopping threads took: 0.0007146 seconds
2016-02-26T11:39:32.565+0000: 2914.831: Total time for which application threads were stopped: 0.0001785 seconds, Stopping threads took: 0.0000576 seconds
2016-02-26T11:39:32.835+0000: 2915.101: Total time for which application threads were stopped: 0.0009910 seconds, Stopping threads took: 0.0008347 seconds
2016-02-26T11:39:32.842+0000: 2915.108: Total time for which application threads were stopped: 0.0001729 seconds, Stopping threads took: 0.0000419 seconds
2016-02-26T11:39:32.842+0000: 2915.108: Total time for which application threads were stopped: 0.0000892 seconds, Stopping threads took: 0.0000276 seconds
2016-02-26T11:39:33.305+0000: 2915.572: Total time for which application threads were stopped: 0.0127679 seconds, Stopping threads took: 0.0124473 seconds
2016-02-26T11:39:33.311+0000: 2915.577: Total time for which application threads were stopped: 0.0033142 seconds, Stopping threads took: 0.0031294 seconds
2016-02-26T11:39:33.312+0000: 2915.578: Total time for which application threads were stopped: 0.0001698 seconds, Stopping threads took: 0.0000537 seconds
2016-02-26T11:39:33.312+0000: 2915.578: Total time for which application threads were stopped: 0.0000987 seconds, Stopping threads took: 0.0000284 seconds
2016-02-26T11:39:33.312+0000: 2915.578: Total time for which application threads were stopped: 0.0001050 seconds, Stopping threads took: 0.0000308 seconds
2016-02-26T11:39:33.315+0000: 2915.581: Total time for which application threads were stopped: 0.0002172 seconds, Stopping threads took: 0.0000553 seconds
2016-02-26T11:39:33.315+0000: 2915.581: Total time for which application threads were stopped: 0.0002780 seconds, Stopping threads took: 0.0000276 seconds
2016-02-26T11:39:34.322+0000: 2916.589: Total time for which application threads were stopped: 0.0005575 seconds, Stopping threads took: 0.0000576 seconds
2016-02-26T11:40:28.446+0000: 2970.712: Total time for which application threads were stopped: 0.0001832 seconds, Stopping threads took: 0.0000529 seconds
2016-02-26T11:41:11.129+0000: 3013.399: Total time for which application threads were stopped: 0.0014830 seconds, Stopping threads took: 0.0000726 seconds
2016-02-26T11:41:11.131+0000: 3013.401: Total time for which application threads were stopped: 0.0007052 seconds, Stopping threads took: 0.0000419 seconds
2016-02-26T11:41:11.240+0000: 3013.510: Total time for which application threads were stopped: 0.0001650 seconds, Stopping threads took: 0.0000553 seconds
2016-02-26T11:41:11.241+0000: 3013.511: Total time for which application threads were stopped: 0.0001184 seconds, Stopping threads took: 0.0000403 seconds
2016-02-26T11:41:11.242+0000: 3013.512: Total time for which application threads were stopped: 0.0000987 seconds, Stopping threads took: 0.0000355 seconds
2016-02-26T11:41:11.244+0000: 3013.514: Total time for which application threads were stopped: 0.0001516 seconds, Stopping threads took: 0.0000419 seconds
2016-02-26T11:41:11.245+0000: 3013.515: Total time for which application threads were stopped: 0.0001263 seconds, Stopping threads took: 0.0000419 seconds
2016-02-26T11:41:11.246+0000: 3013.516: Total time for which application threads were stopped: 0.0001098 seconds, Stopping threads took: 0.0000340 seconds
2016-02-26T11:41:11.246+0000: 3013.516: Total time for which application threads were stopped: 0.0000900 seconds, Stopping threads took: 0.0000253 seconds
2016-02-26T11:41:11.246+0000: 3013.516: Total time for which application threads were stopped: 0.0000884 seconds, Stopping threads took: 0.0000245 seconds
2016-02-26T11:41:11.246+0000: 3013.516: Total time for which application threads were stopped: 0.0000884 seconds, Stopping threads took: 0.0000245 seconds
2016-02-26T11:41:11.246+0000: 3013.516: Total time for which application threads were stopped: 0.0000892 seconds, Stopping threads took: 0.0000245 seconds
2016-02-26T11:41:11.248+0000: 3013.518: Total time for which application threads were stopped: 0.0001145 seconds, Stopping threads took: 0.0000300 seconds
2016-02-26T11:41:11.248+0000: 3013.518: Total time for which application threads were stopped: 0.0000884 seconds, Stopping threads took: 0.0000245 seconds
2016-02-26T11:41:11.250+0000: 3013.520: Total time for which application threads were stopped: 0.0001635 seconds, Stopping threads took: 0.0000355 seconds
2016-02-26T11:41:11.250+0000: 3013.520: Total time for which application threads were stopped: 0.0000829 seconds, Stopping threads took: 0.0000276 seconds
2016-02-26T11:41:11.251+0000: 3013.521: Total time for which application threads were stopped: 0.0000869 seconds, Stopping threads took: 0.0000284 seconds
2016-02-26T11:41:11.262+0000: 3013.532: Total time for which application threads were stopped: 0.0001666 seconds, Stopping threads took: 0.0000695 seconds
2016-02-26T11:41:11.263+0000: 3013.533: Total time for which application threads were stopped: 0.0001034 seconds, Stopping threads took: 0.0000363 seconds
2016-02-26T11:41:11.272+0000: 3013.542: Total time for which application threads were stopped: 0.0036932 seconds, Stopping threads took: 0.0036087 seconds
2016-02-26T11:41:11.272+0000: 3013.542: Total time for which application threads were stopped: 0.0000663 seconds, Stopping threads took: 0.0000292 seconds
2016-02-26T11:41:11.272+0000: 3013.542: Total time for which application threads were stopped: 0.0000616 seconds, Stopping threads took: 0.0000253 seconds
2016-02-26T11:41:11.272+0000: 3013.542: Total time for which application threads were stopped: 0.0000703 seconds, Stopping threads took: 0.0000324 seconds
2016-02-26T11:41:11.273+0000: 3013.542: Total time for which application threads were stopped: 0.0000632 seconds, Stopping threads took: 0.0000237 seconds
2016-02-26T11:41:11.275+0000: 3013.545: Total time for which application threads were stopped: 0.0000995 seconds, Stopping threads took: 0.0000387 seconds
Heap
 par new generation   total 109248K, used 41864K [0x00000000e0000000, 0x00000000e8000000, 0x00000000e8000000)
  eden space 87424K,  45% used [0x00000000e0000000, 0x00000000e26e71c8, 0x00000000e5560000)
  from space 21824K,   9% used [0x00000000e5560000, 0x00000000e575b0d0, 0x00000000e6ab0000)
  to   space 21824K,   0% used [0x00000000e6ab0000, 0x00000000e6ab0000, 0x00000000e8000000)
 concurrent mark-sweep generation total 393216K, used 8466K [0x00000000e8000000, 0x0000000100000000, 0x0000000100000000)
 Metaspace       used 29253K, capacity 29916K, committed 30076K, reserved 1075200K
  class space    used 3402K, capacity 3612K, committed 3708K, reserved 1048576K
