Java HotSpot(TM) 64-Bit Server VM (25.73-b02) for windows-amd64 JRE (1.8.0_73-b02), built on Jan 29 2016 17:38:49 by "java_re" with MS VC++ 10.0 (VS2010)
Memory: 4k page, physical 8269212k(3121596k free), swap 10513632k(3657092k free)
CommandLine flags: -XX:CMSInitiatingOccupancyFraction=50 -XX:CMSMaxAbortablePrecleanTime=6000 -XX:+CMSParallelRemarkEnabled -XX:+CMSScavengeBeforeRemark -XX:ConcGCThreads=4 -XX:InitialHeapSize=536870912 -XX:MaxHeapSize=536870912 -XX:MaxTenuringThreshold=8 -XX:NewRatio=3 -XX:OldPLABSize=16 -XX:ParallelGCThreads=4 -XX:+ParallelRefProcEnabled -XX:PretenureSizeThreshold=67108864 -XX:+PrintGC -XX:+PrintGCApplicationStoppedTime -XX:+PrintGCDateStamps -XX:+PrintGCDetails -XX:+PrintGCTimeStamps -XX:+PrintHeapAtGC -XX:+PrintTenuringDistribution -XX:SurvivorRatio=4 -XX:TargetSurvivorRatio=90 -XX:ThreadStackSize=256 -XX:+UseCMSInitiatingOccupancyOnly -XX:+UseCompressedClassPointers -XX:+UseCompressedOops -XX:+UseConcMarkSweepGC -XX:-UseLargePagesIndividualAllocation -XX:+UseParNewGC 
2016-06-21T17:55:20.028+0100: 1.087: Total time for which application threads were stopped: 0.0446613 seconds, Stopping threads took: 0.0445484 seconds
2016-06-21T17:55:20.089+0100: 1.148: Total time for which application threads were stopped: 0.0001453 seconds, Stopping threads took: 0.0000261 seconds
2016-06-21T17:55:21.023+0100: 2.083: Total time for which application threads were stopped: 0.0137478 seconds, Stopping threads took: 0.0135840 seconds
2016-06-21T17:55:21.674+0100: 2.734: Total time for which application threads were stopped: 0.3719252 seconds, Stopping threads took: 0.3717239 seconds
2016-06-21T17:55:21.689+0100: 2.749: Total time for which application threads were stopped: 0.0001772 seconds, Stopping threads took: 0.0000324 seconds
2016-06-21T17:55:22.692+0100: 3.752: Total time for which application threads were stopped: 0.0001303 seconds, Stopping threads took: 0.0000584 seconds
{Heap before GC invocations=0 (full 0):
 par new generation   total 109248K, used 87424K [0x00000000e0000000, 0x00000000e8000000, 0x00000000e8000000)
  eden space 87424K, 100% used [0x00000000e0000000, 0x00000000e5560000, 0x00000000e5560000)
  from space 21824K,   0% used [0x00000000e5560000, 0x00000000e5560000, 0x00000000e6ab0000)
  to   space 21824K,   0% used [0x00000000e6ab0000, 0x00000000e6ab0000, 0x00000000e8000000)
 concurrent mark-sweep generation total 393216K, used 0K [0x00000000e8000000, 0x0000000100000000, 0x0000000100000000)
 Metaspace       used 10188K, capacity 10332K, committed 10496K, reserved 1058816K
  class space    used 1165K, capacity 1208K, committed 1280K, reserved 1048576K
2016-06-21T17:55:23.000+0100: 4.059: [GC (Allocation Failure) 2016-06-21T17:55:23.000+0100: 4.060: [ParNew
Desired survivor size 20112992 bytes, new threshold 8 (max 8)
- age   1:    5966728 bytes,    5966728 total
: 87424K->5898K(109248K), 0.0064614 secs] 87424K->5898K(502464K), 0.0066884 secs] [Times: user=0.00 sys=0.00, real=0.01 secs] 
Heap after GC invocations=1 (full 0):
 par new generation   total 109248K, used 5898K [0x00000000e0000000, 0x00000000e8000000, 0x00000000e8000000)
  eden space 87424K,   0% used [0x00000000e0000000, 0x00000000e0000000, 0x00000000e5560000)
  from space 21824K,  27% used [0x00000000e6ab0000, 0x00000000e7072960, 0x00000000e8000000)
  to   space 21824K,   0% used [0x00000000e5560000, 0x00000000e5560000, 0x00000000e6ab0000)
 concurrent mark-sweep generation total 393216K, used 0K [0x00000000e8000000, 0x0000000100000000, 0x0000000100000000)
 Metaspace       used 10188K, capacity 10332K, committed 10496K, reserved 1058816K
  class space    used 1165K, capacity 1208K, committed 1280K, reserved 1048576K
}
2016-06-21T17:55:23.007+0100: 4.066: Total time for which application threads were stopped: 0.0069347 seconds, Stopping threads took: 0.0000336 seconds
2016-06-21T17:55:23.243+0100: 4.302: Total time for which application threads were stopped: 0.0001642 seconds, Stopping threads took: 0.0000253 seconds
2016-06-21T17:55:23.352+0100: 4.411: Total time for which application threads were stopped: 0.0002080 seconds, Stopping threads took: 0.0000280 seconds
2016-06-21T17:55:23.739+0100: 4.799: Total time for which application threads were stopped: 0.0310137 seconds, Stopping threads took: 0.0308057 seconds
2016-06-21T17:55:23.811+0100: 4.870: Total time for which application threads were stopped: 0.0002313 seconds, Stopping threads took: 0.0000296 seconds
2016-06-21T17:55:23.813+0100: 4.873: Total time for which application threads were stopped: 0.0002234 seconds, Stopping threads took: 0.0000339 seconds
2016-06-21T17:55:23.961+0100: 5.021: Total time for which application threads were stopped: 0.0032287 seconds, Stopping threads took: 0.0029832 seconds
2016-06-21T17:55:23.962+0100: 5.022: Total time for which application threads were stopped: 0.0001725 seconds, Stopping threads took: 0.0000182 seconds
2016-06-21T17:55:23.967+0100: 5.026: Total time for which application threads were stopped: 0.0002199 seconds, Stopping threads took: 0.0000221 seconds
2016-06-21T17:55:24.967+0100: 6.026: Total time for which application threads were stopped: 0.0001401 seconds, Stopping threads took: 0.0000253 seconds
2016-06-21T17:55:27.714+0100: 8.773: Total time for which application threads were stopped: 0.0005850 seconds, Stopping threads took: 0.0004753 seconds
2016-06-21T17:55:27.714+0100: 8.773: Total time for which application threads were stopped: 0.0000766 seconds, Stopping threads took: 0.0000201 seconds
2016-06-21T17:55:27.715+0100: 8.774: Total time for which application threads were stopped: 0.0000766 seconds, Stopping threads took: 0.0000186 seconds
2016-06-21T17:55:27.715+0100: 8.774: Total time for which application threads were stopped: 0.0000699 seconds, Stopping threads took: 0.0000150 seconds
2016-06-21T17:55:27.715+0100: 8.774: Total time for which application threads were stopped: 0.0000675 seconds, Stopping threads took: 0.0000099 seconds
2016-06-21T17:55:27.715+0100: 8.774: Total time for which application threads were stopped: 0.0000711 seconds, Stopping threads took: 0.0000130 seconds
2016-06-21T17:55:27.715+0100: 8.774: Total time for which application threads were stopped: 0.0000904 seconds, Stopping threads took: 0.0000166 seconds
2016-06-21T17:55:27.715+0100: 8.774: Total time for which application threads were stopped: 0.0000762 seconds, Stopping threads took: 0.0000213 seconds
2016-06-21T17:55:27.715+0100: 8.775: Total time for which application threads were stopped: 0.0000754 seconds, Stopping threads took: 0.0000197 seconds
2016-06-21T17:55:27.715+0100: 8.775: Total time for which application threads were stopped: 0.0000754 seconds, Stopping threads took: 0.0000166 seconds
2016-06-21T17:55:27.715+0100: 8.775: Total time for which application threads were stopped: 0.0000671 seconds, Stopping threads took: 0.0000154 seconds
2016-06-21T17:55:27.716+0100: 8.775: Total time for which application threads were stopped: 0.0000786 seconds, Stopping threads took: 0.0000205 seconds
2016-06-21T17:55:27.716+0100: 8.775: Total time for which application threads were stopped: 0.0000734 seconds, Stopping threads took: 0.0000193 seconds
2016-06-21T17:55:27.716+0100: 8.775: Total time for which application threads were stopped: 0.0000726 seconds, Stopping threads took: 0.0000162 seconds
2016-06-21T17:55:27.716+0100: 8.775: Total time for which application threads were stopped: 0.0000742 seconds, Stopping threads took: 0.0000174 seconds
2016-06-21T17:55:27.716+0100: 8.775: Total time for which application threads were stopped: 0.0000695 seconds, Stopping threads took: 0.0000197 seconds
2016-06-21T17:55:27.716+0100: 8.775: Total time for which application threads were stopped: 0.0000691 seconds, Stopping threads took: 0.0000189 seconds
2016-06-21T17:55:27.716+0100: 8.776: Total time for which application threads were stopped: 0.0000718 seconds, Stopping threads took: 0.0000197 seconds
2016-06-21T17:55:27.716+0100: 8.776: Total time for which application threads were stopped: 0.0000711 seconds, Stopping threads took: 0.0000193 seconds
2016-06-21T17:55:27.716+0100: 8.776: Total time for which application threads were stopped: 0.0000703 seconds, Stopping threads took: 0.0000197 seconds
2016-06-21T17:55:27.717+0100: 8.776: Total time for which application threads were stopped: 0.0001472 seconds, Stopping threads took: 0.0000170 seconds
2016-06-21T17:55:27.717+0100: 8.776: Total time for which application threads were stopped: 0.0000754 seconds, Stopping threads took: 0.0000186 seconds
2016-06-21T17:55:27.717+0100: 8.776: Total time for which application threads were stopped: 0.0000568 seconds, Stopping threads took: 0.0000134 seconds
2016-06-21T17:55:27.717+0100: 8.776: Total time for which application threads were stopped: 0.0000754 seconds, Stopping threads took: 0.0000182 seconds
2016-06-21T17:55:27.717+0100: 8.777: Total time for which application threads were stopped: 0.0000738 seconds, Stopping threads took: 0.0000166 seconds
2016-06-21T17:55:27.718+0100: 8.777: Total time for which application threads were stopped: 0.0000616 seconds, Stopping threads took: 0.0000221 seconds
2016-06-21T17:55:27.719+0100: 8.778: Total time for which application threads were stopped: 0.0001168 seconds, Stopping threads took: 0.0000620 seconds
2016-06-21T17:55:27.719+0100: 8.778: Total time for which application threads were stopped: 0.0000687 seconds, Stopping threads took: 0.0000276 seconds
2016-06-21T17:55:27.719+0100: 8.779: Total time for which application threads were stopped: 0.0001891 seconds, Stopping threads took: 0.0001496 seconds
2016-06-21T17:55:27.720+0100: 8.779: Total time for which application threads were stopped: 0.0000730 seconds, Stopping threads took: 0.0000336 seconds
2016-06-21T17:55:27.720+0100: 8.779: Total time for which application threads were stopped: 0.0000521 seconds, Stopping threads took: 0.0000150 seconds
2016-06-21T17:55:27.720+0100: 8.779: Total time for which application threads were stopped: 0.0000521 seconds, Stopping threads took: 0.0000158 seconds
2016-06-21T17:55:27.720+0100: 8.779: Total time for which application threads were stopped: 0.0000529 seconds, Stopping threads took: 0.0000142 seconds
2016-06-21T17:55:27.728+0100: 8.787: Total time for which application threads were stopped: 0.0002838 seconds, Stopping threads took: 0.0000324 seconds
2016-06-21T17:55:27.732+0100: 8.792: Total time for which application threads were stopped: 0.0001007 seconds, Stopping threads took: 0.0000316 seconds
2016-06-21T17:55:27.733+0100: 8.792: Total time for which application threads were stopped: 0.0000758 seconds, Stopping threads took: 0.0000213 seconds
2016-06-21T17:55:27.733+0100: 8.792: Total time for which application threads were stopped: 0.0000691 seconds, Stopping threads took: 0.0000245 seconds
2016-06-21T17:55:27.733+0100: 8.793: Total time for which application threads were stopped: 0.0002274 seconds, Stopping threads took: 0.0001887 seconds
2016-06-21T17:55:27.745+0100: 8.804: Total time for which application threads were stopped: 0.0001251 seconds, Stopping threads took: 0.0000339 seconds
2016-06-21T17:55:27.747+0100: 8.806: Total time for which application threads were stopped: 0.0001212 seconds, Stopping threads took: 0.0000375 seconds
2016-06-21T17:55:27.749+0100: 8.808: Total time for which application threads were stopped: 0.0001113 seconds, Stopping threads took: 0.0000336 seconds
2016-06-21T17:55:27.749+0100: 8.809: Total time for which application threads were stopped: 0.0000616 seconds, Stopping threads took: 0.0000182 seconds
2016-06-21T17:55:27.750+0100: 8.809: Total time for which application threads were stopped: 0.0003209 seconds, Stopping threads took: 0.0002621 seconds
2016-06-21T17:55:27.750+0100: 8.809: Total time for which application threads were stopped: 0.0000805 seconds, Stopping threads took: 0.0000209 seconds
2016-06-21T17:55:27.753+0100: 8.812: Total time for which application threads were stopped: 0.0000821 seconds, Stopping threads took: 0.0000264 seconds
2016-06-21T17:55:27.753+0100: 8.812: Total time for which application threads were stopped: 0.0000576 seconds, Stopping threads took: 0.0000237 seconds
2016-06-21T17:55:27.757+0100: 8.817: Total time for which application threads were stopped: 0.0000880 seconds, Stopping threads took: 0.0000343 seconds
2016-06-21T17:55:27.757+0100: 8.817: Total time for which application threads were stopped: 0.0000450 seconds, Stopping threads took: 0.0000174 seconds
2016-06-21T17:55:27.757+0100: 8.817: Total time for which application threads were stopped: 0.0000553 seconds, Stopping threads took: 0.0000209 seconds
2016-06-21T17:55:27.758+0100: 8.817: Total time for which application threads were stopped: 0.0000513 seconds, Stopping threads took: 0.0000170 seconds
2016-06-21T17:55:27.758+0100: 8.817: Total time for which application threads were stopped: 0.0000489 seconds, Stopping threads took: 0.0000205 seconds
2016-06-21T17:55:27.758+0100: 8.817: Total time for which application threads were stopped: 0.0000493 seconds, Stopping threads took: 0.0000189 seconds
2016-06-21T17:55:27.760+0100: 8.819: Total time for which application threads were stopped: 0.0000663 seconds, Stopping threads took: 0.0000241 seconds
2016-06-21T17:55:27.879+0100: 8.938: Total time for which application threads were stopped: 0.0001093 seconds, Stopping threads took: 0.0000300 seconds
2016-06-21T17:55:27.879+0100: 8.938: Total time for which application threads were stopped: 0.0000450 seconds, Stopping threads took: 0.0000162 seconds
2016-06-21T17:55:27.879+0100: 8.939: Total time for which application threads were stopped: 0.0000509 seconds, Stopping threads took: 0.0000237 seconds
2016-06-21T17:55:27.879+0100: 8.939: Total time for which application threads were stopped: 0.0000466 seconds, Stopping threads took: 0.0000114 seconds
2016-06-21T17:55:27.885+0100: 8.944: Total time for which application threads were stopped: 0.0000892 seconds, Stopping threads took: 0.0000332 seconds
2016-06-21T17:55:27.885+0100: 8.944: Total time for which application threads were stopped: 0.0000568 seconds, Stopping threads took: 0.0000201 seconds
2016-06-21T17:55:27.885+0100: 8.944: Total time for which application threads were stopped: 0.0000505 seconds, Stopping threads took: 0.0000189 seconds
2016-06-21T17:55:27.885+0100: 8.944: Total time for which application threads were stopped: 0.0000537 seconds, Stopping threads took: 0.0000225 seconds
2016-06-21T17:55:27.889+0100: 8.948: Total time for which application threads were stopped: 0.0000797 seconds, Stopping threads took: 0.0000245 seconds
2016-06-21T17:55:27.889+0100: 8.948: Total time for which application threads were stopped: 0.0000403 seconds, Stopping threads took: 0.0000114 seconds
2016-06-21T17:55:27.889+0100: 8.948: Total time for which application threads were stopped: 0.0000379 seconds, Stopping threads took: 0.0000099 seconds
2016-06-21T17:55:27.889+0100: 8.949: Total time for which application threads were stopped: 0.0000414 seconds, Stopping threads took: 0.0000118 seconds
2016-06-21T17:55:27.930+0100: 8.990: Total time for which application threads were stopped: 0.0000963 seconds, Stopping threads took: 0.0000347 seconds
2016-06-21T17:55:27.930+0100: 8.990: Total time for which application threads were stopped: 0.0001003 seconds, Stopping threads took: 0.0000233 seconds
2016-06-21T17:55:27.930+0100: 8.990: Total time for which application threads were stopped: 0.0000458 seconds, Stopping threads took: 0.0000162 seconds
2016-06-21T17:55:27.931+0100: 8.990: Total time for which application threads were stopped: 0.0000497 seconds, Stopping threads took: 0.0000182 seconds
2016-06-21T17:55:27.934+0100: 8.993: Total time for which application threads were stopped: 0.0000888 seconds, Stopping threads took: 0.0000304 seconds
2016-06-21T17:55:27.934+0100: 8.993: Total time for which application threads were stopped: 0.0000446 seconds, Stopping threads took: 0.0000154 seconds
2016-06-21T17:55:27.934+0100: 8.993: Total time for which application threads were stopped: 0.0000399 seconds, Stopping threads took: 0.0000138 seconds
2016-06-21T17:55:27.934+0100: 8.994: Total time for which application threads were stopped: 0.0000426 seconds, Stopping threads took: 0.0000138 seconds
2016-06-21T17:55:27.937+0100: 8.996: Total time for which application threads were stopped: 0.0000829 seconds, Stopping threads took: 0.0000395 seconds
2016-06-21T17:55:27.937+0100: 8.997: Total time for which application threads were stopped: 0.0000568 seconds, Stopping threads took: 0.0000261 seconds
2016-06-21T17:55:27.937+0100: 8.997: Total time for which application threads were stopped: 0.0000446 seconds, Stopping threads took: 0.0000178 seconds
2016-06-21T17:55:27.938+0100: 8.997: Total time for which application threads were stopped: 0.0000501 seconds, Stopping threads took: 0.0000182 seconds
2016-06-21T17:55:27.938+0100: 8.997: Total time for which application threads were stopped: 0.0000391 seconds, Stopping threads took: 0.0000146 seconds
2016-06-21T17:55:27.938+0100: 8.997: Total time for which application threads were stopped: 0.0000450 seconds, Stopping threads took: 0.0000174 seconds
2016-06-21T17:55:27.938+0100: 8.997: Total time for which application threads were stopped: 0.0000466 seconds, Stopping threads took: 0.0000205 seconds
2016-06-21T17:55:27.938+0100: 8.997: Total time for which application threads were stopped: 0.0000438 seconds, Stopping threads took: 0.0000174 seconds
2016-06-21T17:55:28.157+0100: 9.217: Total time for which application threads were stopped: 0.0000987 seconds, Stopping threads took: 0.0000288 seconds
2016-06-21T17:55:28.157+0100: 9.217: Total time for which application threads were stopped: 0.0000430 seconds, Stopping threads took: 0.0000142 seconds
2016-06-21T17:55:28.158+0100: 9.217: Total time for which application threads were stopped: 0.0000422 seconds, Stopping threads took: 0.0000150 seconds
2016-06-21T17:55:28.158+0100: 9.217: Total time for which application threads were stopped: 0.0000446 seconds, Stopping threads took: 0.0000150 seconds
2016-06-21T17:55:28.164+0100: 9.224: Total time for which application threads were stopped: 0.0000845 seconds, Stopping threads took: 0.0000320 seconds
2016-06-21T17:55:28.164+0100: 9.224: Total time for which application threads were stopped: 0.0000561 seconds, Stopping threads took: 0.0000197 seconds
2016-06-21T17:55:28.165+0100: 9.224: Total time for which application threads were stopped: 0.0000466 seconds, Stopping threads took: 0.0000146 seconds
2016-06-21T17:55:28.165+0100: 9.224: Total time for which application threads were stopped: 0.0000505 seconds, Stopping threads took: 0.0000182 seconds
2016-06-21T17:55:28.191+0100: 9.251: Total time for which application threads were stopped: 0.0000833 seconds, Stopping threads took: 0.0000276 seconds
2016-06-21T17:55:28.191+0100: 9.251: Total time for which application threads were stopped: 0.0000422 seconds, Stopping threads took: 0.0000134 seconds
2016-06-21T17:55:28.191+0100: 9.251: Total time for which application threads were stopped: 0.0000379 seconds, Stopping threads took: 0.0000114 seconds
2016-06-21T17:55:28.192+0100: 9.251: Total time for which application threads were stopped: 0.0000458 seconds, Stopping threads took: 0.0000158 seconds
2016-06-21T17:55:28.348+0100: 9.408: Total time for which application threads were stopped: 0.0001978 seconds, Stopping threads took: 0.0000320 seconds
2016-06-21T17:55:28.348+0100: 9.408: Total time for which application threads were stopped: 0.0000655 seconds, Stopping threads took: 0.0000229 seconds
2016-06-21T17:55:28.349+0100: 9.408: Total time for which application threads were stopped: 0.0000561 seconds, Stopping threads took: 0.0000186 seconds
2016-06-21T17:55:28.349+0100: 9.408: Total time for which application threads were stopped: 0.0000489 seconds, Stopping threads took: 0.0000162 seconds
2016-06-21T17:55:28.349+0100: 9.408: Total time for which application threads were stopped: 0.0000422 seconds, Stopping threads took: 0.0000142 seconds
2016-06-21T17:55:28.349+0100: 9.409: Total time for which application threads were stopped: 0.0000403 seconds, Stopping threads took: 0.0000138 seconds
2016-06-21T17:55:28.349+0100: 9.409: Total time for which application threads were stopped: 0.0000399 seconds, Stopping threads took: 0.0000138 seconds
2016-06-21T17:55:28.349+0100: 9.409: Total time for which application threads were stopped: 0.0000387 seconds, Stopping threads took: 0.0000142 seconds
2016-06-21T17:55:28.349+0100: 9.409: Total time for which application threads were stopped: 0.0000403 seconds, Stopping threads took: 0.0000138 seconds
2016-06-21T17:55:28.349+0100: 9.409: Total time for which application threads were stopped: 0.0000375 seconds, Stopping threads took: 0.0000134 seconds
2016-06-21T17:55:28.349+0100: 9.409: Total time for which application threads were stopped: 0.0000383 seconds, Stopping threads took: 0.0000138 seconds
{Heap before GC invocations=1 (full 0):
 par new generation   total 109248K, used 93322K [0x00000000e0000000, 0x00000000e8000000, 0x00000000e8000000)
  eden space 87424K, 100% used [0x00000000e0000000, 0x00000000e5560000, 0x00000000e5560000)
  from space 21824K,  27% used [0x00000000e6ab0000, 0x00000000e7072960, 0x00000000e8000000)
  to   space 21824K,   0% used [0x00000000e5560000, 0x00000000e5560000, 0x00000000e6ab0000)
 concurrent mark-sweep generation total 393216K, used 0K [0x00000000e8000000, 0x0000000100000000, 0x0000000100000000)
 Metaspace       used 19481K, capacity 19862K, committed 20096K, reserved 1067008K
  class space    used 2311K, capacity 2422K, committed 2432K, reserved 1048576K
2016-06-21T17:55:28.350+0100: 9.410: [GC (Allocation Failure) 2016-06-21T17:55:28.350+0100: 9.410: [ParNew
Desired survivor size 20112992 bytes, new threshold 8 (max 8)
- age   1:    8074408 bytes,    8074408 total
- age   2:    2598792 bytes,   10673200 total
: 93322K->12897K(109248K), 0.0092914 secs] 93322K->12897K(502464K), 0.0094537 secs] [Times: user=0.06 sys=0.00, real=0.01 secs] 
Heap after GC invocations=2 (full 0):
 par new generation   total 109248K, used 12897K [0x00000000e0000000, 0x00000000e8000000, 0x00000000e8000000)
  eden space 87424K,   0% used [0x00000000e0000000, 0x00000000e0000000, 0x00000000e5560000)
  from space 21824K,  59% used [0x00000000e5560000, 0x00000000e61f8750, 0x00000000e6ab0000)
  to   space 21824K,   0% used [0x00000000e6ab0000, 0x00000000e6ab0000, 0x00000000e8000000)
 concurrent mark-sweep generation total 393216K, used 0K [0x00000000e8000000, 0x0000000100000000, 0x0000000100000000)
 Metaspace       used 19481K, capacity 19862K, committed 20096K, reserved 1067008K
  class space    used 2311K, capacity 2422K, committed 2432K, reserved 1048576K
}
2016-06-21T17:55:28.360+0100: 9.420: Total time for which application threads were stopped: 0.0097675 seconds, Stopping threads took: 0.0000541 seconds
2016-06-21T17:55:28.364+0100: 9.424: Total time for which application threads were stopped: 0.0000936 seconds, Stopping threads took: 0.0000371 seconds
2016-06-21T17:55:28.364+0100: 9.424: Total time for which application threads were stopped: 0.0000541 seconds, Stopping threads took: 0.0000150 seconds
2016-06-21T17:55:28.365+0100: 9.424: Total time for which application threads were stopped: 0.0000754 seconds, Stopping threads took: 0.0000166 seconds
2016-06-21T17:55:28.365+0100: 9.424: Total time for which application threads were stopped: 0.0000643 seconds, Stopping threads took: 0.0000154 seconds
2016-06-21T17:55:28.393+0100: 9.453: Total time for which application threads were stopped: 0.0002467 seconds, Stopping threads took: 0.0000253 seconds
2016-06-21T17:55:28.432+0100: 9.491: Total time for which application threads were stopped: 0.0003091 seconds, Stopping threads took: 0.0000296 seconds
2016-06-21T17:55:28.433+0100: 9.492: Total time for which application threads were stopped: 0.0000758 seconds, Stopping threads took: 0.0000245 seconds
2016-06-21T17:55:28.433+0100: 9.493: Total time for which application threads were stopped: 0.0000418 seconds, Stopping threads took: 0.0000126 seconds
2016-06-21T17:55:28.433+0100: 9.493: Total time for which application threads were stopped: 0.0000383 seconds, Stopping threads took: 0.0000111 seconds
2016-06-21T17:55:28.466+0100: 9.525: Total time for which application threads were stopped: 0.0001311 seconds, Stopping threads took: 0.0000379 seconds
2016-06-21T17:55:28.471+0100: 9.530: Total time for which application threads were stopped: 0.0000766 seconds, Stopping threads took: 0.0000264 seconds
2016-06-21T17:55:28.475+0100: 9.535: Total time for which application threads were stopped: 0.0000959 seconds, Stopping threads took: 0.0000241 seconds
2016-06-21T17:55:28.475+0100: 9.535: Total time for which application threads were stopped: 0.0000403 seconds, Stopping threads took: 0.0000114 seconds
2016-06-21T17:55:28.475+0100: 9.535: Total time for which application threads were stopped: 0.0000501 seconds, Stopping threads took: 0.0000134 seconds
2016-06-21T17:55:28.476+0100: 9.535: Total time for which application threads were stopped: 0.0000493 seconds, Stopping threads took: 0.0000162 seconds
2016-06-21T17:55:28.549+0100: 9.609: Total time for which application threads were stopped: 0.0001970 seconds, Stopping threads took: 0.0000316 seconds
2016-06-21T17:55:28.572+0100: 9.632: Total time for which application threads were stopped: 0.0002578 seconds, Stopping threads took: 0.0000264 seconds
2016-06-21T17:55:28.620+0100: 9.680: Total time for which application threads were stopped: 0.0000884 seconds, Stopping threads took: 0.0000221 seconds
2016-06-21T17:55:28.620+0100: 9.680: Total time for which application threads were stopped: 0.0000375 seconds, Stopping threads took: 0.0000111 seconds
2016-06-21T17:55:28.624+0100: 9.683: Total time for which application threads were stopped: 0.0000703 seconds, Stopping threads took: 0.0000221 seconds
2016-06-21T17:55:28.624+0100: 9.684: Total time for which application threads were stopped: 0.0000391 seconds, Stopping threads took: 0.0000103 seconds
2016-06-21T17:55:28.624+0100: 9.684: Total time for which application threads were stopped: 0.0000320 seconds, Stopping threads took: 0.0000083 seconds
2016-06-21T17:55:28.630+0100: 9.689: Total time for which application threads were stopped: 0.0001050 seconds, Stopping threads took: 0.0000371 seconds
2016-06-21T17:55:28.632+0100: 9.692: Total time for which application threads were stopped: 0.0002740 seconds, Stopping threads took: 0.0000237 seconds
2016-06-21T17:55:28.640+0100: 9.699: Total time for which application threads were stopped: 0.0000746 seconds, Stopping threads took: 0.0000245 seconds
2016-06-21T17:55:28.642+0100: 9.701: Total time for which application threads were stopped: 0.0000758 seconds, Stopping threads took: 0.0000217 seconds
2016-06-21T17:55:28.676+0100: 9.735: Total time for which application threads were stopped: 0.0001745 seconds, Stopping threads took: 0.0000414 seconds
2016-06-21T17:55:28.707+0100: 9.766: Total time for which application threads were stopped: 0.0003746 seconds, Stopping threads took: 0.0003174 seconds
2016-06-21T17:55:28.707+0100: 9.766: Total time for which application threads were stopped: 0.0000517 seconds, Stopping threads took: 0.0000178 seconds
2016-06-21T17:55:28.707+0100: 9.767: Total time for which application threads were stopped: 0.0000584 seconds, Stopping threads took: 0.0000189 seconds
2016-06-21T17:55:28.708+0100: 9.767: Total time for which application threads were stopped: 0.0000608 seconds, Stopping threads took: 0.0000217 seconds
2016-06-21T17:55:28.710+0100: 9.770: Total time for which application threads were stopped: 0.0000904 seconds, Stopping threads took: 0.0000363 seconds
2016-06-21T17:55:28.711+0100: 9.771: Total time for which application threads were stopped: 0.0000699 seconds, Stopping threads took: 0.0000229 seconds
2016-06-21T17:55:28.711+0100: 9.771: Total time for which application threads were stopped: 0.0000434 seconds, Stopping threads took: 0.0000134 seconds
2016-06-21T17:55:28.714+0100: 9.774: Total time for which application threads were stopped: 0.0019363 seconds, Stopping threads took: 0.0018719 seconds
2016-06-21T17:55:28.716+0100: 9.775: Total time for which application threads were stopped: 0.0002546 seconds, Stopping threads took: 0.0001907 seconds
2016-06-21T17:55:28.718+0100: 9.778: Total time for which application threads were stopped: 0.0000829 seconds, Stopping threads took: 0.0000280 seconds
2016-06-21T17:55:28.718+0100: 9.778: Total time for which application threads were stopped: 0.0000517 seconds, Stopping threads took: 0.0000166 seconds
2016-06-21T17:55:28.730+0100: 9.789: Total time for which application threads were stopped: 0.0006498 seconds, Stopping threads took: 0.0005882 seconds
2016-06-21T17:55:28.730+0100: 9.790: Total time for which application threads were stopped: 0.0001662 seconds, Stopping threads took: 0.0001358 seconds
2016-06-21T17:55:28.730+0100: 9.790: Total time for which application threads were stopped: 0.0000442 seconds, Stopping threads took: 0.0000162 seconds
2016-06-21T17:55:28.730+0100: 9.790: Total time for which application threads were stopped: 0.0001425 seconds, Stopping threads took: 0.0001113 seconds
2016-06-21T17:55:28.732+0100: 9.791: Total time for which application threads were stopped: 0.0006186 seconds, Stopping threads took: 0.0005665 seconds
2016-06-21T17:55:28.738+0100: 9.797: Total time for which application threads were stopped: 0.0001259 seconds, Stopping threads took: 0.0000489 seconds
2016-06-21T17:55:28.738+0100: 9.798: Total time for which application threads were stopped: 0.0001299 seconds, Stopping threads took: 0.0000916 seconds
2016-06-21T17:55:28.751+0100: 9.810: Total time for which application threads were stopped: 0.0000975 seconds, Stopping threads took: 0.0000316 seconds
2016-06-21T17:55:28.762+0100: 9.821: Total time for which application threads were stopped: 0.0001903 seconds, Stopping threads took: 0.0001251 seconds
2016-06-21T17:55:28.770+0100: 9.830: Total time for which application threads were stopped: 0.0000932 seconds, Stopping threads took: 0.0000245 seconds
2016-06-21T17:55:28.771+0100: 9.831: Total time for which application threads were stopped: 0.0003063 seconds, Stopping threads took: 0.0002329 seconds
2016-06-21T17:55:28.771+0100: 9.831: Total time for which application threads were stopped: 0.0000497 seconds, Stopping threads took: 0.0000134 seconds
2016-06-21T17:55:28.772+0100: 9.831: Total time for which application threads were stopped: 0.0000549 seconds, Stopping threads took: 0.0000138 seconds
2016-06-21T17:55:28.772+0100: 9.831: Total time for which application threads were stopped: 0.0000434 seconds, Stopping threads took: 0.0000103 seconds
2016-06-21T17:55:28.772+0100: 9.831: Total time for which application threads were stopped: 0.0000446 seconds, Stopping threads took: 0.0000095 seconds
2016-06-21T17:55:28.772+0100: 9.831: Total time for which application threads were stopped: 0.0000450 seconds, Stopping threads took: 0.0000118 seconds
2016-06-21T17:55:28.772+0100: 9.831: Total time for which application threads were stopped: 0.0000418 seconds, Stopping threads took: 0.0000103 seconds
2016-06-21T17:55:28.772+0100: 9.831: Total time for which application threads were stopped: 0.0000379 seconds, Stopping threads took: 0.0000087 seconds
2016-06-21T17:55:28.772+0100: 9.831: Total time for which application threads were stopped: 0.0000399 seconds, Stopping threads took: 0.0000095 seconds
2016-06-21T17:55:28.772+0100: 9.832: Total time for which application threads were stopped: 0.0000403 seconds, Stopping threads took: 0.0000091 seconds
2016-06-21T17:55:28.772+0100: 9.832: Total time for which application threads were stopped: 0.0000426 seconds, Stopping threads took: 0.0000114 seconds
2016-06-21T17:55:28.772+0100: 9.832: Total time for which application threads were stopped: 0.0000407 seconds, Stopping threads took: 0.0000091 seconds
2016-06-21T17:55:28.772+0100: 9.832: Total time for which application threads were stopped: 0.0000403 seconds, Stopping threads took: 0.0000087 seconds
2016-06-21T17:55:28.772+0100: 9.832: Total time for which application threads were stopped: 0.0000399 seconds, Stopping threads took: 0.0000091 seconds
2016-06-21T17:55:28.772+0100: 9.832: Total time for which application threads were stopped: 0.0000414 seconds, Stopping threads took: 0.0000095 seconds
2016-06-21T17:55:28.772+0100: 9.832: Total time for which application threads were stopped: 0.0000486 seconds, Stopping threads took: 0.0000114 seconds
2016-06-21T17:55:28.772+0100: 9.832: Total time for which application threads were stopped: 0.0000414 seconds, Stopping threads took: 0.0000091 seconds
2016-06-21T17:55:28.772+0100: 9.832: Total time for which application threads were stopped: 0.0000391 seconds, Stopping threads took: 0.0000091 seconds
2016-06-21T17:55:28.773+0100: 9.832: Total time for which application threads were stopped: 0.0000407 seconds, Stopping threads took: 0.0000087 seconds
2016-06-21T17:55:28.773+0100: 9.832: Total time for which application threads were stopped: 0.0001488 seconds, Stopping threads took: 0.0000087 seconds
2016-06-21T17:55:28.775+0100: 9.835: Total time for which application threads were stopped: 0.0006138 seconds, Stopping threads took: 0.0005546 seconds
2016-06-21T17:55:28.775+0100: 9.835: Total time for which application threads were stopped: 0.0000454 seconds, Stopping threads took: 0.0000138 seconds
2016-06-21T17:55:28.775+0100: 9.835: Total time for which application threads were stopped: 0.0000351 seconds, Stopping threads took: 0.0000095 seconds
2016-06-21T17:55:28.776+0100: 9.836: Total time for which application threads were stopped: 0.0000707 seconds, Stopping threads took: 0.0000186 seconds
2016-06-21T17:55:28.776+0100: 9.836: Total time for which application threads were stopped: 0.0000505 seconds, Stopping threads took: 0.0000126 seconds
2016-06-21T17:55:28.777+0100: 9.836: Total time for which application threads were stopped: 0.0001903 seconds, Stopping threads took: 0.0000095 seconds
2016-06-21T17:55:28.784+0100: 9.844: Total time for which application threads were stopped: 0.0029398 seconds, Stopping threads took: 0.0028758 seconds
2016-06-21T17:55:28.795+0100: 9.855: Total time for which application threads were stopped: 0.0002341 seconds, Stopping threads took: 0.0000845 seconds
2016-06-21T17:55:28.796+0100: 9.855: Total time for which application threads were stopped: 0.0000667 seconds, Stopping threads took: 0.0000257 seconds
2016-06-21T17:55:28.797+0100: 9.857: Total time for which application threads were stopped: 0.0000900 seconds, Stopping threads took: 0.0000324 seconds
2016-06-21T17:55:28.837+0100: 9.897: Total time for which application threads were stopped: 0.0001007 seconds, Stopping threads took: 0.0000233 seconds
2016-06-21T17:55:28.863+0100: 9.922: Total time for which application threads were stopped: 0.0000936 seconds, Stopping threads took: 0.0000292 seconds
2016-06-21T17:55:28.863+0100: 9.922: Total time for which application threads were stopped: 0.0000600 seconds, Stopping threads took: 0.0000193 seconds
2016-06-21T17:55:28.954+0100: 10.014: Total time for which application threads were stopped: 0.0006510 seconds, Stopping threads took: 0.0005803 seconds
2016-06-21T17:55:28.954+0100: 10.014: Total time for which application threads were stopped: 0.0000797 seconds, Stopping threads took: 0.0000205 seconds
2016-06-21T17:55:28.955+0100: 10.015: Total time for which application threads were stopped: 0.0001082 seconds, Stopping threads took: 0.0000245 seconds
2016-06-21T17:55:29.008+0100: 10.068: Total time for which application threads were stopped: 0.0000967 seconds, Stopping threads took: 0.0000308 seconds
2016-06-21T17:55:29.094+0100: 10.153: Total time for which application threads were stopped: 0.0000955 seconds, Stopping threads took: 0.0000351 seconds
2016-06-21T17:55:29.094+0100: 10.153: Total time for which application threads were stopped: 0.0000430 seconds, Stopping threads took: 0.0000134 seconds
2016-06-21T17:55:29.095+0100: 10.154: Total time for which application threads were stopped: 0.0000486 seconds, Stopping threads took: 0.0000154 seconds
2016-06-21T17:55:29.101+0100: 10.160: Total time for which application threads were stopped: 0.0000955 seconds, Stopping threads took: 0.0000284 seconds
2016-06-21T17:55:29.112+0100: 10.172: Total time for which application threads were stopped: 0.0000971 seconds, Stopping threads took: 0.0000343 seconds
2016-06-21T17:55:29.113+0100: 10.172: Total time for which application threads were stopped: 0.0000549 seconds, Stopping threads took: 0.0000213 seconds
2016-06-21T17:55:29.120+0100: 10.179: Total time for which application threads were stopped: 0.0000955 seconds, Stopping threads took: 0.0000328 seconds
2016-06-21T17:55:29.153+0100: 10.212: Total time for which application threads were stopped: 0.0001251 seconds, Stopping threads took: 0.0000320 seconds
2016-06-21T17:55:29.153+0100: 10.212: Total time for which application threads were stopped: 0.0000478 seconds, Stopping threads took: 0.0000126 seconds
2016-06-21T17:55:29.167+0100: 10.227: Total time for which application threads were stopped: 0.0000967 seconds, Stopping threads took: 0.0000276 seconds
2016-06-21T17:55:29.177+0100: 10.237: Total time for which application threads were stopped: 0.0000971 seconds, Stopping threads took: 0.0000308 seconds
2016-06-21T17:55:29.177+0100: 10.237: Total time for which application threads were stopped: 0.0000466 seconds, Stopping threads took: 0.0000138 seconds
2016-06-21T17:55:29.178+0100: 10.237: Total time for which application threads were stopped: 0.0000588 seconds, Stopping threads took: 0.0000174 seconds
2016-06-21T17:55:29.179+0100: 10.239: Total time for which application threads were stopped: 0.0002558 seconds, Stopping threads took: 0.0000272 seconds
2016-06-21T17:55:29.180+0100: 10.239: Total time for which application threads were stopped: 0.0001658 seconds, Stopping threads took: 0.0000146 seconds
2016-06-21T17:55:29.180+0100: 10.239: Total time for which application threads were stopped: 0.0000568 seconds, Stopping threads took: 0.0000170 seconds
2016-06-21T17:55:29.188+0100: 10.247: Total time for which application threads were stopped: 0.0001772 seconds, Stopping threads took: 0.0001101 seconds
2016-06-21T17:55:29.188+0100: 10.247: Total time for which application threads were stopped: 0.0000916 seconds, Stopping threads took: 0.0000233 seconds
2016-06-21T17:55:29.204+0100: 10.263: Total time for which application threads were stopped: 0.0001465 seconds, Stopping threads took: 0.0000734 seconds
2016-06-21T17:55:29.220+0100: 10.280: Total time for which application threads were stopped: 0.0001011 seconds, Stopping threads took: 0.0000316 seconds
2016-06-21T17:55:29.249+0100: 10.309: Total time for which application threads were stopped: 0.0011606 seconds, Stopping threads took: 0.0010899 seconds
2016-06-21T17:55:29.250+0100: 10.309: Total time for which application threads were stopped: 0.0001583 seconds, Stopping threads took: 0.0000209 seconds
2016-06-21T17:55:29.250+0100: 10.309: Total time for which application threads were stopped: 0.0000446 seconds, Stopping threads took: 0.0000099 seconds
2016-06-21T17:55:29.285+0100: 10.345: Total time for which application threads were stopped: 0.0050501 seconds, Stopping threads took: 0.0049728 seconds
2016-06-21T17:55:29.286+0100: 10.345: Total time for which application threads were stopped: 0.0000734 seconds, Stopping threads took: 0.0000225 seconds
2016-06-21T17:55:29.301+0100: 10.360: Total time for which application threads were stopped: 0.0000861 seconds, Stopping threads took: 0.0000284 seconds
2016-06-21T17:55:29.312+0100: 10.372: Total time for which application threads were stopped: 0.0000813 seconds, Stopping threads took: 0.0000229 seconds
2016-06-21T17:55:29.325+0100: 10.384: Total time for which application threads were stopped: 0.0000979 seconds, Stopping threads took: 0.0000245 seconds
2016-06-21T17:55:29.330+0100: 10.390: Total time for which application threads were stopped: 0.0000786 seconds, Stopping threads took: 0.0000229 seconds
2016-06-21T17:55:29.351+0100: 10.410: Total time for which application threads were stopped: 0.0003699 seconds, Stopping threads took: 0.0003048 seconds
2016-06-21T17:55:29.351+0100: 10.410: Total time for which application threads were stopped: 0.0000766 seconds, Stopping threads took: 0.0000264 seconds
2016-06-21T17:55:29.352+0100: 10.411: Total time for which application threads were stopped: 0.0000774 seconds, Stopping threads took: 0.0000245 seconds
2016-06-21T17:55:29.352+0100: 10.411: Total time for which application threads were stopped: 0.0000553 seconds, Stopping threads took: 0.0000170 seconds
2016-06-21T17:55:29.353+0100: 10.412: Total time for which application threads were stopped: 0.0000703 seconds, Stopping threads took: 0.0000193 seconds
2016-06-21T17:55:29.353+0100: 10.412: Total time for which application threads were stopped: 0.0000667 seconds, Stopping threads took: 0.0000201 seconds
2016-06-21T17:55:30.360+0100: 11.420: [GC (CMS Initial Mark) [1 CMS-initial-mark: 0K(393216K)] 92089K(502464K), 0.0100718 secs] [Times: user=0.00 sys=0.00, real=0.01 secs] 
2016-06-21T17:55:30.370+0100: 11.430: Total time for which application threads were stopped: 0.0102065 seconds, Stopping threads took: 0.0000280 seconds
2016-06-21T17:55:30.370+0100: 11.430: [CMS-concurrent-mark-start]
2016-06-21T17:55:30.370+0100: 11.430: [CMS-concurrent-mark: 0.000/0.000 secs] [Times: user=0.00 sys=0.00, real=0.00 secs] 
2016-06-21T17:55:30.370+0100: 11.430: [CMS-concurrent-preclean-start]
2016-06-21T17:55:30.371+0100: 11.431: [CMS-concurrent-preclean: 0.001/0.001 secs] [Times: user=0.00 sys=0.00, real=0.00 secs] 
2016-06-21T17:55:30.371+0100: 11.431: [CMS-concurrent-abortable-preclean-start]
 CMS: abort preclean due to time 2016-06-21T17:55:36.438+0100: 17.497: [CMS-concurrent-abortable-preclean: 1.968/6.066 secs] [Times: user=1.91 sys=0.00, real=6.07 secs] 
2016-06-21T17:55:36.438+0100: 17.498: [GC (CMS Final Remark) [YG occupancy: 92089 K (109248 K)]{Heap before GC invocations=2 (full 1):
 par new generation   total 109248K, used 92089K [0x00000000e0000000, 0x00000000e8000000, 0x00000000e8000000)
  eden space 87424K,  90% used [0x00000000e0000000, 0x00000000e4d55f10, 0x00000000e5560000)
  from space 21824K,  59% used [0x00000000e5560000, 0x00000000e61f8750, 0x00000000e6ab0000)
  to   space 21824K,   0% used [0x00000000e6ab0000, 0x00000000e6ab0000, 0x00000000e8000000)
 concurrent mark-sweep generation total 393216K, used 0K [0x00000000e8000000, 0x0000000100000000, 0x0000000100000000)
 Metaspace       used 25524K, capacity 25894K, committed 26276K, reserved 1073152K
  class space    used 3098K, capacity 3200K, committed 3268K, reserved 1048576K
2016-06-21T17:55:36.438+0100: 17.498: [GC (CMS Final Remark) 2016-06-21T17:55:36.438+0100: 17.498: [ParNew
Desired survivor size 20112992 bytes, new threshold 8 (max 8)
- age   1:    5945360 bytes,    5945360 total
- age   2:    2543496 bytes,    8488856 total
- age   3:    2596360 bytes,   11085216 total
: 92089K->15416K(109248K), 0.0107339 secs] 92089K->15416K(502464K), 0.0107911 secs] [Times: user=0.00 sys=0.00, real=0.01 secs] 
Heap after GC invocations=3 (full 1):
 par new generation   total 109248K, used 15416K [0x00000000e0000000, 0x00000000e8000000, 0x00000000e8000000)
  eden space 87424K,   0% used [0x00000000e0000000, 0x00000000e0000000, 0x00000000e5560000)
  from space 21824K,  70% used [0x00000000e6ab0000, 0x00000000e79be210, 0x00000000e8000000)
  to   space 21824K,   0% used [0x00000000e5560000, 0x00000000e5560000, 0x00000000e6ab0000)
 concurrent mark-sweep generation total 393216K, used 0K [0x00000000e8000000, 0x0000000100000000, 0x0000000100000000)
 Metaspace       used 25524K, capacity 25894K, committed 26276K, reserved 1073152K
  class space    used 3098K, capacity 3200K, committed 3268K, reserved 1048576K
}
2016-06-21T17:55:36.449+0100: 17.509: [Rescan (parallel) , 0.0029386 secs]2016-06-21T17:55:36.452+0100: 17.512: [weak refs processing, 0.0006541 secs]2016-06-21T17:55:36.452+0100: 17.512: [class unloading, 0.0028316 secs]2016-06-21T17:55:36.455+0100: 17.515: [scrub symbol table, 0.0046842 secs]2016-06-21T17:55:36.460+0100: 17.520: [scrub string table, 0.0004338 secs][1 CMS-remark: 0K(393216K)] 15416K(502464K), 0.0232848 secs] [Times: user=0.05 sys=0.00, real=0.02 secs] 
2016-06-21T17:55:36.461+0100: 17.521: Total time for which application threads were stopped: 0.0233882 seconds, Stopping threads took: 0.0000245 seconds
2016-06-21T17:55:36.461+0100: 17.521: [CMS-concurrent-sweep-start]
2016-06-21T17:55:36.461+0100: 17.521: [CMS-concurrent-sweep: 0.000/0.000 secs] [Times: user=0.00 sys=0.00, real=0.00 secs] 
2016-06-21T17:55:36.461+0100: 17.521: [CMS-concurrent-reset-start]
2016-06-21T17:55:36.462+0100: 17.522: Total time for which application threads were stopped: 0.0001141 seconds, Stopping threads took: 0.0000750 seconds
2016-06-21T17:55:36.464+0100: 17.523: [CMS-concurrent-reset: 0.002/0.002 secs] [Times: user=0.00 sys=0.00, real=0.00 secs] 
2016-06-21T17:57:01.676+0100: 102.735: Total time for which application threads were stopped: 0.0000837 seconds, Stopping threads took: 0.0000233 seconds
2016-06-21T17:57:01.676+0100: 102.735: Total time for which application threads were stopped: 0.0000422 seconds, Stopping threads took: 0.0000205 seconds
2016-06-21T17:57:01.676+0100: 102.736: Total time for which application threads were stopped: 0.0000407 seconds, Stopping threads took: 0.0000197 seconds
2016-06-21T17:57:01.677+0100: 102.736: Total time for which application threads were stopped: 0.0000565 seconds, Stopping threads took: 0.0000284 seconds
2016-06-21T17:57:01.678+0100: 102.737: Total time for which application threads were stopped: 0.0000521 seconds, Stopping threads took: 0.0000142 seconds
2016-06-21T17:57:01.678+0100: 102.737: Total time for which application threads were stopped: 0.0001236 seconds, Stopping threads took: 0.0000762 seconds
2016-06-21T17:57:02.678+0100: 103.737: Total time for which application threads were stopped: 0.0002305 seconds, Stopping threads took: 0.0000861 seconds
2016-06-21T17:57:51.730+0100: 152.790: Total time for which application threads were stopped: 0.0001022 seconds, Stopping threads took: 0.0000336 seconds
2016-06-21T17:57:51.730+0100: 152.790: Total time for which application threads were stopped: 0.0000545 seconds, Stopping threads took: 0.0000189 seconds
2016-06-21T17:57:51.730+0100: 152.790: Total time for which application threads were stopped: 0.0000411 seconds, Stopping threads took: 0.0000130 seconds
2016-06-21T17:57:53.826+0100: 154.886: Total time for which application threads were stopped: 0.0000955 seconds, Stopping threads took: 0.0000237 seconds
2016-06-21T17:57:53.826+0100: 154.886: Total time for which application threads were stopped: 0.0000363 seconds, Stopping threads took: 0.0000095 seconds
2016-06-21T17:57:53.827+0100: 154.886: Total time for which application threads were stopped: 0.0000332 seconds, Stopping threads took: 0.0000087 seconds
2016-06-21T17:57:53.827+0100: 154.887: Total time for which application threads were stopped: 0.0000588 seconds, Stopping threads took: 0.0000154 seconds
2016-06-21T17:57:53.831+0100: 154.891: Total time for which application threads were stopped: 0.0000699 seconds, Stopping threads took: 0.0000182 seconds
2016-06-21T17:57:53.831+0100: 154.891: Total time for which application threads were stopped: 0.0000667 seconds, Stopping threads took: 0.0000249 seconds
2016-06-21T17:57:53.845+0100: 154.905: Total time for which application threads were stopped: 0.0000880 seconds, Stopping threads took: 0.0000245 seconds
2016-06-21T17:57:53.845+0100: 154.905: Total time for which application threads were stopped: 0.0000351 seconds, Stopping threads took: 0.0000099 seconds
2016-06-21T17:57:53.854+0100: 154.914: Total time for which application threads were stopped: 0.0000549 seconds, Stopping threads took: 0.0000174 seconds
2016-06-21T17:57:53.856+0100: 154.916: Total time for which application threads were stopped: 0.0000497 seconds, Stopping threads took: 0.0000154 seconds
2016-06-21T17:57:53.857+0100: 154.916: Total time for which application threads were stopped: 0.0000920 seconds, Stopping threads took: 0.0000339 seconds
2016-06-21T17:57:53.863+0100: 154.923: Total time for which application threads were stopped: 0.0003399 seconds, Stopping threads took: 0.0000193 seconds
2016-06-21T17:57:53.869+0100: 154.929: Total time for which application threads were stopped: 0.0000912 seconds, Stopping threads took: 0.0000241 seconds
2016-06-21T17:57:53.869+0100: 154.929: Total time for which application threads were stopped: 0.0000580 seconds, Stopping threads took: 0.0000142 seconds
2016-06-21T17:57:53.869+0100: 154.929: Total time for which application threads were stopped: 0.0000426 seconds, Stopping threads took: 0.0000095 seconds
2016-06-21T17:57:53.910+0100: 154.970: Total time for which application threads were stopped: 0.0000833 seconds, Stopping threads took: 0.0000288 seconds
2016-06-21T17:57:53.910+0100: 154.970: Total time for which application threads were stopped: 0.0000375 seconds, Stopping threads took: 0.0000114 seconds
2016-06-21T17:57:53.910+0100: 154.970: Total time for which application threads were stopped: 0.0000363 seconds, Stopping threads took: 0.0000111 seconds
2016-06-21T17:57:53.910+0100: 154.970: Total time for which application threads were stopped: 0.0000493 seconds, Stopping threads took: 0.0000182 seconds
2016-06-21T17:57:53.910+0100: 154.970: Total time for which application threads were stopped: 0.0000466 seconds, Stopping threads took: 0.0000237 seconds
2016-06-21T17:57:53.910+0100: 154.970: Total time for which application threads were stopped: 0.0000825 seconds, Stopping threads took: 0.0000596 seconds
2016-06-21T17:57:54.056+0100: 155.116: Total time for which application threads were stopped: 0.0000474 seconds, Stopping threads took: 0.0000150 seconds
2016-06-21T17:57:54.057+0100: 155.117: Total time for which application threads were stopped: 0.0000458 seconds, Stopping threads took: 0.0000213 seconds
2016-06-21T17:57:54.057+0100: 155.117: Total time for which application threads were stopped: 0.0000418 seconds, Stopping threads took: 0.0000209 seconds
2016-06-21T17:57:54.058+0100: 155.118: Total time for which application threads were stopped: 0.0000395 seconds, Stopping threads took: 0.0000130 seconds
2016-06-21T17:57:54.058+0100: 155.118: Total time for which application threads were stopped: 0.0000545 seconds, Stopping threads took: 0.0000209 seconds
2016-06-21T17:57:54.058+0100: 155.118: Total time for which application threads were stopped: 0.0001318 seconds, Stopping threads took: 0.0000853 seconds
2016-06-21T17:57:54.059+0100: 155.119: Total time for which application threads were stopped: 0.0001642 seconds, Stopping threads took: 0.0000391 seconds
2016-06-21T17:57:54.060+0100: 155.119: Total time for which application threads were stopped: 0.0000430 seconds, Stopping threads took: 0.0000166 seconds
2016-06-21T17:57:54.060+0100: 155.120: Total time for which application threads were stopped: 0.0001165 seconds, Stopping threads took: 0.0000880 seconds
2016-06-21T17:57:54.062+0100: 155.122: Total time for which application threads were stopped: 0.0000525 seconds, Stopping threads took: 0.0000162 seconds
2016-06-21T17:57:54.062+0100: 155.122: Total time for which application threads were stopped: 0.0000339 seconds, Stopping threads took: 0.0000099 seconds
2016-06-21T17:57:54.063+0100: 155.122: Total time for which application threads were stopped: 0.0000549 seconds, Stopping threads took: 0.0000221 seconds
2016-06-21T17:57:54.066+0100: 155.126: Total time for which application threads were stopped: 0.0000608 seconds, Stopping threads took: 0.0000253 seconds
2016-06-21T17:57:54.066+0100: 155.126: Total time for which application threads were stopped: 0.0000379 seconds, Stopping threads took: 0.0000178 seconds
2016-06-21T17:57:54.066+0100: 155.126: Total time for which application threads were stopped: 0.0000391 seconds, Stopping threads took: 0.0000197 seconds
2016-06-21T17:57:54.066+0100: 155.126: Total time for which application threads were stopped: 0.0000383 seconds, Stopping threads took: 0.0000189 seconds
2016-06-21T17:57:54.067+0100: 155.127: Total time for which application threads were stopped: 0.0000426 seconds, Stopping threads took: 0.0000213 seconds
2016-06-21T17:57:54.067+0100: 155.127: Total time for which application threads were stopped: 0.0000233 seconds, Stopping threads took: 0.0000071 seconds
2016-06-21T17:57:54.067+0100: 155.127: Total time for which application threads were stopped: 0.0000233 seconds, Stopping threads took: 0.0000079 seconds
2016-06-21T17:57:54.067+0100: 155.127: Total time for which application threads were stopped: 0.0000229 seconds, Stopping threads took: 0.0000079 seconds
2016-06-21T17:57:54.067+0100: 155.127: Total time for which application threads were stopped: 0.0000213 seconds, Stopping threads took: 0.0000067 seconds
2016-06-21T17:57:54.067+0100: 155.127: Total time for which application threads were stopped: 0.0000225 seconds, Stopping threads took: 0.0000075 seconds
2016-06-21T17:57:54.067+0100: 155.127: Total time for which application threads were stopped: 0.0000426 seconds, Stopping threads took: 0.0000083 seconds
2016-06-21T17:57:54.067+0100: 155.127: Total time for which application threads were stopped: 0.0000237 seconds, Stopping threads took: 0.0000083 seconds
2016-06-21T17:57:54.067+0100: 155.127: Total time for which application threads were stopped: 0.0000221 seconds, Stopping threads took: 0.0000075 seconds
2016-06-21T17:57:54.067+0100: 155.127: Total time for which application threads were stopped: 0.0000221 seconds, Stopping threads took: 0.0000075 seconds
2016-06-21T17:57:54.067+0100: 155.127: Total time for which application threads were stopped: 0.0000308 seconds, Stopping threads took: 0.0000063 seconds
2016-06-21T17:57:54.067+0100: 155.127: Total time for which application threads were stopped: 0.0000324 seconds, Stopping threads took: 0.0000103 seconds
2016-06-21T17:57:54.067+0100: 155.127: Total time for which application threads were stopped: 0.0000999 seconds, Stopping threads took: 0.0000071 seconds
2016-06-21T17:57:54.082+0100: 155.142: Total time for which application threads were stopped: 0.0003111 seconds, Stopping threads took: 0.0000292 seconds
2016-06-21T17:57:54.205+0100: 155.265: Total time for which application threads were stopped: 0.0001240 seconds, Stopping threads took: 0.0000308 seconds
2016-06-21T17:57:54.205+0100: 155.265: Total time for which application threads were stopped: 0.0000612 seconds, Stopping threads took: 0.0000213 seconds
2016-06-21T17:57:54.223+0100: 155.283: Total time for which application threads were stopped: 0.0000936 seconds, Stopping threads took: 0.0000288 seconds
2016-06-21T17:57:54.400+0100: 155.459: Total time for which application threads were stopped: 0.0002898 seconds, Stopping threads took: 0.0000328 seconds
2016-06-21T17:57:54.438+0100: 155.498: Total time for which application threads were stopped: 0.0003075 seconds, Stopping threads took: 0.0000292 seconds
2016-06-21T17:57:54.513+0100: 155.572: Total time for which application threads were stopped: 0.0004145 seconds, Stopping threads took: 0.0000399 seconds
2016-06-21T17:57:54.667+0100: 155.727: Total time for which application threads were stopped: 0.0003411 seconds, Stopping threads took: 0.0000276 seconds
2016-06-21T17:57:54.668+0100: 155.727: Total time for which application threads were stopped: 0.0002759 seconds, Stopping threads took: 0.0000189 seconds
2016-06-21T17:57:54.862+0100: 155.922: Total time for which application threads were stopped: 0.0003569 seconds, Stopping threads took: 0.0000300 seconds
2016-06-21T17:57:54.918+0100: 155.977: Total time for which application threads were stopped: 0.0001022 seconds, Stopping threads took: 0.0000324 seconds
2016-06-21T17:57:54.941+0100: 156.000: Total time for which application threads were stopped: 0.0001105 seconds, Stopping threads took: 0.0000399 seconds
2016-06-21T17:57:54.941+0100: 156.000: Total time for which application threads were stopped: 0.0000659 seconds, Stopping threads took: 0.0000213 seconds
2016-06-21T17:57:54.941+0100: 156.001: Total time for which application threads were stopped: 0.0000588 seconds, Stopping threads took: 0.0000205 seconds
2016-06-21T17:57:54.941+0100: 156.001: Total time for which application threads were stopped: 0.0000529 seconds, Stopping threads took: 0.0000174 seconds
2016-06-21T17:57:54.942+0100: 156.001: Total time for which application threads were stopped: 0.0000766 seconds, Stopping threads took: 0.0000414 seconds
2016-06-21T17:57:54.942+0100: 156.001: Total time for which application threads were stopped: 0.0000580 seconds, Stopping threads took: 0.0000201 seconds
2016-06-21T17:57:54.942+0100: 156.001: Total time for which application threads were stopped: 0.0000537 seconds, Stopping threads took: 0.0000182 seconds
2016-06-21T17:57:54.942+0100: 156.001: Total time for which application threads were stopped: 0.0000549 seconds, Stopping threads took: 0.0000213 seconds
2016-06-21T17:57:54.942+0100: 156.001: Total time for which application threads were stopped: 0.0000529 seconds, Stopping threads took: 0.0000189 seconds
2016-06-21T17:57:54.942+0100: 156.002: Total time for which application threads were stopped: 0.0000608 seconds, Stopping threads took: 0.0000193 seconds
2016-06-21T17:57:54.942+0100: 156.002: Total time for which application threads were stopped: 0.0000529 seconds, Stopping threads took: 0.0000193 seconds
2016-06-21T17:57:54.942+0100: 156.002: Total time for which application threads were stopped: 0.0000517 seconds, Stopping threads took: 0.0000182 seconds
2016-06-21T17:57:54.942+0100: 156.002: Total time for which application threads were stopped: 0.0000509 seconds, Stopping threads took: 0.0000174 seconds
2016-06-21T17:57:54.943+0100: 156.003: Total time for which application threads were stopped: 0.0000513 seconds, Stopping threads took: 0.0000166 seconds
2016-06-21T17:57:54.944+0100: 156.004: Total time for which application threads were stopped: 0.0001208 seconds, Stopping threads took: 0.0000782 seconds
2016-06-21T17:57:54.944+0100: 156.004: Total time for which application threads were stopped: 0.0000553 seconds, Stopping threads took: 0.0000201 seconds
2016-06-21T17:57:54.944+0100: 156.004: Total time for which application threads were stopped: 0.0000565 seconds, Stopping threads took: 0.0000197 seconds
2016-06-21T17:57:54.945+0100: 156.004: Total time for which application threads were stopped: 0.0000537 seconds, Stopping threads took: 0.0000193 seconds
2016-06-21T17:57:54.945+0100: 156.004: Total time for which application threads were stopped: 0.0000529 seconds, Stopping threads took: 0.0000201 seconds
2016-06-21T17:57:54.945+0100: 156.004: Total time for which application threads were stopped: 0.0000632 seconds, Stopping threads took: 0.0000300 seconds
2016-06-21T17:57:54.945+0100: 156.004: Total time for which application threads were stopped: 0.0000505 seconds, Stopping threads took: 0.0000182 seconds
2016-06-21T17:57:54.945+0100: 156.005: Total time for which application threads were stopped: 0.0001405 seconds, Stopping threads took: 0.0000178 seconds
2016-06-21T17:57:54.945+0100: 156.005: Total time for which application threads were stopped: 0.0000711 seconds, Stopping threads took: 0.0000201 seconds
2016-06-21T17:57:54.949+0100: 156.008: Total time for which application threads were stopped: 0.0001674 seconds, Stopping threads took: 0.0000900 seconds
2016-06-21T17:57:54.949+0100: 156.008: Total time for which application threads were stopped: 0.0000446 seconds, Stopping threads took: 0.0000126 seconds
2016-06-21T17:57:54.949+0100: 156.008: Total time for which application threads were stopped: 0.0000592 seconds, Stopping threads took: 0.0000166 seconds
2016-06-21T17:57:54.949+0100: 156.009: Total time for which application threads were stopped: 0.0000442 seconds, Stopping threads took: 0.0000114 seconds
2016-06-21T17:57:54.949+0100: 156.009: Total time for which application threads were stopped: 0.0000442 seconds, Stopping threads took: 0.0000111 seconds
2016-06-21T17:57:54.950+0100: 156.010: Total time for which application threads were stopped: 0.0000738 seconds, Stopping threads took: 0.0000249 seconds
2016-06-21T17:57:54.950+0100: 156.010: Total time for which application threads were stopped: 0.0000509 seconds, Stopping threads took: 0.0000158 seconds
2016-06-21T17:57:54.953+0100: 156.013: Total time for which application threads were stopped: 0.0001058 seconds, Stopping threads took: 0.0000324 seconds
2016-06-21T17:57:54.956+0100: 156.015: Total time for which application threads were stopped: 0.0001093 seconds, Stopping threads took: 0.0000422 seconds
2016-06-21T17:57:54.956+0100: 156.015: Total time for which application threads were stopped: 0.0000592 seconds, Stopping threads took: 0.0000174 seconds
2016-06-21T17:57:54.956+0100: 156.015: Total time for which application threads were stopped: 0.0000462 seconds, Stopping threads took: 0.0000142 seconds
2016-06-21T17:57:54.956+0100: 156.016: Total time for which application threads were stopped: 0.0000754 seconds, Stopping threads took: 0.0000403 seconds
2016-06-21T17:57:54.956+0100: 156.016: Total time for which application threads were stopped: 0.0000553 seconds, Stopping threads took: 0.0000178 seconds
2016-06-21T17:57:54.956+0100: 156.016: Total time for which application threads were stopped: 0.0000612 seconds, Stopping threads took: 0.0000237 seconds
2016-06-21T17:57:54.956+0100: 156.016: Total time for which application threads were stopped: 0.0000533 seconds, Stopping threads took: 0.0000189 seconds
2016-06-21T17:57:54.957+0100: 156.016: Total time for which application threads were stopped: 0.0000651 seconds, Stopping threads took: 0.0000201 seconds
2016-06-21T17:57:54.957+0100: 156.017: Total time for which application threads were stopped: 0.0000568 seconds, Stopping threads took: 0.0000205 seconds
2016-06-21T17:57:54.957+0100: 156.017: Total time for which application threads were stopped: 0.0000565 seconds, Stopping threads took: 0.0000201 seconds
2016-06-21T17:57:54.957+0100: 156.017: Total time for which application threads were stopped: 0.0000576 seconds, Stopping threads took: 0.0000178 seconds
2016-06-21T17:57:54.957+0100: 156.017: Total time for which application threads were stopped: 0.0000497 seconds, Stopping threads took: 0.0000150 seconds
2016-06-21T17:57:54.958+0100: 156.018: Total time for which application threads were stopped: 0.0000703 seconds, Stopping threads took: 0.0000217 seconds
2016-06-21T17:57:54.958+0100: 156.018: Total time for which application threads were stopped: 0.0000817 seconds, Stopping threads took: 0.0000458 seconds
2016-06-21T17:57:54.959+0100: 156.019: Total time for which application threads were stopped: 0.0000557 seconds, Stopping threads took: 0.0000154 seconds
2016-06-21T17:57:54.959+0100: 156.019: Total time for which application threads were stopped: 0.0000525 seconds, Stopping threads took: 0.0000154 seconds
2016-06-21T17:57:54.960+0100: 156.020: Total time for which application threads were stopped: 0.0000549 seconds, Stopping threads took: 0.0000146 seconds
2016-06-21T17:57:54.960+0100: 156.020: Total time for which application threads were stopped: 0.0000478 seconds, Stopping threads took: 0.0000182 seconds
2016-06-21T17:57:54.971+0100: 156.030: Total time for which application threads were stopped: 0.0000943 seconds, Stopping threads took: 0.0000296 seconds
2016-06-21T17:57:54.971+0100: 156.030: Total time for which application threads were stopped: 0.0000486 seconds, Stopping threads took: 0.0000126 seconds
2016-06-21T17:57:54.973+0100: 156.032: Total time for which application threads were stopped: 0.0000825 seconds, Stopping threads took: 0.0000245 seconds
2016-06-21T17:57:54.973+0100: 156.032: Total time for which application threads were stopped: 0.0000493 seconds, Stopping threads took: 0.0000154 seconds
2016-06-21T17:57:54.973+0100: 156.033: Total time for which application threads were stopped: 0.0000549 seconds, Stopping threads took: 0.0000174 seconds
2016-06-21T17:57:54.973+0100: 156.033: Total time for which application threads were stopped: 0.0000533 seconds, Stopping threads took: 0.0000178 seconds
2016-06-21T17:57:54.995+0100: 156.055: Total time for which application threads were stopped: 0.0002207 seconds, Stopping threads took: 0.0000351 seconds
2016-06-21T17:57:55.099+0100: 156.158: Total time for which application threads were stopped: 0.0001575 seconds, Stopping threads took: 0.0000332 seconds
2016-06-21T17:57:55.099+0100: 156.158: Total time for which application threads were stopped: 0.0000596 seconds, Stopping threads took: 0.0000142 seconds
2016-06-21T17:57:55.110+0100: 156.170: Total time for which application threads were stopped: 0.0001129 seconds, Stopping threads took: 0.0000328 seconds
2016-06-21T17:57:55.110+0100: 156.170: Total time for which application threads were stopped: 0.0000734 seconds, Stopping threads took: 0.0000201 seconds
2016-06-21T17:57:55.110+0100: 156.170: Total time for which application threads were stopped: 0.0000501 seconds, Stopping threads took: 0.0000166 seconds
2016-06-21T17:57:55.111+0100: 156.170: Total time for which application threads were stopped: 0.0000541 seconds, Stopping threads took: 0.0000138 seconds
2016-06-21T17:57:55.111+0100: 156.170: Total time for which application threads were stopped: 0.0000588 seconds, Stopping threads took: 0.0000158 seconds
2016-06-21T17:57:55.111+0100: 156.170: Total time for which application threads were stopped: 0.0000462 seconds, Stopping threads took: 0.0000154 seconds
2016-06-21T17:57:55.111+0100: 156.171: Total time for which application threads were stopped: 0.0000454 seconds, Stopping threads took: 0.0000150 seconds
2016-06-21T17:57:55.111+0100: 156.171: Total time for which application threads were stopped: 0.0000438 seconds, Stopping threads took: 0.0000150 seconds
2016-06-21T17:57:55.111+0100: 156.171: Total time for which application threads were stopped: 0.0000509 seconds, Stopping threads took: 0.0000130 seconds
2016-06-21T17:57:55.111+0100: 156.171: Total time for which application threads were stopped: 0.0000403 seconds, Stopping threads took: 0.0000122 seconds
2016-06-21T17:57:55.111+0100: 156.171: Total time for which application threads were stopped: 0.0000561 seconds, Stopping threads took: 0.0000158 seconds
2016-06-21T17:57:55.111+0100: 156.171: Total time for which application threads were stopped: 0.0000533 seconds, Stopping threads took: 0.0000134 seconds
2016-06-21T17:57:55.111+0100: 156.171: Total time for which application threads were stopped: 0.0000872 seconds, Stopping threads took: 0.0000146 seconds
2016-06-21T17:57:55.111+0100: 156.171: Total time for which application threads were stopped: 0.0000438 seconds, Stopping threads took: 0.0000150 seconds
2016-06-21T17:57:55.111+0100: 156.171: Total time for which application threads were stopped: 0.0000505 seconds, Stopping threads took: 0.0000134 seconds
2016-06-21T17:57:55.112+0100: 156.171: Total time for which application threads were stopped: 0.0000442 seconds, Stopping threads took: 0.0000146 seconds
2016-06-21T17:57:55.112+0100: 156.171: Total time for which application threads were stopped: 0.0000557 seconds, Stopping threads took: 0.0000189 seconds
2016-06-21T17:57:55.112+0100: 156.171: Total time for which application threads were stopped: 0.0000786 seconds, Stopping threads took: 0.0000154 seconds
2016-06-21T17:57:55.112+0100: 156.171: Total time for which application threads were stopped: 0.0000454 seconds, Stopping threads took: 0.0000146 seconds
2016-06-21T17:57:55.112+0100: 156.172: Total time for which application threads were stopped: 0.0002605 seconds, Stopping threads took: 0.0000138 seconds
2016-06-21T17:57:55.149+0100: 156.209: Total time for which application threads were stopped: 0.0000876 seconds, Stopping threads took: 0.0000264 seconds
2016-06-21T17:57:55.435+0100: 156.494: Total time for which application threads were stopped: 0.0001350 seconds, Stopping threads took: 0.0000268 seconds
2016-06-21T17:57:55.463+0100: 156.523: Total time for which application threads were stopped: 0.0001133 seconds, Stopping threads took: 0.0000328 seconds
{Heap before GC invocations=3 (full 1):
 par new generation   total 109248K, used 102840K [0x00000000e0000000, 0x00000000e8000000, 0x00000000e8000000)
  eden space 87424K, 100% used [0x00000000e0000000, 0x00000000e5560000, 0x00000000e5560000)
  from space 21824K,  70% used [0x00000000e6ab0000, 0x00000000e79be210, 0x00000000e8000000)
  to   space 21824K,   0% used [0x00000000e5560000, 0x00000000e5560000, 0x00000000e6ab0000)
 concurrent mark-sweep generation total 393216K, used 0K [0x00000000e8000000, 0x0000000100000000, 0x0000000100000000)
 Metaspace       used 31606K, capacity 31974K, committed 32292K, reserved 1077248K
  class space    used 3718K, capacity 3840K, committed 3908K, reserved 1048576K
2016-06-21T17:57:55.523+0100: 156.582: [GC (Allocation Failure) 2016-06-21T17:57:55.523+0100: 156.582: [ParNew
Desired survivor size 20112992 bytes, new threshold 8 (max 8)
- age   1:   10473392 bytes,   10473392 total
- age   2:    1043568 bytes,   11516960 total
- age   3:    2484440 bytes,   14001400 total
- age   4:    2548696 bytes,   16550096 total
: 102840K->19395K(109248K), 0.0127625 secs] 102840K->19395K(502464K), 0.0129228 secs] [Times: user=0.06 sys=0.00, real=0.01 secs] 
Heap after GC invocations=4 (full 1):
 par new generation   total 109248K, used 19395K [0x00000000e0000000, 0x00000000e8000000, 0x00000000e8000000)
  eden space 87424K,   0% used [0x00000000e0000000, 0x00000000e0000000, 0x00000000e5560000)
  from space 21824K,  88% used [0x00000000e5560000, 0x00000000e6850df0, 0x00000000e6ab0000)
  to   space 21824K,   0% used [0x00000000e6ab0000, 0x00000000e6ab0000, 0x00000000e8000000)
 concurrent mark-sweep generation total 393216K, used 0K [0x00000000e8000000, 0x0000000100000000, 0x0000000100000000)
 Metaspace       used 31606K, capacity 31974K, committed 32292K, reserved 1077248K
  class space    used 3718K, capacity 3840K, committed 3908K, reserved 1048576K
}
2016-06-21T17:57:55.536+0100: 156.595: Total time for which application threads were stopped: 0.0131557 seconds, Stopping threads took: 0.0000272 seconds
2016-06-21T17:57:55.536+0100: 156.596: Total time for which application threads were stopped: 0.0000841 seconds, Stopping threads took: 0.0000276 seconds
2016-06-21T17:57:55.536+0100: 156.596: Total time for which application threads were stopped: 0.0000568 seconds, Stopping threads took: 0.0000245 seconds
2016-06-21T17:57:55.537+0100: 156.596: Total time for which application threads were stopped: 0.0000588 seconds, Stopping threads took: 0.0000233 seconds
2016-06-21T17:57:55.538+0100: 156.597: Total time for which application threads were stopped: 0.0000734 seconds, Stopping threads took: 0.0000257 seconds
2016-06-21T17:57:55.538+0100: 156.597: Total time for which application threads were stopped: 0.0000580 seconds, Stopping threads took: 0.0000229 seconds
2016-06-21T17:57:55.538+0100: 156.597: Total time for which application threads were stopped: 0.0000478 seconds, Stopping threads took: 0.0000178 seconds
2016-06-21T17:57:55.538+0100: 156.597: Total time for which application threads were stopped: 0.0000612 seconds, Stopping threads took: 0.0000253 seconds
2016-06-21T17:57:55.538+0100: 156.598: Total time for which application threads were stopped: 0.0001654 seconds, Stopping threads took: 0.0000454 seconds
2016-06-21T17:57:55.683+0100: 156.743: Total time for which application threads were stopped: 0.0000853 seconds, Stopping threads took: 0.0000237 seconds
2016-06-21T17:57:56.095+0100: 157.154: Total time for which application threads were stopped: 0.0004390 seconds, Stopping threads took: 0.0000245 seconds
2016-06-21T17:57:56.136+0100: 157.196: Total time for which application threads were stopped: 0.0000892 seconds, Stopping threads took: 0.0000237 seconds
2016-06-21T17:57:56.136+0100: 157.196: Total time for which application threads were stopped: 0.0000596 seconds, Stopping threads took: 0.0000174 seconds
2016-06-21T17:57:56.136+0100: 157.196: Total time for which application threads were stopped: 0.0000371 seconds, Stopping threads took: 0.0000118 seconds
2016-06-21T17:57:56.136+0100: 157.196: Total time for which application threads were stopped: 0.0000403 seconds, Stopping threads took: 0.0000083 seconds
2016-06-21T17:57:56.137+0100: 157.197: Total time for which application threads were stopped: 0.0000718 seconds, Stopping threads took: 0.0000182 seconds
2016-06-21T17:57:56.137+0100: 157.197: Total time for which application threads were stopped: 0.0000383 seconds, Stopping threads took: 0.0000091 seconds
2016-06-21T17:57:56.137+0100: 157.197: Total time for which application threads were stopped: 0.0000403 seconds, Stopping threads took: 0.0000091 seconds
2016-06-21T17:57:56.183+0100: 157.242: Total time for which application threads were stopped: 0.0000829 seconds, Stopping threads took: 0.0000268 seconds
2016-06-21T17:57:56.183+0100: 157.242: Total time for which application threads were stopped: 0.0000584 seconds, Stopping threads took: 0.0000225 seconds
2016-06-21T17:57:56.183+0100: 157.242: Total time for which application threads were stopped: 0.0000391 seconds, Stopping threads took: 0.0000122 seconds
2016-06-21T17:57:56.183+0100: 157.243: Total time for which application threads were stopped: 0.0000470 seconds, Stopping threads took: 0.0000174 seconds
2016-06-21T17:57:56.198+0100: 157.258: Total time for which application threads were stopped: 0.0003624 seconds, Stopping threads took: 0.0000193 seconds
2016-06-21T17:57:56.231+0100: 157.291: Total time for which application threads were stopped: 0.0001161 seconds, Stopping threads took: 0.0000233 seconds
2016-06-21T17:57:56.231+0100: 157.292: Total time for which application threads were stopped: 0.0000320 seconds, Stopping threads took: 0.0000079 seconds
2016-06-21T17:57:56.231+0100: 157.292: Total time for which application threads were stopped: 0.0000296 seconds, Stopping threads took: 0.0000071 seconds
2016-06-21T17:57:56.232+0100: 157.292: Total time for which application threads were stopped: 0.0000422 seconds, Stopping threads took: 0.0000095 seconds
2016-06-21T17:57:56.273+0100: 157.333: Total time for which application threads were stopped: 0.0000778 seconds, Stopping threads took: 0.0000186 seconds
{Heap before GC invocations=4 (full 1):
 par new generation   total 109248K, used 106819K [0x00000000e0000000, 0x00000000e8000000, 0x00000000e8000000)
  eden space 87424K, 100% used [0x00000000e0000000, 0x00000000e5560000, 0x00000000e5560000)
  from space 21824K,  88% used [0x00000000e5560000, 0x00000000e6850df0, 0x00000000e6ab0000)
  to   space 21824K,   0% used [0x00000000e6ab0000, 0x00000000e6ab0000, 0x00000000e8000000)
 concurrent mark-sweep generation total 393216K, used 0K [0x00000000e8000000, 0x0000000100000000, 0x0000000100000000)
 Metaspace       used 34217K, capacity 34588K, committed 35108K, reserved 1081344K
  class space    used 3947K, capacity 4069K, committed 4164K, reserved 1048576K
2016-06-21T17:57:57.152+0100: 158.212: [GC (Allocation Failure) 2016-06-21T17:57:57.152+0100: 158.212: [ParNew
Desired survivor size 20112992 bytes, new threshold 5 (max 8)
- age   1:   10503520 bytes,   10503520 total
- age   2:    5766808 bytes,   16270328 total
- age   3:    1041584 bytes,   17311912 total
- age   4:    2481032 bytes,   19792944 total
- age   5:    2548232 bytes,   22341176 total
: 106819K->21824K(109248K), 0.0386870 secs] 106819K->25807K(502464K), 0.0387707 secs] [Times: user=0.16 sys=0.03, real=0.04 secs] 
Heap after GC invocations=5 (full 1):
 par new generation   total 109248K, used 21824K [0x00000000e0000000, 0x00000000e8000000, 0x00000000e8000000)
  eden space 87424K,   0% used [0x00000000e0000000, 0x00000000e0000000, 0x00000000e5560000)
  from space 21824K, 100% used [0x00000000e6ab0000, 0x00000000e8000000, 0x00000000e8000000)
  to   space 21824K,   0% used [0x00000000e5560000, 0x00000000e5560000, 0x00000000e6ab0000)
 concurrent mark-sweep generation total 393216K, used 3983K [0x00000000e8000000, 0x0000000100000000, 0x0000000100000000)
 Metaspace       used 34217K, capacity 34588K, committed 35108K, reserved 1081344K
  class space    used 3947K, capacity 4069K, committed 4164K, reserved 1048576K
}
2016-06-21T17:57:57.191+0100: 158.251: Total time for which application threads were stopped: 0.0390364 seconds, Stopping threads took: 0.0000261 seconds
2016-06-21T17:57:57.192+0100: 158.251: Total time for which application threads were stopped: 0.0001228 seconds, Stopping threads took: 0.0000316 seconds
2016-06-21T17:57:57.192+0100: 158.251: Total time for which application threads were stopped: 0.0000801 seconds, Stopping threads took: 0.0000395 seconds
2016-06-21T17:57:57.192+0100: 158.252: Total time for which application threads were stopped: 0.0000790 seconds, Stopping threads took: 0.0000324 seconds
2016-06-21T17:57:57.192+0100: 158.252: Total time for which application threads were stopped: 0.0000549 seconds, Stopping threads took: 0.0000134 seconds
2016-06-21T17:57:57.193+0100: 158.252: Total time for which application threads were stopped: 0.0001038 seconds, Stopping threads took: 0.0000367 seconds
2016-06-21T17:57:57.193+0100: 158.252: Total time for which application threads were stopped: 0.0000529 seconds, Stopping threads took: 0.0000162 seconds
2016-06-21T17:57:57.193+0100: 158.252: Total time for which application threads were stopped: 0.0000509 seconds, Stopping threads took: 0.0000189 seconds
2016-06-21T17:57:57.193+0100: 158.252: Total time for which application threads were stopped: 0.0000703 seconds, Stopping threads took: 0.0000197 seconds
2016-06-21T17:57:57.193+0100: 158.252: Total time for which application threads were stopped: 0.0000422 seconds, Stopping threads took: 0.0000182 seconds
2016-06-21T17:57:57.193+0100: 158.252: Total time for which application threads were stopped: 0.0001192 seconds, Stopping threads took: 0.0000932 seconds
2016-06-21T17:57:57.193+0100: 158.253: Total time for which application threads were stopped: 0.0002467 seconds, Stopping threads took: 0.0002226 seconds
2016-06-21T17:57:57.193+0100: 158.253: Total time for which application threads were stopped: 0.0000379 seconds, Stopping threads took: 0.0000162 seconds
2016-06-21T17:57:57.193+0100: 158.253: Total time for which application threads were stopped: 0.0000312 seconds, Stopping threads took: 0.0000095 seconds
2016-06-21T17:57:57.193+0100: 158.253: Total time for which application threads were stopped: 0.0000470 seconds, Stopping threads took: 0.0000221 seconds
2016-06-21T17:57:57.194+0100: 158.253: Total time for which application threads were stopped: 0.0000497 seconds, Stopping threads took: 0.0000189 seconds
2016-06-21T17:57:57.194+0100: 158.253: Total time for which application threads were stopped: 0.0000320 seconds, Stopping threads took: 0.0000099 seconds
2016-06-21T17:57:57.194+0100: 158.253: Total time for which application threads were stopped: 0.0000351 seconds, Stopping threads took: 0.0000146 seconds
2016-06-21T17:57:57.194+0100: 158.253: Total time for which application threads were stopped: 0.0000363 seconds, Stopping threads took: 0.0000158 seconds
2016-06-21T17:57:57.194+0100: 158.253: Total time for which application threads were stopped: 0.0000383 seconds, Stopping threads took: 0.0000146 seconds
2016-06-21T17:57:57.194+0100: 158.253: Total time for which application threads were stopped: 0.0000450 seconds, Stopping threads took: 0.0000221 seconds
2016-06-21T17:57:57.194+0100: 158.253: Total time for which application threads were stopped: 0.0000446 seconds, Stopping threads took: 0.0000213 seconds
2016-06-21T17:57:57.194+0100: 158.253: Total time for which application threads were stopped: 0.0000734 seconds, Stopping threads took: 0.0000193 seconds
2016-06-21T17:57:57.194+0100: 158.254: Total time for which application threads were stopped: 0.0002684 seconds, Stopping threads took: 0.0002222 seconds
2016-06-21T17:57:57.194+0100: 158.254: Total time for which application threads were stopped: 0.0000450 seconds, Stopping threads took: 0.0000162 seconds
2016-06-21T17:57:57.194+0100: 158.254: Total time for which application threads were stopped: 0.0000920 seconds, Stopping threads took: 0.0000103 seconds
2016-06-21T17:57:57.202+0100: 158.261: Total time for which application threads were stopped: 0.0003691 seconds, Stopping threads took: 0.0000233 seconds
2016-06-21T17:57:57.263+0100: 158.323: Total time for which application threads were stopped: 0.0001658 seconds, Stopping threads took: 0.0000383 seconds
2016-06-21T17:57:57.263+0100: 158.323: Total time for which application threads were stopped: 0.0000651 seconds, Stopping threads took: 0.0000272 seconds
2016-06-21T17:57:57.263+0100: 158.323: Total time for which application threads were stopped: 0.0000545 seconds, Stopping threads took: 0.0000209 seconds
2016-06-21T17:57:57.397+0100: 158.456: Total time for which application threads were stopped: 0.0001599 seconds, Stopping threads took: 0.0000332 seconds
{Heap before GC invocations=5 (full 1):
 par new generation   total 109248K, used 109248K [0x00000000e0000000, 0x00000000e8000000, 0x00000000e8000000)
  eden space 87424K, 100% used [0x00000000e0000000, 0x00000000e5560000, 0x00000000e5560000)
  from space 21824K, 100% used [0x00000000e6ab0000, 0x00000000e8000000, 0x00000000e8000000)
  to   space 21824K,   0% used [0x00000000e5560000, 0x00000000e5560000, 0x00000000e6ab0000)
 concurrent mark-sweep generation total 393216K, used 3983K [0x00000000e8000000, 0x0000000100000000, 0x0000000100000000)
 Metaspace       used 34322K, capacity 34716K, committed 35108K, reserved 1081344K
  class space    used 3948K, capacity 4069K, committed 4164K, reserved 1048576K
2016-06-21T17:57:57.855+0100: 158.914: [GC (Allocation Failure) 2016-06-21T17:57:57.855+0100: 158.914: [ParNew
Desired survivor size 20112992 bytes, new threshold 8 (max 8)
- age   1:    1609848 bytes,    1609848 total
- age   2:    8525120 bytes,   10134968 total
- age   3:    5765288 bytes,   15900256 total
- age   4:    1041448 bytes,   16941704 total
- age   5:    2481032 bytes,   19422736 total
: 109248K->21824K(109248K), 0.0223089 secs] 113231K->28325K(502464K), 0.0224582 secs] [Times: user=0.13 sys=0.00, real=0.02 secs] 
Heap after GC invocations=6 (full 1):
 par new generation   total 109248K, used 21824K [0x00000000e0000000, 0x00000000e8000000, 0x00000000e8000000)
  eden space 87424K,   0% used [0x00000000e0000000, 0x00000000e0000000, 0x00000000e5560000)
  from space 21824K, 100% used [0x00000000e5560000, 0x00000000e6ab0000, 0x00000000e6ab0000)
  to   space 21824K,   0% used [0x00000000e6ab0000, 0x00000000e6ab0000, 0x00000000e8000000)
 concurrent mark-sweep generation total 393216K, used 6501K [0x00000000e8000000, 0x0000000100000000, 0x0000000100000000)
 Metaspace       used 34322K, capacity 34716K, committed 35108K, reserved 1081344K
  class space    used 3948K, capacity 4069K, committed 4164K, reserved 1048576K
}
2016-06-21T17:57:57.878+0100: 158.937: Total time for which application threads were stopped: 0.0227665 seconds, Stopping threads took: 0.0000411 seconds
2016-06-21T17:57:57.878+0100: 158.937: Total time for which application threads were stopped: 0.0001109 seconds, Stopping threads took: 0.0000434 seconds
2016-06-21T17:57:57.878+0100: 158.937: Total time for which application threads were stopped: 0.0000797 seconds, Stopping threads took: 0.0000150 seconds
2016-06-21T17:57:57.878+0100: 158.937: Total time for which application threads were stopped: 0.0000647 seconds, Stopping threads took: 0.0000241 seconds
2016-06-21T17:57:57.878+0100: 158.937: Total time for which application threads were stopped: 0.0001034 seconds, Stopping threads took: 0.0000636 seconds
{Heap before GC invocations=6 (full 1):
 par new generation   total 109248K, used 109248K [0x00000000e0000000, 0x00000000e8000000, 0x00000000e8000000)
  eden space 87424K, 100% used [0x00000000e0000000, 0x00000000e5560000, 0x00000000e5560000)
  from space 21824K, 100% used [0x00000000e5560000, 0x00000000e6ab0000, 0x00000000e6ab0000)
  to   space 21824K,   0% used [0x00000000e6ab0000, 0x00000000e6ab0000, 0x00000000e8000000)
 concurrent mark-sweep generation total 393216K, used 6501K [0x00000000e8000000, 0x0000000100000000, 0x0000000100000000)
 Metaspace       used 34393K, capacity 34740K, committed 35108K, reserved 1081344K
  class space    used 3951K, capacity 4073K, committed 4164K, reserved 1048576K
2016-06-21T17:57:58.398+0100: 159.458: [GC (Allocation Failure) 2016-06-21T17:57:58.398+0100: 159.458: [ParNew
Desired survivor size 20112992 bytes, new threshold 8 (max 8)
- age   1:    1281272 bytes,    1281272 total
- age   2:      81952 bytes,    1363224 total
- age   3:    8515872 bytes,    9879096 total
- age   4:    5764560 bytes,   15643656 total
- age   5:    1041448 bytes,   16685104 total
- age   6:    2481032 bytes,   19166136 total
: 109248K->21824K(109248K), 0.0174728 secs] 115749K->28335K(502464K), 0.0175687 secs] [Times: user=0.06 sys=0.00, real=0.02 secs] 
Heap after GC invocations=7 (full 1):
 par new generation   total 109248K, used 21824K [0x00000000e0000000, 0x00000000e8000000, 0x00000000e8000000)
  eden space 87424K,   0% used [0x00000000e0000000, 0x00000000e0000000, 0x00000000e5560000)
  from space 21824K, 100% used [0x00000000e6ab0000, 0x00000000e8000000, 0x00000000e8000000)
  to   space 21824K,   0% used [0x00000000e5560000, 0x00000000e5560000, 0x00000000e6ab0000)
 concurrent mark-sweep generation total 393216K, used 6511K [0x00000000e8000000, 0x0000000100000000, 0x0000000100000000)
 Metaspace       used 34393K, capacity 34740K, committed 35108K, reserved 1081344K
  class space    used 3951K, capacity 4073K, committed 4164K, reserved 1048576K
}
2016-06-21T17:57:58.416+0100: 159.475: Total time for which application threads were stopped: 0.0178584 seconds, Stopping threads took: 0.0000351 seconds
2016-06-21T17:57:58.425+0100: 159.485: Total time for which application threads were stopped: 0.0001125 seconds, Stopping threads took: 0.0000403 seconds
2016-06-21T17:57:58.425+0100: 159.485: Total time for which application threads were stopped: 0.0000513 seconds, Stopping threads took: 0.0000130 seconds
2016-06-21T17:57:58.425+0100: 159.485: Total time for which application threads were stopped: 0.0000497 seconds, Stopping threads took: 0.0000154 seconds
2016-06-21T17:57:58.426+0100: 159.486: Total time for which application threads were stopped: 0.0004129 seconds, Stopping threads took: 0.0003111 seconds
2016-06-21T17:57:59.427+0100: 160.486: Total time for which application threads were stopped: 0.0000821 seconds, Stopping threads took: 0.0000217 seconds
2016-06-21T17:57:59.787+0100: 160.847: Total time for which application threads were stopped: 0.0001066 seconds, Stopping threads took: 0.0000186 seconds
2016-06-21T17:57:59.787+0100: 160.847: Total time for which application threads were stopped: 0.0000466 seconds, Stopping threads took: 0.0000099 seconds
2016-06-21T17:57:59.788+0100: 160.847: Total time for which application threads were stopped: 0.0000422 seconds, Stopping threads took: 0.0000091 seconds
2016-06-21T17:57:59.788+0100: 160.847: Total time for which application threads were stopped: 0.0000470 seconds, Stopping threads took: 0.0000111 seconds
2016-06-21T17:58:00.425+0100: 161.485: Total time for which application threads were stopped: 0.0001279 seconds, Stopping threads took: 0.0000213 seconds
2016-06-21T17:58:00.425+0100: 161.485: Total time for which application threads were stopped: 0.0000505 seconds, Stopping threads took: 0.0000122 seconds
2016-06-21T17:58:00.426+0100: 161.486: Total time for which application threads were stopped: 0.0000486 seconds, Stopping threads took: 0.0000146 seconds
2016-06-21T17:58:00.426+0100: 161.486: Total time for which application threads were stopped: 0.0000486 seconds, Stopping threads took: 0.0000197 seconds
2016-06-21T17:58:00.433+0100: 161.493: Total time for which application threads were stopped: 0.0000797 seconds, Stopping threads took: 0.0000276 seconds
2016-06-21T17:58:00.433+0100: 161.493: Total time for which application threads were stopped: 0.0000387 seconds, Stopping threads took: 0.0000075 seconds
2016-06-21T17:58:00.433+0100: 161.493: Total time for which application threads were stopped: 0.0000367 seconds, Stopping threads took: 0.0000067 seconds
2016-06-21T17:58:00.433+0100: 161.493: Total time for which application threads were stopped: 0.0000489 seconds, Stopping threads took: 0.0000205 seconds
2016-06-21T17:58:00.505+0100: 161.565: Total time for which application threads were stopped: 0.0001899 seconds, Stopping threads took: 0.0000936 seconds
2016-06-21T17:58:00.505+0100: 161.565: Total time for which application threads were stopped: 0.0000667 seconds, Stopping threads took: 0.0000249 seconds
2016-06-21T17:58:00.505+0100: 161.565: Total time for which application threads were stopped: 0.0000632 seconds, Stopping threads took: 0.0000249 seconds
2016-06-21T17:58:00.513+0100: 161.573: Total time for which application threads were stopped: 0.0001090 seconds, Stopping threads took: 0.0000375 seconds
2016-06-21T17:58:00.513+0100: 161.573: Total time for which application threads were stopped: 0.0001780 seconds, Stopping threads took: 0.0000146 seconds
2016-06-21T17:58:00.513+0100: 161.573: Total time for which application threads were stopped: 0.0000955 seconds, Stopping threads took: 0.0000568 seconds
2016-06-21T17:58:00.513+0100: 161.573: Total time for which application threads were stopped: 0.0000734 seconds, Stopping threads took: 0.0000233 seconds
2016-06-21T17:58:01.514+0100: 162.573: Total time for which application threads were stopped: 0.0001358 seconds, Stopping threads took: 0.0000261 seconds
{Heap before GC invocations=7 (full 1):
 par new generation   total 109248K, used 109248K [0x00000000e0000000, 0x00000000e8000000, 0x00000000e8000000)
  eden space 87424K, 100% used [0x00000000e0000000, 0x00000000e5560000, 0x00000000e5560000)
  from space 21824K, 100% used [0x00000000e6ab0000, 0x00000000e8000000, 0x00000000e8000000)
  to   space 21824K,   0% used [0x00000000e5560000, 0x00000000e5560000, 0x00000000e6ab0000)
 concurrent mark-sweep generation total 393216K, used 6511K [0x00000000e8000000, 0x0000000100000000, 0x0000000100000000)
 Metaspace       used 34984K, capacity 35360K, committed 35876K, reserved 1081344K
  class space    used 3989K, capacity 4107K, committed 4164K, reserved 1048576K
2016-06-21T17:58:04.282+0100: 165.342: [GC (Allocation Failure) 2016-06-21T17:58:04.282+0100: 165.342: [ParNew
Desired survivor size 20112992 bytes, new threshold 7 (max 8)
- age   1:    5197216 bytes,    5197216 total
- age   2:      61744 bytes,    5258960 total
- age   3:      78880 bytes,    5337840 total
- age   4:    7456304 bytes,   12794144 total
- age   5:    5760432 bytes,   18554576 total
- age   6:    1040008 bytes,   19594584 total
- age   7:    2416152 bytes,   22010736 total
: 109248K->21824K(109248K), 0.0222371 secs] 115759K->30825K(502464K), 0.0223338 secs] [Times: user=0.06 sys=0.00, real=0.02 secs] 
Heap after GC invocations=8 (full 1):
 par new generation   total 109248K, used 21824K [0x00000000e0000000, 0x00000000e8000000, 0x00000000e8000000)
  eden space 87424K,   0% used [0x00000000e0000000, 0x00000000e0000000, 0x00000000e5560000)
  from space 21824K, 100% used [0x00000000e5560000, 0x00000000e6ab0000, 0x00000000e6ab0000)
  to   space 21824K,   0% used [0x00000000e6ab0000, 0x00000000e6ab0000, 0x00000000e8000000)
 concurrent mark-sweep generation total 393216K, used 9001K [0x00000000e8000000, 0x0000000100000000, 0x0000000100000000)
 Metaspace       used 34984K, capacity 35360K, committed 35876K, reserved 1081344K
  class space    used 3989K, capacity 4107K, committed 4164K, reserved 1048576K
}
2016-06-21T17:58:04.305+0100: 165.365: Total time for which application threads were stopped: 0.0226101 seconds, Stopping threads took: 0.0000355 seconds
2016-06-21T17:58:04.305+0100: 165.365: Total time for which application threads were stopped: 0.0001082 seconds, Stopping threads took: 0.0000375 seconds
2016-06-21T17:58:04.306+0100: 165.366: Total time for which application threads were stopped: 0.0000489 seconds, Stopping threads took: 0.0000126 seconds
2016-06-21T17:58:04.306+0100: 165.366: Total time for which application threads were stopped: 0.0000470 seconds, Stopping threads took: 0.0000126 seconds
2016-06-21T17:58:04.306+0100: 165.366: Total time for which application threads were stopped: 0.0000446 seconds, Stopping threads took: 0.0000118 seconds
2016-06-21T17:58:04.306+0100: 165.366: Total time for which application threads were stopped: 0.0000529 seconds, Stopping threads took: 0.0000170 seconds
2016-06-21T17:58:04.306+0100: 165.366: Total time for which application threads were stopped: 0.0000545 seconds, Stopping threads took: 0.0000201 seconds
2016-06-21T17:58:04.306+0100: 165.366: Total time for which application threads were stopped: 0.0000418 seconds, Stopping threads took: 0.0000114 seconds
2016-06-21T17:58:04.306+0100: 165.366: Total time for which application threads were stopped: 0.0000422 seconds, Stopping threads took: 0.0000107 seconds
2016-06-21T17:58:04.306+0100: 165.366: Total time for which application threads were stopped: 0.0000462 seconds, Stopping threads took: 0.0000118 seconds
2016-06-21T17:58:04.306+0100: 165.366: Total time for which application threads were stopped: 0.0000418 seconds, Stopping threads took: 0.0000107 seconds
2016-06-21T17:58:04.306+0100: 165.366: Total time for which application threads were stopped: 0.0000659 seconds, Stopping threads took: 0.0000221 seconds
2016-06-21T17:58:04.306+0100: 165.366: Total time for which application threads were stopped: 0.0000549 seconds, Stopping threads took: 0.0000209 seconds
2016-06-21T17:58:04.306+0100: 165.366: Total time for which application threads were stopped: 0.0000505 seconds, Stopping threads took: 0.0000178 seconds
2016-06-21T17:58:04.306+0100: 165.366: Total time for which application threads were stopped: 0.0000565 seconds, Stopping threads took: 0.0000221 seconds
2016-06-21T17:58:04.307+0100: 165.367: Total time for which application threads were stopped: 0.0000497 seconds, Stopping threads took: 0.0000130 seconds
2016-06-21T17:58:04.307+0100: 165.367: Total time for which application threads were stopped: 0.0000430 seconds, Stopping threads took: 0.0000114 seconds
2016-06-21T17:58:04.307+0100: 165.367: Total time for which application threads were stopped: 0.0000545 seconds, Stopping threads took: 0.0000205 seconds
2016-06-21T17:58:04.307+0100: 165.367: Total time for which application threads were stopped: 0.0001484 seconds, Stopping threads took: 0.0000158 seconds
2016-06-21T17:58:04.307+0100: 165.367: Total time for which application threads were stopped: 0.0000521 seconds, Stopping threads took: 0.0000142 seconds
2016-06-21T17:58:04.307+0100: 165.367: Total time for which application threads were stopped: 0.0000430 seconds, Stopping threads took: 0.0000114 seconds
2016-06-21T17:58:04.307+0100: 165.367: Total time for which application threads were stopped: 0.0000438 seconds, Stopping threads took: 0.0000118 seconds
2016-06-21T17:58:04.307+0100: 165.367: Total time for which application threads were stopped: 0.0000497 seconds, Stopping threads took: 0.0000138 seconds
2016-06-21T17:58:04.449+0100: 165.508: Total time for which application threads were stopped: 0.0001413 seconds, Stopping threads took: 0.0000308 seconds
2016-06-21T17:58:04.458+0100: 165.517: Total time for which application threads were stopped: 0.0000936 seconds, Stopping threads took: 0.0000264 seconds
{Heap before GC invocations=8 (full 1):
 par new generation   total 109248K, used 109248K [0x00000000e0000000, 0x00000000e8000000, 0x00000000e8000000)
  eden space 87424K, 100% used [0x00000000e0000000, 0x00000000e5560000, 0x00000000e5560000)
  from space 21824K, 100% used [0x00000000e5560000, 0x00000000e6ab0000, 0x00000000e6ab0000)
  to   space 21824K,   0% used [0x00000000e6ab0000, 0x00000000e6ab0000, 0x00000000e8000000)
 concurrent mark-sweep generation total 393216K, used 9001K [0x00000000e8000000, 0x0000000100000000, 0x0000000100000000)
 Metaspace       used 35210K, capacity 35648K, committed 36132K, reserved 1081344K
  class space    used 4012K, capacity 4139K, committed 4164K, reserved 1048576K
2016-06-21T17:58:04.749+0100: 165.809: [GC (Allocation Failure) 2016-06-21T17:58:04.749+0100: 165.809: [ParNew
Desired survivor size 20112992 bytes, new threshold 6 (max 8)
- age   1:    4318080 bytes,    4318080 total
- age   2:    4055456 bytes,    8373536 total
- age   3:      59176 bytes,    8432712 total
- age   4:      78672 bytes,    8511384 total
- age   5:    7393992 bytes,   15905376 total
- age   6:    5389256 bytes,   21294632 total
- age   7:    1009224 bytes,   22303856 total
: 109248K->21824K(109248K), 0.0299925 secs] 118249K->46667K(502464K), 0.0300912 secs] [Times: user=0.06 sys=0.00, real=0.03 secs] 
Heap after GC invocations=9 (full 1):
 par new generation   total 109248K, used 21824K [0x00000000e0000000, 0x00000000e8000000, 0x00000000e8000000)
  eden space 87424K,   0% used [0x00000000e0000000, 0x00000000e0000000, 0x00000000e5560000)
  from space 21824K, 100% used [0x00000000e6ab0000, 0x00000000e8000000, 0x00000000e8000000)
  to   space 21824K,   0% used [0x00000000e5560000, 0x00000000e5560000, 0x00000000e6ab0000)
 concurrent mark-sweep generation total 393216K, used 24843K [0x00000000e8000000, 0x0000000100000000, 0x0000000100000000)
 Metaspace       used 35210K, capacity 35648K, committed 36132K, reserved 1081344K
  class space    used 4012K, capacity 4139K, committed 4164K, reserved 1048576K
}
2016-06-21T17:58:04.779+0100: 165.839: Total time for which application threads were stopped: 0.0303707 seconds, Stopping threads took: 0.0000316 seconds
2016-06-21T17:58:04.780+0100: 165.839: Total time for which application threads were stopped: 0.0001480 seconds, Stopping threads took: 0.0000501 seconds
2016-06-21T17:58:04.780+0100: 165.839: Total time for which application threads were stopped: 0.0000975 seconds, Stopping threads took: 0.0000170 seconds
2016-06-21T17:58:04.780+0100: 165.839: Total time for which application threads were stopped: 0.0000837 seconds, Stopping threads took: 0.0000162 seconds
2016-06-21T17:58:04.780+0100: 165.839: Total time for which application threads were stopped: 0.0000640 seconds, Stopping threads took: 0.0000138 seconds
2016-06-21T17:58:04.780+0100: 165.839: Total time for which application threads were stopped: 0.0000632 seconds, Stopping threads took: 0.0000150 seconds
2016-06-21T17:58:04.780+0100: 165.840: Total time for which application threads were stopped: 0.0000620 seconds, Stopping threads took: 0.0000142 seconds
2016-06-21T17:58:04.780+0100: 165.840: Total time for which application threads were stopped: 0.0000632 seconds, Stopping threads took: 0.0000150 seconds
2016-06-21T17:58:04.780+0100: 165.840: Total time for which application threads were stopped: 0.0000640 seconds, Stopping threads took: 0.0000134 seconds
2016-06-21T17:58:04.781+0100: 165.840: Total time for which application threads were stopped: 0.0000861 seconds, Stopping threads took: 0.0000245 seconds
2016-06-21T17:58:04.781+0100: 165.840: Total time for which application threads were stopped: 0.0000845 seconds, Stopping threads took: 0.0000178 seconds
2016-06-21T17:58:04.781+0100: 165.840: Total time for which application threads were stopped: 0.0003225 seconds, Stopping threads took: 0.0002605 seconds
2016-06-21T17:58:04.781+0100: 165.841: Total time for which application threads were stopped: 0.0003213 seconds, Stopping threads took: 0.0002582 seconds
2016-06-21T17:58:04.781+0100: 165.841: Total time for which application threads were stopped: 0.0000628 seconds, Stopping threads took: 0.0000146 seconds
2016-06-21T17:58:04.782+0100: 165.841: Total time for which application threads were stopped: 0.0000612 seconds, Stopping threads took: 0.0000134 seconds
2016-06-21T17:58:04.782+0100: 165.841: Total time for which application threads were stopped: 0.0001615 seconds, Stopping threads took: 0.0000197 seconds
{Heap before GC invocations=9 (full 1):
 par new generation   total 109248K, used 109248K [0x00000000e0000000, 0x00000000e8000000, 0x00000000e8000000)
  eden space 87424K, 100% used [0x00000000e0000000, 0x00000000e5560000, 0x00000000e5560000)
  from space 21824K, 100% used [0x00000000e6ab0000, 0x00000000e8000000, 0x00000000e8000000)
  to   space 21824K,   0% used [0x00000000e5560000, 0x00000000e5560000, 0x00000000e6ab0000)
 concurrent mark-sweep generation total 393216K, used 24843K [0x00000000e8000000, 0x0000000100000000, 0x0000000100000000)
 Metaspace       used 35227K, capacity 35648K, committed 36132K, reserved 1081344K
  class space    used 4012K, capacity 4139K, committed 4164K, reserved 1048576K
2016-06-21T17:58:05.187+0100: 166.246: [GC (Allocation Failure) 2016-06-21T17:58:05.187+0100: 166.246: [ParNew
Desired survivor size 20112992 bytes, new threshold 8 (max 8)
- age   1:    1355280 bytes,    1355280 total
- age   2:    2834328 bytes,    4189608 total
- age   3:    3905576 bytes,    8095184 total
- age   4:      59176 bytes,    8154360 total
- age   5:      78608 bytes,    8232968 total
- age   6:    7339096 bytes,   15572064 total
: 109248K->21824K(109248K), 0.0237328 secs] 134091K->54792K(502464K), 0.0238252 secs] [Times: user=0.06 sys=0.00, real=0.02 secs] 
Heap after GC invocations=10 (full 1):
 par new generation   total 109248K, used 21824K [0x00000000e0000000, 0x00000000e8000000, 0x00000000e8000000)
  eden space 87424K,   0% used [0x00000000e0000000, 0x00000000e0000000, 0x00000000e5560000)
  from space 21824K, 100% used [0x00000000e5560000, 0x00000000e6ab0000, 0x00000000e6ab0000)
  to   space 21824K,   0% used [0x00000000e6ab0000, 0x00000000e6ab0000, 0x00000000e8000000)
 concurrent mark-sweep generation total 393216K, used 32968K [0x00000000e8000000, 0x0000000100000000, 0x0000000100000000)
 Metaspace       used 35227K, capacity 35648K, committed 36132K, reserved 1081344K
  class space    used 4012K, capacity 4139K, committed 4164K, reserved 1048576K
}
2016-06-21T17:58:05.211+0100: 166.270: Total time for which application threads were stopped: 0.0240838 seconds, Stopping threads took: 0.0000363 seconds
{Heap before GC invocations=10 (full 1):
 par new generation   total 109248K, used 109248K [0x00000000e0000000, 0x00000000e8000000, 0x00000000e8000000)
  eden space 87424K, 100% used [0x00000000e0000000, 0x00000000e5560000, 0x00000000e5560000)
  from space 21824K, 100% used [0x00000000e5560000, 0x00000000e6ab0000, 0x00000000e6ab0000)
  to   space 21824K,   0% used [0x00000000e6ab0000, 0x00000000e6ab0000, 0x00000000e8000000)
 concurrent mark-sweep generation total 393216K, used 32968K [0x00000000e8000000, 0x0000000100000000, 0x0000000100000000)
 Metaspace       used 35247K, capacity 35648K, committed 36132K, reserved 1081344K
  class space    used 4012K, capacity 4139K, committed 4164K, reserved 1048576K
2016-06-21T17:58:05.504+0100: 166.564: [GC (Allocation Failure) 2016-06-21T17:58:05.505+0100: 166.564: [ParNew
Desired survivor size 20112992 bytes, new threshold 8 (max 8)
- age   1:    1980704 bytes,    1980704 total
- age   2:     382832 bytes,    2363536 total
- age   3:    2802488 bytes,    5166024 total
- age   4:    3905576 bytes,    9071600 total
- age   5:      59176 bytes,    9130776 total
- age   6:      78608 bytes,    9209384 total
- age   7:    7339240 bytes,   16548624 total
: 109248K->21824K(109248K), 0.0138291 secs] 142216K->54792K(502464K), 0.0139247 secs] [Times: user=0.06 sys=0.00, real=0.01 secs] 
Heap after GC invocations=11 (full 1):
 par new generation   total 109248K, used 21824K [0x00000000e0000000, 0x00000000e8000000, 0x00000000e8000000)
  eden space 87424K,   0% used [0x00000000e0000000, 0x00000000e0000000, 0x00000000e5560000)
  from space 21824K, 100% used [0x00000000e6ab0000, 0x00000000e8000000, 0x00000000e8000000)
  to   space 21824K,   0% used [0x00000000e5560000, 0x00000000e5560000, 0x00000000e6ab0000)
 concurrent mark-sweep generation total 393216K, used 32968K [0x00000000e8000000, 0x0000000100000000, 0x0000000100000000)
 Metaspace       used 35247K, capacity 35648K, committed 36132K, reserved 1081344K
  class space    used 4012K, capacity 4139K, committed 4164K, reserved 1048576K
}
2016-06-21T17:58:05.518+0100: 166.578: Total time for which application threads were stopped: 0.0141663 seconds, Stopping threads took: 0.0000304 seconds
{Heap before GC invocations=11 (full 1):
 par new generation   total 109248K, used 109248K [0x00000000e0000000, 0x00000000e8000000, 0x00000000e8000000)
  eden space 87424K, 100% used [0x00000000e0000000, 0x00000000e5560000, 0x00000000e5560000)
  from space 21824K, 100% used [0x00000000e6ab0000, 0x00000000e8000000, 0x00000000e8000000)
  to   space 21824K,   0% used [0x00000000e5560000, 0x00000000e5560000, 0x00000000e6ab0000)
 concurrent mark-sweep generation total 393216K, used 32968K [0x00000000e8000000, 0x0000000100000000, 0x0000000100000000)
 Metaspace       used 35286K, capacity 35648K, committed 36132K, reserved 1081344K
  class space    used 4013K, capacity 4139K, committed 4164K, reserved 1048576K
2016-06-21T17:58:05.765+0100: 166.824: [GC (Allocation Failure) 2016-06-21T17:58:05.765+0100: 166.824: [ParNew
Desired survivor size 20112992 bytes, new threshold 8 (max 8)
- age   1:    1289888 bytes,    1289888 total
- age   2:    1507248 bytes,    2797136 total
- age   3:     382832 bytes,    3179968 total
- age   4:    2865664 bytes,    6045632 total
- age   5:    3905576 bytes,    9951208 total
- age   6:      59176 bytes,   10010384 total
- age   7:      78608 bytes,   10088992 total
- age   8:    7339096 bytes,   17428088 total
: 109248K->20552K(109248K), 0.0140984 secs] 142216K->53520K(502464K), 0.0141813 secs] [Times: user=0.00 sys=0.00, real=0.01 secs] 
Heap after GC invocations=12 (full 1):
 par new generation   total 109248K, used 20552K [0x00000000e0000000, 0x00000000e8000000, 0x00000000e8000000)
  eden space 87424K,   0% used [0x00000000e0000000, 0x00000000e0000000, 0x00000000e5560000)
  from space 21824K,  94% used [0x00000000e5560000, 0x00000000e6972190, 0x00000000e6ab0000)
  to   space 21824K,   0% used [0x00000000e6ab0000, 0x00000000e6ab0000, 0x00000000e8000000)
 concurrent mark-sweep generation total 393216K, used 32968K [0x00000000e8000000, 0x0000000100000000, 0x0000000100000000)
 Metaspace       used 35286K, capacity 35648K, committed 36132K, reserved 1081344K
  class space    used 4013K, capacity 4139K, committed 4164K, reserved 1048576K
}
2016-06-21T17:58:05.779+0100: 166.839: Total time for which application threads were stopped: 0.0143952 seconds, Stopping threads took: 0.0000229 seconds
{Heap before GC invocations=12 (full 1):
 par new generation   total 109248K, used 107976K [0x00000000e0000000, 0x00000000e8000000, 0x00000000e8000000)
  eden space 87424K, 100% used [0x00000000e0000000, 0x00000000e5560000, 0x00000000e5560000)
  from space 21824K,  94% used [0x00000000e5560000, 0x00000000e6972190, 0x00000000e6ab0000)
  to   space 21824K,   0% used [0x00000000e6ab0000, 0x00000000e6ab0000, 0x00000000e8000000)
 concurrent mark-sweep generation total 393216K, used 32968K [0x00000000e8000000, 0x0000000100000000, 0x0000000100000000)
 Metaspace       used 35312K, capacity 35712K, committed 36132K, reserved 1081344K
  class space    used 4013K, capacity 4139K, committed 4164K, reserved 1048576K
2016-06-21T17:58:05.977+0100: 167.037: [GC (Allocation Failure) 2016-06-21T17:58:05.977+0100: 167.037: [ParNew
Desired survivor size 20112992 bytes, new threshold 8 (max 8)
- age   1:    1326984 bytes,    1326984 total
- age   2:     786960 bytes,    2113944 total
- age   3:    1507248 bytes,    3621192 total
- age   4:     382832 bytes,    4004024 total
- age   5:    2802488 bytes,    6806512 total
- age   6:    3905576 bytes,   10712088 total
- age   7:      59176 bytes,   10771264 total
- age   8:      78608 bytes,   10849872 total
: 107976K->21593K(109248K), 0.0214803 secs] 140944K->62258K(502464K), 0.0215613 secs] [Times: user=0.09 sys=0.00, real=0.02 secs] 
Heap after GC invocations=13 (full 1):
 par new generation   total 109248K, used 21593K [0x00000000e0000000, 0x00000000e8000000, 0x00000000e8000000)
  eden space 87424K,   0% used [0x00000000e0000000, 0x00000000e0000000, 0x00000000e5560000)
  from space 21824K,  98% used [0x00000000e6ab0000, 0x00000000e7fc6710, 0x00000000e8000000)
  to   space 21824K,   0% used [0x00000000e5560000, 0x00000000e5560000, 0x00000000e6ab0000)
 concurrent mark-sweep generation total 393216K, used 40664K [0x00000000e8000000, 0x0000000100000000, 0x0000000100000000)
 Metaspace       used 35312K, capacity 35712K, committed 36132K, reserved 1081344K
  class space    used 4013K, capacity 4139K, committed 4164K, reserved 1048576K
}
2016-06-21T17:58:05.999+0100: 167.058: Total time for which application threads were stopped: 0.0217811 seconds, Stopping threads took: 0.0000264 seconds
2016-06-21T17:58:06.762+0100: 167.821: Total time for which application threads were stopped: 0.0001184 seconds, Stopping threads took: 0.0000261 seconds
2016-06-21T17:58:07.019+0100: 168.079: Total time for which application threads were stopped: 0.0001587 seconds, Stopping threads took: 0.0000249 seconds
2016-06-21T17:58:07.019+0100: 168.079: Total time for which application threads were stopped: 0.0000478 seconds, Stopping threads took: 0.0000107 seconds
2016-06-21T17:58:07.019+0100: 168.079: Total time for which application threads were stopped: 0.0000600 seconds, Stopping threads took: 0.0000134 seconds
2016-06-21T17:58:07.022+0100: 168.082: Total time for which application threads were stopped: 0.0004488 seconds, Stopping threads took: 0.0000146 seconds
2016-06-21T17:58:07.048+0100: 168.108: Total time for which application threads were stopped: 0.0000734 seconds, Stopping threads took: 0.0000197 seconds
2016-06-21T17:58:07.049+0100: 168.109: Total time for which application threads were stopped: 0.0000454 seconds, Stopping threads took: 0.0000118 seconds
2016-06-21T17:58:07.049+0100: 168.109: Total time for which application threads were stopped: 0.0000501 seconds, Stopping threads took: 0.0000114 seconds
2016-06-21T17:58:07.062+0100: 168.122: Total time for which application threads were stopped: 0.0000983 seconds, Stopping threads took: 0.0000280 seconds
2016-06-21T17:58:07.069+0100: 168.129: Total time for which application threads were stopped: 0.0005084 seconds, Stopping threads took: 0.0000264 seconds
2016-06-21T17:58:07.098+0100: 168.157: Total time for which application threads were stopped: 0.0001338 seconds, Stopping threads took: 0.0000347 seconds
{Heap before GC invocations=13 (full 1):
 par new generation   total 109248K, used 109017K [0x00000000e0000000, 0x00000000e8000000, 0x00000000e8000000)
  eden space 87424K, 100% used [0x00000000e0000000, 0x00000000e5560000, 0x00000000e5560000)
  from space 21824K,  98% used [0x00000000e6ab0000, 0x00000000e7fc6710, 0x00000000e8000000)
  to   space 21824K,   0% used [0x00000000e5560000, 0x00000000e5560000, 0x00000000e6ab0000)
 concurrent mark-sweep generation total 393216K, used 40664K [0x00000000e8000000, 0x0000000100000000, 0x0000000100000000)
 Metaspace       used 38603K, capacity 38976K, committed 39332K, reserved 1083392K
  class space    used 4363K, capacity 4459K, committed 4548K, reserved 1048576K
2016-06-21T17:58:07.502+0100: 168.562: [GC (Allocation Failure) 2016-06-21T17:58:07.502+0100: 168.562: [ParNew
Desired survivor size 20112992 bytes, new threshold 8 (max 8)
- age   1:   11230720 bytes,   11230720 total
- age   2:      33736 bytes,   11264456 total
- age   3:      32560 bytes,   11297016 total
- age   4:      20768 bytes,   11317784 total
- age   5:       9304 bytes,   11327088 total
- age   6:     317208 bytes,   11644296 total
- age   7:     168504 bytes,   11812800 total
- age   8:      59040 bytes,   11871840 total
: 109017K->13507K(109248K), 0.0088935 secs] 149682K->54248K(502464K), 0.0089752 secs] [Times: user=0.00 sys=0.00, real=0.01 secs] 
Heap after GC invocations=14 (full 1):
 par new generation   total 109248K, used 13507K [0x00000000e0000000, 0x00000000e8000000, 0x00000000e8000000)
  eden space 87424K,   0% used [0x00000000e0000000, 0x00000000e0000000, 0x00000000e5560000)
  from space 21824K,  61% used [0x00000000e5560000, 0x00000000e6290ea0, 0x00000000e6ab0000)
  to   space 21824K,   0% used [0x00000000e6ab0000, 0x00000000e6ab0000, 0x00000000e8000000)
 concurrent mark-sweep generation total 393216K, used 40741K [0x00000000e8000000, 0x0000000100000000, 0x0000000100000000)
 Metaspace       used 38603K, capacity 38976K, committed 39332K, reserved 1083392K
  class space    used 4363K, capacity 4459K, committed 4548K, reserved 1048576K
}
2016-06-21T17:58:07.511+0100: 168.571: Total time for which application threads were stopped: 0.0092085 seconds, Stopping threads took: 0.0000193 seconds
2016-06-21T17:58:07.512+0100: 168.571: Total time for which application threads were stopped: 0.0000813 seconds, Stopping threads took: 0.0000300 seconds
2016-06-21T17:58:07.512+0100: 168.571: Total time for which application threads were stopped: 0.0000470 seconds, Stopping threads took: 0.0000134 seconds
2016-06-21T17:58:07.512+0100: 168.572: Total time for which application threads were stopped: 0.0000541 seconds, Stopping threads took: 0.0000217 seconds
2016-06-21T17:58:07.512+0100: 168.572: Total time for which application threads were stopped: 0.0000533 seconds, Stopping threads took: 0.0000296 seconds
2016-06-21T17:58:08.075+0100: 169.135: Total time for which application threads were stopped: 0.0001172 seconds, Stopping threads took: 0.0000186 seconds
2016-06-21T17:58:09.076+0100: 170.135: Total time for which application threads were stopped: 0.0001243 seconds, Stopping threads took: 0.0000233 seconds
2016-06-21T17:58:09.383+0100: 170.443: Total time for which application threads were stopped: 0.0001145 seconds, Stopping threads took: 0.0000411 seconds
2016-06-21T17:58:10.384+0100: 171.443: Total time for which application threads were stopped: 0.0000730 seconds, Stopping threads took: 0.0000213 seconds
2016-06-21T17:58:11.384+0100: 172.443: Total time for which application threads were stopped: 0.0000940 seconds, Stopping threads took: 0.0000225 seconds
2016-06-21T17:58:12.385+0100: 173.444: Total time for which application threads were stopped: 0.0000963 seconds, Stopping threads took: 0.0000257 seconds
2016-06-21T17:58:13.385+0100: 174.444: Total time for which application threads were stopped: 0.0001259 seconds, Stopping threads took: 0.0000249 seconds
2016-06-21T17:58:14.386+0100: 175.445: Total time for which application threads were stopped: 0.0000762 seconds, Stopping threads took: 0.0000233 seconds
2016-06-21T17:58:15.386+0100: 176.445: Total time for which application threads were stopped: 0.0000722 seconds, Stopping threads took: 0.0000201 seconds
2016-06-21T17:58:16.234+0100: 177.294: Total time for which application threads were stopped: 0.0001026 seconds, Stopping threads took: 0.0000276 seconds
2016-06-21T17:58:16.234+0100: 177.294: Total time for which application threads were stopped: 0.0000947 seconds, Stopping threads took: 0.0000312 seconds
2016-06-21T17:58:16.284+0100: 177.344: Total time for which application threads were stopped: 0.0001208 seconds, Stopping threads took: 0.0000324 seconds
2016-06-21T17:58:16.685+0100: 177.745: Total time for which application threads were stopped: 0.0001500 seconds, Stopping threads took: 0.0000276 seconds
{Heap before GC invocations=14 (full 1):
 par new generation   total 109248K, used 100931K [0x00000000e0000000, 0x00000000e8000000, 0x00000000e8000000)
  eden space 87424K, 100% used [0x00000000e0000000, 0x00000000e5560000, 0x00000000e5560000)
  from space 21824K,  61% used [0x00000000e5560000, 0x00000000e6290ea0, 0x00000000e6ab0000)
  to   space 21824K,   0% used [0x00000000e6ab0000, 0x00000000e6ab0000, 0x00000000e8000000)
 concurrent mark-sweep generation total 393216K, used 40741K [0x00000000e8000000, 0x0000000100000000, 0x0000000100000000)
 Metaspace       used 43670K, capacity 44154K, committed 44460K, reserved 1089536K
  class space    used 4919K, capacity 5066K, committed 5136K, reserved 1048576K
2016-06-21T17:58:17.148+0100: 178.207: [GC (Allocation Failure) 2016-06-21T17:58:17.148+0100: 178.207: [ParNew
Desired survivor size 20112992 bytes, new threshold 8 (max 8)
- age   1:    5422624 bytes,    5422624 total
- age   2:    8329272 bytes,   13751896 total
- age   3:      33736 bytes,   13785632 total
- age   4:      32560 bytes,   13818192 total
- age   5:      20768 bytes,   13838960 total
- age   6:       9304 bytes,   13848264 total
- age   7:      32728 bytes,   13880992 total
- age   8:     167312 bytes,   14048304 total
: 100931K->15423K(109248K), 0.0096937 secs] 141672K->56222K(502464K), 0.0097434 secs] [Times: user=0.05 sys=0.00, real=0.01 secs] 
Heap after GC invocations=15 (full 1):
 par new generation   total 109248K, used 15423K [0x00000000e0000000, 0x00000000e8000000, 0x00000000e8000000)
  eden space 87424K,   0% used [0x00000000e0000000, 0x00000000e0000000, 0x00000000e5560000)
  from space 21824K,  70% used [0x00000000e6ab0000, 0x00000000e79bfe60, 0x00000000e8000000)
  to   space 21824K,   0% used [0x00000000e5560000, 0x00000000e5560000, 0x00000000e6ab0000)
 concurrent mark-sweep generation total 393216K, used 40798K [0x00000000e8000000, 0x0000000100000000, 0x0000000100000000)
 Metaspace       used 43670K, capacity 44154K, committed 44460K, reserved 1089536K
  class space    used 4919K, capacity 5066K, committed 5136K, reserved 1048576K
}
2016-06-21T17:58:17.157+0100: 178.217: Total time for which application threads were stopped: 0.0099739 seconds, Stopping threads took: 0.0000233 seconds
2016-06-21T17:58:17.158+0100: 178.217: [GC (CMS Initial Mark) [1 CMS-initial-mark: 40798K(393216K)] 56602K(502464K), 0.0021321 secs] [Times: user=0.00 sys=0.00, real=0.00 secs] 
2016-06-21T17:58:17.160+0100: 178.219: Total time for which application threads were stopped: 0.0022454 seconds, Stopping threads took: 0.0000288 seconds
2016-06-21T17:58:17.160+0100: 178.219: [CMS-concurrent-mark-start]
2016-06-21T17:58:17.175+0100: 178.234: [CMS-concurrent-mark: 0.015/0.015 secs] [Times: user=0.06 sys=0.00, real=0.01 secs] 
2016-06-21T17:58:17.175+0100: 178.234: Total time for which application threads were stopped: 0.0002649 seconds, Stopping threads took: 0.0001926 seconds
2016-06-21T17:58:17.175+0100: 178.235: [CMS-concurrent-preclean-start]
2016-06-21T17:58:17.177+0100: 178.236: [CMS-concurrent-preclean: 0.001/0.001 secs] [Times: user=0.00 sys=0.00, real=0.00 secs] 
2016-06-21T17:58:17.177+0100: 178.236: [GC (CMS Final Remark) [YG occupancy: 15803 K (109248 K)]{Heap before GC invocations=15 (full 2):
 par new generation   total 109248K, used 15803K [0x00000000e0000000, 0x00000000e8000000, 0x00000000e8000000)
  eden space 87424K,   0% used [0x00000000e0000000, 0x00000000e005f110, 0x00000000e5560000)
  from space 21824K,  70% used [0x00000000e6ab0000, 0x00000000e79bfe60, 0x00000000e8000000)
  to   space 21824K,   0% used [0x00000000e5560000, 0x00000000e5560000, 0x00000000e6ab0000)
 concurrent mark-sweep generation total 393216K, used 40798K [0x00000000e8000000, 0x0000000100000000, 0x0000000100000000)
 Metaspace       used 43670K, capacity 44154K, committed 44460K, reserved 1089536K
  class space    used 4919K, capacity 5066K, committed 5136K, reserved 1048576K
2016-06-21T17:58:17.177+0100: 178.236: [GC (CMS Final Remark) 2016-06-21T17:58:17.177+0100: 178.236: [ParNew
Desired survivor size 20112992 bytes, new threshold 8 (max 8)
- age   1:       5280 bytes,       5280 total
- age   2:    2207552 bytes,    2212832 total
- age   3:    8290264 bytes,   10503096 total
- age   4:      33736 bytes,   10536832 total
- age   5:      32560 bytes,   10569392 total
- age   6:      20768 bytes,   10590160 total
- age   7:       9304 bytes,   10599464 total
- age   8:      32728 bytes,   10632192 total
: 15803K->11968K(109248K), 0.0082248 secs] 56602K->52933K(502464K), 0.0082686 secs] [Times: user=0.00 sys=0.00, real=0.01 secs] 
Heap after GC invocations=16 (full 2):
 par new generation   total 109248K, used 11968K [0x00000000e0000000, 0x00000000e8000000, 0x00000000e8000000)
  eden space 87424K,   0% used [0x00000000e0000000, 0x00000000e0000000, 0x00000000e5560000)
  from space 21824K,  54% used [0x00000000e5560000, 0x00000000e6110090, 0x00000000e6ab0000)
  to   space 21824K,   0% used [0x00000000e6ab0000, 0x00000000e6ab0000, 0x00000000e8000000)
 concurrent mark-sweep generation total 393216K, used 40965K [0x00000000e8000000, 0x0000000100000000, 0x0000000100000000)
 Metaspace       used 43670K, capacity 44154K, committed 44460K, reserved 1089536K
  class space    used 4919K, capacity 5066K, committed 5136K, reserved 1048576K
}
2016-06-21T17:58:17.185+0100: 178.244: [Rescan (parallel) , 0.0028592 secs]2016-06-21T17:58:17.188+0100: 178.247: [weak refs processing, 0.0002708 secs]2016-06-21T17:58:17.188+0100: 178.248: [class unloading, 0.0074672 secs]2016-06-21T17:58:17.196+0100: 178.255: [scrub symbol table, 0.0090048 secs]2016-06-21T17:58:17.205+0100: 178.264: [scrub string table, 0.0009316 secs][1 CMS-remark: 40965K(393216K)] 52933K(502464K), 0.0304962 secs] [Times: user=0.08 sys=0.00, real=0.03 secs] 
2016-06-21T17:58:17.207+0100: 178.267: Total time for which application threads were stopped: 0.0306115 seconds, Stopping threads took: 0.0000272 seconds
2016-06-21T17:58:17.207+0100: 178.267: [CMS-concurrent-sweep-start]
2016-06-21T17:58:17.220+0100: 178.279: [CMS-concurrent-sweep: 0.013/0.013 secs] [Times: user=0.01 sys=0.00, real=0.01 secs] 
2016-06-21T17:58:17.220+0100: 178.279: [CMS-concurrent-reset-start]
2016-06-21T17:58:17.221+0100: 178.280: [CMS-concurrent-reset: 0.001/0.001 secs] [Times: user=0.00 sys=0.00, real=0.00 secs] 
2016-06-21T17:58:18.207+0100: 179.266: Total time for which application threads were stopped: 0.0000896 seconds, Stopping threads took: 0.0000193 seconds
2016-06-21T17:58:19.208+0100: 180.267: Total time for which application threads were stopped: 0.0001334 seconds, Stopping threads took: 0.0000249 seconds
2016-06-21T17:58:20.209+0100: 181.268: Total time for which application threads were stopped: 0.0001204 seconds, Stopping threads took: 0.0000280 seconds
2016-06-21T17:58:21.210+0100: 182.269: Total time for which application threads were stopped: 0.0001401 seconds, Stopping threads took: 0.0000261 seconds
2016-06-21T17:58:22.211+0100: 183.270: Total time for which application threads were stopped: 0.0000995 seconds, Stopping threads took: 0.0000268 seconds
2016-06-21T17:58:23.211+0100: 184.270: Total time for which application threads were stopped: 0.0001062 seconds, Stopping threads took: 0.0000268 seconds
2016-06-21T17:58:25.212+0100: 186.271: Total time for which application threads were stopped: 0.0001133 seconds, Stopping threads took: 0.0000351 seconds
2016-06-21T17:58:26.212+0100: 187.272: Total time for which application threads were stopped: 0.0000797 seconds, Stopping threads took: 0.0000264 seconds
2016-06-21T17:58:27.213+0100: 188.273: Total time for which application threads were stopped: 0.0000790 seconds, Stopping threads took: 0.0000225 seconds
2016-06-21T17:58:29.215+0100: 190.274: Total time for which application threads were stopped: 0.0001101 seconds, Stopping threads took: 0.0000272 seconds
{Heap before GC invocations=16 (full 2):
 par new generation   total 109248K, used 99392K [0x00000000e0000000, 0x00000000e8000000, 0x00000000e8000000)
  eden space 87424K, 100% used [0x00000000e0000000, 0x00000000e5560000, 0x00000000e5560000)
  from space 21824K,  54% used [0x00000000e5560000, 0x00000000e6110090, 0x00000000e6ab0000)
  to   space 21824K,   0% used [0x00000000e6ab0000, 0x00000000e6ab0000, 0x00000000e8000000)
 concurrent mark-sweep generation total 393216K, used 24076K [0x00000000e8000000, 0x0000000100000000, 0x0000000100000000)
 Metaspace       used 44055K, capacity 44556K, committed 44972K, reserved 1089536K
  class space    used 4921K, capacity 5069K, committed 5136K, reserved 1048576K
2016-06-21T17:58:29.326+0100: 190.386: [GC (Allocation Failure) 2016-06-21T17:58:29.326+0100: 190.386: [ParNew
Desired survivor size 20112992 bytes, new threshold 8 (max 8)
- age   1:     172544 bytes,     172544 total
- age   2:        472 bytes,     173016 total
- age   3:    2160240 bytes,    2333256 total
- age   4:    4559256 bytes,    6892512 total
- age   5:      23984 bytes,    6916496 total
- age   6:      22808 bytes,    6939304 total
- age   7:      13104 bytes,    6952408 total
- age   8:       4792 bytes,    6957200 total
: 99392K->8672K(109248K), 0.0064784 secs] 123468K->32780K(502464K), 0.0065463 secs] [Times: user=0.06 sys=0.00, real=0.01 secs] 
Heap after GC invocations=17 (full 2):
 par new generation   total 109248K, used 8672K [0x00000000e0000000, 0x00000000e8000000, 0x00000000e8000000)
  eden space 87424K,   0% used [0x00000000e0000000, 0x00000000e0000000, 0x00000000e5560000)
  from space 21824K,  39% used [0x00000000e6ab0000, 0x00000000e73280d0, 0x00000000e8000000)
  to   space 21824K,   0% used [0x00000000e5560000, 0x00000000e5560000, 0x00000000e6ab0000)
 concurrent mark-sweep generation total 393216K, used 24108K [0x00000000e8000000, 0x0000000100000000, 0x0000000100000000)
 Metaspace       used 44055K, capacity 44556K, committed 44972K, reserved 1089536K
  class space    used 4921K, capacity 5069K, committed 5136K, reserved 1048576K
}
2016-06-21T17:58:29.332+0100: 190.392: Total time for which application threads were stopped: 0.0067204 seconds, Stopping threads took: 0.0000182 seconds
2016-06-21T17:58:30.333+0100: 191.392: Total time for which application threads were stopped: 0.0000813 seconds, Stopping threads took: 0.0000221 seconds
{Heap before GC invocations=17 (full 2):
 par new generation   total 109248K, used 96096K [0x00000000e0000000, 0x00000000e8000000, 0x00000000e8000000)
  eden space 87424K, 100% used [0x00000000e0000000, 0x00000000e5560000, 0x00000000e5560000)
  from space 21824K,  39% used [0x00000000e6ab0000, 0x00000000e73280d0, 0x00000000e8000000)
  to   space 21824K,   0% used [0x00000000e5560000, 0x00000000e5560000, 0x00000000e6ab0000)
 concurrent mark-sweep generation total 393216K, used 24108K [0x00000000e8000000, 0x0000000100000000, 0x0000000100000000)
 Metaspace       used 44058K, capacity 44556K, committed 44972K, reserved 1089536K
  class space    used 4921K, capacity 5069K, committed 5136K, reserved 1048576K
2016-06-21T17:58:31.953+0100: 193.013: [GC (Allocation Failure) 2016-06-21T17:58:31.953+0100: 193.013: [ParNew
Desired survivor size 20112992 bytes, new threshold 5 (max 8)
- age   1:   15316352 bytes,   15316352 total
- age   2:      31720 bytes,   15348072 total
- age   4:    2160008 bytes,   17508080 total
- age   5:    4559128 bytes,   22067208 total
- age   6:      23984 bytes,   22091192 total
- age   7:      22808 bytes,   22114000 total
- age   8:      13104 bytes,   22127104 total
: 96096K->21824K(109248K), 0.0419481 secs] 120204K->56284K(502464K), 0.0420464 secs] [Times: user=0.13 sys=0.00, real=0.04 secs] 
Heap after GC invocations=18 (full 2):
 par new generation   total 109248K, used 21824K [0x00000000e0000000, 0x00000000e8000000, 0x00000000e8000000)
  eden space 87424K,   0% used [0x00000000e0000000, 0x00000000e0000000, 0x00000000e5560000)
  from space 21824K, 100% used [0x00000000e5560000, 0x00000000e6ab0000, 0x00000000e6ab0000)
  to   space 21824K,   0% used [0x00000000e6ab0000, 0x00000000e6ab0000, 0x00000000e8000000)
 concurrent mark-sweep generation total 393216K, used 34460K [0x00000000e8000000, 0x0000000100000000, 0x0000000100000000)
 Metaspace       used 44058K, capacity 44556K, committed 44972K, reserved 1089536K
  class space    used 4921K, capacity 5069K, committed 5136K, reserved 1048576K
}
2016-06-21T17:58:31.995+0100: 193.055: Total time for which application threads were stopped: 0.0424716 seconds, Stopping threads took: 0.0001879 seconds
{Heap before GC invocations=18 (full 2):
 par new generation   total 109248K, used 109248K [0x00000000e0000000, 0x00000000e8000000, 0x00000000e8000000)
  eden space 87424K, 100% used [0x00000000e0000000, 0x00000000e5560000, 0x00000000e5560000)
  from space 21824K, 100% used [0x00000000e5560000, 0x00000000e6ab0000, 0x00000000e6ab0000)
  to   space 21824K,   0% used [0x00000000e6ab0000, 0x00000000e6ab0000, 0x00000000e8000000)
 concurrent mark-sweep generation total 393216K, used 34460K [0x00000000e8000000, 0x0000000100000000, 0x0000000100000000)
 Metaspace       used 44058K, capacity 44556K, committed 44972K, reserved 1089536K
  class space    used 4921K, capacity 5069K, committed 5136K, reserved 1048576K
2016-06-21T17:58:32.238+0100: 193.297: [GC (Allocation Failure) 2016-06-21T17:58:32.238+0100: 193.298: [ParNew
Desired survivor size 20112992 bytes, new threshold 2 (max 8)
- age   1:   12639320 bytes,   12639320 total
- age   2:    7966280 bytes,   20605600 total
- age   3:      14088 bytes,   20619688 total
- age   5:    1706992 bytes,   22326680 total
: 109248K->21824K(109248K), 0.0456363 secs] 143708K->81645K(502464K), 0.0457058 secs] [Times: user=0.14 sys=0.02, real=0.05 secs] 
Heap after GC invocations=19 (full 2):
 par new generation   total 109248K, used 21824K [0x00000000e0000000, 0x00000000e8000000, 0x00000000e8000000)
  eden space 87424K,   0% used [0x00000000e0000000, 0x00000000e0000000, 0x00000000e5560000)
  from space 21824K, 100% used [0x00000000e6ab0000, 0x00000000e8000000, 0x00000000e8000000)
  to   space 21824K,   0% used [0x00000000e5560000, 0x00000000e5560000, 0x00000000e6ab0000)
 concurrent mark-sweep generation total 393216K, used 59821K [0x00000000e8000000, 0x0000000100000000, 0x0000000100000000)
 Metaspace       used 44058K, capacity 44556K, committed 44972K, reserved 1089536K
  class space    used 4921K, capacity 5069K, committed 5136K, reserved 1048576K
}
2016-06-21T17:58:32.284+0100: 193.343: Total time for which application threads were stopped: 0.0459293 seconds, Stopping threads took: 0.0000336 seconds
2016-06-21T17:58:32.398+0100: 193.458: Total time for which application threads were stopped: 0.0001129 seconds, Stopping threads took: 0.0000308 seconds
2016-06-21T17:58:32.560+0100: 193.620: Total time for which application threads were stopped: 0.0002649 seconds, Stopping threads took: 0.0001366 seconds
2016-06-21T17:58:32.561+0100: 193.621: Total time for which application threads were stopped: 0.0001030 seconds, Stopping threads took: 0.0000193 seconds
{Heap before GC invocations=19 (full 2):
 par new generation   total 109248K, used 109248K [0x00000000e0000000, 0x00000000e8000000, 0x00000000e8000000)
  eden space 87424K, 100% used [0x00000000e0000000, 0x00000000e5560000, 0x00000000e5560000)
  from space 21824K, 100% used [0x00000000e6ab0000, 0x00000000e8000000, 0x00000000e8000000)
  to   space 21824K,   0% used [0x00000000e5560000, 0x00000000e5560000, 0x00000000e6ab0000)
 concurrent mark-sweep generation total 393216K, used 59821K [0x00000000e8000000, 0x0000000100000000, 0x0000000100000000)
 Metaspace       used 44152K, capacity 44684K, committed 44972K, reserved 1089536K
  class space    used 4928K, capacity 5069K, committed 5136K, reserved 1048576K
2016-06-21T17:58:32.641+0100: 193.700: [GC (Allocation Failure) 2016-06-21T17:58:32.641+0100: 193.700: [ParNew
Desired survivor size 20112992 bytes, new threshold 8 (max 8)
- age   1:    4494488 bytes,    4494488 total
- age   2:   12606424 bytes,   17100912 total
: 109248K->21824K(109248K), 0.0247655 secs] 169069K->91132K(502464K), 0.0248685 secs] [Times: user=0.06 sys=0.00, real=0.02 secs] 
Heap after GC invocations=20 (full 2):
 par new generation   total 109248K, used 21824K [0x00000000e0000000, 0x00000000e8000000, 0x00000000e8000000)
  eden space 87424K,   0% used [0x00000000e0000000, 0x00000000e0000000, 0x00000000e5560000)
  from space 21824K, 100% used [0x00000000e5560000, 0x00000000e6ab0000, 0x00000000e6ab0000)
  to   space 21824K,   0% used [0x00000000e6ab0000, 0x00000000e6ab0000, 0x00000000e8000000)
 concurrent mark-sweep generation total 393216K, used 69308K [0x00000000e8000000, 0x0000000100000000, 0x0000000100000000)
 Metaspace       used 44152K, capacity 44684K, committed 44972K, reserved 1089536K
  class space    used 4928K, capacity 5069K, committed 5136K, reserved 1048576K
}
2016-06-21T17:58:32.666+0100: 193.725: Total time for which application threads were stopped: 0.0251366 seconds, Stopping threads took: 0.0000430 seconds
{Heap before GC invocations=20 (full 2):
 par new generation   total 109248K, used 109248K [0x00000000e0000000, 0x00000000e8000000, 0x00000000e8000000)
  eden space 87424K, 100% used [0x00000000e0000000, 0x00000000e5560000, 0x00000000e5560000)
  from space 21824K, 100% used [0x00000000e5560000, 0x00000000e6ab0000, 0x00000000e6ab0000)
  to   space 21824K,   0% used [0x00000000e6ab0000, 0x00000000e6ab0000, 0x00000000e8000000)
 concurrent mark-sweep generation total 393216K, used 69308K [0x00000000e8000000, 0x0000000100000000, 0x0000000100000000)
 Metaspace       used 44161K, capacity 44684K, committed 44972K, reserved 1089536K
  class space    used 4928K, capacity 5069K, committed 5136K, reserved 1048576K
2016-06-21T17:58:33.012+0100: 194.072: [GC (Allocation Failure) 2016-06-21T17:58:33.012+0100: 194.072: [ParNew
Desired survivor size 20112992 bytes, new threshold 8 (max 8)
- age   1:    1274832 bytes,    1274832 total
- age   2:    3786488 bytes,    5061320 total
- age   3:   12606424 bytes,   17667744 total
: 109248K->21824K(109248K), 0.0114089 secs] 178556K->91132K(502464K), 0.0114973 secs] [Times: user=0.06 sys=0.00, real=0.01 secs] 
Heap after GC invocations=21 (full 2):
 par new generation   total 109248K, used 21824K [0x00000000e0000000, 0x00000000e8000000, 0x00000000e8000000)
  eden space 87424K,   0% used [0x00000000e0000000, 0x00000000e0000000, 0x00000000e5560000)
  from space 21824K, 100% used [0x00000000e6ab0000, 0x00000000e8000000, 0x00000000e8000000)
  to   space 21824K,   0% used [0x00000000e5560000, 0x00000000e5560000, 0x00000000e6ab0000)
 concurrent mark-sweep generation total 393216K, used 69308K [0x00000000e8000000, 0x0000000100000000, 0x0000000100000000)
 Metaspace       used 44161K, capacity 44684K, committed 44972K, reserved 1089536K
  class space    used 4928K, capacity 5069K, committed 5136K, reserved 1048576K
}
2016-06-21T17:58:33.024+0100: 194.083: Total time for which application threads were stopped: 0.0117709 seconds, Stopping threads took: 0.0000292 seconds
{Heap before GC invocations=21 (full 2):
 par new generation   total 109248K, used 109248K [0x00000000e0000000, 0x00000000e8000000, 0x00000000e8000000)
  eden space 87424K, 100% used [0x00000000e0000000, 0x00000000e5560000, 0x00000000e5560000)
  from space 21824K, 100% used [0x00000000e6ab0000, 0x00000000e8000000, 0x00000000e8000000)
  to   space 21824K,   0% used [0x00000000e5560000, 0x00000000e5560000, 0x00000000e6ab0000)
 concurrent mark-sweep generation total 393216K, used 69308K [0x00000000e8000000, 0x0000000100000000, 0x0000000100000000)
 Metaspace       used 44163K, capacity 44684K, committed 44972K, reserved 1089536K
  class space    used 4928K, capacity 5069K, committed 5136K, reserved 1048576K
2016-06-21T17:58:33.312+0100: 194.371: [GC (Allocation Failure) 2016-06-21T17:58:33.312+0100: 194.371: [ParNew
Desired survivor size 20112992 bytes, new threshold 8 (max 8)
- age   1:     874424 bytes,     874424 total
- age   2:    1004456 bytes,    1878880 total
- age   3:    3711480 bytes,    5590360 total
- age   4:   12606424 bytes,   18196784 total
: 109248K->21824K(109248K), 0.0115688 secs] 178556K->91222K(502464K), 0.0116394 secs] [Times: user=0.00 sys=0.00, real=0.01 secs] 
Heap after GC invocations=22 (full 2):
 par new generation   total 109248K, used 21824K [0x00000000e0000000, 0x00000000e8000000, 0x00000000e8000000)
  eden space 87424K,   0% used [0x00000000e0000000, 0x00000000e0000000, 0x00000000e5560000)
  from space 21824K, 100% used [0x00000000e5560000, 0x00000000e6ab0000, 0x00000000e6ab0000)
  to   space 21824K,   0% used [0x00000000e6ab0000, 0x00000000e6ab0000, 0x00000000e8000000)
 concurrent mark-sweep generation total 393216K, used 69398K [0x00000000e8000000, 0x0000000100000000, 0x0000000100000000)
 Metaspace       used 44163K, capacity 44684K, committed 44972K, reserved 1089536K
  class space    used 4928K, capacity 5069K, committed 5136K, reserved 1048576K
}
2016-06-21T17:58:33.324+0100: 194.383: Total time for which application threads were stopped: 0.0119446 seconds, Stopping threads took: 0.0000284 seconds
{Heap before GC invocations=22 (full 2):
 par new generation   total 109248K, used 109248K [0x00000000e0000000, 0x00000000e8000000, 0x00000000e8000000)
  eden space 87424K, 100% used [0x00000000e0000000, 0x00000000e5560000, 0x00000000e5560000)
  from space 21824K, 100% used [0x00000000e5560000, 0x00000000e6ab0000, 0x00000000e6ab0000)
  to   space 21824K,   0% used [0x00000000e6ab0000, 0x00000000e6ab0000, 0x00000000e8000000)
 concurrent mark-sweep generation total 393216K, used 69398K [0x00000000e8000000, 0x0000000100000000, 0x0000000100000000)
 Metaspace       used 44167K, capacity 44684K, committed 44972K, reserved 1089536K
  class space    used 4928K, capacity 5069K, committed 5136K, reserved 1048576K
2016-06-21T17:58:33.568+0100: 194.628: [GC (Allocation Failure) 2016-06-21T17:58:33.568+0100: 194.628: [ParNew
Desired survivor size 20112992 bytes, new threshold 8 (max 8)
- age   1:     928184 bytes,     928184 total
- age   2:     694960 bytes,    1623144 total
- age   3:    1004432 bytes,    2627576 total
- age   4:    3339288 bytes,    5966864 total
- age   5:   12484216 bytes,   18451080 total
: 109248K->21824K(109248K), 0.0128146 secs] 178646K->91724K(502464K), 0.0129074 secs] [Times: user=0.06 sys=0.00, real=0.01 secs] 
Heap after GC invocations=23 (full 2):
 par new generation   total 109248K, used 21824K [0x00000000e0000000, 0x00000000e8000000, 0x00000000e8000000)
  eden space 87424K,   0% used [0x00000000e0000000, 0x00000000e0000000, 0x00000000e5560000)
  from space 21824K, 100% used [0x00000000e6ab0000, 0x00000000e8000000, 0x00000000e8000000)
  to   space 21824K,   0% used [0x00000000e5560000, 0x00000000e5560000, 0x00000000e6ab0000)
 concurrent mark-sweep generation total 393216K, used 69900K [0x00000000e8000000, 0x0000000100000000, 0x0000000100000000)
 Metaspace       used 44167K, capacity 44684K, committed 44972K, reserved 1089536K
  class space    used 4928K, capacity 5069K, committed 5136K, reserved 1048576K
}
2016-06-21T17:58:33.581+0100: 194.641: Total time for which application threads were stopped: 0.0132339 seconds, Stopping threads took: 0.0000296 seconds
{Heap before GC invocations=23 (full 2):
 par new generation   total 109248K, used 109248K [0x00000000e0000000, 0x00000000e8000000, 0x00000000e8000000)
  eden space 87424K, 100% used [0x00000000e0000000, 0x00000000e5560000, 0x00000000e5560000)
  from space 21824K, 100% used [0x00000000e6ab0000, 0x00000000e8000000, 0x00000000e8000000)
  to   space 21824K,   0% used [0x00000000e5560000, 0x00000000e5560000, 0x00000000e6ab0000)
 concurrent mark-sweep generation total 393216K, used 69900K [0x00000000e8000000, 0x0000000100000000, 0x0000000100000000)
 Metaspace       used 44167K, capacity 44684K, committed 44972K, reserved 1089536K
  class space    used 4928K, capacity 5069K, committed 5136K, reserved 1048576K
2016-06-21T17:58:33.747+0100: 194.806: [GC (Allocation Failure) 2016-06-21T17:58:33.747+0100: 194.806: [ParNew
Desired survivor size 20112992 bytes, new threshold 8 (max 8)
- age   1:    2355872 bytes,    2355872 total
- age   2:     665048 bytes,    3020920 total
- age   3:     670688 bytes,    3691608 total
- age   4:     278288 bytes,    3969896 total
- age   5:    3311824 bytes,    7281720 total
- age   6:   11828568 bytes,   19110288 total
: 109248K->21824K(109248K), 0.0145109 secs] 179148K->92530K(502464K), 0.0145768 secs] [Times: user=0.06 sys=0.00, real=0.01 secs] 
Heap after GC invocations=24 (full 2):
 par new generation   total 109248K, used 21824K [0x00000000e0000000, 0x00000000e8000000, 0x00000000e8000000)
  eden space 87424K,   0% used [0x00000000e0000000, 0x00000000e0000000, 0x00000000e5560000)
  from space 21824K, 100% used [0x00000000e5560000, 0x00000000e6ab0000, 0x00000000e6ab0000)
  to   space 21824K,   0% used [0x00000000e6ab0000, 0x00000000e6ab0000, 0x00000000e8000000)
 concurrent mark-sweep generation total 393216K, used 70706K [0x00000000e8000000, 0x0000000100000000, 0x0000000100000000)
 Metaspace       used 44167K, capacity 44684K, committed 44972K, reserved 1089536K
  class space    used 4928K, capacity 5069K, committed 5136K, reserved 1048576K
}
2016-06-21T17:58:33.761+0100: 194.821: Total time for which application threads were stopped: 0.0147549 seconds, Stopping threads took: 0.0000201 seconds
{Heap before GC invocations=24 (full 2):
 par new generation   total 109248K, used 109248K [0x00000000e0000000, 0x00000000e8000000, 0x00000000e8000000)
  eden space 87424K, 100% used [0x00000000e0000000, 0x00000000e5560000, 0x00000000e5560000)
  from space 21824K, 100% used [0x00000000e5560000, 0x00000000e6ab0000, 0x00000000e6ab0000)
  to   space 21824K,   0% used [0x00000000e6ab0000, 0x00000000e6ab0000, 0x00000000e8000000)
 concurrent mark-sweep generation total 393216K, used 70706K [0x00000000e8000000, 0x0000000100000000, 0x0000000100000000)
 Metaspace       used 44168K, capacity 44684K, committed 44972K, reserved 1089536K
  class space    used 4928K, capacity 5069K, committed 5136K, reserved 1048576K
2016-06-21T17:58:33.948+0100: 195.007: [GC (Allocation Failure) 2016-06-21T17:58:33.948+0100: 195.008: [ParNew
Desired survivor size 20112992 bytes, new threshold 8 (max 8)
- age   1:    1216872 bytes,    1216872 total
- age   2:    2139640 bytes,    3356512 total
- age   3:     594624 bytes,    3951136 total
- age   4:     599232 bytes,    4550368 total
- age   5:     254800 bytes,    4805168 total
- age   6:    2800328 bytes,    7605496 total
- age   7:   11740320 bytes,   19345816 total
: 109248K->21824K(109248K), 0.0153577 secs] 179954K->93487K(502464K), 0.0154516 secs] [Times: user=0.06 sys=0.00, real=0.02 secs] 
Heap after GC invocations=25 (full 2):
 par new generation   total 109248K, used 21824K [0x00000000e0000000, 0x00000000e8000000, 0x00000000e8000000)
  eden space 87424K,   0% used [0x00000000e0000000, 0x00000000e0000000, 0x00000000e5560000)
  from space 21824K, 100% used [0x00000000e6ab0000, 0x00000000e8000000, 0x00000000e8000000)
  to   space 21824K,   0% used [0x00000000e5560000, 0x00000000e5560000, 0x00000000e6ab0000)
 concurrent mark-sweep generation total 393216K, used 71663K [0x00000000e8000000, 0x0000000100000000, 0x0000000100000000)
 Metaspace       used 44168K, capacity 44684K, committed 44972K, reserved 1089536K
  class space    used 4928K, capacity 5069K, committed 5136K, reserved 1048576K
}
2016-06-21T17:58:33.963+0100: 195.023: Total time for which application threads were stopped: 0.0156956 seconds, Stopping threads took: 0.0000288 seconds
{Heap before GC invocations=25 (full 2):
 par new generation   total 109248K, used 109248K [0x00000000e0000000, 0x00000000e8000000, 0x00000000e8000000)
  eden space 87424K, 100% used [0x00000000e0000000, 0x00000000e5560000, 0x00000000e5560000)
  from space 21824K, 100% used [0x00000000e6ab0000, 0x00000000e8000000, 0x00000000e8000000)
  to   space 21824K,   0% used [0x00000000e5560000, 0x00000000e5560000, 0x00000000e6ab0000)
 concurrent mark-sweep generation total 393216K, used 71663K [0x00000000e8000000, 0x0000000100000000, 0x0000000100000000)
 Metaspace       used 44180K, capacity 44684K, committed 44972K, reserved 1089536K
  class space    used 4928K, capacity 5069K, committed 5136K, reserved 1048576K
2016-06-21T17:58:34.148+0100: 195.208: [GC (Allocation Failure) 2016-06-21T17:58:34.148+0100: 195.208: [ParNew
Desired survivor size 20112992 bytes, new threshold 8 (max 8)
- age   1:     934776 bytes,     934776 total
- age   2:     733328 bytes,    1668104 total
- age   3:    2068032 bytes,    3736136 total
- age   4:     556712 bytes,    4292848 total
- age   5:     568680 bytes,    4861528 total
- age   6:     244376 bytes,    5105904 total
- age   7:    2780200 bytes,    7886104 total
- age   8:   11597760 bytes,   19483864 total
: 109248K->21824K(109248K), 0.0124112 secs] 180911K->93908K(502464K), 0.0124736 secs] [Times: user=0.06 sys=0.00, real=0.01 secs] 
Heap after GC invocations=26 (full 2):
 par new generation   total 109248K, used 21824K [0x00000000e0000000, 0x00000000e8000000, 0x00000000e8000000)
  eden space 87424K,   0% used [0x00000000e0000000, 0x00000000e0000000, 0x00000000e5560000)
  from space 21824K, 100% used [0x00000000e5560000, 0x00000000e6ab0000, 0x00000000e6ab0000)
  to   space 21824K,   0% used [0x00000000e6ab0000, 0x00000000e6ab0000, 0x00000000e8000000)
 concurrent mark-sweep generation total 393216K, used 72084K [0x00000000e8000000, 0x0000000100000000, 0x0000000100000000)
 Metaspace       used 44180K, capacity 44684K, committed 44972K, reserved 1089536K
  class space    used 4928K, capacity 5069K, committed 5136K, reserved 1048576K
}
2016-06-21T17:58:34.161+0100: 195.221: Total time for which application threads were stopped: 0.0126832 seconds, Stopping threads took: 0.0000189 seconds
{Heap before GC invocations=26 (full 2):
 par new generation   total 109248K, used 109248K [0x00000000e0000000, 0x00000000e8000000, 0x00000000e8000000)
  eden space 87424K, 100% used [0x00000000e0000000, 0x00000000e5560000, 0x00000000e5560000)
  from space 21824K, 100% used [0x00000000e5560000, 0x00000000e6ab0000, 0x00000000e6ab0000)
  to   space 21824K,   0% used [0x00000000e6ab0000, 0x00000000e6ab0000, 0x00000000e8000000)
 concurrent mark-sweep generation total 393216K, used 72084K [0x00000000e8000000, 0x0000000100000000, 0x0000000100000000)
 Metaspace       used 44180K, capacity 44684K, committed 44972K, reserved 1089536K
  class space    used 4928K, capacity 5069K, committed 5136K, reserved 1048576K
2016-06-21T17:58:34.315+0100: 195.375: [GC (Allocation Failure) 2016-06-21T17:58:34.315+0100: 195.375: [ParNew
Desired survivor size 20112992 bytes, new threshold 8 (max 8)
- age   1:     792784 bytes,     792784 total
- age   2:     693904 bytes,    1486688 total
- age   3:     733328 bytes,    2220016 total
- age   4:    2068032 bytes,    4288048 total
- age   5:     556712 bytes,    4844760 total
- age   6:     568680 bytes,    5413440 total
- age   7:     244376 bytes,    5657816 total
- age   8:    2780160 bytes,    8437976 total
: 109248K->18962K(109248K), 0.0186910 secs] 181332K->102345K(502464K), 0.0187763 secs] [Times: user=0.03 sys=0.02, real=0.02 secs] 
Heap after GC invocations=27 (full 2):
 par new generation   total 109248K, used 18962K [0x00000000e0000000, 0x00000000e8000000, 0x00000000e8000000)
  eden space 87424K,   0% used [0x00000000e0000000, 0x00000000e0000000, 0x00000000e5560000)
  from space 21824K,  86% used [0x00000000e6ab0000, 0x00000000e7d34a40, 0x00000000e8000000)
  to   space 21824K,   0% used [0x00000000e5560000, 0x00000000e5560000, 0x00000000e6ab0000)
 concurrent mark-sweep generation total 393216K, used 83382K [0x00000000e8000000, 0x0000000100000000, 0x0000000100000000)
 Metaspace       used 44180K, capacity 44684K, committed 44972K, reserved 1089536K
  class space    used 4928K, capacity 5069K, committed 5136K, reserved 1048576K
}
2016-06-21T17:58:34.334+0100: 195.394: Total time for which application threads were stopped: 0.0189946 seconds, Stopping threads took: 0.0000241 seconds
{Heap before GC invocations=27 (full 2):
 par new generation   total 109248K, used 106386K [0x00000000e0000000, 0x00000000e8000000, 0x00000000e8000000)
  eden space 87424K, 100% used [0x00000000e0000000, 0x00000000e5560000, 0x00000000e5560000)
  from space 21824K,  86% used [0x00000000e6ab0000, 0x00000000e7d34a40, 0x00000000e8000000)
  to   space 21824K,   0% used [0x00000000e5560000, 0x00000000e5560000, 0x00000000e6ab0000)
 concurrent mark-sweep generation total 393216K, used 83382K [0x00000000e8000000, 0x0000000100000000, 0x0000000100000000)
 Metaspace       used 44180K, capacity 44684K, committed 44972K, reserved 1089536K
  class space    used 4928K, capacity 5069K, committed 5136K, reserved 1048576K
2016-06-21T17:58:34.477+0100: 195.536: [GC (Allocation Failure) 2016-06-21T17:58:34.477+0100: 195.536: [ParNew
Desired survivor size 20112992 bytes, new threshold 8 (max 8)
- age   1:    1170784 bytes,    1170784 total
- age   2:     600160 bytes,    1770944 total
- age   3:     693904 bytes,    2464848 total
- age   4:     733328 bytes,    3198176 total
- age   5:    2068032 bytes,    5266208 total
- age   6:     556712 bytes,    5822920 total
- age   7:     568680 bytes,    6391600 total
- age   8:     244376 bytes,    6635976 total
: 106386K->10373K(109248K), 0.0104556 secs] 189769K->96471K(502464K), 0.0105152 secs] [Times: user=0.06 sys=0.00, real=0.01 secs] 
Heap after GC invocations=28 (full 2):
 par new generation   total 109248K, used 10373K [0x00000000e0000000, 0x00000000e8000000, 0x00000000e8000000)
  eden space 87424K,   0% used [0x00000000e0000000, 0x00000000e0000000, 0x00000000e5560000)
  from space 21824K,  47% used [0x00000000e5560000, 0x00000000e5f81400, 0x00000000e6ab0000)
  to   space 21824K,   0% used [0x00000000e6ab0000, 0x00000000e6ab0000, 0x00000000e8000000)
 concurrent mark-sweep generation total 393216K, used 86098K [0x00000000e8000000, 0x0000000100000000, 0x0000000100000000)
 Metaspace       used 44180K, capacity 44684K, committed 44972K, reserved 1089536K
  class space    used 4928K, capacity 5069K, committed 5136K, reserved 1048576K
}
2016-06-21T17:58:34.487+0100: 195.547: Total time for which application threads were stopped: 0.0107465 seconds, Stopping threads took: 0.0000324 seconds
{Heap before GC invocations=28 (full 2):
 par new generation   total 109248K, used 97797K [0x00000000e0000000, 0x00000000e8000000, 0x00000000e8000000)
  eden space 87424K, 100% used [0x00000000e0000000, 0x00000000e5560000, 0x00000000e5560000)
  from space 21824K,  47% used [0x00000000e5560000, 0x00000000e5f81400, 0x00000000e6ab0000)
  to   space 21824K,   0% used [0x00000000e6ab0000, 0x00000000e6ab0000, 0x00000000e8000000)
 concurrent mark-sweep generation total 393216K, used 86098K [0x00000000e8000000, 0x0000000100000000, 0x0000000100000000)
 Metaspace       used 44180K, capacity 44684K, committed 44972K, reserved 1089536K
  class space    used 4928K, capacity 5069K, committed 5136K, reserved 1048576K
2016-06-21T17:58:34.658+0100: 195.717: [GC (Allocation Failure) 2016-06-21T17:58:34.658+0100: 195.717: [ParNew
Desired survivor size 20112992 bytes, new threshold 8 (max 8)
- age   1:    3731856 bytes,    3731856 total
- age   2:     688096 bytes,    4419952 total
- age   3:     599920 bytes,    5019872 total
- age   4:     693904 bytes,    5713776 total
- age   5:     733328 bytes,    6447104 total
- age   6:     626224 bytes,    7073328 total
- age   7:     556712 bytes,    7630040 total
- age   8:     568680 bytes,    8198720 total
: 97797K->9721K(109248K), 0.0064176 secs] 183895K->96059K(502464K), 0.0065013 secs] [Times: user=0.00 sys=0.00, real=0.01 secs] 
Heap after GC invocations=29 (full 2):
 par new generation   total 109248K, used 9721K [0x00000000e0000000, 0x00000000e8000000, 0x00000000e8000000)
  eden space 87424K,   0% used [0x00000000e0000000, 0x00000000e0000000, 0x00000000e5560000)
  from space 21824K,  44% used [0x00000000e6ab0000, 0x00000000e742e640, 0x00000000e8000000)
  to   space 21824K,   0% used [0x00000000e5560000, 0x00000000e5560000, 0x00000000e6ab0000)
 concurrent mark-sweep generation total 393216K, used 86337K [0x00000000e8000000, 0x0000000100000000, 0x0000000100000000)
 Metaspace       used 44180K, capacity 44684K, committed 44972K, reserved 1089536K
  class space    used 4928K, capacity 5069K, committed 5136K, reserved 1048576K
}
2016-06-21T17:58:34.664+0100: 195.724: Total time for which application threads were stopped: 0.0067523 seconds, Stopping threads took: 0.0000339 seconds
{Heap before GC invocations=29 (full 2):
 par new generation   total 109248K, used 97145K [0x00000000e0000000, 0x00000000e8000000, 0x00000000e8000000)
  eden space 87424K, 100% used [0x00000000e0000000, 0x00000000e5560000, 0x00000000e5560000)
  from space 21824K,  44% used [0x00000000e6ab0000, 0x00000000e742e640, 0x00000000e8000000)
  to   space 21824K,   0% used [0x00000000e5560000, 0x00000000e5560000, 0x00000000e6ab0000)
 concurrent mark-sweep generation total 393216K, used 86337K [0x00000000e8000000, 0x0000000100000000, 0x0000000100000000)
 Metaspace       used 44180K, capacity 44684K, committed 44972K, reserved 1089536K
  class space    used 4928K, capacity 5069K, committed 5136K, reserved 1048576K
2016-06-21T17:58:34.904+0100: 195.963: [GC (Allocation Failure) 2016-06-21T17:58:34.904+0100: 195.963: [ParNew
Desired survivor size 20112992 bytes, new threshold 8 (max 8)
- age   1:    1190048 bytes,    1190048 total
- age   2:    3564976 bytes,    4755024 total
- age   3:     688096 bytes,    5443120 total
- age   4:     599920 bytes,    6043040 total
- age   5:     693904 bytes,    6736944 total
- age   6:     733328 bytes,    7470272 total
- age   7:     626224 bytes,    8096496 total
- age   8:     556712 bytes,    8653208 total
: 97145K->9408K(109248K), 0.0053379 secs] 183483K->96302K(502464K), 0.0054204 secs] [Times: user=0.05 sys=0.02, real=0.00 secs] 
Heap after GC invocations=30 (full 2):
 par new generation   total 109248K, used 9408K [0x00000000e0000000, 0x00000000e8000000, 0x00000000e8000000)
  eden space 87424K,   0% used [0x00000000e0000000, 0x00000000e0000000, 0x00000000e5560000)
  from space 21824K,  43% used [0x00000000e5560000, 0x00000000e5e90210, 0x00000000e6ab0000)
  to   space 21824K,   0% used [0x00000000e6ab0000, 0x00000000e6ab0000, 0x00000000e8000000)
 concurrent mark-sweep generation total 393216K, used 86894K [0x00000000e8000000, 0x0000000100000000, 0x0000000100000000)
 Metaspace       used 44180K, capacity 44684K, committed 44972K, reserved 1089536K
  class space    used 4928K, capacity 5069K, committed 5136K, reserved 1048576K
}
2016-06-21T17:58:34.909+0100: 195.969: Total time for which application threads were stopped: 0.0056719 seconds, Stopping threads took: 0.0000367 seconds
2016-06-21T17:58:35.909+0100: 196.969: Total time for which application threads were stopped: 0.0000995 seconds, Stopping threads took: 0.0000268 seconds
2016-06-21T17:58:36.910+0100: 197.970: Total time for which application threads were stopped: 0.0001772 seconds, Stopping threads took: 0.0000280 seconds
{Heap before GC invocations=30 (full 2):
 par new generation   total 109248K, used 96832K [0x00000000e0000000, 0x00000000e8000000, 0x00000000e8000000)
  eden space 87424K, 100% used [0x00000000e0000000, 0x00000000e5560000, 0x00000000e5560000)
  from space 21824K,  43% used [0x00000000e5560000, 0x00000000e5e90210, 0x00000000e6ab0000)
  to   space 21824K,   0% used [0x00000000e6ab0000, 0x00000000e6ab0000, 0x00000000e8000000)
 concurrent mark-sweep generation total 393216K, used 86894K [0x00000000e8000000, 0x0000000100000000, 0x0000000100000000)
 Metaspace       used 44429K, capacity 44894K, committed 45228K, reserved 1089536K
  class space    used 4933K, capacity 5072K, committed 5136K, reserved 1048576K
2016-06-21T17:58:37.531+0100: 198.590: [GC (Allocation Failure) 2016-06-21T17:58:37.531+0100: 198.590: [ParNew
Desired survivor size 20112992 bytes, new threshold 8 (max 8)
- age   1:   11283848 bytes,   11283848 total
- age   2:     375736 bytes,   11659584 total
- age   3:    3204080 bytes,   14863664 total
- age   4:     327200 bytes,   15190864 total
- age   5:     304720 bytes,   15495584 total
- age   6:     333104 bytes,   15828688 total
- age   7:     306928 bytes,   16135616 total
- age   8:     265424 bytes,   16401040 total
: 96832K->18072K(109248K), 0.0074037 secs] 183726K->105191K(502464K), 0.0074913 secs] [Times: user=0.00 sys=0.00, real=0.01 secs] 
Heap after GC invocations=31 (full 2):
 par new generation   total 109248K, used 18072K [0x00000000e0000000, 0x00000000e8000000, 0x00000000e8000000)
  eden space 87424K,   0% used [0x00000000e0000000, 0x00000000e0000000, 0x00000000e5560000)
  from space 21824K,  82% used [0x00000000e6ab0000, 0x00000000e7c563f0, 0x00000000e8000000)
  to   space 21824K,   0% used [0x00000000e5560000, 0x00000000e5560000, 0x00000000e6ab0000)
 concurrent mark-sweep generation total 393216K, used 87118K [0x00000000e8000000, 0x0000000100000000, 0x0000000100000000)
 Metaspace       used 44429K, capacity 44894K, committed 45228K, reserved 1089536K
  class space    used 4933K, capacity 5072K, committed 5136K, reserved 1048576K
}
2016-06-21T17:58:37.538+0100: 198.598: Total time for which application threads were stopped: 0.0078434 seconds, Stopping threads took: 0.0001117 seconds
2016-06-21T17:58:38.539+0100: 199.598: Total time for which application threads were stopped: 0.0001599 seconds, Stopping threads took: 0.0000300 seconds
2016-06-21T17:58:44.541+0100: 205.601: Total time for which application threads were stopped: 0.0001109 seconds, Stopping threads took: 0.0000308 seconds
2016-06-21T17:59:28.562+0100: 249.622: Total time for which application threads were stopped: 0.0002475 seconds, Stopping threads took: 0.0000411 seconds
2016-06-21T18:00:18.589+0100: 299.649: Total time for which application threads were stopped: 0.0000940 seconds, Stopping threads took: 0.0000312 seconds
2016-06-21T18:00:48.609+0100: 329.669: Total time for which application threads were stopped: 0.0001022 seconds, Stopping threads took: 0.0000280 seconds
2016-06-21T18:00:56.894+0100: 337.954: Total time for which application threads were stopped: 0.0001259 seconds, Stopping threads took: 0.0000343 seconds
2016-06-21T18:00:57.910+0100: 338.969: Total time for which application threads were stopped: 0.0001133 seconds, Stopping threads took: 0.0000304 seconds
2016-06-21T18:02:26.043+0100: 427.103: Total time for which application threads were stopped: 0.0001374 seconds, Stopping threads took: 0.0000395 seconds
2016-06-21T18:02:26.057+0100: 427.117: Total time for which application threads were stopped: 0.0001101 seconds, Stopping threads took: 0.0000233 seconds
2016-06-21T18:02:26.058+0100: 427.117: Total time for which application threads were stopped: 0.0000774 seconds, Stopping threads took: 0.0000170 seconds
2016-06-21T18:02:26.058+0100: 427.118: Total time for which application threads were stopped: 0.0000679 seconds, Stopping threads took: 0.0000154 seconds
2016-06-21T18:02:26.059+0100: 427.118: Total time for which application threads were stopped: 0.0000703 seconds, Stopping threads took: 0.0000189 seconds
2016-06-21T18:02:26.059+0100: 427.118: Total time for which application threads were stopped: 0.0000541 seconds, Stopping threads took: 0.0000130 seconds
2016-06-21T18:02:27.059+0100: 428.118: Total time for which application threads were stopped: 0.0002219 seconds, Stopping threads took: 0.0000754 seconds
2016-06-21T18:04:53.827+0100: 574.886: Total time for which application threads were stopped: 0.0014420 seconds, Stopping threads took: 0.0000324 seconds
2016-06-21T18:04:53.828+0100: 574.888: Total time for which application threads were stopped: 0.0006048 seconds, Stopping threads took: 0.0000170 seconds
2016-06-21T18:04:53.831+0100: 574.891: Total time for which application threads were stopped: 0.0000896 seconds, Stopping threads took: 0.0000276 seconds
2016-06-21T18:04:53.832+0100: 574.891: Total time for which application threads were stopped: 0.0000612 seconds, Stopping threads took: 0.0000142 seconds
2016-06-21T18:04:53.835+0100: 574.894: Total time for which application threads were stopped: 0.0001003 seconds, Stopping threads took: 0.0000284 seconds
2016-06-21T18:04:53.835+0100: 574.895: Total time for which application threads were stopped: 0.0000493 seconds, Stopping threads took: 0.0000118 seconds
2016-06-21T18:04:53.836+0100: 574.896: Total time for which application threads were stopped: 0.0000588 seconds, Stopping threads took: 0.0000197 seconds
2016-06-21T18:04:53.836+0100: 574.896: Total time for which application threads were stopped: 0.0000600 seconds, Stopping threads took: 0.0000158 seconds
2016-06-21T18:04:53.920+0100: 574.979: Total time for which application threads were stopped: 0.0001011 seconds, Stopping threads took: 0.0000237 seconds
2016-06-21T18:04:53.920+0100: 574.979: Total time for which application threads were stopped: 0.0000565 seconds, Stopping threads took: 0.0000130 seconds
2016-06-21T18:04:53.921+0100: 574.980: Total time for which application threads were stopped: 0.0000584 seconds, Stopping threads took: 0.0000130 seconds
2016-06-21T18:04:53.921+0100: 574.980: Total time for which application threads were stopped: 0.0000553 seconds, Stopping threads took: 0.0000122 seconds
2016-06-21T18:04:53.922+0100: 574.981: Total time for which application threads were stopped: 0.0000632 seconds, Stopping threads took: 0.0000134 seconds
2016-06-21T18:04:53.923+0100: 574.983: Total time for which application threads were stopped: 0.0000924 seconds, Stopping threads took: 0.0000154 seconds
2016-06-21T18:04:53.923+0100: 574.983: Total time for which application threads were stopped: 0.0000466 seconds, Stopping threads took: 0.0000142 seconds
2016-06-21T18:04:53.924+0100: 574.983: Total time for which application threads were stopped: 0.0000414 seconds, Stopping threads took: 0.0000111 seconds
2016-06-21T18:04:53.924+0100: 574.984: Total time for which application threads were stopped: 0.0000592 seconds, Stopping threads took: 0.0000276 seconds
Heap
 par new generation   total 109248K, used 57117K [0x00000000e0000000, 0x00000000e8000000, 0x00000000e8000000)
  eden space 87424K,  44% used [0x00000000e0000000, 0x00000000e26212f8, 0x00000000e5560000)
  from space 21824K,  82% used [0x00000000e6ab0000, 0x00000000e7c563f0, 0x00000000e8000000)
  to   space 21824K,   0% used [0x00000000e5560000, 0x00000000e5560000, 0x00000000e6ab0000)
 concurrent mark-sweep generation total 393216K, used 87118K [0x00000000e8000000, 0x0000000100000000, 0x0000000100000000)
 Metaspace       used 44691K, capacity 45150K, committed 45484K, reserved 1089536K
  class space    used 4945K, capacity 5072K, committed 5136K, reserved 1048576K
