Java HotSpot(TM) 64-Bit Server VM (25.73-b02) for windows-amd64 JRE (1.8.0_73-b02), built on Jan 29 2016 17:38:49 by "java_re" with MS VC++ 10.0 (VS2010)
Memory: 4k page, physical 4027256k(1145904k free), swap 8052676k(1905052k free)
CommandLine flags: -XX:CMSInitiatingOccupancyFraction=50 -XX:CMSMaxAbortablePrecleanTime=6000 -XX:+CMSParallelRemarkEnabled -XX:+CMSScavengeBeforeRemark -XX:ConcGCThreads=4 -XX:InitialHeapSize=536870912 -XX:MaxHeapSize=536870912 -XX:MaxTenuringThreshold=8 -XX:NewRatio=3 -XX:OldPLABSize=16 -XX:ParallelGCThreads=4 -XX:+ParallelRefProcEnabled -XX:PretenureSizeThreshold=67108864 -XX:+PrintGC -XX:+PrintGCApplicationStoppedTime -XX:+PrintGCDateStamps -XX:+PrintGCDetails -XX:+PrintGCTimeStamps -XX:+PrintHeapAtGC -XX:+PrintTenuringDistribution -XX:SurvivorRatio=4 -XX:TargetSurvivorRatio=90 -XX:ThreadStackSize=256 -XX:+UseCMSInitiatingOccupancyOnly -XX:+UseCompressedClassPointers -XX:+UseCompressedOops -XX:+UseConcMarkSweepGC -XX:-UseLargePagesIndividualAllocation -XX:+UseParNewGC 
2016-03-15T16:36:09.145+0000: 0.896: Total time for which application threads were stopped: 0.0001895 seconds, Stopping threads took: 0.0000419 seconds
2016-03-15T16:36:10.146+0000: 1.895: Total time for which application threads were stopped: 0.0001887 seconds, Stopping threads took: 0.0000395 seconds
2016-03-15T16:36:10.432+0000: 2.181: Total time for which application threads were stopped: 0.0002314 seconds, Stopping threads took: 0.0000482 seconds
2016-03-15T16:36:10.478+0000: 2.227: Total time for which application threads were stopped: 0.0002100 seconds, Stopping threads took: 0.0000434 seconds
2016-03-15T16:36:11.218+0000: 2.968: Total time for which application threads were stopped: 0.0002772 seconds, Stopping threads took: 0.0000450 seconds
2016-03-15T16:36:11.567+0000: 3.317: Total time for which application threads were stopped: 0.0004517 seconds, Stopping threads took: 0.0000916 seconds
2016-03-15T16:36:11.599+0000: 3.349: Total time for which application threads were stopped: 0.0002906 seconds, Stopping threads took: 0.0000497 seconds
2016-03-15T16:36:12.601+0000: 4.350: Total time for which application threads were stopped: 0.0017704 seconds, Stopping threads took: 0.0016661 seconds
2016-03-15T16:36:12.987+0000: 4.736: Total time for which application threads were stopped: 0.0179888 seconds, Stopping threads took: 0.0175411 seconds
{Heap before GC invocations=0 (full 0):
 par new generation   total 109248K, used 87424K [0x00000000e0000000, 0x00000000e8000000, 0x00000000e8000000)
  eden space 87424K, 100% used [0x00000000e0000000, 0x00000000e5560000, 0x00000000e5560000)
  from space 21824K,   0% used [0x00000000e5560000, 0x00000000e5560000, 0x00000000e6ab0000)
  to   space 21824K,   0% used [0x00000000e6ab0000, 0x00000000e6ab0000, 0x00000000e8000000)
 concurrent mark-sweep generation total 393216K, used 0K [0x00000000e8000000, 0x0000000100000000, 0x0000000100000000)
 Metaspace       used 10150K, capacity 10344K, committed 10496K, reserved 1058816K
  class space    used 1166K, capacity 1212K, committed 1280K, reserved 1048576K
2016-03-15T16:36:13.724+0000: 5.474: [GC (Allocation Failure) 2016-03-15T16:36:13.725+0000: 5.474: [ParNew
Desired survivor size 20112992 bytes, new threshold 8 (max 8)
- age   1:    5746280 bytes,    5746280 total
: 87424K->5690K(109248K), 0.0353823 secs] 87424K->5690K(502464K), 0.0358569 secs] [Times: user=0.05 sys=0.00, real=0.04 secs] 
Heap after GC invocations=1 (full 0):
 par new generation   total 109248K, used 5690K [0x00000000e0000000, 0x00000000e8000000, 0x00000000e8000000)
  eden space 87424K,   0% used [0x00000000e0000000, 0x00000000e0000000, 0x00000000e5560000)
  from space 21824K,  26% used [0x00000000e6ab0000, 0x00000000e703e988, 0x00000000e8000000)
  to   space 21824K,   0% used [0x00000000e5560000, 0x00000000e5560000, 0x00000000e6ab0000)
 concurrent mark-sweep generation total 393216K, used 0K [0x00000000e8000000, 0x0000000100000000, 0x0000000100000000)
 Metaspace       used 10150K, capacity 10344K, committed 10496K, reserved 1058816K
  class space    used 1166K, capacity 1212K, committed 1280K, reserved 1048576K
}
2016-03-15T16:36:13.760+0000: 5.510: Total time for which application threads were stopped: 0.0363599 seconds, Stopping threads took: 0.0000616 seconds
2016-03-15T16:36:13.800+0000: 5.549: Total time for which application threads were stopped: 0.0003601 seconds, Stopping threads took: 0.0000853 seconds
2016-03-15T16:36:13.820+0000: 5.570: Total time for which application threads were stopped: 0.0001950 seconds, Stopping threads took: 0.0000750 seconds
2016-03-15T16:36:13.820+0000: 5.570: Total time for which application threads were stopped: 0.0001137 seconds, Stopping threads took: 0.0000332 seconds
2016-03-15T16:36:13.820+0000: 5.570: Total time for which application threads were stopped: 0.0001050 seconds, Stopping threads took: 0.0000284 seconds
2016-03-15T16:36:13.820+0000: 5.570: Total time for which application threads were stopped: 0.0001066 seconds, Stopping threads took: 0.0000300 seconds
2016-03-15T16:36:13.820+0000: 5.570: Total time for which application threads were stopped: 0.0001050 seconds, Stopping threads took: 0.0000284 seconds
2016-03-15T16:36:13.821+0000: 5.571: Total time for which application threads were stopped: 0.0001413 seconds, Stopping threads took: 0.0000600 seconds
2016-03-15T16:36:13.821+0000: 5.571: Total time for which application threads were stopped: 0.0001105 seconds, Stopping threads took: 0.0000284 seconds
2016-03-15T16:36:13.823+0000: 5.573: Total time for which application threads were stopped: 0.0007541 seconds, Stopping threads took: 0.0005993 seconds
2016-03-15T16:36:13.824+0000: 5.574: Total time for which application threads were stopped: 0.0007375 seconds, Stopping threads took: 0.0006278 seconds
2016-03-15T16:36:13.824+0000: 5.574: Total time for which application threads were stopped: 0.0001240 seconds, Stopping threads took: 0.0000308 seconds
2016-03-15T16:36:13.825+0000: 5.575: Total time for which application threads were stopped: 0.0006862 seconds, Stopping threads took: 0.0005583 seconds
2016-03-15T16:36:13.825+0000: 5.575: Total time for which application threads were stopped: 0.0006767 seconds, Stopping threads took: 0.0005796 seconds
2016-03-15T16:36:13.826+0000: 5.575: Total time for which application threads were stopped: 0.0001232 seconds, Stopping threads took: 0.0000308 seconds
2016-03-15T16:36:13.826+0000: 5.576: Total time for which application threads were stopped: 0.0001216 seconds, Stopping threads took: 0.0000300 seconds
2016-03-15T16:36:13.828+0000: 5.578: Total time for which application threads were stopped: 0.0001532 seconds, Stopping threads took: 0.0000395 seconds
2016-03-15T16:36:13.828+0000: 5.578: Total time for which application threads were stopped: 0.0001200 seconds, Stopping threads took: 0.0000292 seconds
2016-03-15T16:36:13.829+0000: 5.578: Total time for which application threads were stopped: 0.0001429 seconds, Stopping threads took: 0.0000292 seconds
2016-03-15T16:36:13.829+0000: 5.579: Total time for which application threads were stopped: 0.0001192 seconds, Stopping threads took: 0.0000300 seconds
2016-03-15T16:36:13.829+0000: 5.579: Total time for which application threads were stopped: 0.0002235 seconds, Stopping threads took: 0.0000276 seconds
2016-03-15T16:36:14.309+0000: 6.059: Total time for which application threads were stopped: 0.0003388 seconds, Stopping threads took: 0.0000474 seconds
2016-03-15T16:36:14.496+0000: 6.246: Total time for which application threads were stopped: 0.0005291 seconds, Stopping threads took: 0.0000695 seconds
2016-03-15T16:36:14.582+0000: 6.332: Total time for which application threads were stopped: 0.0003601 seconds, Stopping threads took: 0.0000490 seconds
2016-03-15T16:36:14.590+0000: 6.340: Total time for which application threads were stopped: 0.0004422 seconds, Stopping threads took: 0.0000403 seconds
2016-03-15T16:36:14.896+0000: 6.648: Total time for which application threads were stopped: 0.0004272 seconds, Stopping threads took: 0.0000490 seconds
2016-03-15T16:36:14.896+0000: 6.651: Total time for which application threads were stopped: 0.0003585 seconds, Stopping threads took: 0.0000434 seconds
2016-03-15T16:36:14.906+0000: 6.660: Total time for which application threads were stopped: 0.0004075 seconds, Stopping threads took: 0.0000505 seconds
2016-03-15T16:36:15.711+0000: 7.461: Total time for which application threads were stopped: 0.0002211 seconds, Stopping threads took: 0.0000450 seconds
2016-03-15T16:36:15.761+0000: 7.511: Total time for which application threads were stopped: 0.0001595 seconds, Stopping threads took: 0.0000608 seconds
2016-03-15T16:36:15.761+0000: 7.511: Total time for which application threads were stopped: 0.0000940 seconds, Stopping threads took: 0.0000261 seconds
2016-03-15T16:36:15.779+0000: 7.529: Total time for which application threads were stopped: 0.0001232 seconds, Stopping threads took: 0.0000403 seconds
2016-03-15T16:36:15.779+0000: 7.529: Total time for which application threads were stopped: 0.0000711 seconds, Stopping threads took: 0.0000268 seconds
2016-03-15T16:36:15.781+0000: 7.530: Total time for which application threads were stopped: 0.0001390 seconds, Stopping threads took: 0.0000419 seconds
2016-03-15T16:36:15.781+0000: 7.531: Total time for which application threads were stopped: 0.0000805 seconds, Stopping threads took: 0.0000284 seconds
2016-03-15T16:36:15.788+0000: 7.538: Total time for which application threads were stopped: 0.0001232 seconds, Stopping threads took: 0.0000466 seconds
2016-03-15T16:36:15.789+0000: 7.538: Total time for which application threads were stopped: 0.0000742 seconds, Stopping threads took: 0.0000268 seconds
2016-03-15T16:36:15.789+0000: 7.539: Total time for which application threads were stopped: 0.0000829 seconds, Stopping threads took: 0.0000324 seconds
2016-03-15T16:36:15.789+0000: 7.539: Total time for which application threads were stopped: 0.0000695 seconds, Stopping threads took: 0.0000261 seconds
2016-03-15T16:36:15.790+0000: 7.540: Total time for which application threads were stopped: 0.0000758 seconds, Stopping threads took: 0.0000292 seconds
2016-03-15T16:36:15.790+0000: 7.540: Total time for which application threads were stopped: 0.0000703 seconds, Stopping threads took: 0.0000261 seconds
2016-03-15T16:36:15.791+0000: 7.541: Total time for which application threads were stopped: 0.0000924 seconds, Stopping threads took: 0.0000324 seconds
2016-03-15T16:36:15.797+0000: 7.547: Total time for which application threads were stopped: 0.0001137 seconds, Stopping threads took: 0.0000466 seconds
2016-03-15T16:36:15.797+0000: 7.547: Total time for which application threads were stopped: 0.0000695 seconds, Stopping threads took: 0.0000261 seconds
2016-03-15T16:36:15.798+0000: 7.548: Total time for which application threads were stopped: 0.0001027 seconds, Stopping threads took: 0.0000253 seconds
2016-03-15T16:36:15.798+0000: 7.548: Total time for which application threads were stopped: 0.0000679 seconds, Stopping threads took: 0.0000253 seconds
2016-03-15T16:36:15.798+0000: 7.548: Total time for which application threads were stopped: 0.0000671 seconds, Stopping threads took: 0.0000253 seconds
2016-03-15T16:36:15.798+0000: 7.548: Total time for which application threads were stopped: 0.0000679 seconds, Stopping threads took: 0.0000253 seconds
2016-03-15T16:36:15.798+0000: 7.548: Total time for which application threads were stopped: 0.0000663 seconds, Stopping threads took: 0.0000253 seconds
2016-03-15T16:36:15.798+0000: 7.548: Total time for which application threads were stopped: 0.0000663 seconds, Stopping threads took: 0.0000253 seconds
2016-03-15T16:36:15.798+0000: 7.548: Total time for which application threads were stopped: 0.0000695 seconds, Stopping threads took: 0.0000268 seconds
2016-03-15T16:36:15.798+0000: 7.548: Total time for which application threads were stopped: 0.0000679 seconds, Stopping threads took: 0.0000261 seconds
2016-03-15T16:36:15.799+0000: 7.549: Total time for which application threads were stopped: 0.0000711 seconds, Stopping threads took: 0.0000292 seconds
2016-03-15T16:36:15.801+0000: 7.551: Total time for which application threads were stopped: 0.0001050 seconds, Stopping threads took: 0.0000411 seconds
2016-03-15T16:36:15.801+0000: 7.551: Total time for which application threads were stopped: 0.0000703 seconds, Stopping threads took: 0.0000261 seconds
2016-03-15T16:36:15.802+0000: 7.552: Total time for which application threads were stopped: 0.0000695 seconds, Stopping threads took: 0.0000261 seconds
2016-03-15T16:36:15.802+0000: 7.552: Total time for which application threads were stopped: 0.0000679 seconds, Stopping threads took: 0.0000253 seconds
2016-03-15T16:36:15.816+0000: 7.566: Total time for which application threads were stopped: 0.0001295 seconds, Stopping threads took: 0.0000482 seconds
2016-03-15T16:36:15.843+0000: 7.593: Total time for which application threads were stopped: 0.0001287 seconds, Stopping threads took: 0.0000537 seconds
2016-03-15T16:36:15.843+0000: 7.593: Total time for which application threads were stopped: 0.0002369 seconds, Stopping threads took: 0.0000261 seconds
2016-03-15T16:36:15.844+0000: 7.594: Total time for which application threads were stopped: 0.0003711 seconds, Stopping threads took: 0.0000316 seconds
2016-03-15T16:36:15.901+0000: 7.651: Total time for which application threads were stopped: 0.0001698 seconds, Stopping threads took: 0.0000576 seconds
2016-03-15T16:36:15.921+0000: 7.671: Total time for which application threads were stopped: 0.0001279 seconds, Stopping threads took: 0.0000505 seconds
2016-03-15T16:36:15.921+0000: 7.671: Total time for which application threads were stopped: 0.0000742 seconds, Stopping threads took: 0.0000268 seconds
2016-03-15T16:36:15.921+0000: 7.671: Total time for which application threads were stopped: 0.0000711 seconds, Stopping threads took: 0.0000261 seconds
2016-03-15T16:36:15.922+0000: 7.672: Total time for which application threads were stopped: 0.0000734 seconds, Stopping threads took: 0.0000268 seconds
2016-03-15T16:36:15.922+0000: 7.672: Total time for which application threads were stopped: 0.0000703 seconds, Stopping threads took: 0.0000253 seconds
2016-03-15T16:36:15.922+0000: 7.672: Total time for which application threads were stopped: 0.0000703 seconds, Stopping threads took: 0.0000253 seconds
2016-03-15T16:36:15.922+0000: 7.672: Total time for which application threads were stopped: 0.0000703 seconds, Stopping threads took: 0.0000245 seconds
2016-03-15T16:36:15.922+0000: 7.672: Total time for which application threads were stopped: 0.0000711 seconds, Stopping threads took: 0.0000253 seconds
2016-03-15T16:36:15.922+0000: 7.672: Total time for which application threads were stopped: 0.0000695 seconds, Stopping threads took: 0.0000245 seconds
2016-03-15T16:36:15.922+0000: 7.672: Total time for which application threads were stopped: 0.0000703 seconds, Stopping threads took: 0.0000253 seconds
2016-03-15T16:36:15.922+0000: 7.672: Total time for which application threads were stopped: 0.0000703 seconds, Stopping threads took: 0.0000253 seconds
2016-03-15T16:36:15.922+0000: 7.672: Total time for which application threads were stopped: 0.0000703 seconds, Stopping threads took: 0.0000253 seconds
2016-03-15T16:36:15.923+0000: 7.673: Total time for which application threads were stopped: 0.0000758 seconds, Stopping threads took: 0.0000253 seconds
2016-03-15T16:36:15.923+0000: 7.673: Total time for which application threads were stopped: 0.0000711 seconds, Stopping threads took: 0.0000253 seconds
2016-03-15T16:36:15.923+0000: 7.673: Total time for which application threads were stopped: 0.0001208 seconds, Stopping threads took: 0.0000245 seconds
2016-03-15T16:36:15.923+0000: 7.673: Total time for which application threads were stopped: 0.0000734 seconds, Stopping threads took: 0.0000268 seconds
2016-03-15T16:36:15.923+0000: 7.673: Total time for which application threads were stopped: 0.0000703 seconds, Stopping threads took: 0.0000253 seconds
2016-03-15T16:36:15.923+0000: 7.673: Total time for which application threads were stopped: 0.0000711 seconds, Stopping threads took: 0.0000253 seconds
2016-03-15T16:36:15.923+0000: 7.673: Total time for which application threads were stopped: 0.0000703 seconds, Stopping threads took: 0.0000253 seconds
2016-03-15T16:36:15.924+0000: 7.674: Total time for which application threads were stopped: 0.0004003 seconds, Stopping threads took: 0.0000253 seconds
2016-03-15T16:36:15.924+0000: 7.674: Total time for which application threads were stopped: 0.0000853 seconds, Stopping threads took: 0.0000292 seconds
2016-03-15T16:36:15.924+0000: 7.674: Total time for which application threads were stopped: 0.0000734 seconds, Stopping threads took: 0.0000253 seconds
2016-03-15T16:36:15.924+0000: 7.674: Total time for which application threads were stopped: 0.0000734 seconds, Stopping threads took: 0.0000261 seconds
2016-03-15T16:36:15.925+0000: 7.675: Total time for which application threads were stopped: 0.0000829 seconds, Stopping threads took: 0.0000300 seconds
2016-03-15T16:36:15.937+0000: 7.687: Total time for which application threads were stopped: 0.0001824 seconds, Stopping threads took: 0.0000829 seconds
2016-03-15T16:36:15.937+0000: 7.687: Total time for which application threads were stopped: 0.0000758 seconds, Stopping threads took: 0.0000276 seconds
2016-03-15T16:36:15.937+0000: 7.687: Total time for which application threads were stopped: 0.0000726 seconds, Stopping threads took: 0.0000245 seconds
2016-03-15T16:36:15.937+0000: 7.687: Total time for which application threads were stopped: 0.0000837 seconds, Stopping threads took: 0.0000300 seconds
2016-03-15T16:36:15.938+0000: 7.688: Total time for which application threads were stopped: 0.0000948 seconds, Stopping threads took: 0.0000332 seconds
2016-03-15T16:36:15.938+0000: 7.688: Total time for which application threads were stopped: 0.0000798 seconds, Stopping threads took: 0.0000268 seconds
2016-03-15T16:36:15.938+0000: 7.688: Total time for which application threads were stopped: 0.0000853 seconds, Stopping threads took: 0.0000261 seconds
2016-03-15T16:36:15.939+0000: 7.689: Total time for which application threads were stopped: 0.0001003 seconds, Stopping threads took: 0.0000355 seconds
2016-03-15T16:36:15.941+0000: 7.691: Total time for which application threads were stopped: 0.0001334 seconds, Stopping threads took: 0.0000497 seconds
2016-03-15T16:36:15.941+0000: 7.691: Total time for which application threads were stopped: 0.0000908 seconds, Stopping threads took: 0.0000316 seconds
2016-03-15T16:36:15.941+0000: 7.691: Total time for which application threads were stopped: 0.0000750 seconds, Stopping threads took: 0.0000261 seconds
2016-03-15T16:36:15.945+0000: 7.695: Total time for which application threads were stopped: 0.0001421 seconds, Stopping threads took: 0.0000513 seconds
2016-03-15T16:36:15.947+0000: 7.697: Total time for which application threads were stopped: 0.0001437 seconds, Stopping threads took: 0.0000466 seconds
2016-03-15T16:36:15.947+0000: 7.697: Total time for which application threads were stopped: 0.0000805 seconds, Stopping threads took: 0.0000253 seconds
2016-03-15T16:36:15.947+0000: 7.697: Total time for which application threads were stopped: 0.0000798 seconds, Stopping threads took: 0.0000261 seconds
2016-03-15T16:36:15.947+0000: 7.697: Total time for which application threads were stopped: 0.0000845 seconds, Stopping threads took: 0.0000268 seconds
2016-03-15T16:36:15.964+0000: 7.714: Total time for which application threads were stopped: 0.0001390 seconds, Stopping threads took: 0.0000576 seconds
2016-03-15T16:36:15.975+0000: 7.726: Total time for which application threads were stopped: 0.0006980 seconds, Stopping threads took: 0.0000908 seconds
2016-03-15T16:36:15.978+0000: 7.728: Total time for which application threads were stopped: 0.0001287 seconds, Stopping threads took: 0.0000434 seconds
2016-03-15T16:36:15.978+0000: 7.728: Total time for which application threads were stopped: 0.0000774 seconds, Stopping threads took: 0.0000261 seconds
2016-03-15T16:36:15.978+0000: 7.728: Total time for which application threads were stopped: 0.0000750 seconds, Stopping threads took: 0.0000253 seconds
2016-03-15T16:36:15.979+0000: 7.729: Total time for which application threads were stopped: 0.0000948 seconds, Stopping threads took: 0.0000332 seconds
2016-03-15T16:36:15.991+0000: 7.741: Total time for which application threads were stopped: 0.0001208 seconds, Stopping threads took: 0.0000458 seconds
2016-03-15T16:36:16.006+0000: 7.756: Total time for which application threads were stopped: 0.0001429 seconds, Stopping threads took: 0.0000474 seconds
2016-03-15T16:36:16.006+0000: 7.756: Total time for which application threads were stopped: 0.0000924 seconds, Stopping threads took: 0.0000324 seconds
2016-03-15T16:36:16.006+0000: 7.756: Total time for which application threads were stopped: 0.0000758 seconds, Stopping threads took: 0.0000268 seconds
2016-03-15T16:36:16.007+0000: 7.756: Total time for which application threads were stopped: 0.0000798 seconds, Stopping threads took: 0.0000268 seconds
2016-03-15T16:36:16.021+0000: 7.771: Total time for which application threads were stopped: 0.0001477 seconds, Stopping threads took: 0.0000561 seconds
2016-03-15T16:36:16.022+0000: 7.771: Total time for which application threads were stopped: 0.0000774 seconds, Stopping threads took: 0.0000261 seconds
2016-03-15T16:36:16.022+0000: 7.772: Total time for which application threads were stopped: 0.0000726 seconds, Stopping threads took: 0.0000253 seconds
2016-03-15T16:36:16.023+0000: 7.773: Total time for which application threads were stopped: 0.0013155 seconds, Stopping threads took: 0.0012287 seconds
2016-03-15T16:36:16.055+0000: 7.805: Total time for which application threads were stopped: 0.0001287 seconds, Stopping threads took: 0.0000482 seconds
2016-03-15T16:36:16.060+0000: 7.810: Total time for which application threads were stopped: 0.0001461 seconds, Stopping threads took: 0.0000561 seconds
2016-03-15T16:36:16.060+0000: 7.810: Total time for which application threads were stopped: 0.0000774 seconds, Stopping threads took: 0.0000284 seconds
2016-03-15T16:36:16.060+0000: 7.810: Total time for which application threads were stopped: 0.0000766 seconds, Stopping threads took: 0.0000284 seconds
2016-03-15T16:36:16.061+0000: 7.811: Total time for which application threads were stopped: 0.0000837 seconds, Stopping threads took: 0.0000308 seconds
2016-03-15T16:36:16.079+0000: 7.829: Total time for which application threads were stopped: 0.0001295 seconds, Stopping threads took: 0.0000584 seconds
2016-03-15T16:36:16.090+0000: 7.840: Total time for which application threads were stopped: 0.0001485 seconds, Stopping threads took: 0.0000576 seconds
2016-03-15T16:36:16.090+0000: 7.840: Total time for which application threads were stopped: 0.0000798 seconds, Stopping threads took: 0.0000284 seconds
2016-03-15T16:36:16.090+0000: 7.840: Total time for which application threads were stopped: 0.0000774 seconds, Stopping threads took: 0.0000284 seconds
2016-03-15T16:36:16.091+0000: 7.841: Total time for which application threads were stopped: 0.0001098 seconds, Stopping threads took: 0.0000434 seconds
2016-03-15T16:36:17.216+0000: 8.966: Total time for which application threads were stopped: 0.0049597 seconds, Stopping threads took: 0.0047458 seconds
2016-03-15T16:36:17.217+0000: 8.967: Total time for which application threads were stopped: 0.0000979 seconds, Stopping threads took: 0.0000426 seconds
2016-03-15T16:36:17.217+0000: 8.967: Total time for which application threads were stopped: 0.0000774 seconds, Stopping threads took: 0.0000268 seconds
2016-03-15T16:36:17.217+0000: 8.967: Total time for which application threads were stopped: 0.0001524 seconds, Stopping threads took: 0.0000292 seconds
2016-03-15T16:36:17.219+0000: 8.969: Total time for which application threads were stopped: 0.0001563 seconds, Stopping threads took: 0.0000569 seconds
2016-03-15T16:36:17.219+0000: 8.969: Total time for which application threads were stopped: 0.0000766 seconds, Stopping threads took: 0.0000261 seconds
2016-03-15T16:36:17.219+0000: 8.969: Total time for which application threads were stopped: 0.0000750 seconds, Stopping threads took: 0.0000253 seconds
2016-03-15T16:36:17.220+0000: 8.970: Total time for which application threads were stopped: 0.0000829 seconds, Stopping threads took: 0.0000284 seconds
2016-03-15T16:36:17.323+0000: 9.073: Total time for which application threads were stopped: 0.0001927 seconds, Stopping threads took: 0.0000505 seconds
2016-03-15T16:36:17.326+0000: 9.076: Total time for which application threads were stopped: 0.0001177 seconds, Stopping threads took: 0.0000434 seconds
2016-03-15T16:36:17.327+0000: 9.077: Total time for which application threads were stopped: 0.0000798 seconds, Stopping threads took: 0.0000276 seconds
2016-03-15T16:36:17.328+0000: 9.078: Total time for which application threads were stopped: 0.0001232 seconds, Stopping threads took: 0.0000308 seconds
2016-03-15T16:36:17.328+0000: 9.078: Total time for which application threads were stopped: 0.0000798 seconds, Stopping threads took: 0.0000261 seconds
2016-03-15T16:36:17.328+0000: 9.078: Total time for which application threads were stopped: 0.0000805 seconds, Stopping threads took: 0.0000276 seconds
2016-03-15T16:36:17.328+0000: 9.078: Total time for which application threads were stopped: 0.0000782 seconds, Stopping threads took: 0.0000253 seconds
2016-03-15T16:36:17.329+0000: 9.079: Total time for which application threads were stopped: 0.0001579 seconds, Stopping threads took: 0.0000268 seconds
2016-03-15T16:36:17.330+0000: 9.080: Total time for which application threads were stopped: 0.0001027 seconds, Stopping threads took: 0.0000347 seconds
2016-03-15T16:36:17.330+0000: 9.080: Total time for which application threads were stopped: 0.0002322 seconds, Stopping threads took: 0.0000268 seconds
2016-03-15T16:36:17.347+0000: 9.097: Total time for which application threads were stopped: 0.0008157 seconds, Stopping threads took: 0.0006988 seconds
2016-03-15T16:36:17.354+0000: 9.104: Total time for which application threads were stopped: 0.0026761 seconds, Stopping threads took: 0.0025719 seconds
2016-03-15T16:36:17.362+0000: 9.112: Total time for which application threads were stopped: 0.0040011 seconds, Stopping threads took: 0.0038827 seconds
2016-03-15T16:36:17.363+0000: 9.113: Total time for which application threads were stopped: 0.0001232 seconds, Stopping threads took: 0.0000458 seconds
2016-03-15T16:36:17.367+0000: 9.117: Total time for which application threads were stopped: 0.0001658 seconds, Stopping threads took: 0.0000513 seconds
2016-03-15T16:36:17.395+0000: 9.145: Total time for which application threads were stopped: 0.0001524 seconds, Stopping threads took: 0.0000521 seconds
2016-03-15T16:36:17.413+0000: 9.163: Total time for which application threads were stopped: 0.0001540 seconds, Stopping threads took: 0.0000466 seconds
2016-03-15T16:36:17.413+0000: 9.163: Total time for which application threads were stopped: 0.0000829 seconds, Stopping threads took: 0.0000253 seconds
2016-03-15T16:36:17.417+0000: 9.167: Total time for which application threads were stopped: 0.0001714 seconds, Stopping threads took: 0.0000561 seconds
2016-03-15T16:36:17.420+0000: 9.170: Total time for which application threads were stopped: 0.0001816 seconds, Stopping threads took: 0.0000821 seconds
2016-03-15T16:36:17.420+0000: 9.171: Total time for which application threads were stopped: 0.0001082 seconds, Stopping threads took: 0.0000300 seconds
2016-03-15T16:36:17.449+0000: 9.199: Total time for which application threads were stopped: 0.0028048 seconds, Stopping threads took: 0.0026003 seconds
2016-03-15T16:36:17.456+0000: 9.206: Total time for which application threads were stopped: 0.0012855 seconds, Stopping threads took: 0.0005614 seconds
2016-03-15T16:36:17.458+0000: 9.208: Total time for which application threads were stopped: 0.0001824 seconds, Stopping threads took: 0.0000395 seconds
2016-03-15T16:36:17.460+0000: 9.210: Total time for which application threads were stopped: 0.0001248 seconds, Stopping threads took: 0.0000387 seconds
2016-03-15T16:36:17.461+0000: 9.211: Total time for which application threads were stopped: 0.0002108 seconds, Stopping threads took: 0.0000450 seconds
2016-03-15T16:36:17.468+0000: 9.218: Total time for which application threads were stopped: 0.0001540 seconds, Stopping threads took: 0.0000695 seconds
2016-03-15T16:36:17.472+0000: 9.222: Total time for which application threads were stopped: 0.0001295 seconds, Stopping threads took: 0.0000482 seconds
2016-03-15T16:36:17.483+0000: 9.233: Total time for which application threads were stopped: 0.0001445 seconds, Stopping threads took: 0.0000553 seconds
2016-03-15T16:36:17.488+0000: 9.238: Total time for which application threads were stopped: 0.0032075 seconds, Stopping threads took: 0.0030883 seconds
2016-03-15T16:36:17.488+0000: 9.238: Total time for which application threads were stopped: 0.0001011 seconds, Stopping threads took: 0.0000419 seconds
2016-03-15T16:36:17.491+0000: 9.241: Total time for which application threads were stopped: 0.0001263 seconds, Stopping threads took: 0.0000482 seconds
2016-03-15T16:36:17.497+0000: 9.247: Total time for which application threads were stopped: 0.0001595 seconds, Stopping threads took: 0.0000569 seconds
2016-03-15T16:36:17.497+0000: 9.247: Total time for which application threads were stopped: 0.0000869 seconds, Stopping threads took: 0.0000300 seconds
2016-03-15T16:36:17.502+0000: 9.252: Total time for which application threads were stopped: 0.0001508 seconds, Stopping threads took: 0.0000537 seconds
2016-03-15T16:36:17.593+0000: 9.343: Total time for which application threads were stopped: 0.0001548 seconds, Stopping threads took: 0.0000497 seconds
2016-03-15T16:36:17.601+0000: 9.351: Total time for which application threads were stopped: 0.0001808 seconds, Stopping threads took: 0.0000474 seconds
2016-03-15T16:36:17.620+0000: 9.370: Total time for which application threads were stopped: 0.0012366 seconds, Stopping threads took: 0.0011008 seconds
2016-03-15T16:36:17.678+0000: 9.428: Total time for which application threads were stopped: 0.0006973 seconds, Stopping threads took: 0.0000648 seconds
2016-03-15T16:36:17.700+0000: 9.450: Total time for which application threads were stopped: 0.0001445 seconds, Stopping threads took: 0.0000505 seconds
2016-03-15T16:36:17.772+0000: 9.523: Total time for which application threads were stopped: 0.0001366 seconds, Stopping threads took: 0.0000513 seconds
2016-03-15T16:36:17.775+0000: 9.525: Total time for which application threads were stopped: 0.0001050 seconds, Stopping threads took: 0.0000347 seconds
2016-03-15T16:36:17.776+0000: 9.527: Total time for which application threads were stopped: 0.0001066 seconds, Stopping threads took: 0.0000371 seconds
2016-03-15T16:36:17.779+0000: 9.529: Total time for which application threads were stopped: 0.0000955 seconds, Stopping threads took: 0.0000316 seconds
2016-03-15T16:36:17.782+0000: 9.532: Total time for which application threads were stopped: 0.0002724 seconds, Stopping threads took: 0.0000395 seconds
2016-03-15T16:36:18.113+0000: 9.864: Total time for which application threads were stopped: 0.0041685 seconds, Stopping threads took: 0.0040232 seconds
2016-03-15T16:36:18.175+0000: 9.926: Total time for which application threads were stopped: 0.0001943 seconds, Stopping threads took: 0.0000671 seconds
2016-03-15T16:36:18.176+0000: 9.926: Total time for which application threads were stopped: 0.0000853 seconds, Stopping threads took: 0.0000276 seconds
2016-03-15T16:36:18.176+0000: 9.926: Total time for which application threads were stopped: 0.0000805 seconds, Stopping threads took: 0.0000261 seconds
2016-03-15T16:36:18.176+0000: 9.926: Total time for which application threads were stopped: 0.0000813 seconds, Stopping threads took: 0.0000268 seconds
2016-03-15T16:36:18.176+0000: 9.926: Total time for which application threads were stopped: 0.0000790 seconds, Stopping threads took: 0.0000253 seconds
2016-03-15T16:36:18.176+0000: 9.926: Total time for which application threads were stopped: 0.0000821 seconds, Stopping threads took: 0.0000268 seconds
2016-03-15T16:36:18.176+0000: 9.926: Total time for which application threads were stopped: 0.0000805 seconds, Stopping threads took: 0.0000253 seconds
2016-03-15T16:36:18.176+0000: 9.927: Total time for which application threads were stopped: 0.0000798 seconds, Stopping threads took: 0.0000261 seconds
2016-03-15T16:36:18.177+0000: 9.927: Total time for which application threads were stopped: 0.0001579 seconds, Stopping threads took: 0.0000995 seconds
2016-03-15T16:36:18.177+0000: 9.927: Total time for which application threads were stopped: 0.0000782 seconds, Stopping threads took: 0.0000253 seconds
2016-03-15T16:36:18.177+0000: 9.927: Total time for which application threads were stopped: 0.0000774 seconds, Stopping threads took: 0.0000245 seconds
2016-03-15T16:36:18.177+0000: 9.927: Total time for which application threads were stopped: 0.0000790 seconds, Stopping threads took: 0.0000253 seconds
2016-03-15T16:36:18.177+0000: 9.927: Total time for which application threads were stopped: 0.0000790 seconds, Stopping threads took: 0.0000253 seconds
2016-03-15T16:36:18.183+0000: 9.933: Total time for which application threads were stopped: 0.0001477 seconds, Stopping threads took: 0.0000529 seconds
2016-03-15T16:36:18.183+0000: 9.933: Total time for which application threads were stopped: 0.0000813 seconds, Stopping threads took: 0.0000261 seconds
2016-03-15T16:36:18.183+0000: 9.933: Total time for which application threads were stopped: 0.0000805 seconds, Stopping threads took: 0.0000261 seconds
2016-03-15T16:36:18.183+0000: 9.933: Total time for which application threads were stopped: 0.0000798 seconds, Stopping threads took: 0.0000261 seconds
2016-03-15T16:36:18.183+0000: 9.933: Total time for which application threads were stopped: 0.0000798 seconds, Stopping threads took: 0.0000253 seconds
2016-03-15T16:36:18.183+0000: 9.934: Total time for which application threads were stopped: 0.0000798 seconds, Stopping threads took: 0.0000261 seconds
2016-03-15T16:36:18.184+0000: 9.934: Total time for which application threads were stopped: 0.0002716 seconds, Stopping threads took: 0.0000284 seconds
2016-03-15T16:36:20.491+0000: 12.243: Total time for which application threads were stopped: 0.0001706 seconds, Stopping threads took: 0.0000537 seconds
2016-03-15T16:36:20.491+0000: 12.243: Total time for which application threads were stopped: 0.0000782 seconds, Stopping threads took: 0.0000276 seconds
2016-03-15T16:36:20.536+0000: 12.286: Total time for which application threads were stopped: 0.0001350 seconds, Stopping threads took: 0.0000403 seconds
2016-03-15T16:36:20.542+0000: 12.292: Total time for which application threads were stopped: 0.0002748 seconds, Stopping threads took: 0.0000450 seconds
2016-03-15T16:36:20.542+0000: 12.292: Total time for which application threads were stopped: 0.0000971 seconds, Stopping threads took: 0.0000316 seconds
2016-03-15T16:36:20.543+0000: 12.293: Total time for which application threads were stopped: 0.0001184 seconds, Stopping threads took: 0.0000442 seconds
2016-03-15T16:36:20.544+0000: 12.294: Total time for which application threads were stopped: 0.0001153 seconds, Stopping threads took: 0.0000300 seconds
2016-03-15T16:36:20.544+0000: 12.294: Total time for which application threads were stopped: 0.0000869 seconds, Stopping threads took: 0.0000316 seconds
2016-03-15T16:36:20.544+0000: 12.294: Total time for which application threads were stopped: 0.0000805 seconds, Stopping threads took: 0.0000284 seconds
2016-03-15T16:36:20.544+0000: 12.294: Total time for which application threads were stopped: 0.0000798 seconds, Stopping threads took: 0.0000284 seconds
2016-03-15T16:36:20.545+0000: 12.295: Total time for which application threads were stopped: 0.0001105 seconds, Stopping threads took: 0.0000347 seconds
2016-03-15T16:36:20.545+0000: 12.295: Total time for which application threads were stopped: 0.0000837 seconds, Stopping threads took: 0.0000284 seconds
2016-03-15T16:36:20.546+0000: 12.296: Total time for which application threads were stopped: 0.0001177 seconds, Stopping threads took: 0.0000355 seconds
2016-03-15T16:36:20.546+0000: 12.296: Total time for which application threads were stopped: 0.0000877 seconds, Stopping threads took: 0.0000308 seconds
2016-03-15T16:36:20.546+0000: 12.296: Total time for which application threads were stopped: 0.0000798 seconds, Stopping threads took: 0.0000284 seconds
2016-03-15T16:36:20.546+0000: 12.296: Total time for which application threads were stopped: 0.0000782 seconds, Stopping threads took: 0.0000284 seconds
2016-03-15T16:36:20.546+0000: 12.297: Total time for which application threads were stopped: 0.0000782 seconds, Stopping threads took: 0.0000284 seconds
2016-03-15T16:36:20.547+0000: 12.297: Total time for which application threads were stopped: 0.0002993 seconds, Stopping threads took: 0.0002424 seconds
2016-03-15T16:36:20.547+0000: 12.297: Total time for which application threads were stopped: 0.0000813 seconds, Stopping threads took: 0.0000284 seconds
2016-03-15T16:36:20.547+0000: 12.297: Total time for which application threads were stopped: 0.0000900 seconds, Stopping threads took: 0.0000308 seconds
2016-03-15T16:36:20.548+0000: 12.298: Total time for which application threads were stopped: 0.0004683 seconds, Stopping threads took: 0.0000292 seconds
2016-03-15T16:36:20.653+0000: 12.403: Total time for which application threads were stopped: 0.0001453 seconds, Stopping threads took: 0.0000411 seconds
2016-03-15T16:36:44.695+0000: 36.445: Total time for which application threads were stopped: 0.0001390 seconds, Stopping threads took: 0.0000545 seconds
2016-03-15T16:36:45.094+0000: 36.844: Total time for which application threads were stopped: 0.0001998 seconds, Stopping threads took: 0.0000576 seconds
2016-03-15T16:36:45.096+0000: 36.846: Total time for which application threads were stopped: 0.0001058 seconds, Stopping threads took: 0.0000387 seconds
2016-03-15T16:36:45.096+0000: 36.847: Total time for which application threads were stopped: 0.0000750 seconds, Stopping threads took: 0.0000284 seconds
2016-03-15T16:36:45.096+0000: 36.847: Total time for which application threads were stopped: 0.0002195 seconds, Stopping threads took: 0.0001698 seconds
2016-03-15T16:36:45.096+0000: 36.847: Total time for which application threads were stopped: 0.0000711 seconds, Stopping threads took: 0.0000268 seconds
2016-03-15T16:36:45.109+0000: 36.860: Total time for which application threads were stopped: 0.0004177 seconds, Stopping threads took: 0.0000442 seconds
2016-03-15T16:36:45.114+0000: 36.864: Total time for which application threads were stopped: 0.0001287 seconds, Stopping threads took: 0.0000537 seconds
2016-03-15T16:36:45.115+0000: 36.865: Total time for which application threads were stopped: 0.0000948 seconds, Stopping threads took: 0.0000340 seconds
2016-03-15T16:36:45.115+0000: 36.865: Total time for which application threads were stopped: 0.0000726 seconds, Stopping threads took: 0.0000292 seconds
2016-03-15T16:36:45.115+0000: 36.865: Total time for which application threads were stopped: 0.0000703 seconds, Stopping threads took: 0.0000276 seconds
2016-03-15T16:36:45.126+0000: 36.876: Total time for which application threads were stopped: 0.0001342 seconds, Stopping threads took: 0.0000497 seconds
2016-03-15T16:36:45.126+0000: 36.877: Total time for which application threads were stopped: 0.0000726 seconds, Stopping threads took: 0.0000261 seconds
2016-03-15T16:36:45.146+0000: 36.897: Total time for which application threads were stopped: 0.0001800 seconds, Stopping threads took: 0.0000869 seconds
2016-03-15T16:36:45.149+0000: 36.900: Total time for which application threads were stopped: 0.0001342 seconds, Stopping threads took: 0.0000545 seconds
2016-03-15T16:36:45.173+0000: 36.923: Total time for which application threads were stopped: 0.0001658 seconds, Stopping threads took: 0.0000529 seconds
2016-03-15T16:36:45.173+0000: 36.923: Total time for which application threads were stopped: 0.0000805 seconds, Stopping threads took: 0.0000268 seconds
2016-03-15T16:36:45.173+0000: 36.924: Total time for which application threads were stopped: 0.0000916 seconds, Stopping threads took: 0.0000387 seconds
2016-03-15T16:36:45.174+0000: 36.924: Total time for which application threads were stopped: 0.0001500 seconds, Stopping threads took: 0.0000845 seconds
2016-03-15T16:36:45.190+0000: 36.941: Total time for which application threads were stopped: 0.0001374 seconds, Stopping threads took: 0.0000458 seconds
2016-03-15T16:36:45.190+0000: 36.941: Total time for which application threads were stopped: 0.0000750 seconds, Stopping threads took: 0.0000221 seconds
2016-03-15T16:36:45.190+0000: 36.941: Total time for which application threads were stopped: 0.0000719 seconds, Stopping threads took: 0.0000213 seconds
2016-03-15T16:36:45.191+0000: 36.942: Total time for which application threads were stopped: 0.0000877 seconds, Stopping threads took: 0.0000261 seconds
2016-03-15T16:36:45.215+0000: 36.974: Total time for which application threads were stopped: 0.0001256 seconds, Stopping threads took: 0.0000395 seconds
2016-03-15T16:36:45.215+0000: 36.974: Total time for which application threads were stopped: 0.0000774 seconds, Stopping threads took: 0.0000213 seconds
2016-03-15T16:36:45.215+0000: 36.974: Total time for which application threads were stopped: 0.0000719 seconds, Stopping threads took: 0.0000197 seconds
2016-03-15T16:36:45.215+0000: 36.975: Total time for which application threads were stopped: 0.0000742 seconds, Stopping threads took: 0.0000205 seconds
2016-03-15T16:36:45.225+0000: 36.982: Total time for which application threads were stopped: 0.0001532 seconds, Stopping threads took: 0.0000616 seconds
2016-03-15T16:36:45.225+0000: 36.982: Total time for which application threads were stopped: 0.0000798 seconds, Stopping threads took: 0.0000276 seconds
2016-03-15T16:36:45.225+0000: 36.982: Total time for which application threads were stopped: 0.0000774 seconds, Stopping threads took: 0.0000268 seconds
2016-03-15T16:36:45.225+0000: 36.983: Total time for which application threads were stopped: 0.0000963 seconds, Stopping threads took: 0.0000292 seconds
2016-03-15T16:36:45.430+0000: 37.180: Total time for which application threads were stopped: 0.0002006 seconds, Stopping threads took: 0.0000426 seconds
2016-03-15T16:36:45.433+0000: 37.184: Total time for which application threads were stopped: 0.0001256 seconds, Stopping threads took: 0.0000403 seconds
2016-03-15T16:36:45.435+0000: 37.185: Total time for which application threads were stopped: 0.0001145 seconds, Stopping threads took: 0.0000395 seconds
2016-03-15T16:36:45.436+0000: 37.187: Total time for which application threads were stopped: 0.0001477 seconds, Stopping threads took: 0.0000758 seconds
2016-03-15T16:36:45.442+0000: 37.193: Total time for which application threads were stopped: 0.0001334 seconds, Stopping threads took: 0.0000403 seconds
2016-03-15T16:36:45.443+0000: 37.193: Total time for which application threads were stopped: 0.0000813 seconds, Stopping threads took: 0.0000284 seconds
2016-03-15T16:36:45.443+0000: 37.194: Total time for which application threads were stopped: 0.0002945 seconds, Stopping threads took: 0.0000355 seconds
2016-03-15T16:36:45.444+0000: 37.195: Total time for which application threads were stopped: 0.0001105 seconds, Stopping threads took: 0.0000403 seconds
{Heap before GC invocations=1 (full 0):
 par new generation   total 109248K, used 93114K [0x00000000e0000000, 0x00000000e8000000, 0x00000000e8000000)
  eden space 87424K, 100% used [0x00000000e0000000, 0x00000000e5560000, 0x00000000e5560000)
  from space 21824K,  26% used [0x00000000e6ab0000, 0x00000000e703e988, 0x00000000e8000000)
  to   space 21824K,   0% used [0x00000000e5560000, 0x00000000e5560000, 0x00000000e6ab0000)
 concurrent mark-sweep generation total 393216K, used 0K [0x00000000e8000000, 0x0000000100000000, 0x0000000100000000)
 Metaspace       used 20811K, capacity 21108K, committed 21296K, reserved 1069056K
  class space    used 2466K, capacity 2584K, committed 2608K, reserved 1048576K
2016-03-15T16:36:45.480+0000: 37.231: [GC (Allocation Failure) 2016-03-15T16:36:45.480+0000: 37.231: [ParNew
Desired survivor size 20112992 bytes, new threshold 8 (max 8)
- age   1:    9094240 bytes,    9094240 total
- age   2:    2549464 bytes,   11643704 total
: 93114K->12172K(109248K), 0.0444719 secs] 93114K->12172K(502464K), 0.0446077 secs] [Times: user=0.08 sys=0.01, real=0.05 secs] 
Heap after GC invocations=2 (full 0):
 par new generation   total 109248K, used 12172K [0x00000000e0000000, 0x00000000e8000000, 0x00000000e8000000)
  eden space 87424K,   0% used [0x00000000e0000000, 0x00000000e0000000, 0x00000000e5560000)
  from space 21824K,  55% used [0x00000000e5560000, 0x00000000e61430a8, 0x00000000e6ab0000)
  to   space 21824K,   0% used [0x00000000e6ab0000, 0x00000000e6ab0000, 0x00000000e8000000)
 concurrent mark-sweep generation total 393216K, used 0K [0x00000000e8000000, 0x0000000100000000, 0x0000000100000000)
 Metaspace       used 20811K, capacity 21108K, committed 21296K, reserved 1069056K
  class space    used 2466K, capacity 2584K, committed 2608K, reserved 1048576K
}
2016-03-15T16:36:45.525+0000: 37.276: Total time for which application threads were stopped: 0.0450870 seconds, Stopping threads took: 0.0000655 seconds
2016-03-15T16:36:45.534+0000: 37.285: Total time for which application threads were stopped: 0.0001587 seconds, Stopping threads took: 0.0000655 seconds
2016-03-15T16:36:45.535+0000: 37.286: Total time for which application threads were stopped: 0.0012824 seconds, Stopping threads took: 0.0011947 seconds
2016-03-15T16:36:45.539+0000: 37.290: Total time for which application threads were stopped: 0.0017949 seconds, Stopping threads took: 0.0016962 seconds
2016-03-15T16:36:45.541+0000: 37.291: Total time for which application threads were stopped: 0.0001358 seconds, Stopping threads took: 0.0000663 seconds
2016-03-15T16:36:45.541+0000: 37.291: Total time for which application threads were stopped: 0.0000805 seconds, Stopping threads took: 0.0000276 seconds
2016-03-15T16:36:45.541+0000: 37.292: Total time for which application threads were stopped: 0.0000766 seconds, Stopping threads took: 0.0000253 seconds
2016-03-15T16:36:45.541+0000: 37.292: Total time for which application threads were stopped: 0.0000766 seconds, Stopping threads took: 0.0000261 seconds
2016-03-15T16:36:45.541+0000: 37.292: Total time for which application threads were stopped: 0.0000766 seconds, Stopping threads took: 0.0000253 seconds
2016-03-15T16:36:45.541+0000: 37.292: Total time for which application threads were stopped: 0.0000758 seconds, Stopping threads took: 0.0000253 seconds
2016-03-15T16:36:45.541+0000: 37.292: Total time for which application threads were stopped: 0.0000742 seconds, Stopping threads took: 0.0000253 seconds
2016-03-15T16:36:45.542+0000: 37.292: Total time for which application threads were stopped: 0.0000758 seconds, Stopping threads took: 0.0000261 seconds
2016-03-15T16:36:45.542+0000: 37.292: Total time for which application threads were stopped: 0.0000758 seconds, Stopping threads took: 0.0000253 seconds
2016-03-15T16:36:45.542+0000: 37.292: Total time for which application threads were stopped: 0.0000766 seconds, Stopping threads took: 0.0000253 seconds
2016-03-15T16:36:45.542+0000: 37.293: Total time for which application threads were stopped: 0.0002329 seconds, Stopping threads took: 0.0000261 seconds
2016-03-15T16:36:45.542+0000: 37.293: Total time for which application threads were stopped: 0.0001105 seconds, Stopping threads took: 0.0000545 seconds
2016-03-15T16:36:45.542+0000: 37.293: Total time for which application threads were stopped: 0.0000900 seconds, Stopping threads took: 0.0000340 seconds
2016-03-15T16:36:45.542+0000: 37.293: Total time for which application threads were stopped: 0.0000908 seconds, Stopping threads took: 0.0000316 seconds
2016-03-15T16:36:45.543+0000: 37.293: Total time for which application threads were stopped: 0.0000877 seconds, Stopping threads took: 0.0000340 seconds
2016-03-15T16:36:45.543+0000: 37.293: Total time for which application threads were stopped: 0.0000892 seconds, Stopping threads took: 0.0000324 seconds
2016-03-15T16:36:45.543+0000: 37.294: Total time for which application threads were stopped: 0.0000948 seconds, Stopping threads took: 0.0000403 seconds
2016-03-15T16:36:45.543+0000: 37.294: Total time for which application threads were stopped: 0.0002843 seconds, Stopping threads took: 0.0000292 seconds
2016-03-15T16:36:45.558+0000: 37.309: Total time for which application threads were stopped: 0.0001919 seconds, Stopping threads took: 0.0000569 seconds
2016-03-15T16:36:45.558+0000: 37.309: Total time for which application threads were stopped: 0.0000908 seconds, Stopping threads took: 0.0000379 seconds
2016-03-15T16:36:45.559+0000: 37.310: Total time for which application threads were stopped: 0.0001042 seconds, Stopping threads took: 0.0000340 seconds
2016-03-15T16:36:45.578+0000: 37.329: Total time for which application threads were stopped: 0.0001642 seconds, Stopping threads took: 0.0000561 seconds
2016-03-15T16:36:45.672+0000: 37.423: Total time for which application threads were stopped: 0.0001832 seconds, Stopping threads took: 0.0000419 seconds
2016-03-15T16:36:45.695+0000: 37.446: Total time for which application threads were stopped: 0.0004667 seconds, Stopping threads took: 0.0000553 seconds
2016-03-15T16:36:45.987+0000: 37.737: Total time for which application threads were stopped: 0.0027914 seconds, Stopping threads took: 0.0026295 seconds
2016-03-15T16:36:46.243+0000: 37.993: Total time for which application threads were stopped: 0.0002322 seconds, Stopping threads took: 0.0000450 seconds
2016-03-15T16:36:46.281+0000: 38.031: Total time for which application threads were stopped: 0.0001611 seconds, Stopping threads took: 0.0000450 seconds
2016-03-15T16:36:46.598+0000: 38.348: Total time for which application threads were stopped: 0.0001753 seconds, Stopping threads took: 0.0000529 seconds
2016-03-15T16:36:46.629+0000: 38.379: Total time for which application threads were stopped: 0.0009792 seconds, Stopping threads took: 0.0008694 seconds
2016-03-15T16:36:46.724+0000: 38.474: Total time for which application threads were stopped: 0.0004098 seconds, Stopping threads took: 0.0000821 seconds
2016-03-15T16:36:46.725+0000: 38.475: Total time for which application threads were stopped: 0.0004777 seconds, Stopping threads took: 0.0002511 seconds
2016-03-15T16:36:46.728+0000: 38.478: Total time for which application threads were stopped: 0.0003585 seconds, Stopping threads took: 0.0000569 seconds
2016-03-15T16:36:46.752+0000: 38.502: Total time for which application threads were stopped: 0.0001682 seconds, Stopping threads took: 0.0000592 seconds
2016-03-15T16:36:46.818+0000: 38.568: Total time for which application threads were stopped: 0.0001587 seconds, Stopping threads took: 0.0000434 seconds
{Heap before GC invocations=2 (full 0):
 par new generation   total 109248K, used 99596K [0x00000000e0000000, 0x00000000e8000000, 0x00000000e8000000)
  eden space 87424K, 100% used [0x00000000e0000000, 0x00000000e5560000, 0x00000000e5560000)
  from space 21824K,  55% used [0x00000000e5560000, 0x00000000e61430a8, 0x00000000e6ab0000)
  to   space 21824K,   0% used [0x00000000e6ab0000, 0x00000000e6ab0000, 0x00000000e8000000)
 concurrent mark-sweep generation total 393216K, used 0K [0x00000000e8000000, 0x0000000100000000, 0x0000000100000000)
 Metaspace       used 22875K, capacity 23226K, committed 23620K, reserved 1071104K
  class space    used 2712K, capacity 2841K, committed 2912K, reserved 1048576K
2016-03-15T16:36:46.921+0000: 38.671: [GC (Allocation Failure) 2016-03-15T16:36:46.921+0000: 38.671: [ParNew
Desired survivor size 20112992 bytes, new threshold 8 (max 8)
- age   1:    2408272 bytes,    2408272 total
- age   2:    3016048 bytes,    5424320 total
- age   3:    2543608 bytes,    7967928 total
: 99596K->14196K(109248K), 0.0299282 secs] 99596K->14196K(502464K), 0.0300949 secs] [Times: user=0.06 sys=0.00, real=0.03 secs] 
Heap after GC invocations=3 (full 0):
 par new generation   total 109248K, used 14196K [0x00000000e0000000, 0x00000000e8000000, 0x00000000e8000000)
  eden space 87424K,   0% used [0x00000000e0000000, 0x00000000e0000000, 0x00000000e5560000)
  from space 21824K,  65% used [0x00000000e6ab0000, 0x00000000e788d2a0, 0x00000000e8000000)
  to   space 21824K,   0% used [0x00000000e5560000, 0x00000000e5560000, 0x00000000e6ab0000)
 concurrent mark-sweep generation total 393216K, used 0K [0x00000000e8000000, 0x0000000100000000, 0x0000000100000000)
 Metaspace       used 22875K, capacity 23226K, committed 23620K, reserved 1071104K
  class space    used 2712K, capacity 2841K, committed 2912K, reserved 1048576K
}
2016-03-15T16:36:46.952+0000: 38.701: Total time for which application threads were stopped: 0.0305118 seconds, Stopping threads took: 0.0000434 seconds
2016-03-15T16:36:46.952+0000: 38.702: [GC (CMS Initial Mark) [1 CMS-initial-mark: 0K(393216K)] 15467K(502464K), 0.0134129 secs] [Times: user=0.02 sys=0.00, real=0.01 secs] 
2016-03-15T16:36:46.966+0000: 38.715: Total time for which application threads were stopped: 0.0136490 seconds, Stopping threads took: 0.0000466 seconds
2016-03-15T16:36:46.966+0000: 38.715: [CMS-concurrent-mark-start]
2016-03-15T16:36:46.969+0000: 38.719: [CMS-concurrent-mark: 0.003/0.003 secs] [Times: user=0.00 sys=0.00, real=0.00 secs] 
2016-03-15T16:36:46.969+0000: 38.719: [CMS-concurrent-preclean-start]
2016-03-15T16:36:46.972+0000: 38.721: [CMS-concurrent-preclean: 0.003/0.003 secs] [Times: user=0.03 sys=0.00, real=0.00 secs] 
2016-03-15T16:36:46.974+0000: 38.724: [GC (CMS Final Remark) [YG occupancy: 15467 K (109248 K)]2016-03-15T16:36:46.974+0000: 38.724: [Rescan (parallel) , 0.0100822 secs]2016-03-15T16:36:46.984+0000: 38.734: [weak refs processing, 0.0027116 secs]2016-03-15T16:36:46.987+0000: 38.737: [class unloading, 0.0083749 secs]2016-03-15T16:36:46.995+0000: 38.745: [scrub symbol table, 0.0097687 secs]2016-03-15T16:36:47.005+0000: 38.755: [scrub string table, 0.0007225 secs][1 CMS-remark: 0K(393216K)] 15467K(502464K), 0.0336514 secs] [Times: user=0.02 sys=0.01, real=0.03 secs] 
2016-03-15T16:36:47.008+0000: 38.757: Total time for which application threads were stopped: 0.0338883 seconds, Stopping threads took: 0.0000466 seconds
2016-03-15T16:36:47.011+0000: 38.760: [CMS-concurrent-sweep-start]
2016-03-15T16:36:47.011+0000: 38.760: [CMS-concurrent-sweep: 0.000/0.000 secs] [Times: user=0.00 sys=0.00, real=0.00 secs] 
{Heap before GC invocations=3 (full 1):
 par new generation   total 109248K, used 15467K [0x00000000e0000000, 0x00000000e8000000, 0x00000000e8000000)
  eden space 87424K,   1% used [0x00000000e0000000, 0x00000000e013dc00, 0x00000000e5560000)
  from space 21824K,  65% used [0x00000000e6ab0000, 0x00000000e788d2a0, 0x00000000e8000000)
  to   space 21824K,   0% used [0x00000000e5560000, 0x00000000e5560000, 0x00000000e6ab0000)
 concurrent mark-sweep generation total 393216K, used 0K [0x00000000e8000000, 0x0000000100000000, 0x0000000100000000)
 Metaspace       used 22875K, capacity 23226K, committed 23620K, reserved 1071104K
  class space    used 2712K, capacity 2841K, committed 2912K, reserved 1048576K
2016-03-15T16:36:47.011+0000: 38.761: [GC (GCLocker Initiated GC) 2016-03-15T16:36:47.011+0000: 38.761: [ParNew
Desired survivor size 20112992 bytes, new threshold 8 (max 8)
- age   1:     488456 bytes,     488456 total
- age   2:     866504 bytes,    1354960 total
- age   3:    3016048 bytes,    4371008 total
- age   4:    2543608 bytes,    6914616 total
: 15467K->7650K(109248K), 0.0273722 secs] 15467K->7650K(502464K), 0.0274914 secs] [Times: user=0.03 sys=0.00, real=0.03 secs] 
Heap after GC invocations=4 (full 1):
 par new generation   total 109248K, used 7650K [0x00000000e0000000, 0x00000000e8000000, 0x00000000e8000000)
  eden space 87424K,   0% used [0x00000000e0000000, 0x00000000e0000000, 0x00000000e5560000)
  from space 21824K,  35% used [0x00000000e5560000, 0x00000000e5cd8880, 0x00000000e6ab0000)
  to   space 21824K,   0% used [0x00000000e6ab0000, 0x00000000e6ab0000, 0x00000000e8000000)
 concurrent mark-sweep generation total 393216K, used 0K [0x00000000e8000000, 0x0000000100000000, 0x0000000100000000)
 Metaspace       used 22875K, capacity 23226K, committed 23620K, reserved 1071104K
  class space    used 2712K, capacity 2841K, committed 2912K, reserved 1048576K
}
2016-03-15T16:36:47.039+0000: 38.788: Total time for which application threads were stopped: 0.0279210 seconds, Stopping threads took: 0.0000782 seconds
2016-03-15T16:36:47.040+0000: 38.790: [CMS-concurrent-reset-start]
2016-03-15T16:36:47.046+0000: 38.796: [CMS-concurrent-reset: 0.006/0.006 secs] [Times: user=0.00 sys=0.00, real=0.01 secs] 
2016-03-15T16:36:47.174+0000: 38.924: Total time for which application threads were stopped: 0.0005054 seconds, Stopping threads took: 0.0001358 seconds
2016-03-15T16:36:47.360+0000: 39.110: Total time for which application threads were stopped: 0.0001500 seconds, Stopping threads took: 0.0000497 seconds
2016-03-15T16:36:47.616+0000: 39.366: Total time for which application threads were stopped: 0.0001840 seconds, Stopping threads took: 0.0000521 seconds
2016-03-15T16:36:47.634+0000: 39.384: Total time for which application threads were stopped: 0.0001824 seconds, Stopping threads took: 0.0000474 seconds
2016-03-15T16:36:47.646+0000: 39.396: Total time for which application threads were stopped: 0.0002006 seconds, Stopping threads took: 0.0000529 seconds
2016-03-15T16:36:47.648+0000: 39.397: Total time for which application threads were stopped: 0.0001540 seconds, Stopping threads took: 0.0000419 seconds
2016-03-15T16:36:47.684+0000: 39.434: Total time for which application threads were stopped: 0.0001398 seconds, Stopping threads took: 0.0000513 seconds
2016-03-15T16:36:48.686+0000: 40.435: Total time for which application threads were stopped: 0.0001469 seconds, Stopping threads took: 0.0000569 seconds
2016-03-15T16:37:10.735+0000: 62.486: Total time for which application threads were stopped: 0.0013977 seconds, Stopping threads took: 0.0012713 seconds
2016-03-15T16:37:10.735+0000: 62.486: Total time for which application threads were stopped: 0.0001832 seconds, Stopping threads took: 0.0000411 seconds
2016-03-15T16:37:10.780+0000: 62.530: Total time for which application threads were stopped: 0.0002732 seconds, Stopping threads took: 0.0001169 seconds
{Heap before GC invocations=4 (full 1):
 par new generation   total 109248K, used 95074K [0x00000000e0000000, 0x00000000e8000000, 0x00000000e8000000)
  eden space 87424K, 100% used [0x00000000e0000000, 0x00000000e5560000, 0x00000000e5560000)
  from space 21824K,  35% used [0x00000000e5560000, 0x00000000e5cd8880, 0x00000000e6ab0000)
  to   space 21824K,   0% used [0x00000000e6ab0000, 0x00000000e6ab0000, 0x00000000e8000000)
 concurrent mark-sweep generation total 393216K, used 0K [0x00000000e8000000, 0x0000000100000000, 0x0000000100000000)
 Metaspace       used 23479K, capacity 23796K, committed 24260K, reserved 1071104K
  class space    used 2799K, capacity 2942K, committed 3040K, reserved 1048576K
2016-03-15T16:37:10.791+0000: 62.542: [GC (Allocation Failure) 2016-03-15T16:37:10.791+0000: 62.542: [ParNew
Desired survivor size 20112992 bytes, new threshold 8 (max 8)
- age   1:     752352 bytes,     752352 total
- age   2:       2504 bytes,     754856 total
- age   3:     219704 bytes,     974560 total
- age   4:    2950848 bytes,    3925408 total
- age   5:    2543288 bytes,    6468696 total
: 95074K->10536K(109248K), 0.0251335 secs] 95074K->10536K(502464K), 0.0252970 secs] [Times: user=0.03 sys=0.00, real=0.03 secs] 
Heap after GC invocations=5 (full 1):
 par new generation   total 109248K, used 10536K [0x00000000e0000000, 0x00000000e8000000, 0x00000000e8000000)
  eden space 87424K,   0% used [0x00000000e0000000, 0x00000000e0000000, 0x00000000e5560000)
  from space 21824K,  48% used [0x00000000e6ab0000, 0x00000000e74fa0d0, 0x00000000e8000000)
  to   space 21824K,   0% used [0x00000000e5560000, 0x00000000e5560000, 0x00000000e6ab0000)
 concurrent mark-sweep generation total 393216K, used 0K [0x00000000e8000000, 0x0000000100000000, 0x0000000100000000)
 Metaspace       used 23479K, capacity 23796K, committed 24260K, reserved 1071104K
  class space    used 2799K, capacity 2942K, committed 3040K, reserved 1048576K
}
2016-03-15T16:37:10.816+0000: 62.567: Total time for which application threads were stopped: 0.0257076 seconds, Stopping threads took: 0.0000497 seconds
2016-03-15T16:37:10.818+0000: 62.569: Total time for which application threads were stopped: 0.0003490 seconds, Stopping threads took: 0.0001864 seconds
2016-03-15T16:37:11.107+0000: 62.858: Total time for which application threads were stopped: 0.0002866 seconds, Stopping threads took: 0.0000648 seconds
{Heap before GC invocations=5 (full 1):
 par new generation   total 109248K, used 97960K [0x00000000e0000000, 0x00000000e8000000, 0x00000000e8000000)
  eden space 87424K, 100% used [0x00000000e0000000, 0x00000000e5560000, 0x00000000e5560000)
  from space 21824K,  48% used [0x00000000e6ab0000, 0x00000000e74fa0d0, 0x00000000e8000000)
  to   space 21824K,   0% used [0x00000000e5560000, 0x00000000e5560000, 0x00000000e6ab0000)
 concurrent mark-sweep generation total 393216K, used 0K [0x00000000e8000000, 0x0000000100000000, 0x0000000100000000)
 Metaspace       used 23564K, capacity 23866K, committed 24260K, reserved 1071104K
  class space    used 2799K, capacity 2943K, committed 3040K, reserved 1048576K
2016-03-15T16:37:11.160+0000: 62.911: [GC (Allocation Failure) 2016-03-15T16:37:11.160+0000: 62.911: [ParNew
Desired survivor size 20112992 bytes, new threshold 8 (max 8)
- age   1:     745080 bytes,     745080 total
- age   2:     207640 bytes,     952720 total
- age   3:        152 bytes,     952872 total
- age   4:     219600 bytes,    1172472 total
- age   5:    2950848 bytes,    4123320 total
- age   6:    2543288 bytes,    6666608 total
: 97960K->8482K(109248K), 0.0271613 secs] 97960K->8482K(502464K), 0.0273398 secs] [Times: user=0.06 sys=0.00, real=0.03 secs] 
Heap after GC invocations=6 (full 1):
 par new generation   total 109248K, used 8482K [0x00000000e0000000, 0x00000000e8000000, 0x00000000e8000000)
  eden space 87424K,   0% used [0x00000000e0000000, 0x00000000e0000000, 0x00000000e5560000)
  from space 21824K,  38% used [0x00000000e5560000, 0x00000000e5da88d0, 0x00000000e6ab0000)
  to   space 21824K,   0% used [0x00000000e6ab0000, 0x00000000e6ab0000, 0x00000000e8000000)
 concurrent mark-sweep generation total 393216K, used 0K [0x00000000e8000000, 0x0000000100000000, 0x0000000100000000)
 Metaspace       used 23564K, capacity 23866K, committed 24260K, reserved 1071104K
  class space    used 2799K, capacity 2943K, committed 3040K, reserved 1048576K
}
2016-03-15T16:37:11.188+0000: 62.939: Total time for which application threads were stopped: 0.0277796 seconds, Stopping threads took: 0.0000640 seconds
2016-03-15T16:37:11.232+0000: 62.983: Total time for which application threads were stopped: 0.0100514 seconds, Stopping threads took: 0.0098192 seconds
2016-03-15T16:37:12.232+0000: 63.983: Total time for which application threads were stopped: 0.0001777 seconds, Stopping threads took: 0.0000529 seconds
2016-03-15T16:38:28.392+0000: 140.144: Total time for which application threads were stopped: 0.0001485 seconds, Stopping threads took: 0.0000482 seconds
2016-03-15T16:39:12.814+0000: 184.570: Total time for which application threads were stopped: 0.0001595 seconds, Stopping threads took: 0.0000442 seconds
2016-03-15T16:39:12.834+0000: 184.590: Total time for which application threads were stopped: 0.0001469 seconds, Stopping threads took: 0.0000371 seconds
2016-03-15T16:39:12.890+0000: 184.646: Total time for which application threads were stopped: 0.0001595 seconds, Stopping threads took: 0.0000537 seconds
2016-03-15T16:39:13.890+0000: 185.646: Total time for which application threads were stopped: 0.0001445 seconds, Stopping threads took: 0.0000497 seconds
2016-03-15T16:39:23.906+0000: 195.662: Total time for which application threads were stopped: 0.0001445 seconds, Stopping threads took: 0.0000474 seconds
2016-03-15T16:39:26.908+0000: 198.664: Total time for which application threads were stopped: 0.0001682 seconds, Stopping threads took: 0.0000545 seconds
2016-03-15T16:39:28.912+0000: 200.668: Total time for which application threads were stopped: 0.0001745 seconds, Stopping threads took: 0.0000505 seconds
2016-03-15T16:39:30.913+0000: 202.668: Total time for which application threads were stopped: 0.0001477 seconds, Stopping threads took: 0.0000466 seconds
2016-03-15T16:39:47.946+0000: 219.702: Total time for which application threads were stopped: 0.0001492 seconds, Stopping threads took: 0.0000576 seconds
2016-03-15T16:40:02.036+0000: 233.800: Total time for which application threads were stopped: 0.0001579 seconds, Stopping threads took: 0.0000505 seconds
2016-03-15T16:40:02.046+0000: 233.803: Total time for which application threads were stopped: 0.0001540 seconds, Stopping threads took: 0.0000474 seconds
2016-03-15T16:40:02.068+0000: 233.824: Total time for which application threads were stopped: 0.0001690 seconds, Stopping threads took: 0.0000474 seconds
2016-03-15T16:40:02.074+0000: 233.830: Total time for which application threads were stopped: 0.0005480 seconds, Stopping threads took: 0.0000521 seconds
2016-03-15T16:40:02.075+0000: 233.831: Total time for which application threads were stopped: 0.0001066 seconds, Stopping threads took: 0.0000347 seconds
2016-03-15T16:40:02.075+0000: 233.831: Total time for which application threads were stopped: 0.0000884 seconds, Stopping threads took: 0.0000268 seconds
2016-03-15T16:40:02.076+0000: 233.832: Total time for which application threads were stopped: 0.0001177 seconds, Stopping threads took: 0.0000379 seconds
2016-03-15T16:40:02.076+0000: 233.832: Total time for which application threads were stopped: 0.0000877 seconds, Stopping threads took: 0.0000284 seconds
2016-03-15T16:40:02.076+0000: 233.832: Total time for which application threads were stopped: 0.0000884 seconds, Stopping threads took: 0.0000276 seconds
2016-03-15T16:40:02.078+0000: 233.835: Total time for which application threads were stopped: 0.0002922 seconds, Stopping threads took: 0.0000537 seconds
2016-03-15T16:40:02.079+0000: 233.835: Total time for which application threads were stopped: 0.0000979 seconds, Stopping threads took: 0.0000324 seconds
2016-03-15T16:40:02.079+0000: 233.835: Total time for which application threads were stopped: 0.0000908 seconds, Stopping threads took: 0.0000300 seconds
2016-03-15T16:40:02.080+0000: 233.836: Total time for which application threads were stopped: 0.0001248 seconds, Stopping threads took: 0.0000387 seconds
2016-03-15T16:40:02.080+0000: 233.836: Total time for which application threads were stopped: 0.0000900 seconds, Stopping threads took: 0.0000300 seconds
2016-03-15T16:40:02.080+0000: 233.836: Total time for which application threads were stopped: 0.0000892 seconds, Stopping threads took: 0.0000292 seconds
2016-03-15T16:40:02.081+0000: 233.837: Total time for which application threads were stopped: 0.0001319 seconds, Stopping threads took: 0.0000403 seconds
2016-03-15T16:40:02.081+0000: 233.837: Total time for which application threads were stopped: 0.0000861 seconds, Stopping threads took: 0.0000253 seconds
2016-03-15T16:40:02.081+0000: 233.837: Total time for which application threads were stopped: 0.0000845 seconds, Stopping threads took: 0.0000253 seconds
2016-03-15T16:40:02.093+0000: 233.849: Total time for which application threads were stopped: 0.0001642 seconds, Stopping threads took: 0.0000482 seconds
2016-03-15T16:40:02.094+0000: 233.850: Total time for which application threads were stopped: 0.0001374 seconds, Stopping threads took: 0.0000371 seconds
2016-03-15T16:40:02.094+0000: 233.850: Total time for which application threads were stopped: 0.0000892 seconds, Stopping threads took: 0.0000213 seconds
2016-03-15T16:40:02.094+0000: 233.851: Total time for which application threads were stopped: 0.0000829 seconds, Stopping threads took: 0.0000197 seconds
2016-03-15T16:40:02.098+0000: 233.854: Total time for which application threads were stopped: 0.0001650 seconds, Stopping threads took: 0.0000521 seconds
2016-03-15T16:40:02.098+0000: 233.854: Total time for which application threads were stopped: 0.0000995 seconds, Stopping threads took: 0.0000347 seconds
2016-03-15T16:40:02.098+0000: 233.854: Total time for which application threads were stopped: 0.0000861 seconds, Stopping threads took: 0.0000261 seconds
2016-03-15T16:40:02.099+0000: 233.855: Total time for which application threads were stopped: 0.0001366 seconds, Stopping threads took: 0.0000395 seconds
2016-03-15T16:40:02.109+0000: 233.865: Total time for which application threads were stopped: 0.0001682 seconds, Stopping threads took: 0.0000482 seconds
2016-03-15T16:40:02.109+0000: 233.865: Total time for which application threads were stopped: 0.0000837 seconds, Stopping threads took: 0.0000221 seconds
2016-03-15T16:40:02.110+0000: 233.866: Total time for which application threads were stopped: 0.0001137 seconds, Stopping threads took: 0.0000276 seconds
2016-03-15T16:40:02.112+0000: 233.868: Total time for which application threads were stopped: 0.0001729 seconds, Stopping threads took: 0.0000466 seconds
2016-03-15T16:40:02.122+0000: 233.878: Total time for which application threads were stopped: 0.0002329 seconds, Stopping threads took: 0.0000687 seconds
2016-03-15T16:40:02.123+0000: 233.880: Total time for which application threads were stopped: 0.0001508 seconds, Stopping threads took: 0.0000474 seconds
2016-03-15T16:40:02.173+0000: 233.929: Total time for which application threads were stopped: 0.0001848 seconds, Stopping threads took: 0.0000497 seconds
{Heap before GC invocations=6 (full 1):
 par new generation   total 109248K, used 95906K [0x00000000e0000000, 0x00000000e8000000, 0x00000000e8000000)
  eden space 87424K, 100% used [0x00000000e0000000, 0x00000000e5560000, 0x00000000e5560000)
  from space 21824K,  38% used [0x00000000e5560000, 0x00000000e5da88d0, 0x00000000e6ab0000)
  to   space 21824K,   0% used [0x00000000e6ab0000, 0x00000000e6ab0000, 0x00000000e8000000)
 concurrent mark-sweep generation total 393216K, used 0K [0x00000000e8000000, 0x0000000100000000, 0x0000000100000000)
 Metaspace       used 23746K, capacity 24058K, committed 24516K, reserved 1071104K
  class space    used 2803K, capacity 2943K, committed 3040K, reserved 1048576K
2016-03-15T16:40:39.879+0000: 271.636: [GC (Allocation Failure) 2016-03-15T16:40:39.879+0000: 271.636: [ParNew
Desired survivor size 20112992 bytes, new threshold 8 (max 8)
- age   1:     549024 bytes,     549024 total
- age   2:      10088 bytes,     559112 total
- age   3:     157128 bytes,     716240 total
- age   4:        152 bytes,     716392 total
- age   5:     218928 bytes,     935320 total
- age   6:    2862152 bytes,    3797472 total
- age   7:    2540568 bytes,    6338040 total
: 95906K->8834K(109248K), 0.0388204 secs] 95906K->8834K(502464K), 0.0389483 secs] [Times: user=0.05 sys=0.00, real=0.04 secs] 
Heap after GC invocations=7 (full 1):
 par new generation   total 109248K, used 8834K [0x00000000e0000000, 0x00000000e8000000, 0x00000000e8000000)
  eden space 87424K,   0% used [0x00000000e0000000, 0x00000000e0000000, 0x00000000e5560000)
  from space 21824K,  40% used [0x00000000e6ab0000, 0x00000000e7350980, 0x00000000e8000000)
  to   space 21824K,   0% used [0x00000000e5560000, 0x00000000e5560000, 0x00000000e6ab0000)
 concurrent mark-sweep generation total 393216K, used 0K [0x00000000e8000000, 0x0000000100000000, 0x0000000100000000)
 Metaspace       used 23746K, capacity 24058K, committed 24516K, reserved 1071104K
  class space    used 2803K, capacity 2943K, committed 3040K, reserved 1048576K
}
2016-03-15T16:40:39.918+0000: 271.675: Total time for which application threads were stopped: 0.0395232 seconds, Stopping threads took: 0.0000679 seconds
2016-03-15T16:40:39.945+0000: 271.702: Total time for which application threads were stopped: 0.0003348 seconds, Stopping threads took: 0.0000790 seconds
2016-03-15T16:40:39.945+0000: 271.702: Total time for which application threads were stopped: 0.0001398 seconds, Stopping threads took: 0.0000632 seconds
2016-03-15T16:40:40.023+0000: 271.780: Total time for which application threads were stopped: 0.0001935 seconds, Stopping threads took: 0.0000505 seconds
{Heap before GC invocations=7 (full 1):
 par new generation   total 109248K, used 96258K [0x00000000e0000000, 0x00000000e8000000, 0x00000000e8000000)
  eden space 87424K, 100% used [0x00000000e0000000, 0x00000000e5560000, 0x00000000e5560000)
  from space 21824K,  40% used [0x00000000e6ab0000, 0x00000000e7350980, 0x00000000e8000000)
  to   space 21824K,   0% used [0x00000000e5560000, 0x00000000e5560000, 0x00000000e6ab0000)
 concurrent mark-sweep generation total 393216K, used 0K [0x00000000e8000000, 0x0000000100000000, 0x0000000100000000)
 Metaspace       used 23797K, capacity 24128K, committed 24516K, reserved 1071104K
  class space    used 2803K, capacity 2944K, committed 3040K, reserved 1048576K
2016-03-15T16:40:40.239+0000: 271.994: [GC (Allocation Failure) 2016-03-15T16:40:40.239+0000: 271.994: [ParNew
Desired survivor size 20112992 bytes, new threshold 8 (max 8)
- age   1:     839600 bytes,     839600 total
- age   2:     300408 bytes,    1140008 total
- age   3:      10088 bytes,    1150096 total
- age   4:     157128 bytes,    1307224 total
- age   5:        152 bytes,    1307376 total
- age   6:     218928 bytes,    1526304 total
- age   7:    2862128 bytes,    4388432 total
- age   8:    2540568 bytes,    6929000 total
: 96258K->7810K(109248K), 0.0278262 secs] 96258K->7810K(502464K), 0.0279770 secs] [Times: user=0.03 sys=0.00, real=0.03 secs] 
Heap after GC invocations=8 (full 1):
 par new generation   total 109248K, used 7810K [0x00000000e0000000, 0x00000000e8000000, 0x00000000e8000000)
  eden space 87424K,   0% used [0x00000000e0000000, 0x00000000e0000000, 0x00000000e5560000)
  from space 21824K,  35% used [0x00000000e5560000, 0x00000000e5d009e0, 0x00000000e6ab0000)
  to   space 21824K,   0% used [0x00000000e6ab0000, 0x00000000e6ab0000, 0x00000000e8000000)
 concurrent mark-sweep generation total 393216K, used 0K [0x00000000e8000000, 0x0000000100000000, 0x0000000100000000)
 Metaspace       used 23797K, capacity 24128K, committed 24516K, reserved 1071104K
  class space    used 2803K, capacity 2944K, committed 3040K, reserved 1048576K
}
2016-03-15T16:40:40.267+0000: 272.022: Total time for which application threads were stopped: 0.0283924 seconds, Stopping threads took: 0.0000497 seconds
2016-03-15T16:40:40.268+0000: 272.024: Total time for which application threads were stopped: 0.0002472 seconds, Stopping threads took: 0.0000813 seconds
2016-03-15T16:40:40.268+0000: 272.024: Total time for which application threads were stopped: 0.0001113 seconds, Stopping threads took: 0.0000426 seconds
2016-03-15T16:40:40.469+0000: 272.225: Total time for which application threads were stopped: 0.0002029 seconds, Stopping threads took: 0.0000624 seconds
2016-03-15T16:40:41.476+0000: 273.231: Total time for which application threads were stopped: 0.0001508 seconds, Stopping threads took: 0.0000529 seconds
2016-03-15T16:42:09.285+0000: 361.044: Total time for which application threads were stopped: 0.0001706 seconds, Stopping threads took: 0.0000584 seconds
{Heap before GC invocations=8 (full 1):
 par new generation   total 109248K, used 95234K [0x00000000e0000000, 0x00000000e8000000, 0x00000000e8000000)
  eden space 87424K, 100% used [0x00000000e0000000, 0x00000000e5560000, 0x00000000e5560000)
  from space 21824K,  35% used [0x00000000e5560000, 0x00000000e5d009e0, 0x00000000e6ab0000)
  to   space 21824K,   0% used [0x00000000e6ab0000, 0x00000000e6ab0000, 0x00000000e8000000)
 concurrent mark-sweep generation total 393216K, used 0K [0x00000000e8000000, 0x0000000100000000, 0x0000000100000000)
 Metaspace       used 23836K, capacity 24128K, committed 24516K, reserved 1071104K
  class space    used 2804K, capacity 2944K, committed 3040K, reserved 1048576K
2016-03-15T16:42:09.418+0000: 361.177: [GC (Allocation Failure) 2016-03-15T16:42:09.418+0000: 361.177: [ParNew
Desired survivor size 20112992 bytes, new threshold 8 (max 8)
- age   1:     981016 bytes,     981016 total
- age   2:       5672 bytes,     986688 total
- age   3:     228560 bytes,    1215248 total
- age   4:      10088 bytes,    1225336 total
- age   5:     157128 bytes,    1382464 total
- age   6:        152 bytes,    1382616 total
- age   7:     218928 bytes,    1601544 total
- age   8:    2862088 bytes,    4463632 total
: 95234K->7320K(109248K), 0.0820288 secs] 95234K->10035K(502464K), 0.0822310 secs] [Times: user=0.14 sys=0.00, real=0.08 secs] 
Heap after GC invocations=9 (full 1):
 par new generation   total 109248K, used 7320K [0x00000000e0000000, 0x00000000e8000000, 0x00000000e8000000)
  eden space 87424K,   0% used [0x00000000e0000000, 0x00000000e0000000, 0x00000000e5560000)
  from space 21824K,  33% used [0x00000000e6ab0000, 0x00000000e71d6000, 0x00000000e8000000)
  to   space 21824K,   0% used [0x00000000e5560000, 0x00000000e5560000, 0x00000000e6ab0000)
 concurrent mark-sweep generation total 393216K, used 2715K [0x00000000e8000000, 0x0000000100000000, 0x0000000100000000)
 Metaspace       used 23836K, capacity 24128K, committed 24516K, reserved 1071104K
  class space    used 2804K, capacity 2944K, committed 3040K, reserved 1048576K
}
2016-03-15T16:42:09.500+0000: 361.259: Total time for which application threads were stopped: 0.0828864 seconds, Stopping threads took: 0.0002037 seconds
2016-03-15T16:42:09.540+0000: 361.299: Total time for which application threads were stopped: 0.0058765 seconds, Stopping threads took: 0.0056270 seconds
{Heap before GC invocations=9 (full 1):
 par new generation   total 109248K, used 94744K [0x00000000e0000000, 0x00000000e8000000, 0x00000000e8000000)
  eden space 87424K, 100% used [0x00000000e0000000, 0x00000000e5560000, 0x00000000e5560000)
  from space 21824K,  33% used [0x00000000e6ab0000, 0x00000000e71d6000, 0x00000000e8000000)
  to   space 21824K,   0% used [0x00000000e5560000, 0x00000000e5560000, 0x00000000e6ab0000)
 concurrent mark-sweep generation total 393216K, used 2715K [0x00000000e8000000, 0x0000000100000000, 0x0000000100000000)
 Metaspace       used 23845K, capacity 24198K, committed 24516K, reserved 1071104K
  class space    used 2805K, capacity 2945K, committed 3040K, reserved 1048576K
2016-03-15T16:42:09.877+0000: 361.636: [GC (Allocation Failure) 2016-03-15T16:42:09.877+0000: 361.636: [ParNew
Desired survivor size 20112992 bytes, new threshold 8 (max 8)
- age   1:     243200 bytes,     243200 total
- age   2:     765496 bytes,    1008696 total
- age   3:       5672 bytes,    1014368 total
- age   4:     228560 bytes,    1242928 total
- age   5:      10088 bytes,    1253016 total
- age   6:     157128 bytes,    1410144 total
- age   7:        152 bytes,    1410296 total
- age   8:     218824 bytes,    1629120 total
: 94744K->3192K(109248K), 0.0451075 secs] 97459K->8807K(502464K), 0.0452362 secs] [Times: user=0.02 sys=0.00, real=0.04 secs] 
Heap after GC invocations=10 (full 1):
 par new generation   total 109248K, used 3192K [0x00000000e0000000, 0x00000000e8000000, 0x00000000e8000000)
  eden space 87424K,   0% used [0x00000000e0000000, 0x00000000e0000000, 0x00000000e5560000)
  from space 21824K,  14% used [0x00000000e5560000, 0x00000000e587e0c0, 0x00000000e6ab0000)
  to   space 21824K,   0% used [0x00000000e6ab0000, 0x00000000e6ab0000, 0x00000000e8000000)
 concurrent mark-sweep generation total 393216K, used 5614K [0x00000000e8000000, 0x0000000100000000, 0x0000000100000000)
 Metaspace       used 23845K, capacity 24198K, committed 24516K, reserved 1071104K
  class space    used 2805K, capacity 2945K, committed 3040K, reserved 1048576K
}
2016-03-15T16:42:09.922+0000: 361.681: Total time for which application threads were stopped: 0.0457250 seconds, Stopping threads took: 0.0000648 seconds
2016-03-15T16:42:09.923+0000: 361.682: Total time for which application threads were stopped: 0.0002424 seconds, Stopping threads took: 0.0000719 seconds
2016-03-15T16:42:10.923+0000: 362.681: Total time for which application threads were stopped: 0.0001437 seconds, Stopping threads took: 0.0000450 seconds
2016-03-15T16:42:15.775+0000: 367.538: Total time for which application threads were stopped: 0.0006594 seconds, Stopping threads took: 0.0000474 seconds
2016-03-15T16:42:15.785+0000: 367.545: Total time for which application threads were stopped: 0.0002803 seconds, Stopping threads took: 0.0001619 seconds
2016-03-15T16:42:15.785+0000: 367.548: Total time for which application threads were stopped: 0.0001398 seconds, Stopping threads took: 0.0000474 seconds
2016-03-15T16:42:15.785+0000: 367.548: Total time for which application threads were stopped: 0.0000790 seconds, Stopping threads took: 0.0000284 seconds
2016-03-15T16:42:15.785+0000: 367.549: Total time for which application threads were stopped: 0.0000869 seconds, Stopping threads took: 0.0000308 seconds
2016-03-15T16:42:15.797+0000: 367.556: Total time for which application threads were stopped: 0.0001169 seconds, Stopping threads took: 0.0000434 seconds
2016-03-15T16:42:15.806+0000: 367.565: Total time for which application threads were stopped: 0.0002440 seconds, Stopping threads took: 0.0001753 seconds
2016-03-15T16:42:15.806+0000: 367.565: Total time for which application threads were stopped: 0.0000545 seconds, Stopping threads took: 0.0000197 seconds
2016-03-15T16:42:15.807+0000: 367.565: Total time for which application threads were stopped: 0.0000553 seconds, Stopping threads took: 0.0000205 seconds
2016-03-15T16:42:15.807+0000: 367.566: Total time for which application threads were stopped: 0.0000513 seconds, Stopping threads took: 0.0000190 seconds
2016-03-15T16:42:15.807+0000: 367.566: Total time for which application threads were stopped: 0.0000497 seconds, Stopping threads took: 0.0000174 seconds
Heap
 par new generation   total 109248K, used 39306K [0x00000000e0000000, 0x00000000e8000000, 0x00000000e8000000)
  eden space 87424K,  41% used [0x00000000e0000000, 0x00000000e2344b18, 0x00000000e5560000)
  from space 21824K,  14% used [0x00000000e5560000, 0x00000000e587e0c0, 0x00000000e6ab0000)
  to   space 21824K,   0% used [0x00000000e6ab0000, 0x00000000e6ab0000, 0x00000000e8000000)
 concurrent mark-sweep generation total 393216K, used 5614K [0x00000000e8000000, 0x0000000100000000, 0x0000000100000000)
 Metaspace       used 23922K, capacity 24300K, committed 24516K, reserved 1071104K
  class space    used 2814K, capacity 2978K, committed 3040K, reserved 1048576K
