Java HotSpot(TM) 64-Bit Server VM (25.73-b02) for windows-amd64 JRE (1.8.0_73-b02), built on Jan 29 2016 17:38:49 by "java_re" with MS VC++ 10.0 (VS2010)
Memory: 4k page, physical 4027256k(1024884k free), swap 8052652k(2281476k free)
CommandLine flags: -XX:CMSInitiatingOccupancyFraction=50 -XX:CMSMaxAbortablePrecleanTime=6000 -XX:+CMSParallelRemarkEnabled -XX:+CMSScavengeBeforeRemark -XX:ConcGCThreads=4 -XX:InitialHeapSize=536870912 -XX:MaxHeapSize=536870912 -XX:MaxTenuringThreshold=8 -XX:NewRatio=3 -XX:OldPLABSize=16 -XX:ParallelGCThreads=4 -XX:+ParallelRefProcEnabled -XX:PretenureSizeThreshold=67108864 -XX:+PrintGC -XX:+PrintGCApplicationStoppedTime -XX:+PrintGCDateStamps -XX:+PrintGCDetails -XX:+PrintGCTimeStamps -XX:+PrintHeapAtGC -XX:+PrintTenuringDistribution -XX:SurvivorRatio=4 -XX:TargetSurvivorRatio=90 -XX:ThreadStackSize=256 -XX:+UseCMSInitiatingOccupancyOnly -XX:+UseCompressedClassPointers -XX:+UseCompressedOops -XX:+UseConcMarkSweepGC -XX:-UseLargePagesIndividualAllocation -XX:+UseParNewGC 
2016-05-16T16:36:37.355+0100: 1.062: Total time for which application threads were stopped: 0.0017775 seconds, Stopping threads took: 0.0016227 seconds
2016-05-16T16:36:37.823+0100: 1.530: Total time for which application threads were stopped: 0.0002708 seconds, Stopping threads took: 0.0000458 seconds
2016-05-16T16:36:38.726+0100: 2.433: Total time for which application threads were stopped: 0.0003285 seconds, Stopping threads took: 0.0000829 seconds
2016-05-16T16:36:38.735+0100: 2.442: Total time for which application threads were stopped: 0.0002653 seconds, Stopping threads took: 0.0000758 seconds
2016-05-16T16:36:38.917+0100: 2.623: Total time for which application threads were stopped: 0.0003009 seconds, Stopping threads took: 0.0000482 seconds
2016-05-16T16:36:38.960+0100: 2.666: Total time for which application threads were stopped: 0.0003230 seconds, Stopping threads took: 0.0000497 seconds
2016-05-16T16:36:40.035+0100: 3.742: Total time for which application threads were stopped: 0.0638634 seconds, Stopping threads took: 0.0637386 seconds
2016-05-16T16:36:40.597+0100: 4.303: Total time for which application threads were stopped: 0.0008789 seconds, Stopping threads took: 0.0005899 seconds
{Heap before GC invocations=0 (full 0):
 par new generation   total 109248K, used 87424K [0x00000000e0000000, 0x00000000e8000000, 0x00000000e8000000)
  eden space 87424K, 100% used [0x00000000e0000000, 0x00000000e5560000, 0x00000000e5560000)
  from space 21824K,   0% used [0x00000000e5560000, 0x00000000e5560000, 0x00000000e6ab0000)
  to   space 21824K,   0% used [0x00000000e6ab0000, 0x00000000e6ab0000, 0x00000000e8000000)
 concurrent mark-sweep generation total 393216K, used 0K [0x00000000e8000000, 0x0000000100000000, 0x0000000100000000)
 Metaspace       used 10137K, capacity 10344K, committed 10496K, reserved 1058816K
  class space    used 1166K, capacity 1212K, committed 1280K, reserved 1048576K
2016-05-16T16:36:40.902+0100: 4.608: [GC (Allocation Failure) 2016-05-16T16:36:40.902+0100: 4.608: [ParNew
Desired survivor size 20112992 bytes, new threshold 8 (max 8)
- age   1:    5845208 bytes,    5845208 total
: 87424K->5781K(109248K), 0.0377549 secs] 87424K->5781K(502464K), 0.0381773 secs] [Times: user=0.06 sys=0.00, real=0.04 secs] 
Heap after GC invocations=1 (full 0):
 par new generation   total 109248K, used 5781K [0x00000000e0000000, 0x00000000e8000000, 0x00000000e8000000)
  eden space 87424K,   0% used [0x00000000e0000000, 0x00000000e0000000, 0x00000000e5560000)
  from space 21824K,  26% used [0x00000000e6ab0000, 0x00000000e7055440, 0x00000000e8000000)
  to   space 21824K,   0% used [0x00000000e5560000, 0x00000000e5560000, 0x00000000e6ab0000)
 concurrent mark-sweep generation total 393216K, used 0K [0x00000000e8000000, 0x0000000100000000, 0x0000000100000000)
 Metaspace       used 10137K, capacity 10344K, committed 10496K, reserved 1058816K
  class space    used 1166K, capacity 1212K, committed 1280K, reserved 1048576K
}
2016-05-16T16:36:40.940+0100: 4.646: Total time for which application threads were stopped: 0.0389709 seconds, Stopping threads took: 0.0000655 seconds
2016-05-16T16:36:40.944+0100: 4.651: Total time for which application threads were stopped: 0.0001832 seconds, Stopping threads took: 0.0000442 seconds
2016-05-16T16:36:40.944+0100: 4.651: Total time for which application threads were stopped: 0.0001208 seconds, Stopping threads took: 0.0000308 seconds
2016-05-16T16:36:40.952+0100: 4.659: Total time for which application threads were stopped: 0.0008054 seconds, Stopping threads took: 0.0005914 seconds
2016-05-16T16:36:40.953+0100: 4.660: Total time for which application threads were stopped: 0.0006783 seconds, Stopping threads took: 0.0005448 seconds
2016-05-16T16:36:40.954+0100: 4.660: Total time for which application threads were stopped: 0.0006657 seconds, Stopping threads took: 0.0005385 seconds
2016-05-16T16:36:40.954+0100: 4.661: Total time for which application threads were stopped: 0.0001508 seconds, Stopping threads took: 0.0000253 seconds
2016-05-16T16:36:40.954+0100: 4.661: Total time for which application threads were stopped: 0.0001508 seconds, Stopping threads took: 0.0000261 seconds
2016-05-16T16:36:40.955+0100: 4.661: Total time for which application threads were stopped: 0.0001492 seconds, Stopping threads took: 0.0000245 seconds
2016-05-16T16:36:40.955+0100: 4.661: Total time for which application threads were stopped: 0.0001485 seconds, Stopping threads took: 0.0000237 seconds
2016-05-16T16:36:40.955+0100: 4.661: Total time for which application threads were stopped: 0.0001492 seconds, Stopping threads took: 0.0000253 seconds
2016-05-16T16:36:40.955+0100: 4.662: Total time for which application threads were stopped: 0.0001492 seconds, Stopping threads took: 0.0000245 seconds
2016-05-16T16:36:40.955+0100: 4.662: Total time for which application threads were stopped: 0.0001492 seconds, Stopping threads took: 0.0000245 seconds
2016-05-16T16:36:40.955+0100: 4.662: Total time for which application threads were stopped: 0.0001492 seconds, Stopping threads took: 0.0000245 seconds
2016-05-16T16:36:40.956+0100: 4.662: Total time for which application threads were stopped: 0.0001485 seconds, Stopping threads took: 0.0000245 seconds
2016-05-16T16:36:40.956+0100: 4.662: Total time for which application threads were stopped: 0.0001492 seconds, Stopping threads took: 0.0000245 seconds
2016-05-16T16:36:40.956+0100: 4.662: Total time for which application threads were stopped: 0.0001492 seconds, Stopping threads took: 0.0000253 seconds
2016-05-16T16:36:40.956+0100: 4.663: Total time for which application threads were stopped: 0.0001500 seconds, Stopping threads took: 0.0000253 seconds
2016-05-16T16:36:40.956+0100: 4.663: Total time for which application threads were stopped: 0.0001492 seconds, Stopping threads took: 0.0000253 seconds
2016-05-16T16:36:40.957+0100: 4.663: Total time for which application threads were stopped: 0.0001816 seconds, Stopping threads took: 0.0000537 seconds
2016-05-16T16:36:40.957+0100: 4.663: Total time for which application threads were stopped: 0.0002345 seconds, Stopping threads took: 0.0000245 seconds
2016-05-16T16:36:41.440+0100: 5.147: Total time for which application threads were stopped: 0.0003640 seconds, Stopping threads took: 0.0000419 seconds
2016-05-16T16:36:41.563+0100: 5.270: Total time for which application threads were stopped: 0.0003751 seconds, Stopping threads took: 0.0000726 seconds
2016-05-16T16:36:41.997+0100: 5.703: Total time for which application threads were stopped: 0.0004604 seconds, Stopping threads took: 0.0000458 seconds
2016-05-16T16:36:42.002+0100: 5.709: Total time for which application threads were stopped: 0.0003806 seconds, Stopping threads took: 0.0000505 seconds
2016-05-16T16:36:42.011+0100: 5.717: Total time for which application threads were stopped: 0.0003585 seconds, Stopping threads took: 0.0000466 seconds
2016-05-16T16:36:42.844+0100: 6.551: Total time for which application threads were stopped: 0.0002724 seconds, Stopping threads took: 0.0000608 seconds
2016-05-16T16:36:42.845+0100: 6.551: Total time for which application threads were stopped: 0.0001469 seconds, Stopping threads took: 0.0000253 seconds
2016-05-16T16:36:42.845+0100: 6.552: Total time for which application threads were stopped: 0.0001666 seconds, Stopping threads took: 0.0000734 seconds
2016-05-16T16:36:42.845+0100: 6.552: Total time for which application threads were stopped: 0.0001769 seconds, Stopping threads took: 0.0000790 seconds
2016-05-16T16:36:42.848+0100: 6.554: Total time for which application threads were stopped: 0.0021510 seconds, Stopping threads took: 0.0020388 seconds
2016-05-16T16:36:42.849+0100: 6.555: Total time for which application threads were stopped: 0.0004240 seconds, Stopping threads took: 0.0002669 seconds
2016-05-16T16:36:42.849+0100: 6.556: Total time for which application threads were stopped: 0.0002314 seconds, Stopping threads took: 0.0000853 seconds
2016-05-16T16:36:42.850+0100: 6.556: Total time for which application threads were stopped: 0.0001508 seconds, Stopping threads took: 0.0000276 seconds
2016-05-16T16:36:42.850+0100: 6.557: Total time for which application threads were stopped: 0.0001406 seconds, Stopping threads took: 0.0000308 seconds
2016-05-16T16:36:42.851+0100: 6.557: Total time for which application threads were stopped: 0.0001256 seconds, Stopping threads took: 0.0000284 seconds
2016-05-16T16:36:42.851+0100: 6.557: Total time for which application threads were stopped: 0.0001192 seconds, Stopping threads took: 0.0000245 seconds
2016-05-16T16:36:42.851+0100: 6.557: Total time for which application threads were stopped: 0.0001192 seconds, Stopping threads took: 0.0000253 seconds
2016-05-16T16:36:42.851+0100: 6.558: Total time for which application threads were stopped: 0.0001192 seconds, Stopping threads took: 0.0000253 seconds
2016-05-16T16:36:42.851+0100: 6.558: Total time for which application threads were stopped: 0.0001208 seconds, Stopping threads took: 0.0000253 seconds
2016-05-16T16:36:42.851+0100: 6.558: Total time for which application threads were stopped: 0.0001200 seconds, Stopping threads took: 0.0000253 seconds
2016-05-16T16:36:42.852+0100: 6.558: Total time for which application threads were stopped: 0.0001406 seconds, Stopping threads took: 0.0000253 seconds
2016-05-16T16:36:42.852+0100: 6.558: Total time for which application threads were stopped: 0.0001216 seconds, Stopping threads took: 0.0000261 seconds
2016-05-16T16:36:42.852+0100: 6.558: Total time for which application threads were stopped: 0.0001208 seconds, Stopping threads took: 0.0000245 seconds
2016-05-16T16:36:42.852+0100: 6.559: Total time for which application threads were stopped: 0.0001208 seconds, Stopping threads took: 0.0000261 seconds
2016-05-16T16:36:42.852+0100: 6.559: Total time for which application threads were stopped: 0.0001208 seconds, Stopping threads took: 0.0000253 seconds
2016-05-16T16:36:42.853+0100: 6.559: Total time for which application threads were stopped: 0.0002772 seconds, Stopping threads took: 0.0000268 seconds
2016-05-16T16:36:42.853+0100: 6.560: Total time for which application threads were stopped: 0.0001453 seconds, Stopping threads took: 0.0000308 seconds
2016-05-16T16:36:42.853+0100: 6.560: Total time for which application threads were stopped: 0.0001279 seconds, Stopping threads took: 0.0000268 seconds
2016-05-16T16:36:42.853+0100: 6.560: Total time for which application threads were stopped: 0.0001248 seconds, Stopping threads took: 0.0000261 seconds
2016-05-16T16:36:42.854+0100: 6.560: Total time for which application threads were stopped: 0.0001327 seconds, Stopping threads took: 0.0000276 seconds
2016-05-16T16:36:42.855+0100: 6.562: Total time for which application threads were stopped: 0.0001595 seconds, Stopping threads took: 0.0000363 seconds
2016-05-16T16:36:42.856+0100: 6.563: Total time for which application threads were stopped: 0.0001477 seconds, Stopping threads took: 0.0000324 seconds
2016-05-16T16:36:42.857+0100: 6.563: Total time for which application threads were stopped: 0.0001500 seconds, Stopping threads took: 0.0000363 seconds
2016-05-16T16:36:42.857+0100: 6.564: Total time for which application threads were stopped: 0.0001516 seconds, Stopping threads took: 0.0000316 seconds
2016-05-16T16:36:42.858+0100: 6.565: Total time for which application threads were stopped: 0.0001516 seconds, Stopping threads took: 0.0000332 seconds
2016-05-16T16:36:42.858+0100: 6.565: Total time for which application threads were stopped: 0.0001271 seconds, Stopping threads took: 0.0000300 seconds
2016-05-16T16:36:42.858+0100: 6.565: Total time for which application threads were stopped: 0.0001256 seconds, Stopping threads took: 0.0000284 seconds
2016-05-16T16:36:42.859+0100: 6.565: Total time for which application threads were stopped: 0.0001248 seconds, Stopping threads took: 0.0000284 seconds
2016-05-16T16:36:42.859+0100: 6.566: Total time for which application threads were stopped: 0.0001113 seconds, Stopping threads took: 0.0000324 seconds
2016-05-16T16:36:42.864+0100: 6.570: Total time for which application threads were stopped: 0.0001658 seconds, Stopping threads took: 0.0000513 seconds
2016-05-16T16:36:42.864+0100: 6.570: Total time for which application threads were stopped: 0.0000940 seconds, Stopping threads took: 0.0000284 seconds
2016-05-16T16:36:42.864+0100: 6.571: Total time for which application threads were stopped: 0.0000963 seconds, Stopping threads took: 0.0000276 seconds
2016-05-16T16:36:42.864+0100: 6.571: Total time for which application threads were stopped: 0.0000963 seconds, Stopping threads took: 0.0000268 seconds
2016-05-16T16:36:42.864+0100: 6.571: Total time for which application threads were stopped: 0.0000916 seconds, Stopping threads took: 0.0000276 seconds
2016-05-16T16:36:42.865+0100: 6.571: Total time for which application threads were stopped: 0.0001003 seconds, Stopping threads took: 0.0000276 seconds
2016-05-16T16:36:42.865+0100: 6.571: Total time for which application threads were stopped: 0.0000892 seconds, Stopping threads took: 0.0000253 seconds
2016-05-16T16:36:42.865+0100: 6.571: Total time for which application threads were stopped: 0.0000908 seconds, Stopping threads took: 0.0000261 seconds
2016-05-16T16:36:42.865+0100: 6.571: Total time for which application threads were stopped: 0.0000908 seconds, Stopping threads took: 0.0000276 seconds
2016-05-16T16:36:42.865+0100: 6.572: Total time for which application threads were stopped: 0.0000940 seconds, Stopping threads took: 0.0000276 seconds
2016-05-16T16:36:42.865+0100: 6.572: Total time for which application threads were stopped: 0.0000948 seconds, Stopping threads took: 0.0000284 seconds
2016-05-16T16:36:42.865+0100: 6.572: Total time for which application threads were stopped: 0.0000900 seconds, Stopping threads took: 0.0000268 seconds
2016-05-16T16:36:42.865+0100: 6.572: Total time for which application threads were stopped: 0.0000940 seconds, Stopping threads took: 0.0000268 seconds
2016-05-16T16:36:42.866+0100: 6.572: Total time for which application threads were stopped: 0.0000971 seconds, Stopping threads took: 0.0000292 seconds
2016-05-16T16:36:42.866+0100: 6.572: Total time for which application threads were stopped: 0.0000908 seconds, Stopping threads took: 0.0000276 seconds
2016-05-16T16:36:42.866+0100: 6.572: Total time for which application threads were stopped: 0.0000892 seconds, Stopping threads took: 0.0000268 seconds
2016-05-16T16:36:42.866+0100: 6.573: Total time for which application threads were stopped: 0.0001516 seconds, Stopping threads took: 0.0000276 seconds
2016-05-16T16:36:42.866+0100: 6.573: Total time for which application threads were stopped: 0.0000916 seconds, Stopping threads took: 0.0000276 seconds
2016-05-16T16:36:42.867+0100: 6.573: Total time for which application threads were stopped: 0.0002898 seconds, Stopping threads took: 0.0000268 seconds
2016-05-16T16:36:42.890+0100: 6.596: Total time for which application threads were stopped: 0.0110754 seconds, Stopping threads took: 0.0106317 seconds
2016-05-16T16:36:42.935+0100: 6.642: Total time for which application threads were stopped: 0.0002314 seconds, Stopping threads took: 0.0000419 seconds
2016-05-16T16:36:42.936+0100: 6.643: Total time for which application threads were stopped: 0.0001658 seconds, Stopping threads took: 0.0000648 seconds
2016-05-16T16:36:42.936+0100: 6.643: Total time for which application threads were stopped: 0.0000995 seconds, Stopping threads took: 0.0000205 seconds
2016-05-16T16:36:42.937+0100: 6.643: Total time for which application threads were stopped: 0.0002440 seconds, Stopping threads took: 0.0001650 seconds
2016-05-16T16:36:42.951+0100: 6.657: Total time for which application threads were stopped: 0.0003980 seconds, Stopping threads took: 0.0003072 seconds
2016-05-16T16:36:42.953+0100: 6.660: Total time for which application threads were stopped: 0.0000987 seconds, Stopping threads took: 0.0000387 seconds
2016-05-16T16:36:42.970+0100: 6.677: Total time for which application threads were stopped: 0.0001256 seconds, Stopping threads took: 0.0000403 seconds
2016-05-16T16:36:42.970+0100: 6.677: Total time for which application threads were stopped: 0.0000790 seconds, Stopping threads took: 0.0000284 seconds
2016-05-16T16:36:42.973+0100: 6.679: Total time for which application threads were stopped: 0.0001248 seconds, Stopping threads took: 0.0000403 seconds
2016-05-16T16:36:42.973+0100: 6.680: Total time for which application threads were stopped: 0.0000782 seconds, Stopping threads took: 0.0000261 seconds
2016-05-16T16:36:42.973+0100: 6.680: Total time for which application threads were stopped: 0.0000758 seconds, Stopping threads took: 0.0000253 seconds
2016-05-16T16:36:42.974+0100: 6.680: Total time for which application threads were stopped: 0.0000884 seconds, Stopping threads took: 0.0000292 seconds
2016-05-16T16:36:42.984+0100: 6.691: Total time for which application threads were stopped: 0.0001571 seconds, Stopping threads took: 0.0000600 seconds
2016-05-16T16:36:42.984+0100: 6.691: Total time for which application threads were stopped: 0.0000790 seconds, Stopping threads took: 0.0000268 seconds
2016-05-16T16:36:42.985+0100: 6.691: Total time for which application threads were stopped: 0.0000813 seconds, Stopping threads took: 0.0000300 seconds
2016-05-16T16:36:42.985+0100: 6.691: Total time for which application threads were stopped: 0.0000837 seconds, Stopping threads took: 0.0000292 seconds
2016-05-16T16:36:42.986+0100: 6.692: Total time for which application threads were stopped: 0.0000948 seconds, Stopping threads took: 0.0000363 seconds
2016-05-16T16:36:42.986+0100: 6.692: Total time for which application threads were stopped: 0.0000734 seconds, Stopping threads took: 0.0000268 seconds
2016-05-16T16:36:42.989+0100: 6.695: Total time for which application threads were stopped: 0.0001256 seconds, Stopping threads took: 0.0000497 seconds
2016-05-16T16:36:43.027+0100: 6.734: Total time for which application threads were stopped: 0.0002353 seconds, Stopping threads took: 0.0000561 seconds
2016-05-16T16:36:43.028+0100: 6.734: Total time for which application threads were stopped: 0.0000853 seconds, Stopping threads took: 0.0000316 seconds
2016-05-16T16:36:43.028+0100: 6.734: Total time for which application threads were stopped: 0.0000798 seconds, Stopping threads took: 0.0000284 seconds
2016-05-16T16:36:43.028+0100: 6.735: Total time for which application threads were stopped: 0.0000869 seconds, Stopping threads took: 0.0000292 seconds
2016-05-16T16:36:43.037+0100: 6.744: Total time for which application threads were stopped: 0.0002685 seconds, Stopping threads took: 0.0000482 seconds
2016-05-16T16:36:43.038+0100: 6.744: Total time for which application threads were stopped: 0.0000798 seconds, Stopping threads took: 0.0000261 seconds
2016-05-16T16:36:43.038+0100: 6.744: Total time for which application threads were stopped: 0.0000774 seconds, Stopping threads took: 0.0000253 seconds
2016-05-16T16:36:43.038+0100: 6.745: Total time for which application threads were stopped: 0.0001137 seconds, Stopping threads took: 0.0000292 seconds
2016-05-16T16:36:43.052+0100: 6.758: Total time for which application threads were stopped: 0.0001413 seconds, Stopping threads took: 0.0000497 seconds
2016-05-16T16:36:43.052+0100: 6.759: Total time for which application threads were stopped: 0.0000790 seconds, Stopping threads took: 0.0000261 seconds
2016-05-16T16:36:43.052+0100: 6.759: Total time for which application threads were stopped: 0.0000766 seconds, Stopping threads took: 0.0000253 seconds
2016-05-16T16:36:43.053+0100: 6.759: Total time for which application threads were stopped: 0.0000861 seconds, Stopping threads took: 0.0000284 seconds
2016-05-16T16:36:43.153+0100: 6.860: Total time for which application threads were stopped: 0.0001714 seconds, Stopping threads took: 0.0000766 seconds
2016-05-16T16:36:43.153+0100: 6.860: Total time for which application threads were stopped: 0.0000821 seconds, Stopping threads took: 0.0000284 seconds
2016-05-16T16:36:43.154+0100: 6.860: Total time for which application threads were stopped: 0.0000955 seconds, Stopping threads took: 0.0000308 seconds
2016-05-16T16:36:43.154+0100: 6.861: Total time for which application threads were stopped: 0.0000916 seconds, Stopping threads took: 0.0000316 seconds
2016-05-16T16:36:43.159+0100: 6.866: Total time for which application threads were stopped: 0.0001816 seconds, Stopping threads took: 0.0000821 seconds
2016-05-16T16:36:43.159+0100: 6.866: Total time for which application threads were stopped: 0.0000805 seconds, Stopping threads took: 0.0000268 seconds
2016-05-16T16:36:43.160+0100: 6.866: Total time for which application threads were stopped: 0.0000805 seconds, Stopping threads took: 0.0000268 seconds
2016-05-16T16:36:43.160+0100: 6.867: Total time for which application threads were stopped: 0.0000908 seconds, Stopping threads took: 0.0000300 seconds
2016-05-16T16:36:43.167+0100: 6.873: Total time for which application threads were stopped: 0.0001461 seconds, Stopping threads took: 0.0000513 seconds
2016-05-16T16:36:43.168+0100: 6.874: Total time for which application threads were stopped: 0.0000995 seconds, Stopping threads took: 0.0000395 seconds
2016-05-16T16:36:43.168+0100: 6.874: Total time for which application threads were stopped: 0.0000750 seconds, Stopping threads took: 0.0000268 seconds
2016-05-16T16:36:43.168+0100: 6.874: Total time for which application threads were stopped: 0.0000750 seconds, Stopping threads took: 0.0000284 seconds
2016-05-16T16:36:43.168+0100: 6.875: Total time for which application threads were stopped: 0.0000758 seconds, Stopping threads took: 0.0000284 seconds
2016-05-16T16:36:43.168+0100: 6.875: Total time for which application threads were stopped: 0.0000758 seconds, Stopping threads took: 0.0000284 seconds
2016-05-16T16:36:43.168+0100: 6.875: Total time for which application threads were stopped: 0.0001295 seconds, Stopping threads took: 0.0000790 seconds
2016-05-16T16:36:43.169+0100: 6.875: Total time for which application threads were stopped: 0.0000711 seconds, Stopping threads took: 0.0000205 seconds
2016-05-16T16:36:43.411+0100: 7.118: Total time for which application threads were stopped: 0.0001737 seconds, Stopping threads took: 0.0000545 seconds
2016-05-16T16:36:43.412+0100: 7.118: Total time for which application threads were stopped: 0.0001082 seconds, Stopping threads took: 0.0000332 seconds
2016-05-16T16:36:43.412+0100: 7.118: Total time for which application threads were stopped: 0.0000798 seconds, Stopping threads took: 0.0000284 seconds
2016-05-16T16:36:43.412+0100: 7.119: Total time for which application threads were stopped: 0.0001311 seconds, Stopping threads took: 0.0000292 seconds
2016-05-16T16:36:43.418+0100: 7.124: Total time for which application threads were stopped: 0.0001579 seconds, Stopping threads took: 0.0000553 seconds
2016-05-16T16:36:43.418+0100: 7.124: Total time for which application threads were stopped: 0.0000853 seconds, Stopping threads took: 0.0000308 seconds
2016-05-16T16:36:43.418+0100: 7.124: Total time for which application threads were stopped: 0.0001082 seconds, Stopping threads took: 0.0000521 seconds
2016-05-16T16:36:43.421+0100: 7.128: Total time for which application threads were stopped: 0.0001334 seconds, Stopping threads took: 0.0000379 seconds
2016-05-16T16:36:43.478+0100: 7.184: Total time for which application threads were stopped: 0.0001327 seconds, Stopping threads took: 0.0000395 seconds
2016-05-16T16:36:43.478+0100: 7.184: Total time for which application threads were stopped: 0.0000805 seconds, Stopping threads took: 0.0000221 seconds
2016-05-16T16:36:43.478+0100: 7.185: Total time for which application threads were stopped: 0.0000742 seconds, Stopping threads took: 0.0000197 seconds
2016-05-16T16:36:43.479+0100: 7.185: Total time for which application threads were stopped: 0.0000742 seconds, Stopping threads took: 0.0000197 seconds
{Heap before GC invocations=1 (full 0):
 par new generation   total 109248K, used 93205K [0x00000000e0000000, 0x00000000e8000000, 0x00000000e8000000)
  eden space 87424K, 100% used [0x00000000e0000000, 0x00000000e5560000, 0x00000000e5560000)
  from space 21824K,  26% used [0x00000000e6ab0000, 0x00000000e7055440, 0x00000000e8000000)
  to   space 21824K,   0% used [0x00000000e5560000, 0x00000000e5560000, 0x00000000e6ab0000)
 concurrent mark-sweep generation total 393216K, used 0K [0x00000000e8000000, 0x0000000100000000, 0x0000000100000000)
 Metaspace       used 19402K, capacity 19764K, committed 19968K, reserved 1067008K
  class space    used 2310K, capacity 2456K, committed 2560K, reserved 1048576K
2016-05-16T16:36:43.528+0100: 7.235: [GC (Allocation Failure) 2016-05-16T16:36:43.528+0100: 7.235: [ParNew
Desired survivor size 20112992 bytes, new threshold 8 (max 8)
- age   1:    8182424 bytes,    8182424 total
- age   2:    2607136 bytes,   10789560 total
: 93205K->12529K(109248K), 0.0357492 secs] 93205K->12529K(502464K), 0.0359182 secs] [Times: user=0.05 sys=0.01, real=0.04 secs] 
Heap after GC invocations=2 (full 0):
 par new generation   total 109248K, used 12529K [0x00000000e0000000, 0x00000000e8000000, 0x00000000e8000000)
  eden space 87424K,   0% used [0x00000000e0000000, 0x00000000e0000000, 0x00000000e5560000)
  from space 21824K,  57% used [0x00000000e5560000, 0x00000000e619c570, 0x00000000e6ab0000)
  to   space 21824K,   0% used [0x00000000e6ab0000, 0x00000000e6ab0000, 0x00000000e8000000)
 concurrent mark-sweep generation total 393216K, used 0K [0x00000000e8000000, 0x0000000100000000, 0x0000000100000000)
 Metaspace       used 19402K, capacity 19764K, committed 19968K, reserved 1067008K
  class space    used 2310K, capacity 2456K, committed 2560K, reserved 1048576K
}
2016-05-16T16:36:43.564+0100: 7.271: Total time for which application threads were stopped: 0.0363406 seconds, Stopping threads took: 0.0000616 seconds
2016-05-16T16:36:43.567+0100: 7.273: Total time for which application threads were stopped: 0.0010115 seconds, Stopping threads took: 0.0008733 seconds
2016-05-16T16:36:43.567+0100: 7.274: Total time for which application threads were stopped: 0.0001350 seconds, Stopping threads took: 0.0000332 seconds
2016-05-16T16:36:43.604+0100: 7.310: Total time for which application threads were stopped: 0.0002069 seconds, Stopping threads took: 0.0000632 seconds
2016-05-16T16:36:43.604+0100: 7.311: Total time for which application threads were stopped: 0.0000892 seconds, Stopping threads took: 0.0000324 seconds
2016-05-16T16:36:43.604+0100: 7.311: Total time for which application threads were stopped: 0.0000805 seconds, Stopping threads took: 0.0000284 seconds
2016-05-16T16:36:43.604+0100: 7.311: Total time for which application threads were stopped: 0.0000884 seconds, Stopping threads took: 0.0000268 seconds
2016-05-16T16:36:43.604+0100: 7.311: Total time for which application threads were stopped: 0.0000774 seconds, Stopping threads took: 0.0000268 seconds
2016-05-16T16:36:43.604+0100: 7.311: Total time for which application threads were stopped: 0.0000766 seconds, Stopping threads took: 0.0000276 seconds
2016-05-16T16:36:43.605+0100: 7.311: Total time for which application threads were stopped: 0.0000821 seconds, Stopping threads took: 0.0000284 seconds
2016-05-16T16:36:43.605+0100: 7.311: Total time for which application threads were stopped: 0.0000790 seconds, Stopping threads took: 0.0000276 seconds
2016-05-16T16:36:43.605+0100: 7.311: Total time for which application threads were stopped: 0.0000742 seconds, Stopping threads took: 0.0000253 seconds
2016-05-16T16:36:43.606+0100: 7.312: Total time for which application threads were stopped: 0.0008876 seconds, Stopping threads took: 0.0008133 seconds
2016-05-16T16:36:43.638+0100: 7.344: Total time for which application threads were stopped: 0.0001366 seconds, Stopping threads took: 0.0000434 seconds
2016-05-16T16:36:43.671+0100: 7.377: Total time for which application threads were stopped: 0.0001556 seconds, Stopping threads took: 0.0000561 seconds
2016-05-16T16:36:43.671+0100: 7.377: Total time for which application threads were stopped: 0.0000790 seconds, Stopping threads took: 0.0000261 seconds
2016-05-16T16:36:43.671+0100: 7.378: Total time for which application threads were stopped: 0.0000679 seconds, Stopping threads took: 0.0000197 seconds
2016-05-16T16:36:43.704+0100: 7.410: Total time for which application threads were stopped: 0.0001390 seconds, Stopping threads took: 0.0000419 seconds
2016-05-16T16:36:43.736+0100: 7.443: Total time for which application threads were stopped: 0.0002495 seconds, Stopping threads took: 0.0001429 seconds
2016-05-16T16:36:43.737+0100: 7.443: Total time for which application threads were stopped: 0.0000963 seconds, Stopping threads took: 0.0000395 seconds
2016-05-16T16:36:43.741+0100: 7.448: Total time for which application threads were stopped: 0.0001469 seconds, Stopping threads took: 0.0000576 seconds
2016-05-16T16:36:43.742+0100: 7.448: Total time for which application threads were stopped: 0.0000790 seconds, Stopping threads took: 0.0000292 seconds
2016-05-16T16:36:43.742+0100: 7.448: Total time for which application threads were stopped: 0.0000750 seconds, Stopping threads took: 0.0000276 seconds
2016-05-16T16:36:43.742+0100: 7.448: Total time for which application threads were stopped: 0.0001224 seconds, Stopping threads took: 0.0000284 seconds
2016-05-16T16:36:43.742+0100: 7.449: Total time for which application threads were stopped: 0.0002440 seconds, Stopping threads took: 0.0000276 seconds
2016-05-16T16:36:43.743+0100: 7.449: Total time for which application threads were stopped: 0.0000845 seconds, Stopping threads took: 0.0000340 seconds
2016-05-16T16:36:43.743+0100: 7.450: Total time for which application threads were stopped: 0.0000821 seconds, Stopping threads took: 0.0000324 seconds
2016-05-16T16:36:43.743+0100: 7.450: Total time for which application threads were stopped: 0.0001263 seconds, Stopping threads took: 0.0000766 seconds
2016-05-16T16:36:43.744+0100: 7.450: Total time for which application threads were stopped: 0.0000742 seconds, Stopping threads took: 0.0000229 seconds
2016-05-16T16:36:43.744+0100: 7.451: Total time for which application threads were stopped: 0.0000663 seconds, Stopping threads took: 0.0000197 seconds
2016-05-16T16:36:43.744+0100: 7.451: Total time for which application threads were stopped: 0.0000648 seconds, Stopping threads took: 0.0000197 seconds
2016-05-16T16:36:43.744+0100: 7.451: Total time for which application threads were stopped: 0.0000655 seconds, Stopping threads took: 0.0000190 seconds
2016-05-16T16:36:43.744+0100: 7.451: Total time for which application threads were stopped: 0.0000640 seconds, Stopping threads took: 0.0000190 seconds
2016-05-16T16:36:43.745+0100: 7.451: Total time for which application threads were stopped: 0.0002211 seconds, Stopping threads took: 0.0000190 seconds
2016-05-16T16:36:43.820+0100: 7.526: Total time for which application threads were stopped: 0.0004469 seconds, Stopping threads took: 0.0000474 seconds
2016-05-16T16:36:43.919+0100: 7.626: Total time for which application threads were stopped: 0.0005338 seconds, Stopping threads took: 0.0000505 seconds
2016-05-16T16:36:43.932+0100: 7.638: Total time for which application threads were stopped: 0.0001856 seconds, Stopping threads took: 0.0000884 seconds
2016-05-16T16:36:43.932+0100: 7.638: Total time for which application threads were stopped: 0.0000813 seconds, Stopping threads took: 0.0000292 seconds
2016-05-16T16:36:43.932+0100: 7.638: Total time for which application threads were stopped: 0.0000790 seconds, Stopping threads took: 0.0000276 seconds
2016-05-16T16:36:43.933+0100: 7.639: Total time for which application threads were stopped: 0.0000940 seconds, Stopping threads took: 0.0000332 seconds
2016-05-16T16:36:44.051+0100: 7.758: Total time for which application threads were stopped: 0.0002211 seconds, Stopping threads took: 0.0000663 seconds
2016-05-16T16:36:44.069+0100: 7.775: Total time for which application threads were stopped: 0.0001398 seconds, Stopping threads took: 0.0000482 seconds
2016-05-16T16:36:44.110+0100: 7.817: Total time for which application threads were stopped: 0.0001943 seconds, Stopping threads took: 0.0000442 seconds
2016-05-16T16:36:44.110+0100: 7.817: Total time for which application threads were stopped: 0.0000742 seconds, Stopping threads took: 0.0000197 seconds
2016-05-16T16:36:44.110+0100: 7.817: Total time for which application threads were stopped: 0.0000719 seconds, Stopping threads took: 0.0000190 seconds
2016-05-16T16:36:44.113+0100: 7.819: Total time for which application threads were stopped: 0.0001524 seconds, Stopping threads took: 0.0000505 seconds
2016-05-16T16:36:44.490+0100: 8.196: Total time for which application threads were stopped: 0.0001769 seconds, Stopping threads took: 0.0000490 seconds
2016-05-16T16:36:44.622+0100: 8.328: Total time for which application threads were stopped: 0.0002479 seconds, Stopping threads took: 0.0000640 seconds
2016-05-16T16:36:44.622+0100: 8.329: Total time for which application threads were stopped: 0.0000853 seconds, Stopping threads took: 0.0000308 seconds
2016-05-16T16:36:44.622+0100: 8.329: Total time for which application threads were stopped: 0.0000782 seconds, Stopping threads took: 0.0000261 seconds
2016-05-16T16:36:44.623+0100: 8.329: Total time for which application threads were stopped: 0.0001011 seconds, Stopping threads took: 0.0000355 seconds
2016-05-16T16:36:44.624+0100: 8.330: Total time for which application threads were stopped: 0.0001090 seconds, Stopping threads took: 0.0000403 seconds
2016-05-16T16:36:44.624+0100: 8.331: Total time for which application threads were stopped: 0.0000829 seconds, Stopping threads took: 0.0000300 seconds
2016-05-16T16:36:44.624+0100: 8.331: Total time for which application threads were stopped: 0.0000790 seconds, Stopping threads took: 0.0000276 seconds
2016-05-16T16:36:44.625+0100: 8.331: Total time for which application threads were stopped: 0.0000940 seconds, Stopping threads took: 0.0000324 seconds
2016-05-16T16:36:44.628+0100: 8.335: Total time for which application threads were stopped: 0.0001627 seconds, Stopping threads took: 0.0000482 seconds
2016-05-16T16:36:44.635+0100: 8.341: Total time for which application threads were stopped: 0.0001500 seconds, Stopping threads took: 0.0000521 seconds
2016-05-16T16:36:44.635+0100: 8.342: Total time for which application threads were stopped: 0.0000805 seconds, Stopping threads took: 0.0000261 seconds
2016-05-16T16:36:44.635+0100: 8.342: Total time for which application threads were stopped: 0.0003009 seconds, Stopping threads took: 0.0000261 seconds
2016-05-16T16:36:44.636+0100: 8.342: Total time for which application threads were stopped: 0.0000916 seconds, Stopping threads took: 0.0000300 seconds
2016-05-16T16:36:44.661+0100: 8.368: Total time for which application threads were stopped: 0.0001792 seconds, Stopping threads took: 0.0000553 seconds
{Heap before GC invocations=2 (full 0):
 par new generation   total 109248K, used 99953K [0x00000000e0000000, 0x00000000e8000000, 0x00000000e8000000)
  eden space 87424K, 100% used [0x00000000e0000000, 0x00000000e5560000, 0x00000000e5560000)
  from space 21824K,  57% used [0x00000000e5560000, 0x00000000e619c570, 0x00000000e6ab0000)
  to   space 21824K,   0% used [0x00000000e6ab0000, 0x00000000e6ab0000, 0x00000000e8000000)
 concurrent mark-sweep generation total 393216K, used 0K [0x00000000e8000000, 0x0000000100000000, 0x0000000100000000)
 Metaspace       used 21359K, capacity 21722K, committed 21884K, reserved 1069056K
  class space    used 2543K, capacity 2681K, committed 2684K, reserved 1048576K
2016-05-16T16:36:44.804+0100: 8.511: [GC (Allocation Failure) 2016-05-16T16:36:44.804+0100: 8.511: [ParNew
Desired survivor size 20112992 bytes, new threshold 8 (max 8)
- age   1:    2120920 bytes,    2120920 total
- age   2:    2583624 bytes,    4704544 total
- age   3:    2602784 bytes,    7307328 total
: 99953K->13299K(109248K), 0.0291392 secs] 99953K->13299K(502464K), 0.0293042 secs] [Times: user=0.06 sys=0.00, real=0.03 secs] 
Heap after GC invocations=3 (full 0):
 par new generation   total 109248K, used 13299K [0x00000000e0000000, 0x00000000e8000000, 0x00000000e8000000)
  eden space 87424K,   0% used [0x00000000e0000000, 0x00000000e0000000, 0x00000000e5560000)
  from space 21824K,  60% used [0x00000000e6ab0000, 0x00000000e77acde0, 0x00000000e8000000)
  to   space 21824K,   0% used [0x00000000e5560000, 0x00000000e5560000, 0x00000000e6ab0000)
 concurrent mark-sweep generation total 393216K, used 0K [0x00000000e8000000, 0x0000000100000000, 0x0000000100000000)
 Metaspace       used 21359K, capacity 21722K, committed 21884K, reserved 1069056K
  class space    used 2543K, capacity 2681K, committed 2684K, reserved 1048576K
}
2016-05-16T16:36:44.833+0100: 8.540: Total time for which application threads were stopped: 0.0297574 seconds, Stopping threads took: 0.0000474 seconds
2016-05-16T16:36:44.836+0100: 8.542: [GC (CMS Initial Mark) [1 CMS-initial-mark: 0K(393216K)] 14229K(502464K), 0.0077100 secs] [Times: user=0.00 sys=0.00, real=0.01 secs] 
2016-05-16T16:36:44.844+0100: 8.550: Total time for which application threads were stopped: 0.0080038 seconds, Stopping threads took: 0.0001003 seconds
2016-05-16T16:36:44.844+0100: 8.550: [CMS-concurrent-mark-start]
2016-05-16T16:36:44.876+0100: 8.583: [CMS-concurrent-mark: 0.032/0.032 secs] [Times: user=0.06 sys=0.00, real=0.03 secs] 
2016-05-16T16:36:44.876+0100: 8.583: Total time for which application threads were stopped: 0.0001871 seconds, Stopping threads took: 0.0000521 seconds
2016-05-16T16:36:44.876+0100: 8.583: [CMS-concurrent-preclean-start]
2016-05-16T16:36:44.879+0100: 8.585: [CMS-concurrent-preclean: 0.003/0.003 secs] [Times: user=0.00 sys=0.00, real=0.00 secs] 
2016-05-16T16:36:44.934+0100: 8.641: [GC (CMS Final Remark) [YG occupancy: 19650 K (109248 K)]{Heap before GC invocations=3 (full 1):
 par new generation   total 109248K, used 19650K [0x00000000e0000000, 0x00000000e8000000, 0x00000000e8000000)
  eden space 87424K,   7% used [0x00000000e0000000, 0x00000000e0633de0, 0x00000000e5560000)
  from space 21824K,  60% used [0x00000000e6ab0000, 0x00000000e77acde0, 0x00000000e8000000)
  to   space 21824K,   0% used [0x00000000e5560000, 0x00000000e5560000, 0x00000000e6ab0000)
 concurrent mark-sweep generation total 393216K, used 0K [0x00000000e8000000, 0x0000000100000000, 0x0000000100000000)
 Metaspace       used 21374K, capacity 21722K, committed 21884K, reserved 1069056K
  class space    used 2545K, capacity 2681K, committed 2684K, reserved 1048576K
2016-05-16T16:36:44.934+0100: 8.641: [GC (CMS Final Remark) 2016-05-16T16:36:44.934+0100: 8.641: [ParNew
Desired survivor size 20112992 bytes, new threshold 8 (max 8)
- age   1:     135896 bytes,     135896 total
- age   2:     824952 bytes,     960848 total
- age   3:    2583600 bytes,    3544448 total
- age   4:    2602784 bytes,    6147232 total
: 19650K->7109K(109248K), 0.0257761 secs] 19650K->7109K(502464K), 0.0258859 secs] [Times: user=0.02 sys=0.00, real=0.03 secs] 
Heap after GC invocations=4 (full 1):
 par new generation   total 109248K, used 7109K [0x00000000e0000000, 0x00000000e8000000, 0x00000000e8000000)
  eden space 87424K,   0% used [0x00000000e0000000, 0x00000000e0000000, 0x00000000e5560000)
  from space 21824K,  32% used [0x00000000e5560000, 0x00000000e5c51480, 0x00000000e6ab0000)
  to   space 21824K,   0% used [0x00000000e6ab0000, 0x00000000e6ab0000, 0x00000000e8000000)
 concurrent mark-sweep generation total 393216K, used 0K [0x00000000e8000000, 0x0000000100000000, 0x0000000100000000)
 Metaspace       used 21374K, capacity 21722K, committed 21884K, reserved 1069056K
  class space    used 2545K, capacity 2681K, committed 2684K, reserved 1048576K
}
2016-05-16T16:36:44.960+0100: 8.667: [Rescan (parallel) , 0.0079730 secs]2016-05-16T16:36:44.968+0100: 8.675: [weak refs processing, 0.0035178 secs]2016-05-16T16:36:44.972+0100: 8.679: [class unloading, 0.0070317 secs]2016-05-16T16:36:44.979+0100: 8.686: [scrub symbol table, 0.0094591 secs]2016-05-16T16:36:44.989+0100: 8.695: [scrub string table, 0.0006451 secs][1 CMS-remark: 0K(393216K)] 7109K(502464K), 0.0564432 secs] [Times: user=0.05 sys=0.00, real=0.06 secs] 
2016-05-16T16:36:44.991+0100: 8.697: Total time for which application threads were stopped: 0.0567267 seconds, Stopping threads took: 0.0000482 seconds
2016-05-16T16:36:44.992+0100: 8.699: [CMS-concurrent-sweep-start]
2016-05-16T16:36:44.992+0100: 8.699: [CMS-concurrent-sweep: 0.000/0.000 secs] [Times: user=0.00 sys=0.00, real=0.00 secs] 
2016-05-16T16:36:44.992+0100: 8.699: [CMS-concurrent-reset-start]
2016-05-16T16:36:44.995+0100: 8.702: Total time for which application threads were stopped: 0.0001477 seconds, Stopping threads took: 0.0000442 seconds
2016-05-16T16:36:45.005+0100: 8.712: [CMS-concurrent-reset: 0.012/0.012 secs] [Times: user=0.00 sys=0.00, real=0.01 secs] 
2016-05-16T16:36:45.158+0100: 8.864: Total time for which application threads were stopped: 0.0001619 seconds, Stopping threads took: 0.0000490 seconds
2016-05-16T16:36:45.158+0100: 8.865: Total time for which application threads were stopped: 0.0000758 seconds, Stopping threads took: 0.0000221 seconds
2016-05-16T16:36:45.166+0100: 8.873: Total time for which application threads were stopped: 0.0001342 seconds, Stopping threads took: 0.0000450 seconds
2016-05-16T16:36:45.167+0100: 8.873: Total time for which application threads were stopped: 0.0000876 seconds, Stopping threads took: 0.0000253 seconds
2016-05-16T16:36:45.167+0100: 8.874: Total time for which application threads were stopped: 0.0000750 seconds, Stopping threads took: 0.0000221 seconds
2016-05-16T16:36:45.297+0100: 9.004: Total time for which application threads were stopped: 0.0001792 seconds, Stopping threads took: 0.0000537 seconds
2016-05-16T16:36:45.310+0100: 9.017: Total time for which application threads were stopped: 0.0001745 seconds, Stopping threads took: 0.0000466 seconds
2016-05-16T16:36:45.313+0100: 9.020: Total time for which application threads were stopped: 0.0001563 seconds, Stopping threads took: 0.0000490 seconds
2016-05-16T16:36:45.315+0100: 9.022: Total time for which application threads were stopped: 0.0001390 seconds, Stopping threads took: 0.0000419 seconds
2016-05-16T16:36:45.359+0100: 9.066: Total time for which application threads were stopped: 0.0005117 seconds, Stopping threads took: 0.0000521 seconds
2016-05-16T16:36:45.374+0100: 9.081: Total time for which application threads were stopped: 0.0001374 seconds, Stopping threads took: 0.0000513 seconds
2016-05-16T16:36:45.377+0100: 9.083: Total time for which application threads were stopped: 0.0001161 seconds, Stopping threads took: 0.0000340 seconds
2016-05-16T16:36:45.469+0100: 9.175: Total time for which application threads were stopped: 0.0005188 seconds, Stopping threads took: 0.0000521 seconds
2016-05-16T16:36:45.698+0100: 9.404: Total time for which application threads were stopped: 0.0001682 seconds, Stopping threads took: 0.0000458 seconds
2016-05-16T16:36:45.737+0100: 9.444: Total time for which application threads were stopped: 0.0001563 seconds, Stopping threads took: 0.0000490 seconds
2016-05-16T16:36:45.738+0100: 9.444: Total time for which application threads were stopped: 0.0000711 seconds, Stopping threads took: 0.0000197 seconds
2016-05-16T16:36:45.738+0100: 9.444: Total time for which application threads were stopped: 0.0000711 seconds, Stopping threads took: 0.0000197 seconds
2016-05-16T16:36:45.884+0100: 9.591: Total time for which application threads were stopped: 0.0001958 seconds, Stopping threads took: 0.0000529 seconds
2016-05-16T16:36:45.895+0100: 9.602: Total time for which application threads were stopped: 0.0002037 seconds, Stopping threads took: 0.0000853 seconds
2016-05-16T16:36:46.092+0100: 9.799: Total time for which application threads were stopped: 0.0001658 seconds, Stopping threads took: 0.0000513 seconds
2016-05-16T16:36:46.097+0100: 9.804: Total time for which application threads were stopped: 0.0001532 seconds, Stopping threads took: 0.0000537 seconds
2016-05-16T16:36:46.098+0100: 9.805: Total time for which application threads were stopped: 0.0001137 seconds, Stopping threads took: 0.0000403 seconds
2016-05-16T16:36:46.150+0100: 9.856: Total time for which application threads were stopped: 0.0001571 seconds, Stopping threads took: 0.0000466 seconds
2016-05-16T16:36:46.150+0100: 9.856: Total time for which application threads were stopped: 0.0000695 seconds, Stopping threads took: 0.0000197 seconds
{Heap before GC invocations=4 (full 1):
 par new generation   total 109248K, used 94533K [0x00000000e0000000, 0x00000000e8000000, 0x00000000e8000000)
  eden space 87424K, 100% used [0x00000000e0000000, 0x00000000e5560000, 0x00000000e5560000)
  from space 21824K,  32% used [0x00000000e5560000, 0x00000000e5c51480, 0x00000000e6ab0000)
  to   space 21824K,   0% used [0x00000000e6ab0000, 0x00000000e6ab0000, 0x00000000e8000000)
 concurrent mark-sweep generation total 393216K, used 0K [0x00000000e8000000, 0x0000000100000000, 0x0000000100000000)
 Metaspace       used 24670K, capacity 25086K, committed 25468K, reserved 1071104K
  class space    used 2978K, capacity 3139K, committed 3196K, reserved 1048576K
2016-05-16T16:36:46.229+0100: 9.935: [GC (Allocation Failure) 2016-05-16T16:36:46.229+0100: 9.936: [ParNew
Desired survivor size 20112992 bytes, new threshold 8 (max 8)
- age   1:    3753512 bytes,    3753512 total
- age   2:       8000 bytes,    3761512 total
- age   3:     276528 bytes,    4038040 total
- age   4:    2573456 bytes,    6611496 total
- age   5:    2602672 bytes,    9214168 total
: 94533K->12129K(109248K), 0.0375235 secs] 94533K->12129K(502464K), 0.0376459 secs] [Times: user=0.05 sys=0.00, real=0.04 secs] 
Heap after GC invocations=5 (full 1):
 par new generation   total 109248K, used 12129K [0x00000000e0000000, 0x00000000e8000000, 0x00000000e8000000)
  eden space 87424K,   0% used [0x00000000e0000000, 0x00000000e0000000, 0x00000000e5560000)
  from space 21824K,  55% used [0x00000000e6ab0000, 0x00000000e7688700, 0x00000000e8000000)
  to   space 21824K,   0% used [0x00000000e5560000, 0x00000000e5560000, 0x00000000e6ab0000)
 concurrent mark-sweep generation total 393216K, used 0K [0x00000000e8000000, 0x0000000100000000, 0x0000000100000000)
 Metaspace       used 24670K, capacity 25086K, committed 25468K, reserved 1071104K
  class space    used 2978K, capacity 3139K, committed 3196K, reserved 1048576K
}
2016-05-16T16:36:46.267+0100: 9.973: Total time for which application threads were stopped: 0.0381836 seconds, Stopping threads took: 0.0000458 seconds
2016-05-16T16:36:46.279+0100: 9.986: Total time for which application threads were stopped: 0.0001579 seconds, Stopping threads took: 0.0000584 seconds
2016-05-16T16:36:46.280+0100: 9.986: Total time for which application threads were stopped: 0.0000900 seconds, Stopping threads took: 0.0000292 seconds
2016-05-16T16:36:46.281+0100: 9.988: Total time for which application threads were stopped: 0.0001161 seconds, Stopping threads took: 0.0000426 seconds
2016-05-16T16:36:46.284+0100: 9.990: Total time for which application threads were stopped: 0.0003948 seconds, Stopping threads took: 0.0000505 seconds
2016-05-16T16:36:46.284+0100: 9.991: Total time for which application threads were stopped: 0.0002495 seconds, Stopping threads took: 0.0000300 seconds
2016-05-16T16:36:46.285+0100: 9.992: Total time for which application threads were stopped: 0.0003403 seconds, Stopping threads took: 0.0000395 seconds
2016-05-16T16:36:46.347+0100: 10.054: Total time for which application threads were stopped: 0.0001895 seconds, Stopping threads took: 0.0000419 seconds
2016-05-16T16:36:46.386+0100: 10.093: Total time for which application threads were stopped: 0.0002187 seconds, Stopping threads took: 0.0000490 seconds
2016-05-16T16:36:46.426+0100: 10.133: Total time for which application threads were stopped: 0.0013653 seconds, Stopping threads took: 0.0012160 seconds
2016-05-16T16:36:46.754+0100: 10.461: Total time for which application threads were stopped: 0.0002266 seconds, Stopping threads took: 0.0000742 seconds
2016-05-16T16:36:46.755+0100: 10.462: Total time for which application threads were stopped: 0.0001721 seconds, Stopping threads took: 0.0000458 seconds
2016-05-16T16:36:46.757+0100: 10.464: Total time for which application threads were stopped: 0.0000955 seconds, Stopping threads took: 0.0000292 seconds
2016-05-16T16:36:47.317+0100: 11.024: Total time for which application threads were stopped: 0.0001342 seconds, Stopping threads took: 0.0000426 seconds
2016-05-16T16:36:47.318+0100: 11.024: Total time for which application threads were stopped: 0.0000766 seconds, Stopping threads took: 0.0000276 seconds
2016-05-16T16:36:47.319+0100: 11.026: Total time for which application threads were stopped: 0.0001153 seconds, Stopping threads took: 0.0000379 seconds
2016-05-16T16:36:47.320+0100: 11.026: Total time for which application threads were stopped: 0.0000900 seconds, Stopping threads took: 0.0000316 seconds
2016-05-16T16:36:47.322+0100: 11.029: Total time for which application threads were stopped: 0.0001303 seconds, Stopping threads took: 0.0000474 seconds
2016-05-16T16:36:47.322+0100: 11.029: Total time for which application threads were stopped: 0.0000790 seconds, Stopping threads took: 0.0000268 seconds
2016-05-16T16:36:47.335+0100: 11.042: Total time for which application threads were stopped: 0.0001279 seconds, Stopping threads took: 0.0000442 seconds
2016-05-16T16:36:47.335+0100: 11.042: Total time for which application threads were stopped: 0.0000766 seconds, Stopping threads took: 0.0000284 seconds
2016-05-16T16:36:47.336+0100: 11.043: Total time for which application threads were stopped: 0.0000900 seconds, Stopping threads took: 0.0000340 seconds
2016-05-16T16:36:47.336+0100: 11.043: Total time for which application threads were stopped: 0.0001169 seconds, Stopping threads took: 0.0000253 seconds
2016-05-16T16:36:47.338+0100: 11.045: Total time for which application threads were stopped: 0.0002432 seconds, Stopping threads took: 0.0000355 seconds
2016-05-16T16:36:47.378+0100: 11.085: Total time for which application threads were stopped: 0.0001579 seconds, Stopping threads took: 0.0000529 seconds
2016-05-16T16:36:47.388+0100: 11.095: Total time for which application threads were stopped: 0.0001319 seconds, Stopping threads took: 0.0000387 seconds
2016-05-16T16:36:47.388+0100: 11.095: Total time for which application threads were stopped: 0.0000853 seconds, Stopping threads took: 0.0000221 seconds
2016-05-16T16:36:47.400+0100: 11.107: Total time for which application threads were stopped: 0.0004825 seconds, Stopping threads took: 0.0000411 seconds
2016-05-16T16:36:47.421+0100: 11.127: Total time for which application threads were stopped: 0.0001334 seconds, Stopping threads took: 0.0000387 seconds
2016-05-16T16:36:47.429+0100: 11.135: Total time for which application threads were stopped: 0.0001413 seconds, Stopping threads took: 0.0000505 seconds
2016-05-16T16:36:47.460+0100: 11.165: Total time for which application threads were stopped: 0.0001603 seconds, Stopping threads took: 0.0000474 seconds
2016-05-16T16:36:47.472+0100: 11.178: Total time for which application threads were stopped: 0.0001666 seconds, Stopping threads took: 0.0000545 seconds
2016-05-16T16:36:47.979+0100: 11.685: Total time for which application threads were stopped: 0.0001714 seconds, Stopping threads took: 0.0000442 seconds
2016-05-16T16:36:47.983+0100: 11.689: Total time for which application threads were stopped: 0.0001382 seconds, Stopping threads took: 0.0000387 seconds
2016-05-16T16:36:48.074+0100: 11.780: Total time for which application threads were stopped: 0.0001753 seconds, Stopping threads took: 0.0000632 seconds
2016-05-16T16:36:48.075+0100: 11.780: Total time for which application threads were stopped: 0.0001137 seconds, Stopping threads took: 0.0000316 seconds
2016-05-16T16:36:48.075+0100: 11.781: Total time for which application threads were stopped: 0.0000908 seconds, Stopping threads took: 0.0000284 seconds
2016-05-16T16:36:48.085+0100: 11.791: Total time for which application threads were stopped: 0.0001587 seconds, Stopping threads took: 0.0000576 seconds
2016-05-16T16:36:48.086+0100: 11.791: Total time for which application threads were stopped: 0.0000908 seconds, Stopping threads took: 0.0000292 seconds
2016-05-16T16:36:48.089+0100: 11.795: Total time for which application threads were stopped: 0.0001516 seconds, Stopping threads took: 0.0000553 seconds
2016-05-16T16:36:48.104+0100: 11.810: Total time for which application threads were stopped: 0.0001429 seconds, Stopping threads took: 0.0000466 seconds
2016-05-16T16:36:48.105+0100: 11.811: Total time for which application threads were stopped: 0.0001034 seconds, Stopping threads took: 0.0000355 seconds
2016-05-16T16:36:48.158+0100: 11.864: Total time for which application threads were stopped: 0.0001477 seconds, Stopping threads took: 0.0000482 seconds
2016-05-16T16:36:48.159+0100: 11.865: Total time for which application threads were stopped: 0.0001192 seconds, Stopping threads took: 0.0000411 seconds
2016-05-16T16:36:53.719+0100: 17.425: Total time for which application threads were stopped: 0.0001650 seconds, Stopping threads took: 0.0000545 seconds
2016-05-16T16:36:53.720+0100: 17.426: Total time for which application threads were stopped: 0.0000932 seconds, Stopping threads took: 0.0000324 seconds
2016-05-16T16:36:53.721+0100: 17.427: Total time for which application threads were stopped: 0.0001216 seconds, Stopping threads took: 0.0000434 seconds
2016-05-16T16:36:53.721+0100: 17.427: Total time for which application threads were stopped: 0.0000876 seconds, Stopping threads took: 0.0000300 seconds
2016-05-16T16:36:53.725+0100: 17.431: Total time for which application threads were stopped: 0.0002006 seconds, Stopping threads took: 0.0000553 seconds
2016-05-16T16:36:53.726+0100: 17.432: Total time for which application threads were stopped: 0.0001177 seconds, Stopping threads took: 0.0000569 seconds
2016-05-16T16:36:53.729+0100: 17.436: Total time for which application threads were stopped: 0.0002014 seconds, Stopping threads took: 0.0000600 seconds
2016-05-16T16:36:53.730+0100: 17.436: Total time for which application threads were stopped: 0.0000963 seconds, Stopping threads took: 0.0000347 seconds
2016-05-16T16:36:53.730+0100: 17.436: Total time for which application threads were stopped: 0.0000876 seconds, Stopping threads took: 0.0000300 seconds
2016-05-16T16:36:53.730+0100: 17.436: Total time for which application threads were stopped: 0.0000790 seconds, Stopping threads took: 0.0000253 seconds
2016-05-16T16:36:53.739+0100: 17.445: Total time for which application threads were stopped: 0.0001627 seconds, Stopping threads took: 0.0000569 seconds
2016-05-16T16:36:53.753+0100: 17.459: Total time for which application threads were stopped: 0.0002582 seconds, Stopping threads took: 0.0001169 seconds
2016-05-16T16:36:53.764+0100: 17.470: Total time for which application threads were stopped: 0.0021778 seconds, Stopping threads took: 0.0020167 seconds
2016-05-16T16:36:53.775+0100: 17.481: Total time for which application threads were stopped: 0.0002148 seconds, Stopping threads took: 0.0000513 seconds
2016-05-16T16:36:53.776+0100: 17.482: Total time for which application threads were stopped: 0.0001327 seconds, Stopping threads took: 0.0000474 seconds
2016-05-16T16:36:53.784+0100: 17.490: Total time for which application threads were stopped: 0.0001492 seconds, Stopping threads took: 0.0000513 seconds
2016-05-16T16:36:53.791+0100: 17.497: Total time for which application threads were stopped: 0.0001556 seconds, Stopping threads took: 0.0000576 seconds
2016-05-16T16:36:53.793+0100: 17.500: Total time for which application threads were stopped: 0.0001508 seconds, Stopping threads took: 0.0000458 seconds
2016-05-16T16:36:53.801+0100: 17.507: Total time for which application threads were stopped: 0.0001879 seconds, Stopping threads took: 0.0000497 seconds
2016-05-16T16:36:53.826+0100: 17.532: Total time for which application threads were stopped: 0.0004469 seconds, Stopping threads took: 0.0000632 seconds
2016-05-16T16:36:53.842+0100: 17.548: Total time for which application threads were stopped: 0.0001690 seconds, Stopping threads took: 0.0000624 seconds
2016-05-16T16:36:53.858+0100: 17.564: Total time for which application threads were stopped: 0.0001777 seconds, Stopping threads took: 0.0000450 seconds
2016-05-16T16:36:53.860+0100: 17.566: Total time for which application threads were stopped: 0.0001311 seconds, Stopping threads took: 0.0000355 seconds
2016-05-16T16:36:53.860+0100: 17.566: Total time for which application threads were stopped: 0.0000853 seconds, Stopping threads took: 0.0000213 seconds
2016-05-16T16:36:53.860+0100: 17.567: Total time for which application threads were stopped: 0.0000837 seconds, Stopping threads took: 0.0000213 seconds
2016-05-16T16:36:53.898+0100: 17.604: Total time for which application threads were stopped: 0.0013819 seconds, Stopping threads took: 0.0012539 seconds
2016-05-16T16:36:53.920+0100: 17.626: Total time for which application threads were stopped: 0.0010968 seconds, Stopping threads took: 0.0009760 seconds
2016-05-16T16:36:53.934+0100: 17.640: Total time for which application threads were stopped: 0.0021873 seconds, Stopping threads took: 0.0020404 seconds
2016-05-16T16:36:53.945+0100: 17.651: Total time for which application threads were stopped: 0.0001571 seconds, Stopping threads took: 0.0000482 seconds
2016-05-16T16:36:53.946+0100: 17.652: Total time for which application threads were stopped: 0.0001011 seconds, Stopping threads took: 0.0000276 seconds
2016-05-16T16:36:53.946+0100: 17.652: Total time for which application threads were stopped: 0.0002677 seconds, Stopping threads took: 0.0000197 seconds
2016-05-16T16:36:54.963+0100: 18.669: Total time for which application threads were stopped: 0.0001532 seconds, Stopping threads took: 0.0000513 seconds
2016-05-16T16:36:55.115+0100: 18.821: Total time for which application threads were stopped: 0.0001824 seconds, Stopping threads took: 0.0000458 seconds
2016-05-16T16:36:55.117+0100: 18.823: Total time for which application threads were stopped: 0.0001208 seconds, Stopping threads took: 0.0000355 seconds
2016-05-16T16:36:55.117+0100: 18.823: Total time for which application threads were stopped: 0.0000955 seconds, Stopping threads took: 0.0000292 seconds
2016-05-16T16:36:55.117+0100: 18.823: Total time for which application threads were stopped: 0.0000829 seconds, Stopping threads took: 0.0000221 seconds
2016-05-16T16:36:55.117+0100: 18.824: Total time for which application threads were stopped: 0.0000774 seconds, Stopping threads took: 0.0000197 seconds
2016-05-16T16:36:55.119+0100: 18.825: Total time for which application threads were stopped: 0.0001145 seconds, Stopping threads took: 0.0000379 seconds
2016-05-16T16:36:55.119+0100: 18.825: Total time for which application threads were stopped: 0.0000837 seconds, Stopping threads took: 0.0000268 seconds
2016-05-16T16:36:55.119+0100: 18.826: Total time for which application threads were stopped: 0.0000829 seconds, Stopping threads took: 0.0000268 seconds
2016-05-16T16:36:55.119+0100: 18.826: Total time for which application threads were stopped: 0.0000837 seconds, Stopping threads took: 0.0000268 seconds
2016-05-16T16:36:55.120+0100: 18.826: Total time for which application threads were stopped: 0.0000861 seconds, Stopping threads took: 0.0000276 seconds
2016-05-16T16:36:55.120+0100: 18.826: Total time for which application threads were stopped: 0.0000829 seconds, Stopping threads took: 0.0000268 seconds
2016-05-16T16:36:55.120+0100: 18.826: Total time for which application threads were stopped: 0.0000837 seconds, Stopping threads took: 0.0000276 seconds
2016-05-16T16:36:55.120+0100: 18.826: Total time for which application threads were stopped: 0.0000837 seconds, Stopping threads took: 0.0000268 seconds
2016-05-16T16:36:56.120+0100: 19.826: Total time for which application threads were stopped: 0.0001848 seconds, Stopping threads took: 0.0000482 seconds
2016-05-16T16:37:12.121+0100: 35.827: Total time for which application threads were stopped: 0.0001461 seconds, Stopping threads took: 0.0000466 seconds
2016-05-16T16:37:17.121+0100: 40.827: Total time for which application threads were stopped: 0.0001666 seconds, Stopping threads took: 0.0000513 seconds
2016-05-16T16:37:27.122+0100: 50.829: Total time for which application threads were stopped: 0.0001485 seconds, Stopping threads took: 0.0000466 seconds
2016-05-16T16:37:44.011+0100: 67.718: Total time for which application threads were stopped: 0.0162349 seconds, Stopping threads took: 0.0160809 seconds
2016-05-16T16:37:44.059+0100: 67.766: Total time for which application threads were stopped: 0.0001563 seconds, Stopping threads took: 0.0000553 seconds
2016-05-16T16:37:44.067+0100: 67.774: Total time for which application threads were stopped: 0.0001729 seconds, Stopping threads took: 0.0000561 seconds
2016-05-16T16:37:44.137+0100: 67.844: Total time for which application threads were stopped: 0.0002164 seconds, Stopping threads took: 0.0000442 seconds
2016-05-16T16:37:45.137+0100: 68.844: Total time for which application threads were stopped: 0.0001563 seconds, Stopping threads took: 0.0000553 seconds
2016-05-16T16:37:48.069+0100: 71.776: Total time for which application threads were stopped: 0.0001390 seconds, Stopping threads took: 0.0000513 seconds
2016-05-16T16:37:48.071+0100: 71.778: Total time for which application threads were stopped: 0.0003917 seconds, Stopping threads took: 0.0000379 seconds
2016-05-16T16:37:49.071+0100: 72.778: Total time for which application threads were stopped: 0.0001429 seconds, Stopping threads took: 0.0000474 seconds
2016-05-16T16:38:25.332+0100: 109.039: Total time for which application threads were stopped: 0.0001800 seconds, Stopping threads took: 0.0000576 seconds
2016-05-16T16:38:25.333+0100: 109.040: Total time for which application threads were stopped: 0.0001453 seconds, Stopping threads took: 0.0000363 seconds
2016-05-16T16:38:25.333+0100: 109.041: Total time for which application threads were stopped: 0.0001477 seconds, Stopping threads took: 0.0000403 seconds
2016-05-16T16:38:25.337+0100: 109.044: Total time for which application threads were stopped: 0.0001595 seconds, Stopping threads took: 0.0000458 seconds
2016-05-16T16:38:25.337+0100: 109.044: Total time for which application threads were stopped: 0.0000932 seconds, Stopping threads took: 0.0000261 seconds
2016-05-16T16:38:25.337+0100: 109.045: Total time for which application threads were stopped: 0.0001019 seconds, Stopping threads took: 0.0000284 seconds
2016-05-16T16:38:25.339+0100: 109.046: Total time for which application threads were stopped: 0.0001358 seconds, Stopping threads took: 0.0000387 seconds
2016-05-16T16:38:25.339+0100: 109.047: Total time for which application threads were stopped: 0.0001050 seconds, Stopping threads took: 0.0000292 seconds
2016-05-16T16:38:25.414+0100: 109.121: Total time for which application threads were stopped: 0.0005756 seconds, Stopping threads took: 0.0000466 seconds
2016-05-16T16:38:25.765+0100: 109.473: Total time for which application threads were stopped: 0.0002171 seconds, Stopping threads took: 0.0000474 seconds
2016-05-16T16:38:25.765+0100: 109.473: Total time for which application threads were stopped: 0.0000766 seconds, Stopping threads took: 0.0000197 seconds
2016-05-16T16:38:25.815+0100: 109.522: Total time for which application threads were stopped: 0.0002258 seconds, Stopping threads took: 0.0001027 seconds
2016-05-16T16:38:25.918+0100: 109.626: Total time for which application threads were stopped: 0.0005978 seconds, Stopping threads took: 0.0000466 seconds
2016-05-16T16:38:26.261+0100: 109.969: Total time for which application threads were stopped: 0.0001887 seconds, Stopping threads took: 0.0000482 seconds
2016-05-16T16:38:26.277+0100: 109.984: Total time for which application threads were stopped: 0.0002266 seconds, Stopping threads took: 0.0000782 seconds
2016-05-16T16:38:26.479+0100: 110.186: Total time for which application threads were stopped: 0.0006522 seconds, Stopping threads took: 0.0000466 seconds
2016-05-16T16:38:27.217+0100: 110.924: Total time for which application threads were stopped: 0.0007502 seconds, Stopping threads took: 0.0000450 seconds
{Heap before GC invocations=5 (full 1):
 par new generation   total 109248K, used 99553K [0x00000000e0000000, 0x00000000e8000000, 0x00000000e8000000)
  eden space 87424K, 100% used [0x00000000e0000000, 0x00000000e5560000, 0x00000000e5560000)
  from space 21824K,  55% used [0x00000000e6ab0000, 0x00000000e7688700, 0x00000000e8000000)
  to   space 21824K,   0% used [0x00000000e5560000, 0x00000000e5560000, 0x00000000e6ab0000)
 concurrent mark-sweep generation total 393216K, used 0K [0x00000000e8000000, 0x0000000100000000, 0x0000000100000000)
 Metaspace       used 31460K, capacity 31826K, committed 32124K, reserved 1077248K
  class space    used 3686K, capacity 3853K, committed 3964K, reserved 1048576K
2016-05-16T16:38:27.761+0100: 111.468: [GC (Allocation Failure) 2016-05-16T16:38:27.761+0100: 111.468: [ParNew
Desired survivor size 20112992 bytes, new threshold 8 (max 8)
- age   1:   11142528 bytes,   11142528 total
- age   2:     948104 bytes,   12090632 total
- age   3:       8000 bytes,   12098632 total
- age   4:     255896 bytes,   12354528 total
- age   5:    2495152 bytes,   14849680 total
- age   6:    2557688 bytes,   17407368 total
: 99553K->18888K(109248K), 0.0862559 secs] 99553K->18888K(502464K), 0.0865078 secs] [Times: user=0.13 sys=0.03, real=0.09 secs] 
Heap after GC invocations=6 (full 1):
 par new generation   total 109248K, used 18888K [0x00000000e0000000, 0x00000000e8000000, 0x00000000e8000000)
  eden space 87424K,   0% used [0x00000000e0000000, 0x00000000e0000000, 0x00000000e5560000)
  from space 21824K,  86% used [0x00000000e5560000, 0x00000000e67d2180, 0x00000000e6ab0000)
  to   space 21824K,   0% used [0x00000000e6ab0000, 0x00000000e6ab0000, 0x00000000e8000000)
 concurrent mark-sweep generation total 393216K, used 0K [0x00000000e8000000, 0x0000000100000000, 0x0000000100000000)
 Metaspace       used 31460K, capacity 31826K, committed 32124K, reserved 1077248K
  class space    used 3686K, capacity 3853K, committed 3964K, reserved 1048576K
}
2016-05-16T16:38:27.847+0100: 111.555: Total time for which application threads were stopped: 0.0870116 seconds, Stopping threads took: 0.0000521 seconds
2016-05-16T16:38:27.890+0100: 111.598: Total time for which application threads were stopped: 0.0101729 seconds, Stopping threads took: 0.0100315 seconds
2016-05-16T16:38:27.891+0100: 111.598: Total time for which application threads were stopped: 0.0001919 seconds, Stopping threads took: 0.0000624 seconds
2016-05-16T16:38:27.891+0100: 111.598: Total time for which application threads were stopped: 0.0001342 seconds, Stopping threads took: 0.0000324 seconds
2016-05-16T16:38:27.891+0100: 111.599: Total time for which application threads were stopped: 0.0001390 seconds, Stopping threads took: 0.0000292 seconds
2016-05-16T16:38:27.891+0100: 111.599: Total time for which application threads were stopped: 0.0001311 seconds, Stopping threads took: 0.0000300 seconds
2016-05-16T16:38:27.892+0100: 111.599: Total time for which application threads were stopped: 0.0001295 seconds, Stopping threads took: 0.0000284 seconds
2016-05-16T16:38:28.898+0100: 112.606: Total time for which application threads were stopped: 0.0002827 seconds, Stopping threads took: 0.0000979 seconds
2016-05-16T16:38:29.350+0100: 113.058: Total time for which application threads were stopped: 0.0007217 seconds, Stopping threads took: 0.0000513 seconds
2016-05-16T16:38:29.680+0100: 113.387: Total time for which application threads were stopped: 0.0002148 seconds, Stopping threads took: 0.0000474 seconds
2016-05-16T16:38:29.682+0100: 113.390: Total time for which application threads were stopped: 0.0001469 seconds, Stopping threads took: 0.0000426 seconds
2016-05-16T16:38:29.682+0100: 113.390: Total time for which application threads were stopped: 0.0000845 seconds, Stopping threads took: 0.0000205 seconds
2016-05-16T16:38:29.701+0100: 113.408: Total time for which application threads were stopped: 0.0002851 seconds, Stopping threads took: 0.0001508 seconds
2016-05-16T16:38:29.701+0100: 113.409: Total time for which application threads were stopped: 0.0000971 seconds, Stopping threads took: 0.0000237 seconds
2016-05-16T16:38:29.701+0100: 113.409: Total time for which application threads were stopped: 0.0000837 seconds, Stopping threads took: 0.0000205 seconds
2016-05-16T16:38:29.702+0100: 113.409: Total time for which application threads were stopped: 0.0001098 seconds, Stopping threads took: 0.0000268 seconds
2016-05-16T16:38:29.702+0100: 113.409: Total time for which application threads were stopped: 0.0000892 seconds, Stopping threads took: 0.0000268 seconds
2016-05-16T16:38:29.702+0100: 113.409: Total time for which application threads were stopped: 0.0000876 seconds, Stopping threads took: 0.0000261 seconds
2016-05-16T16:38:29.702+0100: 113.410: Total time for which application threads were stopped: 0.0000869 seconds, Stopping threads took: 0.0000261 seconds
2016-05-16T16:38:29.702+0100: 113.410: Total time for which application threads were stopped: 0.0000853 seconds, Stopping threads took: 0.0000261 seconds
2016-05-16T16:38:29.702+0100: 113.410: Total time for which application threads were stopped: 0.0000853 seconds, Stopping threads took: 0.0000253 seconds
2016-05-16T16:38:29.702+0100: 113.410: Total time for which application threads were stopped: 0.0000853 seconds, Stopping threads took: 0.0000261 seconds
2016-05-16T16:38:29.702+0100: 113.410: Total time for which application threads were stopped: 0.0001516 seconds, Stopping threads took: 0.0000261 seconds
2016-05-16T16:38:29.705+0100: 113.412: Total time for which application threads were stopped: 0.0001556 seconds, Stopping threads took: 0.0000679 seconds
2016-05-16T16:38:29.710+0100: 113.418: Total time for which application threads were stopped: 0.0001658 seconds, Stopping threads took: 0.0000569 seconds
2016-05-16T16:38:29.711+0100: 113.419: Total time for which application threads were stopped: 0.0001098 seconds, Stopping threads took: 0.0000300 seconds
2016-05-16T16:38:29.712+0100: 113.420: Total time for which application threads were stopped: 0.0001161 seconds, Stopping threads took: 0.0000371 seconds
2016-05-16T16:38:29.712+0100: 113.420: Total time for which application threads were stopped: 0.0000916 seconds, Stopping threads took: 0.0000292 seconds
2016-05-16T16:38:29.713+0100: 113.420: Total time for which application threads were stopped: 0.0000924 seconds, Stopping threads took: 0.0000284 seconds
2016-05-16T16:38:29.713+0100: 113.420: Total time for which application threads were stopped: 0.0000908 seconds, Stopping threads took: 0.0000284 seconds
2016-05-16T16:38:29.713+0100: 113.420: Total time for which application threads were stopped: 0.0000900 seconds, Stopping threads took: 0.0000284 seconds
2016-05-16T16:38:29.713+0100: 113.421: Total time for which application threads were stopped: 0.0002558 seconds, Stopping threads took: 0.0000268 seconds
2016-05-16T16:38:29.715+0100: 113.423: Total time for which application threads were stopped: 0.0001208 seconds, Stopping threads took: 0.0000387 seconds
2016-05-16T16:38:29.735+0100: 113.442: Total time for which application threads were stopped: 0.0001800 seconds, Stopping threads took: 0.0000584 seconds
2016-05-16T16:38:29.735+0100: 113.442: Total time for which application threads were stopped: 0.0000948 seconds, Stopping threads took: 0.0000292 seconds
2016-05-16T16:38:29.735+0100: 113.443: Total time for which application threads were stopped: 0.0000892 seconds, Stopping threads took: 0.0000276 seconds
2016-05-16T16:38:29.735+0100: 113.443: Total time for which application threads were stopped: 0.0000845 seconds, Stopping threads took: 0.0000276 seconds
2016-05-16T16:38:29.737+0100: 113.444: Total time for which application threads were stopped: 0.0001232 seconds, Stopping threads took: 0.0000395 seconds
2016-05-16T16:38:29.737+0100: 113.444: Total time for which application threads were stopped: 0.0000884 seconds, Stopping threads took: 0.0000276 seconds
2016-05-16T16:38:29.738+0100: 113.446: Total time for which application threads were stopped: 0.0001192 seconds, Stopping threads took: 0.0000379 seconds
2016-05-16T16:38:29.738+0100: 113.446: Total time for which application threads were stopped: 0.0000916 seconds, Stopping threads took: 0.0000300 seconds
2016-05-16T16:38:30.110+0100: 113.818: Total time for which application threads were stopped: 0.0002574 seconds, Stopping threads took: 0.0000466 seconds
2016-05-16T16:38:30.111+0100: 113.818: Total time for which application threads were stopped: 0.0001066 seconds, Stopping threads took: 0.0000221 seconds
2016-05-16T16:38:30.111+0100: 113.819: Total time for which application threads were stopped: 0.0000979 seconds, Stopping threads took: 0.0000276 seconds
2016-05-16T16:38:30.111+0100: 113.819: Total time for which application threads were stopped: 0.0000821 seconds, Stopping threads took: 0.0000213 seconds
2016-05-16T16:38:30.111+0100: 113.819: Total time for which application threads were stopped: 0.0000845 seconds, Stopping threads took: 0.0000213 seconds
2016-05-16T16:38:30.111+0100: 113.819: Total time for which application threads were stopped: 0.0000813 seconds, Stopping threads took: 0.0000213 seconds
2016-05-16T16:38:30.111+0100: 113.819: Total time for which application threads were stopped: 0.0000861 seconds, Stopping threads took: 0.0000253 seconds
2016-05-16T16:38:30.112+0100: 113.819: Total time for which application threads were stopped: 0.0000924 seconds, Stopping threads took: 0.0000245 seconds
2016-05-16T16:38:30.114+0100: 113.821: Total time for which application threads were stopped: 0.0001295 seconds, Stopping threads took: 0.0000347 seconds
2016-05-16T16:38:30.114+0100: 113.822: Total time for which application threads were stopped: 0.0000892 seconds, Stopping threads took: 0.0000229 seconds
2016-05-16T16:38:30.114+0100: 113.822: Total time for which application threads were stopped: 0.0000829 seconds, Stopping threads took: 0.0000213 seconds
2016-05-16T16:38:30.114+0100: 113.822: Total time for which application threads were stopped: 0.0000805 seconds, Stopping threads took: 0.0000205 seconds
2016-05-16T16:38:30.114+0100: 113.822: Total time for which application threads were stopped: 0.0000845 seconds, Stopping threads took: 0.0000213 seconds
2016-05-16T16:38:30.115+0100: 113.822: Total time for which application threads were stopped: 0.0000845 seconds, Stopping threads took: 0.0000229 seconds
2016-05-16T16:38:30.115+0100: 113.822: Total time for which application threads were stopped: 0.0000813 seconds, Stopping threads took: 0.0000205 seconds
2016-05-16T16:38:30.115+0100: 113.823: Total time for which application threads were stopped: 0.0000805 seconds, Stopping threads took: 0.0000205 seconds
2016-05-16T16:38:30.115+0100: 113.823: Total time for which application threads were stopped: 0.0000813 seconds, Stopping threads took: 0.0000213 seconds
2016-05-16T16:38:30.115+0100: 113.823: Total time for which application threads were stopped: 0.0000805 seconds, Stopping threads took: 0.0000205 seconds
2016-05-16T16:38:30.115+0100: 113.823: Total time for which application threads were stopped: 0.0000813 seconds, Stopping threads took: 0.0000213 seconds
2016-05-16T16:38:30.116+0100: 113.823: Total time for which application threads were stopped: 0.0003964 seconds, Stopping threads took: 0.0000213 seconds
2016-05-16T16:38:30.296+0100: 114.004: Total time for which application threads were stopped: 0.0002227 seconds, Stopping threads took: 0.0000561 seconds
2016-05-16T16:38:30.296+0100: 114.004: Total time for which application threads were stopped: 0.0000963 seconds, Stopping threads took: 0.0000284 seconds
2016-05-16T16:38:30.296+0100: 114.004: Total time for which application threads were stopped: 0.0000908 seconds, Stopping threads took: 0.0000276 seconds
2016-05-16T16:38:30.296+0100: 114.004: Total time for which application threads were stopped: 0.0001011 seconds, Stopping threads took: 0.0000300 seconds
2016-05-16T16:38:30.328+0100: 114.035: Total time for which application threads were stopped: 0.0001745 seconds, Stopping threads took: 0.0000490 seconds
2016-05-16T16:38:30.638+0100: 114.345: Total time for which application threads were stopped: 0.0002464 seconds, Stopping threads took: 0.0000742 seconds
2016-05-16T16:38:30.648+0100: 114.356: Total time for which application threads were stopped: 0.0001729 seconds, Stopping threads took: 0.0000600 seconds
2016-05-16T16:38:31.649+0100: 115.356: Total time for which application threads were stopped: 0.0002132 seconds, Stopping threads took: 0.0000561 seconds
2016-05-16T16:38:32.650+0100: 116.357: Total time for which application threads were stopped: 0.0001745 seconds, Stopping threads took: 0.0000521 seconds
2016-05-16T16:38:33.651+0100: 117.358: Total time for which application threads were stopped: 0.0002472 seconds, Stopping threads took: 0.0000537 seconds
2016-05-16T16:38:34.651+0100: 118.358: Total time for which application threads were stopped: 0.0001690 seconds, Stopping threads took: 0.0000474 seconds
2016-05-16T16:38:35.651+0100: 119.358: Total time for which application threads were stopped: 0.0002069 seconds, Stopping threads took: 0.0000490 seconds
{Heap before GC invocations=6 (full 1):
 par new generation   total 109248K, used 106312K [0x00000000e0000000, 0x00000000e8000000, 0x00000000e8000000)
  eden space 87424K, 100% used [0x00000000e0000000, 0x00000000e5560000, 0x00000000e5560000)
  from space 21824K,  86% used [0x00000000e5560000, 0x00000000e67d2180, 0x00000000e6ab0000)
  to   space 21824K,   0% used [0x00000000e6ab0000, 0x00000000e6ab0000, 0x00000000e8000000)
 concurrent mark-sweep generation total 393216K, used 0K [0x00000000e8000000, 0x0000000100000000, 0x0000000100000000)
 Metaspace       used 32061K, capacity 32530K, committed 32892K, reserved 1079296K
  class space    used 3708K, capacity 3853K, committed 3964K, reserved 1048576K
2016-05-16T16:38:35.728+0100: 119.435: [GC (Allocation Failure) 2016-05-16T16:38:35.728+0100: 119.435: [ParNew
Desired survivor size 20112992 bytes, new threshold 7 (max 8)
- age   1:    9209752 bytes,    9209752 total
- age   2:    5235864 bytes,   14445616 total
- age   3:     943272 bytes,   15388888 total
- age   4:       8000 bytes,   15396888 total
- age   5:     255896 bytes,   15652784 total
- age   6:    2494080 bytes,   18146864 total
- age   7:    2556944 bytes,   20703808 total
: 106312K->21824K(109248K), 0.1183459 secs] 106312K->22939K(502464K), 0.1184786 secs] [Times: user=0.19 sys=0.02, real=0.12 secs] 
Heap after GC invocations=7 (full 1):
 par new generation   total 109248K, used 21824K [0x00000000e0000000, 0x00000000e8000000, 0x00000000e8000000)
  eden space 87424K,   0% used [0x00000000e0000000, 0x00000000e0000000, 0x00000000e5560000)
  from space 21824K, 100% used [0x00000000e6ab0000, 0x00000000e8000000, 0x00000000e8000000)
  to   space 21824K,   0% used [0x00000000e5560000, 0x00000000e5560000, 0x00000000e6ab0000)
 concurrent mark-sweep generation total 393216K, used 1115K [0x00000000e8000000, 0x0000000100000000, 0x0000000100000000)
 Metaspace       used 32061K, capacity 32530K, committed 32892K, reserved 1079296K
  class space    used 3708K, capacity 3853K, committed 3964K, reserved 1048576K
}
2016-05-16T16:38:35.846+0100: 119.553: Total time for which application threads were stopped: 0.1195106 seconds, Stopping threads took: 0.0005235 seconds
2016-05-16T16:38:35.869+0100: 119.576: Total time for which application threads were stopped: 0.0004272 seconds, Stopping threads took: 0.0002993 seconds
2016-05-16T16:38:35.869+0100: 119.576: Total time for which application threads were stopped: 0.0000932 seconds, Stopping threads took: 0.0000292 seconds
2016-05-16T16:38:35.870+0100: 119.577: Total time for which application threads were stopped: 0.0000916 seconds, Stopping threads took: 0.0000268 seconds
2016-05-16T16:38:35.870+0100: 119.577: Total time for which application threads were stopped: 0.0000869 seconds, Stopping threads took: 0.0000261 seconds
2016-05-16T16:38:35.870+0100: 119.577: Total time for which application threads were stopped: 0.0002274 seconds, Stopping threads took: 0.0001240 seconds
2016-05-16T16:38:35.870+0100: 119.577: Total time for which application threads were stopped: 0.0001413 seconds, Stopping threads took: 0.0000758 seconds
2016-05-16T16:38:35.870+0100: 119.577: Total time for which application threads were stopped: 0.0000892 seconds, Stopping threads took: 0.0000261 seconds
2016-05-16T16:38:35.871+0100: 119.578: Total time for which application threads were stopped: 0.0000900 seconds, Stopping threads took: 0.0000268 seconds
2016-05-16T16:38:35.871+0100: 119.578: Total time for which application threads were stopped: 0.0000884 seconds, Stopping threads took: 0.0000261 seconds
2016-05-16T16:38:35.871+0100: 119.578: Total time for which application threads were stopped: 0.0000884 seconds, Stopping threads took: 0.0000261 seconds
2016-05-16T16:38:35.871+0100: 119.578: Total time for which application threads were stopped: 0.0000892 seconds, Stopping threads took: 0.0000268 seconds
2016-05-16T16:38:35.871+0100: 119.578: Total time for which application threads were stopped: 0.0000900 seconds, Stopping threads took: 0.0000268 seconds
2016-05-16T16:38:35.871+0100: 119.578: Total time for which application threads were stopped: 0.0000876 seconds, Stopping threads took: 0.0000261 seconds
2016-05-16T16:38:35.871+0100: 119.578: Total time for which application threads were stopped: 0.0000869 seconds, Stopping threads took: 0.0000253 seconds
2016-05-16T16:38:35.872+0100: 119.579: Total time for which application threads were stopped: 0.0003419 seconds, Stopping threads took: 0.0000521 seconds
2016-05-16T16:38:36.531+0100: 120.238: Total time for which application threads were stopped: 0.0002748 seconds, Stopping threads took: 0.0000458 seconds
2016-05-16T16:38:36.544+0100: 120.251: Total time for which application threads were stopped: 0.0001864 seconds, Stopping threads took: 0.0000561 seconds
2016-05-16T16:38:36.545+0100: 120.252: Total time for which application threads were stopped: 0.0001042 seconds, Stopping threads took: 0.0000300 seconds
2016-05-16T16:38:36.567+0100: 120.274: Total time for which application threads were stopped: 0.0001927 seconds, Stopping threads took: 0.0000576 seconds
2016-05-16T16:38:36.605+0100: 120.312: Total time for which application threads were stopped: 0.0002061 seconds, Stopping threads took: 0.0000640 seconds
2016-05-16T16:38:36.605+0100: 120.312: Total time for which application threads were stopped: 0.0000979 seconds, Stopping threads took: 0.0000300 seconds
2016-05-16T16:38:36.606+0100: 120.313: Total time for which application threads were stopped: 0.0001121 seconds, Stopping threads took: 0.0000332 seconds
2016-05-16T16:38:36.621+0100: 120.328: Total time for which application threads were stopped: 0.0001800 seconds, Stopping threads took: 0.0000576 seconds
2016-05-16T16:38:36.622+0100: 120.329: Total time for which application threads were stopped: 0.0002898 seconds, Stopping threads took: 0.0000292 seconds
2016-05-16T16:38:37.629+0100: 121.336: Total time for which application threads were stopped: 0.0071257 seconds, Stopping threads took: 0.0068888 seconds
2016-05-16T16:38:38.629+0100: 122.336: Total time for which application threads were stopped: 0.0001706 seconds, Stopping threads took: 0.0000537 seconds
2016-05-16T16:38:39.629+0100: 123.336: Total time for which application threads were stopped: 0.0001958 seconds, Stopping threads took: 0.0000458 seconds
2016-05-16T16:38:40.629+0100: 124.336: Total time for which application threads were stopped: 0.0001682 seconds, Stopping threads took: 0.0000458 seconds
2016-05-16T16:38:42.629+0100: 126.336: Total time for which application threads were stopped: 0.0001792 seconds, Stopping threads took: 0.0000521 seconds
2016-05-16T16:38:43.629+0100: 127.336: Total time for which application threads were stopped: 0.0002243 seconds, Stopping threads took: 0.0000545 seconds
2016-05-16T16:38:46.629+0100: 130.336: Total time for which application threads were stopped: 0.0001966 seconds, Stopping threads took: 0.0000529 seconds
2016-05-16T16:38:48.245+0100: 131.952: Total time for which application threads were stopped: 0.0001950 seconds, Stopping threads took: 0.0000490 seconds
2016-05-16T16:38:48.247+0100: 131.955: Total time for which application threads were stopped: 0.0001461 seconds, Stopping threads took: 0.0000419 seconds
2016-05-16T16:38:48.248+0100: 131.955: Total time for which application threads were stopped: 0.0000955 seconds, Stopping threads took: 0.0000268 seconds
{Heap before GC invocations=7 (full 1):
 par new generation   total 109248K, used 109248K [0x00000000e0000000, 0x00000000e8000000, 0x00000000e8000000)
  eden space 87424K, 100% used [0x00000000e0000000, 0x00000000e5560000, 0x00000000e5560000)
  from space 21824K, 100% used [0x00000000e6ab0000, 0x00000000e8000000, 0x00000000e8000000)
  to   space 21824K,   0% used [0x00000000e5560000, 0x00000000e5560000, 0x00000000e6ab0000)
 concurrent mark-sweep generation total 393216K, used 1115K [0x00000000e8000000, 0x0000000100000000, 0x0000000100000000)
 Metaspace       used 32633K, capacity 33122K, committed 33404K, reserved 1079296K
  class space    used 3765K, capacity 3941K, committed 3964K, reserved 1048576K
2016-05-16T16:38:48.981+0100: 132.689: [GC (Allocation Failure) 2016-05-16T16:38:48.981+0100: 132.689: [ParNew
Desired survivor size 20112992 bytes, new threshold 8 (max 8)
- age   1:    1013408 bytes,    1013408 total
- age   2:    7648888 bytes,    8662296 total
- age   3:    4859176 bytes,   13521472 total
- age   4:     943272 bytes,   14464744 total
- age   5:       8000 bytes,   14472744 total
- age   6:     253960 bytes,   14726704 total
- age   7:    2486016 bytes,   17212720 total
: 109248K->21824K(109248K), 0.1434461 secs] 110363K->26288K(502464K), 0.1436206 secs] [Times: user=0.23 sys=0.00, real=0.14 secs] 
Heap after GC invocations=8 (full 1):
 par new generation   total 109248K, used 21824K [0x00000000e0000000, 0x00000000e8000000, 0x00000000e8000000)
  eden space 87424K,   0% used [0x00000000e0000000, 0x00000000e0000000, 0x00000000e5560000)
  from space 21824K, 100% used [0x00000000e5560000, 0x00000000e6ab0000, 0x00000000e6ab0000)
  to   space 21824K,   0% used [0x00000000e6ab0000, 0x00000000e6ab0000, 0x00000000e8000000)
 concurrent mark-sweep generation total 393216K, used 4464K [0x00000000e8000000, 0x0000000100000000, 0x0000000100000000)
 Metaspace       used 32633K, capacity 33122K, committed 33404K, reserved 1079296K
  class space    used 3765K, capacity 3941K, committed 3964K, reserved 1048576K
}
2016-05-16T16:38:49.125+0100: 132.833: Total time for which application threads were stopped: 0.1441639 seconds, Stopping threads took: 0.0000600 seconds
2016-05-16T16:38:49.126+0100: 132.834: Total time for which application threads were stopped: 0.0010842 seconds, Stopping threads took: 0.0009586 seconds
2016-05-16T16:38:49.128+0100: 132.835: Total time for which application threads were stopped: 0.0011394 seconds, Stopping threads took: 0.0010455 seconds
2016-05-16T16:38:49.129+0100: 132.836: Total time for which application threads were stopped: 0.0010692 seconds, Stopping threads took: 0.0009223 seconds
2016-05-16T16:38:49.130+0100: 132.838: Total time for which application threads were stopped: 0.0010068 seconds, Stopping threads took: 0.0008994 seconds
2016-05-16T16:38:49.131+0100: 132.839: Total time for which application threads were stopped: 0.0009760 seconds, Stopping threads took: 0.0008978 seconds
2016-05-16T16:38:49.132+0100: 132.840: Total time for which application threads were stopped: 0.0009689 seconds, Stopping threads took: 0.0008899 seconds
2016-05-16T16:38:49.133+0100: 132.841: Total time for which application threads were stopped: 0.0009294 seconds, Stopping threads took: 0.0008575 seconds
2016-05-16T16:38:49.133+0100: 132.841: Total time for which application threads were stopped: 0.0001011 seconds, Stopping threads took: 0.0000308 seconds
2016-05-16T16:38:49.133+0100: 132.841: Total time for which application threads were stopped: 0.0000963 seconds, Stopping threads took: 0.0000292 seconds
2016-05-16T16:38:49.133+0100: 132.841: Total time for which application threads were stopped: 0.0000948 seconds, Stopping threads took: 0.0000276 seconds
2016-05-16T16:38:49.133+0100: 132.841: Total time for which application threads were stopped: 0.0000948 seconds, Stopping threads took: 0.0000284 seconds
2016-05-16T16:38:49.134+0100: 132.842: Total time for which application threads were stopped: 0.0001729 seconds, Stopping threads took: 0.0000300 seconds
2016-05-16T16:38:49.134+0100: 132.842: Total time for which application threads were stopped: 0.0001563 seconds, Stopping threads took: 0.0000276 seconds
2016-05-16T16:38:49.134+0100: 132.842: Total time for which application threads were stopped: 0.0000963 seconds, Stopping threads took: 0.0000268 seconds
2016-05-16T16:38:49.135+0100: 132.842: Total time for which application threads were stopped: 0.0001256 seconds, Stopping threads took: 0.0000553 seconds
2016-05-16T16:38:49.135+0100: 132.843: Total time for which application threads were stopped: 0.0000932 seconds, Stopping threads took: 0.0000261 seconds
2016-05-16T16:38:49.135+0100: 132.843: Total time for which application threads were stopped: 0.0000940 seconds, Stopping threads took: 0.0000261 seconds
2016-05-16T16:38:49.135+0100: 132.843: Total time for which application threads were stopped: 0.0000948 seconds, Stopping threads took: 0.0000261 seconds
2016-05-16T16:38:49.135+0100: 132.843: Total time for which application threads were stopped: 0.0002961 seconds, Stopping threads took: 0.0000268 seconds
2016-05-16T16:38:50.136+0100: 133.843: Total time for which application threads were stopped: 0.0002653 seconds, Stopping threads took: 0.0000497 seconds
2016-05-16T16:38:51.140+0100: 134.847: Total time for which application threads were stopped: 0.0001824 seconds, Stopping threads took: 0.0000513 seconds
2016-05-16T16:38:53.141+0100: 136.848: Total time for which application threads were stopped: 0.0001737 seconds, Stopping threads took: 0.0000497 seconds
2016-05-16T16:38:54.141+0100: 137.848: Total time for which application threads were stopped: 0.0001595 seconds, Stopping threads took: 0.0000466 seconds
2016-05-16T16:38:57.141+0100: 140.848: Total time for which application threads were stopped: 0.0001769 seconds, Stopping threads took: 0.0000490 seconds
2016-05-16T16:39:02.142+0100: 145.849: Total time for which application threads were stopped: 0.0001690 seconds, Stopping threads took: 0.0000521 seconds
2016-05-16T16:39:03.142+0100: 146.849: Total time for which application threads were stopped: 0.0001650 seconds, Stopping threads took: 0.0000474 seconds
2016-05-16T16:39:04.142+0100: 147.850: Total time for which application threads were stopped: 0.0001974 seconds, Stopping threads took: 0.0000545 seconds
2016-05-16T16:39:06.142+0100: 149.849: Total time for which application threads were stopped: 0.0001753 seconds, Stopping threads took: 0.0000537 seconds
2016-05-16T16:39:07.142+0100: 150.850: Total time for which application threads were stopped: 0.0001769 seconds, Stopping threads took: 0.0000490 seconds
2016-05-16T16:39:26.144+0100: 169.861: Total time for which application threads were stopped: 0.0001777 seconds, Stopping threads took: 0.0000553 seconds
2016-05-16T16:39:55.149+0100: 198.866: Total time for which application threads were stopped: 0.0001753 seconds, Stopping threads took: 0.0000529 seconds
2016-05-16T16:42:20.176+0100: 343.900: Total time for which application threads were stopped: 0.0002006 seconds, Stopping threads took: 0.0000592 seconds
2016-05-16T16:46:14.556+0100: 578.296: Total time for which application threads were stopped: 0.0002756 seconds, Stopping threads took: 0.0000932 seconds
2016-05-16T16:46:14.826+0100: 578.566: Total time for which application threads were stopped: 0.0002590 seconds, Stopping threads took: 0.0000537 seconds
2016-05-16T16:46:15.850+0100: 579.590: Total time for which application threads were stopped: 0.0001721 seconds, Stopping threads took: 0.0000513 seconds
{Heap before GC invocations=8 (full 1):
 par new generation   total 109248K, used 109248K [0x00000000e0000000, 0x00000000e8000000, 0x00000000e8000000)
  eden space 87424K, 100% used [0x00000000e0000000, 0x00000000e5560000, 0x00000000e5560000)
  from space 21824K, 100% used [0x00000000e5560000, 0x00000000e6ab0000, 0x00000000e6ab0000)
  to   space 21824K,   0% used [0x00000000e6ab0000, 0x00000000e6ab0000, 0x00000000e8000000)
 concurrent mark-sweep generation total 393216K, used 4464K [0x00000000e8000000, 0x0000000100000000, 0x0000000100000000)
 Metaspace       used 32728K, capacity 33186K, committed 33404K, reserved 1079296K
  class space    used 3765K, capacity 3941K, committed 3964K, reserved 1048576K
2016-05-16T16:46:16.424+0100: 580.164: [GC (Allocation Failure) 2016-05-16T16:46:16.424+0100: 580.164: [ParNew
Desired survivor size 20112992 bytes, new threshold 8 (max 8)
- age   1:     613296 bytes,     613296 total
- age   2:     220024 bytes,     833320 total
- age   3:    7648752 bytes,    8482072 total
- age   4:    4857768 bytes,   13339840 total
- age   5:     943272 bytes,   14283112 total
- age   6:       8000 bytes,   14291112 total
- age   7:     253960 bytes,   14545072 total
- age   8:    2486016 bytes,   17031088 total
: 109248K->21824K(109248K), 0.2529228 secs] 113712K->26288K(502464K), 0.2531100 secs] [Times: user=0.31 sys=0.02, real=0.25 secs] 
Heap after GC invocations=9 (full 1):
 par new generation   total 109248K, used 21824K [0x00000000e0000000, 0x00000000e8000000, 0x00000000e8000000)
  eden space 87424K,   0% used [0x00000000e0000000, 0x00000000e0000000, 0x00000000e5560000)
  from space 21824K, 100% used [0x00000000e6ab0000, 0x00000000e8000000, 0x00000000e8000000)
  to   space 21824K,   0% used [0x00000000e5560000, 0x00000000e5560000, 0x00000000e6ab0000)
 concurrent mark-sweep generation total 393216K, used 4464K [0x00000000e8000000, 0x0000000100000000, 0x0000000100000000)
 Metaspace       used 32728K, capacity 33186K, committed 33404K, reserved 1079296K
  class space    used 3765K, capacity 3941K, committed 3964K, reserved 1048576K
}
2016-05-16T16:46:16.677+0100: 580.417: Total time for which application threads were stopped: 0.2536209 seconds, Stopping threads took: 0.0000490 seconds
2016-05-16T16:46:18.677+0100: 582.417: Total time for which application threads were stopped: 0.0001603 seconds, Stopping threads took: 0.0000482 seconds
2016-05-16T16:46:19.677+0100: 583.417: Total time for which application threads were stopped: 0.0001706 seconds, Stopping threads took: 0.0000482 seconds
2016-05-16T16:46:20.688+0100: 584.429: Total time for which application threads were stopped: 0.0001832 seconds, Stopping threads took: 0.0000545 seconds
2016-05-16T16:46:22.688+0100: 586.432: Total time for which application threads were stopped: 0.0001800 seconds, Stopping threads took: 0.0000434 seconds
2016-05-16T16:46:23.688+0100: 587.432: Total time for which application threads were stopped: 0.0001832 seconds, Stopping threads took: 0.0000482 seconds
2016-05-16T16:46:24.689+0100: 588.433: Total time for which application threads were stopped: 0.0001714 seconds, Stopping threads took: 0.0000482 seconds
2016-05-16T16:46:25.696+0100: 589.440: Total time for which application threads were stopped: 0.0002100 seconds, Stopping threads took: 0.0000505 seconds
2016-05-16T16:46:26.696+0100: 590.440: Total time for which application threads were stopped: 0.0009168 seconds, Stopping threads took: 0.0007715 seconds
2016-05-16T16:46:27.708+0100: 591.452: Total time for which application threads were stopped: 0.0002282 seconds, Stopping threads took: 0.0000521 seconds
2016-05-16T16:46:28.708+0100: 592.452: Total time for which application threads were stopped: 0.0002290 seconds, Stopping threads took: 0.0000529 seconds
2016-05-16T16:46:33.724+0100: 597.468: Total time for which application threads were stopped: 0.0001642 seconds, Stopping threads took: 0.0000490 seconds
2016-05-16T16:46:36.724+0100: 600.468: Total time for which application threads were stopped: 0.0002266 seconds, Stopping threads took: 0.0000537 seconds
2016-05-16T16:46:38.724+0100: 602.468: Total time for which application threads were stopped: 0.0001579 seconds, Stopping threads took: 0.0000474 seconds
{Heap before GC invocations=9 (full 1):
 par new generation   total 109248K, used 109248K [0x00000000e0000000, 0x00000000e8000000, 0x00000000e8000000)
  eden space 87424K, 100% used [0x00000000e0000000, 0x00000000e5560000, 0x00000000e5560000)
  from space 21824K, 100% used [0x00000000e6ab0000, 0x00000000e8000000, 0x00000000e8000000)
  to   space 21824K,   0% used [0x00000000e5560000, 0x00000000e5560000, 0x00000000e6ab0000)
 concurrent mark-sweep generation total 393216K, used 4464K [0x00000000e8000000, 0x0000000100000000, 0x0000000100000000)
 Metaspace       used 32801K, capacity 33314K, committed 33660K, reserved 1079296K
  class space    used 3766K, capacity 3941K, committed 3964K, reserved 1048576K
2016-05-16T16:46:39.582+0100: 603.327: [GC (Allocation Failure) 2016-05-16T16:46:39.582+0100: 603.327: [ParNew
Desired survivor size 20112992 bytes, new threshold 8 (max 8)
- age   1:     662864 bytes,     662864 total
- age   2:      28808 bytes,     691672 total
- age   3:     216040 bytes,     907712 total
- age   4:    7648616 bytes,    8556328 total
- age   5:    4537648 bytes,   13093976 total
- age   6:     896080 bytes,   13990056 total
- age   7:       6632 bytes,   13996688 total
- age   8:     232336 bytes,   14229024 total
: 109248K->20200K(109248K), 0.0960119 secs] 113712K->27132K(502464K), 0.0961887 secs] [Times: user=0.16 sys=0.00, real=0.10 secs] 
Heap after GC invocations=10 (full 1):
 par new generation   total 109248K, used 20200K [0x00000000e0000000, 0x00000000e8000000, 0x00000000e8000000)
  eden space 87424K,   0% used [0x00000000e0000000, 0x00000000e0000000, 0x00000000e5560000)
  from space 21824K,  92% used [0x00000000e5560000, 0x00000000e691a3f8, 0x00000000e6ab0000)
  to   space 21824K,   0% used [0x00000000e6ab0000, 0x00000000e6ab0000, 0x00000000e8000000)
 concurrent mark-sweep generation total 393216K, used 6931K [0x00000000e8000000, 0x0000000100000000, 0x0000000100000000)
 Metaspace       used 32801K, capacity 33314K, committed 33660K, reserved 1079296K
  class space    used 3766K, capacity 3941K, committed 3964K, reserved 1048576K
}
2016-05-16T16:46:39.678+0100: 603.423: Total time for which application threads were stopped: 0.0966957 seconds, Stopping threads took: 0.0000655 seconds
2016-05-16T16:46:40.690+0100: 604.434: Total time for which application threads were stopped: 0.0004327 seconds, Stopping threads took: 0.0000608 seconds
2016-05-16T16:46:41.718+0100: 605.463: Total time for which application threads were stopped: 0.0001911 seconds, Stopping threads took: 0.0000529 seconds
2016-05-16T16:46:42.719+0100: 606.463: Total time for which application threads were stopped: 0.0002061 seconds, Stopping threads took: 0.0000561 seconds
2016-05-16T16:46:45.719+0100: 609.463: Total time for which application threads were stopped: 0.0001840 seconds, Stopping threads took: 0.0000576 seconds
2016-05-16T16:46:53.726+0100: 617.470: Total time for which application threads were stopped: 0.0001603 seconds, Stopping threads took: 0.0000482 seconds
2016-05-16T16:46:54.726+0100: 618.470: Total time for which application threads were stopped: 0.0001721 seconds, Stopping threads took: 0.0000497 seconds
2016-05-16T16:46:55.726+0100: 619.470: Total time for which application threads were stopped: 0.0001627 seconds, Stopping threads took: 0.0000466 seconds
{Heap before GC invocations=10 (full 1):
 par new generation   total 109248K, used 107624K [0x00000000e0000000, 0x00000000e8000000, 0x00000000e8000000)
  eden space 87424K, 100% used [0x00000000e0000000, 0x00000000e5560000, 0x00000000e5560000)
  from space 21824K,  92% used [0x00000000e5560000, 0x00000000e691a3f8, 0x00000000e6ab0000)
  to   space 21824K,   0% used [0x00000000e6ab0000, 0x00000000e6ab0000, 0x00000000e8000000)
 concurrent mark-sweep generation total 393216K, used 6931K [0x00000000e8000000, 0x0000000100000000, 0x0000000100000000)
 Metaspace       used 32865K, capacity 33314K, committed 33660K, reserved 1079296K
  class space    used 3766K, capacity 3941K, committed 3964K, reserved 1048576K
2016-05-16T16:46:58.574+0100: 622.319: [GC (Allocation Failure) 2016-05-16T16:46:58.575+0100: 622.319: [ParNew
Desired survivor size 20112992 bytes, new threshold 8 (max 8)
- age   1:     752624 bytes,     752624 total
- age   2:      10224 bytes,     762848 total
- age   3:      23616 bytes,     786464 total
- age   4:     216040 bytes,    1002504 total
- age   5:    7648616 bytes,    8651120 total
- age   6:    4537648 bytes,   13188768 total
- age   7:     896080 bytes,   14084848 total
- age   8:       6632 bytes,   14091480 total
: 107624K->18638K(109248K), 0.0808145 secs] 114556K->25802K(502464K), 0.0810246 secs] [Times: user=0.14 sys=0.00, real=0.08 secs] 
Heap after GC invocations=11 (full 1):
 par new generation   total 109248K, used 18638K [0x00000000e0000000, 0x00000000e8000000, 0x00000000e8000000)
  eden space 87424K,   0% used [0x00000000e0000000, 0x00000000e0000000, 0x00000000e5560000)
  from space 21824K,  85% used [0x00000000e6ab0000, 0x00000000e7ce39c0, 0x00000000e8000000)
  to   space 21824K,   0% used [0x00000000e5560000, 0x00000000e5560000, 0x00000000e6ab0000)
 concurrent mark-sweep generation total 393216K, used 7164K [0x00000000e8000000, 0x0000000100000000, 0x0000000100000000)
 Metaspace       used 32865K, capacity 33314K, committed 33660K, reserved 1079296K
  class space    used 3766K, capacity 3941K, committed 3964K, reserved 1048576K
}
2016-05-16T16:46:58.656+0100: 622.400: Total time for which application threads were stopped: 0.0814810 seconds, Stopping threads took: 0.0000553 seconds
2016-05-16T16:47:04.657+0100: 628.401: Total time for which application threads were stopped: 0.0001650 seconds, Stopping threads took: 0.0000458 seconds
2016-05-16T16:47:27.115+0100: 650.863: Total time for which application threads were stopped: 0.0002227 seconds, Stopping threads took: 0.0000576 seconds
2016-05-16T16:47:27.311+0100: 651.059: Total time for which application threads were stopped: 0.0002077 seconds, Stopping threads took: 0.0000450 seconds
2016-05-16T16:47:27.321+0100: 651.070: Total time for which application threads were stopped: 0.0002029 seconds, Stopping threads took: 0.0000482 seconds
2016-05-16T16:47:27.322+0100: 651.070: Total time for which application threads were stopped: 0.0001113 seconds, Stopping threads took: 0.0000253 seconds
2016-05-16T16:47:27.419+0100: 651.167: Total time for which application threads were stopped: 0.0011560 seconds, Stopping threads took: 0.0000497 seconds
2016-05-16T16:47:27.447+0100: 651.195: Total time for which application threads were stopped: 0.0001840 seconds, Stopping threads took: 0.0000426 seconds
2016-05-16T16:47:28.447+0100: 652.195: Total time for which application threads were stopped: 0.0003080 seconds, Stopping threads took: 0.0000442 seconds
2016-05-16T16:47:54.794+0100: 678.542: Total time for which application threads were stopped: 0.0002448 seconds, Stopping threads took: 0.0000766 seconds
2016-05-16T16:47:55.058+0100: 678.806: Total time for which application threads were stopped: 0.0001935 seconds, Stopping threads took: 0.0000458 seconds
2016-05-16T16:47:56.058+0100: 679.806: Total time for which application threads were stopped: 0.0001753 seconds, Stopping threads took: 0.0000497 seconds
2016-05-16T16:47:57.058+0100: 680.806: Total time for which application threads were stopped: 0.0001579 seconds, Stopping threads took: 0.0000458 seconds
2016-05-16T16:48:01.058+0100: 684.806: Total time for which application threads were stopped: 0.0001856 seconds, Stopping threads took: 0.0000592 seconds
2016-05-16T16:48:02.058+0100: 685.806: Total time for which application threads were stopped: 0.0001595 seconds, Stopping threads took: 0.0000497 seconds
2016-05-16T16:48:03.058+0100: 686.806: Total time for which application threads were stopped: 0.0002021 seconds, Stopping threads took: 0.0000584 seconds
{Heap before GC invocations=11 (full 1):
 par new generation   total 109248K, used 106062K [0x00000000e0000000, 0x00000000e8000000, 0x00000000e8000000)
  eden space 87424K, 100% used [0x00000000e0000000, 0x00000000e5560000, 0x00000000e5560000)
  from space 21824K,  85% used [0x00000000e6ab0000, 0x00000000e7ce39c0, 0x00000000e8000000)
  to   space 21824K,   0% used [0x00000000e5560000, 0x00000000e5560000, 0x00000000e6ab0000)
 concurrent mark-sweep generation total 393216K, used 7164K [0x00000000e8000000, 0x0000000100000000, 0x0000000100000000)
 Metaspace       used 33600K, capacity 34018K, committed 34300K, reserved 1079296K
  class space    used 3845K, capacity 4005K, committed 4092K, reserved 1048576K
2016-05-16T16:48:04.389+0100: 688.138: [GC (Allocation Failure) 2016-05-16T16:48:04.389+0100: 688.138: [ParNew
Desired survivor size 20112992 bytes, new threshold 8 (max 8)
- age   1:    4697368 bytes,    4697368 total
- age   2:       8944 bytes,    4706312 total
- age   3:       6944 bytes,    4713256 total
- age   4:      11416 bytes,    4724672 total
- age   5:     215904 bytes,    4940576 total
- age   6:    7648616 bytes,   12589192 total
- age   7:    4527336 bytes,   17116528 total
- age   8:     895992 bytes,   18012520 total
: 106062K->21824K(109248K), 0.0862930 secs] 113226K->28994K(502464K), 0.0864644 secs] [Times: user=0.16 sys=0.00, real=0.09 secs] 
Heap after GC invocations=12 (full 1):
 par new generation   total 109248K, used 21824K [0x00000000e0000000, 0x00000000e8000000, 0x00000000e8000000)
  eden space 87424K,   0% used [0x00000000e0000000, 0x00000000e0000000, 0x00000000e5560000)
  from space 21824K, 100% used [0x00000000e5560000, 0x00000000e6ab0000, 0x00000000e6ab0000)
  to   space 21824K,   0% used [0x00000000e6ab0000, 0x00000000e6ab0000, 0x00000000e8000000)
 concurrent mark-sweep generation total 393216K, used 7170K [0x00000000e8000000, 0x0000000100000000, 0x0000000100000000)
 Metaspace       used 33600K, capacity 34018K, committed 34300K, reserved 1079296K
  class space    used 3845K, capacity 4005K, committed 4092K, reserved 1048576K
}
2016-05-16T16:48:04.476+0100: 688.225: Total time for which application threads were stopped: 0.0869310 seconds, Stopping threads took: 0.0000726 seconds
2016-05-16T16:48:06.490+0100: 690.238: Total time for which application threads were stopped: 0.0001753 seconds, Stopping threads took: 0.0000513 seconds
2016-05-16T16:48:08.490+0100: 692.239: Total time for which application threads were stopped: 0.0001729 seconds, Stopping threads took: 0.0000513 seconds
2016-05-16T16:48:12.491+0100: 696.239: Total time for which application threads were stopped: 0.0001658 seconds, Stopping threads took: 0.0000497 seconds
2016-05-16T16:48:13.491+0100: 697.239: Total time for which application threads were stopped: 0.0001911 seconds, Stopping threads took: 0.0000513 seconds
2016-05-16T16:48:14.491+0100: 698.239: Total time for which application threads were stopped: 0.0001911 seconds, Stopping threads took: 0.0000482 seconds
{Heap before GC invocations=12 (full 1):
 par new generation   total 109248K, used 109248K [0x00000000e0000000, 0x00000000e8000000, 0x00000000e8000000)
  eden space 87424K, 100% used [0x00000000e0000000, 0x00000000e5560000, 0x00000000e5560000)
  from space 21824K, 100% used [0x00000000e5560000, 0x00000000e6ab0000, 0x00000000e6ab0000)
  to   space 21824K,   0% used [0x00000000e6ab0000, 0x00000000e6ab0000, 0x00000000e8000000)
 concurrent mark-sweep generation total 393216K, used 7170K [0x00000000e8000000, 0x0000000100000000, 0x0000000100000000)
 Metaspace       used 33687K, capacity 34018K, committed 34300K, reserved 1079296K
  class space    used 3845K, capacity 4005K, committed 4092K, reserved 1048576K
2016-05-16T16:48:15.767+0100: 699.515: [GC (Allocation Failure) 2016-05-16T16:48:15.767+0100: 699.515: [ParNew
Desired survivor size 20112992 bytes, new threshold 8 (max 8)
- age   1:    1524600 bytes,    1524600 total
- age   2:    2333656 bytes,    3858256 total
- age   3:       7696 bytes,    3865952 total
- age   4:       6944 bytes,    3872896 total
- age   5:      11416 bytes,    3884312 total
- age   6:     213984 bytes,    4098296 total
- age   7:    7648616 bytes,   11746912 total
- age   8:    4523104 bytes,   16270016 total
: 109248K->21824K(109248K), 0.0723599 secs] 116418K->29878K(502464K), 0.0725273 secs] [Times: user=0.12 sys=0.00, real=0.07 secs] 
Heap after GC invocations=13 (full 1):
 par new generation   total 109248K, used 21824K [0x00000000e0000000, 0x00000000e8000000, 0x00000000e8000000)
  eden space 87424K,   0% used [0x00000000e0000000, 0x00000000e0000000, 0x00000000e5560000)
  from space 21824K, 100% used [0x00000000e6ab0000, 0x00000000e8000000, 0x00000000e8000000)
  to   space 21824K,   0% used [0x00000000e5560000, 0x00000000e5560000, 0x00000000e6ab0000)
 concurrent mark-sweep generation total 393216K, used 8054K [0x00000000e8000000, 0x0000000100000000, 0x0000000100000000)
 Metaspace       used 33687K, capacity 34018K, committed 34300K, reserved 1079296K
  class space    used 3845K, capacity 4005K, committed 4092K, reserved 1048576K
}
2016-05-16T16:48:15.840+0100: 699.588: Total time for which application threads were stopped: 0.0730113 seconds, Stopping threads took: 0.0000466 seconds
2016-05-16T16:48:16.840+0100: 700.588: Total time for which application threads were stopped: 0.0001792 seconds, Stopping threads took: 0.0000466 seconds
2016-05-16T16:48:17.840+0100: 701.588: Total time for which application threads were stopped: 0.0001998 seconds, Stopping threads took: 0.0000584 seconds
2016-05-16T16:48:19.840+0100: 703.588: Total time for which application threads were stopped: 0.0001627 seconds, Stopping threads took: 0.0000513 seconds
2016-05-16T16:48:21.840+0100: 705.593: Total time for which application threads were stopped: 0.0001666 seconds, Stopping threads took: 0.0000442 seconds
2016-05-16T16:48:24.840+0100: 708.593: Total time for which application threads were stopped: 0.0001816 seconds, Stopping threads took: 0.0000490 seconds
2016-05-16T16:48:25.840+0100: 709.593: Total time for which application threads were stopped: 0.0001642 seconds, Stopping threads took: 0.0000505 seconds
2016-05-16T16:48:28.841+0100: 712.594: Total time for which application threads were stopped: 0.0001698 seconds, Stopping threads took: 0.0000497 seconds
2016-05-16T16:48:29.841+0100: 713.594: Total time for which application threads were stopped: 0.0001611 seconds, Stopping threads took: 0.0000474 seconds
2016-05-16T16:49:01.884+0100: 745.637: Total time for which application threads were stopped: 0.0002053 seconds, Stopping threads took: 0.0000600 seconds
2016-05-16T16:49:02.884+0100: 746.637: Total time for which application threads were stopped: 0.0001650 seconds, Stopping threads took: 0.0000474 seconds
2016-05-16T16:49:23.634+0100: 767.393: Total time for which application threads were stopped: 0.0001982 seconds, Stopping threads took: 0.0000545 seconds
2016-05-16T16:49:24.634+0100: 768.393: Total time for which application threads were stopped: 0.0001856 seconds, Stopping threads took: 0.0000537 seconds
2016-05-16T16:49:44.889+0100: 788.649: Total time for which application threads were stopped: 0.0002361 seconds, Stopping threads took: 0.0000616 seconds
2016-05-16T16:49:44.890+0100: 788.649: Total time for which application threads were stopped: 0.0001453 seconds, Stopping threads took: 0.0000371 seconds
2016-05-16T16:49:44.906+0100: 788.666: Total time for which application threads were stopped: 0.0012255 seconds, Stopping threads took: 0.0000419 seconds
2016-05-16T16:49:44.918+0100: 788.677: Total time for which application threads were stopped: 0.0002235 seconds, Stopping threads took: 0.0000553 seconds
2016-05-16T16:49:44.918+0100: 788.677: Total time for which application threads were stopped: 0.0001121 seconds, Stopping threads took: 0.0000268 seconds
2016-05-16T16:49:44.918+0100: 788.678: Total time for which application threads were stopped: 0.0001224 seconds, Stopping threads took: 0.0000292 seconds
2016-05-16T16:49:44.984+0100: 788.744: Total time for which application threads were stopped: 0.0001840 seconds, Stopping threads took: 0.0000505 seconds
2016-05-16T16:49:44.985+0100: 788.744: Total time for which application threads were stopped: 0.0001256 seconds, Stopping threads took: 0.0000561 seconds
2016-05-16T16:49:44.985+0100: 788.744: Total time for which application threads were stopped: 0.0000948 seconds, Stopping threads took: 0.0000268 seconds
2016-05-16T16:49:44.985+0100: 788.744: Total time for which application threads were stopped: 0.0000940 seconds, Stopping threads took: 0.0000261 seconds
2016-05-16T16:49:44.985+0100: 788.745: Total time for which application threads were stopped: 0.0001019 seconds, Stopping threads took: 0.0000284 seconds
2016-05-16T16:49:44.986+0100: 788.745: Total time for which application threads were stopped: 0.0000995 seconds, Stopping threads took: 0.0000276 seconds
2016-05-16T16:49:44.986+0100: 788.745: Total time for which application threads were stopped: 0.0000940 seconds, Stopping threads took: 0.0000261 seconds
2016-05-16T16:49:45.053+0100: 788.812: Total time for which application threads were stopped: 0.0001729 seconds, Stopping threads took: 0.0000458 seconds
2016-05-16T16:49:45.054+0100: 788.813: Total time for which application threads were stopped: 0.0001398 seconds, Stopping threads took: 0.0000324 seconds
2016-05-16T16:49:45.149+0100: 788.908: Total time for which application threads were stopped: 0.0002021 seconds, Stopping threads took: 0.0000553 seconds
2016-05-16T16:49:45.149+0100: 788.908: Total time for which application threads were stopped: 0.0001034 seconds, Stopping threads took: 0.0000284 seconds
2016-05-16T16:49:45.176+0100: 788.935: Total time for which application threads were stopped: 0.0008425 seconds, Stopping threads took: 0.0000442 seconds
2016-05-16T16:49:45.178+0100: 788.937: Total time for which application threads were stopped: 0.0006996 seconds, Stopping threads took: 0.0000300 seconds
2016-05-16T16:49:45.185+0100: 788.945: Total time for which application threads were stopped: 0.0009089 seconds, Stopping threads took: 0.0000624 seconds
2016-05-16T16:49:45.188+0100: 788.947: Total time for which application threads were stopped: 0.0001974 seconds, Stopping threads took: 0.0000505 seconds
2016-05-16T16:49:45.738+0100: 789.497: Total time for which application threads were stopped: 0.0012034 seconds, Stopping threads took: 0.0009168 seconds
2016-05-16T16:49:46.755+0100: 790.515: Total time for which application threads were stopped: 0.0002622 seconds, Stopping threads took: 0.0000505 seconds
2016-05-16T16:49:47.128+0100: 790.887: Total time for which application threads were stopped: 0.0004722 seconds, Stopping threads took: 0.0001224 seconds
2016-05-16T16:49:47.129+0100: 790.889: Total time for which application threads were stopped: 0.0001524 seconds, Stopping threads took: 0.0000411 seconds
2016-05-16T16:49:47.142+0100: 790.902: Total time for which application threads were stopped: 0.0001785 seconds, Stopping threads took: 0.0000497 seconds
2016-05-16T16:49:47.148+0100: 790.907: Total time for which application threads were stopped: 0.0001950 seconds, Stopping threads took: 0.0000490 seconds
2016-05-16T16:49:47.769+0100: 791.529: Total time for which application threads were stopped: 0.0003103 seconds, Stopping threads took: 0.0000742 seconds
2016-05-16T16:49:47.788+0100: 791.547: Total time for which application threads were stopped: 0.0002566 seconds, Stopping threads took: 0.0000561 seconds
2016-05-16T16:49:48.062+0100: 791.821: Total time for which application threads were stopped: 0.0011971 seconds, Stopping threads took: 0.0009602 seconds
2016-05-16T16:49:48.065+0100: 791.825: Total time for which application threads were stopped: 0.0002258 seconds, Stopping threads took: 0.0000529 seconds
2016-05-16T16:49:48.276+0100: 792.036: Total time for which application threads were stopped: 0.0001919 seconds, Stopping threads took: 0.0000482 seconds
2016-05-16T16:49:48.277+0100: 792.036: Total time for which application threads were stopped: 0.0001153 seconds, Stopping threads took: 0.0000308 seconds
2016-05-16T16:49:48.279+0100: 792.038: Total time for which application threads were stopped: 0.0001903 seconds, Stopping threads took: 0.0000521 seconds
2016-05-16T16:49:48.291+0100: 792.051: Total time for which application threads were stopped: 0.0002171 seconds, Stopping threads took: 0.0000600 seconds
2016-05-16T16:49:48.301+0100: 792.060: Total time for which application threads were stopped: 0.0001950 seconds, Stopping threads took: 0.0000529 seconds
2016-05-16T16:49:48.301+0100: 792.061: Total time for which application threads were stopped: 0.0001042 seconds, Stopping threads took: 0.0000284 seconds
2016-05-16T16:49:48.301+0100: 792.061: Total time for which application threads were stopped: 0.0000963 seconds, Stopping threads took: 0.0000268 seconds
2016-05-16T16:49:48.302+0100: 792.061: Total time for which application threads were stopped: 0.0000979 seconds, Stopping threads took: 0.0000268 seconds
2016-05-16T16:49:48.302+0100: 792.061: Total time for which application threads were stopped: 0.0000955 seconds, Stopping threads took: 0.0000261 seconds
2016-05-16T16:49:49.302+0100: 793.061: Total time for which application threads were stopped: 0.0001935 seconds, Stopping threads took: 0.0000569 seconds
2016-05-16T16:49:55.303+0100: 799.062: Total time for which application threads were stopped: 0.0001808 seconds, Stopping threads took: 0.0000521 seconds
2016-05-16T16:50:37.319+0100: 841.083: Total time for which application threads were stopped: 0.0001848 seconds, Stopping threads took: 0.0000513 seconds
2016-05-16T16:50:47.157+0100: 850.921: Total time for which application threads were stopped: 0.0001777 seconds, Stopping threads took: 0.0000387 seconds
2016-05-16T16:50:48.157+0100: 851.921: Total time for which application threads were stopped: 0.0002400 seconds, Stopping threads took: 0.0000466 seconds
2016-05-16T16:50:51.616+0100: 855.380: Total time for which application threads were stopped: 0.0002464 seconds, Stopping threads took: 0.0000750 seconds
2016-05-16T16:50:51.618+0100: 855.382: Total time for which application threads were stopped: 0.0001714 seconds, Stopping threads took: 0.0000434 seconds
2016-05-16T16:50:51.619+0100: 855.383: Total time for which application threads were stopped: 0.0001500 seconds, Stopping threads took: 0.0000411 seconds
2016-05-16T16:50:51.619+0100: 855.383: Total time for which application threads were stopped: 0.0001034 seconds, Stopping threads took: 0.0000308 seconds
2016-05-16T16:50:51.620+0100: 855.384: Total time for which application threads were stopped: 0.0001216 seconds, Stopping threads took: 0.0000347 seconds
2016-05-16T16:50:51.620+0100: 855.384: Total time for which application threads were stopped: 0.0001082 seconds, Stopping threads took: 0.0000316 seconds
2016-05-16T16:50:52.620+0100: 856.384: Total time for which application threads were stopped: 0.0002598 seconds, Stopping threads took: 0.0000711 seconds
2016-05-16T16:50:56.620+0100: 860.384: Total time for which application threads were stopped: 0.0001745 seconds, Stopping threads took: 0.0000513 seconds
2016-05-16T16:51:21.634+0100: 885.403: Total time for which application threads were stopped: 0.0001611 seconds, Stopping threads took: 0.0000458 seconds
2016-05-16T16:51:43.639+0100: 907.408: Total time for which application threads were stopped: 0.0001777 seconds, Stopping threads took: 0.0000569 seconds
2016-05-16T16:52:08.080+0100: 931.850: Total time for which application threads were stopped: 0.0002077 seconds, Stopping threads took: 0.0000482 seconds
2016-05-16T16:52:09.080+0100: 932.849: Total time for which application threads were stopped: 0.0001911 seconds, Stopping threads took: 0.0000497 seconds
2016-05-16T16:52:12.158+0100: 935.928: Total time for which application threads were stopped: 0.0001800 seconds, Stopping threads took: 0.0000490 seconds
2016-05-16T16:52:13.158+0100: 936.928: Total time for which application threads were stopped: 0.0002424 seconds, Stopping threads took: 0.0000497 seconds
{Heap before GC invocations=13 (full 1):
 par new generation   total 109248K, used 109248K [0x00000000e0000000, 0x00000000e8000000, 0x00000000e8000000)
  eden space 87424K, 100% used [0x00000000e0000000, 0x00000000e5560000, 0x00000000e5560000)
  from space 21824K, 100% used [0x00000000e6ab0000, 0x00000000e8000000, 0x00000000e8000000)
  to   space 21824K,   0% used [0x00000000e5560000, 0x00000000e5560000, 0x00000000e6ab0000)
 concurrent mark-sweep generation total 393216K, used 8054K [0x00000000e8000000, 0x0000000100000000, 0x0000000100000000)
 Metaspace       used 35598K, capacity 36036K, committed 36220K, reserved 1081344K
  class space    used 4008K, capacity 4166K, committed 4220K, reserved 1048576K
2016-05-16T16:52:14.968+0100: 938.737: [GC (Allocation Failure) 2016-05-16T16:52:14.968+0100: 938.737: [ParNew
Desired survivor size 20112992 bytes, new threshold 8 (max 8)
- age   1:    1559408 bytes,    1559408 total
- age   2:      10040 bytes,    1569448 total
- age   3:    2282864 bytes,    3852312 total
- age   4:       7696 bytes,    3860008 total
- age   5:       6944 bytes,    3866952 total
- age   6:      11376 bytes,    3878328 total
- age   7:     213984 bytes,    4092312 total
- age   8:    7648616 bytes,   11740928 total
: 109248K->14883K(109248K), 0.1089666 secs] 117302K->27704K(502464K), 0.1091017 secs] [Times: user=0.17 sys=0.00, real=0.11 secs] 
Heap after GC invocations=14 (full 1):
 par new generation   total 109248K, used 14883K [0x00000000e0000000, 0x00000000e8000000, 0x00000000e8000000)
  eden space 87424K,   0% used [0x00000000e0000000, 0x00000000e0000000, 0x00000000e5560000)
  from space 21824K,  68% used [0x00000000e5560000, 0x00000000e63e8ce0, 0x00000000e6ab0000)
  to   space 21824K,   0% used [0x00000000e6ab0000, 0x00000000e6ab0000, 0x00000000e8000000)
 concurrent mark-sweep generation total 393216K, used 12821K [0x00000000e8000000, 0x0000000100000000, 0x0000000100000000)
 Metaspace       used 35598K, capacity 36036K, committed 36220K, reserved 1081344K
  class space    used 4008K, capacity 4166K, committed 4220K, reserved 1048576K
}
2016-05-16T16:52:15.077+0100: 938.846: Total time for which application threads were stopped: 0.1099450 seconds, Stopping threads took: 0.0001777 seconds
2016-05-16T16:52:16.077+0100: 939.846: Total time for which application threads were stopped: 0.0001927 seconds, Stopping threads took: 0.0000569 seconds
2016-05-16T16:52:17.077+0100: 940.846: Total time for which application threads were stopped: 0.0002211 seconds, Stopping threads took: 0.0000916 seconds
2016-05-16T16:52:18.079+0100: 941.848: Total time for which application threads were stopped: 0.0002045 seconds, Stopping threads took: 0.0000569 seconds
2016-05-16T16:52:20.080+0100: 943.849: Total time for which application threads were stopped: 0.0009057 seconds, Stopping threads took: 0.0007446 seconds
2016-05-16T16:52:21.080+0100: 944.851: Total time for which application threads were stopped: 0.0003103 seconds, Stopping threads took: 0.0000529 seconds
2016-05-16T16:52:28.081+0100: 951.852: Total time for which application threads were stopped: 0.0002108 seconds, Stopping threads took: 0.0000561 seconds
2016-05-16T16:52:41.084+0100: 964.855: Total time for which application threads were stopped: 0.0001753 seconds, Stopping threads took: 0.0000513 seconds
2016-05-16T16:52:44.086+0100: 967.858: Total time for which application threads were stopped: 0.0024273 seconds, Stopping threads took: 0.0022828 seconds
2016-05-16T16:52:46.086+0100: 969.857: Total time for which application threads were stopped: 0.0001714 seconds, Stopping threads took: 0.0000529 seconds
2016-05-16T16:52:48.086+0100: 971.858: Total time for which application threads were stopped: 0.0001761 seconds, Stopping threads took: 0.0000513 seconds
2016-05-16T16:53:01.087+0100: 984.858: Total time for which application threads were stopped: 0.0001635 seconds, Stopping threads took: 0.0000474 seconds
2016-05-16T16:54:28.121+0100: 1071.901: Total time for which application threads were stopped: 0.0002132 seconds, Stopping threads took: 0.0000458 seconds
2016-05-16T16:54:29.121+0100: 1072.900: Total time for which application threads were stopped: 0.0001690 seconds, Stopping threads took: 0.0000450 seconds
2016-05-16T16:54:29.538+0100: 1073.317: Total time for which application threads were stopped: 0.0001785 seconds, Stopping threads took: 0.0000458 seconds
2016-05-16T16:54:30.538+0100: 1074.317: Total time for which application threads were stopped: 0.0001674 seconds, Stopping threads took: 0.0000497 seconds
2016-05-16T16:54:31.538+0100: 1075.317: Total time for which application threads were stopped: 0.0002124 seconds, Stopping threads took: 0.0000561 seconds
{Heap before GC invocations=14 (full 1):
 par new generation   total 109248K, used 102307K [0x00000000e0000000, 0x00000000e8000000, 0x00000000e8000000)
  eden space 87424K, 100% used [0x00000000e0000000, 0x00000000e5560000, 0x00000000e5560000)
  from space 21824K,  68% used [0x00000000e5560000, 0x00000000e63e8ce0, 0x00000000e6ab0000)
  to   space 21824K,   0% used [0x00000000e6ab0000, 0x00000000e6ab0000, 0x00000000e8000000)
 concurrent mark-sweep generation total 393216K, used 12821K [0x00000000e8000000, 0x0000000100000000, 0x0000000100000000)
 Metaspace       used 35692K, capacity 36100K, committed 36476K, reserved 1081344K
  class space    used 4009K, capacity 4166K, committed 4220K, reserved 1048576K
2016-05-16T16:54:40.848+0100: 1084.627: [GC (Allocation Failure) 2016-05-16T16:54:40.848+0100: 1084.628: [ParNew
Desired survivor size 20112992 bytes, new threshold 8 (max 8)
- age   1:     144392 bytes,     144392 total
- age   2:     482968 bytes,     627360 total
- age   3:       9648 bytes,     637008 total
- age   4:    2282864 bytes,    2919872 total
- age   5:       7696 bytes,    2927568 total
- age   6:       6672 bytes,    2934240 total
- age   7:      11376 bytes,    2945616 total
- age   8:     213984 bytes,    3159600 total
: 102307K->7777K(109248K), 0.0912448 secs] 115128K->28644K(502464K), 0.0914849 secs] [Times: user=0.11 sys=0.02, real=0.09 secs] 
Heap after GC invocations=15 (full 1):
 par new generation   total 109248K, used 7777K [0x00000000e0000000, 0x00000000e8000000, 0x00000000e8000000)
  eden space 87424K,   0% used [0x00000000e0000000, 0x00000000e0000000, 0x00000000e5560000)
  from space 21824K,  35% used [0x00000000e6ab0000, 0x00000000e7248610, 0x00000000e8000000)
  to   space 21824K,   0% used [0x00000000e5560000, 0x00000000e5560000, 0x00000000e6ab0000)
 concurrent mark-sweep generation total 393216K, used 20866K [0x00000000e8000000, 0x0000000100000000, 0x0000000100000000)
 Metaspace       used 35692K, capacity 36100K, committed 36476K, reserved 1081344K
  class space    used 4009K, capacity 4166K, committed 4220K, reserved 1048576K
}
2016-05-16T16:54:40.940+0100: 1084.719: Total time for which application threads were stopped: 0.0919808 seconds, Stopping threads took: 0.0000561 seconds
2016-05-16T16:54:43.547+0100: 1087.326: Total time for which application threads were stopped: 0.0001966 seconds, Stopping threads took: 0.0000442 seconds
2016-05-16T16:54:44.547+0100: 1088.326: Total time for which application threads were stopped: 0.0002108 seconds, Stopping threads took: 0.0000505 seconds
2016-05-16T16:54:49.547+0100: 1093.326: Total time for which application threads were stopped: 0.0001785 seconds, Stopping threads took: 0.0000497 seconds
2016-05-16T16:54:52.548+0100: 1096.327: Total time for which application threads were stopped: 0.0003996 seconds, Stopping threads took: 0.0000482 seconds
2016-05-16T16:56:46.421+0100: 1210.204: Total time for which application threads were stopped: 0.0003301 seconds, Stopping threads took: 0.0000703 seconds
2016-05-16T16:56:56.437+0100: 1220.220: Total time for which application threads were stopped: 0.0001919 seconds, Stopping threads took: 0.0000584 seconds
2016-05-16T16:57:07.437+0100: 1231.220: Total time for which application threads were stopped: 0.0001650 seconds, Stopping threads took: 0.0000458 seconds
2016-05-16T16:57:42.439+0100: 1266.228: Total time for which application threads were stopped: 0.0002961 seconds, Stopping threads took: 0.0001027 seconds
2016-05-16T16:59:13.831+0100: 1357.620: Total time for which application threads were stopped: 0.0004446 seconds, Stopping threads took: 0.0002329 seconds
2016-05-16T16:59:13.862+0100: 1357.651: Total time for which application threads were stopped: 0.0030030 seconds, Stopping threads took: 0.0027092 seconds
2016-05-16T16:59:13.863+0100: 1357.652: Total time for which application threads were stopped: 0.0004035 seconds, Stopping threads took: 0.0000497 seconds
2016-05-16T16:59:13.919+0100: 1357.708: Total time for which application threads were stopped: 0.0002140 seconds, Stopping threads took: 0.0000545 seconds
2016-05-16T16:59:13.925+0100: 1357.714: Total time for which application threads were stopped: 0.0002503 seconds, Stopping threads took: 0.0000600 seconds
2016-05-16T16:59:13.928+0100: 1357.717: Total time for which application threads were stopped: 0.0002495 seconds, Stopping threads took: 0.0000655 seconds
2016-05-16T16:59:13.929+0100: 1357.718: Total time for which application threads were stopped: 0.0005914 seconds, Stopping threads took: 0.0004848 seconds
2016-05-16T16:59:13.929+0100: 1357.718: Total time for which application threads were stopped: 0.0001666 seconds, Stopping threads took: 0.0000284 seconds
2016-05-16T16:59:13.941+0100: 1357.730: Total time for which application threads were stopped: 0.0071391 seconds, Stopping threads took: 0.0068517 seconds
2016-05-16T16:59:13.957+0100: 1357.746: Total time for which application threads were stopped: 0.0035234 seconds, Stopping threads took: 0.0032083 seconds
2016-05-16T16:59:14.263+0100: 1358.052: Total time for which application threads were stopped: 0.0021762 seconds, Stopping threads took: 0.0020246 seconds
2016-05-16T16:59:15.263+0100: 1359.052: Total time for which application threads were stopped: 0.0002156 seconds, Stopping threads took: 0.0000474 seconds
2016-05-16T16:59:59.130+0100: 1402.923: Total time for which application threads were stopped: 0.0001982 seconds, Stopping threads took: 0.0000434 seconds
2016-05-16T17:00:01.742+0100: 1405.534: Total time for which application threads were stopped: 0.0002219 seconds, Stopping threads took: 0.0000813 seconds
2016-05-16T17:00:02.742+0100: 1406.534: Total time for which application threads were stopped: 0.0001966 seconds, Stopping threads took: 0.0000592 seconds
2016-05-16T17:00:04.742+0100: 1408.535: Total time for which application threads were stopped: 0.0002045 seconds, Stopping threads took: 0.0000505 seconds
2016-05-16T17:00:05.742+0100: 1409.535: Total time for which application threads were stopped: 0.0001816 seconds, Stopping threads took: 0.0000561 seconds
2016-05-16T17:00:08.746+0100: 1412.538: Total time for which application threads were stopped: 0.0002266 seconds, Stopping threads took: 0.0000679 seconds
2016-05-16T17:00:09.746+0100: 1413.538: Total time for which application threads were stopped: 0.0001698 seconds, Stopping threads took: 0.0000529 seconds
2016-05-16T17:00:11.746+0100: 1415.538: Total time for which application threads were stopped: 0.0001721 seconds, Stopping threads took: 0.0000521 seconds
2016-05-16T17:00:13.746+0100: 1417.538: Total time for which application threads were stopped: 0.0001729 seconds, Stopping threads took: 0.0000497 seconds
2016-05-16T17:00:15.746+0100: 1419.538: Total time for which application threads were stopped: 0.0001737 seconds, Stopping threads took: 0.0000561 seconds
{Heap before GC invocations=15 (full 1):
 par new generation   total 109248K, used 95201K [0x00000000e0000000, 0x00000000e8000000, 0x00000000e8000000)
  eden space 87424K, 100% used [0x00000000e0000000, 0x00000000e5560000, 0x00000000e5560000)
  from space 21824K,  35% used [0x00000000e6ab0000, 0x00000000e7248610, 0x00000000e8000000)
  to   space 21824K,   0% used [0x00000000e5560000, 0x00000000e5560000, 0x00000000e6ab0000)
 concurrent mark-sweep generation total 393216K, used 20866K [0x00000000e8000000, 0x0000000100000000, 0x0000000100000000)
 Metaspace       used 35820K, capacity 36292K, committed 36476K, reserved 1081344K
  class space    used 4009K, capacity 4166K, committed 4220K, reserved 1048576K
2016-05-16T17:00:16.797+0100: 1420.590: [GC (Allocation Failure) 2016-05-16T17:00:16.797+0100: 1420.590: [ParNew
Desired survivor size 20112992 bytes, new threshold 8 (max 8)
- age   1:     229512 bytes,     229512 total
- age   2:      67624 bytes,     297136 total
- age   3:     430104 bytes,     727240 total
- age   4:       9648 bytes,     736888 total
- age   5:    2282824 bytes,    3019712 total
- age   6:       7696 bytes,    3027408 total
- age   7:       6672 bytes,    3034080 total
- age   8:      11376 bytes,    3045456 total
: 95201K->4048K(109248K), 0.0319929 secs] 116068K->25126K(502464K), 0.0321753 secs] [Times: user=0.03 sys=0.00, real=0.03 secs] 
Heap after GC invocations=16 (full 1):
 par new generation   total 109248K, used 4048K [0x00000000e0000000, 0x00000000e8000000, 0x00000000e8000000)
  eden space 87424K,   0% used [0x00000000e0000000, 0x00000000e0000000, 0x00000000e5560000)
  from space 21824K,  18% used [0x00000000e5560000, 0x00000000e5954120, 0x00000000e6ab0000)
  to   space 21824K,   0% used [0x00000000e6ab0000, 0x00000000e6ab0000, 0x00000000e8000000)
 concurrent mark-sweep generation total 393216K, used 21078K [0x00000000e8000000, 0x0000000100000000, 0x0000000100000000)
 Metaspace       used 35820K, capacity 36292K, committed 36476K, reserved 1081344K
  class space    used 4009K, capacity 4166K, committed 4220K, reserved 1048576K
}
2016-05-16T17:00:16.830+0100: 1420.622: Total time for which application threads were stopped: 0.0326759 seconds, Stopping threads took: 0.0000482 seconds
2016-05-16T17:00:18.831+0100: 1422.624: Total time for which application threads were stopped: 0.0002408 seconds, Stopping threads took: 0.0000608 seconds
2016-05-16T17:01:12.843+0100: 1476.640: Total time for which application threads were stopped: 0.0001871 seconds, Stopping threads took: 0.0000584 seconds
2016-05-16T17:02:57.858+0100: 1581.657: Total time for which application threads were stopped: 0.0002006 seconds, Stopping threads took: 0.0000632 seconds
2016-05-16T17:05:52.634+0100: 1756.443: Total time for which application threads were stopped: 0.0002598 seconds, Stopping threads took: 0.0000663 seconds
2016-05-16T17:05:52.746+0100: 1756.554: Total time for which application threads were stopped: 0.0002693 seconds, Stopping threads took: 0.0000537 seconds
2016-05-16T17:05:52.746+0100: 1756.555: Total time for which application threads were stopped: 0.0001792 seconds, Stopping threads took: 0.0000395 seconds
2016-05-16T17:05:52.755+0100: 1756.563: Total time for which application threads were stopped: 0.0011466 seconds, Stopping threads took: 0.0009231 seconds
2016-05-16T17:05:52.757+0100: 1756.566: Total time for which application threads were stopped: 0.0002543 seconds, Stopping threads took: 0.0000545 seconds
2016-05-16T17:05:52.767+0100: 1756.576: Total time for which application threads were stopped: 0.0040572 seconds, Stopping threads took: 0.0038029 seconds
2016-05-16T17:05:52.787+0100: 1756.596: Total time for which application threads were stopped: 0.0002393 seconds, Stopping threads took: 0.0000561 seconds
2016-05-16T17:05:52.797+0100: 1756.606: Total time for which application threads were stopped: 0.0002716 seconds, Stopping threads took: 0.0000537 seconds
2016-05-16T17:05:52.798+0100: 1756.607: Total time for which application threads were stopped: 0.0001745 seconds, Stopping threads took: 0.0000379 seconds
2016-05-16T17:05:52.836+0100: 1756.645: Total time for which application threads were stopped: 0.0001982 seconds, Stopping threads took: 0.0000505 seconds
2016-05-16T17:05:52.876+0100: 1756.685: Total time for which application threads were stopped: 0.0036489 seconds, Stopping threads took: 0.0034618 seconds
2016-05-16T17:05:53.003+0100: 1756.812: Total time for which application threads were stopped: 0.0003332 seconds, Stopping threads took: 0.0001366 seconds
2016-05-16T17:05:54.003+0100: 1757.812: Total time for which application threads were stopped: 0.0002622 seconds, Stopping threads took: 0.0000671 seconds
2016-05-16T17:05:54.311+0100: 1758.120: Total time for which application threads were stopped: 0.0046352 seconds, Stopping threads took: 0.0044251 seconds
2016-05-16T17:05:54.311+0100: 1758.120: Total time for which application threads were stopped: 0.0001248 seconds, Stopping threads took: 0.0000403 seconds
2016-05-16T17:05:54.311+0100: 1758.120: Total time for which application threads were stopped: 0.0001003 seconds, Stopping threads took: 0.0000268 seconds
2016-05-16T17:05:54.312+0100: 1758.120: Total time for which application threads were stopped: 0.0001145 seconds, Stopping threads took: 0.0000261 seconds
2016-05-16T17:05:54.312+0100: 1758.121: Total time for which application threads were stopped: 0.0001082 seconds, Stopping threads took: 0.0000300 seconds
2016-05-16T17:05:54.313+0100: 1758.122: Total time for which application threads were stopped: 0.0001635 seconds, Stopping threads took: 0.0000466 seconds
2016-05-16T17:05:54.314+0100: 1758.123: Total time for which application threads were stopped: 0.0002953 seconds, Stopping threads took: 0.0000300 seconds
2016-05-16T17:05:54.737+0100: 1758.546: [GC (CMS Initial Mark) [1 CMS-initial-mark: 21078K(393216K)] 39097K(502464K), 0.0066211 secs] [Times: user=0.00 sys=0.00, real=0.01 secs] 
2016-05-16T17:05:54.743+0100: 1758.552: Total time for which application threads were stopped: 0.0068738 seconds, Stopping threads took: 0.0000474 seconds
2016-05-16T17:05:54.744+0100: 1758.553: [CMS-concurrent-mark-start]
2016-05-16T17:05:54.860+0100: 1758.669: [CMS-concurrent-mark: 0.116/0.116 secs] [Times: user=0.16 sys=0.00, real=0.12 secs] 
2016-05-16T17:05:54.860+0100: 1758.669: [CMS-concurrent-preclean-start]
2016-05-16T17:05:54.864+0100: 1758.673: [CMS-concurrent-preclean: 0.003/0.004 secs] [Times: user=0.00 sys=0.00, real=0.00 secs] 
2016-05-16T17:05:54.864+0100: 1758.673: [CMS-concurrent-abortable-preclean-start]
 CMS: abort preclean due to time 2016-05-16T17:06:00.969+0100: 1764.777: [CMS-concurrent-abortable-preclean: 0.646/6.104 secs] [Times: user=0.58 sys=0.00, real=6.11 secs] 
2016-05-16T17:06:00.972+0100: 1764.781: [GC (CMS Final Remark) [YG occupancy: 18019 K (109248 K)]{Heap before GC invocations=16 (full 2):
 par new generation   total 109248K, used 18019K [0x00000000e0000000, 0x00000000e8000000, 0x00000000e8000000)
  eden space 87424K,  15% used [0x00000000e0000000, 0x00000000e0da4b50, 0x00000000e5560000)
  from space 21824K,  18% used [0x00000000e5560000, 0x00000000e5954120, 0x00000000e6ab0000)
  to   space 21824K,   0% used [0x00000000e6ab0000, 0x00000000e6ab0000, 0x00000000e8000000)
 concurrent mark-sweep generation total 393216K, used 21078K [0x00000000e8000000, 0x0000000100000000, 0x0000000100000000)
 Metaspace       used 35884K, capacity 36356K, committed 36732K, reserved 1081344K
  class space    used 4010K, capacity 4166K, committed 4220K, reserved 1048576K
2016-05-16T17:06:00.972+0100: 1764.781: [GC (CMS Final Remark) 2016-05-16T17:06:00.973+0100: 1764.781: [ParNew
Desired survivor size 20112992 bytes, new threshold 8 (max 8)
- age   1:     239760 bytes,     239760 total
- age   2:      75712 bytes,     315472 total
- age   3:      67584 bytes,     383056 total
- age   4:     286968 bytes,     670024 total
- age   5:       8864 bytes,     678888 total
- age   6:    2276336 bytes,    2955224 total
- age   7:       7696 bytes,    2962920 total
- age   8:       6672 bytes,    2969592 total
: 18019K->3266K(109248K), 0.0378449 secs] 39097K->24355K(502464K), 0.0379665 secs] [Times: user=0.02 sys=0.00, real=0.04 secs] 
Heap after GC invocations=17 (full 2):
 par new generation   total 109248K, used 3266K [0x00000000e0000000, 0x00000000e8000000, 0x00000000e8000000)
  eden space 87424K,   0% used [0x00000000e0000000, 0x00000000e0000000, 0x00000000e5560000)
  from space 21824K,  14% used [0x00000000e6ab0000, 0x00000000e6de0830, 0x00000000e8000000)
  to   space 21824K,   0% used [0x00000000e5560000, 0x00000000e5560000, 0x00000000e6ab0000)
 concurrent mark-sweep generation total 393216K, used 21089K [0x00000000e8000000, 0x0000000100000000, 0x0000000100000000)
 Metaspace       used 35884K, capacity 36356K, committed 36732K, reserved 1081344K
  class space    used 4010K, capacity 4166K, committed 4220K, reserved 1048576K
}
2016-05-16T17:06:01.011+0100: 1764.819: [Rescan (parallel) , 0.0058615 secs]2016-05-16T17:06:01.017+0100: 1764.825: [weak refs processing, 0.0121020 secs]2016-05-16T17:06:01.029+0100: 1764.837: [class unloading, 0.0946229 secs]2016-05-16T17:06:01.123+0100: 1764.932: [scrub symbol table, 0.0993046 secs]2016-05-16T17:06:01.223+0100: 1765.031: [scrub string table, 0.0013432 secs][1 CMS-remark: 21089K(393216K)] 24355K(502464K), 0.2559558 secs] [Times: user=0.05 sys=0.02, real=0.26 secs] 
2016-05-16T17:06:01.228+0100: 1765.037: Total time for which application threads were stopped: 0.2562385 seconds, Stopping threads took: 0.0000576 seconds
2016-05-16T17:06:01.230+0100: 1765.039: [CMS-concurrent-sweep-start]
2016-05-16T17:06:01.255+0100: 1765.064: [CMS-concurrent-sweep: 0.025/0.025 secs] [Times: user=0.03 sys=0.00, real=0.03 secs] 
2016-05-16T17:06:01.256+0100: 1765.064: [CMS-concurrent-reset-start]
2016-05-16T17:06:01.258+0100: 1765.066: [CMS-concurrent-reset: 0.002/0.002 secs] [Times: user=0.00 sys=0.00, real=0.00 secs] 
2016-05-16T17:06:02.253+0100: 1766.061: Total time for which application threads were stopped: 0.0252186 seconds, Stopping threads took: 0.0000482 seconds
2016-05-16T17:06:05.253+0100: 1769.061: Total time for which application threads were stopped: 0.0001879 seconds, Stopping threads took: 0.0000497 seconds
2016-05-16T17:06:44.279+0100: 1808.092: Total time for which application threads were stopped: 0.0001982 seconds, Stopping threads took: 0.0000537 seconds
2016-05-16T17:06:47.280+0100: 1811.094: Total time for which application threads were stopped: 0.0002298 seconds, Stopping threads took: 0.0000458 seconds
2016-05-16T17:06:47.653+0100: 1811.466: Total time for which application threads were stopped: 0.0003893 seconds, Stopping threads took: 0.0000561 seconds
2016-05-16T17:06:48.655+0100: 1812.468: Total time for which application threads were stopped: 0.0002148 seconds, Stopping threads took: 0.0000482 seconds
2016-05-16T17:06:51.661+0100: 1815.474: Total time for which application threads were stopped: 0.0042996 seconds, Stopping threads took: 0.0041022 seconds
2016-05-16T17:06:52.661+0100: 1816.474: Total time for which application threads were stopped: 0.0001911 seconds, Stopping threads took: 0.0000521 seconds
2016-05-16T17:06:53.661+0100: 1817.474: Total time for which application threads were stopped: 0.0001682 seconds, Stopping threads took: 0.0000497 seconds
2016-05-16T17:06:54.663+0100: 1818.477: Total time for which application threads were stopped: 0.0001777 seconds, Stopping threads took: 0.0000505 seconds
2016-05-16T17:06:57.679+0100: 1821.492: Total time for which application threads were stopped: 0.0026642 seconds, Stopping threads took: 0.0024716 seconds
{Heap before GC invocations=17 (full 2):
 par new generation   total 109248K, used 90690K [0x00000000e0000000, 0x00000000e8000000, 0x00000000e8000000)
  eden space 87424K, 100% used [0x00000000e0000000, 0x00000000e5560000, 0x00000000e5560000)
  from space 21824K,  14% used [0x00000000e6ab0000, 0x00000000e6de0830, 0x00000000e8000000)
  to   space 21824K,   0% used [0x00000000e5560000, 0x00000000e5560000, 0x00000000e6ab0000)
 concurrent mark-sweep generation total 393216K, used 19896K [0x00000000e8000000, 0x0000000100000000, 0x0000000100000000)
 Metaspace       used 35946K, capacity 36348K, committed 36732K, reserved 1081344K
  class space    used 4002K, capacity 4150K, committed 4220K, reserved 1048576K
2016-05-16T17:07:00.506+0100: 1824.320: [GC (Allocation Failure) 2016-05-16T17:07:00.507+0100: 1824.320: [ParNew
Desired survivor size 20112992 bytes, new threshold 8 (max 8)
- age   1:     470568 bytes,     470568 total
- age   2:     127224 bytes,     597792 total
- age   3:      73920 bytes,     671712 total
- age   4:      67424 bytes,     739136 total
- age   5:     279456 bytes,    1018592 total
- age   6:       8584 bytes,    1027176 total
- age   7:    2274688 bytes,    3301864 total
- age   8:       7696 bytes,    3309560 total
: 90690K->3367K(109248K), 0.0176807 secs] 110586K->23270K(502464K), 0.0178774 secs] [Times: user=0.03 sys=0.00, real=0.02 secs] 
Heap after GC invocations=18 (full 2):
 par new generation   total 109248K, used 3367K [0x00000000e0000000, 0x00000000e8000000, 0x00000000e8000000)
  eden space 87424K,   0% used [0x00000000e0000000, 0x00000000e0000000, 0x00000000e5560000)
  from space 21824K,  15% used [0x00000000e5560000, 0x00000000e58a9ef0, 0x00000000e6ab0000)
  to   space 21824K,   0% used [0x00000000e6ab0000, 0x00000000e6ab0000, 0x00000000e8000000)
 concurrent mark-sweep generation total 393216K, used 19903K [0x00000000e8000000, 0x0000000100000000, 0x0000000100000000)
 Metaspace       used 35946K, capacity 36348K, committed 36732K, reserved 1081344K
  class space    used 4002K, capacity 4150K, committed 4220K, reserved 1048576K
}
2016-05-16T17:07:00.525+0100: 1824.338: Total time for which application threads were stopped: 0.0189450 seconds, Stopping threads took: 0.0006404 seconds
2016-05-16T17:07:05.526+0100: 1829.340: Total time for which application threads were stopped: 0.0002227 seconds, Stopping threads took: 0.0000537 seconds
2016-05-16T17:07:07.527+0100: 1831.340: Total time for which application threads were stopped: 0.0001927 seconds, Stopping threads took: 0.0000561 seconds
2016-05-16T17:07:08.527+0100: 1832.340: Total time for which application threads were stopped: 0.0001587 seconds, Stopping threads took: 0.0000466 seconds
2016-05-16T17:07:09.527+0100: 1833.340: Total time for which application threads were stopped: 0.0001674 seconds, Stopping threads took: 0.0000490 seconds
2016-05-16T17:07:11.528+0100: 1835.341: Total time for which application threads were stopped: 0.0002029 seconds, Stopping threads took: 0.0000592 seconds
2016-05-16T17:07:13.542+0100: 1837.355: Total time for which application threads were stopped: 0.0001792 seconds, Stopping threads took: 0.0000553 seconds
{Heap before GC invocations=18 (full 2):
 par new generation   total 109248K, used 90791K [0x00000000e0000000, 0x00000000e8000000, 0x00000000e8000000)
  eden space 87424K, 100% used [0x00000000e0000000, 0x00000000e5560000, 0x00000000e5560000)
  from space 21824K,  15% used [0x00000000e5560000, 0x00000000e58a9ef0, 0x00000000e6ab0000)
  to   space 21824K,   0% used [0x00000000e6ab0000, 0x00000000e6ab0000, 0x00000000e8000000)
 concurrent mark-sweep generation total 393216K, used 19903K [0x00000000e8000000, 0x0000000100000000, 0x0000000100000000)
 Metaspace       used 35986K, capacity 36412K, committed 36732K, reserved 1081344K
  class space    used 4002K, capacity 4150K, committed 4220K, reserved 1048576K
2016-05-16T17:07:15.442+0100: 1839.255: [GC (Allocation Failure) 2016-05-16T17:07:15.442+0100: 1839.255: [ParNew
Desired survivor size 20112992 bytes, new threshold 8 (max 8)
- age   1:    2784704 bytes,    2784704 total
- age   2:      55920 bytes,    2840624 total
- age   3:     127224 bytes,    2967848 total
- age   4:      73920 bytes,    3041768 total
- age   5:      67424 bytes,    3109192 total
- age   6:     279456 bytes,    3388648 total
- age   7:       8584 bytes,    3397232 total
- age   8:    2274688 bytes,    5671920 total
: 90791K->6251K(109248K), 0.0315452 secs] 110694K->26162K(502464K), 0.0317055 secs] [Times: user=0.05 sys=0.00, real=0.03 secs] 
Heap after GC invocations=19 (full 2):
 par new generation   total 109248K, used 6251K [0x00000000e0000000, 0x00000000e8000000, 0x00000000e8000000)
  eden space 87424K,   0% used [0x00000000e0000000, 0x00000000e0000000, 0x00000000e5560000)
  from space 21824K,  28% used [0x00000000e6ab0000, 0x00000000e70caf20, 0x00000000e8000000)
  to   space 21824K,   0% used [0x00000000e5560000, 0x00000000e5560000, 0x00000000e6ab0000)
 concurrent mark-sweep generation total 393216K, used 19910K [0x00000000e8000000, 0x0000000100000000, 0x0000000100000000)
 Metaspace       used 35986K, capacity 36412K, committed 36732K, reserved 1081344K
  class space    used 4002K, capacity 4150K, committed 4220K, reserved 1048576K
}
2016-05-16T17:07:15.474+0100: 1839.287: Total time for which application threads were stopped: 0.0322653 seconds, Stopping threads took: 0.0000576 seconds
2016-05-16T17:07:18.474+0100: 1842.287: Total time for which application threads were stopped: 0.0001706 seconds, Stopping threads took: 0.0000505 seconds
2016-05-16T17:07:20.474+0100: 1844.288: Total time for which application threads were stopped: 0.0002077 seconds, Stopping threads took: 0.0000584 seconds
2016-05-16T17:07:21.474+0100: 1845.292: Total time for which application threads were stopped: 0.0001871 seconds, Stopping threads took: 0.0000576 seconds
2016-05-16T17:07:22.474+0100: 1846.292: Total time for which application threads were stopped: 0.0001698 seconds, Stopping threads took: 0.0000505 seconds
2016-05-16T17:07:24.483+0100: 1848.300: Total time for which application threads were stopped: 0.0001658 seconds, Stopping threads took: 0.0000537 seconds
2016-05-16T17:07:59.536+0100: 1883.353: Total time for which application threads were stopped: 0.0001627 seconds, Stopping threads took: 0.0000505 seconds
2016-05-16T17:08:19.444+0100: 1903.261: Total time for which application threads were stopped: 0.0002029 seconds, Stopping threads took: 0.0000466 seconds
2016-05-16T17:08:28.192+0100: 1912.011: Total time for which application threads were stopped: 0.0001958 seconds, Stopping threads took: 0.0000403 seconds
2016-05-16T17:08:28.254+0100: 1912.072: Total time for which application threads were stopped: 0.0002582 seconds, Stopping threads took: 0.0000513 seconds
2016-05-16T17:08:28.258+0100: 1912.076: Total time for which application threads were stopped: 0.0002479 seconds, Stopping threads took: 0.0000537 seconds
2016-05-16T17:08:29.038+0100: 1912.856: Total time for which application threads were stopped: 0.0003009 seconds, Stopping threads took: 0.0000561 seconds
2016-05-16T17:08:29.490+0100: 1913.309: Total time for which application threads were stopped: 0.0002006 seconds, Stopping threads took: 0.0000482 seconds
2016-05-16T17:08:29.649+0100: 1913.468: Total time for which application threads were stopped: 0.0002385 seconds, Stopping threads took: 0.0000458 seconds
2016-05-16T17:08:29.650+0100: 1913.469: Total time for which application threads were stopped: 0.0001011 seconds, Stopping threads took: 0.0000205 seconds
2016-05-16T17:08:29.653+0100: 1913.472: Total time for which application threads were stopped: 0.0001919 seconds, Stopping threads took: 0.0000450 seconds
2016-05-16T17:08:29.659+0100: 1913.478: Total time for which application threads were stopped: 0.0002014 seconds, Stopping threads took: 0.0000426 seconds
2016-05-16T17:08:29.836+0100: 1913.655: Total time for which application threads were stopped: 0.0003182 seconds, Stopping threads took: 0.0000584 seconds
2016-05-16T17:08:29.933+0100: 1913.752: Total time for which application threads were stopped: 0.0002551 seconds, Stopping threads took: 0.0000537 seconds
2016-05-16T17:08:29.936+0100: 1913.755: Total time for which application threads were stopped: 0.0001682 seconds, Stopping threads took: 0.0000363 seconds
2016-05-16T17:08:29.937+0100: 1913.755: Total time for which application threads were stopped: 0.0001066 seconds, Stopping threads took: 0.0000213 seconds
2016-05-16T17:08:29.937+0100: 1913.756: Total time for which application threads were stopped: 0.0000963 seconds, Stopping threads took: 0.0000205 seconds
2016-05-16T17:08:30.937+0100: 1914.755: Total time for which application threads were stopped: 0.0001714 seconds, Stopping threads took: 0.0000505 seconds
2016-05-16T17:09:18.950+0100: 1962.768: Total time for which application threads were stopped: 0.0002345 seconds, Stopping threads took: 0.0000537 seconds
2016-05-16T17:09:20.960+0100: 1964.782: Total time for which application threads were stopped: 0.0001690 seconds, Stopping threads took: 0.0000553 seconds
2016-05-16T17:09:21.914+0100: 1965.736: Total time for which application threads were stopped: 0.0002021 seconds, Stopping threads took: 0.0000537 seconds
2016-05-16T17:09:21.915+0100: 1965.736: Total time for which application threads were stopped: 0.0001579 seconds, Stopping threads took: 0.0000261 seconds
2016-05-16T17:09:21.915+0100: 1965.737: Total time for which application threads were stopped: 0.0001153 seconds, Stopping threads took: 0.0000300 seconds
2016-05-16T17:09:21.915+0100: 1965.737: Total time for which application threads were stopped: 0.0001042 seconds, Stopping threads took: 0.0000268 seconds
2016-05-16T17:09:22.915+0100: 1966.737: Total time for which application threads were stopped: 0.0001737 seconds, Stopping threads took: 0.0000513 seconds
2016-05-16T17:09:29.916+0100: 1973.737: Total time for which application threads were stopped: 0.0002637 seconds, Stopping threads took: 0.0000932 seconds
2016-05-16T17:09:33.949+0100: 1977.770: Total time for which application threads were stopped: 0.0110273 seconds, Stopping threads took: 0.0108449 seconds
2016-05-16T17:09:40.949+0100: 1984.771: Total time for which application threads were stopped: 0.0001753 seconds, Stopping threads took: 0.0000497 seconds
2016-05-16T17:10:26.958+0100: 2030.780: Total time for which application threads were stopped: 0.0002164 seconds, Stopping threads took: 0.0000553 seconds
2016-05-16T17:12:38.976+0100: 2162.809: Total time for which application threads were stopped: 0.0002029 seconds, Stopping threads took: 0.0000624 seconds
2016-05-16T17:12:49.976+0100: 2173.809: Total time for which application threads were stopped: 0.0001785 seconds, Stopping threads took: 0.0000513 seconds
2016-05-16T17:14:30.997+0100: 2274.838: Total time for which application threads were stopped: 0.0018730 seconds, Stopping threads took: 0.0000553 seconds
2016-05-16T17:14:31.115+0100: 2274.956: Total time for which application threads were stopped: 0.0001950 seconds, Stopping threads took: 0.0000600 seconds
2016-05-16T17:14:31.117+0100: 2274.957: Total time for which application threads were stopped: 0.0001058 seconds, Stopping threads took: 0.0000340 seconds
2016-05-16T17:14:31.118+0100: 2274.959: Total time for which application threads were stopped: 0.0001279 seconds, Stopping threads took: 0.0000355 seconds
2016-05-16T17:14:31.124+0100: 2274.965: Total time for which application threads were stopped: 0.0001714 seconds, Stopping threads took: 0.0000490 seconds
2016-05-16T17:14:31.126+0100: 2274.966: Total time for which application threads were stopped: 0.0001429 seconds, Stopping threads took: 0.0000387 seconds
2016-05-16T17:14:31.132+0100: 2274.973: Total time for which application threads were stopped: 0.0001848 seconds, Stopping threads took: 0.0000505 seconds
2016-05-16T17:14:31.133+0100: 2274.973: Total time for which application threads were stopped: 0.0000948 seconds, Stopping threads took: 0.0000284 seconds
2016-05-16T17:14:31.133+0100: 2274.973: Total time for which application threads were stopped: 0.0000940 seconds, Stopping threads took: 0.0000292 seconds
2016-05-16T17:14:31.133+0100: 2274.973: Total time for which application threads were stopped: 0.0000908 seconds, Stopping threads took: 0.0000268 seconds
2016-05-16T17:14:31.133+0100: 2274.974: Total time for which application threads were stopped: 0.0001019 seconds, Stopping threads took: 0.0000324 seconds
2016-05-16T17:14:31.136+0100: 2274.976: Total time for which application threads were stopped: 0.0001832 seconds, Stopping threads took: 0.0000419 seconds
2016-05-16T17:14:31.137+0100: 2274.977: Total time for which application threads were stopped: 0.0001437 seconds, Stopping threads took: 0.0000766 seconds
2016-05-16T17:14:31.138+0100: 2274.978: Total time for which application threads were stopped: 0.0001019 seconds, Stopping threads took: 0.0000316 seconds
2016-05-16T17:14:31.147+0100: 2274.987: Total time for which application threads were stopped: 0.0001548 seconds, Stopping threads took: 0.0000482 seconds
2016-05-16T17:14:31.150+0100: 2274.991: Total time for which application threads were stopped: 0.0001224 seconds, Stopping threads took: 0.0000395 seconds
2016-05-16T17:14:31.162+0100: 2275.002: Total time for which application threads were stopped: 0.0064679 seconds, Stopping threads took: 0.0063676 seconds
2016-05-16T17:14:31.162+0100: 2275.002: Total time for which application threads were stopped: 0.0000766 seconds, Stopping threads took: 0.0000403 seconds
2016-05-16T17:14:31.162+0100: 2275.002: Total time for which application threads were stopped: 0.0000798 seconds, Stopping threads took: 0.0000253 seconds
2016-05-16T17:14:31.162+0100: 2275.003: Total time for which application threads were stopped: 0.0000695 seconds, Stopping threads took: 0.0000308 seconds
2016-05-16T17:14:31.162+0100: 2275.003: Total time for which application threads were stopped: 0.0001145 seconds, Stopping threads took: 0.0000766 seconds
Heap
 par new generation   total 109248K, used 84646K [0x00000000e0000000, 0x00000000e8000000, 0x00000000e8000000)
  eden space 87424K,  89% used [0x00000000e0000000, 0x00000000e4c8ea30, 0x00000000e5560000)
  from space 21824K,  28% used [0x00000000e6ab0000, 0x00000000e70caf20, 0x00000000e8000000)
  to   space 21824K,   0% used [0x00000000e5560000, 0x00000000e5560000, 0x00000000e6ab0000)
 concurrent mark-sweep generation total 393216K, used 19910K [0x00000000e8000000, 0x0000000100000000, 0x0000000100000000)
 Metaspace       used 36208K, capacity 36668K, committed 37116K, reserved 1081344K
  class space    used 4014K, capacity 4214K, committed 4348K, reserved 1048576K
