Java HotSpot(TM) 64-Bit Server VM (25.73-b02) for windows-amd64 JRE (1.8.0_73-b02), built on Jan 29 2016 17:38:49 by "java_re" with MS VC++ 10.0 (VS2010)
Memory: 4k page, physical 4027256k(1142204k free), swap 8052676k(2467808k free)
CommandLine flags: -XX:CMSInitiatingOccupancyFraction=50 -XX:CMSMaxAbortablePrecleanTime=6000 -XX:+CMSParallelRemarkEnabled -XX:+CMSScavengeBeforeRemark -XX:ConcGCThreads=4 -XX:InitialHeapSize=536870912 -XX:MaxHeapSize=536870912 -XX:MaxTenuringThreshold=8 -XX:NewRatio=3 -XX:OldPLABSize=16 -XX:ParallelGCThreads=4 -XX:+ParallelRefProcEnabled -XX:PretenureSizeThreshold=67108864 -XX:+PrintGC -XX:+PrintGCApplicationStoppedTime -XX:+PrintGCDateStamps -XX:+PrintGCDetails -XX:+PrintGCTimeStamps -XX:+PrintHeapAtGC -XX:+PrintTenuringDistribution -XX:SurvivorRatio=4 -XX:TargetSurvivorRatio=90 -XX:ThreadStackSize=256 -XX:+UseCMSInitiatingOccupancyOnly -XX:+UseCompressedClassPointers -XX:+UseCompressedOops -XX:+UseConcMarkSweepGC -XX:-UseLargePagesIndividualAllocation -XX:+UseParNewGC 
2016-03-08T16:20:28.227+0000: 1.059: Total time for which application threads were stopped: 0.0001958 seconds, Stopping threads took: 0.0000347 seconds
2016-03-08T16:20:28.761+0000: 1.594: Total time for which application threads were stopped: 0.0002543 seconds, Stopping threads took: 0.0000466 seconds
2016-03-08T16:20:28.845+0000: 1.678: Total time for which application threads were stopped: 0.0002029 seconds, Stopping threads took: 0.0000450 seconds
2016-03-08T16:20:29.553+0000: 2.386: Total time for which application threads were stopped: 0.0002787 seconds, Stopping threads took: 0.0000466 seconds
2016-03-08T16:20:29.711+0000: 2.544: Total time for which application threads were stopped: 0.0003316 seconds, Stopping threads took: 0.0000497 seconds
2016-03-08T16:20:29.742+0000: 2.575: Total time for which application threads were stopped: 0.0002819 seconds, Stopping threads took: 0.0000505 seconds
2016-03-08T16:20:30.742+0000: 3.575: Total time for which application threads were stopped: 0.0001682 seconds, Stopping threads took: 0.0000600 seconds
{Heap before GC invocations=0 (full 0):
 par new generation   total 109248K, used 87424K [0x00000000e0000000, 0x00000000e8000000, 0x00000000e8000000)
  eden space 87424K, 100% used [0x00000000e0000000, 0x00000000e5560000, 0x00000000e5560000)
  from space 21824K,   0% used [0x00000000e5560000, 0x00000000e5560000, 0x00000000e6ab0000)
  to   space 21824K,   0% used [0x00000000e6ab0000, 0x00000000e6ab0000, 0x00000000e8000000)
 concurrent mark-sweep generation total 393216K, used 0K [0x00000000e8000000, 0x0000000100000000, 0x0000000100000000)
 Metaspace       used 10146K, capacity 10344K, committed 10496K, reserved 1058816K
  class space    used 1166K, capacity 1212K, committed 1280K, reserved 1048576K
2016-03-08T16:20:30.983+0000: 3.816: [GC (Allocation Failure) 2016-03-08T16:20:30.983+0000: 3.816: [ParNew
Desired survivor size 20112992 bytes, new threshold 8 (max 8)
- age   1:    5740624 bytes,    5740624 total
: 87424K->5668K(109248K), 0.0333845 secs] 87424K->5668K(502464K), 0.0337256 secs] [Times: user=0.06 sys=0.00, real=0.03 secs] 
Heap after GC invocations=1 (full 0):
 par new generation   total 109248K, used 5668K [0x00000000e0000000, 0x00000000e8000000, 0x00000000e8000000)
  eden space 87424K,   0% used [0x00000000e0000000, 0x00000000e0000000, 0x00000000e5560000)
  from space 21824K,  25% used [0x00000000e6ab0000, 0x00000000e70391e0, 0x00000000e8000000)
  to   space 21824K,   0% used [0x00000000e5560000, 0x00000000e5560000, 0x00000000e6ab0000)
 concurrent mark-sweep generation total 393216K, used 0K [0x00000000e8000000, 0x0000000100000000, 0x0000000100000000)
 Metaspace       used 10146K, capacity 10344K, committed 10496K, reserved 1058816K
  class space    used 1166K, capacity 1212K, committed 1280K, reserved 1048576K
}
2016-03-08T16:20:31.017+0000: 3.850: Total time for which application threads were stopped: 0.0341212 seconds, Stopping threads took: 0.0000482 seconds
2016-03-08T16:20:31.289+0000: 4.122: Total time for which application threads were stopped: 0.0003380 seconds, Stopping threads took: 0.0000553 seconds
2016-03-08T16:20:31.405+0000: 4.238: Total time for which application threads were stopped: 0.0003506 seconds, Stopping threads took: 0.0000584 seconds
2016-03-08T16:20:31.470+0000: 4.303: Total time for which application threads were stopped: 0.0004075 seconds, Stopping threads took: 0.0000695 seconds
2016-03-08T16:20:31.782+0000: 4.615: Total time for which application threads were stopped: 0.0004311 seconds, Stopping threads took: 0.0000442 seconds
2016-03-08T16:20:31.785+0000: 4.618: Total time for which application threads were stopped: 0.0003032 seconds, Stopping threads took: 0.0000324 seconds
2016-03-08T16:20:31.795+0000: 4.628: Total time for which application threads were stopped: 0.0003782 seconds, Stopping threads took: 0.0000497 seconds
2016-03-08T16:20:32.440+0000: 5.273: Total time for which application threads were stopped: 0.0004517 seconds, Stopping threads took: 0.0002401 seconds
2016-03-08T16:20:32.441+0000: 5.274: Total time for which application threads were stopped: 0.0002006 seconds, Stopping threads took: 0.0000426 seconds
2016-03-08T16:20:32.458+0000: 5.291: Total time for which application threads were stopped: 0.0002519 seconds, Stopping threads took: 0.0000600 seconds
2016-03-08T16:20:32.476+0000: 5.309: Total time for which application threads were stopped: 0.0005046 seconds, Stopping threads took: 0.0001011 seconds
2016-03-08T16:20:32.531+0000: 5.364: Total time for which application threads were stopped: 0.0001982 seconds, Stopping threads took: 0.0000592 seconds
2016-03-08T16:20:32.531+0000: 5.364: Total time for which application threads were stopped: 0.0000837 seconds, Stopping threads took: 0.0000347 seconds
2016-03-08T16:20:32.634+0000: 5.467: Total time for which application threads were stopped: 0.0001548 seconds, Stopping threads took: 0.0000474 seconds
2016-03-08T16:20:32.638+0000: 5.471: Total time for which application threads were stopped: 0.0001224 seconds, Stopping threads took: 0.0000442 seconds
2016-03-08T16:20:32.639+0000: 5.472: Total time for which application threads were stopped: 0.0000948 seconds, Stopping threads took: 0.0000379 seconds
2016-03-08T16:20:32.639+0000: 5.472: Total time for which application threads were stopped: 0.0000750 seconds, Stopping threads took: 0.0000284 seconds
2016-03-08T16:20:32.639+0000: 5.472: Total time for which application threads were stopped: 0.0000742 seconds, Stopping threads took: 0.0000276 seconds
2016-03-08T16:20:32.639+0000: 5.472: Total time for which application threads were stopped: 0.0000726 seconds, Stopping threads took: 0.0000268 seconds
2016-03-08T16:20:32.639+0000: 5.472: Total time for which application threads were stopped: 0.0000726 seconds, Stopping threads took: 0.0000268 seconds
2016-03-08T16:20:32.639+0000: 5.472: Total time for which application threads were stopped: 0.0000734 seconds, Stopping threads took: 0.0000276 seconds
2016-03-08T16:20:32.997+0000: 5.830: Total time for which application threads were stopped: 0.0001729 seconds, Stopping threads took: 0.0000474 seconds
2016-03-08T16:20:32.997+0000: 5.830: Total time for which application threads were stopped: 0.0000719 seconds, Stopping threads took: 0.0000221 seconds
2016-03-08T16:20:32.997+0000: 5.830: Total time for which application threads were stopped: 0.0000687 seconds, Stopping threads took: 0.0000205 seconds
2016-03-08T16:20:33.062+0000: 5.895: Total time for which application threads were stopped: 0.0004588 seconds, Stopping threads took: 0.0000458 seconds
{Heap before GC invocations=1 (full 0):
 par new generation   total 109248K, used 93063K [0x00000000e0000000, 0x00000000e8000000, 0x00000000e8000000)
  eden space 87424K,  99% used [0x00000000e0000000, 0x00000000e5558d98, 0x00000000e5560000)
  from space 21824K,  25% used [0x00000000e6ab0000, 0x00000000e70391e0, 0x00000000e8000000)
  to   space 21824K,   0% used [0x00000000e5560000, 0x00000000e5560000, 0x00000000e6ab0000)
 concurrent mark-sweep generation total 393216K, used 0K [0x00000000e8000000, 0x0000000100000000, 0x0000000100000000)
 Metaspace       used 19748K, capacity 20116K, committed 20480K, reserved 1067008K
  class space    used 2352K, capacity 2488K, committed 2560K, reserved 1048576K
2016-03-08T16:20:33.094+0000: 5.927: [GC (Allocation Failure) 2016-03-08T16:20:33.094+0000: 5.927: [ParNew
Desired survivor size 20112992 bytes, new threshold 8 (max 8)
- age   1:    7740632 bytes,    7740632 total
- age   2:    2553944 bytes,   10294576 total
: 93063K->12173K(109248K), 0.0443029 secs] 93063K->12173K(502464K), 0.0444648 secs] [Times: user=0.05 sys=0.02, real=0.04 secs] 
Heap after GC invocations=2 (full 0):
 par new generation   total 109248K, used 12173K [0x00000000e0000000, 0x00000000e8000000, 0x00000000e8000000)
  eden space 87424K,   0% used [0x00000000e0000000, 0x00000000e0000000, 0x00000000e5560000)
  from space 21824K,  55% used [0x00000000e5560000, 0x00000000e6143588, 0x00000000e6ab0000)
  to   space 21824K,   0% used [0x00000000e6ab0000, 0x00000000e6ab0000, 0x00000000e8000000)
 concurrent mark-sweep generation total 393216K, used 0K [0x00000000e8000000, 0x0000000100000000, 0x0000000100000000)
 Metaspace       used 19748K, capacity 20116K, committed 20480K, reserved 1067008K
  class space    used 2352K, capacity 2488K, committed 2560K, reserved 1048576K
}
2016-03-08T16:20:33.139+0000: 5.972: Total time for which application threads were stopped: 0.0448943 seconds, Stopping threads took: 0.0000553 seconds
2016-03-08T16:20:33.191+0000: 6.024: Total time for which application threads were stopped: 0.0005843 seconds, Stopping threads took: 0.0000513 seconds
2016-03-08T16:20:33.191+0000: 6.024: Total time for which application threads were stopped: 0.0001003 seconds, Stopping threads took: 0.0000363 seconds
2016-03-08T16:20:33.219+0000: 6.052: Total time for which application threads were stopped: 0.0002487 seconds, Stopping threads took: 0.0000813 seconds
2016-03-08T16:20:33.420+0000: 6.253: Total time for which application threads were stopped: 0.0002235 seconds, Stopping threads took: 0.0000450 seconds
2016-03-08T16:20:33.497+0000: 6.330: Total time for which application threads were stopped: 0.0001808 seconds, Stopping threads took: 0.0000521 seconds
2016-03-08T16:20:33.676+0000: 6.509: Total time for which application threads were stopped: 0.0001832 seconds, Stopping threads took: 0.0000584 seconds
2016-03-08T16:20:33.798+0000: 6.632: Total time for which application threads were stopped: 0.0001982 seconds, Stopping threads took: 0.0000521 seconds
2016-03-08T16:20:33.848+0000: 6.681: Total time for which application threads were stopped: 0.0001745 seconds, Stopping threads took: 0.0000490 seconds
2016-03-08T16:20:34.002+0000: 6.835: Total time for which application threads were stopped: 0.0001674 seconds, Stopping threads took: 0.0000569 seconds
2016-03-08T16:20:34.009+0000: 6.842: Total time for which application threads were stopped: 0.0003277 seconds, Stopping threads took: 0.0000750 seconds
{Heap before GC invocations=2 (full 0):
 par new generation   total 109248K, used 99597K [0x00000000e0000000, 0x00000000e8000000, 0x00000000e8000000)
  eden space 87424K, 100% used [0x00000000e0000000, 0x00000000e5560000, 0x00000000e5560000)
  from space 21824K,  55% used [0x00000000e5560000, 0x00000000e6143588, 0x00000000e6ab0000)
  to   space 21824K,   0% used [0x00000000e6ab0000, 0x00000000e6ab0000, 0x00000000e8000000)
 concurrent mark-sweep generation total 393216K, used 0K [0x00000000e8000000, 0x0000000100000000, 0x0000000100000000)
 Metaspace       used 21357K, capacity 21728K, committed 21884K, reserved 1069056K
  class space    used 2544K, capacity 2682K, committed 2688K, reserved 1048576K
2016-03-08T16:20:34.066+0000: 6.899: [GC (Allocation Failure) 2016-03-08T16:20:34.066+0000: 6.899: [ParNew
Desired survivor size 20112992 bytes, new threshold 8 (max 8)
- age   1:    1908128 bytes,    1908128 total
- age   2:    2367168 bytes,    4275296 total
- age   3:    2550712 bytes,    6826008 total
: 99597K->12714K(109248K), 0.0320255 secs] 99597K->12714K(502464K), 0.0321842 secs] [Times: user=0.05 sys=0.00, real=0.03 secs] 
Heap after GC invocations=3 (full 0):
 par new generation   total 109248K, used 12714K [0x00000000e0000000, 0x00000000e8000000, 0x00000000e8000000)
  eden space 87424K,   0% used [0x00000000e0000000, 0x00000000e0000000, 0x00000000e5560000)
  from space 21824K,  58% used [0x00000000e6ab0000, 0x00000000e771aa40, 0x00000000e8000000)
  to   space 21824K,   0% used [0x00000000e5560000, 0x00000000e5560000, 0x00000000e6ab0000)
 concurrent mark-sweep generation total 393216K, used 0K [0x00000000e8000000, 0x0000000100000000, 0x0000000100000000)
 Metaspace       used 21357K, capacity 21728K, committed 21884K, reserved 1069056K
  class space    used 2544K, capacity 2682K, committed 2688K, reserved 1048576K
}
2016-03-08T16:20:34.098+0000: 6.932: Total time for which application threads were stopped: 0.0326114 seconds, Stopping threads took: 0.0000513 seconds
2016-03-08T16:20:34.101+0000: 6.934: [GC (CMS Initial Mark) [1 CMS-initial-mark: 0K(393216K)] 13694K(502464K), 0.0073200 secs] [Times: user=0.00 sys=0.00, real=0.01 secs] 
2016-03-08T16:20:34.108+0000: 6.942: Total time for which application threads were stopped: 0.0085076 seconds, Stopping threads took: 0.0010013 seconds
2016-03-08T16:20:34.109+0000: 6.942: Total time for which application threads were stopped: 0.0001469 seconds, Stopping threads took: 0.0000434 seconds
2016-03-08T16:20:34.109+0000: 6.942: [CMS-concurrent-mark-start]
2016-03-08T16:20:34.110+0000: 6.943: [CMS-concurrent-mark: 0.001/0.001 secs] [Times: user=0.00 sys=0.00, real=0.00 secs] 
2016-03-08T16:20:34.110+0000: 6.943: [CMS-concurrent-preclean-start]
2016-03-08T16:20:34.112+0000: 6.945: [CMS-concurrent-preclean: 0.002/0.002 secs] [Times: user=0.00 sys=0.00, real=0.00 secs] 
2016-03-08T16:20:34.115+0000: 6.948: Total time for which application threads were stopped: 0.0002401 seconds, Stopping threads took: 0.0000884 seconds
2016-03-08T16:20:34.115+0000: 6.948: [GC (CMS Final Remark) [YG occupancy: 13694 K (109248 K)]{Heap before GC invocations=3 (full 1):
 par new generation   total 109248K, used 13694K [0x00000000e0000000, 0x00000000e8000000, 0x00000000e8000000)
  eden space 87424K,   1% used [0x00000000e0000000, 0x00000000e00f4e60, 0x00000000e5560000)
  from space 21824K,  58% used [0x00000000e6ab0000, 0x00000000e771aa40, 0x00000000e8000000)
  to   space 21824K,   0% used [0x00000000e5560000, 0x00000000e5560000, 0x00000000e6ab0000)
 concurrent mark-sweep generation total 393216K, used 0K [0x00000000e8000000, 0x0000000100000000, 0x0000000100000000)
 Metaspace       used 21357K, capacity 21728K, committed 21884K, reserved 1069056K
  class space    used 2544K, capacity 2682K, committed 2688K, reserved 1048576K
2016-03-08T16:20:34.116+0000: 6.949: [GC (CMS Final Remark) 2016-03-08T16:20:34.116+0000: 6.949: [ParNew
Desired survivor size 20112992 bytes, new threshold 8 (max 8)
- age   1:     438880 bytes,     438880 total
- age   2:    1029744 bytes,    1468624 total
- age   3:    2366336 bytes,    3834960 total
- age   4:    2550712 bytes,    6385672 total
: 13694K->6737K(109248K), 0.0235748 secs] 13694K->6737K(502464K), 0.0236837 secs] [Times: user=0.03 sys=0.00, real=0.02 secs] 
Heap after GC invocations=4 (full 1):
 par new generation   total 109248K, used 6737K [0x00000000e0000000, 0x00000000e8000000, 0x00000000e8000000)
  eden space 87424K,   0% used [0x00000000e0000000, 0x00000000e0000000, 0x00000000e5560000)
  from space 21824K,  30% used [0x00000000e5560000, 0x00000000e5bf47c0, 0x00000000e6ab0000)
  to   space 21824K,   0% used [0x00000000e6ab0000, 0x00000000e6ab0000, 0x00000000e8000000)
 concurrent mark-sweep generation total 393216K, used 0K [0x00000000e8000000, 0x0000000100000000, 0x0000000100000000)
 Metaspace       used 21357K, capacity 21728K, committed 21884K, reserved 1069056K
  class space    used 2544K, capacity 2682K, committed 2688K, reserved 1048576K
}
2016-03-08T16:20:34.139+0000: 6.973: [Rescan (parallel) , 0.0078072 secs]2016-03-08T16:20:34.147+0000: 6.980: [weak refs processing, 0.0018051 secs]2016-03-08T16:20:34.149+0000: 6.982: [class unloading, 0.0067846 secs]2016-03-08T16:20:34.156+0000: 6.989: [scrub symbol table, 0.0095278 secs]2016-03-08T16:20:34.166+0000: 6.999: [scrub string table, 0.0006365 secs][1 CMS-remark: 0K(393216K)] 6737K(502464K), 0.0522127 secs] [Times: user=0.08 sys=0.00, real=0.05 secs] 
2016-03-08T16:20:34.168+0000: 7.001: Total time for which application threads were stopped: 0.0525973 seconds, Stopping threads took: 0.0002250 seconds
2016-03-08T16:20:34.168+0000: 7.001: [CMS-concurrent-sweep-start]
2016-03-08T16:20:34.168+0000: 7.001: [CMS-concurrent-sweep: 0.000/0.000 secs] [Times: user=0.00 sys=0.00, real=0.00 secs] 
2016-03-08T16:20:34.168+0000: 7.001: [CMS-concurrent-reset-start]
2016-03-08T16:20:34.174+0000: 7.007: [CMS-concurrent-reset: 0.006/0.006 secs] [Times: user=0.00 sys=0.00, real=0.01 secs] 
2016-03-08T16:20:34.311+0000: 7.144: Total time for which application threads were stopped: 0.0002069 seconds, Stopping threads took: 0.0000426 seconds
2016-03-08T16:20:34.311+0000: 7.144: Total time for which application threads were stopped: 0.0000837 seconds, Stopping threads took: 0.0000300 seconds
2016-03-08T16:20:34.311+0000: 7.144: Total time for which application threads were stopped: 0.0000782 seconds, Stopping threads took: 0.0000261 seconds
2016-03-08T16:20:34.311+0000: 7.144: Total time for which application threads were stopped: 0.0000758 seconds, Stopping threads took: 0.0000253 seconds
2016-03-08T16:20:34.312+0000: 7.145: Total time for which application threads were stopped: 0.0000805 seconds, Stopping threads took: 0.0000268 seconds
2016-03-08T16:20:34.312+0000: 7.145: Total time for which application threads were stopped: 0.0000766 seconds, Stopping threads took: 0.0000284 seconds
2016-03-08T16:20:34.312+0000: 7.145: Total time for which application threads were stopped: 0.0000734 seconds, Stopping threads took: 0.0000261 seconds
2016-03-08T16:20:34.312+0000: 7.145: Total time for which application threads were stopped: 0.0000726 seconds, Stopping threads took: 0.0000253 seconds
2016-03-08T16:20:34.312+0000: 7.145: Total time for which application threads were stopped: 0.0000813 seconds, Stopping threads took: 0.0000316 seconds
2016-03-08T16:20:34.312+0000: 7.145: Total time for which application threads were stopped: 0.0002511 seconds, Stopping threads took: 0.0000261 seconds
2016-03-08T16:20:34.321+0000: 7.154: Total time for which application threads were stopped: 0.0001342 seconds, Stopping threads took: 0.0000482 seconds
2016-03-08T16:20:34.321+0000: 7.154: Total time for which application threads were stopped: 0.0000853 seconds, Stopping threads took: 0.0000245 seconds
2016-03-08T16:20:34.321+0000: 7.155: Total time for which application threads were stopped: 0.0000734 seconds, Stopping threads took: 0.0000213 seconds
2016-03-08T16:20:34.471+0000: 7.304: Total time for which application threads were stopped: 0.0001753 seconds, Stopping threads took: 0.0000521 seconds
2016-03-08T16:20:34.492+0000: 7.325: Total time for which application threads were stopped: 0.0001650 seconds, Stopping threads took: 0.0000482 seconds
2016-03-08T16:20:34.496+0000: 7.329: Total time for which application threads were stopped: 0.0002953 seconds, Stopping threads took: 0.0001840 seconds
2016-03-08T16:20:34.497+0000: 7.331: Total time for which application threads were stopped: 0.0001295 seconds, Stopping threads took: 0.0000387 seconds
2016-03-08T16:20:34.499+0000: 7.332: Total time for which application threads were stopped: 0.0001579 seconds, Stopping threads took: 0.0000561 seconds
2016-03-08T16:20:34.525+0000: 7.358: Total time for which application threads were stopped: 0.0005101 seconds, Stopping threads took: 0.0000434 seconds
2016-03-08T16:20:34.883+0000: 7.716: Total time for which application threads were stopped: 0.0002361 seconds, Stopping threads took: 0.0000458 seconds
2016-03-08T16:20:34.916+0000: 7.749: Total time for which application threads were stopped: 0.0001666 seconds, Stopping threads took: 0.0000640 seconds
2016-03-08T16:20:35.032+0000: 7.865: Total time for which application threads were stopped: 0.0001413 seconds, Stopping threads took: 0.0000482 seconds
2016-03-08T16:20:35.282+0000: 8.115: Total time for which application threads were stopped: 0.0002377 seconds, Stopping threads took: 0.0000782 seconds
2016-03-08T16:20:35.284+0000: 8.117: Total time for which application threads were stopped: 0.0001943 seconds, Stopping threads took: 0.0000640 seconds
2016-03-08T16:20:35.498+0000: 8.331: Total time for which application threads were stopped: 0.0002077 seconds, Stopping threads took: 0.0000505 seconds
2016-03-08T16:20:35.498+0000: 8.332: Total time for which application threads were stopped: 0.0000719 seconds, Stopping threads took: 0.0000213 seconds
2016-03-08T16:20:35.635+0000: 8.468: Total time for which application threads were stopped: 0.0001548 seconds, Stopping threads took: 0.0000458 seconds
2016-03-08T16:20:35.675+0000: 8.508: Total time for which application threads were stopped: 0.0016954 seconds, Stopping threads took: 0.0015422 seconds
2016-03-08T16:20:35.890+0000: 8.723: Total time for which application threads were stopped: 0.0001769 seconds, Stopping threads took: 0.0000687 seconds
2016-03-08T16:20:35.893+0000: 8.726: Total time for which application threads were stopped: 0.0001492 seconds, Stopping threads took: 0.0000576 seconds
2016-03-08T16:20:35.893+0000: 8.726: Total time for which application threads were stopped: 0.0000924 seconds, Stopping threads took: 0.0000324 seconds
2016-03-08T16:20:35.893+0000: 8.727: Total time for which application threads were stopped: 0.0000845 seconds, Stopping threads took: 0.0000324 seconds
2016-03-08T16:20:35.899+0000: 8.733: Total time for which application threads were stopped: 0.0014782 seconds, Stopping threads took: 0.0013803 seconds
2016-03-08T16:20:36.899+0000: 9.732: Total time for which application threads were stopped: 0.0001477 seconds, Stopping threads took: 0.0000490 seconds
2016-03-08T16:20:37.091+0000: 9.924: Total time for which application threads were stopped: 0.0001714 seconds, Stopping threads took: 0.0000513 seconds
2016-03-08T16:20:37.091+0000: 9.924: Total time for which application threads were stopped: 0.0000758 seconds, Stopping threads took: 0.0000268 seconds
2016-03-08T16:20:37.101+0000: 9.934: Total time for which application threads were stopped: 0.0054983 seconds, Stopping threads took: 0.0053711 seconds
2016-03-08T16:20:37.102+0000: 9.935: Total time for which application threads were stopped: 0.0001256 seconds, Stopping threads took: 0.0000466 seconds
2016-03-08T16:20:37.105+0000: 9.938: Total time for which application threads were stopped: 0.0001224 seconds, Stopping threads took: 0.0000419 seconds
2016-03-08T16:20:37.105+0000: 9.938: Total time for which application threads were stopped: 0.0000790 seconds, Stopping threads took: 0.0000268 seconds
2016-03-08T16:20:37.110+0000: 9.943: Total time for which application threads were stopped: 0.0001295 seconds, Stopping threads took: 0.0000505 seconds
2016-03-08T16:20:37.110+0000: 9.943: Total time for which application threads were stopped: 0.0000734 seconds, Stopping threads took: 0.0000261 seconds
2016-03-08T16:20:37.112+0000: 9.945: Total time for which application threads were stopped: 0.0002361 seconds, Stopping threads took: 0.0000355 seconds
2016-03-08T16:20:37.171+0000: 10.005: Total time for which application threads were stopped: 0.0005322 seconds, Stopping threads took: 0.0000482 seconds
2016-03-08T16:20:37.182+0000: 10.015: Total time for which application threads were stopped: 0.0004833 seconds, Stopping threads took: 0.0000411 seconds
2016-03-08T16:20:37.201+0000: 10.034: Total time for which application threads were stopped: 0.0001737 seconds, Stopping threads took: 0.0000640 seconds
2016-03-08T16:20:37.209+0000: 10.042: Total time for which application threads were stopped: 0.0001390 seconds, Stopping threads took: 0.0000426 seconds
{Heap before GC invocations=4 (full 1):
 par new generation   total 109248K, used 94161K [0x00000000e0000000, 0x00000000e8000000, 0x00000000e8000000)
  eden space 87424K, 100% used [0x00000000e0000000, 0x00000000e5560000, 0x00000000e5560000)
  from space 21824K,  30% used [0x00000000e5560000, 0x00000000e5bf47c0, 0x00000000e6ab0000)
  to   space 21824K,   0% used [0x00000000e6ab0000, 0x00000000e6ab0000, 0x00000000e8000000)
 concurrent mark-sweep generation total 393216K, used 0K [0x00000000e8000000, 0x0000000100000000, 0x0000000100000000)
 Metaspace       used 26792K, capacity 27176K, committed 27516K, reserved 1073152K
  class space    used 3238K, capacity 3370K, committed 3456K, reserved 1048576K
2016-03-08T16:20:37.707+0000: 10.540: [GC (Allocation Failure) 2016-03-08T16:20:37.707+0000: 10.540: [ParNew
Desired survivor size 20112992 bytes, new threshold 8 (max 8)
- age   1:    5941928 bytes,    5941928 total
- age   3:     244472 bytes,    6186400 total
- age   4:    2320344 bytes,    8506744 total
- age   5:    2550064 bytes,   11056808 total
: 94161K->12418K(109248K), 0.0599931 secs] 94161K->12418K(502464K), 0.0601826 secs] [Times: user=0.09 sys=0.00, real=0.06 secs] 
Heap after GC invocations=5 (full 1):
 par new generation   total 109248K, used 12418K [0x00000000e0000000, 0x00000000e8000000, 0x00000000e8000000)
  eden space 87424K,   0% used [0x00000000e0000000, 0x00000000e0000000, 0x00000000e5560000)
  from space 21824K,  56% used [0x00000000e6ab0000, 0x00000000e76d0940, 0x00000000e8000000)
  to   space 21824K,   0% used [0x00000000e5560000, 0x00000000e5560000, 0x00000000e6ab0000)
 concurrent mark-sweep generation total 393216K, used 0K [0x00000000e8000000, 0x0000000100000000, 0x0000000100000000)
 Metaspace       used 26792K, capacity 27176K, committed 27516K, reserved 1073152K
  class space    used 3238K, capacity 3370K, committed 3456K, reserved 1048576K
}
2016-03-08T16:20:37.767+0000: 10.600: Total time for which application threads were stopped: 0.0606998 seconds, Stopping threads took: 0.0000545 seconds
2016-03-08T16:20:37.768+0000: 10.601: Total time for which application threads were stopped: 0.0001421 seconds, Stopping threads took: 0.0000426 seconds
2016-03-08T16:20:37.772+0000: 10.605: Total time for which application threads were stopped: 0.0009713 seconds, Stopping threads took: 0.0009026 seconds
2016-03-08T16:20:37.776+0000: 10.609: Total time for which application threads were stopped: 0.0001311 seconds, Stopping threads took: 0.0000379 seconds
2016-03-08T16:20:46.256+0000: 19.089: Total time for which application threads were stopped: 0.0001619 seconds, Stopping threads took: 0.0000474 seconds
2016-03-08T16:20:46.256+0000: 19.089: Total time for which application threads were stopped: 0.0000837 seconds, Stopping threads took: 0.0000229 seconds
2016-03-08T16:20:46.266+0000: 19.099: Total time for which application threads were stopped: 0.0001492 seconds, Stopping threads took: 0.0000458 seconds
2016-03-08T16:20:46.267+0000: 19.100: Total time for which application threads were stopped: 0.0001082 seconds, Stopping threads took: 0.0000308 seconds
2016-03-08T16:20:46.268+0000: 19.100: Total time for which application threads were stopped: 0.0000845 seconds, Stopping threads took: 0.0000221 seconds
2016-03-08T16:20:46.274+0000: 19.107: Total time for which application threads were stopped: 0.0001516 seconds, Stopping threads took: 0.0000474 seconds
2016-03-08T16:20:46.274+0000: 19.107: Total time for which application threads were stopped: 0.0000813 seconds, Stopping threads took: 0.0000237 seconds
2016-03-08T16:20:46.274+0000: 19.107: Total time for which application threads were stopped: 0.0000774 seconds, Stopping threads took: 0.0000197 seconds
2016-03-08T16:20:46.275+0000: 19.107: Total time for which application threads were stopped: 0.0001034 seconds, Stopping threads took: 0.0000190 seconds
2016-03-08T16:20:46.275+0000: 19.108: Total time for which application threads were stopped: 0.0000758 seconds, Stopping threads took: 0.0000197 seconds
2016-03-08T16:20:46.275+0000: 19.108: Total time for which application threads were stopped: 0.0000766 seconds, Stopping threads took: 0.0000221 seconds
2016-03-08T16:20:46.279+0000: 19.111: Total time for which application threads were stopped: 0.0001374 seconds, Stopping threads took: 0.0000505 seconds
2016-03-08T16:20:46.279+0000: 19.112: Total time for which application threads were stopped: 0.0000884 seconds, Stopping threads took: 0.0000308 seconds
2016-03-08T16:20:46.281+0000: 19.113: Total time for which application threads were stopped: 0.0001398 seconds, Stopping threads took: 0.0000553 seconds
2016-03-08T16:20:46.408+0000: 19.241: Total time for which application threads were stopped: 0.0001508 seconds, Stopping threads took: 0.0000513 seconds
2016-03-08T16:20:46.409+0000: 19.242: Total time for which application threads were stopped: 0.0000861 seconds, Stopping threads took: 0.0000300 seconds
2016-03-08T16:20:46.418+0000: 19.251: Total time for which application threads were stopped: 0.0002085 seconds, Stopping threads took: 0.0000948 seconds
2016-03-08T16:20:46.420+0000: 19.253: Total time for which application threads were stopped: 0.0001485 seconds, Stopping threads took: 0.0000474 seconds
2016-03-08T16:20:46.421+0000: 19.254: Total time for which application threads were stopped: 0.0002590 seconds, Stopping threads took: 0.0000798 seconds
2016-03-08T16:20:46.438+0000: 19.271: Total time for which application threads were stopped: 0.0045760 seconds, Stopping threads took: 0.0044015 seconds
2016-03-08T16:20:46.453+0000: 19.286: Total time for which application threads were stopped: 0.0001579 seconds, Stopping threads took: 0.0000553 seconds
2016-03-08T16:20:46.459+0000: 19.291: Total time for which application threads were stopped: 0.0001603 seconds, Stopping threads took: 0.0000561 seconds
2016-03-08T16:20:46.459+0000: 19.292: Total time for which application threads were stopped: 0.0001153 seconds, Stopping threads took: 0.0000324 seconds
2016-03-08T16:20:46.462+0000: 19.295: Total time for which application threads were stopped: 0.0001303 seconds, Stopping threads took: 0.0000458 seconds
2016-03-08T16:20:46.479+0000: 19.312: Total time for which application threads were stopped: 0.0003703 seconds, Stopping threads took: 0.0000600 seconds
2016-03-08T16:20:46.482+0000: 19.314: Total time for which application threads were stopped: 0.0004146 seconds, Stopping threads took: 0.0003285 seconds
2016-03-08T16:20:46.483+0000: 19.315: Total time for which application threads were stopped: 0.0001161 seconds, Stopping threads took: 0.0000379 seconds
2016-03-08T16:20:46.488+0000: 19.321: Total time for which application threads were stopped: 0.0011363 seconds, Stopping threads took: 0.0009934 seconds
2016-03-08T16:20:46.508+0000: 19.341: Total time for which application threads were stopped: 0.0002069 seconds, Stopping threads took: 0.0000490 seconds
2016-03-08T16:20:46.508+0000: 19.341: Total time for which application threads were stopped: 0.0001248 seconds, Stopping threads took: 0.0000355 seconds
2016-03-08T16:20:46.537+0000: 19.370: Total time for which application threads were stopped: 0.0002772 seconds, Stopping threads took: 0.0000411 seconds
2016-03-08T16:20:46.544+0000: 19.377: Total time for which application threads were stopped: 0.0001895 seconds, Stopping threads took: 0.0000576 seconds
2016-03-08T16:20:46.565+0000: 19.398: Total time for which application threads were stopped: 0.0001603 seconds, Stopping threads took: 0.0000537 seconds
2016-03-08T16:20:46.570+0000: 19.403: Total time for which application threads were stopped: 0.0001540 seconds, Stopping threads took: 0.0000545 seconds
2016-03-08T16:20:46.600+0000: 19.433: Total time for which application threads were stopped: 0.0001477 seconds, Stopping threads took: 0.0000426 seconds
2016-03-08T16:20:46.691+0000: 19.524: Total time for which application threads were stopped: 0.0002140 seconds, Stopping threads took: 0.0000592 seconds
2016-03-08T16:20:46.724+0000: 19.557: Total time for which application threads were stopped: 0.0001635 seconds, Stopping threads took: 0.0000576 seconds
2016-03-08T16:20:46.812+0000: 19.645: Total time for which application threads were stopped: 0.0003230 seconds, Stopping threads took: 0.0000592 seconds
2016-03-08T16:20:47.172+0000: 20.005: Total time for which application threads were stopped: 0.0001824 seconds, Stopping threads took: 0.0000490 seconds
2016-03-08T16:20:47.192+0000: 20.025: Total time for which application threads were stopped: 0.0001445 seconds, Stopping threads took: 0.0000490 seconds
2016-03-08T16:20:47.218+0000: 20.051: Total time for which application threads were stopped: 0.0001500 seconds, Stopping threads took: 0.0000561 seconds
2016-03-08T16:20:47.218+0000: 20.051: Total time for which application threads were stopped: 0.0000932 seconds, Stopping threads took: 0.0000324 seconds
2016-03-08T16:20:47.219+0000: 20.051: Total time for which application threads were stopped: 0.0001169 seconds, Stopping threads took: 0.0000284 seconds
2016-03-08T16:20:47.219+0000: 20.052: Total time for which application threads were stopped: 0.0000853 seconds, Stopping threads took: 0.0000284 seconds
2016-03-08T16:20:47.219+0000: 20.052: Total time for which application threads were stopped: 0.0000892 seconds, Stopping threads took: 0.0000292 seconds
2016-03-08T16:20:47.221+0000: 20.053: Total time for which application threads were stopped: 0.0001903 seconds, Stopping threads took: 0.0001027 seconds
2016-03-08T16:20:47.221+0000: 20.054: Total time for which application threads were stopped: 0.0000869 seconds, Stopping threads took: 0.0000276 seconds
2016-03-08T16:20:47.221+0000: 20.054: Total time for which application threads were stopped: 0.0000837 seconds, Stopping threads took: 0.0000268 seconds
2016-03-08T16:20:47.221+0000: 20.054: Total time for which application threads were stopped: 0.0000845 seconds, Stopping threads took: 0.0000268 seconds
2016-03-08T16:20:47.221+0000: 20.054: Total time for which application threads were stopped: 0.0000813 seconds, Stopping threads took: 0.0000261 seconds
2016-03-08T16:20:47.221+0000: 20.054: Total time for which application threads were stopped: 0.0000845 seconds, Stopping threads took: 0.0000268 seconds
2016-03-08T16:20:47.222+0000: 20.054: Total time for which application threads were stopped: 0.0000892 seconds, Stopping threads took: 0.0000300 seconds
2016-03-08T16:20:47.222+0000: 20.055: Total time for which application threads were stopped: 0.0000853 seconds, Stopping threads took: 0.0000284 seconds
2016-03-08T16:20:48.222+0000: 21.055: Total time for which application threads were stopped: 0.0001548 seconds, Stopping threads took: 0.0000497 seconds
2016-03-08T16:20:48.627+0000: 21.460: Total time for which application threads were stopped: 0.0003601 seconds, Stopping threads took: 0.0002479 seconds
2016-03-08T16:20:48.645+0000: 21.478: Total time for which application threads were stopped: 0.0005299 seconds, Stopping threads took: 0.0000411 seconds
2016-03-08T16:20:48.647+0000: 21.480: Total time for which application threads were stopped: 0.0001492 seconds, Stopping threads took: 0.0000640 seconds
2016-03-08T16:20:48.727+0000: 21.560: Total time for which application threads were stopped: 0.0001864 seconds, Stopping threads took: 0.0000671 seconds
2016-03-08T16:20:48.741+0000: 21.573: Total time for which application threads were stopped: 0.0004959 seconds, Stopping threads took: 0.0003545 seconds
2016-03-08T16:20:48.757+0000: 21.590: Total time for which application threads were stopped: 0.0001864 seconds, Stopping threads took: 0.0000482 seconds
2016-03-08T16:20:48.758+0000: 21.591: Total time for which application threads were stopped: 0.0001098 seconds, Stopping threads took: 0.0000276 seconds
2016-03-08T16:20:48.758+0000: 21.591: Total time for which application threads were stopped: 0.0000861 seconds, Stopping threads took: 0.0000197 seconds
2016-03-08T16:20:48.758+0000: 21.591: Total time for which application threads were stopped: 0.0000932 seconds, Stopping threads took: 0.0000197 seconds
2016-03-08T16:20:48.759+0000: 21.592: Total time for which application threads were stopped: 0.0000869 seconds, Stopping threads took: 0.0000190 seconds
2016-03-08T16:20:48.759+0000: 21.592: Total time for which application threads were stopped: 0.0000892 seconds, Stopping threads took: 0.0000190 seconds
2016-03-08T16:20:48.759+0000: 21.592: Total time for which application threads were stopped: 0.0000892 seconds, Stopping threads took: 0.0000205 seconds
2016-03-08T16:20:48.759+0000: 21.592: Total time for which application threads were stopped: 0.0000837 seconds, Stopping threads took: 0.0000182 seconds
2016-03-08T16:20:48.760+0000: 21.593: Total time for which application threads were stopped: 0.0001027 seconds, Stopping threads took: 0.0000237 seconds
2016-03-08T16:20:48.785+0000: 21.618: Total time for which application threads were stopped: 0.0002219 seconds, Stopping threads took: 0.0000537 seconds
2016-03-08T16:20:52.785+0000: 25.618: Total time for which application threads were stopped: 0.0001453 seconds, Stopping threads took: 0.0000474 seconds
2016-03-08T16:20:53.683+0000: 26.516: Total time for which application threads were stopped: 0.0001753 seconds, Stopping threads took: 0.0000474 seconds
2016-03-08T16:20:56.683+0000: 29.516: Total time for which application threads were stopped: 0.0001421 seconds, Stopping threads took: 0.0000466 seconds
2016-03-08T16:20:58.340+0000: 31.173: Total time for which application threads were stopped: 0.0001895 seconds, Stopping threads took: 0.0000624 seconds
2016-03-08T16:20:58.365+0000: 31.198: Total time for which application threads were stopped: 0.0001437 seconds, Stopping threads took: 0.0000434 seconds
2016-03-08T16:20:58.385+0000: 31.219: Total time for which application threads were stopped: 0.0001682 seconds, Stopping threads took: 0.0000505 seconds
2016-03-08T16:20:58.387+0000: 31.220: Total time for which application threads were stopped: 0.0001177 seconds, Stopping threads took: 0.0000316 seconds
2016-03-08T16:20:58.533+0000: 31.367: Total time for which application threads were stopped: 0.0001650 seconds, Stopping threads took: 0.0000497 seconds
2016-03-08T16:20:58.538+0000: 31.372: Total time for which application threads were stopped: 0.0001492 seconds, Stopping threads took: 0.0000426 seconds
2016-03-08T16:20:58.542+0000: 31.375: Total time for which application threads were stopped: 0.0001382 seconds, Stopping threads took: 0.0000426 seconds
2016-03-08T16:20:58.543+0000: 31.377: Total time for which application threads were stopped: 0.0001232 seconds, Stopping threads took: 0.0000355 seconds
2016-03-08T16:20:58.543+0000: 31.377: Total time for which application threads were stopped: 0.0000813 seconds, Stopping threads took: 0.0000221 seconds
2016-03-08T16:20:58.564+0000: 31.397: Total time for which application threads were stopped: 0.0001706 seconds, Stopping threads took: 0.0000505 seconds
2016-03-08T16:20:58.565+0000: 31.398: Total time for which application threads were stopped: 0.0001090 seconds, Stopping threads took: 0.0000261 seconds
2016-03-08T16:20:58.589+0000: 31.423: Total time for which application threads were stopped: 0.0085029 seconds, Stopping threads took: 0.0079446 seconds
2016-03-08T16:20:58.684+0000: 31.517: Total time for which application threads were stopped: 0.0003790 seconds, Stopping threads took: 0.0002345 seconds
2016-03-08T16:20:58.886+0000: 31.719: Total time for which application threads were stopped: 0.0007099 seconds, Stopping threads took: 0.0000584 seconds
2016-03-08T16:20:59.048+0000: 31.882: Total time for which application threads were stopped: 0.0001413 seconds, Stopping threads took: 0.0000458 seconds
2016-03-08T16:21:00.008+0000: 32.842: Total time for which application threads were stopped: 0.0001658 seconds, Stopping threads took: 0.0000529 seconds
2016-03-08T16:21:00.075+0000: 32.909: Total time for which application threads were stopped: 0.0001635 seconds, Stopping threads took: 0.0000474 seconds
2016-03-08T16:21:00.076+0000: 32.909: Total time for which application threads were stopped: 0.0000948 seconds, Stopping threads took: 0.0000276 seconds
2016-03-08T16:21:00.076+0000: 32.909: Total time for which application threads were stopped: 0.0000766 seconds, Stopping threads took: 0.0000205 seconds
2016-03-08T16:21:00.076+0000: 32.910: Total time for which application threads were stopped: 0.0000766 seconds, Stopping threads took: 0.0000205 seconds
2016-03-08T16:21:00.076+0000: 32.910: Total time for which application threads were stopped: 0.0000758 seconds, Stopping threads took: 0.0000197 seconds
2016-03-08T16:21:00.077+0000: 32.911: Total time for which application threads were stopped: 0.0000932 seconds, Stopping threads took: 0.0000261 seconds
2016-03-08T16:21:00.082+0000: 32.915: Total time for which application threads were stopped: 0.0001469 seconds, Stopping threads took: 0.0000434 seconds
2016-03-08T16:21:00.082+0000: 32.916: Total time for which application threads were stopped: 0.0000900 seconds, Stopping threads took: 0.0000245 seconds
2016-03-08T16:21:00.084+0000: 32.917: Total time for which application threads were stopped: 0.0001042 seconds, Stopping threads took: 0.0000308 seconds
2016-03-08T16:21:07.098+0000: 39.933: Total time for which application threads were stopped: 0.0001824 seconds, Stopping threads took: 0.0000529 seconds
2016-03-08T16:21:09.098+0000: 41.933: Total time for which application threads were stopped: 0.0001706 seconds, Stopping threads took: 0.0000466 seconds
2016-03-08T16:21:11.098+0000: 43.933: Total time for which application threads were stopped: 0.0001477 seconds, Stopping threads took: 0.0000482 seconds
2016-03-08T16:21:13.098+0000: 45.933: Total time for which application threads were stopped: 0.0001469 seconds, Stopping threads took: 0.0000505 seconds
2016-03-08T16:21:13.988+0000: 46.823: Total time for which application threads were stopped: 0.0001887 seconds, Stopping threads took: 0.0000537 seconds
2016-03-08T16:21:14.053+0000: 46.889: Total time for which application threads were stopped: 0.0002724 seconds, Stopping threads took: 0.0001034 seconds
2016-03-08T16:21:14.110+0000: 46.945: Total time for which application threads were stopped: 0.0001800 seconds, Stopping threads took: 0.0000490 seconds
2016-03-08T16:21:19.111+0000: 51.945: Total time for which application threads were stopped: 0.0001445 seconds, Stopping threads took: 0.0000474 seconds
2016-03-08T16:21:19.426+0000: 52.261: Total time for which application threads were stopped: 0.0002085 seconds, Stopping threads took: 0.0000569 seconds
2016-03-08T16:21:21.008+0000: 53.843: Total time for which application threads were stopped: 0.0017672 seconds, Stopping threads took: 0.0016575 seconds
2016-03-08T16:21:21.935+0000: 54.770: Total time for which application threads were stopped: 0.0002045 seconds, Stopping threads took: 0.0000632 seconds
2016-03-08T16:21:22.016+0000: 54.850: Total time for which application threads were stopped: 0.0001824 seconds, Stopping threads took: 0.0000553 seconds
2016-03-08T16:21:23.864+0000: 56.699: Total time for which application threads were stopped: 0.0002953 seconds, Stopping threads took: 0.0001303 seconds
2016-03-08T16:21:23.958+0000: 56.793: Total time for which application threads were stopped: 0.0001682 seconds, Stopping threads took: 0.0000576 seconds
2016-03-08T16:21:26.369+0000: 59.205: Total time for which application threads were stopped: 0.0002306 seconds, Stopping threads took: 0.0000608 seconds
2016-03-08T16:21:26.411+0000: 59.246: Total time for which application threads were stopped: 0.0001603 seconds, Stopping threads took: 0.0000474 seconds
2016-03-08T16:21:27.762+0000: 60.597: Total time for which application threads were stopped: 0.0002993 seconds, Stopping threads took: 0.0000648 seconds
2016-03-08T16:21:27.822+0000: 60.657: Total time for which application threads were stopped: 0.0001871 seconds, Stopping threads took: 0.0000592 seconds
2016-03-08T16:21:29.822+0000: 62.657: Total time for which application threads were stopped: 0.0001453 seconds, Stopping threads took: 0.0000482 seconds
2016-03-08T16:21:29.888+0000: 62.723: Total time for which application threads were stopped: 0.0002874 seconds, Stopping threads took: 0.0001011 seconds
2016-03-08T16:21:29.945+0000: 62.780: Total time for which application threads were stopped: 0.0001540 seconds, Stopping threads took: 0.0000490 seconds
2016-03-08T16:21:33.945+0000: 66.780: Total time for which application threads were stopped: 0.0001548 seconds, Stopping threads took: 0.0000474 seconds
2016-03-08T16:21:35.647+0000: 68.483: Total time for which application threads were stopped: 0.0002353 seconds, Stopping threads took: 0.0000608 seconds
2016-03-08T16:21:35.695+0000: 68.531: Total time for which application threads were stopped: 0.0001540 seconds, Stopping threads took: 0.0000561 seconds
2016-03-08T16:21:37.697+0000: 70.531: Total time for which application threads were stopped: 0.0001563 seconds, Stopping threads took: 0.0000490 seconds
2016-03-08T16:21:38.183+0000: 71.018: Total time for which application threads were stopped: 0.0001421 seconds, Stopping threads took: 0.0000466 seconds
2016-03-08T16:21:38.184+0000: 71.019: Total time for which application threads were stopped: 0.0001113 seconds, Stopping threads took: 0.0000387 seconds
2016-03-08T16:21:38.186+0000: 71.020: Total time for which application threads were stopped: 0.0001027 seconds, Stopping threads took: 0.0000324 seconds
2016-03-08T16:21:38.196+0000: 71.031: Total time for which application threads were stopped: 0.0002037 seconds, Stopping threads took: 0.0000497 seconds
2016-03-08T16:21:38.197+0000: 71.032: Total time for which application threads were stopped: 0.0000948 seconds, Stopping threads took: 0.0000403 seconds
2016-03-08T16:21:38.201+0000: 71.036: Total time for which application threads were stopped: 0.0001682 seconds, Stopping threads took: 0.0000584 seconds
2016-03-08T16:21:38.204+0000: 71.039: Total time for which application threads were stopped: 0.0002290 seconds, Stopping threads took: 0.0000687 seconds
2016-03-08T16:21:38.233+0000: 71.067: Total time for which application threads were stopped: 0.0001745 seconds, Stopping threads took: 0.0000734 seconds
2016-03-08T16:21:38.244+0000: 71.079: Total time for which application threads were stopped: 0.0001271 seconds, Stopping threads took: 0.0000411 seconds
2016-03-08T16:21:38.245+0000: 71.079: Total time for which application threads were stopped: 0.0001011 seconds, Stopping threads took: 0.0000474 seconds
2016-03-08T16:21:38.270+0000: 71.105: Total time for which application threads were stopped: 0.0001721 seconds, Stopping threads took: 0.0000703 seconds
2016-03-08T16:21:38.270+0000: 71.105: Total time for which application threads were stopped: 0.0002606 seconds, Stopping threads took: 0.0000300 seconds
2016-03-08T16:21:38.273+0000: 71.107: Total time for which application threads were stopped: 0.0001350 seconds, Stopping threads took: 0.0000537 seconds
2016-03-08T16:21:38.273+0000: 71.108: Total time for which application threads were stopped: 0.0002527 seconds, Stopping threads took: 0.0000861 seconds
2016-03-08T16:21:38.275+0000: 71.110: Total time for which application threads were stopped: 0.0001240 seconds, Stopping threads took: 0.0000474 seconds
2016-03-08T16:21:38.285+0000: 71.120: Total time for which application threads were stopped: 0.0001334 seconds, Stopping threads took: 0.0000505 seconds
2016-03-08T16:21:38.285+0000: 71.120: Total time for which application threads were stopped: 0.0000734 seconds, Stopping threads took: 0.0000268 seconds
2016-03-08T16:21:38.303+0000: 71.138: Total time for which application threads were stopped: 0.0002203 seconds, Stopping threads took: 0.0000513 seconds
2016-03-08T16:21:40.755+0000: 73.590: Total time for which application threads were stopped: 0.0001943 seconds, Stopping threads took: 0.0000592 seconds
2016-03-08T16:21:41.294+0000: 74.129: Total time for which application threads were stopped: 0.0001445 seconds, Stopping threads took: 0.0000592 seconds
2016-03-08T16:21:46.294+0000: 79.129: Total time for which application threads were stopped: 0.0001548 seconds, Stopping threads took: 0.0000624 seconds
2016-03-08T16:21:47.294+0000: 80.129: Total time for which application threads were stopped: 0.0001516 seconds, Stopping threads took: 0.0000474 seconds
2016-03-08T16:21:49.385+0000: 82.220: Total time for which application threads were stopped: 0.0010708 seconds, Stopping threads took: 0.0009570 seconds
2016-03-08T16:21:49.472+0000: 82.307: Total time for which application threads were stopped: 0.0001864 seconds, Stopping threads took: 0.0000490 seconds
2016-03-08T16:21:53.636+0000: 86.472: Total time for which application threads were stopped: 0.0001627 seconds, Stopping threads took: 0.0000490 seconds
2016-03-08T16:21:54.384+0000: 87.219: Total time for which application threads were stopped: 0.0006759 seconds, Stopping threads took: 0.0005741 seconds
2016-03-08T16:21:54.418+0000: 87.253: Total time for which application threads were stopped: 0.0002116 seconds, Stopping threads took: 0.0000458 seconds
2016-03-08T16:21:54.485+0000: 87.319: Total time for which application threads were stopped: 0.0001690 seconds, Stopping threads took: 0.0000545 seconds
2016-03-08T16:21:55.412+0000: 88.247: Total time for which application threads were stopped: 0.0002100 seconds, Stopping threads took: 0.0000648 seconds
2016-03-08T16:21:55.416+0000: 88.250: Total time for which application threads were stopped: 0.0002337 seconds, Stopping threads took: 0.0000758 seconds
2016-03-08T16:21:55.456+0000: 88.291: Total time for which application threads were stopped: 0.0194844 seconds, Stopping threads took: 0.0192689 seconds
2016-03-08T16:21:56.522+0000: 89.357: Total time for which application threads were stopped: 0.0001666 seconds, Stopping threads took: 0.0000655 seconds
2016-03-08T16:21:57.522+0000: 90.357: Total time for which application threads were stopped: 0.0001477 seconds, Stopping threads took: 0.0000490 seconds
2016-03-08T16:21:59.522+0000: 92.357: Total time for which application threads were stopped: 0.0001461 seconds, Stopping threads took: 0.0000466 seconds
2016-03-08T16:22:02.586+0000: 95.424: Total time for which application threads were stopped: 0.0017783 seconds, Stopping threads took: 0.0016448 seconds
2016-03-08T16:22:02.590+0000: 95.429: Total time for which application threads were stopped: 0.0001777 seconds, Stopping threads took: 0.0000592 seconds
2016-03-08T16:22:03.613+0000: 96.451: Total time for which application threads were stopped: 0.0001777 seconds, Stopping threads took: 0.0000576 seconds
2016-03-08T16:22:21.261+0000: 114.099: Total time for which application threads were stopped: 0.0002353 seconds, Stopping threads took: 0.0000561 seconds
2016-03-08T16:22:21.321+0000: 114.160: Total time for which application threads were stopped: 0.0001698 seconds, Stopping threads took: 0.0000529 seconds
2016-03-08T16:22:22.538+0000: 115.376: Total time for which application threads were stopped: 0.0001808 seconds, Stopping threads took: 0.0000497 seconds
2016-03-08T16:22:23.696+0000: 116.535: Total time for which application threads were stopped: 0.0001548 seconds, Stopping threads took: 0.0000434 seconds
2016-03-08T16:22:25.696+0000: 118.534: Total time for which application threads were stopped: 0.0001682 seconds, Stopping threads took: 0.0000584 seconds
2016-03-08T16:22:26.312+0000: 119.151: Total time for which application threads were stopped: 0.0001769 seconds, Stopping threads took: 0.0000513 seconds
2016-03-08T16:22:27.735+0000: 120.574: Total time for which application threads were stopped: 0.0001650 seconds, Stopping threads took: 0.0000553 seconds
2016-03-08T16:22:28.693+0000: 121.532: Total time for which application threads were stopped: 0.0004975 seconds, Stopping threads took: 0.0000600 seconds
2016-03-08T16:22:28.694+0000: 121.532: Total time for which application threads were stopped: 0.0002203 seconds, Stopping threads took: 0.0000316 seconds
2016-03-08T16:22:28.716+0000: 121.554: Total time for which application threads were stopped: 0.0002187 seconds, Stopping threads took: 0.0000490 seconds
2016-03-08T16:22:28.757+0000: 121.595: Total time for which application threads were stopped: 0.0011892 seconds, Stopping threads took: 0.0010502 seconds
2016-03-08T16:22:32.758+0000: 125.596: Total time for which application threads were stopped: 0.0001500 seconds, Stopping threads took: 0.0000450 seconds
2016-03-08T16:22:37.507+0000: 130.345: Total time for which application threads were stopped: 0.0003380 seconds, Stopping threads took: 0.0000584 seconds
2016-03-08T16:22:37.574+0000: 130.412: Total time for which application threads were stopped: 0.0003853 seconds, Stopping threads took: 0.0000490 seconds
2016-03-08T16:22:37.633+0000: 130.471: Total time for which application threads were stopped: 0.0001635 seconds, Stopping threads took: 0.0000513 seconds
2016-03-08T16:22:37.634+0000: 130.472: Total time for which application threads were stopped: 0.0001382 seconds, Stopping threads took: 0.0000387 seconds
2016-03-08T16:22:37.642+0000: 130.480: Total time for which application threads were stopped: 0.0002069 seconds, Stopping threads took: 0.0000482 seconds
2016-03-08T16:22:37.644+0000: 130.483: Total time for which application threads were stopped: 0.0003048 seconds, Stopping threads took: 0.0000419 seconds
2016-03-08T16:22:38.644+0000: 131.482: Total time for which application threads were stopped: 0.0001571 seconds, Stopping threads took: 0.0000474 seconds
2016-03-08T16:22:39.163+0000: 132.001: Total time for which application threads were stopped: 0.0002116 seconds, Stopping threads took: 0.0000450 seconds
2016-03-08T16:22:39.181+0000: 132.020: Total time for which application threads were stopped: 0.0001927 seconds, Stopping threads took: 0.0000640 seconds
2016-03-08T16:22:41.159+0000: 133.998: Total time for which application threads were stopped: 0.0002290 seconds, Stopping threads took: 0.0000632 seconds
2016-03-08T16:22:41.187+0000: 134.025: Total time for which application threads were stopped: 0.0001627 seconds, Stopping threads took: 0.0000458 seconds
2016-03-08T16:22:50.213+0000: 143.051: Total time for which application threads were stopped: 0.0001658 seconds, Stopping threads took: 0.0000482 seconds
2016-03-08T16:22:52.213+0000: 145.051: Total time for which application threads were stopped: 0.0003190 seconds, Stopping threads took: 0.0000758 seconds
2016-03-08T16:22:52.220+0000: 145.058: Total time for which application threads were stopped: 0.0004596 seconds, Stopping threads took: 0.0000821 seconds
2016-03-08T16:22:52.225+0000: 145.063: Total time for which application threads were stopped: 0.0001508 seconds, Stopping threads took: 0.0000411 seconds
2016-03-08T16:22:52.600+0000: 145.438: Total time for which application threads were stopped: 0.0003672 seconds, Stopping threads took: 0.0000537 seconds
{Heap before GC invocations=5 (full 1):
 par new generation   total 109248K, used 99842K [0x00000000e0000000, 0x00000000e8000000, 0x00000000e8000000)
  eden space 87424K, 100% used [0x00000000e0000000, 0x00000000e5560000, 0x00000000e5560000)
  from space 21824K,  56% used [0x00000000e6ab0000, 0x00000000e76d0940, 0x00000000e8000000)
  to   space 21824K,   0% used [0x00000000e5560000, 0x00000000e5560000, 0x00000000e6ab0000)
 concurrent mark-sweep generation total 393216K, used 0K [0x00000000e8000000, 0x0000000100000000, 0x0000000100000000)
 Metaspace       used 31788K, capacity 32202K, committed 32508K, reserved 1077248K
  class space    used 3639K, capacity 3771K, committed 3840K, reserved 1048576K
2016-03-08T16:22:53.244+0000: 146.082: [GC (Allocation Failure) 2016-03-08T16:22:53.244+0000: 146.082: [ParNew
Desired survivor size 20112992 bytes, new threshold 8 (max 8)
- age   1:    9248944 bytes,    9248944 total
- age   2:    1452696 bytes,   10701640 total
- age   4:     236096 bytes,   10937736 total
- age   5:    2310112 bytes,   13247848 total
- age   6:    2547880 bytes,   15795728 total
: 99842K->16586K(109248K), 0.0606666 secs] 99842K->16586K(502464K), 0.0608396 secs] [Times: user=0.11 sys=0.00, real=0.06 secs] 
Heap after GC invocations=6 (full 1):
 par new generation   total 109248K, used 16586K [0x00000000e0000000, 0x00000000e8000000, 0x00000000e8000000)
  eden space 87424K,   0% used [0x00000000e0000000, 0x00000000e0000000, 0x00000000e5560000)
  from space 21824K,  76% used [0x00000000e5560000, 0x00000000e6592aa8, 0x00000000e6ab0000)
  to   space 21824K,   0% used [0x00000000e6ab0000, 0x00000000e6ab0000, 0x00000000e8000000)
 concurrent mark-sweep generation total 393216K, used 0K [0x00000000e8000000, 0x0000000100000000, 0x0000000100000000)
 Metaspace       used 31788K, capacity 32202K, committed 32508K, reserved 1077248K
  class space    used 3639K, capacity 3771K, committed 3840K, reserved 1048576K
}
2016-03-08T16:22:53.305+0000: 146.143: Total time for which application threads were stopped: 0.0613165 seconds, Stopping threads took: 0.0000608 seconds
2016-03-08T16:22:53.582+0000: 146.420: Total time for which application threads were stopped: 0.0002298 seconds, Stopping threads took: 0.0000648 seconds
2016-03-08T16:22:53.984+0000: 146.822: Total time for which application threads were stopped: 0.0001753 seconds, Stopping threads took: 0.0000600 seconds
2016-03-08T16:22:54.984+0000: 147.822: Total time for which application threads were stopped: 0.0001611 seconds, Stopping threads took: 0.0000513 seconds
2016-03-08T16:22:58.984+0000: 151.822: Total time for which application threads were stopped: 0.0001587 seconds, Stopping threads took: 0.0000490 seconds
2016-03-08T16:23:04.985+0000: 157.823: Total time for which application threads were stopped: 0.0001785 seconds, Stopping threads took: 0.0000490 seconds
2016-03-08T16:23:06.985+0000: 159.824: Total time for which application threads were stopped: 0.0002677 seconds, Stopping threads took: 0.0000561 seconds
2016-03-08T16:23:14.307+0000: 167.146: Total time for which application threads were stopped: 0.0002551 seconds, Stopping threads took: 0.0000640 seconds
2016-03-08T16:23:14.313+0000: 167.152: Total time for which application threads were stopped: 0.0002669 seconds, Stopping threads took: 0.0001058 seconds
2016-03-08T16:23:15.313+0000: 168.152: Total time for which application threads were stopped: 0.0001721 seconds, Stopping threads took: 0.0000537 seconds
2016-03-08T16:23:16.333+0000: 169.173: Total time for which application threads were stopped: 0.0001856 seconds, Stopping threads took: 0.0000561 seconds
2016-03-08T16:23:17.333+0000: 170.172: Total time for which application threads were stopped: 0.0001690 seconds, Stopping threads took: 0.0000505 seconds
2016-03-08T16:23:19.333+0000: 172.172: Total time for which application threads were stopped: 0.0001556 seconds, Stopping threads took: 0.0000474 seconds
2016-03-08T16:23:20.095+0000: 172.935: Total time for which application threads were stopped: 0.0001642 seconds, Stopping threads took: 0.0000505 seconds
2016-03-08T16:23:20.098+0000: 172.938: Total time for which application threads were stopped: 0.0008054 seconds, Stopping threads took: 0.0006901 seconds
2016-03-08T16:23:20.108+0000: 172.948: Total time for which application threads were stopped: 0.0001469 seconds, Stopping threads took: 0.0000426 seconds
2016-03-08T16:23:20.108+0000: 172.948: Total time for which application threads were stopped: 0.0000742 seconds, Stopping threads took: 0.0000182 seconds
2016-03-08T16:23:20.109+0000: 172.948: Total time for which application threads were stopped: 0.0000750 seconds, Stopping threads took: 0.0000182 seconds
2016-03-08T16:23:20.109+0000: 172.948: Total time for which application threads were stopped: 0.0000742 seconds, Stopping threads took: 0.0000174 seconds
2016-03-08T16:23:20.109+0000: 172.948: Total time for which application threads were stopped: 0.0000719 seconds, Stopping threads took: 0.0000182 seconds
2016-03-08T16:23:20.109+0000: 172.949: Total time for which application threads were stopped: 0.0000719 seconds, Stopping threads took: 0.0000182 seconds
2016-03-08T16:23:20.111+0000: 172.950: Total time for which application threads were stopped: 0.0001334 seconds, Stopping threads took: 0.0000355 seconds
2016-03-08T16:23:20.111+0000: 172.951: Total time for which application threads were stopped: 0.0001271 seconds, Stopping threads took: 0.0000197 seconds
2016-03-08T16:23:20.114+0000: 172.953: Total time for which application threads were stopped: 0.0001366 seconds, Stopping threads took: 0.0000355 seconds
2016-03-08T16:23:20.114+0000: 172.954: Total time for which application threads were stopped: 0.0000798 seconds, Stopping threads took: 0.0000190 seconds
2016-03-08T16:23:20.114+0000: 172.954: Total time for which application threads were stopped: 0.0000726 seconds, Stopping threads took: 0.0000190 seconds
2016-03-08T16:23:20.114+0000: 172.954: Total time for which application threads were stopped: 0.0000726 seconds, Stopping threads took: 0.0000190 seconds
2016-03-08T16:23:20.115+0000: 172.954: Total time for which application threads were stopped: 0.0000861 seconds, Stopping threads took: 0.0000213 seconds
2016-03-08T16:23:20.117+0000: 172.957: Total time for which application threads were stopped: 0.0001666 seconds, Stopping threads took: 0.0000300 seconds
2016-03-08T16:23:20.117+0000: 172.957: Total time for which application threads were stopped: 0.0000869 seconds, Stopping threads took: 0.0000292 seconds
2016-03-08T16:23:20.118+0000: 172.958: Total time for which application threads were stopped: 0.0000916 seconds, Stopping threads took: 0.0000300 seconds
2016-03-08T16:23:20.143+0000: 172.982: Total time for which application threads were stopped: 0.0110124 seconds, Stopping threads took: 0.0109065 seconds
2016-03-08T16:23:20.143+0000: 172.982: Total time for which application threads were stopped: 0.0000892 seconds, Stopping threads took: 0.0000497 seconds
2016-03-08T16:23:20.144+0000: 172.984: Total time for which application threads were stopped: 0.0003166 seconds, Stopping threads took: 0.0002574 seconds
2016-03-08T16:23:20.145+0000: 172.984: Total time for which application threads were stopped: 0.0000790 seconds, Stopping threads took: 0.0000245 seconds
2016-03-08T16:23:20.145+0000: 172.985: Total time for which application threads were stopped: 0.0001011 seconds, Stopping threads took: 0.0000624 seconds
Heap
 par new generation   total 109248K, used 31988K [0x00000000e0000000, 0x00000000e8000000, 0x00000000e8000000)
  eden space 87424K,  17% used [0x00000000e0000000, 0x00000000e0f0a590, 0x00000000e5560000)
  from space 21824K,  76% used [0x00000000e5560000, 0x00000000e6592aa8, 0x00000000e6ab0000)
  to   space 21824K,   0% used [0x00000000e6ab0000, 0x00000000e6ab0000, 0x00000000e8000000)
 concurrent mark-sweep generation total 393216K, used 0K [0x00000000e8000000, 0x0000000100000000, 0x0000000100000000)
 Metaspace       used 32407K, capacity 32874K, committed 33148K, reserved 1079296K
  class space    used 3706K, capacity 3867K, committed 3968K, reserved 1048576K
