Java HotSpot(TM) 64-Bit Server VM (25.73-b02) for windows-amd64 JRE (1.8.0_73-b02), built on Jan 29 2016 17:38:49 by "java_re" with MS VC++ 10.0 (VS2010)
Memory: 4k page, physical 4027256k(645256k free), swap 8052676k(1521584k free)
CommandLine flags: -XX:CMSInitiatingOccupancyFraction=50 -XX:CMSMaxAbortablePrecleanTime=6000 -XX:+CMSParallelRemarkEnabled -XX:+CMSScavengeBeforeRemark -XX:ConcGCThreads=4 -XX:InitialHeapSize=536870912 -XX:MaxHeapSize=536870912 -XX:MaxTenuringThreshold=8 -XX:NewRatio=3 -XX:OldPLABSize=16 -XX:ParallelGCThreads=4 -XX:+ParallelRefProcEnabled -XX:PretenureSizeThreshold=67108864 -XX:+PrintGC -XX:+PrintGCApplicationStoppedTime -XX:+PrintGCDateStamps -XX:+PrintGCDetails -XX:+PrintGCTimeStamps -XX:+PrintHeapAtGC -XX:+PrintTenuringDistribution -XX:SurvivorRatio=4 -XX:TargetSurvivorRatio=90 -XX:ThreadStackSize=256 -XX:+UseCMSInitiatingOccupancyOnly -XX:+UseCompressedClassPointers -XX:+UseCompressedOops -XX:+UseConcMarkSweepGC -XX:-UseLargePagesIndividualAllocation -XX:+UseParNewGC 
2016-04-12T11:17:40.682+0100: 1.087: Total time for which application threads were stopped: 0.0002266 seconds, Stopping threads took: 0.0000411 seconds
2016-04-12T11:17:41.157+0100: 1.570: Total time for which application threads were stopped: 0.0002756 seconds, Stopping threads took: 0.0000466 seconds
2016-04-12T11:17:42.158+0100: 2.563: Total time for which application threads were stopped: 0.0001232 seconds, Stopping threads took: 0.0000395 seconds
2016-04-12T11:17:42.672+0100: 3.085: Total time for which application threads were stopped: 0.0002590 seconds, Stopping threads took: 0.0000442 seconds
2016-04-12T11:17:42.692+0100: 3.099: Total time for which application threads were stopped: 0.0002464 seconds, Stopping threads took: 0.0000466 seconds
2016-04-12T11:17:43.046+0100: 3.454: Total time for which application threads were stopped: 0.0003143 seconds, Stopping threads took: 0.0000474 seconds
2016-04-12T11:17:43.066+0100: 3.478: Total time for which application threads were stopped: 0.0002708 seconds, Stopping threads took: 0.0000482 seconds
2016-04-12T11:17:43.932+0100: 4.338: Total time for which application threads were stopped: 0.0005970 seconds, Stopping threads took: 0.0003048 seconds
{Heap before GC invocations=0 (full 0):
 par new generation   total 109248K, used 87424K [0x00000000e0000000, 0x00000000e8000000, 0x00000000e8000000)
  eden space 87424K, 100% used [0x00000000e0000000, 0x00000000e5560000, 0x00000000e5560000)
  from space 21824K,   0% used [0x00000000e5560000, 0x00000000e5560000, 0x00000000e6ab0000)
  to   space 21824K,   0% used [0x00000000e6ab0000, 0x00000000e6ab0000, 0x00000000e8000000)
 concurrent mark-sweep generation total 393216K, used 0K [0x00000000e8000000, 0x0000000100000000, 0x0000000100000000)
 Metaspace       used 10133K, capacity 10344K, committed 10496K, reserved 1058816K
  class space    used 1166K, capacity 1212K, committed 1280K, reserved 1048576K
2016-04-12T11:17:44.617+0100: 5.022: [GC (Allocation Failure) 2016-04-12T11:17:44.618+0100: 5.022: [ParNew
Desired survivor size 20112992 bytes, new threshold 8 (max 8)
- age   1:    5876536 bytes,    5876536 total
: 87424K->5815K(109248K), 0.0441193 secs] 87424K->5815K(502464K), 0.0445181 secs] [Times: user=0.08 sys=0.01, real=0.04 secs] 
Heap after GC invocations=1 (full 0):
 par new generation   total 109248K, used 5815K [0x00000000e0000000, 0x00000000e8000000, 0x00000000e8000000)
  eden space 87424K,   0% used [0x00000000e0000000, 0x00000000e0000000, 0x00000000e5560000)
  from space 21824K,  26% used [0x00000000e6ab0000, 0x00000000e705de70, 0x00000000e8000000)
  to   space 21824K,   0% used [0x00000000e5560000, 0x00000000e5560000, 0x00000000e6ab0000)
 concurrent mark-sweep generation total 393216K, used 0K [0x00000000e8000000, 0x0000000100000000, 0x0000000100000000)
 Metaspace       used 10133K, capacity 10344K, committed 10496K, reserved 1058816K
  class space    used 1166K, capacity 1212K, committed 1280K, reserved 1048576K
}
2016-04-12T11:17:44.662+0100: 5.066: Total time for which application threads were stopped: 0.0449414 seconds, Stopping threads took: 0.0000513 seconds
2016-04-12T11:17:44.674+0100: 5.078: Total time for which application threads were stopped: 0.0001808 seconds, Stopping threads took: 0.0000419 seconds
2016-04-12T11:17:44.674+0100: 5.079: Total time for which application threads were stopped: 0.0001303 seconds, Stopping threads took: 0.0000253 seconds
2016-04-12T11:17:44.675+0100: 5.079: Total time for which application threads were stopped: 0.0001184 seconds, Stopping threads took: 0.0000213 seconds
2016-04-12T11:17:44.675+0100: 5.079: Total time for which application threads were stopped: 0.0001192 seconds, Stopping threads took: 0.0000213 seconds
2016-04-12T11:17:44.675+0100: 5.079: Total time for which application threads were stopped: 0.0001200 seconds, Stopping threads took: 0.0000213 seconds
2016-04-12T11:17:44.675+0100: 5.079: Total time for which application threads were stopped: 0.0001137 seconds, Stopping threads took: 0.0000205 seconds
2016-04-12T11:17:44.675+0100: 5.079: Total time for which application threads were stopped: 0.0001105 seconds, Stopping threads took: 0.0000205 seconds
2016-04-12T11:17:44.675+0100: 5.080: Total time for which application threads were stopped: 0.0001161 seconds, Stopping threads took: 0.0000205 seconds
2016-04-12T11:17:44.676+0100: 5.080: Total time for which application threads were stopped: 0.0001137 seconds, Stopping threads took: 0.0000205 seconds
2016-04-12T11:17:44.676+0100: 5.080: Total time for which application threads were stopped: 0.0001145 seconds, Stopping threads took: 0.0000213 seconds
2016-04-12T11:17:44.676+0100: 5.080: Total time for which application threads were stopped: 0.0001216 seconds, Stopping threads took: 0.0000221 seconds
2016-04-12T11:17:44.676+0100: 5.081: Total time for which application threads were stopped: 0.0001129 seconds, Stopping threads took: 0.0000205 seconds
2016-04-12T11:17:44.676+0100: 5.081: Total time for which application threads were stopped: 0.0001105 seconds, Stopping threads took: 0.0000205 seconds
2016-04-12T11:17:44.677+0100: 5.081: Total time for which application threads were stopped: 0.0001129 seconds, Stopping threads took: 0.0000205 seconds
2016-04-12T11:17:44.677+0100: 5.081: Total time for which application threads were stopped: 0.0001121 seconds, Stopping threads took: 0.0000213 seconds
2016-04-12T11:17:44.677+0100: 5.081: Total time for which application threads were stopped: 0.0001098 seconds, Stopping threads took: 0.0000197 seconds
2016-04-12T11:17:44.677+0100: 5.081: Total time for which application threads were stopped: 0.0001105 seconds, Stopping threads took: 0.0000205 seconds
2016-04-12T11:17:44.677+0100: 5.081: Total time for which application threads were stopped: 0.0001090 seconds, Stopping threads took: 0.0000205 seconds
2016-04-12T11:17:44.677+0100: 5.082: Total time for which application threads were stopped: 0.0001137 seconds, Stopping threads took: 0.0000205 seconds
2016-04-12T11:17:44.678+0100: 5.082: Total time for which application threads were stopped: 0.0001958 seconds, Stopping threads took: 0.0000205 seconds
2016-04-12T11:17:45.010+0100: 5.420: Total time for which application threads were stopped: 0.0003388 seconds, Stopping threads took: 0.0000379 seconds
2016-04-12T11:17:45.308+0100: 5.712: Total time for which application threads were stopped: 0.0003719 seconds, Stopping threads took: 0.0000529 seconds
2016-04-12T11:17:46.147+0100: 6.557: Total time for which application threads were stopped: 0.0004493 seconds, Stopping threads took: 0.0000426 seconds
2016-04-12T11:17:46.157+0100: 6.561: Total time for which application threads were stopped: 0.0003948 seconds, Stopping threads took: 0.0000340 seconds
2016-04-12T11:17:46.157+0100: 6.569: Total time for which application threads were stopped: 0.0003419 seconds, Stopping threads took: 0.0000395 seconds
2016-04-12T11:17:47.163+0100: 7.568: Total time for which application threads were stopped: 0.0001950 seconds, Stopping threads took: 0.0000466 seconds
2016-04-12T11:17:47.263+0100: 7.675: Total time for which application threads were stopped: 0.0002282 seconds, Stopping threads took: 0.0000387 seconds
2016-04-12T11:17:47.273+0100: 7.686: Total time for which application threads were stopped: 0.0002258 seconds, Stopping threads took: 0.0000853 seconds
2016-04-12T11:17:47.273+0100: 7.687: Total time for which application threads were stopped: 0.0001406 seconds, Stopping threads took: 0.0000268 seconds
2016-04-12T11:17:47.283+0100: 7.687: Total time for which application threads were stopped: 0.0001935 seconds, Stopping threads took: 0.0000221 seconds
2016-04-12T11:17:47.283+0100: 7.687: Total time for which application threads were stopped: 0.0001263 seconds, Stopping threads took: 0.0000253 seconds
2016-04-12T11:17:47.283+0100: 7.688: Total time for which application threads were stopped: 0.0001192 seconds, Stopping threads took: 0.0000213 seconds
2016-04-12T11:17:47.284+0100: 7.688: Total time for which application threads were stopped: 0.0001200 seconds, Stopping threads took: 0.0000229 seconds
2016-04-12T11:17:47.284+0100: 7.688: Total time for which application threads were stopped: 0.0001066 seconds, Stopping threads took: 0.0000205 seconds
2016-04-12T11:17:47.284+0100: 7.688: Total time for which application threads were stopped: 0.0001066 seconds, Stopping threads took: 0.0000213 seconds
2016-04-12T11:17:47.284+0100: 7.688: Total time for which application threads were stopped: 0.0001066 seconds, Stopping threads took: 0.0000205 seconds
2016-04-12T11:17:47.284+0100: 7.688: Total time for which application threads were stopped: 0.0001058 seconds, Stopping threads took: 0.0000197 seconds
2016-04-12T11:17:47.284+0100: 7.689: Total time for which application threads were stopped: 0.0001050 seconds, Stopping threads took: 0.0000197 seconds
2016-04-12T11:17:47.284+0100: 7.689: Total time for which application threads were stopped: 0.0001050 seconds, Stopping threads took: 0.0000197 seconds
2016-04-12T11:17:47.285+0100: 7.689: Total time for which application threads were stopped: 0.0001240 seconds, Stopping threads took: 0.0000371 seconds
2016-04-12T11:17:47.285+0100: 7.689: Total time for which application threads were stopped: 0.0001082 seconds, Stopping threads took: 0.0000221 seconds
2016-04-12T11:17:47.285+0100: 7.689: Total time for which application threads were stopped: 0.0001058 seconds, Stopping threads took: 0.0000205 seconds
2016-04-12T11:17:47.285+0100: 7.689: Total time for which application threads were stopped: 0.0001129 seconds, Stopping threads took: 0.0000268 seconds
2016-04-12T11:17:47.285+0100: 7.690: Total time for which application threads were stopped: 0.0001074 seconds, Stopping threads took: 0.0000205 seconds
2016-04-12T11:17:47.285+0100: 7.690: Total time for which application threads were stopped: 0.0001271 seconds, Stopping threads took: 0.0000316 seconds
2016-04-12T11:17:47.286+0100: 7.690: Total time for which application threads were stopped: 0.0001303 seconds, Stopping threads took: 0.0000332 seconds
2016-04-12T11:17:47.287+0100: 7.691: Total time for which application threads were stopped: 0.0006420 seconds, Stopping threads took: 0.0003577 seconds
2016-04-12T11:17:47.287+0100: 7.692: Total time for which application threads were stopped: 0.0004169 seconds, Stopping threads took: 0.0002645 seconds
2016-04-12T11:17:47.288+0100: 7.692: Total time for which application threads were stopped: 0.0002053 seconds, Stopping threads took: 0.0000908 seconds
2016-04-12T11:17:47.288+0100: 7.692: Total time for which application threads were stopped: 0.0001366 seconds, Stopping threads took: 0.0000292 seconds
2016-04-12T11:17:47.288+0100: 7.693: Total time for which application threads were stopped: 0.0001319 seconds, Stopping threads took: 0.0000276 seconds
2016-04-12T11:17:47.290+0100: 7.694: Total time for which application threads were stopped: 0.0001571 seconds, Stopping threads took: 0.0000371 seconds
2016-04-12T11:17:47.290+0100: 7.694: Total time for which application threads were stopped: 0.0001753 seconds, Stopping threads took: 0.0000355 seconds
2016-04-12T11:17:47.290+0100: 7.695: Total time for which application threads were stopped: 0.0000853 seconds, Stopping threads took: 0.0000190 seconds
2016-04-12T11:17:47.290+0100: 7.695: Total time for which application threads were stopped: 0.0000861 seconds, Stopping threads took: 0.0000268 seconds
2016-04-12T11:17:47.291+0100: 7.695: Total time for which application threads were stopped: 0.0000869 seconds, Stopping threads took: 0.0000253 seconds
2016-04-12T11:17:47.291+0100: 7.695: Total time for which application threads were stopped: 0.0000853 seconds, Stopping threads took: 0.0000261 seconds
2016-04-12T11:17:47.291+0100: 7.695: Total time for which application threads were stopped: 0.0000829 seconds, Stopping threads took: 0.0000245 seconds
2016-04-12T11:17:47.291+0100: 7.695: Total time for which application threads were stopped: 0.0000837 seconds, Stopping threads took: 0.0000253 seconds
2016-04-12T11:17:47.291+0100: 7.695: Total time for which application threads were stopped: 0.0000845 seconds, Stopping threads took: 0.0000253 seconds
2016-04-12T11:17:47.291+0100: 7.695: Total time for which application threads were stopped: 0.0000837 seconds, Stopping threads took: 0.0000245 seconds
2016-04-12T11:17:47.291+0100: 7.696: Total time for which application threads were stopped: 0.0000798 seconds, Stopping threads took: 0.0000190 seconds
2016-04-12T11:17:47.291+0100: 7.696: Total time for which application threads were stopped: 0.0000845 seconds, Stopping threads took: 0.0000253 seconds
2016-04-12T11:17:47.292+0100: 7.696: Total time for which application threads were stopped: 0.0000971 seconds, Stopping threads took: 0.0000253 seconds
2016-04-12T11:17:47.292+0100: 7.696: Total time for which application threads were stopped: 0.0000845 seconds, Stopping threads took: 0.0000253 seconds
2016-04-12T11:17:47.292+0100: 7.696: Total time for which application threads were stopped: 0.0000845 seconds, Stopping threads took: 0.0000253 seconds
2016-04-12T11:17:47.292+0100: 7.696: Total time for which application threads were stopped: 0.0000837 seconds, Stopping threads took: 0.0000245 seconds
2016-04-12T11:17:47.292+0100: 7.696: Total time for which application threads were stopped: 0.0000774 seconds, Stopping threads took: 0.0000182 seconds
2016-04-12T11:17:47.292+0100: 7.696: Total time for which application threads were stopped: 0.0000837 seconds, Stopping threads took: 0.0000245 seconds
2016-04-12T11:17:47.292+0100: 7.697: Total time for which application threads were stopped: 0.0000837 seconds, Stopping threads took: 0.0000245 seconds
2016-04-12T11:17:47.292+0100: 7.697: Total time for which application threads were stopped: 0.0000845 seconds, Stopping threads took: 0.0000253 seconds
2016-04-12T11:17:47.293+0100: 7.697: Total time for which application threads were stopped: 0.0002819 seconds, Stopping threads took: 0.0000419 seconds
2016-04-12T11:17:47.299+0100: 7.703: Total time for which application threads were stopped: 0.0002693 seconds, Stopping threads took: 0.0001090 seconds
2016-04-12T11:17:47.300+0100: 7.704: Total time for which application threads were stopped: 0.0004540 seconds, Stopping threads took: 0.0003316 seconds
2016-04-12T11:17:47.310+0100: 7.714: Total time for which application threads were stopped: 0.0002290 seconds, Stopping threads took: 0.0000442 seconds
2016-04-12T11:17:47.311+0100: 7.715: Total time for which application threads were stopped: 0.0002487 seconds, Stopping threads took: 0.0000782 seconds
2016-04-12T11:17:47.311+0100: 7.715: Total time for which application threads were stopped: 0.0001327 seconds, Stopping threads took: 0.0000205 seconds
2016-04-12T11:17:47.311+0100: 7.716: Total time for which application threads were stopped: 0.0001619 seconds, Stopping threads took: 0.0000347 seconds
2016-04-12T11:17:47.315+0100: 7.719: Total time for which application threads were stopped: 0.0002598 seconds, Stopping threads took: 0.0000490 seconds
2016-04-12T11:17:47.365+0100: 7.778: Total time for which application threads were stopped: 0.0004177 seconds, Stopping threads took: 0.0000403 seconds
2016-04-12T11:17:47.375+0100: 7.785: Total time for which application threads were stopped: 0.0001698 seconds, Stopping threads took: 0.0000529 seconds
2016-04-12T11:17:47.375+0100: 7.785: Total time for which application threads were stopped: 0.0001390 seconds, Stopping threads took: 0.0000442 seconds
2016-04-12T11:17:47.375+0100: 7.786: Total time for which application threads were stopped: 0.0001248 seconds, Stopping threads took: 0.0000395 seconds
2016-04-12T11:17:47.375+0100: 7.787: Total time for which application threads were stopped: 0.0001579 seconds, Stopping threads took: 0.0000782 seconds
2016-04-12T11:17:47.434+0100: 7.838: Total time for which application threads were stopped: 0.0003166 seconds, Stopping threads took: 0.0001453 seconds
2016-04-12T11:17:47.437+0100: 7.844: Total time for which application threads were stopped: 0.0001935 seconds, Stopping threads took: 0.0000592 seconds
2016-04-12T11:17:47.447+0100: 7.852: Total time for which application threads were stopped: 0.0001777 seconds, Stopping threads took: 0.0000466 seconds
2016-04-12T11:17:47.447+0100: 7.853: Total time for which application threads were stopped: 0.0006041 seconds, Stopping threads took: 0.0005046 seconds
2016-04-12T11:17:47.447+0100: 7.854: Total time for which application threads were stopped: 0.0001295 seconds, Stopping threads took: 0.0000268 seconds
2016-04-12T11:17:47.447+0100: 7.855: Total time for which application threads were stopped: 0.0001461 seconds, Stopping threads took: 0.0000426 seconds
2016-04-12T11:17:47.457+0100: 7.866: Total time for which application threads were stopped: 0.0002819 seconds, Stopping threads took: 0.0000908 seconds
2016-04-12T11:17:47.457+0100: 7.870: Total time for which application threads were stopped: 0.0001785 seconds, Stopping threads took: 0.0000490 seconds
2016-04-12T11:17:47.457+0100: 7.870: Total time for which application threads were stopped: 0.0001082 seconds, Stopping threads took: 0.0000261 seconds
2016-04-12T11:17:47.457+0100: 7.870: Total time for which application threads were stopped: 0.0001113 seconds, Stopping threads took: 0.0000261 seconds
2016-04-12T11:17:47.457+0100: 7.871: Total time for which application threads were stopped: 0.0001177 seconds, Stopping threads took: 0.0000308 seconds
2016-04-12T11:17:47.467+0100: 7.871: Total time for which application threads were stopped: 0.0001571 seconds, Stopping threads took: 0.0000261 seconds
2016-04-12T11:17:47.467+0100: 7.872: Total time for which application threads were stopped: 0.0001477 seconds, Stopping threads took: 0.0000308 seconds
2016-04-12T11:17:47.497+0100: 7.904: Total time for which application threads were stopped: 0.0001342 seconds, Stopping threads took: 0.0000387 seconds
2016-04-12T11:17:47.497+0100: 7.905: Total time for which application threads were stopped: 0.0000995 seconds, Stopping threads took: 0.0000340 seconds
2016-04-12T11:17:47.497+0100: 7.908: Total time for which application threads were stopped: 0.0001350 seconds, Stopping threads took: 0.0000450 seconds
2016-04-12T11:17:47.497+0100: 7.910: Total time for which application threads were stopped: 0.0001492 seconds, Stopping threads took: 0.0000537 seconds
2016-04-12T11:17:47.587+0100: 7.991: Total time for which application threads were stopped: 0.0034949 seconds, Stopping threads took: 0.0033283 seconds
2016-04-12T11:17:47.609+0100: 8.014: Total time for which application threads were stopped: 0.0003111 seconds, Stopping threads took: 0.0000505 seconds
2016-04-12T11:17:47.610+0100: 8.014: Total time for which application threads were stopped: 0.0001177 seconds, Stopping threads took: 0.0000426 seconds
2016-04-12T11:17:47.627+0100: 8.032: Total time for which application threads were stopped: 0.0001453 seconds, Stopping threads took: 0.0000466 seconds
2016-04-12T11:17:47.669+0100: 8.073: Total time for which application threads were stopped: 0.0001350 seconds, Stopping threads took: 0.0000411 seconds
2016-04-12T11:17:47.669+0100: 8.073: Total time for which application threads were stopped: 0.0000805 seconds, Stopping threads took: 0.0000221 seconds
2016-04-12T11:17:47.669+0100: 8.074: Total time for which application threads were stopped: 0.0000734 seconds, Stopping threads took: 0.0000197 seconds
2016-04-12T11:17:47.669+0100: 8.074: Total time for which application threads were stopped: 0.0000766 seconds, Stopping threads took: 0.0000205 seconds
2016-04-12T11:17:47.679+0100: 8.092: Total time for which application threads were stopped: 0.0001342 seconds, Stopping threads took: 0.0000395 seconds
2016-04-12T11:17:47.679+0100: 8.092: Total time for which application threads were stopped: 0.0000798 seconds, Stopping threads took: 0.0000205 seconds
2016-04-12T11:17:47.679+0100: 8.092: Total time for which application threads were stopped: 0.0000726 seconds, Stopping threads took: 0.0000190 seconds
2016-04-12T11:17:47.679+0100: 8.093: Total time for which application threads were stopped: 0.0000758 seconds, Stopping threads took: 0.0000197 seconds
2016-04-12T11:17:47.779+0100: 8.183: Total time for which application threads were stopped: 0.0001950 seconds, Stopping threads took: 0.0000995 seconds
2016-04-12T11:17:47.779+0100: 8.183: Total time for which application threads were stopped: 0.0000853 seconds, Stopping threads took: 0.0000245 seconds
2016-04-12T11:17:47.779+0100: 8.184: Total time for which application threads were stopped: 0.0000805 seconds, Stopping threads took: 0.0000253 seconds
2016-04-12T11:17:47.780+0100: 8.184: Total time for which application threads were stopped: 0.0000940 seconds, Stopping threads took: 0.0000276 seconds
2016-04-12T11:17:47.785+0100: 8.190: Total time for which application threads were stopped: 0.0001334 seconds, Stopping threads took: 0.0000426 seconds
2016-04-12T11:17:47.786+0100: 8.190: Total time for which application threads were stopped: 0.0000790 seconds, Stopping threads took: 0.0000221 seconds
2016-04-12T11:17:47.786+0100: 8.190: Total time for which application threads were stopped: 0.0000742 seconds, Stopping threads took: 0.0000213 seconds
2016-04-12T11:17:47.786+0100: 8.191: Total time for which application threads were stopped: 0.0000916 seconds, Stopping threads took: 0.0000268 seconds
2016-04-12T11:17:47.805+0100: 8.210: Total time for which application threads were stopped: 0.0001895 seconds, Stopping threads took: 0.0000569 seconds
2016-04-12T11:17:47.806+0100: 8.210: Total time for which application threads were stopped: 0.0001129 seconds, Stopping threads took: 0.0000300 seconds
2016-04-12T11:17:47.806+0100: 8.210: Total time for which application threads were stopped: 0.0001027 seconds, Stopping threads took: 0.0000261 seconds
2016-04-12T11:17:47.806+0100: 8.211: Total time for which application threads were stopped: 0.0001342 seconds, Stopping threads took: 0.0000347 seconds
2016-04-12T11:17:47.806+0100: 8.211: Total time for which application threads were stopped: 0.0001192 seconds, Stopping threads took: 0.0000292 seconds
2016-04-12T11:17:47.807+0100: 8.211: Total time for which application threads were stopped: 0.0000861 seconds, Stopping threads took: 0.0000332 seconds
2016-04-12T11:17:47.807+0100: 8.211: Total time for which application threads were stopped: 0.0000932 seconds, Stopping threads took: 0.0000276 seconds
2016-04-12T11:17:47.808+0100: 8.212: Total time for which application threads were stopped: 0.0001042 seconds, Stopping threads took: 0.0000371 seconds
2016-04-12T11:17:47.808+0100: 8.212: Total time for which application threads were stopped: 0.0001248 seconds, Stopping threads took: 0.0000261 seconds
2016-04-12T11:17:47.808+0100: 8.212: Total time for which application threads were stopped: 0.0000782 seconds, Stopping threads took: 0.0000261 seconds
2016-04-12T11:17:47.808+0100: 8.212: Total time for which application threads were stopped: 0.0000758 seconds, Stopping threads took: 0.0000253 seconds
2016-04-12T11:17:47.808+0100: 8.213: Total time for which application threads were stopped: 0.0000758 seconds, Stopping threads took: 0.0000253 seconds
2016-04-12T11:17:47.808+0100: 8.213: Total time for which application threads were stopped: 0.0000750 seconds, Stopping threads took: 0.0000253 seconds
2016-04-12T11:17:47.809+0100: 8.213: Total time for which application threads were stopped: 0.0000821 seconds, Stopping threads took: 0.0000245 seconds
2016-04-12T11:17:47.831+0100: 8.235: Total time for which application threads were stopped: 0.0002085 seconds, Stopping threads took: 0.0000521 seconds
2016-04-12T11:17:47.831+0100: 8.236: Total time for which application threads were stopped: 0.0001216 seconds, Stopping threads took: 0.0000268 seconds
2016-04-12T11:17:47.831+0100: 8.236: Total time for which application threads were stopped: 0.0001721 seconds, Stopping threads took: 0.0000261 seconds
2016-04-12T11:17:47.831+0100: 8.236: Total time for which application threads were stopped: 0.0001311 seconds, Stopping threads took: 0.0000300 seconds
2016-04-12T11:17:47.831+0100: 8.237: Total time for which application threads were stopped: 0.0001169 seconds, Stopping threads took: 0.0000253 seconds
2016-04-12T11:17:47.831+0100: 8.237: Total time for which application threads were stopped: 0.0001216 seconds, Stopping threads took: 0.0000276 seconds
2016-04-12T11:17:47.831+0100: 8.237: Total time for which application threads were stopped: 0.0001161 seconds, Stopping threads took: 0.0000253 seconds
2016-04-12T11:17:47.831+0100: 8.237: Total time for which application threads were stopped: 0.0001208 seconds, Stopping threads took: 0.0000284 seconds
2016-04-12T11:17:47.831+0100: 8.237: Total time for which application threads were stopped: 0.0001153 seconds, Stopping threads took: 0.0000253 seconds
2016-04-12T11:17:47.831+0100: 8.238: Total time for which application threads were stopped: 0.0001200 seconds, Stopping threads took: 0.0000268 seconds
2016-04-12T11:17:47.831+0100: 8.238: Total time for which application threads were stopped: 0.0001153 seconds, Stopping threads took: 0.0000253 seconds
2016-04-12T11:17:47.831+0100: 8.238: Total time for which application threads were stopped: 0.0001192 seconds, Stopping threads took: 0.0000268 seconds
2016-04-12T11:17:47.831+0100: 8.238: Total time for which application threads were stopped: 0.0001153 seconds, Stopping threads took: 0.0000253 seconds
2016-04-12T11:17:47.831+0100: 8.238: Total time for which application threads were stopped: 0.0001184 seconds, Stopping threads took: 0.0000268 seconds
2016-04-12T11:17:47.831+0100: 8.238: Total time for which application threads were stopped: 0.0001153 seconds, Stopping threads took: 0.0000253 seconds
2016-04-12T11:17:47.831+0100: 8.239: Total time for which application threads were stopped: 0.0001192 seconds, Stopping threads took: 0.0000276 seconds
2016-04-12T11:17:47.831+0100: 8.239: Total time for which application threads were stopped: 0.0001192 seconds, Stopping threads took: 0.0000268 seconds
2016-04-12T11:17:47.831+0100: 8.239: Total time for which application threads were stopped: 0.0001256 seconds, Stopping threads took: 0.0000292 seconds
2016-04-12T11:17:47.831+0100: 8.239: Total time for which application threads were stopped: 0.0001161 seconds, Stopping threads took: 0.0000261 seconds
2016-04-12T11:17:47.831+0100: 8.240: Total time for which application threads were stopped: 0.0001153 seconds, Stopping threads took: 0.0000268 seconds
2016-04-12T11:17:47.831+0100: 8.240: Total time for which application threads were stopped: 0.0001263 seconds, Stopping threads took: 0.0000284 seconds
2016-04-12T11:17:47.831+0100: 8.240: Total time for which application threads were stopped: 0.0001666 seconds, Stopping threads took: 0.0000261 seconds
2016-04-12T11:17:47.831+0100: 8.241: Total time for which application threads were stopped: 0.0001256 seconds, Stopping threads took: 0.0000292 seconds
2016-04-12T11:17:47.831+0100: 8.241: Total time for which application threads were stopped: 0.0001153 seconds, Stopping threads took: 0.0000253 seconds
2016-04-12T11:17:47.831+0100: 8.241: Total time for which application threads were stopped: 0.0001153 seconds, Stopping threads took: 0.0000253 seconds
2016-04-12T11:17:47.831+0100: 8.241: Total time for which application threads were stopped: 0.0001303 seconds, Stopping threads took: 0.0000308 seconds
2016-04-12T11:17:47.831+0100: 8.242: Total time for which application threads were stopped: 0.0001248 seconds, Stopping threads took: 0.0000284 seconds
2016-04-12T11:17:47.831+0100: 8.242: Total time for which application threads were stopped: 0.0001161 seconds, Stopping threads took: 0.0000261 seconds
2016-04-12T11:17:47.831+0100: 8.242: Total time for which application threads were stopped: 0.0001153 seconds, Stopping threads took: 0.0000253 seconds
2016-04-12T11:17:47.831+0100: 8.242: Total time for which application threads were stopped: 0.0001240 seconds, Stopping threads took: 0.0000276 seconds
2016-04-12T11:17:47.936+0100: 8.340: Total time for which application threads were stopped: 0.0002448 seconds, Stopping threads took: 0.0000505 seconds
2016-04-12T11:17:48.073+0100: 8.481: Total time for which application threads were stopped: 0.0002535 seconds, Stopping threads took: 0.0000561 seconds
2016-04-12T11:17:48.073+0100: 8.482: Total time for which application threads were stopped: 0.0002187 seconds, Stopping threads took: 0.0000861 seconds
2016-04-12T11:17:48.073+0100: 8.482: Total time for which application threads were stopped: 0.0001437 seconds, Stopping threads took: 0.0000505 seconds
2016-04-12T11:17:48.073+0100: 8.482: Total time for which application threads were stopped: 0.0001429 seconds, Stopping threads took: 0.0000442 seconds
2016-04-12T11:17:48.073+0100: 8.483: Total time for which application threads were stopped: 0.0001469 seconds, Stopping threads took: 0.0000450 seconds
2016-04-12T11:17:48.073+0100: 8.484: Total time for which application threads were stopped: 0.0002677 seconds, Stopping threads took: 0.0000355 seconds
2016-04-12T11:17:48.155+0100: 8.568: Total time for which application threads were stopped: 0.0001816 seconds, Stopping threads took: 0.0000726 seconds
2016-04-12T11:17:48.155+0100: 8.568: Total time for which application threads were stopped: 0.0000845 seconds, Stopping threads took: 0.0000213 seconds
2016-04-12T11:17:48.155+0100: 8.569: Total time for which application threads were stopped: 0.0002622 seconds, Stopping threads took: 0.0000308 seconds
2016-04-12T11:17:48.165+0100: 8.574: Total time for which application threads were stopped: 0.0016361 seconds, Stopping threads took: 0.0015414 seconds
2016-04-12T11:17:48.165+0100: 8.574: Total time for which application threads were stopped: 0.0001208 seconds, Stopping threads took: 0.0000584 seconds
2016-04-12T11:17:48.165+0100: 8.575: Total time for which application threads were stopped: 0.0001137 seconds, Stopping threads took: 0.0000395 seconds
2016-04-12T11:17:48.165+0100: 8.576: Total time for which application threads were stopped: 0.0000900 seconds, Stopping threads took: 0.0000308 seconds
2016-04-12T11:17:48.175+0100: 8.582: Total time for which application threads were stopped: 0.0001619 seconds, Stopping threads took: 0.0000584 seconds
2016-04-12T11:17:48.175+0100: 8.582: Total time for which application threads were stopped: 0.0000876 seconds, Stopping threads took: 0.0000300 seconds
2016-04-12T11:17:48.175+0100: 8.582: Total time for which application threads were stopped: 0.0000861 seconds, Stopping threads took: 0.0000284 seconds
2016-04-12T11:17:48.175+0100: 8.583: Total time for which application threads were stopped: 0.0001042 seconds, Stopping threads took: 0.0000347 seconds
2016-04-12T11:17:48.185+0100: 8.592: Total time for which application threads were stopped: 0.0018138 seconds, Stopping threads took: 0.0016440 seconds
2016-04-12T11:17:48.233+0100: 8.637: Total time for which application threads were stopped: 0.0001974 seconds, Stopping threads took: 0.0000695 seconds
2016-04-12T11:17:48.234+0100: 8.638: Total time for which application threads were stopped: 0.0001516 seconds, Stopping threads took: 0.0000395 seconds
2016-04-12T11:17:48.234+0100: 8.638: Total time for which application threads were stopped: 0.0001279 seconds, Stopping threads took: 0.0000363 seconds
2016-04-12T11:17:48.235+0100: 8.639: Total time for which application threads were stopped: 0.0001524 seconds, Stopping threads took: 0.0000308 seconds
2016-04-12T11:17:48.235+0100: 8.640: Total time for which application threads were stopped: 0.0001382 seconds, Stopping threads took: 0.0000363 seconds
2016-04-12T11:17:48.235+0100: 8.640: Total time for which application threads were stopped: 0.0001319 seconds, Stopping threads took: 0.0000316 seconds
2016-04-12T11:17:48.236+0100: 8.640: Total time for which application threads were stopped: 0.0001398 seconds, Stopping threads took: 0.0000363 seconds
2016-04-12T11:17:48.236+0100: 8.641: Total time for which application threads were stopped: 0.0001390 seconds, Stopping threads took: 0.0000379 seconds
2016-04-12T11:17:48.238+0100: 8.642: Total time for which application threads were stopped: 0.0001603 seconds, Stopping threads took: 0.0000371 seconds
2016-04-12T11:17:48.238+0100: 8.642: Total time for which application threads were stopped: 0.0001437 seconds, Stopping threads took: 0.0000395 seconds
2016-04-12T11:17:48.240+0100: 8.644: Total time for which application threads were stopped: 0.0001682 seconds, Stopping threads took: 0.0000458 seconds
2016-04-12T11:17:48.241+0100: 8.645: Total time for which application threads were stopped: 0.0001595 seconds, Stopping threads took: 0.0000411 seconds
2016-04-12T11:17:48.242+0100: 8.646: Total time for which application threads were stopped: 0.0001540 seconds, Stopping threads took: 0.0000529 seconds
2016-04-12T11:17:48.243+0100: 8.647: Total time for which application threads were stopped: 0.0001445 seconds, Stopping threads took: 0.0000395 seconds
2016-04-12T11:17:48.243+0100: 8.647: Total time for which application threads were stopped: 0.0000813 seconds, Stopping threads took: 0.0000213 seconds
2016-04-12T11:17:48.243+0100: 8.647: Total time for which application threads were stopped: 0.0000900 seconds, Stopping threads took: 0.0000324 seconds
2016-04-12T11:17:48.243+0100: 8.647: Total time for which application threads were stopped: 0.0000900 seconds, Stopping threads took: 0.0000332 seconds
2016-04-12T11:17:48.244+0100: 8.648: Total time for which application threads were stopped: 0.0001398 seconds, Stopping threads took: 0.0000655 seconds
2016-04-12T11:17:48.244+0100: 8.648: Total time for which application threads were stopped: 0.0001398 seconds, Stopping threads took: 0.0000363 seconds
2016-04-12T11:17:48.244+0100: 8.649: Total time for which application threads were stopped: 0.0002937 seconds, Stopping threads took: 0.0002029 seconds
2016-04-12T11:17:48.245+0100: 8.649: Total time for which application threads were stopped: 0.0001461 seconds, Stopping threads took: 0.0000576 seconds
2016-04-12T11:17:48.245+0100: 8.649: Total time for which application threads were stopped: 0.0001485 seconds, Stopping threads took: 0.0000371 seconds
2016-04-12T11:17:48.246+0100: 8.650: Total time for which application threads were stopped: 0.0001406 seconds, Stopping threads took: 0.0000355 seconds
2016-04-12T11:17:48.246+0100: 8.650: Total time for which application threads were stopped: 0.0001240 seconds, Stopping threads took: 0.0000324 seconds
2016-04-12T11:17:48.247+0100: 8.651: Total time for which application threads were stopped: 0.0001374 seconds, Stopping threads took: 0.0000403 seconds
2016-04-12T11:17:48.247+0100: 8.651: Total time for which application threads were stopped: 0.0001295 seconds, Stopping threads took: 0.0000450 seconds
2016-04-12T11:17:48.247+0100: 8.652: Total time for which application threads were stopped: 0.0001319 seconds, Stopping threads took: 0.0000419 seconds
2016-04-12T11:17:48.247+0100: 8.652: Total time for which application threads were stopped: 0.0001327 seconds, Stopping threads took: 0.0000340 seconds
2016-04-12T11:17:48.247+0100: 8.652: Total time for which application threads were stopped: 0.0002787 seconds, Stopping threads took: 0.0000332 seconds
2016-04-12T11:17:48.247+0100: 8.653: Total time for which application threads were stopped: 0.0001358 seconds, Stopping threads took: 0.0000316 seconds
2016-04-12T11:17:48.247+0100: 8.653: Total time for which application threads were stopped: 0.0001169 seconds, Stopping threads took: 0.0000450 seconds
2016-04-12T11:17:48.247+0100: 8.654: Total time for which application threads were stopped: 0.0001011 seconds, Stopping threads took: 0.0000221 seconds
2016-04-12T11:17:48.247+0100: 8.655: Total time for which application threads were stopped: 0.0000924 seconds, Stopping threads took: 0.0000213 seconds
2016-04-12T11:17:48.247+0100: 8.656: Total time for which application threads were stopped: 0.0001082 seconds, Stopping threads took: 0.0000340 seconds
2016-04-12T11:17:48.247+0100: 8.657: Total time for which application threads were stopped: 0.0001090 seconds, Stopping threads took: 0.0000379 seconds
2016-04-12T11:17:48.247+0100: 8.657: Total time for which application threads were stopped: 0.0001098 seconds, Stopping threads took: 0.0000395 seconds
2016-04-12T11:17:48.247+0100: 8.657: Total time for which application threads were stopped: 0.0000853 seconds, Stopping threads took: 0.0000221 seconds
2016-04-12T11:17:48.247+0100: 8.658: Total time for which application threads were stopped: 0.0000979 seconds, Stopping threads took: 0.0000332 seconds
2016-04-12T11:17:48.247+0100: 8.658: Total time for which application threads were stopped: 0.0000813 seconds, Stopping threads took: 0.0000205 seconds
2016-04-12T11:17:48.247+0100: 8.658: Total time for which application threads were stopped: 0.0000805 seconds, Stopping threads took: 0.0000190 seconds
2016-04-12T11:17:48.247+0100: 8.658: Total time for which application threads were stopped: 0.0000798 seconds, Stopping threads took: 0.0000190 seconds
2016-04-12T11:17:48.247+0100: 8.658: Total time for which application threads were stopped: 0.0000798 seconds, Stopping threads took: 0.0000197 seconds
2016-04-12T11:17:48.257+0100: 8.662: Total time for which application threads were stopped: 0.0001485 seconds, Stopping threads took: 0.0000513 seconds
2016-04-12T11:17:48.257+0100: 8.669: Total time for which application threads were stopped: 0.0002219 seconds, Stopping threads took: 0.0000648 seconds
2016-04-12T11:17:48.267+0100: 8.675: Total time for which application threads were stopped: 0.0001666 seconds, Stopping threads took: 0.0000632 seconds
2016-04-12T11:17:48.267+0100: 8.675: Total time for which application threads were stopped: 0.0001295 seconds, Stopping threads took: 0.0000426 seconds
2016-04-12T11:17:48.267+0100: 8.675: Total time for which application threads were stopped: 0.0001240 seconds, Stopping threads took: 0.0000347 seconds
2016-04-12T11:17:48.267+0100: 8.676: Total time for which application threads were stopped: 0.0002780 seconds, Stopping threads took: 0.0000300 seconds
2016-04-12T11:17:48.267+0100: 8.676: Total time for which application threads were stopped: 0.0001342 seconds, Stopping threads took: 0.0000379 seconds
2016-04-12T11:17:48.267+0100: 8.676: Total time for which application threads were stopped: 0.0001263 seconds, Stopping threads took: 0.0000363 seconds
2016-04-12T11:17:48.267+0100: 8.677: Total time for which application threads were stopped: 0.0001627 seconds, Stopping threads took: 0.0000529 seconds
2016-04-12T11:17:48.267+0100: 8.677: Total time for which application threads were stopped: 0.0002614 seconds, Stopping threads took: 0.0000355 seconds
{Heap before GC invocations=1 (full 0):
 par new generation   total 109248K, used 93239K [0x00000000e0000000, 0x00000000e8000000, 0x00000000e8000000)
  eden space 87424K, 100% used [0x00000000e0000000, 0x00000000e5560000, 0x00000000e5560000)
  from space 21824K,  26% used [0x00000000e6ab0000, 0x00000000e705de70, 0x00000000e8000000)
  to   space 21824K,   0% used [0x00000000e5560000, 0x00000000e5560000, 0x00000000e6ab0000)
 concurrent mark-sweep generation total 393216K, used 0K [0x00000000e8000000, 0x0000000100000000, 0x0000000100000000)
 Metaspace       used 19397K, capacity 19764K, committed 19968K, reserved 1067008K
  class space    used 2298K, capacity 2456K, committed 2560K, reserved 1048576K
2016-04-12T11:17:48.267+0100: 8.680: [GC (Allocation Failure) 2016-04-12T11:17:48.267+0100: 8.680: [ParNew
Desired survivor size 20112992 bytes, new threshold 8 (max 8)
- age   1:    8730280 bytes,    8730280 total
- age   2:    2627776 bytes,   11358056 total
: 93239K->13619K(109248K), 0.0331189 secs] 93239K->13619K(502464K), 0.0332429 secs] [Times: user=0.06 sys=0.00, real=0.04 secs] 
Heap after GC invocations=2 (full 0):
 par new generation   total 109248K, used 13619K [0x00000000e0000000, 0x00000000e8000000, 0x00000000e8000000)
  eden space 87424K,   0% used [0x00000000e0000000, 0x00000000e0000000, 0x00000000e5560000)
  from space 21824K,  62% used [0x00000000e5560000, 0x00000000e62acd80, 0x00000000e6ab0000)
  to   space 21824K,   0% used [0x00000000e6ab0000, 0x00000000e6ab0000, 0x00000000e8000000)
 concurrent mark-sweep generation total 393216K, used 0K [0x00000000e8000000, 0x0000000100000000, 0x0000000100000000)
 Metaspace       used 19397K, capacity 19764K, committed 19968K, reserved 1067008K
  class space    used 2298K, capacity 2456K, committed 2560K, reserved 1048576K
}
2016-04-12T11:17:48.307+0100: 8.713: Total time for which application threads were stopped: 0.0347061 seconds, Stopping threads took: 0.0010731 seconds
2016-04-12T11:17:48.307+0100: 8.720: Total time for which application threads were stopped: 0.0001469 seconds, Stopping threads took: 0.0000655 seconds
2016-04-12T11:17:48.307+0100: 8.720: Total time for which application threads were stopped: 0.0001413 seconds, Stopping threads took: 0.0000837 seconds
2016-04-12T11:17:48.307+0100: 8.721: Total time for which application threads were stopped: 0.0001082 seconds, Stopping threads took: 0.0000490 seconds
2016-04-12T11:17:48.307+0100: 8.721: Total time for which application threads were stopped: 0.0000869 seconds, Stopping threads took: 0.0000347 seconds
2016-04-12T11:17:48.317+0100: 8.721: Total time for which application threads were stopped: 0.0002945 seconds, Stopping threads took: 0.0002353 seconds
2016-04-12T11:17:48.317+0100: 8.721: Total time for which application threads were stopped: 0.0001066 seconds, Stopping threads took: 0.0000490 seconds
2016-04-12T11:17:48.318+0100: 8.722: Total time for which application threads were stopped: 0.0000900 seconds, Stopping threads took: 0.0000379 seconds
2016-04-12T11:17:48.320+0100: 8.724: Total time for which application threads were stopped: 0.0001714 seconds, Stopping threads took: 0.0000861 seconds
2016-04-12T11:17:48.320+0100: 8.724: Total time for which application threads were stopped: 0.0000774 seconds, Stopping threads took: 0.0000229 seconds
2016-04-12T11:17:48.320+0100: 8.724: Total time for which application threads were stopped: 0.0001477 seconds, Stopping threads took: 0.0000853 seconds
2016-04-12T11:17:48.320+0100: 8.724: Total time for which application threads were stopped: 0.0000853 seconds, Stopping threads took: 0.0000284 seconds
2016-04-12T11:17:48.320+0100: 8.725: Total time for which application threads were stopped: 0.0002566 seconds, Stopping threads took: 0.0002006 seconds
2016-04-12T11:17:48.321+0100: 8.725: Total time for which application threads were stopped: 0.0001121 seconds, Stopping threads took: 0.0000497 seconds
2016-04-12T11:17:48.321+0100: 8.725: Total time for which application threads were stopped: 0.0001271 seconds, Stopping threads took: 0.0000592 seconds
2016-04-12T11:17:48.321+0100: 8.725: Total time for which application threads were stopped: 0.0000979 seconds, Stopping threads took: 0.0000355 seconds
2016-04-12T11:17:48.321+0100: 8.726: Total time for which application threads were stopped: 0.0001216 seconds, Stopping threads took: 0.0000592 seconds
2016-04-12T11:17:48.322+0100: 8.726: Total time for which application threads were stopped: 0.0002116 seconds, Stopping threads took: 0.0001453 seconds
2016-04-12T11:17:48.322+0100: 8.726: Total time for which application threads were stopped: 0.0001413 seconds, Stopping threads took: 0.0000766 seconds
2016-04-12T11:17:48.322+0100: 8.726: Total time for which application threads were stopped: 0.0001098 seconds, Stopping threads took: 0.0000482 seconds
2016-04-12T11:17:48.322+0100: 8.726: Total time for which application threads were stopped: 0.0001524 seconds, Stopping threads took: 0.0000916 seconds
2016-04-12T11:17:48.323+0100: 8.727: Total time for which application threads were stopped: 0.0003103 seconds, Stopping threads took: 0.0000426 seconds
2016-04-12T11:17:48.328+0100: 8.733: Total time for which application threads were stopped: 0.0001871 seconds, Stopping threads took: 0.0000663 seconds
2016-04-12T11:17:48.333+0100: 8.737: Total time for which application threads were stopped: 0.0003956 seconds, Stopping threads took: 0.0000782 seconds
2016-04-12T11:17:48.333+0100: 8.737: Total time for which application threads were stopped: 0.0001642 seconds, Stopping threads took: 0.0000719 seconds
2016-04-12T11:17:48.379+0100: 8.789: Total time for which application threads were stopped: 0.0001998 seconds, Stopping threads took: 0.0000648 seconds
2016-04-12T11:17:48.449+0100: 8.855: Total time for which application threads were stopped: 0.0005125 seconds, Stopping threads took: 0.0003656 seconds
2016-04-12T11:17:48.449+0100: 8.861: Total time for which application threads were stopped: 0.0001792 seconds, Stopping threads took: 0.0000426 seconds
2016-04-12T11:17:48.591+0100: 9.004: Total time for which application threads were stopped: 0.0004335 seconds, Stopping threads took: 0.0000474 seconds
2016-04-12T11:17:48.689+0100: 9.093: Total time for which application threads were stopped: 0.0005456 seconds, Stopping threads took: 0.0000837 seconds
2016-04-12T11:17:48.737+0100: 9.141: Total time for which application threads were stopped: 0.0014103 seconds, Stopping threads took: 0.0009570 seconds
2016-04-12T11:17:48.739+0100: 9.144: Total time for which application threads were stopped: 0.0003411 seconds, Stopping threads took: 0.0000395 seconds
2016-04-12T11:17:48.740+0100: 9.145: Total time for which application threads were stopped: 0.0001003 seconds, Stopping threads took: 0.0000284 seconds
2016-04-12T11:17:48.984+0100: 9.388: Total time for which application threads were stopped: 0.0002116 seconds, Stopping threads took: 0.0000537 seconds
2016-04-12T11:17:49.066+0100: 9.470: Total time for which application threads were stopped: 0.0134522 seconds, Stopping threads took: 0.0132540 seconds
2016-04-12T11:17:49.087+0100: 9.491: Total time for which application threads were stopped: 0.0015058 seconds, Stopping threads took: 0.0013337 seconds
2016-04-12T11:17:49.087+0100: 9.492: Total time for which application threads were stopped: 0.0000900 seconds, Stopping threads took: 0.0000332 seconds
2016-04-12T11:17:49.147+0100: 9.551: Total time for which application threads were stopped: 0.0174233 seconds, Stopping threads took: 0.0172796 seconds
2016-04-12T11:17:49.287+0100: 9.691: Total time for which application threads were stopped: 0.0005670 seconds, Stopping threads took: 0.0000490 seconds
2016-04-12T11:17:49.403+0100: 9.807: Total time for which application threads were stopped: 0.0002432 seconds, Stopping threads took: 0.0000521 seconds
2016-04-12T11:17:49.418+0100: 9.822: Total time for which application threads were stopped: 0.0002014 seconds, Stopping threads took: 0.0000655 seconds
{Heap before GC invocations=2 (full 0):
 par new generation   total 109248K, used 101043K [0x00000000e0000000, 0x00000000e8000000, 0x00000000e8000000)
  eden space 87424K, 100% used [0x00000000e0000000, 0x00000000e5560000, 0x00000000e5560000)
  from space 21824K,  62% used [0x00000000e5560000, 0x00000000e62acd80, 0x00000000e6ab0000)
  to   space 21824K,   0% used [0x00000000e6ab0000, 0x00000000e6ab0000, 0x00000000e8000000)
 concurrent mark-sweep generation total 393216K, used 0K [0x00000000e8000000, 0x0000000100000000, 0x0000000100000000)
 Metaspace       used 20883K, capacity 21241K, committed 21552K, reserved 1069056K
  class space    used 2450K, capacity 2585K, committed 2608K, reserved 1048576K
2016-04-12T11:17:49.473+0100: 9.878: [GC (Allocation Failure) 2016-04-12T11:17:49.474+0100: 9.878: [ParNew
Desired survivor size 20112992 bytes, new threshold 8 (max 8)
- age   1:    2572864 bytes,    2572864 total
- age   2:    2790480 bytes,    5363344 total
- age   3:    2605136 bytes,    7968480 total
: 101043K->13937K(109248K), 0.0675194 secs] 101043K->13937K(502464K), 0.0676947 secs] [Times: user=0.09 sys=0.00, real=0.07 secs] 
Heap after GC invocations=3 (full 0):
 par new generation   total 109248K, used 13937K [0x00000000e0000000, 0x00000000e8000000, 0x00000000e8000000)
  eden space 87424K,   0% used [0x00000000e0000000, 0x00000000e0000000, 0x00000000e5560000)
  from space 21824K,  63% used [0x00000000e6ab0000, 0x00000000e784c650, 0x00000000e8000000)
  to   space 21824K,   0% used [0x00000000e5560000, 0x00000000e5560000, 0x00000000e6ab0000)
 concurrent mark-sweep generation total 393216K, used 0K [0x00000000e8000000, 0x0000000100000000, 0x0000000100000000)
 Metaspace       used 20883K, capacity 21241K, committed 21552K, reserved 1069056K
  class space    used 2450K, capacity 2585K, committed 2608K, reserved 1048576K
}
2016-04-12T11:17:49.541+0100: 9.946: Total time for which application threads were stopped: 0.0681298 seconds, Stopping threads took: 0.0000537 seconds
2016-04-12T11:17:49.544+0100: 9.948: [GC (CMS Initial Mark) [1 CMS-initial-mark: 0K(393216K)] 14702K(502464K), 0.0144796 secs] [Times: user=0.00 sys=0.00, real=0.01 secs] 
2016-04-12T11:17:49.558+0100: 9.963: Total time for which application threads were stopped: 0.0147275 seconds, Stopping threads took: 0.0000474 seconds
2016-04-12T11:17:49.558+0100: 9.963: [CMS-concurrent-mark-start]
2016-04-12T11:17:49.566+0100: 9.970: [CMS-concurrent-mark: 0.007/0.007 secs] [Times: user=0.03 sys=0.00, real=0.01 secs] 
2016-04-12T11:17:49.566+0100: 9.970: [CMS-concurrent-preclean-start]
2016-04-12T11:17:49.568+0100: 9.973: [CMS-concurrent-preclean: 0.002/0.002 secs] [Times: user=0.00 sys=0.00, real=0.00 secs] 
2016-04-12T11:17:49.603+0100: 10.007: [GC (CMS Final Remark) [YG occupancy: 28865 K (109248 K)]{Heap before GC invocations=3 (full 1):
 par new generation   total 109248K, used 28865K [0x00000000e0000000, 0x00000000e8000000, 0x00000000e8000000)
  eden space 87424K,  17% used [0x00000000e0000000, 0x00000000e0e94130, 0x00000000e5560000)
  from space 21824K,  63% used [0x00000000e6ab0000, 0x00000000e784c650, 0x00000000e8000000)
  to   space 21824K,   0% used [0x00000000e5560000, 0x00000000e5560000, 0x00000000e6ab0000)
 concurrent mark-sweep generation total 393216K, used 0K [0x00000000e8000000, 0x0000000100000000, 0x0000000100000000)
 Metaspace       used 20901K, capacity 21241K, committed 21552K, reserved 1069056K
  class space    used 2452K, capacity 2585K, committed 2608K, reserved 1048576K
2016-04-12T11:17:49.603+0100: 10.008: [GC (CMS Final Remark) 2016-04-12T11:17:49.603+0100: 10.008: [ParNew
Desired survivor size 20112992 bytes, new threshold 8 (max 8)
- age   1:     182552 bytes,     182552 total
- age   2:    1334456 bytes,    1517008 total
- age   3:    2790416 bytes,    4307424 total
- age   4:    2605136 bytes,    6912560 total
: 28865K->7469K(109248K), 0.0332081 secs] 28865K->7469K(502464K), 0.0333258 secs] [Times: user=0.05 sys=0.00, real=0.03 secs] 
Heap after GC invocations=4 (full 1):
 par new generation   total 109248K, used 7469K [0x00000000e0000000, 0x00000000e8000000, 0x00000000e8000000)
  eden space 87424K,   0% used [0x00000000e0000000, 0x00000000e0000000, 0x00000000e5560000)
  from space 21824K,  34% used [0x00000000e5560000, 0x00000000e5cab668, 0x00000000e6ab0000)
  to   space 21824K,   0% used [0x00000000e6ab0000, 0x00000000e6ab0000, 0x00000000e8000000)
 concurrent mark-sweep generation total 393216K, used 0K [0x00000000e8000000, 0x0000000100000000, 0x0000000100000000)
 Metaspace       used 20901K, capacity 21241K, committed 21552K, reserved 1069056K
  class space    used 2452K, capacity 2585K, committed 2608K, reserved 1048576K
}
2016-04-12T11:17:49.637+0100: 10.041: [Rescan (parallel) , 0.0090034 secs]2016-04-12T11:17:49.646+0100: 10.050: [weak refs processing, 0.0015730 secs]2016-04-12T11:17:49.647+0100: 10.052: [class unloading, 0.0072331 secs]2016-04-12T11:17:49.655+0100: 10.059: [scrub symbol table, 0.0090484 secs]2016-04-12T11:17:49.664+0100: 10.068: [scrub string table, 0.0006396 secs][1 CMS-remark: 0K(393216K)] 7469K(502464K), 0.0628329 secs] [Times: user=0.08 sys=0.00, real=0.06 secs] 
2016-04-12T11:17:49.666+0100: 10.070: Total time for which application threads were stopped: 0.0631156 seconds, Stopping threads took: 0.0000529 seconds
2016-04-12T11:17:49.666+0100: 10.070: [CMS-concurrent-sweep-start]
2016-04-12T11:17:49.666+0100: 10.070: [CMS-concurrent-sweep: 0.000/0.000 secs] [Times: user=0.00 sys=0.00, real=0.00 secs] 
2016-04-12T11:17:49.666+0100: 10.071: [CMS-concurrent-reset-start]
2016-04-12T11:17:49.671+0100: 10.075: [CMS-concurrent-reset: 0.005/0.005 secs] [Times: user=0.02 sys=0.02, real=0.01 secs] 
2016-04-12T11:17:49.685+0100: 10.090: Total time for which application threads were stopped: 0.0001895 seconds, Stopping threads took: 0.0000466 seconds
2016-04-12T11:17:49.704+0100: 10.109: Total time for which application threads were stopped: 0.0001579 seconds, Stopping threads took: 0.0000482 seconds
2016-04-12T11:17:49.708+0100: 10.112: Total time for which application threads were stopped: 0.0001477 seconds, Stopping threads took: 0.0000505 seconds
2016-04-12T11:17:49.728+0100: 10.133: Total time for which application threads were stopped: 0.0001587 seconds, Stopping threads took: 0.0000466 seconds
{Heap before GC invocations=4 (full 1):
 par new generation   total 109248K, used 94893K [0x00000000e0000000, 0x00000000e8000000, 0x00000000e8000000)
  eden space 87424K, 100% used [0x00000000e0000000, 0x00000000e5560000, 0x00000000e5560000)
  from space 21824K,  34% used [0x00000000e5560000, 0x00000000e5cab668, 0x00000000e6ab0000)
  to   space 21824K,   0% used [0x00000000e6ab0000, 0x00000000e6ab0000, 0x00000000e8000000)
 concurrent mark-sweep generation total 393216K, used 0K [0x00000000e8000000, 0x0000000100000000, 0x0000000100000000)
 Metaspace       used 21550K, capacity 21943K, committed 22192K, reserved 1069056K
  class space    used 2546K, capacity 2686K, committed 2736K, reserved 1048576K
2016-04-12T11:17:50.079+0100: 10.484: [GC (Allocation Failure) 2016-04-12T11:17:50.079+0100: 10.484: [ParNew
Desired survivor size 20112992 bytes, new threshold 8 (max 8)
- age   1:     928472 bytes,     928472 total
- age   2:      22864 bytes,     951336 total
- age   3:    1333632 bytes,    2284968 total
- age   4:    2789056 bytes,    5074024 total
- age   5:    2605136 bytes,    7679160 total
: 94893K->12260K(109248K), 0.0274438 secs] 94893K->12260K(502464K), 0.0275994 secs] [Times: user=0.05 sys=0.02, real=0.03 secs] 
Heap after GC invocations=5 (full 1):
 par new generation   total 109248K, used 12260K [0x00000000e0000000, 0x00000000e8000000, 0x00000000e8000000)
  eden space 87424K,   0% used [0x00000000e0000000, 0x00000000e0000000, 0x00000000e5560000)
  from space 21824K,  56% used [0x00000000e6ab0000, 0x00000000e76a9000, 0x00000000e8000000)
  to   space 21824K,   0% used [0x00000000e5560000, 0x00000000e5560000, 0x00000000e6ab0000)
 concurrent mark-sweep generation total 393216K, used 0K [0x00000000e8000000, 0x0000000100000000, 0x0000000100000000)
 Metaspace       used 21550K, capacity 21943K, committed 22192K, reserved 1069056K
  class space    used 2546K, capacity 2686K, committed 2736K, reserved 1048576K
}
2016-04-12T11:17:50.107+0100: 10.511: Total time for which application threads were stopped: 0.0296137 seconds, Stopping threads took: 0.0016030 seconds
2016-04-12T11:17:50.307+0100: 10.712: Total time for which application threads were stopped: 0.0001524 seconds, Stopping threads took: 0.0000419 seconds
{Heap before GC invocations=5 (full 1):
 par new generation   total 109248K, used 99684K [0x00000000e0000000, 0x00000000e8000000, 0x00000000e8000000)
  eden space 87424K, 100% used [0x00000000e0000000, 0x00000000e5560000, 0x00000000e5560000)
  from space 21824K,  56% used [0x00000000e6ab0000, 0x00000000e76a9000, 0x00000000e8000000)
  to   space 21824K,   0% used [0x00000000e5560000, 0x00000000e5560000, 0x00000000e6ab0000)
 concurrent mark-sweep generation total 393216K, used 0K [0x00000000e8000000, 0x0000000100000000, 0x0000000100000000)
 Metaspace       used 21754K, capacity 22111K, committed 22448K, reserved 1069056K
  class space    used 2574K, capacity 2720K, committed 2736K, reserved 1048576K
2016-04-12T11:17:50.490+0100: 10.894: [GC (Allocation Failure) 2016-04-12T11:17:50.490+0100: 10.895: [ParNew
Desired survivor size 20112992 bytes, new threshold 8 (max 8)
- age   1:     277752 bytes,     277752 total
- age   2:     134416 bytes,     412168 total
- age   3:      11632 bytes,     423800 total
- age   4:    1333424 bytes,    1757224 total
- age   5:    2785184 bytes,    4542408 total
- age   6:    2605136 bytes,    7147544 total
: 99684K->9370K(109248K), 0.0309356 secs] 99684K->9370K(502464K), 0.0310880 secs] [Times: user=0.06 sys=0.00, real=0.03 secs] 
Heap after GC invocations=6 (full 1):
 par new generation   total 109248K, used 9370K [0x00000000e0000000, 0x00000000e8000000, 0x00000000e8000000)
  eden space 87424K,   0% used [0x00000000e0000000, 0x00000000e0000000, 0x00000000e5560000)
  from space 21824K,  42% used [0x00000000e5560000, 0x00000000e5e86818, 0x00000000e6ab0000)
  to   space 21824K,   0% used [0x00000000e6ab0000, 0x00000000e6ab0000, 0x00000000e8000000)
 concurrent mark-sweep generation total 393216K, used 0K [0x00000000e8000000, 0x0000000100000000, 0x0000000100000000)
 Metaspace       used 21754K, capacity 22111K, committed 22448K, reserved 1069056K
  class space    used 2574K, capacity 2720K, committed 2736K, reserved 1048576K
}
2016-04-12T11:17:50.521+0100: 10.926: Total time for which application threads were stopped: 0.0315215 seconds, Stopping threads took: 0.0000537 seconds
2016-04-12T11:17:50.677+0100: 11.082: Total time for which application threads were stopped: 0.0006522 seconds, Stopping threads took: 0.0005338 seconds
2016-04-12T11:17:50.804+0100: 11.208: Total time for which application threads were stopped: 0.0005496 seconds, Stopping threads took: 0.0000450 seconds
2016-04-12T11:17:50.829+0100: 11.234: Total time for which application threads were stopped: 0.0001832 seconds, Stopping threads took: 0.0000576 seconds
2016-04-12T11:17:50.829+0100: 11.236: Total time for which application threads were stopped: 0.0001248 seconds, Stopping threads took: 0.0000426 seconds
2016-04-12T11:17:50.829+0100: 11.239: Total time for which application threads were stopped: 0.0001477 seconds, Stopping threads took: 0.0000569 seconds
2016-04-12T11:17:50.999+0100: 11.405: Total time for which application threads were stopped: 0.0006199 seconds, Stopping threads took: 0.0000442 seconds
2016-04-12T11:17:51.451+0100: 11.855: Total time for which application threads were stopped: 0.0032020 seconds, Stopping threads took: 0.0029927 seconds
2016-04-12T11:17:51.462+0100: 11.866: Total time for which application threads were stopped: 0.0039948 seconds, Stopping threads took: 0.0034641 seconds
2016-04-12T11:17:51.563+0100: 11.968: Total time for which application threads were stopped: 0.0005559 seconds, Stopping threads took: 0.0004106 seconds
2016-04-12T11:17:51.568+0100: 11.972: Total time for which application threads were stopped: 0.0024558 seconds, Stopping threads took: 0.0023642 seconds
2016-04-12T11:17:51.721+0100: 12.125: Total time for which application threads were stopped: 0.0018193 seconds, Stopping threads took: 0.0016456 seconds
2016-04-12T11:17:51.723+0100: 12.128: Total time for which application threads were stopped: 0.0001532 seconds, Stopping threads took: 0.0000379 seconds
2016-04-12T11:17:51.738+0100: 12.142: Total time for which application threads were stopped: 0.0002416 seconds, Stopping threads took: 0.0001461 seconds
2016-04-12T11:17:51.841+0100: 12.245: Total time for which application threads were stopped: 0.0002337 seconds, Stopping threads took: 0.0000521 seconds
2016-04-12T11:17:51.841+0100: 12.246: Total time for which application threads were stopped: 0.0001121 seconds, Stopping threads took: 0.0000205 seconds
2016-04-12T11:17:51.841+0100: 12.246: Total time for which application threads were stopped: 0.0001090 seconds, Stopping threads took: 0.0000197 seconds
2016-04-12T11:17:52.087+0100: 12.500: Total time for which application threads were stopped: 0.0001808 seconds, Stopping threads took: 0.0000521 seconds
2016-04-12T11:17:52.087+0100: 12.501: Total time for which application threads were stopped: 0.0001184 seconds, Stopping threads took: 0.0000363 seconds
2016-04-12T11:17:52.097+0100: 12.502: Total time for which application threads were stopped: 0.0001082 seconds, Stopping threads took: 0.0000324 seconds
2016-04-12T11:17:52.097+0100: 12.504: Total time for which application threads were stopped: 0.0001319 seconds, Stopping threads took: 0.0000403 seconds
2016-04-12T11:17:52.107+0100: 12.514: Total time for which application threads were stopped: 0.0002100 seconds, Stopping threads took: 0.0000979 seconds
2016-04-12T11:17:52.177+0100: 12.582: Total time for which application threads were stopped: 0.0002124 seconds, Stopping threads took: 0.0000466 seconds
2016-04-12T11:17:52.177+0100: 12.583: Total time for which application threads were stopped: 0.0001358 seconds, Stopping threads took: 0.0000245 seconds
2016-04-12T11:17:52.719+0100: 13.124: Total time for which application threads were stopped: 0.0004043 seconds, Stopping threads took: 0.0000545 seconds
2016-04-12T11:17:53.173+0100: 13.585: Total time for which application threads were stopped: 0.0001516 seconds, Stopping threads took: 0.0000537 seconds
2016-04-12T11:17:53.173+0100: 13.585: Total time for which application threads were stopped: 0.0000813 seconds, Stopping threads took: 0.0000261 seconds
2016-04-12T11:17:53.575+0100: 13.984: Total time for which application threads were stopped: 0.0002274 seconds, Stopping threads took: 0.0000845 seconds
2016-04-12T11:17:53.722+0100: 14.126: Total time for which application threads were stopped: 0.0060470 seconds, Stopping threads took: 0.0058125 seconds
2016-04-12T11:17:53.750+0100: 14.154: Total time for which application threads were stopped: 0.0002345 seconds, Stopping threads took: 0.0000458 seconds
2016-04-12T11:17:53.750+0100: 14.154: Total time for which application threads were stopped: 0.0001342 seconds, Stopping threads took: 0.0000205 seconds
2016-04-12T11:17:53.770+0100: 14.174: Total time for which application threads were stopped: 0.0002006 seconds, Stopping threads took: 0.0000411 seconds
2016-04-12T11:17:53.770+0100: 14.174: Total time for which application threads were stopped: 0.0001027 seconds, Stopping threads took: 0.0000205 seconds
2016-04-12T11:17:53.770+0100: 14.175: Total time for which application threads were stopped: 0.0000971 seconds, Stopping threads took: 0.0000197 seconds
2016-04-12T11:17:53.770+0100: 14.175: Total time for which application threads were stopped: 0.0001034 seconds, Stopping threads took: 0.0000205 seconds
2016-04-12T11:17:53.796+0100: 14.200: Total time for which application threads were stopped: 0.0002053 seconds, Stopping threads took: 0.0000482 seconds
2016-04-12T11:17:54.673+0100: 15.083: Total time for which application threads were stopped: 0.0005930 seconds, Stopping threads took: 0.0004153 seconds
2016-04-12T11:17:54.959+0100: 15.363: Total time for which application threads were stopped: 0.0001524 seconds, Stopping threads took: 0.0000466 seconds
2016-04-12T11:17:54.962+0100: 15.366: Total time for which application threads were stopped: 0.0001334 seconds, Stopping threads took: 0.0000395 seconds
2016-04-12T11:17:54.976+0100: 15.380: Total time for which application threads were stopped: 0.0002456 seconds, Stopping threads took: 0.0000632 seconds
2016-04-12T11:17:54.996+0100: 15.400: Total time for which application threads were stopped: 0.0001824 seconds, Stopping threads took: 0.0000482 seconds
2016-04-12T11:17:55.347+0100: 15.758: Total time for which application threads were stopped: 0.0018122 seconds, Stopping threads took: 0.0016361 seconds
2016-04-12T11:17:55.347+0100: 15.759: Total time for which application threads were stopped: 0.0001342 seconds, Stopping threads took: 0.0000363 seconds
2016-04-12T11:17:55.357+0100: 15.768: Total time for which application threads were stopped: 0.0001800 seconds, Stopping threads took: 0.0000497 seconds
2016-04-12T11:17:55.503+0100: 15.907: Total time for which application threads were stopped: 0.0002053 seconds, Stopping threads took: 0.0000466 seconds
2016-04-12T11:17:55.531+0100: 15.936: Total time for which application threads were stopped: 0.0001958 seconds, Stopping threads took: 0.0000561 seconds
2016-04-12T11:17:55.535+0100: 15.939: Total time for which application threads were stopped: 0.0001769 seconds, Stopping threads took: 0.0000482 seconds
2016-04-12T11:17:55.725+0100: 16.130: Total time for which application threads were stopped: 0.0002724 seconds, Stopping threads took: 0.0000798 seconds
2016-04-12T11:17:55.809+0100: 16.214: Total time for which application threads were stopped: 0.0001974 seconds, Stopping threads took: 0.0000537 seconds
2016-04-12T11:17:55.839+0100: 16.252: Total time for which application threads were stopped: 0.0007241 seconds, Stopping threads took: 0.0000632 seconds
2016-04-12T11:17:55.904+0100: 16.308: Total time for which application threads were stopped: 0.0002227 seconds, Stopping threads took: 0.0000529 seconds
2016-04-12T11:17:55.931+0100: 16.343: Total time for which application threads were stopped: 0.0001737 seconds, Stopping threads took: 0.0000426 seconds
2016-04-12T11:17:55.931+0100: 16.343: Total time for which application threads were stopped: 0.0001019 seconds, Stopping threads took: 0.0000268 seconds
2016-04-12T11:17:55.931+0100: 16.344: Total time for which application threads were stopped: 0.0000995 seconds, Stopping threads took: 0.0000268 seconds
2016-04-12T11:17:55.931+0100: 16.344: Total time for which application threads were stopped: 0.0001058 seconds, Stopping threads took: 0.0000276 seconds
2016-04-12T11:17:55.941+0100: 16.347: Total time for which application threads were stopped: 0.0002361 seconds, Stopping threads took: 0.0001327 seconds
2016-04-12T11:17:55.941+0100: 16.348: Total time for which application threads were stopped: 0.0001429 seconds, Stopping threads took: 0.0000340 seconds
2016-04-12T11:17:55.981+0100: 16.386: Total time for which application threads were stopped: 0.0001729 seconds, Stopping threads took: 0.0000434 seconds
2016-04-12T11:17:55.981+0100: 16.386: Total time for which application threads were stopped: 0.0000916 seconds, Stopping threads took: 0.0000190 seconds
2016-04-12T11:17:55.981+0100: 16.386: Total time for which application threads were stopped: 0.0000876 seconds, Stopping threads took: 0.0000190 seconds
2016-04-12T11:17:55.982+0100: 16.386: Total time for which application threads were stopped: 0.0000940 seconds, Stopping threads took: 0.0000197 seconds
2016-04-12T11:17:55.989+0100: 16.394: Total time for which application threads were stopped: 0.0012768 seconds, Stopping threads took: 0.0011347 seconds
2016-04-12T11:17:55.995+0100: 16.400: Total time for which application threads were stopped: 0.0001887 seconds, Stopping threads took: 0.0000569 seconds
2016-04-12T11:17:56.007+0100: 16.412: Total time for which application threads were stopped: 0.0001311 seconds, Stopping threads took: 0.0000482 seconds
2016-04-12T11:18:07.159+0100: 27.564: Total time for which application threads were stopped: 0.0001611 seconds, Stopping threads took: 0.0000442 seconds
2016-04-12T11:18:07.166+0100: 27.571: Total time for which application threads were stopped: 0.0001729 seconds, Stopping threads took: 0.0000592 seconds
2016-04-12T11:18:07.171+0100: 27.575: Total time for which application threads were stopped: 0.0001445 seconds, Stopping threads took: 0.0000497 seconds
2016-04-12T11:18:07.175+0100: 27.580: Total time for which application threads were stopped: 0.0001516 seconds, Stopping threads took: 0.0000569 seconds
2016-04-12T11:18:07.189+0100: 27.594: Total time for which application threads were stopped: 0.0001911 seconds, Stopping threads took: 0.0000474 seconds
2016-04-12T11:18:07.190+0100: 27.594: Total time for which application threads were stopped: 0.0000955 seconds, Stopping threads took: 0.0000261 seconds
2016-04-12T11:18:07.192+0100: 27.596: Total time for which application threads were stopped: 0.0001477 seconds, Stopping threads took: 0.0000284 seconds
2016-04-12T11:18:07.267+0100: 27.671: Total time for which application threads were stopped: 0.0002314 seconds, Stopping threads took: 0.0000505 seconds
2016-04-12T11:18:08.270+0100: 28.675: Total time for which application threads were stopped: 0.0001792 seconds, Stopping threads took: 0.0000584 seconds
2016-04-12T11:18:10.398+0100: 30.803: Total time for which application threads were stopped: 0.0001627 seconds, Stopping threads took: 0.0000616 seconds
2016-04-12T11:18:10.411+0100: 30.816: Total time for which application threads were stopped: 0.0002227 seconds, Stopping threads took: 0.0000482 seconds
2016-04-12T11:18:10.424+0100: 30.829: Total time for which application threads were stopped: 0.0004864 seconds, Stopping threads took: 0.0000482 seconds
2016-04-12T11:18:10.426+0100: 30.831: Total time for which application threads were stopped: 0.0001706 seconds, Stopping threads took: 0.0000497 seconds
2016-04-12T11:18:10.428+0100: 30.833: Total time for which application threads were stopped: 0.0001579 seconds, Stopping threads took: 0.0000497 seconds
2016-04-12T11:18:10.431+0100: 30.836: Total time for which application threads were stopped: 0.0009176 seconds, Stopping threads took: 0.0007699 seconds
2016-04-12T11:18:10.441+0100: 30.846: Total time for which application threads were stopped: 0.0016282 seconds, Stopping threads took: 0.0014727 seconds
2016-04-12T11:18:10.464+0100: 30.869: Total time for which application threads were stopped: 0.0001974 seconds, Stopping threads took: 0.0000521 seconds
2016-04-12T11:18:10.465+0100: 30.869: Total time for which application threads were stopped: 0.0000963 seconds, Stopping threads took: 0.0000268 seconds
2016-04-12T11:18:10.465+0100: 30.870: Total time for which application threads were stopped: 0.0000782 seconds, Stopping threads took: 0.0000197 seconds
2016-04-12T11:18:10.465+0100: 30.870: Total time for which application threads were stopped: 0.0000774 seconds, Stopping threads took: 0.0000190 seconds
2016-04-12T11:18:10.467+0100: 30.872: Total time for which application threads were stopped: 0.0001200 seconds, Stopping threads took: 0.0000395 seconds
2016-04-12T11:18:10.492+0100: 30.897: Total time for which application threads were stopped: 0.0001516 seconds, Stopping threads took: 0.0000545 seconds
2016-04-12T11:18:10.492+0100: 30.897: Total time for which application threads were stopped: 0.0000884 seconds, Stopping threads took: 0.0000300 seconds
2016-04-12T11:18:10.493+0100: 30.897: Total time for which application threads were stopped: 0.0000908 seconds, Stopping threads took: 0.0000300 seconds
2016-04-12T11:18:10.493+0100: 30.898: Total time for which application threads were stopped: 0.0000869 seconds, Stopping threads took: 0.0000284 seconds
2016-04-12T11:18:10.493+0100: 30.898: Total time for which application threads were stopped: 0.0000861 seconds, Stopping threads took: 0.0000284 seconds
2016-04-12T11:18:10.493+0100: 30.898: Total time for which application threads were stopped: 0.0000861 seconds, Stopping threads took: 0.0000284 seconds
2016-04-12T11:18:10.493+0100: 30.898: Total time for which application threads were stopped: 0.0000861 seconds, Stopping threads took: 0.0000284 seconds
2016-04-12T11:18:10.493+0100: 30.898: Total time for which application threads were stopped: 0.0000861 seconds, Stopping threads took: 0.0000292 seconds
2016-04-12T11:18:11.493+0100: 31.898: Total time for which application threads were stopped: 0.0001706 seconds, Stopping threads took: 0.0000521 seconds
{Heap before GC invocations=6 (full 1):
 par new generation   total 109248K, used 96794K [0x00000000e0000000, 0x00000000e8000000, 0x00000000e8000000)
  eden space 87424K, 100% used [0x00000000e0000000, 0x00000000e5560000, 0x00000000e5560000)
  from space 21824K,  42% used [0x00000000e5560000, 0x00000000e5e86818, 0x00000000e6ab0000)
  to   space 21824K,   0% used [0x00000000e6ab0000, 0x00000000e6ab0000, 0x00000000e8000000)
 concurrent mark-sweep generation total 393216K, used 0K [0x00000000e8000000, 0x0000000100000000, 0x0000000100000000)
 Metaspace       used 27686K, capacity 28027K, committed 28336K, reserved 1075200K
  class space    used 3298K, capacity 3418K, committed 3504K, reserved 1048576K
2016-04-12T11:18:12.188+0100: 32.593: [GC (Allocation Failure) 2016-04-12T11:18:12.188+0100: 32.593: [ParNew
Desired survivor size 20112992 bytes, new threshold 8 (max 8)
- age   1:    6979664 bytes,    6979664 total
- age   2:     130120 bytes,    7109784 total
- age   3:     133280 bytes,    7243064 total
- age   4:      11408 bytes,    7254472 total
- age   5:     265104 bytes,    7519576 total
- age   6:    2712744 bytes,   10232320 total
- age   7:    2604728 bytes,   12837048 total
: 96794K->14744K(109248K), 0.0430202 secs] 96794K->14744K(502464K), 0.0432042 secs] [Times: user=0.09 sys=0.00, real=0.04 secs] 
Heap after GC invocations=7 (full 1):
 par new generation   total 109248K, used 14744K [0x00000000e0000000, 0x00000000e8000000, 0x00000000e8000000)
  eden space 87424K,   0% used [0x00000000e0000000, 0x00000000e0000000, 0x00000000e5560000)
  from space 21824K,  67% used [0x00000000e6ab0000, 0x00000000e79162d8, 0x00000000e8000000)
  to   space 21824K,   0% used [0x00000000e5560000, 0x00000000e5560000, 0x00000000e6ab0000)
 concurrent mark-sweep generation total 393216K, used 0K [0x00000000e8000000, 0x0000000100000000, 0x0000000100000000)
 Metaspace       used 27686K, capacity 28027K, committed 28336K, reserved 1075200K
  class space    used 3298K, capacity 3418K, committed 3504K, reserved 1048576K
}
2016-04-12T11:18:12.232+0100: 32.637: Total time for which application threads were stopped: 0.0436219 seconds, Stopping threads took: 0.0000569 seconds
2016-04-12T11:18:12.233+0100: 32.638: Total time for which application threads were stopped: 0.0001619 seconds, Stopping threads took: 0.0000497 seconds
2016-04-12T11:18:12.239+0100: 32.644: Total time for which application threads were stopped: 0.0011142 seconds, Stopping threads took: 0.0010178 seconds
2016-04-12T11:18:12.239+0100: 32.644: Total time for which application threads were stopped: 0.0000829 seconds, Stopping threads took: 0.0000332 seconds
2016-04-12T11:18:12.261+0100: 32.666: Total time for which application threads were stopped: 0.0006578 seconds, Stopping threads took: 0.0000426 seconds
2016-04-12T11:18:12.264+0100: 32.669: Total time for which application threads were stopped: 0.0001200 seconds, Stopping threads took: 0.0000355 seconds
2016-04-12T11:18:12.354+0100: 32.759: Total time for which application threads were stopped: 0.0002274 seconds, Stopping threads took: 0.0000632 seconds
2016-04-12T11:18:12.355+0100: 32.760: Total time for which application threads were stopped: 0.0001611 seconds, Stopping threads took: 0.0000592 seconds
2016-04-12T11:18:12.357+0100: 32.761: Total time for which application threads were stopped: 0.0001082 seconds, Stopping threads took: 0.0000355 seconds
2016-04-12T11:18:12.357+0100: 32.762: Total time for which application threads were stopped: 0.0000908 seconds, Stopping threads took: 0.0000284 seconds
2016-04-12T11:18:12.357+0100: 32.762: Total time for which application threads were stopped: 0.0000821 seconds, Stopping threads took: 0.0000253 seconds
2016-04-12T11:18:12.357+0100: 32.762: Total time for which application threads were stopped: 0.0000821 seconds, Stopping threads took: 0.0000261 seconds
2016-04-12T11:18:12.357+0100: 32.762: Total time for which application threads were stopped: 0.0001003 seconds, Stopping threads took: 0.0000316 seconds
2016-04-12T11:18:12.358+0100: 32.762: Total time for which application threads were stopped: 0.0000829 seconds, Stopping threads took: 0.0000245 seconds
2016-04-12T11:18:12.358+0100: 32.763: Total time for which application threads were stopped: 0.0001919 seconds, Stopping threads took: 0.0001105 seconds
2016-04-12T11:18:13.342+0100: 33.747: Total time for which application threads were stopped: 0.0001674 seconds, Stopping threads took: 0.0000426 seconds
2016-04-12T11:18:13.351+0100: 33.756: Total time for which application threads were stopped: 0.0012097 seconds, Stopping threads took: 0.0011055 seconds
2016-04-12T11:18:13.351+0100: 33.756: Total time for which application threads were stopped: 0.0001540 seconds, Stopping threads took: 0.0000687 seconds
2016-04-12T11:18:13.417+0100: 33.822: Total time for which application threads were stopped: 0.0002061 seconds, Stopping threads took: 0.0000545 seconds
2016-04-12T11:18:13.906+0100: 34.311: Total time for which application threads were stopped: 0.0002116 seconds, Stopping threads took: 0.0000569 seconds
2016-04-12T11:18:13.907+0100: 34.312: Total time for which application threads were stopped: 0.0000916 seconds, Stopping threads took: 0.0000276 seconds
2016-04-12T11:18:13.907+0100: 34.312: Total time for which application threads were stopped: 0.0001003 seconds, Stopping threads took: 0.0000340 seconds
2016-04-12T11:18:13.907+0100: 34.312: Total time for which application threads were stopped: 0.0001769 seconds, Stopping threads took: 0.0000347 seconds
2016-04-12T11:18:13.908+0100: 34.313: Total time for which application threads were stopped: 0.0000979 seconds, Stopping threads took: 0.0000292 seconds
2016-04-12T11:18:13.908+0100: 34.313: Total time for which application threads were stopped: 0.0001019 seconds, Stopping threads took: 0.0000340 seconds
2016-04-12T11:18:13.915+0100: 34.320: Total time for which application threads were stopped: 0.0004967 seconds, Stopping threads took: 0.0000616 seconds
2016-04-12T11:18:14.126+0100: 34.534: Total time for which application threads were stopped: 0.0002582 seconds, Stopping threads took: 0.0000466 seconds
2016-04-12T11:18:14.178+0100: 34.583: Total time for which application threads were stopped: 0.0007454 seconds, Stopping threads took: 0.0000521 seconds
2016-04-12T11:18:14.234+0100: 34.639: Total time for which application threads were stopped: 0.0006104 seconds, Stopping threads took: 0.0000411 seconds
2016-04-12T11:18:14.647+0100: 35.052: Total time for which application threads were stopped: 0.0002527 seconds, Stopping threads took: 0.0000790 seconds
2016-04-12T11:18:14.761+0100: 35.166: Total time for which application threads were stopped: 0.0001919 seconds, Stopping threads took: 0.0000576 seconds
2016-04-12T11:18:15.581+0100: 35.986: Total time for which application threads were stopped: 0.0002148 seconds, Stopping threads took: 0.0000576 seconds
2016-04-12T11:18:15.581+0100: 35.986: Total time for which application threads were stopped: 0.0000821 seconds, Stopping threads took: 0.0000292 seconds
2016-04-12T11:18:15.581+0100: 35.986: Total time for which application threads were stopped: 0.0000798 seconds, Stopping threads took: 0.0000284 seconds
2016-04-12T11:18:15.633+0100: 36.038: Total time for which application threads were stopped: 0.0001563 seconds, Stopping threads took: 0.0000482 seconds
2016-04-12T11:18:15.634+0100: 36.039: Total time for which application threads were stopped: 0.0001074 seconds, Stopping threads took: 0.0000355 seconds
2016-04-12T11:18:15.638+0100: 36.043: Total time for which application threads were stopped: 0.0001358 seconds, Stopping threads took: 0.0000466 seconds
2016-04-12T11:18:15.641+0100: 36.046: Total time for which application threads were stopped: 0.0001413 seconds, Stopping threads took: 0.0000482 seconds
2016-04-12T11:18:15.774+0100: 36.179: Total time for which application threads were stopped: 0.0002116 seconds, Stopping threads took: 0.0000490 seconds
2016-04-12T11:18:15.803+0100: 36.208: Total time for which application threads were stopped: 0.0001682 seconds, Stopping threads took: 0.0000561 seconds
2016-04-12T11:18:15.803+0100: 36.208: Total time for which application threads were stopped: 0.0000861 seconds, Stopping threads took: 0.0000300 seconds
2016-04-12T11:18:15.803+0100: 36.208: Total time for which application threads were stopped: 0.0000837 seconds, Stopping threads took: 0.0000284 seconds
2016-04-12T11:18:16.312+0100: 36.718: Total time for which application threads were stopped: 0.0002250 seconds, Stopping threads took: 0.0000640 seconds
2016-04-12T11:18:16.313+0100: 36.718: Total time for which application threads were stopped: 0.0002985 seconds, Stopping threads took: 0.0002377 seconds
2016-04-12T11:18:17.314+0100: 37.719: Total time for which application threads were stopped: 0.0001769 seconds, Stopping threads took: 0.0000482 seconds
2016-04-12T11:18:17.370+0100: 37.775: Total time for which application threads were stopped: 0.0001840 seconds, Stopping threads took: 0.0000624 seconds
2016-04-12T11:18:17.687+0100: 38.092: Total time for which application threads were stopped: 0.0005756 seconds, Stopping threads took: 0.0004288 seconds
2016-04-12T11:18:17.687+0100: 38.092: Total time for which application threads were stopped: 0.0000948 seconds, Stopping threads took: 0.0000308 seconds
2016-04-12T11:18:17.687+0100: 38.093: Total time for which application threads were stopped: 0.0001500 seconds, Stopping threads took: 0.0000821 seconds
2016-04-12T11:18:17.688+0100: 38.093: Total time for which application threads were stopped: 0.0001034 seconds, Stopping threads took: 0.0000347 seconds
2016-04-12T11:18:17.688+0100: 38.093: Total time for which application threads were stopped: 0.0001050 seconds, Stopping threads took: 0.0000308 seconds
2016-04-12T11:18:18.696+0100: 39.101: Total time for which application threads were stopped: 0.0001737 seconds, Stopping threads took: 0.0000497 seconds
2016-04-12T11:18:22.717+0100: 43.121: Total time for which application threads were stopped: 0.0001532 seconds, Stopping threads took: 0.0000474 seconds
2016-04-12T11:18:24.723+0100: 45.127: Total time for which application threads were stopped: 0.0001579 seconds, Stopping threads took: 0.0000561 seconds
2016-04-12T11:19:48.808+0100: 129.220: Total time for which application threads were stopped: 0.0001532 seconds, Stopping threads took: 0.0000561 seconds
2016-04-12T11:19:48.808+0100: 129.224: Total time for which application threads were stopped: 0.0001366 seconds, Stopping threads took: 0.0000387 seconds
2016-04-12T11:19:48.808+0100: 129.224: Total time for which application threads were stopped: 0.0000782 seconds, Stopping threads took: 0.0000213 seconds
2016-04-12T11:19:48.808+0100: 129.225: Total time for which application threads were stopped: 0.0000766 seconds, Stopping threads took: 0.0000205 seconds
2016-04-12T11:19:48.818+0100: 129.231: Total time for which application threads were stopped: 0.0001445 seconds, Stopping threads took: 0.0000371 seconds
2016-04-12T11:19:48.828+0100: 129.246: Total time for which application threads were stopped: 0.0008528 seconds, Stopping threads took: 0.0000403 seconds
2016-04-12T11:19:48.838+0100: 129.256: Total time for which application threads were stopped: 0.0001587 seconds, Stopping threads took: 0.0000426 seconds
2016-04-12T11:19:48.838+0100: 129.256: Total time for which application threads were stopped: 0.0000932 seconds, Stopping threads took: 0.0000221 seconds
2016-04-12T11:19:48.838+0100: 129.256: Total time for which application threads were stopped: 0.0000876 seconds, Stopping threads took: 0.0000205 seconds
2016-04-12T11:19:48.838+0100: 129.257: Total time for which application threads were stopped: 0.0000869 seconds, Stopping threads took: 0.0000197 seconds
2016-04-12T11:19:48.898+0100: 129.315: Total time for which application threads were stopped: 0.0001516 seconds, Stopping threads took: 0.0000442 seconds
2016-04-12T11:19:48.898+0100: 129.315: Total time for which application threads were stopped: 0.0000853 seconds, Stopping threads took: 0.0000268 seconds
2016-04-12T11:19:48.898+0100: 129.315: Total time for which application threads were stopped: 0.0001034 seconds, Stopping threads took: 0.0000529 seconds
2016-04-12T11:19:48.898+0100: 129.316: Total time for which application threads were stopped: 0.0000963 seconds, Stopping threads took: 0.0000300 seconds
2016-04-12T11:19:48.898+0100: 129.316: Total time for which application threads were stopped: 0.0000742 seconds, Stopping threads took: 0.0000221 seconds
2016-04-12T11:19:48.898+0100: 129.317: Total time for which application threads were stopped: 0.0000742 seconds, Stopping threads took: 0.0000213 seconds
2016-04-12T11:19:48.898+0100: 129.317: Total time for which application threads were stopped: 0.0000719 seconds, Stopping threads took: 0.0000213 seconds
2016-04-12T11:19:48.898+0100: 129.317: Total time for which application threads were stopped: 0.0000719 seconds, Stopping threads took: 0.0000205 seconds
2016-04-12T11:19:48.908+0100: 129.319: Total time for which application threads were stopped: 0.0001161 seconds, Stopping threads took: 0.0000363 seconds
2016-04-12T11:19:48.928+0100: 129.338: Total time for which application threads were stopped: 0.0002329 seconds, Stopping threads took: 0.0000411 seconds
2016-04-12T11:19:50.061+0100: 130.471: Total time for which application threads were stopped: 0.0001635 seconds, Stopping threads took: 0.0000545 seconds
2016-04-12T11:19:50.062+0100: 130.472: Total time for which application threads were stopped: 0.0001327 seconds, Stopping threads took: 0.0000403 seconds
2016-04-12T11:19:50.073+0100: 130.483: Total time for which application threads were stopped: 0.0002100 seconds, Stopping threads took: 0.0000545 seconds
2016-04-12T11:19:50.105+0100: 130.515: Total time for which application threads were stopped: 0.0002069 seconds, Stopping threads took: 0.0000584 seconds
2016-04-12T11:19:50.105+0100: 130.515: Total time for which application threads were stopped: 0.0000924 seconds, Stopping threads took: 0.0000300 seconds
2016-04-12T11:19:50.109+0100: 130.519: Total time for which application threads were stopped: 0.0001848 seconds, Stopping threads took: 0.0000466 seconds
2016-04-12T11:19:50.133+0100: 130.544: Total time for which application threads were stopped: 0.0001856 seconds, Stopping threads took: 0.0000569 seconds
2016-04-12T11:19:50.299+0100: 130.710: Total time for which application threads were stopped: 0.0002037 seconds, Stopping threads took: 0.0000561 seconds
2016-04-12T11:19:50.303+0100: 130.713: Total time for which application threads were stopped: 0.0001453 seconds, Stopping threads took: 0.0000419 seconds
2016-04-12T11:19:50.308+0100: 130.718: Total time for which application threads were stopped: 0.0010502 seconds, Stopping threads took: 0.0009389 seconds
2016-04-12T11:19:50.308+0100: 130.719: Total time for which application threads were stopped: 0.0001105 seconds, Stopping threads took: 0.0000371 seconds
2016-04-12T11:19:50.332+0100: 130.742: Total time for which application threads were stopped: 0.0001556 seconds, Stopping threads took: 0.0000537 seconds
2016-04-12T11:19:50.374+0100: 130.784: [GC (CMS Initial Mark) [1 CMS-initial-mark: 0K(393216K)] 89967K(502464K), 0.0292837 secs] [Times: user=0.06 sys=0.00, real=0.03 secs] 
2016-04-12T11:19:50.403+0100: 130.813: Total time for which application threads were stopped: 0.0295332 seconds, Stopping threads took: 0.0000450 seconds
2016-04-12T11:19:50.403+0100: 130.813: [CMS-concurrent-mark-start]
2016-04-12T11:19:50.404+0100: 130.814: [CMS-concurrent-mark: 0.001/0.001 secs] [Times: user=0.00 sys=0.00, real=0.00 secs] 
2016-04-12T11:19:50.404+0100: 130.814: [CMS-concurrent-preclean-start]
2016-04-12T11:19:50.407+0100: 130.817: [CMS-concurrent-preclean: 0.003/0.003 secs] [Times: user=0.00 sys=0.00, real=0.00 secs] 
2016-04-12T11:19:50.407+0100: 130.817: [CMS-concurrent-abortable-preclean-start]
2016-04-12T11:19:50.590+0100: 131.001: Total time for which application threads were stopped: 0.0001492 seconds, Stopping threads took: 0.0000553 seconds
2016-04-12T11:19:50.592+0100: 131.002: Total time for which application threads were stopped: 0.0001319 seconds, Stopping threads took: 0.0000411 seconds
2016-04-12T11:19:50.620+0100: 131.031: Total time for which application threads were stopped: 0.0001658 seconds, Stopping threads took: 0.0000458 seconds
2016-04-12T11:19:50.621+0100: 131.031: Total time for which application threads were stopped: 0.0000790 seconds, Stopping threads took: 0.0000213 seconds
2016-04-12T11:19:50.621+0100: 131.031: Total time for which application threads were stopped: 0.0000726 seconds, Stopping threads took: 0.0000190 seconds
2016-04-12T11:19:50.621+0100: 131.031: Total time for which application threads were stopped: 0.0000711 seconds, Stopping threads took: 0.0000190 seconds
2016-04-12T11:19:52.626+0100: 133.036: Total time for which application threads were stopped: 0.0001800 seconds, Stopping threads took: 0.0000537 seconds
2016-04-12T11:19:52.659+0100: 133.069: Total time for which application threads were stopped: 0.0001792 seconds, Stopping threads took: 0.0000482 seconds
2016-04-12T11:19:52.714+0100: 133.123: Total time for which application threads were stopped: 0.0006894 seconds, Stopping threads took: 0.0000490 seconds
{Heap before GC invocations=7 (full 2):
 par new generation   total 109248K, used 102168K [0x00000000e0000000, 0x00000000e8000000, 0x00000000e8000000)
  eden space 87424K, 100% used [0x00000000e0000000, 0x00000000e5560000, 0x00000000e5560000)
  from space 21824K,  67% used [0x00000000e6ab0000, 0x00000000e79162d8, 0x00000000e8000000)
  to   space 21824K,   0% used [0x00000000e5560000, 0x00000000e5560000, 0x00000000e6ab0000)
 concurrent mark-sweep generation total 393216K, used 0K [0x00000000e8000000, 0x0000000100000000, 0x0000000100000000)
 Metaspace       used 35728K, capacity 36185K, committed 36584K, reserved 1081344K
  class space    used 4198K, capacity 4319K, committed 4400K, reserved 1048576K
2016-04-12T11:19:53.193+0100: 133.602: [GC (Allocation Failure) 2016-04-12T11:19:53.193+0100: 133.602: [ParNew
Desired survivor size 20112992 bytes, new threshold 8 (max 8)
- age   1:   14081792 bytes,   14081792 total
- age   2:    2027176 bytes,   16108968 total
- age   3:     123632 bytes,   16232600 total
- age   4:     132736 bytes,   16365336 total
- age   5:      11248 bytes,   16376584 total
- age   6:     256496 bytes,   16633080 total
- age   7:    2673544 bytes,   19306624 total
- age   8:    2594808 bytes,   21901432 total
: 102168K->21824K(109248K), 0.0732214 secs] 102168K->22968K(502464K), 0.0733706 secs] [Times: user=0.11 sys=0.02, real=0.07 secs] 
Heap after GC invocations=8 (full 2):
 par new generation   total 109248K, used 21824K [0x00000000e0000000, 0x00000000e8000000, 0x00000000e8000000)
  eden space 87424K,   0% used [0x00000000e0000000, 0x00000000e0000000, 0x00000000e5560000)
  from space 21824K, 100% used [0x00000000e5560000, 0x00000000e6ab0000, 0x00000000e6ab0000)
  to   space 21824K,   0% used [0x00000000e6ab0000, 0x00000000e6ab0000, 0x00000000e8000000)
 concurrent mark-sweep generation total 393216K, used 1144K [0x00000000e8000000, 0x0000000100000000, 0x0000000100000000)
 Metaspace       used 35728K, capacity 36185K, committed 36584K, reserved 1081344K
  class space    used 4198K, capacity 4319K, committed 4400K, reserved 1048576K
}
2016-04-12T11:19:53.266+0100: 133.676: Total time for which application threads were stopped: 0.0738586 seconds, Stopping threads took: 0.0000505 seconds
2016-04-12T11:19:53.380+0100: 133.790: Total time for which application threads were stopped: 0.0009365 seconds, Stopping threads took: 0.0007952 seconds
2016-04-12T11:19:53.412+0100: 133.821: Total time for which application threads were stopped: 0.0001548 seconds, Stopping threads took: 0.0000411 seconds
2016-04-12T11:19:53.412+0100: 133.822: Total time for which application threads were stopped: 0.0000900 seconds, Stopping threads took: 0.0000221 seconds
2016-04-12T11:19:53.413+0100: 133.822: Total time for which application threads were stopped: 0.0000932 seconds, Stopping threads took: 0.0000190 seconds
2016-04-12T11:19:53.413+0100: 133.822: Total time for which application threads were stopped: 0.0000837 seconds, Stopping threads took: 0.0000190 seconds
2016-04-12T11:19:53.566+0100: 133.976: Total time for which application threads were stopped: 0.0001927 seconds, Stopping threads took: 0.0000442 seconds
2016-04-12T11:19:53.773+0100: 134.183: Total time for which application threads were stopped: 0.0001714 seconds, Stopping threads took: 0.0000466 seconds
2016-04-12T11:19:53.816+0100: 134.226: Total time for which application threads were stopped: 0.0001532 seconds, Stopping threads took: 0.0000458 seconds
2016-04-12T11:19:53.865+0100: 134.274: Total time for which application threads were stopped: 0.0001887 seconds, Stopping threads took: 0.0000450 seconds
2016-04-12T11:19:54.867+0100: 135.276: Total time for which application threads were stopped: 0.0001721 seconds, Stopping threads took: 0.0000466 seconds
 CMS: abort preclean due to time 2016-04-12T11:19:56.445+0100: 136.856: [CMS-concurrent-abortable-preclean: 4.082/6.039 secs] [Times: user=5.13 sys=0.20, real=6.04 secs] 
2016-04-12T11:19:56.445+0100: 136.856: [GC (CMS Final Remark) [YG occupancy: 36938 K (109248 K)]{Heap before GC invocations=8 (full 2):
 par new generation   total 109248K, used 36938K [0x00000000e0000000, 0x00000000e8000000, 0x00000000e8000000)
  eden space 87424K,  17% used [0x00000000e0000000, 0x00000000e0ec2a68, 0x00000000e5560000)
  from space 21824K, 100% used [0x00000000e5560000, 0x00000000e6ab0000, 0x00000000e6ab0000)
  to   space 21824K,   0% used [0x00000000e6ab0000, 0x00000000e6ab0000, 0x00000000e8000000)
 concurrent mark-sweep generation total 393216K, used 1144K [0x00000000e8000000, 0x0000000100000000, 0x0000000100000000)
 Metaspace       used 36546K, capacity 36985K, committed 37376K, reserved 1083392K
  class space    used 4292K, capacity 4415K, committed 4528K, reserved 1048576K
2016-04-12T11:19:56.445+0100: 136.856: [GC (CMS Final Remark) 2016-04-12T11:19:56.445+0100: 136.857: [ParNew
Desired survivor size 20112992 bytes, new threshold 8 (max 8)
- age   1:    1407920 bytes,    1407920 total
- age   2:    7767672 bytes,    9175592 total
- age   3:    2026648 bytes,   11202240 total
- age   4:     123632 bytes,   11325872 total
- age   5:     132736 bytes,   11458608 total
- age   6:      11248 bytes,   11469856 total
- age   7:     256496 bytes,   11726352 total
- age   8:    2672360 bytes,   14398712 total
: 36938K->21824K(109248K), 0.0662805 secs] 38083K->25728K(502464K), 0.0663966 secs] [Times: user=0.13 sys=0.00, real=0.07 secs] 
Heap after GC invocations=9 (full 2):
 par new generation   total 109248K, used 21824K [0x00000000e0000000, 0x00000000e8000000, 0x00000000e8000000)
  eden space 87424K,   0% used [0x00000000e0000000, 0x00000000e0000000, 0x00000000e5560000)
  from space 21824K, 100% used [0x00000000e6ab0000, 0x00000000e8000000, 0x00000000e8000000)
  to   space 21824K,   0% used [0x00000000e5560000, 0x00000000e5560000, 0x00000000e6ab0000)
 concurrent mark-sweep generation total 393216K, used 3904K [0x00000000e8000000, 0x0000000100000000, 0x0000000100000000)
 Metaspace       used 36546K, capacity 36985K, committed 37376K, reserved 1083392K
  class space    used 4292K, capacity 4415K, committed 4528K, reserved 1048576K
}
2016-04-12T11:19:56.514+0100: 136.923: [Rescan (parallel) , 0.0173846 secs]2016-04-12T11:19:56.531+0100: 136.940: [weak refs processing, 0.0032391 secs]2016-04-12T11:19:56.534+0100: 136.944: [class unloading, 0.0135999 secs]2016-04-12T11:19:56.547+0100: 136.957: [scrub symbol table, 0.0160359 secs]2016-04-12T11:19:56.557+0100: 136.974: [scrub string table, 0.0012508 secs][1 CMS-remark: 3904K(393216K)] 25728K(502464K), 0.1210907 secs] [Times: user=0.19 sys=0.00, real=0.12 secs] 
2016-04-12T11:19:56.567+0100: 136.978: Total time for which application threads were stopped: 0.1213102 seconds, Stopping threads took: 0.0000419 seconds
2016-04-12T11:19:56.567+0100: 136.978: [CMS-concurrent-sweep-start]
2016-04-12T11:19:56.567+0100: 136.978: Total time for which application threads were stopped: 0.0001129 seconds, Stopping threads took: 0.0000292 seconds
2016-04-12T11:19:56.567+0100: 136.981: [CMS-concurrent-sweep: 0.003/0.003 secs] [Times: user=0.00 sys=0.00, real=0.00 secs] 
2016-04-12T11:19:56.567+0100: 136.981: [CMS-concurrent-reset-start]
2016-04-12T11:19:56.567+0100: 136.983: [CMS-concurrent-reset: 0.002/0.002 secs] [Times: user=0.00 sys=0.00, real=0.00 secs] 
2016-04-12T11:20:11.594+0100: 152.014: Total time for which application threads were stopped: 0.0001729 seconds, Stopping threads took: 0.0000513 seconds
2016-04-12T11:20:50.298+0100: 190.718: Total time for which application threads were stopped: 0.0001879 seconds, Stopping threads took: 0.0000561 seconds
2016-04-12T11:20:50.603+0100: 191.023: Total time for which application threads were stopped: 0.0001998 seconds, Stopping threads took: 0.0000632 seconds
2016-04-12T11:20:50.618+0100: 191.038: Total time for which application threads were stopped: 0.0002424 seconds, Stopping threads took: 0.0000545 seconds
2016-04-12T11:20:50.642+0100: 191.062: Total time for which application threads were stopped: 0.0001556 seconds, Stopping threads took: 0.0000442 seconds
2016-04-12T11:20:50.733+0100: 191.153: Total time for which application threads were stopped: 0.0002045 seconds, Stopping threads took: 0.0000458 seconds
2016-04-12T11:20:50.734+0100: 191.154: Total time for which application threads were stopped: 0.0000821 seconds, Stopping threads took: 0.0000197 seconds
2016-04-12T11:20:50.772+0100: 191.192: Total time for which application threads were stopped: 0.0001792 seconds, Stopping threads took: 0.0000403 seconds
2016-04-12T11:20:50.773+0100: 191.193: Total time for which application threads were stopped: 0.0001042 seconds, Stopping threads took: 0.0000253 seconds
2016-04-12T11:20:50.774+0100: 191.194: Total time for which application threads were stopped: 0.0000955 seconds, Stopping threads took: 0.0000213 seconds
2016-04-12T11:20:50.784+0100: 191.204: Total time for which application threads were stopped: 0.0001563 seconds, Stopping threads took: 0.0000458 seconds
2016-04-12T11:20:51.009+0100: 191.429: Total time for which application threads were stopped: 0.0001737 seconds, Stopping threads took: 0.0000545 seconds
2016-04-12T11:20:51.009+0100: 191.429: Total time for which application threads were stopped: 0.0001358 seconds, Stopping threads took: 0.0000663 seconds
2016-04-12T11:20:51.010+0100: 191.430: Total time for which application threads were stopped: 0.0001184 seconds, Stopping threads took: 0.0000537 seconds
2016-04-12T11:20:51.010+0100: 191.430: Total time for which application threads were stopped: 0.0001113 seconds, Stopping threads took: 0.0000490 seconds
2016-04-12T11:20:51.010+0100: 191.430: Total time for which application threads were stopped: 0.0000948 seconds, Stopping threads took: 0.0000245 seconds
2016-04-12T11:20:51.011+0100: 191.431: Total time for which application threads were stopped: 0.0001445 seconds, Stopping threads took: 0.0000213 seconds
2016-04-12T11:20:51.011+0100: 191.431: Total time for which application threads were stopped: 0.0000837 seconds, Stopping threads took: 0.0000213 seconds
2016-04-12T11:20:52.011+0100: 192.431: Total time for which application threads were stopped: 0.0001627 seconds, Stopping threads took: 0.0000490 seconds
2016-04-12T11:20:53.011+0100: 193.431: Total time for which application threads were stopped: 0.0001856 seconds, Stopping threads took: 0.0000466 seconds
2016-04-12T11:21:21.206+0100: 221.625: Total time for which application threads were stopped: 0.0001619 seconds, Stopping threads took: 0.0000450 seconds
2016-04-12T11:21:21.209+0100: 221.629: Total time for which application threads were stopped: 0.0002029 seconds, Stopping threads took: 0.0000671 seconds
2016-04-12T11:21:22.217+0100: 222.636: Total time for which application threads were stopped: 0.0001658 seconds, Stopping threads took: 0.0000576 seconds
2016-04-12T11:21:23.212+0100: 223.631: Total time for which application threads were stopped: 0.0001998 seconds, Stopping threads took: 0.0000490 seconds
2016-04-12T11:21:23.288+0100: 223.707: Total time for which application threads were stopped: 0.0013882 seconds, Stopping threads took: 0.0000592 seconds
2016-04-12T11:21:23.292+0100: 223.711: Total time for which application threads were stopped: 0.0002922 seconds, Stopping threads took: 0.0000608 seconds
2016-04-12T11:21:24.292+0100: 224.711: Total time for which application threads were stopped: 0.0001611 seconds, Stopping threads took: 0.0000490 seconds
2016-04-12T11:21:24.391+0100: 224.810: Total time for which application threads were stopped: 0.0001563 seconds, Stopping threads took: 0.0000426 seconds
2016-04-12T11:21:24.411+0100: 224.830: Total time for which application threads were stopped: 0.0001777 seconds, Stopping threads took: 0.0000490 seconds
2016-04-12T11:21:24.413+0100: 224.832: Total time for which application threads were stopped: 0.0001421 seconds, Stopping threads took: 0.0000482 seconds
2016-04-12T11:21:24.415+0100: 224.835: Total time for which application threads were stopped: 0.0001366 seconds, Stopping threads took: 0.0000419 seconds
2016-04-12T11:21:24.416+0100: 224.835: Total time for which application threads were stopped: 0.0002385 seconds, Stopping threads took: 0.0001753 seconds
2016-04-12T11:21:24.421+0100: 224.841: Total time for which application threads were stopped: 0.0012658 seconds, Stopping threads took: 0.0011363 seconds
2016-04-12T11:21:24.422+0100: 224.842: Total time for which application threads were stopped: 0.0001927 seconds, Stopping threads took: 0.0000663 seconds
2016-04-12T11:21:24.423+0100: 224.842: Total time for which application threads were stopped: 0.0000853 seconds, Stopping threads took: 0.0000229 seconds
2016-04-12T11:21:24.427+0100: 224.847: Total time for which application threads were stopped: 0.0001737 seconds, Stopping threads took: 0.0000569 seconds
2016-04-12T11:21:24.428+0100: 224.847: Total time for which application threads were stopped: 0.0000924 seconds, Stopping threads took: 0.0000340 seconds
2016-04-12T11:21:24.428+0100: 224.848: Total time for which application threads were stopped: 0.0000963 seconds, Stopping threads took: 0.0000355 seconds
2016-04-12T11:21:24.433+0100: 224.853: Total time for which application threads were stopped: 0.0001587 seconds, Stopping threads took: 0.0000466 seconds
2016-04-12T11:21:24.504+0100: 224.923: Total time for which application threads were stopped: 0.0001635 seconds, Stopping threads took: 0.0000569 seconds
2016-04-12T11:21:24.540+0100: 224.960: Total time for which application threads were stopped: 0.0001469 seconds, Stopping threads took: 0.0000426 seconds
2016-04-12T11:21:24.541+0100: 224.960: Total time for which application threads were stopped: 0.0000790 seconds, Stopping threads took: 0.0000205 seconds
2016-04-12T11:21:24.541+0100: 224.960: Total time for which application threads were stopped: 0.0000742 seconds, Stopping threads took: 0.0000205 seconds
2016-04-12T11:21:24.541+0100: 224.960: Total time for which application threads were stopped: 0.0000774 seconds, Stopping threads took: 0.0000197 seconds
2016-04-12T11:21:24.617+0100: 225.037: Total time for which application threads were stopped: 0.0001445 seconds, Stopping threads took: 0.0000419 seconds
2016-04-12T11:21:24.619+0100: 225.039: Total time for which application threads were stopped: 0.0000995 seconds, Stopping threads took: 0.0000284 seconds
2016-04-12T11:21:24.619+0100: 225.039: Total time for which application threads were stopped: 0.0000963 seconds, Stopping threads took: 0.0000190 seconds
2016-04-12T11:21:24.620+0100: 225.040: Total time for which application threads were stopped: 0.0001216 seconds, Stopping threads took: 0.0000458 seconds
2016-04-12T11:21:24.621+0100: 225.041: Total time for which application threads were stopped: 0.0000924 seconds, Stopping threads took: 0.0000292 seconds
2016-04-12T11:21:24.621+0100: 225.041: Total time for which application threads were stopped: 0.0000687 seconds, Stopping threads took: 0.0000182 seconds
2016-04-12T11:21:24.621+0100: 225.041: Total time for which application threads were stopped: 0.0000766 seconds, Stopping threads took: 0.0000221 seconds
2016-04-12T11:21:24.632+0100: 225.051: Total time for which application threads were stopped: 0.0001998 seconds, Stopping threads took: 0.0000592 seconds
2016-04-12T11:21:24.632+0100: 225.052: Total time for which application threads were stopped: 0.0000916 seconds, Stopping threads took: 0.0000340 seconds
2016-04-12T11:21:24.846+0100: 225.271: Total time for which application threads were stopped: 0.0001800 seconds, Stopping threads took: 0.0000403 seconds
2016-04-12T11:21:24.846+0100: 225.272: Total time for which application threads were stopped: 0.0001366 seconds, Stopping threads took: 0.0000584 seconds
2016-04-12T11:21:24.856+0100: 225.283: Total time for which application threads were stopped: 0.0003230 seconds, Stopping threads took: 0.0000434 seconds
2016-04-12T11:21:25.856+0100: 226.275: Total time for which application threads were stopped: 0.0001571 seconds, Stopping threads took: 0.0000553 seconds
2016-04-12T11:21:27.858+0100: 228.277: Total time for which application threads were stopped: 0.0001556 seconds, Stopping threads took: 0.0000474 seconds
2016-04-12T11:21:29.859+0100: 230.278: Total time for which application threads were stopped: 0.0001492 seconds, Stopping threads took: 0.0000450 seconds
2016-04-12T11:22:13.925+0100: 274.345: Total time for which application threads were stopped: 0.0001729 seconds, Stopping threads took: 0.0000529 seconds
2016-04-12T11:22:32.950+0100: 293.370: Total time for which application threads were stopped: 0.0001635 seconds, Stopping threads took: 0.0000505 seconds
2016-04-12T11:22:43.981+0100: 304.401: Total time for which application threads were stopped: 0.0001706 seconds, Stopping threads took: 0.0000529 seconds
2016-04-12T11:23:05.200+0100: 325.625: Total time for which application threads were stopped: 0.0001595 seconds, Stopping threads took: 0.0000403 seconds
2016-04-12T11:23:05.200+0100: 325.628: Total time for which application threads were stopped: 0.0001627 seconds, Stopping threads took: 0.0000584 seconds
2016-04-12T11:23:05.200+0100: 325.629: Total time for which application threads were stopped: 0.0000932 seconds, Stopping threads took: 0.0000292 seconds
2016-04-12T11:23:05.746+0100: 326.173: Total time for which application threads were stopped: 0.0001714 seconds, Stopping threads took: 0.0000569 seconds
2016-04-12T11:23:05.756+0100: 326.182: Total time for which application threads were stopped: 0.0001627 seconds, Stopping threads took: 0.0000458 seconds
2016-04-12T11:23:05.821+0100: 326.240: Total time for which application threads were stopped: 0.0002227 seconds, Stopping threads took: 0.0000569 seconds
2016-04-12T11:23:06.821+0100: 327.240: Total time for which application threads were stopped: 0.0001848 seconds, Stopping threads took: 0.0000497 seconds
2016-04-12T11:23:08.821+0100: 329.243: Total time for which application threads were stopped: 0.0001658 seconds, Stopping threads took: 0.0000466 seconds
2016-04-12T11:24:00.789+0100: 381.211: Total time for which application threads were stopped: 0.0001706 seconds, Stopping threads took: 0.0000442 seconds
2016-04-12T11:24:00.791+0100: 381.214: Total time for which application threads were stopped: 0.0001666 seconds, Stopping threads took: 0.0000529 seconds
2016-04-12T11:24:01.043+0100: 381.466: Total time for which application threads were stopped: 0.0001619 seconds, Stopping threads took: 0.0000482 seconds
2016-04-12T11:24:01.043+0100: 381.470: Total time for which application threads were stopped: 0.0001690 seconds, Stopping threads took: 0.0000426 seconds
2016-04-12T11:24:01.080+0100: 381.503: Total time for which application threads were stopped: 0.0002077 seconds, Stopping threads took: 0.0000711 seconds
2016-04-12T11:24:01.287+0100: 381.709: Total time for which application threads were stopped: 0.0001769 seconds, Stopping threads took: 0.0000442 seconds
2016-04-12T11:24:01.287+0100: 381.709: Total time for which application threads were stopped: 0.0000869 seconds, Stopping threads took: 0.0000205 seconds
2016-04-12T11:24:01.287+0100: 381.710: Total time for which application threads were stopped: 0.0000837 seconds, Stopping threads took: 0.0000197 seconds
2016-04-12T11:24:01.287+0100: 381.710: Total time for which application threads were stopped: 0.0000884 seconds, Stopping threads took: 0.0000205 seconds
2016-04-12T11:24:03.294+0100: 383.716: Total time for which application threads were stopped: 0.0001745 seconds, Stopping threads took: 0.0000537 seconds
2016-04-12T11:24:27.393+0100: 407.818: Total time for which application threads were stopped: 0.0001785 seconds, Stopping threads took: 0.0000529 seconds
2016-04-12T11:25:35.636+0100: 476.061: Total time for which application threads were stopped: 0.0001792 seconds, Stopping threads took: 0.0000497 seconds
2016-04-12T11:25:35.638+0100: 476.063: Total time for which application threads were stopped: 0.0001769 seconds, Stopping threads took: 0.0000458 seconds
2016-04-12T11:35:57.866+0100: 1098.312: Total time for which application threads were stopped: 0.0001911 seconds, Stopping threads took: 0.0000569 seconds
2016-04-12T11:38:42.229+0100: 1262.703: Total time for which application threads were stopped: 0.0001879 seconds, Stopping threads took: 0.0000529 seconds
2016-04-12T11:38:43.149+0100: 1263.623: Total time for which application threads were stopped: 0.0001682 seconds, Stopping threads took: 0.0000505 seconds
2016-04-12T11:38:43.151+0100: 1263.625: Total time for which application threads were stopped: 0.0003759 seconds, Stopping threads took: 0.0000774 seconds
2016-04-12T11:38:43.167+0100: 1263.641: Total time for which application threads were stopped: 0.0002882 seconds, Stopping threads took: 0.0001327 seconds
2016-04-12T11:38:43.172+0100: 1263.646: Total time for which application threads were stopped: 0.0039427 seconds, Stopping threads took: 0.0038139 seconds
2016-04-12T11:38:43.450+0100: 1263.924: Total time for which application threads were stopped: 0.0001753 seconds, Stopping threads took: 0.0000411 seconds
2016-04-12T11:38:43.450+0100: 1263.924: Total time for which application threads were stopped: 0.0000924 seconds, Stopping threads took: 0.0000221 seconds
2016-04-12T11:38:43.450+0100: 1263.924: Total time for which application threads were stopped: 0.0000861 seconds, Stopping threads took: 0.0000197 seconds
2016-04-12T11:38:43.450+0100: 1263.924: Total time for which application threads were stopped: 0.0000861 seconds, Stopping threads took: 0.0000197 seconds
2016-04-12T11:38:45.450+0100: 1265.924: Total time for which application threads were stopped: 0.0001556 seconds, Stopping threads took: 0.0000466 seconds
2016-04-12T11:41:45.477+0100: 1445.955: Total time for which application threads were stopped: 0.0002179 seconds, Stopping threads took: 0.0000695 seconds
2016-04-12T11:42:38.480+0100: 1498.964: Total time for which application threads were stopped: 0.0001635 seconds, Stopping threads took: 0.0000497 seconds
2016-04-12T11:42:58.708+0100: 1519.193: Total time for which application threads were stopped: 0.0001990 seconds, Stopping threads took: 0.0000584 seconds
2016-04-12T11:42:58.712+0100: 1519.197: Total time for which application threads were stopped: 0.0001816 seconds, Stopping threads took: 0.0000584 seconds
2016-04-12T11:42:59.505+0100: 1519.989: Total time for which application threads were stopped: 0.0001990 seconds, Stopping threads took: 0.0000600 seconds
2016-04-12T11:42:59.506+0100: 1519.991: Total time for which application threads were stopped: 0.0010352 seconds, Stopping threads took: 0.0009041 seconds
2016-04-12T11:42:59.532+0100: 1520.017: Total time for which application threads were stopped: 0.0001848 seconds, Stopping threads took: 0.0000576 seconds
2016-04-12T11:42:59.598+0100: 1520.083: Total time for which application threads were stopped: 0.0002424 seconds, Stopping threads took: 0.0000466 seconds
2016-04-12T11:42:59.600+0100: 1520.085: Total time for which application threads were stopped: 0.0001619 seconds, Stopping threads took: 0.0000426 seconds
2016-04-12T11:42:59.601+0100: 1520.085: Total time for which application threads were stopped: 0.0001019 seconds, Stopping threads took: 0.0000308 seconds
2016-04-12T11:42:59.818+0100: 1520.303: Total time for which application threads were stopped: 0.0002211 seconds, Stopping threads took: 0.0000837 seconds
2016-04-12T11:42:59.818+0100: 1520.303: Total time for which application threads were stopped: 0.0001003 seconds, Stopping threads took: 0.0000308 seconds
2016-04-12T11:42:59.819+0100: 1520.303: Total time for which application threads were stopped: 0.0001666 seconds, Stopping threads took: 0.0000497 seconds
2016-04-12T11:42:59.819+0100: 1520.304: Total time for which application threads were stopped: 0.0001145 seconds, Stopping threads took: 0.0000426 seconds
2016-04-12T11:43:00.838+0100: 1521.322: Total time for which application threads were stopped: 0.0001745 seconds, Stopping threads took: 0.0000505 seconds
2016-04-12T11:43:01.838+0100: 1522.322: Total time for which application threads were stopped: 0.0001682 seconds, Stopping threads took: 0.0000490 seconds
2016-04-12T11:47:39.337+0100: 1799.845: Total time for which application threads were stopped: 0.0002314 seconds, Stopping threads took: 0.0000640 seconds
2016-04-12T11:47:39.340+0100: 1799.849: Total time for which application threads were stopped: 0.0001927 seconds, Stopping threads took: 0.0000616 seconds
2016-04-12T11:47:39.340+0100: 1799.849: Total time for which application threads were stopped: 0.0000948 seconds, Stopping threads took: 0.0000284 seconds
2016-04-12T11:47:39.758+0100: 1800.267: Total time for which application threads were stopped: 0.0001745 seconds, Stopping threads took: 0.0000545 seconds
2016-04-12T11:47:39.761+0100: 1800.270: Total time for which application threads were stopped: 0.0001879 seconds, Stopping threads took: 0.0000537 seconds
2016-04-12T11:47:39.789+0100: 1800.298: Total time for which application threads were stopped: 0.0004051 seconds, Stopping threads took: 0.0002724 seconds
2016-04-12T11:47:40.094+0100: 1800.603: Total time for which application threads were stopped: 0.0002527 seconds, Stopping threads took: 0.0000537 seconds
2016-04-12T11:47:40.094+0100: 1800.603: Total time for which application threads were stopped: 0.0001232 seconds, Stopping threads took: 0.0000308 seconds
2016-04-12T11:47:40.095+0100: 1800.603: Total time for which application threads were stopped: 0.0001153 seconds, Stopping threads took: 0.0000284 seconds
2016-04-12T11:47:40.095+0100: 1800.603: Total time for which application threads were stopped: 0.0001177 seconds, Stopping threads took: 0.0000276 seconds
2016-04-12T11:47:40.095+0100: 1800.604: Total time for which application threads were stopped: 0.0001327 seconds, Stopping threads took: 0.0000340 seconds
2016-04-12T11:47:40.096+0100: 1800.604: Total time for which application threads were stopped: 0.0001192 seconds, Stopping threads took: 0.0000284 seconds
2016-04-12T11:47:40.096+0100: 1800.605: Total time for which application threads were stopped: 0.0005101 seconds, Stopping threads took: 0.0002448 seconds
2016-04-12T11:47:41.097+0100: 1801.606: Total time for which application threads were stopped: 0.0001800 seconds, Stopping threads took: 0.0000474 seconds
2016-04-12T11:47:45.097+0100: 1805.606: Total time for which application threads were stopped: 0.0001587 seconds, Stopping threads took: 0.0000482 seconds
2016-04-12T11:50:16.793+0100: 1957.332: Total time for which application threads were stopped: 0.0002598 seconds, Stopping threads took: 0.0000703 seconds
2016-04-12T11:50:16.798+0100: 1957.337: Total time for which application threads were stopped: 0.0002235 seconds, Stopping threads took: 0.0000876 seconds
2016-04-12T11:50:17.777+0100: 1958.317: Total time for which application threads were stopped: 0.0003206 seconds, Stopping threads took: 0.0000513 seconds
2016-04-12T11:50:17.779+0100: 1958.319: Total time for which application threads were stopped: 0.0001579 seconds, Stopping threads took: 0.0000450 seconds
2016-04-12T11:50:17.798+0100: 1958.338: Total time for which application threads were stopped: 0.0001998 seconds, Stopping threads took: 0.0000584 seconds
2016-04-12T11:50:17.802+0100: 1958.342: Total time for which application threads were stopped: 0.0003269 seconds, Stopping threads took: 0.0002006 seconds
2016-04-12T11:50:17.922+0100: 1958.461: Total time for which application threads were stopped: 0.0002408 seconds, Stopping threads took: 0.0000442 seconds
2016-04-12T11:50:17.923+0100: 1958.462: Total time for which application threads were stopped: 0.0001382 seconds, Stopping threads took: 0.0000411 seconds
2016-04-12T11:50:17.923+0100: 1958.463: Total time for which application threads were stopped: 0.0000963 seconds, Stopping threads took: 0.0000268 seconds
2016-04-12T11:50:18.923+0100: 1959.463: Total time for which application threads were stopped: 0.0001800 seconds, Stopping threads took: 0.0000490 seconds
2016-04-12T11:50:45.756+0100: 1986.295: Total time for which application threads were stopped: 0.0001990 seconds, Stopping threads took: 0.0000553 seconds
2016-04-12T11:50:45.760+0100: 1986.299: Total time for which application threads were stopped: 0.0002108 seconds, Stopping threads took: 0.0000884 seconds
2016-04-12T11:50:45.760+0100: 1986.299: Total time for which application threads were stopped: 0.0001050 seconds, Stopping threads took: 0.0000379 seconds
2016-04-12T11:50:46.939+0100: 1987.478: Total time for which application threads were stopped: 0.0001729 seconds, Stopping threads took: 0.0000482 seconds
2016-04-12T11:50:46.956+0100: 1987.495: Total time for which application threads were stopped: 0.0002069 seconds, Stopping threads took: 0.0000648 seconds
2016-04-12T11:50:46.968+0100: 1987.508: Total time for which application threads were stopped: 0.0001966 seconds, Stopping threads took: 0.0000576 seconds
2016-04-12T11:50:47.061+0100: 1987.600: Total time for which application threads were stopped: 0.0001887 seconds, Stopping threads took: 0.0000537 seconds
2016-04-12T11:50:47.062+0100: 1987.602: Total time for which application threads were stopped: 0.0001421 seconds, Stopping threads took: 0.0000403 seconds
2016-04-12T11:50:47.063+0100: 1987.602: Total time for which application threads were stopped: 0.0001177 seconds, Stopping threads took: 0.0000347 seconds
2016-04-12T11:50:47.210+0100: 1987.749: Total time for which application threads were stopped: 0.0002456 seconds, Stopping threads took: 0.0001121 seconds
2016-04-12T11:50:47.210+0100: 1987.750: Total time for which application threads were stopped: 0.0000987 seconds, Stopping threads took: 0.0000308 seconds
2016-04-12T11:50:47.210+0100: 1987.750: Total time for which application threads were stopped: 0.0000955 seconds, Stopping threads took: 0.0000300 seconds
2016-04-12T11:50:47.210+0100: 1987.750: Total time for which application threads were stopped: 0.0000940 seconds, Stopping threads took: 0.0000284 seconds
2016-04-12T11:50:47.211+0100: 1987.750: Total time for which application threads were stopped: 0.0001121 seconds, Stopping threads took: 0.0000371 seconds
2016-04-12T11:50:47.211+0100: 1987.751: Total time for which application threads were stopped: 0.0000948 seconds, Stopping threads took: 0.0000292 seconds
2016-04-12T11:50:47.211+0100: 1987.751: Total time for which application threads were stopped: 0.0001011 seconds, Stopping threads took: 0.0000292 seconds
2016-04-12T11:50:48.211+0100: 1988.750: Total time for which application threads were stopped: 0.0001556 seconds, Stopping threads took: 0.0000466 seconds
2016-04-12T11:50:51.211+0100: 1991.750: Total time for which application threads were stopped: 0.0001595 seconds, Stopping threads took: 0.0000466 seconds
2016-04-12T11:51:07.215+0100: 2007.754: Total time for which application threads were stopped: 0.0001650 seconds, Stopping threads took: 0.0000505 seconds
2016-04-12T11:59:16.183+0100: 2496.735: Total time for which application threads were stopped: 0.0002511 seconds, Stopping threads took: 0.0000655 seconds
2016-04-12T11:59:16.186+0100: 2496.738: Total time for which application threads were stopped: 0.0001658 seconds, Stopping threads took: 0.0000403 seconds
2016-04-12T11:59:16.443+0100: 2496.995: Total time for which application threads were stopped: 0.0001777 seconds, Stopping threads took: 0.0000450 seconds
2016-04-12T11:59:16.445+0100: 2496.997: Total time for which application threads were stopped: 0.0002006 seconds, Stopping threads took: 0.0000553 seconds
2016-04-12T11:59:16.643+0100: 2497.195: Total time for which application threads were stopped: 0.0001966 seconds, Stopping threads took: 0.0000474 seconds
2016-04-12T11:59:16.695+0100: 2497.247: Total time for which application threads were stopped: 0.0002582 seconds, Stopping threads took: 0.0000521 seconds
2016-04-12T11:59:16.699+0100: 2497.250: Total time for which application threads were stopped: 0.0001548 seconds, Stopping threads took: 0.0000434 seconds
2016-04-12T11:59:16.700+0100: 2497.251: Total time for which application threads were stopped: 0.0001342 seconds, Stopping threads took: 0.0000395 seconds
2016-04-12T11:59:16.940+0100: 2497.492: Total time for which application threads were stopped: 0.0001887 seconds, Stopping threads took: 0.0000490 seconds
2016-04-12T11:59:16.941+0100: 2497.492: Total time for which application threads were stopped: 0.0000940 seconds, Stopping threads took: 0.0000237 seconds
2016-04-12T11:59:16.941+0100: 2497.492: Total time for which application threads were stopped: 0.0000869 seconds, Stopping threads took: 0.0000213 seconds
2016-04-12T11:59:16.941+0100: 2497.492: Total time for which application threads were stopped: 0.0000908 seconds, Stopping threads took: 0.0000205 seconds
2016-04-12T11:59:18.941+0100: 2499.492: Total time for which application threads were stopped: 0.0001792 seconds, Stopping threads took: 0.0000592 seconds
2016-04-12T12:02:48.167+0100: 2708.729: Total time for which application threads were stopped: 0.0002953 seconds, Stopping threads took: 0.0001192 seconds
2016-04-12T12:02:48.174+0100: 2708.735: Total time for which application threads were stopped: 0.0001792 seconds, Stopping threads took: 0.0000434 seconds
2016-04-12T12:02:48.216+0100: 2708.777: Total time for which application threads were stopped: 0.0001698 seconds, Stopping threads took: 0.0000442 seconds
2016-04-12T12:02:48.216+0100: 2708.778: Total time for which application threads were stopped: 0.0001034 seconds, Stopping threads took: 0.0000253 seconds
2016-04-12T12:02:48.218+0100: 2708.780: Total time for which application threads were stopped: 0.0001232 seconds, Stopping threads took: 0.0000363 seconds
2016-04-12T12:02:48.220+0100: 2708.782: Total time for which application threads were stopped: 0.0001263 seconds, Stopping threads took: 0.0000332 seconds
2016-04-12T12:02:48.220+0100: 2708.782: Total time for which application threads were stopped: 0.0000861 seconds, Stopping threads took: 0.0000205 seconds
2016-04-12T12:02:48.220+0100: 2708.782: Total time for which application threads were stopped: 0.0000845 seconds, Stopping threads took: 0.0000197 seconds
2016-04-12T12:02:48.221+0100: 2708.783: Total time for which application threads were stopped: 0.0000971 seconds, Stopping threads took: 0.0000237 seconds
2016-04-12T12:02:48.222+0100: 2708.783: Total time for which application threads were stopped: 0.0000971 seconds, Stopping threads took: 0.0000268 seconds
2016-04-12T12:02:48.222+0100: 2708.784: Total time for which application threads were stopped: 0.0002408 seconds, Stopping threads took: 0.0000205 seconds
2016-04-12T12:02:48.236+0100: 2708.798: Total time for which application threads were stopped: 0.0002156 seconds, Stopping threads took: 0.0000482 seconds
2016-04-12T12:02:48.244+0100: 2708.805: Total time for which application threads were stopped: 0.0001429 seconds, Stopping threads took: 0.0000442 seconds
2016-04-12T12:02:48.244+0100: 2708.806: Total time for which application threads were stopped: 0.0000971 seconds, Stopping threads took: 0.0000268 seconds
2016-04-12T12:02:48.247+0100: 2708.808: Total time for which application threads were stopped: 0.0001761 seconds, Stopping threads took: 0.0000371 seconds
2016-04-12T12:02:48.247+0100: 2708.809: Total time for which application threads were stopped: 0.0000908 seconds, Stopping threads took: 0.0000276 seconds
2016-04-12T12:02:48.248+0100: 2708.810: Total time for which application threads were stopped: 0.0000869 seconds, Stopping threads took: 0.0000261 seconds
2016-04-12T12:02:48.250+0100: 2708.812: Total time for which application threads were stopped: 0.0001445 seconds, Stopping threads took: 0.0000513 seconds
2016-04-12T12:02:48.262+0100: 2708.823: Total time for which application threads were stopped: 0.0020136 seconds, Stopping threads took: 0.0019228 seconds
2016-04-12T12:02:48.262+0100: 2708.824: Total time for which application threads were stopped: 0.0002156 seconds, Stopping threads took: 0.0001745 seconds
2016-04-12T12:02:48.264+0100: 2708.826: Total time for which application threads were stopped: 0.0000853 seconds, Stopping threads took: 0.0000276 seconds
2016-04-12T12:02:48.265+0100: 2708.826: Total time for which application threads were stopped: 0.0000608 seconds, Stopping threads took: 0.0000190 seconds
2016-04-12T12:02:48.265+0100: 2708.826: Total time for which application threads were stopped: 0.0000513 seconds, Stopping threads took: 0.0000174 seconds
Heap
 par new generation   total 109248K, used 69938K [0x00000000e0000000, 0x00000000e8000000, 0x00000000e8000000)
  eden space 87424K,  55% used [0x00000000e0000000, 0x00000000e2efc848, 0x00000000e5560000)
  from space 21824K, 100% used [0x00000000e6ab0000, 0x00000000e8000000, 0x00000000e8000000)
  to   space 21824K,   0% used [0x00000000e5560000, 0x00000000e5560000, 0x00000000e6ab0000)
 concurrent mark-sweep generation total 393216K, used 3904K [0x00000000e8000000, 0x0000000100000000, 0x0000000100000000)
 Metaspace       used 37262K, capacity 37733K, committed 38144K, reserved 1083392K
  class space    used 4299K, capacity 4447K, committed 4528K, reserved 1048576K
