Java HotSpot(TM) 64-Bit Server VM (25.73-b02) for windows-amd64 JRE (1.8.0_73-b02), built on Jan 29 2016 17:38:49 by "java_re" with MS VC++ 10.0 (VS2010)
Memory: 4k page, physical 4027256k(1194884k free), swap 8052676k(1823660k free)
CommandLine flags: -XX:CMSInitiatingOccupancyFraction=50 -XX:CMSMaxAbortablePrecleanTime=6000 -XX:+CMSParallelRemarkEnabled -XX:+CMSScavengeBeforeRemark -XX:ConcGCThreads=4 -XX:InitialHeapSize=536870912 -XX:MaxHeapSize=536870912 -XX:MaxTenuringThreshold=8 -XX:NewRatio=3 -XX:OldPLABSize=16 -XX:ParallelGCThreads=4 -XX:+ParallelRefProcEnabled -XX:PretenureSizeThreshold=67108864 -XX:+PrintGC -XX:+PrintGCApplicationStoppedTime -XX:+PrintGCDateStamps -XX:+PrintGCDetails -XX:+PrintGCTimeStamps -XX:+PrintHeapAtGC -XX:+PrintTenuringDistribution -XX:SurvivorRatio=4 -XX:TargetSurvivorRatio=90 -XX:ThreadStackSize=256 -XX:+UseCMSInitiatingOccupancyOnly -XX:+UseCompressedClassPointers -XX:+UseCompressedOops -XX:+UseConcMarkSweepGC -XX:-UseLargePagesIndividualAllocation -XX:+UseParNewGC 
2016-02-29T15:50:01.291+0000: 1.062: Total time for which application threads were stopped: 0.0002314 seconds, Stopping threads took: 0.0000616 seconds
2016-02-29T15:50:01.648+0000: 1.419: Total time for which application threads were stopped: 0.0002385 seconds, Stopping threads took: 0.0000434 seconds
2016-02-29T15:50:01.724+0000: 1.495: Total time for which application threads were stopped: 0.0002037 seconds, Stopping threads took: 0.0000434 seconds
2016-02-29T15:50:02.434+0000: 2.205: Total time for which application threads were stopped: 0.0002637 seconds, Stopping threads took: 0.0000442 seconds
2016-02-29T15:50:02.629+0000: 2.400: Total time for which application threads were stopped: 0.0003324 seconds, Stopping threads took: 0.0000561 seconds
2016-02-29T15:50:02.729+0000: 2.500: Total time for which application threads were stopped: 0.0002708 seconds, Stopping threads took: 0.0000482 seconds
2016-02-29T15:50:03.730+0000: 3.502: Total time for which application threads were stopped: 0.0001587 seconds, Stopping threads took: 0.0000466 seconds
{Heap before GC invocations=0 (full 0):
 par new generation   total 109248K, used 87424K [0x00000000e0000000, 0x00000000e8000000, 0x00000000e8000000)
  eden space 87424K, 100% used [0x00000000e0000000, 0x00000000e5560000, 0x00000000e5560000)
  from space 21824K,   0% used [0x00000000e5560000, 0x00000000e5560000, 0x00000000e6ab0000)
  to   space 21824K,   0% used [0x00000000e6ab0000, 0x00000000e6ab0000, 0x00000000e8000000)
 concurrent mark-sweep generation total 393216K, used 0K [0x00000000e8000000, 0x0000000100000000, 0x0000000100000000)
 Metaspace       used 10114K, capacity 10280K, committed 10496K, reserved 1058816K
  class space    used 1166K, capacity 1212K, committed 1280K, reserved 1048576K
2016-02-29T15:50:03.963+0000: 3.734: [GC (Allocation Failure) 2016-02-29T15:50:03.963+0000: 3.734: [ParNew
Desired survivor size 20112992 bytes, new threshold 8 (max 8)
- age   1:    5744264 bytes,    5744264 total
: 87424K->5681K(109248K), 0.0287412 secs] 87424K->5681K(502464K), 0.0290926 secs] [Times: user=0.06 sys=0.00, real=0.03 secs] 
Heap after GC invocations=1 (full 0):
 par new generation   total 109248K, used 5681K [0x00000000e0000000, 0x00000000e8000000, 0x00000000e8000000)
  eden space 87424K,   0% used [0x00000000e0000000, 0x00000000e0000000, 0x00000000e5560000)
  from space 21824K,  26% used [0x00000000e6ab0000, 0x00000000e703c7e0, 0x00000000e8000000)
  to   space 21824K,   0% used [0x00000000e5560000, 0x00000000e5560000, 0x00000000e6ab0000)
 concurrent mark-sweep generation total 393216K, used 0K [0x00000000e8000000, 0x0000000100000000, 0x0000000100000000)
 Metaspace       used 10114K, capacity 10280K, committed 10496K, reserved 1058816K
  class space    used 1166K, capacity 1212K, committed 1280K, reserved 1048576K
}
2016-02-29T15:50:03.992+0000: 3.763: Total time for which application threads were stopped: 0.0295127 seconds, Stopping threads took: 0.0000561 seconds
2016-02-29T15:50:04.484+0000: 4.255: Total time for which application threads were stopped: 0.0003230 seconds, Stopping threads took: 0.0000379 seconds
2016-02-29T15:50:04.592+0000: 4.367: Total time for which application threads were stopped: 0.0003261 seconds, Stopping threads took: 0.0000403 seconds
2016-02-29T15:50:04.622+0000: 4.393: Total time for which application threads were stopped: 0.0003545 seconds, Stopping threads took: 0.0000687 seconds
2016-02-29T15:50:04.924+0000: 4.695: Total time for which application threads were stopped: 0.0004122 seconds, Stopping threads took: 0.0000395 seconds
2016-02-29T15:50:04.926+0000: 4.697: Total time for which application threads were stopped: 0.0002100 seconds, Stopping threads took: 0.0000237 seconds
2016-02-29T15:50:04.927+0000: 4.705: Total time for which application threads were stopped: 0.0002922 seconds, Stopping threads took: 0.0000308 seconds
2016-02-29T15:50:05.511+0000: 5.282: Total time for which application threads were stopped: 0.0047512 seconds, Stopping threads took: 0.0045057 seconds
2016-02-29T15:50:05.511+0000: 5.282: Total time for which application threads were stopped: 0.0001642 seconds, Stopping threads took: 0.0000403 seconds
2016-02-29T15:50:05.515+0000: 5.286: Total time for which application threads were stopped: 0.0001958 seconds, Stopping threads took: 0.0000403 seconds
2016-02-29T15:50:05.522+0000: 5.293: Total time for which application threads were stopped: 0.0009033 seconds, Stopping threads took: 0.0007415 seconds
2016-02-29T15:50:05.537+0000: 5.309: Total time for which application threads were stopped: 0.0004493 seconds, Stopping threads took: 0.0000513 seconds
2016-02-29T15:50:05.547+0000: 5.323: Total time for which application threads were stopped: 0.0004611 seconds, Stopping threads took: 0.0002914 seconds
2016-02-29T15:50:05.547+0000: 5.323: Total time for which application threads were stopped: 0.0001295 seconds, Stopping threads took: 0.0000276 seconds
2016-02-29T15:50:05.547+0000: 5.323: Total time for which application threads were stopped: 0.0001011 seconds, Stopping threads took: 0.0000205 seconds
2016-02-29T15:50:05.579+0000: 5.350: Total time for which application threads were stopped: 0.0001982 seconds, Stopping threads took: 0.0000490 seconds
2016-02-29T15:50:05.579+0000: 5.350: Total time for which application threads were stopped: 0.0000703 seconds, Stopping threads took: 0.0000284 seconds
2016-02-29T15:50:05.667+0000: 5.438: Total time for which application threads were stopped: 0.0001366 seconds, Stopping threads took: 0.0000474 seconds
2016-02-29T15:50:05.669+0000: 5.440: Total time for which application threads were stopped: 0.0001034 seconds, Stopping threads took: 0.0000371 seconds
2016-02-29T15:50:05.669+0000: 5.440: Total time for which application threads were stopped: 0.0000734 seconds, Stopping threads took: 0.0000237 seconds
2016-02-29T15:50:05.669+0000: 5.440: Total time for which application threads were stopped: 0.0000782 seconds, Stopping threads took: 0.0000268 seconds
2016-02-29T15:50:05.718+0000: 5.490: Total time for which application threads were stopped: 0.0001271 seconds, Stopping threads took: 0.0000450 seconds
2016-02-29T15:50:05.718+0000: 5.490: Total time for which application threads were stopped: 0.0000648 seconds, Stopping threads took: 0.0000197 seconds
2016-02-29T15:50:05.719+0000: 5.490: Total time for which application threads were stopped: 0.0000687 seconds, Stopping threads took: 0.0000205 seconds
2016-02-29T15:50:05.719+0000: 5.490: Total time for which application threads were stopped: 0.0000640 seconds, Stopping threads took: 0.0000190 seconds
2016-02-29T15:50:05.761+0000: 5.532: Total time for which application threads were stopped: 0.0001461 seconds, Stopping threads took: 0.0000529 seconds
2016-02-29T15:50:05.761+0000: 5.532: Total time for which application threads were stopped: 0.0000876 seconds, Stopping threads took: 0.0000284 seconds
2016-02-29T15:50:05.807+0000: 5.578: Total time for which application threads were stopped: 0.0040129 seconds, Stopping threads took: 0.0038969 seconds
2016-02-29T15:50:05.807+0000: 5.579: Total time for which application threads were stopped: 0.0001832 seconds, Stopping threads took: 0.0001145 seconds
2016-02-29T15:50:05.815+0000: 5.586: Total time for which application threads were stopped: 0.0001477 seconds, Stopping threads took: 0.0000584 seconds
2016-02-29T15:50:05.815+0000: 5.586: Total time for which application threads were stopped: 0.0000798 seconds, Stopping threads took: 0.0000300 seconds
2016-02-29T15:50:05.815+0000: 5.586: Total time for which application threads were stopped: 0.0000884 seconds, Stopping threads took: 0.0000371 seconds
2016-02-29T15:50:05.815+0000: 5.586: Total time for which application threads were stopped: 0.0000782 seconds, Stopping threads took: 0.0000292 seconds
2016-02-29T15:50:05.817+0000: 5.588: Total time for which application threads were stopped: 0.0003767 seconds, Stopping threads took: 0.0002780 seconds
2016-02-29T15:50:05.817+0000: 5.588: Total time for which application threads were stopped: 0.0001516 seconds, Stopping threads took: 0.0001058 seconds
2016-02-29T15:50:05.817+0000: 5.588: Total time for which application threads were stopped: 0.0000884 seconds, Stopping threads took: 0.0000426 seconds
2016-02-29T15:50:05.817+0000: 5.588: Total time for which application threads were stopped: 0.0000742 seconds, Stopping threads took: 0.0000292 seconds
2016-02-29T15:50:05.818+0000: 5.589: Total time for which application threads were stopped: 0.0000995 seconds, Stopping threads took: 0.0000395 seconds
2016-02-29T15:50:05.888+0000: 5.659: Total time for which application threads were stopped: 0.0016843 seconds, Stopping threads took: 0.0015801 seconds
2016-02-29T15:50:05.945+0000: 5.717: Total time for which application threads were stopped: 0.0001485 seconds, Stopping threads took: 0.0000616 seconds
2016-02-29T15:50:05.946+0000: 5.717: Total time for which application threads were stopped: 0.0000837 seconds, Stopping threads took: 0.0000284 seconds
2016-02-29T15:50:05.946+0000: 5.718: Total time for which application threads were stopped: 0.0003932 seconds, Stopping threads took: 0.0000355 seconds
2016-02-29T15:50:05.980+0000: 5.751: Total time for which application threads were stopped: 0.0025181 seconds, Stopping threads took: 0.0024092 seconds
2016-02-29T15:50:05.980+0000: 5.751: Total time for which application threads were stopped: 0.0000813 seconds, Stopping threads took: 0.0000324 seconds
2016-02-29T15:50:05.982+0000: 5.754: Total time for which application threads were stopped: 0.0003032 seconds, Stopping threads took: 0.0000426 seconds
2016-02-29T15:50:05.989+0000: 5.760: Total time for which application threads were stopped: 0.0001611 seconds, Stopping threads took: 0.0000497 seconds
2016-02-29T15:50:06.033+0000: 5.804: Total time for which application threads were stopped: 0.0004856 seconds, Stopping threads took: 0.0000529 seconds
{Heap before GC invocations=1 (full 0):
 par new generation   total 109248K, used 93105K [0x00000000e0000000, 0x00000000e8000000, 0x00000000e8000000)
  eden space 87424K,  99% used [0x00000000e0000000, 0x00000000e555fef8, 0x00000000e5560000)
  from space 21824K,  26% used [0x00000000e6ab0000, 0x00000000e703c7e0, 0x00000000e8000000)
  to   space 21824K,   0% used [0x00000000e5560000, 0x00000000e5560000, 0x00000000e6ab0000)
 concurrent mark-sweep generation total 393216K, used 0K [0x00000000e8000000, 0x0000000100000000, 0x0000000100000000)
 Metaspace       used 20543K, capacity 20788K, committed 21120K, reserved 1067008K
  class space    used 2463K, capacity 2584K, committed 2688K, reserved 1048576K
2016-02-29T15:50:06.300+0000: 6.072: [GC (Allocation Failure) 2016-02-29T15:50:06.301+0000: 6.072: [ParNew
Desired survivor size 20112992 bytes, new threshold 8 (max 8)
- age   1:    8795136 bytes,    8795136 total
- age   2:    2552880 bytes,   11348016 total
: 93105K->12347K(109248K), 0.0351270 secs] 93105K->12347K(502464K), 0.0352636 secs] [Times: user=0.06 sys=0.00, real=0.04 secs] 
Heap after GC invocations=2 (full 0):
 par new generation   total 109248K, used 12347K [0x00000000e0000000, 0x00000000e8000000, 0x00000000e8000000)
  eden space 87424K,   0% used [0x00000000e0000000, 0x00000000e0000000, 0x00000000e5560000)
  from space 21824K,  56% used [0x00000000e5560000, 0x00000000e616ec68, 0x00000000e6ab0000)
  to   space 21824K,   0% used [0x00000000e6ab0000, 0x00000000e6ab0000, 0x00000000e8000000)
 concurrent mark-sweep generation total 393216K, used 0K [0x00000000e8000000, 0x0000000100000000, 0x0000000100000000)
 Metaspace       used 20543K, capacity 20788K, committed 21120K, reserved 1067008K
  class space    used 2463K, capacity 2584K, committed 2688K, reserved 1048576K
}
2016-02-29T15:50:06.336+0000: 6.107: Total time for which application threads were stopped: 0.0357326 seconds, Stopping threads took: 0.0000434 seconds
2016-02-29T15:50:06.338+0000: 6.109: Total time for which application threads were stopped: 0.0001571 seconds, Stopping threads took: 0.0000561 seconds
2016-02-29T15:50:06.340+0000: 6.111: Total time for which application threads were stopped: 0.0000900 seconds, Stopping threads took: 0.0000363 seconds
2016-02-29T15:50:06.394+0000: 6.165: Total time for which application threads were stopped: 0.0004367 seconds, Stopping threads took: 0.0000442 seconds
2016-02-29T15:50:06.408+0000: 6.179: Total time for which application threads were stopped: 0.0001627 seconds, Stopping threads took: 0.0000592 seconds
2016-02-29T15:50:06.668+0000: 6.440: Total time for which application threads were stopped: 0.0002369 seconds, Stopping threads took: 0.0000608 seconds
2016-02-29T15:50:06.713+0000: 6.484: Total time for which application threads were stopped: 0.0001753 seconds, Stopping threads took: 0.0000442 seconds
2016-02-29T15:50:06.752+0000: 6.523: Total time for which application threads were stopped: 0.0014221 seconds, Stopping threads took: 0.0009768 seconds
2016-02-29T15:50:06.797+0000: 6.568: Total time for which application threads were stopped: 0.0001824 seconds, Stopping threads took: 0.0000584 seconds
2016-02-29T15:50:07.036+0000: 6.807: Total time for which application threads were stopped: 0.0001698 seconds, Stopping threads took: 0.0000497 seconds
2016-02-29T15:50:07.037+0000: 6.809: Total time for which application threads were stopped: 0.0001445 seconds, Stopping threads took: 0.0000474 seconds
2016-02-29T15:50:07.109+0000: 6.880: Total time for which application threads were stopped: 0.0001619 seconds, Stopping threads took: 0.0000648 seconds
2016-02-29T15:50:07.110+0000: 6.881: Total time for which application threads were stopped: 0.0001224 seconds, Stopping threads took: 0.0000387 seconds
2016-02-29T15:50:07.181+0000: 6.952: Total time for which application threads were stopped: 0.0002211 seconds, Stopping threads took: 0.0000616 seconds
2016-02-29T15:50:07.328+0000: 7.099: Total time for which application threads were stopped: 0.0001516 seconds, Stopping threads took: 0.0000419 seconds
2016-02-29T15:50:07.506+0000: 7.277: Total time for which application threads were stopped: 0.0002574 seconds, Stopping threads took: 0.0001153 seconds
2016-02-29T15:50:07.523+0000: 7.294: Total time for which application threads were stopped: 0.0001311 seconds, Stopping threads took: 0.0000426 seconds
2016-02-29T15:50:07.525+0000: 7.297: Total time for which application threads were stopped: 0.0001832 seconds, Stopping threads took: 0.0000576 seconds
{Heap before GC invocations=2 (full 0):
 par new generation   total 109248K, used 99771K [0x00000000e0000000, 0x00000000e8000000, 0x00000000e8000000)
  eden space 87424K, 100% used [0x00000000e0000000, 0x00000000e5560000, 0x00000000e5560000)
  from space 21824K,  56% used [0x00000000e5560000, 0x00000000e616ec68, 0x00000000e6ab0000)
  to   space 21824K,   0% used [0x00000000e6ab0000, 0x00000000e6ab0000, 0x00000000e8000000)
 concurrent mark-sweep generation total 393216K, used 0K [0x00000000e8000000, 0x0000000100000000, 0x0000000100000000)
 Metaspace       used 22548K, capacity 22880K, committed 23212K, reserved 1069056K
  class space    used 2696K, capacity 2810K, committed 2816K, reserved 1048576K
2016-02-29T15:50:07.546+0000: 7.317: [GC (Allocation Failure) 2016-02-29T15:50:07.546+0000: 7.317: [ParNew
Desired survivor size 20112992 bytes, new threshold 8 (max 8)
- age   1:    2224360 bytes,    2224360 total
- age   2:    2695480 bytes,    4919840 total
- age   3:    2548744 bytes,    7468584 total
: 99771K->11444K(109248K), 0.0280581 secs] 99771K->11444K(502464K), 0.0282477 secs] [Times: user=0.06 sys=0.00, real=0.03 secs] 
Heap after GC invocations=3 (full 0):
 par new generation   total 109248K, used 11444K [0x00000000e0000000, 0x00000000e8000000, 0x00000000e8000000)
  eden space 87424K,   0% used [0x00000000e0000000, 0x00000000e0000000, 0x00000000e5560000)
  from space 21824K,  52% used [0x00000000e6ab0000, 0x00000000e75dd180, 0x00000000e8000000)
  to   space 21824K,   0% used [0x00000000e5560000, 0x00000000e5560000, 0x00000000e6ab0000)
 concurrent mark-sweep generation total 393216K, used 0K [0x00000000e8000000, 0x0000000100000000, 0x0000000100000000)
 Metaspace       used 22548K, capacity 22880K, committed 23212K, reserved 1069056K
  class space    used 2696K, capacity 2810K, committed 2816K, reserved 1048576K
}
2016-02-29T15:50:07.574+0000: 7.345: Total time for which application threads were stopped: 0.0286922 seconds, Stopping threads took: 0.0000458 seconds
2016-02-29T15:50:07.574+0000: 7.346: [GC (CMS Initial Mark) [1 CMS-initial-mark: 0K(393216K)] 11454K(502464K), 0.0080906 secs] [Times: user=0.03 sys=0.00, real=0.01 secs] 
2016-02-29T15:50:07.583+0000: 7.354: Total time for which application threads were stopped: 0.0082991 seconds, Stopping threads took: 0.0000450 seconds
2016-02-29T15:50:07.583+0000: 7.354: [CMS-concurrent-mark-start]
2016-02-29T15:50:07.584+0000: 7.355: [CMS-concurrent-mark: 0.001/0.001 secs] [Times: user=0.00 sys=0.00, real=0.00 secs] 
2016-02-29T15:50:07.584+0000: 7.355: [CMS-concurrent-preclean-start]
2016-02-29T15:50:07.587+0000: 7.358: [CMS-concurrent-preclean: 0.002/0.003 secs] [Times: user=0.00 sys=0.00, real=0.00 secs] 
2016-02-29T15:50:07.587+0000: 7.359: Total time for which application threads were stopped: 0.0002353 seconds, Stopping threads took: 0.0000648 seconds
2016-02-29T15:50:07.588+0000: 7.359: [GC (CMS Final Remark) [YG occupancy: 12399 K (109248 K)]{Heap before GC invocations=3 (full 1):
 par new generation   total 109248K, used 12399K [0x00000000e0000000, 0x00000000e8000000, 0x00000000e8000000)
  eden space 87424K,   1% used [0x00000000e0000000, 0x00000000e00eeb40, 0x00000000e5560000)
  from space 21824K,  52% used [0x00000000e6ab0000, 0x00000000e75dd180, 0x00000000e8000000)
  to   space 21824K,   0% used [0x00000000e5560000, 0x00000000e5560000, 0x00000000e6ab0000)
 concurrent mark-sweep generation total 393216K, used 0K [0x00000000e8000000, 0x0000000100000000, 0x0000000100000000)
 Metaspace       used 22550K, capacity 22880K, committed 23212K, reserved 1069056K
  class space    used 2697K, capacity 2810K, committed 2816K, reserved 1048576K
2016-02-29T15:50:07.588+0000: 7.359: [GC (CMS Final Remark) 2016-02-29T15:50:07.588+0000: 7.359: [ParNew
Desired survivor size 20112992 bytes, new threshold 8 (max 8)
- age   1:     324712 bytes,     324712 total
- age   2:    1761776 bytes,    2086488 total
- age   3:    2695480 bytes,    4781968 total
- age   4:    2548712 bytes,    7330680 total
: 12399K->8224K(109248K), 0.0248972 secs] 12399K->8224K(502464K), 0.0250023 secs] [Times: user=0.05 sys=0.00, real=0.02 secs] 
Heap after GC invocations=4 (full 1):
 par new generation   total 109248K, used 8224K [0x00000000e0000000, 0x00000000e8000000, 0x00000000e8000000)
  eden space 87424K,   0% used [0x00000000e0000000, 0x00000000e0000000, 0x00000000e5560000)
  from space 21824K,  37% used [0x00000000e5560000, 0x00000000e5d68200, 0x00000000e6ab0000)
  to   space 21824K,   0% used [0x00000000e6ab0000, 0x00000000e6ab0000, 0x00000000e8000000)
 concurrent mark-sweep generation total 393216K, used 0K [0x00000000e8000000, 0x0000000100000000, 0x0000000100000000)
 Metaspace       used 22550K, capacity 22880K, committed 23212K, reserved 1069056K
  class space    used 2697K, capacity 2810K, committed 2816K, reserved 1048576K
}
2016-02-29T15:50:07.613+0000: 7.385: [Rescan (parallel) , 0.0078782 secs]2016-02-29T15:50:07.621+0000: 7.392: [weak refs processing, 0.0019370 secs]2016-02-29T15:50:07.623+0000: 7.394: [class unloading, 0.0068382 secs]2016-02-29T15:50:07.629+0000: 7.401: [scrub symbol table, 0.0079951 secs]2016-02-29T15:50:07.629+0000: 7.409: [scrub string table, 0.0007928 secs][1 CMS-remark: 0K(393216K)] 8224K(502464K), 0.0522771 secs] [Times: user=0.06 sys=0.00, real=0.05 secs] 
2016-02-29T15:50:07.639+0000: 7.412: Total time for which application threads were stopped: 0.0526190 seconds, Stopping threads took: 0.0002053 seconds
2016-02-29T15:50:07.649+0000: 7.423: [CMS-concurrent-sweep-start]
2016-02-29T15:50:07.649+0000: 7.423: [CMS-concurrent-sweep: 0.000/0.000 secs] [Times: user=0.00 sys=0.00, real=0.00 secs] 
2016-02-29T15:50:07.649+0000: 7.423: [CMS-concurrent-reset-start]
2016-02-29T15:50:07.649+0000: 7.428: [CMS-concurrent-reset: 0.004/0.004 secs] [Times: user=0.00 sys=0.00, real=0.00 secs] 
2016-02-29T15:50:07.761+0000: 7.540: Total time for which application threads were stopped: 0.0001453 seconds, Stopping threads took: 0.0000419 seconds
2016-02-29T15:50:07.761+0000: 7.540: Total time for which application threads were stopped: 0.0000774 seconds, Stopping threads took: 0.0000221 seconds
2016-02-29T15:50:07.771+0000: 7.547: Total time for which application threads were stopped: 0.0001477 seconds, Stopping threads took: 0.0000648 seconds
2016-02-29T15:50:07.771+0000: 7.547: Total time for which application threads were stopped: 0.0000861 seconds, Stopping threads took: 0.0000268 seconds
2016-02-29T15:50:07.771+0000: 7.548: Total time for which application threads were stopped: 0.0000726 seconds, Stopping threads took: 0.0000213 seconds
2016-02-29T15:50:07.913+0000: 7.684: Total time for which application threads were stopped: 0.0002132 seconds, Stopping threads took: 0.0000497 seconds
2016-02-29T15:50:07.925+0000: 7.697: Total time for which application threads were stopped: 0.0001745 seconds, Stopping threads took: 0.0000505 seconds
2016-02-29T15:50:07.928+0000: 7.699: Total time for which application threads were stopped: 0.0001635 seconds, Stopping threads took: 0.0000537 seconds
2016-02-29T15:50:07.929+0000: 7.701: Total time for which application threads were stopped: 0.0001390 seconds, Stopping threads took: 0.0000371 seconds
2016-02-29T15:50:07.935+0000: 7.706: Total time for which application threads were stopped: 0.0001350 seconds, Stopping threads took: 0.0000474 seconds
2016-02-29T15:50:07.947+0000: 7.718: Total time for which application threads were stopped: 0.0001595 seconds, Stopping threads took: 0.0000821 seconds
2016-02-29T15:50:07.948+0000: 7.720: Total time for which application threads were stopped: 0.0001019 seconds, Stopping threads took: 0.0000411 seconds
2016-02-29T15:50:07.955+0000: 7.727: Total time for which application threads were stopped: 0.0001421 seconds, Stopping threads took: 0.0000482 seconds
2016-02-29T15:50:07.956+0000: 7.727: Total time for which application threads were stopped: 0.0002164 seconds, Stopping threads took: 0.0000237 seconds
2016-02-29T15:50:07.957+0000: 7.728: Total time for which application threads were stopped: 0.0000971 seconds, Stopping threads took: 0.0000395 seconds
2016-02-29T15:50:25.640+0000: 25.412: Total time for which application threads were stopped: 0.0001698 seconds, Stopping threads took: 0.0000608 seconds
2016-02-29T15:50:25.640+0000: 25.412: Total time for which application threads were stopped: 0.0000876 seconds, Stopping threads took: 0.0000292 seconds
2016-02-29T15:50:25.652+0000: 25.423: Total time for which application threads were stopped: 0.0001492 seconds, Stopping threads took: 0.0000529 seconds
2016-02-29T15:50:25.652+0000: 25.423: Total time for which application threads were stopped: 0.0000798 seconds, Stopping threads took: 0.0000276 seconds
2016-02-29T15:50:25.653+0000: 25.424: Total time for which application threads were stopped: 0.0001011 seconds, Stopping threads took: 0.0000300 seconds
2016-02-29T15:50:25.654+0000: 25.425: Total time for which application threads were stopped: 0.0001129 seconds, Stopping threads took: 0.0000395 seconds
2016-02-29T15:50:25.655+0000: 25.426: Total time for which application threads were stopped: 0.0003782 seconds, Stopping threads took: 0.0002969 seconds
2016-02-29T15:50:25.655+0000: 25.426: Total time for which application threads were stopped: 0.0000790 seconds, Stopping threads took: 0.0000276 seconds
2016-02-29T15:50:25.656+0000: 25.426: Total time for which application threads were stopped: 0.0000876 seconds, Stopping threads took: 0.0000316 seconds
2016-02-29T15:50:25.656+0000: 25.426: Total time for which application threads were stopped: 0.0000766 seconds, Stopping threads took: 0.0000261 seconds
2016-02-29T15:50:25.656+0000: 25.427: Total time for which application threads were stopped: 0.0000861 seconds, Stopping threads took: 0.0000316 seconds
2016-02-29T15:50:25.656+0000: 25.427: Total time for which application threads were stopped: 0.0000987 seconds, Stopping threads took: 0.0000458 seconds
2016-02-29T15:50:25.658+0000: 25.428: Total time for which application threads were stopped: 0.0001153 seconds, Stopping threads took: 0.0000403 seconds
2016-02-29T15:50:25.775+0000: 25.545: Total time for which application threads were stopped: 0.0001524 seconds, Stopping threads took: 0.0000545 seconds
2016-02-29T15:50:25.776+0000: 25.546: Total time for which application threads were stopped: 0.0001027 seconds, Stopping threads took: 0.0000403 seconds
2016-02-29T15:50:25.798+0000: 25.568: Total time for which application threads were stopped: 0.0001358 seconds, Stopping threads took: 0.0000497 seconds
2016-02-29T15:50:25.804+0000: 25.574: Total time for which application threads were stopped: 0.0001413 seconds, Stopping threads took: 0.0000482 seconds
2016-02-29T15:50:25.809+0000: 25.579: Total time for which application threads were stopped: 0.0001413 seconds, Stopping threads took: 0.0000505 seconds
2016-02-29T15:50:25.814+0000: 25.584: Total time for which application threads were stopped: 0.0002993 seconds, Stopping threads took: 0.0001887 seconds
2016-02-29T15:50:25.823+0000: 25.593: Total time for which application threads were stopped: 0.0001540 seconds, Stopping threads took: 0.0000442 seconds
2016-02-29T15:50:25.866+0000: 25.637: Total time for which application threads were stopped: 0.0002598 seconds, Stopping threads took: 0.0000837 seconds
2016-02-29T15:50:25.880+0000: 25.651: Total time for which application threads were stopped: 0.0002693 seconds, Stopping threads took: 0.0000616 seconds
2016-02-29T15:50:25.895+0000: 25.665: Total time for which application threads were stopped: 0.0001935 seconds, Stopping threads took: 0.0000466 seconds
2016-02-29T15:50:25.900+0000: 25.670: Total time for which application threads were stopped: 0.0002148 seconds, Stopping threads took: 0.0000529 seconds
2016-02-29T15:50:25.901+0000: 25.671: Total time for which application threads were stopped: 0.0001690 seconds, Stopping threads took: 0.0000750 seconds
2016-02-29T15:50:25.902+0000: 25.672: Total time for which application threads were stopped: 0.0001848 seconds, Stopping threads took: 0.0000276 seconds
2016-02-29T15:50:25.902+0000: 25.673: Total time for which application threads were stopped: 0.0001042 seconds, Stopping threads took: 0.0000276 seconds
2016-02-29T15:50:25.910+0000: 25.681: Total time for which application threads were stopped: 0.0003688 seconds, Stopping threads took: 0.0000419 seconds
2016-02-29T15:50:25.915+0000: 25.685: Total time for which application threads were stopped: 0.0001453 seconds, Stopping threads took: 0.0000537 seconds
2016-02-29T15:50:25.917+0000: 25.687: Total time for which application threads were stopped: 0.0001263 seconds, Stopping threads took: 0.0000458 seconds
2016-02-29T15:50:26.028+0000: 25.799: Total time for which application threads were stopped: 0.0001461 seconds, Stopping threads took: 0.0000458 seconds
2016-02-29T15:50:26.097+0000: 25.867: Total time for which application threads were stopped: 0.0008868 seconds, Stopping threads took: 0.0007928 seconds
2016-02-29T15:50:26.126+0000: 25.896: Total time for which application threads were stopped: 0.0001453 seconds, Stopping threads took: 0.0000426 seconds
2016-02-29T15:50:26.126+0000: 25.897: Total time for which application threads were stopped: 0.0000948 seconds, Stopping threads took: 0.0000229 seconds
2016-02-29T15:50:26.126+0000: 25.897: Total time for which application threads were stopped: 0.0002645 seconds, Stopping threads took: 0.0000592 seconds
2016-02-29T15:50:26.177+0000: 25.947: Total time for which application threads were stopped: 0.0357879 seconds, Stopping threads took: 0.0354610 seconds
2016-02-29T15:50:26.450+0000: 26.221: Total time for which application threads were stopped: 0.0002369 seconds, Stopping threads took: 0.0001074 seconds
2016-02-29T15:50:26.576+0000: 26.346: Total time for which application threads were stopped: 0.0001477 seconds, Stopping threads took: 0.0000474 seconds
2016-02-29T15:50:26.577+0000: 26.347: Total time for which application threads were stopped: 0.0000782 seconds, Stopping threads took: 0.0000221 seconds
2016-02-29T15:50:26.577+0000: 26.348: Total time for which application threads were stopped: 0.0000734 seconds, Stopping threads took: 0.0000197 seconds
2016-02-29T15:50:26.577+0000: 26.348: Total time for which application threads were stopped: 0.0000726 seconds, Stopping threads took: 0.0000197 seconds
2016-02-29T15:50:26.578+0000: 26.348: Total time for which application threads were stopped: 0.0000876 seconds, Stopping threads took: 0.0000308 seconds
2016-02-29T15:50:26.579+0000: 26.350: Total time for which application threads were stopped: 0.0001761 seconds, Stopping threads took: 0.0000932 seconds
2016-02-29T15:50:26.580+0000: 26.351: Total time for which application threads were stopped: 0.0000876 seconds, Stopping threads took: 0.0000253 seconds
2016-02-29T15:50:26.580+0000: 26.351: Total time for which application threads were stopped: 0.0000758 seconds, Stopping threads took: 0.0000205 seconds
2016-02-29T15:50:26.581+0000: 26.351: Total time for which application threads were stopped: 0.0000782 seconds, Stopping threads took: 0.0000205 seconds
2016-02-29T15:50:26.581+0000: 26.351: Total time for which application threads were stopped: 0.0000750 seconds, Stopping threads took: 0.0000205 seconds
2016-02-29T15:50:26.581+0000: 26.351: Total time for which application threads were stopped: 0.0000742 seconds, Stopping threads took: 0.0000197 seconds
2016-02-29T15:50:26.581+0000: 26.352: Total time for which application threads were stopped: 0.0000845 seconds, Stopping threads took: 0.0000237 seconds
2016-02-29T15:50:26.584+0000: 26.354: Total time for which application threads were stopped: 0.0004983 seconds, Stopping threads took: 0.0004114 seconds
2016-02-29T15:50:34.600+0000: 34.370: Total time for which application threads were stopped: 0.0001437 seconds, Stopping threads took: 0.0000513 seconds
2016-02-29T15:50:39.563+0000: 39.334: Total time for which application threads were stopped: 0.0002440 seconds, Stopping threads took: 0.0001248 seconds
2016-02-29T15:50:39.571+0000: 39.342: Total time for which application threads were stopped: 0.0001256 seconds, Stopping threads took: 0.0000513 seconds
2016-02-29T15:50:39.571+0000: 39.342: Total time for which application threads were stopped: 0.0000711 seconds, Stopping threads took: 0.0000268 seconds
2016-02-29T15:50:39.572+0000: 39.343: Total time for which application threads were stopped: 0.0000790 seconds, Stopping threads took: 0.0000316 seconds
2016-02-29T15:50:39.612+0000: 39.383: Total time for which application threads were stopped: 0.0171280 seconds, Stopping threads took: 0.0170443 seconds
2016-02-29T15:50:39.615+0000: 39.386: Total time for which application threads were stopped: 0.0000829 seconds, Stopping threads took: 0.0000308 seconds
2016-02-29T15:50:39.615+0000: 39.386: Total time for which application threads were stopped: 0.0000616 seconds, Stopping threads took: 0.0000292 seconds
2016-02-29T15:50:39.615+0000: 39.386: Total time for which application threads were stopped: 0.0000655 seconds, Stopping threads took: 0.0000324 seconds
2016-02-29T15:50:39.615+0000: 39.386: Total time for which application threads were stopped: 0.0000553 seconds, Stopping threads took: 0.0000245 seconds
Heap
 par new generation   total 109248K, used 82302K [0x00000000e0000000, 0x00000000e8000000, 0x00000000e8000000)
  eden space 87424K,  84% used [0x00000000e0000000, 0x00000000e4857980, 0x00000000e5560000)
  from space 21824K,  37% used [0x00000000e5560000, 0x00000000e5d68200, 0x00000000e6ab0000)
  to   space 21824K,   0% used [0x00000000e6ab0000, 0x00000000e6ab0000, 0x00000000e8000000)
 concurrent mark-sweep generation total 393216K, used 0K [0x00000000e8000000, 0x0000000100000000, 0x0000000100000000)
 Metaspace       used 23387K, capacity 23732K, committed 23936K, reserved 1071104K
  class space    used 2794K, capacity 2942K, committed 2944K, reserved 1048576K
