Java HotSpot(TM) 64-Bit Server VM (25.73-b02) for windows-amd64 JRE (1.8.0_73-b02), built on Jan 29 2016 17:38:49 by "java_re" with MS VC++ 10.0 (VS2010)
Memory: 4k page, physical 4027256k(564208k free), swap 8052652k(3618392k free)
CommandLine flags: -XX:CMSInitiatingOccupancyFraction=50 -XX:CMSMaxAbortablePrecleanTime=6000 -XX:+CMSParallelRemarkEnabled -XX:+CMSScavengeBeforeRemark -XX:ConcGCThreads=4 -XX:InitialHeapSize=536870912 -XX:MaxHeapSize=536870912 -XX:MaxTenuringThreshold=8 -XX:NewRatio=3 -XX:OldPLABSize=16 -XX:ParallelGCThreads=4 -XX:+ParallelRefProcEnabled -XX:PretenureSizeThreshold=67108864 -XX:+PrintGC -XX:+PrintGCApplicationStoppedTime -XX:+PrintGCDateStamps -XX:+PrintGCDetails -XX:+PrintGCTimeStamps -XX:+PrintHeapAtGC -XX:+PrintTenuringDistribution -XX:SurvivorRatio=4 -XX:TargetSurvivorRatio=90 -XX:ThreadStackSize=256 -XX:+UseCMSInitiatingOccupancyOnly -XX:+UseCompressedClassPointers -XX:+UseCompressedOops -XX:+UseConcMarkSweepGC -XX:-UseLargePagesIndividualAllocation -XX:+UseParNewGC 
2016-05-12T09:33:20.579+0100: 1.110: Total time for which application threads were stopped: 0.0026722 seconds, Stopping threads took: 0.0024993 seconds
2016-05-12T09:33:21.484+0100: 2.017: Total time for which application threads were stopped: 0.0002574 seconds, Stopping threads took: 0.0000395 seconds
2016-05-12T09:33:22.498+0100: 3.028: Total time for which application threads were stopped: 0.0010234 seconds, Stopping threads took: 0.0009405 seconds
2016-05-12T09:33:23.314+0100: 3.847: Total time for which application threads were stopped: 0.0002432 seconds, Stopping threads took: 0.0000347 seconds
2016-05-12T09:33:23.330+0100: 3.874: Total time for which application threads were stopped: 0.0002701 seconds, Stopping threads took: 0.0000482 seconds
2016-05-12T09:33:23.642+0100: 4.171: Total time for which application threads were stopped: 0.0003538 seconds, Stopping threads took: 0.0000553 seconds
2016-05-12T09:33:23.720+0100: 4.249: Total time for which application threads were stopped: 0.0003080 seconds, Stopping threads took: 0.0000466 seconds
2016-05-12T09:33:23.736+0100: 4.272: Total time for which application threads were stopped: 0.0002480 seconds, Stopping threads took: 0.0000324 seconds
2016-05-12T09:33:24.737+0100: 5.267: Total time for which application threads were stopped: 0.0001800 seconds, Stopping threads took: 0.0000877 seconds
{Heap before GC invocations=0 (full 0):
 par new generation   total 109248K, used 87424K [0x00000000e0000000, 0x00000000e8000000, 0x00000000e8000000)
  eden space 87424K, 100% used [0x00000000e0000000, 0x00000000e5560000, 0x00000000e5560000)
  from space 21824K,   0% used [0x00000000e5560000, 0x00000000e5560000, 0x00000000e6ab0000)
  to   space 21824K,   0% used [0x00000000e6ab0000, 0x00000000e6ab0000, 0x00000000e8000000)
 concurrent mark-sweep generation total 393216K, used 0K [0x00000000e8000000, 0x0000000100000000, 0x0000000100000000)
 Metaspace       used 10147K, capacity 10344K, committed 10496K, reserved 1058816K
  class space    used 1166K, capacity 1212K, committed 1280K, reserved 1048576K
2016-05-12T09:33:25.534+0100: 6.069: [GC (Allocation Failure) 2016-05-12T09:33:25.534+0100: 6.070: [ParNew
Desired survivor size 20112992 bytes, new threshold 8 (max 8)
- age   1:    5841424 bytes,    5841424 total
: 87424K->5772K(109248K), 0.0395420 secs] 87424K->5772K(502464K), 0.0398863 secs] [Times: user=0.03 sys=0.00, real=0.03 secs] 
Heap after GC invocations=1 (full 0):
 par new generation   total 109248K, used 5772K [0x00000000e0000000, 0x00000000e8000000, 0x00000000e8000000)
  eden space 87424K,   0% used [0x00000000e0000000, 0x00000000e0000000, 0x00000000e5560000)
  from space 21824K,  26% used [0x00000000e6ab0000, 0x00000000e7053190, 0x00000000e8000000)
  to   space 21824K,   0% used [0x00000000e5560000, 0x00000000e5560000, 0x00000000e6ab0000)
 concurrent mark-sweep generation total 393216K, used 0K [0x00000000e8000000, 0x0000000100000000, 0x0000000100000000)
 Metaspace       used 10147K, capacity 10344K, committed 10496K, reserved 1058816K
  class space    used 1166K, capacity 1212K, committed 1280K, reserved 1048576K
}
2016-05-12T09:33:25.565+0100: 6.109: Total time for which application threads were stopped: 0.0403379 seconds, Stopping threads took: 0.0000450 seconds
2016-05-12T09:33:25.615+0100: 6.144: Total time for which application threads were stopped: 0.0001974 seconds, Stopping threads took: 0.0000545 seconds
2016-05-12T09:33:25.615+0100: 6.145: Total time for which application threads were stopped: 0.0001184 seconds, Stopping threads took: 0.0000300 seconds
2016-05-12T09:33:25.615+0100: 6.145: Total time for which application threads were stopped: 0.0001090 seconds, Stopping threads took: 0.0000268 seconds
2016-05-12T09:33:25.615+0100: 6.145: Total time for which application threads were stopped: 0.0001066 seconds, Stopping threads took: 0.0000268 seconds
2016-05-12T09:33:25.616+0100: 6.145: Total time for which application threads were stopped: 0.0001082 seconds, Stopping threads took: 0.0000284 seconds
2016-05-12T09:33:25.616+0100: 6.145: Total time for which application threads were stopped: 0.0001066 seconds, Stopping threads took: 0.0000268 seconds
2016-05-12T09:33:25.616+0100: 6.145: Total time for which application threads were stopped: 0.0001074 seconds, Stopping threads took: 0.0000276 seconds
2016-05-12T09:33:25.616+0100: 6.145: Total time for which application threads were stopped: 0.0001074 seconds, Stopping threads took: 0.0000276 seconds
2016-05-12T09:33:25.616+0100: 6.146: Total time for which application threads were stopped: 0.0001113 seconds, Stopping threads took: 0.0000276 seconds
2016-05-12T09:33:25.616+0100: 6.146: Total time for which application threads were stopped: 0.0001429 seconds, Stopping threads took: 0.0000592 seconds
2016-05-12T09:33:25.617+0100: 6.146: Total time for which application threads were stopped: 0.0001082 seconds, Stopping threads took: 0.0000268 seconds
2016-05-12T09:33:25.617+0100: 6.146: Total time for which application threads were stopped: 0.0001066 seconds, Stopping threads took: 0.0000268 seconds
2016-05-12T09:33:25.617+0100: 6.146: Total time for which application threads were stopped: 0.0001082 seconds, Stopping threads took: 0.0000268 seconds
2016-05-12T09:33:25.617+0100: 6.146: Total time for which application threads were stopped: 0.0001066 seconds, Stopping threads took: 0.0000268 seconds
2016-05-12T09:33:25.617+0100: 6.147: Total time for which application threads were stopped: 0.0001066 seconds, Stopping threads took: 0.0000268 seconds
2016-05-12T09:33:25.617+0100: 6.147: Total time for which application threads were stopped: 0.0001074 seconds, Stopping threads took: 0.0000268 seconds
2016-05-12T09:33:25.617+0100: 6.147: Total time for which application threads were stopped: 0.0001106 seconds, Stopping threads took: 0.0000276 seconds
2016-05-12T09:33:25.618+0100: 6.147: Total time for which application threads were stopped: 0.0001082 seconds, Stopping threads took: 0.0000268 seconds
2016-05-12T09:33:25.618+0100: 6.147: Total time for which application threads were stopped: 0.0001074 seconds, Stopping threads took: 0.0000268 seconds
2016-05-12T09:33:25.618+0100: 6.147: Total time for which application threads were stopped: 0.0002116 seconds, Stopping threads took: 0.0000276 seconds
2016-05-12T09:33:25.619+0100: 6.149: Total time for which application threads were stopped: 0.0001571 seconds, Stopping threads took: 0.0000434 seconds
2016-05-12T09:33:25.619+0100: 6.149: Total time for which application threads were stopped: 0.0001161 seconds, Stopping threads took: 0.0000292 seconds
2016-05-12T09:33:25.620+0100: 6.149: Total time for which application threads were stopped: 0.0001153 seconds, Stopping threads took: 0.0000284 seconds
2016-05-12T09:33:26.214+0100: 6.754: Total time for which application threads were stopped: 0.0012532 seconds, Stopping threads took: 0.0000569 seconds
2016-05-12T09:33:27.215+0100: 7.744: Total time for which application threads were stopped: 0.0001682 seconds, Stopping threads took: 0.0000490 seconds
2016-05-12T09:33:27.407+0100: 7.937: Total time for which application threads were stopped: 0.0006578 seconds, Stopping threads took: 0.0000576 seconds
2016-05-12T09:33:28.408+0100: 8.937: Total time for which application threads were stopped: 0.0001627 seconds, Stopping threads took: 0.0000450 seconds
2016-05-12T09:33:29.408+0100: 9.937: Total time for which application threads were stopped: 0.0001303 seconds, Stopping threads took: 0.0000450 seconds
2016-05-12T09:33:30.408+0100: 10.937: Total time for which application threads were stopped: 0.0001785 seconds, Stopping threads took: 0.0000442 seconds
2016-05-12T09:33:31.408+0100: 11.937: Total time for which application threads were stopped: 0.0001429 seconds, Stopping threads took: 0.0000482 seconds
2016-05-12T09:33:31.756+0100: 12.286: Total time for which application threads were stopped: 0.0003743 seconds, Stopping threads took: 0.0000426 seconds
2016-05-12T09:33:31.759+0100: 12.289: Total time for which application threads were stopped: 0.0002795 seconds, Stopping threads took: 0.0000324 seconds
2016-05-12T09:33:31.774+0100: 12.304: Total time for which application threads were stopped: 0.0003632 seconds, Stopping threads took: 0.0000490 seconds
2016-05-12T09:33:32.774+0100: 13.303: Total time for which application threads were stopped: 0.0002108 seconds, Stopping threads took: 0.0000474 seconds
2016-05-12T09:33:33.635+0100: 14.167: Total time for which application threads were stopped: 0.0119925 seconds, Stopping threads took: 0.0117208 seconds
2016-05-12T09:33:33.635+0100: 14.171: Total time for which application threads were stopped: 0.0002661 seconds, Stopping threads took: 0.0000513 seconds
2016-05-12T09:33:33.635+0100: 14.172: Total time for which application threads were stopped: 0.0002140 seconds, Stopping threads took: 0.0000774 seconds
2016-05-12T09:33:33.635+0100: 14.172: Total time for which application threads were stopped: 0.0001413 seconds, Stopping threads took: 0.0000347 seconds
2016-05-12T09:33:33.635+0100: 14.172: Total time for which application threads were stopped: 0.0001121 seconds, Stopping threads took: 0.0000213 seconds
2016-05-12T09:33:33.635+0100: 14.172: Total time for which application threads were stopped: 0.0001390 seconds, Stopping threads took: 0.0000284 seconds
2016-05-12T09:33:33.635+0100: 14.172: Total time for which application threads were stopped: 0.0001461 seconds, Stopping threads took: 0.0000411 seconds
2016-05-12T09:33:33.635+0100: 14.173: Total time for which application threads were stopped: 0.0001398 seconds, Stopping threads took: 0.0000411 seconds
2016-05-12T09:33:33.635+0100: 14.173: Total time for which application threads were stopped: 0.0004604 seconds, Stopping threads took: 0.0000347 seconds
2016-05-12T09:33:33.635+0100: 14.174: Total time for which application threads were stopped: 0.0003261 seconds, Stopping threads took: 0.0001714 seconds
2016-05-12T09:33:33.635+0100: 14.174: Total time for which application threads were stopped: 0.0001666 seconds, Stopping threads took: 0.0000600 seconds
2016-05-12T09:33:33.635+0100: 14.174: Total time for which application threads were stopped: 0.0001208 seconds, Stopping threads took: 0.0000261 seconds
2016-05-12T09:33:33.635+0100: 14.174: Total time for which application threads were stopped: 0.0001453 seconds, Stopping threads took: 0.0000419 seconds
2016-05-12T09:33:33.635+0100: 14.174: Total time for which application threads were stopped: 0.0001200 seconds, Stopping threads took: 0.0000261 seconds
2016-05-12T09:33:33.635+0100: 14.175: Total time for which application threads were stopped: 0.0001800 seconds, Stopping threads took: 0.0000205 seconds
2016-05-12T09:33:33.635+0100: 14.175: Total time for which application threads were stopped: 0.0001729 seconds, Stopping threads took: 0.0000253 seconds
2016-05-12T09:33:33.635+0100: 14.175: Total time for which application threads were stopped: 0.0001800 seconds, Stopping threads took: 0.0000576 seconds
2016-05-12T09:33:33.635+0100: 14.175: Total time for which application threads were stopped: 0.0001508 seconds, Stopping threads took: 0.0000213 seconds
2016-05-12T09:33:33.635+0100: 14.176: Total time for which application threads were stopped: 0.0001263 seconds, Stopping threads took: 0.0000197 seconds
2016-05-12T09:33:33.635+0100: 14.176: Total time for which application threads were stopped: 0.0001587 seconds, Stopping threads took: 0.0000474 seconds
2016-05-12T09:33:33.635+0100: 14.176: Total time for which application threads were stopped: 0.0004959 seconds, Stopping threads took: 0.0002164 seconds
2016-05-12T09:33:33.635+0100: 14.177: Total time for which application threads were stopped: 0.0001698 seconds, Stopping threads took: 0.0000726 seconds
2016-05-12T09:33:33.635+0100: 14.177: Total time for which application threads were stopped: 0.0001406 seconds, Stopping threads took: 0.0000284 seconds
2016-05-12T09:33:33.635+0100: 14.177: Total time for which application threads were stopped: 0.0001271 seconds, Stopping threads took: 0.0000379 seconds
2016-05-12T09:33:33.635+0100: 14.177: Total time for which application threads were stopped: 0.0001974 seconds, Stopping threads took: 0.0000442 seconds
2016-05-12T09:33:33.635+0100: 14.179: Total time for which application threads were stopped: 0.0002061 seconds, Stopping threads took: 0.0000742 seconds
2016-05-12T09:33:33.635+0100: 14.179: Total time for which application threads were stopped: 0.0001248 seconds, Stopping threads took: 0.0000458 seconds
2016-05-12T09:33:33.635+0100: 14.179: Total time for which application threads were stopped: 0.0000829 seconds, Stopping threads took: 0.0000213 seconds
2016-05-12T09:33:33.651+0100: 14.180: Total time for which application threads were stopped: 0.0000821 seconds, Stopping threads took: 0.0000205 seconds
2016-05-12T09:33:33.652+0100: 14.181: Total time for which application threads were stopped: 0.0001161 seconds, Stopping threads took: 0.0000300 seconds
2016-05-12T09:33:33.652+0100: 14.181: Total time for which application threads were stopped: 0.0000782 seconds, Stopping threads took: 0.0000190 seconds
2016-05-12T09:33:33.652+0100: 14.181: Total time for which application threads were stopped: 0.0000774 seconds, Stopping threads took: 0.0000182 seconds
2016-05-12T09:33:33.653+0100: 14.182: Total time for which application threads were stopped: 0.0000877 seconds, Stopping threads took: 0.0000221 seconds
2016-05-12T09:33:33.653+0100: 14.182: Total time for which application threads were stopped: 0.0000758 seconds, Stopping threads took: 0.0000174 seconds
2016-05-12T09:33:33.653+0100: 14.182: Total time for which application threads were stopped: 0.0000742 seconds, Stopping threads took: 0.0000174 seconds
2016-05-12T09:33:33.653+0100: 14.182: Total time for which application threads were stopped: 0.0001358 seconds, Stopping threads took: 0.0000174 seconds
2016-05-12T09:33:33.653+0100: 14.182: Total time for which application threads were stopped: 0.0000813 seconds, Stopping threads took: 0.0000197 seconds
2016-05-12T09:33:33.654+0100: 14.183: Total time for which application threads were stopped: 0.0000932 seconds, Stopping threads took: 0.0000292 seconds
2016-05-12T09:33:33.654+0100: 14.183: Total time for which application threads were stopped: 0.0000782 seconds, Stopping threads took: 0.0000190 seconds
2016-05-12T09:33:33.654+0100: 14.183: Total time for which application threads were stopped: 0.0000774 seconds, Stopping threads took: 0.0000190 seconds
2016-05-12T09:33:33.654+0100: 14.183: Total time for which application threads were stopped: 0.0000774 seconds, Stopping threads took: 0.0000190 seconds
2016-05-12T09:33:33.654+0100: 14.183: Total time for which application threads were stopped: 0.0000766 seconds, Stopping threads took: 0.0000190 seconds
2016-05-12T09:33:33.654+0100: 14.183: Total time for which application threads were stopped: 0.0000782 seconds, Stopping threads took: 0.0000197 seconds
2016-05-12T09:33:33.654+0100: 14.183: Total time for which application threads were stopped: 0.0000766 seconds, Stopping threads took: 0.0000190 seconds
2016-05-12T09:33:33.655+0100: 14.184: Total time for which application threads were stopped: 0.0000758 seconds, Stopping threads took: 0.0000182 seconds
2016-05-12T09:33:33.655+0100: 14.184: Total time for which application threads were stopped: 0.0002645 seconds, Stopping threads took: 0.0000190 seconds
2016-05-12T09:33:33.656+0100: 14.186: Total time for which application threads were stopped: 0.0001919 seconds, Stopping threads took: 0.0000679 seconds
2016-05-12T09:33:33.657+0100: 14.186: Total time for which application threads were stopped: 0.0001587 seconds, Stopping threads took: 0.0000363 seconds
2016-05-12T09:33:33.658+0100: 14.187: Total time for which application threads were stopped: 0.0001627 seconds, Stopping threads took: 0.0000340 seconds
2016-05-12T09:33:33.658+0100: 14.187: Total time for which application threads were stopped: 0.0001958 seconds, Stopping threads took: 0.0000584 seconds
2016-05-12T09:33:33.658+0100: 14.187: Total time for which application threads were stopped: 0.0001485 seconds, Stopping threads took: 0.0000403 seconds
2016-05-12T09:33:33.659+0100: 14.188: Total time for which application threads were stopped: 0.0001342 seconds, Stopping threads took: 0.0000308 seconds
2016-05-12T09:33:33.659+0100: 14.188: Total time for which application threads were stopped: 0.0001627 seconds, Stopping threads took: 0.0000529 seconds
2016-05-12T09:33:33.736+0100: 14.280: Total time for which application threads were stopped: 0.0003925 seconds, Stopping threads took: 0.0000419 seconds
2016-05-12T09:33:33.752+0100: 14.290: Total time for which application threads were stopped: 0.0001943 seconds, Stopping threads took: 0.0000861 seconds
2016-05-12T09:33:33.752+0100: 14.291: Total time for which application threads were stopped: 0.0001571 seconds, Stopping threads took: 0.0000726 seconds
2016-05-12T09:33:33.752+0100: 14.291: Total time for which application threads were stopped: 0.0000955 seconds, Stopping threads took: 0.0000253 seconds
2016-05-12T09:33:33.752+0100: 14.291: Total time for which application threads were stopped: 0.0000829 seconds, Stopping threads took: 0.0000221 seconds
2016-05-12T09:33:33.814+0100: 14.354: Total time for which application threads were stopped: 0.0002187 seconds, Stopping threads took: 0.0000474 seconds
2016-05-12T09:33:33.814+0100: 14.354: Total time for which application threads were stopped: 0.0001090 seconds, Stopping threads took: 0.0000213 seconds
2016-05-12T09:33:33.830+0100: 14.364: Total time for which application threads were stopped: 0.0001721 seconds, Stopping threads took: 0.0000411 seconds
2016-05-12T09:33:33.830+0100: 14.365: Total time for which application threads were stopped: 0.0003901 seconds, Stopping threads took: 0.0002859 seconds
2016-05-12T09:33:33.830+0100: 14.365: Total time for which application threads were stopped: 0.0002282 seconds, Stopping threads took: 0.0001500 seconds
2016-05-12T09:33:33.830+0100: 14.366: Total time for which application threads were stopped: 0.0004304 seconds, Stopping threads took: 0.0003016 seconds
2016-05-12T09:33:33.845+0100: 14.379: Total time for which application threads were stopped: 0.0002251 seconds, Stopping threads took: 0.0000505 seconds
2016-05-12T09:33:33.845+0100: 14.379: Total time for which application threads were stopped: 0.0001256 seconds, Stopping threads took: 0.0000355 seconds
2016-05-12T09:33:33.845+0100: 14.380: Total time for which application threads were stopped: 0.0004430 seconds, Stopping threads took: 0.0003474 seconds
2016-05-12T09:33:33.845+0100: 14.380: Total time for which application threads were stopped: 0.0001256 seconds, Stopping threads took: 0.0000363 seconds
2016-05-12T09:33:33.861+0100: 14.392: Total time for which application threads were stopped: 0.0002179 seconds, Stopping threads took: 0.0000490 seconds
2016-05-12T09:33:33.861+0100: 14.392: Total time for which application threads were stopped: 0.0001184 seconds, Stopping threads took: 0.0000221 seconds
2016-05-12T09:33:33.861+0100: 14.403: Total time for which application threads were stopped: 0.0001958 seconds, Stopping threads took: 0.0000458 seconds
2016-05-12T09:33:34.033+0100: 14.567: Total time for which application threads were stopped: 0.0001943 seconds, Stopping threads took: 0.0000695 seconds
2016-05-12T09:33:34.033+0100: 14.572: Total time for which application threads were stopped: 0.0001429 seconds, Stopping threads took: 0.0000426 seconds
2016-05-12T09:33:34.033+0100: 14.572: Total time for which application threads were stopped: 0.0000703 seconds, Stopping threads took: 0.0000197 seconds
2016-05-12T09:33:34.064+0100: 14.596: Total time for which application threads were stopped: 0.0001485 seconds, Stopping threads took: 0.0000569 seconds
2016-05-12T09:33:34.079+0100: 14.619: Total time for which application threads were stopped: 0.0001303 seconds, Stopping threads took: 0.0000490 seconds
2016-05-12T09:33:34.079+0100: 14.619: Total time for which application threads were stopped: 0.0000726 seconds, Stopping threads took: 0.0000253 seconds
2016-05-12T09:33:34.095+0100: 14.637: Total time for which application threads were stopped: 0.0001461 seconds, Stopping threads took: 0.0000521 seconds
2016-05-12T09:33:34.095+0100: 14.637: Total time for which application threads were stopped: 0.0000742 seconds, Stopping threads took: 0.0000205 seconds
2016-05-12T09:33:34.095+0100: 14.637: Total time for which application threads were stopped: 0.0000782 seconds, Stopping threads took: 0.0000221 seconds
2016-05-12T09:33:34.095+0100: 14.638: Total time for which application threads were stopped: 0.0000798 seconds, Stopping threads took: 0.0000213 seconds
2016-05-12T09:33:34.142+0100: 14.678: Total time for which application threads were stopped: 0.0001461 seconds, Stopping threads took: 0.0000513 seconds
2016-05-12T09:33:34.142+0100: 14.678: Total time for which application threads were stopped: 0.0000790 seconds, Stopping threads took: 0.0000268 seconds
2016-05-12T09:33:34.142+0100: 14.678: Total time for which application threads were stopped: 0.0000766 seconds, Stopping threads took: 0.0000268 seconds
2016-05-12T09:33:34.142+0100: 14.679: Total time for which application threads were stopped: 0.0000924 seconds, Stopping threads took: 0.0000316 seconds
2016-05-12T09:33:34.157+0100: 14.687: Total time for which application threads were stopped: 0.0001540 seconds, Stopping threads took: 0.0000505 seconds
2016-05-12T09:33:34.157+0100: 14.687: Total time for which application threads were stopped: 0.0000813 seconds, Stopping threads took: 0.0000268 seconds
2016-05-12T09:33:34.157+0100: 14.690: Total time for which application threads were stopped: 0.0001445 seconds, Stopping threads took: 0.0000458 seconds
2016-05-12T09:33:34.157+0100: 14.690: Total time for which application threads were stopped: 0.0000995 seconds, Stopping threads took: 0.0000332 seconds
2016-05-12T09:33:34.173+0100: 14.703: Total time for which application threads were stopped: 0.0001524 seconds, Stopping threads took: 0.0000545 seconds
2016-05-12T09:33:34.173+0100: 14.703: Total time for which application threads were stopped: 0.0000813 seconds, Stopping threads took: 0.0000268 seconds
2016-05-12T09:33:34.173+0100: 14.703: Total time for which application threads were stopped: 0.0001011 seconds, Stopping threads took: 0.0000340 seconds
2016-05-12T09:33:34.173+0100: 14.704: Total time for which application threads were stopped: 0.0000798 seconds, Stopping threads took: 0.0000261 seconds
2016-05-12T09:33:34.173+0100: 14.704: Total time for which application threads were stopped: 0.0000861 seconds, Stopping threads took: 0.0000284 seconds
2016-05-12T09:33:34.173+0100: 14.704: Total time for which application threads were stopped: 0.0000798 seconds, Stopping threads took: 0.0000261 seconds
2016-05-12T09:33:34.173+0100: 14.705: Total time for which application threads were stopped: 0.0000963 seconds, Stopping threads took: 0.0000324 seconds
2016-05-12T09:33:34.173+0100: 14.705: Total time for which application threads were stopped: 0.0001319 seconds, Stopping threads took: 0.0000261 seconds
2016-05-12T09:33:34.173+0100: 14.706: Total time for which application threads were stopped: 0.0000774 seconds, Stopping threads took: 0.0000253 seconds
2016-05-12T09:33:34.173+0100: 14.706: Total time for which application threads were stopped: 0.0000774 seconds, Stopping threads took: 0.0000253 seconds
2016-05-12T09:33:34.173+0100: 14.706: Total time for which application threads were stopped: 0.0000766 seconds, Stopping threads took: 0.0000253 seconds
2016-05-12T09:33:34.173+0100: 14.706: Total time for which application threads were stopped: 0.0000766 seconds, Stopping threads took: 0.0000253 seconds
2016-05-12T09:33:34.173+0100: 14.706: Total time for which application threads were stopped: 0.0000750 seconds, Stopping threads took: 0.0000245 seconds
2016-05-12T09:33:34.173+0100: 14.706: Total time for which application threads were stopped: 0.0000774 seconds, Stopping threads took: 0.0000253 seconds
2016-05-12T09:33:34.173+0100: 14.706: Total time for which application threads were stopped: 0.0000758 seconds, Stopping threads took: 0.0000245 seconds
2016-05-12T09:33:34.173+0100: 14.706: Total time for which application threads were stopped: 0.0000750 seconds, Stopping threads took: 0.0000245 seconds
2016-05-12T09:33:34.173+0100: 14.707: Total time for which application threads were stopped: 0.0000758 seconds, Stopping threads took: 0.0000245 seconds
2016-05-12T09:33:34.173+0100: 14.707: Total time for which application threads were stopped: 0.0000766 seconds, Stopping threads took: 0.0000253 seconds
2016-05-12T09:33:34.173+0100: 14.707: Total time for which application threads were stopped: 0.0000758 seconds, Stopping threads took: 0.0000253 seconds
2016-05-12T09:33:34.189+0100: 14.728: Total time for which application threads were stopped: 0.0001824 seconds, Stopping threads took: 0.0000624 seconds
2016-05-12T09:33:34.222+0100: 14.765: Total time for which application threads were stopped: 0.0001571 seconds, Stopping threads took: 0.0000490 seconds
2016-05-12T09:33:34.222+0100: 14.765: Total time for which application threads were stopped: 0.0000908 seconds, Stopping threads took: 0.0000245 seconds
2016-05-12T09:33:34.237+0100: 14.767: Total time for which application threads were stopped: 0.0001192 seconds, Stopping threads took: 0.0000340 seconds
2016-05-12T09:33:34.237+0100: 14.769: Total time for which application threads were stopped: 0.0001082 seconds, Stopping threads took: 0.0000300 seconds
2016-05-12T09:33:34.253+0100: 14.785: Total time for which application threads were stopped: 0.0003814 seconds, Stopping threads took: 0.0000569 seconds
2016-05-12T09:33:34.269+0100: 14.811: Total time for which application threads were stopped: 0.0004541 seconds, Stopping threads took: 0.0000592 seconds
2016-05-12T09:33:34.347+0100: 14.883: Total time for which application threads were stopped: 0.0002811 seconds, Stopping threads took: 0.0001627 seconds
2016-05-12T09:33:34.347+0100: 14.884: Total time for which application threads were stopped: 0.0002787 seconds, Stopping threads took: 0.0002172 seconds
2016-05-12T09:33:34.347+0100: 14.884: Total time for which application threads were stopped: 0.0000971 seconds, Stopping threads took: 0.0000403 seconds
2016-05-12T09:33:34.347+0100: 14.885: Total time for which application threads were stopped: 0.0001192 seconds, Stopping threads took: 0.0000419 seconds
2016-05-12T09:33:34.347+0100: 14.887: Total time for which application threads were stopped: 0.0002124 seconds, Stopping threads took: 0.0000774 seconds
2016-05-12T09:33:34.362+0100: 14.892: Total time for which application threads were stopped: 0.0001485 seconds, Stopping threads took: 0.0000458 seconds
2016-05-12T09:33:34.362+0100: 14.893: Total time for which application threads were stopped: 0.0002859 seconds, Stopping threads took: 0.0001635 seconds
2016-05-12T09:33:34.362+0100: 14.893: Total time for which application threads were stopped: 0.0002985 seconds, Stopping threads took: 0.0002361 seconds
2016-05-12T09:33:34.362+0100: 14.894: Total time for which application threads were stopped: 0.0000979 seconds, Stopping threads took: 0.0000355 seconds
2016-05-12T09:33:34.503+0100: 15.042: Total time for which application threads were stopped: 0.0005472 seconds, Stopping threads took: 0.0003680 seconds
2016-05-12T09:33:34.503+0100: 15.042: Total time for which application threads were stopped: 0.0001177 seconds, Stopping threads took: 0.0000300 seconds
2016-05-12T09:33:34.503+0100: 15.042: Total time for which application threads were stopped: 0.0000805 seconds, Stopping threads took: 0.0000268 seconds
2016-05-12T09:33:34.503+0100: 15.043: Total time for which application threads were stopped: 0.0000877 seconds, Stopping threads took: 0.0000284 seconds
2016-05-12T09:33:34.503+0100: 15.045: Total time for which application threads were stopped: 0.0001492 seconds, Stopping threads took: 0.0000497 seconds
2016-05-12T09:33:34.503+0100: 15.045: Total time for which application threads were stopped: 0.0000869 seconds, Stopping threads took: 0.0000253 seconds
2016-05-12T09:33:34.503+0100: 15.045: Total time for which application threads were stopped: 0.0000845 seconds, Stopping threads took: 0.0000261 seconds
2016-05-12T09:33:34.503+0100: 15.045: Total time for which application threads were stopped: 0.0000924 seconds, Stopping threads took: 0.0000292 seconds
2016-05-12T09:33:34.534+0100: 15.078: Total time for which application threads were stopped: 0.0002701 seconds, Stopping threads took: 0.0001785 seconds
2016-05-12T09:33:34.565+0100: 15.108: Total time for which application threads were stopped: 0.0004730 seconds, Stopping threads took: 0.0000490 seconds
2016-05-12T09:33:34.612+0100: 15.141: Total time for which application threads were stopped: 0.0001595 seconds, Stopping threads took: 0.0000537 seconds
2016-05-12T09:33:34.612+0100: 15.142: Total time for which application threads were stopped: 0.0000829 seconds, Stopping threads took: 0.0000268 seconds
2016-05-12T09:33:34.612+0100: 15.142: Total time for which application threads were stopped: 0.0000805 seconds, Stopping threads took: 0.0000261 seconds
2016-05-12T09:33:34.612+0100: 15.143: Total time for which application threads were stopped: 0.0001248 seconds, Stopping threads took: 0.0000245 seconds
2016-05-12T09:33:34.939+0100: 15.480: Total time for which application threads were stopped: 0.0010913 seconds, Stopping threads took: 0.0009894 seconds
2016-05-12T09:33:34.939+0100: 15.480: Total time for which application threads were stopped: 0.0000750 seconds, Stopping threads took: 0.0000205 seconds
2016-05-12T09:33:34.939+0100: 15.481: Total time for which application threads were stopped: 0.0000798 seconds, Stopping threads took: 0.0000221 seconds
2016-05-12T09:33:34.939+0100: 15.481: Total time for which application threads were stopped: 0.0000742 seconds, Stopping threads took: 0.0000190 seconds
2016-05-12T09:33:35.095+0100: 15.639: Total time for which application threads were stopped: 0.0001927 seconds, Stopping threads took: 0.0000663 seconds
2016-05-12T09:33:35.095+0100: 15.639: Total time for which application threads were stopped: 0.0000829 seconds, Stopping threads took: 0.0000268 seconds
2016-05-12T09:33:35.095+0100: 15.639: Total time for which application threads were stopped: 0.0000805 seconds, Stopping threads took: 0.0000261 seconds
2016-05-12T09:33:35.111+0100: 15.651: Total time for which application threads were stopped: 0.0002053 seconds, Stopping threads took: 0.0000719 seconds
{Heap before GC invocations=1 (full 0):
 par new generation   total 109248K, used 93196K [0x00000000e0000000, 0x00000000e8000000, 0x00000000e8000000)
  eden space 87424K, 100% used [0x00000000e0000000, 0x00000000e5560000, 0x00000000e5560000)
  from space 21824K,  26% used [0x00000000e6ab0000, 0x00000000e7053190, 0x00000000e8000000)
  to   space 21824K,   0% used [0x00000000e5560000, 0x00000000e5560000, 0x00000000e6ab0000)
 concurrent mark-sweep generation total 393216K, used 0K [0x00000000e8000000, 0x0000000100000000, 0x0000000100000000)
 Metaspace       used 20095K, capacity 20372K, committed 20736K, reserved 1067008K
  class space    used 2369K, capacity 2488K, committed 2560K, reserved 1048576K
2016-05-12T09:33:35.527+0100: 16.056: [GC (Allocation Failure) 2016-05-12T09:33:35.528+0100: 16.056: [ParNew
Desired survivor size 20112992 bytes, new threshold 8 (max 8)
- age   1:    8828536 bytes,    8828536 total
- age   2:    2632024 bytes,   11460560 total
: 93196K->13454K(109248K), 0.1666622 secs] 93196K->13454K(502464K), 0.1668912 secs] [Times: user=0.14 sys=0.02, real=0.17 secs] 
Heap after GC invocations=2 (full 0):
 par new generation   total 109248K, used 13454K [0x00000000e0000000, 0x00000000e8000000, 0x00000000e8000000)
  eden space 87424K,   0% used [0x00000000e0000000, 0x00000000e0000000, 0x00000000e5560000)
  from space 21824K,  61% used [0x00000000e5560000, 0x00000000e6283aa0, 0x00000000e6ab0000)
  to   space 21824K,   0% used [0x00000000e6ab0000, 0x00000000e6ab0000, 0x00000000e8000000)
 concurrent mark-sweep generation total 393216K, used 0K [0x00000000e8000000, 0x0000000100000000, 0x0000000100000000)
 Metaspace       used 20095K, capacity 20372K, committed 20736K, reserved 1067008K
  class space    used 2369K, capacity 2488K, committed 2560K, reserved 1048576K
}
2016-05-12T09:33:35.694+0100: 16.223: Total time for which application threads were stopped: 0.1673903 seconds, Stopping threads took: 0.0000466 seconds
2016-05-12T09:33:35.697+0100: 16.226: Total time for which application threads were stopped: 0.0002961 seconds, Stopping threads took: 0.0001098 seconds
2016-05-12T09:33:35.697+0100: 16.226: Total time for which application threads were stopped: 0.0002282 seconds, Stopping threads took: 0.0001027 seconds
2016-05-12T09:33:35.711+0100: 16.240: Total time for which application threads were stopped: 0.0081895 seconds, Stopping threads took: 0.0080545 seconds
2016-05-12T09:33:35.712+0100: 16.240: Total time for which application threads were stopped: 0.0001619 seconds, Stopping threads took: 0.0000955 seconds
2016-05-12T09:33:35.712+0100: 16.241: Total time for which application threads were stopped: 0.0001153 seconds, Stopping threads took: 0.0000371 seconds
2016-05-12T09:33:35.713+0100: 16.241: Total time for which application threads were stopped: 0.0000829 seconds, Stopping threads took: 0.0000276 seconds
2016-05-12T09:33:35.713+0100: 16.242: Total time for which application threads were stopped: 0.0001066 seconds, Stopping threads took: 0.0000490 seconds
2016-05-12T09:33:35.713+0100: 16.242: Total time for which application threads were stopped: 0.0000829 seconds, Stopping threads took: 0.0000300 seconds
2016-05-12T09:33:35.713+0100: 16.242: Total time for which application threads were stopped: 0.0002993 seconds, Stopping threads took: 0.0002408 seconds
2016-05-12T09:33:35.713+0100: 16.242: Total time for which application threads were stopped: 0.0000853 seconds, Stopping threads took: 0.0000340 seconds
2016-05-12T09:33:35.713+0100: 16.242: Total time for which application threads were stopped: 0.0000798 seconds, Stopping threads took: 0.0000292 seconds
2016-05-12T09:33:35.714+0100: 16.242: Total time for which application threads were stopped: 0.0000774 seconds, Stopping threads took: 0.0000284 seconds
2016-05-12T09:33:35.714+0100: 16.243: Total time for which application threads were stopped: 0.0000766 seconds, Stopping threads took: 0.0000261 seconds
2016-05-12T09:33:35.714+0100: 16.243: Total time for which application threads were stopped: 0.0000813 seconds, Stopping threads took: 0.0000268 seconds
2016-05-12T09:33:35.714+0100: 16.243: Total time for which application threads were stopped: 0.0000805 seconds, Stopping threads took: 0.0000276 seconds
2016-05-12T09:33:35.714+0100: 16.243: Total time for which application threads were stopped: 0.0000805 seconds, Stopping threads took: 0.0000276 seconds
2016-05-12T09:33:35.714+0100: 16.243: Total time for which application threads were stopped: 0.0000798 seconds, Stopping threads took: 0.0000268 seconds
2016-05-12T09:33:35.714+0100: 16.243: Total time for which application threads were stopped: 0.0000790 seconds, Stopping threads took: 0.0000268 seconds
2016-05-12T09:33:35.714+0100: 16.243: Total time for which application threads were stopped: 0.0000813 seconds, Stopping threads took: 0.0000284 seconds
2016-05-12T09:33:35.715+0100: 16.244: Total time for which application threads were stopped: 0.0001721 seconds, Stopping threads took: 0.0001113 seconds
2016-05-12T09:33:35.715+0100: 16.244: Total time for which application threads were stopped: 0.0000877 seconds, Stopping threads took: 0.0000284 seconds
2016-05-12T09:33:35.715+0100: 16.244: Total time for which application threads were stopped: 0.0001327 seconds, Stopping threads took: 0.0000276 seconds
2016-05-12T09:33:35.715+0100: 16.244: Total time for which application threads were stopped: 0.0003111 seconds, Stopping threads took: 0.0000284 seconds
2016-05-12T09:33:35.725+0100: 16.254: Total time for which application threads were stopped: 0.0061933 seconds, Stopping threads took: 0.0060630 seconds
2016-05-12T09:33:36.104+0100: 16.644: Total time for which application threads were stopped: 0.0001437 seconds, Stopping threads took: 0.0000458 seconds
2016-05-12T09:33:36.104+0100: 16.644: Total time for which application threads were stopped: 0.0000758 seconds, Stopping threads took: 0.0000213 seconds
2016-05-12T09:33:36.104+0100: 16.645: Total time for which application threads were stopped: 0.0000742 seconds, Stopping threads took: 0.0000205 seconds
2016-05-12T09:33:36.104+0100: 16.645: Total time for which application threads were stopped: 0.0000805 seconds, Stopping threads took: 0.0000229 seconds
2016-05-12T09:33:36.119+0100: 16.652: Total time for which application threads were stopped: 0.0001469 seconds, Stopping threads took: 0.0000466 seconds
2016-05-12T09:33:36.119+0100: 16.652: Total time for which application threads were stopped: 0.0000774 seconds, Stopping threads took: 0.0000213 seconds
2016-05-12T09:33:36.119+0100: 16.652: Total time for which application threads were stopped: 0.0000750 seconds, Stopping threads took: 0.0000205 seconds
2016-05-12T09:33:36.119+0100: 16.653: Total time for which application threads were stopped: 0.0000900 seconds, Stopping threads took: 0.0000261 seconds
2016-05-12T09:33:38.740+0100: 19.284: Total time for which application threads were stopped: 0.0001753 seconds, Stopping threads took: 0.0000529 seconds
2016-05-12T09:33:38.740+0100: 19.284: Total time for which application threads were stopped: 0.0000829 seconds, Stopping threads took: 0.0000268 seconds
2016-05-12T09:33:38.756+0100: 19.285: Total time for which application threads were stopped: 0.0004019 seconds, Stopping threads took: 0.0000434 seconds
2016-05-12T09:33:38.756+0100: 19.286: Total time for which application threads were stopped: 0.0000971 seconds, Stopping threads took: 0.0000253 seconds
2016-05-12T09:33:39.756+0100: 20.285: Total time for which application threads were stopped: 0.0001793 seconds, Stopping threads took: 0.0000505 seconds
2016-05-12T09:33:40.756+0100: 21.285: Total time for which application threads were stopped: 0.0001666 seconds, Stopping threads took: 0.0000553 seconds
2016-05-12T09:33:43.756+0100: 24.285: Total time for which application threads were stopped: 0.0001856 seconds, Stopping threads took: 0.0000569 seconds
2016-05-12T09:33:44.756+0100: 25.285: Total time for which application threads were stopped: 0.0001564 seconds, Stopping threads took: 0.0000442 seconds
2016-05-12T09:33:46.852+0100: 27.393: Total time for which application threads were stopped: 0.0001666 seconds, Stopping threads took: 0.0000497 seconds
2016-05-12T09:33:47.223+0100: 27.764: Total time for which application threads were stopped: 0.0001674 seconds, Stopping threads took: 0.0000537 seconds
2016-05-12T09:33:47.223+0100: 27.764: Total time for which application threads were stopped: 0.0000916 seconds, Stopping threads took: 0.0000261 seconds
2016-05-12T09:33:47.425+0100: 27.960: Total time for which application threads were stopped: 0.0005077 seconds, Stopping threads took: 0.0001106 seconds
2016-05-12T09:33:47.597+0100: 28.126: Total time for which application threads were stopped: 0.0001974 seconds, Stopping threads took: 0.0000663 seconds
2016-05-12T09:33:47.597+0100: 28.126: Total time for which application threads were stopped: 0.0000782 seconds, Stopping threads took: 0.0000190 seconds
2016-05-12T09:33:47.597+0100: 28.127: Total time for which application threads were stopped: 0.0000782 seconds, Stopping threads took: 0.0000213 seconds
2016-05-12T09:33:47.706+0100: 28.249: [GC (CMS Initial Mark) [1 CMS-initial-mark: 0K(393216K)] 43304K(502464K), 0.0591404 secs] [Times: user=0.03 sys=0.00, real=0.06 secs] 
2016-05-12T09:33:47.769+0100: 28.308: Total time for which application threads were stopped: 0.0594089 seconds, Stopping threads took: 0.0000466 seconds
2016-05-12T09:33:47.769+0100: 28.308: [CMS-concurrent-mark-start]
2016-05-12T09:33:47.769+0100: 28.309: [CMS-concurrent-mark: 0.000/0.000 secs] [Times: user=0.00 sys=0.00, real=0.00 secs] 
2016-05-12T09:33:47.769+0100: 28.309: [CMS-concurrent-preclean-start]
2016-05-12T09:33:47.769+0100: 28.311: [CMS-concurrent-preclean: 0.002/0.002 secs] [Times: user=0.00 sys=0.00, real=0.00 secs] 
2016-05-12T09:33:47.769+0100: 28.311: [CMS-concurrent-abortable-preclean-start]
2016-05-12T09:33:47.847+0100: 28.379: Total time for which application threads were stopped: 0.0001824 seconds, Stopping threads took: 0.0000466 seconds
2016-05-12T09:33:48.502+0100: 29.034: Total time for which application threads were stopped: 0.0002227 seconds, Stopping threads took: 0.0000490 seconds
2016-05-12T09:33:48.502+0100: 29.035: Total time for which application threads were stopped: 0.0001208 seconds, Stopping threads took: 0.0000237 seconds
2016-05-12T09:33:48.502+0100: 29.037: Total time for which application threads were stopped: 0.0000908 seconds, Stopping threads took: 0.0000221 seconds
2016-05-12T09:33:48.861+0100: 29.393: Total time for which application threads were stopped: 0.0002195 seconds, Stopping threads took: 0.0000497 seconds
2016-05-12T09:33:49.001+0100: 29.536: Total time for which application threads were stopped: 0.0001327 seconds, Stopping threads took: 0.0000505 seconds
2016-05-12T09:33:49.157+0100: 29.687: Total time for which application threads were stopped: 0.0001887 seconds, Stopping threads took: 0.0000411 seconds
2016-05-12T09:33:49.297+0100: 29.830: Total time for which application threads were stopped: 0.0002022 seconds, Stopping threads took: 0.0000782 seconds
2016-05-12T09:33:50.111+0100: 30.653: Total time for which application threads were stopped: 0.0002093 seconds, Stopping threads took: 0.0000490 seconds
2016-05-12T09:33:50.204+0100: 30.734: Total time for which application threads were stopped: 0.0001627 seconds, Stopping threads took: 0.0000474 seconds
2016-05-12T09:33:50.438+0100: 30.974: Total time for which application threads were stopped: 0.0001611 seconds, Stopping threads took: 0.0000458 seconds
2016-05-12T09:33:50.438+0100: 30.977: Total time for which application threads were stopped: 0.0000932 seconds, Stopping threads took: 0.0000245 seconds
2016-05-12T09:33:50.485+0100: 31.020: Total time for which application threads were stopped: 0.0001548 seconds, Stopping threads took: 0.0000482 seconds
2016-05-12T09:33:50.485+0100: 31.028: Total time for which application threads were stopped: 0.0001335 seconds, Stopping threads took: 0.0000363 seconds
2016-05-12T09:33:50.485+0100: 31.029: Total time for which application threads were stopped: 0.0000837 seconds, Stopping threads took: 0.0000221 seconds
2016-05-12T09:33:50.501+0100: 31.030: Total time for which application threads were stopped: 0.0001406 seconds, Stopping threads took: 0.0000237 seconds
2016-05-12T09:33:50.547+0100: 31.088: Total time for which application threads were stopped: 0.0001658 seconds, Stopping threads took: 0.0000458 seconds
2016-05-12T09:33:51.406+0100: 31.940: Total time for which application threads were stopped: 0.0001698 seconds, Stopping threads took: 0.0000458 seconds
2016-05-12T09:33:51.406+0100: 31.941: Total time for which application threads were stopped: 0.0000924 seconds, Stopping threads took: 0.0000205 seconds
2016-05-12T09:33:51.406+0100: 31.941: Total time for which application threads were stopped: 0.0000805 seconds, Stopping threads took: 0.0000190 seconds
{Heap before GC invocations=2 (full 1):
 par new generation   total 109248K, used 100878K [0x00000000e0000000, 0x00000000e8000000, 0x00000000e8000000)
  eden space 87424K, 100% used [0x00000000e0000000, 0x00000000e5560000, 0x00000000e5560000)
  from space 21824K,  61% used [0x00000000e5560000, 0x00000000e6283aa0, 0x00000000e6ab0000)
  to   space 21824K,   0% used [0x00000000e6ab0000, 0x00000000e6ab0000, 0x00000000e8000000)
 concurrent mark-sweep generation total 393216K, used 0K [0x00000000e8000000, 0x0000000100000000, 0x0000000100000000)
 Metaspace       used 22506K, capacity 22874K, committed 23212K, reserved 1069056K
  class space    used 2689K, capacity 2809K, committed 2840K, reserved 1048576K
2016-05-12T09:33:51.406+0100: 31.946: [GC (Allocation Failure) 2016-05-12T09:33:51.406+0100: 31.946: [ParNew
Desired survivor size 20112992 bytes, new threshold 8 (max 8)
- age   1:    2733576 bytes,    2733576 total
- age   2:    2838648 bytes,    5572224 total
- age   3:    2600952 bytes,    8173176 total
: 100878K->14032K(109248K), 0.0544309 secs] 100878K->14032K(502464K), 0.0546023 secs] [Times: user=0.09 sys=0.00, real=0.06 secs] 
Heap after GC invocations=3 (full 1):
 par new generation   total 109248K, used 14032K [0x00000000e0000000, 0x00000000e8000000, 0x00000000e8000000)
  eden space 87424K,   0% used [0x00000000e0000000, 0x00000000e0000000, 0x00000000e5560000)
  from space 21824K,  64% used [0x00000000e6ab0000, 0x00000000e7864230, 0x00000000e8000000)
  to   space 21824K,   0% used [0x00000000e5560000, 0x00000000e5560000, 0x00000000e6ab0000)
 concurrent mark-sweep generation total 393216K, used 0K [0x00000000e8000000, 0x0000000100000000, 0x0000000100000000)
 Metaspace       used 22506K, capacity 22874K, committed 23212K, reserved 1069056K
  class space    used 2689K, capacity 2809K, committed 2840K, reserved 1048576K
}
2016-05-12T09:33:51.469+0100: 32.001: Total time for which application threads were stopped: 0.0550003 seconds, Stopping threads took: 0.0000419 seconds
2016-05-12T09:33:51.469+0100: 32.005: Total time for which application threads were stopped: 0.0002408 seconds, Stopping threads took: 0.0001042 seconds
2016-05-12T09:33:51.781+0100: 32.320: Total time for which application threads were stopped: 0.0003672 seconds, Stopping threads took: 0.0000521 seconds
2016-05-12T09:33:51.781+0100: 32.322: Total time for which application threads were stopped: 0.0003024 seconds, Stopping threads took: 0.0000316 seconds
2016-05-12T09:33:52.030+0100: 32.570: Total time for which application threads were stopped: 0.0001737 seconds, Stopping threads took: 0.0000426 seconds
2016-05-12T09:33:52.030+0100: 32.570: Total time for which application threads were stopped: 0.0000853 seconds, Stopping threads took: 0.0000197 seconds
2016-05-12T09:33:52.046+0100: 32.578: Total time for which application threads were stopped: 0.0002535 seconds, Stopping threads took: 0.0000450 seconds
2016-05-12T09:33:52.046+0100: 32.578: [CMS-concurrent-abortable-preclean: 2.467/4.266 secs] [Times: user=4.01 sys=0.08, real=4.28 secs] 
2016-05-12T09:33:52.046+0100: 32.578: [GC (CMS Final Remark) [YG occupancy: 69460 K (109248 K)]{Heap before GC invocations=3 (full 1):
 par new generation   total 109248K, used 69460K [0x00000000e0000000, 0x00000000e8000000, 0x00000000e8000000)
  eden space 87424K,  63% used [0x00000000e0000000, 0x00000000e3621110, 0x00000000e5560000)
  from space 21824K,  64% used [0x00000000e6ab0000, 0x00000000e7864230, 0x00000000e8000000)
  to   space 21824K,   0% used [0x00000000e5560000, 0x00000000e5560000, 0x00000000e6ab0000)
 concurrent mark-sweep generation total 393216K, used 0K [0x00000000e8000000, 0x0000000100000000, 0x0000000100000000)
 Metaspace       used 22802K, capacity 23124K, committed 23288K, reserved 1069056K
  class space    used 2724K, capacity 2846K, committed 2916K, reserved 1048576K
2016-05-12T09:33:52.046+0100: 32.578: [GC (CMS Final Remark) 2016-05-12T09:33:52.046+0100: 32.578: [ParNew
Desired survivor size 20112992 bytes, new threshold 8 (max 8)
- age   1:     801264 bytes,     801264 total
- age   2:     966072 bytes,    1767336 total
- age   3:    2835288 bytes,    4602624 total
- age   4:    2600952 bytes,    7203576 total
: 69460K->8796K(109248K), 0.0252082 secs] 69460K->8796K(502464K), 0.0426564 secs] [Times: user=0.03 sys=0.00, real=0.03 secs] 
Heap after GC invocations=4 (full 1):
 par new generation   total 109248K, used 8796K [0x00000000e0000000, 0x00000000e8000000, 0x00000000e8000000)
  eden space 87424K,   0% used [0x00000000e0000000, 0x00000000e0000000, 0x00000000e5560000)
  from space 21824K,  40% used [0x00000000e5560000, 0x00000000e5df7150, 0x00000000e6ab0000)
  to   space 21824K,   0% used [0x00000000e6ab0000, 0x00000000e6ab0000, 0x00000000e8000000)
 concurrent mark-sweep generation total 393216K, used 0K [0x00000000e8000000, 0x0000000100000000, 0x0000000100000000)
 Metaspace       used 22802K, capacity 23124K, committed 23288K, reserved 1069056K
  class space    used 2724K, capacity 2846K, committed 2916K, reserved 1048576K
}
2016-05-12T09:33:52.077+0100: 32.621: [Rescan (parallel) , 0.0081871 secs]2016-05-12T09:33:52.093+0100: 32.629: [weak refs processing, 0.0015769 secs]2016-05-12T09:33:52.093+0100: 32.631: [class unloading, 0.0076296 secs]2016-05-12T09:33:52.108+0100: 32.638: [scrub symbol table, 0.0093487 secs]2016-05-12T09:33:52.108+0100: 32.648: [scrub string table, 0.0006625 secs][1 CMS-remark: 0K(393216K)] 8796K(502464K), 0.0844765 secs] [Times: user=0.08 sys=0.00, real=0.08 secs] 
2016-05-12T09:33:52.124+0100: 32.663: Total time for which application threads were stopped: 0.0846613 seconds, Stopping threads took: 0.0000229 seconds
2016-05-12T09:33:52.155+0100: 32.692: [CMS-concurrent-sweep-start]
2016-05-12T09:33:52.155+0100: 32.692: [CMS-concurrent-sweep: 0.000/0.000 secs] [Times: user=0.00 sys=0.00, real=0.00 secs] 
2016-05-12T09:33:52.155+0100: 32.692: [CMS-concurrent-reset-start]
2016-05-12T09:33:52.155+0100: 32.696: [CMS-concurrent-reset: 0.004/0.004 secs] [Times: user=0.00 sys=0.00, real=0.00 secs] 
2016-05-12T09:33:53.138+0100: 33.667: Total time for which application threads were stopped: 0.0001848 seconds, Stopping threads took: 0.0000616 seconds
2016-05-12T09:33:53.169+0100: 33.709: Total time for which application threads were stopped: 0.0001737 seconds, Stopping threads took: 0.0000584 seconds
2016-05-12T09:33:53.185+0100: 33.720: Total time for which application threads were stopped: 0.0001706 seconds, Stopping threads took: 0.0000545 seconds
2016-05-12T09:33:53.185+0100: 33.723: Total time for which application threads were stopped: 0.0012563 seconds, Stopping threads took: 0.0011395 seconds
2016-05-12T09:33:53.185+0100: 33.725: Total time for which application threads were stopped: 0.0001263 seconds, Stopping threads took: 0.0000379 seconds
2016-05-12T09:33:53.709+0100: 34.238: Total time for which application threads were stopped: 0.0001571 seconds, Stopping threads took: 0.0000553 seconds
2016-05-12T09:33:54.709+0100: 35.238: Total time for which application threads were stopped: 0.0001492 seconds, Stopping threads took: 0.0000450 seconds
2016-05-12T09:33:55.710+0100: 36.239: Total time for which application threads were stopped: 0.0001595 seconds, Stopping threads took: 0.0000679 seconds
2016-05-12T09:33:55.862+0100: 36.392: Total time for which application threads were stopped: 0.0005401 seconds, Stopping threads took: 0.0000490 seconds
2016-05-12T09:33:56.358+0100: 36.887: Total time for which application threads were stopped: 0.0001737 seconds, Stopping threads took: 0.0000497 seconds
2016-05-12T09:33:57.014+0100: 37.543: Total time for which application threads were stopped: 0.0001895 seconds, Stopping threads took: 0.0000387 seconds
2016-05-12T09:33:57.039+0100: 37.569: Total time for which application threads were stopped: 0.0001816 seconds, Stopping threads took: 0.0000403 seconds
2016-05-12T09:33:57.314+0100: 37.843: Total time for which application threads were stopped: 0.0003340 seconds, Stopping threads took: 0.0000403 seconds
2016-05-12T09:33:57.314+0100: 37.843: Total time for which application threads were stopped: 0.0002132 seconds, Stopping threads took: 0.0000205 seconds
2016-05-12T09:33:57.315+0100: 37.844: Total time for which application threads were stopped: 0.0002353 seconds, Stopping threads took: 0.0000237 seconds
2016-05-12T09:33:57.410+0100: 37.939: Total time for which application threads were stopped: 0.0001603 seconds, Stopping threads took: 0.0000521 seconds
2016-05-12T09:33:57.410+0100: 37.939: Total time for which application threads were stopped: 0.0000766 seconds, Stopping threads took: 0.0000261 seconds
2016-05-12T09:33:57.432+0100: 37.961: Total time for which application threads were stopped: 0.0001595 seconds, Stopping threads took: 0.0000434 seconds
2016-05-12T09:33:57.502+0100: 38.031: Total time for which application threads were stopped: 0.0002140 seconds, Stopping threads took: 0.0000426 seconds
2016-05-12T09:33:57.502+0100: 38.031: Total time for which application threads were stopped: 0.0000853 seconds, Stopping threads took: 0.0000197 seconds
2016-05-12T09:33:57.808+0100: 38.338: Total time for which application threads were stopped: 0.0001429 seconds, Stopping threads took: 0.0000403 seconds
2016-05-12T09:33:57.813+0100: 38.342: Total time for which application threads were stopped: 0.0001445 seconds, Stopping threads took: 0.0000490 seconds
2016-05-12T09:33:57.875+0100: 38.405: Total time for which application threads were stopped: 0.0001958 seconds, Stopping threads took: 0.0000608 seconds
2016-05-12T09:33:57.892+0100: 38.421: Total time for which application threads were stopped: 0.0002108 seconds, Stopping threads took: 0.0000466 seconds
2016-05-12T09:33:58.892+0100: 39.421: Total time for which application threads were stopped: 0.0002203 seconds, Stopping threads took: 0.0000845 seconds
2016-05-12T09:33:59.390+0100: 39.920: Total time for which application threads were stopped: 0.0001816 seconds, Stopping threads took: 0.0000529 seconds
2016-05-12T09:33:59.465+0100: 39.994: Total time for which application threads were stopped: 0.0001335 seconds, Stopping threads took: 0.0000553 seconds
2016-05-12T09:34:33.831+0100: 74.360: Total time for which application threads were stopped: 0.0001358 seconds, Stopping threads took: 0.0000395 seconds
2016-05-12T09:34:33.831+0100: 74.361: Total time for which application threads were stopped: 0.0000790 seconds, Stopping threads took: 0.0000205 seconds
2016-05-12T09:34:33.832+0100: 74.362: Total time for which application threads were stopped: 0.0000995 seconds, Stopping threads took: 0.0000268 seconds
2016-05-12T09:34:33.833+0100: 74.362: Total time for which application threads were stopped: 0.0000821 seconds, Stopping threads took: 0.0000205 seconds
2016-05-12T09:34:33.833+0100: 74.363: Total time for which application threads were stopped: 0.0000726 seconds, Stopping threads took: 0.0000205 seconds
2016-05-12T09:34:34.331+0100: 74.860: Total time for which application threads were stopped: 0.0001635 seconds, Stopping threads took: 0.0000529 seconds
2016-05-12T09:34:34.331+0100: 74.861: Total time for which application threads were stopped: 0.0000805 seconds, Stopping threads took: 0.0000276 seconds
2016-05-12T09:34:34.331+0100: 74.861: Total time for which application threads were stopped: 0.0000798 seconds, Stopping threads took: 0.0000276 seconds
2016-05-12T09:34:34.331+0100: 74.861: Total time for which application threads were stopped: 0.0000924 seconds, Stopping threads took: 0.0000347 seconds
2016-05-12T09:34:34.677+0100: 75.206: Total time for which application threads were stopped: 0.0002156 seconds, Stopping threads took: 0.0000458 seconds
{Heap before GC invocations=4 (full 1):
 par new generation   total 109248K, used 96004K [0x00000000e0000000, 0x00000000e8000000, 0x00000000e8000000)
  eden space 87424K,  99% used [0x00000000e0000000, 0x00000000e552a0d8, 0x00000000e5560000)
  from space 21824K,  40% used [0x00000000e5560000, 0x00000000e5df7150, 0x00000000e6ab0000)
  to   space 21824K,   0% used [0x00000000e6ab0000, 0x00000000e6ab0000, 0x00000000e8000000)
 concurrent mark-sweep generation total 393216K, used 0K [0x00000000e8000000, 0x0000000100000000, 0x0000000100000000)
 Metaspace       used 28157K, capacity 28572K, committed 28900K, reserved 1075200K
  class space    used 3382K, capacity 3534K, committed 3556K, reserved 1048576K
2016-05-12T09:34:34.729+0100: 75.258: [GC (Allocation Failure) 2016-05-12T09:34:34.729+0100: 75.258: [ParNew
Desired survivor size 20112992 bytes, new threshold 8 (max 8)
- age   1:   11218776 bytes,   11218776 total
- age   2:      85824 bytes,   11304600 total
- age   3:     412320 bytes,   11716920 total
- age   4:    2782280 bytes,   14499200 total
- age   5:    2593992 bytes,   17093192 total
: 96004K->19277K(109248K), 0.0495169 secs] 96004K->19277K(502464K), 0.0497032 secs] [Times: user=0.06 sys=0.01, real=0.05 secs] 
Heap after GC invocations=5 (full 1):
 par new generation   total 109248K, used 19277K [0x00000000e0000000, 0x00000000e8000000, 0x00000000e8000000)
  eden space 87424K,   0% used [0x00000000e0000000, 0x00000000e0000000, 0x00000000e5560000)
  from space 21824K,  88% used [0x00000000e6ab0000, 0x00000000e7d83738, 0x00000000e8000000)
  to   space 21824K,   0% used [0x00000000e5560000, 0x00000000e5560000, 0x00000000e6ab0000)
 concurrent mark-sweep generation total 393216K, used 0K [0x00000000e8000000, 0x0000000100000000, 0x0000000100000000)
 Metaspace       used 28157K, capacity 28572K, committed 28900K, reserved 1075200K
  class space    used 3382K, capacity 3534K, committed 3556K, reserved 1048576K
}
2016-05-12T09:34:34.778+0100: 75.308: Total time for which application threads were stopped: 0.0501549 seconds, Stopping threads took: 0.0000616 seconds
2016-05-12T09:34:34.793+0100: 75.323: Total time for which application threads were stopped: 0.0001406 seconds, Stopping threads took: 0.0000442 seconds
2016-05-12T09:34:35.068+0100: 75.598: Total time for which application threads were stopped: 0.0002045 seconds, Stopping threads took: 0.0000482 seconds
2016-05-12T09:34:35.069+0100: 75.598: Total time for which application threads were stopped: 0.0000774 seconds, Stopping threads took: 0.0000213 seconds
2016-05-12T09:34:35.072+0100: 75.602: Total time for which application threads were stopped: 0.0001453 seconds, Stopping threads took: 0.0000419 seconds
2016-05-12T09:34:35.077+0100: 75.606: Total time for which application threads were stopped: 0.0001413 seconds, Stopping threads took: 0.0000395 seconds
2016-05-12T09:34:35.077+0100: 75.606: Total time for which application threads were stopped: 0.0000742 seconds, Stopping threads took: 0.0000190 seconds
2016-05-12T09:34:35.077+0100: 75.607: Total time for which application threads were stopped: 0.0000790 seconds, Stopping threads took: 0.0000197 seconds
2016-05-12T09:34:35.078+0100: 75.607: Total time for which application threads were stopped: 0.0000726 seconds, Stopping threads took: 0.0000190 seconds
2016-05-12T09:34:35.086+0100: 75.615: Total time for which application threads were stopped: 0.0001508 seconds, Stopping threads took: 0.0000434 seconds
2016-05-12T09:34:35.161+0100: 75.690: Total time for which application threads were stopped: 0.0001642 seconds, Stopping threads took: 0.0000529 seconds
2016-05-12T09:34:36.161+0100: 76.690: Total time for which application threads were stopped: 0.0002172 seconds, Stopping threads took: 0.0000474 seconds
{Heap before GC invocations=5 (full 1):
 par new generation   total 109248K, used 106701K [0x00000000e0000000, 0x00000000e8000000, 0x00000000e8000000)
  eden space 87424K, 100% used [0x00000000e0000000, 0x00000000e5560000, 0x00000000e5560000)
  from space 21824K,  88% used [0x00000000e6ab0000, 0x00000000e7d83738, 0x00000000e8000000)
  to   space 21824K,   0% used [0x00000000e5560000, 0x00000000e5560000, 0x00000000e6ab0000)
 concurrent mark-sweep generation total 393216K, used 0K [0x00000000e8000000, 0x0000000100000000, 0x0000000100000000)
 Metaspace       used 28416K, capacity 28764K, committed 29156K, reserved 1075200K
  class space    used 3382K, capacity 3534K, committed 3556K, reserved 1048576K
2016-05-12T09:34:36.816+0100: 77.346: [GC (Allocation Failure) 2016-05-12T09:34:36.958+0100: 77.488: [ParNew
Desired survivor size 20112992 bytes, new threshold 8 (max 8)
- age   1:    3250920 bytes,    3250920 total
- age   2:    3576392 bytes,    6827312 total
- age   3:      85824 bytes,    6913136 total
- age   4:     412176 bytes,    7325312 total
- age   5:    2780776 bytes,   10106088 total
- age   6:    2593440 bytes,   12699528 total
: 106701K->18290K(109248K), 0.0513623 secs] 106701K->18290K(502464K), 0.1934923 secs] [Times: user=0.06 sys=0.00, real=0.19 secs] 
Heap after GC invocations=6 (full 1):
 par new generation   total 109248K, used 18290K [0x00000000e0000000, 0x00000000e8000000, 0x00000000e8000000)
  eden space 87424K,   0% used [0x00000000e0000000, 0x00000000e0000000, 0x00000000e5560000)
  from space 21824K,  83% used [0x00000000e5560000, 0x00000000e673c930, 0x00000000e6ab0000)
  to   space 21824K,   0% used [0x00000000e6ab0000, 0x00000000e6ab0000, 0x00000000e8000000)
 concurrent mark-sweep generation total 393216K, used 0K [0x00000000e8000000, 0x0000000100000000, 0x0000000100000000)
 Metaspace       used 28416K, capacity 28764K, committed 29156K, reserved 1075200K
  class space    used 3382K, capacity 3534K, committed 3556K, reserved 1048576K
}
2016-05-12T09:34:37.010+0100: 77.539: Total time for which application threads were stopped: 0.1939234 seconds, Stopping threads took: 0.0000576 seconds
2016-05-12T09:34:37.132+0100: 77.662: Total time for which application threads were stopped: 0.0001682 seconds, Stopping threads took: 0.0000584 seconds
2016-05-12T09:34:37.136+0100: 77.665: Total time for which application threads were stopped: 0.0001840 seconds, Stopping threads took: 0.0000616 seconds
2016-05-12T09:34:37.749+0100: 78.279: Total time for which application threads were stopped: 0.0002495 seconds, Stopping threads took: 0.0000632 seconds
2016-05-12T09:34:37.751+0100: 78.280: Total time for which application threads were stopped: 0.0001208 seconds, Stopping threads took: 0.0000332 seconds
{Heap before GC invocations=6 (full 1):
 par new generation   total 109248K, used 104607K [0x00000000e0000000, 0x00000000e8000000, 0x00000000e8000000)
  eden space 87424K,  98% used [0x00000000e0000000, 0x00000000e544b548, 0x00000000e5560000)
  from space 21824K,  83% used [0x00000000e5560000, 0x00000000e673c930, 0x00000000e6ab0000)
  to   space 21824K,   0% used [0x00000000e6ab0000, 0x00000000e6ab0000, 0x00000000e8000000)
 concurrent mark-sweep generation total 393216K, used 0K [0x00000000e8000000, 0x0000000100000000, 0x0000000100000000)
 Metaspace       used 28535K, capacity 28892K, committed 29156K, reserved 1075200K
  class space    used 3382K, capacity 3534K, committed 3556K, reserved 1048576K
2016-05-12T09:34:37.951+0100: 78.481: [GC (Allocation Failure) 2016-05-12T09:34:37.951+0100: 78.481: [ParNew
Desired survivor size 20112992 bytes, new threshold 8 (max 8)
- age   1:    3216008 bytes,    3216008 total
- age   2:     122352 bytes,    3338360 total
- age   3:    3576312 bytes,    6914672 total
- age   4:      85848 bytes,    7000520 total
- age   5:     412176 bytes,    7412696 total
- age   6:    2782504 bytes,   10195200 total
- age   7:    2595496 bytes,   12790696 total
: 104607K->13760K(109248K), 0.0379721 secs] 104607K->13760K(502464K), 0.1106535 secs] [Times: user=0.09 sys=0.00, real=0.11 secs] 
Heap after GC invocations=7 (full 1):
 par new generation   total 109248K, used 13760K [0x00000000e0000000, 0x00000000e8000000, 0x00000000e8000000)
  eden space 87424K,   0% used [0x00000000e0000000, 0x00000000e0000000, 0x00000000e5560000)
  from space 21824K,  63% used [0x00000000e6ab0000, 0x00000000e78200a0, 0x00000000e8000000)
  to   space 21824K,   0% used [0x00000000e5560000, 0x00000000e5560000, 0x00000000e6ab0000)
 concurrent mark-sweep generation total 393216K, used 0K [0x00000000e8000000, 0x0000000100000000, 0x0000000100000000)
 Metaspace       used 28535K, capacity 28892K, committed 29156K, reserved 1075200K
  class space    used 3382K, capacity 3534K, committed 3556K, reserved 1048576K
}
2016-05-12T09:34:38.062+0100: 78.592: Total time for which application threads were stopped: 0.1112189 seconds, Stopping threads took: 0.0000734 seconds
2016-05-12T09:34:38.186+0100: 78.716: Total time for which application threads were stopped: 0.0001769 seconds, Stopping threads took: 0.0000466 seconds
{Heap before GC invocations=7 (full 1):
 par new generation   total 109248K, used 100909K [0x00000000e0000000, 0x00000000e8000000, 0x00000000e8000000)
  eden space 87424K,  99% used [0x00000000e0000000, 0x00000000e551b728, 0x00000000e5560000)
  from space 21824K,  63% used [0x00000000e6ab0000, 0x00000000e78200a0, 0x00000000e8000000)
  to   space 21824K,   0% used [0x00000000e5560000, 0x00000000e5560000, 0x00000000e6ab0000)
 concurrent mark-sweep generation total 393216K, used 0K [0x00000000e8000000, 0x0000000100000000, 0x0000000100000000)
 Metaspace       used 28623K, capacity 28956K, committed 29412K, reserved 1075200K
  class space    used 3384K, capacity 3534K, committed 3556K, reserved 1048576K
2016-05-12T09:34:38.943+0100: 79.473: [GC (Allocation Failure) 2016-05-12T09:34:38.943+0100: 79.473: [ParNew
Desired survivor size 20112992 bytes, new threshold 8 (max 8)
- age   1:    1859480 bytes,    1859480 total
- age   2:      87488 bytes,    1946968 total
- age   3:     121264 bytes,    2068232 total
- age   4:    3576072 bytes,    5644304 total
- age   5:      85824 bytes,    5730128 total
- age   6:     412008 bytes,    6142136 total
- age   7:    2778592 bytes,    8920728 total
- age   8:    2593688 bytes,   11514416 total
: 100909K->12314K(109248K), 0.0333827 secs] 100909K->12314K(502464K), 0.0336219 secs] [Times: user=0.06 sys=0.00, real=0.03 secs] 
Heap after GC invocations=8 (full 1):
 par new generation   total 109248K, used 12314K [0x00000000e0000000, 0x00000000e8000000, 0x00000000e8000000)
  eden space 87424K,   0% used [0x00000000e0000000, 0x00000000e0000000, 0x00000000e5560000)
  from space 21824K,  56% used [0x00000000e5560000, 0x00000000e6166bc0, 0x00000000e6ab0000)
  to   space 21824K,   0% used [0x00000000e6ab0000, 0x00000000e6ab0000, 0x00000000e8000000)
 concurrent mark-sweep generation total 393216K, used 0K [0x00000000e8000000, 0x0000000100000000, 0x0000000100000000)
 Metaspace       used 28623K, capacity 28956K, committed 29412K, reserved 1075200K
  class space    used 3384K, capacity 3534K, committed 3556K, reserved 1048576K
}
2016-05-12T09:34:38.977+0100: 79.507: Total time for which application threads were stopped: 0.0340894 seconds, Stopping threads took: 0.0000466 seconds
2016-05-12T09:34:39.651+0100: 80.181: Total time for which application threads were stopped: 0.0002061 seconds, Stopping threads took: 0.0000474 seconds
2016-05-12T09:34:39.652+0100: 80.182: Total time for which application threads were stopped: 0.0000948 seconds, Stopping threads took: 0.0000253 seconds
{Heap before GC invocations=8 (full 1):
 par new generation   total 109248K, used 99380K [0x00000000e0000000, 0x00000000e8000000, 0x00000000e8000000)
  eden space 87424K,  99% used [0x00000000e0000000, 0x00000000e55064b0, 0x00000000e5560000)
  from space 21824K,  56% used [0x00000000e5560000, 0x00000000e6166bc0, 0x00000000e6ab0000)
  to   space 21824K,   0% used [0x00000000e6ab0000, 0x00000000e6ab0000, 0x00000000e8000000)
 concurrent mark-sweep generation total 393216K, used 0K [0x00000000e8000000, 0x0000000100000000, 0x0000000100000000)
 Metaspace       used 28640K, capacity 28956K, committed 29412K, reserved 1075200K
  class space    used 3384K, capacity 3534K, committed 3556K, reserved 1048576K
2016-05-12T09:34:39.657+0100: 80.187: [GC (Allocation Failure) 2016-05-12T09:34:39.657+0100: 80.187: [ParNew
Desired survivor size 20112992 bytes, new threshold 8 (max 8)
- age   1:      25080 bytes,      25080 total
- age   2:       7232 bytes,      32312 total
- age   3:      86368 bytes,     118680 total
- age   4:     121264 bytes,     239944 total
- age   5:    3576024 bytes,    3815968 total
- age   6:      85824 bytes,    3901792 total
- age   7:     411960 bytes,    4313752 total
- age   8:    2778496 bytes,    7092248 total
: 99380K->12908K(109248K), 0.0820475 secs] 99380K->15695K(502464K), 0.0822015 secs] [Times: user=0.14 sys=0.00, real=0.08 secs] 
Heap after GC invocations=9 (full 1):
 par new generation   total 109248K, used 12908K [0x00000000e0000000, 0x00000000e8000000, 0x00000000e8000000)
  eden space 87424K,   0% used [0x00000000e0000000, 0x00000000e0000000, 0x00000000e5560000)
  from space 21824K,  59% used [0x00000000e6ab0000, 0x00000000e774b120, 0x00000000e8000000)
  to   space 21824K,   0% used [0x00000000e5560000, 0x00000000e5560000, 0x00000000e6ab0000)
 concurrent mark-sweep generation total 393216K, used 2787K [0x00000000e8000000, 0x0000000100000000, 0x0000000100000000)
 Metaspace       used 28640K, capacity 28956K, committed 29412K, reserved 1075200K
  class space    used 3384K, capacity 3534K, committed 3556K, reserved 1048576K
}
2016-05-12T09:34:39.739+0100: 80.269: Total time for which application threads were stopped: 0.0826176 seconds, Stopping threads took: 0.0000434 seconds
2016-05-12T09:34:40.004+0100: 80.534: Total time for which application threads were stopped: 0.0001919 seconds, Stopping threads took: 0.0000521 seconds
2016-05-12T09:34:40.005+0100: 80.535: Total time for which application threads were stopped: 0.0001058 seconds, Stopping threads took: 0.0000300 seconds
{Heap before GC invocations=9 (full 1):
 par new generation   total 109248K, used 99383K [0x00000000e0000000, 0x00000000e8000000, 0x00000000e8000000)
  eden space 87424K,  98% used [0x00000000e0000000, 0x00000000e5472b78, 0x00000000e5560000)
  from space 21824K,  59% used [0x00000000e6ab0000, 0x00000000e774b120, 0x00000000e8000000)
  to   space 21824K,   0% used [0x00000000e5560000, 0x00000000e5560000, 0x00000000e6ab0000)
 concurrent mark-sweep generation total 393216K, used 2787K [0x00000000e8000000, 0x0000000100000000, 0x0000000100000000)
 Metaspace       used 28655K, capacity 29020K, committed 29412K, reserved 1075200K
  class space    used 3384K, capacity 3534K, committed 3556K, reserved 1048576K
2016-05-12T09:34:40.672+0100: 81.201: [GC (Allocation Failure) 2016-05-12T09:34:40.672+0100: 81.201: [ParNew
Desired survivor size 20112992 bytes, new threshold 8 (max 8)
- age   1:     492496 bytes,     492496 total
- age   2:       2688 bytes,     495184 total
- age   3:       4040 bytes,     499224 total
- age   4:      86368 bytes,     585592 total
- age   5:     121264 bytes,     706856 total
- age   6:    3576024 bytes,    4282880 total
- age   7:      85824 bytes,    4368704 total
- age   8:     411960 bytes,    4780664 total
: 99383K->6553K(109248K), 0.0615797 secs] 102170K->12192K(502464K), 0.0617913 secs] [Times: user=0.05 sys=0.00, real=0.06 secs] 
Heap after GC invocations=10 (full 1):
 par new generation   total 109248K, used 6553K [0x00000000e0000000, 0x00000000e8000000, 0x00000000e8000000)
  eden space 87424K,   0% used [0x00000000e0000000, 0x00000000e0000000, 0x00000000e5560000)
  from space 21824K,  30% used [0x00000000e5560000, 0x00000000e5bc6460, 0x00000000e6ab0000)
  to   space 21824K,   0% used [0x00000000e6ab0000, 0x00000000e6ab0000, 0x00000000e8000000)
 concurrent mark-sweep generation total 393216K, used 5638K [0x00000000e8000000, 0x0000000100000000, 0x0000000100000000)
 Metaspace       used 28655K, capacity 29020K, committed 29412K, reserved 1075200K
  class space    used 3384K, capacity 3534K, committed 3556K, reserved 1048576K
}
2016-05-12T09:34:40.734+0100: 81.263: Total time for which application threads were stopped: 0.0622832 seconds, Stopping threads took: 0.0000671 seconds
2016-05-12T09:34:41.012+0100: 81.541: Total time for which application threads were stopped: 0.0001761 seconds, Stopping threads took: 0.0000537 seconds
2016-05-12T09:34:41.012+0100: 81.541: Total time for which application threads were stopped: 0.0000900 seconds, Stopping threads took: 0.0000268 seconds
{Heap before GC invocations=10 (full 1):
 par new generation   total 109248K, used 92620K [0x00000000e0000000, 0x00000000e8000000, 0x00000000e8000000)
  eden space 87424K,  98% used [0x00000000e0000000, 0x00000000e540cc60, 0x00000000e5560000)
  from space 21824K,  30% used [0x00000000e5560000, 0x00000000e5bc6460, 0x00000000e6ab0000)
  to   space 21824K,   0% used [0x00000000e6ab0000, 0x00000000e6ab0000, 0x00000000e8000000)
 concurrent mark-sweep generation total 393216K, used 5638K [0x00000000e8000000, 0x0000000100000000, 0x0000000100000000)
 Metaspace       used 28672K, capacity 29026K, committed 29412K, reserved 1075200K
  class space    used 3385K, capacity 3535K, committed 3556K, reserved 1048576K
2016-05-12T09:34:41.665+0100: 82.194: [GC (Allocation Failure) 2016-05-12T09:34:41.665+0100: 82.194: [ParNew
Desired survivor size 20112992 bytes, new threshold 8 (max 8)
- age   1:     890696 bytes,     890696 total
- age   2:       7112 bytes,     897808 total
- age   3:       1464 bytes,     899272 total
- age   4:       4040 bytes,     903312 total
- age   5:      86344 bytes,     989656 total
- age   6:     121264 bytes,    1110920 total
- age   7:    3576024 bytes,    4686944 total
- age   8:      85824 bytes,    4772768 total
: 92620K->4903K(109248K), 0.0207474 secs] 98259K->10953K(502464K), 0.0209037 secs] [Times: user=0.02 sys=0.00, real=0.02 secs] 
Heap after GC invocations=11 (full 1):
 par new generation   total 109248K, used 4903K [0x00000000e0000000, 0x00000000e8000000, 0x00000000e8000000)
  eden space 87424K,   0% used [0x00000000e0000000, 0x00000000e0000000, 0x00000000e5560000)
  from space 21824K,  22% used [0x00000000e6ab0000, 0x00000000e6f79db8, 0x00000000e8000000)
  to   space 21824K,   0% used [0x00000000e5560000, 0x00000000e5560000, 0x00000000e6ab0000)
 concurrent mark-sweep generation total 393216K, used 6049K [0x00000000e8000000, 0x0000000100000000, 0x0000000100000000)
 Metaspace       used 28672K, capacity 29026K, committed 29412K, reserved 1075200K
  class space    used 3385K, capacity 3535K, committed 3556K, reserved 1048576K
}
2016-05-12T09:34:41.686+0100: 82.215: Total time for which application threads were stopped: 0.0213428 seconds, Stopping threads took: 0.0000434 seconds
2016-05-12T09:34:41.797+0100: 82.326: Total time for which application threads were stopped: 0.0001564 seconds, Stopping threads took: 0.0000419 seconds
{Heap before GC invocations=11 (full 1):
 par new generation   total 109248K, used 91086K [0x00000000e0000000, 0x00000000e8000000, 0x00000000e8000000)
  eden space 87424K,  98% used [0x00000000e0000000, 0x00000000e5429aa0, 0x00000000e5560000)
  from space 21824K,  22% used [0x00000000e6ab0000, 0x00000000e6f79db8, 0x00000000e8000000)
  to   space 21824K,   0% used [0x00000000e5560000, 0x00000000e5560000, 0x00000000e6ab0000)
 concurrent mark-sweep generation total 393216K, used 6049K [0x00000000e8000000, 0x0000000100000000, 0x0000000100000000)
 Metaspace       used 28677K, capacity 29026K, committed 29412K, reserved 1075200K
  class space    used 3385K, capacity 3535K, committed 3556K, reserved 1048576K
2016-05-12T09:34:42.530+0100: 83.059: [GC (Allocation Failure) 2016-05-12T09:34:42.530+0100: 83.059: [ParNew
Desired survivor size 20112992 bytes, new threshold 8 (max 8)
- age   1:    3133960 bytes,    3133960 total
- age   2:       2832 bytes,    3136792 total
- age   3:       3616 bytes,    3140408 total
- age   4:       1464 bytes,    3141872 total
- age   5:       4040 bytes,    3145912 total
- age   6:      86344 bytes,    3232256 total
- age   7:     121264 bytes,    3353520 total
- age   8:    3576048 bytes,    6929568 total
: 91086K->7103K(109248K), 0.0186232 secs] 97135K->13238K(502464K), 0.0187748 secs] [Times: user=0.03 sys=0.00, real=0.02 secs] 
Heap after GC invocations=12 (full 1):
 par new generation   total 109248K, used 7103K [0x00000000e0000000, 0x00000000e8000000, 0x00000000e8000000)
  eden space 87424K,   0% used [0x00000000e0000000, 0x00000000e0000000, 0x00000000e5560000)
  from space 21824K,  32% used [0x00000000e5560000, 0x00000000e5c4fc78, 0x00000000e6ab0000)
  to   space 21824K,   0% used [0x00000000e6ab0000, 0x00000000e6ab0000, 0x00000000e8000000)
 concurrent mark-sweep generation total 393216K, used 6135K [0x00000000e8000000, 0x0000000100000000, 0x0000000100000000)
 Metaspace       used 28677K, capacity 29026K, committed 29412K, reserved 1075200K
  class space    used 3385K, capacity 3535K, committed 3556K, reserved 1048576K
}
2016-05-12T09:34:42.549+0100: 83.078: Total time for which application threads were stopped: 0.0192431 seconds, Stopping threads took: 0.0000671 seconds
2016-05-12T09:34:42.817+0100: 83.346: Total time for which application threads were stopped: 0.0001690 seconds, Stopping threads took: 0.0000474 seconds
2016-05-12T09:34:42.817+0100: 83.346: Total time for which application threads were stopped: 0.0000924 seconds, Stopping threads took: 0.0000284 seconds
2016-05-12T09:34:42.818+0100: 83.347: Total time for which application threads were stopped: 0.0000877 seconds, Stopping threads took: 0.0000253 seconds
2016-05-12T09:34:42.818+0100: 83.347: Total time for which application threads were stopped: 0.0000900 seconds, Stopping threads took: 0.0000261 seconds
2016-05-12T09:34:43.818+0100: 84.347: Total time for which application threads were stopped: 0.0001903 seconds, Stopping threads took: 0.0000529 seconds
2016-05-12T09:34:56.839+0100: 97.369: Total time for which application threads were stopped: 0.0001571 seconds, Stopping threads took: 0.0000490 seconds
2016-05-12T09:35:34.037+0100: 134.566: Total time for which application threads were stopped: 0.0001556 seconds, Stopping threads took: 0.0000482 seconds
2016-05-12T09:35:48.037+0100: 148.566: Total time for which application threads were stopped: 0.0001785 seconds, Stopping threads took: 0.0000553 seconds
2016-05-12T09:36:23.223+0100: 183.753: Total time for which application threads were stopped: 0.0002172 seconds, Stopping threads took: 0.0000671 seconds
2016-05-12T09:36:29.296+0100: 189.825: Total time for which application threads were stopped: 0.0001532 seconds, Stopping threads took: 0.0000482 seconds
2016-05-12T09:37:07.393+0100: 227.922: Total time for which application threads were stopped: 0.0001706 seconds, Stopping threads took: 0.0000569 seconds
2016-05-12T09:38:57.921+0100: 338.451: Total time for which application threads were stopped: 0.0001800 seconds, Stopping threads took: 0.0000553 seconds
2016-05-12T09:40:32.604+0100: 433.134: Total time for which application threads were stopped: 0.0001856 seconds, Stopping threads took: 0.0000513 seconds
2016-05-12T09:40:32.604+0100: 433.134: Total time for which application threads were stopped: 0.0000805 seconds, Stopping threads took: 0.0000197 seconds
2016-05-12T09:40:32.605+0100: 433.135: Total time for which application threads were stopped: 0.0001485 seconds, Stopping threads took: 0.0000411 seconds
2016-05-12T09:40:32.632+0100: 433.162: Total time for which application threads were stopped: 0.0002511 seconds, Stopping threads took: 0.0000434 seconds
2016-05-12T09:40:33.634+0100: 434.164: Total time for which application threads were stopped: 0.0004288 seconds, Stopping threads took: 0.0002866 seconds
2016-05-12T09:40:38.647+0100: 439.177: Total time for which application threads were stopped: 0.0001856 seconds, Stopping threads took: 0.0000537 seconds
2016-05-12T09:41:13.635+0100: 474.172: Total time for which application threads were stopped: 0.0001706 seconds, Stopping threads took: 0.0000482 seconds
2016-05-12T09:41:13.635+0100: 474.174: Total time for which application threads were stopped: 0.0001595 seconds, Stopping threads took: 0.0000442 seconds
2016-05-12T09:41:13.650+0100: 474.181: Total time for which application threads were stopped: 0.0001919 seconds, Stopping threads took: 0.0000576 seconds
2016-05-12T09:41:13.651+0100: 474.182: Total time for which application threads were stopped: 0.0001856 seconds, Stopping threads took: 0.0000324 seconds
{Heap before GC invocations=12 (full 1):
 par new generation   total 109248K, used 93152K [0x00000000e0000000, 0x00000000e8000000, 0x00000000e8000000)
  eden space 87424K,  98% used [0x00000000e0000000, 0x00000000e54084f0, 0x00000000e5560000)
  from space 21824K,  32% used [0x00000000e5560000, 0x00000000e5c4fc78, 0x00000000e6ab0000)
  to   space 21824K,   0% used [0x00000000e6ab0000, 0x00000000e6ab0000, 0x00000000e8000000)
 concurrent mark-sweep generation total 393216K, used 6135K [0x00000000e8000000, 0x0000000100000000, 0x0000000100000000)
 Metaspace       used 28792K, capacity 29154K, committed 29412K, reserved 1075200K
  class space    used 3405K, capacity 3535K, committed 3556K, reserved 1048576K
2016-05-12T09:41:13.720+0100: 474.251: [GC (Allocation Failure) 2016-05-12T09:41:13.720+0100: 474.251: [ParNew
Desired survivor size 20112992 bytes, new threshold 8 (max 8)
- age   1:    3243736 bytes,    3243736 total
- age   2:       5088 bytes,    3248824 total
- age   3:       2160 bytes,    3250984 total
- age   4:       3616 bytes,    3254600 total
- age   5:       1464 bytes,    3256064 total
- age   6:       4040 bytes,    3260104 total
- age   7:      86312 bytes,    3346416 total
- age   8:     121264 bytes,    3467680 total
: 93152K->4579K(109248K), 0.0400079 secs] 99287K->14211K(502464K), 0.0401524 secs] [Times: user=0.03 sys=0.00, real=0.04 secs] 
Heap after GC invocations=13 (full 1):
 par new generation   total 109248K, used 4579K [0x00000000e0000000, 0x00000000e8000000, 0x00000000e8000000)
  eden space 87424K,   0% used [0x00000000e0000000, 0x00000000e0000000, 0x00000000e5560000)
  from space 21824K,  20% used [0x00000000e6ab0000, 0x00000000e6f28cd0, 0x00000000e8000000)
  to   space 21824K,   0% used [0x00000000e5560000, 0x00000000e5560000, 0x00000000e6ab0000)
 concurrent mark-sweep generation total 393216K, used 9632K [0x00000000e8000000, 0x0000000100000000, 0x0000000100000000)
 Metaspace       used 28792K, capacity 29154K, committed 29412K, reserved 1075200K
  class space    used 3405K, capacity 3535K, committed 3556K, reserved 1048576K
}
2016-05-12T09:41:13.761+0100: 474.291: Total time for which application threads were stopped: 0.0406270 seconds, Stopping threads took: 0.0000608 seconds
2016-05-12T09:41:14.770+0100: 475.300: Total time for which application threads were stopped: 0.0001824 seconds, Stopping threads took: 0.0000584 seconds
2016-05-12T09:42:53.823+0100: 574.353: Total time for which application threads were stopped: 0.0001943 seconds, Stopping threads took: 0.0000569 seconds
2016-05-12T09:45:08.469+0100: 709.000: Total time for which application threads were stopped: 0.0001832 seconds, Stopping threads took: 0.0000490 seconds
2016-05-12T09:45:08.469+0100: 709.000: Total time for which application threads were stopped: 0.0000837 seconds, Stopping threads took: 0.0000213 seconds
2016-05-12T09:45:08.470+0100: 709.001: Total time for which application threads were stopped: 0.0001058 seconds, Stopping threads took: 0.0000229 seconds
2016-05-12T09:45:08.472+0100: 709.003: Total time for which application threads were stopped: 0.0001192 seconds, Stopping threads took: 0.0000268 seconds
2016-05-12T09:45:08.472+0100: 709.003: Total time for which application threads were stopped: 0.0000900 seconds, Stopping threads took: 0.0000213 seconds
2016-05-12T09:45:08.472+0100: 709.004: Total time for which application threads were stopped: 0.0002930 seconds, Stopping threads took: 0.0000190 seconds
2016-05-12T09:45:08.503+0100: 709.035: Total time for which application threads were stopped: 0.0002456 seconds, Stopping threads took: 0.0000466 seconds
2016-05-12T09:45:08.694+0100: 709.226: Total time for which application threads were stopped: 0.0001808 seconds, Stopping threads took: 0.0000426 seconds
2016-05-12T09:45:08.695+0100: 709.226: Total time for which application threads were stopped: 0.0000877 seconds, Stopping threads took: 0.0000221 seconds
{Heap before GC invocations=13 (full 1):
 par new generation   total 109248K, used 90893K [0x00000000e0000000, 0x00000000e8000000, 0x00000000e8000000)
  eden space 87424K,  98% used [0x00000000e0000000, 0x00000000e544a838, 0x00000000e5560000)
  from space 21824K,  20% used [0x00000000e6ab0000, 0x00000000e6f28cd0, 0x00000000e8000000)
  to   space 21824K,   0% used [0x00000000e5560000, 0x00000000e5560000, 0x00000000e6ab0000)
 concurrent mark-sweep generation total 393216K, used 9632K [0x00000000e8000000, 0x0000000100000000, 0x0000000100000000)
 Metaspace       used 28796K, capacity 29218K, committed 29668K, reserved 1075200K
  class space    used 3405K, capacity 3535K, committed 3556K, reserved 1048576K
2016-05-12T09:45:09.397+0100: 709.929: [GC (Allocation Failure) 2016-05-12T09:45:09.397+0100: 709.929: [ParNew
Desired survivor size 20112992 bytes, new threshold 8 (max 8)
- age   1:    3147448 bytes,    3147448 total
- age   2:      12456 bytes,    3159904 total
- age   3:       2536 bytes,    3162440 total
- age   4:       1888 bytes,    3164328 total
- age   5:       3616 bytes,    3167944 total
- age   6:       1464 bytes,    3169408 total
- age   7:       4040 bytes,    3173448 total
- age   8:      86312 bytes,    3259760 total
: 90893K->3228K(109248K), 0.0142793 secs] 100525K->12979K(502464K), 0.0144538 secs] [Times: user=0.00 sys=0.00, real=0.01 secs] 
Heap after GC invocations=14 (full 1):
 par new generation   total 109248K, used 3228K [0x00000000e0000000, 0x00000000e8000000, 0x00000000e8000000)
  eden space 87424K,   0% used [0x00000000e0000000, 0x00000000e0000000, 0x00000000e5560000)
  from space 21824K,  14% used [0x00000000e5560000, 0x00000000e5887270, 0x00000000e6ab0000)
  to   space 21824K,   0% used [0x00000000e6ab0000, 0x00000000e6ab0000, 0x00000000e8000000)
 concurrent mark-sweep generation total 393216K, used 9751K [0x00000000e8000000, 0x0000000100000000, 0x0000000100000000)
 Metaspace       used 28796K, capacity 29218K, committed 29668K, reserved 1075200K
  class space    used 3405K, capacity 3535K, committed 3556K, reserved 1048576K
}
2016-05-12T09:45:09.412+0100: 709.943: Total time for which application threads were stopped: 0.0149316 seconds, Stopping threads took: 0.0000648 seconds
2016-05-12T09:45:09.533+0100: 710.064: Total time for which application threads were stopped: 0.0001919 seconds, Stopping threads took: 0.0000640 seconds
2016-05-12T09:45:09.533+0100: 710.065: Total time for which application threads were stopped: 0.0001050 seconds, Stopping threads took: 0.0000261 seconds
2016-05-12T09:45:10.110+0100: 710.641: Total time for which application threads were stopped: 0.0001982 seconds, Stopping threads took: 0.0000537 seconds
{Heap before GC invocations=14 (full 1):
 par new generation   total 109248K, used 90554K [0x00000000e0000000, 0x00000000e8000000, 0x00000000e8000000)
  eden space 87424K,  99% used [0x00000000e0000000, 0x00000000e5547870, 0x00000000e5560000)
  from space 21824K,  14% used [0x00000000e5560000, 0x00000000e5887270, 0x00000000e6ab0000)
  to   space 21824K,   0% used [0x00000000e6ab0000, 0x00000000e6ab0000, 0x00000000e8000000)
 concurrent mark-sweep generation total 393216K, used 9751K [0x00000000e8000000, 0x0000000100000000, 0x0000000100000000)
 Metaspace       used 28824K, capacity 29218K, committed 29668K, reserved 1075200K
  class space    used 3405K, capacity 3535K, committed 3556K, reserved 1048576K
2016-05-12T09:45:10.203+0100: 710.735: [GC (Allocation Failure) 2016-05-12T09:45:10.204+0100: 710.735: [ParNew
Desired survivor size 20112992 bytes, new threshold 8 (max 8)
- age   1:    1855824 bytes,    1855824 total
- age   2:      16568 bytes,    1872392 total
- age   3:      11752 bytes,    1884144 total
- age   4:       1992 bytes,    1886136 total
- age   5:       1536 bytes,    1887672 total
- age   6:       3616 bytes,    1891288 total
- age   7:       1464 bytes,    1892752 total
- age   8:       4040 bytes,    1896792 total
: 90554K->1890K(109248K), 0.0112123 secs] 100306K->11726K(502464K), 0.0114255 secs] [Times: user=0.03 sys=0.00, real=0.01 secs] 
Heap after GC invocations=15 (full 1):
 par new generation   total 109248K, used 1890K [0x00000000e0000000, 0x00000000e8000000, 0x00000000e8000000)
  eden space 87424K,   0% used [0x00000000e0000000, 0x00000000e0000000, 0x00000000e5560000)
  from space 21824K,   8% used [0x00000000e6ab0000, 0x00000000e6c88a08, 0x00000000e8000000)
  to   space 21824K,   0% used [0x00000000e5560000, 0x00000000e5560000, 0x00000000e6ab0000)
 concurrent mark-sweep generation total 393216K, used 9836K [0x00000000e8000000, 0x0000000100000000, 0x0000000100000000)
 Metaspace       used 28824K, capacity 29218K, committed 29668K, reserved 1075200K
  class space    used 3405K, capacity 3535K, committed 3556K, reserved 1048576K
}
2016-05-12T09:45:10.215+0100: 710.746: Total time for which application threads were stopped: 0.0118843 seconds, Stopping threads took: 0.0000529 seconds
2016-05-12T09:45:10.271+0100: 710.802: Total time for which application threads were stopped: 0.0001682 seconds, Stopping threads took: 0.0000458 seconds
2016-05-12T09:45:10.271+0100: 710.803: Total time for which application threads were stopped: 0.0001121 seconds, Stopping threads took: 0.0000332 seconds
2016-05-12T09:45:10.272+0100: 710.803: Total time for which application threads were stopped: 0.0001145 seconds, Stopping threads took: 0.0000340 seconds
2016-05-12T09:45:10.983+0100: 711.515: Total time for which application threads were stopped: 0.0002511 seconds, Stopping threads took: 0.0000529 seconds
{Heap before GC invocations=15 (full 1):
 par new generation   total 109248K, used 89024K [0x00000000e0000000, 0x00000000e8000000, 0x00000000e8000000)
  eden space 87424K,  99% used [0x00000000e0000000, 0x00000000e5517788, 0x00000000e5560000)
  from space 21824K,   8% used [0x00000000e6ab0000, 0x00000000e6c88a08, 0x00000000e8000000)
  to   space 21824K,   0% used [0x00000000e5560000, 0x00000000e5560000, 0x00000000e6ab0000)
 concurrent mark-sweep generation total 393216K, used 9836K [0x00000000e8000000, 0x0000000100000000, 0x0000000100000000)
 Metaspace       used 28846K, capacity 29218K, committed 29668K, reserved 1075200K
  class space    used 3405K, capacity 3535K, committed 3556K, reserved 1048576K
2016-05-12T09:45:11.000+0100: 711.531: [GC (Allocation Failure) 2016-05-12T09:45:11.000+0100: 711.531: [ParNew
Desired survivor size 20112992 bytes, new threshold 8 (max 8)
- age   1:      25744 bytes,      25744 total
- age   2:       3672 bytes,      29416 total
- age   3:      15352 bytes,      44768 total
- age   4:      11752 bytes,      56520 total
- age   5:       1992 bytes,      58512 total
- age   6:       1536 bytes,      60048 total
- age   7:       3616 bytes,      63664 total
- age   8:       1464 bytes,      65128 total
: 89024K->68K(109248K), 0.0182102 secs] 98860K->9908K(502464K), 0.0183697 secs] [Times: user=0.02 sys=0.00, real=0.02 secs] 
Heap after GC invocations=16 (full 1):
 par new generation   total 109248K, used 68K [0x00000000e0000000, 0x00000000e8000000, 0x00000000e8000000)
  eden space 87424K,   0% used [0x00000000e0000000, 0x00000000e0000000, 0x00000000e5560000)
  from space 21824K,   0% used [0x00000000e5560000, 0x00000000e5571148, 0x00000000e6ab0000)
  to   space 21824K,   0% used [0x00000000e6ab0000, 0x00000000e6ab0000, 0x00000000e8000000)
 concurrent mark-sweep generation total 393216K, used 9840K [0x00000000e8000000, 0x0000000100000000, 0x0000000100000000)
 Metaspace       used 28846K, capacity 29218K, committed 29668K, reserved 1075200K
  class space    used 3405K, capacity 3535K, committed 3556K, reserved 1048576K
}
2016-05-12T09:45:11.018+0100: 711.550: Total time for which application threads were stopped: 0.0187867 seconds, Stopping threads took: 0.0000450 seconds
2016-05-12T09:45:11.160+0100: 711.692: Total time for which application threads were stopped: 0.0010708 seconds, Stopping threads took: 0.0008749 seconds
2016-05-12T09:45:11.161+0100: 711.692: Total time for which application threads were stopped: 0.0001066 seconds, Stopping threads took: 0.0000387 seconds
{Heap before GC invocations=16 (full 1):
 par new generation   total 109248K, used 87347K [0x00000000e0000000, 0x00000000e8000000, 0x00000000e8000000)
  eden space 87424K,  99% used [0x00000000e0000000, 0x00000000e553bc78, 0x00000000e5560000)
  from space 21824K,   0% used [0x00000000e5560000, 0x00000000e5571148, 0x00000000e6ab0000)
  to   space 21824K,   0% used [0x00000000e6ab0000, 0x00000000e6ab0000, 0x00000000e8000000)
 concurrent mark-sweep generation total 393216K, used 9840K [0x00000000e8000000, 0x0000000100000000, 0x0000000100000000)
 Metaspace       used 28896K, capacity 29218K, committed 29668K, reserved 1075200K
  class space    used 3405K, capacity 3535K, committed 3556K, reserved 1048576K
2016-05-12T09:45:11.946+0100: 712.478: [GC (Allocation Failure) 2016-05-12T09:45:11.946+0100: 712.478: [ParNew
Desired survivor size 20112992 bytes, new threshold 8 (max 8)
- age   1:      52616 bytes,      52616 total
- age   2:       3040 bytes,      55656 total
- age   3:        480 bytes,      56136 total
- age   4:      15352 bytes,      71488 total
- age   5:      11752 bytes,      83240 total
- age   6:       1992 bytes,      85232 total
- age   7:       1536 bytes,      86768 total
- age   8:       3616 bytes,      90384 total
: 87347K->98K(109248K), 0.0108041 secs] 97187K->9939K(502464K), 0.0109675 secs] [Times: user=0.02 sys=0.00, real=0.01 secs] 
Heap after GC invocations=17 (full 1):
 par new generation   total 109248K, used 98K [0x00000000e0000000, 0x00000000e8000000, 0x00000000e8000000)
  eden space 87424K,   0% used [0x00000000e0000000, 0x00000000e0000000, 0x00000000e5560000)
  from space 21824K,   0% used [0x00000000e6ab0000, 0x00000000e6ac8a10, 0x00000000e8000000)
  to   space 21824K,   0% used [0x00000000e5560000, 0x00000000e5560000, 0x00000000e6ab0000)
 concurrent mark-sweep generation total 393216K, used 9841K [0x00000000e8000000, 0x0000000100000000, 0x0000000100000000)
 Metaspace       used 28896K, capacity 29218K, committed 29668K, reserved 1075200K
  class space    used 3405K, capacity 3535K, committed 3556K, reserved 1048576K
}
2016-05-12T09:45:11.957+0100: 712.489: Total time for which application threads were stopped: 0.0114508 seconds, Stopping threads took: 0.0000584 seconds
2016-05-12T09:45:12.090+0100: 712.622: Total time for which application threads were stopped: 0.0001595 seconds, Stopping threads took: 0.0000419 seconds
2016-05-12T09:45:12.090+0100: 712.622: Total time for which application threads were stopped: 0.0000955 seconds, Stopping threads took: 0.0000229 seconds
{Heap before GC invocations=17 (full 1):
 par new generation   total 109248K, used 85344K [0x00000000e0000000, 0x00000000e8000000, 0x00000000e8000000)
  eden space 87424K,  97% used [0x00000000e0000000, 0x00000000e533f8c8, 0x00000000e5560000)
  from space 21824K,   0% used [0x00000000e6ab0000, 0x00000000e6ac8a10, 0x00000000e8000000)
  to   space 21824K,   0% used [0x00000000e5560000, 0x00000000e5560000, 0x00000000e6ab0000)
 concurrent mark-sweep generation total 393216K, used 9841K [0x00000000e8000000, 0x0000000100000000, 0x0000000100000000)
 Metaspace       used 28903K, capacity 29218K, committed 29668K, reserved 1075200K
  class space    used 3406K, capacity 3535K, committed 3556K, reserved 1048576K
2016-05-12T09:45:12.651+0100: 713.182: [GC (Allocation Failure) 2016-05-12T09:45:12.651+0100: 713.182: [ParNew
Desired survivor size 20112992 bytes, new threshold 8 (max 8)
- age   1:    3971112 bytes,    3971112 total
- age   2:       5672 bytes,    3976784 total
- age   3:       1816 bytes,    3978600 total
- age   4:        480 bytes,    3979080 total
- age   5:      15352 bytes,    3994432 total
- age   6:      11752 bytes,    4006184 total
- age   7:       1992 bytes,    4008176 total
- age   8:       1536 bytes,    4009712 total
: 85344K->3941K(109248K), 0.0141672 secs] 95186K->13786K(502464K), 0.0143141 secs] [Times: user=0.03 sys=0.00, real=0.01 secs] 
Heap after GC invocations=18 (full 1):
 par new generation   total 109248K, used 3941K [0x00000000e0000000, 0x00000000e8000000, 0x00000000e8000000)
  eden space 87424K,   0% used [0x00000000e0000000, 0x00000000e0000000, 0x00000000e5560000)
  from space 21824K,  18% used [0x00000000e5560000, 0x00000000e59395e0, 0x00000000e6ab0000)
  to   space 21824K,   0% used [0x00000000e6ab0000, 0x00000000e6ab0000, 0x00000000e8000000)
 concurrent mark-sweep generation total 393216K, used 9844K [0x00000000e8000000, 0x0000000100000000, 0x0000000100000000)
 Metaspace       used 28903K, capacity 29218K, committed 29668K, reserved 1075200K
  class space    used 3406K, capacity 3535K, committed 3556K, reserved 1048576K
}
2016-05-12T09:45:12.665+0100: 713.197: Total time for which application threads were stopped: 0.0147539 seconds, Stopping threads took: 0.0000450 seconds
{Heap before GC invocations=18 (full 1):
 par new generation   total 109248K, used 90738K [0x00000000e0000000, 0x00000000e8000000, 0x00000000e8000000)
  eden space 87424K,  99% used [0x00000000e0000000, 0x00000000e54c3468, 0x00000000e5560000)
  from space 21824K,  18% used [0x00000000e5560000, 0x00000000e59395e0, 0x00000000e6ab0000)
  to   space 21824K,   0% used [0x00000000e6ab0000, 0x00000000e6ab0000, 0x00000000e8000000)
 concurrent mark-sweep generation total 393216K, used 9844K [0x00000000e8000000, 0x0000000100000000, 0x0000000100000000)
 Metaspace       used 28906K, capacity 29218K, committed 29668K, reserved 1075200K
  class space    used 3406K, capacity 3535K, committed 3556K, reserved 1048576K
2016-05-12T09:45:13.345+0100: 713.876: [GC (Allocation Failure) 2016-05-12T09:45:13.345+0100: 713.876: [ParNew
Desired survivor size 20112992 bytes, new threshold 8 (max 8)
- age   1:     544456 bytes,     544456 total
- age   2:       2288 bytes,     546744 total
- age   3:       2176 bytes,     548920 total
- age   4:       1816 bytes,     550736 total
- age   5:        480 bytes,     551216 total
- age   6:      15352 bytes,     566568 total
- age   7:      11752 bytes,     578320 total
- age   8:       1992 bytes,     580312 total
: 90738K->574K(109248K), 0.0097278 secs] 100583K->10421K(502464K), 0.0098999 secs] [Times: user=0.00 sys=0.00, real=0.01 secs] 
Heap after GC invocations=19 (full 1):
 par new generation   total 109248K, used 574K [0x00000000e0000000, 0x00000000e8000000, 0x00000000e8000000)
  eden space 87424K,   0% used [0x00000000e0000000, 0x00000000e0000000, 0x00000000e5560000)
  from space 21824K,   2% used [0x00000000e6ab0000, 0x00000000e6b3fa98, 0x00000000e8000000)
  to   space 21824K,   0% used [0x00000000e5560000, 0x00000000e5560000, 0x00000000e6ab0000)
 concurrent mark-sweep generation total 393216K, used 9846K [0x00000000e8000000, 0x0000000100000000, 0x0000000100000000)
 Metaspace       used 28906K, capacity 29218K, committed 29668K, reserved 1075200K
  class space    used 3406K, capacity 3535K, committed 3556K, reserved 1048576K
}
2016-05-12T09:45:13.355+0100: 713.886: Total time for which application threads were stopped: 0.0103595 seconds, Stopping threads took: 0.0000648 seconds
2016-05-12T09:45:13.433+0100: 713.965: Total time for which application threads were stopped: 0.0001666 seconds, Stopping threads took: 0.0000426 seconds
2016-05-12T09:45:13.433+0100: 713.965: Total time for which application threads were stopped: 0.0000932 seconds, Stopping threads took: 0.0000205 seconds
2016-05-12T09:45:13.434+0100: 713.965: Total time for which application threads were stopped: 0.0001121 seconds, Stopping threads took: 0.0000182 seconds
2016-05-12T09:45:13.435+0100: 713.966: Total time for which application threads were stopped: 0.0001390 seconds, Stopping threads took: 0.0000355 seconds
{Heap before GC invocations=19 (full 1):
 par new generation   total 109248K, used 87995K [0x00000000e0000000, 0x00000000e8000000, 0x00000000e8000000)
  eden space 87424K,  99% used [0x00000000e0000000, 0x00000000e555f478, 0x00000000e5560000)
  from space 21824K,   2% used [0x00000000e6ab0000, 0x00000000e6b3fa98, 0x00000000e8000000)
  to   space 21824K,   0% used [0x00000000e5560000, 0x00000000e5560000, 0x00000000e6ab0000)
 concurrent mark-sweep generation total 393216K, used 9846K [0x00000000e8000000, 0x0000000100000000, 0x0000000100000000)
 Metaspace       used 28916K, capacity 29282K, committed 29668K, reserved 1075200K
  class space    used 3406K, capacity 3535K, committed 3556K, reserved 1048576K
2016-05-12T09:45:14.141+0100: 714.673: [GC (Allocation Failure) 2016-05-12T09:45:14.141+0100: 714.673: [ParNew
Desired survivor size 20112992 bytes, new threshold 8 (max 8)
- age   1:     500152 bytes,     500152 total
- age   2:       2008 bytes,     502160 total
- age   3:       1072 bytes,     503232 total
- age   4:       2176 bytes,     505408 total
- age   5:       1816 bytes,     507224 total
- age   6:        480 bytes,     507704 total
- age   7:      15352 bytes,     523056 total
- age   8:      11752 bytes,     534808 total
: 87995K->537K(109248K), 0.0099733 secs] 97842K->10386K(502464K), 0.0101400 secs] [Times: user=0.00 sys=0.00, real=0.01 secs] 
Heap after GC invocations=20 (full 1):
 par new generation   total 109248K, used 537K [0x00000000e0000000, 0x00000000e8000000, 0x00000000e8000000)
  eden space 87424K,   0% used [0x00000000e0000000, 0x00000000e0000000, 0x00000000e5560000)
  from space 21824K,   2% used [0x00000000e5560000, 0x00000000e55e6788, 0x00000000e6ab0000)
  to   space 21824K,   0% used [0x00000000e6ab0000, 0x00000000e6ab0000, 0x00000000e8000000)
 concurrent mark-sweep generation total 393216K, used 9848K [0x00000000e8000000, 0x0000000100000000, 0x0000000100000000)
 Metaspace       used 28916K, capacity 29282K, committed 29668K, reserved 1075200K
  class space    used 3406K, capacity 3535K, committed 3556K, reserved 1048576K
}
2016-05-12T09:45:14.151+0100: 714.683: Total time for which application threads were stopped: 0.0105885 seconds, Stopping threads took: 0.0000513 seconds
2016-05-12T09:45:14.306+0100: 714.838: Total time for which application threads were stopped: 0.0001777 seconds, Stopping threads took: 0.0000569 seconds
2016-05-12T09:45:14.306+0100: 714.838: Total time for which application threads were stopped: 0.0001184 seconds, Stopping threads took: 0.0000426 seconds
2016-05-12T09:45:14.307+0100: 714.838: Total time for which application threads were stopped: 0.0001113 seconds, Stopping threads took: 0.0000332 seconds
2016-05-12T09:45:15.307+0100: 715.838: Total time for which application threads were stopped: 0.0001461 seconds, Stopping threads took: 0.0000442 seconds
2016-05-12T09:46:05.334+0100: 765.865: Total time for which application threads were stopped: 0.0001793 seconds, Stopping threads took: 0.0000529 seconds
2016-05-12T09:46:54.536+0100: 815.067: Total time for which application threads were stopped: 0.0001998 seconds, Stopping threads took: 0.0000600 seconds
2016-05-12T09:46:55.536+0100: 816.067: Total time for which application threads were stopped: 0.0001642 seconds, Stopping threads took: 0.0000474 seconds
2016-05-12T09:47:57.366+0100: 877.898: Total time for which application threads were stopped: 0.0020507 seconds, Stopping threads took: 0.0019125 seconds
2016-05-12T09:47:57.367+0100: 877.898: Total time for which application threads were stopped: 0.0000940 seconds, Stopping threads took: 0.0000340 seconds
2016-05-12T09:47:57.373+0100: 877.904: Total time for which application threads were stopped: 0.0001911 seconds, Stopping threads took: 0.0000561 seconds
2016-05-12T09:47:57.404+0100: 877.935: Total time for which application threads were stopped: 0.0002993 seconds, Stopping threads took: 0.0000608 seconds
2016-05-12T09:47:58.409+0100: 878.940: Total time for which application threads were stopped: 0.0001635 seconds, Stopping threads took: 0.0000553 seconds
2016-05-12T09:48:01.422+0100: 881.953: Total time for which application threads were stopped: 0.0002187 seconds, Stopping threads took: 0.0000877 seconds
{Heap before GC invocations=20 (full 1):
 par new generation   total 109248K, used 87948K [0x00000000e0000000, 0x00000000e8000000, 0x00000000e8000000)
  eden space 87424K,  99% used [0x00000000e0000000, 0x00000000e555c9a0, 0x00000000e5560000)
  from space 21824K,   2% used [0x00000000e5560000, 0x00000000e55e6788, 0x00000000e6ab0000)
  to   space 21824K,   0% used [0x00000000e6ab0000, 0x00000000e6ab0000, 0x00000000e8000000)
 concurrent mark-sweep generation total 393216K, used 9848K [0x00000000e8000000, 0x0000000100000000, 0x0000000100000000)
 Metaspace       used 28924K, capacity 29282K, committed 29668K, reserved 1075200K
  class space    used 3406K, capacity 3535K, committed 3556K, reserved 1048576K
2016-05-12T09:48:01.527+0100: 882.059: [GC (Allocation Failure) 2016-05-12T09:48:01.527+0100: 882.059: [ParNew
Desired survivor size 20112992 bytes, new threshold 8 (max 8)
- age   1:    1005160 bytes,    1005160 total
- age   2:       4896 bytes,    1010056 total
- age   3:       1096 bytes,    1011152 total
- age   4:       1072 bytes,    1012224 total
- age   5:       2176 bytes,    1014400 total
- age   6:       1816 bytes,    1016216 total
- age   7:        480 bytes,    1016696 total
- age   8:       3000 bytes,    1019696 total
: 87948K->1018K(109248K), 0.0140006 secs] 97796K->10878K(502464K), 0.0141814 secs] [Times: user=0.03 sys=0.00, real=0.02 secs] 
Heap after GC invocations=21 (full 1):
 par new generation   total 109248K, used 1018K [0x00000000e0000000, 0x00000000e8000000, 0x00000000e8000000)
  eden space 87424K,   0% used [0x00000000e0000000, 0x00000000e0000000, 0x00000000e5560000)
  from space 21824K,   4% used [0x00000000e6ab0000, 0x00000000e6baea90, 0x00000000e8000000)
  to   space 21824K,   0% used [0x00000000e5560000, 0x00000000e5560000, 0x00000000e6ab0000)
 concurrent mark-sweep generation total 393216K, used 9860K [0x00000000e8000000, 0x0000000100000000, 0x0000000100000000)
 Metaspace       used 28924K, capacity 29282K, committed 29668K, reserved 1075200K
  class space    used 3406K, capacity 3535K, committed 3556K, reserved 1048576K
}
2016-05-12T09:48:01.542+0100: 882.073: Total time for which application threads were stopped: 0.0146813 seconds, Stopping threads took: 0.0000537 seconds
2016-05-12T09:48:02.549+0100: 883.080: Total time for which application threads were stopped: 0.0001879 seconds, Stopping threads took: 0.0000521 seconds
2016-05-12T09:48:05.677+0100: 886.208: Total time for which application threads were stopped: 0.0001674 seconds, Stopping threads took: 0.0000434 seconds
2016-05-12T09:48:29.748+0100: 910.279: Total time for which application threads were stopped: 0.0001619 seconds, Stopping threads took: 0.0000505 seconds
2016-05-12T09:48:51.556+0100: 932.088: Total time for which application threads were stopped: 0.0001793 seconds, Stopping threads took: 0.0000537 seconds
2016-05-12T09:48:51.557+0100: 932.088: Total time for which application threads were stopped: 0.0000971 seconds, Stopping threads took: 0.0000253 seconds
2016-05-12T09:48:52.557+0100: 933.088: Total time for which application threads were stopped: 0.0001635 seconds, Stopping threads took: 0.0000490 seconds
2016-05-12T09:49:00.590+0100: 941.121: Total time for which application threads were stopped: 0.0001714 seconds, Stopping threads took: 0.0000561 seconds
2016-05-12T09:49:03.596+0100: 944.127: Total time for which application threads were stopped: 0.0001516 seconds, Stopping threads took: 0.0000458 seconds
2016-05-12T09:49:05.599+0100: 946.130: Total time for which application threads were stopped: 0.0001571 seconds, Stopping threads took: 0.0000497 seconds
2016-05-12T09:49:07.613+0100: 948.144: Total time for which application threads were stopped: 0.0001706 seconds, Stopping threads took: 0.0000529 seconds
{Heap before GC invocations=21 (full 1):
 par new generation   total 109248K, used 87188K [0x00000000e0000000, 0x00000000e8000000, 0x00000000e8000000)
  eden space 87424K,  98% used [0x00000000e0000000, 0x00000000e5426920, 0x00000000e5560000)
  from space 21824K,   4% used [0x00000000e6ab0000, 0x00000000e6baea90, 0x00000000e8000000)
  to   space 21824K,   0% used [0x00000000e5560000, 0x00000000e5560000, 0x00000000e6ab0000)
 concurrent mark-sweep generation total 393216K, used 9860K [0x00000000e8000000, 0x0000000100000000, 0x0000000100000000)
 Metaspace       used 28930K, capacity 29282K, committed 29668K, reserved 1075200K
  class space    used 3406K, capacity 3535K, committed 3556K, reserved 1048576K
2016-05-12T09:49:14.009+0100: 954.540: [GC (Allocation Failure) 2016-05-12T09:49:14.009+0100: 954.540: [ParNew
Desired survivor size 20112992 bytes, new threshold 8 (max 8)
- age   1:    3976264 bytes,    3976264 total
- age   2:      13448 bytes,    3989712 total
- age   3:       1760 bytes,    3991472 total
- age   4:       1096 bytes,    3992568 total
- age   5:       1072 bytes,    3993640 total
- age   6:       2176 bytes,    3995816 total
- age   7:       1816 bytes,    3997632 total
- age   8:        480 bytes,    3998112 total
: 87188K->3917K(109248K), 0.0192123 secs] 97048K->13780K(502464K), 0.0193631 secs] [Times: user=0.03 sys=0.00, real=0.02 secs] 
Heap after GC invocations=22 (full 1):
 par new generation   total 109248K, used 3917K [0x00000000e0000000, 0x00000000e8000000, 0x00000000e8000000)
  eden space 87424K,   0% used [0x00000000e0000000, 0x00000000e0000000, 0x00000000e5560000)
  from space 21824K,  17% used [0x00000000e5560000, 0x00000000e59336b8, 0x00000000e6ab0000)
  to   space 21824K,   0% used [0x00000000e6ab0000, 0x00000000e6ab0000, 0x00000000e8000000)
 concurrent mark-sweep generation total 393216K, used 9863K [0x00000000e8000000, 0x0000000100000000, 0x0000000100000000)
 Metaspace       used 28930K, capacity 29282K, committed 29668K, reserved 1075200K
  class space    used 3406K, capacity 3535K, committed 3556K, reserved 1048576K
}
2016-05-12T09:49:14.029+0100: 954.560: Total time for which application threads were stopped: 0.0198195 seconds, Stopping threads took: 0.0000687 seconds
2016-05-12T09:50:54.098+0100: 1054.630: Total time for which application threads were stopped: 0.0003869 seconds, Stopping threads took: 0.0000671 seconds
2016-05-12T09:50:54.118+0100: 1054.650: Total time for which application threads were stopped: 0.0001216 seconds, Stopping threads took: 0.0000300 seconds
2016-05-12T09:56:34.741+0100: 1395.273: Total time for which application threads were stopped: 0.0002014 seconds, Stopping threads took: 0.0000505 seconds
2016-05-12T09:56:34.741+0100: 1395.274: Total time for which application threads were stopped: 0.0000924 seconds, Stopping threads took: 0.0000237 seconds
2016-05-12T09:56:34.742+0100: 1395.275: Total time for which application threads were stopped: 0.0001295 seconds, Stopping threads took: 0.0000300 seconds
2016-05-12T09:56:34.750+0100: 1395.282: Total time for which application threads were stopped: 0.0001690 seconds, Stopping threads took: 0.0000434 seconds
2016-05-12T09:56:34.751+0100: 1395.284: Total time for which application threads were stopped: 0.0001184 seconds, Stopping threads took: 0.0000276 seconds
2016-05-12T09:56:34.760+0100: 1395.293: Total time for which application threads were stopped: 0.0001879 seconds, Stopping threads took: 0.0000474 seconds
2016-05-12T09:56:34.760+0100: 1395.293: Total time for which application threads were stopped: 0.0000884 seconds, Stopping threads took: 0.0000197 seconds
2016-05-12T09:56:34.765+0100: 1395.297: Total time for which application threads were stopped: 0.0001769 seconds, Stopping threads took: 0.0000458 seconds
2016-05-12T09:56:34.799+0100: 1395.332: Total time for which application threads were stopped: 0.0003182 seconds, Stopping threads took: 0.0000497 seconds
2016-05-12T09:56:41.762+0100: 1402.295: Total time for which application threads were stopped: 0.0002045 seconds, Stopping threads took: 0.0000584 seconds
2016-05-12T09:56:41.763+0100: 1402.296: Total time for which application threads were stopped: 0.0001011 seconds, Stopping threads took: 0.0000292 seconds
2016-05-12T09:56:42.764+0100: 1403.296: Total time for which application threads were stopped: 0.0001871 seconds, Stopping threads took: 0.0000482 seconds
2016-05-12T09:56:43.767+0100: 1404.299: Total time for which application threads were stopped: 0.0037090 seconds, Stopping threads took: 0.0035827 seconds
{Heap before GC invocations=22 (full 1):
 par new generation   total 109248K, used 89906K [0x00000000e0000000, 0x00000000e8000000, 0x00000000e8000000)
  eden space 87424K,  98% used [0x00000000e0000000, 0x00000000e53f9540, 0x00000000e5560000)
  from space 21824K,  17% used [0x00000000e5560000, 0x00000000e59336b8, 0x00000000e6ab0000)
  to   space 21824K,   0% used [0x00000000e6ab0000, 0x00000000e6ab0000, 0x00000000e8000000)
 concurrent mark-sweep generation total 393216K, used 9863K [0x00000000e8000000, 0x0000000100000000, 0x0000000100000000)
 Metaspace       used 28948K, capacity 29282K, committed 29668K, reserved 1075200K
  class space    used 3406K, capacity 3535K, committed 3556K, reserved 1048576K
2016-05-12T09:56:51.359+0100: 1411.893: [GC (Allocation Failure) 2016-05-12T09:56:51.359+0100: 1411.893: [ParNew
Desired survivor size 20112992 bytes, new threshold 8 (max 8)
- age   1:    3148112 bytes,    3148112 total
- age   2:       1856 bytes,    3149968 total
- age   3:       1464 bytes,    3151432 total
- age   4:       1488 bytes,    3152920 total
- age   5:       1096 bytes,    3154016 total
- age   6:       1072 bytes,    3155088 total
- age   7:       2176 bytes,    3157264 total
- age   8:       1816 bytes,    3159080 total
: 89906K->3088K(109248K), 0.0112068 secs] 99769K->12952K(502464K), 0.0113805 secs] [Times: user=0.00 sys=0.00, real=0.01 secs] 
Heap after GC invocations=23 (full 1):
 par new generation   total 109248K, used 3088K [0x00000000e0000000, 0x00000000e8000000, 0x00000000e8000000)
  eden space 87424K,   0% used [0x00000000e0000000, 0x00000000e0000000, 0x00000000e5560000)
  from space 21824K,  14% used [0x00000000e6ab0000, 0x00000000e6db43b8, 0x00000000e8000000)
  to   space 21824K,   0% used [0x00000000e5560000, 0x00000000e5560000, 0x00000000e6ab0000)
 concurrent mark-sweep generation total 393216K, used 9863K [0x00000000e8000000, 0x0000000100000000, 0x0000000100000000)
 Metaspace       used 28948K, capacity 29282K, committed 29668K, reserved 1075200K
  class space    used 3406K, capacity 3535K, committed 3556K, reserved 1048576K
}
2016-05-12T09:56:51.369+0100: 1411.905: Total time for which application threads were stopped: 0.0118654 seconds, Stopping threads took: 0.0000798 seconds
2016-05-12T09:56:52.369+0100: 1412.901: Total time for which application threads were stopped: 0.0001800 seconds, Stopping threads took: 0.0000608 seconds
2016-05-12T09:57:48.291+0100: 1468.824: Total time for which application threads were stopped: 0.0001753 seconds, Stopping threads took: 0.0000387 seconds
2016-05-12T09:58:09.497+0100: 1490.032: Total time for which application threads were stopped: 0.0001445 seconds, Stopping threads took: 0.0000395 seconds
2016-05-12T09:58:09.497+0100: 1490.032: Total time for which application threads were stopped: 0.0000782 seconds, Stopping threads took: 0.0000190 seconds
2016-05-12T09:58:09.499+0100: 1490.034: Total time for which application threads were stopped: 0.0001319 seconds, Stopping threads took: 0.0000442 seconds
2016-05-12T09:58:09.500+0100: 1490.036: Total time for which application threads were stopped: 0.0001240 seconds, Stopping threads took: 0.0000324 seconds
2016-05-12T09:58:09.500+0100: 1490.036: Total time for which application threads were stopped: 0.0000837 seconds, Stopping threads took: 0.0000205 seconds
2016-05-12T09:58:09.503+0100: 1490.039: Total time for which application threads were stopped: 0.0001050 seconds, Stopping threads took: 0.0000253 seconds
2016-05-12T09:58:09.503+0100: 1490.039: Total time for which application threads were stopped: 0.0000861 seconds, Stopping threads took: 0.0000213 seconds
2016-05-12T09:58:09.521+0100: 1490.056: Total time for which application threads were stopped: 0.0001635 seconds, Stopping threads took: 0.0000442 seconds
2016-05-12T09:58:09.523+0100: 1490.058: Total time for which application threads were stopped: 0.0001034 seconds, Stopping threads took: 0.0000253 seconds
2016-05-12T09:58:09.523+0100: 1490.058: Total time for which application threads were stopped: 0.0000971 seconds, Stopping threads took: 0.0000316 seconds
2016-05-12T09:58:09.628+0100: 1490.164: Total time for which application threads were stopped: 0.0008710 seconds, Stopping threads took: 0.0000426 seconds
2016-05-12T09:58:10.090+0100: 1490.626: Total time for which application threads were stopped: 0.0002345 seconds, Stopping threads took: 0.0000632 seconds
2016-05-12T09:58:10.091+0100: 1490.626: Total time for which application threads were stopped: 0.0000853 seconds, Stopping threads took: 0.0000229 seconds
2016-05-12T09:58:10.091+0100: 1490.626: Total time for which application threads were stopped: 0.0000790 seconds, Stopping threads took: 0.0000182 seconds
2016-05-12T09:58:10.091+0100: 1490.627: Total time for which application threads were stopped: 0.0000813 seconds, Stopping threads took: 0.0000190 seconds
2016-05-12T09:58:10.091+0100: 1490.627: Total time for which application threads were stopped: 0.0000813 seconds, Stopping threads took: 0.0000205 seconds
2016-05-12T09:58:10.167+0100: 1490.703: Total time for which application threads were stopped: 0.0001642 seconds, Stopping threads took: 0.0000458 seconds
2016-05-12T09:58:10.311+0100: 1490.847: Total time for which application threads were stopped: 0.0007983 seconds, Stopping threads took: 0.0000513 seconds
2016-05-12T09:58:11.151+0100: 1491.686: Total time for which application threads were stopped: 0.0001793 seconds, Stopping threads took: 0.0000592 seconds
2016-05-12T09:58:11.217+0100: 1491.753: Total time for which application threads were stopped: 0.0001761 seconds, Stopping threads took: 0.0000576 seconds
2016-05-12T09:58:11.436+0100: 1491.972: Total time for which application threads were stopped: 0.0007786 seconds, Stopping threads took: 0.0000513 seconds
2016-05-12T09:58:11.449+0100: 1491.985: Total time for which application threads were stopped: 0.0001492 seconds, Stopping threads took: 0.0000458 seconds
2016-05-12T09:58:12.195+0100: 1492.731: Total time for which application threads were stopped: 0.0009152 seconds, Stopping threads took: 0.0000403 seconds
2016-05-12T09:58:12.503+0100: 1493.038: Total time for which application threads were stopped: 0.0007904 seconds, Stopping threads took: 0.0000553 seconds
2016-05-12T09:58:13.503+0100: 1494.039: Total time for which application threads were stopped: 0.0002440 seconds, Stopping threads took: 0.0000750 seconds
2016-05-12T09:58:14.504+0100: 1495.039: Total time for which application threads were stopped: 0.0002251 seconds, Stopping threads took: 0.0000734 seconds
{Heap before GC invocations=23 (full 1):
 par new generation   total 109248K, used 90512K [0x00000000e0000000, 0x00000000e8000000, 0x00000000e8000000)
  eden space 87424K, 100% used [0x00000000e0000000, 0x00000000e5560000, 0x00000000e5560000)
  from space 21824K,  14% used [0x00000000e6ab0000, 0x00000000e6db43b8, 0x00000000e8000000)
  to   space 21824K,   0% used [0x00000000e5560000, 0x00000000e5560000, 0x00000000e6ab0000)
 concurrent mark-sweep generation total 393216K, used 9863K [0x00000000e8000000, 0x0000000100000000, 0x0000000100000000)
 Metaspace       used 32649K, capacity 32996K, committed 33380K, reserved 1079296K
  class space    used 3777K, capacity 3920K, committed 3940K, reserved 1048576K
2016-05-12T09:58:14.509+0100: 1495.043: [GC (Allocation Failure) 2016-05-12T09:58:14.509+0100: 1495.044: [ParNew
Desired survivor size 20112992 bytes, new threshold 8 (max 8)
- age   1:   15003016 bytes,   15003016 total
- age   2:       7200 bytes,   15010216 total
- age   3:       1856 bytes,   15012072 total
- age   4:       1424 bytes,   15013496 total
- age   5:       1272 bytes,   15014768 total
- age   6:       1096 bytes,   15015864 total
- age   7:       1072 bytes,   15016936 total
- age   8:       2176 bytes,   15019112 total
: 90512K->14740K(109248K), 0.0735856 secs] 100376K->24605K(502464K), 0.0737482 secs] [Times: user=0.14 sys=0.00, real=0.07 secs] 
Heap after GC invocations=24 (full 1):
 par new generation   total 109248K, used 14740K [0x00000000e0000000, 0x00000000e8000000, 0x00000000e8000000)
  eden space 87424K,   0% used [0x00000000e0000000, 0x00000000e0000000, 0x00000000e5560000)
  from space 21824K,  67% used [0x00000000e5560000, 0x00000000e63c5160, 0x00000000e6ab0000)
  to   space 21824K,   0% used [0x00000000e6ab0000, 0x00000000e6ab0000, 0x00000000e8000000)
 concurrent mark-sweep generation total 393216K, used 9865K [0x00000000e8000000, 0x0000000100000000, 0x0000000100000000)
 Metaspace       used 32649K, capacity 32996K, committed 33380K, reserved 1079296K
  class space    used 3777K, capacity 3920K, committed 3940K, reserved 1048576K
}
2016-05-12T09:58:14.583+0100: 1495.117: Total time for which application threads were stopped: 0.0741344 seconds, Stopping threads took: 0.0000237 seconds
2016-05-12T09:58:14.584+0100: 1495.119: Total time for which application threads were stopped: 0.0002116 seconds, Stopping threads took: 0.0000537 seconds
2016-05-12T09:58:14.586+0100: 1495.121: Total time for which application threads were stopped: 0.0001974 seconds, Stopping threads took: 0.0000813 seconds
2016-05-12T09:58:14.586+0100: 1495.121: Total time for which application threads were stopped: 0.0004312 seconds, Stopping threads took: 0.0003340 seconds
2016-05-12T09:58:14.587+0100: 1495.121: Total time for which application threads were stopped: 0.0001335 seconds, Stopping threads took: 0.0000221 seconds
2016-05-12T09:58:14.587+0100: 1495.122: Total time for which application threads were stopped: 0.0001137 seconds, Stopping threads took: 0.0000190 seconds
2016-05-12T09:58:14.612+0100: 1495.147: Total time for which application threads were stopped: 0.0002353 seconds, Stopping threads took: 0.0000892 seconds
2016-05-12T09:58:15.149+0100: 1495.684: Total time for which application threads were stopped: 0.0009231 seconds, Stopping threads took: 0.0000497 seconds
2016-05-12T09:58:15.965+0100: 1496.500: Total time for which application threads were stopped: 0.0002290 seconds, Stopping threads took: 0.0000529 seconds
2016-05-12T09:58:15.966+0100: 1496.501: Total time for which application threads were stopped: 0.0001098 seconds, Stopping threads took: 0.0000316 seconds
2016-05-12T09:58:15.968+0100: 1496.503: Total time for which application threads were stopped: 0.0001658 seconds, Stopping threads took: 0.0000529 seconds
2016-05-12T09:58:15.969+0100: 1496.504: Total time for which application threads were stopped: 0.0001090 seconds, Stopping threads took: 0.0000284 seconds
2016-05-12T09:58:15.987+0100: 1496.522: Total time for which application threads were stopped: 0.0005117 seconds, Stopping threads took: 0.0003719 seconds
2016-05-12T09:58:15.987+0100: 1496.522: Total time for which application threads were stopped: 0.0001184 seconds, Stopping threads took: 0.0000221 seconds
2016-05-12T09:58:15.987+0100: 1496.522: Total time for which application threads were stopped: 0.0000853 seconds, Stopping threads took: 0.0000197 seconds
2016-05-12T09:58:15.987+0100: 1496.522: Total time for which application threads were stopped: 0.0000869 seconds, Stopping threads took: 0.0000190 seconds
2016-05-12T09:58:15.987+0100: 1496.522: Total time for which application threads were stopped: 0.0000821 seconds, Stopping threads took: 0.0000197 seconds
2016-05-12T09:58:15.988+0100: 1496.523: Total time for which application threads were stopped: 0.0000837 seconds, Stopping threads took: 0.0000197 seconds
2016-05-12T09:58:15.988+0100: 1496.523: Total time for which application threads were stopped: 0.0000837 seconds, Stopping threads took: 0.0000197 seconds
2016-05-12T09:58:15.988+0100: 1496.523: Total time for which application threads were stopped: 0.0000845 seconds, Stopping threads took: 0.0000197 seconds
2016-05-12T09:58:15.988+0100: 1496.523: Total time for which application threads were stopped: 0.0000821 seconds, Stopping threads took: 0.0000197 seconds
2016-05-12T09:58:15.990+0100: 1496.525: Total time for which application threads were stopped: 0.0001121 seconds, Stopping threads took: 0.0000340 seconds
2016-05-12T09:58:15.991+0100: 1496.525: Total time for which application threads were stopped: 0.0000940 seconds, Stopping threads took: 0.0000261 seconds
2016-05-12T09:58:15.992+0100: 1496.527: Total time for which application threads were stopped: 0.0001208 seconds, Stopping threads took: 0.0000419 seconds
2016-05-12T09:58:16.018+0100: 1496.553: Total time for which application threads were stopped: 0.0002219 seconds, Stopping threads took: 0.0000497 seconds
2016-05-12T09:58:16.018+0100: 1496.553: Total time for which application threads were stopped: 0.0000916 seconds, Stopping threads took: 0.0000237 seconds
2016-05-12T09:58:16.018+0100: 1496.553: Total time for which application threads were stopped: 0.0000869 seconds, Stopping threads took: 0.0000221 seconds
2016-05-12T09:58:16.018+0100: 1496.553: Total time for which application threads were stopped: 0.0000853 seconds, Stopping threads took: 0.0000221 seconds
2016-05-12T09:58:16.019+0100: 1496.554: Total time for which application threads were stopped: 0.0000853 seconds, Stopping threads took: 0.0000205 seconds
2016-05-12T09:58:16.019+0100: 1496.554: Total time for which application threads were stopped: 0.0000853 seconds, Stopping threads took: 0.0000213 seconds
2016-05-12T09:58:16.019+0100: 1496.554: Total time for which application threads were stopped: 0.0000821 seconds, Stopping threads took: 0.0000213 seconds
2016-05-12T09:58:16.019+0100: 1496.554: Total time for which application threads were stopped: 0.0002353 seconds, Stopping threads took: 0.0000213 seconds
2016-05-12T09:58:16.023+0100: 1496.558: Total time for which application threads were stopped: 0.0001532 seconds, Stopping threads took: 0.0000379 seconds
2016-05-12T09:58:16.079+0100: 1496.614: Total time for which application threads were stopped: 0.0328212 seconds, Stopping threads took: 0.0326270 seconds
2016-05-12T09:58:16.079+0100: 1496.614: Total time for which application threads were stopped: 0.0001034 seconds, Stopping threads took: 0.0000292 seconds
2016-05-12T09:58:16.079+0100: 1496.614: Total time for which application threads were stopped: 0.0000932 seconds, Stopping threads took: 0.0000276 seconds
2016-05-12T09:58:16.079+0100: 1496.614: Total time for which application threads were stopped: 0.0000892 seconds, Stopping threads took: 0.0000268 seconds
2016-05-12T09:58:16.081+0100: 1496.615: Total time for which application threads were stopped: 0.0001169 seconds, Stopping threads took: 0.0000324 seconds
2016-05-12T09:58:16.081+0100: 1496.616: Total time for which application threads were stopped: 0.0000869 seconds, Stopping threads took: 0.0000253 seconds
2016-05-12T09:58:16.081+0100: 1496.616: Total time for which application threads were stopped: 0.0000987 seconds, Stopping threads took: 0.0000276 seconds
2016-05-12T09:58:16.081+0100: 1496.616: Total time for which application threads were stopped: 0.0000877 seconds, Stopping threads took: 0.0000268 seconds
2016-05-12T09:58:16.081+0100: 1496.616: Total time for which application threads were stopped: 0.0000940 seconds, Stopping threads took: 0.0000276 seconds
2016-05-12T09:58:16.081+0100: 1496.616: Total time for which application threads were stopped: 0.0000877 seconds, Stopping threads took: 0.0000261 seconds
2016-05-12T09:58:16.083+0100: 1496.618: Total time for which application threads were stopped: 0.0001350 seconds, Stopping threads took: 0.0000411 seconds
2016-05-12T09:58:16.083+0100: 1496.618: Total time for which application threads were stopped: 0.0000908 seconds, Stopping threads took: 0.0000268 seconds
2016-05-12T09:58:16.085+0100: 1496.620: Total time for which application threads were stopped: 0.0001690 seconds, Stopping threads took: 0.0000466 seconds
2016-05-12T09:58:16.593+0100: 1497.128: Total time for which application threads were stopped: 0.0001871 seconds, Stopping threads took: 0.0000497 seconds
2016-05-12T09:58:16.593+0100: 1497.128: Total time for which application threads were stopped: 0.0001058 seconds, Stopping threads took: 0.0000276 seconds
2016-05-12T09:58:16.594+0100: 1497.129: Total time for which application threads were stopped: 0.0000845 seconds, Stopping threads took: 0.0000205 seconds
2016-05-12T09:58:16.594+0100: 1497.129: Total time for which application threads were stopped: 0.0000829 seconds, Stopping threads took: 0.0000205 seconds
2016-05-12T09:58:16.594+0100: 1497.129: Total time for which application threads were stopped: 0.0000829 seconds, Stopping threads took: 0.0000213 seconds
2016-05-12T09:58:16.594+0100: 1497.129: Total time for which application threads were stopped: 0.0001129 seconds, Stopping threads took: 0.0000497 seconds
2016-05-12T09:58:16.594+0100: 1497.129: Total time for which application threads were stopped: 0.0000821 seconds, Stopping threads took: 0.0000205 seconds
2016-05-12T09:58:16.594+0100: 1497.129: Total time for which application threads were stopped: 0.0000813 seconds, Stopping threads took: 0.0000205 seconds
2016-05-12T09:58:16.594+0100: 1497.129: Total time for which application threads were stopped: 0.0000853 seconds, Stopping threads took: 0.0000213 seconds
2016-05-12T09:58:16.595+0100: 1497.130: Total time for which application threads were stopped: 0.0000853 seconds, Stopping threads took: 0.0000205 seconds
2016-05-12T09:58:16.595+0100: 1497.130: Total time for which application threads were stopped: 0.0000821 seconds, Stopping threads took: 0.0000205 seconds
2016-05-12T09:58:16.595+0100: 1497.130: Total time for which application threads were stopped: 0.0000821 seconds, Stopping threads took: 0.0000205 seconds
2016-05-12T09:58:16.595+0100: 1497.130: Total time for which application threads were stopped: 0.0000821 seconds, Stopping threads took: 0.0000213 seconds
2016-05-12T09:58:16.595+0100: 1497.130: Total time for which application threads were stopped: 0.0000829 seconds, Stopping threads took: 0.0000213 seconds
2016-05-12T09:58:16.595+0100: 1497.130: Total time for which application threads were stopped: 0.0000853 seconds, Stopping threads took: 0.0000213 seconds
2016-05-12T09:58:16.595+0100: 1497.130: Total time for which application threads were stopped: 0.0000877 seconds, Stopping threads took: 0.0000237 seconds
2016-05-12T09:58:16.596+0100: 1497.131: Total time for which application threads were stopped: 0.0000869 seconds, Stopping threads took: 0.0000205 seconds
2016-05-12T09:58:16.596+0100: 1497.131: Total time for which application threads were stopped: 0.0000813 seconds, Stopping threads took: 0.0000205 seconds
2016-05-12T09:58:16.596+0100: 1497.131: Total time for which application threads were stopped: 0.0000829 seconds, Stopping threads took: 0.0000213 seconds
2016-05-12T09:58:16.596+0100: 1497.131: Total time for which application threads were stopped: 0.0002535 seconds, Stopping threads took: 0.0000205 seconds
2016-05-12T09:58:17.169+0100: 1497.704: Total time for which application threads were stopped: 0.0002140 seconds, Stopping threads took: 0.0000474 seconds
2016-05-12T09:58:17.169+0100: 1497.704: Total time for which application threads were stopped: 0.0000916 seconds, Stopping threads took: 0.0000221 seconds
2016-05-12T09:58:17.169+0100: 1497.704: Total time for which application threads were stopped: 0.0000877 seconds, Stopping threads took: 0.0000213 seconds
2016-05-12T09:58:17.196+0100: 1497.731: Total time for which application threads were stopped: 0.0001690 seconds, Stopping threads took: 0.0000426 seconds
2016-05-12T09:58:17.196+0100: 1497.731: Total time for which application threads were stopped: 0.0000971 seconds, Stopping threads took: 0.0000213 seconds
2016-05-12T09:58:17.198+0100: 1497.733: Total time for which application threads were stopped: 0.0001177 seconds, Stopping threads took: 0.0000261 seconds
2016-05-12T09:58:17.216+0100: 1497.751: Total time for which application threads were stopped: 0.0003972 seconds, Stopping threads took: 0.0002874 seconds
2016-05-12T09:58:17.224+0100: 1497.759: Total time for which application threads were stopped: 0.0001824 seconds, Stopping threads took: 0.0000576 seconds
2016-05-12T09:58:17.224+0100: 1497.759: Total time for which application threads were stopped: 0.0000916 seconds, Stopping threads took: 0.0000276 seconds
2016-05-12T09:58:17.224+0100: 1497.759: Total time for which application threads were stopped: 0.0000948 seconds, Stopping threads took: 0.0000292 seconds
2016-05-12T09:58:17.224+0100: 1497.759: Total time for which application threads were stopped: 0.0000892 seconds, Stopping threads took: 0.0000268 seconds
2016-05-12T09:58:17.225+0100: 1497.760: Total time for which application threads were stopped: 0.0000877 seconds, Stopping threads took: 0.0000253 seconds
2016-05-12T09:58:17.225+0100: 1497.760: Total time for which application threads were stopped: 0.0000892 seconds, Stopping threads took: 0.0000276 seconds
2016-05-12T09:58:17.225+0100: 1497.760: Total time for which application threads were stopped: 0.0000892 seconds, Stopping threads took: 0.0000268 seconds
2016-05-12T09:58:17.225+0100: 1497.760: Total time for which application threads were stopped: 0.0000892 seconds, Stopping threads took: 0.0000276 seconds
2016-05-12T09:58:17.225+0100: 1497.760: Total time for which application threads were stopped: 0.0000884 seconds, Stopping threads took: 0.0000268 seconds
2016-05-12T09:58:17.225+0100: 1497.760: Total time for which application threads were stopped: 0.0002645 seconds, Stopping threads took: 0.0000276 seconds
2016-05-12T09:58:17.885+0100: 1498.420: Total time for which application threads were stopped: 0.0003064 seconds, Stopping threads took: 0.0000545 seconds
2016-05-12T09:58:17.899+0100: 1498.434: Total time for which application threads were stopped: 0.0001682 seconds, Stopping threads took: 0.0000482 seconds
2016-05-12T09:58:18.900+0100: 1499.435: Total time for which application threads were stopped: 0.0001737 seconds, Stopping threads took: 0.0000505 seconds
2016-05-12T09:58:19.900+0100: 1500.435: Total time for which application threads were stopped: 0.0001769 seconds, Stopping threads took: 0.0000537 seconds
2016-05-12T09:58:21.900+0100: 1502.435: Total time for which application threads were stopped: 0.0001706 seconds, Stopping threads took: 0.0000466 seconds
2016-05-12T09:58:24.900+0100: 1505.436: Total time for which application threads were stopped: 0.0007123 seconds, Stopping threads took: 0.0005915 seconds
2016-05-12T09:59:03.416+0100: 1543.953: Total time for which application threads were stopped: 0.0001611 seconds, Stopping threads took: 0.0000442 seconds
2016-05-12T09:59:03.416+0100: 1543.954: Total time for which application threads were stopped: 0.0000853 seconds, Stopping threads took: 0.0000221 seconds
2016-05-12T09:59:03.416+0100: 1543.954: Total time for which application threads were stopped: 0.0000782 seconds, Stopping threads took: 0.0000197 seconds
2016-05-12T09:59:03.444+0100: 1543.982: Total time for which application threads were stopped: 0.0001429 seconds, Stopping threads took: 0.0000371 seconds
2016-05-12T09:59:03.460+0100: 1543.998: Total time for which application threads were stopped: 0.0010597 seconds, Stopping threads took: 0.0000411 seconds
2016-05-12T09:59:03.506+0100: 1544.043: Total time for which application threads were stopped: 0.0001808 seconds, Stopping threads took: 0.0000395 seconds
2016-05-12T09:59:03.506+0100: 1544.043: Total time for which application threads were stopped: 0.0000948 seconds, Stopping threads took: 0.0000229 seconds
2016-05-12T09:59:03.506+0100: 1544.044: Total time for which application threads were stopped: 0.0000869 seconds, Stopping threads took: 0.0000197 seconds
2016-05-12T09:59:03.506+0100: 1544.044: Total time for which application threads were stopped: 0.0000861 seconds, Stopping threads took: 0.0000190 seconds
2016-05-12T09:59:03.685+0100: 1544.223: Total time for which application threads were stopped: 0.0001350 seconds, Stopping threads took: 0.0000395 seconds
2016-05-12T09:59:03.685+0100: 1544.223: Total time for which application threads were stopped: 0.0000782 seconds, Stopping threads took: 0.0000213 seconds
2016-05-12T09:59:03.685+0100: 1544.223: Total time for which application threads were stopped: 0.0000758 seconds, Stopping threads took: 0.0000197 seconds
2016-05-12T09:59:03.686+0100: 1544.223: Total time for which application threads were stopped: 0.0001169 seconds, Stopping threads took: 0.0000197 seconds
2016-05-12T09:59:03.686+0100: 1544.224: Total time for which application threads were stopped: 0.0000711 seconds, Stopping threads took: 0.0000190 seconds
2016-05-12T09:59:03.686+0100: 1544.224: Total time for which application threads were stopped: 0.0000750 seconds, Stopping threads took: 0.0000190 seconds
2016-05-12T09:59:03.686+0100: 1544.224: Total time for which application threads were stopped: 0.0000734 seconds, Stopping threads took: 0.0000197 seconds
2016-05-12T09:59:03.687+0100: 1544.224: Total time for which application threads were stopped: 0.0000813 seconds, Stopping threads took: 0.0000276 seconds
2016-05-12T09:59:03.687+0100: 1544.224: Total time for which application threads were stopped: 0.0000821 seconds, Stopping threads took: 0.0000284 seconds
2016-05-12T09:59:03.754+0100: 1544.292: Total time for which application threads were stopped: 0.0001793 seconds, Stopping threads took: 0.0000561 seconds
2016-05-12T09:59:03.756+0100: 1544.293: Total time for which application threads were stopped: 0.0002677 seconds, Stopping threads took: 0.0001595 seconds
2016-05-12T09:59:03.756+0100: 1544.294: Total time for which application threads were stopped: 0.0000900 seconds, Stopping threads took: 0.0000253 seconds
2016-05-12T09:59:03.758+0100: 1544.296: Total time for which application threads were stopped: 0.0001721 seconds, Stopping threads took: 0.0000395 seconds
2016-05-12T09:59:03.976+0100: 1544.514: Total time for which application threads were stopped: 0.0002219 seconds, Stopping threads took: 0.0000379 seconds
2016-05-12T09:59:03.977+0100: 1544.514: Total time for which application threads were stopped: 0.0001232 seconds, Stopping threads took: 0.0000205 seconds
2016-05-12T09:59:04.018+0100: 1544.556: Total time for which application threads were stopped: 0.0002685 seconds, Stopping threads took: 0.0000474 seconds
2016-05-12T09:59:04.020+0100: 1544.558: Total time for which application threads were stopped: 0.0001998 seconds, Stopping threads took: 0.0000363 seconds
2016-05-12T09:59:04.123+0100: 1544.661: Total time for which application threads were stopped: 0.0001564 seconds, Stopping threads took: 0.0000513 seconds
2016-05-12T09:59:04.123+0100: 1544.661: Total time for which application threads were stopped: 0.0000853 seconds, Stopping threads took: 0.0000213 seconds
2016-05-12T09:59:04.123+0100: 1544.661: Total time for which application threads were stopped: 0.0002630 seconds, Stopping threads took: 0.0000268 seconds
2016-05-12T09:59:04.144+0100: 1544.682: Total time for which application threads were stopped: 0.0008599 seconds, Stopping threads took: 0.0000395 seconds
2016-05-12T09:59:04.175+0100: 1544.713: Total time for which application threads were stopped: 0.0002227 seconds, Stopping threads took: 0.0000640 seconds
2016-05-12T09:59:04.177+0100: 1544.714: Total time for which application threads were stopped: 0.0007715 seconds, Stopping threads took: 0.0000237 seconds
2016-05-12T09:59:04.179+0100: 1544.717: Total time for which application threads were stopped: 0.0002187 seconds, Stopping threads took: 0.0000561 seconds
2016-05-12T09:59:04.181+0100: 1544.719: Total time for which application threads were stopped: 0.0007533 seconds, Stopping threads took: 0.0000237 seconds
2016-05-12T09:59:04.190+0100: 1544.728: Total time for which application threads were stopped: 0.0008686 seconds, Stopping threads took: 0.0001121 seconds
2016-05-12T09:59:04.191+0100: 1544.728: Total time for which application threads were stopped: 0.0003459 seconds, Stopping threads took: 0.0002053 seconds
2016-05-12T09:59:04.191+0100: 1544.729: Total time for which application threads were stopped: 0.0001532 seconds, Stopping threads took: 0.0000450 seconds
2016-05-12T09:59:04.366+0100: 1544.903: Total time for which application threads were stopped: 0.0004904 seconds, Stopping threads took: 0.0000624 seconds
2016-05-12T09:59:04.367+0100: 1544.905: Total time for which application threads were stopped: 0.0001358 seconds, Stopping threads took: 0.0000403 seconds
2016-05-12T09:59:04.405+0100: 1544.943: Total time for which application threads were stopped: 0.0002258 seconds, Stopping threads took: 0.0000592 seconds
2016-05-12T09:59:04.649+0100: 1545.186: Total time for which application threads were stopped: 0.0002006 seconds, Stopping threads took: 0.0000497 seconds
2016-05-12T09:59:04.683+0100: 1545.221: Total time for which application threads were stopped: 0.0002029 seconds, Stopping threads took: 0.0000505 seconds
{Heap before GC invocations=24 (full 1):
 par new generation   total 109248K, used 102164K [0x00000000e0000000, 0x00000000e8000000, 0x00000000e8000000)
  eden space 87424K, 100% used [0x00000000e0000000, 0x00000000e5560000, 0x00000000e5560000)
  from space 21824K,  67% used [0x00000000e5560000, 0x00000000e63c5160, 0x00000000e6ab0000)
  to   space 21824K,   0% used [0x00000000e6ab0000, 0x00000000e6ab0000, 0x00000000e8000000)
 concurrent mark-sweep generation total 393216K, used 9865K [0x00000000e8000000, 0x0000000100000000, 0x0000000100000000)
 Metaspace       used 34137K, capacity 34532K, committed 34788K, reserved 1079296K
  class space    used 3902K, capacity 4048K, committed 4068K, reserved 1048576K
2016-05-12T09:59:04.931+0100: 1545.469: [GC (Allocation Failure) 2016-05-12T09:59:04.931+0100: 1545.469: [ParNew
Desired survivor size 20112992 bytes, new threshold 2 (max 8)
- age   1:    9902216 bytes,    9902216 total
- age   2:   11137216 bytes,   21039432 total
- age   3:       4128 bytes,   21043560 total
- age   4:       1392 bytes,   21044952 total
- age   5:        960 bytes,   21045912 total
- age   6:       1272 bytes,   21047184 total
- age   7:       1096 bytes,   21048280 total
- age   8:       1072 bytes,   21049352 total
: 102164K->21824K(109248K), 0.0747614 secs] 112029K->31810K(502464K), 0.0749414 secs] [Times: user=0.13 sys=0.00, real=0.08 secs] 
Heap after GC invocations=25 (full 1):
 par new generation   total 109248K, used 21824K [0x00000000e0000000, 0x00000000e8000000, 0x00000000e8000000)
  eden space 87424K,   0% used [0x00000000e0000000, 0x00000000e0000000, 0x00000000e5560000)
  from space 21824K, 100% used [0x00000000e6ab0000, 0x00000000e8000000, 0x00000000e8000000)
  to   space 21824K,   0% used [0x00000000e5560000, 0x00000000e5560000, 0x00000000e6ab0000)
 concurrent mark-sweep generation total 393216K, used 9986K [0x00000000e8000000, 0x0000000100000000, 0x0000000100000000)
 Metaspace       used 34137K, capacity 34532K, committed 34788K, reserved 1079296K
  class space    used 3902K, capacity 4048K, committed 4068K, reserved 1048576K
}
2016-05-12T09:59:05.006+0100: 1545.544: Total time for which application threads were stopped: 0.0753765 seconds, Stopping threads took: 0.0000474 seconds
2016-05-12T09:59:05.011+0100: 1545.549: Total time for which application threads were stopped: 0.0002630 seconds, Stopping threads took: 0.0001271 seconds
2016-05-12T09:59:05.012+0100: 1545.549: Total time for which application threads were stopped: 0.0001066 seconds, Stopping threads took: 0.0000340 seconds
2016-05-12T09:59:05.012+0100: 1545.550: Total time for which application threads were stopped: 0.0001011 seconds, Stopping threads took: 0.0000284 seconds
2016-05-12T09:59:05.019+0100: 1545.556: Total time for which application threads were stopped: 0.0067421 seconds, Stopping threads took: 0.0066086 seconds
2016-05-12T09:59:05.019+0100: 1545.557: Total time for which application threads were stopped: 0.0001832 seconds, Stopping threads took: 0.0000426 seconds
2016-05-12T09:59:05.019+0100: 1545.557: Total time for which application threads were stopped: 0.0001311 seconds, Stopping threads took: 0.0000308 seconds
2016-05-12T09:59:05.019+0100: 1545.557: Total time for which application threads were stopped: 0.0001208 seconds, Stopping threads took: 0.0000458 seconds
2016-05-12T09:59:05.020+0100: 1545.558: Total time for which application threads were stopped: 0.0001374 seconds, Stopping threads took: 0.0000419 seconds
2016-05-12T09:59:05.021+0100: 1545.558: Total time for which application threads were stopped: 0.0001650 seconds, Stopping threads took: 0.0000916 seconds
2016-05-12T09:59:05.021+0100: 1545.559: Total time for which application threads were stopped: 0.0001145 seconds, Stopping threads took: 0.0000403 seconds
2016-05-12T09:59:05.021+0100: 1545.559: Total time for which application threads were stopped: 0.0002464 seconds, Stopping threads took: 0.0001745 seconds
2016-05-12T09:59:05.022+0100: 1545.559: Total time for which application threads were stopped: 0.0003498 seconds, Stopping threads took: 0.0000292 seconds
2016-05-12T09:59:05.209+0100: 1545.746: Total time for which application threads were stopped: 0.0002574 seconds, Stopping threads took: 0.0000608 seconds
2016-05-12T09:59:05.209+0100: 1545.747: Total time for which application threads were stopped: 0.0001184 seconds, Stopping threads took: 0.0000505 seconds
2016-05-12T09:59:05.216+0100: 1545.753: Total time for which application threads were stopped: 0.0010155 seconds, Stopping threads took: 0.0000505 seconds
2016-05-12T09:59:05.225+0100: 1545.763: Total time for which application threads were stopped: 0.0001721 seconds, Stopping threads took: 0.0000529 seconds
2016-05-12T09:59:05.231+0100: 1545.769: Total time for which application threads were stopped: 0.0001785 seconds, Stopping threads took: 0.0000450 seconds
2016-05-12T09:59:05.231+0100: 1545.769: Total time for which application threads were stopped: 0.0000924 seconds, Stopping threads took: 0.0000276 seconds
2016-05-12T09:59:05.420+0100: 1545.958: Total time for which application threads were stopped: 0.0002061 seconds, Stopping threads took: 0.0000640 seconds
2016-05-12T09:59:06.420+0100: 1546.958: Total time for which application threads were stopped: 0.0001635 seconds, Stopping threads took: 0.0000450 seconds
2016-05-12T09:59:06.496+0100: 1547.034: Total time for which application threads were stopped: 0.0001500 seconds, Stopping threads took: 0.0000521 seconds
2016-05-12T09:59:06.496+0100: 1547.034: Total time for which application threads were stopped: 0.0001066 seconds, Stopping threads took: 0.0000363 seconds
2016-05-12T09:59:06.499+0100: 1547.037: Total time for which application threads were stopped: 0.0001556 seconds, Stopping threads took: 0.0000513 seconds
2016-05-12T09:59:06.513+0100: 1547.051: Total time for which application threads were stopped: 0.0001587 seconds, Stopping threads took: 0.0000371 seconds
2016-05-12T09:59:06.516+0100: 1547.053: Total time for which application threads were stopped: 0.0001216 seconds, Stopping threads took: 0.0000403 seconds
2016-05-12T09:59:06.533+0100: 1547.070: Total time for which application threads were stopped: 0.0001532 seconds, Stopping threads took: 0.0000442 seconds
2016-05-12T09:59:06.617+0100: 1547.154: Total time for which application threads were stopped: 0.0008331 seconds, Stopping threads took: 0.0000387 seconds
2016-05-12T09:59:06.620+0100: 1547.157: Total time for which application threads were stopped: 0.0001421 seconds, Stopping threads took: 0.0000497 seconds
2016-05-12T09:59:06.620+0100: 1547.157: Total time for which application threads were stopped: 0.0000829 seconds, Stopping threads took: 0.0000292 seconds
2016-05-12T09:59:06.621+0100: 1547.158: Total time for which application threads were stopped: 0.0000829 seconds, Stopping threads took: 0.0000292 seconds
2016-05-12T09:59:06.621+0100: 1547.158: Total time for which application threads were stopped: 0.0000821 seconds, Stopping threads took: 0.0000284 seconds
2016-05-12T09:59:06.622+0100: 1547.158: Total time for which application threads were stopped: 0.0001524 seconds, Stopping threads took: 0.0000734 seconds
2016-05-12T09:59:06.622+0100: 1547.159: Total time for which application threads were stopped: 0.0001216 seconds, Stopping threads took: 0.0000624 seconds
2016-05-12T09:59:06.622+0100: 1547.159: Total time for which application threads were stopped: 0.0001050 seconds, Stopping threads took: 0.0000505 seconds
2016-05-12T09:59:07.622+0100: 1548.159: Total time for which application threads were stopped: 0.0001769 seconds, Stopping threads took: 0.0000505 seconds
2016-05-12T09:59:12.622+0100: 1553.159: Total time for which application threads were stopped: 0.0001540 seconds, Stopping threads took: 0.0000466 seconds
2016-05-12T09:59:44.275+0100: 1584.811: Total time for which application threads were stopped: 0.0002108 seconds, Stopping threads took: 0.0000632 seconds
2016-05-12T09:59:45.277+0100: 1585.814: Total time for which application threads were stopped: 0.0002187 seconds, Stopping threads took: 0.0000505 seconds
2016-05-12T10:00:00.957+0100: 1601.494: Total time for which application threads were stopped: 0.0001856 seconds, Stopping threads took: 0.0000671 seconds
2016-05-12T10:00:00.957+0100: 1601.494: Total time for which application threads were stopped: 0.0000932 seconds, Stopping threads took: 0.0000308 seconds
2016-05-12T10:00:00.957+0100: 1601.494: Total time for which application threads were stopped: 0.0000963 seconds, Stopping threads took: 0.0000221 seconds
2016-05-12T10:00:01.962+0100: 1602.499: Total time for which application threads were stopped: 0.0001564 seconds, Stopping threads took: 0.0000466 seconds
2016-05-12T10:00:46.039+0100: 1646.576: Total time for which application threads were stopped: 0.0001674 seconds, Stopping threads took: 0.0000529 seconds
2016-05-12T10:01:25.119+0100: 1685.660: Total time for which application threads were stopped: 0.0001848 seconds, Stopping threads took: 0.0000505 seconds
2016-05-12T10:01:25.119+0100: 1685.661: Total time for which application threads were stopped: 0.0001406 seconds, Stopping threads took: 0.0000474 seconds
2016-05-12T10:01:25.119+0100: 1685.661: Total time for which application threads were stopped: 0.0000987 seconds, Stopping threads took: 0.0000316 seconds
2016-05-12T10:01:25.119+0100: 1685.662: Total time for which application threads were stopped: 0.0001390 seconds, Stopping threads took: 0.0000355 seconds
2016-05-12T10:01:25.119+0100: 1685.663: Total time for which application threads were stopped: 0.0001777 seconds, Stopping threads took: 0.0000403 seconds
2016-05-12T10:01:25.154+0100: 1685.693: Total time for which application threads were stopped: 0.0002709 seconds, Stopping threads took: 0.0000482 seconds
2016-05-12T10:01:25.159+0100: 1685.698: Total time for which application threads were stopped: 0.0002787 seconds, Stopping threads took: 0.0000561 seconds
2016-05-12T10:01:26.163+0100: 1686.701: Total time for which application threads were stopped: 0.0001595 seconds, Stopping threads took: 0.0000513 seconds
2016-05-12T10:03:05.271+0100: 1785.813: Total time for which application threads were stopped: 0.0002179 seconds, Stopping threads took: 0.0000600 seconds
2016-05-12T10:11:11.760+0100: 2272.302: Total time for which application threads were stopped: 0.0002029 seconds, Stopping threads took: 0.0000592 seconds
2016-05-12T10:11:11.760+0100: 2272.302: Total time for which application threads were stopped: 0.0000845 seconds, Stopping threads took: 0.0000213 seconds
2016-05-12T10:11:11.762+0100: 2272.304: Total time for which application threads were stopped: 0.0001485 seconds, Stopping threads took: 0.0000308 seconds
2016-05-12T10:11:12.568+0100: 2273.110: Total time for which application threads were stopped: 0.0002306 seconds, Stopping threads took: 0.0000497 seconds
2016-05-12T10:11:12.569+0100: 2273.112: Total time for which application threads were stopped: 0.0001477 seconds, Stopping threads took: 0.0000576 seconds
2016-05-12T10:11:12.570+0100: 2273.112: Total time for which application threads were stopped: 0.0001271 seconds, Stopping threads took: 0.0000332 seconds
2016-05-12T10:11:13.570+0100: 2274.112: Total time for which application threads were stopped: 0.0001706 seconds, Stopping threads took: 0.0000505 seconds
{Heap before GC invocations=25 (full 1):
 par new generation   total 109248K, used 109248K [0x00000000e0000000, 0x00000000e8000000, 0x00000000e8000000)
  eden space 87424K, 100% used [0x00000000e0000000, 0x00000000e5560000, 0x00000000e5560000)
  from space 21824K, 100% used [0x00000000e6ab0000, 0x00000000e8000000, 0x00000000e8000000)
  to   space 21824K,   0% used [0x00000000e5560000, 0x00000000e5560000, 0x00000000e6ab0000)
 concurrent mark-sweep generation total 393216K, used 9986K [0x00000000e8000000, 0x0000000100000000, 0x0000000100000000)
 Metaspace       used 34540K, capacity 34884K, committed 35428K, reserved 1081344K
  class space    used 3937K, capacity 4080K, committed 4196K, reserved 1048576K
2016-05-12T10:11:14.128+0100: 2274.670: [GC (Allocation Failure) 2016-05-12T10:11:14.128+0100: 2274.670: [ParNew
Desired survivor size 20112992 bytes, new threshold 8 (max 8)
- age   1:    1003864 bytes,    1003864 total
- age   2:    1741536 bytes,    2745400 total
: 109248K->15327K(109248K), 0.3613026 secs] 119234K->37642K(502464K), 0.3614961 secs] [Times: user=0.51 sys=0.00, real=0.36 secs] 
Heap after GC invocations=26 (full 1):
 par new generation   total 109248K, used 15327K [0x00000000e0000000, 0x00000000e8000000, 0x00000000e8000000)
  eden space 87424K,   0% used [0x00000000e0000000, 0x00000000e0000000, 0x00000000e5560000)
  from space 21824K,  70% used [0x00000000e5560000, 0x00000000e6457e00, 0x00000000e6ab0000)
  to   space 21824K,   0% used [0x00000000e6ab0000, 0x00000000e6ab0000, 0x00000000e8000000)
 concurrent mark-sweep generation total 393216K, used 22315K [0x00000000e8000000, 0x0000000100000000, 0x0000000100000000)
 Metaspace       used 34540K, capacity 34884K, committed 35428K, reserved 1081344K
  class space    used 3937K, capacity 4080K, committed 4196K, reserved 1048576K
}
2016-05-12T10:11:14.489+0100: 2275.031: Total time for which application threads were stopped: 0.3619525 seconds, Stopping threads took: 0.0000529 seconds
2016-05-12T10:11:14.522+0100: 2275.064: Total time for which application threads were stopped: 0.0002401 seconds, Stopping threads took: 0.0000655 seconds
2016-05-12T10:11:14.547+0100: 2275.090: Total time for which application threads were stopped: 0.0001848 seconds, Stopping threads took: 0.0000529 seconds
2016-05-12T10:11:14.556+0100: 2275.098: Total time for which application threads were stopped: 0.0001793 seconds, Stopping threads took: 0.0000616 seconds
2016-05-12T10:11:14.559+0100: 2275.101: Total time for which application threads were stopped: 0.0001429 seconds, Stopping threads took: 0.0000403 seconds
2016-05-12T10:11:14.559+0100: 2275.101: Total time for which application threads were stopped: 0.0000837 seconds, Stopping threads took: 0.0000221 seconds
2016-05-12T10:11:14.559+0100: 2275.101: Total time for which application threads were stopped: 0.0000805 seconds, Stopping threads took: 0.0000213 seconds
2016-05-12T10:11:14.559+0100: 2275.101: Total time for which application threads were stopped: 0.0000798 seconds, Stopping threads took: 0.0000213 seconds
2016-05-12T10:11:15.562+0100: 2276.105: Total time for which application threads were stopped: 0.0002085 seconds, Stopping threads took: 0.0000482 seconds
2016-05-12T10:11:16.562+0100: 2277.104: Total time for which application threads were stopped: 0.0001706 seconds, Stopping threads took: 0.0000497 seconds
2016-05-12T10:11:17.562+0100: 2278.104: Total time for which application threads were stopped: 0.0001500 seconds, Stopping threads took: 0.0000466 seconds
2016-05-12T10:11:19.562+0100: 2280.104: Total time for which application threads were stopped: 0.0001848 seconds, Stopping threads took: 0.0000474 seconds
2016-05-12T10:11:23.562+0100: 2284.104: Total time for which application threads were stopped: 0.0001943 seconds, Stopping threads took: 0.0000537 seconds
2016-05-12T10:12:00.828+0100: 2321.370: Total time for which application threads were stopped: 0.0002780 seconds, Stopping threads took: 0.0001303 seconds
2016-05-12T10:12:00.829+0100: 2321.371: Total time for which application threads were stopped: 0.0001113 seconds, Stopping threads took: 0.0000340 seconds
2016-05-12T10:12:00.829+0100: 2321.371: Total time for which application threads were stopped: 0.0001082 seconds, Stopping threads took: 0.0000324 seconds
2016-05-12T10:12:00.829+0100: 2321.371: Total time for which application threads were stopped: 0.0000940 seconds, Stopping threads took: 0.0000292 seconds
2016-05-12T10:12:00.954+0100: 2321.496: Total time for which application threads were stopped: 0.0001571 seconds, Stopping threads took: 0.0000434 seconds
2016-05-12T10:12:00.955+0100: 2321.497: Total time for which application threads were stopped: 0.0000892 seconds, Stopping threads took: 0.0000237 seconds
2016-05-12T10:12:00.960+0100: 2321.502: Total time for which application threads were stopped: 0.0001935 seconds, Stopping threads took: 0.0000545 seconds
2016-05-12T10:12:01.006+0100: 2321.548: Total time for which application threads were stopped: 0.0002029 seconds, Stopping threads took: 0.0000624 seconds
2016-05-12T10:12:01.035+0100: 2321.577: Total time for which application threads were stopped: 0.0002787 seconds, Stopping threads took: 0.0001445 seconds
2016-05-12T10:12:01.036+0100: 2321.578: Total time for which application threads were stopped: 0.0001248 seconds, Stopping threads took: 0.0000434 seconds
2016-05-12T10:12:01.047+0100: 2321.589: Total time for which application threads were stopped: 0.0003885 seconds, Stopping threads took: 0.0002345 seconds
2016-05-12T10:12:01.685+0100: 2322.227: Total time for which application threads were stopped: 0.0001864 seconds, Stopping threads took: 0.0000434 seconds
2016-05-12T10:12:01.686+0100: 2322.228: Total time for which application threads were stopped: 0.0001003 seconds, Stopping threads took: 0.0000308 seconds
2016-05-12T10:12:01.686+0100: 2322.228: Total time for which application threads were stopped: 0.0000908 seconds, Stopping threads took: 0.0000268 seconds
2016-05-12T10:12:01.688+0100: 2322.230: Total time for which application threads were stopped: 0.0001611 seconds, Stopping threads took: 0.0000411 seconds
2016-05-12T10:12:01.690+0100: 2322.232: Total time for which application threads were stopped: 0.0001650 seconds, Stopping threads took: 0.0000545 seconds
2016-05-12T10:12:01.748+0100: 2322.290: Total time for which application threads were stopped: 0.0002093 seconds, Stopping threads took: 0.0000497 seconds
2016-05-12T10:12:01.749+0100: 2322.291: Total time for which application threads were stopped: 0.0001406 seconds, Stopping threads took: 0.0000505 seconds
2016-05-12T10:12:02.302+0100: 2322.844: Total time for which application threads were stopped: 0.0002069 seconds, Stopping threads took: 0.0000592 seconds
2016-05-12T10:12:02.303+0100: 2322.845: Total time for which application threads were stopped: 0.0000963 seconds, Stopping threads took: 0.0000292 seconds
2016-05-12T10:12:02.303+0100: 2322.845: Total time for which application threads were stopped: 0.0000908 seconds, Stopping threads took: 0.0000276 seconds
2016-05-12T10:12:02.303+0100: 2322.845: Total time for which application threads were stopped: 0.0000979 seconds, Stopping threads took: 0.0000300 seconds
2016-05-12T10:12:02.303+0100: 2322.845: Total time for which application threads were stopped: 0.0001003 seconds, Stopping threads took: 0.0000284 seconds
2016-05-12T10:12:02.303+0100: 2322.845: Total time for which application threads were stopped: 0.0000948 seconds, Stopping threads took: 0.0000284 seconds
2016-05-12T10:12:02.304+0100: 2322.845: Total time for which application threads were stopped: 0.0001650 seconds, Stopping threads took: 0.0000853 seconds
2016-05-12T10:12:02.308+0100: 2322.850: Total time for which application threads were stopped: 0.0002306 seconds, Stopping threads took: 0.0001034 seconds
2016-05-12T10:12:02.308+0100: 2322.850: Total time for which application threads were stopped: 0.0000971 seconds, Stopping threads took: 0.0000261 seconds
2016-05-12T10:12:02.308+0100: 2322.850: Total time for which application threads were stopped: 0.0002669 seconds, Stopping threads took: 0.0000253 seconds
2016-05-12T10:12:03.322+0100: 2323.864: Total time for which application threads were stopped: 0.0001650 seconds, Stopping threads took: 0.0000505 seconds
2016-05-12T10:13:41.617+0100: 2422.161: Total time for which application threads were stopped: 0.0002606 seconds, Stopping threads took: 0.0000790 seconds
2016-05-12T10:13:42.450+0100: 2422.995: Total time for which application threads were stopped: 0.0004572 seconds, Stopping threads took: 0.0000545 seconds
2016-05-12T10:13:42.481+0100: 2423.026: Total time for which application threads were stopped: 0.0001650 seconds, Stopping threads took: 0.0000482 seconds
2016-05-12T10:13:47.324+0100: 2427.868: Total time for which application threads were stopped: 0.0001619 seconds, Stopping threads took: 0.0000426 seconds
2016-05-12T10:13:47.325+0100: 2427.868: Total time for which application threads were stopped: 0.0000892 seconds, Stopping threads took: 0.0000284 seconds
2016-05-12T10:13:47.326+0100: 2427.869: Total time for which application threads were stopped: 0.0001737 seconds, Stopping threads took: 0.0000663 seconds
2016-05-12T10:13:47.330+0100: 2427.874: Total time for which application threads were stopped: 0.0001887 seconds, Stopping threads took: 0.0000561 seconds
{Heap before GC invocations=26 (full 1):
 par new generation   total 109248K, used 102751K [0x00000000e0000000, 0x00000000e8000000, 0x00000000e8000000)
  eden space 87424K, 100% used [0x00000000e0000000, 0x00000000e5560000, 0x00000000e5560000)
  from space 21824K,  70% used [0x00000000e5560000, 0x00000000e6457e00, 0x00000000e6ab0000)
  to   space 21824K,   0% used [0x00000000e6ab0000, 0x00000000e6ab0000, 0x00000000e8000000)
 concurrent mark-sweep generation total 393216K, used 22315K [0x00000000e8000000, 0x0000000100000000, 0x0000000100000000)
 Metaspace       used 34711K, capacity 35150K, committed 35428K, reserved 1081344K
  class space    used 3950K, capacity 4103K, committed 4196K, reserved 1048576K
2016-05-12T10:13:47.333+0100: 2427.877: [GC (Allocation Failure) 2016-05-12T10:13:47.334+0100: 2427.877: [ParNew
Desired survivor size 20112992 bytes, new threshold 8 (max 8)
- age   1:     648320 bytes,     648320 total
- age   2:      31184 bytes,     679504 total
- age   3:    1733768 bytes,    2413272 total
: 102751K->5576K(109248K), 0.0204552 secs] 125066K->27891K(502464K), 0.0206147 secs] [Times: user=0.03 sys=0.00, real=0.02 secs] 
Heap after GC invocations=27 (full 1):
 par new generation   total 109248K, used 5576K [0x00000000e0000000, 0x00000000e8000000, 0x00000000e8000000)
  eden space 87424K,   0% used [0x00000000e0000000, 0x00000000e0000000, 0x00000000e5560000)
  from space 21824K,  25% used [0x00000000e6ab0000, 0x00000000e7022198, 0x00000000e8000000)
  to   space 21824K,   0% used [0x00000000e5560000, 0x00000000e5560000, 0x00000000e6ab0000)
 concurrent mark-sweep generation total 393216K, used 22315K [0x00000000e8000000, 0x0000000100000000, 0x0000000100000000)
 Metaspace       used 34711K, capacity 35150K, committed 35428K, reserved 1081344K
  class space    used 3950K, capacity 4103K, committed 4196K, reserved 1048576K
}
2016-05-12T10:13:47.354+0100: 2427.898: Total time for which application threads were stopped: 0.0210672 seconds, Stopping threads took: 0.0000569 seconds
2016-05-12T10:13:47.358+0100: 2427.902: Total time for which application threads were stopped: 0.0001879 seconds, Stopping threads took: 0.0000592 seconds
2016-05-12T10:13:47.362+0100: 2427.906: Total time for which application threads were stopped: 0.0023848 seconds, Stopping threads took: 0.0022316 seconds
2016-05-12T10:13:47.362+0100: 2427.906: Total time for which application threads were stopped: 0.0001050 seconds, Stopping threads took: 0.0000355 seconds
2016-05-12T10:13:47.364+0100: 2427.908: Total time for which application threads were stopped: 0.0012279 seconds, Stopping threads took: 0.0011426 seconds
2016-05-12T10:13:47.364+0100: 2427.908: Total time for which application threads were stopped: 0.0000979 seconds, Stopping threads took: 0.0000300 seconds
2016-05-12T10:13:47.364+0100: 2427.908: Total time for which application threads were stopped: 0.0000932 seconds, Stopping threads took: 0.0000261 seconds
2016-05-12T10:13:47.364+0100: 2427.908: Total time for which application threads were stopped: 0.0000924 seconds, Stopping threads took: 0.0000261 seconds
2016-05-12T10:13:47.366+0100: 2427.910: Total time for which application threads were stopped: 0.0001753 seconds, Stopping threads took: 0.0000695 seconds
2016-05-12T10:13:47.367+0100: 2427.910: Total time for which application threads were stopped: 0.0000955 seconds, Stopping threads took: 0.0000268 seconds
2016-05-12T10:13:47.367+0100: 2427.911: Total time for which application threads were stopped: 0.0000940 seconds, Stopping threads took: 0.0000268 seconds
2016-05-12T10:13:47.399+0100: 2427.943: Total time for which application threads were stopped: 0.0003103 seconds, Stopping threads took: 0.0000466 seconds
2016-05-12T10:13:48.399+0100: 2428.943: Total time for which application threads were stopped: 0.0002345 seconds, Stopping threads took: 0.0000545 seconds
2016-05-12T10:14:20.133+0100: 2460.680: Total time for which application threads were stopped: 0.0002029 seconds, Stopping threads took: 0.0000553 seconds
2016-05-12T10:14:20.147+0100: 2460.695: Total time for which application threads were stopped: 0.0001753 seconds, Stopping threads took: 0.0000434 seconds
2016-05-12T10:14:27.147+0100: 2467.694: Total time for which application threads were stopped: 0.0002108 seconds, Stopping threads took: 0.0000545 seconds
2016-05-12T10:14:32.129+0100: 2472.676: Total time for which application threads were stopped: 0.0001737 seconds, Stopping threads took: 0.0000553 seconds
2016-05-12T10:14:32.129+0100: 2472.676: Total time for which application threads were stopped: 0.0000869 seconds, Stopping threads took: 0.0000268 seconds
2016-05-12T10:14:32.133+0100: 2472.680: Total time for which application threads were stopped: 0.0001958 seconds, Stopping threads took: 0.0000608 seconds
2016-05-12T10:14:33.133+0100: 2473.680: Total time for which application threads were stopped: 0.0001903 seconds, Stopping threads took: 0.0000505 seconds
2016-05-12T10:14:33.158+0100: 2473.705: Total time for which application threads were stopped: 0.0002827 seconds, Stopping threads took: 0.0001595 seconds
2016-05-12T10:14:33.159+0100: 2473.706: Total time for which application threads were stopped: 0.0001271 seconds, Stopping threads took: 0.0000490 seconds
2016-05-12T10:14:33.170+0100: 2473.717: Total time for which application threads were stopped: 0.0001571 seconds, Stopping threads took: 0.0000403 seconds
2016-05-12T10:14:34.170+0100: 2474.717: Total time for which application threads were stopped: 0.0001658 seconds, Stopping threads took: 0.0000513 seconds
2016-05-12T10:14:35.170+0100: 2475.717: Total time for which application threads were stopped: 0.0001627 seconds, Stopping threads took: 0.0000497 seconds
2016-05-12T10:14:36.170+0100: 2476.717: Total time for which application threads were stopped: 0.0002456 seconds, Stopping threads took: 0.0000497 seconds
2016-05-12T10:14:37.170+0100: 2477.717: Total time for which application threads were stopped: 0.0001571 seconds, Stopping threads took: 0.0000466 seconds
2016-05-12T10:14:39.170+0100: 2479.717: Total time for which application threads were stopped: 0.0001548 seconds, Stopping threads took: 0.0000490 seconds
2016-05-12T10:14:41.170+0100: 2481.717: Total time for which application threads were stopped: 0.0001658 seconds, Stopping threads took: 0.0000482 seconds
2016-05-12T10:14:42.173+0100: 2482.720: Total time for which application threads were stopped: 0.0001714 seconds, Stopping threads took: 0.0000490 seconds
2016-05-12T10:14:44.182+0100: 2484.729: Total time for which application threads were stopped: 0.0001485 seconds, Stopping threads took: 0.0000458 seconds
2016-05-12T10:14:57.215+0100: 2497.762: Total time for which application threads were stopped: 0.0001698 seconds, Stopping threads took: 0.0000497 seconds
2016-05-12T10:15:42.868+0100: 2543.418: Total time for which application threads were stopped: 0.0001808 seconds, Stopping threads took: 0.0000466 seconds
2016-05-12T10:15:42.873+0100: 2543.423: Total time for which application threads were stopped: 0.0001595 seconds, Stopping threads took: 0.0000450 seconds
2016-05-12T10:15:42.873+0100: 2543.423: Total time for which application threads were stopped: 0.0000790 seconds, Stopping threads took: 0.0000197 seconds
2016-05-12T10:15:42.876+0100: 2543.426: Total time for which application threads were stopped: 0.0002298 seconds, Stopping threads took: 0.0000600 seconds
2016-05-12T10:15:42.878+0100: 2543.428: Total time for which application threads were stopped: 0.0001682 seconds, Stopping threads took: 0.0000434 seconds
2016-05-12T10:15:42.977+0100: 2543.527: Total time for which application threads were stopped: 0.0002282 seconds, Stopping threads took: 0.0000663 seconds
2016-05-12T10:15:42.977+0100: 2543.527: Total time for which application threads were stopped: 0.0001327 seconds, Stopping threads took: 0.0000576 seconds
2016-05-12T10:15:42.978+0100: 2543.528: Total time for which application threads were stopped: 0.0001050 seconds, Stopping threads took: 0.0000340 seconds
2016-05-12T10:15:42.978+0100: 2543.528: Total time for which application threads were stopped: 0.0001358 seconds, Stopping threads took: 0.0000379 seconds
2016-05-12T10:15:42.980+0100: 2543.530: Total time for which application threads were stopped: 0.0001485 seconds, Stopping threads took: 0.0000419 seconds
2016-05-12T10:15:42.982+0100: 2543.532: Total time for which application threads were stopped: 0.0001769 seconds, Stopping threads took: 0.0000371 seconds
2016-05-12T10:15:43.184+0100: 2543.734: Total time for which application threads were stopped: 0.0002361 seconds, Stopping threads took: 0.0000648 seconds
2016-05-12T10:15:43.233+0100: 2543.783: Total time for which application threads were stopped: 0.0001848 seconds, Stopping threads took: 0.0000537 seconds
2016-05-12T10:15:43.234+0100: 2543.784: Total time for which application threads were stopped: 0.0001224 seconds, Stopping threads took: 0.0000497 seconds
2016-05-12T10:15:43.234+0100: 2543.784: Total time for which application threads were stopped: 0.0001177 seconds, Stopping threads took: 0.0000316 seconds
{Heap before GC invocations=27 (full 1):
 par new generation   total 109248K, used 91658K [0x00000000e0000000, 0x00000000e8000000, 0x00000000e8000000)
  eden space 87424K,  98% used [0x00000000e0000000, 0x00000000e54107f0, 0x00000000e5560000)
  from space 21824K,  25% used [0x00000000e6ab0000, 0x00000000e7022198, 0x00000000e8000000)
  to   space 21824K,   0% used [0x00000000e5560000, 0x00000000e5560000, 0x00000000e6ab0000)
 concurrent mark-sweep generation total 393216K, used 22315K [0x00000000e8000000, 0x0000000100000000, 0x0000000100000000)
 Metaspace       used 34777K, capacity 35214K, committed 35684K, reserved 1081344K
  class space    used 3950K, capacity 4103K, committed 4196K, reserved 1048576K
2016-05-12T10:15:43.747+0100: 2544.297: [GC (Allocation Failure) 2016-05-12T10:15:43.747+0100: 2544.297: [ParNew
Desired survivor size 20112992 bytes, new threshold 8 (max 8)
- age   1:    3549336 bytes,    3549336 total
- age   2:     106720 bytes,    3656056 total
- age   3:      25288 bytes,    3681344 total
- age   4:    1733608 bytes,    5414952 total
: 91658K->5955K(109248K), 0.0229647 secs] 113973K->28270K(502464K), 0.0231053 secs] [Times: user=0.05 sys=0.00, real=0.02 secs] 
Heap after GC invocations=28 (full 1):
 par new generation   total 109248K, used 5955K [0x00000000e0000000, 0x00000000e8000000, 0x00000000e8000000)
  eden space 87424K,   0% used [0x00000000e0000000, 0x00000000e0000000, 0x00000000e5560000)
  from space 21824K,  27% used [0x00000000e5560000, 0x00000000e5b30f40, 0x00000000e6ab0000)
  to   space 21824K,   0% used [0x00000000e6ab0000, 0x00000000e6ab0000, 0x00000000e8000000)
 concurrent mark-sweep generation total 393216K, used 22315K [0x00000000e8000000, 0x0000000100000000, 0x0000000100000000)
 Metaspace       used 34777K, capacity 35214K, committed 35684K, reserved 1081344K
  class space    used 3950K, capacity 4103K, committed 4196K, reserved 1048576K
}
2016-05-12T10:15:43.770+0100: 2544.320: Total time for which application threads were stopped: 0.0236367 seconds, Stopping threads took: 0.0000497 seconds
2016-05-12T10:15:43.802+0100: 2544.352: Total time for which application threads were stopped: 0.0099844 seconds, Stopping threads took: 0.0097957 seconds
2016-05-12T10:15:43.808+0100: 2544.358: Total time for which application threads were stopped: 0.0009823 seconds, Stopping threads took: 0.0008212 seconds
2016-05-12T10:15:43.808+0100: 2544.358: Total time for which application threads were stopped: 0.0003151 seconds, Stopping threads took: 0.0000355 seconds
2016-05-12T10:15:44.088+0100: 2544.638: Total time for which application threads were stopped: 0.0001935 seconds, Stopping threads took: 0.0000537 seconds
2016-05-12T10:15:44.089+0100: 2544.639: Total time for which application threads were stopped: 0.0001342 seconds, Stopping threads took: 0.0000395 seconds
2016-05-12T10:15:44.771+0100: 2545.321: Total time for which application threads were stopped: 0.0001895 seconds, Stopping threads took: 0.0000545 seconds
2016-05-12T10:16:11.866+0100: 2572.419: Total time for which application threads were stopped: 0.0002053 seconds, Stopping threads took: 0.0000608 seconds
2016-05-12T10:16:14.498+0100: 2575.052: Total time for which application threads were stopped: 0.0001745 seconds, Stopping threads took: 0.0000529 seconds
2016-05-12T10:16:14.498+0100: 2575.052: Total time for which application threads were stopped: 0.0000916 seconds, Stopping threads took: 0.0000268 seconds
2016-05-12T10:16:14.499+0100: 2575.052: Total time for which application threads were stopped: 0.0001034 seconds, Stopping threads took: 0.0000292 seconds
2016-05-12T10:16:15.499+0100: 2576.052: Total time for which application threads were stopped: 0.0001579 seconds, Stopping threads took: 0.0000466 seconds
{Heap before GC invocations=28 (full 1):
 par new generation   total 109248K, used 92802K [0x00000000e0000000, 0x00000000e8000000, 0x00000000e8000000)
  eden space 87424K,  99% used [0x00000000e0000000, 0x00000000e54cfaa8, 0x00000000e5560000)
  from space 21824K,  27% used [0x00000000e5560000, 0x00000000e5b30f40, 0x00000000e6ab0000)
  to   space 21824K,   0% used [0x00000000e6ab0000, 0x00000000e6ab0000, 0x00000000e8000000)
 concurrent mark-sweep generation total 393216K, used 22315K [0x00000000e8000000, 0x0000000100000000, 0x0000000100000000)
 Metaspace       used 34807K, capacity 35278K, committed 35684K, reserved 1081344K
  class space    used 3950K, capacity 4103K, committed 4196K, reserved 1048576K
2016-05-12T10:16:18.277+0100: 2578.830: [GC (Allocation Failure) 2016-05-12T10:16:18.277+0100: 2578.831: [ParNew
Desired survivor size 20112992 bytes, new threshold 8 (max 8)
- age   1:    1091464 bytes,    1091464 total
- age   2:      40832 bytes,    1132296 total
- age   3:      50480 bytes,    1182776 total
- age   4:      25024 bytes,    1207800 total
- age   5:    1733608 bytes,    2941408 total
: 92802K->3805K(109248K), 0.0221411 secs] 115117K->26120K(502464K), 0.0223164 secs] [Times: user=0.03 sys=0.00, real=0.02 secs] 
Heap after GC invocations=29 (full 1):
 par new generation   total 109248K, used 3805K [0x00000000e0000000, 0x00000000e8000000, 0x00000000e8000000)
  eden space 87424K,   0% used [0x00000000e0000000, 0x00000000e0000000, 0x00000000e5560000)
  from space 21824K,  17% used [0x00000000e6ab0000, 0x00000000e6e67630, 0x00000000e8000000)
  to   space 21824K,   0% used [0x00000000e5560000, 0x00000000e5560000, 0x00000000e6ab0000)
 concurrent mark-sweep generation total 393216K, used 22315K [0x00000000e8000000, 0x0000000100000000, 0x0000000100000000)
 Metaspace       used 34807K, capacity 35278K, committed 35684K, reserved 1081344K
  class space    used 3950K, capacity 4103K, committed 4196K, reserved 1048576K
}
2016-05-12T10:16:18.299+0100: 2578.853: Total time for which application threads were stopped: 0.0227871 seconds, Stopping threads took: 0.0000569 seconds
2016-05-12T10:16:19.669+0100: 2580.223: Total time for which application threads were stopped: 0.0002377 seconds, Stopping threads took: 0.0000703 seconds
2016-05-12T10:17:24.049+0100: 2644.603: Total time for which application threads were stopped: 0.0001958 seconds, Stopping threads took: 0.0000529 seconds
2016-05-12T10:17:59.766+0100: 2680.319: Total time for which application threads were stopped: 0.0001856 seconds, Stopping threads took: 0.0000442 seconds
2016-05-12T10:20:40.050+0100: 2840.603: Total time for which application threads were stopped: 0.0002140 seconds, Stopping threads took: 0.0000648 seconds
2016-05-12T10:27:05.168+0100: 3225.726: Total time for which application threads were stopped: 0.0002116 seconds, Stopping threads took: 0.0000695 seconds
2016-05-12T10:27:59.128+0100: 3279.685: Total time for which application threads were stopped: 0.0001729 seconds, Stopping threads took: 0.0000529 seconds
2016-05-12T10:27:59.128+0100: 3279.685: Total time for which application threads were stopped: 0.0000837 seconds, Stopping threads took: 0.0000221 seconds
2016-05-12T10:27:59.129+0100: 3279.686: Total time for which application threads were stopped: 0.0001263 seconds, Stopping threads took: 0.0000268 seconds
2016-05-12T10:27:59.148+0100: 3279.705: Total time for which application threads were stopped: 0.0004288 seconds, Stopping threads took: 0.0000466 seconds
2016-05-12T10:27:59.148+0100: 3279.705: Total time for which application threads were stopped: 0.0001208 seconds, Stopping threads took: 0.0000253 seconds
2016-05-12T10:28:00.155+0100: 3280.712: Total time for which application threads were stopped: 0.0001658 seconds, Stopping threads took: 0.0000490 seconds
2016-05-12T10:28:00.933+0100: 3281.490: Total time for which application threads were stopped: 0.0002172 seconds, Stopping threads took: 0.0000671 seconds
2016-05-12T10:28:00.933+0100: 3281.490: Total time for which application threads were stopped: 0.0000932 seconds, Stopping threads took: 0.0000300 seconds
2016-05-12T10:29:41.190+0100: 3381.749: Total time for which application threads were stopped: 0.0001840 seconds, Stopping threads took: 0.0000482 seconds
2016-05-12T10:30:19.879+0100: 3420.437: Total time for which application threads were stopped: 0.0001492 seconds, Stopping threads took: 0.0000395 seconds
2016-05-12T10:30:19.880+0100: 3420.438: Total time for which application threads were stopped: 0.0000798 seconds, Stopping threads took: 0.0000197 seconds
2016-05-12T10:30:19.882+0100: 3420.440: Total time for which application threads were stopped: 0.0001753 seconds, Stopping threads took: 0.0000521 seconds
2016-05-12T10:30:20.622+0100: 3421.180: Total time for which application threads were stopped: 0.0002077 seconds, Stopping threads took: 0.0000490 seconds
2016-05-12T10:30:20.622+0100: 3421.180: Total time for which application threads were stopped: 0.0000845 seconds, Stopping threads took: 0.0000213 seconds
2016-05-12T10:30:20.623+0100: 3421.181: Total time for which application threads were stopped: 0.0001050 seconds, Stopping threads took: 0.0000245 seconds
2016-05-12T10:30:21.628+0100: 3422.186: Total time for which application threads were stopped: 0.0001627 seconds, Stopping threads took: 0.0000505 seconds
2016-05-12T10:30:22.629+0100: 3423.187: Total time for which application threads were stopped: 0.0010123 seconds, Stopping threads took: 0.0008805 seconds
2016-05-12T10:30:23.658+0100: 3424.216: Total time for which application threads were stopped: 0.0001658 seconds, Stopping threads took: 0.0000545 seconds
2016-05-12T10:30:25.658+0100: 3426.216: Total time for which application threads were stopped: 0.0001619 seconds, Stopping threads took: 0.0000474 seconds
2016-05-12T10:30:28.658+0100: 3429.216: Total time for which application threads were stopped: 0.0001516 seconds, Stopping threads took: 0.0000450 seconds
2016-05-12T10:30:29.453+0100: 3430.011: Total time for which application threads were stopped: 0.0001974 seconds, Stopping threads took: 0.0000419 seconds
2016-05-12T10:30:29.453+0100: 3430.011: Total time for which application threads were stopped: 0.0000798 seconds, Stopping threads took: 0.0000197 seconds
2016-05-12T10:30:29.536+0100: 3430.095: Total time for which application threads were stopped: 0.0001627 seconds, Stopping threads took: 0.0000474 seconds
2016-05-12T10:30:29.677+0100: 3430.235: Total time for which application threads were stopped: 0.0001706 seconds, Stopping threads took: 0.0000490 seconds
2016-05-12T10:30:29.677+0100: 3430.236: Total time for which application threads were stopped: 0.0000979 seconds, Stopping threads took: 0.0000213 seconds
2016-05-12T10:30:30.677+0100: 3431.235: Total time for which application threads were stopped: 0.0001761 seconds, Stopping threads took: 0.0000490 seconds
{Heap before GC invocations=29 (full 1):
 par new generation   total 109248K, used 91229K [0x00000000e0000000, 0x00000000e8000000, 0x00000000e8000000)
  eden space 87424K, 100% used [0x00000000e0000000, 0x00000000e5560000, 0x00000000e5560000)
  from space 21824K,  17% used [0x00000000e6ab0000, 0x00000000e6e67630, 0x00000000e8000000)
  to   space 21824K,   0% used [0x00000000e5560000, 0x00000000e5560000, 0x00000000e6ab0000)
 concurrent mark-sweep generation total 393216K, used 22315K [0x00000000e8000000, 0x0000000100000000, 0x0000000100000000)
 Metaspace       used 34860K, capacity 35278K, committed 35684K, reserved 1081344K
  class space    used 3951K, capacity 4103K, committed 4196K, reserved 1048576K
2016-05-12T10:30:30.992+0100: 3431.550: [GC (Allocation Failure) 2016-05-12T10:30:30.992+0100: 3431.550: [ParNew
Desired survivor size 20112992 bytes, new threshold 8 (max 8)
- age   1:    1199256 bytes,    1199256 total
- age   2:      98016 bytes,    1297272 total
- age   3:      11152 bytes,    1308424 total
- age   4:      49680 bytes,    1358104 total
- age   5:      24936 bytes,    1383040 total
- age   6:    1733608 bytes,    3116648 total
: 91229K->4136K(109248K), 0.0350630 secs] 113544K->26451K(502464K), 0.0352407 secs] [Times: user=0.05 sys=0.00, real=0.03 secs] 
Heap after GC invocations=30 (full 1):
 par new generation   total 109248K, used 4136K [0x00000000e0000000, 0x00000000e8000000, 0x00000000e8000000)
  eden space 87424K,   0% used [0x00000000e0000000, 0x00000000e0000000, 0x00000000e5560000)
  from space 21824K,  18% used [0x00000000e5560000, 0x00000000e596a088, 0x00000000e6ab0000)
  to   space 21824K,   0% used [0x00000000e6ab0000, 0x00000000e6ab0000, 0x00000000e8000000)
 concurrent mark-sweep generation total 393216K, used 22315K [0x00000000e8000000, 0x0000000100000000, 0x0000000100000000)
 Metaspace       used 34860K, capacity 35278K, committed 35684K, reserved 1081344K
  class space    used 3951K, capacity 4103K, committed 4196K, reserved 1048576K
}
2016-05-12T10:30:31.027+0100: 3431.586: Total time for which application threads were stopped: 0.0357011 seconds, Stopping threads took: 0.0000561 seconds
2016-05-12T10:30:31.444+0100: 3432.002: Total time for which application threads were stopped: 0.0041133 seconds, Stopping threads took: 0.0038938 seconds
2016-05-12T10:30:31.448+0100: 3432.006: Total time for which application threads were stopped: 0.0010155 seconds, Stopping threads took: 0.0008907 seconds
2016-05-12T10:30:31.448+0100: 3432.007: Total time for which application threads were stopped: 0.0000948 seconds, Stopping threads took: 0.0000284 seconds
2016-05-12T10:30:31.448+0100: 3432.007: Total time for which application threads were stopped: 0.0000908 seconds, Stopping threads took: 0.0000261 seconds
2016-05-12T10:30:31.448+0100: 3432.007: Total time for which application threads were stopped: 0.0000900 seconds, Stopping threads took: 0.0000253 seconds
2016-05-12T10:30:31.448+0100: 3432.007: Total time for which application threads were stopped: 0.0000908 seconds, Stopping threads took: 0.0000253 seconds
2016-05-12T10:30:31.448+0100: 3432.007: Total time for which application threads were stopped: 0.0000916 seconds, Stopping threads took: 0.0000261 seconds
2016-05-12T10:30:31.449+0100: 3432.007: Total time for which application threads were stopped: 0.0000900 seconds, Stopping threads took: 0.0000253 seconds
2016-05-12T10:30:31.449+0100: 3432.007: Total time for which application threads were stopped: 0.0000892 seconds, Stopping threads took: 0.0000253 seconds
2016-05-12T10:30:31.449+0100: 3432.008: Total time for which application threads were stopped: 0.0000900 seconds, Stopping threads took: 0.0000261 seconds
2016-05-12T10:30:31.449+0100: 3432.008: Total time for which application threads were stopped: 0.0000892 seconds, Stopping threads took: 0.0000261 seconds
2016-05-12T10:30:31.449+0100: 3432.008: Total time for which application threads were stopped: 0.0000948 seconds, Stopping threads took: 0.0000253 seconds
2016-05-12T10:30:31.450+0100: 3432.008: Total time for which application threads were stopped: 0.0001571 seconds, Stopping threads took: 0.0000284 seconds
2016-05-12T10:30:31.450+0100: 3432.008: Total time for which application threads were stopped: 0.0001485 seconds, Stopping threads took: 0.0000261 seconds
2016-05-12T10:30:31.450+0100: 3432.009: Total time for which application threads were stopped: 0.0001492 seconds, Stopping threads took: 0.0000292 seconds
2016-05-12T10:30:31.450+0100: 3432.009: Total time for which application threads were stopped: 0.0001485 seconds, Stopping threads took: 0.0000284 seconds
2016-05-12T10:30:31.450+0100: 3432.009: Total time for which application threads were stopped: 0.0001485 seconds, Stopping threads took: 0.0000276 seconds
2016-05-12T10:30:32.450+0100: 3433.008: Total time for which application threads were stopped: 0.0001579 seconds, Stopping threads took: 0.0000466 seconds
2016-05-12T10:31:18.977+0100: 3479.535: Total time for which application threads were stopped: 0.0002487 seconds, Stopping threads took: 0.0000624 seconds
2016-05-12T10:31:18.977+0100: 3479.535: Total time for which application threads were stopped: 0.0001319 seconds, Stopping threads took: 0.0000608 seconds
2016-05-12T10:31:18.980+0100: 3479.538: Total time for which application threads were stopped: 0.0002519 seconds, Stopping threads took: 0.0000948 seconds
2016-05-12T10:31:19.032+0100: 3479.590: Total time for which application threads were stopped: 0.0165433 seconds, Stopping threads took: 0.0163806 seconds
2016-05-12T10:31:19.083+0100: 3479.642: Total time for which application threads were stopped: 0.0001753 seconds, Stopping threads took: 0.0000474 seconds
2016-05-12T10:31:19.084+0100: 3479.643: Total time for which application threads were stopped: 0.0006436 seconds, Stopping threads took: 0.0005638 seconds
2016-05-12T10:31:19.085+0100: 3479.644: Total time for which application threads were stopped: 0.0001611 seconds, Stopping threads took: 0.0000632 seconds
2016-05-12T10:31:19.516+0100: 3480.074: Total time for which application threads were stopped: 0.0002124 seconds, Stopping threads took: 0.0000553 seconds
2016-05-12T10:31:19.517+0100: 3480.075: Total time for which application threads were stopped: 0.0001350 seconds, Stopping threads took: 0.0000474 seconds
2016-05-12T10:31:20.517+0100: 3481.075: Total time for which application threads were stopped: 0.0001635 seconds, Stopping threads took: 0.0000466 seconds
2016-05-12T10:31:20.650+0100: 3481.209: Total time for which application threads were stopped: 0.0001895 seconds, Stopping threads took: 0.0000648 seconds
2016-05-12T10:31:20.652+0100: 3481.210: Total time for which application threads were stopped: 0.0002172 seconds, Stopping threads took: 0.0001169 seconds
2016-05-12T10:31:20.656+0100: 3481.214: Total time for which application threads were stopped: 0.0001745 seconds, Stopping threads took: 0.0000521 seconds
2016-05-12T10:31:20.656+0100: 3481.215: Total time for which application threads were stopped: 0.0000979 seconds, Stopping threads took: 0.0000276 seconds
2016-05-12T10:31:20.656+0100: 3481.215: Total time for which application threads were stopped: 0.0000971 seconds, Stopping threads took: 0.0000284 seconds
2016-05-12T10:31:20.656+0100: 3481.215: Total time for which application threads were stopped: 0.0001066 seconds, Stopping threads took: 0.0000268 seconds
2016-05-12T10:31:21.656+0100: 3482.214: Total time for which application threads were stopped: 0.0001595 seconds, Stopping threads took: 0.0000458 seconds
2016-05-12T10:32:18.908+0100: 3539.467: Total time for which application threads were stopped: 0.0002093 seconds, Stopping threads took: 0.0000569 seconds
2016-05-12T10:32:18.909+0100: 3539.468: Total time for which application threads were stopped: 0.0000971 seconds, Stopping threads took: 0.0000245 seconds
2016-05-12T10:32:18.909+0100: 3539.468: Total time for which application threads were stopped: 0.0000829 seconds, Stopping threads took: 0.0000213 seconds
2016-05-12T10:32:18.910+0100: 3539.469: Total time for which application threads were stopped: 0.0002519 seconds, Stopping threads took: 0.0000371 seconds
2016-05-12T10:32:18.912+0100: 3539.470: Total time for which application threads were stopped: 0.0001603 seconds, Stopping threads took: 0.0000474 seconds
2016-05-12T10:32:18.945+0100: 3539.504: Total time for which application threads were stopped: 0.0002480 seconds, Stopping threads took: 0.0000419 seconds
2016-05-12T10:33:59.049+0100: 3639.609: Total time for which application threads were stopped: 0.0001974 seconds, Stopping threads took: 0.0000529 seconds
2016-05-12T10:38:52.570+0100: 3933.140: Total time for which application threads were stopped: 0.0003498 seconds, Stopping threads took: 0.0000576 seconds
2016-05-12T10:38:52.571+0100: 3933.141: Total time for which application threads were stopped: 0.0001437 seconds, Stopping threads took: 0.0000371 seconds
2016-05-12T10:38:52.571+0100: 3933.141: Total time for which application threads were stopped: 0.0001066 seconds, Stopping threads took: 0.0000284 seconds
2016-05-12T10:38:52.574+0100: 3933.143: Total time for which application threads were stopped: 0.0001761 seconds, Stopping threads took: 0.0000513 seconds
2016-05-12T10:38:52.574+0100: 3933.143: Total time for which application threads were stopped: 0.0000884 seconds, Stopping threads took: 0.0000261 seconds
2016-05-12T10:38:52.574+0100: 3933.144: Total time for which application threads were stopped: 0.0000995 seconds, Stopping threads took: 0.0000229 seconds
{Heap before GC invocations=30 (full 1):
 par new generation   total 109248K, used 91259K [0x00000000e0000000, 0x00000000e8000000, 0x00000000e8000000)
  eden space 87424K,  99% used [0x00000000e0000000, 0x00000000e5514d08, 0x00000000e5560000)
  from space 21824K,  18% used [0x00000000e5560000, 0x00000000e596a088, 0x00000000e6ab0000)
  to   space 21824K,   0% used [0x00000000e6ab0000, 0x00000000e6ab0000, 0x00000000e8000000)
 concurrent mark-sweep generation total 393216K, used 22315K [0x00000000e8000000, 0x0000000100000000, 0x0000000100000000)
 Metaspace       used 34898K, capacity 35278K, committed 35684K, reserved 1081344K
  class space    used 3951K, capacity 4103K, committed 4196K, reserved 1048576K
2016-05-12T10:38:52.577+0100: 3933.147: [GC (Allocation Failure) 2016-05-12T10:38:52.577+0100: 3933.147: [ParNew
Desired survivor size 20112992 bytes, new threshold 8 (max 8)
- age   1:     122872 bytes,     122872 total
- age   2:      15208 bytes,     138080 total
- age   3:       3440 bytes,     141520 total
- age   4:       9064 bytes,     150584 total
- age   5:      47616 bytes,     198200 total
- age   6:      24936 bytes,     223136 total
- age   7:    1733472 bytes,    1956608 total
: 91259K->3201K(109248K), 0.0213096 secs] 113574K->25516K(502464K), 0.0214652 secs] [Times: user=0.05 sys=0.00, real=0.02 secs] 
Heap after GC invocations=31 (full 1):
 par new generation   total 109248K, used 3201K [0x00000000e0000000, 0x00000000e8000000, 0x00000000e8000000)
  eden space 87424K,   0% used [0x00000000e0000000, 0x00000000e0000000, 0x00000000e5560000)
  from space 21824K,  14% used [0x00000000e6ab0000, 0x00000000e6dd0740, 0x00000000e8000000)
  to   space 21824K,   0% used [0x00000000e5560000, 0x00000000e5560000, 0x00000000e6ab0000)
 concurrent mark-sweep generation total 393216K, used 22315K [0x00000000e8000000, 0x0000000100000000, 0x0000000100000000)
 Metaspace       used 34898K, capacity 35278K, committed 35684K, reserved 1081344K
  class space    used 3951K, capacity 4103K, committed 4196K, reserved 1048576K
}
2016-05-12T10:38:52.599+0100: 3933.169: Total time for which application threads were stopped: 0.0218995 seconds, Stopping threads took: 0.0000426 seconds
2016-05-12T10:38:52.606+0100: 3933.176: Total time for which application threads were stopped: 0.0004438 seconds, Stopping threads took: 0.0000979 seconds
2016-05-12T10:38:52.648+0100: 3933.218: Total time for which application threads were stopped: 0.0002693 seconds, Stopping threads took: 0.0000600 seconds
2016-05-12T10:40:32.733+0100: 4033.307: Total time for which application threads were stopped: 0.0001974 seconds, Stopping threads took: 0.0000497 seconds
2016-05-12T10:41:02.875+0100: 4063.448: Total time for which application threads were stopped: 0.0001492 seconds, Stopping threads took: 0.0000387 seconds
2016-05-12T10:41:02.875+0100: 4063.448: Total time for which application threads were stopped: 0.0000821 seconds, Stopping threads took: 0.0000213 seconds
2016-05-12T10:41:02.878+0100: 4063.451: Total time for which application threads were stopped: 0.0001603 seconds, Stopping threads took: 0.0000403 seconds
2016-05-12T10:41:03.838+0100: 4064.412: Total time for which application threads were stopped: 0.0002029 seconds, Stopping threads took: 0.0000419 seconds
2016-05-12T10:41:03.838+0100: 4064.412: Total time for which application threads were stopped: 0.0000877 seconds, Stopping threads took: 0.0000221 seconds
2016-05-12T10:41:03.839+0100: 4064.413: Total time for which application threads were stopped: 0.0001034 seconds, Stopping threads took: 0.0000229 seconds
2016-05-12T10:41:04.839+0100: 4065.413: Total time for which application threads were stopped: 0.0001540 seconds, Stopping threads took: 0.0000497 seconds
2016-05-12T10:41:05.839+0100: 4066.413: Total time for which application threads were stopped: 0.0001635 seconds, Stopping threads took: 0.0000545 seconds
2016-05-12T10:41:15.839+0100: 4076.413: Total time for which application threads were stopped: 0.0001579 seconds, Stopping threads took: 0.0000513 seconds
2016-05-12T10:41:17.861+0100: 4078.436: Total time for which application threads were stopped: 0.0001745 seconds, Stopping threads took: 0.0000474 seconds
2016-05-12T10:41:55.839+0100: 4116.413: Total time for which application threads were stopped: 0.0001903 seconds, Stopping threads took: 0.0000600 seconds
2016-05-12T10:41:55.840+0100: 4116.414: Total time for which application threads were stopped: 0.0000932 seconds, Stopping threads took: 0.0000284 seconds
2016-05-12T10:41:55.844+0100: 4116.418: Total time for which application threads were stopped: 0.0006846 seconds, Stopping threads took: 0.0005457 seconds
2016-05-12T10:41:55.900+0100: 4116.474: Total time for which application threads were stopped: 0.0001958 seconds, Stopping threads took: 0.0000529 seconds
2016-05-12T10:41:56.274+0100: 4116.848: Total time for which application threads were stopped: 0.0002140 seconds, Stopping threads took: 0.0000632 seconds
2016-05-12T10:41:56.274+0100: 4116.848: Total time for which application threads were stopped: 0.0001366 seconds, Stopping threads took: 0.0000632 seconds
2016-05-12T10:41:56.275+0100: 4116.849: Total time for which application threads were stopped: 0.0001421 seconds, Stopping threads took: 0.0000363 seconds
{Heap before GC invocations=31 (full 1):
 par new generation   total 109248K, used 90483K [0x00000000e0000000, 0x00000000e8000000, 0x00000000e8000000)
  eden space 87424K,  99% used [0x00000000e0000000, 0x00000000e553c870, 0x00000000e5560000)
  from space 21824K,  14% used [0x00000000e6ab0000, 0x00000000e6dd0740, 0x00000000e8000000)
  to   space 21824K,   0% used [0x00000000e5560000, 0x00000000e5560000, 0x00000000e6ab0000)
 concurrent mark-sweep generation total 393216K, used 22315K [0x00000000e8000000, 0x0000000100000000, 0x0000000100000000)
 Metaspace       used 34974K, capacity 35470K, committed 35940K, reserved 1081344K
  class space    used 3952K, capacity 4103K, committed 4196K, reserved 1048576K
2016-05-12T10:41:56.285+0100: 4116.859: [GC (Allocation Failure) 2016-05-12T10:41:56.285+0100: 4116.859: [ParNew
Desired survivor size 20112992 bytes, new threshold 8 (max 8)
- age   1:    4327224 bytes,    4327224 total
- age   2:      85280 bytes,    4412504 total
- age   3:       6752 bytes,    4419256 total
- age   4:       2864 bytes,    4422120 total
- age   5:       8576 bytes,    4430696 total
- age   6:      46944 bytes,    4477640 total
- age   7:      24672 bytes,    4502312 total
- age   8:    1732760 bytes,    6235072 total
: 90483K->6582K(109248K), 0.0256543 secs] 112798K->28897K(502464K), 0.0257988 secs] [Times: user=0.05 sys=0.00, real=0.03 secs] 
Heap after GC invocations=32 (full 1):
 par new generation   total 109248K, used 6582K [0x00000000e0000000, 0x00000000e8000000, 0x00000000e8000000)
  eden space 87424K,   0% used [0x00000000e0000000, 0x00000000e0000000, 0x00000000e5560000)
  from space 21824K,  30% used [0x00000000e5560000, 0x00000000e5bcda80, 0x00000000e6ab0000)
  to   space 21824K,   0% used [0x00000000e6ab0000, 0x00000000e6ab0000, 0x00000000e8000000)
 concurrent mark-sweep generation total 393216K, used 22315K [0x00000000e8000000, 0x0000000100000000, 0x0000000100000000)
 Metaspace       used 34974K, capacity 35470K, committed 35940K, reserved 1081344K
  class space    used 3952K, capacity 4103K, committed 4196K, reserved 1048576K
}
2016-05-12T10:41:56.311+0100: 4116.885: Total time for which application threads were stopped: 0.0264716 seconds, Stopping threads took: 0.0000703 seconds
2016-05-12T10:41:56.311+0100: 4116.885: Total time for which application threads were stopped: 0.0001603 seconds, Stopping threads took: 0.0000482 seconds
2016-05-12T10:41:56.312+0100: 4116.886: Total time for which application threads were stopped: 0.0009831 seconds, Stopping threads took: 0.0008631 seconds
2016-05-12T10:41:56.313+0100: 4116.887: Total time for which application threads were stopped: 0.0003546 seconds, Stopping threads took: 0.0000482 seconds
2016-05-12T10:41:56.540+0100: 4117.114: Total time for which application threads were stopped: 0.0002385 seconds, Stopping threads took: 0.0000719 seconds
2016-05-12T10:41:56.541+0100: 4117.115: Total time for which application threads were stopped: 0.0001271 seconds, Stopping threads took: 0.0000387 seconds
2016-05-12T10:41:57.541+0100: 4118.115: Total time for which application threads were stopped: 0.0001721 seconds, Stopping threads took: 0.0000513 seconds
2016-05-12T10:42:00.491+0100: 4121.065: Total time for which application threads were stopped: 0.0001753 seconds, Stopping threads took: 0.0000482 seconds
2016-05-12T10:42:00.491+0100: 4121.065: Total time for which application threads were stopped: 0.0000932 seconds, Stopping threads took: 0.0000276 seconds
2016-05-12T10:42:00.491+0100: 4121.065: Total time for which application threads were stopped: 0.0000900 seconds, Stopping threads took: 0.0000261 seconds
2016-05-12T10:42:00.491+0100: 4121.065: Total time for which application threads were stopped: 0.0001011 seconds, Stopping threads took: 0.0000316 seconds
2016-05-12T10:42:01.491+0100: 4122.065: Total time for which application threads were stopped: 0.0001903 seconds, Stopping threads took: 0.0000782 seconds
2016-05-12T10:42:12.369+0100: 4132.947: Total time for which application threads were stopped: 0.0001658 seconds, Stopping threads took: 0.0000387 seconds
2016-05-12T10:43:36.522+0100: 4217.100: Total time for which application threads were stopped: 0.0001903 seconds, Stopping threads took: 0.0000466 seconds
2016-05-12T10:43:36.522+0100: 4217.100: Total time for which application threads were stopped: 0.0000932 seconds, Stopping threads took: 0.0000205 seconds
2016-05-12T10:43:52.483+0100: 4233.062: Total time for which application threads were stopped: 0.0001706 seconds, Stopping threads took: 0.0000466 seconds
2016-05-12T10:45:58.030+0100: 4358.619: Total time for which application threads were stopped: 0.0001824 seconds, Stopping threads took: 0.0000482 seconds
2016-05-12T10:45:58.030+0100: 4358.619: Total time for which application threads were stopped: 0.0000829 seconds, Stopping threads took: 0.0000213 seconds
2016-05-12T10:45:58.032+0100: 4358.621: Total time for which application threads were stopped: 0.0001374 seconds, Stopping threads took: 0.0000379 seconds
2016-05-12T10:45:58.876+0100: 4359.465: Total time for which application threads were stopped: 0.0001935 seconds, Stopping threads took: 0.0000561 seconds
2016-05-12T10:45:58.876+0100: 4359.465: Total time for which application threads were stopped: 0.0000916 seconds, Stopping threads took: 0.0000292 seconds
2016-05-12T10:45:58.877+0100: 4359.466: Total time for which application threads were stopped: 0.0001161 seconds, Stopping threads took: 0.0000316 seconds
2016-05-12T10:45:59.877+0100: 4360.466: Total time for which application threads were stopped: 0.0001492 seconds, Stopping threads took: 0.0000458 seconds
2016-05-12T10:46:00.877+0100: 4361.466: Total time for which application threads were stopped: 0.0001856 seconds, Stopping threads took: 0.0000521 seconds
2016-05-12T10:46:11.878+0100: 4372.468: Total time for which application threads were stopped: 0.0001540 seconds, Stopping threads took: 0.0000482 seconds
{Heap before GC invocations=32 (full 1):
 par new generation   total 109248K, used 94006K [0x00000000e0000000, 0x00000000e8000000, 0x00000000e8000000)
  eden space 87424K, 100% used [0x00000000e0000000, 0x00000000e5560000, 0x00000000e5560000)
  from space 21824K,  30% used [0x00000000e5560000, 0x00000000e5bcda80, 0x00000000e6ab0000)
  to   space 21824K,   0% used [0x00000000e6ab0000, 0x00000000e6ab0000, 0x00000000e8000000)
 concurrent mark-sweep generation total 393216K, used 22315K [0x00000000e8000000, 0x0000000100000000, 0x0000000100000000)
 Metaspace       used 35039K, capacity 35534K, committed 35940K, reserved 1081344K
  class space    used 3952K, capacity 4103K, committed 4196K, reserved 1048576K
2016-05-12T10:46:12.568+0100: 4373.158: [GC (Allocation Failure) 2016-05-12T10:46:12.568+0100: 4373.158: [ParNew
Desired survivor size 20112992 bytes, new threshold 8 (max 8)
- age   1:    1146096 bytes,    1146096 total
- age   2:      17648 bytes,    1163744 total
- age   3:       6328 bytes,    1170072 total
- age   4:       6672 bytes,    1176744 total
- age   5:       2840 bytes,    1179584 total
- age   6:       8168 bytes,    1187752 total
- age   7:      46944 bytes,    1234696 total
- age   8:      24672 bytes,    1259368 total
: 94006K->3720K(109248K), 0.0296705 secs] 116321K->27731K(502464K), 0.0298450 secs] [Times: user=0.05 sys=0.00, real=0.03 secs] 
Heap after GC invocations=33 (full 1):
 par new generation   total 109248K, used 3720K [0x00000000e0000000, 0x00000000e8000000, 0x00000000e8000000)
  eden space 87424K,   0% used [0x00000000e0000000, 0x00000000e0000000, 0x00000000e5560000)
  from space 21824K,  17% used [0x00000000e6ab0000, 0x00000000e6e523e8, 0x00000000e8000000)
  to   space 21824K,   0% used [0x00000000e5560000, 0x00000000e5560000, 0x00000000e6ab0000)
 concurrent mark-sweep generation total 393216K, used 24010K [0x00000000e8000000, 0x0000000100000000, 0x0000000100000000)
 Metaspace       used 35039K, capacity 35534K, committed 35940K, reserved 1081344K
  class space    used 3952K, capacity 4103K, committed 4196K, reserved 1048576K
}
2016-05-12T10:46:12.598+0100: 4373.188: Total time for which application threads were stopped: 0.0304601 seconds, Stopping threads took: 0.0000632 seconds
2016-05-12T10:46:12.603+0100: 4373.193: Total time for which application threads were stopped: 0.0002203 seconds, Stopping threads took: 0.0000616 seconds
2016-05-12T10:46:12.603+0100: 4373.193: Total time for which application threads were stopped: 0.0000924 seconds, Stopping threads took: 0.0000324 seconds
2016-05-12T10:46:12.603+0100: 4373.193: Total time for which application threads were stopped: 0.0000948 seconds, Stopping threads took: 0.0000284 seconds
2016-05-12T10:46:12.603+0100: 4373.193: Total time for which application threads were stopped: 0.0000837 seconds, Stopping threads took: 0.0000300 seconds
2016-05-12T10:46:12.603+0100: 4373.193: Total time for which application threads were stopped: 0.0001058 seconds, Stopping threads took: 0.0000292 seconds
2016-05-12T10:46:12.603+0100: 4373.193: Total time for which application threads were stopped: 0.0000813 seconds, Stopping threads took: 0.0000253 seconds
2016-05-12T10:46:12.604+0100: 4373.194: Total time for which application threads were stopped: 0.0001153 seconds, Stopping threads took: 0.0000332 seconds
2016-05-12T10:46:12.605+0100: 4373.195: Total time for which application threads were stopped: 0.0000900 seconds, Stopping threads took: 0.0000213 seconds
2016-05-12T10:46:12.605+0100: 4373.195: Total time for which application threads were stopped: 0.0000924 seconds, Stopping threads took: 0.0000347 seconds
2016-05-12T10:46:12.605+0100: 4373.195: Total time for which application threads were stopped: 0.0000766 seconds, Stopping threads took: 0.0000197 seconds
2016-05-12T10:46:12.605+0100: 4373.195: Total time for which application threads were stopped: 0.0000766 seconds, Stopping threads took: 0.0000197 seconds
2016-05-12T10:46:12.605+0100: 4373.195: Total time for which application threads were stopped: 0.0000782 seconds, Stopping threads took: 0.0000205 seconds
2016-05-12T10:46:12.605+0100: 4373.195: Total time for which application threads were stopped: 0.0000774 seconds, Stopping threads took: 0.0000213 seconds
2016-05-12T10:46:12.605+0100: 4373.195: Total time for which application threads were stopped: 0.0000766 seconds, Stopping threads took: 0.0000213 seconds
2016-05-12T10:46:12.605+0100: 4373.196: Total time for which application threads were stopped: 0.0000805 seconds, Stopping threads took: 0.0000197 seconds
2016-05-12T10:46:12.606+0100: 4373.196: Total time for which application threads were stopped: 0.0001137 seconds, Stopping threads took: 0.0000379 seconds
2016-05-12T10:46:12.606+0100: 4373.197: Total time for which application threads were stopped: 0.0000884 seconds, Stopping threads took: 0.0000284 seconds
2016-05-12T10:46:13.612+0100: 4374.202: Total time for which application threads were stopped: 0.0001603 seconds, Stopping threads took: 0.0000521 seconds
2016-05-12T10:47:13.498+0100: 4434.095: Total time for which application threads were stopped: 0.0001642 seconds, Stopping threads took: 0.0000592 seconds
2016-05-12T10:47:13.498+0100: 4434.096: Total time for which application threads were stopped: 0.0001366 seconds, Stopping threads took: 0.0000616 seconds
2016-05-12T10:47:13.498+0100: 4434.096: Total time for which application threads were stopped: 0.0001003 seconds, Stopping threads took: 0.0000363 seconds
2016-05-12T10:47:13.500+0100: 4434.098: Total time for which application threads were stopped: 0.0001532 seconds, Stopping threads took: 0.0000458 seconds
2016-05-12T10:47:13.502+0100: 4434.099: Total time for which application threads were stopped: 0.0001611 seconds, Stopping threads took: 0.0000553 seconds
2016-05-12T10:47:13.579+0100: 4434.177: Total time for which application threads were stopped: 0.0003040 seconds, Stopping threads took: 0.0000403 seconds
2016-05-12T10:47:13.579+0100: 4434.177: Total time for which application threads were stopped: 0.0000892 seconds, Stopping threads took: 0.0000229 seconds
2016-05-12T10:47:13.581+0100: 4434.178: Total time for which application threads were stopped: 0.0001540 seconds, Stopping threads took: 0.0000300 seconds
2016-05-12T10:47:13.583+0100: 4434.181: Total time for which application threads were stopped: 0.0002100 seconds, Stopping threads took: 0.0000537 seconds
2016-05-12T10:47:13.610+0100: 4434.208: Total time for which application threads were stopped: 0.0001769 seconds, Stopping threads took: 0.0000458 seconds
2016-05-12T10:47:13.623+0100: 4434.220: Total time for which application threads were stopped: 0.0001903 seconds, Stopping threads took: 0.0000679 seconds
2016-05-12T10:47:13.632+0100: 4434.229: Total time for which application threads were stopped: 0.0002306 seconds, Stopping threads took: 0.0001098 seconds
2016-05-12T10:47:13.632+0100: 4434.230: Total time for which application threads were stopped: 0.0003222 seconds, Stopping threads took: 0.0000734 seconds
2016-05-12T10:47:13.633+0100: 4434.231: Total time for which application threads were stopped: 0.0001429 seconds, Stopping threads took: 0.0000458 seconds
2016-05-12T10:47:13.833+0100: 4434.430: Total time for which application threads were stopped: 0.0008441 seconds, Stopping threads took: 0.0007194 seconds
2016-05-12T10:47:14.086+0100: 4434.683: Total time for which application threads were stopped: 0.0002100 seconds, Stopping threads took: 0.0000490 seconds
2016-05-12T10:47:14.088+0100: 4434.686: Total time for which application threads were stopped: 0.0001548 seconds, Stopping threads took: 0.0000395 seconds
2016-05-12T10:47:14.740+0100: 4435.338: Total time for which application threads were stopped: 0.0001721 seconds, Stopping threads took: 0.0000513 seconds
2016-05-12T10:47:14.741+0100: 4435.338: Total time for which application threads were stopped: 0.0001058 seconds, Stopping threads took: 0.0000324 seconds
2016-05-12T10:47:14.741+0100: 4435.338: Total time for which application threads were stopped: 0.0001042 seconds, Stopping threads took: 0.0000261 seconds
2016-05-12T10:47:14.741+0100: 4435.338: Total time for which application threads were stopped: 0.0000892 seconds, Stopping threads took: 0.0000261 seconds
2016-05-12T10:47:14.741+0100: 4435.339: Total time for which application threads were stopped: 0.0002558 seconds, Stopping threads took: 0.0000261 seconds
2016-05-12T10:47:26.206+0100: 4446.803: Total time for which application threads were stopped: 0.0001816 seconds, Stopping threads took: 0.0000584 seconds
{Heap before GC invocations=33 (full 1):
 par new generation   total 109248K, used 90781K [0x00000000e0000000, 0x00000000e8000000, 0x00000000e8000000)
  eden space 87424K,  99% used [0x00000000e0000000, 0x00000000e5505108, 0x00000000e5560000)
  from space 21824K,  17% used [0x00000000e6ab0000, 0x00000000e6e523e8, 0x00000000e8000000)
  to   space 21824K,   0% used [0x00000000e5560000, 0x00000000e5560000, 0x00000000e6ab0000)
 concurrent mark-sweep generation total 393216K, used 24010K [0x00000000e8000000, 0x0000000100000000, 0x0000000100000000)
 Metaspace       used 35059K, capacity 35534K, committed 35940K, reserved 1081344K
  class space    used 3953K, capacity 4103K, committed 4196K, reserved 1048576K
2016-05-12T10:47:39.954+0100: 4460.551: [GC (Allocation Failure) 2016-05-12T10:47:39.954+0100: 4460.551: [ParNew
Desired survivor size 20112992 bytes, new threshold 8 (max 8)
- age   1:     113464 bytes,     113464 total
- age   2:      18536 bytes,     132000 total
- age   3:      16104 bytes,     148104 total
- age   4:       5432 bytes,     153536 total
- age   5:       6672 bytes,     160208 total
- age   6:       2712 bytes,     162920 total
- age   7:       8168 bytes,     171088 total
- age   8:      46944 bytes,     218032 total
: 90781K->673K(109248K), 0.0147460 secs] 114792K->24708K(502464K), 0.0149292 secs] [Times: user=0.03 sys=0.00, real=0.01 secs] 
Heap after GC invocations=34 (full 1):
 par new generation   total 109248K, used 673K [0x00000000e0000000, 0x00000000e8000000, 0x00000000e8000000)
  eden space 87424K,   0% used [0x00000000e0000000, 0x00000000e0000000, 0x00000000e5560000)
  from space 21824K,   3% used [0x00000000e5560000, 0x00000000e56085b8, 0x00000000e6ab0000)
  to   space 21824K,   0% used [0x00000000e6ab0000, 0x00000000e6ab0000, 0x00000000e8000000)
 concurrent mark-sweep generation total 393216K, used 24035K [0x00000000e8000000, 0x0000000100000000, 0x0000000100000000)
 Metaspace       used 35059K, capacity 35534K, committed 35940K, reserved 1081344K
  class space    used 3953K, capacity 4103K, committed 4196K, reserved 1048576K
}
2016-05-12T10:47:39.969+0100: 4460.566: Total time for which application threads were stopped: 0.0153540 seconds, Stopping threads took: 0.0000497 seconds
2016-05-12T10:47:40.969+0100: 4461.566: Total time for which application threads were stopped: 0.0001461 seconds, Stopping threads took: 0.0000458 seconds
2016-05-12T10:47:48.455+0100: 4469.061: Total time for which application threads were stopped: 0.0001816 seconds, Stopping threads took: 0.0000561 seconds
2016-05-12T10:47:48.455+0100: 4469.061: Total time for which application threads were stopped: 0.0000995 seconds, Stopping threads took: 0.0000221 seconds
2016-05-12T10:47:48.455+0100: 4469.061: Total time for which application threads were stopped: 0.0000805 seconds, Stopping threads took: 0.0000197 seconds
2016-05-12T10:47:48.455+0100: 4469.062: Total time for which application threads were stopped: 0.0000892 seconds, Stopping threads took: 0.0000213 seconds
2016-05-12T10:47:50.455+0100: 4471.052: Total time for which application threads were stopped: 0.0001556 seconds, Stopping threads took: 0.0000529 seconds
2016-05-12T10:47:52.463+0100: 4473.061: Total time for which application threads were stopped: 0.0001540 seconds, Stopping threads took: 0.0000529 seconds
2016-05-12T10:48:04.491+0100: 4485.090: Total time for which application threads were stopped: 0.0001721 seconds, Stopping threads took: 0.0000576 seconds
2016-05-12T10:48:53.959+0100: 4534.557: Total time for which application threads were stopped: 0.0001864 seconds, Stopping threads took: 0.0000584 seconds
2016-05-12T10:49:32.873+0100: 4573.474: Total time for which application threads were stopped: 0.0001698 seconds, Stopping threads took: 0.0000521 seconds
2016-05-12T10:50:58.079+0100: 4658.685: Total time for which application threads were stopped: 0.0001824 seconds, Stopping threads took: 0.0000663 seconds
2016-05-12T10:52:27.495+0100: 4748.104: Total time for which application threads were stopped: 0.0001777 seconds, Stopping threads took: 0.0000616 seconds
2016-05-12T10:52:57.579+0100: 4778.188: Total time for which application threads were stopped: 0.0001761 seconds, Stopping threads took: 0.0000592 seconds
2016-05-12T10:53:27.662+0100: 4808.273: Total time for which application threads were stopped: 0.0001579 seconds, Stopping threads took: 0.0000521 seconds
2016-05-12T10:53:57.754+0100: 4838.364: Total time for which application threads were stopped: 0.0001856 seconds, Stopping threads took: 0.0000505 seconds
2016-05-12T10:54:22.125+0100: 4862.735: Total time for which application threads were stopped: 0.0001958 seconds, Stopping threads took: 0.0000521 seconds
2016-05-12T10:54:22.125+0100: 4862.735: Total time for which application threads were stopped: 0.0000805 seconds, Stopping threads took: 0.0000205 seconds
2016-05-12T10:54:22.132+0100: 4862.743: Total time for which application threads were stopped: 0.0001777 seconds, Stopping threads took: 0.0000497 seconds
2016-05-12T10:54:22.162+0100: 4862.773: Total time for which application threads were stopped: 0.0002566 seconds, Stopping threads took: 0.0000490 seconds
{Heap before GC invocations=34 (full 1):
 par new generation   total 109248K, used 85920K [0x00000000e0000000, 0x00000000e8000000, 0x00000000e8000000)
  eden space 87424K,  97% used [0x00000000e0000000, 0x00000000e533fac0, 0x00000000e5560000)
  from space 21824K,   3% used [0x00000000e5560000, 0x00000000e56085b8, 0x00000000e6ab0000)
  to   space 21824K,   0% used [0x00000000e6ab0000, 0x00000000e6ab0000, 0x00000000e8000000)
 concurrent mark-sweep generation total 393216K, used 24035K [0x00000000e8000000, 0x0000000100000000, 0x0000000100000000)
 Metaspace       used 35075K, capacity 35534K, committed 35940K, reserved 1081344K
  class space    used 3953K, capacity 4103K, committed 4196K, reserved 1048576K
2016-05-12T10:54:22.181+0100: 4862.791: [GC (Allocation Failure) 2016-05-12T10:54:22.181+0100: 4862.791: [ParNew
Desired survivor size 20112992 bytes, new threshold 8 (max 8)
- age   1:     964328 bytes,     964328 total
- age   2:      62704 bytes,    1027032 total
- age   3:       9240 bytes,    1036272 total
- age   4:      15888 bytes,    1052160 total
- age   5:       5280 bytes,    1057440 total
- age   6:       6672 bytes,    1064112 total
- age   7:       2688 bytes,    1066800 total
- age   8:       8168 bytes,    1074968 total
: 85920K->1080K(109248K), 0.0122025 secs] 109955K->25163K(502464K), 0.0123336 secs] [Times: user=0.03 sys=0.00, real=0.01 secs] 
Heap after GC invocations=35 (full 1):
 par new generation   total 109248K, used 1080K [0x00000000e0000000, 0x00000000e8000000, 0x00000000e8000000)
  eden space 87424K,   0% used [0x00000000e0000000, 0x00000000e0000000, 0x00000000e5560000)
  from space 21824K,   4% used [0x00000000e6ab0000, 0x00000000e6bbe3d0, 0x00000000e8000000)
  to   space 21824K,   0% used [0x00000000e5560000, 0x00000000e5560000, 0x00000000e6ab0000)
 concurrent mark-sweep generation total 393216K, used 24082K [0x00000000e8000000, 0x0000000100000000, 0x0000000100000000)
 Metaspace       used 35075K, capacity 35534K, committed 35940K, reserved 1081344K
  class space    used 3953K, capacity 4103K, committed 4196K, reserved 1048576K
}
2016-05-12T10:54:22.193+0100: 4862.804: Total time for which application threads were stopped: 0.0128422 seconds, Stopping threads took: 0.0000608 seconds
2016-05-12T10:54:26.895+0100: 4867.506: Total time for which application threads were stopped: 0.0002251 seconds, Stopping threads took: 0.0000742 seconds
2016-05-12T10:54:26.895+0100: 4867.506: Total time for which application threads were stopped: 0.0001279 seconds, Stopping threads took: 0.0000371 seconds
2016-05-12T10:54:28.034+0100: 4868.645: Total time for which application threads were stopped: 0.0001682 seconds, Stopping threads took: 0.0000553 seconds
2016-05-12T10:54:28.034+0100: 4868.645: Total time for which application threads were stopped: 0.0000900 seconds, Stopping threads took: 0.0000276 seconds
2016-05-12T10:54:30.045+0100: 4870.656: Total time for which application threads were stopped: 0.0002014 seconds, Stopping threads took: 0.0000766 seconds
2016-05-12T10:54:32.053+0100: 4872.663: Total time for which application threads were stopped: 0.0002440 seconds, Stopping threads took: 0.0001011 seconds
2016-05-12T10:54:33.053+0100: 4873.663: Total time for which application threads were stopped: 0.0001532 seconds, Stopping threads took: 0.0000490 seconds
2016-05-12T10:54:34.174+0100: 4874.784: Total time for which application threads were stopped: 0.0001879 seconds, Stopping threads took: 0.0000521 seconds
2016-05-12T10:54:34.174+0100: 4874.784: Total time for which application threads were stopped: 0.0000908 seconds, Stopping threads took: 0.0000268 seconds
2016-05-12T10:54:34.174+0100: 4874.784: Total time for which application threads were stopped: 0.0000877 seconds, Stopping threads took: 0.0000253 seconds
{Heap before GC invocations=35 (full 1):
 par new generation   total 109248K, used 86457K [0x00000000e0000000, 0x00000000e8000000, 0x00000000e8000000)
  eden space 87424K,  97% used [0x00000000e0000000, 0x00000000e5360158, 0x00000000e5560000)
  from space 21824K,   4% used [0x00000000e6ab0000, 0x00000000e6bbe3d0, 0x00000000e8000000)
  to   space 21824K,   0% used [0x00000000e5560000, 0x00000000e5560000, 0x00000000e6ab0000)
 concurrent mark-sweep generation total 393216K, used 24082K [0x00000000e8000000, 0x0000000100000000, 0x0000000100000000)
 Metaspace       used 35077K, capacity 35534K, committed 35940K, reserved 1081344K
  class space    used 3953K, capacity 4103K, committed 4196K, reserved 1048576K
2016-05-12T10:54:34.241+0100: 4874.851: [GC (Allocation Failure) 2016-05-12T10:54:34.241+0100: 4874.851: [ParNew
Desired survivor size 20112992 bytes, new threshold 8 (max 8)
- age   1:     934160 bytes,     934160 total
- age   2:      73280 bytes,    1007440 total
- age   3:      62080 bytes,    1069520 total
- age   4:       7936 bytes,    1077456 total
- age   5:      15888 bytes,    1093344 total
- age   6:       5280 bytes,    1098624 total
- age   7:       6624 bytes,    1105248 total
- age   8:       2688 bytes,    1107936 total
: 86457K->1152K(109248K), 0.0137984 secs] 110539K->25242K(502464K), 0.0139698 secs] [Times: user=0.03 sys=0.00, real=0.01 secs] 
Heap after GC invocations=36 (full 1):
 par new generation   total 109248K, used 1152K [0x00000000e0000000, 0x00000000e8000000, 0x00000000e8000000)
  eden space 87424K,   0% used [0x00000000e0000000, 0x00000000e0000000, 0x00000000e5560000)
  from space 21824K,   5% used [0x00000000e5560000, 0x00000000e56801c0, 0x00000000e6ab0000)
  to   space 21824K,   0% used [0x00000000e6ab0000, 0x00000000e6ab0000, 0x00000000e8000000)
 concurrent mark-sweep generation total 393216K, used 24090K [0x00000000e8000000, 0x0000000100000000, 0x0000000100000000)
 Metaspace       used 35077K, capacity 35534K, committed 35940K, reserved 1081344K
  class space    used 3953K, capacity 4103K, committed 4196K, reserved 1048576K
}
2016-05-12T10:54:34.255+0100: 4874.865: Total time for which application threads were stopped: 0.0144120 seconds, Stopping threads took: 0.0000545 seconds
2016-05-12T10:54:36.694+0100: 4877.305: Total time for which application threads were stopped: 0.0003332 seconds, Stopping threads took: 0.0001058 seconds
2016-05-12T10:54:36.695+0100: 4877.305: Total time for which application threads were stopped: 0.0000955 seconds, Stopping threads took: 0.0000268 seconds
2016-05-12T10:54:36.695+0100: 4877.305: Total time for which application threads were stopped: 0.0000948 seconds, Stopping threads took: 0.0000261 seconds
2016-05-12T10:54:36.695+0100: 4877.305: Total time for which application threads were stopped: 0.0001034 seconds, Stopping threads took: 0.0000300 seconds
2016-05-12T10:54:36.695+0100: 4877.305: Total time for which application threads were stopped: 0.0000924 seconds, Stopping threads took: 0.0000261 seconds
2016-05-12T10:54:36.695+0100: 4877.305: Total time for which application threads were stopped: 0.0000916 seconds, Stopping threads took: 0.0000261 seconds
2016-05-12T10:54:37.696+0100: 4878.306: Total time for which application threads were stopped: 0.0001548 seconds, Stopping threads took: 0.0000529 seconds
2016-05-12T10:56:18.355+0100: 4978.972: Total time for which application threads were stopped: 0.0002069 seconds, Stopping threads took: 0.0000648 seconds
2016-05-12T11:03:27.685+0100: 5408.329: Total time for which application threads were stopped: 0.0001785 seconds, Stopping threads took: 0.0000553 seconds
2016-05-12T11:03:57.743+0100: 5438.387: Total time for which application threads were stopped: 0.0001990 seconds, Stopping threads took: 0.0000616 seconds
2016-05-12T11:10:55.067+0100: 5855.726: Total time for which application threads were stopped: 0.0001990 seconds, Stopping threads took: 0.0000569 seconds
2016-05-12T11:10:55.067+0100: 5855.726: Total time for which application threads were stopped: 0.0000813 seconds, Stopping threads took: 0.0000205 seconds
2016-05-12T11:10:55.069+0100: 5855.728: Total time for which application threads were stopped: 0.0001374 seconds, Stopping threads took: 0.0000324 seconds
2016-05-12T11:10:55.125+0100: 5855.784: Total time for which application threads were stopped: 0.0002085 seconds, Stopping threads took: 0.0000474 seconds
2016-05-12T11:10:55.164+0100: 5855.822: Total time for which application threads were stopped: 0.0003948 seconds, Stopping threads took: 0.0000490 seconds
2016-05-12T11:10:55.182+0100: 5855.841: Total time for which application threads were stopped: 0.0001793 seconds, Stopping threads took: 0.0000434 seconds
2016-05-12T11:10:55.885+0100: 5856.544: Total time for which application threads were stopped: 0.0002179 seconds, Stopping threads took: 0.0000940 seconds
2016-05-12T11:10:55.885+0100: 5856.544: Total time for which application threads were stopped: 0.0000971 seconds, Stopping threads took: 0.0000284 seconds
2016-05-12T11:10:55.886+0100: 5856.545: Total time for which application threads were stopped: 0.0001311 seconds, Stopping threads took: 0.0000308 seconds
2016-05-12T11:10:56.886+0100: 5857.545: Total time for which application threads were stopped: 0.0001492 seconds, Stopping threads took: 0.0000490 seconds
2016-05-12T11:10:57.887+0100: 5858.545: Total time for which application threads were stopped: 0.0001587 seconds, Stopping threads took: 0.0000513 seconds
2016-05-12T11:11:09.887+0100: 5870.546: Total time for which application threads were stopped: 0.0001532 seconds, Stopping threads took: 0.0000474 seconds
2016-05-12T11:11:45.915+0100: 5906.575: Total time for which application threads were stopped: 0.0001974 seconds, Stopping threads took: 0.0000592 seconds
2016-05-12T11:11:49.422+0100: 5910.082: Total time for which application threads were stopped: 0.0001587 seconds, Stopping threads took: 0.0000434 seconds
2016-05-12T11:11:49.496+0100: 5910.156: Total time for which application threads were stopped: 0.0001753 seconds, Stopping threads took: 0.0000513 seconds
2016-05-12T11:11:49.497+0100: 5910.157: Total time for which application threads were stopped: 0.0001335 seconds, Stopping threads took: 0.0000640 seconds
2016-05-12T11:11:49.498+0100: 5910.157: Total time for which application threads were stopped: 0.0001714 seconds, Stopping threads took: 0.0000458 seconds
2016-05-12T11:11:49.548+0100: 5910.208: Total time for which application threads were stopped: 0.0002487 seconds, Stopping threads took: 0.0000750 seconds
{Heap before GC invocations=36 (full 1):
 par new generation   total 109248K, used 87992K [0x00000000e0000000, 0x00000000e8000000, 0x00000000e8000000)
  eden space 87424K,  99% used [0x00000000e0000000, 0x00000000e54ce0a8, 0x00000000e5560000)
  from space 21824K,   5% used [0x00000000e5560000, 0x00000000e56801c0, 0x00000000e6ab0000)
  to   space 21824K,   0% used [0x00000000e6ab0000, 0x00000000e6ab0000, 0x00000000e8000000)
 concurrent mark-sweep generation total 393216K, used 24090K [0x00000000e8000000, 0x0000000100000000, 0x0000000100000000)
 Metaspace       used 35108K, capacity 35534K, committed 35940K, reserved 1081344K
  class space    used 3954K, capacity 4103K, committed 4196K, reserved 1048576K
2016-05-12T11:11:49.684+0100: 5910.344: [GC (Allocation Failure) 2016-05-12T11:11:49.684+0100: 5910.344: [ParNew
Desired survivor size 20112992 bytes, new threshold 8 (max 8)
- age   1:    2642464 bytes,    2642464 total
- age   2:      44696 bytes,    2687160 total
- age   3:      60832 bytes,    2747992 total
- age   4:      59392 bytes,    2807384 total
- age   5:       5984 bytes,    2813368 total
- age   6:      15888 bytes,    2829256 total
- age   7:       5280 bytes,    2834536 total
- age   8:       6624 bytes,    2841160 total
: 87992K->2831K(109248K), 0.0142327 secs] 112082K->26924K(502464K), 0.0144033 secs] [Times: user=0.03 sys=0.00, real=0.01 secs] 
Heap after GC invocations=37 (full 1):
 par new generation   total 109248K, used 2831K [0x00000000e0000000, 0x00000000e8000000, 0x00000000e8000000)
  eden space 87424K,   0% used [0x00000000e0000000, 0x00000000e0000000, 0x00000000e5560000)
  from space 21824K,  12% used [0x00000000e6ab0000, 0x00000000e6d73eb0, 0x00000000e8000000)
  to   space 21824K,   0% used [0x00000000e5560000, 0x00000000e5560000, 0x00000000e6ab0000)
 concurrent mark-sweep generation total 393216K, used 24092K [0x00000000e8000000, 0x0000000100000000, 0x0000000100000000)
 Metaspace       used 35108K, capacity 35534K, committed 35940K, reserved 1081344K
  class space    used 3954K, capacity 4103K, committed 4196K, reserved 1048576K
}
2016-05-12T11:11:49.699+0100: 5910.359: Total time for which application threads were stopped: 0.0148424 seconds, Stopping threads took: 0.0000608 seconds
2016-05-12T11:11:49.702+0100: 5910.362: Total time for which application threads were stopped: 0.0025427 seconds, Stopping threads took: 0.0023927 seconds
2016-05-12T11:11:49.703+0100: 5910.363: Total time for which application threads were stopped: 0.0009768 seconds, Stopping threads took: 0.0008931 seconds
2016-05-12T11:11:49.703+0100: 5910.363: Total time for which application threads were stopped: 0.0003988 seconds, Stopping threads took: 0.0000292 seconds
2016-05-12T11:11:49.895+0100: 5910.555: Total time for which application threads were stopped: 0.0002393 seconds, Stopping threads took: 0.0000505 seconds
2016-05-12T11:11:49.896+0100: 5910.556: Total time for which application threads were stopped: 0.0010037 seconds, Stopping threads took: 0.0009176 seconds
2016-05-12T11:11:49.898+0100: 5910.558: Total time for which application threads were stopped: 0.0001927 seconds, Stopping threads took: 0.0000576 seconds
2016-05-12T11:11:50.121+0100: 5910.781: Total time for which application threads were stopped: 0.0001548 seconds, Stopping threads took: 0.0000411 seconds
2016-05-12T11:11:50.122+0100: 5910.782: Total time for which application threads were stopped: 0.0001216 seconds, Stopping threads took: 0.0000379 seconds
2016-05-12T11:11:50.617+0100: 5911.276: Total time for which application threads were stopped: 0.0003988 seconds, Stopping threads took: 0.0002503 seconds
2016-05-12T11:11:50.617+0100: 5911.276: Total time for which application threads were stopped: 0.0003617 seconds, Stopping threads took: 0.0000884 seconds
2016-05-12T11:12:12.162+0100: 5932.821: Total time for which application threads were stopped: 0.0002085 seconds, Stopping threads took: 0.0000584 seconds
{Heap before GC invocations=37 (full 1):
 par new generation   total 109248K, used 89237K [0x00000000e0000000, 0x00000000e8000000, 0x00000000e8000000)
  eden space 87424K,  98% used [0x00000000e0000000, 0x00000000e54616a8, 0x00000000e5560000)
  from space 21824K,  12% used [0x00000000e6ab0000, 0x00000000e6d73eb0, 0x00000000e8000000)
  to   space 21824K,   0% used [0x00000000e5560000, 0x00000000e5560000, 0x00000000e6ab0000)
 concurrent mark-sweep generation total 393216K, used 24092K [0x00000000e8000000, 0x0000000100000000, 0x0000000100000000)
 Metaspace       used 35174K, capacity 35598K, committed 35940K, reserved 1081344K
  class space    used 3954K, capacity 4103K, committed 4196K, reserved 1048576K
2016-05-12T11:12:21.172+0100: 5941.831: [GC (Allocation Failure) 2016-05-12T11:12:21.172+0100: 5941.831: [ParNew
Desired survivor size 20112992 bytes, new threshold 8 (max 8)
- age   1:    3193160 bytes,    3193160 total
- age   2:      36104 bytes,    3229264 total
- age   3:       2336 bytes,    3231600 total
- age   4:        904 bytes,    3232504 total
- age   5:       2816 bytes,    3235320 total
- age   6:       5856 bytes,    3241176 total
- age   7:      15560 bytes,    3256736 total
- age   8:       5280 bytes,    3262016 total
: 89237K->3319K(109248K), 0.0125579 secs] 113330K->27419K(502464K), 0.0127458 secs] [Times: user=0.00 sys=0.00, real=0.01 secs] 
Heap after GC invocations=38 (full 1):
 par new generation   total 109248K, used 3319K [0x00000000e0000000, 0x00000000e8000000, 0x00000000e8000000)
  eden space 87424K,   0% used [0x00000000e0000000, 0x00000000e0000000, 0x00000000e5560000)
  from space 21824K,  15% used [0x00000000e5560000, 0x00000000e589dfc0, 0x00000000e6ab0000)
  to   space 21824K,   0% used [0x00000000e6ab0000, 0x00000000e6ab0000, 0x00000000e8000000)
 concurrent mark-sweep generation total 393216K, used 24099K [0x00000000e8000000, 0x0000000100000000, 0x0000000100000000)
 Metaspace       used 35174K, capacity 35598K, committed 35940K, reserved 1081344K
  class space    used 3954K, capacity 4103K, committed 4196K, reserved 1048576K
}
2016-05-12T11:12:21.185+0100: 5941.844: Total time for which application threads were stopped: 0.0132204 seconds, Stopping threads took: 0.0000703 seconds
2016-05-12T11:12:22.200+0100: 5942.860: Total time for which application threads were stopped: 0.0001943 seconds, Stopping threads took: 0.0000600 seconds
2016-05-12T11:12:22.200+0100: 5942.860: Total time for which application threads were stopped: 0.0000900 seconds, Stopping threads took: 0.0000268 seconds
2016-05-12T11:12:22.201+0100: 5942.861: Total time for which application threads were stopped: 0.0001027 seconds, Stopping threads took: 0.0000300 seconds
2016-05-12T11:12:23.201+0100: 5943.860: Total time for which application threads were stopped: 0.0001650 seconds, Stopping threads took: 0.0000529 seconds
2016-05-12T11:13:30.075+0100: 6010.736: Total time for which application threads were stopped: 0.0001950 seconds, Stopping threads took: 0.0000569 seconds
2016-05-12T11:14:01.055+0100: 6041.714: Total time for which application threads were stopped: 0.0002132 seconds, Stopping threads took: 0.0000569 seconds
2016-05-12T11:14:20.146+0100: 6060.808: Total time for which application threads were stopped: 0.0001832 seconds, Stopping threads took: 0.0000584 seconds
2016-05-12T11:14:20.146+0100: 6060.808: Total time for which application threads were stopped: 0.0000892 seconds, Stopping threads took: 0.0000276 seconds
2016-05-12T11:14:20.150+0100: 6060.812: Total time for which application threads were stopped: 0.0006909 seconds, Stopping threads took: 0.0005614 seconds
2016-05-12T11:14:20.886+0100: 6061.547: Total time for which application threads were stopped: 0.0003238 seconds, Stopping threads took: 0.0000458 seconds
2016-05-12T11:14:20.887+0100: 6061.548: Total time for which application threads were stopped: 0.0003775 seconds, Stopping threads took: 0.0002993 seconds
2016-05-12T11:14:21.770+0100: 6062.431: Total time for which application threads were stopped: 0.0001761 seconds, Stopping threads took: 0.0000537 seconds
2016-05-12T11:14:21.771+0100: 6062.432: Total time for which application threads were stopped: 0.0001216 seconds, Stopping threads took: 0.0000261 seconds
2016-05-12T11:14:22.771+0100: 6063.432: Total time for which application threads were stopped: 0.0001453 seconds, Stopping threads took: 0.0000450 seconds
2016-05-12T11:14:23.771+0100: 6064.432: Total time for which application threads were stopped: 0.0001706 seconds, Stopping threads took: 0.0000458 seconds
2016-05-12T11:14:24.774+0100: 6065.435: Total time for which application threads were stopped: 0.0002132 seconds, Stopping threads took: 0.0000584 seconds
2016-05-12T11:14:27.774+0100: 6068.435: Total time for which application threads were stopped: 0.0001729 seconds, Stopping threads took: 0.0000592 seconds
2016-05-12T11:14:30.774+0100: 6071.435: Total time for which application threads were stopped: 0.0001603 seconds, Stopping threads took: 0.0000529 seconds
2016-05-12T11:14:31.774+0100: 6072.435: Total time for which application threads were stopped: 0.0001627 seconds, Stopping threads took: 0.0000458 seconds
2016-05-12T11:14:32.774+0100: 6073.435: Total time for which application threads were stopped: 0.0001508 seconds, Stopping threads took: 0.0000482 seconds
2016-05-12T11:14:39.775+0100: 6080.436: Total time for which application threads were stopped: 0.0001571 seconds, Stopping threads took: 0.0000466 seconds
2016-05-12T11:14:41.391+0100: 6082.053: Total time for which application threads were stopped: 0.0001927 seconds, Stopping threads took: 0.0000529 seconds
2016-05-12T11:14:41.459+0100: 6082.120: Total time for which application threads were stopped: 0.0002835 seconds, Stopping threads took: 0.0001421 seconds
2016-05-12T11:14:41.481+0100: 6082.143: Total time for which application threads were stopped: 0.0002195 seconds, Stopping threads took: 0.0000569 seconds
2016-05-12T11:14:41.535+0100: 6082.196: Total time for which application threads were stopped: 0.0001793 seconds, Stopping threads took: 0.0000505 seconds
2016-05-12T11:14:41.571+0100: 6082.232: Total time for which application threads were stopped: 0.0010392 seconds, Stopping threads took: 0.0000466 seconds
2016-05-12T11:14:41.583+0100: 6082.244: Total time for which application threads were stopped: 0.0001864 seconds, Stopping threads took: 0.0000608 seconds
2016-05-12T11:14:41.611+0100: 6082.272: Total time for which application threads were stopped: 0.0001816 seconds, Stopping threads took: 0.0000521 seconds
2016-05-12T11:14:41.612+0100: 6082.273: Total time for which application threads were stopped: 0.0001271 seconds, Stopping threads took: 0.0000411 seconds
2016-05-12T11:14:43.612+0100: 6084.273: Total time for which application threads were stopped: 0.0001990 seconds, Stopping threads took: 0.0000679 seconds
2016-05-12T11:14:44.612+0100: 6085.273: Total time for which application threads were stopped: 0.0001982 seconds, Stopping threads took: 0.0000505 seconds
{Heap before GC invocations=38 (full 1):
 par new generation   total 109248K, used 90696K [0x00000000e0000000, 0x00000000e8000000, 0x00000000e8000000)
  eden space 87424K,  99% used [0x00000000e0000000, 0x00000000e55542d0, 0x00000000e5560000)
  from space 21824K,  15% used [0x00000000e5560000, 0x00000000e589dfc0, 0x00000000e6ab0000)
  to   space 21824K,   0% used [0x00000000e6ab0000, 0x00000000e6ab0000, 0x00000000e8000000)
 concurrent mark-sweep generation total 393216K, used 24099K [0x00000000e8000000, 0x0000000100000000, 0x0000000100000000)
 Metaspace       used 35499K, capacity 35886K, committed 36196K, reserved 1081344K
  class space    used 3989K, capacity 4135K, committed 4196K, reserved 1048576K
2016-05-12T11:14:44.922+0100: 6085.583: [GC (Allocation Failure) 2016-05-12T11:14:44.922+0100: 6085.583: [ParNew
Desired survivor size 20112992 bytes, new threshold 8 (max 8)
- age   1:     621424 bytes,     621424 total
- age   2:      60488 bytes,     681912 total
- age   3:       9976 bytes,     691888 total
- age   4:       2184 bytes,     694072 total
- age   5:        672 bytes,     694744 total
- age   6:       2368 bytes,     697112 total
- age   7:       5856 bytes,     702968 total
- age   8:      15480 bytes,     718448 total
: 90696K->804K(109248K), 0.0157197 secs] 114795K->24908K(502464K), 0.0159005 secs] [Times: user=0.03 sys=0.00, real=0.02 secs] 
Heap after GC invocations=39 (full 1):
 par new generation   total 109248K, used 804K [0x00000000e0000000, 0x00000000e8000000, 0x00000000e8000000)
  eden space 87424K,   0% used [0x00000000e0000000, 0x00000000e0000000, 0x00000000e5560000)
  from space 21824K,   3% used [0x00000000e6ab0000, 0x00000000e6b79090, 0x00000000e8000000)
  to   space 21824K,   0% used [0x00000000e5560000, 0x00000000e5560000, 0x00000000e6ab0000)
 concurrent mark-sweep generation total 393216K, used 24104K [0x00000000e8000000, 0x0000000100000000, 0x0000000100000000)
 Metaspace       used 35499K, capacity 35886K, committed 36196K, reserved 1081344K
  class space    used 3989K, capacity 4135K, committed 4196K, reserved 1048576K
}
2016-05-12T11:14:44.938+0100: 6085.599: Total time for which application threads were stopped: 0.0163853 seconds, Stopping threads took: 0.0000719 seconds
2016-05-12T11:14:44.938+0100: 6085.599: Total time for which application threads were stopped: 0.0001548 seconds, Stopping threads took: 0.0000497 seconds
2016-05-12T11:14:44.938+0100: 6085.599: Total time for which application threads were stopped: 0.0000924 seconds, Stopping threads took: 0.0000284 seconds
2016-05-12T11:14:44.938+0100: 6085.600: Total time for which application threads were stopped: 0.0000900 seconds, Stopping threads took: 0.0000284 seconds
2016-05-12T11:14:44.938+0100: 6085.600: Total time for which application threads were stopped: 0.0000884 seconds, Stopping threads took: 0.0000276 seconds
2016-05-12T11:14:44.939+0100: 6085.600: Total time for which application threads were stopped: 0.0000892 seconds, Stopping threads took: 0.0000284 seconds
2016-05-12T11:14:44.939+0100: 6085.600: Total time for which application threads were stopped: 0.0000884 seconds, Stopping threads took: 0.0000276 seconds
2016-05-12T11:14:44.939+0100: 6085.600: Total time for which application threads were stopped: 0.0000853 seconds, Stopping threads took: 0.0000253 seconds
2016-05-12T11:14:44.939+0100: 6085.600: Total time for which application threads were stopped: 0.0000861 seconds, Stopping threads took: 0.0000261 seconds
2016-05-12T11:14:44.939+0100: 6085.600: Total time for which application threads were stopped: 0.0000955 seconds, Stopping threads took: 0.0000253 seconds
2016-05-12T11:14:44.939+0100: 6085.601: Total time for which application threads were stopped: 0.0000861 seconds, Stopping threads took: 0.0000253 seconds
2016-05-12T11:14:44.939+0100: 6085.601: Total time for which application threads were stopped: 0.0000853 seconds, Stopping threads took: 0.0000253 seconds
2016-05-12T11:14:44.940+0100: 6085.601: Total time for which application threads were stopped: 0.0001540 seconds, Stopping threads took: 0.0000877 seconds
2016-05-12T11:14:44.940+0100: 6085.601: Total time for which application threads were stopped: 0.0001129 seconds, Stopping threads took: 0.0000434 seconds
2016-05-12T11:14:44.940+0100: 6085.601: Total time for which application threads were stopped: 0.0001271 seconds, Stopping threads took: 0.0000640 seconds
2016-05-12T11:14:44.940+0100: 6085.601: Total time for which application threads were stopped: 0.0001066 seconds, Stopping threads took: 0.0000434 seconds
2016-05-12T11:14:44.940+0100: 6085.602: Total time for which application threads were stopped: 0.0001137 seconds, Stopping threads took: 0.0000450 seconds
2016-05-12T11:14:44.941+0100: 6085.602: Total time for which application threads were stopped: 0.0001390 seconds, Stopping threads took: 0.0000592 seconds
2016-05-12T11:14:44.941+0100: 6085.602: Total time for which application threads were stopped: 0.0000948 seconds, Stopping threads took: 0.0000261 seconds
2016-05-12T11:14:44.941+0100: 6085.602: Total time for which application threads were stopped: 0.0003040 seconds, Stopping threads took: 0.0000426 seconds
2016-05-12T11:14:45.941+0100: 6086.602: Total time for which application threads were stopped: 0.0001611 seconds, Stopping threads took: 0.0000521 seconds
2016-05-12T11:14:50.941+0100: 6091.602: Total time for which application threads were stopped: 0.0002140 seconds, Stopping threads took: 0.0000537 seconds
2016-05-12T11:15:05.952+0100: 6106.613: Total time for which application threads were stopped: 0.0002093 seconds, Stopping threads took: 0.0000545 seconds
2016-05-12T11:15:10.565+0100: 6111.227: Total time for which application threads were stopped: 0.0001690 seconds, Stopping threads took: 0.0000474 seconds
2016-05-12T11:15:10.565+0100: 6111.227: Total time for which application threads were stopped: 0.0000924 seconds, Stopping threads took: 0.0000221 seconds
2016-05-12T11:15:12.565+0100: 6113.227: Total time for which application threads were stopped: 0.0006428 seconds, Stopping threads took: 0.0005180 seconds
2016-05-12T11:15:13.566+0100: 6114.227: Total time for which application threads were stopped: 0.0001492 seconds, Stopping threads took: 0.0000458 seconds
2016-05-12T11:15:14.566+0100: 6115.227: Total time for which application threads were stopped: 0.0001769 seconds, Stopping threads took: 0.0000553 seconds
2016-05-12T11:15:15.567+0100: 6116.229: Total time for which application threads were stopped: 0.0002022 seconds, Stopping threads took: 0.0000537 seconds
{Heap before GC invocations=39 (full 1):
 par new generation   total 109248K, used 88228K [0x00000000e0000000, 0x00000000e8000000, 0x00000000e8000000)
  eden space 87424K, 100% used [0x00000000e0000000, 0x00000000e5560000, 0x00000000e5560000)
  from space 21824K,   3% used [0x00000000e6ab0000, 0x00000000e6b79090, 0x00000000e8000000)
  to   space 21824K,   0% used [0x00000000e5560000, 0x00000000e5560000, 0x00000000e6ab0000)
 concurrent mark-sweep generation total 393216K, used 24104K [0x00000000e8000000, 0x0000000100000000, 0x0000000100000000)
 Metaspace       used 35606K, capacity 36046K, committed 36452K, reserved 1081344K
  class space    used 3998K, capacity 4167K, committed 4196K, reserved 1048576K
2016-05-12T11:15:15.716+0100: 6116.377: [GC (Allocation Failure) 2016-05-12T11:15:15.716+0100: 6116.377: [ParNew
Desired survivor size 20112992 bytes, new threshold 8 (max 8)
- age   1:     534128 bytes,     534128 total
- age   2:      70720 bytes,     604848 total
- age   3:      60272 bytes,     665120 total
- age   4:       9976 bytes,     675096 total
- age   5:       2184 bytes,     677280 total
- age   6:        672 bytes,     677952 total
- age   7:       2368 bytes,     680320 total
- age   8:       5712 bytes,     686032 total
: 88228K->1011K(109248K), 0.0127016 secs] 112332K->25130K(502464K), 0.0128445 secs] [Times: user=0.03 sys=0.00, real=0.01 secs] 
Heap after GC invocations=40 (full 1):
 par new generation   total 109248K, used 1011K [0x00000000e0000000, 0x00000000e8000000, 0x00000000e8000000)
  eden space 87424K,   0% used [0x00000000e0000000, 0x00000000e0000000, 0x00000000e5560000)
  from space 21824K,   4% used [0x00000000e5560000, 0x00000000e565cc90, 0x00000000e6ab0000)
  to   space 21824K,   0% used [0x00000000e6ab0000, 0x00000000e6ab0000, 0x00000000e8000000)
 concurrent mark-sweep generation total 393216K, used 24119K [0x00000000e8000000, 0x0000000100000000, 0x0000000100000000)
 Metaspace       used 35606K, capacity 36046K, committed 36452K, reserved 1081344K
  class space    used 3998K, capacity 4167K, committed 4196K, reserved 1048576K
}
2016-05-12T11:15:15.729+0100: 6116.390: Total time for which application threads were stopped: 0.0132512 seconds, Stopping threads took: 0.0000426 seconds
2016-05-12T11:15:15.730+0100: 6116.391: Total time for which application threads were stopped: 0.0001785 seconds, Stopping threads took: 0.0000616 seconds
2016-05-12T11:15:15.730+0100: 6116.391: Total time for which application threads were stopped: 0.0001106 seconds, Stopping threads took: 0.0000355 seconds
2016-05-12T11:15:15.730+0100: 6116.391: Total time for which application threads were stopped: 0.0001335 seconds, Stopping threads took: 0.0000616 seconds
2016-05-12T11:15:15.730+0100: 6116.392: Total time for which application threads were stopped: 0.0001121 seconds, Stopping threads took: 0.0000466 seconds
2016-05-12T11:15:15.731+0100: 6116.392: Total time for which application threads were stopped: 0.0001366 seconds, Stopping threads took: 0.0000703 seconds
2016-05-12T11:15:15.731+0100: 6116.392: Total time for which application threads were stopped: 0.0001153 seconds, Stopping threads took: 0.0000513 seconds
2016-05-12T11:15:15.731+0100: 6116.392: Total time for which application threads were stopped: 0.0001208 seconds, Stopping threads took: 0.0000545 seconds
2016-05-12T11:15:15.731+0100: 6116.392: Total time for which application threads were stopped: 0.0001074 seconds, Stopping threads took: 0.0000419 seconds
2016-05-12T11:15:15.731+0100: 6116.392: Total time for which application threads were stopped: 0.0001303 seconds, Stopping threads took: 0.0000679 seconds
2016-05-12T11:15:15.731+0100: 6116.393: Total time for which application threads were stopped: 0.0001287 seconds, Stopping threads took: 0.0000426 seconds
2016-05-12T11:15:15.732+0100: 6116.393: Total time for which application threads were stopped: 0.0000869 seconds, Stopping threads took: 0.0000229 seconds
2016-05-12T11:15:15.732+0100: 6116.393: Total time for which application threads were stopped: 0.0001113 seconds, Stopping threads took: 0.0000426 seconds
2016-05-12T11:15:15.732+0100: 6116.393: Total time for which application threads were stopped: 0.0001279 seconds, Stopping threads took: 0.0000655 seconds
2016-05-12T11:15:15.732+0100: 6116.393: Total time for which application threads were stopped: 0.0001287 seconds, Stopping threads took: 0.0000671 seconds
2016-05-12T11:15:15.732+0100: 6116.393: Total time for which application threads were stopped: 0.0001121 seconds, Stopping threads took: 0.0000490 seconds
2016-05-12T11:15:15.733+0100: 6116.394: Total time for which application threads were stopped: 0.0001445 seconds, Stopping threads took: 0.0000584 seconds
2016-05-12T11:15:15.733+0100: 6116.394: Total time for which application threads were stopped: 0.0001216 seconds, Stopping threads took: 0.0000584 seconds
2016-05-12T11:15:15.733+0100: 6116.394: Total time for which application threads were stopped: 0.0001382 seconds, Stopping threads took: 0.0000450 seconds
2016-05-12T11:15:15.733+0100: 6116.394: Total time for which application threads were stopped: 0.0001256 seconds, Stopping threads took: 0.0000640 seconds
2016-05-12T11:15:15.733+0100: 6116.395: Total time for which application threads were stopped: 0.0002764 seconds, Stopping threads took: 0.0000600 seconds
2016-05-12T11:15:17.734+0100: 6118.395: Total time for which application threads were stopped: 0.0001666 seconds, Stopping threads took: 0.0000537 seconds
2016-05-12T11:15:35.735+0100: 6136.396: Total time for which application threads were stopped: 0.0001461 seconds, Stopping threads took: 0.0000458 seconds
2016-05-12T11:15:41.735+0100: 6142.396: Total time for which application threads were stopped: 0.0001658 seconds, Stopping threads took: 0.0000513 seconds
2016-05-12T11:15:52.736+0100: 6153.397: Total time for which application threads were stopped: 0.0001911 seconds, Stopping threads took: 0.0000482 seconds
2016-05-12T11:17:41.107+0100: 6261.772: Total time for which application threads were stopped: 0.0002093 seconds, Stopping threads took: 0.0000624 seconds
2016-05-12T11:17:41.107+0100: 6261.773: Total time for which application threads were stopped: 0.0000932 seconds, Stopping threads took: 0.0000276 seconds
2016-05-12T11:17:41.107+0100: 6261.773: Total time for which application threads were stopped: 0.0000861 seconds, Stopping threads took: 0.0000268 seconds
2016-05-12T11:17:41.109+0100: 6261.774: Total time for which application threads were stopped: 0.0001319 seconds, Stopping threads took: 0.0000276 seconds
2016-05-12T11:17:41.110+0100: 6261.775: Total time for which application threads were stopped: 0.0001058 seconds, Stopping threads took: 0.0000261 seconds
2016-05-12T11:17:41.179+0100: 6261.844: Total time for which application threads were stopped: 0.0001856 seconds, Stopping threads took: 0.0000482 seconds
2016-05-12T11:17:41.179+0100: 6261.844: Total time for which application threads were stopped: 0.0000971 seconds, Stopping threads took: 0.0000308 seconds
2016-05-12T11:17:41.180+0100: 6261.845: Total time for which application threads were stopped: 0.0001406 seconds, Stopping threads took: 0.0000355 seconds
2016-05-12T11:17:41.181+0100: 6261.846: Total time for which application threads were stopped: 0.0001516 seconds, Stopping threads took: 0.0000419 seconds
2016-05-12T11:17:41.181+0100: 6261.847: Total time for which application threads were stopped: 0.0000916 seconds, Stopping threads took: 0.0000213 seconds
2016-05-12T11:17:41.182+0100: 6261.848: Total time for which application threads were stopped: 0.0001548 seconds, Stopping threads took: 0.0000482 seconds
2016-05-12T11:17:41.211+0100: 6261.876: Total time for which application threads were stopped: 0.0005622 seconds, Stopping threads took: 0.0000663 seconds
2016-05-12T11:17:41.235+0100: 6261.901: Total time for which application threads were stopped: 0.0002124 seconds, Stopping threads took: 0.0000671 seconds
2016-05-12T11:17:41.237+0100: 6261.902: Total time for which application threads were stopped: 0.0001469 seconds, Stopping threads took: 0.0000529 seconds
2016-05-12T11:17:41.238+0100: 6261.903: Total time for which application threads were stopped: 0.0001374 seconds, Stopping threads took: 0.0000458 seconds
{Heap before GC invocations=40 (full 1):
 par new generation   total 109248K, used 88435K [0x00000000e0000000, 0x00000000e8000000, 0x00000000e8000000)
  eden space 87424K, 100% used [0x00000000e0000000, 0x00000000e5560000, 0x00000000e5560000)
  from space 21824K,   4% used [0x00000000e5560000, 0x00000000e565cc90, 0x00000000e6ab0000)
  to   space 21824K,   0% used [0x00000000e6ab0000, 0x00000000e6ab0000, 0x00000000e8000000)
 concurrent mark-sweep generation total 393216K, used 24119K [0x00000000e8000000, 0x0000000100000000, 0x0000000100000000)
 Metaspace       used 35641K, capacity 36046K, committed 36452K, reserved 1081344K
  class space    used 3998K, capacity 4167K, committed 4196K, reserved 1048576K
2016-05-12T11:17:41.547+0100: 6262.212: [GC (Allocation Failure) 2016-05-12T11:17:41.547+0100: 6262.212: [ParNew
Desired survivor size 20112992 bytes, new threshold 8 (max 8)
- age   1:    9295640 bytes,    9295640 total
- age   2:      14472 bytes,    9310112 total
- age   3:      58640 bytes,    9368752 total
- age   4:      59816 bytes,    9428568 total
- age   5:       8800 bytes,    9437368 total
- age   6:       2184 bytes,    9439552 total
- age   7:        672 bytes,    9440224 total
- age   8:       2040 bytes,    9442264 total
: 88435K->9390K(109248K), 0.0214083 secs] 112554K->33515K(502464K), 0.0215805 secs] [Times: user=0.05 sys=0.00, real=0.02 secs] 
Heap after GC invocations=41 (full 1):
 par new generation   total 109248K, used 9390K [0x00000000e0000000, 0x00000000e8000000, 0x00000000e8000000)
  eden space 87424K,   0% used [0x00000000e0000000, 0x00000000e0000000, 0x00000000e5560000)
  from space 21824K,  43% used [0x00000000e6ab0000, 0x00000000e73db838, 0x00000000e8000000)
  to   space 21824K,   0% used [0x00000000e5560000, 0x00000000e5560000, 0x00000000e6ab0000)
 concurrent mark-sweep generation total 393216K, used 24125K [0x00000000e8000000, 0x0000000100000000, 0x0000000100000000)
 Metaspace       used 35641K, capacity 36046K, committed 36452K, reserved 1081344K
  class space    used 3998K, capacity 4167K, committed 4196K, reserved 1048576K
}
2016-05-12T11:17:41.568+0100: 6262.234: Total time for which application threads were stopped: 0.0220369 seconds, Stopping threads took: 0.0000640 seconds
2016-05-12T11:17:41.570+0100: 6262.236: Total time for which application threads were stopped: 0.0016883 seconds, Stopping threads took: 0.0000419 seconds
2016-05-12T11:17:41.573+0100: 6262.238: Total time for which application threads were stopped: 0.0019718 seconds, Stopping threads took: 0.0018415 seconds
2016-05-12T11:17:41.573+0100: 6262.238: Total time for which application threads were stopped: 0.0000963 seconds, Stopping threads took: 0.0000316 seconds
2016-05-12T11:17:41.573+0100: 6262.238: Total time for which application threads were stopped: 0.0000908 seconds, Stopping threads took: 0.0000261 seconds
2016-05-12T11:17:41.573+0100: 6262.238: Total time for which application threads were stopped: 0.0000900 seconds, Stopping threads took: 0.0000261 seconds
2016-05-12T11:17:42.573+0100: 6263.238: Total time for which application threads were stopped: 0.0001864 seconds, Stopping threads took: 0.0000466 seconds
{Heap before GC invocations=41 (full 1):
 par new generation   total 109248K, used 96814K [0x00000000e0000000, 0x00000000e8000000, 0x00000000e8000000)
  eden space 87424K, 100% used [0x00000000e0000000, 0x00000000e5560000, 0x00000000e5560000)
  from space 21824K,  43% used [0x00000000e6ab0000, 0x00000000e73db838, 0x00000000e8000000)
  to   space 21824K,   0% used [0x00000000e5560000, 0x00000000e5560000, 0x00000000e6ab0000)
 concurrent mark-sweep generation total 393216K, used 24125K [0x00000000e8000000, 0x0000000100000000, 0x0000000100000000)
 Metaspace       used 35650K, capacity 36110K, committed 36452K, reserved 1081344K
  class space    used 3998K, capacity 4167K, committed 4196K, reserved 1048576K
2016-05-12T11:17:42.639+0100: 6263.305: [GC (Allocation Failure) 2016-05-12T11:17:42.639+0100: 6263.305: [ParNew
Desired survivor size 20112992 bytes, new threshold 8 (max 8)
- age   1:    7417272 bytes,    7417272 total
- age   2:    2096512 bytes,    9513784 total
- age   3:      11016 bytes,    9524800 total
- age   4:      58640 bytes,    9583440 total
- age   5:      59792 bytes,    9643232 total
- age   6:       8800 bytes,    9652032 total
- age   7:       2184 bytes,    9654216 total
- age   8:        672 bytes,    9654888 total
: 96814K->9881K(109248K), 0.0271294 secs] 120939K->34008K(502464K), 0.0272889 secs] [Times: user=0.03 sys=0.00, real=0.03 secs] 
Heap after GC invocations=42 (full 1):
 par new generation   total 109248K, used 9881K [0x00000000e0000000, 0x00000000e8000000, 0x00000000e8000000)
  eden space 87424K,   0% used [0x00000000e0000000, 0x00000000e0000000, 0x00000000e5560000)
  from space 21824K,  45% used [0x00000000e5560000, 0x00000000e5f066d0, 0x00000000e6ab0000)
  to   space 21824K,   0% used [0x00000000e6ab0000, 0x00000000e6ab0000, 0x00000000e8000000)
 concurrent mark-sweep generation total 393216K, used 24127K [0x00000000e8000000, 0x0000000100000000, 0x0000000100000000)
 Metaspace       used 35650K, capacity 36110K, committed 36452K, reserved 1081344K
  class space    used 3998K, capacity 4167K, committed 4196K, reserved 1048576K
}
2016-05-12T11:17:42.667+0100: 6263.332: Total time for which application threads were stopped: 0.0277193 seconds, Stopping threads took: 0.0000561 seconds
{Heap before GC invocations=42 (full 1):
 par new generation   total 109248K, used 97305K [0x00000000e0000000, 0x00000000e8000000, 0x00000000e8000000)
  eden space 87424K,  99% used [0x00000000e0000000, 0x00000000e555ff18, 0x00000000e5560000)
  from space 21824K,  45% used [0x00000000e5560000, 0x00000000e5f066d0, 0x00000000e6ab0000)
  to   space 21824K,   0% used [0x00000000e6ab0000, 0x00000000e6ab0000, 0x00000000e8000000)
 concurrent mark-sweep generation total 393216K, used 24127K [0x00000000e8000000, 0x0000000100000000, 0x0000000100000000)
 Metaspace       used 35654K, capacity 36110K, committed 36452K, reserved 1081344K
  class space    used 3998K, capacity 4167K, committed 4196K, reserved 1048576K
2016-05-12T11:17:43.271+0100: 6263.937: [GC (Allocation Failure) 2016-05-12T11:17:43.271+0100: 6263.937: [ParNew
Desired survivor size 20112992 bytes, new threshold 3 (max 8)
- age   1:   13167992 bytes,   13167992 total
- age   2:    5740288 bytes,   18908280 total
- age   3:    2086024 bytes,   20994304 total
- age   4:      11016 bytes,   21005320 total
- age   5:      58640 bytes,   21063960 total
- age   6:      59792 bytes,   21123752 total
- age   7:       8800 bytes,   21132552 total
- age   8:       2184 bytes,   21134736 total
: 97305K->21824K(109248K), 0.0632387 secs] 121432K->48767K(502464K), 0.0636130 secs] [Times: user=0.06 sys=0.00, real=0.06 secs] 
Heap after GC invocations=43 (full 1):
 par new generation   total 109248K, used 21824K [0x00000000e0000000, 0x00000000e8000000, 0x00000000e8000000)
  eden space 87424K,   0% used [0x00000000e0000000, 0x00000000e0000000, 0x00000000e5560000)
  from space 21824K, 100% used [0x00000000e6ab0000, 0x00000000e8000000, 0x00000000e8000000)
  to   space 21824K,   0% used [0x00000000e5560000, 0x00000000e5560000, 0x00000000e6ab0000)
 concurrent mark-sweep generation total 393216K, used 26943K [0x00000000e8000000, 0x0000000100000000, 0x0000000100000000)
 Metaspace       used 35654K, capacity 36110K, committed 36452K, reserved 1081344K
  class space    used 3998K, capacity 4167K, committed 4196K, reserved 1048576K
}
2016-05-12T11:17:43.335+0100: 6264.000: Total time for which application threads were stopped: 0.0668269 seconds, Stopping threads took: 0.0028112 seconds
2016-05-12T11:17:43.525+0100: 6264.191: Total time for which application threads were stopped: 0.0001943 seconds, Stopping threads took: 0.0000513 seconds
{Heap before GC invocations=43 (full 1):
 par new generation   total 109248K, used 105059K [0x00000000e0000000, 0x00000000e8000000, 0x00000000e8000000)
  eden space 87424K,  95% used [0x00000000e0000000, 0x00000000e5148d30, 0x00000000e5560000)
  from space 21824K, 100% used [0x00000000e6ab0000, 0x00000000e8000000, 0x00000000e8000000)
  to   space 21824K,   0% used [0x00000000e5560000, 0x00000000e5560000, 0x00000000e6ab0000)
 concurrent mark-sweep generation total 393216K, used 26943K [0x00000000e8000000, 0x0000000100000000, 0x0000000100000000)
 Metaspace       used 35672K, capacity 36110K, committed 36452K, reserved 1081344K
  class space    used 3998K, capacity 4167K, committed 4196K, reserved 1048576K
2016-05-12T11:17:43.959+0100: 6264.624: [GC (Allocation Failure) 2016-05-12T11:17:43.959+0100: 6264.624: [ParNew
Desired survivor size 20112992 bytes, new threshold 3 (max 8)
- age   1:   14583936 bytes,   14583936 total
- age   2:    1712376 bytes,   16296312 total
- age   3:    4210040 bytes,   20506352 total
: 105059K->21824K(109248K), 0.0604228 secs] 132002K->53178K(502464K), 0.0605752 secs] [Times: user=0.03 sys=0.00, real=0.06 secs] 
Heap after GC invocations=44 (full 1):
 par new generation   total 109248K, used 21824K [0x00000000e0000000, 0x00000000e8000000, 0x00000000e8000000)
  eden space 87424K,   0% used [0x00000000e0000000, 0x00000000e0000000, 0x00000000e5560000)
  from space 21824K, 100% used [0x00000000e5560000, 0x00000000e6ab0000, 0x00000000e6ab0000)
  to   space 21824K,   0% used [0x00000000e6ab0000, 0x00000000e6ab0000, 0x00000000e8000000)
 concurrent mark-sweep generation total 393216K, used 31354K [0x00000000e8000000, 0x0000000100000000, 0x0000000100000000)
 Metaspace       used 35672K, capacity 36110K, committed 36452K, reserved 1081344K
  class space    used 3998K, capacity 4167K, committed 4196K, reserved 1048576K
}
2016-05-12T11:17:44.020+0100: 6264.685: Total time for which application threads were stopped: 0.0610387 seconds, Stopping threads took: 0.0000624 seconds
{Heap before GC invocations=44 (full 1):
 par new generation   total 109248K, used 109248K [0x00000000e0000000, 0x00000000e8000000, 0x00000000e8000000)
  eden space 87424K, 100% used [0x00000000e0000000, 0x00000000e5560000, 0x00000000e5560000)
  from space 21824K, 100% used [0x00000000e5560000, 0x00000000e6ab0000, 0x00000000e6ab0000)
  to   space 21824K,   0% used [0x00000000e6ab0000, 0x00000000e6ab0000, 0x00000000e8000000)
 concurrent mark-sweep generation total 393216K, used 31354K [0x00000000e8000000, 0x0000000100000000, 0x0000000100000000)
 Metaspace       used 35672K, capacity 36110K, committed 36452K, reserved 1081344K
  class space    used 3998K, capacity 4167K, committed 4196K, reserved 1048576K
2016-05-12T11:17:44.549+0100: 6265.215: [GC (Allocation Failure) 2016-05-12T11:17:44.549+0100: 6265.215: [ParNew
Desired survivor size 20112992 bytes, new threshold 8 (max 8)
- age   1:   10092136 bytes,   10092136 total
- age   2:    7802384 bytes,   17894520 total
- age   3:    1710096 bytes,   19604616 total
: 109248K->21824K(109248K), 0.1797555 secs] 140602K->70017K(502464K), 0.1799165 secs] [Times: user=0.06 sys=0.00, real=0.18 secs] 
Heap after GC invocations=45 (full 1):
 par new generation   total 109248K, used 21824K [0x00000000e0000000, 0x00000000e8000000, 0x00000000e8000000)
  eden space 87424K,   0% used [0x00000000e0000000, 0x00000000e0000000, 0x00000000e5560000)
  from space 21824K, 100% used [0x00000000e6ab0000, 0x00000000e8000000, 0x00000000e8000000)
  to   space 21824K,   0% used [0x00000000e5560000, 0x00000000e5560000, 0x00000000e6ab0000)
 concurrent mark-sweep generation total 393216K, used 48193K [0x00000000e8000000, 0x0000000100000000, 0x0000000100000000)
 Metaspace       used 35672K, capacity 36110K, committed 36452K, reserved 1081344K
  class space    used 3998K, capacity 4167K, committed 4196K, reserved 1048576K
}
2016-05-12T11:17:44.729+0100: 6265.395: Total time for which application threads were stopped: 0.1862851 seconds, Stopping threads took: 0.0059595 seconds
{Heap before GC invocations=45 (full 1):
 par new generation   total 109248K, used 109240K [0x00000000e0000000, 0x00000000e8000000, 0x00000000e8000000)
  eden space 87424K,  99% used [0x00000000e0000000, 0x00000000e555e178, 0x00000000e5560000)
  from space 21824K, 100% used [0x00000000e6ab0000, 0x00000000e8000000, 0x00000000e8000000)
  to   space 21824K,   0% used [0x00000000e5560000, 0x00000000e5560000, 0x00000000e6ab0000)
 concurrent mark-sweep generation total 393216K, used 48193K [0x00000000e8000000, 0x0000000100000000, 0x0000000100000000)
 Metaspace       used 35674K, capacity 36110K, committed 36452K, reserved 1081344K
  class space    used 3998K, capacity 4167K, committed 4196K, reserved 1048576K
2016-05-12T11:17:45.549+0100: 6266.214: [GC (Allocation Failure) 2016-05-12T11:17:45.549+0100: 6266.214: [ParNew
Desired survivor size 20112992 bytes, new threshold 4 (max 8)
- age   1:    8476088 bytes,    8476088 total
- age   2:    3302944 bytes,   11779032 total
- age   3:    7798608 bytes,   19577640 total
- age   4:    1653864 bytes,   21231504 total
: 109240K->21824K(109248K), 0.0821052 secs] 157433K->73146K(502464K), 0.0822583 secs] [Times: user=0.11 sys=0.00, real=0.08 secs] 
Heap after GC invocations=46 (full 1):
 par new generation   total 109248K, used 21824K [0x00000000e0000000, 0x00000000e8000000, 0x00000000e8000000)
  eden space 87424K,   0% used [0x00000000e0000000, 0x00000000e0000000, 0x00000000e5560000)
  from space 21824K, 100% used [0x00000000e5560000, 0x00000000e6ab0000, 0x00000000e6ab0000)
  to   space 21824K,   0% used [0x00000000e6ab0000, 0x00000000e6ab0000, 0x00000000e8000000)
 concurrent mark-sweep generation total 393216K, used 51322K [0x00000000e8000000, 0x0000000100000000, 0x0000000100000000)
 Metaspace       used 35674K, capacity 36110K, committed 36452K, reserved 1081344K
  class space    used 3998K, capacity 4167K, committed 4196K, reserved 1048576K
}
2016-05-12T11:17:45.631+0100: 6266.297: Total time for which application threads were stopped: 0.0826911 seconds, Stopping threads took: 0.0000474 seconds
2016-05-12T11:17:46.631+0100: 6267.296: Total time for which application threads were stopped: 0.0002401 seconds, Stopping threads took: 0.0000474 seconds
2016-05-12T11:17:50.807+0100: 6271.472: Total time for which application threads were stopped: 0.0001903 seconds, Stopping threads took: 0.0000521 seconds
2016-05-12T11:17:50.807+0100: 6271.472: Total time for which application threads were stopped: 0.0000963 seconds, Stopping threads took: 0.0000268 seconds
2016-05-12T11:17:50.807+0100: 6271.472: Total time for which application threads were stopped: 0.0000900 seconds, Stopping threads took: 0.0000261 seconds
2016-05-12T11:17:50.808+0100: 6271.473: Total time for which application threads were stopped: 0.0001232 seconds, Stopping threads took: 0.0000569 seconds
2016-05-12T11:17:50.808+0100: 6271.473: Total time for which application threads were stopped: 0.0000916 seconds, Stopping threads took: 0.0000261 seconds
2016-05-12T11:18:58.939+0100: 6339.607: Total time for which application threads were stopped: 0.0002140 seconds, Stopping threads took: 0.0000576 seconds
2016-05-12T11:18:58.939+0100: 6339.608: Total time for which application threads were stopped: 0.0001034 seconds, Stopping threads took: 0.0000332 seconds
2016-05-12T11:18:58.940+0100: 6339.608: Total time for which application threads were stopped: 0.0000916 seconds, Stopping threads took: 0.0000221 seconds
2016-05-12T11:18:58.940+0100: 6339.608: Total time for which application threads were stopped: 0.0000813 seconds, Stopping threads took: 0.0000197 seconds
2016-05-12T11:18:58.941+0100: 6339.609: Total time for which application threads were stopped: 0.0001192 seconds, Stopping threads took: 0.0000221 seconds
2016-05-12T11:18:58.964+0100: 6339.633: Total time for which application threads were stopped: 0.0001674 seconds, Stopping threads took: 0.0000395 seconds
{Heap before GC invocations=46 (full 1):
 par new generation   total 109248K, used 105654K [0x00000000e0000000, 0x00000000e8000000, 0x00000000e8000000)
  eden space 87424K,  95% used [0x00000000e0000000, 0x00000000e51dd8e0, 0x00000000e5560000)
  from space 21824K, 100% used [0x00000000e5560000, 0x00000000e6ab0000, 0x00000000e6ab0000)
  to   space 21824K,   0% used [0x00000000e6ab0000, 0x00000000e6ab0000, 0x00000000e8000000)
 concurrent mark-sweep generation total 393216K, used 51322K [0x00000000e8000000, 0x0000000100000000, 0x0000000100000000)
 Metaspace       used 35718K, capacity 36174K, committed 36452K, reserved 1081344K
  class space    used 3998K, capacity 4167K, committed 4196K, reserved 1048576K
2016-05-12T11:18:59.043+0100: 6339.712: [GC (Allocation Failure) 2016-05-12T11:18:59.043+0100: 6339.712: [ParNew
Desired survivor size 20112992 bytes, new threshold 8 (max 8)
- age   1:    9294856 bytes,    9294856 total
- age   2:    2346648 bytes,   11641504 total
- age   3:    2759232 bytes,   14400736 total
- age   4:    5294752 bytes,   19695488 total
: 105654K->21824K(109248K), 0.0295149 secs] 156976K->76905K(502464K), 0.0297123 secs] [Times: user=0.05 sys=0.00, real=0.03 secs] 
Heap after GC invocations=47 (full 1):
 par new generation   total 109248K, used 21824K [0x00000000e0000000, 0x00000000e8000000, 0x00000000e8000000)
  eden space 87424K,   0% used [0x00000000e0000000, 0x00000000e0000000, 0x00000000e5560000)
  from space 21824K, 100% used [0x00000000e6ab0000, 0x00000000e8000000, 0x00000000e8000000)
  to   space 21824K,   0% used [0x00000000e5560000, 0x00000000e5560000, 0x00000000e6ab0000)
 concurrent mark-sweep generation total 393216K, used 55081K [0x00000000e8000000, 0x0000000100000000, 0x0000000100000000)
 Metaspace       used 35718K, capacity 36174K, committed 36452K, reserved 1081344K
  class space    used 3998K, capacity 4167K, committed 4196K, reserved 1048576K
}
2016-05-12T11:18:59.073+0100: 6339.741: Total time for which application threads were stopped: 0.0301751 seconds, Stopping threads took: 0.0000679 seconds
2016-05-12T11:18:59.089+0100: 6339.758: Total time for which application threads were stopped: 0.0002503 seconds, Stopping threads took: 0.0000545 seconds
2016-05-12T11:19:00.090+0100: 6340.758: Total time for which application threads were stopped: 0.0001485 seconds, Stopping threads took: 0.0000458 seconds
2016-05-12T11:19:03.095+0100: 6343.764: Total time for which application threads were stopped: 0.0001753 seconds, Stopping threads took: 0.0000513 seconds
2016-05-12T11:19:03.097+0100: 6343.766: Total time for which application threads were stopped: 0.0001706 seconds, Stopping threads took: 0.0000482 seconds
2016-05-12T11:19:03.100+0100: 6343.768: Total time for which application threads were stopped: 0.0001548 seconds, Stopping threads took: 0.0000411 seconds
2016-05-12T11:19:03.100+0100: 6343.768: Total time for which application threads were stopped: 0.0000821 seconds, Stopping threads took: 0.0000190 seconds
2016-05-12T11:19:03.100+0100: 6343.769: Total time for which application threads were stopped: 0.0000877 seconds, Stopping threads took: 0.0000205 seconds
2016-05-12T11:19:03.100+0100: 6343.769: Total time for which application threads were stopped: 0.0000813 seconds, Stopping threads took: 0.0000190 seconds
2016-05-12T11:19:03.101+0100: 6343.769: Total time for which application threads were stopped: 0.0000924 seconds, Stopping threads took: 0.0000205 seconds
2016-05-12T11:19:03.107+0100: 6343.775: Total time for which application threads were stopped: 0.0002251 seconds, Stopping threads took: 0.0000877 seconds
2016-05-12T11:19:04.116+0100: 6344.784: Total time for which application threads were stopped: 0.0001761 seconds, Stopping threads took: 0.0000569 seconds
{Heap before GC invocations=47 (full 1):
 par new generation   total 109248K, used 108678K [0x00000000e0000000, 0x00000000e8000000, 0x00000000e8000000)
  eden space 87424K,  99% used [0x00000000e0000000, 0x00000000e54d1ae0, 0x00000000e5560000)
  from space 21824K, 100% used [0x00000000e6ab0000, 0x00000000e8000000, 0x00000000e8000000)
  to   space 21824K,   0% used [0x00000000e5560000, 0x00000000e5560000, 0x00000000e6ab0000)
 concurrent mark-sweep generation total 393216K, used 55081K [0x00000000e8000000, 0x0000000100000000, 0x0000000100000000)
 Metaspace       used 35718K, capacity 36174K, committed 36452K, reserved 1081344K
  class space    used 3998K, capacity 4167K, committed 4196K, reserved 1048576K
2016-05-12T11:19:04.611+0100: 6345.283: [GC (Allocation Failure) 2016-05-12T11:19:04.611+0100: 6345.283: [ParNew
Desired survivor size 20112992 bytes, new threshold 8 (max 8)
- age   1:    1417256 bytes,    1417256 total
- age   2:     265680 bytes,    1682936 total
- age   3:    2346432 bytes,    4029368 total
- age   4:    2759016 bytes,    6788384 total
- age   5:    5294752 bytes,   12083136 total
: 108678K->12215K(109248K), 0.0178122 secs] 163759K->67296K(502464K), 0.0179804 secs] [Times: user=0.03 sys=0.00, real=0.02 secs] 
Heap after GC invocations=48 (full 1):
 par new generation   total 109248K, used 12215K [0x00000000e0000000, 0x00000000e8000000, 0x00000000e8000000)
  eden space 87424K,   0% used [0x00000000e0000000, 0x00000000e0000000, 0x00000000e5560000)
  from space 21824K,  55% used [0x00000000e5560000, 0x00000000e614dfb0, 0x00000000e6ab0000)
  to   space 21824K,   0% used [0x00000000e6ab0000, 0x00000000e6ab0000, 0x00000000e8000000)
 concurrent mark-sweep generation total 393216K, used 55081K [0x00000000e8000000, 0x0000000100000000, 0x0000000100000000)
 Metaspace       used 35718K, capacity 36174K, committed 36452K, reserved 1081344K
  class space    used 3998K, capacity 4167K, committed 4196K, reserved 1048576K
}
2016-05-12T11:19:04.629+0100: 6345.301: Total time for which application threads were stopped: 0.0184361 seconds, Stopping threads took: 0.0000600 seconds
2016-05-12T11:19:05.756+0100: 6346.428: Total time for which application threads were stopped: 0.0001982 seconds, Stopping threads took: 0.0000561 seconds
2016-05-12T11:19:05.758+0100: 6346.430: Total time for which application threads were stopped: 0.0001421 seconds, Stopping threads took: 0.0000395 seconds
2016-05-12T11:19:06.776+0100: 6347.447: Total time for which application threads were stopped: 0.0001721 seconds, Stopping threads took: 0.0000624 seconds
{Heap before GC invocations=48 (full 1):
 par new generation   total 109248K, used 96021K [0x00000000e0000000, 0x00000000e8000000, 0x00000000e8000000)
  eden space 87424K,  95% used [0x00000000e0000000, 0x00000000e51d7460, 0x00000000e5560000)
  from space 21824K,  55% used [0x00000000e5560000, 0x00000000e614dfb0, 0x00000000e6ab0000)
  to   space 21824K,   0% used [0x00000000e6ab0000, 0x00000000e6ab0000, 0x00000000e8000000)
 concurrent mark-sweep generation total 393216K, used 55081K [0x00000000e8000000, 0x0000000100000000, 0x0000000100000000)
 Metaspace       used 35720K, capacity 36174K, committed 36452K, reserved 1081344K
  class space    used 3998K, capacity 4167K, committed 4196K, reserved 1048576K
2016-05-12T11:19:07.129+0100: 6347.801: [GC (Allocation Failure) 2016-05-12T11:19:07.129+0100: 6347.801: [ParNew
Desired survivor size 20112992 bytes, new threshold 8 (max 8)
- age   1:    9319232 bytes,    9319232 total
- age   2:      64232 bytes,    9383464 total
- age   3:     265424 bytes,    9648888 total
- age   4:    2346432 bytes,   11995320 total
- age   5:    2759016 bytes,   14754336 total
- age   6:    5294752 bytes,   20049088 total
: 96021K->21824K(109248K), 0.0221988 secs] 151102K->76905K(502464K), 0.0223417 secs] [Times: user=0.05 sys=0.00, real=0.02 secs] 
Heap after GC invocations=49 (full 1):
 par new generation   total 109248K, used 21824K [0x00000000e0000000, 0x00000000e8000000, 0x00000000e8000000)
  eden space 87424K,   0% used [0x00000000e0000000, 0x00000000e0000000, 0x00000000e5560000)
  from space 21824K, 100% used [0x00000000e6ab0000, 0x00000000e8000000, 0x00000000e8000000)
  to   space 21824K,   0% used [0x00000000e5560000, 0x00000000e5560000, 0x00000000e6ab0000)
 concurrent mark-sweep generation total 393216K, used 55081K [0x00000000e8000000, 0x0000000100000000, 0x0000000100000000)
 Metaspace       used 35720K, capacity 36174K, committed 36452K, reserved 1081344K
  class space    used 3998K, capacity 4167K, committed 4196K, reserved 1048576K
}
2016-05-12T11:19:07.151+0100: 6347.823: Total time for which application threads were stopped: 0.0228218 seconds, Stopping threads took: 0.0000608 seconds
2016-05-12T11:19:09.219+0100: 6349.891: Total time for which application threads were stopped: 0.0189083 seconds, Stopping threads took: 0.0187393 seconds
2016-05-12T11:19:18.246+0100: 6358.917: Total time for which application threads were stopped: 0.0001793 seconds, Stopping threads took: 0.0000561 seconds
2016-05-12T11:20:30.455+0100: 6431.128: Total time for which application threads were stopped: 0.0002353 seconds, Stopping threads took: 0.0000679 seconds
2016-05-12T11:20:30.484+0100: 6431.157: Total time for which application threads were stopped: 0.0001508 seconds, Stopping threads took: 0.0000403 seconds
2016-05-12T11:20:30.484+0100: 6431.157: Total time for which application threads were stopped: 0.0000813 seconds, Stopping threads took: 0.0000205 seconds
2016-05-12T11:20:30.486+0100: 6431.158: Total time for which application threads were stopped: 0.0001611 seconds, Stopping threads took: 0.0000482 seconds
2016-05-12T11:20:30.590+0100: 6431.262: Total time for which application threads were stopped: 0.0002795 seconds, Stopping threads took: 0.0000497 seconds
{Heap before GC invocations=49 (full 1):
 par new generation   total 109248K, used 107706K [0x00000000e0000000, 0x00000000e8000000, 0x00000000e8000000)
  eden space 87424K,  98% used [0x00000000e0000000, 0x00000000e53deab0, 0x00000000e5560000)
  from space 21824K, 100% used [0x00000000e6ab0000, 0x00000000e8000000, 0x00000000e8000000)
  to   space 21824K,   0% used [0x00000000e5560000, 0x00000000e5560000, 0x00000000e6ab0000)
 concurrent mark-sweep generation total 393216K, used 55081K [0x00000000e8000000, 0x0000000100000000, 0x0000000100000000)
 Metaspace       used 35763K, capacity 36238K, committed 36452K, reserved 1081344K
  class space    used 3998K, capacity 4167K, committed 4196K, reserved 1048576K
2016-05-12T11:20:30.636+0100: 6431.309: [GC (Allocation Failure) 2016-05-12T11:20:30.636+0100: 6431.309: [ParNew
Desired survivor size 20112992 bytes, new threshold 8 (max 8)
- age   1:    1424976 bytes,    1424976 total
- age   2:      21656 bytes,    1446632 total
- age   3:      61856 bytes,    1508488 total
- age   4:     252968 bytes,    1761456 total
- age   5:    2346216 bytes,    4107672 total
- age   6:    2758800 bytes,    6866472 total
- age   7:    5294752 bytes,   12161224 total
: 107706K->13596K(109248K), 0.0229884 secs] 162787K->68677K(502464K), 0.0231582 secs] [Times: user=0.05 sys=0.00, real=0.02 secs] 
Heap after GC invocations=50 (full 1):
 par new generation   total 109248K, used 13596K [0x00000000e0000000, 0x00000000e8000000, 0x00000000e8000000)
  eden space 87424K,   0% used [0x00000000e0000000, 0x00000000e0000000, 0x00000000e5560000)
  from space 21824K,  62% used [0x00000000e5560000, 0x00000000e62a7058, 0x00000000e6ab0000)
  to   space 21824K,   0% used [0x00000000e6ab0000, 0x00000000e6ab0000, 0x00000000e8000000)
 concurrent mark-sweep generation total 393216K, used 55081K [0x00000000e8000000, 0x0000000100000000, 0x0000000100000000)
 Metaspace       used 35763K, capacity 36238K, committed 36452K, reserved 1081344K
  class space    used 3998K, capacity 4167K, committed 4196K, reserved 1048576K
}
2016-05-12T11:20:30.659+0100: 6431.332: Total time for which application threads were stopped: 0.0236028 seconds, Stopping threads took: 0.0000584 seconds
2016-05-12T11:20:31.660+0100: 6432.333: Total time for which application threads were stopped: 0.0002243 seconds, Stopping threads took: 0.0001145 seconds
2016-05-12T11:20:32.317+0100: 6432.990: Total time for which application threads were stopped: 0.0003956 seconds, Stopping threads took: 0.0000466 seconds
2016-05-12T11:20:32.317+0100: 6432.990: Total time for which application threads were stopped: 0.0001106 seconds, Stopping threads took: 0.0000355 seconds
2016-05-12T11:20:32.319+0100: 6432.991: Total time for which application threads were stopped: 0.0001413 seconds, Stopping threads took: 0.0000419 seconds
2016-05-12T11:20:32.319+0100: 6432.992: Total time for which application threads were stopped: 0.0000932 seconds, Stopping threads took: 0.0000261 seconds
2016-05-12T11:20:32.319+0100: 6432.992: Total time for which application threads were stopped: 0.0000979 seconds, Stopping threads took: 0.0000276 seconds
2016-05-12T11:20:33.319+0100: 6433.992: Total time for which application threads were stopped: 0.0001603 seconds, Stopping threads took: 0.0000497 seconds
2016-05-12T11:20:34.294+0100: 6434.967: Total time for which application threads were stopped: 0.0001935 seconds, Stopping threads took: 0.0000576 seconds
2016-05-12T11:20:38.685+0100: 6439.357: Total time for which application threads were stopped: 0.0001832 seconds, Stopping threads took: 0.0000474 seconds
2016-05-12T11:20:39.687+0100: 6440.359: Total time for which application threads were stopped: 0.0001879 seconds, Stopping threads took: 0.0000497 seconds
{Heap before GC invocations=50 (full 1):
 par new generation   total 109248K, used 96223K [0x00000000e0000000, 0x00000000e8000000, 0x00000000e8000000)
  eden space 87424K,  94% used [0x00000000e0000000, 0x00000000e50b0bc8, 0x00000000e5560000)
  from space 21824K,  62% used [0x00000000e5560000, 0x00000000e62a7058, 0x00000000e6ab0000)
  to   space 21824K,   0% used [0x00000000e6ab0000, 0x00000000e6ab0000, 0x00000000e8000000)
 concurrent mark-sweep generation total 393216K, used 55081K [0x00000000e8000000, 0x0000000100000000, 0x0000000100000000)
 Metaspace       used 35778K, capacity 36238K, committed 36452K, reserved 1081344K
  class space    used 3998K, capacity 4167K, committed 4196K, reserved 1048576K
2016-05-12T11:20:41.838+0100: 6442.510: [GC (Allocation Failure) 2016-05-12T11:20:41.838+0100: 6442.511: [ParNew
Desired survivor size 20112992 bytes, new threshold 8 (max 8)
- age   1:    9050352 bytes,    9050352 total
- age   2:      77472 bytes,    9127824 total
- age   3:      21656 bytes,    9149480 total
- age   4:      61616 bytes,    9211096 total
- age   5:     252968 bytes,    9464064 total
- age   6:    2346216 bytes,   11810280 total
- age   7:    2758800 bytes,   14569080 total
- age   8:    5294752 bytes,   19863832 total
: 96223K->19808K(109248K), 0.0250708 secs] 151304K->74889K(502464K), 0.0252358 secs] [Times: user=0.05 sys=0.00, real=0.03 secs] 
Heap after GC invocations=51 (full 1):
 par new generation   total 109248K, used 19808K [0x00000000e0000000, 0x00000000e8000000, 0x00000000e8000000)
  eden space 87424K,   0% used [0x00000000e0000000, 0x00000000e0000000, 0x00000000e5560000)
  from space 21824K,  90% used [0x00000000e6ab0000, 0x00000000e7e08138, 0x00000000e8000000)
  to   space 21824K,   0% used [0x00000000e5560000, 0x00000000e5560000, 0x00000000e6ab0000)
 concurrent mark-sweep generation total 393216K, used 55081K [0x00000000e8000000, 0x0000000100000000, 0x0000000100000000)
 Metaspace       used 35778K, capacity 36238K, committed 36452K, reserved 1081344K
  class space    used 3998K, capacity 4167K, committed 4196K, reserved 1048576K
}
2016-05-12T11:20:41.864+0100: 6442.536: Total time for which application threads were stopped: 0.0256693 seconds, Stopping threads took: 0.0000474 seconds
2016-05-12T11:20:46.814+0100: 6447.486: Total time for which application threads were stopped: 0.0001816 seconds, Stopping threads took: 0.0000537 seconds
2016-05-12T11:22:26.954+0100: 6547.635: Total time for which application threads were stopped: 0.0001864 seconds, Stopping threads took: 0.0000497 seconds
2016-05-12T11:22:56.120+0100: 6576.799: Total time for which application threads were stopped: 0.0001516 seconds, Stopping threads took: 0.0000419 seconds
2016-05-12T11:22:56.120+0100: 6576.799: Total time for which application threads were stopped: 0.0000837 seconds, Stopping threads took: 0.0000205 seconds
2016-05-12T11:22:56.121+0100: 6576.800: Total time for which application threads were stopped: 0.0001129 seconds, Stopping threads took: 0.0000229 seconds
{Heap before GC invocations=51 (full 1):
 par new generation   total 109248K, used 106587K [0x00000000e0000000, 0x00000000e8000000, 0x00000000e8000000)
  eden space 87424K,  99% used [0x00000000e0000000, 0x00000000e54bed48, 0x00000000e5560000)
  from space 21824K,  90% used [0x00000000e6ab0000, 0x00000000e7e08138, 0x00000000e8000000)
  to   space 21824K,   0% used [0x00000000e5560000, 0x00000000e5560000, 0x00000000e6ab0000)
 concurrent mark-sweep generation total 393216K, used 55081K [0x00000000e8000000, 0x0000000100000000, 0x0000000100000000)
 Metaspace       used 35782K, capacity 36238K, committed 36452K, reserved 1081344K
  class space    used 3998K, capacity 4167K, committed 4196K, reserved 1048576K
2016-05-12T11:22:56.163+0100: 6576.842: [GC (Allocation Failure) 2016-05-12T11:22:56.163+0100: 6576.842: [ParNew
Desired survivor size 20112992 bytes, new threshold 8 (max 8)
- age   1:    4935416 bytes,    4935416 total
- age   2:      21520 bytes,    4956936 total
- age   3:      62840 bytes,    5019776 total
- age   4:      21656 bytes,    5041432 total
- age   5:      61616 bytes,    5103048 total
- age   6:     252712 bytes,    5355760 total
- age   7:    2346216 bytes,    7701976 total
- age   8:    2758800 bytes,   10460776 total
: 106587K->14272K(109248K), 0.0393169 secs] 161668K->74524K(502464K), 0.0394725 secs] [Times: user=0.05 sys=0.00, real=0.04 secs] 
Heap after GC invocations=52 (full 1):
 par new generation   total 109248K, used 14272K [0x00000000e0000000, 0x00000000e8000000, 0x00000000e8000000)
  eden space 87424K,   0% used [0x00000000e0000000, 0x00000000e0000000, 0x00000000e5560000)
  from space 21824K,  65% used [0x00000000e5560000, 0x00000000e6350210, 0x00000000e6ab0000)
  to   space 21824K,   0% used [0x00000000e6ab0000, 0x00000000e6ab0000, 0x00000000e8000000)
 concurrent mark-sweep generation total 393216K, used 60251K [0x00000000e8000000, 0x0000000100000000, 0x0000000100000000)
 Metaspace       used 35782K, capacity 36238K, committed 36452K, reserved 1081344K
  class space    used 3998K, capacity 4167K, committed 4196K, reserved 1048576K
}
2016-05-12T11:22:56.202+0100: 6576.881: Total time for which application threads were stopped: 0.0399060 seconds, Stopping threads took: 0.0000458 seconds
2016-05-12T11:22:56.212+0100: 6576.891: Total time for which application threads were stopped: 0.0002724 seconds, Stopping threads took: 0.0000513 seconds
2016-05-12T11:23:01.921+0100: 6582.600: Total time for which application threads were stopped: 0.0001619 seconds, Stopping threads took: 0.0000450 seconds
2016-05-12T11:23:01.921+0100: 6582.600: Total time for which application threads were stopped: 0.0000884 seconds, Stopping threads took: 0.0000221 seconds
2016-05-12T11:23:01.923+0100: 6582.602: Total time for which application threads were stopped: 0.0001548 seconds, Stopping threads took: 0.0000355 seconds
2016-05-12T11:23:04.518+0100: 6585.197: Total time for which application threads were stopped: 0.0002203 seconds, Stopping threads took: 0.0000687 seconds
{Heap before GC invocations=52 (full 1):
 par new generation   total 109248K, used 101671K [0x00000000e0000000, 0x00000000e8000000, 0x00000000e8000000)
  eden space 87424K,  99% used [0x00000000e0000000, 0x00000000e5559bc8, 0x00000000e5560000)
  from space 21824K,  65% used [0x00000000e5560000, 0x00000000e6350210, 0x00000000e6ab0000)
  to   space 21824K,   0% used [0x00000000e6ab0000, 0x00000000e6ab0000, 0x00000000e8000000)
 concurrent mark-sweep generation total 393216K, used 60251K [0x00000000e8000000, 0x0000000100000000, 0x0000000100000000)
 Metaspace       used 35782K, capacity 36238K, committed 36452K, reserved 1081344K
  class space    used 3998K, capacity 4167K, committed 4196K, reserved 1048576K
2016-05-12T11:23:04.536+0100: 6585.216: [GC (Allocation Failure) 2016-05-12T11:23:04.536+0100: 6585.216: [ParNew
Desired survivor size 20112992 bytes, new threshold 8 (max 8)
- age   1:     505560 bytes,     505560 total
- age   2:      53200 bytes,     558760 total
- age   3:      21520 bytes,     580280 total
- age   4:      62840 bytes,     643120 total
- age   5:      21656 bytes,     664776 total
- age   6:      61616 bytes,     726392 total
- age   7:     252496 bytes,     978888 total
- age   8:    2346216 bytes,    3325104 total
: 101671K->3947K(109248K), 0.0381909 secs] 161923K->66893K(502464K), 0.0383464 secs] [Times: user=0.06 sys=0.00, real=0.04 secs] 
Heap after GC invocations=53 (full 1):
 par new generation   total 109248K, used 3947K [0x00000000e0000000, 0x00000000e8000000, 0x00000000e8000000)
  eden space 87424K,   0% used [0x00000000e0000000, 0x00000000e0000000, 0x00000000e5560000)
  from space 21824K,  18% used [0x00000000e6ab0000, 0x00000000e6e8ae78, 0x00000000e8000000)
  to   space 21824K,   0% used [0x00000000e5560000, 0x00000000e5560000, 0x00000000e6ab0000)
 concurrent mark-sweep generation total 393216K, used 62946K [0x00000000e8000000, 0x0000000100000000, 0x0000000100000000)
 Metaspace       used 35782K, capacity 36238K, committed 36452K, reserved 1081344K
  class space    used 3998K, capacity 4167K, committed 4196K, reserved 1048576K
}
2016-05-12T11:23:04.575+0100: 6585.254: Total time for which application threads were stopped: 0.0541229 seconds, Stopping threads took: 0.0153872 seconds
2016-05-12T11:23:07.597+0100: 6588.276: Total time for which application threads were stopped: 0.0001729 seconds, Stopping threads took: 0.0000576 seconds
2016-05-12T11:23:25.630+0100: 6606.310: Total time for which application threads were stopped: 0.0003553 seconds, Stopping threads took: 0.0002069 seconds
2016-05-12T11:23:28.651+0100: 6609.330: Total time for which application threads were stopped: 0.0001895 seconds, Stopping threads took: 0.0000529 seconds
2016-05-12T11:23:29.651+0100: 6610.330: Total time for which application threads were stopped: 0.0001642 seconds, Stopping threads took: 0.0000474 seconds
2016-05-12T11:23:30.528+0100: 6611.208: Total time for which application threads were stopped: 0.0206416 seconds, Stopping threads took: 0.0204600 seconds
2016-05-12T11:23:30.528+0100: 6611.208: Total time for which application threads were stopped: 0.0001753 seconds, Stopping threads took: 0.0001034 seconds
2016-05-12T11:23:30.529+0100: 6611.209: Total time for which application threads were stopped: 0.0001192 seconds, Stopping threads took: 0.0000403 seconds
2016-05-12T11:23:30.529+0100: 6611.209: Total time for which application threads were stopped: 0.0001279 seconds, Stopping threads took: 0.0000569 seconds
{Heap before GC invocations=53 (full 1):
 par new generation   total 109248K, used 90785K [0x00000000e0000000, 0x00000000e8000000, 0x00000000e8000000)
  eden space 87424K,  99% used [0x00000000e0000000, 0x00000000e54cd590, 0x00000000e5560000)
  from space 21824K,  18% used [0x00000000e6ab0000, 0x00000000e6e8ae78, 0x00000000e8000000)
  to   space 21824K,   0% used [0x00000000e5560000, 0x00000000e5560000, 0x00000000e6ab0000)
 concurrent mark-sweep generation total 393216K, used 62946K [0x00000000e8000000, 0x0000000100000000, 0x0000000100000000)
 Metaspace       used 35873K, capacity 36366K, committed 36708K, reserved 1081344K
  class space    used 3998K, capacity 4167K, committed 4196K, reserved 1048576K
2016-05-12T11:23:30.653+0100: 6611.332: [GC (Allocation Failure) 2016-05-12T11:23:30.653+0100: 6611.332: [ParNew
Desired survivor size 20112992 bytes, new threshold 8 (max 8)
- age   1:    9305904 bytes,    9305904 total
- age   2:      40632 bytes,    9346536 total
- age   3:      53168 bytes,    9399704 total
- age   4:      20704 bytes,    9420408 total
- age   5:      62840 bytes,    9483248 total
- age   6:      21656 bytes,    9504904 total
- age   7:      61616 bytes,    9566520 total
- age   8:     252336 bytes,    9818856 total
: 90785K->10910K(109248K), 0.0514681 secs] 153731K->76148K(502464K), 0.0516371 secs] [Times: user=0.01 sys=0.00, real=0.05 secs] 
Heap after GC invocations=54 (full 1):
 par new generation   total 109248K, used 10910K [0x00000000e0000000, 0x00000000e8000000, 0x00000000e8000000)
  eden space 87424K,   0% used [0x00000000e0000000, 0x00000000e0000000, 0x00000000e5560000)
  from space 21824K,  49% used [0x00000000e5560000, 0x00000000e6007bf8, 0x00000000e6ab0000)
  to   space 21824K,   0% used [0x00000000e6ab0000, 0x00000000e6ab0000, 0x00000000e8000000)
 concurrent mark-sweep generation total 393216K, used 65237K [0x00000000e8000000, 0x0000000100000000, 0x0000000100000000)
 Metaspace       used 35873K, capacity 36366K, committed 36708K, reserved 1081344K
  class space    used 3998K, capacity 4167K, committed 4196K, reserved 1048576K
}
2016-05-12T11:23:30.704+0100: 6611.384: Total time for which application threads were stopped: 0.0520730 seconds, Stopping threads took: 0.0000482 seconds
2016-05-12T11:23:31.704+0100: 6612.384: Total time for which application threads were stopped: 0.0001603 seconds, Stopping threads took: 0.0000474 seconds
2016-05-12T11:23:32.028+0100: 6612.707: Total time for which application threads were stopped: 0.0001990 seconds, Stopping threads took: 0.0000600 seconds
2016-05-12T11:23:32.028+0100: 6612.708: Total time for which application threads were stopped: 0.0001003 seconds, Stopping threads took: 0.0000268 seconds
2016-05-12T11:23:32.028+0100: 6612.708: Total time for which application threads were stopped: 0.0000963 seconds, Stopping threads took: 0.0000261 seconds
2016-05-12T11:23:32.028+0100: 6612.708: Total time for which application threads were stopped: 0.0000955 seconds, Stopping threads took: 0.0000253 seconds
2016-05-12T11:23:32.028+0100: 6612.708: Total time for which application threads were stopped: 0.0000955 seconds, Stopping threads took: 0.0000245 seconds
2016-05-12T11:23:32.028+0100: 6612.708: Total time for which application threads were stopped: 0.0000963 seconds, Stopping threads took: 0.0000253 seconds
2016-05-12T11:23:32.029+0100: 6612.708: Total time for which application threads were stopped: 0.0003072 seconds, Stopping threads took: 0.0000253 seconds
2016-05-12T11:23:33.036+0100: 6613.716: Total time for which application threads were stopped: 0.0002353 seconds, Stopping threads took: 0.0000679 seconds
{Heap before GC invocations=54 (full 1):
 par new generation   total 109248K, used 93331K [0x00000000e0000000, 0x00000000e8000000, 0x00000000e8000000)
  eden space 87424K,  94% used [0x00000000e0000000, 0x00000000e507d110, 0x00000000e5560000)
  from space 21824K,  49% used [0x00000000e5560000, 0x00000000e6007bf8, 0x00000000e6ab0000)
  to   space 21824K,   0% used [0x00000000e6ab0000, 0x00000000e6ab0000, 0x00000000e8000000)
 concurrent mark-sweep generation total 393216K, used 65237K [0x00000000e8000000, 0x0000000100000000, 0x0000000100000000)
 Metaspace       used 35879K, capacity 36366K, committed 36708K, reserved 1081344K
  class space    used 3998K, capacity 4167K, committed 4196K, reserved 1048576K
2016-05-12T11:23:33.619+0100: 6614.299: [GC (Allocation Failure) 2016-05-12T11:23:33.619+0100: 6614.299: [ParNew
Desired survivor size 20112992 bytes, new threshold 8 (max 8)
- age   1:    9282744 bytes,    9282744 total
- age   2:       7528 bytes,    9290272 total
- age   3:      40592 bytes,    9330864 total
- age   4:      53168 bytes,    9384032 total
- age   5:      20464 bytes,    9404496 total
- age   6:      62840 bytes,    9467336 total
- age   7:      21656 bytes,    9488992 total
- age   8:      61616 bytes,    9550608 total
: 93331K->9713K(109248K), 0.0289243 secs] 158568K->75199K(502464K), 0.0291004 secs] [Times: user=0.05 sys=0.00, real=0.03 secs] 
Heap after GC invocations=55 (full 1):
 par new generation   total 109248K, used 9713K [0x00000000e0000000, 0x00000000e8000000, 0x00000000e8000000)
  eden space 87424K,   0% used [0x00000000e0000000, 0x00000000e0000000, 0x00000000e5560000)
  from space 21824K,  44% used [0x00000000e6ab0000, 0x00000000e742c738, 0x00000000e8000000)
  to   space 21824K,   0% used [0x00000000e5560000, 0x00000000e5560000, 0x00000000e6ab0000)
 concurrent mark-sweep generation total 393216K, used 65485K [0x00000000e8000000, 0x0000000100000000, 0x0000000100000000)
 Metaspace       used 35879K, capacity 36366K, committed 36708K, reserved 1081344K
  class space    used 3998K, capacity 4167K, committed 4196K, reserved 1048576K
}
2016-05-12T11:23:33.648+0100: 6614.328: Total time for which application threads were stopped: 0.0295884 seconds, Stopping threads took: 0.0000648 seconds
2016-05-12T11:25:16.754+0100: 6717.435: Total time for which application threads were stopped: 0.0002029 seconds, Stopping threads took: 0.0000490 seconds
2016-05-12T11:25:24.400+0100: 6725.080: Total time for which application threads were stopped: 0.0001477 seconds, Stopping threads took: 0.0000387 seconds
2016-05-12T11:25:24.400+0100: 6725.080: Total time for which application threads were stopped: 0.0000837 seconds, Stopping threads took: 0.0000205 seconds
2016-05-12T11:25:24.401+0100: 6725.081: Total time for which application threads were stopped: 0.0001129 seconds, Stopping threads took: 0.0000213 seconds
{Heap before GC invocations=55 (full 1):
 par new generation   total 109248K, used 95159K [0x00000000e0000000, 0x00000000e8000000, 0x00000000e8000000)
  eden space 87424K,  97% used [0x00000000e0000000, 0x00000000e5371600, 0x00000000e5560000)
  from space 21824K,  44% used [0x00000000e6ab0000, 0x00000000e742c738, 0x00000000e8000000)
  to   space 21824K,   0% used [0x00000000e5560000, 0x00000000e5560000, 0x00000000e6ab0000)
 concurrent mark-sweep generation total 393216K, used 65485K [0x00000000e8000000, 0x0000000100000000, 0x0000000100000000)
 Metaspace       used 35880K, capacity 36366K, committed 36708K, reserved 1081344K
  class space    used 3998K, capacity 4167K, committed 4196K, reserved 1048576K
2016-05-12T11:25:24.428+0100: 6725.108: [GC (Allocation Failure) 2016-05-12T11:25:24.428+0100: 6725.108: [ParNew
Desired survivor size 20112992 bytes, new threshold 8 (max 8)
- age   1:     100984 bytes,     100984 total
- age   2:       1232 bytes,     102216 total
- age   3:       4760 bytes,     106976 total
- age   4:      40320 bytes,     147296 total
- age   5:      41000 bytes,     188296 total
- age   6:      20464 bytes,     208760 total
- age   7:      62800 bytes,     271560 total
- age   8:      21416 bytes,     292976 total
: 95159K->474K(109248K), 0.0195882 secs] 160644K->66020K(502464K), 0.0197572 secs] [Times: user=0.03 sys=0.00, real=0.02 secs] 
Heap after GC invocations=56 (full 1):
 par new generation   total 109248K, used 474K [0x00000000e0000000, 0x00000000e8000000, 0x00000000e8000000)
  eden space 87424K,   0% used [0x00000000e0000000, 0x00000000e0000000, 0x00000000e5560000)
  from space 21824K,   2% used [0x00000000e5560000, 0x00000000e55d6b00, 0x00000000e6ab0000)
  to   space 21824K,   0% used [0x00000000e6ab0000, 0x00000000e6ab0000, 0x00000000e8000000)
 concurrent mark-sweep generation total 393216K, used 65545K [0x00000000e8000000, 0x0000000100000000, 0x0000000100000000)
 Metaspace       used 35880K, capacity 36366K, committed 36708K, reserved 1081344K
  class space    used 3998K, capacity 4167K, committed 4196K, reserved 1048576K
}
2016-05-12T11:25:24.448+0100: 6725.128: Total time for which application threads were stopped: 0.0202341 seconds, Stopping threads took: 0.0000608 seconds
2016-05-12T11:25:24.509+0100: 6725.189: Total time for which application threads were stopped: 0.0002724 seconds, Stopping threads took: 0.0000474 seconds
2016-05-12T11:25:26.375+0100: 6727.056: Total time for which application threads were stopped: 0.0001816 seconds, Stopping threads took: 0.0000569 seconds
2016-05-12T11:25:26.375+0100: 6727.056: Total time for which application threads were stopped: 0.0000940 seconds, Stopping threads took: 0.0000284 seconds
{Heap before GC invocations=56 (full 1):
 par new generation   total 109248K, used 87619K [0x00000000e0000000, 0x00000000e8000000, 0x00000000e8000000)
  eden space 87424K,  99% used [0x00000000e0000000, 0x00000000e551a320, 0x00000000e5560000)
  from space 21824K,   2% used [0x00000000e5560000, 0x00000000e55d6b00, 0x00000000e6ab0000)
  to   space 21824K,   0% used [0x00000000e6ab0000, 0x00000000e6ab0000, 0x00000000e8000000)
 concurrent mark-sweep generation total 393216K, used 65545K [0x00000000e8000000, 0x0000000100000000, 0x0000000100000000)
 Metaspace       used 35881K, capacity 36366K, committed 36708K, reserved 1081344K
  class space    used 3998K, capacity 4167K, committed 4196K, reserved 1048576K
2016-05-12T11:25:29.831+0100: 6730.511: [GC (Allocation Failure) 2016-05-12T11:25:29.831+0100: 6730.511: [ParNew
Desired survivor size 20112992 bytes, new threshold 8 (max 8)
- age   1:      24936 bytes,      24936 total
- age   2:      51192 bytes,      76128 total
- age   3:       1232 bytes,      77360 total
- age   4:       4760 bytes,      82120 total
- age   5:      40320 bytes,     122440 total
- age   6:      40728 bytes,     163168 total
- age   7:      20464 bytes,     183632 total
- age   8:      62800 bytes,     246432 total
: 87619K->261K(109248K), 0.0150919 secs] 153165K->65828K(502464K), 0.0152680 secs] [Times: user=0.03 sys=0.00, real=0.01 secs] 
Heap after GC invocations=57 (full 1):
 par new generation   total 109248K, used 261K [0x00000000e0000000, 0x00000000e8000000, 0x00000000e8000000)
  eden space 87424K,   0% used [0x00000000e0000000, 0x00000000e0000000, 0x00000000e5560000)
  from space 21824K,   1% used [0x00000000e6ab0000, 0x00000000e6af16c8, 0x00000000e8000000)
  to   space 21824K,   0% used [0x00000000e5560000, 0x00000000e5560000, 0x00000000e6ab0000)
 concurrent mark-sweep generation total 393216K, used 65566K [0x00000000e8000000, 0x0000000100000000, 0x0000000100000000)
 Metaspace       used 35881K, capacity 36366K, committed 36708K, reserved 1081344K
  class space    used 3998K, capacity 4167K, committed 4196K, reserved 1048576K
}
2016-05-12T11:25:29.847+0100: 6730.527: Total time for which application threads were stopped: 0.0157576 seconds, Stopping threads took: 0.0000687 seconds
2016-05-12T11:25:30.855+0100: 6731.535: Total time for which application threads were stopped: 0.0001927 seconds, Stopping threads took: 0.0000553 seconds
2016-05-12T11:27:10.053+0100: 6830.736: Total time for which application threads were stopped: 0.0002274 seconds, Stopping threads took: 0.0000671 seconds
2016-05-12T11:27:25.435+0100: 6846.118: Total time for which application threads were stopped: 0.0001477 seconds, Stopping threads took: 0.0000387 seconds
2016-05-12T11:27:25.435+0100: 6846.118: Total time for which application threads were stopped: 0.0000845 seconds, Stopping threads took: 0.0000205 seconds
2016-05-12T11:27:25.437+0100: 6846.119: Total time for which application threads were stopped: 0.0001524 seconds, Stopping threads took: 0.0000284 seconds
2016-05-12T11:27:26.052+0100: 6846.735: Total time for which application threads were stopped: 0.0001785 seconds, Stopping threads took: 0.0000545 seconds
2016-05-12T11:27:26.052+0100: 6846.735: Total time for which application threads were stopped: 0.0000955 seconds, Stopping threads took: 0.0000292 seconds
2016-05-12T11:27:26.053+0100: 6846.736: Total time for which application threads were stopped: 0.0001327 seconds, Stopping threads took: 0.0000340 seconds
2016-05-12T11:27:27.053+0100: 6847.735: Total time for which application threads were stopped: 0.0001453 seconds, Stopping threads took: 0.0000458 seconds
2016-05-12T11:27:29.053+0100: 6849.735: Total time for which application threads were stopped: 0.0001571 seconds, Stopping threads took: 0.0000490 seconds
2016-05-12T11:27:34.054+0100: 6854.736: Total time for which application threads were stopped: 0.0001998 seconds, Stopping threads took: 0.0000624 seconds
2016-05-12T11:27:42.056+0100: 6862.738: Total time for which application threads were stopped: 0.0001911 seconds, Stopping threads took: 0.0000561 seconds
2016-05-12T11:27:46.056+0100: 6866.738: Total time for which application threads were stopped: 0.0001603 seconds, Stopping threads took: 0.0000497 seconds
2016-05-12T11:27:47.056+0100: 6867.739: Total time for which application threads were stopped: 0.0001871 seconds, Stopping threads took: 0.0000869 seconds
{Heap before GC invocations=57 (full 1):
 par new generation   total 109248K, used 87685K [0x00000000e0000000, 0x00000000e8000000, 0x00000000e8000000)
  eden space 87424K, 100% used [0x00000000e0000000, 0x00000000e5560000, 0x00000000e5560000)
  from space 21824K,   1% used [0x00000000e6ab0000, 0x00000000e6af16c8, 0x00000000e8000000)
  to   space 21824K,   0% used [0x00000000e5560000, 0x00000000e5560000, 0x00000000e6ab0000)
 concurrent mark-sweep generation total 393216K, used 65566K [0x00000000e8000000, 0x0000000100000000, 0x0000000100000000)
 Metaspace       used 35911K, capacity 36366K, committed 36708K, reserved 1081344K
  class space    used 3998K, capacity 4167K, committed 4196K, reserved 1048576K
2016-05-12T11:27:47.587+0100: 6868.270: [GC (Allocation Failure) 2016-05-12T11:27:47.587+0100: 6868.270: [ParNew
Desired survivor size 20112992 bytes, new threshold 8 (max 8)
- age   1:    1196704 bytes,    1196704 total
- age   2:       1176 bytes,    1197880 total
- age   3:      38560 bytes,    1236440 total
- age   4:        800 bytes,    1237240 total
- age   5:       4328 bytes,    1241568 total
- age   6:      40320 bytes,    1281888 total
- age   7:      40688 bytes,    1322576 total
- age   8:      20464 bytes,    1343040 total
: 87685K->1335K(109248K), 0.0158950 secs] 153252K->66963K(502464K), 0.0160750 secs] [Times: user=0.00 sys=0.02, real=0.02 secs] 
Heap after GC invocations=58 (full 1):
 par new generation   total 109248K, used 1335K [0x00000000e0000000, 0x00000000e8000000, 0x00000000e8000000)
  eden space 87424K,   0% used [0x00000000e0000000, 0x00000000e0000000, 0x00000000e5560000)
  from space 21824K,   6% used [0x00000000e5560000, 0x00000000e56ade68, 0x00000000e6ab0000)
  to   space 21824K,   0% used [0x00000000e6ab0000, 0x00000000e6ab0000, 0x00000000e8000000)
 concurrent mark-sweep generation total 393216K, used 65627K [0x00000000e8000000, 0x0000000100000000, 0x0000000100000000)
 Metaspace       used 35911K, capacity 36366K, committed 36708K, reserved 1081344K
  class space    used 3998K, capacity 4167K, committed 4196K, reserved 1048576K
}
2016-05-12T11:27:47.603+0100: 6868.286: Total time for which application threads were stopped: 0.0165599 seconds, Stopping threads took: 0.0000529 seconds
2016-05-12T11:27:47.607+0100: 6868.290: Total time for which application threads were stopped: 0.0016022 seconds, Stopping threads took: 0.0012587 seconds
2016-05-12T11:27:47.608+0100: 6868.291: Total time for which application threads were stopped: 0.0001729 seconds, Stopping threads took: 0.0000726 seconds
2016-05-12T11:27:47.615+0100: 6868.298: Total time for which application threads were stopped: 0.0002922 seconds, Stopping threads took: 0.0001508 seconds
2016-05-12T11:27:47.624+0100: 6868.307: Total time for which application threads were stopped: 0.0019418 seconds, Stopping threads took: 0.0017033 seconds
2016-05-12T11:27:47.625+0100: 6868.308: Total time for which application threads were stopped: 0.0004667 seconds, Stopping threads took: 0.0003696 seconds
2016-05-12T11:27:47.625+0100: 6868.308: Total time for which application threads were stopped: 0.0001240 seconds, Stopping threads took: 0.0000490 seconds
2016-05-12T11:27:47.625+0100: 6868.308: Total time for which application threads were stopped: 0.0001129 seconds, Stopping threads took: 0.0000434 seconds
2016-05-12T11:27:47.625+0100: 6868.308: Total time for which application threads were stopped: 0.0001090 seconds, Stopping threads took: 0.0000411 seconds
2016-05-12T11:27:47.626+0100: 6868.308: Total time for which application threads were stopped: 0.0001106 seconds, Stopping threads took: 0.0000426 seconds
2016-05-12T11:27:47.626+0100: 6868.309: Total time for which application threads were stopped: 0.0001066 seconds, Stopping threads took: 0.0000387 seconds
2016-05-12T11:27:47.626+0100: 6868.309: Total time for which application threads were stopped: 0.0000932 seconds, Stopping threads took: 0.0000261 seconds
2016-05-12T11:27:47.626+0100: 6868.309: Total time for which application threads were stopped: 0.0001690 seconds, Stopping threads took: 0.0000261 seconds
2016-05-12T11:27:47.627+0100: 6868.309: Total time for which application threads were stopped: 0.0002116 seconds, Stopping threads took: 0.0000474 seconds
2016-05-12T11:27:47.627+0100: 6868.310: Total time for which application threads were stopped: 0.0001650 seconds, Stopping threads took: 0.0000268 seconds
2016-05-12T11:27:47.627+0100: 6868.310: Total time for which application threads were stopped: 0.0002969 seconds, Stopping threads took: 0.0000284 seconds
2016-05-12T11:27:48.627+0100: 6869.310: Total time for which application threads were stopped: 0.0001816 seconds, Stopping threads took: 0.0000474 seconds
2016-05-12T11:27:50.628+0100: 6871.310: Total time for which application threads were stopped: 0.0001485 seconds, Stopping threads took: 0.0000434 seconds
2016-05-12T11:27:52.628+0100: 6873.310: Total time for which application threads were stopped: 0.0001461 seconds, Stopping threads took: 0.0000450 seconds
2016-05-12T11:27:55.628+0100: 6876.310: Total time for which application threads were stopped: 0.0001524 seconds, Stopping threads took: 0.0000521 seconds
2016-05-12T11:28:07.636+0100: 6888.322: Total time for which application threads were stopped: 0.0001642 seconds, Stopping threads took: 0.0000474 seconds
2016-05-12T11:28:24.637+0100: 6905.323: Total time for which application threads were stopped: 0.0001650 seconds, Stopping threads took: 0.0000513 seconds
2016-05-12T11:28:25.637+0100: 6906.323: Total time for which application threads were stopped: 0.0001721 seconds, Stopping threads took: 0.0000513 seconds
{Heap before GC invocations=58 (full 1):
 par new generation   total 109248K, used 88759K [0x00000000e0000000, 0x00000000e8000000, 0x00000000e8000000)
  eden space 87424K, 100% used [0x00000000e0000000, 0x00000000e5560000, 0x00000000e5560000)
  from space 21824K,   6% used [0x00000000e5560000, 0x00000000e56ade68, 0x00000000e6ab0000)
  to   space 21824K,   0% used [0x00000000e6ab0000, 0x00000000e6ab0000, 0x00000000e8000000)
 concurrent mark-sweep generation total 393216K, used 65627K [0x00000000e8000000, 0x0000000100000000, 0x0000000100000000)
 Metaspace       used 35965K, capacity 36430K, committed 36708K, reserved 1081344K
  class space    used 3998K, capacity 4167K, committed 4196K, reserved 1048576K
2016-05-12T11:28:26.989+0100: 6907.676: [GC (Allocation Failure) 2016-05-12T11:28:26.990+0100: 6907.676: [ParNew
Desired survivor size 20112992 bytes, new threshold 8 (max 8)
- age   1:     543752 bytes,     543752 total
- age   2:      22600 bytes,     566352 total
- age   3:       1176 bytes,     567528 total
- age   4:      38560 bytes,     606088 total
- age   5:        800 bytes,     606888 total
- age   6:       4328 bytes,     611216 total
- age   7:      40320 bytes,     651536 total
- age   8:      40688 bytes,     692224 total
: 88759K->980K(109248K), 0.0127806 secs] 154387K->66628K(502464K), 0.0130269 secs] [Times: user=0.02 sys=0.02, real=0.01 secs] 
Heap after GC invocations=59 (full 1):
 par new generation   total 109248K, used 980K [0x00000000e0000000, 0x00000000e8000000, 0x00000000e8000000)
  eden space 87424K,   0% used [0x00000000e0000000, 0x00000000e0000000, 0x00000000e5560000)
  from space 21824K,   4% used [0x00000000e6ab0000, 0x00000000e6ba5200, 0x00000000e8000000)
  to   space 21824K,   0% used [0x00000000e5560000, 0x00000000e5560000, 0x00000000e6ab0000)
 concurrent mark-sweep generation total 393216K, used 65647K [0x00000000e8000000, 0x0000000100000000, 0x0000000100000000)
 Metaspace       used 35965K, capacity 36430K, committed 36708K, reserved 1081344K
  class space    used 3998K, capacity 4167K, committed 4196K, reserved 1048576K
}
2016-05-12T11:28:27.003+0100: 6907.689: Total time for which application threads were stopped: 0.0134478 seconds, Stopping threads took: 0.0000466 seconds
2016-05-12T11:28:27.009+0100: 6907.695: Total time for which application threads were stopped: 0.0026651 seconds, Stopping threads took: 0.0025158 seconds
2016-05-12T11:28:27.012+0100: 6907.699: Total time for which application threads were stopped: 0.0030023 seconds, Stopping threads took: 0.0028593 seconds
2016-05-12T11:28:27.013+0100: 6907.699: Total time for which application threads were stopped: 0.0001058 seconds, Stopping threads took: 0.0000340 seconds
2016-05-12T11:28:27.013+0100: 6907.699: Total time for which application threads were stopped: 0.0000963 seconds, Stopping threads took: 0.0000268 seconds
2016-05-12T11:28:27.013+0100: 6907.699: Total time for which application threads were stopped: 0.0000971 seconds, Stopping threads took: 0.0000276 seconds
2016-05-12T11:28:27.013+0100: 6907.699: Total time for which application threads were stopped: 0.0000963 seconds, Stopping threads took: 0.0000268 seconds
2016-05-12T11:28:27.013+0100: 6907.699: Total time for which application threads were stopped: 0.0000940 seconds, Stopping threads took: 0.0000253 seconds
2016-05-12T11:28:27.013+0100: 6907.700: Total time for which application threads were stopped: 0.0001042 seconds, Stopping threads took: 0.0000324 seconds
2016-05-12T11:28:27.014+0100: 6907.700: Total time for which application threads were stopped: 0.0000963 seconds, Stopping threads took: 0.0000276 seconds
2016-05-12T11:28:27.014+0100: 6907.700: Total time for which application threads were stopped: 0.0000940 seconds, Stopping threads took: 0.0000253 seconds
2016-05-12T11:28:27.014+0100: 6907.700: Total time for which application threads were stopped: 0.0000955 seconds, Stopping threads took: 0.0000261 seconds
2016-05-12T11:28:27.014+0100: 6907.700: Total time for which application threads were stopped: 0.0000955 seconds, Stopping threads took: 0.0000268 seconds
2016-05-12T11:28:27.014+0100: 6907.700: Total time for which application threads were stopped: 0.0000948 seconds, Stopping threads took: 0.0000268 seconds
2016-05-12T11:28:27.014+0100: 6907.700: Total time for which application threads were stopped: 0.0000940 seconds, Stopping threads took: 0.0000253 seconds
2016-05-12T11:28:27.014+0100: 6907.701: Total time for which application threads were stopped: 0.0000940 seconds, Stopping threads took: 0.0000253 seconds
2016-05-12T11:28:27.015+0100: 6907.701: Total time for which application threads were stopped: 0.0000963 seconds, Stopping threads took: 0.0000276 seconds
2016-05-12T11:28:27.015+0100: 6907.701: Total time for which application threads were stopped: 0.0000924 seconds, Stopping threads took: 0.0000261 seconds
2016-05-12T11:28:27.015+0100: 6907.701: Total time for which application threads were stopped: 0.0000955 seconds, Stopping threads took: 0.0000268 seconds
2016-05-12T11:28:27.015+0100: 6907.701: Total time for which application threads were stopped: 0.0000955 seconds, Stopping threads took: 0.0000268 seconds
2016-05-12T11:28:27.015+0100: 6907.702: Total time for which application threads were stopped: 0.0003001 seconds, Stopping threads took: 0.0000276 seconds
2016-05-12T11:28:33.015+0100: 6913.701: Total time for which application threads were stopped: 0.0001611 seconds, Stopping threads took: 0.0000474 seconds
2016-05-12T11:29:19.020+0100: 6959.706: Total time for which application threads were stopped: 0.0001958 seconds, Stopping threads took: 0.0000553 seconds
2016-05-12T11:30:05.419+0100: 7006.114: Total time for which application threads were stopped: 0.0001864 seconds, Stopping threads took: 0.0000521 seconds
2016-05-12T11:30:05.420+0100: 7006.114: Total time for which application threads were stopped: 0.0001082 seconds, Stopping threads took: 0.0000403 seconds
2016-05-12T11:30:05.508+0100: 7006.203: Total time for which application threads were stopped: 0.0006854 seconds, Stopping threads took: 0.0005559 seconds
2016-05-12T11:30:05.508+0100: 7006.203: Total time for which application threads were stopped: 0.0001263 seconds, Stopping threads took: 0.0000584 seconds
2016-05-12T11:30:05.510+0100: 7006.204: Total time for which application threads were stopped: 0.0001721 seconds, Stopping threads took: 0.0000497 seconds
2016-05-12T11:30:05.548+0100: 7006.243: Total time for which application threads were stopped: 0.0003024 seconds, Stopping threads took: 0.0000742 seconds
2016-05-12T11:30:05.609+0100: 7006.304: Total time for which application threads were stopped: 0.0144467 seconds, Stopping threads took: 0.0002116 seconds
2016-05-12T11:30:05.609+0100: 7006.304: Total time for which application threads were stopped: 0.0001595 seconds, Stopping threads took: 0.0000616 seconds
2016-05-12T11:30:05.610+0100: 7006.305: Total time for which application threads were stopped: 0.0001642 seconds, Stopping threads took: 0.0000576 seconds
{Heap before GC invocations=59 (full 1):
 par new generation   total 109248K, used 88404K [0x00000000e0000000, 0x00000000e8000000, 0x00000000e8000000)
  eden space 87424K, 100% used [0x00000000e0000000, 0x00000000e5560000, 0x00000000e5560000)
  from space 21824K,   4% used [0x00000000e6ab0000, 0x00000000e6ba5200, 0x00000000e8000000)
  to   space 21824K,   0% used [0x00000000e5560000, 0x00000000e5560000, 0x00000000e6ab0000)
 concurrent mark-sweep generation total 393216K, used 65647K [0x00000000e8000000, 0x0000000100000000, 0x0000000100000000)
 Metaspace       used 36022K, capacity 36430K, committed 36708K, reserved 1081344K
  class space    used 3998K, capacity 4167K, committed 4196K, reserved 1048576K
2016-05-12T11:30:05.798+0100: 7006.493: [GC (Allocation Failure) 2016-05-12T11:30:05.798+0100: 7006.493: [ParNew
Desired survivor size 20112992 bytes, new threshold 8 (max 8)
- age   1:    7997728 bytes,    7997728 total
- age   2:      12256 bytes,    8009984 total
- age   3:      15912 bytes,    8025896 total
- age   4:       1144 bytes,    8027040 total
- age   5:      38496 bytes,    8065536 total
- age   6:        768 bytes,    8066304 total
- age   7:       4264 bytes,    8070568 total
- age   8:      40320 bytes,    8110888 total
: 88404K->8143K(109248K), 0.0158057 secs] 154052K->73830K(502464K), 0.0159645 secs] [Times: user=0.03 sys=0.00, real=0.02 secs] 
Heap after GC invocations=60 (full 1):
 par new generation   total 109248K, used 8143K [0x00000000e0000000, 0x00000000e8000000, 0x00000000e8000000)
  eden space 87424K,   0% used [0x00000000e0000000, 0x00000000e0000000, 0x00000000e5560000)
  from space 21824K,  37% used [0x00000000e5560000, 0x00000000e5d53d30, 0x00000000e6ab0000)
  to   space 21824K,   0% used [0x00000000e6ab0000, 0x00000000e6ab0000, 0x00000000e8000000)
 concurrent mark-sweep generation total 393216K, used 65687K [0x00000000e8000000, 0x0000000100000000, 0x0000000100000000)
 Metaspace       used 36022K, capacity 36430K, committed 36708K, reserved 1081344K
  class space    used 3998K, capacity 4167K, committed 4196K, reserved 1048576K
}
2016-05-12T11:30:05.814+0100: 7006.509: Total time for which application threads were stopped: 0.0164525 seconds, Stopping threads took: 0.0000829 seconds
2016-05-12T11:30:05.814+0100: 7006.509: Total time for which application threads were stopped: 0.0002337 seconds, Stopping threads took: 0.0000940 seconds
2016-05-12T11:30:05.815+0100: 7006.510: Total time for which application threads were stopped: 0.0001714 seconds, Stopping threads took: 0.0000861 seconds
2016-05-12T11:30:05.815+0100: 7006.510: Total time for which application threads were stopped: 0.0001366 seconds, Stopping threads took: 0.0000497 seconds
2016-05-12T11:30:05.815+0100: 7006.510: Total time for which application threads were stopped: 0.0001129 seconds, Stopping threads took: 0.0000340 seconds
2016-05-12T11:30:05.815+0100: 7006.510: Total time for which application threads were stopped: 0.0001429 seconds, Stopping threads took: 0.0000632 seconds
2016-05-12T11:30:05.815+0100: 7006.510: Total time for which application threads were stopped: 0.0001145 seconds, Stopping threads took: 0.0000300 seconds
2016-05-12T11:30:05.816+0100: 7006.510: Total time for which application threads were stopped: 0.0001177 seconds, Stopping threads took: 0.0000363 seconds
2016-05-12T11:30:05.816+0100: 7006.511: Total time for which application threads were stopped: 0.0001358 seconds, Stopping threads took: 0.0000553 seconds
2016-05-12T11:30:05.816+0100: 7006.511: Total time for which application threads were stopped: 0.0001342 seconds, Stopping threads took: 0.0000553 seconds
{Heap before GC invocations=60 (full 1):
 par new generation   total 109248K, used 95567K [0x00000000e0000000, 0x00000000e8000000, 0x00000000e8000000)
  eden space 87424K, 100% used [0x00000000e0000000, 0x00000000e5560000, 0x00000000e5560000)
  from space 21824K,  37% used [0x00000000e5560000, 0x00000000e5d53d30, 0x00000000e6ab0000)
  to   space 21824K,   0% used [0x00000000e6ab0000, 0x00000000e6ab0000, 0x00000000e8000000)
 concurrent mark-sweep generation total 393216K, used 65687K [0x00000000e8000000, 0x0000000100000000, 0x0000000100000000)
 Metaspace       used 36034K, capacity 36430K, committed 36708K, reserved 1081344K
  class space    used 3998K, capacity 4167K, committed 4196K, reserved 1048576K
2016-05-12T11:30:06.693+0100: 7007.388: [GC (Allocation Failure) 2016-05-12T11:30:06.693+0100: 7007.388: [ParNew
Desired survivor size 20112992 bytes, new threshold 8 (max 8)
- age   1:   12141712 bytes,   12141712 total
- age   2:    2000336 bytes,   14142048 total
- age   3:       5576 bytes,   14147624 total
- age   4:      15912 bytes,   14163536 total
- age   5:       1144 bytes,   14164680 total
- age   6:      38496 bytes,   14203176 total
- age   7:        768 bytes,   14203944 total
- age   8:       4264 bytes,   14208208 total
: 95567K->14413K(109248K), 0.0222951 secs] 161254K->80140K(502464K), 0.0224823 secs] [Times: user=0.03 sys=0.00, real=0.02 secs] 
Heap after GC invocations=61 (full 1):
 par new generation   total 109248K, used 14413K [0x00000000e0000000, 0x00000000e8000000, 0x00000000e8000000)
  eden space 87424K,   0% used [0x00000000e0000000, 0x00000000e0000000, 0x00000000e5560000)
  from space 21824K,  66% used [0x00000000e6ab0000, 0x00000000e78c34e8, 0x00000000e8000000)
  to   space 21824K,   0% used [0x00000000e5560000, 0x00000000e5560000, 0x00000000e6ab0000)
 concurrent mark-sweep generation total 393216K, used 65726K [0x00000000e8000000, 0x0000000100000000, 0x0000000100000000)
 Metaspace       used 36034K, capacity 36430K, committed 36708K, reserved 1081344K
  class space    used 3998K, capacity 4167K, committed 4196K, reserved 1048576K
}
2016-05-12T11:30:06.715+0100: 7007.410: Total time for which application threads were stopped: 0.0229734 seconds, Stopping threads took: 0.0000569 seconds
2016-05-12T11:30:07.049+0100: 7007.743: Total time for which application threads were stopped: 0.0002882 seconds, Stopping threads took: 0.0000521 seconds
{Heap before GC invocations=61 (full 1):
 par new generation   total 109248K, used 94446K [0x00000000e0000000, 0x00000000e8000000, 0x00000000e8000000)
  eden space 87424K,  91% used [0x00000000e0000000, 0x00000000e4e28488, 0x00000000e5560000)
  from space 21824K,  66% used [0x00000000e6ab0000, 0x00000000e78c34e8, 0x00000000e8000000)
  to   space 21824K,   0% used [0x00000000e5560000, 0x00000000e5560000, 0x00000000e6ab0000)
 concurrent mark-sweep generation total 393216K, used 65726K [0x00000000e8000000, 0x0000000100000000, 0x0000000100000000)
 Metaspace       used 36034K, capacity 36430K, committed 36708K, reserved 1081344K
  class space    used 3998K, capacity 4167K, committed 4196K, reserved 1048576K
2016-05-12T11:30:07.362+0100: 7008.057: [GC (Allocation Failure) 2016-05-12T11:30:07.362+0100: 7008.057: [ParNew
Desired survivor size 20112992 bytes, new threshold 8 (max 8)
- age   1:   10312424 bytes,   10312424 total
- age   2:    6006824 bytes,   16319248 total
- age   3:    2000264 bytes,   18319512 total
- age   4:       5576 bytes,   18325088 total
- age   5:      15912 bytes,   18341000 total
- age   6:       1144 bytes,   18342144 total
- age   7:      38496 bytes,   18380640 total
- age   8:        768 bytes,   18381408 total
: 94446K->20041K(109248K), 0.1065466 secs] 160173K->85772K(502464K), 0.1068371 secs] [Times: user=0.16 sys=0.01, real=0.11 secs] 
Heap after GC invocations=62 (full 1):
 par new generation   total 109248K, used 20041K [0x00000000e0000000, 0x00000000e8000000, 0x00000000e8000000)
  eden space 87424K,   0% used [0x00000000e0000000, 0x00000000e0000000, 0x00000000e5560000)
  from space 21824K,  91% used [0x00000000e5560000, 0x00000000e68f27c0, 0x00000000e6ab0000)
  to   space 21824K,   0% used [0x00000000e6ab0000, 0x00000000e6ab0000, 0x00000000e8000000)
 concurrent mark-sweep generation total 393216K, used 65731K [0x00000000e8000000, 0x0000000100000000, 0x0000000100000000)
 Metaspace       used 36034K, capacity 36430K, committed 36708K, reserved 1081344K
  class space    used 3998K, capacity 4167K, committed 4196K, reserved 1048576K
}
2016-05-12T11:30:07.469+0100: 7008.164: Total time for which application threads were stopped: 0.1072991 seconds, Stopping threads took: 0.0000576 seconds
{Heap before GC invocations=62 (full 1):
 par new generation   total 109248K, used 101534K [0x00000000e0000000, 0x00000000e8000000, 0x00000000e8000000)
  eden space 87424K,  93% used [0x00000000e0000000, 0x00000000e4f95110, 0x00000000e5560000)
  from space 21824K,  91% used [0x00000000e5560000, 0x00000000e68f27c0, 0x00000000e6ab0000)
  to   space 21824K,   0% used [0x00000000e6ab0000, 0x00000000e6ab0000, 0x00000000e8000000)
 concurrent mark-sweep generation total 393216K, used 65731K [0x00000000e8000000, 0x0000000100000000, 0x0000000100000000)
 Metaspace       used 36034K, capacity 36430K, committed 36708K, reserved 1081344K
  class space    used 3998K, capacity 4167K, committed 4196K, reserved 1048576K
2016-05-12T11:30:07.978+0100: 7008.673: [GC (Allocation Failure) 2016-05-12T11:30:07.978+0100: 7008.673: [ParNew
Desired survivor size 20112992 bytes, new threshold 4 (max 8)
- age   1:   10479728 bytes,   10479728 total
- age   2:    3618520 bytes,   14098248 total
- age   3:    5924240 bytes,   20022488 total
- age   4:    1980752 bytes,   22003240 total
- age   5:       3872 bytes,   22007112 total
- age   6:      14688 bytes,   22021800 total
- age   7:       1144 bytes,   22022944 total
- age   8:      38496 bytes,   22061440 total
: 101534K->21824K(109248K), 0.0453601 secs] 167265K->91752K(502464K), 0.0455189 secs] [Times: user=0.09 sys=0.00, real=0.05 secs] 
Heap after GC invocations=63 (full 1):
 par new generation   total 109248K, used 21824K [0x00000000e0000000, 0x00000000e8000000, 0x00000000e8000000)
  eden space 87424K,   0% used [0x00000000e0000000, 0x00000000e0000000, 0x00000000e5560000)
  from space 21824K, 100% used [0x00000000e6ab0000, 0x00000000e8000000, 0x00000000e8000000)
  to   space 21824K,   0% used [0x00000000e5560000, 0x00000000e5560000, 0x00000000e6ab0000)
 concurrent mark-sweep generation total 393216K, used 69928K [0x00000000e8000000, 0x0000000100000000, 0x0000000100000000)
 Metaspace       used 36034K, capacity 36430K, committed 36708K, reserved 1081344K
  class space    used 3998K, capacity 4167K, committed 4196K, reserved 1048576K
}
2016-05-12T11:30:08.024+0100: 7008.719: Total time for which application threads were stopped: 0.0459729 seconds, Stopping threads took: 0.0000482 seconds
{Heap before GC invocations=63 (full 1):
 par new generation   total 109248K, used 105574K [0x00000000e0000000, 0x00000000e8000000, 0x00000000e8000000)
  eden space 87424K,  95% used [0x00000000e0000000, 0x00000000e51c9b68, 0x00000000e5560000)
  from space 21824K, 100% used [0x00000000e6ab0000, 0x00000000e8000000, 0x00000000e8000000)
  to   space 21824K,   0% used [0x00000000e5560000, 0x00000000e5560000, 0x00000000e6ab0000)
 concurrent mark-sweep generation total 393216K, used 69928K [0x00000000e8000000, 0x0000000100000000, 0x0000000100000000)
 Metaspace       used 36034K, capacity 36430K, committed 36708K, reserved 1081344K
  class space    used 3998K, capacity 4167K, committed 4196K, reserved 1048576K
2016-05-12T11:30:08.415+0100: 7009.110: [GC (Allocation Failure) 2016-05-12T11:30:08.415+0100: 7009.110: [ParNew
Desired survivor size 20112992 bytes, new threshold 4 (max 8)
- age   1:   12009048 bytes,   12009048 total
- age   2:    4460952 bytes,   16470000 total
- age   3:    2310560 bytes,   18780560 total
- age   4:    2634696 bytes,   21415256 total
: 105574K->21824K(109248K), 0.0918906 secs] 175503K->109439K(502464K), 0.0920619 secs] [Times: user=0.05 sys=0.03, real=0.09 secs] 
Heap after GC invocations=64 (full 1):
 par new generation   total 109248K, used 21824K [0x00000000e0000000, 0x00000000e8000000, 0x00000000e8000000)
  eden space 87424K,   0% used [0x00000000e0000000, 0x00000000e0000000, 0x00000000e5560000)
  from space 21824K, 100% used [0x00000000e5560000, 0x00000000e6ab0000, 0x00000000e6ab0000)
  to   space 21824K,   0% used [0x00000000e6ab0000, 0x00000000e6ab0000, 0x00000000e8000000)
 concurrent mark-sweep generation total 393216K, used 87615K [0x00000000e8000000, 0x0000000100000000, 0x0000000100000000)
 Metaspace       used 36034K, capacity 36430K, committed 36708K, reserved 1081344K
  class space    used 3998K, capacity 4167K, committed 4196K, reserved 1048576K
}
2016-05-12T11:30:08.507+0100: 7009.202: Total time for which application threads were stopped: 0.0925602 seconds, Stopping threads took: 0.0000726 seconds
2016-05-12T11:30:09.508+0100: 7010.202: Total time for which application threads were stopped: 0.0003222 seconds, Stopping threads took: 0.0001793 seconds
{Heap before GC invocations=64 (full 1):
 par new generation   total 109248K, used 97313K [0x00000000e0000000, 0x00000000e8000000, 0x00000000e8000000)
  eden space 87424K,  86% used [0x00000000e0000000, 0x00000000e49b85a0, 0x00000000e5560000)
  from space 21824K, 100% used [0x00000000e5560000, 0x00000000e6ab0000, 0x00000000e6ab0000)
  to   space 21824K,   0% used [0x00000000e6ab0000, 0x00000000e6ab0000, 0x00000000e8000000)
 concurrent mark-sweep generation total 393216K, used 87615K [0x00000000e8000000, 0x0000000100000000, 0x0000000100000000)
 Metaspace       used 36034K, capacity 36430K, committed 36708K, reserved 1081344K
  class space    used 3998K, capacity 4167K, committed 4196K, reserved 1048576K
2016-05-12T11:30:09.547+0100: 7010.241: [GC (Allocation Failure) 2016-05-12T11:30:09.547+0100: 7010.241: [ParNew
Desired survivor size 20112992 bytes, new threshold 8 (max 8)
- age   1:    7279032 bytes,    7279032 total
- age   2:    5763592 bytes,   13042624 total
- age   3:    4447888 bytes,   17490512 total
- age   4:    2310560 bytes,   19801072 total
: 97313K->21824K(109248K), 0.0730012 secs] 184928K->122394K(502464K), 0.0731631 secs] [Times: user=0.06 sys=0.00, real=0.07 secs] 
Heap after GC invocations=65 (full 1):
 par new generation   total 109248K, used 21824K [0x00000000e0000000, 0x00000000e8000000, 0x00000000e8000000)
  eden space 87424K,   0% used [0x00000000e0000000, 0x00000000e0000000, 0x00000000e5560000)
  from space 21824K, 100% used [0x00000000e6ab0000, 0x00000000e8000000, 0x00000000e8000000)
  to   space 21824K,   0% used [0x00000000e5560000, 0x00000000e5560000, 0x00000000e6ab0000)
 concurrent mark-sweep generation total 393216K, used 100570K [0x00000000e8000000, 0x0000000100000000, 0x0000000100000000)
 Metaspace       used 36034K, capacity 36430K, committed 36708K, reserved 1081344K
  class space    used 3998K, capacity 4167K, committed 4196K, reserved 1048576K
}
2016-05-12T11:30:09.621+0100: 7010.315: Total time for which application threads were stopped: 0.0735974 seconds, Stopping threads took: 0.0000490 seconds
{Heap before GC invocations=65 (full 1):
 par new generation   total 109248K, used 109248K [0x00000000e0000000, 0x00000000e8000000, 0x00000000e8000000)
  eden space 87424K, 100% used [0x00000000e0000000, 0x00000000e5560000, 0x00000000e5560000)
  from space 21824K, 100% used [0x00000000e6ab0000, 0x00000000e8000000, 0x00000000e8000000)
  to   space 21824K,   0% used [0x00000000e5560000, 0x00000000e5560000, 0x00000000e6ab0000)
 concurrent mark-sweep generation total 393216K, used 100570K [0x00000000e8000000, 0x0000000100000000, 0x0000000100000000)
 Metaspace       used 36034K, capacity 36430K, committed 36708K, reserved 1081344K
  class space    used 3998K, capacity 4167K, committed 4196K, reserved 1048576K
2016-05-12T11:30:10.156+0100: 7010.850: [GC (Allocation Failure) 2016-05-12T11:30:10.156+0100: 7010.850: [ParNew
Desired survivor size 20112992 bytes, new threshold 8 (max 8)
- age   1:    6042168 bytes,    6042168 total
- age   2:    1047056 bytes,    7089224 total
- age   3:    5763592 bytes,   12852816 total
- age   4:    4446952 bytes,   17299768 total
- age   5:    2310560 bytes,   19610328 total
: 109248K->21796K(109248K), 0.1060041 secs] 209818K->122367K(502464K), 0.1061486 secs] [Times: user=0.20 sys=0.00, real=0.11 secs] 
Heap after GC invocations=66 (full 1):
 par new generation   total 109248K, used 21796K [0x00000000e0000000, 0x00000000e8000000, 0x00000000e8000000)
  eden space 87424K,   0% used [0x00000000e0000000, 0x00000000e0000000, 0x00000000e5560000)
  from space 21824K,  99% used [0x00000000e5560000, 0x00000000e6aa93f8, 0x00000000e6ab0000)
  to   space 21824K,   0% used [0x00000000e6ab0000, 0x00000000e6ab0000, 0x00000000e8000000)
 concurrent mark-sweep generation total 393216K, used 100570K [0x00000000e8000000, 0x0000000100000000, 0x0000000100000000)
 Metaspace       used 36034K, capacity 36430K, committed 36708K, reserved 1081344K
  class space    used 3998K, capacity 4167K, committed 4196K, reserved 1048576K
}
2016-05-12T11:30:10.262+0100: 7010.956: Total time for which application threads were stopped: 0.1065892 seconds, Stopping threads took: 0.0000600 seconds
2016-05-12T11:30:10.297+0100: 7010.991: Total time for which application threads were stopped: 0.0001627 seconds, Stopping threads took: 0.0000450 seconds
2016-05-12T11:30:10.300+0100: 7010.994: Total time for which application threads were stopped: 0.0003324 seconds, Stopping threads took: 0.0000387 seconds
2016-05-12T11:30:10.334+0100: 7011.028: Total time for which application threads were stopped: 0.0002053 seconds, Stopping threads took: 0.0000505 seconds
2016-05-12T11:30:11.334+0100: 7012.028: Total time for which application threads were stopped: 0.0001761 seconds, Stopping threads took: 0.0000474 seconds
2016-05-12T11:30:14.973+0100: 7015.668: Total time for which application threads were stopped: 0.0108712 seconds, Stopping threads took: 0.0106832 seconds
2016-05-12T11:30:14.973+0100: 7015.668: Total time for which application threads were stopped: 0.0001066 seconds, Stopping threads took: 0.0000379 seconds
2016-05-12T11:30:14.974+0100: 7015.668: Total time for which application threads were stopped: 0.0001090 seconds, Stopping threads took: 0.0000379 seconds
2016-05-12T11:30:14.974+0100: 7015.668: Total time for which application threads were stopped: 0.0000948 seconds, Stopping threads took: 0.0000284 seconds
2016-05-12T11:30:14.977+0100: 7015.672: Total time for which application threads were stopped: 0.0001958 seconds, Stopping threads took: 0.0000774 seconds
2016-05-12T11:30:14.977+0100: 7015.672: Total time for which application threads were stopped: 0.0001145 seconds, Stopping threads took: 0.0000434 seconds
2016-05-12T11:30:14.978+0100: 7015.672: Total time for which application threads were stopped: 0.0001074 seconds, Stopping threads took: 0.0000411 seconds
2016-05-12T11:30:15.978+0100: 7016.672: Total time for which application threads were stopped: 0.0001793 seconds, Stopping threads took: 0.0000553 seconds
2016-05-12T11:31:14.445+0100: 7075.143: Total time for which application threads were stopped: 0.0004122 seconds, Stopping threads took: 0.0000671 seconds
2016-05-12T11:31:14.445+0100: 7075.143: Total time for which application threads were stopped: 0.0000971 seconds, Stopping threads took: 0.0000237 seconds
2016-05-12T11:31:14.446+0100: 7075.143: Total time for which application threads were stopped: 0.0000813 seconds, Stopping threads took: 0.0000197 seconds
2016-05-12T11:31:14.474+0100: 7075.172: Total time for which application threads were stopped: 0.0001445 seconds, Stopping threads took: 0.0000379 seconds
2016-05-12T11:31:14.474+0100: 7075.172: Total time for which application threads were stopped: 0.0000845 seconds, Stopping threads took: 0.0000213 seconds
2016-05-12T11:31:14.475+0100: 7075.173: Total time for which application threads were stopped: 0.0001121 seconds, Stopping threads took: 0.0000221 seconds
2016-05-12T11:31:14.478+0100: 7075.176: Total time for which application threads were stopped: 0.0002132 seconds, Stopping threads took: 0.0000734 seconds
2016-05-12T11:31:14.625+0100: 7075.323: Total time for which application threads were stopped: 0.0002693 seconds, Stopping threads took: 0.0000505 seconds
2016-05-12T11:31:17.642+0100: 7078.339: Total time for which application threads were stopped: 0.0002156 seconds, Stopping threads took: 0.0000608 seconds
2016-05-12T11:31:17.643+0100: 7078.340: Total time for which application threads were stopped: 0.0000916 seconds, Stopping threads took: 0.0000221 seconds
2016-05-12T11:31:17.644+0100: 7078.341: Total time for which application threads were stopped: 0.0001524 seconds, Stopping threads took: 0.0000521 seconds
2016-05-12T11:31:17.645+0100: 7078.342: Total time for which application threads were stopped: 0.0001019 seconds, Stopping threads took: 0.0000292 seconds
2016-05-12T11:31:17.645+0100: 7078.342: Total time for which application threads were stopped: 0.0001200 seconds, Stopping threads took: 0.0000442 seconds
2016-05-12T11:31:17.645+0100: 7078.342: Total time for which application threads were stopped: 0.0001113 seconds, Stopping threads took: 0.0000347 seconds
2016-05-12T11:31:17.645+0100: 7078.342: Total time for which application threads were stopped: 0.0001098 seconds, Stopping threads took: 0.0000355 seconds
{Heap before GC invocations=66 (full 1):
 par new generation   total 109248K, used 108264K [0x00000000e0000000, 0x00000000e8000000, 0x00000000e8000000)
  eden space 87424K,  98% used [0x00000000e0000000, 0x00000000e5470cd8, 0x00000000e5560000)
  from space 21824K,  99% used [0x00000000e5560000, 0x00000000e6aa93f8, 0x00000000e6ab0000)
  to   space 21824K,   0% used [0x00000000e6ab0000, 0x00000000e6ab0000, 0x00000000e8000000)
 concurrent mark-sweep generation total 393216K, used 100570K [0x00000000e8000000, 0x0000000100000000, 0x0000000100000000)
 Metaspace       used 36066K, capacity 36558K, committed 36964K, reserved 1081344K
  class space    used 3998K, capacity 4167K, committed 4196K, reserved 1048576K
2016-05-12T11:31:17.704+0100: 7078.401: [GC (Allocation Failure) 2016-05-12T11:31:17.704+0100: 7078.401: [ParNew
Desired survivor size 20112992 bytes, new threshold 8 (max 8)
- age   1:    2890720 bytes,    2890720 total
- age   2:    5934776 bytes,    8825496 total
- age   3:    1046752 bytes,    9872248 total
- age   4:    5762912 bytes,   15635160 total
- age   5:    1467992 bytes,   17103152 total
- age   6:    2152680 bytes,   19255832 total
: 108264K->21824K(109248K), 0.0251284 secs] 208834K->122394K(502464K), 0.0255351 secs] [Times: user=0.03 sys=0.00, real=0.03 secs] 
Heap after GC invocations=67 (full 1):
 par new generation   total 109248K, used 21824K [0x00000000e0000000, 0x00000000e8000000, 0x00000000e8000000)
  eden space 87424K,   0% used [0x00000000e0000000, 0x00000000e0000000, 0x00000000e5560000)
  from space 21824K, 100% used [0x00000000e6ab0000, 0x00000000e8000000, 0x00000000e8000000)
  to   space 21824K,   0% used [0x00000000e5560000, 0x00000000e5560000, 0x00000000e6ab0000)
 concurrent mark-sweep generation total 393216K, used 100570K [0x00000000e8000000, 0x0000000100000000, 0x0000000100000000)
 Metaspace       used 36066K, capacity 36558K, committed 36964K, reserved 1081344K
  class space    used 3998K, capacity 4167K, committed 4196K, reserved 1048576K
}
2016-05-12T11:31:17.730+0100: 7078.427: Total time for which application threads were stopped: 0.0259717 seconds, Stopping threads took: 0.0000497 seconds
2016-05-12T11:31:21.183+0100: 7081.880: Total time for which application threads were stopped: 0.0001832 seconds, Stopping threads took: 0.0000466 seconds
2016-05-12T11:31:22.183+0100: 7082.880: Total time for which application threads were stopped: 0.0001524 seconds, Stopping threads took: 0.0000482 seconds
{Heap before GC invocations=67 (full 1):
 par new generation   total 109248K, used 109248K [0x00000000e0000000, 0x00000000e8000000, 0x00000000e8000000)
  eden space 87424K, 100% used [0x00000000e0000000, 0x00000000e5560000, 0x00000000e5560000)
  from space 21824K, 100% used [0x00000000e6ab0000, 0x00000000e8000000, 0x00000000e8000000)
  to   space 21824K,   0% used [0x00000000e5560000, 0x00000000e5560000, 0x00000000e6ab0000)
 concurrent mark-sweep generation total 393216K, used 100570K [0x00000000e8000000, 0x0000000100000000, 0x0000000100000000)
 Metaspace       used 36070K, capacity 36558K, committed 36964K, reserved 1081344K
  class space    used 3998K, capacity 4167K, committed 4196K, reserved 1048576K
2016-05-12T11:31:22.718+0100: 7083.415: [GC (Allocation Failure) 2016-05-12T11:31:22.718+0100: 7083.415: [ParNew
Desired survivor size 20112992 bytes, new threshold 8 (max 8)
- age   1:     103608 bytes,     103608 total
- age   2:     562280 bytes,     665888 total
- age   3:    5934776 bytes,    6600664 total
- age   4:    1046752 bytes,    7647416 total
- age   5:    5762696 bytes,   13410112 total
- age   6:    1467992 bytes,   14878104 total
- age   7:    2152680 bytes,   17030784 total
: 109248K->21325K(109248K), 0.0502789 secs] 209818K->121896K(502464K), 0.0504337 secs] [Times: user=0.06 sys=0.00, real=0.05 secs] 
Heap after GC invocations=68 (full 1):
 par new generation   total 109248K, used 21325K [0x00000000e0000000, 0x00000000e8000000, 0x00000000e8000000)
  eden space 87424K,   0% used [0x00000000e0000000, 0x00000000e0000000, 0x00000000e5560000)
  from space 21824K,  97% used [0x00000000e5560000, 0x00000000e6a33778, 0x00000000e6ab0000)
  to   space 21824K,   0% used [0x00000000e6ab0000, 0x00000000e6ab0000, 0x00000000e8000000)
 concurrent mark-sweep generation total 393216K, used 100570K [0x00000000e8000000, 0x0000000100000000, 0x0000000100000000)
 Metaspace       used 36070K, capacity 36558K, committed 36964K, reserved 1081344K
  class space    used 3998K, capacity 4167K, committed 4196K, reserved 1048576K
}
2016-05-12T11:31:22.769+0100: 7083.466: Total time for which application threads were stopped: 0.0509019 seconds, Stopping threads took: 0.0000648 seconds
2016-05-12T11:31:23.772+0100: 7084.469: Total time for which application threads were stopped: 0.0001666 seconds, Stopping threads took: 0.0000513 seconds
2016-05-12T11:31:24.178+0100: 7084.875: Total time for which application threads were stopped: 0.0001943 seconds, Stopping threads took: 0.0000537 seconds
2016-05-12T11:31:24.178+0100: 7084.876: Total time for which application threads were stopped: 0.0001256 seconds, Stopping threads took: 0.0000355 seconds
2016-05-12T11:31:25.179+0100: 7085.876: Total time for which application threads were stopped: 0.0001492 seconds, Stopping threads took: 0.0000458 seconds
2016-05-12T11:31:26.179+0100: 7086.876: Total time for which application threads were stopped: 0.0001524 seconds, Stopping threads took: 0.0000490 seconds
{Heap before GC invocations=68 (full 1):
 par new generation   total 109248K, used 106640K [0x00000000e0000000, 0x00000000e8000000, 0x00000000e8000000)
  eden space 87424K,  97% used [0x00000000e0000000, 0x00000000e53508a8, 0x00000000e5560000)
  from space 21824K,  97% used [0x00000000e5560000, 0x00000000e6a33778, 0x00000000e6ab0000)
  to   space 21824K,   0% used [0x00000000e6ab0000, 0x00000000e6ab0000, 0x00000000e8000000)
 concurrent mark-sweep generation total 393216K, used 100570K [0x00000000e8000000, 0x0000000100000000, 0x0000000100000000)
 Metaspace       used 36086K, capacity 36558K, committed 36964K, reserved 1081344K
  class space    used 3998K, capacity 4167K, committed 4196K, reserved 1048576K
2016-05-12T11:31:33.423+0100: 7094.121: [GC (Allocation Failure) 2016-05-12T11:31:33.423+0100: 7094.121: [ParNew
Desired survivor size 20112992 bytes, new threshold 8 (max 8)
- age   1:    3327680 bytes,    3327680 total
- age   2:      42736 bytes,    3370416 total
- age   3:     562080 bytes,    3932496 total
- age   4:    5934776 bytes,    9867272 total
- age   5:    1046536 bytes,   10913808 total
- age   6:    5762696 bytes,   16676504 total
- age   7:    1467992 bytes,   18144496 total
- age   8:    2152680 bytes,   20297176 total
: 106640K->20640K(109248K), 0.0251055 secs] 207210K->121211K(502464K), 0.0252871 secs] [Times: user=0.06 sys=0.00, real=0.03 secs] 
Heap after GC invocations=69 (full 1):
 par new generation   total 109248K, used 20640K [0x00000000e0000000, 0x00000000e8000000, 0x00000000e8000000)
  eden space 87424K,   0% used [0x00000000e0000000, 0x00000000e0000000, 0x00000000e5560000)
  from space 21824K,  94% used [0x00000000e6ab0000, 0x00000000e7ed8368, 0x00000000e8000000)
  to   space 21824K,   0% used [0x00000000e5560000, 0x00000000e5560000, 0x00000000e6ab0000)
 concurrent mark-sweep generation total 393216K, used 100570K [0x00000000e8000000, 0x0000000100000000, 0x0000000100000000)
 Metaspace       used 36086K, capacity 36558K, committed 36964K, reserved 1081344K
  class space    used 3998K, capacity 4167K, committed 4196K, reserved 1048576K
}
2016-05-12T11:31:33.449+0100: 7094.146: Total time for which application threads were stopped: 0.0257870 seconds, Stopping threads took: 0.0000576 seconds
2016-05-12T11:31:34.851+0100: 7095.548: Total time for which application threads were stopped: 0.0002187 seconds, Stopping threads took: 0.0000648 seconds
2016-05-12T11:31:35.851+0100: 7096.548: Total time for which application threads were stopped: 0.0001793 seconds, Stopping threads took: 0.0000521 seconds
2016-05-12T11:31:41.424+0100: 7102.122: Total time for which application threads were stopped: 0.0002108 seconds, Stopping threads took: 0.0000521 seconds
{Heap before GC invocations=69 (full 1):
 par new generation   total 109248K, used 107016K [0x00000000e0000000, 0x00000000e8000000, 0x00000000e8000000)
  eden space 87424K,  98% used [0x00000000e0000000, 0x00000000e5459ee0, 0x00000000e5560000)
  from space 21824K,  94% used [0x00000000e6ab0000, 0x00000000e7ed8368, 0x00000000e8000000)
  to   space 21824K,   0% used [0x00000000e5560000, 0x00000000e5560000, 0x00000000e6ab0000)
 concurrent mark-sweep generation total 393216K, used 100570K [0x00000000e8000000, 0x0000000100000000, 0x0000000100000000)
 Metaspace       used 36092K, capacity 36558K, committed 36964K, reserved 1081344K
  class space    used 3998K, capacity 4167K, committed 4196K, reserved 1048576K
2016-05-12T11:31:41.485+0100: 7102.182: [GC (Allocation Failure) 2016-05-12T11:31:41.485+0100: 7102.183: [ParNew
Desired survivor size 20112992 bytes, new threshold 8 (max 8)
- age   1:    1896520 bytes,    1896520 total
- age   2:      63328 bytes,    1959848 total
- age   3:      42696 bytes,    2002544 total
- age   4:     561808 bytes,    2564352 total
- age   5:    5934776 bytes,    8499128 total
- age   6:    1046320 bytes,    9545448 total
- age   7:    5762696 bytes,   15308144 total
- age   8:    1467992 bytes,   16776136 total
: 107016K->21824K(109248K), 0.0386386 secs] 207587K->124497K(502464K), 0.0388092 secs] [Times: user=0.05 sys=0.00, real=0.04 secs] 
Heap after GC invocations=70 (full 1):
 par new generation   total 109248K, used 21824K [0x00000000e0000000, 0x00000000e8000000, 0x00000000e8000000)
  eden space 87424K,   0% used [0x00000000e0000000, 0x00000000e0000000, 0x00000000e5560000)
  from space 21824K, 100% used [0x00000000e5560000, 0x00000000e6ab0000, 0x00000000e6ab0000)
  to   space 21824K,   0% used [0x00000000e6ab0000, 0x00000000e6ab0000, 0x00000000e8000000)
 concurrent mark-sweep generation total 393216K, used 102673K [0x00000000e8000000, 0x0000000100000000, 0x0000000100000000)
 Metaspace       used 36092K, capacity 36558K, committed 36964K, reserved 1081344K
  class space    used 3998K, capacity 4167K, committed 4196K, reserved 1048576K
}
2016-05-12T11:31:41.524+0100: 7102.221: Total time for which application threads were stopped: 0.0392782 seconds, Stopping threads took: 0.0000529 seconds
2016-05-12T11:31:42.531+0100: 7103.229: Total time for which application threads were stopped: 0.0001650 seconds, Stopping threads took: 0.0000529 seconds
2016-05-12T11:31:43.450+0100: 7104.148: Total time for which application threads were stopped: 0.0002503 seconds, Stopping threads took: 0.0000955 seconds
2016-05-12T11:31:43.450+0100: 7104.148: Total time for which application threads were stopped: 0.0001042 seconds, Stopping threads took: 0.0000284 seconds
2016-05-12T11:31:43.451+0100: 7104.148: Total time for which application threads were stopped: 0.0001137 seconds, Stopping threads took: 0.0000292 seconds
{Heap before GC invocations=70 (full 1):
 par new generation   total 109248K, used 109248K [0x00000000e0000000, 0x00000000e8000000, 0x00000000e8000000)
  eden space 87424K, 100% used [0x00000000e0000000, 0x00000000e5560000, 0x00000000e5560000)
  from space 21824K, 100% used [0x00000000e5560000, 0x00000000e6ab0000, 0x00000000e6ab0000)
  to   space 21824K,   0% used [0x00000000e6ab0000, 0x00000000e6ab0000, 0x00000000e8000000)
 concurrent mark-sweep generation total 393216K, used 102673K [0x00000000e8000000, 0x0000000100000000, 0x0000000100000000)
 Metaspace       used 36093K, capacity 36558K, committed 36964K, reserved 1081344K
  class space    used 3998K, capacity 4167K, committed 4196K, reserved 1048576K
2016-05-12T11:31:47.079+0100: 7107.776: [GC (Allocation Failure) 2016-05-12T11:31:47.079+0100: 7107.776: [ParNew
Desired survivor size 20112992 bytes, new threshold 8 (max 8)
- age   1:     251952 bytes,     251952 total
- age   2:      43496 bytes,     295448 total
- age   3:      63328 bytes,     358776 total
- age   4:      42696 bytes,     401472 total
- age   5:     561552 bytes,     963024 total
- age   6:    5934776 bytes,    6897800 total
- age   7:    1046320 bytes,    7944120 total
- age   8:    5762696 bytes,   13706816 total
: 109248K->15481K(109248K), 0.0258051 secs] 211921K->119588K(502464K), 0.0259567 secs] [Times: user=0.03 sys=0.00, real=0.03 secs] 
Heap after GC invocations=71 (full 1):
 par new generation   total 109248K, used 15481K [0x00000000e0000000, 0x00000000e8000000, 0x00000000e8000000)
  eden space 87424K,   0% used [0x00000000e0000000, 0x00000000e0000000, 0x00000000e5560000)
  from space 21824K,  70% used [0x00000000e6ab0000, 0x00000000e79ce780, 0x00000000e8000000)
  to   space 21824K,   0% used [0x00000000e5560000, 0x00000000e5560000, 0x00000000e6ab0000)
 concurrent mark-sweep generation total 393216K, used 104106K [0x00000000e8000000, 0x0000000100000000, 0x0000000100000000)
 Metaspace       used 36093K, capacity 36558K, committed 36964K, reserved 1081344K
  class space    used 3998K, capacity 4167K, committed 4196K, reserved 1048576K
}
2016-05-12T11:31:47.105+0100: 7107.802: Total time for which application threads were stopped: 0.0264211 seconds, Stopping threads took: 0.0000553 seconds
2016-05-12T11:31:50.729+0100: 7111.426: Total time for which application threads were stopped: 0.0002100 seconds, Stopping threads took: 0.0000466 seconds
2016-05-12T11:33:31.003+0100: 7211.701: Total time for which application threads were stopped: 0.0001990 seconds, Stopping threads took: 0.0000553 seconds
2016-05-12T11:34:38.300+0100: 7279.000: Total time for which application threads were stopped: 0.0001935 seconds, Stopping threads took: 0.0000553 seconds
2016-05-12T11:34:38.300+0100: 7279.000: Total time for which application threads were stopped: 0.0001050 seconds, Stopping threads took: 0.0000442 seconds
2016-05-12T11:34:38.301+0100: 7279.001: Total time for which application threads were stopped: 0.0002693 seconds, Stopping threads took: 0.0000229 seconds
{Heap before GC invocations=71 (full 1):
 par new generation   total 109248K, used 98307K [0x00000000e0000000, 0x00000000e8000000, 0x00000000e8000000)
  eden space 87424K,  94% used [0x00000000e0000000, 0x00000000e50e26e8, 0x00000000e5560000)
  from space 21824K,  70% used [0x00000000e6ab0000, 0x00000000e79ce780, 0x00000000e8000000)
  to   space 21824K,   0% used [0x00000000e5560000, 0x00000000e5560000, 0x00000000e6ab0000)
 concurrent mark-sweep generation total 393216K, used 104106K [0x00000000e8000000, 0x0000000100000000, 0x0000000100000000)
 Metaspace       used 36101K, capacity 36558K, committed 36964K, reserved 1081344K
  class space    used 3998K, capacity 4167K, committed 4196K, reserved 1048576K
2016-05-12T11:34:38.373+0100: 7279.073: [GC (Allocation Failure) 2016-05-12T11:34:38.373+0100: 7279.073: [ParNew
Desired survivor size 20112992 bytes, new threshold 8 (max 8)
- age   1:    9308952 bytes,    9308952 total
- age   2:      43120 bytes,    9352072 total
- age   3:      43256 bytes,    9395328 total
- age   4:      62936 bytes,    9458264 total
- age   5:      42696 bytes,    9500960 total
- age   6:     549520 bytes,   10050480 total
- age   7:    5665416 bytes,   15715896 total
- age   8:    1046320 bytes,   16762216 total
: 98307K->21824K(109248K), 0.0567343 secs] 202414K->131821K(502464K), 0.0569096 secs] [Times: user=0.08 sys=0.00, real=0.06 secs] 
Heap after GC invocations=72 (full 1):
 par new generation   total 109248K, used 21824K [0x00000000e0000000, 0x00000000e8000000, 0x00000000e8000000)
  eden space 87424K,   0% used [0x00000000e0000000, 0x00000000e0000000, 0x00000000e5560000)
  from space 21824K, 100% used [0x00000000e5560000, 0x00000000e6ab0000, 0x00000000e6ab0000)
  to   space 21824K,   0% used [0x00000000e6ab0000, 0x00000000e6ab0000, 0x00000000e8000000)
 concurrent mark-sweep generation total 393216K, used 109997K [0x00000000e8000000, 0x0000000100000000, 0x0000000100000000)
 Metaspace       used 36101K, capacity 36558K, committed 36964K, reserved 1081344K
  class space    used 3998K, capacity 4167K, committed 4196K, reserved 1048576K
}
2016-05-12T11:34:38.430+0100: 7279.130: Total time for which application threads were stopped: 0.0574782 seconds, Stopping threads took: 0.0000703 seconds
2016-05-12T11:34:38.439+0100: 7279.138: Total time for which application threads were stopped: 0.0002819 seconds, Stopping threads took: 0.0000569 seconds
2016-05-12T11:34:45.701+0100: 7286.401: Total time for which application threads were stopped: 0.0001895 seconds, Stopping threads took: 0.0000513 seconds
2016-05-12T11:34:45.704+0100: 7286.404: Total time for which application threads were stopped: 0.0001832 seconds, Stopping threads took: 0.0000553 seconds
2016-05-12T11:34:45.704+0100: 7286.404: Total time for which application threads were stopped: 0.0001019 seconds, Stopping threads took: 0.0000284 seconds
2016-05-12T11:34:45.722+0100: 7286.422: Total time for which application threads were stopped: 0.0148866 seconds, Stopping threads took: 0.0147089 seconds
2016-05-12T11:34:45.724+0100: 7286.423: Total time for which application threads were stopped: 0.0001666 seconds, Stopping threads took: 0.0000505 seconds
{Heap before GC invocations=72 (full 1):
 par new generation   total 109248K, used 108146K [0x00000000e0000000, 0x00000000e8000000, 0x00000000e8000000)
  eden space 87424K,  98% used [0x00000000e0000000, 0x00000000e544cb60, 0x00000000e5560000)
  from space 21824K, 100% used [0x00000000e5560000, 0x00000000e6ab0000, 0x00000000e6ab0000)
  to   space 21824K,   0% used [0x00000000e6ab0000, 0x00000000e6ab0000, 0x00000000e8000000)
 concurrent mark-sweep generation total 393216K, used 109997K [0x00000000e8000000, 0x0000000100000000, 0x0000000100000000)
 Metaspace       used 36164K, capacity 36622K, committed 36964K, reserved 1081344K
  class space    used 3998K, capacity 4167K, committed 4196K, reserved 1048576K
2016-05-12T11:34:47.549+0100: 7288.248: [GC (Allocation Failure) 2016-05-12T11:34:47.549+0100: 7288.248: [ParNew
Desired survivor size 20112992 bytes, new threshold 8 (max 8)
- age   1:    4645856 bytes,    4645856 total
- age   2:      12608 bytes,    4658464 total
- age   3:      43080 bytes,    4701544 total
- age   4:      43256 bytes,    4744800 total
- age   5:      62936 bytes,    4807736 total
- age   6:      42696 bytes,    4850432 total
- age   7:     549520 bytes,    5399952 total
- age   8:    5665416 bytes,   11065368 total
: 108146K->11848K(109248K), 0.0214225 secs] 218144K->122868K(502464K), 0.0216263 secs] [Times: user=0.06 sys=0.00, real=0.02 secs] 
Heap after GC invocations=73 (full 1):
 par new generation   total 109248K, used 11848K [0x00000000e0000000, 0x00000000e8000000, 0x00000000e8000000)
  eden space 87424K,   0% used [0x00000000e0000000, 0x00000000e0000000, 0x00000000e5560000)
  from space 21824K,  54% used [0x00000000e6ab0000, 0x00000000e7642398, 0x00000000e8000000)
  to   space 21824K,   0% used [0x00000000e5560000, 0x00000000e5560000, 0x00000000e6ab0000)
 concurrent mark-sweep generation total 393216K, used 111019K [0x00000000e8000000, 0x0000000100000000, 0x0000000100000000)
 Metaspace       used 36164K, capacity 36622K, committed 36964K, reserved 1081344K
  class space    used 3998K, capacity 4167K, committed 4196K, reserved 1048576K
}
2016-05-12T11:34:47.570+0100: 7288.270: Total time for which application threads were stopped: 0.0221664 seconds, Stopping threads took: 0.0000648 seconds
{Heap before GC invocations=73 (full 1):
 par new generation   total 109248K, used 97493K [0x00000000e0000000, 0x00000000e8000000, 0x00000000e8000000)
  eden space 87424K,  97% used [0x00000000e0000000, 0x00000000e53a30b8, 0x00000000e5560000)
  from space 21824K,  54% used [0x00000000e6ab0000, 0x00000000e7642398, 0x00000000e8000000)
  to   space 21824K,   0% used [0x00000000e5560000, 0x00000000e5560000, 0x00000000e6ab0000)
 concurrent mark-sweep generation total 393216K, used 111019K [0x00000000e8000000, 0x0000000100000000, 0x0000000100000000)
 Metaspace       used 36197K, capacity 36622K, committed 36964K, reserved 1081344K
  class space    used 3998K, capacity 4167K, committed 4196K, reserved 1048576K
2016-05-12T11:34:51.095+0100: 7291.795: [GC (Allocation Failure) 2016-05-12T11:34:51.095+0100: 7291.795: [ParNew
Desired survivor size 20112992 bytes, new threshold 8 (max 8)
- age   1:    8453656 bytes,    8453656 total
- age   2:       3936 bytes,    8457592 total
- age   3:      12608 bytes,    8470200 total
- age   4:      43080 bytes,    8513280 total
- age   5:      43016 bytes,    8556296 total
- age   6:      62936 bytes,    8619232 total
- age   7:      42696 bytes,    8661928 total
- age   8:     549520 bytes,    9211448 total
: 97493K->13957K(109248K), 0.0498557 secs] 208512K->130509K(502464K), 0.0500191 secs] [Times: user=0.06 sys=0.00, real=0.05 secs] 
Heap after GC invocations=74 (full 1):
 par new generation   total 109248K, used 13957K [0x00000000e0000000, 0x00000000e8000000, 0x00000000e8000000)
  eden space 87424K,   0% used [0x00000000e0000000, 0x00000000e0000000, 0x00000000e5560000)
  from space 21824K,  63% used [0x00000000e5560000, 0x00000000e6301620, 0x00000000e6ab0000)
  to   space 21824K,   0% used [0x00000000e6ab0000, 0x00000000e6ab0000, 0x00000000e8000000)
 concurrent mark-sweep generation total 393216K, used 116551K [0x00000000e8000000, 0x0000000100000000, 0x0000000100000000)
 Metaspace       used 36197K, capacity 36622K, committed 36964K, reserved 1081344K
  class space    used 3998K, capacity 4167K, committed 4196K, reserved 1048576K
}
2016-05-12T11:34:51.146+0100: 7291.845: Total time for which application threads were stopped: 0.0505047 seconds, Stopping threads took: 0.0000671 seconds
{Heap before GC invocations=74 (full 1):
 par new generation   total 109248K, used 97004K [0x00000000e0000000, 0x00000000e8000000, 0x00000000e8000000)
  eden space 87424K,  94% used [0x00000000e0000000, 0x00000000e5119b88, 0x00000000e5560000)
  from space 21824K,  63% used [0x00000000e5560000, 0x00000000e6301620, 0x00000000e6ab0000)
  to   space 21824K,   0% used [0x00000000e6ab0000, 0x00000000e6ab0000, 0x00000000e8000000)
 concurrent mark-sweep generation total 393216K, used 116551K [0x00000000e8000000, 0x0000000100000000, 0x0000000100000000)
 Metaspace       used 36212K, capacity 36622K, committed 36964K, reserved 1081344K
  class space    used 3998K, capacity 4167K, committed 4196K, reserved 1048576K
2016-05-12T11:34:54.048+0100: 7294.748: [GC (Allocation Failure) 2016-05-12T11:34:54.048+0100: 7294.748: [ParNew
Desired survivor size 20112992 bytes, new threshold 8 (max 8)
- age   1:    9322632 bytes,    9322632 total
- age   2:      43704 bytes,    9366336 total
- age   3:       3840 bytes,    9370176 total
- age   4:      12608 bytes,    9382784 total
- age   5:      43080 bytes,    9425864 total
- age   6:      43016 bytes,    9468880 total
- age   7:      62936 bytes,    9531816 total
- age   8:      42696 bytes,    9574512 total
: 97004K->10554K(109248K), 0.0489997 secs] 213555K->127644K(502464K), 0.0491631 secs] [Times: user=0.06 sys=0.00, real=0.05 secs] 
Heap after GC invocations=75 (full 1):
 par new generation   total 109248K, used 10554K [0x00000000e0000000, 0x00000000e8000000, 0x00000000e8000000)
  eden space 87424K,   0% used [0x00000000e0000000, 0x00000000e0000000, 0x00000000e5560000)
  from space 21824K,  48% used [0x00000000e6ab0000, 0x00000000e74fe958, 0x00000000e8000000)
  to   space 21824K,   0% used [0x00000000e5560000, 0x00000000e5560000, 0x00000000e6ab0000)
 concurrent mark-sweep generation total 393216K, used 117090K [0x00000000e8000000, 0x0000000100000000, 0x0000000100000000)
 Metaspace       used 36212K, capacity 36622K, committed 36964K, reserved 1081344K
  class space    used 3998K, capacity 4167K, committed 4196K, reserved 1048576K
}
2016-05-12T11:34:54.097+0100: 7294.797: Total time for which application threads were stopped: 0.0496282 seconds, Stopping threads took: 0.0000505 seconds
2016-05-12T11:34:55.631+0100: 7296.332: Total time for which application threads were stopped: 0.0001998 seconds, Stopping threads took: 0.0000545 seconds
2016-05-12T11:34:55.793+0100: 7296.493: Total time for which application threads were stopped: 0.0002061 seconds, Stopping threads took: 0.0000497 seconds
2016-05-12T11:34:58.849+0100: 7299.553: Total time for which application threads were stopped: 0.0002424 seconds, Stopping threads took: 0.0000671 seconds
{Heap before GC invocations=75 (full 1):
 par new generation   total 109248K, used 97902K [0x00000000e0000000, 0x00000000e8000000, 0x00000000e8000000)
  eden space 87424K,  99% used [0x00000000e0000000, 0x00000000e554d150, 0x00000000e5560000)
  from space 21824K,  48% used [0x00000000e6ab0000, 0x00000000e74fe958, 0x00000000e8000000)
  to   space 21824K,   0% used [0x00000000e5560000, 0x00000000e5560000, 0x00000000e6ab0000)
 concurrent mark-sweep generation total 393216K, used 117090K [0x00000000e8000000, 0x0000000100000000, 0x0000000100000000)
 Metaspace       used 36214K, capacity 36622K, committed 36964K, reserved 1081344K
  class space    used 3998K, capacity 4167K, committed 4196K, reserved 1048576K
2016-05-12T11:34:58.849+0100: 7299.555: [GC (Allocation Failure) 2016-05-12T11:34:58.849+0100: 7299.555: [ParNew
Desired survivor size 20112992 bytes, new threshold 8 (max 8)
- age   1:      25304 bytes,      25304 total
- age   2:      40912 bytes,      66216 total
- age   3:      43608 bytes,     109824 total
- age   4:       3600 bytes,     113424 total
- age   5:      12456 bytes,     125880 total
- age   6:      42840 bytes,     168720 total
- age   7:      43016 bytes,     211736 total
- age   8:      62936 bytes,     274672 total
: 97902K->318K(109248K), 0.0136334 secs] 214992K->117449K(502464K), 0.0138000 secs] [Times: user=0.00 sys=0.00, real=0.02 secs] 
Heap after GC invocations=76 (full 1):
 par new generation   total 109248K, used 318K [0x00000000e0000000, 0x00000000e8000000, 0x00000000e8000000)
  eden space 87424K,   0% used [0x00000000e0000000, 0x00000000e0000000, 0x00000000e5560000)
  from space 21824K,   1% used [0x00000000e5560000, 0x00000000e55af810, 0x00000000e6ab0000)
  to   space 21824K,   0% used [0x00000000e6ab0000, 0x00000000e6ab0000, 0x00000000e8000000)
 concurrent mark-sweep generation total 393216K, used 117131K [0x00000000e8000000, 0x0000000100000000, 0x0000000100000000)
 Metaspace       used 36214K, capacity 36622K, committed 36964K, reserved 1081344K
  class space    used 3998K, capacity 4167K, committed 4196K, reserved 1048576K
}
2016-05-12T11:34:58.870+0100: 7299.569: Total time for which application threads were stopped: 0.0141933 seconds, Stopping threads took: 0.0000292 seconds
2016-05-12T11:35:13.907+0100: 7314.606: Total time for which application threads were stopped: 0.0001611 seconds, Stopping threads took: 0.0000497 seconds
2016-05-12T11:35:30.954+0100: 7331.653: Total time for which application threads were stopped: 0.0001793 seconds, Stopping threads took: 0.0000584 seconds
2016-05-12T11:35:36.928+0100: 7337.628: Total time for which application threads were stopped: 0.0003301 seconds, Stopping threads took: 0.0000837 seconds
2016-05-12T11:35:36.929+0100: 7337.628: Total time for which application threads were stopped: 0.0002195 seconds, Stopping threads took: 0.0000537 seconds
2016-05-12T11:35:36.929+0100: 7337.629: Total time for which application threads were stopped: 0.0001074 seconds, Stopping threads took: 0.0000284 seconds
2016-05-12T11:35:36.929+0100: 7337.629: Total time for which application threads were stopped: 0.0001019 seconds, Stopping threads took: 0.0000268 seconds
{Heap before GC invocations=76 (full 1):
 par new generation   total 109248K, used 87742K [0x00000000e0000000, 0x00000000e8000000, 0x00000000e8000000)
  eden space 87424K, 100% used [0x00000000e0000000, 0x00000000e5560000, 0x00000000e5560000)
  from space 21824K,   1% used [0x00000000e5560000, 0x00000000e55af810, 0x00000000e6ab0000)
  to   space 21824K,   0% used [0x00000000e6ab0000, 0x00000000e6ab0000, 0x00000000e8000000)
 concurrent mark-sweep generation total 393216K, used 117131K [0x00000000e8000000, 0x0000000100000000, 0x0000000100000000)
 Metaspace       used 36218K, capacity 36686K, committed 36964K, reserved 1081344K
  class space    used 3998K, capacity 4167K, committed 4196K, reserved 1048576K
2016-05-12T11:35:39.133+0100: 7339.833: [GC (Allocation Failure) 2016-05-12T11:35:39.133+0100: 7339.833: [ParNew
Desired survivor size 20112992 bytes, new threshold 8 (max 8)
- age   1:     118304 bytes,     118304 total
- age   2:       2840 bytes,     121144 total
- age   3:      40880 bytes,     162024 total
- age   4:      43608 bytes,     205632 total
- age   5:       3360 bytes,     208992 total
- age   6:      12272 bytes,     221264 total
- age   7:      42600 bytes,     263864 total
- age   8:      43016 bytes,     306880 total
: 87742K->324K(109248K), 0.0117224 secs] 204873K->117517K(502464K), 0.0118575 secs] [Times: user=0.00 sys=0.00, real=0.01 secs] 
Heap after GC invocations=77 (full 1):
 par new generation   total 109248K, used 324K [0x00000000e0000000, 0x00000000e8000000, 0x00000000e8000000)
  eden space 87424K,   0% used [0x00000000e0000000, 0x00000000e0000000, 0x00000000e5560000)
  from space 21824K,   1% used [0x00000000e6ab0000, 0x00000000e6b01278, 0x00000000e8000000)
  to   space 21824K,   0% used [0x00000000e5560000, 0x00000000e5560000, 0x00000000e6ab0000)
 concurrent mark-sweep generation total 393216K, used 117193K [0x00000000e8000000, 0x0000000100000000, 0x0000000100000000)
 Metaspace       used 36218K, capacity 36686K, committed 36964K, reserved 1081344K
  class space    used 3998K, capacity 4167K, committed 4196K, reserved 1048576K
}
2016-05-12T11:35:39.145+0100: 7339.845: Total time for which application threads were stopped: 0.0123494 seconds, Stopping threads took: 0.0000497 seconds
2016-05-12T11:35:41.359+0100: 7342.059: Total time for which application threads were stopped: 0.0001927 seconds, Stopping threads took: 0.0000529 seconds
2016-05-12T11:35:41.360+0100: 7342.059: Total time for which application threads were stopped: 0.0001066 seconds, Stopping threads took: 0.0000268 seconds
2016-05-12T11:35:41.360+0100: 7342.059: Total time for which application threads were stopped: 0.0000995 seconds, Stopping threads took: 0.0000261 seconds
2016-05-12T11:35:41.360+0100: 7342.060: Total time for which application threads were stopped: 0.0000963 seconds, Stopping threads took: 0.0000253 seconds
2016-05-12T11:35:41.360+0100: 7342.060: Total time for which application threads were stopped: 0.0003119 seconds, Stopping threads took: 0.0000253 seconds
2016-05-12T11:36:36.845+0100: 7397.546: Total time for which application threads were stopped: 0.0001864 seconds, Stopping threads took: 0.0000434 seconds
2016-05-12T11:36:36.846+0100: 7397.546: Total time for which application threads were stopped: 0.0000869 seconds, Stopping threads took: 0.0000213 seconds
2016-05-12T11:36:36.847+0100: 7397.547: Total time for which application threads were stopped: 0.0001374 seconds, Stopping threads took: 0.0000308 seconds
2016-05-12T11:36:36.941+0100: 7397.642: Total time for which application threads were stopped: 0.0002819 seconds, Stopping threads took: 0.0000490 seconds
{Heap before GC invocations=77 (full 1):
 par new generation   total 109248K, used 87489K [0x00000000e0000000, 0x00000000e8000000, 0x00000000e8000000)
  eden space 87424K,  99% used [0x00000000e0000000, 0x00000000e551f198, 0x00000000e5560000)
  from space 21824K,   1% used [0x00000000e6ab0000, 0x00000000e6b01278, 0x00000000e8000000)
  to   space 21824K,   0% used [0x00000000e5560000, 0x00000000e5560000, 0x00000000e6ab0000)
 concurrent mark-sweep generation total 393216K, used 117193K [0x00000000e8000000, 0x0000000100000000, 0x0000000100000000)
 Metaspace       used 36220K, capacity 36686K, committed 36964K, reserved 1081344K
  class space    used 3998K, capacity 4167K, committed 4196K, reserved 1048576K
2016-05-12T11:36:42.103+0100: 7402.804: [GC (Allocation Failure) 2016-05-12T11:36:42.103+0100: 7402.804: [ParNew
Desired survivor size 20112992 bytes, new threshold 8 (max 8)
- age   1:    1868672 bytes,    1868672 total
- age   2:       4680 bytes,    1873352 total
- age   3:       2768 bytes,    1876120 total
- age   4:      40880 bytes,    1917000 total
- age   5:      43368 bytes,    1960368 total
- age   6:       3360 bytes,    1963728 total
- age   7:        256 bytes,    1963984 total
- age   8:      42600 bytes,    2006584 total
: 87489K->1998K(109248K), 0.0126400 secs] 204682K->119233K(502464K), 0.0128145 secs] [Times: user=0.03 sys=0.00, real=0.01 secs] 
Heap after GC invocations=78 (full 1):
 par new generation   total 109248K, used 1998K [0x00000000e0000000, 0x00000000e8000000, 0x00000000e8000000)
  eden space 87424K,   0% used [0x00000000e0000000, 0x00000000e0000000, 0x00000000e5560000)
  from space 21824K,   9% used [0x00000000e5560000, 0x00000000e57539a0, 0x00000000e6ab0000)
  to   space 21824K,   0% used [0x00000000e6ab0000, 0x00000000e6ab0000, 0x00000000e8000000)
 concurrent mark-sweep generation total 393216K, used 117235K [0x00000000e8000000, 0x0000000100000000, 0x0000000100000000)
 Metaspace       used 36220K, capacity 36686K, committed 36964K, reserved 1081344K
  class space    used 3998K, capacity 4167K, committed 4196K, reserved 1048576K
}
2016-05-12T11:36:42.116+0100: 7402.817: Total time for which application threads were stopped: 0.0132599 seconds, Stopping threads took: 0.0000490 seconds
2016-05-12T11:36:43.862+0100: 7404.562: Total time for which application threads were stopped: 0.0001611 seconds, Stopping threads took: 0.0000426 seconds
2016-05-12T11:36:43.862+0100: 7404.563: Total time for which application threads were stopped: 0.0000916 seconds, Stopping threads took: 0.0000213 seconds
2016-05-12T11:36:43.863+0100: 7404.564: Total time for which application threads were stopped: 0.0001548 seconds, Stopping threads took: 0.0000300 seconds
2016-05-12T11:36:43.863+0100: 7404.564: Total time for which application threads were stopped: 0.0000932 seconds, Stopping threads took: 0.0000197 seconds
{Heap before GC invocations=78 (full 1):
 par new generation   total 109248K, used 89021K [0x00000000e0000000, 0x00000000e8000000, 0x00000000e8000000)
  eden space 87424K,  99% used [0x00000000e0000000, 0x00000000e54fbbc0, 0x00000000e5560000)
  from space 21824K,   9% used [0x00000000e5560000, 0x00000000e57539a0, 0x00000000e6ab0000)
  to   space 21824K,   0% used [0x00000000e6ab0000, 0x00000000e6ab0000, 0x00000000e8000000)
 concurrent mark-sweep generation total 393216K, used 117235K [0x00000000e8000000, 0x0000000100000000, 0x0000000100000000)
 Metaspace       used 36220K, capacity 36686K, committed 36964K, reserved 1081344K
  class space    used 3998K, capacity 4167K, committed 4196K, reserved 1048576K
2016-05-12T11:36:46.943+0100: 7407.643: [GC (Allocation Failure) 2016-05-12T11:36:46.943+0100: 7407.644: [ParNew
Desired survivor size 20112992 bytes, new threshold 8 (max 8)
- age   1:      22816 bytes,      22816 total
- age   2:      15616 bytes,      38432 total
- age   3:       4384 bytes,      42816 total
- age   4:       2496 bytes,      45312 total
- age   5:      40880 bytes,      86192 total
- age   6:      43368 bytes,     129560 total
- age   7:       3360 bytes,     132920 total
- age   8:        256 bytes,     133176 total
: 89021K->150K(109248K), 0.0117935 secs] 206256K->117427K(502464K), 0.0119799 secs] [Times: user=0.00 sys=0.00, real=0.01 secs] 
Heap after GC invocations=79 (full 1):
 par new generation   total 109248K, used 150K [0x00000000e0000000, 0x00000000e8000000, 0x00000000e8000000)
  eden space 87424K,   0% used [0x00000000e0000000, 0x00000000e0000000, 0x00000000e5560000)
  from space 21824K,   0% used [0x00000000e6ab0000, 0x00000000e6ad5bd0, 0x00000000e8000000)
  to   space 21824K,   0% used [0x00000000e5560000, 0x00000000e5560000, 0x00000000e6ab0000)
 concurrent mark-sweep generation total 393216K, used 117277K [0x00000000e8000000, 0x0000000100000000, 0x0000000100000000)
 Metaspace       used 36220K, capacity 36686K, committed 36964K, reserved 1081344K
  class space    used 3998K, capacity 4167K, committed 4196K, reserved 1048576K
}
2016-05-12T11:36:46.955+0100: 7407.656: Total time for which application threads were stopped: 0.0124473 seconds, Stopping threads took: 0.0000726 seconds
2016-05-12T11:37:57.234+0100: 7477.944: Total time for which application threads were stopped: 0.0002843 seconds, Stopping threads took: 0.0000719 seconds
2016-05-12T11:37:57.250+0100: 7477.952: Total time for which application threads were stopped: 0.0001445 seconds, Stopping threads took: 0.0000379 seconds
2016-05-12T11:37:57.250+0100: 7477.952: Total time for which application threads were stopped: 0.0000845 seconds, Stopping threads took: 0.0000205 seconds
2016-05-12T11:37:57.251+0100: 7477.953: Total time for which application threads were stopped: 0.0001137 seconds, Stopping threads took: 0.0000221 seconds
2016-05-12T11:37:57.253+0100: 7477.955: Total time for which application threads were stopped: 0.0001856 seconds, Stopping threads took: 0.0000411 seconds
2016-05-12T11:37:57.273+0100: 7477.976: Total time for which application threads were stopped: 0.0205089 seconds, Stopping threads took: 0.0203431 seconds
2016-05-12T11:37:57.316+0100: 7478.018: Total time for which application threads were stopped: 0.0003514 seconds, Stopping threads took: 0.0000790 seconds
{Heap before GC invocations=79 (full 1):
 par new generation   total 109248K, used 86760K [0x00000000e0000000, 0x00000000e8000000, 0x00000000e8000000)
  eden space 87424K,  99% used [0x00000000e0000000, 0x00000000e5494690, 0x00000000e5560000)
  from space 21824K,   0% used [0x00000000e6ab0000, 0x00000000e6ad5bd0, 0x00000000e8000000)
  to   space 21824K,   0% used [0x00000000e5560000, 0x00000000e5560000, 0x00000000e6ab0000)
 concurrent mark-sweep generation total 393216K, used 117277K [0x00000000e8000000, 0x0000000100000000, 0x0000000100000000)
 Metaspace       used 36259K, capacity 36686K, committed 36964K, reserved 1081344K
  class space    used 3998K, capacity 4167K, committed 4196K, reserved 1048576K
2016-05-12T11:37:57.539+0100: 7478.242: [GC (Allocation Failure) 2016-05-12T11:37:57.540+0100: 7478.242: [ParNew
Desired survivor size 20112992 bytes, new threshold 8 (max 8)
- age   1:    4657216 bytes,    4657216 total
- age   2:        976 bytes,    4658192 total
- age   3:       3264 bytes,    4661456 total
- age   4:       4384 bytes,    4665840 total
- age   5:       2496 bytes,    4668336 total
- age   6:      40640 bytes,    4708976 total
- age   7:      43368 bytes,    4752344 total
- age   8:       3360 bytes,    4755704 total
: 86760K->4659K(109248K), 0.0137882 secs] 204037K->121936K(502464K), 0.0139564 secs] [Times: user=0.03 sys=0.00, real=0.01 secs] 
Heap after GC invocations=80 (full 1):
 par new generation   total 109248K, used 4659K [0x00000000e0000000, 0x00000000e8000000, 0x00000000e8000000)
  eden space 87424K,   0% used [0x00000000e0000000, 0x00000000e0000000, 0x00000000e5560000)
  from space 21824K,  21% used [0x00000000e5560000, 0x00000000e59ecd18, 0x00000000e6ab0000)
  to   space 21824K,   0% used [0x00000000e6ab0000, 0x00000000e6ab0000, 0x00000000e8000000)
 concurrent mark-sweep generation total 393216K, used 117277K [0x00000000e8000000, 0x0000000100000000, 0x0000000100000000)
 Metaspace       used 36259K, capacity 36686K, committed 36964K, reserved 1081344K
  class space    used 3998K, capacity 4167K, committed 4196K, reserved 1048576K
}
2016-05-12T11:37:57.554+0100: 7478.256: Total time for which application threads were stopped: 0.0144136 seconds, Stopping threads took: 0.0000490 seconds
2016-05-12T11:38:03.133+0100: 7483.835: Total time for which application threads were stopped: 0.0001895 seconds, Stopping threads took: 0.0000584 seconds
2016-05-12T11:38:03.133+0100: 7483.835: Total time for which application threads were stopped: 0.0000995 seconds, Stopping threads took: 0.0000284 seconds
2016-05-12T11:38:04.135+0100: 7484.837: Total time for which application threads were stopped: 0.0001698 seconds, Stopping threads took: 0.0000537 seconds
{Heap before GC invocations=80 (full 1):
 par new generation   total 109248K, used 89270K [0x00000000e0000000, 0x00000000e8000000, 0x00000000e8000000)
  eden space 87424K,  96% used [0x00000000e0000000, 0x00000000e52a0d48, 0x00000000e5560000)
  from space 21824K,  21% used [0x00000000e5560000, 0x00000000e59ecd18, 0x00000000e6ab0000)
  to   space 21824K,   0% used [0x00000000e6ab0000, 0x00000000e6ab0000, 0x00000000e8000000)
 concurrent mark-sweep generation total 393216K, used 117277K [0x00000000e8000000, 0x0000000100000000, 0x0000000100000000)
 Metaspace       used 36259K, capacity 36686K, committed 36964K, reserved 1081344K
  class space    used 3998K, capacity 4167K, committed 4196K, reserved 1048576K
2016-05-12T11:38:10.755+0100: 7491.459: [GC (Allocation Failure) 2016-05-12T11:38:10.756+0100: 7491.459: [ParNew
Desired survivor size 20112992 bytes, new threshold 8 (max 8)
- age   1:    1368456 bytes,    1368456 total
- age   2:      15536 bytes,    1383992 total
- age   3:        648 bytes,    1384640 total
- age   4:       3264 bytes,    1387904 total
- age   5:       4112 bytes,    1392016 total
- age   6:       2496 bytes,    1394512 total
- age   7:      40640 bytes,    1435152 total
- age   8:      43368 bytes,    1478520 total
: 89270K->1451K(109248K), 0.0114326 secs] 206547K->118731K(502464K), 0.0115992 secs] [Times: user=0.03 sys=0.00, real=0.01 secs] 
Heap after GC invocations=81 (full 1):
 par new generation   total 109248K, used 1451K [0x00000000e0000000, 0x00000000e8000000, 0x00000000e8000000)
  eden space 87424K,   0% used [0x00000000e0000000, 0x00000000e0000000, 0x00000000e5560000)
  from space 21824K,   6% used [0x00000000e6ab0000, 0x00000000e6c1acb8, 0x00000000e8000000)
  to   space 21824K,   0% used [0x00000000e5560000, 0x00000000e5560000, 0x00000000e6ab0000)
 concurrent mark-sweep generation total 393216K, used 117280K [0x00000000e8000000, 0x0000000100000000, 0x0000000100000000)
 Metaspace       used 36259K, capacity 36686K, committed 36964K, reserved 1081344K
  class space    used 3998K, capacity 4167K, committed 4196K, reserved 1048576K
}
2016-05-12T11:38:10.767+0100: 7491.471: Total time for which application threads were stopped: 0.0120414 seconds, Stopping threads took: 0.0000497 seconds
2016-05-12T11:38:12.092+0100: 7492.795: Total time for which application threads were stopped: 0.0002053 seconds, Stopping threads took: 0.0000545 seconds
2016-05-12T11:38:15.096+0100: 7495.799: Total time for which application threads were stopped: 0.0001950 seconds, Stopping threads took: 0.0000490 seconds
2016-05-12T11:38:31.133+0100: 7511.837: Total time for which application threads were stopped: 0.0001658 seconds, Stopping threads took: 0.0000529 seconds
{Heap before GC invocations=81 (full 1):
 par new generation   total 109248K, used 86538K [0x00000000e0000000, 0x00000000e8000000, 0x00000000e8000000)
  eden space 87424K,  97% used [0x00000000e0000000, 0x00000000e5317d48, 0x00000000e5560000)
  from space 21824K,   6% used [0x00000000e6ab0000, 0x00000000e6c1acb8, 0x00000000e8000000)
  to   space 21824K,   0% used [0x00000000e5560000, 0x00000000e5560000, 0x00000000e6ab0000)
 concurrent mark-sweep generation total 393216K, used 117280K [0x00000000e8000000, 0x0000000100000000, 0x0000000100000000)
 Metaspace       used 36294K, capacity 36750K, committed 36964K, reserved 1081344K
  class space    used 4003K, capacity 4167K, committed 4196K, reserved 1048576K
2016-05-12T11:38:32.475+0100: 7513.179: [GC (Allocation Failure) 2016-05-12T11:38:32.475+0100: 7513.179: [ParNew
Desired survivor size 20112992 bytes, new threshold 8 (max 8)
- age   1:      80112 bytes,      80112 total
- age   2:       2720 bytes,      82832 total
- age   3:      15264 bytes,      98096 total
- age   4:        408 bytes,      98504 total
- age   5:       3048 bytes,     101552 total
- age   6:       4112 bytes,     105664 total
- age   7:       2496 bytes,     108160 total
- age   8:      40640 bytes,     148800 total
: 86538K->164K(109248K), 0.0112984 secs] 203819K->117487K(502464K), 0.0114413 secs] [Times: user=0.03 sys=0.00, real=0.01 secs] 
Heap after GC invocations=82 (full 1):
 par new generation   total 109248K, used 164K [0x00000000e0000000, 0x00000000e8000000, 0x00000000e8000000)
  eden space 87424K,   0% used [0x00000000e0000000, 0x00000000e0000000, 0x00000000e5560000)
  from space 21824K,   0% used [0x00000000e5560000, 0x00000000e55890d8, 0x00000000e6ab0000)
  to   space 21824K,   0% used [0x00000000e6ab0000, 0x00000000e6ab0000, 0x00000000e8000000)
 concurrent mark-sweep generation total 393216K, used 117322K [0x00000000e8000000, 0x0000000100000000, 0x0000000100000000)
 Metaspace       used 36294K, capacity 36750K, committed 36964K, reserved 1081344K
  class space    used 4003K, capacity 4167K, committed 4196K, reserved 1048576K
}
2016-05-12T11:38:32.486+0100: 7513.190: Total time for which application threads were stopped: 0.0119198 seconds, Stopping threads took: 0.0000632 seconds
2016-05-12T11:38:33.490+0100: 7514.193: Total time for which application threads were stopped: 0.0001595 seconds, Stopping threads took: 0.0000474 seconds
2016-05-12T11:38:34.011+0100: 7514.714: Total time for which application threads were stopped: 0.0001943 seconds, Stopping threads took: 0.0000521 seconds
2016-05-12T11:38:34.011+0100: 7514.714: Total time for which application threads were stopped: 0.0001011 seconds, Stopping threads took: 0.0000213 seconds
2016-05-12T11:38:34.012+0100: 7514.715: Total time for which application threads were stopped: 0.0001106 seconds, Stopping threads took: 0.0000363 seconds
2016-05-12T11:38:34.012+0100: 7514.715: Total time for which application threads were stopped: 0.0000932 seconds, Stopping threads took: 0.0000190 seconds
2016-05-12T11:38:34.012+0100: 7514.715: Total time for which application threads were stopped: 0.0000924 seconds, Stopping threads took: 0.0000197 seconds
2016-05-12T11:38:34.012+0100: 7514.715: Total time for which application threads were stopped: 0.0000948 seconds, Stopping threads took: 0.0000190 seconds
2016-05-12T11:38:34.013+0100: 7514.716: Total time for which application threads were stopped: 0.0001003 seconds, Stopping threads took: 0.0000197 seconds
{Heap before GC invocations=82 (full 1):
 par new generation   total 109248K, used 84776K [0x00000000e0000000, 0x00000000e8000000, 0x00000000e8000000)
  eden space 87424K,  96% used [0x00000000e0000000, 0x00000000e52a1190, 0x00000000e5560000)
  from space 21824K,   0% used [0x00000000e5560000, 0x00000000e55890d8, 0x00000000e6ab0000)
  to   space 21824K,   0% used [0x00000000e6ab0000, 0x00000000e6ab0000, 0x00000000e8000000)
 concurrent mark-sweep generation total 393216K, used 117322K [0x00000000e8000000, 0x0000000100000000, 0x0000000100000000)
 Metaspace       used 36294K, capacity 36750K, committed 36964K, reserved 1081344K
  class space    used 4003K, capacity 4167K, committed 4196K, reserved 1048576K
2016-05-12T11:38:34.196+0100: 7514.899: [GC (Allocation Failure) 2016-05-12T11:38:34.196+0100: 7514.899: [ParNew
Desired survivor size 20112992 bytes, new threshold 8 (max 8)
- age   1:    4644080 bytes,    4644080 total
- age   2:       5376 bytes,    4649456 total
- age   3:       2720 bytes,    4652176 total
- age   4:      15264 bytes,    4667440 total
- age   5:        168 bytes,    4667608 total
- age   6:       3048 bytes,    4670656 total
- age   7:       4112 bytes,    4674768 total
- age   8:       2496 bytes,    4677264 total
: 84776K->4591K(109248K), 0.0135789 secs] 202099K->121954K(502464K), 0.0137218 secs] [Times: user=0.02 sys=0.01, real=0.01 secs] 
Heap after GC invocations=83 (full 1):
 par new generation   total 109248K, used 4591K [0x00000000e0000000, 0x00000000e8000000, 0x00000000e8000000)
  eden space 87424K,   0% used [0x00000000e0000000, 0x00000000e0000000, 0x00000000e5560000)
  from space 21824K,  21% used [0x00000000e6ab0000, 0x00000000e6f2be08, 0x00000000e8000000)
  to   space 21824K,   0% used [0x00000000e5560000, 0x00000000e5560000, 0x00000000e6ab0000)
 concurrent mark-sweep generation total 393216K, used 117362K [0x00000000e8000000, 0x0000000100000000, 0x0000000100000000)
 Metaspace       used 36294K, capacity 36750K, committed 36964K, reserved 1081344K
  class space    used 4003K, capacity 4167K, committed 4196K, reserved 1048576K
}
2016-05-12T11:38:34.209+0100: 7514.912: Total time for which application threads were stopped: 0.0142706 seconds, Stopping threads took: 0.0001279 seconds
2016-05-12T11:38:35.420+0100: 7516.123: Total time for which application threads were stopped: 0.0029423 seconds, Stopping threads took: 0.0027504 seconds
{Heap before GC invocations=83 (full 1):
 par new generation   total 109248K, used 91625K [0x00000000e0000000, 0x00000000e8000000, 0x00000000e8000000)
  eden space 87424K,  99% used [0x00000000e0000000, 0x00000000e54fe838, 0x00000000e5560000)
  from space 21824K,  21% used [0x00000000e6ab0000, 0x00000000e6f2be08, 0x00000000e8000000)
  to   space 21824K,   0% used [0x00000000e5560000, 0x00000000e5560000, 0x00000000e6ab0000)
 concurrent mark-sweep generation total 393216K, used 117362K [0x00000000e8000000, 0x0000000100000000, 0x0000000100000000)
 Metaspace       used 36294K, capacity 36750K, committed 36964K, reserved 1081344K
  class space    used 4003K, capacity 4167K, committed 4196K, reserved 1048576K
2016-05-12T11:38:38.067+0100: 7518.770: [GC (Allocation Failure) 2016-05-12T11:38:38.067+0100: 7518.771: [ParNew
Desired survivor size 20112992 bytes, new threshold 8 (max 8)
- age   1:      50408 bytes,      50408 total
- age   2:       2624 bytes,      53032 total
- age   3:       4704 bytes,      57736 total
- age   4:       2480 bytes,      60216 total
- age   5:      15264 bytes,      75480 total
- age   6:        168 bytes,      75648 total
- age   7:       3048 bytes,      78696 total
- age   8:       4112 bytes,      82808 total
: 91625K->88K(109248K), 0.0118717 secs] 208988K->117453K(502464K), 0.0121275 secs] [Times: user=0.02 sys=0.01, real=0.01 secs] 
Heap after GC invocations=84 (full 1):
 par new generation   total 109248K, used 88K [0x00000000e0000000, 0x00000000e8000000, 0x00000000e8000000)
  eden space 87424K,   0% used [0x00000000e0000000, 0x00000000e0000000, 0x00000000e5560000)
  from space 21824K,   0% used [0x00000000e5560000, 0x00000000e5576280, 0x00000000e6ab0000)
  to   space 21824K,   0% used [0x00000000e6ab0000, 0x00000000e6ab0000, 0x00000000e8000000)
 concurrent mark-sweep generation total 393216K, used 117365K [0x00000000e8000000, 0x0000000100000000, 0x0000000100000000)
 Metaspace       used 36294K, capacity 36750K, committed 36964K, reserved 1081344K
  class space    used 4003K, capacity 4167K, committed 4196K, reserved 1048576K
}
2016-05-12T11:38:38.079+0100: 7518.783: Total time for which application threads were stopped: 0.0271791 seconds, Stopping threads took: 0.0146481 seconds
2016-05-12T11:39:29.930+0100: 7570.642: Total time for which application threads were stopped: 0.0002069 seconds, Stopping threads took: 0.0000592 seconds
2016-05-12T11:39:29.931+0100: 7570.642: Total time for which application threads were stopped: 0.0001848 seconds, Stopping threads took: 0.0001177 seconds
2016-05-12T11:39:29.931+0100: 7570.643: Total time for which application threads were stopped: 0.0001485 seconds, Stopping threads took: 0.0000403 seconds
2016-05-12T11:39:29.933+0100: 7570.644: Total time for which application threads were stopped: 0.0001508 seconds, Stopping threads took: 0.0000332 seconds
2016-05-12T11:39:30.007+0100: 7570.719: Total time for which application threads were stopped: 0.0003048 seconds, Stopping threads took: 0.0000505 seconds
2016-05-12T11:39:37.552+0100: 7578.270: Total time for which application threads were stopped: 0.0003474 seconds, Stopping threads took: 0.0000497 seconds
2016-05-12T11:39:37.552+0100: 7578.270: Total time for which application threads were stopped: 0.0000916 seconds, Stopping threads took: 0.0000213 seconds
{Heap before GC invocations=84 (full 1):
 par new generation   total 109248K, used 87512K [0x00000000e0000000, 0x00000000e8000000, 0x00000000e8000000)
  eden space 87424K, 100% used [0x00000000e0000000, 0x00000000e5560000, 0x00000000e5560000)
  from space 21824K,   0% used [0x00000000e5560000, 0x00000000e5576280, 0x00000000e6ab0000)
  to   space 21824K,   0% used [0x00000000e6ab0000, 0x00000000e6ab0000, 0x00000000e8000000)
 concurrent mark-sweep generation total 393216K, used 117365K [0x00000000e8000000, 0x0000000100000000, 0x0000000100000000)
 Metaspace       used 36300K, capacity 36750K, committed 36964K, reserved 1081344K
  class space    used 4003K, capacity 4167K, committed 4196K, reserved 1048576K
2016-05-12T11:39:37.569+0100: 7578.281: [GC (Allocation Failure) 2016-05-12T11:39:37.570+0100: 7578.281: [ParNew
Desired survivor size 20112992 bytes, new threshold 8 (max 8)
- age   1:     896992 bytes,     896992 total
- age   2:       2976 bytes,     899968 total
- age   3:       2592 bytes,     902560 total
- age   4:       4312 bytes,     906872 total
- age   5:       2448 bytes,     909320 total
- age   6:       3096 bytes,     912416 total
- age   7:        168 bytes,     912584 total
- age   8:       3008 bytes,     915592 total
: 87512K->909K(109248K), 0.0132149 secs] 204877K->118278K(502464K), 0.0134036 secs] [Times: user=0.03 sys=0.00, real=0.01 secs] 
Heap after GC invocations=85 (full 1):
 par new generation   total 109248K, used 909K [0x00000000e0000000, 0x00000000e8000000, 0x00000000e8000000)
  eden space 87424K,   0% used [0x00000000e0000000, 0x00000000e0000000, 0x00000000e5560000)
  from space 21824K,   4% used [0x00000000e6ab0000, 0x00000000e6b93480, 0x00000000e8000000)
  to   space 21824K,   0% used [0x00000000e5560000, 0x00000000e5560000, 0x00000000e6ab0000)
 concurrent mark-sweep generation total 393216K, used 117369K [0x00000000e8000000, 0x0000000100000000, 0x0000000100000000)
 Metaspace       used 36300K, capacity 36750K, committed 36964K, reserved 1081344K
  class space    used 4003K, capacity 4167K, committed 4196K, reserved 1048576K
}
2016-05-12T11:39:37.583+0100: 7578.295: Total time for which application threads were stopped: 0.0139066 seconds, Stopping threads took: 0.0000569 seconds
2016-05-12T11:39:39.339+0100: 7580.056: Total time for which application threads were stopped: 0.0001840 seconds, Stopping threads took: 0.0000513 seconds
2016-05-12T11:41:19.519+0100: 7680.234: Total time for which application threads were stopped: 0.0002014 seconds, Stopping threads took: 0.0000537 seconds
2016-05-12T11:41:20.926+0100: 7681.641: Total time for which application threads were stopped: 0.0001485 seconds, Stopping threads took: 0.0000387 seconds
2016-05-12T11:41:20.926+0100: 7681.641: Total time for which application threads were stopped: 0.0000963 seconds, Stopping threads took: 0.0000355 seconds
2016-05-12T11:41:20.927+0100: 7681.641: Total time for which application threads were stopped: 0.0001279 seconds, Stopping threads took: 0.0000221 seconds
2016-05-12T11:41:20.981+0100: 7681.696: Total time for which application threads were stopped: 0.0003048 seconds, Stopping threads took: 0.0000474 seconds
2016-05-12T11:41:24.555+0100: 7685.269: Total time for which application threads were stopped: 0.0001595 seconds, Stopping threads took: 0.0000426 seconds
2016-05-12T11:41:24.555+0100: 7685.269: Total time for which application threads were stopped: 0.0000932 seconds, Stopping threads took: 0.0000221 seconds
{Heap before GC invocations=85 (full 1):
 par new generation   total 109248K, used 87587K [0x00000000e0000000, 0x00000000e8000000, 0x00000000e8000000)
  eden space 87424K,  99% used [0x00000000e0000000, 0x00000000e54a59b8, 0x00000000e5560000)
  from space 21824K,   4% used [0x00000000e6ab0000, 0x00000000e6b93480, 0x00000000e8000000)
  to   space 21824K,   0% used [0x00000000e5560000, 0x00000000e5560000, 0x00000000e6ab0000)
 concurrent mark-sweep generation total 393216K, used 117369K [0x00000000e8000000, 0x0000000100000000, 0x0000000100000000)
 Metaspace       used 36302K, capacity 36750K, committed 36964K, reserved 1081344K
  class space    used 4003K, capacity 4167K, committed 4196K, reserved 1048576K
2016-05-12T11:41:24.571+0100: 7685.285: [GC (Allocation Failure) 2016-05-12T11:41:24.571+0100: 7685.285: [ParNew
Desired survivor size 20112992 bytes, new threshold 8 (max 8)
- age   1:      35888 bytes,      35888 total
- age   2:      20096 bytes,      55984 total
- age   3:       2976 bytes,      58960 total
- age   4:       2352 bytes,      61312 total
- age   5:       4096 bytes,      65408 total
- age   6:       2424 bytes,      67832 total
- age   7:       3056 bytes,      70888 total
- age   8:        168 bytes,      71056 total
: 87587K->90K(109248K), 0.0174995 secs] 204956K->117462K(502464K), 0.0176748 secs] [Times: user=0.02 sys=0.00, real=0.02 secs] 
Heap after GC invocations=86 (full 1):
 par new generation   total 109248K, used 90K [0x00000000e0000000, 0x00000000e8000000, 0x00000000e8000000)
  eden space 87424K,   0% used [0x00000000e0000000, 0x00000000e0000000, 0x00000000e5560000)
  from space 21824K,   0% used [0x00000000e5560000, 0x00000000e5576bc0, 0x00000000e6ab0000)
  to   space 21824K,   0% used [0x00000000e6ab0000, 0x00000000e6ab0000, 0x00000000e8000000)
 concurrent mark-sweep generation total 393216K, used 117371K [0x00000000e8000000, 0x0000000100000000, 0x0000000100000000)
 Metaspace       used 36302K, capacity 36750K, committed 36964K, reserved 1081344K
  class space    used 4003K, capacity 4167K, committed 4196K, reserved 1048576K
}
2016-05-12T11:41:24.589+0100: 7685.303: Total time for which application threads were stopped: 0.0182663 seconds, Stopping threads took: 0.0001335 seconds
2016-05-12T11:41:26.673+0100: 7687.387: Total time for which application threads were stopped: 0.0001927 seconds, Stopping threads took: 0.0000482 seconds
{Heap before GC invocations=86 (full 1):
 par new generation   total 109248K, used 86323K [0x00000000e0000000, 0x00000000e8000000, 0x00000000e8000000)
  eden space 87424K,  98% used [0x00000000e0000000, 0x00000000e5436268, 0x00000000e5560000)
  from space 21824K,   0% used [0x00000000e5560000, 0x00000000e5576bc0, 0x00000000e6ab0000)
  to   space 21824K,   0% used [0x00000000e6ab0000, 0x00000000e6ab0000, 0x00000000e8000000)
 concurrent mark-sweep generation total 393216K, used 117371K [0x00000000e8000000, 0x0000000100000000, 0x0000000100000000)
 Metaspace       used 36302K, capacity 36750K, committed 36964K, reserved 1081344K
  class space    used 4003K, capacity 4167K, committed 4196K, reserved 1048576K
2016-05-12T11:41:26.861+0100: 7687.575: [GC (Allocation Failure) 2016-05-12T11:41:26.861+0100: 7687.575: [ParNew
Desired survivor size 20112992 bytes, new threshold 8 (max 8)
- age   1:    3341488 bytes,    3341488 total
- age   2:      13512 bytes,    3355000 total
- age   3:      19816 bytes,    3374816 total
- age   4:       2976 bytes,    3377792 total
- age   5:       2352 bytes,    3380144 total
- age   6:       4096 bytes,    3384240 total
- age   7:       2424 bytes,    3386664 total
- age   8:       3056 bytes,    3389720 total
: 86323K->3320K(109248K), 0.0108601 secs] 203695K->120692K(502464K), 0.0110188 secs] [Times: user=0.02 sys=0.00, real=0.01 secs] 
Heap after GC invocations=87 (full 1):
 par new generation   total 109248K, used 3320K [0x00000000e0000000, 0x00000000e8000000, 0x00000000e8000000)
  eden space 87424K,   0% used [0x00000000e0000000, 0x00000000e0000000, 0x00000000e5560000)
  from space 21824K,  15% used [0x00000000e6ab0000, 0x00000000e6dee2e8, 0x00000000e8000000)
  to   space 21824K,   0% used [0x00000000e5560000, 0x00000000e5560000, 0x00000000e6ab0000)
 concurrent mark-sweep generation total 393216K, used 117372K [0x00000000e8000000, 0x0000000100000000, 0x0000000100000000)
 Metaspace       used 36302K, capacity 36750K, committed 36964K, reserved 1081344K
  class space    used 4003K, capacity 4167K, committed 4196K, reserved 1048576K
}
2016-05-12T11:41:26.872+0100: 7687.586: Total time for which application threads were stopped: 0.0114761 seconds, Stopping threads took: 0.0000648 seconds
2016-05-12T11:41:28.874+0100: 7689.588: Total time for which application threads were stopped: 0.0001571 seconds, Stopping threads took: 0.0000474 seconds
{Heap before GC invocations=87 (full 1):
 par new generation   total 109248K, used 89771K [0x00000000e0000000, 0x00000000e8000000, 0x00000000e8000000)
  eden space 87424K,  98% used [0x00000000e0000000, 0x00000000e546ca18, 0x00000000e5560000)
  from space 21824K,  15% used [0x00000000e6ab0000, 0x00000000e6dee2e8, 0x00000000e8000000)
  to   space 21824K,   0% used [0x00000000e5560000, 0x00000000e5560000, 0x00000000e6ab0000)
 concurrent mark-sweep generation total 393216K, used 117372K [0x00000000e8000000, 0x0000000100000000, 0x0000000100000000)
 Metaspace       used 36310K, capacity 36750K, committed 36964K, reserved 1081344K
  class space    used 4003K, capacity 4167K, committed 4196K, reserved 1048576K
2016-05-12T11:41:34.009+0100: 7694.723: [GC (Allocation Failure) 2016-05-12T11:41:34.009+0100: 7694.723: [ParNew
Desired survivor size 20112992 bytes, new threshold 8 (max 8)
- age   1:      25976 bytes,      25976 total
- age   2:       2688 bytes,      28664 total
- age   3:      12936 bytes,      41600 total
- age   4:      19816 bytes,      61416 total
- age   5:       2736 bytes,      64152 total
- age   6:       2352 bytes,      66504 total
- age   7:       4096 bytes,      70600 total
- age   8:       2424 bytes,      73024 total
: 89771K->90K(109248K), 0.0132172 secs] 207143K->117465K(502464K), 0.0133981 secs] [Times: user=0.03 sys=0.00, real=0.01 secs] 
Heap after GC invocations=88 (full 1):
 par new generation   total 109248K, used 90K [0x00000000e0000000, 0x00000000e8000000, 0x00000000e8000000)
  eden space 87424K,   0% used [0x00000000e0000000, 0x00000000e0000000, 0x00000000e5560000)
  from space 21824K,   0% used [0x00000000e5560000, 0x00000000e5576b00, 0x00000000e6ab0000)
  to   space 21824K,   0% used [0x00000000e6ab0000, 0x00000000e6ab0000, 0x00000000e8000000)
 concurrent mark-sweep generation total 393216K, used 117375K [0x00000000e8000000, 0x0000000100000000, 0x0000000100000000)
 Metaspace       used 36310K, capacity 36750K, committed 36964K, reserved 1081344K
  class space    used 4003K, capacity 4167K, committed 4196K, reserved 1048576K
}
2016-05-12T11:41:34.022+0100: 7694.737: Total time for which application threads were stopped: 0.0138853 seconds, Stopping threads took: 0.0000616 seconds
{Heap before GC invocations=88 (full 1):
 par new generation   total 109248K, used 86170K [0x00000000e0000000, 0x00000000e8000000, 0x00000000e8000000)
  eden space 87424K,  98% used [0x00000000e0000000, 0x00000000e54100d8, 0x00000000e5560000)
  from space 21824K,   0% used [0x00000000e5560000, 0x00000000e5576b00, 0x00000000e6ab0000)
  to   space 21824K,   0% used [0x00000000e6ab0000, 0x00000000e6ab0000, 0x00000000e8000000)
 concurrent mark-sweep generation total 393216K, used 117375K [0x00000000e8000000, 0x0000000100000000, 0x0000000100000000)
 Metaspace       used 36314K, capacity 36750K, committed 36964K, reserved 1081344K
  class space    used 4003K, capacity 4167K, committed 4196K, reserved 1048576K
2016-05-12T11:41:38.004+0100: 7698.719: [GC (Allocation Failure) 2016-05-12T11:41:38.005+0100: 7698.719: [ParNew
Desired survivor size 20112992 bytes, new threshold 8 (max 8)
- age   1:    9283872 bytes,    9283872 total
- age   2:       3512 bytes,    9287384 total
- age   3:       2688 bytes,    9290072 total
- age   4:      12936 bytes,    9303008 total
- age   5:      19816 bytes,    9322824 total
- age   6:       2736 bytes,    9325560 total
- age   7:       2352 bytes,    9327912 total
- age   8:       4096 bytes,    9332008 total
: 86170K->9128K(109248K), 0.0152514 secs] 203545K->126506K(502464K), 0.0154093 secs] [Times: user=0.03 sys=0.00, real=0.02 secs] 
Heap after GC invocations=89 (full 1):
 par new generation   total 109248K, used 9128K [0x00000000e0000000, 0x00000000e8000000, 0x00000000e8000000)
  eden space 87424K,   0% used [0x00000000e0000000, 0x00000000e0000000, 0x00000000e5560000)
  from space 21824K,  41% used [0x00000000e6ab0000, 0x00000000e739a3b8, 0x00000000e8000000)
  to   space 21824K,   0% used [0x00000000e5560000, 0x00000000e5560000, 0x00000000e6ab0000)
 concurrent mark-sweep generation total 393216K, used 117377K [0x00000000e8000000, 0x0000000100000000, 0x0000000100000000)
 Metaspace       used 36314K, capacity 36750K, committed 36964K, reserved 1081344K
  class space    used 4003K, capacity 4167K, committed 4196K, reserved 1048576K
}
2016-05-12T11:41:38.020+0100: 7698.734: Total time for which application threads were stopped: 0.0158555 seconds, Stopping threads took: 0.0000569 seconds
{Heap before GC invocations=89 (full 1):
 par new generation   total 109248K, used 92489K [0x00000000e0000000, 0x00000000e8000000, 0x00000000e8000000)
  eden space 87424K,  95% used [0x00000000e0000000, 0x00000000e51680f8, 0x00000000e5560000)
  from space 21824K,  41% used [0x00000000e6ab0000, 0x00000000e739a3b8, 0x00000000e8000000)
  to   space 21824K,   0% used [0x00000000e5560000, 0x00000000e5560000, 0x00000000e6ab0000)
 concurrent mark-sweep generation total 393216K, used 117377K [0x00000000e8000000, 0x0000000100000000, 0x0000000100000000)
 Metaspace       used 36314K, capacity 36750K, committed 36964K, reserved 1081344K
  class space    used 4003K, capacity 4167K, committed 4196K, reserved 1048576K
2016-05-12T11:42:02.963+0100: 7723.678: [GC (Allocation Failure) 2016-05-12T11:42:02.963+0100: 7723.678: [ParNew
Desired survivor size 20112992 bytes, new threshold 8 (max 8)
- age   1:    2572928 bytes,    2572928 total
- age   2:       2472 bytes,    2575400 total
- age   3:       3064 bytes,    2578464 total
- age   4:       2688 bytes,    2581152 total
- age   5:      12904 bytes,    2594056 total
- age   6:      19816 bytes,    2613872 total
- age   7:       2736 bytes,    2616608 total
- age   8:       2352 bytes,    2618960 total
: 92489K->2578K(109248K), 0.0140251 secs] 209866K->119960K(502464K), 0.0142075 secs] [Times: user=0.03 sys=0.00, real=0.01 secs] 
Heap after GC invocations=90 (full 1):
 par new generation   total 109248K, used 2578K [0x00000000e0000000, 0x00000000e8000000, 0x00000000e8000000)
  eden space 87424K,   0% used [0x00000000e0000000, 0x00000000e0000000, 0x00000000e5560000)
  from space 21824K,  11% used [0x00000000e5560000, 0x00000000e57e4b98, 0x00000000e6ab0000)
  to   space 21824K,   0% used [0x00000000e6ab0000, 0x00000000e6ab0000, 0x00000000e8000000)
 concurrent mark-sweep generation total 393216K, used 117381K [0x00000000e8000000, 0x0000000100000000, 0x0000000100000000)
 Metaspace       used 36314K, capacity 36750K, committed 36964K, reserved 1081344K
  class space    used 4003K, capacity 4167K, committed 4196K, reserved 1048576K
}
2016-05-12T11:42:02.977+0100: 7723.692: Total time for which application threads were stopped: 0.0150382 seconds, Stopping threads took: 0.0000790 seconds
{Heap before GC invocations=90 (full 1):
 par new generation   total 109248K, used 88736K [0x00000000e0000000, 0x00000000e8000000, 0x00000000e8000000)
  eden space 87424K,  98% used [0x00000000e0000000, 0x00000000e54237e8, 0x00000000e5560000)
  from space 21824K,  11% used [0x00000000e5560000, 0x00000000e57e4b98, 0x00000000e6ab0000)
  to   space 21824K,   0% used [0x00000000e6ab0000, 0x00000000e6ab0000, 0x00000000e8000000)
 concurrent mark-sweep generation total 393216K, used 117381K [0x00000000e8000000, 0x0000000100000000, 0x0000000100000000)
 Metaspace       used 36314K, capacity 36750K, committed 36964K, reserved 1081344K
  class space    used 4003K, capacity 4167K, committed 4196K, reserved 1048576K
2016-05-12T11:42:11.490+0100: 7732.210: [GC (Allocation Failure) 2016-05-12T11:42:11.490+0100: 7732.210: [ParNew
Desired survivor size 20112992 bytes, new threshold 8 (max 8)
- age   1:    9283880 bytes,    9283880 total
- age   2:       3112 bytes,    9286992 total
- age   3:       2472 bytes,    9289464 total
- age   4:       3064 bytes,    9292528 total
- age   5:       2448 bytes,    9294976 total
- age   6:      12752 bytes,    9307728 total
- age   7:      19816 bytes,    9327544 total
- age   8:       2736 bytes,    9330280 total
: 88736K->9125K(109248K), 0.0218576 secs] 206118K->126508K(502464K), 0.0220124 secs] [Times: user=0.03 sys=0.00, real=0.02 secs] 
Heap after GC invocations=91 (full 1):
 par new generation   total 109248K, used 9125K [0x00000000e0000000, 0x00000000e8000000, 0x00000000e8000000)
  eden space 87424K,   0% used [0x00000000e0000000, 0x00000000e0000000, 0x00000000e5560000)
  from space 21824K,  41% used [0x00000000e6ab0000, 0x00000000e7399470, 0x00000000e8000000)
  to   space 21824K,   0% used [0x00000000e5560000, 0x00000000e5560000, 0x00000000e6ab0000)
 concurrent mark-sweep generation total 393216K, used 117383K [0x00000000e8000000, 0x0000000100000000, 0x0000000100000000)
 Metaspace       used 36314K, capacity 36750K, committed 36964K, reserved 1081344K
  class space    used 4003K, capacity 4167K, committed 4196K, reserved 1048576K
}
2016-05-12T11:42:11.512+0100: 7732.232: Total time for which application threads were stopped: 0.0224736 seconds, Stopping threads took: 0.0000569 seconds
{Heap before GC invocations=91 (full 1):
 par new generation   total 109248K, used 95849K [0x00000000e0000000, 0x00000000e8000000, 0x00000000e8000000)
  eden space 87424K,  99% used [0x00000000e0000000, 0x00000000e54b1128, 0x00000000e5560000)
  from space 21824K,  41% used [0x00000000e6ab0000, 0x00000000e7399470, 0x00000000e8000000)
  to   space 21824K,   0% used [0x00000000e5560000, 0x00000000e5560000, 0x00000000e6ab0000)
 concurrent mark-sweep generation total 393216K, used 117383K [0x00000000e8000000, 0x0000000100000000, 0x0000000100000000)
 Metaspace       used 36314K, capacity 36750K, committed 36964K, reserved 1081344K
  class space    used 4003K, capacity 4167K, committed 4196K, reserved 1048576K
2016-05-12T11:42:21.401+0100: 7742.121: [GC (Allocation Failure) 2016-05-12T11:42:21.401+0100: 7742.121: [ParNew
Desired survivor size 20112992 bytes, new threshold 8 (max 8)
- age   1:    1304264 bytes,    1304264 total
- age   2:       2776 bytes,    1307040 total
- age   3:       3112 bytes,    1310152 total
- age   4:       2472 bytes,    1312624 total
- age   5:       3064 bytes,    1315688 total
- age   6:       2448 bytes,    1318136 total
- age   7:      12272 bytes,    1330408 total
- age   8:      19816 bytes,    1350224 total
: 95849K->1332K(109248K), 0.0121141 secs] 213233K->118718K(502464K), 0.0122799 secs] [Times: user=0.03 sys=0.00, real=0.01 secs] 
Heap after GC invocations=92 (full 1):
 par new generation   total 109248K, used 1332K [0x00000000e0000000, 0x00000000e8000000, 0x00000000e8000000)
  eden space 87424K,   0% used [0x00000000e0000000, 0x00000000e0000000, 0x00000000e5560000)
  from space 21824K,   6% used [0x00000000e5560000, 0x00000000e56ad010, 0x00000000e6ab0000)
  to   space 21824K,   0% used [0x00000000e6ab0000, 0x00000000e6ab0000, 0x00000000e8000000)
 concurrent mark-sweep generation total 393216K, used 117386K [0x00000000e8000000, 0x0000000100000000, 0x0000000100000000)
 Metaspace       used 36314K, capacity 36750K, committed 36964K, reserved 1081344K
  class space    used 4003K, capacity 4167K, committed 4196K, reserved 1048576K
}
2016-05-12T11:42:21.413+0100: 7742.134: Total time for which application threads were stopped: 0.0127411 seconds, Stopping threads took: 0.0000624 seconds
2016-05-12T11:42:42.796+0100: 7763.516: Total time for which application threads were stopped: 0.0002606 seconds, Stopping threads took: 0.0000450 seconds
{Heap before GC invocations=92 (full 1):
 par new generation   total 109248K, used 88729K [0x00000000e0000000, 0x00000000e8000000, 0x00000000e8000000)
  eden space 87424K,  99% used [0x00000000e0000000, 0x00000000e5559548, 0x00000000e5560000)
  from space 21824K,   6% used [0x00000000e5560000, 0x00000000e56ad010, 0x00000000e6ab0000)
  to   space 21824K,   0% used [0x00000000e6ab0000, 0x00000000e6ab0000, 0x00000000e8000000)
 concurrent mark-sweep generation total 393216K, used 117386K [0x00000000e8000000, 0x0000000100000000, 0x0000000100000000)
 Metaspace       used 36315K, capacity 36750K, committed 36964K, reserved 1081344K
  class space    used 4003K, capacity 4167K, committed 4196K, reserved 1048576K
2016-05-12T11:43:11.323+0100: 7792.043: [GC (Allocation Failure) 2016-05-12T11:43:11.323+0100: 7792.043: [ParNew
Desired survivor size 20112992 bytes, new threshold 8 (max 8)
- age   1:      66688 bytes,      66688 total
- age   2:       2496 bytes,      69184 total
- age   3:       2656 bytes,      71840 total
- age   4:       2448 bytes,      74288 total
- age   5:       2472 bytes,      76760 total
- age   6:       3032 bytes,      79792 total
- age   7:       2448 bytes,      82240 total
- age   8:      12240 bytes,      94480 total
: 88729K->109K(109248K), 0.0138174 secs] 206115K->117515K(502464K), 0.0139753 secs] [Times: user=0.03 sys=0.00, real=0.01 secs] 
Heap after GC invocations=93 (full 1):
 par new generation   total 109248K, used 109K [0x00000000e0000000, 0x00000000e8000000, 0x00000000e8000000)
  eden space 87424K,   0% used [0x00000000e0000000, 0x00000000e0000000, 0x00000000e5560000)
  from space 21824K,   0% used [0x00000000e6ab0000, 0x00000000e6acb5d0, 0x00000000e8000000)
  to   space 21824K,   0% used [0x00000000e5560000, 0x00000000e5560000, 0x00000000e6ab0000)
 concurrent mark-sweep generation total 393216K, used 117405K [0x00000000e8000000, 0x0000000100000000, 0x0000000100000000)
 Metaspace       used 36315K, capacity 36750K, committed 36964K, reserved 1081344K
  class space    used 4003K, capacity 4167K, committed 4196K, reserved 1048576K
}
2016-05-12T11:43:11.337+0100: 7792.058: Total time for which application threads were stopped: 0.0145494 seconds, Stopping threads took: 0.0000561 seconds
2016-05-12T11:44:51.356+0100: 7892.077: Total time for which application threads were stopped: 0.0002274 seconds, Stopping threads took: 0.0000648 seconds
2016-05-12T11:48:01.666+0100: 8082.397: Total time for which application threads were stopped: 0.0002014 seconds, Stopping threads took: 0.0000513 seconds
2016-05-12T11:48:01.666+0100: 8082.397: Total time for which application threads were stopped: 0.0000813 seconds, Stopping threads took: 0.0000197 seconds
2016-05-12T11:48:01.667+0100: 8082.398: Total time for which application threads were stopped: 0.0001532 seconds, Stopping threads took: 0.0000300 seconds
2016-05-12T11:48:01.669+0100: 8082.400: Total time for which application threads were stopped: 0.0001666 seconds, Stopping threads took: 0.0000316 seconds
2016-05-12T11:48:08.608+0100: 8089.340: Total time for which application threads were stopped: 0.0002148 seconds, Stopping threads took: 0.0000703 seconds
2016-05-12T11:48:08.609+0100: 8089.340: Total time for which application threads were stopped: 0.0001019 seconds, Stopping threads took: 0.0000292 seconds
2016-05-12T11:48:08.734+0100: 8089.465: Total time for which application threads were stopped: 0.0002543 seconds, Stopping threads took: 0.0000584 seconds
2016-05-12T11:48:13.747+0100: 8094.478: Total time for which application threads were stopped: 0.0002172 seconds, Stopping threads took: 0.0000703 seconds
{Heap before GC invocations=93 (full 1):
 par new generation   total 109248K, used 87533K [0x00000000e0000000, 0x00000000e8000000, 0x00000000e8000000)
  eden space 87424K, 100% used [0x00000000e0000000, 0x00000000e5560000, 0x00000000e5560000)
  from space 21824K,   0% used [0x00000000e6ab0000, 0x00000000e6acb5d0, 0x00000000e8000000)
  to   space 21824K,   0% used [0x00000000e5560000, 0x00000000e5560000, 0x00000000e6ab0000)
 concurrent mark-sweep generation total 393216K, used 117405K [0x00000000e8000000, 0x0000000100000000, 0x0000000100000000)
 Metaspace       used 36316K, capacity 36750K, committed 36964K, reserved 1081344K
  class space    used 4003K, capacity 4167K, committed 4196K, reserved 1048576K
2016-05-12T11:48:22.544+0100: 8103.275: [GC (Allocation Failure) 2016-05-12T11:48:22.544+0100: 8103.275: [ParNew
Desired survivor size 20112992 bytes, new threshold 8 (max 8)
- age   1:      40760 bytes,      40760 total
- age   2:       1120 bytes,      41880 total
- age   3:       2496 bytes,      44376 total
- age   4:       2352 bytes,      46728 total
- age   5:       2448 bytes,      49176 total
- age   6:       2472 bytes,      51648 total
- age   7:       3032 bytes,      54680 total
- age   8:       2448 bytes,      57128 total
: 87533K->64K(109248K), 0.0118811 secs] 204939K->117470K(502464K), 0.0121544 secs] [Times: user=0.03 sys=0.00, real=0.01 secs] 
Heap after GC invocations=94 (full 1):
 par new generation   total 109248K, used 64K [0x00000000e0000000, 0x00000000e8000000, 0x00000000e8000000)
  eden space 87424K,   0% used [0x00000000e0000000, 0x00000000e0000000, 0x00000000e5560000)
  from space 21824K,   0% used [0x00000000e5560000, 0x00000000e5570218, 0x00000000e6ab0000)
  to   space 21824K,   0% used [0x00000000e6ab0000, 0x00000000e6ab0000, 0x00000000e8000000)
 concurrent mark-sweep generation total 393216K, used 117406K [0x00000000e8000000, 0x0000000100000000, 0x0000000100000000)
 Metaspace       used 36316K, capacity 36750K, committed 36964K, reserved 1081344K
  class space    used 4003K, capacity 4167K, committed 4196K, reserved 1048576K
}
2016-05-12T11:48:22.556+0100: 8103.287: Total time for which application threads were stopped: 0.0126511 seconds, Stopping threads took: 0.0000671 seconds
2016-05-12T11:49:17.999+0100: 8158.732: Total time for which application threads were stopped: 0.0003609 seconds, Stopping threads took: 0.0000940 seconds
2016-05-12T11:49:17.999+0100: 8158.733: Total time for which application threads were stopped: 0.0001342 seconds, Stopping threads took: 0.0000284 seconds
2016-05-12T11:49:18.000+0100: 8158.733: Total time for which application threads were stopped: 0.0000955 seconds, Stopping threads took: 0.0000324 seconds
2016-05-12T11:49:18.000+0100: 8158.734: Total time for which application threads were stopped: 0.0001816 seconds, Stopping threads took: 0.0000529 seconds
2016-05-12T11:49:18.002+0100: 8158.735: Total time for which application threads were stopped: 0.0001943 seconds, Stopping threads took: 0.0000537 seconds
2016-05-12T11:49:18.003+0100: 8158.736: Total time for which application threads were stopped: 0.0002179 seconds, Stopping threads took: 0.0001208 seconds
2016-05-12T11:49:18.044+0100: 8158.777: Total time for which application threads were stopped: 0.0064317 seconds, Stopping threads took: 0.0061759 seconds
2016-05-12T11:50:58.122+0100: 8258.857: Total time for which application threads were stopped: 0.0002408 seconds, Stopping threads took: 0.0000655 seconds
2016-05-12T11:52:56.234+0100: 8376.972: Total time for which application threads were stopped: 0.0002077 seconds, Stopping threads took: 0.0000608 seconds
2016-05-12T11:52:56.234+0100: 8376.972: Total time for which application threads were stopped: 0.0000948 seconds, Stopping threads took: 0.0000292 seconds
2016-05-12T11:52:56.235+0100: 8376.973: Total time for which application threads were stopped: 0.0001421 seconds, Stopping threads took: 0.0000300 seconds
2016-05-12T11:52:56.321+0100: 8377.059: Total time for which application threads were stopped: 0.0003451 seconds, Stopping threads took: 0.0000624 seconds
{Heap before GC invocations=94 (full 1):
 par new generation   total 109248K, used 82348K [0x00000000e0000000, 0x00000000e8000000, 0x00000000e8000000)
  eden space 87424K,  94% used [0x00000000e0000000, 0x00000000e505b0d0, 0x00000000e5560000)
  from space 21824K,   0% used [0x00000000e5560000, 0x00000000e5570218, 0x00000000e6ab0000)
  to   space 21824K,   0% used [0x00000000e6ab0000, 0x00000000e6ab0000, 0x00000000e8000000)
 concurrent mark-sweep generation total 393216K, used 117406K [0x00000000e8000000, 0x0000000100000000, 0x0000000100000000)
 Metaspace       used 36329K, capacity 36750K, committed 36964K, reserved 1081344K
  class space    used 4003K, capacity 4167K, committed 4196K, reserved 1048576K
2016-05-12T11:52:56.416+0100: 8377.154: [GC (Allocation Failure) 2016-05-12T11:52:56.416+0100: 8377.154: [ParNew
Desired survivor size 20112992 bytes, new threshold 8 (max 8)
- age   1:    9297192 bytes,    9297192 total
- age   2:       5336 bytes,    9302528 total
- age   3:        840 bytes,    9303368 total
- age   4:       2496 bytes,    9305864 total
- age   5:       2352 bytes,    9308216 total
- age   6:       2448 bytes,    9310664 total
- age   7:       2472 bytes,    9313136 total
- age   8:       3032 bytes,    9316168 total
: 82348K->9106K(109248K), 0.0172334 secs] 199754K->126514K(502464K), 0.0174016 secs] [Times: user=0.03 sys=0.00, real=0.02 secs] 
Heap after GC invocations=95 (full 1):
 par new generation   total 109248K, used 9106K [0x00000000e0000000, 0x00000000e8000000, 0x00000000e8000000)
  eden space 87424K,   0% used [0x00000000e0000000, 0x00000000e0000000, 0x00000000e5560000)
  from space 21824K,  41% used [0x00000000e6ab0000, 0x00000000e73949a8, 0x00000000e8000000)
  to   space 21824K,   0% used [0x00000000e5560000, 0x00000000e5560000, 0x00000000e6ab0000)
 concurrent mark-sweep generation total 393216K, used 117408K [0x00000000e8000000, 0x0000000100000000, 0x0000000100000000)
 Metaspace       used 36329K, capacity 36750K, committed 36964K, reserved 1081344K
  class space    used 4003K, capacity 4167K, committed 4196K, reserved 1048576K
}
2016-05-12T11:52:56.433+0100: 8377.172: Total time for which application threads were stopped: 0.0178699 seconds, Stopping threads took: 0.0000703 seconds
2016-05-12T11:53:46.777+0100: 8427.518: Total time for which application threads were stopped: 0.0002251 seconds, Stopping threads took: 0.0000600 seconds
2016-05-12T11:53:46.777+0100: 8427.518: Total time for which application threads were stopped: 0.0003119 seconds, Stopping threads took: 0.0000316 seconds
2016-05-12T11:53:46.778+0100: 8427.519: Total time for which application threads were stopped: 0.0001721 seconds, Stopping threads took: 0.0000442 seconds
2016-05-12T11:53:46.779+0100: 8427.519: Total time for which application threads were stopped: 0.0000971 seconds, Stopping threads took: 0.0000276 seconds
2016-05-12T11:53:46.779+0100: 8427.520: Total time for which application threads were stopped: 0.0000916 seconds, Stopping threads took: 0.0000300 seconds
2016-05-12T11:53:46.779+0100: 8427.520: Total time for which application threads were stopped: 0.0001311 seconds, Stopping threads took: 0.0000340 seconds
2016-05-12T11:53:46.782+0100: 8427.523: Total time for which application threads were stopped: 0.0002195 seconds, Stopping threads took: 0.0000600 seconds
2016-05-12T11:53:46.796+0100: 8427.537: Total time for which application threads were stopped: 0.0002945 seconds, Stopping threads took: 0.0000584 seconds
2016-05-12T11:53:51.615+0100: 8432.356: Total time for which application threads were stopped: 0.0002116 seconds, Stopping threads took: 0.0000632 seconds
2016-05-12T11:53:51.615+0100: 8432.356: Total time for which application threads were stopped: 0.0002930 seconds, Stopping threads took: 0.0000276 seconds
2016-05-12T11:53:53.065+0100: 8433.805: Total time for which application threads were stopped: 0.0002124 seconds, Stopping threads took: 0.0000695 seconds
2016-05-12T11:53:54.431+0100: 8435.172: Total time for which application threads were stopped: 0.0004848 seconds, Stopping threads took: 0.0000584 seconds
2016-05-12T11:53:57.446+0100: 8438.187: Total time for which application threads were stopped: 0.0002140 seconds, Stopping threads took: 0.0000624 seconds
2016-05-12T11:53:59.054+0100: 8439.794: Total time for which application threads were stopped: 0.0133428 seconds, Stopping threads took: 0.0131572 seconds
{Heap before GC invocations=95 (full 1):
 par new generation   total 109248K, used 95136K [0x00000000e0000000, 0x00000000e8000000, 0x00000000e8000000)
  eden space 87424K,  98% used [0x00000000e0000000, 0x00000000e54038c8, 0x00000000e5560000)
  from space 21824K,  41% used [0x00000000e6ab0000, 0x00000000e73949a8, 0x00000000e8000000)
  to   space 21824K,   0% used [0x00000000e5560000, 0x00000000e5560000, 0x00000000e6ab0000)
 concurrent mark-sweep generation total 393216K, used 117408K [0x00000000e8000000, 0x0000000100000000, 0x0000000100000000)
 Metaspace       used 36340K, capacity 36750K, committed 36964K, reserved 1081344K
  class space    used 4003K, capacity 4167K, committed 4196K, reserved 1048576K
2016-05-12T11:54:49.367+0100: 8490.109: [GC (Allocation Failure) 2016-05-12T11:54:49.367+0100: 8490.109: [ParNew
Desired survivor size 20112992 bytes, new threshold 8 (max 8)
- age   1:    4824448 bytes,    4824448 total
- age   2:       3248 bytes,    4827696 total
- age   3:       4752 bytes,    4832448 total
- age   4:        600 bytes,    4833048 total
- age   5:       2496 bytes,    4835544 total
- age   6:       2352 bytes,    4837896 total
- age   7:       2448 bytes,    4840344 total
- age   8:       2472 bytes,    4842816 total
: 95136K->4742K(109248K), 0.0145415 secs] 212545K->122153K(502464K), 0.0147255 secs] [Times: user=0.02 sys=0.00, real=0.01 secs] 
Heap after GC invocations=96 (full 1):
 par new generation   total 109248K, used 4742K [0x00000000e0000000, 0x00000000e8000000, 0x00000000e8000000)
  eden space 87424K,   0% used [0x00000000e0000000, 0x00000000e0000000, 0x00000000e5560000)
  from space 21824K,  21% used [0x00000000e5560000, 0x00000000e5a018e8, 0x00000000e6ab0000)
  to   space 21824K,   0% used [0x00000000e6ab0000, 0x00000000e6ab0000, 0x00000000e8000000)
 concurrent mark-sweep generation total 393216K, used 117411K [0x00000000e8000000, 0x0000000100000000, 0x0000000100000000)
 Metaspace       used 36340K, capacity 36750K, committed 36964K, reserved 1081344K
  class space    used 4003K, capacity 4167K, committed 4196K, reserved 1048576K
}
2016-05-12T11:54:49.382+0100: 8490.124: Total time for which application threads were stopped: 0.0181471 seconds, Stopping threads took: 0.0029936 seconds
2016-05-12T11:54:51.376+0100: 8492.118: Total time for which application threads were stopped: 0.0002053 seconds, Stopping threads took: 0.0000490 seconds
2016-05-12T11:54:51.377+0100: 8492.118: Total time for which application threads were stopped: 0.0001129 seconds, Stopping threads took: 0.0000237 seconds
2016-05-12T11:54:51.377+0100: 8492.119: Total time for which application threads were stopped: 0.0001042 seconds, Stopping threads took: 0.0000229 seconds
2016-05-12T11:54:51.377+0100: 8492.119: Total time for which application threads were stopped: 0.0001027 seconds, Stopping threads took: 0.0000213 seconds
2016-05-12T11:54:51.377+0100: 8492.119: Total time for which application threads were stopped: 0.0000908 seconds, Stopping threads took: 0.0000182 seconds
2016-05-12T11:54:51.380+0100: 8492.121: Total time for which application threads were stopped: 0.0002124 seconds, Stopping threads took: 0.0000569 seconds
2016-05-12T11:54:52.380+0100: 8493.121: Total time for which application threads were stopped: 0.0001666 seconds, Stopping threads took: 0.0000545 seconds
{Heap before GC invocations=96 (full 1):
 par new generation   total 109248K, used 89107K [0x00000000e0000000, 0x00000000e8000000, 0x00000000e8000000)
  eden space 87424K,  96% used [0x00000000e0000000, 0x00000000e5263578, 0x00000000e5560000)
  from space 21824K,  21% used [0x00000000e5560000, 0x00000000e5a018e8, 0x00000000e6ab0000)
  to   space 21824K,   0% used [0x00000000e6ab0000, 0x00000000e6ab0000, 0x00000000e8000000)
 concurrent mark-sweep generation total 393216K, used 117411K [0x00000000e8000000, 0x0000000100000000, 0x0000000100000000)
 Metaspace       used 36340K, capacity 36750K, committed 36964K, reserved 1081344K
  class space    used 4003K, capacity 4167K, committed 4196K, reserved 1048576K
2016-05-12T11:54:54.059+0100: 8494.801: [GC (Allocation Failure) 2016-05-12T11:54:54.059+0100: 8494.801: [ParNew
Desired survivor size 20112992 bytes, new threshold 8 (max 8)
- age   1:    2331064 bytes,    2331064 total
- age   2:      15616 bytes,    2346680 total
- age   3:       2976 bytes,    2349656 total
- age   4:       4752 bytes,    2354408 total
- age   5:        600 bytes,    2355008 total
- age   6:       2496 bytes,    2357504 total
- age   7:       2352 bytes,    2359856 total
- age   8:       2448 bytes,    2362304 total
: 89107K->2321K(109248K), 0.0133238 secs] 206519K->119734K(502464K), 0.0134960 secs] [Times: user=0.03 sys=0.00, real=0.01 secs] 
Heap after GC invocations=97 (full 1):
 par new generation   total 109248K, used 2321K [0x00000000e0000000, 0x00000000e8000000, 0x00000000e8000000)
  eden space 87424K,   0% used [0x00000000e0000000, 0x00000000e0000000, 0x00000000e5560000)
  from space 21824K,  10% used [0x00000000e6ab0000, 0x00000000e6cf4448, 0x00000000e8000000)
  to   space 21824K,   0% used [0x00000000e5560000, 0x00000000e5560000, 0x00000000e6ab0000)
 concurrent mark-sweep generation total 393216K, used 117413K [0x00000000e8000000, 0x0000000100000000, 0x0000000100000000)
 Metaspace       used 36340K, capacity 36750K, committed 36964K, reserved 1081344K
  class space    used 4003K, capacity 4167K, committed 4196K, reserved 1048576K
}
2016-05-12T11:54:54.072+0100: 8494.814: Total time for which application threads were stopped: 0.0139414 seconds, Stopping threads took: 0.0000537 seconds
{Heap before GC invocations=97 (full 1):
 par new generation   total 109248K, used 88871K [0x00000000e0000000, 0x00000000e8000000, 0x00000000e8000000)
  eden space 87424K,  99% used [0x00000000e0000000, 0x00000000e5485a38, 0x00000000e5560000)
  from space 21824K,  10% used [0x00000000e6ab0000, 0x00000000e6cf4448, 0x00000000e8000000)
  to   space 21824K,   0% used [0x00000000e5560000, 0x00000000e5560000, 0x00000000e6ab0000)
 concurrent mark-sweep generation total 393216K, used 117413K [0x00000000e8000000, 0x0000000100000000, 0x0000000100000000)
 Metaspace       used 36346K, capacity 36750K, committed 36964K, reserved 1081344K
  class space    used 4003K, capacity 4167K, committed 4196K, reserved 1048576K
2016-05-12T11:55:00.155+0100: 8500.897: [GC (Allocation Failure) 2016-05-12T11:55:00.156+0100: 8500.897: [ParNew
Desired survivor size 20112992 bytes, new threshold 8 (max 8)
- age   1:    1348944 bytes,    1348944 total
- age   2:       2736 bytes,    1351680 total
- age   3:      15432 bytes,    1367112 total
- age   4:       2736 bytes,    1369848 total
- age   5:       4752 bytes,    1374600 total
- age   6:        600 bytes,    1375200 total
- age   7:       2496 bytes,    1377696 total
- age   8:       2352 bytes,    1380048 total
: 88871K->1355K(109248K), 0.0184669 secs] 206285K->118771K(502464K), 0.0186611 secs] [Times: user=0.01 sys=0.00, real=0.02 secs] 
Heap after GC invocations=98 (full 1):
 par new generation   total 109248K, used 1355K [0x00000000e0000000, 0x00000000e8000000, 0x00000000e8000000)
  eden space 87424K,   0% used [0x00000000e0000000, 0x00000000e0000000, 0x00000000e5560000)
  from space 21824K,   6% used [0x00000000e5560000, 0x00000000e56b2ea8, 0x00000000e6ab0000)
  to   space 21824K,   0% used [0x00000000e6ab0000, 0x00000000e6ab0000, 0x00000000e8000000)
 concurrent mark-sweep generation total 393216K, used 117416K [0x00000000e8000000, 0x0000000100000000, 0x0000000100000000)
 Metaspace       used 36346K, capacity 36750K, committed 36964K, reserved 1081344K
  class space    used 4003K, capacity 4167K, committed 4196K, reserved 1048576K
}
2016-05-12T11:55:00.174+0100: 8500.915: Total time for which application threads were stopped: 0.0191776 seconds, Stopping threads took: 0.0000695 seconds
2016-05-12T11:56:26.064+0100: 8586.810: Total time for which application threads were stopped: 0.0002329 seconds, Stopping threads took: 0.0000592 seconds
2016-05-12T11:56:26.066+0100: 8586.812: Total time for which application threads were stopped: 0.0001287 seconds, Stopping threads took: 0.0000324 seconds
2016-05-12T11:56:26.067+0100: 8586.812: Total time for which application threads were stopped: 0.0000861 seconds, Stopping threads took: 0.0000213 seconds
2016-05-12T11:56:26.067+0100: 8586.813: Total time for which application threads were stopped: 0.0001319 seconds, Stopping threads took: 0.0000324 seconds
2016-05-12T11:56:26.069+0100: 8586.815: Total time for which application threads were stopped: 0.0002077 seconds, Stopping threads took: 0.0000734 seconds
2016-05-12T11:56:26.116+0100: 8586.862: Total time for which application threads were stopped: 0.0002977 seconds, Stopping threads took: 0.0000482 seconds
2016-05-12T11:57:11.442+0100: 8632.191: Total time for which application threads were stopped: 0.0002448 seconds, Stopping threads took: 0.0000632 seconds
2016-05-12T11:57:11.443+0100: 8632.191: Total time for which application threads were stopped: 0.0001003 seconds, Stopping threads took: 0.0000229 seconds
{Heap before GC invocations=98 (full 1):
 par new generation   total 109248K, used 88684K [0x00000000e0000000, 0x00000000e8000000, 0x00000000e8000000)
  eden space 87424K,  99% used [0x00000000e0000000, 0x00000000e55484c0, 0x00000000e5560000)
  from space 21824K,   6% used [0x00000000e5560000, 0x00000000e56b2ea8, 0x00000000e6ab0000)
  to   space 21824K,   0% used [0x00000000e6ab0000, 0x00000000e6ab0000, 0x00000000e8000000)
 concurrent mark-sweep generation total 393216K, used 117416K [0x00000000e8000000, 0x0000000100000000, 0x0000000100000000)
 Metaspace       used 36350K, capacity 36750K, committed 36964K, reserved 1081344K
  class space    used 4003K, capacity 4167K, committed 4196K, reserved 1048576K
2016-05-12T11:57:19.265+0100: 8640.014: [GC (Allocation Failure) 2016-05-12T11:57:19.265+0100: 8640.014: [ParNew
Desired survivor size 20112992 bytes, new threshold 8 (max 8)
- age   1:      37408 bytes,      37408 total
- age   2:       2976 bytes,      40384 total
- age   3:       2448 bytes,      42832 total
- age   4:       2960 bytes,      45792 total
- age   5:       2696 bytes,      48488 total
- age   6:       4512 bytes,      53000 total
- age   7:        600 bytes,      53600 total
- age   8:       2496 bytes,      56096 total
: 88684K->67K(109248K), 0.0139777 secs] 206101K->117485K(502464K), 0.0141609 secs] [Times: user=0.03 sys=0.00, real=0.01 secs] 
Heap after GC invocations=99 (full 1):
 par new generation   total 109248K, used 67K [0x00000000e0000000, 0x00000000e8000000, 0x00000000e8000000)
  eden space 87424K,   0% used [0x00000000e0000000, 0x00000000e0000000, 0x00000000e5560000)
  from space 21824K,   0% used [0x00000000e6ab0000, 0x00000000e6ac0d30, 0x00000000e8000000)
  to   space 21824K,   0% used [0x00000000e5560000, 0x00000000e5560000, 0x00000000e6ab0000)
 concurrent mark-sweep generation total 393216K, used 117418K [0x00000000e8000000, 0x0000000100000000, 0x0000000100000000)
 Metaspace       used 36350K, capacity 36750K, committed 36964K, reserved 1081344K
  class space    used 4003K, capacity 4167K, committed 4196K, reserved 1048576K
}
2016-05-12T11:57:19.280+0100: 8640.029: Total time for which application threads were stopped: 0.0146307 seconds, Stopping threads took: 0.0000600 seconds
2016-05-12T11:57:19.478+0100: 8640.227: Total time for which application threads were stopped: 0.0001974 seconds, Stopping threads took: 0.0000434 seconds
2016-05-12T11:57:19.478+0100: 8640.227: Total time for which application threads were stopped: 0.0000932 seconds, Stopping threads took: 0.0000205 seconds
2016-05-12T11:57:19.481+0100: 8640.230: Total time for which application threads were stopped: 0.0002195 seconds, Stopping threads took: 0.0000537 seconds
2016-05-12T11:57:19.482+0100: 8640.231: Total time for which application threads were stopped: 0.0002251 seconds, Stopping threads took: 0.0000774 seconds
2016-05-12T11:57:19.483+0100: 8640.232: Total time for which application threads were stopped: 0.0001982 seconds, Stopping threads took: 0.0000237 seconds
2016-05-12T11:57:19.591+0100: 8640.340: Total time for which application threads were stopped: 0.0004777 seconds, Stopping threads took: 0.0000600 seconds
{Heap before GC invocations=99 (full 1):
 par new generation   total 109248K, used 86246K [0x00000000e0000000, 0x00000000e8000000, 0x00000000e8000000)
  eden space 87424K,  98% used [0x00000000e0000000, 0x00000000e5428ad8, 0x00000000e5560000)
  from space 21824K,   0% used [0x00000000e6ab0000, 0x00000000e6ac0d30, 0x00000000e8000000)
  to   space 21824K,   0% used [0x00000000e5560000, 0x00000000e5560000, 0x00000000e6ab0000)
 concurrent mark-sweep generation total 393216K, used 117418K [0x00000000e8000000, 0x0000000100000000, 0x0000000100000000)
 Metaspace       used 36354K, capacity 36750K, committed 36964K, reserved 1081344K
  class space    used 4003K, capacity 4167K, committed 4196K, reserved 1048576K
2016-05-12T11:57:19.801+0100: 8640.549: [GC (Allocation Failure) 2016-05-12T11:57:19.801+0100: 8640.549: [ParNew
Desired survivor size 20112992 bytes, new threshold 8 (max 8)
- age   1:    9356080 bytes,    9356080 total
- age   2:      15792 bytes,    9371872 total
- age   3:       2736 bytes,    9374608 total
- age   4:       2448 bytes,    9377056 total
- age   5:       2720 bytes,    9379776 total
- age   6:       2696 bytes,    9382472 total
- age   7:       4512 bytes,    9386984 total
- age   8:        600 bytes,    9387584 total
: 86246K->9170K(109248K), 0.0290482 secs] 203664K->126591K(502464K), 0.0291943 secs] [Times: user=0.03 sys=0.00, real=0.03 secs] 
Heap after GC invocations=100 (full 1):
 par new generation   total 109248K, used 9170K [0x00000000e0000000, 0x00000000e8000000, 0x00000000e8000000)
  eden space 87424K,   0% used [0x00000000e0000000, 0x00000000e0000000, 0x00000000e5560000)
  from space 21824K,  42% used [0x00000000e5560000, 0x00000000e5e54b70, 0x00000000e6ab0000)
  to   space 21824K,   0% used [0x00000000e6ab0000, 0x00000000e6ab0000, 0x00000000e8000000)
 concurrent mark-sweep generation total 393216K, used 117421K [0x00000000e8000000, 0x0000000100000000, 0x0000000100000000)
 Metaspace       used 36354K, capacity 36750K, committed 36964K, reserved 1081344K
  class space    used 4003K, capacity 4167K, committed 4196K, reserved 1048576K
}
2016-05-12T11:57:19.830+0100: 8640.578: Total time for which application threads were stopped: 0.0297502 seconds, Stopping threads took: 0.0001074 seconds
2016-05-12T11:57:20.068+0100: 8640.816: Total time for which application threads were stopped: 0.0010992 seconds, Stopping threads took: 0.0009192 seconds
2016-05-12T11:57:20.070+0100: 8640.818: Total time for which application threads were stopped: 0.0002156 seconds, Stopping threads took: 0.0000513 seconds
2016-05-12T11:57:20.072+0100: 8640.820: Total time for which application threads were stopped: 0.0001966 seconds, Stopping threads took: 0.0000355 seconds
2016-05-12T11:57:20.074+0100: 8640.822: Total time for which application threads were stopped: 0.0002811 seconds, Stopping threads took: 0.0000419 seconds
2016-05-12T11:57:20.075+0100: 8640.823: Total time for which application threads were stopped: 0.0002890 seconds, Stopping threads took: 0.0000750 seconds
2016-05-12T11:57:20.098+0100: 8640.846: Total time for which application threads were stopped: 0.0003435 seconds, Stopping threads took: 0.0000640 seconds
2016-05-12T11:57:21.098+0100: 8641.846: Total time for which application threads were stopped: 0.0002108 seconds, Stopping threads took: 0.0000490 seconds
2016-05-12T11:59:00.173+0100: 8740.926: Total time for which application threads were stopped: 0.0002203 seconds, Stopping threads took: 0.0000648 seconds
2016-05-12T11:59:01.174+0100: 8741.928: Total time for which application threads were stopped: 0.0001824 seconds, Stopping threads took: 0.0000553 seconds
2016-05-12T11:59:01.526+0100: 8742.279: Total time for which application threads were stopped: 0.0001761 seconds, Stopping threads took: 0.0000521 seconds
2016-05-12T11:59:10.528+0100: 8751.284: Total time for which application threads were stopped: 0.0001571 seconds, Stopping threads took: 0.0000426 seconds
2016-05-12T11:59:10.528+0100: 8751.285: Total time for which application threads were stopped: 0.0000892 seconds, Stopping threads took: 0.0000221 seconds
2016-05-12T11:59:10.529+0100: 8751.286: Total time for which application threads were stopped: 0.0001390 seconds, Stopping threads took: 0.0000347 seconds
2016-05-12T11:59:10.543+0100: 8751.299: Total time for which application threads were stopped: 0.0003009 seconds, Stopping threads took: 0.0000442 seconds
2016-05-12T11:59:56.519+0100: 8797.276: Total time for which application threads were stopped: 0.0002314 seconds, Stopping threads took: 0.0000869 seconds
2016-05-12T11:59:56.520+0100: 8797.276: Total time for which application threads were stopped: 0.0000979 seconds, Stopping threads took: 0.0000268 seconds
{Heap before GC invocations=100 (full 1):
 par new generation   total 109248K, used 96544K [0x00000000e0000000, 0x00000000e8000000, 0x00000000e8000000)
  eden space 87424K,  99% used [0x00000000e0000000, 0x00000000e5553838, 0x00000000e5560000)
  from space 21824K,  42% used [0x00000000e5560000, 0x00000000e5e54b70, 0x00000000e6ab0000)
  to   space 21824K,   0% used [0x00000000e6ab0000, 0x00000000e6ab0000, 0x00000000e8000000)
 concurrent mark-sweep generation total 393216K, used 117421K [0x00000000e8000000, 0x0000000100000000, 0x0000000100000000)
 Metaspace       used 36362K, capacity 36750K, committed 36964K, reserved 1081344K
  class space    used 4003K, capacity 4167K, committed 4196K, reserved 1048576K
2016-05-12T11:59:56.552+0100: 8797.308: [GC (Allocation Failure) 2016-05-12T11:59:56.552+0100: 8797.309: [ParNew
Desired survivor size 20112992 bytes, new threshold 8 (max 8)
- age   1:     532016 bytes,     532016 total
- age   2:       2496 bytes,     534512 total
- age   3:       3144 bytes,     537656 total
- age   4:       2736 bytes,     540392 total
- age   5:       2448 bytes,     542840 total
- age   6:       2440 bytes,     545280 total
- age   7:       2696 bytes,     547976 total
- age   8:       4512 bytes,     552488 total
: 96544K->553K(109248K), 0.0137321 secs] 213966K->117975K(502464K), 0.0139177 secs] [Times: user=0.00 sys=0.00, real=0.01 secs] 
Heap after GC invocations=101 (full 1):
 par new generation   total 109248K, used 553K [0x00000000e0000000, 0x00000000e8000000, 0x00000000e8000000)
  eden space 87424K,   0% used [0x00000000e0000000, 0x00000000e0000000, 0x00000000e5560000)
  from space 21824K,   2% used [0x00000000e6ab0000, 0x00000000e6b3a5d0, 0x00000000e8000000)
  to   space 21824K,   0% used [0x00000000e5560000, 0x00000000e5560000, 0x00000000e6ab0000)
 concurrent mark-sweep generation total 393216K, used 117421K [0x00000000e8000000, 0x0000000100000000, 0x0000000100000000)
 Metaspace       used 36362K, capacity 36750K, committed 36964K, reserved 1081344K
  class space    used 4003K, capacity 4167K, committed 4196K, reserved 1048576K
}
2016-05-12T11:59:56.566+0100: 8797.323: Total time for which application threads were stopped: 0.0272470 seconds, Stopping threads took: 0.0129195 seconds
2016-05-12T12:00:02.566+0100: 8803.322: Total time for which application threads were stopped: 0.0001706 seconds, Stopping threads took: 0.0000545 seconds
2016-05-12T12:00:04.566+0100: 8805.322: Total time for which application threads were stopped: 0.0001587 seconds, Stopping threads took: 0.0000474 seconds
{Heap before GC invocations=101 (full 1):
 par new generation   total 109248K, used 81810K [0x00000000e0000000, 0x00000000e8000000, 0x00000000e8000000)
  eden space 87424K,  92% used [0x00000000e0000000, 0x00000000e4f5a408, 0x00000000e5560000)
  from space 21824K,   2% used [0x00000000e6ab0000, 0x00000000e6b3a5d0, 0x00000000e8000000)
  to   space 21824K,   0% used [0x00000000e5560000, 0x00000000e5560000, 0x00000000e6ab0000)
 concurrent mark-sweep generation total 393216K, used 117421K [0x00000000e8000000, 0x0000000100000000, 0x0000000100000000)
 Metaspace       used 36371K, capacity 36814K, committed 37220K, reserved 1083392K
  class space    used 4003K, capacity 4167K, committed 4196K, reserved 1048576K
2016-05-12T12:00:06.138+0100: 8806.895: [GC (Allocation Failure) 2016-05-12T12:00:06.138+0100: 8806.896: [ParNew
Desired survivor size 20112992 bytes, new threshold 8 (max 8)
- age   1:    2574008 bytes,    2574008 total
- age   2:      47624 bytes,    2621632 total
- age   3:       2496 bytes,    2624128 total
- age   4:       2664 bytes,    2626792 total
- age   5:       2496 bytes,    2629288 total
- age   6:       2448 bytes,    2631736 total
- age   7:       2440 bytes,    2634176 total
- age   8:       2696 bytes,    2636872 total
: 81810K->2578K(109248K), 0.0142620 secs] 199232K->120004K(502464K), 0.0144128 secs] [Times: user=0.03 sys=0.00, real=0.01 secs] 
Heap after GC invocations=102 (full 1):
 par new generation   total 109248K, used 2578K [0x00000000e0000000, 0x00000000e8000000, 0x00000000e8000000)
  eden space 87424K,   0% used [0x00000000e0000000, 0x00000000e0000000, 0x00000000e5560000)
  from space 21824K,  11% used [0x00000000e5560000, 0x00000000e57e49e0, 0x00000000e6ab0000)
  to   space 21824K,   0% used [0x00000000e6ab0000, 0x00000000e6ab0000, 0x00000000e8000000)
 concurrent mark-sweep generation total 393216K, used 117426K [0x00000000e8000000, 0x0000000100000000, 0x0000000100000000)
 Metaspace       used 36371K, capacity 36814K, committed 37220K, reserved 1083392K
  class space    used 4003K, capacity 4167K, committed 4196K, reserved 1048576K
}
2016-05-12T12:00:06.152+0100: 8806.910: Total time for which application threads were stopped: 0.0148810 seconds, Stopping threads took: 0.0000569 seconds
2016-05-12T12:00:07.838+0100: 8808.596: Total time for which application threads were stopped: 0.0008102 seconds, Stopping threads took: 0.0006349 seconds
2016-05-12T12:00:09.839+0100: 8810.597: Total time for which application threads were stopped: 0.0001619 seconds, Stopping threads took: 0.0000505 seconds
{Heap before GC invocations=102 (full 1):
 par new generation   total 109248K, used 89757K [0x00000000e0000000, 0x00000000e8000000, 0x00000000e8000000)
  eden space 87424K,  99% used [0x00000000e0000000, 0x00000000e5522d10, 0x00000000e5560000)
  from space 21824K,  11% used [0x00000000e5560000, 0x00000000e57e49e0, 0x00000000e6ab0000)
  to   space 21824K,   0% used [0x00000000e6ab0000, 0x00000000e6ab0000, 0x00000000e8000000)
 concurrent mark-sweep generation total 393216K, used 117426K [0x00000000e8000000, 0x0000000100000000, 0x0000000100000000)
 Metaspace       used 36436K, capacity 36814K, committed 37220K, reserved 1083392K
  class space    used 4004K, capacity 4167K, committed 4196K, reserved 1048576K
2016-05-12T12:00:13.573+0100: 8814.330: [GC (Allocation Failure) 2016-05-12T12:00:13.573+0100: 8814.330: [ParNew
Desired survivor size 20112992 bytes, new threshold 8 (max 8)
- age   1:     983464 bytes,     983464 total
- age   2:       3456 bytes,     986920 total
- age   3:      47336 bytes,    1034256 total
- age   4:       2496 bytes,    1036752 total
- age   5:       2664 bytes,    1039416 total
- age   6:       2496 bytes,    1041912 total
- age   7:       2448 bytes,    1044360 total
- age   8:       2440 bytes,    1046800 total
: 89757K->1033K(109248K), 0.0112881 secs] 207183K->118462K(502464K), 0.0114555 secs] [Times: user=0.00 sys=0.00, real=0.01 secs] 
Heap after GC invocations=103 (full 1):
 par new generation   total 109248K, used 1033K [0x00000000e0000000, 0x00000000e8000000, 0x00000000e8000000)
  eden space 87424K,   0% used [0x00000000e0000000, 0x00000000e0000000, 0x00000000e5560000)
  from space 21824K,   4% used [0x00000000e6ab0000, 0x00000000e6bb26b0, 0x00000000e8000000)
  to   space 21824K,   0% used [0x00000000e5560000, 0x00000000e5560000, 0x00000000e6ab0000)
 concurrent mark-sweep generation total 393216K, used 117428K [0x00000000e8000000, 0x0000000100000000, 0x0000000100000000)
 Metaspace       used 36436K, capacity 36814K, committed 37220K, reserved 1083392K
  class space    used 4004K, capacity 4167K, committed 4196K, reserved 1048576K
}
2016-05-12T12:00:13.584+0100: 8814.341: Total time for which application threads were stopped: 0.0137676 seconds, Stopping threads took: 0.0018739 seconds
2016-05-12T12:00:14.854+0100: 8815.611: Total time for which application threads were stopped: 0.0002329 seconds, Stopping threads took: 0.0000584 seconds
2016-05-12T12:00:15.854+0100: 8816.611: Total time for which application threads were stopped: 0.0001587 seconds, Stopping threads took: 0.0000482 seconds
2016-05-12T12:00:25.583+0100: 8826.341: Total time for which application threads were stopped: 0.0002329 seconds, Stopping threads took: 0.0000908 seconds
{Heap before GC invocations=103 (full 1):
 par new generation   total 109248K, used 86458K [0x00000000e0000000, 0x00000000e8000000, 0x00000000e8000000)
  eden space 87424K,  97% used [0x00000000e0000000, 0x00000000e536c3d8, 0x00000000e5560000)
  from space 21824K,   4% used [0x00000000e6ab0000, 0x00000000e6bb26b0, 0x00000000e8000000)
  to   space 21824K,   0% used [0x00000000e5560000, 0x00000000e5560000, 0x00000000e6ab0000)
 concurrent mark-sweep generation total 393216K, used 117428K [0x00000000e8000000, 0x0000000100000000, 0x0000000100000000)
 Metaspace       used 36451K, capacity 36878K, committed 37220K, reserved 1083392K
  class space    used 4004K, capacity 4167K, committed 4196K, reserved 1048576K
2016-05-12T12:00:25.601+0100: 8826.359: [GC (Allocation Failure) 2016-05-12T12:00:25.602+0100: 8826.359: [ParNew
Desired survivor size 20112992 bytes, new threshold 8 (max 8)
- age   1:      53096 bytes,      53096 total
- age   2:       4016 bytes,      57112 total
- age   3:       3216 bytes,      60328 total
- age   4:      46856 bytes,     107184 total
- age   5:       2496 bytes,     109680 total
- age   6:       2424 bytes,     112104 total
- age   7:       2496 bytes,     114600 total
- age   8:       2448 bytes,     117048 total
: 86458K->135K(109248K), 0.0135671 secs] 203887K->117566K(502464K), 0.0137187 secs] [Times: user=0.02 sys=0.00, real=0.01 secs] 
Heap after GC invocations=104 (full 1):
 par new generation   total 109248K, used 135K [0x00000000e0000000, 0x00000000e8000000, 0x00000000e8000000)
  eden space 87424K,   0% used [0x00000000e0000000, 0x00000000e0000000, 0x00000000e5560000)
  from space 21824K,   0% used [0x00000000e5560000, 0x00000000e5581eb0, 0x00000000e6ab0000)
  to   space 21824K,   0% used [0x00000000e6ab0000, 0x00000000e6ab0000, 0x00000000e8000000)
 concurrent mark-sweep generation total 393216K, used 117431K [0x00000000e8000000, 0x0000000100000000, 0x0000000100000000)
 Metaspace       used 36451K, capacity 36878K, committed 37220K, reserved 1083392K
  class space    used 4004K, capacity 4167K, committed 4196K, reserved 1048576K
}
2016-05-12T12:00:25.615+0100: 8826.373: Total time for which application threads were stopped: 0.0141609 seconds, Stopping threads took: 0.0000490 seconds
2016-05-12T12:00:27.776+0100: 8828.533: Total time for which application threads were stopped: 0.0002195 seconds, Stopping threads took: 0.0000648 seconds
2016-05-12T12:00:27.777+0100: 8828.534: Total time for which application threads were stopped: 0.0001208 seconds, Stopping threads took: 0.0000316 seconds
2016-05-12T12:00:27.777+0100: 8828.535: Total time for which application threads were stopped: 0.0001066 seconds, Stopping threads took: 0.0000284 seconds
2016-05-12T12:00:27.777+0100: 8828.535: Total time for which application threads were stopped: 0.0000987 seconds, Stopping threads took: 0.0000253 seconds
2016-05-12T12:00:27.777+0100: 8828.535: Total time for which application threads were stopped: 0.0001248 seconds, Stopping threads took: 0.0000300 seconds
2016-05-12T12:00:27.778+0100: 8828.536: Total time for which application threads were stopped: 0.0003806 seconds, Stopping threads took: 0.0000276 seconds
{Heap before GC invocations=104 (full 1):
 par new generation   total 109248K, used 84748K [0x00000000e0000000, 0x00000000e8000000, 0x00000000e8000000)
  eden space 87424K,  96% used [0x00000000e0000000, 0x00000000e52a14d0, 0x00000000e5560000)
  from space 21824K,   0% used [0x00000000e5560000, 0x00000000e5581eb0, 0x00000000e6ab0000)
  to   space 21824K,   0% used [0x00000000e6ab0000, 0x00000000e6ab0000, 0x00000000e8000000)
 concurrent mark-sweep generation total 393216K, used 117431K [0x00000000e8000000, 0x0000000100000000, 0x0000000100000000)
 Metaspace       used 36451K, capacity 36878K, committed 37220K, reserved 1083392K
  class space    used 4004K, capacity 4167K, committed 4196K, reserved 1048576K
2016-05-12T12:00:28.036+0100: 8828.794: [GC (Allocation Failure) 2016-05-12T12:00:28.037+0100: 8828.794: [ParNew
Desired survivor size 20112992 bytes, new threshold 8 (max 8)
- age   1:    4641704 bytes,    4641704 total
- age   2:       4400 bytes,    4646104 total
- age   3:       3776 bytes,    4649880 total
- age   4:       3216 bytes,    4653096 total
- age   5:      46856 bytes,    4699952 total
- age   6:       2496 bytes,    4702448 total
- age   7:       2424 bytes,    4704872 total
- age   8:       2496 bytes,    4707368 total
: 84748K->4609K(109248K), 0.0124418 secs] 202180K->122043K(502464K), 0.0125847 secs] [Times: user=0.01 sys=0.00, real=0.01 secs] 
Heap after GC invocations=105 (full 1):
 par new generation   total 109248K, used 4609K [0x00000000e0000000, 0x00000000e8000000, 0x00000000e8000000)
  eden space 87424K,   0% used [0x00000000e0000000, 0x00000000e0000000, 0x00000000e5560000)
  from space 21824K,  21% used [0x00000000e6ab0000, 0x00000000e6f307a8, 0x00000000e8000000)
  to   space 21824K,   0% used [0x00000000e5560000, 0x00000000e5560000, 0x00000000e6ab0000)
 concurrent mark-sweep generation total 393216K, used 117433K [0x00000000e8000000, 0x0000000100000000, 0x0000000100000000)
 Metaspace       used 36451K, capacity 36878K, committed 37220K, reserved 1083392K
  class space    used 4004K, capacity 4167K, committed 4196K, reserved 1048576K
}
2016-05-12T12:00:28.049+0100: 8828.807: Total time for which application threads were stopped: 0.0130656 seconds, Stopping threads took: 0.0000663 seconds
{Heap before GC invocations=105 (full 1):
 par new generation   total 109248K, used 91716K [0x00000000e0000000, 0x00000000e8000000, 0x00000000e8000000)
  eden space 87424K,  99% used [0x00000000e0000000, 0x00000000e5510af0, 0x00000000e5560000)
  from space 21824K,  21% used [0x00000000e6ab0000, 0x00000000e6f307a8, 0x00000000e8000000)
  to   space 21824K,   0% used [0x00000000e5560000, 0x00000000e5560000, 0x00000000e6ab0000)
 concurrent mark-sweep generation total 393216K, used 117433K [0x00000000e8000000, 0x0000000100000000, 0x0000000100000000)
 Metaspace       used 36451K, capacity 36878K, committed 37220K, reserved 1083392K
  class space    used 4004K, capacity 4167K, committed 4196K, reserved 1048576K
2016-05-12T12:00:34.174+0100: 8834.932: [GC (Allocation Failure) 2016-05-12T12:00:34.174+0100: 8834.932: [ParNew
Desired survivor size 20112992 bytes, new threshold 8 (max 8)
- age   1:    1349760 bytes,    1349760 total
- age   2:        360 bytes,    1350120 total
- age   3:       3632 bytes,    1353752 total
- age   4:       3776 bytes,    1357528 total
- age   5:       2856 bytes,    1360384 total
- age   6:      46824 bytes,    1407208 total
- age   7:       2496 bytes,    1409704 total
- age   8:       2424 bytes,    1412128 total
: 91716K->1384K(109248K), 0.0109146 secs] 209150K->118820K(502464K), 0.0111855 secs] [Times: user=0.03 sys=0.00, real=0.01 secs] 
Heap after GC invocations=106 (full 1):
 par new generation   total 109248K, used 1384K [0x00000000e0000000, 0x00000000e8000000, 0x00000000e8000000)
  eden space 87424K,   0% used [0x00000000e0000000, 0x00000000e0000000, 0x00000000e5560000)
  from space 21824K,   6% used [0x00000000e5560000, 0x00000000e56ba238, 0x00000000e6ab0000)
  to   space 21824K,   0% used [0x00000000e6ab0000, 0x00000000e6ab0000, 0x00000000e8000000)
 concurrent mark-sweep generation total 393216K, used 117436K [0x00000000e8000000, 0x0000000100000000, 0x0000000100000000)
 Metaspace       used 36451K, capacity 36878K, committed 37220K, reserved 1083392K
  class space    used 4004K, capacity 4167K, committed 4196K, reserved 1048576K
}
2016-05-12T12:00:34.186+0100: 8834.944: Total time for which application threads were stopped: 0.0117682 seconds, Stopping threads took: 0.0001682 seconds
2016-05-12T12:02:03.611+0100: 8924.371: Total time for which application threads were stopped: 0.0002408 seconds, Stopping threads took: 0.0000624 seconds
2016-05-12T12:02:03.625+0100: 8924.385: Total time for which application threads were stopped: 0.0003072 seconds, Stopping threads took: 0.0000505 seconds
2016-05-12T12:02:03.626+0100: 8924.386: Total time for which application threads were stopped: 0.0001145 seconds, Stopping threads took: 0.0000300 seconds
2016-05-12T12:02:03.626+0100: 8924.386: Total time for which application threads were stopped: 0.0001121 seconds, Stopping threads took: 0.0000268 seconds
2016-05-12T12:02:03.714+0100: 8924.474: Total time for which application threads were stopped: 0.0002945 seconds, Stopping threads took: 0.0000497 seconds
2016-05-12T12:03:43.768+0100: 9024.532: Total time for which application threads were stopped: 0.0002203 seconds, Stopping threads took: 0.0000616 seconds
2016-05-12T12:19:27.728+0100: 9968.527: Total time for which application threads were stopped: 0.0001919 seconds, Stopping threads took: 0.0000490 seconds
2016-05-12T12:19:27.728+0100: 9968.528: Total time for which application threads were stopped: 0.0000853 seconds, Stopping threads took: 0.0000213 seconds
2016-05-12T12:19:27.730+0100: 9968.530: Total time for which application threads were stopped: 0.0001816 seconds, Stopping threads took: 0.0000316 seconds
2016-05-12T12:19:28.699+0100: 9969.498: Total time for which application threads were stopped: 0.0001642 seconds, Stopping threads took: 0.0000450 seconds
2016-05-12T12:19:28.699+0100: 9969.499: Total time for which application threads were stopped: 0.0000916 seconds, Stopping threads took: 0.0000205 seconds
2016-05-12T12:19:28.700+0100: 9969.499: Total time for which application threads were stopped: 0.0001216 seconds, Stopping threads took: 0.0000213 seconds
2016-05-12T12:19:30.700+0100: 9971.499: Total time for which application threads were stopped: 0.0001571 seconds, Stopping threads took: 0.0000458 seconds
{Heap before GC invocations=106 (full 1):
 par new generation   total 109248K, used 88770K [0x00000000e0000000, 0x00000000e8000000, 0x00000000e8000000)
  eden space 87424K,  99% used [0x00000000e0000000, 0x00000000e5556830, 0x00000000e5560000)
  from space 21824K,   6% used [0x00000000e5560000, 0x00000000e56ba238, 0x00000000e6ab0000)
  to   space 21824K,   0% used [0x00000000e6ab0000, 0x00000000e6ab0000, 0x00000000e8000000)
 concurrent mark-sweep generation total 393216K, used 117436K [0x00000000e8000000, 0x0000000100000000, 0x0000000100000000)
 Metaspace       used 36465K, capacity 36942K, committed 37220K, reserved 1083392K
  class space    used 4004K, capacity 4167K, committed 4196K, reserved 1048576K
2016-05-12T12:19:42.325+0100: 9983.124: [GC (Allocation Failure) 2016-05-12T12:19:42.325+0100: 9983.124: [ParNew
Desired survivor size 20112992 bytes, new threshold 8 (max 8)
- age   1:     298104 bytes,     298104 total
- age   2:       2792 bytes,     300896 total
- age   3:         96 bytes,     300992 total
- age   4:       2952 bytes,     303944 total
- age   5:       3560 bytes,     307504 total
- age   6:       2672 bytes,     310176 total
- age   7:      34728 bytes,     344904 total
- age   8:       2496 bytes,     347400 total
: 88770K->347K(109248K), 0.0150674 secs] 206206K->117785K(502464K), 0.0152474 secs] [Times: user=0.03 sys=0.00, real=0.01 secs] 
Heap after GC invocations=107 (full 1):
 par new generation   total 109248K, used 347K [0x00000000e0000000, 0x00000000e8000000, 0x00000000e8000000)
  eden space 87424K,   0% used [0x00000000e0000000, 0x00000000e0000000, 0x00000000e5560000)
  from space 21824K,   1% used [0x00000000e6ab0000, 0x00000000e6b06e38, 0x00000000e8000000)
  to   space 21824K,   0% used [0x00000000e5560000, 0x00000000e5560000, 0x00000000e6ab0000)
 concurrent mark-sweep generation total 393216K, used 117438K [0x00000000e8000000, 0x0000000100000000, 0x0000000100000000)
 Metaspace       used 36465K, capacity 36942K, committed 37220K, reserved 1083392K
  class space    used 4004K, capacity 4167K, committed 4196K, reserved 1048576K
}
2016-05-12T12:19:42.340+0100: 9983.140: Total time for which application threads were stopped: 0.0157323 seconds, Stopping threads took: 0.0000545 seconds
2016-05-12T12:19:42.341+0100: 9983.140: Total time for which application threads were stopped: 0.0002227 seconds, Stopping threads took: 0.0000742 seconds
2016-05-12T12:19:42.341+0100: 9983.140: Total time for which application threads were stopped: 0.0001145 seconds, Stopping threads took: 0.0000387 seconds
2016-05-12T12:19:42.342+0100: 9983.141: Total time for which application threads were stopped: 0.0001256 seconds, Stopping threads took: 0.0000355 seconds
2016-05-12T12:19:42.342+0100: 9983.141: Total time for which application threads were stopped: 0.0001058 seconds, Stopping threads took: 0.0000308 seconds
2016-05-12T12:19:42.342+0100: 9983.142: Total time for which application threads were stopped: 0.0003151 seconds, Stopping threads took: 0.0002077 seconds
2016-05-12T12:19:42.343+0100: 9983.142: Total time for which application threads were stopped: 0.0001121 seconds, Stopping threads took: 0.0000284 seconds
2016-05-12T12:19:42.343+0100: 9983.142: Total time for which application threads were stopped: 0.0001248 seconds, Stopping threads took: 0.0000458 seconds
2016-05-12T12:19:42.343+0100: 9983.142: Total time for which application threads were stopped: 0.0001184 seconds, Stopping threads took: 0.0000426 seconds
2016-05-12T12:19:42.343+0100: 9983.142: Total time for which application threads were stopped: 0.0001177 seconds, Stopping threads took: 0.0000426 seconds
2016-05-12T12:19:42.343+0100: 9983.143: Total time for which application threads were stopped: 0.0001169 seconds, Stopping threads took: 0.0000411 seconds
2016-05-12T12:19:42.344+0100: 9983.143: Total time for which application threads were stopped: 0.0003514 seconds, Stopping threads took: 0.0000419 seconds
2016-05-12T12:19:43.344+0100: 9984.143: Total time for which application threads were stopped: 0.0001603 seconds, Stopping threads took: 0.0000474 seconds
2016-05-12T12:19:45.345+0100: 9986.144: Total time for which application threads were stopped: 0.0003838 seconds, Stopping threads took: 0.0001058 seconds
2016-05-12T12:19:47.345+0100: 9988.144: Total time for which application threads were stopped: 0.0001635 seconds, Stopping threads took: 0.0000474 seconds
2016-05-12T12:19:55.346+0100: 9996.145: Total time for which application threads were stopped: 0.0001690 seconds, Stopping threads took: 0.0000545 seconds
2016-05-12T12:20:04.346+0100: 10005.145: Total time for which application threads were stopped: 0.0001864 seconds, Stopping threads took: 0.0000505 seconds
2016-05-12T12:20:05.374+0100: 10006.177: Total time for which application threads were stopped: 0.0001579 seconds, Stopping threads took: 0.0000482 seconds
{Heap before GC invocations=107 (full 1):
 par new generation   total 109248K, used 87771K [0x00000000e0000000, 0x00000000e8000000, 0x00000000e8000000)
  eden space 87424K, 100% used [0x00000000e0000000, 0x00000000e5560000, 0x00000000e5560000)
  from space 21824K,   1% used [0x00000000e6ab0000, 0x00000000e6b06e38, 0x00000000e8000000)
  to   space 21824K,   0% used [0x00000000e5560000, 0x00000000e5560000, 0x00000000e6ab0000)
 concurrent mark-sweep generation total 393216K, used 117438K [0x00000000e8000000, 0x0000000100000000, 0x0000000100000000)
 Metaspace       used 36527K, capacity 36942K, committed 37220K, reserved 1083392K
  class space    used 4004K, capacity 4167K, committed 4196K, reserved 1048576K
2016-05-12T12:20:05.672+0100: 10006.475: [GC (Allocation Failure) 2016-05-12T12:20:05.672+0100: 10006.475: [ParNew
Desired survivor size 20112992 bytes, new threshold 8 (max 8)
- age   1:     747256 bytes,     747256 total
- age   2:      31760 bytes,     779016 total
- age   3:       2792 bytes,     781808 total
- age   4:         96 bytes,     781904 total
- age   5:       2952 bytes,     784856 total
- age   6:       3560 bytes,     788416 total
- age   7:       2672 bytes,     791088 total
- age   8:      34728 bytes,     825816 total
: 87771K->861K(109248K), 0.0242148 secs] 205209K->118302K(502464K), 0.0243435 secs] [Times: user=0.03 sys=0.00, real=0.02 secs] 
Heap after GC invocations=108 (full 1):
 par new generation   total 109248K, used 861K [0x00000000e0000000, 0x00000000e8000000, 0x00000000e8000000)
  eden space 87424K,   0% used [0x00000000e0000000, 0x00000000e0000000, 0x00000000e5560000)
  from space 21824K,   3% used [0x00000000e5560000, 0x00000000e56376d0, 0x00000000e6ab0000)
  to   space 21824K,   0% used [0x00000000e6ab0000, 0x00000000e6ab0000, 0x00000000e8000000)
 concurrent mark-sweep generation total 393216K, used 117440K [0x00000000e8000000, 0x0000000100000000, 0x0000000100000000)
 Metaspace       used 36527K, capacity 36942K, committed 37220K, reserved 1083392K
  class space    used 4004K, capacity 4167K, committed 4196K, reserved 1048576K
}
2016-05-12T12:20:05.696+0100: 10006.500: Total time for which application threads were stopped: 0.0248568 seconds, Stopping threads took: 0.0000419 seconds
2016-05-12T12:20:05.698+0100: 10006.501: Total time for which application threads were stopped: 0.0011229 seconds, Stopping threads took: 0.0009215 seconds
2016-05-12T12:20:05.699+0100: 10006.502: Total time for which application threads were stopped: 0.0010842 seconds, Stopping threads took: 0.0009721 seconds
2016-05-12T12:20:05.700+0100: 10006.504: Total time for which application threads were stopped: 0.0010645 seconds, Stopping threads took: 0.0008734 seconds
2016-05-12T12:20:05.700+0100: 10006.504: Total time for which application threads were stopped: 0.0001074 seconds, Stopping threads took: 0.0000300 seconds
2016-05-12T12:20:05.700+0100: 10006.504: Total time for which application threads were stopped: 0.0001208 seconds, Stopping threads took: 0.0000442 seconds
2016-05-12T12:20:05.700+0100: 10006.504: Total time for which application threads were stopped: 0.0001311 seconds, Stopping threads took: 0.0000434 seconds
2016-05-12T12:20:05.701+0100: 10006.505: Total time for which application threads were stopped: 0.0002843 seconds, Stopping threads took: 0.0002006 seconds
2016-05-12T12:20:05.701+0100: 10006.505: Total time for which application threads were stopped: 0.0001240 seconds, Stopping threads took: 0.0000426 seconds
2016-05-12T12:20:05.701+0100: 10006.505: Total time for which application threads were stopped: 0.0001295 seconds, Stopping threads took: 0.0000426 seconds
2016-05-12T12:20:05.701+0100: 10006.505: Total time for which application threads were stopped: 0.0001192 seconds, Stopping threads took: 0.0000403 seconds
2016-05-12T12:20:05.702+0100: 10006.505: Total time for which application threads were stopped: 0.0001335 seconds, Stopping threads took: 0.0000419 seconds
2016-05-12T12:20:05.702+0100: 10006.506: Total time for which application threads were stopped: 0.0001319 seconds, Stopping threads took: 0.0000474 seconds
2016-05-12T12:20:05.702+0100: 10006.506: Total time for which application threads were stopped: 0.0001066 seconds, Stopping threads took: 0.0000276 seconds
2016-05-12T12:20:05.702+0100: 10006.506: Total time for which application threads were stopped: 0.0001050 seconds, Stopping threads took: 0.0000253 seconds
2016-05-12T12:20:05.702+0100: 10006.506: Total time for which application threads were stopped: 0.0001042 seconds, Stopping threads took: 0.0000261 seconds
2016-05-12T12:20:05.702+0100: 10006.506: Total time for which application threads were stopped: 0.0001966 seconds, Stopping threads took: 0.0000268 seconds
2016-05-12T12:20:05.703+0100: 10006.506: Total time for which application threads were stopped: 0.0001816 seconds, Stopping threads took: 0.0000261 seconds
2016-05-12T12:20:05.703+0100: 10006.507: Total time for which application threads were stopped: 0.0001769 seconds, Stopping threads took: 0.0000253 seconds
2016-05-12T12:20:05.703+0100: 10006.507: Total time for which application threads were stopped: 0.0001761 seconds, Stopping threads took: 0.0000245 seconds
2016-05-12T12:20:05.704+0100: 10006.507: Total time for which application threads were stopped: 0.0003214 seconds, Stopping threads took: 0.0000268 seconds
2016-05-12T12:20:06.704+0100: 10007.508: Total time for which application threads were stopped: 0.0001935 seconds, Stopping threads took: 0.0000576 seconds
2016-05-12T12:20:25.705+0100: 10026.509: Total time for which application threads were stopped: 0.0002590 seconds, Stopping threads took: 0.0000553 seconds
2016-05-12T12:20:36.707+0100: 10037.510: Total time for which application threads were stopped: 0.0001548 seconds, Stopping threads took: 0.0000458 seconds
2016-05-12T12:22:04.069+0100: 10124.873: Total time for which application threads were stopped: 0.0002069 seconds, Stopping threads took: 0.0000561 seconds
2016-05-12T12:22:04.072+0100: 10124.875: Total time for which application threads were stopped: 0.0001153 seconds, Stopping threads took: 0.0000292 seconds
2016-05-12T12:22:04.072+0100: 10124.875: Total time for which application threads were stopped: 0.0000845 seconds, Stopping threads took: 0.0000205 seconds
2016-05-12T12:22:04.073+0100: 10124.877: Total time for which application threads were stopped: 0.0001579 seconds, Stopping threads took: 0.0000245 seconds
2016-05-12T12:22:04.074+0100: 10124.878: Total time for which application threads were stopped: 0.0001303 seconds, Stopping threads took: 0.0000276 seconds
2016-05-12T12:22:04.075+0100: 10124.878: Total time for which application threads were stopped: 0.0000987 seconds, Stopping threads took: 0.0000213 seconds
2016-05-12T12:22:04.227+0100: 10125.031: Total time for which application threads were stopped: 0.0002179 seconds, Stopping threads took: 0.0000466 seconds
2016-05-12T12:22:04.227+0100: 10125.031: Total time for which application threads were stopped: 0.0001311 seconds, Stopping threads took: 0.0000616 seconds
2016-05-12T12:22:04.228+0100: 10125.032: Total time for which application threads were stopped: 0.0009231 seconds, Stopping threads took: 0.0008544 seconds
2016-05-12T12:22:04.230+0100: 10125.033: Total time for which application threads were stopped: 0.0001824 seconds, Stopping threads took: 0.0000419 seconds
2016-05-12T12:22:04.231+0100: 10125.034: Total time for which application threads were stopped: 0.0001793 seconds, Stopping threads took: 0.0000340 seconds
2016-05-12T12:22:04.288+0100: 10125.091: Total time for which application threads were stopped: 0.0002061 seconds, Stopping threads took: 0.0000505 seconds
2016-05-12T12:22:04.314+0100: 10125.118: Total time for which application threads were stopped: 0.0010739 seconds, Stopping threads took: 0.0009113 seconds
2016-05-12T12:22:04.318+0100: 10125.121: Total time for which application threads were stopped: 0.0004217 seconds, Stopping threads took: 0.0002590 seconds
2016-05-12T12:22:04.319+0100: 10125.123: Total time for which application threads were stopped: 0.0001935 seconds, Stopping threads took: 0.0000403 seconds
{Heap before GC invocations=108 (full 1):
 par new generation   total 109248K, used 88285K [0x00000000e0000000, 0x00000000e8000000, 0x00000000e8000000)
  eden space 87424K, 100% used [0x00000000e0000000, 0x00000000e5560000, 0x00000000e5560000)
  from space 21824K,   3% used [0x00000000e5560000, 0x00000000e56376d0, 0x00000000e6ab0000)
  to   space 21824K,   0% used [0x00000000e6ab0000, 0x00000000e6ab0000, 0x00000000e8000000)
 concurrent mark-sweep generation total 393216K, used 117440K [0x00000000e8000000, 0x0000000100000000, 0x0000000100000000)
 Metaspace       used 36562K, capacity 36942K, committed 37220K, reserved 1083392K
  class space    used 4004K, capacity 4167K, committed 4196K, reserved 1048576K
2016-05-12T12:22:04.470+0100: 10125.273: [GC (Allocation Failure) 2016-05-12T12:22:04.470+0100: 10125.273: [ParNew
Desired survivor size 20112992 bytes, new threshold 8 (max 8)
- age   1:    3584176 bytes,    3584176 total
- age   2:      15360 bytes,    3599536 total
- age   3:      19488 bytes,    3619024 total
- age   4:       2760 bytes,    3621784 total
- age   5:         96 bytes,    3621880 total
- age   6:       2952 bytes,    3624832 total
- age   7:       3528 bytes,    3628360 total
- age   8:       2672 bytes,    3631032 total
: 88285K->3745K(109248K), 0.0131091 secs] 205726K->121220K(502464K), 0.0132796 secs] [Times: user=0.03 sys=0.00, real=0.01 secs] 
Heap after GC invocations=109 (full 1):
 par new generation   total 109248K, used 3745K [0x00000000e0000000, 0x00000000e8000000, 0x00000000e8000000)
  eden space 87424K,   0% used [0x00000000e0000000, 0x00000000e0000000, 0x00000000e5560000)
  from space 21824K,  17% used [0x00000000e6ab0000, 0x00000000e6e58510, 0x00000000e8000000)
  to   space 21824K,   0% used [0x00000000e5560000, 0x00000000e5560000, 0x00000000e6ab0000)
 concurrent mark-sweep generation total 393216K, used 117474K [0x00000000e8000000, 0x0000000100000000, 0x0000000100000000)
 Metaspace       used 36562K, capacity 36942K, committed 37220K, reserved 1083392K
  class space    used 4004K, capacity 4167K, committed 4196K, reserved 1048576K
}
2016-05-12T12:22:04.483+0100: 10125.287: Total time for which application threads were stopped: 0.0137676 seconds, Stopping threads took: 0.0000648 seconds
2016-05-12T12:22:04.863+0100: 10125.667: Total time for which application threads were stopped: 0.0017546 seconds, Stopping threads took: 0.0015367 seconds
{Heap before GC invocations=109 (full 1):
 par new generation   total 109248K, used 91060K [0x00000000e0000000, 0x00000000e8000000, 0x00000000e8000000)
  eden space 87424K,  99% used [0x00000000e0000000, 0x00000000e5544c08, 0x00000000e5560000)
  from space 21824K,  17% used [0x00000000e6ab0000, 0x00000000e6e58510, 0x00000000e8000000)
  to   space 21824K,   0% used [0x00000000e5560000, 0x00000000e5560000, 0x00000000e6ab0000)
 concurrent mark-sweep generation total 393216K, used 117474K [0x00000000e8000000, 0x0000000100000000, 0x0000000100000000)
 Metaspace       used 36572K, capacity 37006K, committed 37220K, reserved 1083392K
  class space    used 4004K, capacity 4167K, committed 4196K, reserved 1048576K
2016-05-12T12:22:05.220+0100: 10126.023: [GC (Allocation Failure) 2016-05-12T12:22:05.220+0100: 10126.023: [ParNew
Desired survivor size 20112992 bytes, new threshold 8 (max 8)
- age   1:    7791544 bytes,    7791544 total
- age   2:    1679032 bytes,    9470576 total
- age   3:      11464 bytes,    9482040 total
- age   4:      19488 bytes,    9501528 total
- age   5:       2760 bytes,    9504288 total
- age   6:         96 bytes,    9504384 total
- age   7:       2952 bytes,    9507336 total
- age   8:       3528 bytes,    9510864 total
: 91060K->9469K(109248K), 0.0166830 secs] 208535K->126947K(502464K), 0.0168354 secs] [Times: user=0.03 sys=0.00, real=0.02 secs] 
Heap after GC invocations=110 (full 1):
 par new generation   total 109248K, used 9469K [0x00000000e0000000, 0x00000000e8000000, 0x00000000e8000000)
  eden space 87424K,   0% used [0x00000000e0000000, 0x00000000e0000000, 0x00000000e5560000)
  from space 21824K,  43% used [0x00000000e5560000, 0x00000000e5e9f6d0, 0x00000000e6ab0000)
  to   space 21824K,   0% used [0x00000000e6ab0000, 0x00000000e6ab0000, 0x00000000e8000000)
 concurrent mark-sweep generation total 393216K, used 117477K [0x00000000e8000000, 0x0000000100000000, 0x0000000100000000)
 Metaspace       used 36572K, capacity 37006K, committed 37220K, reserved 1083392K
  class space    used 4004K, capacity 4167K, committed 4196K, reserved 1048576K
}
2016-05-12T12:22:05.237+0100: 10126.040: Total time for which application threads were stopped: 0.0173045 seconds, Stopping threads took: 0.0000576 seconds
{Heap before GC invocations=110 (full 1):
 par new generation   total 109248K, used 95719K [0x00000000e0000000, 0x00000000e8000000, 0x00000000e8000000)
  eden space 87424K,  98% used [0x00000000e0000000, 0x00000000e543a888, 0x00000000e5560000)
  from space 21824K,  43% used [0x00000000e5560000, 0x00000000e5e9f6d0, 0x00000000e6ab0000)
  to   space 21824K,   0% used [0x00000000e6ab0000, 0x00000000e6ab0000, 0x00000000e8000000)
 concurrent mark-sweep generation total 393216K, used 117477K [0x00000000e8000000, 0x0000000100000000, 0x0000000100000000)
 Metaspace       used 36572K, capacity 37006K, committed 37220K, reserved 1083392K
  class space    used 4004K, capacity 4167K, committed 4196K, reserved 1048576K
2016-05-12T12:22:05.838+0100: 10126.641: [GC (Allocation Failure) 2016-05-12T12:22:05.838+0100: 10126.642: [ParNew
Desired survivor size 20112992 bytes, new threshold 8 (max 8)
- age   1:    7769848 bytes,    7769848 total
- age   2:    6538696 bytes,   14308544 total
- age   3:    1679032 bytes,   15987576 total
- age   4:      11464 bytes,   15999040 total
- age   5:      19488 bytes,   16018528 total
- age   6:       2760 bytes,   16021288 total
- age   7:         96 bytes,   16021384 total
- age   8:       2952 bytes,   16024336 total
: 95719K->16882K(109248K), 0.0220677 secs] 213197K->134363K(502464K), 0.0221996 secs] [Times: user=0.03 sys=0.00, real=0.02 secs] 
Heap after GC invocations=111 (full 1):
 par new generation   total 109248K, used 16882K [0x00000000e0000000, 0x00000000e8000000, 0x00000000e8000000)
  eden space 87424K,   0% used [0x00000000e0000000, 0x00000000e0000000, 0x00000000e5560000)
  from space 21824K,  77% used [0x00000000e6ab0000, 0x00000000e7b2c928, 0x00000000e8000000)
  to   space 21824K,   0% used [0x00000000e5560000, 0x00000000e5560000, 0x00000000e6ab0000)
 concurrent mark-sweep generation total 393216K, used 117480K [0x00000000e8000000, 0x0000000100000000, 0x0000000100000000)
 Metaspace       used 36572K, capacity 37006K, committed 37220K, reserved 1083392K
  class space    used 4004K, capacity 4167K, committed 4196K, reserved 1048576K
}
2016-05-12T12:22:05.860+0100: 10126.664: Total time for which application threads were stopped: 0.0226584 seconds, Stopping threads took: 0.0000521 seconds
{Heap before GC invocations=111 (full 1):
 par new generation   total 109248K, used 101499K [0x00000000e0000000, 0x00000000e8000000, 0x00000000e8000000)
  eden space 87424K,  96% used [0x00000000e0000000, 0x00000000e52a2530, 0x00000000e5560000)
  from space 21824K,  77% used [0x00000000e6ab0000, 0x00000000e7b2c928, 0x00000000e8000000)
  to   space 21824K,   0% used [0x00000000e5560000, 0x00000000e5560000, 0x00000000e6ab0000)
 concurrent mark-sweep generation total 393216K, used 117480K [0x00000000e8000000, 0x0000000100000000, 0x0000000100000000)
 Metaspace       used 36579K, capacity 37006K, committed 37220K, reserved 1083392K
  class space    used 4004K, capacity 4167K, committed 4196K, reserved 1048576K
2016-05-12T12:22:06.461+0100: 10127.265: [GC (Allocation Failure) 2016-05-12T12:22:06.461+0100: 10127.265: [ParNew
Desired survivor size 20112992 bytes, new threshold 3 (max 8)
- age   1:   10504688 bytes,   10504688 total
- age   2:    4608064 bytes,   15112752 total
- age   3:    5017176 bytes,   20129928 total
- age   4:    1670744 bytes,   21800672 total
- age   5:      11464 bytes,   21812136 total
- age   6:      19488 bytes,   21831624 total
- age   7:       2760 bytes,   21834384 total
- age   8:         96 bytes,   21834480 total
: 101499K->21824K(109248K), 0.0258991 secs] 218980K->140733K(502464K), 0.0260689 secs] [Times: user=0.03 sys=0.00, real=0.03 secs] 
Heap after GC invocations=112 (full 1):
 par new generation   total 109248K, used 21824K [0x00000000e0000000, 0x00000000e8000000, 0x00000000e8000000)
  eden space 87424K,   0% used [0x00000000e0000000, 0x00000000e0000000, 0x00000000e5560000)
  from space 21824K, 100% used [0x00000000e5560000, 0x00000000e6ab0000, 0x00000000e6ab0000)
  to   space 21824K,   0% used [0x00000000e6ab0000, 0x00000000e6ab0000, 0x00000000e8000000)
 concurrent mark-sweep generation total 393216K, used 118909K [0x00000000e8000000, 0x0000000100000000, 0x0000000100000000)
 Metaspace       used 36579K, capacity 37006K, committed 37220K, reserved 1083392K
  class space    used 4004K, capacity 4167K, committed 4196K, reserved 1048576K
}
2016-05-12T12:22:06.487+0100: 10127.291: Total time for which application threads were stopped: 0.0277169 seconds, Stopping threads took: 0.0011821 seconds
{Heap before GC invocations=112 (full 1):
 par new generation   total 109248K, used 107046K [0x00000000e0000000, 0x00000000e8000000, 0x00000000e8000000)
  eden space 87424K,  97% used [0x00000000e0000000, 0x00000000e53399d8, 0x00000000e5560000)
  from space 21824K, 100% used [0x00000000e5560000, 0x00000000e6ab0000, 0x00000000e6ab0000)
  to   space 21824K,   0% used [0x00000000e6ab0000, 0x00000000e6ab0000, 0x00000000e8000000)
 concurrent mark-sweep generation total 393216K, used 118909K [0x00000000e8000000, 0x0000000100000000, 0x0000000100000000)
 Metaspace       used 36579K, capacity 37006K, committed 37220K, reserved 1083392K
  class space    used 4004K, capacity 4167K, committed 4196K, reserved 1048576K
2016-05-12T12:22:06.939+0100: 10127.743: [GC (Allocation Failure) 2016-05-12T12:22:06.939+0100: 10127.743: [ParNew
Desired survivor size 20112992 bytes, new threshold 8 (max 8)
- age   1:    6588976 bytes,    6588976 total
- age   2:    5852232 bytes,   12441208 total
- age   3:    4130704 bytes,   16571912 total
: 107046K->21824K(109248K), 0.1026212 secs] 225956K->156080K(502464K), 0.1027586 secs] [Times: user=0.16 sys=0.03, real=0.10 secs] 
Heap after GC invocations=113 (full 1):
 par new generation   total 109248K, used 21824K [0x00000000e0000000, 0x00000000e8000000, 0x00000000e8000000)
  eden space 87424K,   0% used [0x00000000e0000000, 0x00000000e0000000, 0x00000000e5560000)
  from space 21824K, 100% used [0x00000000e6ab0000, 0x00000000e8000000, 0x00000000e8000000)
  to   space 21824K,   0% used [0x00000000e5560000, 0x00000000e5560000, 0x00000000e6ab0000)
 concurrent mark-sweep generation total 393216K, used 134256K [0x00000000e8000000, 0x0000000100000000, 0x0000000100000000)
 Metaspace       used 36579K, capacity 37006K, committed 37220K, reserved 1083392K
  class space    used 4004K, capacity 4167K, committed 4196K, reserved 1048576K
}
2016-05-12T12:22:07.042+0100: 10127.846: Total time for which application threads were stopped: 0.1032387 seconds, Stopping threads took: 0.0000624 seconds
{Heap before GC invocations=113 (full 1):
 par new generation   total 109248K, used 108987K [0x00000000e0000000, 0x00000000e8000000, 0x00000000e8000000)
  eden space 87424K,  99% used [0x00000000e0000000, 0x00000000e551efc0, 0x00000000e5560000)
  from space 21824K, 100% used [0x00000000e6ab0000, 0x00000000e8000000, 0x00000000e8000000)
  to   space 21824K,   0% used [0x00000000e5560000, 0x00000000e5560000, 0x00000000e6ab0000)
 concurrent mark-sweep generation total 393216K, used 134256K [0x00000000e8000000, 0x0000000100000000, 0x0000000100000000)
 Metaspace       used 36579K, capacity 37006K, committed 37220K, reserved 1083392K
  class space    used 4004K, capacity 4167K, committed 4196K, reserved 1048576K
2016-05-12T12:22:07.544+0100: 10128.347: [GC (Allocation Failure) 2016-05-12T12:22:07.544+0100: 10128.348: [ParNew
Desired survivor size 20112992 bytes, new threshold 4 (max 8)
- age   1:   12344592 bytes,   12344592 total
- age   2:     681600 bytes,   13026192 total
- age   3:    5187936 bytes,   18214128 total
- age   4:    4130704 bytes,   22344832 total
: 108987K->21824K(109248K), 0.0356087 secs] 243244K->163952K(502464K), 0.0357769 secs] [Times: user=0.05 sys=0.00, real=0.04 secs] 
Heap after GC invocations=114 (full 1):
 par new generation   total 109248K, used 21824K [0x00000000e0000000, 0x00000000e8000000, 0x00000000e8000000)
  eden space 87424K,   0% used [0x00000000e0000000, 0x00000000e0000000, 0x00000000e5560000)
  from space 21824K, 100% used [0x00000000e5560000, 0x00000000e6ab0000, 0x00000000e6ab0000)
  to   space 21824K,   0% used [0x00000000e6ab0000, 0x00000000e6ab0000, 0x00000000e8000000)
 concurrent mark-sweep generation total 393216K, used 142128K [0x00000000e8000000, 0x0000000100000000, 0x0000000100000000)
 Metaspace       used 36579K, capacity 37006K, committed 37220K, reserved 1083392K
  class space    used 4004K, capacity 4167K, committed 4196K, reserved 1048576K
}
2016-05-12T12:22:07.580+0100: 10128.384: Total time for which application threads were stopped: 0.0364821 seconds, Stopping threads took: 0.0000482 seconds
2016-05-12T12:22:08.164+0100: 10128.968: Total time for which application threads were stopped: 0.0002124 seconds, Stopping threads took: 0.0000584 seconds
2016-05-12T12:22:08.166+0100: 10128.970: Total time for which application threads were stopped: 0.0001769 seconds, Stopping threads took: 0.0000434 seconds
2016-05-12T12:22:09.166+0100: 10129.970: Total time for which application threads were stopped: 0.0002093 seconds, Stopping threads took: 0.0000497 seconds
{Heap before GC invocations=114 (full 1):
 par new generation   total 109248K, used 109248K [0x00000000e0000000, 0x00000000e8000000, 0x00000000e8000000)
  eden space 87424K, 100% used [0x00000000e0000000, 0x00000000e5560000, 0x00000000e5560000)
  from space 21824K, 100% used [0x00000000e5560000, 0x00000000e6ab0000, 0x00000000e6ab0000)
  to   space 21824K,   0% used [0x00000000e6ab0000, 0x00000000e6ab0000, 0x00000000e8000000)
 concurrent mark-sweep generation total 393216K, used 142128K [0x00000000e8000000, 0x0000000100000000, 0x0000000100000000)
 Metaspace       used 36586K, capacity 37006K, committed 37220K, reserved 1083392K
  class space    used 4004K, capacity 4167K, committed 4196K, reserved 1048576K
2016-05-12T12:22:11.849+0100: 10132.653: [GC (Allocation Failure) 2016-05-12T12:22:11.849+0100: 10132.653: [ParNew
Desired survivor size 20112992 bytes, new threshold 8 (max 8)
- age   1:    6538048 bytes,    6538048 total
- age   2:       2096 bytes,    6540144 total
- age   3:     679200 bytes,    7219344 total
- age   4:    5141080 bytes,   12360424 total
: 109248K->17996K(109248K), 0.0303235 secs] 251376K->164158K(502464K), 0.0304609 secs] [Times: user=0.05 sys=0.00, real=0.03 secs] 
Heap after GC invocations=115 (full 1):
 par new generation   total 109248K, used 17996K [0x00000000e0000000, 0x00000000e8000000, 0x00000000e8000000)
  eden space 87424K,   0% used [0x00000000e0000000, 0x00000000e0000000, 0x00000000e5560000)
  from space 21824K,  82% used [0x00000000e6ab0000, 0x00000000e7c43278, 0x00000000e8000000)
  to   space 21824K,   0% used [0x00000000e5560000, 0x00000000e5560000, 0x00000000e6ab0000)
 concurrent mark-sweep generation total 393216K, used 146162K [0x00000000e8000000, 0x0000000100000000, 0x0000000100000000)
 Metaspace       used 36586K, capacity 37006K, committed 37220K, reserved 1083392K
  class space    used 4004K, capacity 4167K, committed 4196K, reserved 1048576K
}
2016-05-12T12:22:11.880+0100: 10132.683: Total time for which application threads were stopped: 0.0309782 seconds, Stopping threads took: 0.0001066 seconds
2016-05-12T12:22:11.884+0100: 10132.688: Total time for which application threads were stopped: 0.0002006 seconds, Stopping threads took: 0.0000505 seconds
2016-05-12T12:22:11.884+0100: 10132.688: Total time for which application threads were stopped: 0.0003032 seconds, Stopping threads took: 0.0000268 seconds
2016-05-12T12:22:12.885+0100: 10133.689: Total time for which application threads were stopped: 0.0001785 seconds, Stopping threads took: 0.0000537 seconds
2016-05-12T12:22:20.488+0100: 10141.292: Total time for which application threads were stopped: 0.0001658 seconds, Stopping threads took: 0.0000458 seconds
2016-05-12T12:22:20.491+0100: 10141.295: Total time for which application threads were stopped: 0.0001256 seconds, Stopping threads took: 0.0000300 seconds
2016-05-12T12:23:06.591+0100: 10187.399: Total time for which application threads were stopped: 0.0001911 seconds, Stopping threads took: 0.0000458 seconds
2016-05-12T12:23:06.591+0100: 10187.399: Total time for which application threads were stopped: 0.0000861 seconds, Stopping threads took: 0.0000213 seconds
2016-05-12T12:23:06.592+0100: 10187.401: Total time for which application threads were stopped: 0.0001856 seconds, Stopping threads took: 0.0000545 seconds
2016-05-12T12:23:07.087+0100: 10187.895: Total time for which application threads were stopped: 0.0001761 seconds, Stopping threads took: 0.0000434 seconds
2016-05-12T12:23:07.087+0100: 10187.896: Total time for which application threads were stopped: 0.0000932 seconds, Stopping threads took: 0.0000221 seconds
2016-05-12T12:23:07.088+0100: 10187.897: Total time for which application threads were stopped: 0.0003474 seconds, Stopping threads took: 0.0000221 seconds
2016-05-12T12:23:07.584+0100: 10188.393: Total time for which application threads were stopped: 0.0002006 seconds, Stopping threads took: 0.0000411 seconds
2016-05-12T12:23:20.585+0100: 10201.393: Total time for which application threads were stopped: 0.0001927 seconds, Stopping threads took: 0.0000537 seconds
2016-05-12T12:23:22.590+0100: 10203.398: Total time for which application threads were stopped: 0.0001627 seconds, Stopping threads took: 0.0000505 seconds
2016-05-12T12:23:24.590+0100: 10205.398: Total time for which application threads were stopped: 0.0001532 seconds, Stopping threads took: 0.0000474 seconds
2016-05-12T12:23:25.590+0100: 10206.398: Total time for which application threads were stopped: 0.0001911 seconds, Stopping threads took: 0.0000703 seconds
2016-05-12T12:23:29.590+0100: 10210.399: Total time for which application threads were stopped: 0.0001619 seconds, Stopping threads took: 0.0000505 seconds
2016-05-12T12:23:31.590+0100: 10212.399: Total time for which application threads were stopped: 0.0001682 seconds, Stopping threads took: 0.0000513 seconds
{Heap before GC invocations=115 (full 1):
 par new generation   total 109248K, used 105420K [0x00000000e0000000, 0x00000000e8000000, 0x00000000e8000000)
  eden space 87424K, 100% used [0x00000000e0000000, 0x00000000e5560000, 0x00000000e5560000)
  from space 21824K,  82% used [0x00000000e6ab0000, 0x00000000e7c43278, 0x00000000e8000000)
  to   space 21824K,   0% used [0x00000000e5560000, 0x00000000e5560000, 0x00000000e6ab0000)
 concurrent mark-sweep generation total 393216K, used 146162K [0x00000000e8000000, 0x0000000100000000, 0x0000000100000000)
 Metaspace       used 36609K, capacity 37070K, committed 37476K, reserved 1083392K
  class space    used 4004K, capacity 4167K, committed 4196K, reserved 1048576K
2016-05-12T12:23:36.121+0100: 10216.930: [GC (Allocation Failure) 2016-05-12T12:23:36.121+0100: 10216.930: [ParNew
Desired survivor size 20112992 bytes, new threshold 8 (max 8)
- age   1:     917488 bytes,     917488 total
- age   2:    6528880 bytes,    7446368 total
- age   3:       1568 bytes,    7447936 total
- age   4:     678736 bytes,    8126672 total
- age   5:    5141080 bytes,   13267752 total
: 105420K->16513K(109248K), 0.0275858 secs] 251582K->162675K(502464K), 0.0277043 secs] [Times: user=0.05 sys=0.00, real=0.03 secs] 
Heap after GC invocations=116 (full 1):
 par new generation   total 109248K, used 16513K [0x00000000e0000000, 0x00000000e8000000, 0x00000000e8000000)
  eden space 87424K,   0% used [0x00000000e0000000, 0x00000000e0000000, 0x00000000e5560000)
  from space 21824K,  75% used [0x00000000e5560000, 0x00000000e6580498, 0x00000000e6ab0000)
  to   space 21824K,   0% used [0x00000000e6ab0000, 0x00000000e6ab0000, 0x00000000e8000000)
 concurrent mark-sweep generation total 393216K, used 146162K [0x00000000e8000000, 0x0000000100000000, 0x0000000100000000)
 Metaspace       used 36609K, capacity 37070K, committed 37476K, reserved 1083392K
  class space    used 4004K, capacity 4167K, committed 4196K, reserved 1048576K
}
2016-05-12T12:23:36.149+0100: 10216.957: Total time for which application threads were stopped: 0.0282231 seconds, Stopping threads took: 0.0000584 seconds
2016-05-12T12:23:36.153+0100: 10216.961: Total time for which application threads were stopped: 0.0004627 seconds, Stopping threads took: 0.0000442 seconds
2016-05-12T12:23:43.157+0100: 10223.965: Total time for which application threads were stopped: 0.0001737 seconds, Stopping threads took: 0.0000537 seconds
2016-05-12T12:23:46.157+0100: 10226.966: Total time for which application threads were stopped: 0.0003798 seconds, Stopping threads took: 0.0002361 seconds
2016-05-12T12:23:51.158+0100: 10231.966: Total time for which application threads were stopped: 0.0001642 seconds, Stopping threads took: 0.0000474 seconds
2016-05-12T12:23:54.158+0100: 10234.966: Total time for which application threads were stopped: 0.0001903 seconds, Stopping threads took: 0.0000490 seconds
2016-05-12T12:23:55.158+0100: 10235.966: Total time for which application threads were stopped: 0.0001571 seconds, Stopping threads took: 0.0000490 seconds
2016-05-12T12:23:56.158+0100: 10236.966: Total time for which application threads were stopped: 0.0001745 seconds, Stopping threads took: 0.0000616 seconds
2016-05-12T12:23:59.158+0100: 10239.966: Total time for which application threads were stopped: 0.0002353 seconds, Stopping threads took: 0.0000576 seconds
2016-05-12T12:24:04.159+0100: 10244.968: Total time for which application threads were stopped: 0.0001548 seconds, Stopping threads took: 0.0000482 seconds
{Heap before GC invocations=116 (full 1):
 par new generation   total 109248K, used 103873K [0x00000000e0000000, 0x00000000e8000000, 0x00000000e8000000)
  eden space 87424K,  99% used [0x00000000e0000000, 0x00000000e5550138, 0x00000000e5560000)
  from space 21824K,  75% used [0x00000000e5560000, 0x00000000e6580498, 0x00000000e6ab0000)
  to   space 21824K,   0% used [0x00000000e6ab0000, 0x00000000e6ab0000, 0x00000000e8000000)
 concurrent mark-sweep generation total 393216K, used 146162K [0x00000000e8000000, 0x0000000100000000, 0x0000000100000000)
 Metaspace       used 36624K, capacity 37070K, committed 37476K, reserved 1083392K
  class space    used 4004K, capacity 4167K, committed 4196K, reserved 1048576K
2016-05-12T12:24:18.032+0100: 10258.851: [GC (Allocation Failure) 2016-05-12T12:24:18.032+0100: 10258.851: [ParNew
Desired survivor size 20112992 bytes, new threshold 8 (max 8)
- age   1:     365048 bytes,     365048 total
- age   2:      19136 bytes,     384184 total
- age   3:    6528664 bytes,    6912848 total
- age   4:       1568 bytes,    6914416 total
- age   5:     678736 bytes,    7593152 total
- age   6:    5141080 bytes,   12734232 total
: 103873K->16182K(109248K), 0.0214052 secs] 250035K->162345K(502464K), 0.0215694 secs] [Times: user=0.03 sys=0.00, real=0.02 secs] 
Heap after GC invocations=117 (full 1):
 par new generation   total 109248K, used 16182K [0x00000000e0000000, 0x00000000e8000000, 0x00000000e8000000)
  eden space 87424K,   0% used [0x00000000e0000000, 0x00000000e0000000, 0x00000000e5560000)
  from space 21824K,  74% used [0x00000000e6ab0000, 0x00000000e7a7db78, 0x00000000e8000000)
  to   space 21824K,   0% used [0x00000000e5560000, 0x00000000e5560000, 0x00000000e6ab0000)
 concurrent mark-sweep generation total 393216K, used 146162K [0x00000000e8000000, 0x0000000100000000, 0x0000000100000000)
 Metaspace       used 36624K, capacity 37070K, committed 37476K, reserved 1083392K
  class space    used 4004K, capacity 4167K, committed 4196K, reserved 1048576K
}
2016-05-12T12:24:18.053+0100: 10258.873: Total time for which application threads were stopped: 0.0220622 seconds, Stopping threads took: 0.0000948 seconds
2016-05-12T12:25:50.151+0100: 10350.974: Total time for which application threads were stopped: 0.0001966 seconds, Stopping threads took: 0.0000640 seconds
2016-05-12T12:25:50.153+0100: 10350.976: Total time for which application threads were stopped: 0.0001153 seconds, Stopping threads took: 0.0000284 seconds
2016-05-12T12:25:50.153+0100: 10350.976: Total time for which application threads were stopped: 0.0000845 seconds, Stopping threads took: 0.0000205 seconds
2016-05-12T12:25:50.154+0100: 10350.977: Total time for which application threads were stopped: 0.0001816 seconds, Stopping threads took: 0.0000419 seconds
2016-05-12T12:25:50.157+0100: 10350.980: Total time for which application threads were stopped: 0.0001682 seconds, Stopping threads took: 0.0000395 seconds
2016-05-12T12:25:50.158+0100: 10350.980: Total time for which application threads were stopped: 0.0001027 seconds, Stopping threads took: 0.0000221 seconds
2016-05-12T12:25:50.228+0100: 10351.050: Total time for which application threads were stopped: 0.0002029 seconds, Stopping threads took: 0.0000648 seconds
2016-05-12T12:25:50.228+0100: 10351.051: Total time for which application threads were stopped: 0.0000987 seconds, Stopping threads took: 0.0000276 seconds
2016-05-12T12:25:50.228+0100: 10351.051: Total time for which application threads were stopped: 0.0001556 seconds, Stopping threads took: 0.0000340 seconds
2016-05-12T12:25:50.231+0100: 10351.054: Total time for which application threads were stopped: 0.0001990 seconds, Stopping threads took: 0.0000450 seconds
2016-05-12T12:25:50.232+0100: 10351.055: Total time for which application threads were stopped: 0.0002432 seconds, Stopping threads took: 0.0001524 seconds
2016-05-12T12:25:50.234+0100: 10351.057: Total time for which application threads were stopped: 0.0002116 seconds, Stopping threads took: 0.0000466 seconds
2016-05-12T12:25:50.254+0100: 10351.076: Total time for which application threads were stopped: 0.0002772 seconds, Stopping threads took: 0.0000955 seconds
2016-05-12T12:25:50.289+0100: 10351.112: Total time for which application threads were stopped: 0.0125492 seconds, Stopping threads took: 0.0122720 seconds
2016-05-12T12:25:50.291+0100: 10351.114: Total time for which application threads were stopped: 0.0002132 seconds, Stopping threads took: 0.0000450 seconds
2016-05-12T12:25:50.291+0100: 10351.114: Total time for which application threads were stopped: 0.0003411 seconds, Stopping threads took: 0.0000695 seconds
{Heap before GC invocations=117 (full 1):
 par new generation   total 109248K, used 102700K [0x00000000e0000000, 0x00000000e8000000, 0x00000000e8000000)
  eden space 87424K,  98% used [0x00000000e0000000, 0x00000000e547d508, 0x00000000e5560000)
  from space 21824K,  74% used [0x00000000e6ab0000, 0x00000000e7a7db78, 0x00000000e8000000)
  to   space 21824K,   0% used [0x00000000e5560000, 0x00000000e5560000, 0x00000000e6ab0000)
 concurrent mark-sweep generation total 393216K, used 146162K [0x00000000e8000000, 0x0000000100000000, 0x0000000100000000)
 Metaspace       used 36671K, capacity 37134K, committed 37476K, reserved 1083392K
  class space    used 4004K, capacity 4167K, committed 4196K, reserved 1048576K
2016-05-12T12:25:50.654+0100: 10351.477: [GC (Allocation Failure) 2016-05-12T12:25:50.654+0100: 10351.477: [ParNew
Desired survivor size 20112992 bytes, new threshold 8 (max 8)
- age   1:    6486528 bytes,    6486528 total
- age   2:      13448 bytes,    6499976 total
- age   3:       6832 bytes,    6506808 total
- age   4:    6528184 bytes,   13034992 total
- age   5:       1520 bytes,   13036512 total
- age   6:     678688 bytes,   13715200 total
- age   7:    5141080 bytes,   18856280 total
: 102700K->21824K(109248K), 0.0250621 secs] 248862K->167986K(502464K), 0.0253069 secs] [Times: user=0.05 sys=0.00, real=0.03 secs] 
Heap after GC invocations=118 (full 1):
 par new generation   total 109248K, used 21824K [0x00000000e0000000, 0x00000000e8000000, 0x00000000e8000000)
  eden space 87424K,   0% used [0x00000000e0000000, 0x00000000e0000000, 0x00000000e5560000)
  from space 21824K, 100% used [0x00000000e5560000, 0x00000000e6ab0000, 0x00000000e6ab0000)
  to   space 21824K,   0% used [0x00000000e6ab0000, 0x00000000e6ab0000, 0x00000000e8000000)
 concurrent mark-sweep generation total 393216K, used 146162K [0x00000000e8000000, 0x0000000100000000, 0x0000000100000000)
 Metaspace       used 36671K, capacity 37134K, committed 37476K, reserved 1083392K
  class space    used 4004K, capacity 4167K, committed 4196K, reserved 1048576K
}
2016-05-12T12:25:50.680+0100: 10351.503: Total time for which application threads were stopped: 0.0258699 seconds, Stopping threads took: 0.0000884 seconds
2016-05-12T12:25:50.911+0100: 10351.734: Total time for which application threads were stopped: 0.0002685 seconds, Stopping threads took: 0.0000505 seconds
{Heap before GC invocations=118 (full 1):
 par new generation   total 109248K, used 109248K [0x00000000e0000000, 0x00000000e8000000, 0x00000000e8000000)
  eden space 87424K, 100% used [0x00000000e0000000, 0x00000000e5560000, 0x00000000e5560000)
  from space 21824K, 100% used [0x00000000e5560000, 0x00000000e6ab0000, 0x00000000e6ab0000)
  to   space 21824K,   0% used [0x00000000e6ab0000, 0x00000000e6ab0000, 0x00000000e8000000)
 concurrent mark-sweep generation total 393216K, used 146162K [0x00000000e8000000, 0x0000000100000000, 0x0000000100000000)
 Metaspace       used 36682K, capacity 37198K, committed 37476K, reserved 1083392K
  class space    used 4004K, capacity 4167K, committed 4196K, reserved 1048576K
2016-05-12T12:25:51.227+0100: 10352.050: [GC (Allocation Failure) 2016-05-12T12:25:51.227+0100: 10352.050: [ParNew
Desired survivor size 20112992 bytes, new threshold 8 (max 8)
- age   1:    8577432 bytes,    8577432 total
- age   2:    4829896 bytes,   13407328 total
- age   3:      13448 bytes,   13420776 total
- age   4:       6832 bytes,   13427608 total
- age   5:    2568904 bytes,   15996512 total
- age   6:       1520 bytes,   15998032 total
- age   7:     678688 bytes,   16676720 total
- age   8:    5141056 bytes,   21817776 total
: 109248K->21824K(109248K), 0.0543077 secs] 255410K->174201K(502464K), 0.0544570 secs] [Times: user=0.03 sys=0.03, real=0.06 secs] 
Heap after GC invocations=119 (full 1):
 par new generation   total 109248K, used 21824K [0x00000000e0000000, 0x00000000e8000000, 0x00000000e8000000)
  eden space 87424K,   0% used [0x00000000e0000000, 0x00000000e0000000, 0x00000000e5560000)
  from space 21824K, 100% used [0x00000000e6ab0000, 0x00000000e8000000, 0x00000000e8000000)
  to   space 21824K,   0% used [0x00000000e5560000, 0x00000000e5560000, 0x00000000e6ab0000)
 concurrent mark-sweep generation total 393216K, used 152377K [0x00000000e8000000, 0x0000000100000000, 0x0000000100000000)
 Metaspace       used 36682K, capacity 37198K, committed 37476K, reserved 1083392K
  class space    used 4004K, capacity 4167K, committed 4196K, reserved 1048576K
}
2016-05-12T12:25:51.282+0100: 10352.105: Total time for which application threads were stopped: 0.0557741 seconds, Stopping threads took: 0.0008970 seconds
{Heap before GC invocations=119 (full 1):
 par new generation   total 109248K, used 100075K [0x00000000e0000000, 0x00000000e8000000, 0x00000000e8000000)
  eden space 87424K,  89% used [0x00000000e0000000, 0x00000000e4c6aee0, 0x00000000e5560000)
  from space 21824K, 100% used [0x00000000e6ab0000, 0x00000000e8000000, 0x00000000e8000000)
  to   space 21824K,   0% used [0x00000000e5560000, 0x00000000e5560000, 0x00000000e6ab0000)
 concurrent mark-sweep generation total 393216K, used 152377K [0x00000000e8000000, 0x0000000100000000, 0x0000000100000000)
 Metaspace       used 36695K, capacity 37198K, committed 37476K, reserved 1083392K
  class space    used 4004K, capacity 4167K, committed 4196K, reserved 1048576K
2016-05-12T12:25:51.786+0100: 10352.609: [GC (Allocation Failure) 2016-05-12T12:25:51.786+0100: 10352.609: [ParNew
Desired survivor size 20112992 bytes, new threshold 8 (max 8)
- age   1:    6217136 bytes,    6217136 total
- age   2:    6016560 bytes,   12233696 total
- age   3:    1841256 bytes,   14074952 total
- age   4:      13448 bytes,   14088400 total
- age   5:       6736 bytes,   14095136 total
- age   6:    2568904 bytes,   16664040 total
- age   7:       1520 bytes,   16665560 total
- age   8:     678688 bytes,   17344248 total
: 100075K->21824K(109248K), 0.0742410 secs] 252453K->191483K(502464K), 0.0744084 secs] [Times: user=0.12 sys=0.00, real=0.07 secs] 
Heap after GC invocations=120 (full 1):
 par new generation   total 109248K, used 21824K [0x00000000e0000000, 0x00000000e8000000, 0x00000000e8000000)
  eden space 87424K,   0% used [0x00000000e0000000, 0x00000000e0000000, 0x00000000e5560000)
  from space 21824K, 100% used [0x00000000e5560000, 0x00000000e6ab0000, 0x00000000e6ab0000)
  to   space 21824K,   0% used [0x00000000e6ab0000, 0x00000000e6ab0000, 0x00000000e8000000)
 concurrent mark-sweep generation total 393216K, used 169659K [0x00000000e8000000, 0x0000000100000000, 0x0000000100000000)
 Metaspace       used 36695K, capacity 37198K, committed 37476K, reserved 1083392K
  class space    used 4004K, capacity 4167K, committed 4196K, reserved 1048576K
}
2016-05-12T12:25:51.860+0100: 10352.683: Total time for which application threads were stopped: 0.0774865 seconds, Stopping threads took: 0.0026532 seconds
{Heap before GC invocations=120 (full 1):
 par new generation   total 109248K, used 108589K [0x00000000e0000000, 0x00000000e8000000, 0x00000000e8000000)
  eden space 87424K,  99% used [0x00000000e0000000, 0x00000000e54bb500, 0x00000000e5560000)
  from space 21824K, 100% used [0x00000000e5560000, 0x00000000e6ab0000, 0x00000000e6ab0000)
  to   space 21824K,   0% used [0x00000000e6ab0000, 0x00000000e6ab0000, 0x00000000e8000000)
 concurrent mark-sweep generation total 393216K, used 169659K [0x00000000e8000000, 0x0000000100000000, 0x0000000100000000)
 Metaspace       used 36711K, capacity 37198K, committed 37476K, reserved 1083392K
  class space    used 4004K, capacity 4167K, committed 4196K, reserved 1048576K
2016-05-12T12:25:52.269+0100: 10353.091: [GC (Allocation Failure) 2016-05-12T12:25:52.269+0100: 10353.091: [ParNew
Desired survivor size 20112992 bytes, new threshold 4 (max 8)
- age   1:   13878944 bytes,   13878944 total
- age   2:       2792 bytes,   13881736 total
- age   3:    4450408 bytes,   18332144 total
- age   4:    1841256 bytes,   20173400 total
- age   5:      13448 bytes,   20186848 total
- age   6:       6736 bytes,   20193584 total
- age   7:    1844024 bytes,   22037608 total
- age   8:       1520 bytes,   22039128 total
: 108589K->21824K(109248K), 0.1173822 secs] 278248K->195516K(502464K), 0.1175354 secs] [Times: user=0.13 sys=0.00, real=0.12 secs] 
Heap after GC invocations=121 (full 1):
 par new generation   total 109248K, used 21824K [0x00000000e0000000, 0x00000000e8000000, 0x00000000e8000000)
  eden space 87424K,   0% used [0x00000000e0000000, 0x00000000e0000000, 0x00000000e5560000)
  from space 21824K, 100% used [0x00000000e6ab0000, 0x00000000e8000000, 0x00000000e8000000)
  to   space 21824K,   0% used [0x00000000e5560000, 0x00000000e5560000, 0x00000000e6ab0000)
 concurrent mark-sweep generation total 393216K, used 173692K [0x00000000e8000000, 0x0000000100000000, 0x0000000100000000)
 Metaspace       used 36711K, capacity 37198K, committed 37476K, reserved 1083392K
  class space    used 4004K, capacity 4167K, committed 4196K, reserved 1048576K
}
2016-05-12T12:25:52.386+0100: 10353.209: Total time for which application threads were stopped: 0.1180795 seconds, Stopping threads took: 0.0000616 seconds
{Heap before GC invocations=121 (full 1):
 par new generation   total 109248K, used 103860K [0x00000000e0000000, 0x00000000e8000000, 0x00000000e8000000)
  eden space 87424K,  93% used [0x00000000e0000000, 0x00000000e501d3d0, 0x00000000e5560000)
  from space 21824K, 100% used [0x00000000e6ab0000, 0x00000000e8000000, 0x00000000e8000000)
  to   space 21824K,   0% used [0x00000000e5560000, 0x00000000e5560000, 0x00000000e6ab0000)
 concurrent mark-sweep generation total 393216K, used 173692K [0x00000000e8000000, 0x0000000100000000, 0x0000000100000000)
 Metaspace       used 36711K, capacity 37198K, committed 37476K, reserved 1083392K
  class space    used 4004K, capacity 4167K, committed 4196K, reserved 1048576K
2016-05-12T12:25:52.735+0100: 10353.557: [GC (Allocation Failure) 2016-05-12T12:25:52.735+0100: 10353.557: [ParNew
Desired survivor size 20112992 bytes, new threshold 8 (max 8)
- age   1:   11301624 bytes,   11301624 total
- age   2:    6021952 bytes,   17323576 total
- age   3:       2664 bytes,   17326240 total
- age   4:    2686248 bytes,   20012488 total
: 103860K->21824K(109248K), 0.0838969 secs] 277553K->209117K(502464K), 0.0840548 secs] [Times: user=0.11 sys=0.00, real=0.08 secs] 
Heap after GC invocations=122 (full 1):
 par new generation   total 109248K, used 21824K [0x00000000e0000000, 0x00000000e8000000, 0x00000000e8000000)
  eden space 87424K,   0% used [0x00000000e0000000, 0x00000000e0000000, 0x00000000e5560000)
  from space 21824K, 100% used [0x00000000e5560000, 0x00000000e6ab0000, 0x00000000e6ab0000)
  to   space 21824K,   0% used [0x00000000e6ab0000, 0x00000000e6ab0000, 0x00000000e8000000)
 concurrent mark-sweep generation total 393216K, used 187293K [0x00000000e8000000, 0x0000000100000000, 0x0000000100000000)
 Metaspace       used 36711K, capacity 37198K, committed 37476K, reserved 1083392K
  class space    used 4004K, capacity 4167K, committed 4196K, reserved 1048576K
}
2016-05-12T12:25:52.819+0100: 10353.641: Total time for which application threads were stopped: 0.0854067 seconds, Stopping threads took: 0.0009239 seconds
{Heap before GC invocations=122 (full 1):
 par new generation   total 109248K, used 109248K [0x00000000e0000000, 0x00000000e8000000, 0x00000000e8000000)
  eden space 87424K, 100% used [0x00000000e0000000, 0x00000000e5560000, 0x00000000e5560000)
  from space 21824K, 100% used [0x00000000e5560000, 0x00000000e6ab0000, 0x00000000e6ab0000)
  to   space 21824K,   0% used [0x00000000e6ab0000, 0x00000000e6ab0000, 0x00000000e8000000)
 concurrent mark-sweep generation total 393216K, used 187293K [0x00000000e8000000, 0x0000000100000000, 0x0000000100000000)
 Metaspace       used 36755K, capacity 37262K, committed 37476K, reserved 1083392K
  class space    used 4004K, capacity 4167K, committed 4196K, reserved 1048576K
2016-05-12T12:25:53.478+0100: 10354.300: [GC (Allocation Failure) 2016-05-12T12:25:53.478+0100: 10354.300: [ParNew
Desired survivor size 20112992 bytes, new threshold 5 (max 8)
- age   1:   11080416 bytes,   11080416 total
- age   2:    2557456 bytes,   13637872 total
- age   3:    6018752 bytes,   19656624 total
- age   4:       2664 bytes,   19659288 total
- age   5:    2686248 bytes,   22345536 total
: 109248K->21824K(109248K), 0.0410218 secs] 296541K->214245K(502464K), 0.0411805 secs] [Times: user=0.05 sys=0.00, real=0.04 secs] 
Heap after GC invocations=123 (full 1):
 par new generation   total 109248K, used 21824K [0x00000000e0000000, 0x00000000e8000000, 0x00000000e8000000)
  eden space 87424K,   0% used [0x00000000e0000000, 0x00000000e0000000, 0x00000000e5560000)
  from space 21824K, 100% used [0x00000000e6ab0000, 0x00000000e8000000, 0x00000000e8000000)
  to   space 21824K,   0% used [0x00000000e5560000, 0x00000000e5560000, 0x00000000e6ab0000)
 concurrent mark-sweep generation total 393216K, used 192421K [0x00000000e8000000, 0x0000000100000000, 0x0000000100000000)
 Metaspace       used 36755K, capacity 37262K, committed 37476K, reserved 1083392K
  class space    used 4004K, capacity 4167K, committed 4196K, reserved 1048576K
}
2016-05-12T12:25:53.520+0100: 10354.342: Total time for which application threads were stopped: 0.0416851 seconds, Stopping threads took: 0.0000679 seconds
2016-05-12T12:25:53.800+0100: 10354.623: Total time for which application threads were stopped: 0.0001848 seconds, Stopping threads took: 0.0000450 seconds
2016-05-12T12:25:53.801+0100: 10354.623: Total time for which application threads were stopped: 0.0001263 seconds, Stopping threads took: 0.0000284 seconds
2016-05-12T12:25:53.826+0100: 10354.648: Total time for which application threads were stopped: 0.0002266 seconds, Stopping threads took: 0.0000734 seconds
2016-05-12T12:25:53.834+0100: 10354.656: Total time for which application threads were stopped: 0.0002290 seconds, Stopping threads took: 0.0000640 seconds
2016-05-12T12:25:54.834+0100: 10355.656: Total time for which application threads were stopped: 0.0001903 seconds, Stopping threads took: 0.0000505 seconds
2016-05-12T12:25:58.611+0100: 10359.433: Total time for which application threads were stopped: 0.0004043 seconds, Stopping threads took: 0.0002258 seconds
2016-05-12T12:26:00.785+0100: 10361.607: Total time for which application threads were stopped: 0.0151156 seconds, Stopping threads took: 0.0149355 seconds
{Heap before GC invocations=123 (full 1):
 par new generation   total 109248K, used 106357K [0x00000000e0000000, 0x00000000e8000000, 0x00000000e8000000)
  eden space 87424K,  96% used [0x00000000e0000000, 0x00000000e528d670, 0x00000000e5560000)
  from space 21824K, 100% used [0x00000000e6ab0000, 0x00000000e8000000, 0x00000000e8000000)
  to   space 21824K,   0% used [0x00000000e5560000, 0x00000000e5560000, 0x00000000e6ab0000)
 concurrent mark-sweep generation total 393216K, used 192421K [0x00000000e8000000, 0x0000000100000000, 0x0000000100000000)
 Metaspace       used 36765K, capacity 37262K, committed 37476K, reserved 1083392K
  class space    used 4004K, capacity 4167K, committed 4196K, reserved 1048576K
2016-05-12T12:26:00.868+0100: 10361.691: [GC (Allocation Failure) 2016-05-12T12:26:00.868+0100: 10361.691: [ParNew
Desired survivor size 20112992 bytes, new threshold 8 (max 8)
- age   1:    5375608 bytes,    5375608 total
- age   2:    4720024 bytes,   10095632 total
- age   3:        552 bytes,   10096184 total
- age   4:    5986400 bytes,   16082584 total
- age   5:       2472 bytes,   16085056 total
: 106357K->21824K(109248K), 0.0609724 secs] 298778K->227347K(502464K), 0.0611422 secs] [Times: user=0.08 sys=0.00, real=0.06 secs] 
Heap after GC invocations=124 (full 1):
 par new generation   total 109248K, used 21824K [0x00000000e0000000, 0x00000000e8000000, 0x00000000e8000000)
  eden space 87424K,   0% used [0x00000000e0000000, 0x00000000e0000000, 0x00000000e5560000)
  from space 21824K, 100% used [0x00000000e5560000, 0x00000000e6ab0000, 0x00000000e6ab0000)
  to   space 21824K,   0% used [0x00000000e6ab0000, 0x00000000e6ab0000, 0x00000000e8000000)
 concurrent mark-sweep generation total 393216K, used 205523K [0x00000000e8000000, 0x0000000100000000, 0x0000000100000000)
 Metaspace       used 36765K, capacity 37262K, committed 37476K, reserved 1083392K
  class space    used 4004K, capacity 4167K, committed 4196K, reserved 1048576K
}
2016-05-12T12:26:00.929+0100: 10361.752: Total time for which application threads were stopped: 0.0616255 seconds, Stopping threads took: 0.0000553 seconds
2016-05-12T12:26:00.956+0100: 10361.778: [GC (CMS Initial Mark) [1 CMS-initial-mark: 205523K(393216K)] 234232K(502464K), 0.2439528 secs] [Times: user=0.00 sys=0.00, real=0.24 secs] 
2016-05-12T12:26:01.200+0100: 10362.022: Total time for which application threads were stopped: 0.2442497 seconds, Stopping threads took: 0.0000482 seconds
2016-05-12T12:26:01.222+0100: 10362.069: [CMS-concurrent-mark-start]
2016-05-12T12:26:03.933+0100: 10364.756: [CMS-concurrent-mark: 2.687/2.687 secs] [Times: user=0.30 sys=0.08, real=2.73 secs] 
2016-05-12T12:26:03.933+0100: 10364.756: [CMS-concurrent-preclean-start]
2016-05-12T12:26:03.951+0100: 10364.774: [CMS-concurrent-preclean: 0.018/0.018 secs] [Times: user=0.00 sys=0.00, real=0.02 secs] 
2016-05-12T12:26:03.951+0100: 10364.774: [CMS-concurrent-abortable-preclean-start]
 CMS: abort preclean due to time 2016-05-12T12:26:10.065+0100: 10370.891: [CMS-concurrent-abortable-preclean: 0.678/6.118 secs] [Times: user=0.62 sys=0.00, real=6.11 secs] 
2016-05-12T12:26:10.105+0100: 10370.933: [GC (CMS Final Remark) [YG occupancy: 59934 K (109248 K)]{Heap before GC invocations=124 (full 2):
 par new generation   total 109248K, used 59934K [0x00000000e0000000, 0x00000000e8000000, 0x00000000e8000000)
  eden space 87424K,  43% used [0x00000000e0000000, 0x00000000e2537bb0, 0x00000000e5560000)
  from space 21824K, 100% used [0x00000000e5560000, 0x00000000e6ab0000, 0x00000000e6ab0000)
  to   space 21824K,   0% used [0x00000000e6ab0000, 0x00000000e6ab0000, 0x00000000e8000000)
 concurrent mark-sweep generation total 393216K, used 205523K [0x00000000e8000000, 0x0000000100000000, 0x0000000100000000)
 Metaspace       used 36765K, capacity 37262K, committed 37476K, reserved 1083392K
  class space    used 4004K, capacity 4167K, committed 4196K, reserved 1048576K
2016-05-12T12:26:10.105+0100: 10370.933: [GC (CMS Final Remark) 2016-05-12T12:26:10.105+0100: 10370.933: [ParNew
Desired survivor size 20112992 bytes, new threshold 8 (max 8)
- age   1:       2720 bytes,       2720 total
- age   2:    2810920 bytes,    2813640 total
- age   3:    4720024 bytes,    7533664 total
- age   4:        552 bytes,    7534216 total
- age   5:    5986400 bytes,   13520616 total
- age   6:       2472 bytes,   13523088 total
: 59934K->14758K(109248K), 0.0175611 secs] 265458K->220282K(502464K), 0.0176867 secs] [Times: user=0.03 sys=0.00, real=0.01 secs] 
Heap after GC invocations=125 (full 2):
 par new generation   total 109248K, used 14758K [0x00000000e0000000, 0x00000000e8000000, 0x00000000e8000000)
  eden space 87424K,   0% used [0x00000000e0000000, 0x00000000e0000000, 0x00000000e5560000)
  from space 21824K,  67% used [0x00000000e6ab0000, 0x00000000e7919b90, 0x00000000e8000000)
  to   space 21824K,   0% used [0x00000000e5560000, 0x00000000e5560000, 0x00000000e6ab0000)
 concurrent mark-sweep generation total 393216K, used 205523K [0x00000000e8000000, 0x0000000100000000, 0x0000000100000000)
 Metaspace       used 36765K, capacity 37262K, committed 37476K, reserved 1083392K
  class space    used 4004K, capacity 4167K, committed 4196K, reserved 1048576K
}
2016-05-12T12:26:10.117+0100: 10370.951: [Rescan (parallel) , 0.0045358 secs]2016-05-12T12:26:10.127+0100: 10370.956: [weak refs processing, 0.0016772 secs]2016-05-12T12:26:10.127+0100: 10370.957: [class unloading, 2.9298913 secs]2016-05-12T12:26:13.063+0100: 10373.887: [scrub symbol table, 1.0920066 secs]2016-05-12T12:26:14.155+0100: 10374.979: [scrub string table, 0.0014853 secs][1 CMS-remark: 205523K(393216K)] 220282K(502464K), 4.0514136 secs] [Times: user=0.09 sys=0.02, real=4.06 secs] 
2016-05-12T12:26:14.160+0100: 10374.985: Total time for which application threads were stopped: 4.0516529 seconds, Stopping threads took: 0.0000450 seconds
2016-05-12T12:26:14.161+0100: 10374.985: [CMS-concurrent-sweep-start]
2016-05-12T12:26:14.366+0100: 10375.190: [CMS-concurrent-sweep: 0.205/0.205 secs] [Times: user=0.17 sys=0.05, real=0.20 secs] 
2016-05-12T12:26:14.366+0100: 10375.190: [CMS-concurrent-reset-start]
2016-05-12T12:26:14.616+0100: 10375.441: [CMS-concurrent-reset: 0.250/0.250 secs] [Times: user=0.02 sys=0.00, real=0.25 secs] 
2016-05-12T12:26:15.219+0100: 10376.044: Total time for which application threads were stopped: 0.0538553 seconds, Stopping threads took: 0.0000521 seconds
2016-05-12T12:26:17.567+0100: 10378.391: Total time for which application threads were stopped: 0.0002014 seconds, Stopping threads took: 0.0000513 seconds
2016-05-12T12:26:17.567+0100: 10378.392: Total time for which application threads were stopped: 0.0001027 seconds, Stopping threads took: 0.0000268 seconds
2016-05-12T12:26:17.568+0100: 10378.392: Total time for which application threads were stopped: 0.0001200 seconds, Stopping threads took: 0.0000284 seconds
2016-05-12T12:26:17.568+0100: 10378.392: Total time for which application threads were stopped: 0.0000995 seconds, Stopping threads took: 0.0000276 seconds
2016-05-12T12:26:17.568+0100: 10378.392: Total time for which application threads were stopped: 0.0001177 seconds, Stopping threads took: 0.0000284 seconds
{Heap before GC invocations=125 (full 2):
 par new generation   total 109248K, used 100024K [0x00000000e0000000, 0x00000000e8000000, 0x00000000e8000000)
  eden space 87424K,  97% used [0x00000000e0000000, 0x00000000e53446c8, 0x00000000e5560000)
  from space 21824K,  67% used [0x00000000e6ab0000, 0x00000000e7919b90, 0x00000000e8000000)
  to   space 21824K,   0% used [0x00000000e5560000, 0x00000000e5560000, 0x00000000e6ab0000)
 concurrent mark-sweep generation total 393216K, used 51548K [0x00000000e8000000, 0x0000000100000000, 0x0000000100000000)
 Metaspace       used 36720K, capacity 37190K, committed 37476K, reserved 1083392K
  class space    used 3995K, capacity 4151K, committed 4196K, reserved 1048576K
2016-05-12T12:26:20.579+0100: 10381.403: [GC (Allocation Failure) 2016-05-12T12:26:20.579+0100: 10381.403: [ParNew
Desired survivor size 20112992 bytes, new threshold 8 (max 8)
- age   1:    4878856 bytes,    4878856 total
- age   2:         48 bytes,    4878904 total
- age   3:     114512 bytes,    4993416 total
- age   4:       2744 bytes,    4996160 total
- age   5:        504 bytes,    4996664 total
- age   6:       2024 bytes,    4998688 total
- age   7:        984 bytes,    4999672 total
: 100024K->7065K(109248K), 0.0100697 secs] 151572K->58614K(502464K), 0.0102252 secs] [Times: user=0.02 sys=0.00, real=0.01 secs] 
Heap after GC invocations=126 (full 2):
 par new generation   total 109248K, used 7065K [0x00000000e0000000, 0x00000000e8000000, 0x00000000e8000000)
  eden space 87424K,   0% used [0x00000000e0000000, 0x00000000e0000000, 0x00000000e5560000)
  from space 21824K,  32% used [0x00000000e5560000, 0x00000000e5c467b0, 0x00000000e6ab0000)
  to   space 21824K,   0% used [0x00000000e6ab0000, 0x00000000e6ab0000, 0x00000000e8000000)
 concurrent mark-sweep generation total 393216K, used 51548K [0x00000000e8000000, 0x0000000100000000, 0x0000000100000000)
 Metaspace       used 36720K, capacity 37190K, committed 37476K, reserved 1083392K
  class space    used 3995K, capacity 4151K, committed 4196K, reserved 1048576K
}
2016-05-12T12:26:20.589+0100: 10381.413: Total time for which application threads were stopped: 0.0107211 seconds, Stopping threads took: 0.0000742 seconds
2016-05-12T12:26:22.013+0100: 10382.838: Total time for which application threads were stopped: 0.0002156 seconds, Stopping threads took: 0.0000584 seconds
2016-05-12T12:26:22.014+0100: 10382.838: Total time for which application threads were stopped: 0.0001303 seconds, Stopping threads took: 0.0000347 seconds
2016-05-12T12:26:24.614+0100: 10385.438: Total time for which application threads were stopped: 0.0002045 seconds, Stopping threads took: 0.0000569 seconds
2016-05-12T12:26:42.830+0100: 10403.654: Total time for which application threads were stopped: 0.0002472 seconds, Stopping threads took: 0.0000569 seconds
2016-05-12T12:26:42.830+0100: 10403.654: Total time for which application threads were stopped: 0.0001169 seconds, Stopping threads took: 0.0000324 seconds
2016-05-12T13:38:15.657+0100: 14696.628: Total time for which application threads were stopped: 0.0002108 seconds, Stopping threads took: 0.0000482 seconds
2016-05-12T13:38:15.657+0100: 14696.628: Total time for which application threads were stopped: 0.0000900 seconds, Stopping threads took: 0.0000213 seconds
2016-05-12T13:38:15.659+0100: 14696.630: Total time for which application threads were stopped: 0.0004801 seconds, Stopping threads took: 0.0000553 seconds
2016-05-12T13:38:16.242+0100: 14697.213: Total time for which application threads were stopped: 0.0002527 seconds, Stopping threads took: 0.0000529 seconds
2016-05-12T13:38:16.242+0100: 14697.213: Total time for which application threads were stopped: 0.0000932 seconds, Stopping threads took: 0.0000268 seconds
2016-05-12T13:38:16.243+0100: 14697.214: Total time for which application threads were stopped: 0.0001327 seconds, Stopping threads took: 0.0000332 seconds
2016-05-12T13:38:16.252+0100: 14697.223: Total time for which application threads were stopped: 0.0002029 seconds, Stopping threads took: 0.0000497 seconds
2016-05-12T13:38:17.253+0100: 14698.223: Total time for which application threads were stopped: 0.0001666 seconds, Stopping threads took: 0.0000474 seconds
{Heap before GC invocations=126 (full 2):
 par new generation   total 109248K, used 94489K [0x00000000e0000000, 0x00000000e8000000, 0x00000000e8000000)
  eden space 87424K, 100% used [0x00000000e0000000, 0x00000000e5560000, 0x00000000e5560000)
  from space 21824K,  32% used [0x00000000e5560000, 0x00000000e5c467b0, 0x00000000e6ab0000)
  to   space 21824K,   0% used [0x00000000e6ab0000, 0x00000000e6ab0000, 0x00000000e8000000)
 concurrent mark-sweep generation total 393216K, used 51548K [0x00000000e8000000, 0x0000000100000000, 0x0000000100000000)
 Metaspace       used 36720K, capacity 37190K, committed 37476K, reserved 1083392K
  class space    used 3995K, capacity 4151K, committed 4196K, reserved 1048576K
2016-05-12T13:38:18.113+0100: 14699.084: [GC (Allocation Failure) 2016-05-12T13:38:18.114+0100: 14699.084: [ParNew
Desired survivor size 20112992 bytes, new threshold 8 (max 8)
- age   1:     585440 bytes,     585440 total
- age   2:      23616 bytes,     609056 total
- age   4:     113688 bytes,     722744 total
- age   5:       2312 bytes,     725056 total
- age   6:        504 bytes,     725560 total
- age   7:       2024 bytes,     727584 total
- age   8:        984 bytes,     728568 total
: 94489K->2621K(109248K), 0.0399557 secs] 146038K->54170K(502464K), 0.0401160 secs] [Times: user=0.02 sys=0.00, real=0.04 secs] 
Heap after GC invocations=127 (full 2):
 par new generation   total 109248K, used 2621K [0x00000000e0000000, 0x00000000e8000000, 0x00000000e8000000)
  eden space 87424K,   0% used [0x00000000e0000000, 0x00000000e0000000, 0x00000000e5560000)
  from space 21824K,  12% used [0x00000000e6ab0000, 0x00000000e6d3f750, 0x00000000e8000000)
  to   space 21824K,   0% used [0x00000000e5560000, 0x00000000e5560000, 0x00000000e6ab0000)
 concurrent mark-sweep generation total 393216K, used 51548K [0x00000000e8000000, 0x0000000100000000, 0x0000000100000000)
 Metaspace       used 36720K, capacity 37190K, committed 37476K, reserved 1083392K
  class space    used 3995K, capacity 4151K, committed 4196K, reserved 1048576K
}
2016-05-12T13:38:18.154+0100: 14699.124: Total time for which application threads were stopped: 0.0405725 seconds, Stopping threads took: 0.0000434 seconds
2016-05-12T13:38:19.154+0100: 14700.124: Total time for which application threads were stopped: 0.0001532 seconds, Stopping threads took: 0.0000466 seconds
2016-05-12T13:38:23.154+0100: 14704.124: Total time for which application threads were stopped: 0.0001879 seconds, Stopping threads took: 0.0000450 seconds
2016-05-12T13:38:24.154+0100: 14705.125: Total time for which application threads were stopped: 0.0002235 seconds, Stopping threads took: 0.0000955 seconds
2016-05-12T13:38:26.154+0100: 14707.124: Total time for which application threads were stopped: 0.0001611 seconds, Stopping threads took: 0.0000466 seconds
2016-05-12T13:38:29.173+0100: 14710.144: Total time for which application threads were stopped: 0.0002448 seconds, Stopping threads took: 0.0000474 seconds
2016-05-12T13:38:30.173+0100: 14711.144: Total time for which application threads were stopped: 0.0001603 seconds, Stopping threads took: 0.0000466 seconds
2016-05-12T13:38:31.173+0100: 14712.144: Total time for which application threads were stopped: 0.0001595 seconds, Stopping threads took: 0.0000529 seconds
2016-05-12T13:38:34.173+0100: 14715.144: Total time for which application threads were stopped: 0.0001714 seconds, Stopping threads took: 0.0000545 seconds
2016-05-12T13:38:41.406+0100: 14722.377: Total time for which application threads were stopped: 0.0071408 seconds, Stopping threads took: 0.0000553 seconds
2016-05-12T13:38:42.406+0100: 14723.376: Total time for which application threads were stopped: 0.0001619 seconds, Stopping threads took: 0.0000482 seconds
2016-05-12T13:38:48.406+0100: 14729.377: Total time for which application threads were stopped: 0.0001714 seconds, Stopping threads took: 0.0000482 seconds
{Heap before GC invocations=127 (full 2):
 par new generation   total 109248K, used 90045K [0x00000000e0000000, 0x00000000e8000000, 0x00000000e8000000)
  eden space 87424K, 100% used [0x00000000e0000000, 0x00000000e5560000, 0x00000000e5560000)
  from space 21824K,  12% used [0x00000000e6ab0000, 0x00000000e6d3f750, 0x00000000e8000000)
  to   space 21824K,   0% used [0x00000000e5560000, 0x00000000e5560000, 0x00000000e6ab0000)
 concurrent mark-sweep generation total 393216K, used 51548K [0x00000000e8000000, 0x0000000100000000, 0x0000000100000000)
 Metaspace       used 36753K, capacity 37190K, committed 37476K, reserved 1083392K
  class space    used 3996K, capacity 4151K, committed 4196K, reserved 1048576K
2016-05-12T13:38:49.236+0100: 14730.207: [GC (Allocation Failure) 2016-05-12T13:38:49.237+0100: 14730.207: [ParNew
Desired survivor size 20112992 bytes, new threshold 8 (max 8)
- age   1:     615376 bytes,     615376 total
- age   2:      79536 bytes,     694912 total
- age   3:      21336 bytes,     716248 total
- age   5:     113688 bytes,     829936 total
- age   6:       2096 bytes,     832032 total
- age   7:        288 bytes,     832320 total
- age   8:       2024 bytes,     834344 total
: 90045K->1054K(109248K), 0.0111981 secs] 141594K->52604K(502464K), 0.0113971 secs] [Times: user=0.02 sys=0.00, real=0.01 secs] 
Heap after GC invocations=128 (full 2):
 par new generation   total 109248K, used 1054K [0x00000000e0000000, 0x00000000e8000000, 0x00000000e8000000)
  eden space 87424K,   0% used [0x00000000e0000000, 0x00000000e0000000, 0x00000000e5560000)
  from space 21824K,   4% used [0x00000000e5560000, 0x00000000e5667b60, 0x00000000e6ab0000)
  to   space 21824K,   0% used [0x00000000e6ab0000, 0x00000000e6ab0000, 0x00000000e8000000)
 concurrent mark-sweep generation total 393216K, used 51549K [0x00000000e8000000, 0x0000000100000000, 0x0000000100000000)
 Metaspace       used 36753K, capacity 37190K, committed 37476K, reserved 1083392K
  class space    used 3996K, capacity 4151K, committed 4196K, reserved 1048576K
}
2016-05-12T13:38:49.248+0100: 14730.219: Total time for which application threads were stopped: 0.0118962 seconds, Stopping threads took: 0.0000608 seconds
2016-05-12T13:38:50.248+0100: 14731.219: Total time for which application threads were stopped: 0.0001650 seconds, Stopping threads took: 0.0000490 seconds
2016-05-12T13:38:51.248+0100: 14732.219: Total time for which application threads were stopped: 0.0001769 seconds, Stopping threads took: 0.0000703 seconds
2016-05-12T13:39:00.249+0100: 14741.219: Total time for which application threads were stopped: 0.0001587 seconds, Stopping threads took: 0.0000474 seconds
2016-05-12T13:39:04.249+0100: 14745.220: Total time for which application threads were stopped: 0.0001556 seconds, Stopping threads took: 0.0000490 seconds
2016-05-12T13:40:26.483+0100: 14827.460: Total time for which application threads were stopped: 0.0002440 seconds, Stopping threads took: 0.0000671 seconds
2016-05-12T13:40:26.485+0100: 14827.463: Total time for which application threads were stopped: 0.0001737 seconds, Stopping threads took: 0.0000513 seconds
2016-05-12T13:40:26.486+0100: 14827.463: Total time for which application threads were stopped: 0.0000892 seconds, Stopping threads took: 0.0000268 seconds
2016-05-12T13:40:26.487+0100: 14827.465: Total time for which application threads were stopped: 0.0002156 seconds, Stopping threads took: 0.0000537 seconds
2016-05-12T13:40:26.697+0100: 14827.675: Total time for which application threads were stopped: 0.0002053 seconds, Stopping threads took: 0.0000569 seconds
2016-05-12T13:40:26.697+0100: 14827.675: Total time for which application threads were stopped: 0.0000940 seconds, Stopping threads took: 0.0000276 seconds
2016-05-12T13:40:26.698+0100: 14827.676: Total time for which application threads were stopped: 0.0004075 seconds, Stopping threads took: 0.0000292 seconds
{Heap before GC invocations=128 (full 2):
 par new generation   total 109248K, used 88478K [0x00000000e0000000, 0x00000000e8000000, 0x00000000e8000000)
  eden space 87424K, 100% used [0x00000000e0000000, 0x00000000e5560000, 0x00000000e5560000)
  from space 21824K,   4% used [0x00000000e5560000, 0x00000000e5667b60, 0x00000000e6ab0000)
  to   space 21824K,   0% used [0x00000000e6ab0000, 0x00000000e6ab0000, 0x00000000e8000000)
 concurrent mark-sweep generation total 393216K, used 51549K [0x00000000e8000000, 0x0000000100000000, 0x0000000100000000)
 Metaspace       used 36762K, capacity 37190K, committed 37476K, reserved 1083392K
  class space    used 3996K, capacity 4151K, committed 4196K, reserved 1048576K
2016-05-12T13:40:26.701+0100: 14827.678: [GC (Allocation Failure) 2016-05-12T13:40:26.701+0100: 14827.678: [ParNew
Desired survivor size 20112992 bytes, new threshold 8 (max 8)
- age   1:     372456 bytes,     372456 total
- age   2:      10984 bytes,     383440 total
- age   3:      63872 bytes,     447312 total
- age   4:      21336 bytes,     468648 total
- age   6:     113344 bytes,     581992 total
- age   7:       2096 bytes,     584088 total
- age   8:        288 bytes,     584376 total
: 88478K->875K(109248K), 0.0077268 secs] 140028K->52426K(502464K), 0.0078997 secs] [Times: user=0.03 sys=0.00, real=0.01 secs] 
Heap after GC invocations=129 (full 2):
 par new generation   total 109248K, used 875K [0x00000000e0000000, 0x00000000e8000000, 0x00000000e8000000)
  eden space 87424K,   0% used [0x00000000e0000000, 0x00000000e0000000, 0x00000000e5560000)
  from space 21824K,   4% used [0x00000000e6ab0000, 0x00000000e6b8ae18, 0x00000000e8000000)
  to   space 21824K,   0% used [0x00000000e5560000, 0x00000000e5560000, 0x00000000e6ab0000)
 concurrent mark-sweep generation total 393216K, used 51551K [0x00000000e8000000, 0x0000000100000000, 0x0000000100000000)
 Metaspace       used 36762K, capacity 37190K, committed 37476K, reserved 1083392K
  class space    used 3996K, capacity 4151K, committed 4196K, reserved 1048576K
}
2016-05-12T13:40:26.709+0100: 14827.686: Total time for which application threads were stopped: 0.0083869 seconds, Stopping threads took: 0.0000576 seconds
2016-05-12T13:40:26.709+0100: 14827.687: Total time for which application threads were stopped: 0.0002709 seconds, Stopping threads took: 0.0001413 seconds
2016-05-12T13:40:26.710+0100: 14827.687: Total time for which application threads were stopped: 0.0001082 seconds, Stopping threads took: 0.0000229 seconds
2016-05-12T13:40:26.712+0100: 14827.689: Total time for which application threads were stopped: 0.0002322 seconds, Stopping threads took: 0.0000576 seconds
2016-05-12T13:40:26.732+0100: 14827.710: Total time for which application threads were stopped: 0.0002258 seconds, Stopping threads took: 0.0000411 seconds
2016-05-12T13:40:26.744+0100: 14827.722: Total time for which application threads were stopped: 0.0001982 seconds, Stopping threads took: 0.0000442 seconds
2016-05-12T13:40:26.910+0100: 14827.887: Total time for which application threads were stopped: 0.0011489 seconds, Stopping threads took: 0.0009515 seconds
2016-05-12T13:40:26.911+0100: 14827.889: Total time for which application threads were stopped: 0.0001919 seconds, Stopping threads took: 0.0000497 seconds
2016-05-12T13:40:26.912+0100: 14827.889: Total time for which application threads were stopped: 0.0001627 seconds, Stopping threads took: 0.0000387 seconds
{Heap before GC invocations=129 (full 2):
 par new generation   total 109248K, used 87266K [0x00000000e0000000, 0x00000000e8000000, 0x00000000e8000000)
  eden space 87424K,  98% used [0x00000000e0000000, 0x00000000e545d9f8, 0x00000000e5560000)
  from space 21824K,   4% used [0x00000000e6ab0000, 0x00000000e6b8ae18, 0x00000000e8000000)
  to   space 21824K,   0% used [0x00000000e5560000, 0x00000000e5560000, 0x00000000e6ab0000)
 concurrent mark-sweep generation total 393216K, used 51551K [0x00000000e8000000, 0x0000000100000000, 0x0000000100000000)
 Metaspace       used 36768K, capacity 37190K, committed 37476K, reserved 1083392K
  class space    used 3996K, capacity 4151K, committed 4196K, reserved 1048576K
2016-05-12T13:40:27.186+0100: 14828.164: [GC (Allocation Failure) 2016-05-12T13:40:27.186+0100: 14828.164: [ParNew
Desired survivor size 20112992 bytes, new threshold 8 (max 8)
- age   1:    7470136 bytes,    7470136 total
- age   2:      48472 bytes,    7518608 total
- age   3:      10144 bytes,    7528752 total
- age   4:      63840 bytes,    7592592 total
- age   5:      21304 bytes,    7613896 total
- age   7:     113152 bytes,    7727048 total
- age   8:       2024 bytes,    7729072 total
: 87266K->7664K(109248K), 0.0115487 secs] 138817K->59215K(502464K), 0.0117003 secs] [Times: user=0.03 sys=0.00, real=0.01 secs] 
Heap after GC invocations=130 (full 2):
 par new generation   total 109248K, used 7664K [0x00000000e0000000, 0x00000000e8000000, 0x00000000e8000000)
  eden space 87424K,   0% used [0x00000000e0000000, 0x00000000e0000000, 0x00000000e5560000)
  from space 21824K,  35% used [0x00000000e5560000, 0x00000000e5cdc0f0, 0x00000000e6ab0000)
  to   space 21824K,   0% used [0x00000000e6ab0000, 0x00000000e6ab0000, 0x00000000e8000000)
 concurrent mark-sweep generation total 393216K, used 51551K [0x00000000e8000000, 0x0000000100000000, 0x0000000100000000)
 Metaspace       used 36768K, capacity 37190K, committed 37476K, reserved 1083392K
  class space    used 3996K, capacity 4151K, committed 4196K, reserved 1048576K
}
2016-05-12T13:40:27.198+0100: 14828.176: Total time for which application threads were stopped: 0.0122033 seconds, Stopping threads took: 0.0000640 seconds
2016-05-12T13:40:27.205+0100: 14828.183: Total time for which application threads were stopped: 0.0002266 seconds, Stopping threads took: 0.0000537 seconds
{Heap before GC invocations=130 (full 2):
 par new generation   total 109248K, used 95088K [0x00000000e0000000, 0x00000000e8000000, 0x00000000e8000000)
  eden space 87424K, 100% used [0x00000000e0000000, 0x00000000e5560000, 0x00000000e5560000)
  from space 21824K,  35% used [0x00000000e5560000, 0x00000000e5cdc0f0, 0x00000000e6ab0000)
  to   space 21824K,   0% used [0x00000000e6ab0000, 0x00000000e6ab0000, 0x00000000e8000000)
 concurrent mark-sweep generation total 393216K, used 51551K [0x00000000e8000000, 0x0000000100000000, 0x0000000100000000)
 Metaspace       used 36768K, capacity 37190K, committed 37476K, reserved 1083392K
  class space    used 3996K, capacity 4151K, committed 4196K, reserved 1048576K
2016-05-12T13:40:27.853+0100: 14828.830: [GC (Allocation Failure) 2016-05-12T13:40:27.853+0100: 14828.830: [ParNew
Desired survivor size 20112992 bytes, new threshold 8 (max 8)
- age   1:    6641672 bytes,    6641672 total
- age   2:    6300360 bytes,   12942032 total
- age   3:      48472 bytes,   12990504 total
- age   4:      10144 bytes,   13000648 total
- age   5:      63840 bytes,   13064488 total
- age   6:      21304 bytes,   13085792 total
- age   8:     113152 bytes,   13198944 total
: 95088K->13872K(109248K), 0.0214652 secs] 146639K->65426K(502464K), 0.0216215 secs] [Times: user=0.02 sys=0.00, real=0.02 secs] 
Heap after GC invocations=131 (full 2):
 par new generation   total 109248K, used 13872K [0x00000000e0000000, 0x00000000e8000000, 0x00000000e8000000)
  eden space 87424K,   0% used [0x00000000e0000000, 0x00000000e0000000, 0x00000000e5560000)
  from space 21824K,  63% used [0x00000000e6ab0000, 0x00000000e783c3a0, 0x00000000e8000000)
  to   space 21824K,   0% used [0x00000000e5560000, 0x00000000e5560000, 0x00000000e6ab0000)
 concurrent mark-sweep generation total 393216K, used 51553K [0x00000000e8000000, 0x0000000100000000, 0x0000000100000000)
 Metaspace       used 36768K, capacity 37190K, committed 37476K, reserved 1083392K
  class space    used 3996K, capacity 4151K, committed 4196K, reserved 1048576K
}
2016-05-12T13:40:27.874+0100: 14828.852: Total time for which application threads were stopped: 0.0220843 seconds, Stopping threads took: 0.0000569 seconds
{Heap before GC invocations=131 (full 2):
 par new generation   total 109248K, used 94817K [0x00000000e0000000, 0x00000000e8000000, 0x00000000e8000000)
  eden space 87424K,  92% used [0x00000000e0000000, 0x00000000e4f0c268, 0x00000000e5560000)
  from space 21824K,  63% used [0x00000000e6ab0000, 0x00000000e783c3a0, 0x00000000e8000000)
  to   space 21824K,   0% used [0x00000000e5560000, 0x00000000e5560000, 0x00000000e6ab0000)
 concurrent mark-sweep generation total 393216K, used 51553K [0x00000000e8000000, 0x0000000100000000, 0x0000000100000000)
 Metaspace       used 36768K, capacity 37190K, committed 37476K, reserved 1083392K
  class space    used 3996K, capacity 4151K, committed 4196K, reserved 1048576K
2016-05-12T13:40:28.232+0100: 14829.210: [GC (Allocation Failure) 2016-05-12T13:40:28.232+0100: 14829.210: [ParNew
Desired survivor size 20112992 bytes, new threshold 3 (max 8)
- age   1:   14734184 bytes,   14734184 total
- age   2:    5014016 bytes,   19748200 total
- age   3:    2542928 bytes,   22291128 total
- age   4:      35480 bytes,   22326608 total
- age   5:       4088 bytes,   22330696 total
- age   6:      14984 bytes,   22345680 total
- age   7:        192 bytes,   22345872 total
: 94817K->21824K(109248K), 0.1034527 secs] 146370K->79544K(502464K), 0.1035830 secs] [Times: user=0.06 sys=0.00, real=0.10 secs] 
Heap after GC invocations=132 (full 2):
 par new generation   total 109248K, used 21824K [0x00000000e0000000, 0x00000000e8000000, 0x00000000e8000000)
  eden space 87424K,   0% used [0x00000000e0000000, 0x00000000e0000000, 0x00000000e5560000)
  from space 21824K, 100% used [0x00000000e5560000, 0x00000000e6ab0000, 0x00000000e6ab0000)
  to   space 21824K,   0% used [0x00000000e6ab0000, 0x00000000e6ab0000, 0x00000000e8000000)
 concurrent mark-sweep generation total 393216K, used 57720K [0x00000000e8000000, 0x0000000100000000, 0x0000000100000000)
 Metaspace       used 36768K, capacity 37190K, committed 37476K, reserved 1083392K
  class space    used 3996K, capacity 4151K, committed 4196K, reserved 1048576K
}
2016-05-12T13:40:28.336+0100: 14829.313: Total time for which application threads were stopped: 0.1040433 seconds, Stopping threads took: 0.0000458 seconds
{Heap before GC invocations=132 (full 2):
 par new generation   total 109248K, used 109248K [0x00000000e0000000, 0x00000000e8000000, 0x00000000e8000000)
  eden space 87424K, 100% used [0x00000000e0000000, 0x00000000e5560000, 0x00000000e5560000)
  from space 21824K, 100% used [0x00000000e5560000, 0x00000000e6ab0000, 0x00000000e6ab0000)
  to   space 21824K,   0% used [0x00000000e6ab0000, 0x00000000e6ab0000, 0x00000000e8000000)
 concurrent mark-sweep generation total 393216K, used 57720K [0x00000000e8000000, 0x0000000100000000, 0x0000000100000000)
 Metaspace       used 36768K, capacity 37190K, committed 37476K, reserved 1083392K
  class space    used 3996K, capacity 4151K, committed 4196K, reserved 1048576K
2016-05-12T13:40:28.846+0100: 14829.824: [GC (Allocation Failure) 2016-05-12T13:40:28.846+0100: 14829.824: [ParNew
Desired survivor size 20112992 bytes, new threshold 8 (max 8)
- age   1:    8782208 bytes,    8782208 total
- age   2:     679008 bytes,    9461216 total
- age   3:    5001864 bytes,   14463080 total
: 109248K->21760K(109248K), 0.3226261 secs] 166968K->97346K(502464K), 0.3228125 secs] [Times: user=0.53 sys=0.00, real=0.32 secs] 
Heap after GC invocations=133 (full 2):
 par new generation   total 109248K, used 21760K [0x00000000e0000000, 0x00000000e8000000, 0x00000000e8000000)
  eden space 87424K,   0% used [0x00000000e0000000, 0x00000000e0000000, 0x00000000e5560000)
  from space 21824K,  99% used [0x00000000e6ab0000, 0x00000000e7ff0378, 0x00000000e8000000)
  to   space 21824K,   0% used [0x00000000e5560000, 0x00000000e5560000, 0x00000000e6ab0000)
 concurrent mark-sweep generation total 393216K, used 75585K [0x00000000e8000000, 0x0000000100000000, 0x0000000100000000)
 Metaspace       used 36768K, capacity 37190K, committed 37476K, reserved 1083392K
  class space    used 3996K, capacity 4151K, committed 4196K, reserved 1048576K
}
2016-05-12T13:40:29.169+0100: 14830.147: Total time for which application threads were stopped: 0.3232626 seconds, Stopping threads took: 0.0000450 seconds
{Heap before GC invocations=133 (full 2):
 par new generation   total 109248K, used 109039K [0x00000000e0000000, 0x00000000e8000000, 0x00000000e8000000)
  eden space 87424K,  99% used [0x00000000e0000000, 0x00000000e553bac8, 0x00000000e5560000)
  from space 21824K,  99% used [0x00000000e6ab0000, 0x00000000e7ff0378, 0x00000000e8000000)
  to   space 21824K,   0% used [0x00000000e5560000, 0x00000000e5560000, 0x00000000e6ab0000)
 concurrent mark-sweep generation total 393216K, used 75585K [0x00000000e8000000, 0x0000000100000000, 0x0000000100000000)
 Metaspace       used 36768K, capacity 37190K, committed 37476K, reserved 1083392K
  class space    used 3996K, capacity 4151K, committed 4196K, reserved 1048576K
2016-05-12T13:40:29.709+0100: 14830.687: [GC (Allocation Failure) 2016-05-12T13:40:29.709+0100: 14830.687: [ParNew
Desired survivor size 20112992 bytes, new threshold 4 (max 8)
- age   1:    6786176 bytes,    6786176 total
- age   2:    8685568 bytes,   15471744 total
- age   3:     676728 bytes,   16148472 total
- age   4:    5001864 bytes,   21150336 total
: 109039K->21824K(109248K), 0.2882588 secs] 184625K->101924K(502464K), 0.2884057 secs] [Times: user=0.51 sys=0.03, real=0.29 secs] 
Heap after GC invocations=134 (full 2):
 par new generation   total 109248K, used 21824K [0x00000000e0000000, 0x00000000e8000000, 0x00000000e8000000)
  eden space 87424K,   0% used [0x00000000e0000000, 0x00000000e0000000, 0x00000000e5560000)
  from space 21824K, 100% used [0x00000000e5560000, 0x00000000e6ab0000, 0x00000000e6ab0000)
  to   space 21824K,   0% used [0x00000000e6ab0000, 0x00000000e6ab0000, 0x00000000e8000000)
 concurrent mark-sweep generation total 393216K, used 80100K [0x00000000e8000000, 0x0000000100000000, 0x0000000100000000)
 Metaspace       used 36768K, capacity 37190K, committed 37476K, reserved 1083392K
  class space    used 3996K, capacity 4151K, committed 4196K, reserved 1048576K
}
2016-05-12T13:40:29.998+0100: 14830.975: Total time for which application threads were stopped: 0.2888723 seconds, Stopping threads took: 0.0000466 seconds
{Heap before GC invocations=134 (full 2):
 par new generation   total 109248K, used 105400K [0x00000000e0000000, 0x00000000e8000000, 0x00000000e8000000)
  eden space 87424K,  95% used [0x00000000e0000000, 0x00000000e519e230, 0x00000000e5560000)
  from space 21824K, 100% used [0x00000000e5560000, 0x00000000e6ab0000, 0x00000000e6ab0000)
  to   space 21824K,   0% used [0x00000000e6ab0000, 0x00000000e6ab0000, 0x00000000e8000000)
 concurrent mark-sweep generation total 393216K, used 80100K [0x00000000e8000000, 0x0000000100000000, 0x0000000100000000)
 Metaspace       used 36768K, capacity 37190K, committed 37476K, reserved 1083392K
  class space    used 3996K, capacity 4151K, committed 4196K, reserved 1048576K
2016-05-12T13:40:30.424+0100: 14831.402: [GC (Allocation Failure) 2016-05-12T13:40:30.424+0100: 14831.402: [ParNew
Desired survivor size 20112992 bytes, new threshold 3 (max 8)
- age   1:    7612104 bytes,    7612104 total
- age   2:    5447808 bytes,   13059912 total
- age   3:    8608816 bytes,   21668728 total
- age   4:     676392 bytes,   22345120 total
: 105400K->21824K(109248K), 0.3889927 secs] 185500K->121998K(502464K), 0.3891546 secs] [Times: user=0.78 sys=0.00, real=0.39 secs] 
Heap after GC invocations=135 (full 2):
 par new generation   total 109248K, used 21824K [0x00000000e0000000, 0x00000000e8000000, 0x00000000e8000000)
  eden space 87424K,   0% used [0x00000000e0000000, 0x00000000e0000000, 0x00000000e5560000)
  from space 21824K, 100% used [0x00000000e6ab0000, 0x00000000e8000000, 0x00000000e8000000)
  to   space 21824K,   0% used [0x00000000e5560000, 0x00000000e5560000, 0x00000000e6ab0000)
 concurrent mark-sweep generation total 393216K, used 100174K [0x00000000e8000000, 0x0000000100000000, 0x0000000100000000)
 Metaspace       used 36768K, capacity 37190K, committed 37476K, reserved 1083392K
  class space    used 3996K, capacity 4151K, committed 4196K, reserved 1048576K
}
2016-05-12T13:40:30.813+0100: 14831.791: Total time for which application threads were stopped: 0.3896307 seconds, Stopping threads took: 0.0000576 seconds
2016-05-12T13:40:31.083+0100: 14832.061: Total time for which application threads were stopped: 0.0001800 seconds, Stopping threads took: 0.0000387 seconds
2016-05-12T13:40:31.084+0100: 14832.062: Total time for which application threads were stopped: 0.0001129 seconds, Stopping threads took: 0.0000245 seconds
2016-05-12T13:40:31.103+0100: 14832.081: Total time for which application threads were stopped: 0.0003222 seconds, Stopping threads took: 0.0000545 seconds
2016-05-12T13:40:31.104+0100: 14832.082: Total time for which application threads were stopped: 0.0002345 seconds, Stopping threads took: 0.0001121 seconds
2016-05-12T13:40:32.105+0100: 14833.083: Total time for which application threads were stopped: 0.0001958 seconds, Stopping threads took: 0.0000450 seconds
2016-05-12T13:40:37.596+0100: 14838.573: Total time for which application threads were stopped: 0.0002353 seconds, Stopping threads took: 0.0000561 seconds
2016-05-12T13:40:37.596+0100: 14838.573: Total time for which application threads were stopped: 0.0000987 seconds, Stopping threads took: 0.0000261 seconds
2016-05-12T13:40:37.596+0100: 14838.573: Total time for which application threads were stopped: 0.0000979 seconds, Stopping threads took: 0.0000261 seconds
2016-05-12T13:40:37.596+0100: 14838.574: Total time for which application threads were stopped: 0.0000955 seconds, Stopping threads took: 0.0000253 seconds
2016-05-12T13:40:37.608+0100: 14838.585: Total time for which application threads were stopped: 0.0112865 seconds, Stopping threads took: 0.0000276 seconds
2016-05-12T13:40:37.611+0100: 14838.589: Total time for which application threads were stopped: 0.0001832 seconds, Stopping threads took: 0.0000450 seconds
2016-05-12T13:40:37.617+0100: 14838.594: Total time for which application threads were stopped: 0.0002108 seconds, Stopping threads took: 0.0000466 seconds
2016-05-12T13:40:37.617+0100: 14838.595: Total time for which application threads were stopped: 0.0001113 seconds, Stopping threads took: 0.0000253 seconds
2016-05-12T13:40:38.617+0100: 14839.594: Total time for which application threads were stopped: 0.0001619 seconds, Stopping threads took: 0.0000474 seconds
2016-05-12T13:41:30.119+0100: 14891.097: Total time for which application threads were stopped: 0.0001619 seconds, Stopping threads took: 0.0000521 seconds
2016-05-12T13:41:30.120+0100: 14891.097: Total time for which application threads were stopped: 0.0001082 seconds, Stopping threads took: 0.0000466 seconds
2016-05-12T13:41:30.120+0100: 14891.097: Total time for which application threads were stopped: 0.0000908 seconds, Stopping threads took: 0.0000213 seconds
2016-05-12T13:41:30.120+0100: 14891.098: Total time for which application threads were stopped: 0.0001413 seconds, Stopping threads took: 0.0000513 seconds
2016-05-12T13:41:30.121+0100: 14891.098: Total time for which application threads were stopped: 0.0000924 seconds, Stopping threads took: 0.0000190 seconds
2016-05-12T13:41:30.122+0100: 14891.100: Total time for which application threads were stopped: 0.0001864 seconds, Stopping threads took: 0.0000466 seconds
2016-05-12T13:41:30.204+0100: 14891.181: Total time for which application threads were stopped: 0.0003151 seconds, Stopping threads took: 0.0000569 seconds
{Heap before GC invocations=135 (full 2):
 par new generation   total 109248K, used 107869K [0x00000000e0000000, 0x00000000e8000000, 0x00000000e8000000)
  eden space 87424K,  98% used [0x00000000e0000000, 0x00000000e5407510, 0x00000000e5560000)
  from space 21824K, 100% used [0x00000000e6ab0000, 0x00000000e8000000, 0x00000000e8000000)
  to   space 21824K,   0% used [0x00000000e5560000, 0x00000000e5560000, 0x00000000e6ab0000)
 concurrent mark-sweep generation total 393216K, used 100174K [0x00000000e8000000, 0x0000000100000000, 0x0000000100000000)
 Metaspace       used 36775K, capacity 37190K, committed 37476K, reserved 1083392K
  class space    used 3996K, capacity 4151K, committed 4196K, reserved 1048576K
2016-05-12T13:41:30.300+0100: 14891.278: [GC (Allocation Failure) 2016-05-12T13:41:30.300+0100: 14891.278: [ParNew
Desired survivor size 20112992 bytes, new threshold 8 (max 8)
- age   1:   15789680 bytes,   15789680 total
- age   2:      59680 bytes,   15849360 total
- age   3:     774768 bytes,   16624128 total
: 107869K->21824K(109248K), 0.2244997 secs] 208043K->143155K(502464K), 0.2246671 secs] [Times: user=0.37 sys=0.00, real=0.23 secs] 
Heap after GC invocations=136 (full 2):
 par new generation   total 109248K, used 21824K [0x00000000e0000000, 0x00000000e8000000, 0x00000000e8000000)
  eden space 87424K,   0% used [0x00000000e0000000, 0x00000000e0000000, 0x00000000e5560000)
  from space 21824K, 100% used [0x00000000e5560000, 0x00000000e6ab0000, 0x00000000e6ab0000)
  to   space 21824K,   0% used [0x00000000e6ab0000, 0x00000000e6ab0000, 0x00000000e8000000)
 concurrent mark-sweep generation total 393216K, used 121331K [0x00000000e8000000, 0x0000000100000000, 0x0000000100000000)
 Metaspace       used 36775K, capacity 37190K, committed 37476K, reserved 1083392K
  class space    used 3996K, capacity 4151K, committed 4196K, reserved 1048576K
}
2016-05-12T13:41:30.525+0100: 14891.502: Total time for which application threads were stopped: 0.2251606 seconds, Stopping threads took: 0.0000600 seconds
2016-05-12T13:41:34.816+0100: 14895.794: Total time for which application threads were stopped: 0.0002780 seconds, Stopping threads took: 0.0000442 seconds
2016-05-12T13:41:34.817+0100: 14895.794: Total time for which application threads were stopped: 0.0001019 seconds, Stopping threads took: 0.0000245 seconds
2016-05-12T13:41:34.818+0100: 14895.796: Total time for which application threads were stopped: 0.0001571 seconds, Stopping threads took: 0.0000403 seconds
2016-05-12T13:41:34.818+0100: 14895.796: Total time for which application threads were stopped: 0.0000948 seconds, Stopping threads took: 0.0000205 seconds
2016-05-12T13:41:34.818+0100: 14895.796: Total time for which application threads were stopped: 0.0001034 seconds, Stopping threads took: 0.0000284 seconds
2016-05-12T13:41:34.819+0100: 14895.796: Total time for which application threads were stopped: 0.0000963 seconds, Stopping threads took: 0.0000261 seconds
2016-05-12T13:41:34.819+0100: 14895.796: Total time for which application threads were stopped: 0.0001106 seconds, Stopping threads took: 0.0000276 seconds
2016-05-12T13:41:37.046+0100: 14898.024: Total time for which application threads were stopped: 0.0004225 seconds, Stopping threads took: 0.0000513 seconds
{Heap before GC invocations=136 (full 2):
 par new generation   total 109248K, used 109105K [0x00000000e0000000, 0x00000000e8000000, 0x00000000e8000000)
  eden space 87424K,  99% used [0x00000000e0000000, 0x00000000e553c580, 0x00000000e5560000)
  from space 21824K, 100% used [0x00000000e5560000, 0x00000000e6ab0000, 0x00000000e6ab0000)
  to   space 21824K,   0% used [0x00000000e6ab0000, 0x00000000e6ab0000, 0x00000000e8000000)
 concurrent mark-sweep generation total 393216K, used 121331K [0x00000000e8000000, 0x0000000100000000, 0x0000000100000000)
 Metaspace       used 36775K, capacity 37190K, committed 37476K, reserved 1083392K
  class space    used 3996K, capacity 4151K, committed 4196K, reserved 1048576K
2016-05-12T13:41:37.311+0100: 14898.289: [GC (Allocation Failure) 2016-05-12T13:41:37.311+0100: 14898.289: [ParNew
Desired survivor size 20112992 bytes, new threshold 8 (max 8)
- age   1:     467560 bytes,     467560 total
- age   2:    6762808 bytes,    7230368 total
- age   3:      59680 bytes,    7290048 total
- age   4:     772304 bytes,    8062352 total
: 109105K->8754K(109248K), 0.0143875 secs] 230436K->130085K(502464K), 0.0145525 secs] [Times: user=0.02 sys=0.00, real=0.01 secs] 
Heap after GC invocations=137 (full 2):
 par new generation   total 109248K, used 8754K [0x00000000e0000000, 0x00000000e8000000, 0x00000000e8000000)
  eden space 87424K,   0% used [0x00000000e0000000, 0x00000000e0000000, 0x00000000e5560000)
  from space 21824K,  40% used [0x00000000e6ab0000, 0x00000000e733c948, 0x00000000e8000000)
  to   space 21824K,   0% used [0x00000000e5560000, 0x00000000e5560000, 0x00000000e6ab0000)
 concurrent mark-sweep generation total 393216K, used 121331K [0x00000000e8000000, 0x0000000100000000, 0x0000000100000000)
 Metaspace       used 36775K, capacity 37190K, committed 37476K, reserved 1083392K
  class space    used 3996K, capacity 4151K, committed 4196K, reserved 1048576K
}
2016-05-12T13:41:37.326+0100: 14898.303: Total time for which application threads were stopped: 0.0149971 seconds, Stopping threads took: 0.0000482 seconds
2016-05-12T13:41:39.792+0100: 14900.769: Total time for which application threads were stopped: 0.0001903 seconds, Stopping threads took: 0.0000466 seconds
2016-05-12T13:41:45.808+0100: 14906.785: Total time for which application threads were stopped: 0.0001603 seconds, Stopping threads took: 0.0000482 seconds
2016-05-12T13:41:57.141+0100: 14918.118: Total time for which application threads were stopped: 0.0001824 seconds, Stopping threads took: 0.0000529 seconds
2016-05-12T13:46:30.224+0100: 15191.226: Total time for which application threads were stopped: 0.0001950 seconds, Stopping threads took: 0.0000592 seconds
2016-05-12T13:46:30.225+0100: 15191.227: Total time for which application threads were stopped: 0.0000948 seconds, Stopping threads took: 0.0000340 seconds
2016-05-12T13:46:30.226+0100: 15191.228: Total time for which application threads were stopped: 0.0002014 seconds, Stopping threads took: 0.0000474 seconds
{Heap before GC invocations=137 (full 2):
 par new generation   total 109248K, used 96178K [0x00000000e0000000, 0x00000000e8000000, 0x00000000e8000000)
  eden space 87424K, 100% used [0x00000000e0000000, 0x00000000e5560000, 0x00000000e5560000)
  from space 21824K,  40% used [0x00000000e6ab0000, 0x00000000e733c948, 0x00000000e8000000)
  to   space 21824K,   0% used [0x00000000e5560000, 0x00000000e5560000, 0x00000000e6ab0000)
 concurrent mark-sweep generation total 393216K, used 121331K [0x00000000e8000000, 0x0000000100000000, 0x0000000100000000)
 Metaspace       used 36775K, capacity 37190K, committed 37476K, reserved 1083392K
  class space    used 3996K, capacity 4151K, committed 4196K, reserved 1048576K
2016-05-12T13:46:30.238+0100: 15191.240: [GC (Allocation Failure) 2016-05-12T13:46:30.238+0100: 15191.240: [ParNew
Desired survivor size 20112992 bytes, new threshold 8 (max 8)
- age   1:     180096 bytes,     180096 total
- age   2:      61392 bytes,     241488 total
- age   3:    6750392 bytes,    6991880 total
- age   4:      59680 bytes,    7051560 total
- age   5:     772304 bytes,    7823864 total
: 96178K->8329K(109248K), 0.0141554 secs] 217509K->129660K(502464K), 0.0143125 secs] [Times: user=0.00 sys=0.02, real=0.01 secs] 
Heap after GC invocations=138 (full 2):
 par new generation   total 109248K, used 8329K [0x00000000e0000000, 0x00000000e8000000, 0x00000000e8000000)
  eden space 87424K,   0% used [0x00000000e0000000, 0x00000000e0000000, 0x00000000e5560000)
  from space 21824K,  38% used [0x00000000e5560000, 0x00000000e5d824d8, 0x00000000e6ab0000)
  to   space 21824K,   0% used [0x00000000e6ab0000, 0x00000000e6ab0000, 0x00000000e8000000)
 concurrent mark-sweep generation total 393216K, used 121331K [0x00000000e8000000, 0x0000000100000000, 0x0000000100000000)
 Metaspace       used 36775K, capacity 37190K, committed 37476K, reserved 1083392K
  class space    used 3996K, capacity 4151K, committed 4196K, reserved 1048576K
}
2016-05-12T13:46:30.252+0100: 15191.254: Total time for which application threads were stopped: 0.0147863 seconds, Stopping threads took: 0.0000466 seconds
2016-05-12T13:46:30.721+0100: 15191.723: Total time for which application threads were stopped: 0.0002408 seconds, Stopping threads took: 0.0000434 seconds
2016-05-12T13:46:30.722+0100: 15191.724: Total time for which application threads were stopped: 0.0000955 seconds, Stopping threads took: 0.0000221 seconds
2016-05-12T13:46:30.722+0100: 15191.724: Total time for which application threads were stopped: 0.0001524 seconds, Stopping threads took: 0.0000237 seconds
2016-05-12T13:46:39.723+0100: 15200.724: Total time for which application threads were stopped: 0.0001548 seconds, Stopping threads took: 0.0000474 seconds
2016-05-12T13:46:40.723+0100: 15201.724: Total time for which application threads were stopped: 0.0001793 seconds, Stopping threads took: 0.0000482 seconds
2016-05-12T13:46:41.723+0100: 15202.724: Total time for which application threads were stopped: 0.0001524 seconds, Stopping threads took: 0.0000474 seconds
2016-05-12T13:46:45.723+0100: 15206.724: Total time for which application threads were stopped: 0.0001587 seconds, Stopping threads took: 0.0000490 seconds
2016-05-12T13:46:52.724+0100: 15213.725: Total time for which application threads were stopped: 0.0001587 seconds, Stopping threads took: 0.0000561 seconds
{Heap before GC invocations=138 (full 2):
 par new generation   total 109248K, used 95753K [0x00000000e0000000, 0x00000000e8000000, 0x00000000e8000000)
  eden space 87424K, 100% used [0x00000000e0000000, 0x00000000e5560000, 0x00000000e5560000)
  from space 21824K,  38% used [0x00000000e5560000, 0x00000000e5d824d8, 0x00000000e6ab0000)
  to   space 21824K,   0% used [0x00000000e6ab0000, 0x00000000e6ab0000, 0x00000000e8000000)
 concurrent mark-sweep generation total 393216K, used 121331K [0x00000000e8000000, 0x0000000100000000, 0x0000000100000000)
 Metaspace       used 36781K, capacity 37190K, committed 37476K, reserved 1083392K
  class space    used 3996K, capacity 4151K, committed 4196K, reserved 1048576K
2016-05-12T13:46:53.817+0100: 15214.819: [GC (Allocation Failure) 2016-05-12T13:46:53.818+0100: 15214.819: [ParNew
Desired survivor size 20112992 bytes, new threshold 8 (max 8)
- age   1:     978040 bytes,     978040 total
- age   2:      33104 bytes,    1011144 total
- age   3:      61392 bytes,    1072536 total
- age   4:    6749640 bytes,    7822176 total
- age   5:      59312 bytes,    7881488 total
- age   6:     772120 bytes,    8653608 total
: 95753K->8860K(109248K), 0.0124157 secs] 217084K->130191K(502464K), 0.0126605 secs] [Times: user=0.03 sys=0.00, real=0.01 secs] 
Heap after GC invocations=139 (full 2):
 par new generation   total 109248K, used 8860K [0x00000000e0000000, 0x00000000e8000000, 0x00000000e8000000)
  eden space 87424K,   0% used [0x00000000e0000000, 0x00000000e0000000, 0x00000000e5560000)
  from space 21824K,  40% used [0x00000000e6ab0000, 0x00000000e73571e8, 0x00000000e8000000)
  to   space 21824K,   0% used [0x00000000e5560000, 0x00000000e5560000, 0x00000000e6ab0000)
 concurrent mark-sweep generation total 393216K, used 121331K [0x00000000e8000000, 0x0000000100000000, 0x0000000100000000)
 Metaspace       used 36781K, capacity 37190K, committed 37476K, reserved 1083392K
  class space    used 3996K, capacity 4151K, committed 4196K, reserved 1048576K
}
2016-05-12T13:46:53.830+0100: 15214.832: Total time for which application threads were stopped: 0.0131501 seconds, Stopping threads took: 0.0000576 seconds
{Heap before GC invocations=139 (full 2):
 par new generation   total 109248K, used 96284K [0x00000000e0000000, 0x00000000e8000000, 0x00000000e8000000)
  eden space 87424K, 100% used [0x00000000e0000000, 0x00000000e5560000, 0x00000000e5560000)
  from space 21824K,  40% used [0x00000000e6ab0000, 0x00000000e73571e8, 0x00000000e8000000)
  to   space 21824K,   0% used [0x00000000e5560000, 0x00000000e5560000, 0x00000000e6ab0000)
 concurrent mark-sweep generation total 393216K, used 121331K [0x00000000e8000000, 0x0000000100000000, 0x0000000100000000)
 Metaspace       used 36798K, capacity 37190K, committed 37476K, reserved 1083392K
  class space    used 3996K, capacity 4151K, committed 4196K, reserved 1048576K
2016-05-12T13:47:17.107+0100: 15238.114: [GC (Allocation Failure) 2016-05-12T13:47:17.108+0100: 15238.114: [ParNew
Desired survivor size 20112992 bytes, new threshold 8 (max 8)
- age   1:    2868016 bytes,    2868016 total
- age   2:       2792 bytes,    2870808 total
- age   3:      32952 bytes,    2903760 total
- age   4:      61392 bytes,    2965152 total
- age   5:    6749640 bytes,    9714792 total
- age   6:      59312 bytes,    9774104 total
- age   7:     772120 bytes,   10546224 total
: 96284K->11604K(109248K), 0.0134589 secs] 217615K->132935K(502464K), 0.0136452 secs] [Times: user=0.03 sys=0.00, real=0.01 secs] 
Heap after GC invocations=140 (full 2):
 par new generation   total 109248K, used 11604K [0x00000000e0000000, 0x00000000e8000000, 0x00000000e8000000)
  eden space 87424K,   0% used [0x00000000e0000000, 0x00000000e0000000, 0x00000000e5560000)
  from space 21824K,  53% used [0x00000000e5560000, 0x00000000e60b51e8, 0x00000000e6ab0000)
  to   space 21824K,   0% used [0x00000000e6ab0000, 0x00000000e6ab0000, 0x00000000e8000000)
 concurrent mark-sweep generation total 393216K, used 121331K [0x00000000e8000000, 0x0000000100000000, 0x0000000100000000)
 Metaspace       used 36798K, capacity 37190K, committed 37476K, reserved 1083392K
  class space    used 3996K, capacity 4151K, committed 4196K, reserved 1048576K
}
2016-05-12T13:47:17.121+0100: 15238.128: Total time for which application threads were stopped: 0.0141285 seconds, Stopping threads took: 0.0000592 seconds
2016-05-12T13:49:02.170+0100: 15343.179: Total time for which application threads were stopped: 0.0002258 seconds, Stopping threads took: 0.0000608 seconds
2016-05-12T13:49:02.172+0100: 15343.182: Total time for which application threads were stopped: 0.0001271 seconds, Stopping threads took: 0.0000324 seconds
2016-05-12T13:49:02.173+0100: 15343.182: Total time for which application threads were stopped: 0.0000987 seconds, Stopping threads took: 0.0000205 seconds
2016-05-12T13:49:02.174+0100: 15343.183: Total time for which application threads were stopped: 0.0001516 seconds, Stopping threads took: 0.0000245 seconds
2016-05-12T13:49:02.175+0100: 15343.184: Total time for which application threads were stopped: 0.0001240 seconds, Stopping threads took: 0.0000268 seconds
2016-05-12T13:49:02.175+0100: 15343.185: Total time for which application threads were stopped: 0.0000971 seconds, Stopping threads took: 0.0000213 seconds
2016-05-12T13:49:02.253+0100: 15343.262: Total time for which application threads were stopped: 0.0008157 seconds, Stopping threads took: 0.0006886 seconds
2016-05-12T13:49:02.253+0100: 15343.263: Total time for which application threads were stopped: 0.0001066 seconds, Stopping threads took: 0.0000347 seconds
2016-05-12T13:49:02.253+0100: 15343.263: Total time for which application threads were stopped: 0.0001406 seconds, Stopping threads took: 0.0000458 seconds
2016-05-12T13:49:02.254+0100: 15343.263: Total time for which application threads were stopped: 0.0001445 seconds, Stopping threads took: 0.0000419 seconds
2016-05-12T13:49:02.255+0100: 15343.264: Total time for which application threads were stopped: 0.0001785 seconds, Stopping threads took: 0.0000379 seconds
2016-05-12T13:49:02.277+0100: 15343.287: Total time for which application threads were stopped: 0.0001982 seconds, Stopping threads took: 0.0000434 seconds
2016-05-12T13:49:02.469+0100: 15343.479: Total time for which application threads were stopped: 0.0002164 seconds, Stopping threads took: 0.0000474 seconds
2016-05-12T13:49:02.470+0100: 15343.480: Total time for which application threads were stopped: 0.0007162 seconds, Stopping threads took: 0.0006104 seconds
2016-05-12T13:49:02.471+0100: 15343.481: Total time for which application threads were stopped: 0.0004975 seconds, Stopping threads took: 0.0000355 seconds
2016-05-12T13:49:02.644+0100: 15343.654: Total time for which application threads were stopped: 0.0004319 seconds, Stopping threads took: 0.0002432 seconds
{Heap before GC invocations=140 (full 2):
 par new generation   total 109248K, used 97012K [0x00000000e0000000, 0x00000000e8000000, 0x00000000e8000000)
  eden space 87424K,  97% used [0x00000000e0000000, 0x00000000e5367fd0, 0x00000000e5560000)
  from space 21824K,  53% used [0x00000000e5560000, 0x00000000e60b51e8, 0x00000000e6ab0000)
  to   space 21824K,   0% used [0x00000000e6ab0000, 0x00000000e6ab0000, 0x00000000e8000000)
 concurrent mark-sweep generation total 393216K, used 121331K [0x00000000e8000000, 0x0000000100000000, 0x0000000100000000)
 Metaspace       used 36809K, capacity 37194K, committed 37476K, reserved 1083392K
  class space    used 3996K, capacity 4151K, committed 4196K, reserved 1048576K
2016-05-12T13:49:02.697+0100: 15343.707: [GC (Allocation Failure) 2016-05-12T13:49:02.697+0100: 15343.707: [ParNew
Desired survivor size 20112992 bytes, new threshold 8 (max 8)
- age   1:    8012464 bytes,    8012464 total
- age   2:      11552 bytes,    8024016 total
- age   3:       2400 bytes,    8026416 total
- age   4:      20752 bytes,    8047168 total
- age   5:      61392 bytes,    8108560 total
- age   6:    6749208 bytes,   14857768 total
- age   7:      59240 bytes,   14917008 total
- age   8:     772072 bytes,   15689080 total
: 97012K->17005K(109248K), 0.0166167 secs] 218343K->138336K(502464K), 0.0168102 secs] [Times: user=0.03 sys=0.00, real=0.02 secs] 
Heap after GC invocations=141 (full 2):
 par new generation   total 109248K, used 17005K [0x00000000e0000000, 0x00000000e8000000, 0x00000000e8000000)
  eden space 87424K,   0% used [0x00000000e0000000, 0x00000000e0000000, 0x00000000e5560000)
  from space 21824K,  77% used [0x00000000e6ab0000, 0x00000000e7b4b438, 0x00000000e8000000)
  to   space 21824K,   0% used [0x00000000e5560000, 0x00000000e5560000, 0x00000000e6ab0000)
 concurrent mark-sweep generation total 393216K, used 121331K [0x00000000e8000000, 0x0000000100000000, 0x0000000100000000)
 Metaspace       used 36809K, capacity 37194K, committed 37476K, reserved 1083392K
  class space    used 3996K, capacity 4151K, committed 4196K, reserved 1048576K
}
2016-05-12T13:49:02.714+0100: 15343.724: Total time for which application threads were stopped: 0.0173163 seconds, Stopping threads took: 0.0000584 seconds
{Heap before GC invocations=141 (full 2):
 par new generation   total 109248K, used 104429K [0x00000000e0000000, 0x00000000e8000000, 0x00000000e8000000)
  eden space 87424K, 100% used [0x00000000e0000000, 0x00000000e5560000, 0x00000000e5560000)
  from space 21824K,  77% used [0x00000000e6ab0000, 0x00000000e7b4b438, 0x00000000e8000000)
  to   space 21824K,   0% used [0x00000000e5560000, 0x00000000e5560000, 0x00000000e6ab0000)
 concurrent mark-sweep generation total 393216K, used 121331K [0x00000000e8000000, 0x0000000100000000, 0x0000000100000000)
 Metaspace       used 36809K, capacity 37194K, committed 37476K, reserved 1083392K
  class space    used 3996K, capacity 4151K, committed 4196K, reserved 1048576K
2016-05-12T13:49:03.279+0100: 15344.289: [GC (Allocation Failure) 2016-05-12T13:49:03.279+0100: 15344.289: [ParNew
Desired survivor size 20112992 bytes, new threshold 7 (max 8)
- age   1:   10637376 bytes,   10637376 total
- age   2:    4806224 bytes,   15443600 total
- age   3:       8248 bytes,   15451848 total
- age   4:       2400 bytes,   15454248 total
- age   5:      20752 bytes,   15475000 total
- age   6:      61392 bytes,   15536392 total
- age   7:    6749208 bytes,   22285600 total
- age   8:      59240 bytes,   22344840 total
: 104429K->21824K(109248K), 0.0214683 secs] 225760K->144166K(502464K), 0.0216689 secs] [Times: user=0.03 sys=0.00, real=0.02 secs] 
Heap after GC invocations=142 (full 2):
 par new generation   total 109248K, used 21824K [0x00000000e0000000, 0x00000000e8000000, 0x00000000e8000000)
  eden space 87424K,   0% used [0x00000000e0000000, 0x00000000e0000000, 0x00000000e5560000)
  from space 21824K, 100% used [0x00000000e5560000, 0x00000000e6ab0000, 0x00000000e6ab0000)
  to   space 21824K,   0% used [0x00000000e6ab0000, 0x00000000e6ab0000, 0x00000000e8000000)
 concurrent mark-sweep generation total 393216K, used 122342K [0x00000000e8000000, 0x0000000100000000, 0x0000000100000000)
 Metaspace       used 36809K, capacity 37194K, committed 37476K, reserved 1083392K
  class space    used 3996K, capacity 4151K, committed 4196K, reserved 1048576K
}
2016-05-12T13:49:03.301+0100: 15344.311: Total time for which application threads were stopped: 0.0221822 seconds, Stopping threads took: 0.0000805 seconds
2016-05-12T13:49:03.394+0100: 15344.403: Total time for which application threads were stopped: 0.0002361 seconds, Stopping threads took: 0.0000624 seconds
{Heap before GC invocations=142 (full 2):
 par new generation   total 109248K, used 104399K [0x00000000e0000000, 0x00000000e8000000, 0x00000000e8000000)
  eden space 87424K,  94% used [0x00000000e0000000, 0x00000000e50a3db0, 0x00000000e5560000)
  from space 21824K, 100% used [0x00000000e5560000, 0x00000000e6ab0000, 0x00000000e6ab0000)
  to   space 21824K,   0% used [0x00000000e6ab0000, 0x00000000e6ab0000, 0x00000000e8000000)
 concurrent mark-sweep generation total 393216K, used 122342K [0x00000000e8000000, 0x0000000100000000, 0x0000000100000000)
 Metaspace       used 36809K, capacity 37194K, committed 37476K, reserved 1083392K
  class space    used 3996K, capacity 4151K, committed 4196K, reserved 1048576K
2016-05-12T13:49:03.719+0100: 15344.729: [GC (Allocation Failure) 2016-05-12T13:49:03.719+0100: 15344.729: [ParNew
Desired survivor size 20112992 bytes, new threshold 3 (max 8)
- age   1:   11916072 bytes,   11916072 total
- age   2:    4254216 bytes,   16170288 total
- age   3:    4803824 bytes,   20974112 total
- age   4:       7040 bytes,   20981152 total
- age   5:       1632 bytes,   20982784 total
- age   6:      20672 bytes,   21003456 total
- age   7:      61392 bytes,   21064848 total
: 104399K->21824K(109248K), 0.1515332 secs] 226741K->157195K(502464K), 0.1516895 secs] [Times: user=0.20 sys=0.00, real=0.15 secs] 
Heap after GC invocations=143 (full 2):
 par new generation   total 109248K, used 21824K [0x00000000e0000000, 0x00000000e8000000, 0x00000000e8000000)
  eden space 87424K,   0% used [0x00000000e0000000, 0x00000000e0000000, 0x00000000e5560000)
  from space 21824K, 100% used [0x00000000e6ab0000, 0x00000000e8000000, 0x00000000e8000000)
  to   space 21824K,   0% used [0x00000000e5560000, 0x00000000e5560000, 0x00000000e6ab0000)
 concurrent mark-sweep generation total 393216K, used 135371K [0x00000000e8000000, 0x0000000100000000, 0x0000000100000000)
 Metaspace       used 36809K, capacity 37194K, committed 37476K, reserved 1083392K
  class space    used 3996K, capacity 4151K, committed 4196K, reserved 1048576K
}
2016-05-12T13:49:03.871+0100: 15344.881: Total time for which application threads were stopped: 0.1521728 seconds, Stopping threads took: 0.0000624 seconds
{Heap before GC invocations=143 (full 2):
 par new generation   total 109248K, used 98987K [0x00000000e0000000, 0x00000000e8000000, 0x00000000e8000000)
  eden space 87424K,  88% used [0x00000000e0000000, 0x00000000e4b5af18, 0x00000000e5560000)
  from space 21824K, 100% used [0x00000000e6ab0000, 0x00000000e8000000, 0x00000000e8000000)
  to   space 21824K,   0% used [0x00000000e5560000, 0x00000000e5560000, 0x00000000e6ab0000)
 concurrent mark-sweep generation total 393216K, used 135371K [0x00000000e8000000, 0x0000000100000000, 0x0000000100000000)
 Metaspace       used 36810K, capacity 37194K, committed 37476K, reserved 1083392K
  class space    used 3996K, capacity 4151K, committed 4196K, reserved 1048576K
2016-05-12T13:49:04.409+0100: 15345.419: [GC (Allocation Failure) 2016-05-12T13:49:04.409+0100: 15345.419: [ParNew
Desired survivor size 20112992 bytes, new threshold 8 (max 8)
- age   1:   13314368 bytes,   13314368 total
- age   2:    3713912 bytes,   17028280 total
- age   3:    1943024 bytes,   18971304 total
: 98987K->21824K(109248K), 0.0743689 secs] 234358K->171046K(502464K), 0.0745395 secs] [Times: user=0.11 sys=0.00, real=0.07 secs] 
Heap after GC invocations=144 (full 2):
 par new generation   total 109248K, used 21824K [0x00000000e0000000, 0x00000000e8000000, 0x00000000e8000000)
  eden space 87424K,   0% used [0x00000000e0000000, 0x00000000e0000000, 0x00000000e5560000)
  from space 21824K, 100% used [0x00000000e5560000, 0x00000000e6ab0000, 0x00000000e6ab0000)
  to   space 21824K,   0% used [0x00000000e6ab0000, 0x00000000e6ab0000, 0x00000000e8000000)
 concurrent mark-sweep generation total 393216K, used 149222K [0x00000000e8000000, 0x0000000100000000, 0x0000000100000000)
 Metaspace       used 36810K, capacity 37194K, committed 37476K, reserved 1083392K
  class space    used 3996K, capacity 4151K, committed 4196K, reserved 1048576K
}
2016-05-12T13:49:04.484+0100: 15345.493: Total time for which application threads were stopped: 0.0750796 seconds, Stopping threads took: 0.0000561 seconds
{Heap before GC invocations=144 (full 2):
 par new generation   total 109248K, used 104310K [0x00000000e0000000, 0x00000000e8000000, 0x00000000e8000000)
  eden space 87424K,  94% used [0x00000000e0000000, 0x00000000e508db30, 0x00000000e5560000)
  from space 21824K, 100% used [0x00000000e5560000, 0x00000000e6ab0000, 0x00000000e6ab0000)
  to   space 21824K,   0% used [0x00000000e6ab0000, 0x00000000e6ab0000, 0x00000000e8000000)
 concurrent mark-sweep generation total 393216K, used 149222K [0x00000000e8000000, 0x0000000100000000, 0x0000000100000000)
 Metaspace       used 36810K, capacity 37194K, committed 37476K, reserved 1083392K
  class space    used 3996K, capacity 4151K, committed 4196K, reserved 1048576K
2016-05-12T13:49:04.933+0100: 15345.942: [GC (Allocation Failure) 2016-05-12T13:49:04.933+0100: 15345.943: [ParNew
Desired survivor size 20112992 bytes, new threshold 3 (max 8)
- age   1:   12865720 bytes,   12865720 total
- age   2:    4072664 bytes,   16938384 total
- age   3:    3475848 bytes,   20414232 total
- age   4:    1928856 bytes,   22343088 total
: 104310K->21824K(109248K), 0.0274934 secs] 253533K->177970K(502464K), 0.0276474 secs] [Times: user=0.06 sys=0.00, real=0.03 secs] 
Heap after GC invocations=145 (full 2):
 par new generation   total 109248K, used 21824K [0x00000000e0000000, 0x00000000e8000000, 0x00000000e8000000)
  eden space 87424K,   0% used [0x00000000e0000000, 0x00000000e0000000, 0x00000000e5560000)
  from space 21824K, 100% used [0x00000000e6ab0000, 0x00000000e8000000, 0x00000000e8000000)
  to   space 21824K,   0% used [0x00000000e5560000, 0x00000000e5560000, 0x00000000e6ab0000)
 concurrent mark-sweep generation total 393216K, used 156146K [0x00000000e8000000, 0x0000000100000000, 0x0000000100000000)
 Metaspace       used 36810K, capacity 37194K, committed 37476K, reserved 1083392K
  class space    used 3996K, capacity 4151K, committed 4196K, reserved 1048576K
}
2016-05-12T13:49:04.961+0100: 15345.970: Total time for which application threads were stopped: 0.0281315 seconds, Stopping threads took: 0.0000569 seconds
{Heap before GC invocations=145 (full 2):
 par new generation   total 109248K, used 109248K [0x00000000e0000000, 0x00000000e8000000, 0x00000000e8000000)
  eden space 87424K, 100% used [0x00000000e0000000, 0x00000000e5560000, 0x00000000e5560000)
  from space 21824K, 100% used [0x00000000e6ab0000, 0x00000000e8000000, 0x00000000e8000000)
  to   space 21824K,   0% used [0x00000000e5560000, 0x00000000e5560000, 0x00000000e6ab0000)
 concurrent mark-sweep generation total 393216K, used 156146K [0x00000000e8000000, 0x0000000100000000, 0x0000000100000000)
 Metaspace       used 36810K, capacity 37194K, committed 37476K, reserved 1083392K
  class space    used 3996K, capacity 4151K, committed 4196K, reserved 1048576K
2016-05-12T13:49:05.519+0100: 15346.529: [GC (Allocation Failure) 2016-05-12T13:49:05.519+0100: 15346.529: [ParNew
Desired survivor size 20112992 bytes, new threshold 8 (max 8)
- age   1:   14197632 bytes,   14197632 total
- age   2:     551736 bytes,   14749368 total
- age   3:    4072320 bytes,   18821688 total
: 109248K->19992K(109248K), 0.0252824 secs] 265394K->184412K(502464K), 0.0254585 secs] [Times: user=0.05 sys=0.00, real=0.03 secs] 
Heap after GC invocations=146 (full 2):
 par new generation   total 109248K, used 19992K [0x00000000e0000000, 0x00000000e8000000, 0x00000000e8000000)
  eden space 87424K,   0% used [0x00000000e0000000, 0x00000000e0000000, 0x00000000e5560000)
  from space 21824K,  91% used [0x00000000e5560000, 0x00000000e68e6120, 0x00000000e6ab0000)
  to   space 21824K,   0% used [0x00000000e6ab0000, 0x00000000e6ab0000, 0x00000000e8000000)
 concurrent mark-sweep generation total 393216K, used 164420K [0x00000000e8000000, 0x0000000100000000, 0x0000000100000000)
 Metaspace       used 36810K, capacity 37194K, committed 37476K, reserved 1083392K
  class space    used 3996K, capacity 4151K, committed 4196K, reserved 1048576K
}
2016-05-12T13:49:05.545+0100: 15346.555: Total time for which application threads were stopped: 0.0264811 seconds, Stopping threads took: 0.0005701 seconds
2016-05-12T13:49:05.859+0100: 15346.868: Total time for which application threads were stopped: 0.0002014 seconds, Stopping threads took: 0.0000442 seconds
2016-05-12T13:49:05.861+0100: 15346.871: Total time for which application threads were stopped: 0.0001769 seconds, Stopping threads took: 0.0000513 seconds
2016-05-12T13:49:10.636+0100: 15351.648: Total time for which application threads were stopped: 0.0002511 seconds, Stopping threads took: 0.0000837 seconds
2016-05-12T13:49:10.636+0100: 15351.648: Total time for which application threads were stopped: 0.0001003 seconds, Stopping threads took: 0.0000229 seconds
2016-05-12T13:49:10.636+0100: 15351.648: Total time for which application threads were stopped: 0.0000924 seconds, Stopping threads took: 0.0000197 seconds
2016-05-12T13:49:10.636+0100: 15351.648: Total time for which application threads were stopped: 0.0000908 seconds, Stopping threads took: 0.0000197 seconds
2016-05-12T13:49:10.636+0100: 15351.648: Total time for which application threads were stopped: 0.0000924 seconds, Stopping threads took: 0.0000190 seconds
2016-05-12T13:49:10.636+0100: 15351.648: Total time for which application threads were stopped: 0.0000987 seconds, Stopping threads took: 0.0000190 seconds
2016-05-12T13:49:10.639+0100: 15351.651: Total time for which application threads were stopped: 0.0003301 seconds, Stopping threads took: 0.0000268 seconds
2016-05-12T13:49:23.078+0100: 15364.090: Total time for which application threads were stopped: 0.0002014 seconds, Stopping threads took: 0.0000576 seconds
{Heap before GC invocations=146 (full 2):
 par new generation   total 109248K, used 101851K [0x00000000e0000000, 0x00000000e8000000, 0x00000000e8000000)
  eden space 87424K,  93% used [0x00000000e0000000, 0x00000000e4ff0e60, 0x00000000e5560000)
  from space 21824K,  91% used [0x00000000e5560000, 0x00000000e68e6120, 0x00000000e6ab0000)
  to   space 21824K,   0% used [0x00000000e6ab0000, 0x00000000e6ab0000, 0x00000000e8000000)
 concurrent mark-sweep generation total 393216K, used 164420K [0x00000000e8000000, 0x0000000100000000, 0x0000000100000000)
 Metaspace       used 36820K, capacity 37258K, committed 37732K, reserved 1083392K
  class space    used 3996K, capacity 4151K, committed 4196K, reserved 1048576K
2016-05-12T13:49:23.145+0100: 15364.157: [GC (Allocation Failure) 2016-05-12T13:49:23.145+0100: 15364.157: [ParNew
Desired survivor size 20112992 bytes, new threshold 4 (max 8)
- age   1:    9648848 bytes,    9648848 total
- age   2:    8074424 bytes,   17723272 total
- age   3:     551408 bytes,   18274680 total
- age   4:    4071152 bytes,   22345832 total
: 101851K->21824K(109248K), 0.0312324 secs] 266272K->194359K(502464K), 0.0315135 secs] [Times: user=0.05 sys=0.00, real=0.03 secs] 
Heap after GC invocations=147 (full 2):
 par new generation   total 109248K, used 21824K [0x00000000e0000000, 0x00000000e8000000, 0x00000000e8000000)
  eden space 87424K,   0% used [0x00000000e0000000, 0x00000000e0000000, 0x00000000e5560000)
  from space 21824K, 100% used [0x00000000e6ab0000, 0x00000000e8000000, 0x00000000e8000000)
  to   space 21824K,   0% used [0x00000000e5560000, 0x00000000e5560000, 0x00000000e6ab0000)
 concurrent mark-sweep generation total 393216K, used 172535K [0x00000000e8000000, 0x0000000100000000, 0x0000000100000000)
 Metaspace       used 36820K, capacity 37258K, committed 37732K, reserved 1083392K
  class space    used 3996K, capacity 4151K, committed 4196K, reserved 1048576K
}
2016-05-12T13:49:23.177+0100: 15364.188: Total time for which application threads were stopped: 0.0320308 seconds, Stopping threads took: 0.0000671 seconds
2016-05-12T13:49:30.008+0100: 15371.020: Total time for which application threads were stopped: 0.0002377 seconds, Stopping threads took: 0.0000655 seconds
2016-05-12T13:49:30.008+0100: 15371.020: Total time for which application threads were stopped: 0.0001216 seconds, Stopping threads took: 0.0000316 seconds
2016-05-12T13:49:30.009+0100: 15371.020: Total time for which application threads were stopped: 0.0001074 seconds, Stopping threads took: 0.0000292 seconds
2016-05-12T13:49:30.009+0100: 15371.021: Total time for which application threads were stopped: 0.0000955 seconds, Stopping threads took: 0.0000253 seconds
2016-05-12T13:49:30.009+0100: 15371.021: Total time for which application threads were stopped: 0.0001785 seconds, Stopping threads took: 0.0000466 seconds
2016-05-12T13:49:30.019+0100: 15371.031: Total time for which application threads were stopped: 0.0002377 seconds, Stopping threads took: 0.0000545 seconds
{Heap before GC invocations=147 (full 2):
 par new generation   total 109248K, used 107665K [0x00000000e0000000, 0x00000000e8000000, 0x00000000e8000000)
  eden space 87424K,  98% used [0x00000000e0000000, 0x00000000e53d44c8, 0x00000000e5560000)
  from space 21824K, 100% used [0x00000000e6ab0000, 0x00000000e8000000, 0x00000000e8000000)
  to   space 21824K,   0% used [0x00000000e5560000, 0x00000000e5560000, 0x00000000e6ab0000)
 concurrent mark-sweep generation total 393216K, used 172535K [0x00000000e8000000, 0x0000000100000000, 0x0000000100000000)
 Metaspace       used 36820K, capacity 37258K, committed 37732K, reserved 1083392K
  class space    used 3996K, capacity 4151K, committed 4196K, reserved 1048576K
2016-05-12T13:49:30.119+0100: 15371.130: [GC (Allocation Failure) 2016-05-12T13:49:30.119+0100: 15371.130: [ParNew
Desired survivor size 20112992 bytes, new threshold 8 (max 8)
- age   1:    4848432 bytes,    4848432 total
- age   2:     367448 bytes,    5215880 total
- age   3:    8074424 bytes,   13290304 total
- age   4:     551192 bytes,   13841496 total
: 107665K->16921K(109248K), 0.1815535 secs] 280200K->193432K(502464K), 0.1817012 secs] [Times: user=0.17 sys=0.00, real=0.18 secs] 
Heap after GC invocations=148 (full 2):
 par new generation   total 109248K, used 16921K [0x00000000e0000000, 0x00000000e8000000, 0x00000000e8000000)
  eden space 87424K,   0% used [0x00000000e0000000, 0x00000000e0000000, 0x00000000e5560000)
  from space 21824K,  77% used [0x00000000e5560000, 0x00000000e65e6560, 0x00000000e6ab0000)
  to   space 21824K,   0% used [0x00000000e6ab0000, 0x00000000e6ab0000, 0x00000000e8000000)
 concurrent mark-sweep generation total 393216K, used 176510K [0x00000000e8000000, 0x0000000100000000, 0x0000000100000000)
 Metaspace       used 36820K, capacity 37258K, committed 37732K, reserved 1083392K
  class space    used 3996K, capacity 4151K, committed 4196K, reserved 1048576K
}
2016-05-12T13:49:30.300+0100: 15371.312: Total time for which application threads were stopped: 0.1821410 seconds, Stopping threads took: 0.0000482 seconds
2016-05-12T13:49:33.059+0100: 15374.071: Total time for which application threads were stopped: 0.0001950 seconds, Stopping threads took: 0.0000497 seconds
{Heap before GC invocations=148 (full 2):
 par new generation   total 109248K, used 98258K [0x00000000e0000000, 0x00000000e8000000, 0x00000000e8000000)
  eden space 87424K,  93% used [0x00000000e0000000, 0x00000000e4f6e368, 0x00000000e5560000)
  from space 21824K,  77% used [0x00000000e5560000, 0x00000000e65e6560, 0x00000000e6ab0000)
  to   space 21824K,   0% used [0x00000000e6ab0000, 0x00000000e6ab0000, 0x00000000e8000000)
 concurrent mark-sweep generation total 393216K, used 176510K [0x00000000e8000000, 0x0000000100000000, 0x0000000100000000)
 Metaspace       used 36820K, capacity 37258K, committed 37732K, reserved 1083392K
  class space    used 3996K, capacity 4151K, committed 4196K, reserved 1048576K
2016-05-12T13:49:35.866+0100: 15376.878: [GC (Allocation Failure) 2016-05-12T13:49:35.866+0100: 15376.878: [ParNew
Desired survivor size 20112992 bytes, new threshold 8 (max 8)
- age   1:    9358176 bytes,    9358176 total
- age   2:      43336 bytes,    9401512 total
- age   3:     367232 bytes,    9768744 total
- age   4:    8074208 bytes,   17842952 total
- age   5:     551192 bytes,   18394144 total
: 98258K->18597K(109248K), 0.0176875 secs] 274769K->195108K(502464K), 0.0178588 secs] [Times: user=0.03 sys=0.00, real=0.02 secs] 
Heap after GC invocations=149 (full 2):
 par new generation   total 109248K, used 18597K [0x00000000e0000000, 0x00000000e8000000, 0x00000000e8000000)
  eden space 87424K,   0% used [0x00000000e0000000, 0x00000000e0000000, 0x00000000e5560000)
  from space 21824K,  85% used [0x00000000e6ab0000, 0x00000000e7cd96e0, 0x00000000e8000000)
  to   space 21824K,   0% used [0x00000000e5560000, 0x00000000e5560000, 0x00000000e6ab0000)
 concurrent mark-sweep generation total 393216K, used 176510K [0x00000000e8000000, 0x0000000100000000, 0x0000000100000000)
 Metaspace       used 36820K, capacity 37258K, committed 37732K, reserved 1083392K
  class space    used 3996K, capacity 4151K, committed 4196K, reserved 1048576K
}
2016-05-12T13:49:35.884+0100: 15376.896: Total time for which application threads were stopped: 0.0183745 seconds, Stopping threads took: 0.0000719 seconds
2016-05-12T13:49:46.916+0100: 15387.927: Total time for which application threads were stopped: 0.0001635 seconds, Stopping threads took: 0.0000529 seconds
{Heap before GC invocations=149 (full 2):
 par new generation   total 109248K, used 105644K [0x00000000e0000000, 0x00000000e8000000, 0x00000000e8000000)
  eden space 87424K,  99% used [0x00000000e0000000, 0x00000000e5501930, 0x00000000e5560000)
  from space 21824K,  85% used [0x00000000e6ab0000, 0x00000000e7cd96e0, 0x00000000e8000000)
  to   space 21824K,   0% used [0x00000000e5560000, 0x00000000e5560000, 0x00000000e6ab0000)
 concurrent mark-sweep generation total 393216K, used 176510K [0x00000000e8000000, 0x0000000100000000, 0x0000000100000000)
 Metaspace       used 36820K, capacity 37258K, committed 37732K, reserved 1083392K
  class space    used 3996K, capacity 4151K, committed 4196K, reserved 1048576K
2016-05-12T13:49:48.082+0100: 15389.094: [GC (Allocation Failure) 2016-05-12T13:49:48.083+0100: 15389.094: [ParNew
Desired survivor size 20112992 bytes, new threshold 8 (max 8)
- age   1:      46176 bytes,      46176 total
- age   2:      61608 bytes,     107784 total
- age   3:      43000 bytes,     150784 total
- age   4:     367232 bytes,     518016 total
- age   5:    8074208 bytes,    8592224 total
- age   6:     551192 bytes,    9143416 total
: 105644K->9718K(109248K), 0.0167557 secs] 282155K->186229K(502464K), 0.0170155 secs] [Times: user=0.01 sys=0.00, real=0.02 secs] 
Heap after GC invocations=150 (full 2):
 par new generation   total 109248K, used 9718K [0x00000000e0000000, 0x00000000e8000000, 0x00000000e8000000)
  eden space 87424K,   0% used [0x00000000e0000000, 0x00000000e0000000, 0x00000000e5560000)
  from space 21824K,  44% used [0x00000000e5560000, 0x00000000e5edda50, 0x00000000e6ab0000)
  to   space 21824K,   0% used [0x00000000e6ab0000, 0x00000000e6ab0000, 0x00000000e8000000)
 concurrent mark-sweep generation total 393216K, used 176510K [0x00000000e8000000, 0x0000000100000000, 0x0000000100000000)
 Metaspace       used 36820K, capacity 37258K, committed 37732K, reserved 1083392K
  class space    used 3996K, capacity 4151K, committed 4196K, reserved 1048576K
}
2016-05-12T13:49:48.100+0100: 15389.111: Total time for which application threads were stopped: 0.0177949 seconds, Stopping threads took: 0.0000734 seconds
2016-05-12T13:49:53.391+0100: 15394.402: Total time for which application threads were stopped: 0.0002274 seconds, Stopping threads took: 0.0000466 seconds
2016-05-12T13:49:53.391+0100: 15394.402: Total time for which application threads were stopped: 0.0001034 seconds, Stopping threads took: 0.0000213 seconds
{Heap before GC invocations=150 (full 2):
 par new generation   total 109248K, used 95059K [0x00000000e0000000, 0x00000000e8000000, 0x00000000e8000000)
  eden space 87424K,  97% used [0x00000000e0000000, 0x00000000e5357260, 0x00000000e5560000)
  from space 21824K,  44% used [0x00000000e5560000, 0x00000000e5edda50, 0x00000000e6ab0000)
  to   space 21824K,   0% used [0x00000000e6ab0000, 0x00000000e6ab0000, 0x00000000e8000000)
 concurrent mark-sweep generation total 393216K, used 176510K [0x00000000e8000000, 0x0000000100000000, 0x0000000100000000)
 Metaspace       used 36820K, capacity 37258K, committed 37732K, reserved 1083392K
  class space    used 3996K, capacity 4151K, committed 4196K, reserved 1048576K
2016-05-12T13:50:17.661+0100: 15418.673: [GC (Allocation Failure) 2016-05-12T13:50:17.661+0100: 15418.673: [ParNew
Desired survivor size 20112992 bytes, new threshold 8 (max 8)
- age   1:    1369424 bytes,    1369424 total
- age   2:      24240 bytes,    1393664 total
- age   3:      61608 bytes,    1455272 total
- age   4:      42640 bytes,    1497912 total
- age   5:     367232 bytes,    1865144 total
- age   6:    8074208 bytes,    9939352 total
- age   7:     551192 bytes,   10490544 total
: 95059K->10630K(109248K), 0.0130877 secs] 271570K->187141K(502464K), 0.0132591 secs] [Times: user=0.03 sys=0.00, real=0.01 secs] 
Heap after GC invocations=151 (full 2):
 par new generation   total 109248K, used 10630K [0x00000000e0000000, 0x00000000e8000000, 0x00000000e8000000)
  eden space 87424K,   0% used [0x00000000e0000000, 0x00000000e0000000, 0x00000000e5560000)
  from space 21824K,  48% used [0x00000000e6ab0000, 0x00000000e7511a68, 0x00000000e8000000)
  to   space 21824K,   0% used [0x00000000e5560000, 0x00000000e5560000, 0x00000000e6ab0000)
 concurrent mark-sweep generation total 393216K, used 176510K [0x00000000e8000000, 0x0000000100000000, 0x0000000100000000)
 Metaspace       used 36820K, capacity 37258K, committed 37732K, reserved 1083392K
  class space    used 3996K, capacity 4151K, committed 4196K, reserved 1048576K
}
2016-05-12T13:50:17.675+0100: 15418.686: Total time for which application threads were stopped: 0.0137589 seconds, Stopping threads took: 0.0000726 seconds
2016-05-12T13:50:19.334+0100: 15420.352: Total time for which application threads were stopped: 0.0001848 seconds, Stopping threads took: 0.0000466 seconds
2016-05-12T13:50:20.337+0100: 15421.348: Total time for which application threads were stopped: 0.0001753 seconds, Stopping threads took: 0.0000624 seconds
2016-05-12T13:50:25.225+0100: 15426.237: Total time for which application threads were stopped: 0.0002416 seconds, Stopping threads took: 0.0000632 seconds
2016-05-12T13:51:55.797+0100: 15516.809: Total time for which application threads were stopped: 0.0002243 seconds, Stopping threads took: 0.0000687 seconds
2016-05-12T13:52:05.380+0100: 15526.392: Total time for which application threads were stopped: 0.0001571 seconds, Stopping threads took: 0.0000403 seconds
2016-05-12T13:52:25.410+0100: 15546.423: Total time for which application threads were stopped: 0.0001745 seconds, Stopping threads took: 0.0000553 seconds
2016-05-12T13:52:25.410+0100: 15546.423: Total time for which application threads were stopped: 0.0000892 seconds, Stopping threads took: 0.0000276 seconds
2016-05-12T13:52:25.411+0100: 15546.424: Total time for which application threads were stopped: 0.0001556 seconds, Stopping threads took: 0.0000355 seconds
2016-05-12T13:52:25.452+0100: 15546.465: Total time for which application threads were stopped: 0.0003340 seconds, Stopping threads took: 0.0000505 seconds
{Heap before GC invocations=151 (full 2):
 par new generation   total 109248K, used 96896K [0x00000000e0000000, 0x00000000e8000000, 0x00000000e8000000)
  eden space 87424K,  98% used [0x00000000e0000000, 0x00000000e543e658, 0x00000000e5560000)
  from space 21824K,  48% used [0x00000000e6ab0000, 0x00000000e7511a68, 0x00000000e8000000)
  to   space 21824K,   0% used [0x00000000e5560000, 0x00000000e5560000, 0x00000000e6ab0000)
 concurrent mark-sweep generation total 393216K, used 176510K [0x00000000e8000000, 0x0000000100000000, 0x0000000100000000)
 Metaspace       used 36820K, capacity 37258K, committed 37732K, reserved 1083392K
  class space    used 3996K, capacity 4151K, committed 4196K, reserved 1048576K
2016-05-12T13:52:25.507+0100: 15546.521: [GC (Allocation Failure) 2016-05-12T13:52:25.507+0100: 15546.521: [ParNew
Desired survivor size 20112992 bytes, new threshold 8 (max 8)
- age   1:     163120 bytes,     163120 total
- age   2:       2856 bytes,     165976 total
- age   3:      24152 bytes,     190128 total
- age   4:      61608 bytes,     251736 total
- age   5:      42608 bytes,     294344 total
- age   6:     366976 bytes,     661320 total
- age   7:    8073776 bytes,    8735096 total
- age   8:     551192 bytes,    9286288 total
: 96896K->9682K(109248K), 0.0135915 secs] 273407K->186193K(502464K), 0.0137613 secs] [Times: user=0.03 sys=0.00, real=0.01 secs] 
Heap after GC invocations=152 (full 2):
 par new generation   total 109248K, used 9682K [0x00000000e0000000, 0x00000000e8000000, 0x00000000e8000000)
  eden space 87424K,   0% used [0x00000000e0000000, 0x00000000e0000000, 0x00000000e5560000)
  from space 21824K,  44% used [0x00000000e5560000, 0x00000000e5ed4bb0, 0x00000000e6ab0000)
  to   space 21824K,   0% used [0x00000000e6ab0000, 0x00000000e6ab0000, 0x00000000e8000000)
 concurrent mark-sweep generation total 393216K, used 176510K [0x00000000e8000000, 0x0000000100000000, 0x0000000100000000)
 Metaspace       used 36820K, capacity 37258K, committed 37732K, reserved 1083392K
  class space    used 3996K, capacity 4151K, committed 4196K, reserved 1048576K
}
2016-05-12T13:52:25.521+0100: 15546.535: Total time for which application threads were stopped: 0.0142398 seconds, Stopping threads took: 0.0000600 seconds
2016-05-12T13:52:27.158+0100: 15548.172: Total time for which application threads were stopped: 0.0001871 seconds, Stopping threads took: 0.0000592 seconds
2016-05-12T13:52:27.159+0100: 15548.172: Total time for which application threads were stopped: 0.0001098 seconds, Stopping threads took: 0.0000284 seconds
2016-05-12T13:52:27.160+0100: 15548.173: Total time for which application threads were stopped: 0.0001650 seconds, Stopping threads took: 0.0000403 seconds
2016-05-12T13:52:27.160+0100: 15548.174: Total time for which application threads were stopped: 0.0001058 seconds, Stopping threads took: 0.0000284 seconds
2016-05-12T13:52:27.160+0100: 15548.174: Total time for which application threads were stopped: 0.0001319 seconds, Stopping threads took: 0.0000261 seconds
2016-05-12T13:52:27.161+0100: 15548.174: Total time for which application threads were stopped: 0.0001216 seconds, Stopping threads took: 0.0000316 seconds
2016-05-12T13:52:28.425+0100: 15549.438: Total time for which application threads were stopped: 0.0002448 seconds, Stopping threads took: 0.0000608 seconds
{Heap before GC invocations=152 (full 2):
 par new generation   total 109248K, used 96552K [0x00000000e0000000, 0x00000000e8000000, 0x00000000e8000000)
  eden space 87424K,  99% used [0x00000000e0000000, 0x00000000e54d5820, 0x00000000e5560000)
  from space 21824K,  44% used [0x00000000e5560000, 0x00000000e5ed4bb0, 0x00000000e6ab0000)
  to   space 21824K,   0% used [0x00000000e6ab0000, 0x00000000e6ab0000, 0x00000000e8000000)
 concurrent mark-sweep generation total 393216K, used 176510K [0x00000000e8000000, 0x0000000100000000, 0x0000000100000000)
 Metaspace       used 36820K, capacity 37258K, committed 37732K, reserved 1083392K
  class space    used 3996K, capacity 4151K, committed 4196K, reserved 1048576K
2016-05-12T13:52:29.755+0100: 15550.768: [GC (Allocation Failure) 2016-05-12T13:52:29.755+0100: 15550.768: [ParNew
Desired survivor size 20112992 bytes, new threshold 8 (max 8)
- age   1:    3285776 bytes,    3285776 total
- age   2:     114920 bytes,    3400696 total
- age   3:       2616 bytes,    3403312 total
- age   4:      24152 bytes,    3427464 total
- age   5:      61608 bytes,    3489072 total
- age   6:      42608 bytes,    3531680 total
- age   7:     366976 bytes,    3898656 total
- age   8:    8073776 bytes,   11972432 total
: 96552K->12700K(109248K), 0.0163514 secs] 273063K->189749K(502464K), 0.0165212 secs] [Times: user=0.01 sys=0.00, real=0.02 secs] 
Heap after GC invocations=153 (full 2):
 par new generation   total 109248K, used 12700K [0x00000000e0000000, 0x00000000e8000000, 0x00000000e8000000)
  eden space 87424K,   0% used [0x00000000e0000000, 0x00000000e0000000, 0x00000000e5560000)
  from space 21824K,  58% used [0x00000000e6ab0000, 0x00000000e7717060, 0x00000000e8000000)
  to   space 21824K,   0% used [0x00000000e5560000, 0x00000000e5560000, 0x00000000e6ab0000)
 concurrent mark-sweep generation total 393216K, used 177049K [0x00000000e8000000, 0x0000000100000000, 0x0000000100000000)
 Metaspace       used 36820K, capacity 37258K, committed 37732K, reserved 1083392K
  class space    used 3996K, capacity 4151K, committed 4196K, reserved 1048576K
}
2016-05-12T13:52:29.771+0100: 15550.785: Total time for which application threads were stopped: 0.0169981 seconds, Stopping threads took: 0.0000655 seconds
{Heap before GC invocations=153 (full 2):
 par new generation   total 109248K, used 96756K [0x00000000e0000000, 0x00000000e8000000, 0x00000000e8000000)
  eden space 87424K,  96% used [0x00000000e0000000, 0x00000000e5216300, 0x00000000e5560000)
  from space 21824K,  58% used [0x00000000e6ab0000, 0x00000000e7717060, 0x00000000e8000000)
  to   space 21824K,   0% used [0x00000000e5560000, 0x00000000e5560000, 0x00000000e6ab0000)
 concurrent mark-sweep generation total 393216K, used 177049K [0x00000000e8000000, 0x0000000100000000, 0x0000000100000000)
 Metaspace       used 36820K, capacity 37258K, committed 37732K, reserved 1083392K
  class space    used 3996K, capacity 4151K, committed 4196K, reserved 1048576K
2016-05-12T13:52:33.803+0100: 15554.817: [GC (Allocation Failure) 2016-05-12T13:52:33.803+0100: 15554.817: [ParNew
Desired survivor size 20112992 bytes, new threshold 8 (max 8)
- age   1:    9051112 bytes,    9051112 total
- age   2:      22272 bytes,    9073384 total
- age   3:     114840 bytes,    9188224 total
- age   4:       2616 bytes,    9190840 total
- age   5:      24152 bytes,    9214992 total
- age   6:      61608 bytes,    9276600 total
- age   7:      42608 bytes,    9319208 total
- age   8:     366760 bytes,    9685968 total
: 96756K->10132K(109248K), 0.3448944 secs] 273806K->195066K(502464K), 0.3450523 secs] [Times: user=0.69 sys=0.00, real=0.35 secs] 
Heap after GC invocations=154 (full 2):
 par new generation   total 109248K, used 10132K [0x00000000e0000000, 0x00000000e8000000, 0x00000000e8000000)
  eden space 87424K,   0% used [0x00000000e0000000, 0x00000000e0000000, 0x00000000e5560000)
  from space 21824K,  46% used [0x00000000e5560000, 0x00000000e5f451f8, 0x00000000e6ab0000)
  to   space 21824K,   0% used [0x00000000e6ab0000, 0x00000000e6ab0000, 0x00000000e8000000)
 concurrent mark-sweep generation total 393216K, used 184933K [0x00000000e8000000, 0x0000000100000000, 0x0000000100000000)
 Metaspace       used 36820K, capacity 37258K, committed 37732K, reserved 1083392K
  class space    used 3996K, capacity 4151K, committed 4196K, reserved 1048576K
}
2016-05-12T13:52:34.148+0100: 15555.162: Total time for which application threads were stopped: 0.3455159 seconds, Stopping threads took: 0.0000569 seconds
2016-05-12T13:54:14.280+0100: 15655.296: Total time for which application threads were stopped: 0.0002385 seconds, Stopping threads took: 0.0000679 seconds
2016-05-12T13:57:55.548+0100: 15876.570: Total time for which application threads were stopped: 0.0001927 seconds, Stopping threads took: 0.0000482 seconds
2016-05-12T13:57:55.549+0100: 15876.570: Total time for which application threads were stopped: 0.0000877 seconds, Stopping threads took: 0.0000213 seconds
2016-05-12T13:57:55.550+0100: 15876.572: Total time for which application threads were stopped: 0.0002464 seconds, Stopping threads took: 0.0000426 seconds
2016-05-12T13:57:56.331+0100: 15877.352: Total time for which application threads were stopped: 0.0002037 seconds, Stopping threads took: 0.0000608 seconds
2016-05-12T13:57:56.331+0100: 15877.353: Total time for which application threads were stopped: 0.0000971 seconds, Stopping threads took: 0.0000284 seconds
2016-05-12T13:57:56.332+0100: 15877.353: Total time for which application threads were stopped: 0.0001587 seconds, Stopping threads took: 0.0000347 seconds
2016-05-12T13:58:07.353+0100: 15888.376: Total time for which application threads were stopped: 0.0001611 seconds, Stopping threads took: 0.0000513 seconds
2016-05-12T13:58:08.353+0100: 15889.376: Total time for which application threads were stopped: 0.0001564 seconds, Stopping threads took: 0.0000482 seconds
2016-05-12T13:58:12.353+0100: 15893.376: Total time for which application threads were stopped: 0.0001579 seconds, Stopping threads took: 0.0000505 seconds
2016-05-12T13:58:13.353+0100: 15894.377: Total time for which application threads were stopped: 0.0001871 seconds, Stopping threads took: 0.0000521 seconds
{Heap before GC invocations=154 (full 2):
 par new generation   total 109248K, used 97556K [0x00000000e0000000, 0x00000000e8000000, 0x00000000e8000000)
  eden space 87424K, 100% used [0x00000000e0000000, 0x00000000e5560000, 0x00000000e5560000)
  from space 21824K,  46% used [0x00000000e5560000, 0x00000000e5f451f8, 0x00000000e6ab0000)
  to   space 21824K,   0% used [0x00000000e6ab0000, 0x00000000e6ab0000, 0x00000000e8000000)
 concurrent mark-sweep generation total 393216K, used 184933K [0x00000000e8000000, 0x0000000100000000, 0x0000000100000000)
 Metaspace       used 36823K, capacity 37258K, committed 37732K, reserved 1083392K
  class space    used 3996K, capacity 4151K, committed 4196K, reserved 1048576K
2016-05-12T13:58:13.563+0100: 15894.587: [GC (Allocation Failure) 2016-05-12T13:58:13.563+0100: 15894.587: [ParNew
Desired survivor size 20112992 bytes, new threshold 8 (max 8)
- age   1:     992016 bytes,     992016 total
- age   2:      24448 bytes,    1016464 total
- age   3:      21688 bytes,    1038152 total
- age   4:     102376 bytes,    1140528 total
- age   5:       2616 bytes,    1143144 total
- age   6:      23936 bytes,    1167080 total
- age   7:      61392 bytes,    1228472 total
- age   8:      42608 bytes,    1271080 total
: 97556K->1425K(109248K), 0.0152151 secs] 282490K->186719K(502464K), 0.0154164 secs] [Times: user=0.03 sys=0.00, real=0.02 secs] 
Heap after GC invocations=155 (full 2):
 par new generation   total 109248K, used 1425K [0x00000000e0000000, 0x00000000e8000000, 0x00000000e8000000)
  eden space 87424K,   0% used [0x00000000e0000000, 0x00000000e0000000, 0x00000000e5560000)
  from space 21824K,   6% used [0x00000000e6ab0000, 0x00000000e6c14540, 0x00000000e8000000)
  to   space 21824K,   0% used [0x00000000e5560000, 0x00000000e5560000, 0x00000000e6ab0000)
 concurrent mark-sweep generation total 393216K, used 185294K [0x00000000e8000000, 0x0000000100000000, 0x0000000100000000)
 Metaspace       used 36823K, capacity 37258K, committed 37732K, reserved 1083392K
  class space    used 3996K, capacity 4151K, committed 4196K, reserved 1048576K
}
2016-05-12T13:58:13.578+0100: 15894.602: Total time for which application threads were stopped: 0.0159763 seconds, Stopping threads took: 0.0000521 seconds
2016-05-12T13:58:27.579+0100: 15908.602: Total time for which application threads were stopped: 0.0001619 seconds, Stopping threads took: 0.0000505 seconds
2016-05-12T13:58:35.580+0100: 15916.604: Total time for which application threads were stopped: 0.0001824 seconds, Stopping threads took: 0.0000529 seconds
{Heap before GC invocations=155 (full 2):
 par new generation   total 109248K, used 88849K [0x00000000e0000000, 0x00000000e8000000, 0x00000000e8000000)
  eden space 87424K, 100% used [0x00000000e0000000, 0x00000000e5560000, 0x00000000e5560000)
  from space 21824K,   6% used [0x00000000e6ab0000, 0x00000000e6c14540, 0x00000000e8000000)
  to   space 21824K,   0% used [0x00000000e5560000, 0x00000000e5560000, 0x00000000e6ab0000)
 concurrent mark-sweep generation total 393216K, used 185294K [0x00000000e8000000, 0x0000000100000000, 0x0000000100000000)
 Metaspace       used 36842K, capacity 37322K, committed 37732K, reserved 1083392K
  class space    used 3996K, capacity 4151K, committed 4196K, reserved 1048576K
2016-05-12T13:58:37.331+0100: 15918.354: [GC (Allocation Failure) 2016-05-12T13:58:37.331+0100: 15918.354: [ParNew
Desired survivor size 20112992 bytes, new threshold 8 (max 8)
- age   1:     787848 bytes,     787848 total
- age   2:      17360 bytes,     805208 total
- age   3:      24448 bytes,     829656 total
- age   4:      21688 bytes,     851344 total
- age   5:     102376 bytes,     953720 total
- age   6:       2616 bytes,     956336 total
- age   7:      23936 bytes,     980272 total
- age   8:      61392 bytes,    1041664 total
: 88849K->1629K(109248K), 0.0555191 secs] 274143K->186964K(502464K), 0.0556746 secs] [Times: user=0.09 sys=0.00, real=0.05 secs] 
Heap after GC invocations=156 (full 2):
 par new generation   total 109248K, used 1629K [0x00000000e0000000, 0x00000000e8000000, 0x00000000e8000000)
  eden space 87424K,   0% used [0x00000000e0000000, 0x00000000e0000000, 0x00000000e5560000)
  from space 21824K,   7% used [0x00000000e5560000, 0x00000000e56f7538, 0x00000000e6ab0000)
  to   space 21824K,   0% used [0x00000000e6ab0000, 0x00000000e6ab0000, 0x00000000e8000000)
 concurrent mark-sweep generation total 393216K, used 185335K [0x00000000e8000000, 0x0000000100000000, 0x0000000100000000)
 Metaspace       used 36842K, capacity 37322K, committed 37732K, reserved 1083392K
  class space    used 3996K, capacity 4151K, committed 4196K, reserved 1048576K
}
2016-05-12T13:58:37.387+0100: 15918.410: Total time for which application threads were stopped: 0.0561855 seconds, Stopping threads took: 0.0000545 seconds
2016-05-12T14:00:18.809+0100: 16019.838: Total time for which application threads were stopped: 0.0002124 seconds, Stopping threads took: 0.0000513 seconds
2016-05-12T14:00:18.820+0100: 16019.849: Total time for which application threads were stopped: 0.0001698 seconds, Stopping threads took: 0.0000537 seconds
2016-05-12T14:00:18.821+0100: 16019.850: Total time for which application threads were stopped: 0.0000900 seconds, Stopping threads took: 0.0000284 seconds
2016-05-12T14:00:18.822+0100: 16019.851: Total time for which application threads were stopped: 0.0001793 seconds, Stopping threads took: 0.0000332 seconds
2016-05-12T14:00:18.823+0100: 16019.852: Total time for which application threads were stopped: 0.0001587 seconds, Stopping threads took: 0.0000521 seconds
2016-05-12T14:00:18.824+0100: 16019.853: Total time for which application threads were stopped: 0.0001263 seconds, Stopping threads took: 0.0000458 seconds
2016-05-12T14:00:18.892+0100: 16019.921: Total time for which application threads were stopped: 0.0001777 seconds, Stopping threads took: 0.0000513 seconds
2016-05-12T14:00:18.893+0100: 16019.921: Total time for which application threads were stopped: 0.0001050 seconds, Stopping threads took: 0.0000308 seconds
2016-05-12T14:00:18.893+0100: 16019.922: Total time for which application threads were stopped: 0.0001777 seconds, Stopping threads took: 0.0000387 seconds
2016-05-12T14:00:18.896+0100: 16019.925: Total time for which application threads were stopped: 0.0002022 seconds, Stopping threads took: 0.0000640 seconds
2016-05-12T14:00:18.896+0100: 16019.925: Total time for which application threads were stopped: 0.0001106 seconds, Stopping threads took: 0.0000363 seconds
2016-05-12T14:00:18.913+0100: 16019.942: Total time for which application threads were stopped: 0.0002456 seconds, Stopping threads took: 0.0000624 seconds
2016-05-12T14:00:18.952+0100: 16019.981: Total time for which application threads were stopped: 0.0197627 seconds, Stopping threads took: 0.0195771 seconds
2016-05-12T14:00:18.986+0100: 16020.015: Total time for which application threads were stopped: 0.0002148 seconds, Stopping threads took: 0.0000474 seconds
2016-05-12T14:00:18.987+0100: 16020.016: Total time for which application threads were stopped: 0.0001437 seconds, Stopping threads took: 0.0000387 seconds
2016-05-12T14:00:18.988+0100: 16020.017: Total time for which application threads were stopped: 0.0006578 seconds, Stopping threads took: 0.0000379 seconds
2016-05-12T14:00:19.082+0100: 16020.111: Total time for which application threads were stopped: 0.0002432 seconds, Stopping threads took: 0.0000584 seconds
{Heap before GC invocations=156 (full 2):
 par new generation   total 109248K, used 83541K [0x00000000e0000000, 0x00000000e8000000, 0x00000000e8000000)
  eden space 87424K,  93% used [0x00000000e0000000, 0x00000000e4ffe270, 0x00000000e5560000)
  from space 21824K,   7% used [0x00000000e5560000, 0x00000000e56f7538, 0x00000000e6ab0000)
  to   space 21824K,   0% used [0x00000000e6ab0000, 0x00000000e6ab0000, 0x00000000e8000000)
 concurrent mark-sweep generation total 393216K, used 185335K [0x00000000e8000000, 0x0000000100000000, 0x0000000100000000)
 Metaspace       used 36867K, capacity 37386K, committed 37732K, reserved 1083392K
  class space    used 3996K, capacity 4151K, committed 4196K, reserved 1048576K
2016-05-12T14:00:19.236+0100: 16020.265: [GC (Allocation Failure) 2016-05-12T14:00:19.236+0100: 16020.265: [ParNew
Desired survivor size 20112992 bytes, new threshold 8 (max 8)
- age   1:    8043112 bytes,    8043112 total
- age   2:      15624 bytes,    8058736 total
- age   3:       4768 bytes,    8063504 total
- age   4:      24416 bytes,    8087920 total
- age   5:      21688 bytes,    8109608 total
- age   6:     102336 bytes,    8211944 total
- age   7:       2616 bytes,    8214560 total
- age   8:      23904 bytes,    8238464 total
: 83541K->8306K(109248K), 0.0897751 secs] 268877K->193701K(502464K), 0.0898991 secs] [Times: user=0.16 sys=0.00, real=0.09 secs] 
Heap after GC invocations=157 (full 2):
 par new generation   total 109248K, used 8306K [0x00000000e0000000, 0x00000000e8000000, 0x00000000e8000000)
  eden space 87424K,   0% used [0x00000000e0000000, 0x00000000e0000000, 0x00000000e5560000)
  from space 21824K,  38% used [0x00000000e6ab0000, 0x00000000e72cc8e0, 0x00000000e8000000)
  to   space 21824K,   0% used [0x00000000e5560000, 0x00000000e5560000, 0x00000000e6ab0000)
 concurrent mark-sweep generation total 393216K, used 185395K [0x00000000e8000000, 0x0000000100000000, 0x0000000100000000)
 Metaspace       used 36867K, capacity 37386K, committed 37732K, reserved 1083392K
  class space    used 3996K, capacity 4151K, committed 4196K, reserved 1048576K
}
2016-05-12T14:00:19.326+0100: 16020.355: Total time for which application threads were stopped: 0.0905047 seconds, Stopping threads took: 0.0000632 seconds
2016-05-12T14:00:19.750+0100: 16020.779: Total time for which application threads were stopped: 0.0002219 seconds, Stopping threads took: 0.0000490 seconds
{Heap before GC invocations=157 (full 2):
 par new generation   total 109248K, used 95685K [0x00000000e0000000, 0x00000000e8000000, 0x00000000e8000000)
  eden space 87424K,  99% used [0x00000000e0000000, 0x00000000e5554ed0, 0x00000000e5560000)
  from space 21824K,  38% used [0x00000000e6ab0000, 0x00000000e72cc8e0, 0x00000000e8000000)
  to   space 21824K,   0% used [0x00000000e5560000, 0x00000000e5560000, 0x00000000e6ab0000)
 concurrent mark-sweep generation total 393216K, used 185395K [0x00000000e8000000, 0x0000000100000000, 0x0000000100000000)
 Metaspace       used 36875K, capacity 37390K, committed 37732K, reserved 1083392K
  class space    used 3996K, capacity 4151K, committed 4196K, reserved 1048576K
2016-05-12T14:00:19.804+0100: 16020.833: [GC (Allocation Failure) 2016-05-12T14:00:19.804+0100: 16020.833: [ParNew
Desired survivor size 20112992 bytes, new threshold 8 (max 8)
- age   1:   12576296 bytes,   12576296 total
- age   2:    2063920 bytes,   14640216 total
- age   3:      12168 bytes,   14652384 total
- age   4:       4768 bytes,   14657152 total
- age   5:      24416 bytes,   14681568 total
- age   6:      21688 bytes,   14703256 total
- age   7:     102304 bytes,   14805560 total
- age   8:       2616 bytes,   14808176 total
: 95685K->15666K(109248K), 0.0183508 secs] 281081K->201085K(502464K), 0.0185198 secs] [Times: user=0.03 sys=0.00, real=0.02 secs] 
Heap after GC invocations=158 (full 2):
 par new generation   total 109248K, used 15666K [0x00000000e0000000, 0x00000000e8000000, 0x00000000e8000000)
  eden space 87424K,   0% used [0x00000000e0000000, 0x00000000e0000000, 0x00000000e5560000)
  from space 21824K,  71% used [0x00000000e5560000, 0x00000000e64ac938, 0x00000000e6ab0000)
  to   space 21824K,   0% used [0x00000000e6ab0000, 0x00000000e6ab0000, 0x00000000e8000000)
 concurrent mark-sweep generation total 393216K, used 185419K [0x00000000e8000000, 0x0000000100000000, 0x0000000100000000)
 Metaspace       used 36875K, capacity 37390K, committed 37732K, reserved 1083392K
  class space    used 3996K, capacity 4151K, committed 4196K, reserved 1048576K
}
2016-05-12T14:00:19.823+0100: 16020.852: Total time for which application threads were stopped: 0.0189675 seconds, Stopping threads took: 0.0000474 seconds
{Heap before GC invocations=158 (full 2):
 par new generation   total 109248K, used 99218K [0x00000000e0000000, 0x00000000e8000000, 0x00000000e8000000)
  eden space 87424K,  95% used [0x00000000e0000000, 0x00000000e51980e0, 0x00000000e5560000)
  from space 21824K,  71% used [0x00000000e5560000, 0x00000000e64ac938, 0x00000000e6ab0000)
  to   space 21824K,   0% used [0x00000000e6ab0000, 0x00000000e6ab0000, 0x00000000e8000000)
 concurrent mark-sweep generation total 393216K, used 185419K [0x00000000e8000000, 0x0000000100000000, 0x0000000100000000)
 Metaspace       used 36877K, capacity 37390K, committed 37732K, reserved 1083392K
  class space    used 3996K, capacity 4151K, committed 4196K, reserved 1048576K
2016-05-12T14:00:20.423+0100: 16021.452: [GC (Allocation Failure) 2016-05-12T14:00:20.423+0100: 16021.452: [ParNew
Desired survivor size 20112992 bytes, new threshold 8 (max 8)
- age   1:    9255152 bytes,    9255152 total
- age   2:    6152504 bytes,   15407656 total
- age   3:    2063920 bytes,   17471576 total
- age   4:      12168 bytes,   17483744 total
- age   5:       4768 bytes,   17488512 total
- age   6:      24416 bytes,   17512928 total
- age   7:      21688 bytes,   17534616 total
- age   8:     102304 bytes,   17636920 total
: 99218K->18889K(109248K), 0.0204836 secs] 284637K->207289K(502464K), 0.0206432 secs] [Times: user=0.03 sys=0.00, real=0.02 secs] 
Heap after GC invocations=159 (full 2):
 par new generation   total 109248K, used 18889K [0x00000000e0000000, 0x00000000e8000000, 0x00000000e8000000)
  eden space 87424K,   0% used [0x00000000e0000000, 0x00000000e0000000, 0x00000000e5560000)
  from space 21824K,  86% used [0x00000000e6ab0000, 0x00000000e7d22788, 0x00000000e8000000)
  to   space 21824K,   0% used [0x00000000e5560000, 0x00000000e5560000, 0x00000000e6ab0000)
 concurrent mark-sweep generation total 393216K, used 188399K [0x00000000e8000000, 0x0000000100000000, 0x0000000100000000)
 Metaspace       used 36877K, capacity 37390K, committed 37732K, reserved 1083392K
  class space    used 3996K, capacity 4151K, committed 4196K, reserved 1048576K
}
2016-05-12T14:00:20.444+0100: 16021.473: Total time for which application threads were stopped: 0.0217155 seconds, Stopping threads took: 0.0005741 seconds
{Heap before GC invocations=159 (full 2):
 par new generation   total 109248K, used 106313K [0x00000000e0000000, 0x00000000e8000000, 0x00000000e8000000)
  eden space 87424K, 100% used [0x00000000e0000000, 0x00000000e5560000, 0x00000000e5560000)
  from space 21824K,  86% used [0x00000000e6ab0000, 0x00000000e7d22788, 0x00000000e8000000)
  to   space 21824K,   0% used [0x00000000e5560000, 0x00000000e5560000, 0x00000000e6ab0000)
 concurrent mark-sweep generation total 393216K, used 188399K [0x00000000e8000000, 0x0000000100000000, 0x0000000100000000)
 Metaspace       used 36896K, capacity 37390K, committed 37732K, reserved 1083392K
  class space    used 3996K, capacity 4151K, committed 4196K, reserved 1048576K
2016-05-12T14:00:20.974+0100: 16022.003: [GC (Allocation Failure) 2016-05-12T14:00:20.974+0100: 16022.003: [ParNew
Desired survivor size 20112992 bytes, new threshold 4 (max 8)
- age   1:    7457648 bytes,    7457648 total
- age   2:    4578264 bytes,   12035912 total
- age   3:    6073744 bytes,   18109656 total
- age   4:    2055168 bytes,   20164824 total
- age   5:      12168 bytes,   20176992 total
- age   6:       4768 bytes,   20181760 total
- age   7:      24416 bytes,   20206176 total
- age   8:      21688 bytes,   20227864 total
: 106313K->21824K(109248K), 0.1665753 secs] 294713K->219266K(502464K), 0.1667333 secs] [Times: user=0.30 sys=0.00, real=0.17 secs] 
Heap after GC invocations=160 (full 2):
 par new generation   total 109248K, used 21824K [0x00000000e0000000, 0x00000000e8000000, 0x00000000e8000000)
  eden space 87424K,   0% used [0x00000000e0000000, 0x00000000e0000000, 0x00000000e5560000)
  from space 21824K, 100% used [0x00000000e5560000, 0x00000000e6ab0000, 0x00000000e6ab0000)
  to   space 21824K,   0% used [0x00000000e6ab0000, 0x00000000e6ab0000, 0x00000000e8000000)
 concurrent mark-sweep generation total 393216K, used 197442K [0x00000000e8000000, 0x0000000100000000, 0x0000000100000000)
 Metaspace       used 36896K, capacity 37390K, committed 37732K, reserved 1083392K
  class space    used 3996K, capacity 4151K, committed 4196K, reserved 1048576K
}
2016-05-12T14:00:21.141+0100: 16022.170: Total time for which application threads were stopped: 0.1672244 seconds, Stopping threads took: 0.0000569 seconds
2016-05-12T14:00:21.141+0100: 16022.170: [GC (CMS Initial Mark) [1 CMS-initial-mark: 197442K(393216K)] 219276K(502464K), 0.0027591 secs] [Times: user=0.00 sys=0.00, real=0.00 secs] 
2016-05-12T14:00:21.144+0100: 16022.173: Total time for which application threads were stopped: 0.0030512 seconds, Stopping threads took: 0.0000734 seconds
2016-05-12T14:00:21.144+0100: 16022.173: [CMS-concurrent-mark-start]
2016-05-12T14:00:21.226+0100: 16022.255: [CMS-concurrent-mark: 0.082/0.082 secs] [Times: user=0.19 sys=0.00, real=0.08 secs] 
2016-05-12T14:00:21.226+0100: 16022.255: [CMS-concurrent-preclean-start]
2016-05-12T14:00:21.229+0100: 16022.258: [CMS-concurrent-preclean: 0.003/0.003 secs] [Times: user=0.00 sys=0.00, real=0.00 secs] 
2016-05-12T14:00:21.232+0100: 16022.261: [GC (CMS Final Remark) [YG occupancy: 23472 K (109248 K)]{Heap before GC invocations=160 (full 3):
 par new generation   total 109248K, used 23472K [0x00000000e0000000, 0x00000000e8000000, 0x00000000e8000000)
  eden space 87424K,   1% used [0x00000000e0000000, 0x00000000e019c130, 0x00000000e5560000)
  from space 21824K, 100% used [0x00000000e5560000, 0x00000000e6ab0000, 0x00000000e6ab0000)
  to   space 21824K,   0% used [0x00000000e6ab0000, 0x00000000e6ab0000, 0x00000000e8000000)
 concurrent mark-sweep generation total 393216K, used 197442K [0x00000000e8000000, 0x0000000100000000, 0x0000000100000000)
 Metaspace       used 36896K, capacity 37390K, committed 37732K, reserved 1083392K
  class space    used 3996K, capacity 4151K, committed 4196K, reserved 1048576K
2016-05-12T14:00:21.232+0100: 16022.261: [GC (CMS Final Remark) 2016-05-12T14:00:21.232+0100: 16022.261: [ParNew
Desired survivor size 20112992 bytes, new threshold 8 (max 8)
- age   1:       1232 bytes,       1232 total
- age   2:    4623000 bytes,    4624232 total
- age   3:    4578264 bytes,    9202496 total
- age   4:    6073744 bytes,   15276240 total
: 23472K->21824K(109248K), 0.0969538 secs] 220914K->224104K(502464K), 0.0970786 secs] [Times: user=0.11 sys=0.00, real=0.10 secs] 
Heap after GC invocations=161 (full 3):
 par new generation   total 109248K, used 21824K [0x00000000e0000000, 0x00000000e8000000, 0x00000000e8000000)
  eden space 87424K,   0% used [0x00000000e0000000, 0x00000000e0000000, 0x00000000e5560000)
  from space 21824K, 100% used [0x00000000e6ab0000, 0x00000000e8000000, 0x00000000e8000000)
  to   space 21824K,   0% used [0x00000000e5560000, 0x00000000e5560000, 0x00000000e6ab0000)
 concurrent mark-sweep generation total 393216K, used 202280K [0x00000000e8000000, 0x0000000100000000, 0x0000000100000000)
 Metaspace       used 36896K, capacity 37390K, committed 37732K, reserved 1083392K
  class space    used 3996K, capacity 4151K, committed 4196K, reserved 1048576K
}
2016-05-12T14:00:21.329+0100: 16022.359: [Rescan (parallel) , 0.0050072 secs]2016-05-12T14:00:21.335+0100: 16022.364: [weak refs processing, 0.0019078 secs]2016-05-12T14:00:21.336+0100: 16022.366: [class unloading, 0.0288808 secs]2016-05-12T14:00:21.365+0100: 16022.395: [scrub symbol table, 0.0163782 secs]2016-05-12T14:00:21.382+0100: 16022.411: [scrub string table, 0.0012911 secs][1 CMS-remark: 202280K(393216K)] 224104K(502464K), 0.1522581 secs] [Times: user=0.19 sys=0.00, real=0.15 secs] 
2016-05-12T14:00:21.384+0100: 16022.414: Total time for which application threads were stopped: 0.1525503 seconds, Stopping threads took: 0.0000466 seconds
2016-05-12T14:00:21.385+0100: 16022.414: [CMS-concurrent-sweep-start]
2016-05-12T14:00:21.434+0100: 16022.464: [CMS-concurrent-sweep: 0.050/0.050 secs] [Times: user=0.09 sys=0.00, real=0.05 secs] 
2016-05-12T14:00:21.435+0100: 16022.464: [CMS-concurrent-reset-start]
2016-05-12T14:00:21.437+0100: 16022.466: [CMS-concurrent-reset: 0.002/0.002 secs] [Times: user=0.00 sys=0.00, real=0.00 secs] 
{Heap before GC invocations=161 (full 3):
 par new generation   total 109248K, used 109142K [0x00000000e0000000, 0x00000000e8000000, 0x00000000e8000000)
  eden space 87424K,  99% used [0x00000000e0000000, 0x00000000e55459e0, 0x00000000e5560000)
  from space 21824K, 100% used [0x00000000e6ab0000, 0x00000000e8000000, 0x00000000e8000000)
  to   space 21824K,   0% used [0x00000000e5560000, 0x00000000e5560000, 0x00000000e6ab0000)
 concurrent mark-sweep generation total 393216K, used 37072K [0x00000000e8000000, 0x0000000100000000, 0x0000000100000000)
 Metaspace       used 36891K, capacity 37378K, committed 37732K, reserved 1083392K
  class space    used 3995K, capacity 4149K, committed 4196K, reserved 1048576K
2016-05-12T14:00:21.949+0100: 16022.978: [GC (Allocation Failure) 2016-05-12T14:00:21.949+0100: 16022.978: [ParNew
Desired survivor size 20112992 bytes, new threshold 5 (max 8)
- age   1:   14480888 bytes,   14480888 total
- age   3:     583152 bytes,   15064040 total
- age   4:    2690664 bytes,   17754704 total
- age   5:    4588560 bytes,   22343264 total
: 109142K->21824K(109248K), 0.0354397 secs] 146214K->71047K(502464K), 0.0355747 secs] [Times: user=0.06 sys=0.00, real=0.04 secs] 
Heap after GC invocations=162 (full 3):
 par new generation   total 109248K, used 21824K [0x00000000e0000000, 0x00000000e8000000, 0x00000000e8000000)
  eden space 87424K,   0% used [0x00000000e0000000, 0x00000000e0000000, 0x00000000e5560000)
  from space 21824K, 100% used [0x00000000e5560000, 0x00000000e6ab0000, 0x00000000e6ab0000)
  to   space 21824K,   0% used [0x00000000e6ab0000, 0x00000000e6ab0000, 0x00000000e8000000)
 concurrent mark-sweep generation total 393216K, used 49223K [0x00000000e8000000, 0x0000000100000000, 0x0000000100000000)
 Metaspace       used 36891K, capacity 37378K, committed 37732K, reserved 1083392K
  class space    used 3995K, capacity 4149K, committed 4196K, reserved 1048576K
}
2016-05-12T14:00:21.985+0100: 16023.014: Total time for which application threads were stopped: 0.0362570 seconds, Stopping threads took: 0.0000608 seconds
{Heap before GC invocations=162 (full 3):
 par new generation   total 109248K, used 109214K [0x00000000e0000000, 0x00000000e8000000, 0x00000000e8000000)
  eden space 87424K,  99% used [0x00000000e0000000, 0x00000000e5557b20, 0x00000000e5560000)
  from space 21824K, 100% used [0x00000000e5560000, 0x00000000e6ab0000, 0x00000000e6ab0000)
  to   space 21824K,   0% used [0x00000000e6ab0000, 0x00000000e6ab0000, 0x00000000e8000000)
 concurrent mark-sweep generation total 393216K, used 49223K [0x00000000e8000000, 0x0000000100000000, 0x0000000100000000)
 Metaspace       used 36891K, capacity 37378K, committed 37732K, reserved 1083392K
  class space    used 3995K, capacity 4149K, committed 4196K, reserved 1048576K
2016-05-12T14:00:22.500+0100: 16023.528: [GC (Allocation Failure) 2016-05-12T14:00:22.500+0100: 16023.528: [ParNew
Desired survivor size 20112992 bytes, new threshold 8 (max 8)
- age   1:    5985280 bytes,    5985280 total
- age   2:    8274416 bytes,   14259696 total
- age   4:     603280 bytes,   14862976 total
- age   5:    2690664 bytes,   17553640 total
: 109214K->21362K(109248K), 0.0305170 secs] 158438K->75067K(502464K), 0.0306813 secs] [Times: user=0.06 sys=0.00, real=0.03 secs] 
Heap after GC invocations=163 (full 3):
 par new generation   total 109248K, used 21362K [0x00000000e0000000, 0x00000000e8000000, 0x00000000e8000000)
  eden space 87424K,   0% used [0x00000000e0000000, 0x00000000e0000000, 0x00000000e5560000)
  from space 21824K,  97% used [0x00000000e6ab0000, 0x00000000e7f8cb30, 0x00000000e8000000)
  to   space 21824K,   0% used [0x00000000e5560000, 0x00000000e5560000, 0x00000000e6ab0000)
 concurrent mark-sweep generation total 393216K, used 53705K [0x00000000e8000000, 0x0000000100000000, 0x0000000100000000)
 Metaspace       used 36891K, capacity 37378K, committed 37732K, reserved 1083392K
  class space    used 3995K, capacity 4149K, committed 4196K, reserved 1048576K
}
2016-05-12T14:00:22.531+0100: 16023.559: Total time for which application threads were stopped: 0.0311282 seconds, Stopping threads took: 0.0000490 seconds
2016-05-12T14:00:22.865+0100: 16023.893: Total time for which application threads were stopped: 0.0002132 seconds, Stopping threads took: 0.0000576 seconds
2016-05-12T14:00:22.866+0100: 16023.894: Total time for which application threads were stopped: 0.0001540 seconds, Stopping threads took: 0.0000458 seconds
2016-05-12T14:00:22.879+0100: 16023.907: Total time for which application threads were stopped: 0.0002495 seconds, Stopping threads took: 0.0000505 seconds
2016-05-12T14:00:22.880+0100: 16023.908: Total time for which application threads were stopped: 0.0001508 seconds, Stopping threads took: 0.0000419 seconds
2016-05-12T14:00:23.880+0100: 16024.908: Total time for which application threads were stopped: 0.0001982 seconds, Stopping threads took: 0.0000474 seconds
2016-05-12T14:00:28.163+0100: 16029.191: Total time for which application threads were stopped: 0.0002637 seconds, Stopping threads took: 0.0000561 seconds
2016-05-12T14:00:28.166+0100: 16029.195: Total time for which application threads were stopped: 0.0001832 seconds, Stopping threads took: 0.0000395 seconds
2016-05-12T14:00:28.169+0100: 16029.198: Total time for which application threads were stopped: 0.0001271 seconds, Stopping threads took: 0.0000276 seconds
2016-05-12T14:00:28.169+0100: 16029.198: Total time for which application threads were stopped: 0.0000963 seconds, Stopping threads took: 0.0000205 seconds
2016-05-12T14:00:29.169+0100: 16030.197: Total time for which application threads were stopped: 0.0001982 seconds, Stopping threads took: 0.0000474 seconds
2016-05-12T14:00:55.952+0100: 16056.981: Total time for which application threads were stopped: 0.0002172 seconds, Stopping threads took: 0.0000553 seconds
{Heap before GC invocations=163 (full 3):
 par new generation   total 109248K, used 107427K [0x00000000e0000000, 0x00000000e8000000, 0x00000000e8000000)
  eden space 87424K,  98% used [0x00000000e0000000, 0x00000000e540c140, 0x00000000e5560000)
  from space 21824K,  97% used [0x00000000e6ab0000, 0x00000000e7f8cb30, 0x00000000e8000000)
  to   space 21824K,   0% used [0x00000000e5560000, 0x00000000e5560000, 0x00000000e6ab0000)
 concurrent mark-sweep generation total 393216K, used 53705K [0x00000000e8000000, 0x0000000100000000, 0x0000000100000000)
 Metaspace       used 36903K, capacity 37390K, committed 37732K, reserved 1083392K
  class space    used 3996K, capacity 4151K, committed 4196K, reserved 1048576K
2016-05-12T14:00:55.975+0100: 16057.004: [GC (Allocation Failure) 2016-05-12T14:00:55.975+0100: 16057.004: [ParNew
Desired survivor size 20112992 bytes, new threshold 6 (max 8)
- age   1:    3969976 bytes,    3969976 total
- age   2:    5904704 bytes,    9874680 total
- age   3:    8273624 bytes,   18148304 total
- age   5:     567792 bytes,   18716096 total
- age   6:    2690312 bytes,   21406408 total
: 107427K->21824K(109248K), 0.0222683 secs] 161132K->75686K(502464K), 0.0224215 secs] [Times: user=0.05 sys=0.00, real=0.02 secs] 
Heap after GC invocations=164 (full 3):
 par new generation   total 109248K, used 21824K [0x00000000e0000000, 0x00000000e8000000, 0x00000000e8000000)
  eden space 87424K,   0% used [0x00000000e0000000, 0x00000000e0000000, 0x00000000e5560000)
  from space 21824K, 100% used [0x00000000e5560000, 0x00000000e6ab0000, 0x00000000e6ab0000)
  to   space 21824K,   0% used [0x00000000e6ab0000, 0x00000000e6ab0000, 0x00000000e8000000)
 concurrent mark-sweep generation total 393216K, used 53862K [0x00000000e8000000, 0x0000000100000000, 0x0000000100000000)
 Metaspace       used 36903K, capacity 37390K, committed 37732K, reserved 1083392K
  class space    used 3996K, capacity 4151K, committed 4196K, reserved 1048576K
}
2016-05-12T14:00:55.997+0100: 16057.026: Total time for which application threads were stopped: 0.0229110 seconds, Stopping threads took: 0.0000663 seconds
2016-05-12T14:00:56.000+0100: 16057.029: Total time for which application threads were stopped: 0.0012019 seconds, Stopping threads took: 0.0008197 seconds
2016-05-12T14:00:57.000+0100: 16058.029: Total time for which application threads were stopped: 0.0001485 seconds, Stopping threads took: 0.0000458 seconds
2016-05-12T14:01:01.451+0100: 16062.479: Total time for which application threads were stopped: 0.0002029 seconds, Stopping threads took: 0.0000561 seconds
2016-05-12T14:01:01.451+0100: 16062.479: Total time for which application threads were stopped: 0.0001011 seconds, Stopping threads took: 0.0000276 seconds
2016-05-12T14:01:01.451+0100: 16062.480: Total time for which application threads were stopped: 0.0001595 seconds, Stopping threads took: 0.0000276 seconds
2016-05-12T14:01:01.452+0100: 16062.480: Total time for which application threads were stopped: 0.0003546 seconds, Stopping threads took: 0.0000450 seconds
2016-05-12T14:01:01.452+0100: 16062.480: Total time for which application threads were stopped: 0.0001271 seconds, Stopping threads took: 0.0000316 seconds
2016-05-12T14:01:01.458+0100: 16062.487: Total time for which application threads were stopped: 0.0002306 seconds, Stopping threads took: 0.0000600 seconds
{Heap before GC invocations=164 (full 3):
 par new generation   total 109248K, used 108474K [0x00000000e0000000, 0x00000000e8000000, 0x00000000e8000000)
  eden space 87424K,  99% used [0x00000000e0000000, 0x00000000e549eb28, 0x00000000e5560000)
  from space 21824K, 100% used [0x00000000e5560000, 0x00000000e6ab0000, 0x00000000e6ab0000)
  to   space 21824K,   0% used [0x00000000e6ab0000, 0x00000000e6ab0000, 0x00000000e8000000)
 concurrent mark-sweep generation total 393216K, used 53862K [0x00000000e8000000, 0x0000000100000000, 0x0000000100000000)
 Metaspace       used 36903K, capacity 37390K, committed 37732K, reserved 1083392K
  class space    used 3996K, capacity 4151K, committed 4196K, reserved 1048576K
2016-05-12T14:01:03.613+0100: 16064.641: [GC (Allocation Failure) 2016-05-12T14:01:03.613+0100: 16064.641: [ParNew
Desired survivor size 20112992 bytes, new threshold 8 (max 8)
- age   1:     580680 bytes,     580680 total
- age   2:    3923392 bytes,    4504072 total
- age   3:    5904488 bytes,   10408560 total
- age   4:    8273624 bytes,   18682184 total
- age   6:     567792 bytes,   19249976 total
: 108474K->21824K(109248K), 0.0272123 secs] 162337K->78313K(502464K), 0.0273813 secs] [Times: user=0.05 sys=0.00, real=0.03 secs] 
Heap after GC invocations=165 (full 3):
 par new generation   total 109248K, used 21824K [0x00000000e0000000, 0x00000000e8000000, 0x00000000e8000000)
  eden space 87424K,   0% used [0x00000000e0000000, 0x00000000e0000000, 0x00000000e5560000)
  from space 21824K, 100% used [0x00000000e6ab0000, 0x00000000e8000000, 0x00000000e8000000)
  to   space 21824K,   0% used [0x00000000e5560000, 0x00000000e5560000, 0x00000000e6ab0000)
 concurrent mark-sweep generation total 393216K, used 56489K [0x00000000e8000000, 0x0000000100000000, 0x0000000100000000)
 Metaspace       used 36903K, capacity 37390K, committed 37732K, reserved 1083392K
  class space    used 3996K, capacity 4151K, committed 4196K, reserved 1048576K
}
2016-05-12T14:01:03.640+0100: 16064.668: Total time for which application threads were stopped: 0.0278345 seconds, Stopping threads took: 0.0000466 seconds
2016-05-12T14:01:05.259+0100: 16066.287: Total time for which application threads were stopped: 0.0002156 seconds, Stopping threads took: 0.0000553 seconds
2016-05-12T14:01:06.259+0100: 16067.287: Total time for which application threads were stopped: 0.0001579 seconds, Stopping threads took: 0.0000529 seconds
2016-05-12T14:01:13.277+0100: 16074.306: Total time for which application threads were stopped: 0.0001856 seconds, Stopping threads took: 0.0000608 seconds
{Heap before GC invocations=165 (full 3):
 par new generation   total 109248K, used 104118K [0x00000000e0000000, 0x00000000e8000000, 0x00000000e8000000)
  eden space 87424K,  94% used [0x00000000e0000000, 0x00000000e505db18, 0x00000000e5560000)
  from space 21824K, 100% used [0x00000000e6ab0000, 0x00000000e8000000, 0x00000000e8000000)
  to   space 21824K,   0% used [0x00000000e5560000, 0x00000000e5560000, 0x00000000e6ab0000)
 concurrent mark-sweep generation total 393216K, used 56489K [0x00000000e8000000, 0x0000000100000000, 0x0000000100000000)
 Metaspace       used 36903K, capacity 37390K, committed 37732K, reserved 1083392K
  class space    used 3996K, capacity 4151K, committed 4196K, reserved 1048576K
2016-05-12T14:01:13.868+0100: 16074.897: [GC (Allocation Failure) 2016-05-12T14:01:13.868+0100: 16074.898: [ParNew
Desired survivor size 20112992 bytes, new threshold 5 (max 8)
- age   1:    6777104 bytes,    6777104 total
- age   2:      40952 bytes,    6818056 total
- age   3:    1262136 bytes,    8080192 total
- age   4:    5424320 bytes,   13504512 total
- age   5:    8273624 bytes,   21778136 total
- age   7:     567696 bytes,   22345832 total
: 104118K->21824K(109248K), 0.0253992 secs] 160608K->83844K(502464K), 0.0255311 secs] [Times: user=0.06 sys=0.00, real=0.03 secs] 
Heap after GC invocations=166 (full 3):
 par new generation   total 109248K, used 21824K [0x00000000e0000000, 0x00000000e8000000, 0x00000000e8000000)
  eden space 87424K,   0% used [0x00000000e0000000, 0x00000000e0000000, 0x00000000e5560000)
  from space 21824K, 100% used [0x00000000e5560000, 0x00000000e6ab0000, 0x00000000e6ab0000)
  to   space 21824K,   0% used [0x00000000e6ab0000, 0x00000000e6ab0000, 0x00000000e8000000)
 concurrent mark-sweep generation total 393216K, used 62020K [0x00000000e8000000, 0x0000000100000000, 0x0000000100000000)
 Metaspace       used 36903K, capacity 37390K, committed 37732K, reserved 1083392K
  class space    used 3996K, capacity 4151K, committed 4196K, reserved 1048576K
}
2016-05-12T14:01:13.894+0100: 16074.923: Total time for which application threads were stopped: 0.0260010 seconds, Stopping threads took: 0.0000569 seconds
2016-05-12T14:01:26.586+0100: 16087.615: Total time for which application threads were stopped: 0.0001966 seconds, Stopping threads took: 0.0000450 seconds
2016-05-12T14:01:26.586+0100: 16087.616: Total time for which application threads were stopped: 0.0001034 seconds, Stopping threads took: 0.0000221 seconds
2016-05-12T14:01:26.586+0100: 16087.616: Total time for which application threads were stopped: 0.0000979 seconds, Stopping threads took: 0.0000205 seconds
2016-05-12T14:01:35.540+0100: 16096.575: Total time for which application threads were stopped: 0.0001816 seconds, Stopping threads took: 0.0000403 seconds
2016-05-12T14:01:35.540+0100: 16096.575: Total time for which application threads were stopped: 0.0003064 seconds, Stopping threads took: 0.0000213 seconds
2016-05-12T14:01:36.546+0100: 16097.575: Total time for which application threads were stopped: 0.0001627 seconds, Stopping threads took: 0.0000561 seconds
{Heap before GC invocations=166 (full 3):
 par new generation   total 109248K, used 108843K [0x00000000e0000000, 0x00000000e8000000, 0x00000000e8000000)
  eden space 87424K,  99% used [0x00000000e0000000, 0x00000000e54faf10, 0x00000000e5560000)
  from space 21824K, 100% used [0x00000000e5560000, 0x00000000e6ab0000, 0x00000000e6ab0000)
  to   space 21824K,   0% used [0x00000000e6ab0000, 0x00000000e6ab0000, 0x00000000e8000000)
 concurrent mark-sweep generation total 393216K, used 62020K [0x00000000e8000000, 0x0000000100000000, 0x0000000100000000)
 Metaspace       used 36903K, capacity 37390K, committed 37732K, reserved 1083392K
  class space    used 3996K, capacity 4151K, committed 4196K, reserved 1048576K
2016-05-12T14:01:37.293+0100: 16098.322: [GC (Allocation Failure) 2016-05-12T14:01:37.293+0100: 16098.323: [ParNew
Desired survivor size 20112992 bytes, new threshold 8 (max 8)
- age   1:    1139288 bytes,    1139288 total
- age   2:       3056 bytes,    1142344 total
- age   3:      40736 bytes,    1183080 total
- age   4:    1261480 bytes,    2444560 total
- age   5:    5423888 bytes,    7868448 total
: 108843K->16193K(109248K), 0.0226228 secs] 170864K->86848K(502464K), 0.0228123 secs] [Times: user=0.03 sys=0.00, real=0.02 secs] 
Heap after GC invocations=167 (full 3):
 par new generation   total 109248K, used 16193K [0x00000000e0000000, 0x00000000e8000000, 0x00000000e8000000)
  eden space 87424K,   0% used [0x00000000e0000000, 0x00000000e0000000, 0x00000000e5560000)
  from space 21824K,  74% used [0x00000000e6ab0000, 0x00000000e7a80480, 0x00000000e8000000)
  to   space 21824K,   0% used [0x00000000e5560000, 0x00000000e5560000, 0x00000000e6ab0000)
 concurrent mark-sweep generation total 393216K, used 70654K [0x00000000e8000000, 0x0000000100000000, 0x0000000100000000)
 Metaspace       used 36903K, capacity 37390K, committed 37732K, reserved 1083392K
  class space    used 3996K, capacity 4151K, committed 4196K, reserved 1048576K
}
2016-05-12T14:01:37.316+0100: 16098.345: Total time for which application threads were stopped: 0.0232861 seconds, Stopping threads took: 0.0000482 seconds
2016-05-12T14:01:38.273+0100: 16099.312: Total time for which application threads were stopped: 0.0001816 seconds, Stopping threads took: 0.0000419 seconds
2016-05-12T14:01:38.273+0100: 16099.312: Total time for which application threads were stopped: 0.0001034 seconds, Stopping threads took: 0.0000221 seconds
2016-05-12T14:01:38.273+0100: 16099.312: Total time for which application threads were stopped: 0.0000955 seconds, Stopping threads took: 0.0000205 seconds
2016-05-12T14:01:38.273+0100: 16099.312: Total time for which application threads were stopped: 0.0000948 seconds, Stopping threads took: 0.0000197 seconds
2016-05-12T14:01:38.273+0100: 16099.312: Total time for which application threads were stopped: 0.0000955 seconds, Stopping threads took: 0.0000205 seconds
2016-05-12T14:01:38.283+0100: 16099.312: Total time for which application threads were stopped: 0.0000963 seconds, Stopping threads took: 0.0000205 seconds
2016-05-12T14:01:38.283+0100: 16099.313: Total time for which application threads were stopped: 0.0000995 seconds, Stopping threads took: 0.0000268 seconds
2016-05-12T14:01:38.283+0100: 16099.313: Total time for which application threads were stopped: 0.0001106 seconds, Stopping threads took: 0.0000292 seconds
2016-05-12T14:01:38.283+0100: 16099.313: Total time for which application threads were stopped: 0.0001058 seconds, Stopping threads took: 0.0000276 seconds
2016-05-12T14:01:38.284+0100: 16099.313: Total time for which application threads were stopped: 0.0001011 seconds, Stopping threads took: 0.0000253 seconds
{Heap before GC invocations=167 (full 3):
 par new generation   total 109248K, used 100961K [0x00000000e0000000, 0x00000000e8000000, 0x00000000e8000000)
  eden space 87424K,  96% used [0x00000000e0000000, 0x00000000e52c8318, 0x00000000e5560000)
  from space 21824K,  74% used [0x00000000e6ab0000, 0x00000000e7a80480, 0x00000000e8000000)
  to   space 21824K,   0% used [0x00000000e5560000, 0x00000000e5560000, 0x00000000e6ab0000)
 concurrent mark-sweep generation total 393216K, used 70654K [0x00000000e8000000, 0x0000000100000000, 0x0000000100000000)
 Metaspace       used 36906K, capacity 37390K, committed 37732K, reserved 1083392K
  class space    used 3996K, capacity 4151K, committed 4196K, reserved 1048576K
2016-05-12T14:01:40.648+0100: 16101.677: [GC (Allocation Failure) 2016-05-12T14:01:40.648+0100: 16101.678: [ParNew
Desired survivor size 20112992 bytes, new threshold 8 (max 8)
- age   1:    9304088 bytes,    9304088 total
- age   2:     145688 bytes,    9449776 total
- age   3:       3056 bytes,    9452832 total
- age   4:      40736 bytes,    9493568 total
- age   5:    1261264 bytes,   10754832 total
- age   6:    5423888 bytes,   16178720 total
: 100961K->17251K(109248K), 0.0150982 secs] 171616K->87906K(502464K), 0.0152719 secs] [Times: user=0.03 sys=0.00, real=0.02 secs] 
Heap after GC invocations=168 (full 3):
 par new generation   total 109248K, used 17251K [0x00000000e0000000, 0x00000000e8000000, 0x00000000e8000000)
  eden space 87424K,   0% used [0x00000000e0000000, 0x00000000e0000000, 0x00000000e5560000)
  from space 21824K,  79% used [0x00000000e5560000, 0x00000000e6638d08, 0x00000000e6ab0000)
  to   space 21824K,   0% used [0x00000000e6ab0000, 0x00000000e6ab0000, 0x00000000e8000000)
 concurrent mark-sweep generation total 393216K, used 70654K [0x00000000e8000000, 0x0000000100000000, 0x0000000100000000)
 Metaspace       used 36906K, capacity 37390K, committed 37732K, reserved 1083392K
  class space    used 3996K, capacity 4151K, committed 4196K, reserved 1048576K
}
2016-05-12T14:01:40.663+0100: 16101.693: Total time for which application threads were stopped: 0.0157276 seconds, Stopping threads took: 0.0000482 seconds
2016-05-12T14:01:45.609+0100: 16106.642: Total time for which application threads were stopped: 0.0030891 seconds, Stopping threads took: 0.0000695 seconds
2016-05-12T14:01:45.620+0100: 16106.650: Total time for which application threads were stopped: 0.0002519 seconds, Stopping threads took: 0.0000442 seconds
2016-05-12T14:01:46.629+0100: 16107.659: Total time for which application threads were stopped: 0.0001603 seconds, Stopping threads took: 0.0000497 seconds
{Heap before GC invocations=168 (full 3):
 par new generation   total 109248K, used 104545K [0x00000000e0000000, 0x00000000e8000000, 0x00000000e8000000)
  eden space 87424K,  99% used [0x00000000e0000000, 0x00000000e553f9c8, 0x00000000e5560000)
  from space 21824K,  79% used [0x00000000e5560000, 0x00000000e6638d08, 0x00000000e6ab0000)
  to   space 21824K,   0% used [0x00000000e6ab0000, 0x00000000e6ab0000, 0x00000000e8000000)
 concurrent mark-sweep generation total 393216K, used 70654K [0x00000000e8000000, 0x0000000100000000, 0x0000000100000000)
 Metaspace       used 36909K, capacity 37390K, committed 37732K, reserved 1083392K
  class space    used 3996K, capacity 4151K, committed 4196K, reserved 1048576K
2016-05-12T14:01:47.499+0100: 16108.529: [GC (Allocation Failure) 2016-05-12T14:01:47.499+0100: 16108.529: [ParNew
Desired survivor size 20112992 bytes, new threshold 8 (max 8)
- age   1:    3289192 bytes,    3289192 total
- age   2:      21896 bytes,    3311088 total
- age   3:     145576 bytes,    3456664 total
- age   4:       3056 bytes,    3459720 total
- age   5:      40736 bytes,    3500456 total
- age   6:    1260976 bytes,    4761432 total
- age   7:    5423888 bytes,   10185320 total
: 104545K->11971K(109248K), 0.0123431 secs] 175200K->82626K(502464K), 0.0126037 secs] [Times: user=0.03 sys=0.00, real=0.01 secs] 
Heap after GC invocations=169 (full 3):
 par new generation   total 109248K, used 11971K [0x00000000e0000000, 0x00000000e8000000, 0x00000000e8000000)
  eden space 87424K,   0% used [0x00000000e0000000, 0x00000000e0000000, 0x00000000e5560000)
  from space 21824K,  54% used [0x00000000e6ab0000, 0x00000000e7660e58, 0x00000000e8000000)
  to   space 21824K,   0% used [0x00000000e5560000, 0x00000000e5560000, 0x00000000e6ab0000)
 concurrent mark-sweep generation total 393216K, used 70654K [0x00000000e8000000, 0x0000000100000000, 0x0000000100000000)
 Metaspace       used 36909K, capacity 37390K, committed 37732K, reserved 1083392K
  class space    used 3996K, capacity 4151K, committed 4196K, reserved 1048576K
}
2016-05-12T14:01:47.511+0100: 16108.541: Total time for which application threads were stopped: 0.0130696 seconds, Stopping threads took: 0.0000497 seconds
2016-05-12T14:01:51.869+0100: 16112.907: Total time for which application threads were stopped: 0.0002100 seconds, Stopping threads took: 0.0000521 seconds
2016-05-12T14:02:02.889+0100: 16123.918: Total time for which application threads were stopped: 0.0001595 seconds, Stopping threads took: 0.0000513 seconds
2016-05-12T14:03:12.784+0100: 16193.816: Total time for which application threads were stopped: 0.0001690 seconds, Stopping threads took: 0.0000411 seconds
2016-05-12T14:03:32.178+0100: 16213.210: Total time for which application threads were stopped: 0.0001927 seconds, Stopping threads took: 0.0000600 seconds
2016-05-12T14:05:59.479+0100: 16360.518: Total time for which application threads were stopped: 0.0002385 seconds, Stopping threads took: 0.0000655 seconds
2016-05-12T14:05:59.481+0100: 16360.520: Total time for which application threads were stopped: 0.0017846 seconds, Stopping threads took: 0.0000205 seconds
2016-05-12T14:05:59.484+0100: 16360.523: Total time for which application threads were stopped: 0.0001966 seconds, Stopping threads took: 0.0000545 seconds
2016-05-12T14:05:59.536+0100: 16360.575: Total time for which application threads were stopped: 0.0003309 seconds, Stopping threads took: 0.0000561 seconds
{Heap before GC invocations=169 (full 3):
 par new generation   total 109248K, used 95400K [0x00000000e0000000, 0x00000000e8000000, 0x00000000e8000000)
  eden space 87424K,  95% used [0x00000000e0000000, 0x00000000e5179488, 0x00000000e5560000)
  from space 21824K,  54% used [0x00000000e6ab0000, 0x00000000e7660e58, 0x00000000e8000000)
  to   space 21824K,   0% used [0x00000000e5560000, 0x00000000e5560000, 0x00000000e6ab0000)
 concurrent mark-sweep generation total 393216K, used 70654K [0x00000000e8000000, 0x0000000100000000, 0x0000000100000000)
 Metaspace       used 36909K, capacity 37390K, committed 37732K, reserved 1083392K
  class space    used 3996K, capacity 4151K, committed 4196K, reserved 1048576K
2016-05-12T14:05:59.598+0100: 16360.637: [GC (Allocation Failure) 2016-05-12T14:05:59.598+0100: 16360.637: [ParNew
Desired survivor size 20112992 bytes, new threshold 8 (max 8)
- age   1:    8422856 bytes,    8422856 total
- age   2:      26384 bytes,    8449240 total
- age   3:      21656 bytes,    8470896 total
- age   4:     145152 bytes,    8616048 total
- age   5:       2752 bytes,    8618800 total
- age   6:      40704 bytes,    8659504 total
- age   7:    1260976 bytes,    9920480 total
- age   8:    5423888 bytes,   15344368 total
: 95400K->17368K(109248K), 0.0165322 secs] 166055K->88023K(502464K), 0.0167533 secs] [Times: user=0.03 sys=0.00, real=0.02 secs] 
Heap after GC invocations=170 (full 3):
 par new generation   total 109248K, used 17368K [0x00000000e0000000, 0x00000000e8000000, 0x00000000e8000000)
  eden space 87424K,   0% used [0x00000000e0000000, 0x00000000e0000000, 0x00000000e5560000)
  from space 21824K,  79% used [0x00000000e5560000, 0x00000000e66562c0, 0x00000000e6ab0000)
  to   space 21824K,   0% used [0x00000000e6ab0000, 0x00000000e6ab0000, 0x00000000e8000000)
 concurrent mark-sweep generation total 393216K, used 70654K [0x00000000e8000000, 0x0000000100000000, 0x0000000100000000)
 Metaspace       used 36909K, capacity 37390K, committed 37732K, reserved 1083392K
  class space    used 3996K, capacity 4151K, committed 4196K, reserved 1048576K
}
2016-05-12T14:05:59.615+0100: 16360.654: Total time for which application threads were stopped: 0.0172224 seconds, Stopping threads took: 0.0000490 seconds
2016-05-12T14:06:01.152+0100: 16362.191: Total time for which application threads were stopped: 0.0002401 seconds, Stopping threads took: 0.0000592 seconds
2016-05-12T14:06:01.153+0100: 16362.192: Total time for which application threads were stopped: 0.0005101 seconds, Stopping threads took: 0.0000205 seconds
2016-05-12T14:06:02.456+0100: 16363.495: Total time for which application threads were stopped: 0.0001950 seconds, Stopping threads took: 0.0000624 seconds
{Heap before GC invocations=170 (full 3):
 par new generation   total 109248K, used 104117K [0x00000000e0000000, 0x00000000e8000000, 0x00000000e8000000)
  eden space 87424K,  99% used [0x00000000e0000000, 0x00000000e54b7458, 0x00000000e5560000)
  from space 21824K,  79% used [0x00000000e5560000, 0x00000000e66562c0, 0x00000000e6ab0000)
  to   space 21824K,   0% used [0x00000000e6ab0000, 0x00000000e6ab0000, 0x00000000e8000000)
 concurrent mark-sweep generation total 393216K, used 70654K [0x00000000e8000000, 0x0000000100000000, 0x0000000100000000)
 Metaspace       used 36909K, capacity 37390K, committed 37732K, reserved 1083392K
  class space    used 3996K, capacity 4151K, committed 4196K, reserved 1048576K
2016-05-12T14:06:06.862+0100: 16367.902: [GC (Allocation Failure) 2016-05-12T14:06:06.862+0100: 16367.902: [ParNew
Desired survivor size 20112992 bytes, new threshold 8 (max 8)
- age   1:    2592936 bytes,    2592936 total
- age   2:      12832 bytes,    2605768 total
- age   3:      26144 bytes,    2631912 total
- age   4:      21656 bytes,    2653568 total
- age   5:     145152 bytes,    2798720 total
- age   6:       2752 bytes,    2801472 total
- age   7:      40704 bytes,    2842176 total
- age   8:    1260976 bytes,    4103152 total
: 104117K->5761K(109248K), 0.0154077 secs] 174772K->81712K(502464K), 0.0155775 secs] [Times: user=0.03 sys=0.00, real=0.02 secs] 
Heap after GC invocations=171 (full 3):
 par new generation   total 109248K, used 5761K [0x00000000e0000000, 0x00000000e8000000, 0x00000000e8000000)
  eden space 87424K,   0% used [0x00000000e0000000, 0x00000000e0000000, 0x00000000e5560000)
  from space 21824K,  26% used [0x00000000e6ab0000, 0x00000000e70504b0, 0x00000000e8000000)
  to   space 21824K,   0% used [0x00000000e5560000, 0x00000000e5560000, 0x00000000e6ab0000)
 concurrent mark-sweep generation total 393216K, used 75951K [0x00000000e8000000, 0x0000000100000000, 0x0000000100000000)
 Metaspace       used 36909K, capacity 37390K, committed 37732K, reserved 1083392K
  class space    used 3996K, capacity 4151K, committed 4196K, reserved 1048576K
}
2016-05-12T14:06:06.878+0100: 16367.918: Total time for which application threads were stopped: 0.0190457 seconds, Stopping threads took: 0.0029754 seconds
2016-05-12T14:06:08.993+0100: 16370.039: Total time for which application threads were stopped: 0.0001879 seconds, Stopping threads took: 0.0000411 seconds
{Heap before GC invocations=171 (full 3):
 par new generation   total 109248K, used 93006K [0x00000000e0000000, 0x00000000e8000000, 0x00000000e8000000)
  eden space 87424K,  99% used [0x00000000e0000000, 0x00000000e55333a8, 0x00000000e5560000)
  from space 21824K,  26% used [0x00000000e6ab0000, 0x00000000e70504b0, 0x00000000e8000000)
  to   space 21824K,   0% used [0x00000000e5560000, 0x00000000e5560000, 0x00000000e6ab0000)
 concurrent mark-sweep generation total 393216K, used 75951K [0x00000000e8000000, 0x0000000100000000, 0x0000000100000000)
 Metaspace       used 36909K, capacity 37390K, committed 37732K, reserved 1083392K
  class space    used 3996K, capacity 4151K, committed 4196K, reserved 1048576K
2016-05-12T14:06:10.441+0100: 16371.482: [GC (Allocation Failure) 2016-05-12T14:06:10.442+0100: 16371.482: [ParNew
Desired survivor size 20112992 bytes, new threshold 8 (max 8)
- age   1:      24744 bytes,      24744 total
- age   2:      22240 bytes,      46984 total
- age   3:      12832 bytes,      59816 total
- age   4:      25872 bytes,      85688 total
- age   5:      21656 bytes,     107344 total
- age   6:     145152 bytes,     252496 total
- age   7:       2752 bytes,     255248 total
- age   8:      40464 bytes,     295712 total
: 93006K->694K(109248K), 0.0105498 secs] 168957K->77880K(502464K), 0.0107330 secs] [Times: user=0.03 sys=0.00, real=0.01 secs] 
Heap after GC invocations=172 (full 3):
 par new generation   total 109248K, used 694K [0x00000000e0000000, 0x00000000e8000000, 0x00000000e8000000)
  eden space 87424K,   0% used [0x00000000e0000000, 0x00000000e0000000, 0x00000000e5560000)
  from space 21824K,   3% used [0x00000000e5560000, 0x00000000e560d990, 0x00000000e6ab0000)
  to   space 21824K,   0% used [0x00000000e6ab0000, 0x00000000e6ab0000, 0x00000000e8000000)
 concurrent mark-sweep generation total 393216K, used 77185K [0x00000000e8000000, 0x0000000100000000, 0x0000000100000000)
 Metaspace       used 36909K, capacity 37390K, committed 37732K, reserved 1083392K
  class space    used 3996K, capacity 4151K, committed 4196K, reserved 1048576K
}
2016-05-12T14:06:10.452+0100: 16371.493: Total time for which application threads were stopped: 0.0112242 seconds, Stopping threads took: 0.0000663 seconds
2016-05-12T14:07:50.529+0100: 16471.573: Total time for which application threads were stopped: 0.0002029 seconds, Stopping threads took: 0.0000482 seconds
2016-05-12T14:18:37.246+0100: 17118.301: Total time for which application threads were stopped: 0.0002093 seconds, Stopping threads took: 0.0000482 seconds
2016-05-12T14:18:37.247+0100: 17118.301: Total time for which application threads were stopped: 0.0000908 seconds, Stopping threads took: 0.0000284 seconds
2016-05-12T14:18:37.248+0100: 17118.303: Total time for which application threads were stopped: 0.0002353 seconds, Stopping threads took: 0.0000434 seconds
2016-05-12T14:18:38.050+0100: 17119.104: Total time for which application threads were stopped: 0.0002361 seconds, Stopping threads took: 0.0000458 seconds
2016-05-12T14:18:38.050+0100: 17119.105: Total time for which application threads were stopped: 0.0001003 seconds, Stopping threads took: 0.0000316 seconds
2016-05-12T14:18:38.051+0100: 17119.105: Total time for which application threads were stopped: 0.0001571 seconds, Stopping threads took: 0.0000340 seconds
2016-05-12T14:18:39.051+0100: 17120.105: Total time for which application threads were stopped: 0.0001706 seconds, Stopping threads took: 0.0000505 seconds
2016-05-12T14:18:40.051+0100: 17121.105: Total time for which application threads were stopped: 0.0001650 seconds, Stopping threads took: 0.0000521 seconds
2016-05-12T14:18:48.051+0100: 17129.106: Total time for which application threads were stopped: 0.0001532 seconds, Stopping threads took: 0.0000474 seconds
2016-05-12T14:19:01.053+0100: 17142.108: Total time for which application threads were stopped: 0.0001856 seconds, Stopping threads took: 0.0000482 seconds
{Heap before GC invocations=172 (full 3):
 par new generation   total 109248K, used 88118K [0x00000000e0000000, 0x00000000e8000000, 0x00000000e8000000)
  eden space 87424K, 100% used [0x00000000e0000000, 0x00000000e5560000, 0x00000000e5560000)
  from space 21824K,   3% used [0x00000000e5560000, 0x00000000e560d990, 0x00000000e6ab0000)
  to   space 21824K,   0% used [0x00000000e6ab0000, 0x00000000e6ab0000, 0x00000000e8000000)
 concurrent mark-sweep generation total 393216K, used 77185K [0x00000000e8000000, 0x0000000100000000, 0x0000000100000000)
 Metaspace       used 36911K, capacity 37390K, committed 37732K, reserved 1083392K
  class space    used 3996K, capacity 4151K, committed 4196K, reserved 1048576K
2016-05-12T14:19:02.592+0100: 17143.647: [GC (Allocation Failure) 2016-05-12T14:19:02.592+0100: 17143.647: [ParNew
Desired survivor size 20112992 bytes, new threshold 8 (max 8)
- age   1:     571480 bytes,     571480 total
- age   2:       3248 bytes,     574728 total
- age   3:      21696 bytes,     596424 total
- age   4:        432 bytes,     596856 total
- age   5:      25872 bytes,     622728 total
- age   6:      21440 bytes,     644168 total
- age   7:     144936 bytes,     789104 total
- age   8:       2536 bytes,     791640 total
: 88118K->992K(109248K), 0.0075886 secs] 165304K->78218K(502464K), 0.0077710 secs] [Times: user=0.00 sys=0.00, real=0.01 secs] 
Heap after GC invocations=173 (full 3):
 par new generation   total 109248K, used 992K [0x00000000e0000000, 0x00000000e8000000, 0x00000000e8000000)
  eden space 87424K,   0% used [0x00000000e0000000, 0x00000000e0000000, 0x00000000e5560000)
  from space 21824K,   4% used [0x00000000e6ab0000, 0x00000000e6ba82c8, 0x00000000e8000000)
  to   space 21824K,   0% used [0x00000000e5560000, 0x00000000e5560000, 0x00000000e6ab0000)
 concurrent mark-sweep generation total 393216K, used 77225K [0x00000000e8000000, 0x0000000100000000, 0x0000000100000000)
 Metaspace       used 36911K, capacity 37390K, committed 37732K, reserved 1083392K
  class space    used 3996K, capacity 4151K, committed 4196K, reserved 1048576K
}
2016-05-12T14:19:02.600+0100: 17143.655: Total time for which application threads were stopped: 0.0082187 seconds, Stopping threads took: 0.0000442 seconds
2016-05-12T14:19:03.600+0100: 17144.655: Total time for which application threads were stopped: 0.0001579 seconds, Stopping threads took: 0.0000450 seconds
2016-05-12T14:19:34.623+0100: 17175.678: Total time for which application threads were stopped: 0.0010763 seconds, Stopping threads took: 0.0009247 seconds
{Heap before GC invocations=173 (full 3):
 par new generation   total 109248K, used 88416K [0x00000000e0000000, 0x00000000e8000000, 0x00000000e8000000)
  eden space 87424K, 100% used [0x00000000e0000000, 0x00000000e5560000, 0x00000000e5560000)
  from space 21824K,   4% used [0x00000000e6ab0000, 0x00000000e6ba82c8, 0x00000000e8000000)
  to   space 21824K,   0% used [0x00000000e5560000, 0x00000000e5560000, 0x00000000e6ab0000)
 concurrent mark-sweep generation total 393216K, used 77225K [0x00000000e8000000, 0x0000000100000000, 0x0000000100000000)
 Metaspace       used 36913K, capacity 37390K, committed 37732K, reserved 1083392K
  class space    used 3996K, capacity 4151K, committed 4196K, reserved 1048576K
2016-05-12T14:19:35.252+0100: 17176.308: [GC (Allocation Failure) 2016-05-12T14:19:35.252+0100: 17176.308: [ParNew
Desired survivor size 20112992 bytes, new threshold 8 (max 8)
- age   1:     645976 bytes,     645976 total
- age   2:      16984 bytes,     662960 total
- age   3:       3248 bytes,     666208 total
- age   4:      21696 bytes,     687904 total
- age   5:        432 bytes,     688336 total
- age   6:      25872 bytes,     714208 total
- age   7:      21440 bytes,     735648 total
- age   8:     144936 bytes,     880584 total
: 88416K->1005K(109248K), 0.0077441 secs] 165642K->78233K(502464K), 0.0078879 secs] [Times: user=0.03 sys=0.00, real=0.01 secs] 
Heap after GC invocations=174 (full 3):
 par new generation   total 109248K, used 1005K [0x00000000e0000000, 0x00000000e8000000, 0x00000000e8000000)
  eden space 87424K,   0% used [0x00000000e0000000, 0x00000000e0000000, 0x00000000e5560000)
  from space 21824K,   4% used [0x00000000e5560000, 0x00000000e565b758, 0x00000000e6ab0000)
  to   space 21824K,   0% used [0x00000000e6ab0000, 0x00000000e6ab0000, 0x00000000e8000000)
 concurrent mark-sweep generation total 393216K, used 77227K [0x00000000e8000000, 0x0000000100000000, 0x0000000100000000)
 Metaspace       used 36913K, capacity 37390K, committed 37732K, reserved 1083392K
  class space    used 3996K, capacity 4151K, committed 4196K, reserved 1048576K
}
2016-05-12T14:19:35.260+0100: 17176.316: Total time for which application threads were stopped: 0.0085591 seconds, Stopping threads took: 0.0002456 seconds
2016-05-12T14:21:16.915+0100: 17277.978: Total time for which application threads were stopped: 0.0002527 seconds, Stopping threads took: 0.0000703 seconds
2016-05-12T14:21:16.919+0100: 17277.981: Total time for which application threads were stopped: 0.0004004 seconds, Stopping threads took: 0.0000497 seconds
2016-05-12T14:21:16.919+0100: 17277.982: Total time for which application threads were stopped: 0.0000940 seconds, Stopping threads took: 0.0000292 seconds
2016-05-12T14:21:16.920+0100: 17277.983: Total time for which application threads were stopped: 0.0001879 seconds, Stopping threads took: 0.0000442 seconds
2016-05-12T14:21:16.922+0100: 17277.985: Total time for which application threads were stopped: 0.0001879 seconds, Stopping threads took: 0.0000426 seconds
2016-05-12T14:21:16.922+0100: 17277.985: Total time for which application threads were stopped: 0.0003293 seconds, Stopping threads took: 0.0000276 seconds
2016-05-12T14:21:16.991+0100: 17278.054: Total time for which application threads were stopped: 0.0001864 seconds, Stopping threads took: 0.0000545 seconds
2016-05-12T14:21:16.992+0100: 17278.054: Total time for which application threads were stopped: 0.0000900 seconds, Stopping threads took: 0.0000213 seconds
2016-05-12T14:21:16.992+0100: 17278.055: Total time for which application threads were stopped: 0.0001429 seconds, Stopping threads took: 0.0000245 seconds
2016-05-12T14:21:16.999+0100: 17278.062: Total time for which application threads were stopped: 0.0002179 seconds, Stopping threads took: 0.0000474 seconds
2016-05-12T14:21:16.999+0100: 17278.062: Total time for which application threads were stopped: 0.0001121 seconds, Stopping threads took: 0.0000316 seconds
2016-05-12T14:21:17.000+0100: 17278.063: Total time for which application threads were stopped: 0.0001990 seconds, Stopping threads took: 0.0000458 seconds
2016-05-12T14:21:17.019+0100: 17278.082: Total time for which application threads were stopped: 0.0002266 seconds, Stopping threads took: 0.0000513 seconds
2016-05-12T14:21:17.217+0100: 17278.280: Total time for which application threads were stopped: 0.0014561 seconds, Stopping threads took: 0.0012737 seconds
2016-05-12T14:21:17.218+0100: 17278.281: Total time for which application threads were stopped: 0.0010795 seconds, Stopping threads took: 0.0009705 seconds
2016-05-12T14:21:17.222+0100: 17278.284: Total time for which application threads were stopped: 0.0014222 seconds, Stopping threads took: 0.0009192 seconds
{Heap before GC invocations=174 (full 3):
 par new generation   total 109248K, used 83808K [0x00000000e0000000, 0x00000000e8000000, 0x00000000e8000000)
  eden space 87424K,  94% used [0x00000000e0000000, 0x00000000e50dc950, 0x00000000e5560000)
  from space 21824K,   4% used [0x00000000e5560000, 0x00000000e565b758, 0x00000000e6ab0000)
  to   space 21824K,   0% used [0x00000000e6ab0000, 0x00000000e6ab0000, 0x00000000e8000000)
 concurrent mark-sweep generation total 393216K, used 77227K [0x00000000e8000000, 0x0000000100000000, 0x0000000100000000)
 Metaspace       used 36914K, capacity 37390K, committed 37732K, reserved 1083392K
  class space    used 3996K, capacity 4151K, committed 4196K, reserved 1048576K
2016-05-12T14:21:17.264+0100: 17278.327: [GC (Allocation Failure) 2016-05-12T14:21:17.264+0100: 17278.327: [ParNew
Desired survivor size 20112992 bytes, new threshold 8 (max 8)
- age   1:    6255216 bytes,    6255216 total
- age   2:      14408 bytes,    6269624 total
- age   3:       4544 bytes,    6274168 total
- age   4:       3248 bytes,    6277416 total
- age   5:      21696 bytes,    6299112 total
- age   6:        392 bytes,    6299504 total
- age   7:      25872 bytes,    6325376 total
- age   8:      21440 bytes,    6346816 total
: 83808K->6707K(109248K), 0.0103089 secs] 161036K->84077K(502464K), 0.0105372 secs] [Times: user=0.03 sys=0.00, real=0.01 secs] 
Heap after GC invocations=175 (full 3):
 par new generation   total 109248K, used 6707K [0x00000000e0000000, 0x00000000e8000000, 0x00000000e8000000)
  eden space 87424K,   0% used [0x00000000e0000000, 0x00000000e0000000, 0x00000000e5560000)
  from space 21824K,  30% used [0x00000000e6ab0000, 0x00000000e713cf88, 0x00000000e8000000)
  to   space 21824K,   0% used [0x00000000e5560000, 0x00000000e5560000, 0x00000000e6ab0000)
 concurrent mark-sweep generation total 393216K, used 77369K [0x00000000e8000000, 0x0000000100000000, 0x0000000100000000)
 Metaspace       used 36914K, capacity 37390K, committed 37732K, reserved 1083392K
  class space    used 3996K, capacity 4151K, committed 4196K, reserved 1048576K
}
2016-05-12T14:21:17.275+0100: 17278.337: Total time for which application threads were stopped: 0.0112518 seconds, Stopping threads took: 0.0002582 seconds
2016-05-12T14:21:17.487+0100: 17278.549: Total time for which application threads were stopped: 0.0002527 seconds, Stopping threads took: 0.0000497 seconds
2016-05-12T14:21:17.620+0100: 17278.683: Total time for which application threads were stopped: 0.0224396 seconds, Stopping threads took: 0.0001832 seconds
2016-05-12T14:21:17.637+0100: 17278.700: Total time for which application threads were stopped: 0.0002235 seconds, Stopping threads took: 0.0000482 seconds
{Heap before GC invocations=175 (full 3):
 par new generation   total 109248K, used 89085K [0x00000000e0000000, 0x00000000e8000000, 0x00000000e8000000)
  eden space 87424K,  94% used [0x00000000e0000000, 0x00000000e50727b8, 0x00000000e5560000)
  from space 21824K,  30% used [0x00000000e6ab0000, 0x00000000e713cf88, 0x00000000e8000000)
  to   space 21824K,   0% used [0x00000000e5560000, 0x00000000e5560000, 0x00000000e6ab0000)
 concurrent mark-sweep generation total 393216K, used 77369K [0x00000000e8000000, 0x0000000100000000, 0x0000000100000000)
 Metaspace       used 36914K, capacity 37390K, committed 37732K, reserved 1083392K
  class space    used 3996K, capacity 4151K, committed 4196K, reserved 1048576K
2016-05-12T14:21:17.968+0100: 17279.031: [GC (Allocation Failure) 2016-05-12T14:21:17.968+0100: 17279.031: [ParNew
Desired survivor size 20112992 bytes, new threshold 8 (max 8)
- age   1:   10182248 bytes,   10182248 total
- age   2:    2111816 bytes,   12294064 total
- age   3:      10952 bytes,   12305016 total
- age   4:       4544 bytes,   12309560 total
- age   5:       3248 bytes,   12312808 total
- age   6:      21696 bytes,   12334504 total
- age   7:        392 bytes,   12334896 total
- age   8:      25872 bytes,   12360768 total
: 89085K->12774K(109248K), 0.0161966 secs] 166455K->90165K(502464K), 0.0198290 secs] [Times: user=0.01 sys=0.00, real=0.02 secs] 
Heap after GC invocations=176 (full 3):
 par new generation   total 109248K, used 12774K [0x00000000e0000000, 0x00000000e8000000, 0x00000000e8000000)
  eden space 87424K,   0% used [0x00000000e0000000, 0x00000000e0000000, 0x00000000e5560000)
  from space 21824K,  58% used [0x00000000e5560000, 0x00000000e61d9ba8, 0x00000000e6ab0000)
  to   space 21824K,   0% used [0x00000000e6ab0000, 0x00000000e6ab0000, 0x00000000e8000000)
 concurrent mark-sweep generation total 393216K, used 77390K [0x00000000e8000000, 0x0000000100000000, 0x0000000100000000)
 Metaspace       used 36914K, capacity 37390K, committed 37732K, reserved 1083392K
  class space    used 3996K, capacity 4151K, committed 4196K, reserved 1048576K
}
2016-05-12T14:21:17.988+0100: 17279.051: Total time for which application threads were stopped: 0.0203170 seconds, Stopping threads took: 0.0000616 seconds
{Heap before GC invocations=176 (full 3):
 par new generation   total 109248K, used 97985K [0x00000000e0000000, 0x00000000e8000000, 0x00000000e8000000)
  eden space 87424K,  97% used [0x00000000e0000000, 0x00000000e53368c8, 0x00000000e5560000)
  from space 21824K,  58% used [0x00000000e5560000, 0x00000000e61d9ba8, 0x00000000e6ab0000)
  to   space 21824K,   0% used [0x00000000e6ab0000, 0x00000000e6ab0000, 0x00000000e8000000)
 concurrent mark-sweep generation total 393216K, used 77390K [0x00000000e8000000, 0x0000000100000000, 0x0000000100000000)
 Metaspace       used 36914K, capacity 37390K, committed 37732K, reserved 1083392K
  class space    used 3996K, capacity 4151K, committed 4196K, reserved 1048576K
2016-05-12T14:21:18.632+0100: 17279.695: [GC (Allocation Failure) 2016-05-12T14:21:18.632+0100: 17279.695: [ParNew
Desired survivor size 20112992 bytes, new threshold 8 (max 8)
- age   1:    9325792 bytes,    9325792 total
- age   2:    7034056 bytes,   16359848 total
- age   3:    2101544 bytes,   18461392 total
- age   4:      10952 bytes,   18472344 total
- age   5:       4544 bytes,   18476888 total
- age   6:       3248 bytes,   18480136 total
- age   7:      21696 bytes,   18501832 total
- age   8:        392 bytes,   18502224 total
: 97985K->19223K(109248K), 0.0182924 secs] 175375K->96638K(502464K), 0.0184653 secs] [Times: user=0.03 sys=0.00, real=0.02 secs] 
Heap after GC invocations=177 (full 3):
 par new generation   total 109248K, used 19223K [0x00000000e0000000, 0x00000000e8000000, 0x00000000e8000000)
  eden space 87424K,   0% used [0x00000000e0000000, 0x00000000e0000000, 0x00000000e5560000)
  from space 21824K,  88% used [0x00000000e6ab0000, 0x00000000e7d75c88, 0x00000000e8000000)
  to   space 21824K,   0% used [0x00000000e5560000, 0x00000000e5560000, 0x00000000e6ab0000)
 concurrent mark-sweep generation total 393216K, used 77415K [0x00000000e8000000, 0x0000000100000000, 0x0000000100000000)
 Metaspace       used 36914K, capacity 37390K, committed 37732K, reserved 1083392K
  class space    used 3996K, capacity 4151K, committed 4196K, reserved 1048576K
}
2016-05-12T14:21:18.651+0100: 17279.714: Total time for which application threads were stopped: 0.0189880 seconds, Stopping threads took: 0.0000592 seconds
{Heap before GC invocations=177 (full 3):
 par new generation   total 109248K, used 106647K [0x00000000e0000000, 0x00000000e8000000, 0x00000000e8000000)
  eden space 87424K, 100% used [0x00000000e0000000, 0x00000000e5560000, 0x00000000e5560000)
  from space 21824K,  88% used [0x00000000e6ab0000, 0x00000000e7d75c88, 0x00000000e8000000)
  to   space 21824K,   0% used [0x00000000e5560000, 0x00000000e5560000, 0x00000000e6ab0000)
 concurrent mark-sweep generation total 393216K, used 77415K [0x00000000e8000000, 0x0000000100000000, 0x0000000100000000)
 Metaspace       used 36914K, capacity 37390K, committed 37732K, reserved 1083392K
  class space    used 3996K, capacity 4151K, committed 4196K, reserved 1048576K
2016-05-12T14:21:19.246+0100: 17280.309: [GC (Allocation Failure) 2016-05-12T14:21:19.246+0100: 17280.309: [ParNew
Desired survivor size 20112992 bytes, new threshold 3 (max 8)
- age   1:   11285320 bytes,   11285320 total
- age   2:    4355656 bytes,   15640976 total
- age   3:    4570280 bytes,   20211256 total
- age   4:    2093336 bytes,   22304592 total
- age   5:      10952 bytes,   22315544 total
- age   6:       4544 bytes,   22320088 total
- age   7:       3248 bytes,   22323336 total
- age   8:      21696 bytes,   22345032 total
: 106647K->21824K(109248K), 0.0232696 secs] 184062K->102464K(502464K), 0.0234299 secs] [Times: user=0.03 sys=0.00, real=0.02 secs] 
Heap after GC invocations=178 (full 3):
 par new generation   total 109248K, used 21824K [0x00000000e0000000, 0x00000000e8000000, 0x00000000e8000000)
  eden space 87424K,   0% used [0x00000000e0000000, 0x00000000e0000000, 0x00000000e5560000)
  from space 21824K, 100% used [0x00000000e5560000, 0x00000000e6ab0000, 0x00000000e6ab0000)
  to   space 21824K,   0% used [0x00000000e6ab0000, 0x00000000e6ab0000, 0x00000000e8000000)
 concurrent mark-sweep generation total 393216K, used 80640K [0x00000000e8000000, 0x0000000100000000, 0x0000000100000000)
 Metaspace       used 36914K, capacity 37390K, committed 37732K, reserved 1083392K
  class space    used 3996K, capacity 4151K, committed 4196K, reserved 1048576K
}
2016-05-12T14:21:19.270+0100: 17280.332: Total time for which application threads were stopped: 0.0291343 seconds, Stopping threads took: 0.0052212 seconds
{Heap before GC invocations=178 (full 3):
 par new generation   total 109248K, used 105020K [0x00000000e0000000, 0x00000000e8000000, 0x00000000e8000000)
  eden space 87424K,  95% used [0x00000000e0000000, 0x00000000e513f3a8, 0x00000000e5560000)
  from space 21824K, 100% used [0x00000000e5560000, 0x00000000e6ab0000, 0x00000000e6ab0000)
  to   space 21824K,   0% used [0x00000000e6ab0000, 0x00000000e6ab0000, 0x00000000e8000000)
 concurrent mark-sweep generation total 393216K, used 80640K [0x00000000e8000000, 0x0000000100000000, 0x0000000100000000)
 Metaspace       used 36914K, capacity 37390K, committed 37732K, reserved 1083392K
  class space    used 3996K, capacity 4151K, committed 4196K, reserved 1048576K
2016-05-12T14:21:19.697+0100: 17280.760: [GC (Allocation Failure) 2016-05-12T14:21:19.698+0100: 17280.760: [ParNew
Desired survivor size 20112992 bytes, new threshold 8 (max 8)
- age   1:    8712288 bytes,    8712288 total
- age   2:    4662520 bytes,   13374808 total
- age   3:    4355656 bytes,   17730464 total
: 105020K->21824K(109248K), 0.0574845 secs] 185661K->119200K(502464K), 0.0576582 secs] [Times: user=0.08 sys=0.00, real=0.06 secs] 
Heap after GC invocations=179 (full 3):
 par new generation   total 109248K, used 21824K [0x00000000e0000000, 0x00000000e8000000, 0x00000000e8000000)
  eden space 87424K,   0% used [0x00000000e0000000, 0x00000000e0000000, 0x00000000e5560000)
  from space 21824K, 100% used [0x00000000e6ab0000, 0x00000000e8000000, 0x00000000e8000000)
  to   space 21824K,   0% used [0x00000000e5560000, 0x00000000e5560000, 0x00000000e6ab0000)
 concurrent mark-sweep generation total 393216K, used 97376K [0x00000000e8000000, 0x0000000100000000, 0x0000000100000000)
 Metaspace       used 36914K, capacity 37390K, committed 37732K, reserved 1083392K
  class space    used 3996K, capacity 4151K, committed 4196K, reserved 1048576K
}
2016-05-12T14:21:19.755+0100: 17280.818: Total time for which application threads were stopped: 0.0583421 seconds, Stopping threads took: 0.0002290 seconds
{Heap before GC invocations=179 (full 3):
 par new generation   total 109248K, used 109248K [0x00000000e0000000, 0x00000000e8000000, 0x00000000e8000000)
  eden space 87424K, 100% used [0x00000000e0000000, 0x00000000e5560000, 0x00000000e5560000)
  from space 21824K, 100% used [0x00000000e6ab0000, 0x00000000e8000000, 0x00000000e8000000)
  to   space 21824K,   0% used [0x00000000e5560000, 0x00000000e5560000, 0x00000000e6ab0000)
 concurrent mark-sweep generation total 393216K, used 97376K [0x00000000e8000000, 0x0000000100000000, 0x0000000100000000)
 Metaspace       used 36914K, capacity 37390K, committed 37732K, reserved 1083392K
  class space    used 3996K, capacity 4151K, committed 4196K, reserved 1048576K
2016-05-12T14:21:20.374+0100: 17281.437: [GC (Allocation Failure) 2016-05-12T14:21:20.374+0100: 17281.437: [ParNew
Desired survivor size 20112992 bytes, new threshold 8 (max 8)
- age   1:   10212312 bytes,   10212312 total
- age   2:     554184 bytes,   10766496 total
- age   3:    4644864 bytes,   15411360 total
- age   4:    4355656 bytes,   19767016 total
: 109248K->20616K(109248K), 0.0244311 secs] 206624K->127024K(502464K), 0.0245827 secs] [Times: user=0.03 sys=0.00, real=0.02 secs] 
Heap after GC invocations=180 (full 3):
 par new generation   total 109248K, used 20616K [0x00000000e0000000, 0x00000000e8000000, 0x00000000e8000000)
  eden space 87424K,   0% used [0x00000000e0000000, 0x00000000e0000000, 0x00000000e5560000)
  from space 21824K,  94% used [0x00000000e5560000, 0x00000000e6982168, 0x00000000e6ab0000)
  to   space 21824K,   0% used [0x00000000e6ab0000, 0x00000000e6ab0000, 0x00000000e8000000)
 concurrent mark-sweep generation total 393216K, used 106408K [0x00000000e8000000, 0x0000000100000000, 0x0000000100000000)
 Metaspace       used 36914K, capacity 37390K, committed 37732K, reserved 1083392K
  class space    used 3996K, capacity 4151K, committed 4196K, reserved 1048576K
}
2016-05-12T14:21:20.399+0100: 17281.462: Total time for which application threads were stopped: 0.0250565 seconds, Stopping threads took: 0.0000624 seconds
2016-05-12T14:21:21.402+0100: 17282.465: Total time for which application threads were stopped: 0.0002306 seconds, Stopping threads took: 0.0000458 seconds
2016-05-12T14:21:23.402+0100: 17284.465: Total time for which application threads were stopped: 0.0001958 seconds, Stopping threads took: 0.0000490 seconds
2016-05-12T14:21:24.748+0100: 17285.811: Total time for which application threads were stopped: 0.0001895 seconds, Stopping threads took: 0.0000387 seconds
2016-05-12T14:21:24.748+0100: 17285.811: Total time for which application threads were stopped: 0.0001019 seconds, Stopping threads took: 0.0000229 seconds
2016-05-12T14:21:24.749+0100: 17285.812: Total time for which application threads were stopped: 0.0001019 seconds, Stopping threads took: 0.0000205 seconds
2016-05-12T14:21:24.749+0100: 17285.812: Total time for which application threads were stopped: 0.0000908 seconds, Stopping threads took: 0.0000190 seconds
2016-05-12T14:21:24.749+0100: 17285.812: Total time for which application threads were stopped: 0.0000916 seconds, Stopping threads took: 0.0000190 seconds
2016-05-12T14:21:24.749+0100: 17285.812: Total time for which application threads were stopped: 0.0000940 seconds, Stopping threads took: 0.0000205 seconds
2016-05-12T14:21:24.752+0100: 17285.815: Total time for which application threads were stopped: 0.0001303 seconds, Stopping threads took: 0.0000261 seconds
2016-05-12T14:21:24.752+0100: 17285.815: Total time for which application threads were stopped: 0.0000971 seconds, Stopping threads took: 0.0000221 seconds
2016-05-12T14:21:24.752+0100: 17285.815: Total time for which application threads were stopped: 0.0000940 seconds, Stopping threads took: 0.0000197 seconds
2016-05-12T14:21:24.753+0100: 17285.816: Total time for which application threads were stopped: 0.0000940 seconds, Stopping threads took: 0.0000190 seconds
2016-05-12T14:22:11.849+0100: 17332.914: Total time for which application threads were stopped: 0.0001903 seconds, Stopping threads took: 0.0000403 seconds
{Heap before GC invocations=180 (full 3):
 par new generation   total 109248K, used 107781K [0x00000000e0000000, 0x00000000e8000000, 0x00000000e8000000)
  eden space 87424K,  99% used [0x00000000e0000000, 0x00000000e551f518, 0x00000000e5560000)
  from space 21824K,  94% used [0x00000000e5560000, 0x00000000e6982168, 0x00000000e6ab0000)
  to   space 21824K,   0% used [0x00000000e6ab0000, 0x00000000e6ab0000, 0x00000000e8000000)
 concurrent mark-sweep generation total 393216K, used 106408K [0x00000000e8000000, 0x0000000100000000, 0x0000000100000000)
 Metaspace       used 36927K, capacity 37396K, committed 37732K, reserved 1083392K
  class space    used 3996K, capacity 4152K, committed 4196K, reserved 1048576K
2016-05-12T14:22:11.878+0100: 17332.943: [GC (Allocation Failure) 2016-05-12T14:22:11.878+0100: 17332.943: [ParNew
Desired survivor size 20112992 bytes, new threshold 5 (max 8)
- age   1:    2994312 bytes,    2994312 total
- age   2:    9838280 bytes,   12832592 total
- age   3:     466624 bytes,   13299216 total
- age   4:    4627232 bytes,   17926448 total
- age   5:    4351256 bytes,   22277704 total
: 107781K->21824K(109248K), 0.0278172 secs] 214189K->132539K(502464K), 0.0280051 secs] [Times: user=0.06 sys=0.00, real=0.03 secs] 
Heap after GC invocations=181 (full 3):
 par new generation   total 109248K, used 21824K [0x00000000e0000000, 0x00000000e8000000, 0x00000000e8000000)
  eden space 87424K,   0% used [0x00000000e0000000, 0x00000000e0000000, 0x00000000e5560000)
  from space 21824K, 100% used [0x00000000e6ab0000, 0x00000000e8000000, 0x00000000e8000000)
  to   space 21824K,   0% used [0x00000000e5560000, 0x00000000e5560000, 0x00000000e6ab0000)
 concurrent mark-sweep generation total 393216K, used 110715K [0x00000000e8000000, 0x0000000100000000, 0x0000000100000000)
 Metaspace       used 36927K, capacity 37396K, committed 37732K, reserved 1083392K
  class space    used 3996K, capacity 4152K, committed 4196K, reserved 1048576K
}
2016-05-12T14:22:11.906+0100: 17332.971: Total time for which application threads were stopped: 0.0284805 seconds, Stopping threads took: 0.0000513 seconds
{Heap before GC invocations=181 (full 3):
 par new generation   total 109248K, used 107188K [0x00000000e0000000, 0x00000000e8000000, 0x00000000e8000000)
  eden space 87424K,  97% used [0x00000000e0000000, 0x00000000e535d1e0, 0x00000000e5560000)
  from space 21824K, 100% used [0x00000000e6ab0000, 0x00000000e8000000, 0x00000000e8000000)
  to   space 21824K,   0% used [0x00000000e5560000, 0x00000000e5560000, 0x00000000e6ab0000)
 concurrent mark-sweep generation total 393216K, used 110715K [0x00000000e8000000, 0x0000000100000000, 0x0000000100000000)
 Metaspace       used 36927K, capacity 37396K, committed 37732K, reserved 1083392K
  class space    used 3996K, capacity 4152K, committed 4196K, reserved 1048576K
2016-05-12T14:22:16.753+0100: 17337.818: [GC (Allocation Failure) 2016-05-12T14:22:16.753+0100: 17337.818: [ParNew
Desired survivor size 20112992 bytes, new threshold 8 (max 8)
- age   1:    4644128 bytes,    4644128 total
- age   2:     376568 bytes,    5020696 total
- age   3:    9288120 bytes,   14308816 total
- age   4:     466624 bytes,   14775440 total
- age   5:    4627232 bytes,   19402672 total
: 107188K->21824K(109248K), 0.0293981 secs] 217903K->137376K(502464K), 0.0295655 secs] [Times: user=0.05 sys=0.00, real=0.03 secs] 
Heap after GC invocations=182 (full 3):
 par new generation   total 109248K, used 21824K [0x00000000e0000000, 0x00000000e8000000, 0x00000000e8000000)
  eden space 87424K,   0% used [0x00000000e0000000, 0x00000000e0000000, 0x00000000e5560000)
  from space 21824K, 100% used [0x00000000e5560000, 0x00000000e6ab0000, 0x00000000e6ab0000)
  to   space 21824K,   0% used [0x00000000e6ab0000, 0x00000000e6ab0000, 0x00000000e8000000)
 concurrent mark-sweep generation total 393216K, used 115552K [0x00000000e8000000, 0x0000000100000000, 0x0000000100000000)
 Metaspace       used 36927K, capacity 37396K, committed 37732K, reserved 1083392K
  class space    used 3996K, capacity 4152K, committed 4196K, reserved 1048576K
}
2016-05-12T14:22:16.782+0100: 17337.847: Total time for which application threads were stopped: 0.0300337 seconds, Stopping threads took: 0.0000553 seconds
2016-05-12T14:22:20.289+0100: 17341.363: Total time for which application threads were stopped: 0.0001943 seconds, Stopping threads took: 0.0000419 seconds
2016-05-12T14:22:20.299+0100: 17341.364: Total time for which application threads were stopped: 0.0001382 seconds, Stopping threads took: 0.0000292 seconds
2016-05-12T14:22:20.299+0100: 17341.364: Total time for which application threads were stopped: 0.0001027 seconds, Stopping threads took: 0.0000276 seconds
2016-05-12T14:22:20.299+0100: 17341.364: Total time for which application threads were stopped: 0.0000971 seconds, Stopping threads took: 0.0000261 seconds
2016-05-12T14:22:20.299+0100: 17341.364: Total time for which application threads were stopped: 0.0001082 seconds, Stopping threads took: 0.0000316 seconds
2016-05-12T14:22:20.299+0100: 17341.364: Total time for which application threads were stopped: 0.0001019 seconds, Stopping threads took: 0.0000261 seconds
2016-05-12T14:22:28.278+0100: 17349.343: Total time for which application threads were stopped: 0.0002685 seconds, Stopping threads took: 0.0000742 seconds
{Heap before GC invocations=182 (full 3):
 par new generation   total 109248K, used 103410K [0x00000000e0000000, 0x00000000e8000000, 0x00000000e8000000)
  eden space 87424K,  93% used [0x00000000e0000000, 0x00000000e4faca58, 0x00000000e5560000)
  from space 21824K, 100% used [0x00000000e5560000, 0x00000000e6ab0000, 0x00000000e6ab0000)
  to   space 21824K,   0% used [0x00000000e6ab0000, 0x00000000e6ab0000, 0x00000000e8000000)
 concurrent mark-sweep generation total 393216K, used 115552K [0x00000000e8000000, 0x0000000100000000, 0x0000000100000000)
 Metaspace       used 36927K, capacity 37396K, committed 37732K, reserved 1083392K
  class space    used 3996K, capacity 4152K, committed 4196K, reserved 1048576K
2016-05-12T14:22:28.332+0100: 17349.397: [GC (Allocation Failure) 2016-05-12T14:22:28.332+0100: 17349.397: [ParNew
Desired survivor size 20112992 bytes, new threshold 8 (max 8)
- age   1:    6860088 bytes,    6860088 total
- age   2:       2744 bytes,    6862832 total
- age   3:     376088 bytes,    7238920 total
- age   4:    6721264 bytes,   13960184 total
- age   5:     466624 bytes,   14426808 total
- age   6:    4627232 bytes,   19054040 total
: 103410K->21824K(109248K), 0.0218411 secs] 218963K->142346K(502464K), 0.0220590 secs] [Times: user=0.05 sys=0.00, real=0.02 secs] 
Heap after GC invocations=183 (full 3):
 par new generation   total 109248K, used 21824K [0x00000000e0000000, 0x00000000e8000000, 0x00000000e8000000)
  eden space 87424K,   0% used [0x00000000e0000000, 0x00000000e0000000, 0x00000000e5560000)
  from space 21824K, 100% used [0x00000000e6ab0000, 0x00000000e8000000, 0x00000000e8000000)
  to   space 21824K,   0% used [0x00000000e5560000, 0x00000000e5560000, 0x00000000e6ab0000)
 concurrent mark-sweep generation total 393216K, used 120522K [0x00000000e8000000, 0x0000000100000000, 0x0000000100000000)
 Metaspace       used 36927K, capacity 37396K, committed 37732K, reserved 1083392K
  class space    used 3996K, capacity 4152K, committed 4196K, reserved 1048576K
}
2016-05-12T14:22:28.354+0100: 17349.419: Total time for which application threads were stopped: 0.0228763 seconds, Stopping threads took: 0.0000640 seconds
2016-05-12T14:22:29.960+0100: 17351.033: Total time for which application threads were stopped: 0.0002282 seconds, Stopping threads took: 0.0000545 seconds
2016-05-12T14:22:29.960+0100: 17351.034: Total time for which application threads were stopped: 0.0001177 seconds, Stopping threads took: 0.0000332 seconds
2016-05-12T14:22:29.970+0100: 17351.034: Total time for which application threads were stopped: 0.0001358 seconds, Stopping threads took: 0.0000332 seconds
2016-05-12T14:23:03.069+0100: 17384.134: Total time for which application threads were stopped: 0.0001832 seconds, Stopping threads took: 0.0000592 seconds
2016-05-12T14:23:06.034+0100: 17387.099: Total time for which application threads were stopped: 0.0003009 seconds, Stopping threads took: 0.0001066 seconds
2016-05-12T14:23:06.035+0100: 17387.099: Total time for which application threads were stopped: 0.0001066 seconds, Stopping threads took: 0.0000276 seconds
2016-05-12T14:23:06.035+0100: 17387.099: Total time for which application threads were stopped: 0.0001027 seconds, Stopping threads took: 0.0000276 seconds
2016-05-12T14:23:20.256+0100: 17401.323: Total time for which application threads were stopped: 0.0002282 seconds, Stopping threads took: 0.0000592 seconds
2016-05-12T14:23:37.660+0100: 17418.726: Total time for which application threads were stopped: 0.0004035 seconds, Stopping threads took: 0.0002258 seconds
{Heap before GC invocations=183 (full 3):
 par new generation   total 109248K, used 106966K [0x00000000e0000000, 0x00000000e8000000, 0x00000000e8000000)
  eden space 87424K,  97% used [0x00000000e0000000, 0x00000000e5325a98, 0x00000000e5560000)
  from space 21824K, 100% used [0x00000000e6ab0000, 0x00000000e8000000, 0x00000000e8000000)
  to   space 21824K,   0% used [0x00000000e5560000, 0x00000000e5560000, 0x00000000e6ab0000)
 concurrent mark-sweep generation total 393216K, used 120522K [0x00000000e8000000, 0x0000000100000000, 0x0000000100000000)
 Metaspace       used 36936K, capacity 37460K, committed 37732K, reserved 1083392K
  class space    used 3996K, capacity 4152K, committed 4196K, reserved 1048576K
2016-05-12T14:23:37.715+0100: 17418.782: [GC (Allocation Failure) 2016-05-12T14:23:37.715+0100: 17418.782: [ParNew
Desired survivor size 20112992 bytes, new threshold 8 (max 8)
- age   1:      68800 bytes,      68800 total
- age   2:      85056 bytes,     153856 total
- age   3:       2352 bytes,     156208 total
- age   4:     375592 bytes,     531800 total
- age   5:    6721264 bytes,    7253064 total
- age   6:     466408 bytes,    7719472 total
- age   7:    4627232 bytes,   12346704 total
: 106966K->16219K(109248K), 0.0178430 secs] 227488K->136742K(502464K), 0.0179899 secs] [Times: user=0.03 sys=0.00, real=0.02 secs] 
Heap after GC invocations=184 (full 3):
 par new generation   total 109248K, used 16219K [0x00000000e0000000, 0x00000000e8000000, 0x00000000e8000000)
  eden space 87424K,   0% used [0x00000000e0000000, 0x00000000e0000000, 0x00000000e5560000)
  from space 21824K,  74% used [0x00000000e5560000, 0x00000000e6536fd8, 0x00000000e6ab0000)
  to   space 21824K,   0% used [0x00000000e6ab0000, 0x00000000e6ab0000, 0x00000000e8000000)
 concurrent mark-sweep generation total 393216K, used 120522K [0x00000000e8000000, 0x0000000100000000, 0x0000000100000000)
 Metaspace       used 36936K, capacity 37460K, committed 37732K, reserved 1083392K
  class space    used 3996K, capacity 4152K, committed 4196K, reserved 1048576K
}
2016-05-12T14:23:37.734+0100: 17418.800: Total time for which application threads were stopped: 0.0390966 seconds, Stopping threads took: 0.0205729 seconds
2016-05-12T14:23:39.431+0100: 17420.497: Total time for which application threads were stopped: 0.0002077 seconds, Stopping threads took: 0.0000529 seconds
2016-05-12T14:23:39.431+0100: 17420.497: Total time for which application threads were stopped: 0.0000995 seconds, Stopping threads took: 0.0000261 seconds
2016-05-12T14:23:39.431+0100: 17420.498: Total time for which application threads were stopped: 0.0000979 seconds, Stopping threads took: 0.0000253 seconds
2016-05-12T14:23:39.431+0100: 17420.498: Total time for which application threads were stopped: 0.0001011 seconds, Stopping threads took: 0.0000268 seconds
2016-05-12T14:23:39.432+0100: 17420.498: Total time for which application threads were stopped: 0.0000995 seconds, Stopping threads took: 0.0000268 seconds
2016-05-12T14:23:39.432+0100: 17420.498: Total time for which application threads were stopped: 0.0000987 seconds, Stopping threads took: 0.0000253 seconds
2016-05-12T14:23:39.432+0100: 17420.498: Total time for which application threads were stopped: 0.0001003 seconds, Stopping threads took: 0.0000253 seconds
2016-05-12T14:23:39.432+0100: 17420.499: Total time for which application threads were stopped: 0.0003522 seconds, Stopping threads took: 0.0000253 seconds
2016-05-12T14:23:41.444+0100: 17422.510: Total time for which application threads were stopped: 0.0123620 seconds, Stopping threads took: 0.0000948 seconds
{Heap before GC invocations=184 (full 3):
 par new generation   total 109248K, used 97847K [0x00000000e0000000, 0x00000000e8000000, 0x00000000e8000000)
  eden space 87424K,  93% used [0x00000000e0000000, 0x00000000e4fb6dc0, 0x00000000e5560000)
  from space 21824K,  74% used [0x00000000e5560000, 0x00000000e6536fd8, 0x00000000e6ab0000)
  to   space 21824K,   0% used [0x00000000e6ab0000, 0x00000000e6ab0000, 0x00000000e8000000)
 concurrent mark-sweep generation total 393216K, used 120522K [0x00000000e8000000, 0x0000000100000000, 0x0000000100000000)
 Metaspace       used 36936K, capacity 37460K, committed 37732K, reserved 1083392K
  class space    used 3996K, capacity 4152K, committed 4196K, reserved 1048576K
2016-05-12T14:23:41.498+0100: 17422.565: [GC (Allocation Failure) 2016-05-12T14:23:41.498+0100: 17422.565: [ParNew
Desired survivor size 20112992 bytes, new threshold 8 (max 8)
- age   1:    2328864 bytes,    2328864 total
- age   2:      44416 bytes,    2373280 total
- age   3:      85056 bytes,    2458336 total
- age   4:       2352 bytes,    2460688 total
- age   5:     375592 bytes,    2836280 total
- age   6:    6721264 bytes,    9557544 total
- age   7:     466408 bytes,   10023952 total
- age   8:    4627232 bytes,   14651184 total
: 97847K->14701K(109248K), 0.0185656 secs] 218369K->135224K(502464K), 0.0187409 secs] [Times: user=0.03 sys=0.00, real=0.02 secs] 
Heap after GC invocations=185 (full 3):
 par new generation   total 109248K, used 14701K [0x00000000e0000000, 0x00000000e8000000, 0x00000000e8000000)
  eden space 87424K,   0% used [0x00000000e0000000, 0x00000000e0000000, 0x00000000e5560000)
  from space 21824K,  67% used [0x00000000e6ab0000, 0x00000000e790b6d8, 0x00000000e8000000)
  to   space 21824K,   0% used [0x00000000e5560000, 0x00000000e5560000, 0x00000000e6ab0000)
 concurrent mark-sweep generation total 393216K, used 120522K [0x00000000e8000000, 0x0000000100000000, 0x0000000100000000)
 Metaspace       used 36936K, capacity 37460K, committed 37732K, reserved 1083392K
  class space    used 3996K, capacity 4152K, committed 4196K, reserved 1048576K
}
2016-05-12T14:23:41.517+0100: 17422.584: Total time for which application threads were stopped: 0.0191934 seconds, Stopping threads took: 0.0000482 seconds
2016-05-12T14:25:21.704+0100: 17522.773: Total time for which application threads were stopped: 0.0002006 seconds, Stopping threads took: 0.0000624 seconds
2016-05-12T14:26:53.129+0100: 17614.199: Total time for which application threads were stopped: 0.0001927 seconds, Stopping threads took: 0.0000545 seconds
2016-05-12T14:26:53.129+0100: 17614.200: Total time for which application threads were stopped: 0.0000900 seconds, Stopping threads took: 0.0000276 seconds
2016-05-12T14:26:53.160+0100: 17614.231: Total time for which application threads were stopped: 0.0002922 seconds, Stopping threads took: 0.0000616 seconds
2016-05-12T14:26:53.616+0100: 17614.687: Total time for which application threads were stopped: 0.0001753 seconds, Stopping threads took: 0.0000529 seconds
2016-05-12T14:26:53.617+0100: 17614.687: Total time for which application threads were stopped: 0.0000979 seconds, Stopping threads took: 0.0000213 seconds
2016-05-12T14:26:53.617+0100: 17614.688: Total time for which application threads were stopped: 0.0001390 seconds, Stopping threads took: 0.0000261 seconds
{Heap before GC invocations=185 (full 3):
 par new generation   total 109248K, used 102125K [0x00000000e0000000, 0x00000000e8000000, 0x00000000e8000000)
  eden space 87424K, 100% used [0x00000000e0000000, 0x00000000e5560000, 0x00000000e5560000)
  from space 21824K,  67% used [0x00000000e6ab0000, 0x00000000e790b6d8, 0x00000000e8000000)
  to   space 21824K,   0% used [0x00000000e5560000, 0x00000000e5560000, 0x00000000e6ab0000)
 concurrent mark-sweep generation total 393216K, used 120522K [0x00000000e8000000, 0x0000000100000000, 0x0000000100000000)
 Metaspace       used 36938K, capacity 37460K, committed 37732K, reserved 1083392K
  class space    used 3996K, capacity 4152K, committed 4196K, reserved 1048576K
2016-05-12T14:27:04.480+0100: 17625.551: [GC (Allocation Failure) 2016-05-12T14:27:04.480+0100: 17625.551: [ParNew
Desired survivor size 20112992 bytes, new threshold 8 (max 8)
- age   1:    1190512 bytes,    1190512 total
- age   2:       1264 bytes,    1191776 total
- age   3:      43568 bytes,    1235344 total
- age   4:      84840 bytes,    1320184 total
- age   5:       2352 bytes,    1322536 total
- age   6:     375176 bytes,    1697712 total
- age   7:    6721048 bytes,    8418760 total
- age   8:     466408 bytes,    8885168 total
: 102125K->15620K(109248K), 0.0431704 secs] 222648K->140661K(502464K), 0.0433070 secs] [Times: user=0.05 sys=0.02, real=0.04 secs] 
Heap after GC invocations=186 (full 3):
 par new generation   total 109248K, used 15620K [0x00000000e0000000, 0x00000000e8000000, 0x00000000e8000000)
  eden space 87424K,   0% used [0x00000000e0000000, 0x00000000e0000000, 0x00000000e5560000)
  from space 21824K,  71% used [0x00000000e5560000, 0x00000000e64a1270, 0x00000000e6ab0000)
  to   space 21824K,   0% used [0x00000000e6ab0000, 0x00000000e6ab0000, 0x00000000e8000000)
 concurrent mark-sweep generation total 393216K, used 125041K [0x00000000e8000000, 0x0000000100000000, 0x0000000100000000)
 Metaspace       used 36938K, capacity 37460K, committed 37732K, reserved 1083392K
  class space    used 3996K, capacity 4152K, committed 4196K, reserved 1048576K
}
2016-05-12T14:27:04.524+0100: 17625.594: Total time for which application threads were stopped: 0.0438014 seconds, Stopping threads took: 0.0000608 seconds
2016-05-12T14:27:22.525+0100: 17643.597: Total time for which application threads were stopped: 0.0001571 seconds, Stopping threads took: 0.0000458 seconds
{Heap before GC invocations=186 (full 3):
 par new generation   total 109248K, used 103044K [0x00000000e0000000, 0x00000000e8000000, 0x00000000e8000000)
  eden space 87424K, 100% used [0x00000000e0000000, 0x00000000e5560000, 0x00000000e5560000)
  from space 21824K,  71% used [0x00000000e5560000, 0x00000000e64a1270, 0x00000000e6ab0000)
  to   space 21824K,   0% used [0x00000000e6ab0000, 0x00000000e6ab0000, 0x00000000e8000000)
 concurrent mark-sweep generation total 393216K, used 125041K [0x00000000e8000000, 0x0000000100000000, 0x0000000100000000)
 Metaspace       used 36939K, capacity 37460K, committed 37732K, reserved 1083392K
  class space    used 3996K, capacity 4152K, committed 4196K, reserved 1048576K
2016-05-12T14:27:22.904+0100: 17643.976: [GC (Allocation Failure) 2016-05-12T14:27:22.904+0100: 17643.976: [ParNew
Desired survivor size 20112992 bytes, new threshold 8 (max 8)
- age   1:     517824 bytes,     517824 total
- age   2:      26784 bytes,     544608 total
- age   3:       1264 bytes,     545872 total
- age   4:      43568 bytes,     589440 total
- age   5:      84840 bytes,     674280 total
- age   6:       2352 bytes,     676632 total
- age   7:     374960 bytes,    1051592 total
- age   8:    6721048 bytes,    7772640 total
: 103044K->10610K(109248K), 0.0146449 secs] 228085K->136107K(502464K), 0.0148029 secs] [Times: user=0.03 sys=0.00, real=0.01 secs] 
Heap after GC invocations=187 (full 3):
 par new generation   total 109248K, used 10610K [0x00000000e0000000, 0x00000000e8000000, 0x00000000e8000000)
  eden space 87424K,   0% used [0x00000000e0000000, 0x00000000e0000000, 0x00000000e5560000)
  from space 21824K,  48% used [0x00000000e6ab0000, 0x00000000e750ca78, 0x00000000e8000000)
  to   space 21824K,   0% used [0x00000000e5560000, 0x00000000e5560000, 0x00000000e6ab0000)
 concurrent mark-sweep generation total 393216K, used 125496K [0x00000000e8000000, 0x0000000100000000, 0x0000000100000000)
 Metaspace       used 36939K, capacity 37460K, committed 37732K, reserved 1083392K
  class space    used 3996K, capacity 4152K, committed 4196K, reserved 1048576K
}
2016-05-12T14:27:22.919+0100: 17643.991: Total time for which application threads were stopped: 0.0152403 seconds, Stopping threads took: 0.0000434 seconds
2016-05-12T14:28:33.498+0100: 17714.573: Total time for which application threads were stopped: 0.0001990 seconds, Stopping threads took: 0.0000411 seconds
2016-05-12T14:28:33.498+0100: 17714.573: Total time for which application threads were stopped: 0.0000979 seconds, Stopping threads took: 0.0000213 seconds
2016-05-12T14:28:33.567+0100: 17714.643: Total time for which application threads were stopped: 0.0003703 seconds, Stopping threads took: 0.0002108 seconds
2016-05-12T14:28:33.568+0100: 17714.643: Total time for which application threads were stopped: 0.0001192 seconds, Stopping threads took: 0.0000332 seconds
2016-05-12T14:28:33.570+0100: 17714.645: Total time for which application threads were stopped: 0.0015114 seconds, Stopping threads took: 0.0013369 seconds
2016-05-12T14:28:33.589+0100: 17714.665: Total time for which application threads were stopped: 0.0002251 seconds, Stopping threads took: 0.0000466 seconds
2016-05-12T14:28:33.612+0100: 17714.687: Total time for which application threads were stopped: 0.0002014 seconds, Stopping threads took: 0.0000655 seconds
2016-05-12T14:28:33.612+0100: 17714.687: Total time for which application threads were stopped: 0.0001058 seconds, Stopping threads took: 0.0000324 seconds
2016-05-12T14:28:33.612+0100: 17714.688: Total time for which application threads were stopped: 0.0001508 seconds, Stopping threads took: 0.0000332 seconds
{Heap before GC invocations=187 (full 3):
 par new generation   total 109248K, used 96893K [0x00000000e0000000, 0x00000000e8000000, 0x00000000e8000000)
  eden space 87424K,  98% used [0x00000000e0000000, 0x00000000e5442a98, 0x00000000e5560000)
  from space 21824K,  48% used [0x00000000e6ab0000, 0x00000000e750ca78, 0x00000000e8000000)
  to   space 21824K,   0% used [0x00000000e5560000, 0x00000000e5560000, 0x00000000e6ab0000)
 concurrent mark-sweep generation total 393216K, used 125496K [0x00000000e8000000, 0x0000000100000000, 0x0000000100000000)
 Metaspace       used 36944K, capacity 37460K, committed 37732K, reserved 1083392K
  class space    used 3996K, capacity 4152K, committed 4196K, reserved 1048576K
2016-05-12T14:28:33.814+0100: 17714.889: [GC (Allocation Failure) 2016-05-12T14:28:33.814+0100: 17714.889: [ParNew
Desired survivor size 20112992 bytes, new threshold 8 (max 8)
- age   1:    5827216 bytes,    5827216 total
- age   2:      13056 bytes,    5840272 total
- age   3:      18416 bytes,    5858688 total
- age   4:       1232 bytes,    5859920 total
- age   5:      43504 bytes,    5903424 total
- age   6:      84840 bytes,    5988264 total
- age   7:       2352 bytes,    5990616 total
- age   8:     374192 bytes,    6364808 total
: 96893K->8663K(109248K), 0.0179283 secs] 222389K->140723K(502464K), 0.0180768 secs] [Times: user=0.03 sys=0.00, real=0.02 secs] 
Heap after GC invocations=188 (full 3):
 par new generation   total 109248K, used 8663K [0x00000000e0000000, 0x00000000e8000000, 0x00000000e8000000)
  eden space 87424K,   0% used [0x00000000e0000000, 0x00000000e0000000, 0x00000000e5560000)
  from space 21824K,  39% used [0x00000000e5560000, 0x00000000e5dd5f70, 0x00000000e6ab0000)
  to   space 21824K,   0% used [0x00000000e6ab0000, 0x00000000e6ab0000, 0x00000000e8000000)
 concurrent mark-sweep generation total 393216K, used 132060K [0x00000000e8000000, 0x0000000100000000, 0x0000000100000000)
 Metaspace       used 36944K, capacity 37460K, committed 37732K, reserved 1083392K
  class space    used 3996K, capacity 4152K, committed 4196K, reserved 1048576K
}
2016-05-12T14:28:33.832+0100: 17714.908: Total time for which application threads were stopped: 0.0185585 seconds, Stopping threads took: 0.0000482 seconds
{Heap before GC invocations=188 (full 3):
 par new generation   total 109248K, used 95912K [0x00000000e0000000, 0x00000000e8000000, 0x00000000e8000000)
  eden space 87424K,  99% used [0x00000000e0000000, 0x00000000e5534138, 0x00000000e5560000)
  from space 21824K,  39% used [0x00000000e5560000, 0x00000000e5dd5f70, 0x00000000e6ab0000)
  to   space 21824K,   0% used [0x00000000e6ab0000, 0x00000000e6ab0000, 0x00000000e8000000)
 concurrent mark-sweep generation total 393216K, used 132060K [0x00000000e8000000, 0x0000000100000000, 0x0000000100000000)
 Metaspace       used 36945K, capacity 37460K, committed 37732K, reserved 1083392K
  class space    used 3996K, capacity 4152K, committed 4196K, reserved 1048576K
2016-05-12T14:28:34.298+0100: 17715.373: [GC (Allocation Failure) 2016-05-12T14:28:34.298+0100: 17715.373: [ParNew
Desired survivor size 20112992 bytes, new threshold 8 (max 8)
- age   1:    9474760 bytes,    9474760 total
- age   2:    1627472 bytes,   11102232 total
- age   3:       9600 bytes,   11111832 total
- age   4:      18416 bytes,   11130248 total
- age   5:       1232 bytes,   11131480 total
- age   6:      43504 bytes,   11174984 total
- age   7:      84808 bytes,   11259792 total
- age   8:       2352 bytes,   11262144 total
: 95912K->11337K(109248K), 0.0198274 secs] 227972K->143765K(502464K), 0.0199727 secs] [Times: user=0.02 sys=0.00, real=0.02 secs] 
Heap after GC invocations=189 (full 3):
 par new generation   total 109248K, used 11337K [0x00000000e0000000, 0x00000000e8000000, 0x00000000e8000000)
  eden space 87424K,   0% used [0x00000000e0000000, 0x00000000e0000000, 0x00000000e5560000)
  from space 21824K,  51% used [0x00000000e6ab0000, 0x00000000e75c26a8, 0x00000000e8000000)
  to   space 21824K,   0% used [0x00000000e5560000, 0x00000000e5560000, 0x00000000e6ab0000)
 concurrent mark-sweep generation total 393216K, used 132427K [0x00000000e8000000, 0x0000000100000000, 0x0000000100000000)
 Metaspace       used 36945K, capacity 37460K, committed 37732K, reserved 1083392K
  class space    used 3996K, capacity 4152K, committed 4196K, reserved 1048576K
}
2016-05-12T14:28:34.318+0100: 17715.394: Total time for which application threads were stopped: 0.0204426 seconds, Stopping threads took: 0.0000624 seconds
{Heap before GC invocations=189 (full 3):
 par new generation   total 109248K, used 98761K [0x00000000e0000000, 0x00000000e8000000, 0x00000000e8000000)
  eden space 87424K, 100% used [0x00000000e0000000, 0x00000000e5560000, 0x00000000e5560000)
  from space 21824K,  51% used [0x00000000e6ab0000, 0x00000000e75c26a8, 0x00000000e8000000)
  to   space 21824K,   0% used [0x00000000e5560000, 0x00000000e5560000, 0x00000000e6ab0000)
 concurrent mark-sweep generation total 393216K, used 132427K [0x00000000e8000000, 0x0000000100000000, 0x0000000100000000)
 Metaspace       used 36945K, capacity 37460K, committed 37732K, reserved 1083392K
  class space    used 3996K, capacity 4152K, committed 4196K, reserved 1048576K
2016-05-12T14:28:34.875+0100: 17715.951: [GC (Allocation Failure) 2016-05-12T14:28:34.876+0100: 17715.951: [ParNew
Desired survivor size 20112992 bytes, new threshold 8 (max 8)
- age   1:   10808880 bytes,   10808880 total
- age   2:    6369168 bytes,   17178048 total
- age   3:    1619264 bytes,   18797312 total
- age   4:       9600 bytes,   18806912 total
- age   5:      18416 bytes,   18825328 total
- age   6:       1232 bytes,   18826560 total
- age   7:      43504 bytes,   18870064 total
- age   8:      84808 bytes,   18954872 total
: 98761K->20614K(109248K), 0.0204505 secs] 231189K->153044K(502464K), 0.0206116 secs] [Times: user=0.03 sys=0.00, real=0.02 secs] 
Heap after GC invocations=190 (full 3):
 par new generation   total 109248K, used 20614K [0x00000000e0000000, 0x00000000e8000000, 0x00000000e8000000)
  eden space 87424K,   0% used [0x00000000e0000000, 0x00000000e0000000, 0x00000000e5560000)
  from space 21824K,  94% used [0x00000000e5560000, 0x00000000e6981b28, 0x00000000e6ab0000)
  to   space 21824K,   0% used [0x00000000e6ab0000, 0x00000000e6ab0000, 0x00000000e8000000)
 concurrent mark-sweep generation total 393216K, used 132430K [0x00000000e8000000, 0x0000000100000000, 0x0000000100000000)
 Metaspace       used 36945K, capacity 37460K, committed 37732K, reserved 1083392K
  class space    used 3996K, capacity 4152K, committed 4196K, reserved 1048576K
}
2016-05-12T14:28:34.896+0100: 17715.972: Total time for which application threads were stopped: 0.0211335 seconds, Stopping threads took: 0.0000553 seconds
2016-05-12T14:28:35.337+0100: 17716.412: Total time for which application threads were stopped: 0.0005630 seconds, Stopping threads took: 0.0003088 seconds
{Heap before GC invocations=190 (full 3):
 par new generation   total 109248K, used 103006K [0x00000000e0000000, 0x00000000e8000000, 0x00000000e8000000)
  eden space 87424K,  94% used [0x00000000e0000000, 0x00000000e5075e90, 0x00000000e5560000)
  from space 21824K,  94% used [0x00000000e5560000, 0x00000000e6981b28, 0x00000000e6ab0000)
  to   space 21824K,   0% used [0x00000000e6ab0000, 0x00000000e6ab0000, 0x00000000e8000000)
 concurrent mark-sweep generation total 393216K, used 132430K [0x00000000e8000000, 0x0000000100000000, 0x0000000100000000)
 Metaspace       used 36955K, capacity 37460K, committed 37732K, reserved 1083392K
  class space    used 3996K, capacity 4152K, committed 4196K, reserved 1048576K
2016-05-12T14:28:35.476+0100: 17716.551: [GC (Allocation Failure) 2016-05-12T14:28:35.476+0100: 17716.551: [ParNew
Desired survivor size 20112992 bytes, new threshold 3 (max 8)
- age   1:   11834496 bytes,   11834496 total
- age   2:    4384032 bytes,   16218528 total
- age   3:    4433568 bytes,   20652096 total
- age   4:    1619192 bytes,   22271288 total
- age   5:       9600 bytes,   22280888 total
- age   6:      18416 bytes,   22299304 total
- age   7:       1232 bytes,   22300536 total
- age   8:      43504 bytes,   22344040 total
: 103006K->21824K(109248K), 0.0547128 secs] 235436K->156906K(502464K), 0.0549845 secs] [Times: user=0.06 sys=0.00, real=0.05 secs] 
Heap after GC invocations=191 (full 3):
 par new generation   total 109248K, used 21824K [0x00000000e0000000, 0x00000000e8000000, 0x00000000e8000000)
  eden space 87424K,   0% used [0x00000000e0000000, 0x00000000e0000000, 0x00000000e5560000)
  from space 21824K, 100% used [0x00000000e6ab0000, 0x00000000e8000000, 0x00000000e8000000)
  to   space 21824K,   0% used [0x00000000e5560000, 0x00000000e5560000, 0x00000000e6ab0000)
 concurrent mark-sweep generation total 393216K, used 135082K [0x00000000e8000000, 0x0000000100000000, 0x0000000100000000)
 Metaspace       used 36955K, capacity 37460K, committed 37732K, reserved 1083392K
  class space    used 3996K, capacity 4152K, committed 4196K, reserved 1048576K
}
2016-05-12T14:28:35.531+0100: 17716.606: Total time for which application threads were stopped: 0.0555570 seconds, Stopping threads took: 0.0001508 seconds
{Heap before GC invocations=191 (full 3):
 par new generation   total 109248K, used 105230K [0x00000000e0000000, 0x00000000e8000000, 0x00000000e8000000)
  eden space 87424K,  95% used [0x00000000e0000000, 0x00000000e5173a28, 0x00000000e5560000)
  from space 21824K, 100% used [0x00000000e6ab0000, 0x00000000e8000000, 0x00000000e8000000)
  to   space 21824K,   0% used [0x00000000e5560000, 0x00000000e5560000, 0x00000000e6ab0000)
 concurrent mark-sweep generation total 393216K, used 135082K [0x00000000e8000000, 0x0000000100000000, 0x0000000100000000)
 Metaspace       used 36955K, capacity 37460K, committed 37732K, reserved 1083392K
  class space    used 3996K, capacity 4152K, committed 4196K, reserved 1048576K
2016-05-12T14:28:35.936+0100: 17717.012: [GC (Allocation Failure) 2016-05-12T14:28:35.936+0100: 17717.012: [ParNew
Desired survivor size 20112992 bytes, new threshold 3 (max 8)
- age   1:   15753232 bytes,   15753232 total
- age   2:    3418952 bytes,   19172184 total
- age   3:    3166192 bytes,   22338376 total
: 105230K->21824K(109248K), 0.0304688 secs] 240312K->168873K(502464K), 0.0306204 secs] [Times: user=0.06 sys=0.00, real=0.03 secs] 
Heap after GC invocations=192 (full 3):
 par new generation   total 109248K, used 21824K [0x00000000e0000000, 0x00000000e8000000, 0x00000000e8000000)
  eden space 87424K,   0% used [0x00000000e0000000, 0x00000000e0000000, 0x00000000e5560000)
  from space 21824K, 100% used [0x00000000e5560000, 0x00000000e6ab0000, 0x00000000e6ab0000)
  to   space 21824K,   0% used [0x00000000e6ab0000, 0x00000000e6ab0000, 0x00000000e8000000)
 concurrent mark-sweep generation total 393216K, used 147049K [0x00000000e8000000, 0x0000000100000000, 0x0000000100000000)
 Metaspace       used 36955K, capacity 37460K, committed 37732K, reserved 1083392K
  class space    used 3996K, capacity 4152K, committed 4196K, reserved 1048576K
}
2016-05-12T14:28:35.967+0100: 17717.043: Total time for which application threads were stopped: 0.0319834 seconds, Stopping threads took: 0.0009413 seconds
{Heap before GC invocations=192 (full 3):
 par new generation   total 109248K, used 109248K [0x00000000e0000000, 0x00000000e8000000, 0x00000000e8000000)
  eden space 87424K, 100% used [0x00000000e0000000, 0x00000000e5560000, 0x00000000e5560000)
  from space 21824K, 100% used [0x00000000e5560000, 0x00000000e6ab0000, 0x00000000e6ab0000)
  to   space 21824K,   0% used [0x00000000e6ab0000, 0x00000000e6ab0000, 0x00000000e8000000)
 concurrent mark-sweep generation total 393216K, used 147049K [0x00000000e8000000, 0x0000000100000000, 0x0000000100000000)
 Metaspace       used 36955K, capacity 37460K, committed 37732K, reserved 1083392K
  class space    used 3996K, capacity 4152K, committed 4196K, reserved 1048576K
2016-05-12T14:28:36.385+0100: 17717.461: [GC (Allocation Failure) 2016-05-12T14:28:36.385+0100: 17717.461: [ParNew
Desired survivor size 20112992 bytes, new threshold 8 (max 8)
- age   1:    9057056 bytes,    9057056 total
- age   2:    3471408 bytes,   12528464 total
- age   3:    3418104 bytes,   15946568 total
: 109248K->20331K(109248K), 0.0293041 secs] 256297K->182415K(502464K), 0.0294589 secs] [Times: user=0.05 sys=0.00, real=0.03 secs] 
Heap after GC invocations=193 (full 3):
 par new generation   total 109248K, used 20331K [0x00000000e0000000, 0x00000000e8000000, 0x00000000e8000000)
  eden space 87424K,   0% used [0x00000000e0000000, 0x00000000e0000000, 0x00000000e5560000)
  from space 21824K,  93% used [0x00000000e6ab0000, 0x00000000e7e8ae80, 0x00000000e8000000)
  to   space 21824K,   0% used [0x00000000e5560000, 0x00000000e5560000, 0x00000000e6ab0000)
 concurrent mark-sweep generation total 393216K, used 162083K [0x00000000e8000000, 0x0000000100000000, 0x0000000100000000)
 Metaspace       used 36955K, capacity 37460K, committed 37732K, reserved 1083392K
  class space    used 3996K, capacity 4152K, committed 4196K, reserved 1048576K
}
2016-05-12T14:28:36.415+0100: 17717.490: Total time for which application threads were stopped: 0.0379690 seconds, Stopping threads took: 0.0080663 seconds
2016-05-12T14:28:36.852+0100: 17717.927: Total time for which application threads were stopped: 0.0001911 seconds, Stopping threads took: 0.0000450 seconds
2016-05-12T14:28:36.877+0100: 17717.953: Total time for which application threads were stopped: 0.0240576 seconds, Stopping threads took: 0.0000521 seconds
2016-05-12T14:28:36.887+0100: 17717.963: Total time for which application threads were stopped: 0.0002219 seconds, Stopping threads took: 0.0000529 seconds
2016-05-12T14:28:36.888+0100: 17717.964: Total time for which application threads were stopped: 0.0001500 seconds, Stopping threads took: 0.0000434 seconds
{Heap before GC invocations=193 (full 3):
 par new generation   total 109248K, used 107755K [0x00000000e0000000, 0x00000000e8000000, 0x00000000e8000000)
  eden space 87424K, 100% used [0x00000000e0000000, 0x00000000e5560000, 0x00000000e5560000)
  from space 21824K,  93% used [0x00000000e6ab0000, 0x00000000e7e8ae80, 0x00000000e8000000)
  to   space 21824K,   0% used [0x00000000e5560000, 0x00000000e5560000, 0x00000000e6ab0000)
 concurrent mark-sweep generation total 393216K, used 162083K [0x00000000e8000000, 0x0000000100000000, 0x0000000100000000)
 Metaspace       used 36965K, capacity 37460K, committed 37732K, reserved 1083392K
  class space    used 3996K, capacity 4152K, committed 4196K, reserved 1048576K
2016-05-12T14:28:37.045+0100: 17718.121: [GC (Allocation Failure) 2016-05-12T14:28:37.045+0100: 17718.121: [ParNew
Desired survivor size 20112992 bytes, new threshold 8 (max 8)
- age   1:    1263752 bytes,    1263752 total
- age   2:    2342952 bytes,    3606704 total
- age   3:       4256 bytes,    3610960 total
- age   4:    3062176 bytes,    6673136 total
: 107755K->10983K(109248K), 0.0153011 secs] 269839K->173067K(502464K), 0.0154370 secs] [Times: user=0.02 sys=0.00, real=0.02 secs] 
Heap after GC invocations=194 (full 3):
 par new generation   total 109248K, used 10983K [0x00000000e0000000, 0x00000000e8000000, 0x00000000e8000000)
  eden space 87424K,   0% used [0x00000000e0000000, 0x00000000e0000000, 0x00000000e5560000)
  from space 21824K,  50% used [0x00000000e5560000, 0x00000000e6019fb8, 0x00000000e6ab0000)
  to   space 21824K,   0% used [0x00000000e6ab0000, 0x00000000e6ab0000, 0x00000000e8000000)
 concurrent mark-sweep generation total 393216K, used 162083K [0x00000000e8000000, 0x0000000100000000, 0x0000000100000000)
 Metaspace       used 36965K, capacity 37460K, committed 37732K, reserved 1083392K
  class space    used 3996K, capacity 4152K, committed 4196K, reserved 1048576K
}
2016-05-12T14:28:37.061+0100: 17718.136: Total time for which application threads were stopped: 0.0159147 seconds, Stopping threads took: 0.0000545 seconds
2016-05-12T14:28:38.063+0100: 17719.138: Total time for which application threads were stopped: 0.0001974 seconds, Stopping threads took: 0.0000490 seconds
2016-05-12T14:28:40.594+0100: 17721.670: Total time for which application threads were stopped: 0.0354429 seconds, Stopping threads took: 0.0352573 seconds
2016-05-12T14:28:40.595+0100: 17721.671: Total time for which application threads were stopped: 0.0002732 seconds, Stopping threads took: 0.0000395 seconds
2016-05-12T14:28:40.595+0100: 17721.671: Total time for which application threads were stopped: 0.0001019 seconds, Stopping threads took: 0.0000276 seconds
2016-05-12T14:28:40.596+0100: 17721.671: Total time for which application threads were stopped: 0.0002653 seconds, Stopping threads took: 0.0000261 seconds
2016-05-12T14:28:40.603+0100: 17721.679: Total time for which application threads were stopped: 0.0032400 seconds, Stopping threads took: 0.0030007 seconds
2016-05-12T14:28:40.606+0100: 17721.682: Total time for which application threads were stopped: 0.0002353 seconds, Stopping threads took: 0.0000837 seconds
2016-05-12T14:28:40.607+0100: 17721.682: Total time for which application threads were stopped: 0.0003245 seconds, Stopping threads took: 0.0000411 seconds
2016-05-12T14:28:41.607+0100: 17722.682: Total time for which application threads were stopped: 0.0001579 seconds, Stopping threads took: 0.0000490 seconds
2016-05-12T14:29:58.606+0100: 17799.683: Total time for which application threads were stopped: 0.0002251 seconds, Stopping threads took: 0.0000569 seconds
2016-05-12T14:29:58.607+0100: 17799.683: Total time for which application threads were stopped: 0.0001058 seconds, Stopping threads took: 0.0000300 seconds
2016-05-12T14:29:58.627+0100: 17799.704: Total time for which application threads were stopped: 0.0001532 seconds, Stopping threads took: 0.0000403 seconds
2016-05-12T14:29:58.628+0100: 17799.704: Total time for which application threads were stopped: 0.0000821 seconds, Stopping threads took: 0.0000205 seconds
2016-05-12T14:29:58.628+0100: 17799.705: Total time for which application threads were stopped: 0.0001145 seconds, Stopping threads took: 0.0000237 seconds
2016-05-12T14:29:58.630+0100: 17799.707: Total time for which application threads were stopped: 0.0002661 seconds, Stopping threads took: 0.0001421 seconds
2016-05-12T14:30:00.979+0100: 17802.056: Total time for which application threads were stopped: 0.0002432 seconds, Stopping threads took: 0.0001058 seconds
2016-05-12T14:30:00.979+0100: 17802.056: Total time for which application threads were stopped: 0.0000955 seconds, Stopping threads took: 0.0000276 seconds
2016-05-12T14:30:01.075+0100: 17802.152: Total time for which application threads were stopped: 0.0002322 seconds, Stopping threads took: 0.0000537 seconds
{Heap before GC invocations=194 (full 3):
 par new generation   total 109248K, used 95377K [0x00000000e0000000, 0x00000000e8000000, 0x00000000e8000000)
  eden space 87424K,  96% used [0x00000000e0000000, 0x00000000e526a750, 0x00000000e5560000)
  from space 21824K,  50% used [0x00000000e5560000, 0x00000000e6019fb8, 0x00000000e6ab0000)
  to   space 21824K,   0% used [0x00000000e6ab0000, 0x00000000e6ab0000, 0x00000000e8000000)
 concurrent mark-sweep generation total 393216K, used 162083K [0x00000000e8000000, 0x0000000100000000, 0x0000000100000000)
 Metaspace       used 36974K, capacity 37460K, committed 37732K, reserved 1083392K
  class space    used 3996K, capacity 4152K, committed 4196K, reserved 1048576K
2016-05-12T14:30:06.221+0100: 17807.298: [GC (Allocation Failure) 2016-05-12T14:30:06.221+0100: 17807.298: [ParNew
Desired survivor size 20112992 bytes, new threshold 8 (max 8)
- age   1:    8526696 bytes,    8526696 total
- age   2:    1188408 bytes,    9715104 total
- age   3:    2342672 bytes,   12057776 total
- age   4:       3792 bytes,   12061568 total
- age   5:    3060928 bytes,   15122496 total
: 95377K->15156K(109248K), 0.0167525 secs] 257461K->177240K(502464K), 0.0169191 secs] [Times: user=0.03 sys=0.00, real=0.02 secs] 
Heap after GC invocations=195 (full 3):
 par new generation   total 109248K, used 15156K [0x00000000e0000000, 0x00000000e8000000, 0x00000000e8000000)
  eden space 87424K,   0% used [0x00000000e0000000, 0x00000000e0000000, 0x00000000e5560000)
  from space 21824K,  69% used [0x00000000e6ab0000, 0x00000000e797d248, 0x00000000e8000000)
  to   space 21824K,   0% used [0x00000000e5560000, 0x00000000e5560000, 0x00000000e6ab0000)
 concurrent mark-sweep generation total 393216K, used 162083K [0x00000000e8000000, 0x0000000100000000, 0x0000000100000000)
 Metaspace       used 36974K, capacity 37460K, committed 37732K, reserved 1083392K
  class space    used 3996K, capacity 4152K, committed 4196K, reserved 1048576K
}
2016-05-12T14:30:06.238+0100: 17807.315: Total time for which application threads were stopped: 0.0175114 seconds, Stopping threads took: 0.0000774 seconds
2016-05-12T14:30:10.361+0100: 17811.441: Total time for which application threads were stopped: 0.0002203 seconds, Stopping threads took: 0.0000482 seconds
2016-05-12T14:30:10.366+0100: 17811.445: Total time for which application threads were stopped: 0.0004777 seconds, Stopping threads took: 0.0003064 seconds
2016-05-12T14:30:10.367+0100: 17811.447: Total time for which application threads were stopped: 0.0001406 seconds, Stopping threads took: 0.0000395 seconds
2016-05-12T14:30:10.370+0100: 17811.450: Total time for which application threads were stopped: 0.0001777 seconds, Stopping threads took: 0.0000466 seconds
2016-05-12T14:30:10.370+0100: 17811.450: Total time for which application threads were stopped: 0.0001011 seconds, Stopping threads took: 0.0000276 seconds
2016-05-12T14:30:10.370+0100: 17811.450: Total time for which application threads were stopped: 0.0001113 seconds, Stopping threads took: 0.0000292 seconds
{Heap before GC invocations=195 (full 3):
 par new generation   total 109248K, used 101788K [0x00000000e0000000, 0x00000000e8000000, 0x00000000e8000000)
  eden space 87424K,  99% used [0x00000000e0000000, 0x00000000e5499f08, 0x00000000e5560000)
  from space 21824K,  69% used [0x00000000e6ab0000, 0x00000000e797d248, 0x00000000e8000000)
  to   space 21824K,   0% used [0x00000000e5560000, 0x00000000e5560000, 0x00000000e6ab0000)
 concurrent mark-sweep generation total 393216K, used 162083K [0x00000000e8000000, 0x0000000100000000, 0x0000000100000000)
 Metaspace       used 36975K, capacity 37460K, committed 37732K, reserved 1083392K
  class space    used 3996K, capacity 4152K, committed 4196K, reserved 1048576K
2016-05-12T14:30:12.844+0100: 17813.924: [GC (Allocation Failure) 2016-05-12T14:30:12.844+0100: 17813.924: [ParNew
Desired survivor size 20112992 bytes, new threshold 8 (max 8)
- age   1:    3384504 bytes,    3384504 total
- age   2:     116520 bytes,    3501024 total
- age   3:    1188192 bytes,    4689216 total
- age   4:    2342672 bytes,    7031888 total
- age   5:       3792 bytes,    7035680 total
- age   6:    3060928 bytes,   10096608 total
: 101788K->10999K(109248K), 0.0147065 secs] 263872K->173083K(502464K), 0.0148613 secs] [Times: user=0.00 sys=0.00, real=0.01 secs] 
Heap after GC invocations=196 (full 3):
 par new generation   total 109248K, used 10999K [0x00000000e0000000, 0x00000000e8000000, 0x00000000e8000000)
  eden space 87424K,   0% used [0x00000000e0000000, 0x00000000e0000000, 0x00000000e5560000)
  from space 21824K,  50% used [0x00000000e5560000, 0x00000000e601dd78, 0x00000000e6ab0000)
  to   space 21824K,   0% used [0x00000000e6ab0000, 0x00000000e6ab0000, 0x00000000e8000000)
 concurrent mark-sweep generation total 393216K, used 162083K [0x00000000e8000000, 0x0000000100000000, 0x0000000100000000)
 Metaspace       used 36975K, capacity 37460K, committed 37732K, reserved 1083392K
  class space    used 3996K, capacity 4152K, committed 4196K, reserved 1048576K
}
2016-05-12T14:30:12.859+0100: 17813.939: Total time for which application threads were stopped: 0.0153651 seconds, Stopping threads took: 0.0000845 seconds
2016-05-12T14:30:14.208+0100: 17815.288: Total time for which application threads were stopped: 0.0007281 seconds, Stopping threads took: 0.0005370 seconds
2016-05-12T14:30:14.209+0100: 17815.289: Total time for which application threads were stopped: 0.0001840 seconds, Stopping threads took: 0.0000411 seconds
2016-05-12T14:30:15.218+0100: 17816.298: Total time for which application threads were stopped: 0.0001564 seconds, Stopping threads took: 0.0000490 seconds
2016-05-12T14:30:18.743+0100: 17819.824: Total time for which application threads were stopped: 0.0001990 seconds, Stopping threads took: 0.0000458 seconds
2016-05-12T14:30:18.748+0100: 17819.828: Total time for which application threads were stopped: 0.0002835 seconds, Stopping threads took: 0.0000845 seconds
2016-05-12T14:30:49.324+0100: 17850.407: Total time for which application threads were stopped: 0.0001840 seconds, Stopping threads took: 0.0000537 seconds
2016-05-12T14:31:01.281+0100: 17862.361: Total time for which application threads were stopped: 0.0001571 seconds, Stopping threads took: 0.0000482 seconds
2016-05-12T14:31:01.282+0100: 17862.361: Total time for which application threads were stopped: 0.0001011 seconds, Stopping threads took: 0.0000419 seconds
2016-05-12T14:31:01.282+0100: 17862.362: Total time for which application threads were stopped: 0.0001579 seconds, Stopping threads took: 0.0000355 seconds
2016-05-12T14:31:01.742+0100: 17862.822: Total time for which application threads were stopped: 0.0003222 seconds, Stopping threads took: 0.0000466 seconds
2016-05-12T14:31:01.743+0100: 17862.822: Total time for which application threads were stopped: 0.0000932 seconds, Stopping threads took: 0.0000213 seconds
2016-05-12T14:31:02.923+0100: 17864.002: Total time for which application threads were stopped: 0.0002037 seconds, Stopping threads took: 0.0000513 seconds
2016-05-12T14:31:02.924+0100: 17864.003: Total time for which application threads were stopped: 0.0001895 seconds, Stopping threads took: 0.0000419 seconds
{Heap before GC invocations=196 (full 3):
 par new generation   total 109248K, used 98423K [0x00000000e0000000, 0x00000000e8000000, 0x00000000e8000000)
  eden space 87424K, 100% used [0x00000000e0000000, 0x00000000e5560000, 0x00000000e5560000)
  from space 21824K,  50% used [0x00000000e5560000, 0x00000000e601dd78, 0x00000000e6ab0000)
  to   space 21824K,   0% used [0x00000000e6ab0000, 0x00000000e6ab0000, 0x00000000e8000000)
 concurrent mark-sweep generation total 393216K, used 162083K [0x00000000e8000000, 0x0000000100000000, 0x0000000100000000)
 Metaspace       used 36976K, capacity 37460K, committed 37732K, reserved 1083392K
  class space    used 3996K, capacity 4152K, committed 4196K, reserved 1048576K
2016-05-12T14:31:03.657+0100: 17864.737: [GC (Allocation Failure) 2016-05-12T14:31:03.657+0100: 17864.737: [ParNew
Desired survivor size 20112992 bytes, new threshold 8 (max 8)
- age   1:     517744 bytes,     517744 total
- age   2:      44648 bytes,     562392 total
- age   3:     103576 bytes,     665968 total
- age   4:    1187976 bytes,    1853944 total
- age   5:    2342456 bytes,    4196400 total
- age   6:       3792 bytes,    4200192 total
- age   7:    3060928 bytes,    7261120 total
: 98423K->8493K(109248K), 0.0110275 secs] 260507K->170577K(502464K), 0.0111847 secs] [Times: user=0.03 sys=0.00, real=0.01 secs] 
Heap after GC invocations=197 (full 3):
 par new generation   total 109248K, used 8493K [0x00000000e0000000, 0x00000000e8000000, 0x00000000e8000000)
  eden space 87424K,   0% used [0x00000000e0000000, 0x00000000e0000000, 0x00000000e5560000)
  from space 21824K,  38% used [0x00000000e6ab0000, 0x00000000e72fb5d8, 0x00000000e8000000)
  to   space 21824K,   0% used [0x00000000e5560000, 0x00000000e5560000, 0x00000000e6ab0000)
 concurrent mark-sweep generation total 393216K, used 162083K [0x00000000e8000000, 0x0000000100000000, 0x0000000100000000)
 Metaspace       used 36976K, capacity 37460K, committed 37732K, reserved 1083392K
  class space    used 3996K, capacity 4152K, committed 4196K, reserved 1048576K
}
2016-05-12T14:31:03.669+0100: 17864.748: Total time for which application threads were stopped: 0.0119388 seconds, Stopping threads took: 0.0002953 seconds
2016-05-12T14:31:08.669+0100: 17869.749: Total time for which application threads were stopped: 0.0001761 seconds, Stopping threads took: 0.0000466 seconds
2016-05-12T14:31:09.669+0100: 17870.749: Total time for which application threads were stopped: 0.0001571 seconds, Stopping threads took: 0.0000450 seconds
2016-05-12T14:31:16.341+0100: 17877.422: Total time for which application threads were stopped: 0.0108814 seconds, Stopping threads took: 0.0000545 seconds
2016-05-12T14:31:16.341+0100: 17877.422: Total time for which application threads were stopped: 0.0001374 seconds, Stopping threads took: 0.0000276 seconds
2016-05-12T14:31:17.341+0100: 17878.422: Total time for which application threads were stopped: 0.0001556 seconds, Stopping threads took: 0.0000482 seconds
2016-05-12T14:31:27.342+0100: 17888.422: Total time for which application threads were stopped: 0.0001492 seconds, Stopping threads took: 0.0000450 seconds
{Heap before GC invocations=197 (full 3):
 par new generation   total 109248K, used 95891K [0x00000000e0000000, 0x00000000e8000000, 0x00000000e8000000)
  eden space 87424K,  99% used [0x00000000e0000000, 0x00000000e5559960, 0x00000000e5560000)
  from space 21824K,  38% used [0x00000000e6ab0000, 0x00000000e72fb5d8, 0x00000000e8000000)
  to   space 21824K,   0% used [0x00000000e5560000, 0x00000000e5560000, 0x00000000e6ab0000)
 concurrent mark-sweep generation total 393216K, used 162083K [0x00000000e8000000, 0x0000000100000000, 0x0000000100000000)
 Metaspace       used 37054K, capacity 37524K, committed 37988K, reserved 1083392K
  class space    used 3997K, capacity 4152K, committed 4196K, reserved 1048576K
2016-05-12T14:31:35.833+0100: 17896.914: [GC (Allocation Failure) 2016-05-12T14:31:35.833+0100: 17896.914: [ParNew
Desired survivor size 20112992 bytes, new threshold 8 (max 8)
- age   1:     448624 bytes,     448624 total
- age   2:      83008 bytes,     531632 total
- age   3:      44648 bytes,     576280 total
- age   4:     103576 bytes,     679856 total
- age   5:    1187544 bytes,    1867400 total
- age   6:    2342456 bytes,    4209856 total
- age   7:       3792 bytes,    4213648 total
- age   8:    3060928 bytes,    7274576 total
: 95891K->8800K(109248K), 0.0124063 secs] 257975K->170884K(502464K), 0.0125792 secs] [Times: user=0.02 sys=0.00, real=0.01 secs] 
Heap after GC invocations=198 (full 3):
 par new generation   total 109248K, used 8800K [0x00000000e0000000, 0x00000000e8000000, 0x00000000e8000000)
  eden space 87424K,   0% used [0x00000000e0000000, 0x00000000e0000000, 0x00000000e5560000)
  from space 21824K,  40% used [0x00000000e5560000, 0x00000000e5df82a8, 0x00000000e6ab0000)
  to   space 21824K,   0% used [0x00000000e6ab0000, 0x00000000e6ab0000, 0x00000000e8000000)
 concurrent mark-sweep generation total 393216K, used 162083K [0x00000000e8000000, 0x0000000100000000, 0x0000000100000000)
 Metaspace       used 37054K, capacity 37524K, committed 37988K, reserved 1083392K
  class space    used 3997K, capacity 4152K, committed 4196K, reserved 1048576K
}
2016-05-12T14:31:35.845+0100: 17896.926: Total time for which application threads were stopped: 0.0144609 seconds, Stopping threads took: 0.0014909 seconds
2016-05-12T14:31:37.846+0100: 17898.926: Total time for which application threads were stopped: 0.0001548 seconds, Stopping threads took: 0.0000482 seconds
{Heap before GC invocations=198 (full 3):
 par new generation   total 109248K, used 96215K [0x00000000e0000000, 0x00000000e8000000, 0x00000000e8000000)
  eden space 87424K,  99% used [0x00000000e0000000, 0x00000000e555da20, 0x00000000e5560000)
  from space 21824K,  40% used [0x00000000e5560000, 0x00000000e5df82a8, 0x00000000e6ab0000)
  to   space 21824K,   0% used [0x00000000e6ab0000, 0x00000000e6ab0000, 0x00000000e8000000)
 concurrent mark-sweep generation total 393216K, used 162083K [0x00000000e8000000, 0x0000000100000000, 0x0000000100000000)
 Metaspace       used 37054K, capacity 37524K, committed 37988K, reserved 1083392K
  class space    used 3997K, capacity 4152K, committed 4196K, reserved 1048576K
2016-05-12T14:32:10.688+0100: 17931.771: [GC (Allocation Failure) 2016-05-12T14:32:10.688+0100: 17931.771: [ParNew
Desired survivor size 20112992 bytes, new threshold 8 (max 8)
- age   1:     533008 bytes,     533008 total
- age   2:      11256 bytes,     544264 total
- age   3:      79192 bytes,     623456 total
- age   4:      44648 bytes,     668104 total
- age   5:     103576 bytes,     771680 total
- age   6:    1187544 bytes,    1959224 total
- age   7:    2342456 bytes,    4301680 total
- age   8:       3792 bytes,    4305472 total
: 96215K->5436K(109248K), 0.0147105 secs] 258299K->170509K(502464K), 0.0148550 secs] [Times: user=0.03 sys=0.00, real=0.01 secs] 
Heap after GC invocations=199 (full 3):
 par new generation   total 109248K, used 5436K [0x00000000e0000000, 0x00000000e8000000, 0x00000000e8000000)
  eden space 87424K,   0% used [0x00000000e0000000, 0x00000000e0000000, 0x00000000e5560000)
  from space 21824K,  24% used [0x00000000e6ab0000, 0x00000000e6fff1f0, 0x00000000e8000000)
  to   space 21824K,   0% used [0x00000000e5560000, 0x00000000e5560000, 0x00000000e6ab0000)
 concurrent mark-sweep generation total 393216K, used 165073K [0x00000000e8000000, 0x0000000100000000, 0x0000000100000000)
 Metaspace       used 37054K, capacity 37524K, committed 37988K, reserved 1083392K
  class space    used 3997K, capacity 4152K, committed 4196K, reserved 1048576K
}
2016-05-12T14:32:10.703+0100: 17931.786: Total time for which application threads were stopped: 0.0153351 seconds, Stopping threads took: 0.0000466 seconds
2016-05-12T14:33:12.204+0100: 17993.290: Total time for which application threads were stopped: 0.0001808 seconds, Stopping threads took: 0.0000490 seconds
2016-05-12T14:33:12.206+0100: 17993.292: Total time for which application threads were stopped: 0.0001074 seconds, Stopping threads took: 0.0000268 seconds
2016-05-12T14:33:12.207+0100: 17993.292: Total time for which application threads were stopped: 0.0000892 seconds, Stopping threads took: 0.0000205 seconds
2016-05-12T14:33:12.207+0100: 17993.293: Total time for which application threads were stopped: 0.0001571 seconds, Stopping threads took: 0.0000261 seconds
2016-05-12T14:33:12.209+0100: 17993.294: Total time for which application threads were stopped: 0.0001342 seconds, Stopping threads took: 0.0000379 seconds
2016-05-12T14:33:12.209+0100: 17993.294: Total time for which application threads were stopped: 0.0000979 seconds, Stopping threads took: 0.0000221 seconds
2016-05-12T14:33:12.272+0100: 17993.357: Total time for which application threads were stopped: 0.0002006 seconds, Stopping threads took: 0.0000600 seconds
2016-05-12T14:33:12.272+0100: 17993.358: Total time for which application threads were stopped: 0.0000948 seconds, Stopping threads took: 0.0000229 seconds
2016-05-12T14:33:12.273+0100: 17993.358: Total time for which application threads were stopped: 0.0001540 seconds, Stopping threads took: 0.0000340 seconds
2016-05-12T14:33:12.276+0100: 17993.361: Total time for which application threads were stopped: 0.0002716 seconds, Stopping threads took: 0.0000837 seconds
2016-05-12T14:33:12.276+0100: 17993.362: Total time for which application threads were stopped: 0.0001216 seconds, Stopping threads took: 0.0000347 seconds
2016-05-12T14:33:12.277+0100: 17993.363: Total time for which application threads were stopped: 0.0005267 seconds, Stopping threads took: 0.0000782 seconds
2016-05-12T14:33:12.297+0100: 17993.382: Total time for which application threads were stopped: 0.0002993 seconds, Stopping threads took: 0.0000987 seconds
2016-05-12T14:33:12.512+0100: 17993.598: Total time for which application threads were stopped: 0.0002337 seconds, Stopping threads took: 0.0000576 seconds
2016-05-12T14:33:12.512+0100: 17993.598: Total time for which application threads were stopped: 0.0001113 seconds, Stopping threads took: 0.0000284 seconds
2016-05-12T14:33:12.513+0100: 17993.598: Total time for which application threads were stopped: 0.0001350 seconds, Stopping threads took: 0.0000308 seconds
2016-05-12T14:33:12.513+0100: 17993.599: Total time for which application threads were stopped: 0.0001224 seconds, Stopping threads took: 0.0000268 seconds
2016-05-12T14:33:12.707+0100: 17993.793: Total time for which application threads were stopped: 0.0005559 seconds, Stopping threads took: 0.0000861 seconds
{Heap before GC invocations=199 (full 3):
 par new generation   total 109248K, used 92859K [0x00000000e0000000, 0x00000000e8000000, 0x00000000e8000000)
  eden space 87424K,  99% used [0x00000000e0000000, 0x00000000e555fb58, 0x00000000e5560000)
  from space 21824K,  24% used [0x00000000e6ab0000, 0x00000000e6fff1f0, 0x00000000e8000000)
  to   space 21824K,   0% used [0x00000000e5560000, 0x00000000e5560000, 0x00000000e6ab0000)
 concurrent mark-sweep generation total 393216K, used 165073K [0x00000000e8000000, 0x0000000100000000, 0x0000000100000000)
 Metaspace       used 37090K, capacity 37588K, committed 37988K, reserved 1083392K
  class space    used 3997K, capacity 4152K, committed 4196K, reserved 1048576K
2016-05-12T14:33:12.832+0100: 17993.917: [GC (Allocation Failure) 2016-05-12T14:33:12.832+0100: 17993.918: [ParNew
Desired survivor size 20112992 bytes, new threshold 8 (max 8)
- age   1:    8243696 bytes,    8243696 total
- age   2:      14392 bytes,    8258088 total
- age   3:      11224 bytes,    8269312 total
- age   4:      67080 bytes,    8336392 total
- age   5:      44648 bytes,    8381040 total
- age   6:     103192 bytes,    8484232 total
- age   7:    1187352 bytes,    9671584 total
- age   8:    2342384 bytes,   12013968 total
: 92859K->12635K(109248K), 0.0893629 secs] 257932K->177712K(502464K), 0.0894861 secs] [Times: user=0.05 sys=0.00, real=0.09 secs] 
Heap after GC invocations=200 (full 3):
 par new generation   total 109248K, used 12635K [0x00000000e0000000, 0x00000000e8000000, 0x00000000e8000000)
  eden space 87424K,   0% used [0x00000000e0000000, 0x00000000e0000000, 0x00000000e5560000)
  from space 21824K,  57% used [0x00000000e5560000, 0x00000000e61b6f50, 0x00000000e6ab0000)
  to   space 21824K,   0% used [0x00000000e6ab0000, 0x00000000e6ab0000, 0x00000000e8000000)
 concurrent mark-sweep generation total 393216K, used 165076K [0x00000000e8000000, 0x0000000100000000, 0x0000000100000000)
 Metaspace       used 37090K, capacity 37588K, committed 37988K, reserved 1083392K
  class space    used 3997K, capacity 4152K, committed 4196K, reserved 1048576K
}
2016-05-12T14:33:12.921+0100: 17994.007: Total time for which application threads were stopped: 0.0900183 seconds, Stopping threads took: 0.0000442 seconds
{Heap before GC invocations=200 (full 3):
 par new generation   total 109248K, used 99723K [0x00000000e0000000, 0x00000000e8000000, 0x00000000e8000000)
  eden space 87424K,  99% used [0x00000000e0000000, 0x00000000e550bd78, 0x00000000e5560000)
  from space 21824K,  57% used [0x00000000e5560000, 0x00000000e61b6f50, 0x00000000e6ab0000)
  to   space 21824K,   0% used [0x00000000e6ab0000, 0x00000000e6ab0000, 0x00000000e8000000)
 concurrent mark-sweep generation total 393216K, used 165076K [0x00000000e8000000, 0x0000000100000000, 0x0000000100000000)
 Metaspace       used 37090K, capacity 37588K, committed 37988K, reserved 1083392K
  class space    used 3997K, capacity 4152K, committed 4196K, reserved 1048576K
2016-05-12T14:33:13.348+0100: 17994.434: [GC (Allocation Failure) 2016-05-12T14:33:13.348+0100: 17994.434: [ParNew
Desired survivor size 20112992 bytes, new threshold 8 (max 8)
- age   1:    6212400 bytes,    6212400 total
- age   2:    7160072 bytes,   13372472 total
- age   3:      13920 bytes,   13386392 total
- age   4:      11224 bytes,   13397616 total
- age   5:      67080 bytes,   13464696 total
- age   6:      44648 bytes,   13509344 total
- age   7:     103192 bytes,   13612536 total
- age   8:    1187352 bytes,   14799888 total
: 99723K->16367K(109248K), 0.0202989 secs] 264800K->183731K(502464K), 0.0204576 secs] [Times: user=0.03 sys=0.00, real=0.02 secs] 
Heap after GC invocations=201 (full 3):
 par new generation   total 109248K, used 16367K [0x00000000e0000000, 0x00000000e8000000, 0x00000000e8000000)
  eden space 87424K,   0% used [0x00000000e0000000, 0x00000000e0000000, 0x00000000e5560000)
  from space 21824K,  74% used [0x00000000e6ab0000, 0x00000000e7aabe40, 0x00000000e8000000)
  to   space 21824K,   0% used [0x00000000e5560000, 0x00000000e5560000, 0x00000000e6ab0000)
 concurrent mark-sweep generation total 393216K, used 167364K [0x00000000e8000000, 0x0000000100000000, 0x0000000100000000)
 Metaspace       used 37090K, capacity 37588K, committed 37988K, reserved 1083392K
  class space    used 3997K, capacity 4152K, committed 4196K, reserved 1048576K
}
2016-05-12T14:33:13.369+0100: 17994.455: Total time for which application threads were stopped: 0.0209195 seconds, Stopping threads took: 0.0000529 seconds
{Heap before GC invocations=201 (full 3):
 par new generation   total 109248K, used 103791K [0x00000000e0000000, 0x00000000e8000000, 0x00000000e8000000)
  eden space 87424K, 100% used [0x00000000e0000000, 0x00000000e5560000, 0x00000000e5560000)
  from space 21824K,  74% used [0x00000000e6ab0000, 0x00000000e7aabe40, 0x00000000e8000000)
  to   space 21824K,   0% used [0x00000000e5560000, 0x00000000e5560000, 0x00000000e6ab0000)
 concurrent mark-sweep generation total 393216K, used 167364K [0x00000000e8000000, 0x0000000100000000, 0x0000000100000000)
 Metaspace       used 37090K, capacity 37588K, committed 37988K, reserved 1083392K
  class space    used 3997K, capacity 4152K, committed 4196K, reserved 1048576K
2016-05-12T14:33:13.968+0100: 17995.054: [GC (Allocation Failure) 2016-05-12T14:33:13.968+0100: 17995.054: [ParNew
Desired survivor size 20112992 bytes, new threshold 3 (max 8)
- age   1:   14433152 bytes,   14433152 total
- age   2:    4174640 bytes,   18607792 total
- age   3:    3497352 bytes,   22105144 total
- age   4:      13920 bytes,   22119064 total
- age   5:      11224 bytes,   22130288 total
- age   6:      67080 bytes,   22197368 total
- age   7:      44648 bytes,   22242016 total
- age   8:     103192 bytes,   22345208 total
: 103791K->21824K(109248K), 0.0281678 secs] 271155K->200384K(502464K), 0.0292946 secs] [Times: user=0.03 sys=0.00, real=0.03 secs] 
Heap after GC invocations=202 (full 3):
 par new generation   total 109248K, used 21824K [0x00000000e0000000, 0x00000000e8000000, 0x00000000e8000000)
  eden space 87424K,   0% used [0x00000000e0000000, 0x00000000e0000000, 0x00000000e5560000)
  from space 21824K, 100% used [0x00000000e5560000, 0x00000000e6ab0000, 0x00000000e6ab0000)
  to   space 21824K,   0% used [0x00000000e6ab0000, 0x00000000e6ab0000, 0x00000000e8000000)
 concurrent mark-sweep generation total 393216K, used 178560K [0x00000000e8000000, 0x0000000100000000, 0x0000000100000000)
 Metaspace       used 37090K, capacity 37588K, committed 37988K, reserved 1083392K
  class space    used 3997K, capacity 4152K, committed 4196K, reserved 1048576K
}
2016-05-12T14:33:13.998+0100: 17995.083: Total time for which application threads were stopped: 0.0320292 seconds, Stopping threads took: 0.0022742 seconds
{Heap before GC invocations=202 (full 3):
 par new generation   total 109248K, used 108861K [0x00000000e0000000, 0x00000000e8000000, 0x00000000e8000000)
  eden space 87424K,  99% used [0x00000000e0000000, 0x00000000e54ff510, 0x00000000e5560000)
  from space 21824K, 100% used [0x00000000e5560000, 0x00000000e6ab0000, 0x00000000e6ab0000)
  to   space 21824K,   0% used [0x00000000e6ab0000, 0x00000000e6ab0000, 0x00000000e8000000)
 concurrent mark-sweep generation total 393216K, used 178560K [0x00000000e8000000, 0x0000000100000000, 0x0000000100000000)
 Metaspace       used 37090K, capacity 37588K, committed 37988K, reserved 1083392K
  class space    used 3997K, capacity 4152K, committed 4196K, reserved 1048576K
2016-05-12T14:33:14.618+0100: 17995.704: [GC (Allocation Failure) 2016-05-12T14:33:14.618+0100: 17995.704: [ParNew
Desired survivor size 20112992 bytes, new threshold 8 (max 8)
- age   1:   10891632 bytes,   10891632 total
- age   2:    4457864 bytes,   15349496 total
- age   3:    4099248 bytes,   19448744 total
: 108861K->21824K(109248K), 0.0257467 secs] 287421K->205514K(502464K), 0.0259181 secs] [Times: user=0.06 sys=0.00, real=0.03 secs] 
Heap after GC invocations=203 (full 3):
 par new generation   total 109248K, used 21824K [0x00000000e0000000, 0x00000000e8000000, 0x00000000e8000000)
  eden space 87424K,   0% used [0x00000000e0000000, 0x00000000e0000000, 0x00000000e5560000)
  from space 21824K, 100% used [0x00000000e6ab0000, 0x00000000e8000000, 0x00000000e8000000)
  to   space 21824K,   0% used [0x00000000e5560000, 0x00000000e5560000, 0x00000000e6ab0000)
 concurrent mark-sweep generation total 393216K, used 183690K [0x00000000e8000000, 0x0000000100000000, 0x0000000100000000)
 Metaspace       used 37090K, capacity 37588K, committed 37988K, reserved 1083392K
  class space    used 3997K, capacity 4152K, committed 4196K, reserved 1048576K
}
2016-05-12T14:33:14.644+0100: 17995.730: Total time for which application threads were stopped: 0.0264708 seconds, Stopping threads took: 0.0000932 seconds
{Heap before GC invocations=203 (full 3):
 par new generation   total 109248K, used 109243K [0x00000000e0000000, 0x00000000e8000000, 0x00000000e8000000)
  eden space 87424K,  99% used [0x00000000e0000000, 0x00000000e555edd0, 0x00000000e5560000)
  from space 21824K, 100% used [0x00000000e6ab0000, 0x00000000e8000000, 0x00000000e8000000)
  to   space 21824K,   0% used [0x00000000e5560000, 0x00000000e5560000, 0x00000000e6ab0000)
 concurrent mark-sweep generation total 393216K, used 183690K [0x00000000e8000000, 0x0000000100000000, 0x0000000100000000)
 Metaspace       used 37090K, capacity 37588K, committed 37988K, reserved 1083392K
  class space    used 3997K, capacity 4152K, committed 4196K, reserved 1048576K
2016-05-12T14:33:15.066+0100: 17996.151: [GC (Allocation Failure) 2016-05-12T14:33:15.066+0100: 17996.151: [ParNew
Desired survivor size 20112992 bytes, new threshold 4 (max 8)
- age   1:    3299480 bytes,    3299480 total
- age   2:    9176552 bytes,   12476032 total
- age   3:    4455512 bytes,   16931544 total
- age   4:    4096480 bytes,   21028024 total
: 109243K->21824K(109248K), 0.0268467 secs] 292934K->215737K(502464K), 0.0269786 secs] [Times: user=0.06 sys=0.00, real=0.03 secs] 
Heap after GC invocations=204 (full 3):
 par new generation   total 109248K, used 21824K [0x00000000e0000000, 0x00000000e8000000, 0x00000000e8000000)
  eden space 87424K,   0% used [0x00000000e0000000, 0x00000000e0000000, 0x00000000e5560000)
  from space 21824K, 100% used [0x00000000e5560000, 0x00000000e6ab0000, 0x00000000e6ab0000)
  to   space 21824K,   0% used [0x00000000e6ab0000, 0x00000000e6ab0000, 0x00000000e8000000)
 concurrent mark-sweep generation total 393216K, used 193913K [0x00000000e8000000, 0x0000000100000000, 0x0000000100000000)
 Metaspace       used 37090K, capacity 37588K, committed 37988K, reserved 1083392K
  class space    used 3997K, capacity 4152K, committed 4196K, reserved 1048576K
}
2016-05-12T14:33:15.093+0100: 17996.179: Total time for which application threads were stopped: 0.0274689 seconds, Stopping threads took: 0.0000497 seconds
{Heap before GC invocations=204 (full 3):
 par new generation   total 109248K, used 98876K [0x00000000e0000000, 0x00000000e8000000, 0x00000000e8000000)
  eden space 87424K,  88% used [0x00000000e0000000, 0x00000000e4b3f238, 0x00000000e5560000)
  from space 21824K, 100% used [0x00000000e5560000, 0x00000000e6ab0000, 0x00000000e6ab0000)
  to   space 21824K,   0% used [0x00000000e6ab0000, 0x00000000e6ab0000, 0x00000000e8000000)
 concurrent mark-sweep generation total 393216K, used 193913K [0x00000000e8000000, 0x0000000100000000, 0x0000000100000000)
 Metaspace       used 37090K, capacity 37588K, committed 37988K, reserved 1083392K
  class space    used 3997K, capacity 4152K, committed 4196K, reserved 1048576K
2016-05-12T14:33:15.411+0100: 17996.497: [GC (Allocation Failure) 2016-05-12T14:33:15.411+0100: 17996.497: [ParNew
Desired survivor size 20112992 bytes, new threshold 4 (max 8)
- age   1:    7223488 bytes,    7223488 total
- age   2:    2118464 bytes,    9341952 total
- age   3:    8579896 bytes,   17921848 total
- age   4:    4422544 bytes,   22344392 total
: 98876K->21824K(109248K), 0.0561950 secs] 292790K->232090K(502464K), 0.0563585 secs] [Times: user=0.09 sys=0.02, real=0.06 secs] 
Heap after GC invocations=205 (full 3):
 par new generation   total 109248K, used 21824K [0x00000000e0000000, 0x00000000e8000000, 0x00000000e8000000)
  eden space 87424K,   0% used [0x00000000e0000000, 0x00000000e0000000, 0x00000000e5560000)
  from space 21824K, 100% used [0x00000000e6ab0000, 0x00000000e8000000, 0x00000000e8000000)
  to   space 21824K,   0% used [0x00000000e5560000, 0x00000000e5560000, 0x00000000e6ab0000)
 concurrent mark-sweep generation total 393216K, used 210266K [0x00000000e8000000, 0x0000000100000000, 0x0000000100000000)
 Metaspace       used 37090K, capacity 37588K, committed 37988K, reserved 1083392K
  class space    used 3997K, capacity 4152K, committed 4196K, reserved 1048576K
}
2016-05-12T14:33:15.468+0100: 17996.553: Total time for which application threads were stopped: 0.0573518 seconds, Stopping threads took: 0.0005496 seconds
2016-05-12T14:33:15.477+0100: 17996.563: [GC (CMS Initial Mark) [1 CMS-initial-mark: 210266K(393216K)] 244072K(502464K), 0.0030370 secs] [Times: user=0.03 sys=0.00, real=0.00 secs] 
2016-05-12T14:33:15.480+0100: 17996.566: Total time for which application threads were stopped: 0.0121559 seconds, Stopping threads took: 0.0088402 seconds
2016-05-12T14:33:15.480+0100: 17996.566: [CMS-concurrent-mark-start]
2016-05-12T14:33:15.557+0100: 17996.643: [CMS-concurrent-mark: 0.077/0.077 secs] [Times: user=0.16 sys=0.00, real=0.08 secs] 
2016-05-12T14:33:15.557+0100: 17996.643: [CMS-concurrent-preclean-start]
2016-05-12T14:33:15.560+0100: 17996.646: [CMS-concurrent-preclean: 0.003/0.003 secs] [Times: user=0.00 sys=0.00, real=0.00 secs] 
2016-05-12T14:33:15.560+0100: 17996.646: [CMS-concurrent-abortable-preclean-start]
2016-05-12T14:33:15.838+0100: 17996.924: Total time for which application threads were stopped: 0.0001998 seconds, Stopping threads took: 0.0000466 seconds
2016-05-12T14:33:15.841+0100: 17996.926: Total time for which application threads were stopped: 0.0001943 seconds, Stopping threads took: 0.0000521 seconds
2016-05-12T14:33:16.841+0100: 17997.927: Total time for which application threads were stopped: 0.0002100 seconds, Stopping threads took: 0.0000505 seconds
2016-05-12T14:33:20.160+0100: 18001.247: Total time for which application threads were stopped: 0.0002487 seconds, Stopping threads took: 0.0000869 seconds
2016-05-12T14:33:20.163+0100: 18001.249: Total time for which application threads were stopped: 0.0001540 seconds, Stopping threads took: 0.0000308 seconds
2016-05-12T14:33:20.163+0100: 18001.249: Total time for which application threads were stopped: 0.0000955 seconds, Stopping threads took: 0.0000197 seconds
2016-05-12T14:33:20.163+0100: 18001.249: Total time for which application threads were stopped: 0.0001706 seconds, Stopping threads took: 0.0000221 seconds
2016-05-12T14:33:20.163+0100: 18001.250: Total time for which application threads were stopped: 0.0000987 seconds, Stopping threads took: 0.0000197 seconds
2016-05-12T14:33:20.164+0100: 18001.250: Total time for which application threads were stopped: 0.0000971 seconds, Stopping threads took: 0.0000205 seconds
2016-05-12T14:33:20.164+0100: 18001.250: Total time for which application threads were stopped: 0.0001027 seconds, Stopping threads took: 0.0000221 seconds
2016-05-12T14:33:20.164+0100: 18001.250: Total time for which application threads were stopped: 0.0001011 seconds, Stopping threads took: 0.0000221 seconds
2016-05-12T14:33:20.166+0100: 18001.252: Total time for which application threads were stopped: 0.0002116 seconds, Stopping threads took: 0.0000308 seconds
2016-05-12T14:33:21.167+0100: 18002.252: Total time for which application threads were stopped: 0.0001595 seconds, Stopping threads took: 0.0000529 seconds
 CMS: abort preclean due to time 2016-05-12T14:33:21.625+0100: 18002.710: [CMS-concurrent-abortable-preclean: 0.706/6.064 secs] [Times: user=1.05 sys=0.16, real=6.07 secs] 
2016-05-12T14:33:21.625+0100: 18002.710: [GC (CMS Final Remark) [YG occupancy: 60295 K (109248 K)]{Heap before GC invocations=205 (full 4):
 par new generation   total 109248K, used 60295K [0x00000000e0000000, 0x00000000e8000000, 0x00000000e8000000)
  eden space 87424K,  44% used [0x00000000e0000000, 0x00000000e2591fc0, 0x00000000e5560000)
  from space 21824K, 100% used [0x00000000e6ab0000, 0x00000000e8000000, 0x00000000e8000000)
  to   space 21824K,   0% used [0x00000000e5560000, 0x00000000e5560000, 0x00000000e6ab0000)
 concurrent mark-sweep generation total 393216K, used 210266K [0x00000000e8000000, 0x0000000100000000, 0x0000000100000000)
 Metaspace       used 37108K, capacity 37592K, committed 37988K, reserved 1083392K
  class space    used 3997K, capacity 4152K, committed 4196K, reserved 1048576K
2016-05-12T14:33:21.625+0100: 18002.710: [GC (CMS Final Remark) 2016-05-12T14:33:21.625+0100: 18002.710: [ParNew
Desired survivor size 20112992 bytes, new threshold 8 (max 8)
- age   1:    7373784 bytes,    7373784 total
- age   2:     136840 bytes,    7510624 total
- age   3:    1078160 bytes,    8588784 total
- age   4:    6823360 bytes,   15412144 total
: 60295K->21824K(109248K), 0.0513923 secs] 270562K->242975K(502464K), 0.0514989 secs] [Times: user=0.05 sys=0.00, real=0.05 secs] 
Heap after GC invocations=206 (full 4):
 par new generation   total 109248K, used 21824K [0x00000000e0000000, 0x00000000e8000000, 0x00000000e8000000)
  eden space 87424K,   0% used [0x00000000e0000000, 0x00000000e0000000, 0x00000000e5560000)
  from space 21824K, 100% used [0x00000000e5560000, 0x00000000e6ab0000, 0x00000000e6ab0000)
  to   space 21824K,   0% used [0x00000000e6ab0000, 0x00000000e6ab0000, 0x00000000e8000000)
 concurrent mark-sweep generation total 393216K, used 221151K [0x00000000e8000000, 0x0000000100000000, 0x0000000100000000)
 Metaspace       used 37108K, capacity 37592K, committed 37988K, reserved 1083392K
  class space    used 3997K, capacity 4152K, committed 4196K, reserved 1048576K
}
2016-05-12T14:33:21.677+0100: 18002.762: [Rescan (parallel) , 0.0043005 secs]2016-05-12T14:33:21.681+0100: 18002.766: [weak refs processing, 0.0021976 secs]2016-05-12T14:33:21.683+0100: 18002.769: [class unloading, 0.0230113 secs]2016-05-12T14:33:21.706+0100: 18002.792: [scrub symbol table, 0.0168702 secs]2016-05-12T14:33:21.723+0100: 18002.809: [scrub string table, 0.0013400 secs][1 CMS-remark: 221151K(393216K)] 242975K(502464K), 0.1134387 secs] [Times: user=0.09 sys=0.00, real=0.11 secs] 
2016-05-12T14:33:21.739+0100: 18002.824: Total time for which application threads were stopped: 0.1136906 seconds, Stopping threads took: 0.0000426 seconds
2016-05-12T14:33:21.743+0100: 18002.828: [CMS-concurrent-sweep-start]
2016-05-12T14:33:21.793+0100: 18002.878: [CMS-concurrent-sweep: 0.050/0.050 secs] [Times: user=0.05 sys=0.00, real=0.05 secs] 
2016-05-12T14:33:21.793+0100: 18002.879: [CMS-concurrent-reset-start]
2016-05-12T14:33:21.796+0100: 18002.881: [CMS-concurrent-reset: 0.002/0.002 secs] [Times: user=0.00 sys=0.00, real=0.00 secs] 
2016-05-12T14:33:37.503+0100: 18018.588: Total time for which application threads were stopped: 0.0002148 seconds, Stopping threads took: 0.0000584 seconds
2016-05-12T14:33:38.503+0100: 18019.588: Total time for which application threads were stopped: 0.0001508 seconds, Stopping threads took: 0.0000474 seconds
{Heap before GC invocations=206 (full 4):
 par new generation   total 109248K, used 108089K [0x00000000e0000000, 0x00000000e8000000, 0x00000000e8000000)
  eden space 87424K,  98% used [0x00000000e0000000, 0x00000000e543e690, 0x00000000e5560000)
  from space 21824K, 100% used [0x00000000e5560000, 0x00000000e6ab0000, 0x00000000e6ab0000)
  to   space 21824K,   0% used [0x00000000e6ab0000, 0x00000000e6ab0000, 0x00000000e8000000)
 concurrent mark-sweep generation total 393216K, used 58591K [0x00000000e8000000, 0x0000000100000000, 0x0000000100000000)
 Metaspace       used 37108K, capacity 37592K, committed 37988K, reserved 1083392K
  class space    used 3997K, capacity 4152K, committed 4196K, reserved 1048576K
2016-05-12T14:33:51.008+0100: 18032.094: [GC (Allocation Failure) 2016-05-12T14:33:51.008+0100: 18032.094: [ParNew
Desired survivor size 20112992 bytes, new threshold 8 (max 8)
- age   1:    3307336 bytes,    3307336 total
- age   2:    7373096 bytes,   10680432 total
- age   3:     136840 bytes,   10817272 total
- age   4:    1078112 bytes,   11895384 total
- age   5:    6823328 bytes,   18718712 total
: 108089K->19839K(109248K), 0.0185774 secs] 166681K->78431K(502464K), 0.0187448 secs] [Times: user=0.01 sys=0.00, real=0.02 secs] 
Heap after GC invocations=207 (full 4):
 par new generation   total 109248K, used 19839K [0x00000000e0000000, 0x00000000e8000000, 0x00000000e8000000)
  eden space 87424K,   0% used [0x00000000e0000000, 0x00000000e0000000, 0x00000000e5560000)
  from space 21824K,  90% used [0x00000000e6ab0000, 0x00000000e7e0fdc0, 0x00000000e8000000)
  to   space 21824K,   0% used [0x00000000e5560000, 0x00000000e5560000, 0x00000000e6ab0000)
 concurrent mark-sweep generation total 393216K, used 58591K [0x00000000e8000000, 0x0000000100000000, 0x0000000100000000)
 Metaspace       used 37108K, capacity 37592K, committed 37988K, reserved 1083392K
  class space    used 3997K, capacity 4152K, committed 4196K, reserved 1048576K
}
2016-05-12T14:33:51.027+0100: 18032.113: Total time for which application threads were stopped: 0.0192060 seconds, Stopping threads took: 0.0000497 seconds
2016-05-12T14:33:54.017+0100: 18035.103: Total time for which application threads were stopped: 0.0002045 seconds, Stopping threads took: 0.0000545 seconds
2016-05-12T14:33:54.019+0100: 18035.105: Total time for which application threads were stopped: 0.0019236 seconds, Stopping threads took: 0.0000308 seconds
2016-05-12T14:33:54.019+0100: 18035.105: Total time for which application threads were stopped: 0.0001603 seconds, Stopping threads took: 0.0000403 seconds
2016-05-12T14:33:54.020+0100: 18035.106: Total time for which application threads were stopped: 0.0001129 seconds, Stopping threads took: 0.0000308 seconds
2016-05-12T14:33:54.020+0100: 18035.106: Total time for which application threads were stopped: 0.0000979 seconds, Stopping threads took: 0.0000268 seconds
2016-05-12T14:33:54.020+0100: 18035.106: Total time for which application threads were stopped: 0.0001074 seconds, Stopping threads took: 0.0000276 seconds
2016-05-12T14:33:54.020+0100: 18035.106: Total time for which application threads were stopped: 0.0000987 seconds, Stopping threads took: 0.0000261 seconds
2016-05-12T14:33:55.027+0100: 18036.113: Total time for which application threads were stopped: 0.0001698 seconds, Stopping threads took: 0.0000537 seconds
{Heap before GC invocations=207 (full 4):
 par new generation   total 109248K, used 107263K [0x00000000e0000000, 0x00000000e8000000, 0x00000000e8000000)
  eden space 87424K, 100% used [0x00000000e0000000, 0x00000000e5560000, 0x00000000e5560000)
  from space 21824K,  90% used [0x00000000e6ab0000, 0x00000000e7e0fdc0, 0x00000000e8000000)
  to   space 21824K,   0% used [0x00000000e5560000, 0x00000000e5560000, 0x00000000e6ab0000)
 concurrent mark-sweep generation total 393216K, used 58591K [0x00000000e8000000, 0x0000000100000000, 0x0000000100000000)
 Metaspace       used 37108K, capacity 37592K, committed 37988K, reserved 1083392K
  class space    used 3997K, capacity 4152K, committed 4196K, reserved 1048576K
2016-05-12T14:33:55.227+0100: 18036.313: [GC (Allocation Failure) 2016-05-12T14:33:55.227+0100: 18036.313: [ParNew
Desired survivor size 20112992 bytes, new threshold 8 (max 8)
- age   1:      24616 bytes,      24616 total
- age   2:      44344 bytes,      68960 total
- age   3:    7373000 bytes,    7441960 total
- age   4:     136840 bytes,    7578800 total
- age   5:    1078112 bytes,    8656912 total
- age   6:    6823296 bytes,   15480208 total
: 107263K->17334K(109248K), 0.0151803 secs] 165855K->75926K(502464K), 0.0153288 secs] [Times: user=0.00 sys=0.01, real=0.02 secs] 
Heap after GC invocations=208 (full 4):
 par new generation   total 109248K, used 17334K [0x00000000e0000000, 0x00000000e8000000, 0x00000000e8000000)
  eden space 87424K,   0% used [0x00000000e0000000, 0x00000000e0000000, 0x00000000e5560000)
  from space 21824K,  79% used [0x00000000e5560000, 0x00000000e664d9c8, 0x00000000e6ab0000)
  to   space 21824K,   0% used [0x00000000e6ab0000, 0x00000000e6ab0000, 0x00000000e8000000)
 concurrent mark-sweep generation total 393216K, used 58591K [0x00000000e8000000, 0x0000000100000000, 0x0000000100000000)
 Metaspace       used 37108K, capacity 37592K, committed 37988K, reserved 1083392K
  class space    used 3997K, capacity 4152K, committed 4196K, reserved 1048576K
}
2016-05-12T14:33:55.243+0100: 18036.329: Total time for which application threads were stopped: 0.0159123 seconds, Stopping threads took: 0.0000450 seconds
2016-05-12T14:33:58.834+0100: 18039.920: Total time for which application threads were stopped: 0.0006112 seconds, Stopping threads took: 0.0000742 seconds
2016-05-12T14:34:05.598+0100: 18046.684: Total time for which application threads were stopped: 0.0001943 seconds, Stopping threads took: 0.0000482 seconds
2016-05-12T14:34:07.601+0100: 18048.689: Total time for which application threads were stopped: 0.0001698 seconds, Stopping threads took: 0.0000584 seconds
2016-05-12T14:34:38.256+0100: 18079.345: Total time for which application threads were stopped: 0.0002132 seconds, Stopping threads took: 0.0000419 seconds
2016-05-12T14:34:38.257+0100: 18079.345: Total time for which application threads were stopped: 0.0001019 seconds, Stopping threads took: 0.0000205 seconds
2016-05-12T14:34:38.257+0100: 18079.345: Total time for which application threads were stopped: 0.0001027 seconds, Stopping threads took: 0.0000221 seconds
2016-05-12T14:34:38.257+0100: 18079.346: Total time for which application threads were stopped: 0.0000979 seconds, Stopping threads took: 0.0000197 seconds
{Heap before GC invocations=208 (full 4):
 par new generation   total 109248K, used 103932K [0x00000000e0000000, 0x00000000e8000000, 0x00000000e8000000)
  eden space 87424K,  99% used [0x00000000e0000000, 0x00000000e5491930, 0x00000000e5560000)
  from space 21824K,  79% used [0x00000000e5560000, 0x00000000e664d9c8, 0x00000000e6ab0000)
  to   space 21824K,   0% used [0x00000000e6ab0000, 0x00000000e6ab0000, 0x00000000e8000000)
 concurrent mark-sweep generation total 393216K, used 58591K [0x00000000e8000000, 0x0000000100000000, 0x0000000100000000)
 Metaspace       used 37115K, capacity 37592K, committed 37988K, reserved 1083392K
  class space    used 3997K, capacity 4152K, committed 4196K, reserved 1048576K
2016-05-12T14:34:38.341+0100: 18079.429: [GC (Allocation Failure) 2016-05-12T14:34:38.341+0100: 18079.429: [ParNew
Desired survivor size 20112992 bytes, new threshold 8 (max 8)
- age   1:     112136 bytes,     112136 total
- age   2:      23432 bytes,     135568 total
- age   3:      43536 bytes,     179104 total
- age   4:    7373000 bytes,    7552104 total
- age   5:     136840 bytes,    7688944 total
- age   6:    1078080 bytes,    8767024 total
- age   7:    6823296 bytes,   15590320 total
: 103932K->15931K(109248K), 0.0179465 secs] 162524K->74523K(502464K), 0.0181005 secs] [Times: user=0.03 sys=0.00, real=0.02 secs] 
Heap after GC invocations=209 (full 4):
 par new generation   total 109248K, used 15931K [0x00000000e0000000, 0x00000000e8000000, 0x00000000e8000000)
  eden space 87424K,   0% used [0x00000000e0000000, 0x00000000e0000000, 0x00000000e5560000)
  from space 21824K,  72% used [0x00000000e6ab0000, 0x00000000e7a3ed20, 0x00000000e8000000)
  to   space 21824K,   0% used [0x00000000e5560000, 0x00000000e5560000, 0x00000000e6ab0000)
 concurrent mark-sweep generation total 393216K, used 58591K [0x00000000e8000000, 0x0000000100000000, 0x0000000100000000)
 Metaspace       used 37115K, capacity 37592K, committed 37988K, reserved 1083392K
  class space    used 3997K, capacity 4152K, committed 4196K, reserved 1048576K
}
2016-05-12T14:34:38.359+0100: 18079.447: Total time for which application threads were stopped: 0.0185553 seconds, Stopping threads took: 0.0000474 seconds
2016-05-12T14:34:39.347+0100: 18080.436: Total time for which application threads were stopped: 0.0003901 seconds, Stopping threads took: 0.0000419 seconds
{Heap before GC invocations=209 (full 4):
 par new generation   total 109248K, used 103234K [0x00000000e0000000, 0x00000000e8000000, 0x00000000e8000000)
  eden space 87424K,  99% used [0x00000000e0000000, 0x00000000e5541d20, 0x00000000e5560000)
  from space 21824K,  72% used [0x00000000e6ab0000, 0x00000000e7a3ed20, 0x00000000e8000000)
  to   space 21824K,   0% used [0x00000000e5560000, 0x00000000e5560000, 0x00000000e6ab0000)
 concurrent mark-sweep generation total 393216K, used 58591K [0x00000000e8000000, 0x0000000100000000, 0x0000000100000000)
 Metaspace       used 37115K, capacity 37592K, committed 37988K, reserved 1083392K
  class space    used 3997K, capacity 4152K, committed 4196K, reserved 1048576K
2016-05-12T14:34:41.850+0100: 18082.938: [GC (Allocation Failure) 2016-05-12T14:34:41.850+0100: 18082.938: [ParNew
Desired survivor size 20112992 bytes, new threshold 8 (max 8)
- age   1:    1395992 bytes,    1395992 total
- age   2:      63576 bytes,    1459568 total
- age   3:      23432 bytes,    1483000 total
- age   4:      43536 bytes,    1526536 total
- age   5:    7372744 bytes,    8899280 total
- age   6:     136840 bytes,    9036120 total
- age   7:    1078080 bytes,   10114200 total
- age   8:    6823296 bytes,   16937496 total
: 103234K->18398K(109248K), 0.0329507 secs] 161826K->76990K(502464K), 0.0331316 secs] [Times: user=0.05 sys=0.00, real=0.03 secs] 
Heap after GC invocations=210 (full 4):
 par new generation   total 109248K, used 18398K [0x00000000e0000000, 0x00000000e8000000, 0x00000000e8000000)
  eden space 87424K,   0% used [0x00000000e0000000, 0x00000000e0000000, 0x00000000e5560000)
  from space 21824K,  84% used [0x00000000e5560000, 0x00000000e6757b98, 0x00000000e6ab0000)
  to   space 21824K,   0% used [0x00000000e6ab0000, 0x00000000e6ab0000, 0x00000000e8000000)
 concurrent mark-sweep generation total 393216K, used 58591K [0x00000000e8000000, 0x0000000100000000, 0x0000000100000000)
 Metaspace       used 37115K, capacity 37592K, committed 37988K, reserved 1083392K
  class space    used 3997K, capacity 4152K, committed 4196K, reserved 1048576K
}
2016-05-12T14:34:41.883+0100: 18082.971: Total time for which application threads were stopped: 0.0336448 seconds, Stopping threads took: 0.0000750 seconds
2016-05-12T14:34:49.446+0100: 18090.535: Total time for which application threads were stopped: 0.0002061 seconds, Stopping threads took: 0.0000490 seconds
2016-05-12T14:34:55.732+0100: 18096.821: Total time for which application threads were stopped: 0.0001595 seconds, Stopping threads took: 0.0000403 seconds
2016-05-12T14:35:23.786+0100: 18124.877: Total time for which application threads were stopped: 0.0006704 seconds, Stopping threads took: 0.0005054 seconds
{Heap before GC invocations=210 (full 4):
 par new generation   total 109248K, used 104049K [0x00000000e0000000, 0x00000000e8000000, 0x00000000e8000000)
  eden space 87424K,  97% used [0x00000000e0000000, 0x00000000e53a4c60, 0x00000000e5560000)
  from space 21824K,  84% used [0x00000000e5560000, 0x00000000e6757b98, 0x00000000e6ab0000)
  to   space 21824K,   0% used [0x00000000e6ab0000, 0x00000000e6ab0000, 0x00000000e8000000)
 concurrent mark-sweep generation total 393216K, used 58591K [0x00000000e8000000, 0x0000000100000000, 0x0000000100000000)
 Metaspace       used 37118K, capacity 37592K, committed 37988K, reserved 1083392K
  class space    used 3997K, capacity 4152K, committed 4196K, reserved 1048576K
2016-05-12T14:35:37.533+0100: 18138.623: [GC (Allocation Failure) 2016-05-12T14:35:37.533+0100: 18138.623: [ParNew
Desired survivor size 20112992 bytes, new threshold 8 (max 8)
- age   1:      69608 bytes,      69608 total
- age   2:      42992 bytes,     112600 total
- age   3:      62768 bytes,     175368 total
- age   4:      23432 bytes,     198800 total
- age   5:      43536 bytes,     242336 total
- age   6:    7372744 bytes,    7615080 total
- age   7:     136840 bytes,    7751920 total
- age   8:    1078080 bytes,    8830000 total
: 104049K->9520K(109248K), 0.0264977 secs] 162641K->74776K(502464K), 0.0266651 secs] [Times: user=0.02 sys=0.00, real=0.03 secs] 
Heap after GC invocations=211 (full 4):
 par new generation   total 109248K, used 9520K [0x00000000e0000000, 0x00000000e8000000, 0x00000000e8000000)
  eden space 87424K,   0% used [0x00000000e0000000, 0x00000000e0000000, 0x00000000e5560000)
  from space 21824K,  43% used [0x00000000e6ab0000, 0x00000000e73fc378, 0x00000000e8000000)
  to   space 21824K,   0% used [0x00000000e5560000, 0x00000000e5560000, 0x00000000e6ab0000)
 concurrent mark-sweep generation total 393216K, used 65255K [0x00000000e8000000, 0x0000000100000000, 0x0000000100000000)
 Metaspace       used 37118K, capacity 37592K, committed 37988K, reserved 1083392K
  class space    used 3997K, capacity 4152K, committed 4196K, reserved 1048576K
}
2016-05-12T14:35:37.560+0100: 18138.650: Total time for which application threads were stopped: 0.0271412 seconds, Stopping threads took: 0.0000608 seconds
2016-05-12T14:35:39.642+0100: 18140.733: Total time for which application threads were stopped: 0.0001840 seconds, Stopping threads took: 0.0000411 seconds
2016-05-12T14:35:39.643+0100: 18140.733: Total time for which application threads were stopped: 0.0001145 seconds, Stopping threads took: 0.0000237 seconds
{Heap before GC invocations=211 (full 4):
 par new generation   total 109248K, used 96698K [0x00000000e0000000, 0x00000000e8000000, 0x00000000e8000000)
  eden space 87424K,  99% used [0x00000000e0000000, 0x00000000e5522770, 0x00000000e5560000)
  from space 21824K,  43% used [0x00000000e6ab0000, 0x00000000e73fc378, 0x00000000e8000000)
  to   space 21824K,   0% used [0x00000000e5560000, 0x00000000e5560000, 0x00000000e6ab0000)
 concurrent mark-sweep generation total 393216K, used 65255K [0x00000000e8000000, 0x0000000100000000, 0x0000000100000000)
 Metaspace       used 37118K, capacity 37592K, committed 37988K, reserved 1083392K
  class space    used 3997K, capacity 4152K, committed 4196K, reserved 1048576K
2016-05-12T14:35:41.081+0100: 18142.172: [GC (Allocation Failure) 2016-05-12T14:35:41.081+0100: 18142.172: [ParNew
Desired survivor size 20112992 bytes, new threshold 8 (max 8)
- age   1:    3363256 bytes,    3363256 total
- age   2:      22528 bytes,    3385784 total
- age   3:      42944 bytes,    3428728 total
- age   4:      62496 bytes,    3491224 total
- age   5:      23432 bytes,    3514656 total
- age   6:      43536 bytes,    3558192 total
- age   7:    7372744 bytes,   10930936 total
- age   8:     136840 bytes,   11067776 total
: 96698K->11395K(109248K), 0.0173487 secs] 161953K->77703K(502464K), 0.0175074 secs] [Times: user=0.03 sys=0.00, real=0.02 secs] 
Heap after GC invocations=212 (full 4):
 par new generation   total 109248K, used 11395K [0x00000000e0000000, 0x00000000e8000000, 0x00000000e8000000)
  eden space 87424K,   0% used [0x00000000e0000000, 0x00000000e0000000, 0x00000000e5560000)
  from space 21824K,  52% used [0x00000000e5560000, 0x00000000e6080da0, 0x00000000e6ab0000)
  to   space 21824K,   0% used [0x00000000e6ab0000, 0x00000000e6ab0000, 0x00000000e8000000)
 concurrent mark-sweep generation total 393216K, used 66308K [0x00000000e8000000, 0x0000000100000000, 0x0000000100000000)
 Metaspace       used 37118K, capacity 37592K, committed 37988K, reserved 1083392K
  class space    used 3997K, capacity 4152K, committed 4196K, reserved 1048576K
}
2016-05-12T14:35:41.099+0100: 18142.189: Total time for which application threads were stopped: 0.0179860 seconds, Stopping threads took: 0.0000584 seconds
{Heap before GC invocations=212 (full 4):
 par new generation   total 109248K, used 96416K [0x00000000e0000000, 0x00000000e8000000, 0x00000000e8000000)
  eden space 87424K,  97% used [0x00000000e0000000, 0x00000000e5307508, 0x00000000e5560000)
  from space 21824K,  52% used [0x00000000e5560000, 0x00000000e6080da0, 0x00000000e6ab0000)
  to   space 21824K,   0% used [0x00000000e6ab0000, 0x00000000e6ab0000, 0x00000000e8000000)
 concurrent mark-sweep generation total 393216K, used 66308K [0x00000000e8000000, 0x0000000100000000, 0x0000000100000000)
 Metaspace       used 37118K, capacity 37592K, committed 37988K, reserved 1083392K
  class space    used 3997K, capacity 4152K, committed 4196K, reserved 1048576K
2016-05-12T14:35:44.596+0100: 18145.686: [GC (Allocation Failure) 2016-05-12T14:35:44.596+0100: 18145.687: [ParNew
Desired survivor size 20112992 bytes, new threshold 8 (max 8)
- age   1:    1387872 bytes,    1387872 total
- age   2:      24104 bytes,    1411976 total
- age   3:      22192 bytes,    1434168 total
- age   4:      42944 bytes,    1477112 total
- age   5:      62496 bytes,    1539608 total
- age   6:      23432 bytes,    1563040 total
- age   7:      43536 bytes,    1606576 total
- age   8:    7373784 bytes,    8980360 total
: 96416K->8983K(109248K), 0.0111412 secs] 162724K->75425K(502464K), 0.0115061 secs] [Times: user=0.00 sys=0.00, real=0.01 secs] 
Heap after GC invocations=213 (full 4):
 par new generation   total 109248K, used 8983K [0x00000000e0000000, 0x00000000e8000000, 0x00000000e8000000)
  eden space 87424K,   0% used [0x00000000e0000000, 0x00000000e0000000, 0x00000000e5560000)
  from space 21824K,  41% used [0x00000000e6ab0000, 0x00000000e7375e88, 0x00000000e8000000)
  to   space 21824K,   0% used [0x00000000e5560000, 0x00000000e5560000, 0x00000000e6ab0000)
 concurrent mark-sweep generation total 393216K, used 66441K [0x00000000e8000000, 0x0000000100000000, 0x0000000100000000)
 Metaspace       used 37118K, capacity 37592K, committed 37988K, reserved 1083392K
  class space    used 3997K, capacity 4152K, committed 4196K, reserved 1048576K
}
2016-05-12T14:35:44.607+0100: 18145.698: Total time for which application threads were stopped: 0.0120493 seconds, Stopping threads took: 0.0000513 seconds
2016-05-12T14:35:58.861+0100: 18159.952: Total time for which application threads were stopped: 0.0001793 seconds, Stopping threads took: 0.0000450 seconds
2016-05-12T14:36:13.595+0100: 18174.689: Total time for which application threads were stopped: 0.0001785 seconds, Stopping threads took: 0.0000561 seconds
2016-05-12T14:36:13.595+0100: 18174.689: Total time for which application threads were stopped: 0.0000877 seconds, Stopping threads took: 0.0000276 seconds
2016-05-12T14:36:13.596+0100: 18174.690: Total time for which application threads were stopped: 0.0001785 seconds, Stopping threads took: 0.0000403 seconds
2016-05-12T14:36:14.025+0100: 18175.119: Total time for which application threads were stopped: 0.0001619 seconds, Stopping threads took: 0.0000450 seconds
2016-05-12T14:36:14.026+0100: 18175.120: Total time for which application threads were stopped: 0.0000963 seconds, Stopping threads took: 0.0000213 seconds
2016-05-12T14:36:14.026+0100: 18175.120: Total time for which application threads were stopped: 0.0001232 seconds, Stopping threads took: 0.0000205 seconds
2016-05-12T14:36:17.027+0100: 18178.120: Total time for which application threads were stopped: 0.0001603 seconds, Stopping threads took: 0.0000497 seconds
{Heap before GC invocations=213 (full 4):
 par new generation   total 109248K, used 96407K [0x00000000e0000000, 0x00000000e8000000, 0x00000000e8000000)
  eden space 87424K, 100% used [0x00000000e0000000, 0x00000000e5560000, 0x00000000e5560000)
  from space 21824K,  41% used [0x00000000e6ab0000, 0x00000000e7375e88, 0x00000000e8000000)
  to   space 21824K,   0% used [0x00000000e5560000, 0x00000000e5560000, 0x00000000e6ab0000)
 concurrent mark-sweep generation total 393216K, used 66441K [0x00000000e8000000, 0x0000000100000000, 0x0000000100000000)
 Metaspace       used 37118K, capacity 37592K, committed 37988K, reserved 1083392K
  class space    used 3997K, capacity 4152K, committed 4196K, reserved 1048576K
2016-05-12T14:36:25.401+0100: 18186.495: [GC (Allocation Failure) 2016-05-12T14:36:25.401+0100: 18186.495: [ParNew
Desired survivor size 20112992 bytes, new threshold 8 (max 8)
- age   1:     979568 bytes,     979568 total
- age   2:      21648 bytes,    1001216 total
- age   3:      23520 bytes,    1024736 total
- age   4:      21768 bytes,    1046504 total
- age   5:      42704 bytes,    1089208 total
- age   6:      62248 bytes,    1151456 total
- age   7:      23432 bytes,    1174888 total
- age   8:      43536 bytes,    1218424 total
: 96407K->2009K(109248K), 0.0144728 secs] 162849K->75652K(502464K), 0.0146252 secs] [Times: user=0.03 sys=0.00, real=0.01 secs] 
Heap after GC invocations=214 (full 4):
 par new generation   total 109248K, used 2009K [0x00000000e0000000, 0x00000000e8000000, 0x00000000e8000000)
  eden space 87424K,   0% used [0x00000000e0000000, 0x00000000e0000000, 0x00000000e5560000)
  from space 21824K,   9% used [0x00000000e5560000, 0x00000000e5756490, 0x00000000e6ab0000)
  to   space 21824K,   0% used [0x00000000e6ab0000, 0x00000000e6ab0000, 0x00000000e8000000)
 concurrent mark-sweep generation total 393216K, used 73643K [0x00000000e8000000, 0x0000000100000000, 0x0000000100000000)
 Metaspace       used 37118K, capacity 37592K, committed 37988K, reserved 1083392K
  class space    used 3997K, capacity 4152K, committed 4196K, reserved 1048576K
}
2016-05-12T14:36:25.416+0100: 18186.509: Total time for which application threads were stopped: 0.0150998 seconds, Stopping threads took: 0.0000442 seconds
2016-05-12T14:36:33.416+0100: 18194.510: Total time for which application threads were stopped: 0.0001564 seconds, Stopping threads took: 0.0000490 seconds
2016-05-12T14:36:36.417+0100: 18197.511: Total time for which application threads were stopped: 0.0001650 seconds, Stopping threads took: 0.0000474 seconds
{Heap before GC invocations=214 (full 4):
 par new generation   total 109248K, used 89370K [0x00000000e0000000, 0x00000000e8000000, 0x00000000e8000000)
  eden space 87424K,  99% used [0x00000000e0000000, 0x00000000e5550408, 0x00000000e5560000)
  from space 21824K,   9% used [0x00000000e5560000, 0x00000000e5756490, 0x00000000e6ab0000)
  to   space 21824K,   0% used [0x00000000e6ab0000, 0x00000000e6ab0000, 0x00000000e8000000)
 concurrent mark-sweep generation total 393216K, used 73643K [0x00000000e8000000, 0x0000000100000000, 0x0000000100000000)
 Metaspace       used 37123K, capacity 37592K, committed 37988K, reserved 1083392K
  class space    used 3997K, capacity 4152K, committed 4196K, reserved 1048576K
2016-05-12T14:37:06.000+0100: 18227.094: [GC (Allocation Failure) 2016-05-12T14:37:06.001+0100: 18227.095: [ParNew
Desired survivor size 20112992 bytes, new threshold 8 (max 8)
- age   1:     650920 bytes,     650920 total
- age   2:      45480 bytes,     696400 total
- age   3:      21648 bytes,     718048 total
- age   4:      23488 bytes,     741536 total
- age   5:      21736 bytes,     763272 total
- age   6:      42704 bytes,     805976 total
- age   7:      62248 bytes,     868224 total
- age   8:      23432 bytes,     891656 total
: 89370K->1084K(109248K), 0.0081974 secs] 163013K->74770K(502464K), 0.0083885 secs] [Times: user=0.00 sys=0.00, real=0.01 secs] 
Heap after GC invocations=215 (full 4):
 par new generation   total 109248K, used 1084K [0x00000000e0000000, 0x00000000e8000000, 0x00000000e8000000)
  eden space 87424K,   0% used [0x00000000e0000000, 0x00000000e0000000, 0x00000000e5560000)
  from space 21824K,   4% used [0x00000000e6ab0000, 0x00000000e6bbf3b8, 0x00000000e8000000)
  to   space 21824K,   0% used [0x00000000e5560000, 0x00000000e5560000, 0x00000000e6ab0000)
 concurrent mark-sweep generation total 393216K, used 73685K [0x00000000e8000000, 0x0000000100000000, 0x0000000100000000)
 Metaspace       used 37123K, capacity 37592K, committed 37988K, reserved 1083392K
  class space    used 3997K, capacity 4152K, committed 4196K, reserved 1048576K
}
2016-05-12T14:37:06.009+0100: 18227.103: Total time for which application threads were stopped: 0.0088623 seconds, Stopping threads took: 0.0000474 seconds
2016-05-12T14:37:07.009+0100: 18228.104: Total time for which application threads were stopped: 0.0001500 seconds, Stopping threads took: 0.0000466 seconds
2016-05-12T14:37:35.011+0100: 18256.105: Total time for which application threads were stopped: 0.0001808 seconds, Stopping threads took: 0.0000529 seconds
2016-05-12T14:39:08.467+0100: 18349.567: Total time for which application threads were stopped: 0.0002172 seconds, Stopping threads took: 0.0000616 seconds
2016-05-12T14:39:08.469+0100: 18349.569: Total time for which application threads were stopped: 0.0001208 seconds, Stopping threads took: 0.0000300 seconds
2016-05-12T14:39:08.469+0100: 18349.569: Total time for which application threads were stopped: 0.0000845 seconds, Stopping threads took: 0.0000205 seconds
2016-05-12T14:39:08.470+0100: 18349.570: Total time for which application threads were stopped: 0.0001579 seconds, Stopping threads took: 0.0000237 seconds
2016-05-12T14:39:08.472+0100: 18349.572: Total time for which application threads were stopped: 0.0001358 seconds, Stopping threads took: 0.0000276 seconds
2016-05-12T14:39:08.472+0100: 18349.572: Total time for which application threads were stopped: 0.0000987 seconds, Stopping threads took: 0.0000221 seconds
2016-05-12T14:39:08.535+0100: 18349.635: Total time for which application threads were stopped: 0.0001950 seconds, Stopping threads took: 0.0000663 seconds
2016-05-12T14:39:08.536+0100: 18349.636: Total time for which application threads were stopped: 0.0000987 seconds, Stopping threads took: 0.0000284 seconds
2016-05-12T14:39:08.536+0100: 18349.636: Total time for which application threads were stopped: 0.0004493 seconds, Stopping threads took: 0.0000340 seconds
2016-05-12T14:39:08.537+0100: 18349.637: Total time for which application threads were stopped: 0.0001587 seconds, Stopping threads took: 0.0000379 seconds
2016-05-12T14:39:08.537+0100: 18349.637: Total time for which application threads were stopped: 0.0001903 seconds, Stopping threads took: 0.0001042 seconds
2016-05-12T14:39:08.538+0100: 18349.638: Total time for which application threads were stopped: 0.0001714 seconds, Stopping threads took: 0.0000316 seconds
2016-05-12T14:39:08.560+0100: 18349.660: Total time for which application threads were stopped: 0.0002424 seconds, Stopping threads took: 0.0000592 seconds
2016-05-12T14:39:08.573+0100: 18349.674: Total time for which application threads were stopped: 0.0002235 seconds, Stopping threads took: 0.0000561 seconds
{Heap before GC invocations=215 (full 4):
 par new generation   total 109248K, used 88032K [0x00000000e0000000, 0x00000000e8000000, 0x00000000e8000000)
  eden space 87424K,  99% used [0x00000000e0000000, 0x00000000e54e8d58, 0x00000000e5560000)
  from space 21824K,   4% used [0x00000000e6ab0000, 0x00000000e6bbf3b8, 0x00000000e8000000)
  to   space 21824K,   0% used [0x00000000e5560000, 0x00000000e5560000, 0x00000000e6ab0000)
 concurrent mark-sweep generation total 393216K, used 73685K [0x00000000e8000000, 0x0000000100000000, 0x0000000100000000)
 Metaspace       used 37125K, capacity 37596K, committed 37988K, reserved 1083392K
  class space    used 3997K, capacity 4152K, committed 4196K, reserved 1048576K
2016-05-12T14:39:08.588+0100: 18349.689: [GC (Allocation Failure) 2016-05-12T14:39:08.589+0100: 18349.689: [ParNew
Desired survivor size 20112992 bytes, new threshold 8 (max 8)
- age   1:    1695320 bytes,    1695320 total
- age   2:      12304 bytes,    1707624 total
- age   3:      27032 bytes,    1734656 total
- age   4:      21616 bytes,    1756272 total
- age   5:      23488 bytes,    1779760 total
- age   6:      21736 bytes,    1801496 total
- age   7:      42704 bytes,    1844200 total
- age   8:      62248 bytes,    1906448 total
: 88032K->2205K(109248K), 0.0076281 secs] 161718K->75913K(502464K), 0.0078105 secs] [Times: user=0.00 sys=0.00, real=0.01 secs] 
Heap after GC invocations=216 (full 4):
 par new generation   total 109248K, used 2205K [0x00000000e0000000, 0x00000000e8000000, 0x00000000e8000000)
  eden space 87424K,   0% used [0x00000000e0000000, 0x00000000e0000000, 0x00000000e5560000)
  from space 21824K,  10% used [0x00000000e5560000, 0x00000000e5787428, 0x00000000e6ab0000)
  to   space 21824K,   0% used [0x00000000e6ab0000, 0x00000000e6ab0000, 0x00000000e8000000)
 concurrent mark-sweep generation total 393216K, used 73708K [0x00000000e8000000, 0x0000000100000000, 0x0000000100000000)
 Metaspace       used 37125K, capacity 37596K, committed 37988K, reserved 1083392K
  class space    used 3997K, capacity 4152K, committed 4196K, reserved 1048576K
}
2016-05-12T14:39:08.596+0100: 18349.696: Total time for which application threads were stopped: 0.0082519 seconds, Stopping threads took: 0.0000466 seconds
2016-05-12T14:39:08.748+0100: 18349.848: Total time for which application threads were stopped: 0.0002890 seconds, Stopping threads took: 0.0000845 seconds
2016-05-12T14:39:08.749+0100: 18349.849: Total time for which application threads were stopped: 0.0004856 seconds, Stopping threads took: 0.0003617 seconds
2016-05-12T14:39:08.750+0100: 18349.850: Total time for which application threads were stopped: 0.0004035 seconds, Stopping threads took: 0.0002014 seconds
{Heap before GC invocations=216 (full 4):
 par new generation   total 109248K, used 87408K [0x00000000e0000000, 0x00000000e8000000, 0x00000000e8000000)
  eden space 87424K,  97% used [0x00000000e0000000, 0x00000000e5334e58, 0x00000000e5560000)
  from space 21824K,  10% used [0x00000000e5560000, 0x00000000e5787428, 0x00000000e6ab0000)
  to   space 21824K,   0% used [0x00000000e6ab0000, 0x00000000e6ab0000, 0x00000000e8000000)
 concurrent mark-sweep generation total 393216K, used 73708K [0x00000000e8000000, 0x0000000100000000, 0x0000000100000000)
 Metaspace       used 37125K, capacity 37596K, committed 37988K, reserved 1083392K
  class space    used 3997K, capacity 4152K, committed 4196K, reserved 1048576K
2016-05-12T14:39:09.097+0100: 18350.197: [GC (Allocation Failure) 2016-05-12T14:39:09.097+0100: 18350.197: [ParNew
Desired survivor size 20112992 bytes, new threshold 8 (max 8)
- age   1:    7368360 bytes,    7368360 total
- age   2:     655408 bytes,    8023768 total
- age   3:       8496 bytes,    8032264 total
- age   4:      26936 bytes,    8059200 total
- age   5:      21616 bytes,    8080816 total
- age   6:      23488 bytes,    8104304 total
- age   7:      21736 bytes,    8126040 total
- age   8:      42704 bytes,    8168744 total
: 87408K->8178K(109248K), 0.0108585 secs] 161117K->81948K(502464K), 0.0110331 secs] [Times: user=0.03 sys=0.00, real=0.01 secs] 
Heap after GC invocations=217 (full 4):
 par new generation   total 109248K, used 8178K [0x00000000e0000000, 0x00000000e8000000, 0x00000000e8000000)
  eden space 87424K,   0% used [0x00000000e0000000, 0x00000000e0000000, 0x00000000e5560000)
  from space 21824K,  37% used [0x00000000e6ab0000, 0x00000000e72aca68, 0x00000000e8000000)
  to   space 21824K,   0% used [0x00000000e5560000, 0x00000000e5560000, 0x00000000e6ab0000)
 concurrent mark-sweep generation total 393216K, used 73769K [0x00000000e8000000, 0x0000000100000000, 0x0000000100000000)
 Metaspace       used 37125K, capacity 37596K, committed 37988K, reserved 1083392K
  class space    used 3997K, capacity 4152K, committed 4196K, reserved 1048576K
}
2016-05-12T14:39:09.108+0100: 18350.208: Total time for which application threads were stopped: 0.0115282 seconds, Stopping threads took: 0.0000640 seconds
2016-05-12T14:39:09.199+0100: 18350.299: Total time for which application threads were stopped: 0.0002487 seconds, Stopping threads took: 0.0000450 seconds
{Heap before GC invocations=217 (full 4):
 par new generation   total 109248K, used 95602K [0x00000000e0000000, 0x00000000e8000000, 0x00000000e8000000)
  eden space 87424K, 100% used [0x00000000e0000000, 0x00000000e5560000, 0x00000000e5560000)
  from space 21824K,  37% used [0x00000000e6ab0000, 0x00000000e72aca68, 0x00000000e8000000)
  to   space 21824K,   0% used [0x00000000e5560000, 0x00000000e5560000, 0x00000000e6ab0000)
 concurrent mark-sweep generation total 393216K, used 73769K [0x00000000e8000000, 0x0000000100000000, 0x0000000100000000)
 Metaspace       used 37125K, capacity 37596K, committed 37988K, reserved 1083392K
  class space    used 3997K, capacity 4152K, committed 4196K, reserved 1048576K
2016-05-12T14:39:09.575+0100: 18350.675: [GC (Allocation Failure) 2016-05-12T14:39:09.575+0100: 18350.675: [ParNew
Desired survivor size 20112992 bytes, new threshold 8 (max 8)
- age   1:    9857984 bytes,    9857984 total
- age   2:    5739864 bytes,   15597848 total
- age   3:     655232 bytes,   16253080 total
- age   4:       8496 bytes,   16261576 total
- age   5:      26936 bytes,   16288512 total
- age   6:      21616 bytes,   16310128 total
- age   7:      23488 bytes,   16333616 total
- age   8:      21736 bytes,   16355352 total
: 95602K->17717K(109248K), 0.0159534 secs] 169372K->91528K(502464K), 0.0160916 secs] [Times: user=0.03 sys=0.00, real=0.02 secs] 
Heap after GC invocations=218 (full 4):
 par new generation   total 109248K, used 17717K [0x00000000e0000000, 0x00000000e8000000, 0x00000000e8000000)
  eden space 87424K,   0% used [0x00000000e0000000, 0x00000000e0000000, 0x00000000e5560000)
  from space 21824K,  81% used [0x00000000e5560000, 0x00000000e66ad570, 0x00000000e6ab0000)
  to   space 21824K,   0% used [0x00000000e6ab0000, 0x00000000e6ab0000, 0x00000000e8000000)
 concurrent mark-sweep generation total 393216K, used 73811K [0x00000000e8000000, 0x0000000100000000, 0x0000000100000000)
 Metaspace       used 37125K, capacity 37596K, committed 37988K, reserved 1083392K
  class space    used 3997K, capacity 4152K, committed 4196K, reserved 1048576K
}
2016-05-12T14:39:09.592+0100: 18350.692: Total time for which application threads were stopped: 0.0165527 seconds, Stopping threads took: 0.0000561 seconds
{Heap before GC invocations=218 (full 4):
 par new generation   total 109248K, used 105085K [0x00000000e0000000, 0x00000000e8000000, 0x00000000e8000000)
  eden space 87424K,  99% used [0x00000000e0000000, 0x00000000e5552070, 0x00000000e5560000)
  from space 21824K,  81% used [0x00000000e5560000, 0x00000000e66ad570, 0x00000000e6ab0000)
  to   space 21824K,   0% used [0x00000000e6ab0000, 0x00000000e6ab0000, 0x00000000e8000000)
 concurrent mark-sweep generation total 393216K, used 73811K [0x00000000e8000000, 0x0000000100000000, 0x0000000100000000)
 Metaspace       used 37125K, capacity 37596K, committed 37988K, reserved 1083392K
  class space    used 3997K, capacity 4152K, committed 4196K, reserved 1048576K
2016-05-12T14:39:10.302+0100: 18351.402: [GC (Allocation Failure) 2016-05-12T14:39:10.302+0100: 18351.402: [ParNew
Desired survivor size 20112992 bytes, new threshold 8 (max 8)
- age   1:    8312080 bytes,    8312080 total
- age   2:    6693552 bytes,   15005632 total
- age   3:    4279536 bytes,   19285168 total
- age   4:     647024 bytes,   19932192 total
- age   5:       8496 bytes,   19940688 total
- age   6:      26936 bytes,   19967624 total
- age   7:      21616 bytes,   19989240 total
- age   8:      23488 bytes,   20012728 total
: 105085K->21345K(109248K), 0.0636178 secs] 178896K->95178K(502464K), 0.0637749 secs] [Times: user=0.03 sys=0.00, real=0.06 secs] 
Heap after GC invocations=219 (full 4):
 par new generation   total 109248K, used 21345K [0x00000000e0000000, 0x00000000e8000000, 0x00000000e8000000)
  eden space 87424K,   0% used [0x00000000e0000000, 0x00000000e0000000, 0x00000000e5560000)
  from space 21824K,  97% used [0x00000000e6ab0000, 0x00000000e7f887a0, 0x00000000e8000000)
  to   space 21824K,   0% used [0x00000000e5560000, 0x00000000e5560000, 0x00000000e6ab0000)
 concurrent mark-sweep generation total 393216K, used 73832K [0x00000000e8000000, 0x0000000100000000, 0x0000000100000000)
 Metaspace       used 37125K, capacity 37596K, committed 37988K, reserved 1083392K
  class space    used 3997K, capacity 4152K, committed 4196K, reserved 1048576K
}
2016-05-12T14:39:10.366+0100: 18351.466: Total time for which application threads were stopped: 0.0642408 seconds, Stopping threads took: 0.0000419 seconds
{Heap before GC invocations=219 (full 4):
 par new generation   total 109248K, used 106638K [0x00000000e0000000, 0x00000000e8000000, 0x00000000e8000000)
  eden space 87424K,  97% used [0x00000000e0000000, 0x00000000e534b2d8, 0x00000000e5560000)
  from space 21824K,  97% used [0x00000000e6ab0000, 0x00000000e7f887a0, 0x00000000e8000000)
  to   space 21824K,   0% used [0x00000000e5560000, 0x00000000e5560000, 0x00000000e6ab0000)
 concurrent mark-sweep generation total 393216K, used 73832K [0x00000000e8000000, 0x0000000100000000, 0x0000000100000000)
 Metaspace       used 37125K, capacity 37596K, committed 37988K, reserved 1083392K
  class space    used 3997K, capacity 4152K, committed 4196K, reserved 1048576K
2016-05-12T14:39:10.884+0100: 18351.984: [GC (Allocation Failure) 2016-05-12T14:39:10.884+0100: 18351.984: [ParNew
Desired survivor size 20112992 bytes, new threshold 4 (max 8)
- age   1:    6821368 bytes,    6821368 total
- age   2:    5405536 bytes,   12226904 total
- age   3:    5148512 bytes,   17375416 total
- age   4:    4271328 bytes,   21646744 total
- age   5:     643944 bytes,   22290688 total
- age   6:       6816 bytes,   22297504 total
- age   7:      26192 bytes,   22323696 total
- age   8:      21616 bytes,   22345312 total
: 106638K->21824K(109248K), 0.0273931 secs] 180471K->102723K(502464K), 0.0275518 secs] [Times: user=0.06 sys=0.00, real=0.03 secs] 
Heap after GC invocations=220 (full 4):
 par new generation   total 109248K, used 21824K [0x00000000e0000000, 0x00000000e8000000, 0x00000000e8000000)
  eden space 87424K,   0% used [0x00000000e0000000, 0x00000000e0000000, 0x00000000e5560000)
  from space 21824K, 100% used [0x00000000e5560000, 0x00000000e6ab0000, 0x00000000e6ab0000)
  to   space 21824K,   0% used [0x00000000e6ab0000, 0x00000000e6ab0000, 0x00000000e8000000)
 concurrent mark-sweep generation total 393216K, used 80899K [0x00000000e8000000, 0x0000000100000000, 0x0000000100000000)
 Metaspace       used 37125K, capacity 37596K, committed 37988K, reserved 1083392K
  class space    used 3997K, capacity 4152K, committed 4196K, reserved 1048576K
}
2016-05-12T14:39:10.912+0100: 18352.012: Total time for which application threads were stopped: 0.0288966 seconds, Stopping threads took: 0.0009278 seconds
{Heap before GC invocations=220 (full 4):
 par new generation   total 109248K, used 108847K [0x00000000e0000000, 0x00000000e8000000, 0x00000000e8000000)
  eden space 87424K,  99% used [0x00000000e0000000, 0x00000000e54fbf50, 0x00000000e5560000)
  from space 21824K, 100% used [0x00000000e5560000, 0x00000000e6ab0000, 0x00000000e6ab0000)
  to   space 21824K,   0% used [0x00000000e6ab0000, 0x00000000e6ab0000, 0x00000000e8000000)
 concurrent mark-sweep generation total 393216K, used 80899K [0x00000000e8000000, 0x0000000100000000, 0x0000000100000000)
 Metaspace       used 37125K, capacity 37596K, committed 37988K, reserved 1083392K
  class space    used 3997K, capacity 4152K, committed 4196K, reserved 1048576K
2016-05-12T14:39:11.427+0100: 18352.527: [GC (Allocation Failure) 2016-05-12T14:39:11.427+0100: 18352.527: [ParNew
Desired survivor size 20112992 bytes, new threshold 4 (max 8)
- age   1:    8708936 bytes,    8708936 total
- age   2:    5177840 bytes,   13886776 total
- age   3:    4521536 bytes,   18408312 total
- age   4:    3619200 bytes,   22027512 total
: 108847K->21824K(109248K), 0.0282689 secs] 189747K->109970K(502464K), 0.0283944 secs] [Times: user=0.03 sys=0.00, real=0.03 secs] 
Heap after GC invocations=221 (full 4):
 par new generation   total 109248K, used 21824K [0x00000000e0000000, 0x00000000e8000000, 0x00000000e8000000)
  eden space 87424K,   0% used [0x00000000e0000000, 0x00000000e0000000, 0x00000000e5560000)
  from space 21824K, 100% used [0x00000000e6ab0000, 0x00000000e8000000, 0x00000000e8000000)
  to   space 21824K,   0% used [0x00000000e5560000, 0x00000000e5560000, 0x00000000e6ab0000)
 concurrent mark-sweep generation total 393216K, used 88146K [0x00000000e8000000, 0x0000000100000000, 0x0000000100000000)
 Metaspace       used 37125K, capacity 37596K, committed 37988K, reserved 1083392K
  class space    used 3997K, capacity 4152K, committed 4196K, reserved 1048576K
}
2016-05-12T14:39:11.455+0100: 18352.556: Total time for which application threads were stopped: 0.0288627 seconds, Stopping threads took: 0.0000608 seconds
{Heap before GC invocations=221 (full 4):
 par new generation   total 109248K, used 106793K [0x00000000e0000000, 0x00000000e8000000, 0x00000000e8000000)
  eden space 87424K,  97% used [0x00000000e0000000, 0x00000000e52fa6a8, 0x00000000e5560000)
  from space 21824K, 100% used [0x00000000e6ab0000, 0x00000000e8000000, 0x00000000e8000000)
  to   space 21824K,   0% used [0x00000000e5560000, 0x00000000e5560000, 0x00000000e6ab0000)
 concurrent mark-sweep generation total 393216K, used 88146K [0x00000000e8000000, 0x0000000100000000, 0x0000000100000000)
 Metaspace       used 37125K, capacity 37596K, committed 37988K, reserved 1083392K
  class space    used 3997K, capacity 4152K, committed 4196K, reserved 1048576K
2016-05-12T14:39:11.831+0100: 18352.930: [GC (Allocation Failure) 2016-05-12T14:39:11.831+0100: 18352.931: [ParNew
Desired survivor size 20112992 bytes, new threshold 4 (max 8)
- age   1:   13651648 bytes,   13651648 total
- age   2:     343024 bytes,   13994672 total
- age   3:    3829448 bytes,   17824120 total
- age   4:    4521536 bytes,   22345656 total
: 106793K->21824K(109248K), 0.0330565 secs] 194940K->126662K(502464K), 0.0332239 secs] [Times: user=0.08 sys=0.00, real=0.03 secs] 
Heap after GC invocations=222 (full 4):
 par new generation   total 109248K, used 21824K [0x00000000e0000000, 0x00000000e8000000, 0x00000000e8000000)
  eden space 87424K,   0% used [0x00000000e0000000, 0x00000000e0000000, 0x00000000e5560000)
  from space 21824K, 100% used [0x00000000e5560000, 0x00000000e6ab0000, 0x00000000e6ab0000)
  to   space 21824K,   0% used [0x00000000e6ab0000, 0x00000000e6ab0000, 0x00000000e8000000)
 concurrent mark-sweep generation total 393216K, used 104838K [0x00000000e8000000, 0x0000000100000000, 0x0000000100000000)
 Metaspace       used 37125K, capacity 37596K, committed 37988K, reserved 1083392K
  class space    used 3997K, capacity 4152K, committed 4196K, reserved 1048576K
}
2016-05-12T14:39:11.865+0100: 18352.964: Total time for which application threads were stopped: 0.0339244 seconds, Stopping threads took: 0.0000963 seconds
2016-05-12T14:39:12.022+0100: 18353.122: Total time for which application threads were stopped: 0.0001753 seconds, Stopping threads took: 0.0000395 seconds
2016-05-12T14:39:12.023+0100: 18353.123: Total time for which application threads were stopped: 0.0001398 seconds, Stopping threads took: 0.0000403 seconds
2016-05-12T14:39:12.042+0100: 18353.141: Total time for which application threads were stopped: 0.0004090 seconds, Stopping threads took: 0.0001500 seconds
2016-05-12T14:39:12.044+0100: 18353.143: Total time for which application threads were stopped: 0.0001761 seconds, Stopping threads took: 0.0000450 seconds
2016-05-12T14:39:15.280+0100: 18356.380: Total time for which application threads were stopped: 0.0002622 seconds, Stopping threads took: 0.0000505 seconds
2016-05-12T14:39:15.281+0100: 18356.381: Total time for which application threads were stopped: 0.0001500 seconds, Stopping threads took: 0.0000292 seconds
2016-05-12T14:39:15.287+0100: 18356.386: Total time for which application threads were stopped: 0.0002701 seconds, Stopping threads took: 0.0000608 seconds
2016-05-12T14:39:15.287+0100: 18356.387: Total time for which application threads were stopped: 0.0002622 seconds, Stopping threads took: 0.0000458 seconds
2016-05-12T14:39:15.288+0100: 18356.387: Total time for which application threads were stopped: 0.0001477 seconds, Stopping threads took: 0.0000284 seconds
2016-05-12T14:39:15.288+0100: 18356.387: Total time for which application threads were stopped: 0.0001800 seconds, Stopping threads took: 0.0000292 seconds
2016-05-12T14:39:15.288+0100: 18356.387: Total time for which application threads were stopped: 0.0001398 seconds, Stopping threads took: 0.0000253 seconds
2016-05-12T14:39:15.288+0100: 18356.388: Total time for which application threads were stopped: 0.0001129 seconds, Stopping threads took: 0.0000268 seconds
2016-05-12T14:39:15.289+0100: 18356.388: Total time for which application threads were stopped: 0.0001232 seconds, Stopping threads took: 0.0000347 seconds
2016-05-12T14:39:15.290+0100: 18356.389: Total time for which application threads were stopped: 0.0002124 seconds, Stopping threads took: 0.0000403 seconds
2016-05-12T14:39:15.290+0100: 18356.390: Total time for which application threads were stopped: 0.0001421 seconds, Stopping threads took: 0.0000292 seconds
2016-05-12T14:39:15.290+0100: 18356.390: Total time for which application threads were stopped: 0.0001382 seconds, Stopping threads took: 0.0000284 seconds
2016-05-12T14:39:52.227+0100: 18393.327: Total time for which application threads were stopped: 0.0002290 seconds, Stopping threads took: 0.0000624 seconds
2016-05-12T14:39:56.344+0100: 18397.444: Total time for which application threads were stopped: 0.0130893 seconds, Stopping threads took: 0.0128895 seconds
2016-05-12T14:39:56.345+0100: 18397.445: Total time for which application threads were stopped: 0.0001311 seconds, Stopping threads took: 0.0000419 seconds
2016-05-12T14:39:56.345+0100: 18397.445: Total time for which application threads were stopped: 0.0001256 seconds, Stopping threads took: 0.0000332 seconds
2016-05-12T14:39:56.345+0100: 18397.445: Total time for which application threads were stopped: 0.0001090 seconds, Stopping threads took: 0.0000340 seconds
2016-05-12T14:39:56.346+0100: 18397.446: Total time for which application threads were stopped: 0.0001327 seconds, Stopping threads took: 0.0000332 seconds
{Heap before GC invocations=222 (full 4):
 par new generation   total 109248K, used 107239K [0x00000000e0000000, 0x00000000e8000000, 0x00000000e8000000)
  eden space 87424K,  97% used [0x00000000e0000000, 0x00000000e5369e08, 0x00000000e5560000)
  from space 21824K, 100% used [0x00000000e5560000, 0x00000000e6ab0000, 0x00000000e6ab0000)
  to   space 21824K,   0% used [0x00000000e6ab0000, 0x00000000e6ab0000, 0x00000000e8000000)
 concurrent mark-sweep generation total 393216K, used 104838K [0x00000000e8000000, 0x0000000100000000, 0x0000000100000000)
 Metaspace       used 37141K, capacity 37596K, committed 37988K, reserved 1083392K
  class space    used 3997K, capacity 4152K, committed 4196K, reserved 1048576K
2016-05-12T14:39:56.359+0100: 18397.459: [GC (Allocation Failure) 2016-05-12T14:39:56.359+0100: 18397.459: [ParNew
Desired survivor size 20112992 bytes, new threshold 8 (max 8)
- age   1:    4024008 bytes,    4024008 total
- age   2:      26376 bytes,    4050384 total
- age   3:     286120 bytes,    4336504 total
- age   4:    3827552 bytes,    8164056 total
: 107239K->11596K(109248K), 0.0213586 secs] 212078K->120850K(502464K), 0.0214928 secs] [Times: user=0.02 sys=0.00, real=0.02 secs] 
Heap after GC invocations=223 (full 4):
 par new generation   total 109248K, used 11596K [0x00000000e0000000, 0x00000000e8000000, 0x00000000e8000000)
  eden space 87424K,   0% used [0x00000000e0000000, 0x00000000e0000000, 0x00000000e5560000)
  from space 21824K,  53% used [0x00000000e6ab0000, 0x00000000e7603378, 0x00000000e8000000)
  to   space 21824K,   0% used [0x00000000e5560000, 0x00000000e5560000, 0x00000000e6ab0000)
 concurrent mark-sweep generation total 393216K, used 109253K [0x00000000e8000000, 0x0000000100000000, 0x0000000100000000)
 Metaspace       used 37141K, capacity 37596K, committed 37988K, reserved 1083392K
  class space    used 3997K, capacity 4152K, committed 4196K, reserved 1048576K
}
2016-05-12T14:39:56.380+0100: 18397.480: Total time for which application threads were stopped: 0.0227768 seconds, Stopping threads took: 0.0008481 seconds
2016-05-12T14:39:56.396+0100: 18397.496: Total time for which application threads were stopped: 0.0121583 seconds, Stopping threads took: 0.0117588 seconds
2016-05-12T14:40:00.032+0100: 18401.132: Total time for which application threads were stopped: 0.0002290 seconds, Stopping threads took: 0.0000592 seconds
2016-05-12T14:40:04.116+0100: 18405.215: Total time for which application threads were stopped: 0.0002116 seconds, Stopping threads took: 0.0000505 seconds
{Heap before GC invocations=223 (full 4):
 par new generation   total 109248K, used 93596K [0x00000000e0000000, 0x00000000e8000000, 0x00000000e8000000)
  eden space 87424K,  93% used [0x00000000e0000000, 0x00000000e5013fd8, 0x00000000e5560000)
  from space 21824K,  53% used [0x00000000e6ab0000, 0x00000000e7603378, 0x00000000e8000000)
  to   space 21824K,   0% used [0x00000000e5560000, 0x00000000e5560000, 0x00000000e6ab0000)
 concurrent mark-sweep generation total 393216K, used 109253K [0x00000000e8000000, 0x0000000100000000, 0x0000000100000000)
 Metaspace       used 37142K, capacity 37596K, committed 37988K, reserved 1083392K
  class space    used 3997K, capacity 4152K, committed 4196K, reserved 1048576K
2016-05-12T14:40:04.222+0100: 18405.321: [GC (Allocation Failure) 2016-05-12T14:40:04.222+0100: 18405.321: [ParNew
Desired survivor size 20112992 bytes, new threshold 8 (max 8)
- age   1:    8453112 bytes,    8453112 total
- age   2:    3135904 bytes,   11589016 total
- age   3:      26376 bytes,   11615392 total
- age   4:     286120 bytes,   11901512 total
- age   5:    3827552 bytes,   15729064 total
: 93596K->18363K(109248K), 0.0175659 secs] 202850K->127616K(502464K), 0.0177372 secs] [Times: user=0.03 sys=0.00, real=0.02 secs] 
Heap after GC invocations=224 (full 4):
 par new generation   total 109248K, used 18363K [0x00000000e0000000, 0x00000000e8000000, 0x00000000e8000000)
  eden space 87424K,   0% used [0x00000000e0000000, 0x00000000e0000000, 0x00000000e5560000)
  from space 21824K,  84% used [0x00000000e5560000, 0x00000000e674ec90, 0x00000000e6ab0000)
  to   space 21824K,   0% used [0x00000000e6ab0000, 0x00000000e6ab0000, 0x00000000e8000000)
 concurrent mark-sweep generation total 393216K, used 109253K [0x00000000e8000000, 0x0000000100000000, 0x0000000100000000)
 Metaspace       used 37142K, capacity 37596K, committed 37988K, reserved 1083392K
  class space    used 3997K, capacity 4152K, committed 4196K, reserved 1048576K
}
2016-05-12T14:40:04.240+0100: 18405.339: Total time for which application threads were stopped: 0.0182687 seconds, Stopping threads took: 0.0000663 seconds
2016-05-12T14:40:05.456+0100: 18406.556: Total time for which application threads were stopped: 0.0002314 seconds, Stopping threads took: 0.0000648 seconds
2016-05-12T14:40:11.627+0100: 18412.736: Total time for which application threads were stopped: 0.0002164 seconds, Stopping threads took: 0.0000529 seconds
{Heap before GC invocations=224 (full 4):
 par new generation   total 109248K, used 105740K [0x00000000e0000000, 0x00000000e8000000, 0x00000000e8000000)
  eden space 87424K,  99% used [0x00000000e0000000, 0x00000000e5554538, 0x00000000e5560000)
  from space 21824K,  84% used [0x00000000e5560000, 0x00000000e674ec90, 0x00000000e6ab0000)
  to   space 21824K,   0% used [0x00000000e6ab0000, 0x00000000e6ab0000, 0x00000000e8000000)
 concurrent mark-sweep generation total 393216K, used 109253K [0x00000000e8000000, 0x0000000100000000, 0x0000000100000000)
 Metaspace       used 37143K, capacity 37596K, committed 37988K, reserved 1083392K
  class space    used 3997K, capacity 4152K, committed 4196K, reserved 1048576K
2016-05-12T14:40:11.649+0100: 18412.758: [GC (Allocation Failure) 2016-05-12T14:40:11.649+0100: 18412.758: [ParNew
Desired survivor size 20112992 bytes, new threshold 8 (max 8)
- age   1:     140816 bytes,     140816 total
- age   2:      43280 bytes,     184096 total
- age   3:    3135584 bytes,    3319680 total
- age   4:      26376 bytes,    3346056 total
- age   5:     285904 bytes,    3631960 total
- age   6:    3827336 bytes,    7459296 total
: 105740K->8186K(109248K), 0.0105648 secs] 214993K->117439K(502464K), 0.0107251 secs] [Times: user=0.02 sys=0.00, real=0.01 secs] 
Heap after GC invocations=225 (full 4):
 par new generation   total 109248K, used 8186K [0x00000000e0000000, 0x00000000e8000000, 0x00000000e8000000)
  eden space 87424K,   0% used [0x00000000e0000000, 0x00000000e0000000, 0x00000000e5560000)
  from space 21824K,  37% used [0x00000000e6ab0000, 0x00000000e72ae860, 0x00000000e8000000)
  to   space 21824K,   0% used [0x00000000e5560000, 0x00000000e5560000, 0x00000000e6ab0000)
 concurrent mark-sweep generation total 393216K, used 109253K [0x00000000e8000000, 0x0000000100000000, 0x0000000100000000)
 Metaspace       used 37143K, capacity 37596K, committed 37988K, reserved 1083392K
  class space    used 3997K, capacity 4152K, committed 4196K, reserved 1048576K
}
2016-05-12T14:40:11.659+0100: 18412.769: Total time for which application threads were stopped: 0.0111902 seconds, Stopping threads took: 0.0000592 seconds
2016-05-12T14:40:15.174+0100: 18416.283: Total time for which application threads were stopped: 0.0002108 seconds, Stopping threads took: 0.0000490 seconds
2016-05-12T14:40:15.174+0100: 18416.283: Total time for which application threads were stopped: 0.0001050 seconds, Stopping threads took: 0.0000229 seconds
2016-05-12T14:40:15.174+0100: 18416.284: Total time for which application threads were stopped: 0.0001177 seconds, Stopping threads took: 0.0000245 seconds
2016-05-12T14:40:18.187+0100: 18419.296: Total time for which application threads were stopped: 0.0001887 seconds, Stopping threads took: 0.0000529 seconds
{Heap before GC invocations=225 (full 4):
 par new generation   total 109248K, used 94110K [0x00000000e0000000, 0x00000000e8000000, 0x00000000e8000000)
  eden space 87424K,  98% used [0x00000000e0000000, 0x00000000e53e9070, 0x00000000e5560000)
  from space 21824K,  37% used [0x00000000e6ab0000, 0x00000000e72ae860, 0x00000000e8000000)
  to   space 21824K,   0% used [0x00000000e5560000, 0x00000000e5560000, 0x00000000e6ab0000)
 concurrent mark-sweep generation total 393216K, used 109253K [0x00000000e8000000, 0x0000000100000000, 0x0000000100000000)
 Metaspace       used 37152K, capacity 37596K, committed 37988K, reserved 1083392K
  class space    used 3997K, capacity 4152K, committed 4196K, reserved 1048576K
2016-05-12T14:40:22.050+0100: 18423.160: [GC (Allocation Failure) 2016-05-12T14:40:22.050+0100: 18423.160: [ParNew
Desired survivor size 20112992 bytes, new threshold 8 (max 8)
- age   1:    1390224 bytes,    1390224 total
- age   2:      83568 bytes,    1473792 total
- age   3:      43040 bytes,    1516832 total
- age   4:    3135344 bytes,    4652176 total
- age   5:      26160 bytes,    4678336 total
- age   6:     285904 bytes,    4964240 total
- age   7:    3827336 bytes,    8791576 total
: 94110K->9949K(109248K), 0.0110812 secs] 203363K->119203K(502464K), 0.0112336 secs] [Times: user=0.00 sys=0.00, real=0.01 secs] 
Heap after GC invocations=226 (full 4):
 par new generation   total 109248K, used 9949K [0x00000000e0000000, 0x00000000e8000000, 0x00000000e8000000)
  eden space 87424K,   0% used [0x00000000e0000000, 0x00000000e0000000, 0x00000000e5560000)
  from space 21824K,  45% used [0x00000000e5560000, 0x00000000e5f177c0, 0x00000000e6ab0000)
  to   space 21824K,   0% used [0x00000000e6ab0000, 0x00000000e6ab0000, 0x00000000e8000000)
 concurrent mark-sweep generation total 393216K, used 109253K [0x00000000e8000000, 0x0000000100000000, 0x0000000100000000)
 Metaspace       used 37152K, capacity 37596K, committed 37988K, reserved 1083392K
  class space    used 3997K, capacity 4152K, committed 4196K, reserved 1048576K
}
2016-05-12T14:40:22.061+0100: 18423.171: Total time for which application threads were stopped: 0.0117208 seconds, Stopping threads took: 0.0000679 seconds
2016-05-12T14:40:23.981+0100: 18425.091: Total time for which application threads were stopped: 0.0002093 seconds, Stopping threads took: 0.0000419 seconds
2016-05-12T14:40:23.981+0100: 18425.091: Total time for which application threads were stopped: 0.0001066 seconds, Stopping threads took: 0.0000300 seconds
2016-05-12T14:40:23.981+0100: 18425.091: Total time for which application threads were stopped: 0.0001019 seconds, Stopping threads took: 0.0000268 seconds
2016-05-12T14:40:23.982+0100: 18425.091: Total time for which application threads were stopped: 0.0001019 seconds, Stopping threads took: 0.0000268 seconds
2016-05-12T14:40:23.982+0100: 18425.092: Total time for which application threads were stopped: 0.0001137 seconds, Stopping threads took: 0.0000276 seconds
2016-05-12T14:40:34.081+0100: 18435.191: Total time for which application threads were stopped: 0.0002314 seconds, Stopping threads took: 0.0000513 seconds
{Heap before GC invocations=226 (full 4):
 par new generation   total 109248K, used 96912K [0x00000000e0000000, 0x00000000e8000000, 0x00000000e8000000)
  eden space 87424K,  99% used [0x00000000e0000000, 0x00000000e54ec960, 0x00000000e5560000)
  from space 21824K,  45% used [0x00000000e5560000, 0x00000000e5f177c0, 0x00000000e6ab0000)
  to   space 21824K,   0% used [0x00000000e6ab0000, 0x00000000e6ab0000, 0x00000000e8000000)
 concurrent mark-sweep generation total 393216K, used 109253K [0x00000000e8000000, 0x0000000100000000, 0x0000000100000000)
 Metaspace       used 37152K, capacity 37596K, committed 37988K, reserved 1083392K
  class space    used 3997K, capacity 4152K, committed 4196K, reserved 1048576K
2016-05-12T14:40:34.104+0100: 18435.214: [GC (Allocation Failure) 2016-05-12T14:40:34.104+0100: 18435.214: [ParNew
Desired survivor size 20112992 bytes, new threshold 8 (max 8)
- age   1:    3129704 bytes,    3129704 total
- age   2:      43456 bytes,    3173160 total
- age   3:      83568 bytes,    3256728 total
- age   4:      42920 bytes,    3299648 total
- age   5:    3135312 bytes,    6434960 total
- age   6:      26160 bytes,    6461120 total
- age   7:     285904 bytes,    6747024 total
- age   8:    3827336 bytes,   10574360 total
: 96912K->11167K(109248K), 0.0129993 secs] 206165K->120420K(502464K), 0.0131793 secs] [Times: user=0.02 sys=0.00, real=0.01 secs] 
Heap after GC invocations=227 (full 4):
 par new generation   total 109248K, used 11167K [0x00000000e0000000, 0x00000000e8000000, 0x00000000e8000000)
  eden space 87424K,   0% used [0x00000000e0000000, 0x00000000e0000000, 0x00000000e5560000)
  from space 21824K,  51% used [0x00000000e6ab0000, 0x00000000e7597dc0, 0x00000000e8000000)
  to   space 21824K,   0% used [0x00000000e5560000, 0x00000000e5560000, 0x00000000e6ab0000)
 concurrent mark-sweep generation total 393216K, used 109253K [0x00000000e8000000, 0x0000000100000000, 0x0000000100000000)
 Metaspace       used 37152K, capacity 37596K, committed 37988K, reserved 1083392K
  class space    used 3997K, capacity 4152K, committed 4196K, reserved 1048576K
}
2016-05-12T14:40:34.117+0100: 18435.227: Total time for which application threads were stopped: 0.0136389 seconds, Stopping threads took: 0.0000497 seconds
2016-05-12T14:40:39.315+0100: 18440.425: Total time for which application threads were stopped: 0.0002890 seconds, Stopping threads took: 0.0000434 seconds
2016-05-12T14:40:40.315+0100: 18441.425: Total time for which application threads were stopped: 0.0001556 seconds, Stopping threads took: 0.0000458 seconds
2016-05-12T14:40:44.064+0100: 18445.173: Total time for which application threads were stopped: 0.0004604 seconds, Stopping threads took: 0.0001050 seconds
2016-05-12T14:40:45.346+0100: 18446.463: Total time for which application threads were stopped: 0.0001840 seconds, Stopping threads took: 0.0000426 seconds
{Heap before GC invocations=227 (full 4):
 par new generation   total 109248K, used 98567K [0x00000000e0000000, 0x00000000e8000000, 0x00000000e8000000)
  eden space 87424K,  99% used [0x00000000e0000000, 0x00000000e555a1d0, 0x00000000e5560000)
  from space 21824K,  51% used [0x00000000e6ab0000, 0x00000000e7597dc0, 0x00000000e8000000)
  to   space 21824K,   0% used [0x00000000e5560000, 0x00000000e5560000, 0x00000000e6ab0000)
 concurrent mark-sweep generation total 393216K, used 109253K [0x00000000e8000000, 0x0000000100000000, 0x0000000100000000)
 Metaspace       used 37154K, capacity 37596K, committed 37988K, reserved 1083392K
  class space    used 3997K, capacity 4152K, committed 4196K, reserved 1048576K
2016-05-12T14:40:45.397+0100: 18446.506: [GC (Allocation Failure) 2016-05-12T14:40:45.397+0100: 18446.507: [ParNew
Desired survivor size 20112992 bytes, new threshold 8 (max 8)
- age   1:     176696 bytes,     176696 total
- age   2:        368 bytes,     177064 total
- age   3:      43456 bytes,     220520 total
- age   4:      83296 bytes,     303816 total
- age   5:      42920 bytes,     346736 total
- age   6:    3135312 bytes,    3482048 total
- age   7:      25944 bytes,    3507992 total
- age   8:     285904 bytes,    3793896 total
: 98567K->5191K(109248K), 0.0144120 secs] 207821K->118182K(502464K), 0.0146023 secs] [Times: user=0.03 sys=0.00, real=0.01 secs] 
Heap after GC invocations=228 (full 4):
 par new generation   total 109248K, used 5191K [0x00000000e0000000, 0x00000000e8000000, 0x00000000e8000000)
  eden space 87424K,   0% used [0x00000000e0000000, 0x00000000e0000000, 0x00000000e5560000)
  from space 21824K,  23% used [0x00000000e5560000, 0x00000000e5a71dc8, 0x00000000e6ab0000)
  to   space 21824K,   0% used [0x00000000e6ab0000, 0x00000000e6ab0000, 0x00000000e8000000)
 concurrent mark-sweep generation total 393216K, used 112991K [0x00000000e8000000, 0x0000000100000000, 0x0000000100000000)
 Metaspace       used 37154K, capacity 37596K, committed 37988K, reserved 1083392K
  class space    used 3997K, capacity 4152K, committed 4196K, reserved 1048576K
}
2016-05-12T14:40:45.412+0100: 18446.521: Total time for which application threads were stopped: 0.0306007 seconds, Stopping threads took: 0.0000458 seconds
2016-05-12T14:40:47.319+0100: 18448.428: Total time for which application threads were stopped: 0.0001935 seconds, Stopping threads took: 0.0000426 seconds
2016-05-12T14:40:47.319+0100: 18448.428: Total time for which application threads were stopped: 0.0001027 seconds, Stopping threads took: 0.0000221 seconds
2016-05-12T14:40:51.979+0100: 18453.088: Total time for which application threads were stopped: 0.0002148 seconds, Stopping threads took: 0.0000600 seconds
2016-05-12T14:40:55.003+0100: 18456.113: Total time for which application threads were stopped: 0.0001990 seconds, Stopping threads took: 0.0000442 seconds
2016-05-12T14:40:55.006+0100: 18456.115: Total time for which application threads were stopped: 0.0002440 seconds, Stopping threads took: 0.0000553 seconds
2016-05-12T14:40:55.006+0100: 18456.115: Total time for which application threads were stopped: 0.0001042 seconds, Stopping threads took: 0.0000284 seconds
2016-05-12T14:40:55.006+0100: 18456.116: Total time for which application threads were stopped: 0.0001098 seconds, Stopping threads took: 0.0000284 seconds
2016-05-12T14:40:55.006+0100: 18456.116: Total time for which application threads were stopped: 0.0001058 seconds, Stopping threads took: 0.0000268 seconds
2016-05-12T14:40:56.201+0100: 18457.310: Total time for which application threads were stopped: 0.0002179 seconds, Stopping threads took: 0.0000553 seconds
2016-05-12T14:40:57.008+0100: 18458.117: Total time for which application threads were stopped: 0.0002195 seconds, Stopping threads took: 0.0000497 seconds
2016-05-12T14:40:57.008+0100: 18458.117: Total time for which application threads were stopped: 0.0000940 seconds, Stopping threads took: 0.0000197 seconds
2016-05-12T14:40:57.009+0100: 18458.118: Total time for which application threads were stopped: 0.0001287 seconds, Stopping threads took: 0.0000268 seconds
2016-05-12T14:42:37.043+0100: 18558.157: Total time for which application threads were stopped: 0.0002108 seconds, Stopping threads took: 0.0000648 seconds
2016-05-12T14:47:16.462+0100: 18837.584: Total time for which application threads were stopped: 0.0004943 seconds, Stopping threads took: 0.0000616 seconds
2016-05-12T14:47:16.462+0100: 18837.584: Total time for which application threads were stopped: 0.0001271 seconds, Stopping threads took: 0.0000600 seconds
2016-05-12T14:47:16.464+0100: 18837.586: Total time for which application threads were stopped: 0.0002598 seconds, Stopping threads took: 0.0000821 seconds
2016-05-12T14:47:18.485+0100: 18839.607: Total time for which application threads were stopped: 0.0001729 seconds, Stopping threads took: 0.0000537 seconds
2016-05-12T14:47:18.485+0100: 18839.607: Total time for which application threads were stopped: 0.0000932 seconds, Stopping threads took: 0.0000268 seconds
2016-05-12T14:47:18.486+0100: 18839.607: Total time for which application threads were stopped: 0.0001382 seconds, Stopping threads took: 0.0000300 seconds
{Heap before GC invocations=228 (full 4):
 par new generation   total 109248K, used 92615K [0x00000000e0000000, 0x00000000e8000000, 0x00000000e8000000)
  eden space 87424K, 100% used [0x00000000e0000000, 0x00000000e5560000, 0x00000000e5560000)
  from space 21824K,  23% used [0x00000000e5560000, 0x00000000e5a71dc8, 0x00000000e6ab0000)
  to   space 21824K,   0% used [0x00000000e6ab0000, 0x00000000e6ab0000, 0x00000000e8000000)
 concurrent mark-sweep generation total 393216K, used 112991K [0x00000000e8000000, 0x0000000100000000, 0x0000000100000000)
 Metaspace       used 37154K, capacity 37596K, committed 37988K, reserved 1083392K
  class space    used 3997K, capacity 4152K, committed 4196K, reserved 1048576K
2016-05-12T14:47:23.742+0100: 18844.864: [GC (Allocation Failure) 2016-05-12T14:47:23.742+0100: 18844.864: [ParNew
Desired survivor size 20112992 bytes, new threshold 8 (max 8)
- age   1:     947624 bytes,     947624 total
- age   2:      76824 bytes,    1024448 total
- age   3:        216 bytes,    1024664 total
- age   4:      43240 bytes,    1067904 total
- age   5:      83024 bytes,    1150928 total
- age   6:      42584 bytes,    1193512 total
- age   7:    3134912 bytes,    4328424 total
- age   8:      25968 bytes,    4354392 total
: 92615K->5462K(109248K), 0.0146860 secs] 205606K->118732K(502464K), 0.0148147 secs] [Times: user=0.03 sys=0.00, real=0.01 secs] 
Heap after GC invocations=229 (full 4):
 par new generation   total 109248K, used 5462K [0x00000000e0000000, 0x00000000e8000000, 0x00000000e8000000)
  eden space 87424K,   0% used [0x00000000e0000000, 0x00000000e0000000, 0x00000000e5560000)
  from space 21824K,  25% used [0x00000000e6ab0000, 0x00000000e70058e8, 0x00000000e8000000)
  to   space 21824K,   0% used [0x00000000e5560000, 0x00000000e5560000, 0x00000000e6ab0000)
 concurrent mark-sweep generation total 393216K, used 113270K [0x00000000e8000000, 0x0000000100000000, 0x0000000100000000)
 Metaspace       used 37154K, capacity 37596K, committed 37988K, reserved 1083392K
  class space    used 3997K, capacity 4152K, committed 4196K, reserved 1048576K
}
2016-05-12T14:47:23.757+0100: 18844.879: Total time for which application threads were stopped: 0.0153769 seconds, Stopping threads took: 0.0000671 seconds
2016-05-12T14:47:35.760+0100: 18856.881: Total time for which application threads were stopped: 0.0001556 seconds, Stopping threads took: 0.0000458 seconds
2016-05-12T14:47:36.760+0100: 18857.881: Total time for which application threads were stopped: 0.0001579 seconds, Stopping threads took: 0.0000466 seconds
2016-05-12T14:47:42.760+0100: 18863.882: Total time for which application threads were stopped: 0.0001579 seconds, Stopping threads took: 0.0000490 seconds
2016-05-12T14:47:43.760+0100: 18864.882: Total time for which application threads were stopped: 0.0001635 seconds, Stopping threads took: 0.0000521 seconds
{Heap before GC invocations=229 (full 4):
 par new generation   total 109248K, used 92873K [0x00000000e0000000, 0x00000000e8000000, 0x00000000e8000000)
  eden space 87424K,  99% used [0x00000000e0000000, 0x00000000e555ccb0, 0x00000000e5560000)
  from space 21824K,  25% used [0x00000000e6ab0000, 0x00000000e70058e8, 0x00000000e8000000)
  to   space 21824K,   0% used [0x00000000e5560000, 0x00000000e5560000, 0x00000000e6ab0000)
 concurrent mark-sweep generation total 393216K, used 113270K [0x00000000e8000000, 0x0000000100000000, 0x0000000100000000)
 Metaspace       used 37154K, capacity 37596K, committed 37988K, reserved 1083392K
  class space    used 3997K, capacity 4152K, committed 4196K, reserved 1048576K
2016-05-12T14:48:18.928+0100: 18900.053: [GC (Allocation Failure) 2016-05-12T14:48:18.928+0100: 18900.053: [ParNew
Desired survivor size 20112992 bytes, new threshold 8 (max 8)
- age   1:     450544 bytes,     450544 total
- age   2:     111160 bytes,     561704 total
- age   3:      76608 bytes,     638312 total
- age   4:        216 bytes,     638528 total
- age   5:      43024 bytes,     681552 total
- age   6:      83024 bytes,     764576 total
- age   7:      42584 bytes,     807160 total
- age   8:    3134736 bytes,    3941896 total
: 92873K->6643K(109248K), 0.0200383 secs] 206143K->119938K(502464K), 0.0201931 secs] [Times: user=0.00 sys=0.00, real=0.02 secs] 
Heap after GC invocations=230 (full 4):
 par new generation   total 109248K, used 6643K [0x00000000e0000000, 0x00000000e8000000, 0x00000000e8000000)
  eden space 87424K,   0% used [0x00000000e0000000, 0x00000000e0000000, 0x00000000e5560000)
  from space 21824K,  30% used [0x00000000e5560000, 0x00000000e5bdcce0, 0x00000000e6ab0000)
  to   space 21824K,   0% used [0x00000000e6ab0000, 0x00000000e6ab0000, 0x00000000e8000000)
 concurrent mark-sweep generation total 393216K, used 113295K [0x00000000e8000000, 0x0000000100000000, 0x0000000100000000)
 Metaspace       used 37154K, capacity 37596K, committed 37988K, reserved 1083392K
  class space    used 3997K, capacity 4152K, committed 4196K, reserved 1048576K
}
2016-05-12T14:48:18.948+0100: 18900.074: Total time for which application threads were stopped: 0.0206661 seconds, Stopping threads took: 0.0000545 seconds
2016-05-12T14:48:19.949+0100: 18901.074: Total time for which application threads were stopped: 0.0001753 seconds, Stopping threads took: 0.0000537 seconds
2016-05-12T14:48:21.950+0100: 18903.074: Total time for which application threads were stopped: 0.0001864 seconds, Stopping threads took: 0.0000505 seconds
2016-05-12T14:48:23.950+0100: 18905.074: Total time for which application threads were stopped: 0.0002148 seconds, Stopping threads took: 0.0000995 seconds
2016-05-12T14:48:24.950+0100: 18906.074: Total time for which application threads were stopped: 0.0001642 seconds, Stopping threads took: 0.0000497 seconds
2016-05-12T14:48:28.950+0100: 18910.074: Total time for which application threads were stopped: 0.0001658 seconds, Stopping threads took: 0.0000482 seconds
2016-05-12T14:50:24.803+0100: 19025.930: Total time for which application threads were stopped: 0.0002369 seconds, Stopping threads took: 0.0000679 seconds
2016-05-12T14:50:24.806+0100: 19025.933: Total time for which application threads were stopped: 0.0001469 seconds, Stopping threads took: 0.0000434 seconds
2016-05-12T14:50:24.806+0100: 19025.933: Total time for which application threads were stopped: 0.0000861 seconds, Stopping threads took: 0.0000261 seconds
2016-05-12T14:50:24.807+0100: 19025.934: Total time for which application threads were stopped: 0.0001761 seconds, Stopping threads took: 0.0000363 seconds
2016-05-12T14:50:24.809+0100: 19025.936: Total time for which application threads were stopped: 0.0001698 seconds, Stopping threads took: 0.0000434 seconds
2016-05-12T14:50:24.809+0100: 19025.936: Total time for which application threads were stopped: 0.0001145 seconds, Stopping threads took: 0.0000300 seconds
2016-05-12T14:50:24.899+0100: 19026.027: Total time for which application threads were stopped: 0.0010187 seconds, Stopping threads took: 0.0009010 seconds
2016-05-12T14:50:24.919+0100: 19026.046: Total time for which application threads were stopped: 0.0197366 seconds, Stopping threads took: 0.0000300 seconds
2016-05-12T14:50:24.926+0100: 19026.053: Total time for which application threads were stopped: 0.0001745 seconds, Stopping threads took: 0.0000529 seconds
2016-05-12T14:50:24.927+0100: 19026.054: Total time for which application threads were stopped: 0.0001848 seconds, Stopping threads took: 0.0000340 seconds
2016-05-12T14:50:24.929+0100: 19026.056: Total time for which application threads were stopped: 0.0001903 seconds, Stopping threads took: 0.0000403 seconds
2016-05-12T14:50:24.936+0100: 19026.063: Total time for which application threads were stopped: 0.0002282 seconds, Stopping threads took: 0.0000490 seconds
{Heap before GC invocations=230 (full 4):
 par new generation   total 109248K, used 93753K [0x00000000e0000000, 0x00000000e8000000, 0x00000000e8000000)
  eden space 87424K,  99% used [0x00000000e0000000, 0x00000000e5511a78, 0x00000000e5560000)
  from space 21824K,  30% used [0x00000000e5560000, 0x00000000e5bdcce0, 0x00000000e6ab0000)
  to   space 21824K,   0% used [0x00000000e6ab0000, 0x00000000e6ab0000, 0x00000000e8000000)
 concurrent mark-sweep generation total 393216K, used 113295K [0x00000000e8000000, 0x0000000100000000, 0x0000000100000000)
 Metaspace       used 37175K, capacity 37596K, committed 37988K, reserved 1083392K
  class space    used 3997K, capacity 4152K, committed 4196K, reserved 1048576K
2016-05-12T14:50:24.955+0100: 19026.083: [GC (Allocation Failure) 2016-05-12T14:50:24.955+0100: 19026.083: [ParNew
Desired survivor size 20112992 bytes, new threshold 8 (max 8)
- age   1:    1357384 bytes,    1357384 total
- age   2:       6856 bytes,    1364240 total
- age   3:      98920 bytes,    1463160 total
- age   4:      76608 bytes,    1539768 total
- age   5:        216 bytes,    1539984 total
- age   6:      43024 bytes,    1583008 total
- age   7:      83024 bytes,    1666032 total
- age   8:      42584 bytes,    1708616 total
: 93753K->2922K(109248K), 0.0198440 secs] 207049K->119281K(502464K), 0.0199775 secs] [Times: user=0.01 sys=0.00, real=0.02 secs] 
Heap after GC invocations=231 (full 4):
 par new generation   total 109248K, used 2922K [0x00000000e0000000, 0x00000000e8000000, 0x00000000e8000000)
  eden space 87424K,   0% used [0x00000000e0000000, 0x00000000e0000000, 0x00000000e5560000)
  from space 21824K,  13% used [0x00000000e6ab0000, 0x00000000e6d8a9b0, 0x00000000e8000000)
  to   space 21824K,   0% used [0x00000000e5560000, 0x00000000e5560000, 0x00000000e6ab0000)
 concurrent mark-sweep generation total 393216K, used 116358K [0x00000000e8000000, 0x0000000100000000, 0x0000000100000000)
 Metaspace       used 37175K, capacity 37596K, committed 37988K, reserved 1083392K
  class space    used 3997K, capacity 4152K, committed 4196K, reserved 1048576K
}
2016-05-12T14:50:24.975+0100: 19026.103: Total time for which application threads were stopped: 0.0205160 seconds, Stopping threads took: 0.0000529 seconds
2016-05-12T14:50:25.010+0100: 19026.138: Total time for which application threads were stopped: 0.0002598 seconds, Stopping threads took: 0.0000537 seconds
2016-05-12T14:50:25.013+0100: 19026.140: Total time for which application threads were stopped: 0.0001816 seconds, Stopping threads took: 0.0000537 seconds
2016-05-12T14:50:25.013+0100: 19026.141: Total time for which application threads were stopped: 0.0000979 seconds, Stopping threads took: 0.0000300 seconds
2016-05-12T14:50:25.014+0100: 19026.141: Total time for which application threads were stopped: 0.0001342 seconds, Stopping threads took: 0.0000292 seconds
2016-05-12T14:50:25.391+0100: 19026.519: Total time for which application threads were stopped: 0.0012169 seconds, Stopping threads took: 0.0009942 seconds
{Heap before GC invocations=231 (full 4):
 par new generation   total 109248K, used 90346K [0x00000000e0000000, 0x00000000e8000000, 0x00000000e8000000)
  eden space 87424K, 100% used [0x00000000e0000000, 0x00000000e5560000, 0x00000000e5560000)
  from space 21824K,  13% used [0x00000000e6ab0000, 0x00000000e6d8a9b0, 0x00000000e8000000)
  to   space 21824K,   0% used [0x00000000e5560000, 0x00000000e5560000, 0x00000000e6ab0000)
 concurrent mark-sweep generation total 393216K, used 116358K [0x00000000e8000000, 0x0000000100000000, 0x0000000100000000)
 Metaspace       used 37175K, capacity 37596K, committed 37988K, reserved 1083392K
  class space    used 3997K, capacity 4152K, committed 4196K, reserved 1048576K
2016-05-12T14:50:25.438+0100: 19026.565: [GC (Allocation Failure) 2016-05-12T14:50:25.438+0100: 19026.566: [ParNew
Desired survivor size 20112992 bytes, new threshold 8 (max 8)
- age   1:    8975992 bytes,    8975992 total
- age   2:      92200 bytes,    9068192 total
- age   3:       6856 bytes,    9075048 total
- age   4:      98760 bytes,    9173808 total
- age   5:      76576 bytes,    9250384 total
- age   6:        216 bytes,    9250600 total
- age   7:      42960 bytes,    9293560 total
- age   8:      83024 bytes,    9376584 total
: 90346K->9310K(109248K), 0.0139540 secs] 206705K->125711K(502464K), 0.0141933 secs] [Times: user=0.03 sys=0.00, real=0.01 secs] 
Heap after GC invocations=232 (full 4):
 par new generation   total 109248K, used 9310K [0x00000000e0000000, 0x00000000e8000000, 0x00000000e8000000)
  eden space 87424K,   0% used [0x00000000e0000000, 0x00000000e0000000, 0x00000000e5560000)
  from space 21824K,  42% used [0x00000000e5560000, 0x00000000e5e77a40, 0x00000000e6ab0000)
  to   space 21824K,   0% used [0x00000000e6ab0000, 0x00000000e6ab0000, 0x00000000e8000000)
 concurrent mark-sweep generation total 393216K, used 116400K [0x00000000e8000000, 0x0000000100000000, 0x0000000100000000)
 Metaspace       used 37175K, capacity 37596K, committed 37988K, reserved 1083392K
  class space    used 3997K, capacity 4152K, committed 4196K, reserved 1048576K
}
2016-05-12T14:50:25.453+0100: 19026.580: Total time for which application threads were stopped: 0.0147302 seconds, Stopping threads took: 0.0000742 seconds
{Heap before GC invocations=232 (full 4):
 par new generation   total 109248K, used 96734K [0x00000000e0000000, 0x00000000e8000000, 0x00000000e8000000)
  eden space 87424K, 100% used [0x00000000e0000000, 0x00000000e5560000, 0x00000000e5560000)
  from space 21824K,  42% used [0x00000000e5560000, 0x00000000e5e77a40, 0x00000000e6ab0000)
  to   space 21824K,   0% used [0x00000000e6ab0000, 0x00000000e6ab0000, 0x00000000e8000000)
 concurrent mark-sweep generation total 393216K, used 116400K [0x00000000e8000000, 0x0000000100000000, 0x0000000100000000)
 Metaspace       used 37175K, capacity 37596K, committed 37988K, reserved 1083392K
  class space    used 3997K, capacity 4152K, committed 4196K, reserved 1048576K
2016-05-12T14:50:25.903+0100: 19027.030: [GC (Allocation Failure) 2016-05-12T14:50:25.903+0100: 19027.031: [ParNew
Desired survivor size 20112992 bytes, new threshold 8 (max 8)
- age   1:    7688328 bytes,    7688328 total
- age   2:    6252624 bytes,   13940952 total
- age   3:      92200 bytes,   14033152 total
- age   4:       6856 bytes,   14040008 total
- age   5:      98760 bytes,   14138768 total
- age   6:      76576 bytes,   14215344 total
- age   7:        216 bytes,   14215560 total
- age   8:      42960 bytes,   14258520 total
: 96734K->15332K(109248K), 0.0183192 secs] 213135K->131813K(502464K), 0.0184819 secs] [Times: user=0.03 sys=0.00, real=0.02 secs] 
Heap after GC invocations=233 (full 4):
 par new generation   total 109248K, used 15332K [0x00000000e0000000, 0x00000000e8000000, 0x00000000e8000000)
  eden space 87424K,   0% used [0x00000000e0000000, 0x00000000e0000000, 0x00000000e5560000)
  from space 21824K,  70% used [0x00000000e6ab0000, 0x00000000e79a9140, 0x00000000e8000000)
  to   space 21824K,   0% used [0x00000000e5560000, 0x00000000e5560000, 0x00000000e6ab0000)
 concurrent mark-sweep generation total 393216K, used 116481K [0x00000000e8000000, 0x0000000100000000, 0x0000000100000000)
 Metaspace       used 37175K, capacity 37596K, committed 37988K, reserved 1083392K
  class space    used 3997K, capacity 4152K, committed 4196K, reserved 1048576K
}
2016-05-12T14:50:25.922+0100: 19027.049: Total time for which application threads were stopped: 0.0189959 seconds, Stopping threads took: 0.0000742 seconds
{Heap before GC invocations=233 (full 4):
 par new generation   total 109248K, used 101604K [0x00000000e0000000, 0x00000000e8000000, 0x00000000e8000000)
  eden space 87424K,  98% used [0x00000000e0000000, 0x00000000e5440238, 0x00000000e5560000)
  from space 21824K,  70% used [0x00000000e6ab0000, 0x00000000e79a9140, 0x00000000e8000000)
  to   space 21824K,   0% used [0x00000000e5560000, 0x00000000e5560000, 0x00000000e6ab0000)
 concurrent mark-sweep generation total 393216K, used 116481K [0x00000000e8000000, 0x0000000100000000, 0x0000000100000000)
 Metaspace       used 37175K, capacity 37596K, committed 37988K, reserved 1083392K
  class space    used 3997K, capacity 4152K, committed 4196K, reserved 1048576K
2016-05-12T14:50:26.515+0100: 19027.642: [GC (Allocation Failure) 2016-05-12T14:50:26.515+0100: 19027.642: [ParNew
Desired survivor size 20112992 bytes, new threshold 8 (max 8)
- age   1:    7204720 bytes,    7204720 total
- age   2:    5181176 bytes,   12385896 total
- age   3:    6252624 bytes,   18638520 total
- age   4:      92200 bytes,   18730720 total
- age   5:       6856 bytes,   18737576 total
- age   6:      98760 bytes,   18836336 total
- age   7:      76576 bytes,   18912912 total
- age   8:        216 bytes,   18913128 total
: 101604K->19947K(109248K), 0.0245030 secs] 218086K->143029K(502464K), 0.0247486 secs] [Times: user=0.06 sys=0.00, real=0.02 secs] 
Heap after GC invocations=234 (full 4):
 par new generation   total 109248K, used 19947K [0x00000000e0000000, 0x00000000e8000000, 0x00000000e8000000)
  eden space 87424K,   0% used [0x00000000e0000000, 0x00000000e0000000, 0x00000000e5560000)
  from space 21824K,  91% used [0x00000000e5560000, 0x00000000e68dad08, 0x00000000e6ab0000)
  to   space 21824K,   0% used [0x00000000e6ab0000, 0x00000000e6ab0000, 0x00000000e8000000)
 concurrent mark-sweep generation total 393216K, used 123081K [0x00000000e8000000, 0x0000000100000000, 0x0000000100000000)
 Metaspace       used 37175K, capacity 37596K, committed 37988K, reserved 1083392K
  class space    used 3997K, capacity 4152K, committed 4196K, reserved 1048576K
}
2016-05-12T14:50:26.540+0100: 19027.667: Total time for which application threads were stopped: 0.0254332 seconds, Stopping threads took: 0.0000553 seconds
{Heap before GC invocations=234 (full 4):
 par new generation   total 109248K, used 107371K [0x00000000e0000000, 0x00000000e8000000, 0x00000000e8000000)
  eden space 87424K, 100% used [0x00000000e0000000, 0x00000000e5560000, 0x00000000e5560000)
  from space 21824K,  91% used [0x00000000e5560000, 0x00000000e68dad08, 0x00000000e6ab0000)
  to   space 21824K,   0% used [0x00000000e6ab0000, 0x00000000e6ab0000, 0x00000000e8000000)
 concurrent mark-sweep generation total 393216K, used 123081K [0x00000000e8000000, 0x0000000100000000, 0x0000000100000000)
 Metaspace       used 37180K, capacity 37596K, committed 37988K, reserved 1083392K
  class space    used 3997K, capacity 4152K, committed 4196K, reserved 1048576K
2016-05-12T14:50:27.231+0100: 19028.358: [GC (Allocation Failure) 2016-05-12T14:50:27.231+0100: 19028.358: [ParNew
Desired survivor size 20112992 bytes, new threshold 4 (max 8)
- age   1:    8763720 bytes,    8763720 total
- age   2:    2552952 bytes,   11316672 total
- age   3:    5118568 bytes,   16435240 total
- age   4:    4545088 bytes,   20980328 total
- age   5:      89640 bytes,   21069968 total
- age   6:       6856 bytes,   21076824 total
- age   7:      98232 bytes,   21175056 total
- age   8:      76528 bytes,   21251584 total
: 107371K->21824K(109248K), 0.0270836 secs] 230453K->150703K(502464K), 0.0272470 secs] [Times: user=0.06 sys=0.00, real=0.03 secs] 
Heap after GC invocations=235 (full 4):
 par new generation   total 109248K, used 21824K [0x00000000e0000000, 0x00000000e8000000, 0x00000000e8000000)
  eden space 87424K,   0% used [0x00000000e0000000, 0x00000000e0000000, 0x00000000e5560000)
  from space 21824K, 100% used [0x00000000e6ab0000, 0x00000000e8000000, 0x00000000e8000000)
  to   space 21824K,   0% used [0x00000000e5560000, 0x00000000e5560000, 0x00000000e6ab0000)
 concurrent mark-sweep generation total 393216K, used 128879K [0x00000000e8000000, 0x0000000100000000, 0x0000000100000000)
 Metaspace       used 37180K, capacity 37596K, committed 37988K, reserved 1083392K
  class space    used 3997K, capacity 4152K, committed 4196K, reserved 1048576K
}
2016-05-12T14:50:27.258+0100: 19028.385: Total time for which application threads were stopped: 0.0277872 seconds, Stopping threads took: 0.0000521 seconds
{Heap before GC invocations=235 (full 4):
 par new generation   total 109248K, used 106189K [0x00000000e0000000, 0x00000000e8000000, 0x00000000e8000000)
  eden space 87424K,  96% used [0x00000000e0000000, 0x00000000e5263678, 0x00000000e5560000)
  from space 21824K, 100% used [0x00000000e6ab0000, 0x00000000e8000000, 0x00000000e8000000)
  to   space 21824K,   0% used [0x00000000e5560000, 0x00000000e5560000, 0x00000000e6ab0000)
 concurrent mark-sweep generation total 393216K, used 128879K [0x00000000e8000000, 0x0000000100000000, 0x0000000100000000)
 Metaspace       used 37180K, capacity 37596K, committed 37988K, reserved 1083392K
  class space    used 3997K, capacity 4152K, committed 4196K, reserved 1048576K
2016-05-12T14:50:27.713+0100: 19028.840: [GC (Allocation Failure) 2016-05-12T14:50:27.713+0100: 19028.841: [ParNew
Desired survivor size 20112992 bytes, new threshold 4 (max 8)
- age   1:    7967152 bytes,    7967152 total
- age   2:    6706016 bytes,   14673168 total
- age   3:    2552952 bytes,   17226120 total
- age   4:    5118568 bytes,   22344688 total
: 106189K->21824K(109248K), 0.0318089 secs] 235068K->157970K(502464K), 0.0319668 secs] [Times: user=0.06 sys=0.00, real=0.03 secs] 
Heap after GC invocations=236 (full 4):
 par new generation   total 109248K, used 21824K [0x00000000e0000000, 0x00000000e8000000, 0x00000000e8000000)
  eden space 87424K,   0% used [0x00000000e0000000, 0x00000000e0000000, 0x00000000e5560000)
  from space 21824K, 100% used [0x00000000e5560000, 0x00000000e6ab0000, 0x00000000e6ab0000)
  to   space 21824K,   0% used [0x00000000e6ab0000, 0x00000000e6ab0000, 0x00000000e8000000)
 concurrent mark-sweep generation total 393216K, used 136146K [0x00000000e8000000, 0x0000000100000000, 0x0000000100000000)
 Metaspace       used 37180K, capacity 37596K, committed 37988K, reserved 1083392K
  class space    used 3997K, capacity 4152K, committed 4196K, reserved 1048576K
}
2016-05-12T14:50:27.745+0100: 19028.873: Total time for which application threads were stopped: 0.0324911 seconds, Stopping threads took: 0.0001074 seconds
{Heap before GC invocations=236 (full 4):
 par new generation   total 109248K, used 109248K [0x00000000e0000000, 0x00000000e8000000, 0x00000000e8000000)
  eden space 87424K, 100% used [0x00000000e0000000, 0x00000000e5560000, 0x00000000e5560000)
  from space 21824K, 100% used [0x00000000e5560000, 0x00000000e6ab0000, 0x00000000e6ab0000)
  to   space 21824K,   0% used [0x00000000e6ab0000, 0x00000000e6ab0000, 0x00000000e8000000)
 concurrent mark-sweep generation total 393216K, used 136146K [0x00000000e8000000, 0x0000000100000000, 0x0000000100000000)
 Metaspace       used 37180K, capacity 37596K, committed 37988K, reserved 1083392K
  class space    used 3997K, capacity 4152K, committed 4196K, reserved 1048576K
2016-05-12T14:50:28.214+0100: 19029.341: [GC (Allocation Failure) 2016-05-12T14:50:28.214+0100: 19029.341: [ParNew
Desired survivor size 20112992 bytes, new threshold 4 (max 8)
- age   1:   10942944 bytes,   10942944 total
- age   2:    1772072 bytes,   12715016 total
- age   3:    6705376 bytes,   19420392 total
- age   4:    2552952 bytes,   21973344 total
: 109248K->21824K(109248K), 0.0288200 secs] 245394K->162994K(502464K), 0.0289788 secs] [Times: user=0.06 sys=0.00, real=0.03 secs] 
Heap after GC invocations=237 (full 4):
 par new generation   total 109248K, used 21824K [0x00000000e0000000, 0x00000000e8000000, 0x00000000e8000000)
  eden space 87424K,   0% used [0x00000000e0000000, 0x00000000e0000000, 0x00000000e5560000)
  from space 21824K, 100% used [0x00000000e6ab0000, 0x00000000e8000000, 0x00000000e8000000)
  to   space 21824K,   0% used [0x00000000e5560000, 0x00000000e5560000, 0x00000000e6ab0000)
 concurrent mark-sweep generation total 393216K, used 141170K [0x00000000e8000000, 0x0000000100000000, 0x0000000100000000)
 Metaspace       used 37180K, capacity 37596K, committed 37988K, reserved 1083392K
  class space    used 3997K, capacity 4152K, committed 4196K, reserved 1048576K
}
2016-05-12T14:50:28.243+0100: 19029.370: Total time for which application threads were stopped: 0.0294423 seconds, Stopping threads took: 0.0000458 seconds
2016-05-12T14:50:28.452+0100: 19029.580: Total time for which application threads were stopped: 0.0002006 seconds, Stopping threads took: 0.0000537 seconds
2016-05-12T14:50:28.453+0100: 19029.581: Total time for which application threads were stopped: 0.0001556 seconds, Stopping threads took: 0.0000434 seconds
2016-05-12T14:50:32.615+0100: 19033.743: Total time for which application threads were stopped: 0.0001895 seconds, Stopping threads took: 0.0000434 seconds
2016-05-12T14:50:32.615+0100: 19033.743: Total time for which application threads were stopped: 0.0001050 seconds, Stopping threads took: 0.0000221 seconds
2016-05-12T14:50:32.615+0100: 19033.743: Total time for which application threads were stopped: 0.0000971 seconds, Stopping threads took: 0.0000197 seconds
2016-05-12T14:50:32.616+0100: 19033.743: Total time for which application threads were stopped: 0.0001011 seconds, Stopping threads took: 0.0000213 seconds
2016-05-12T14:50:32.618+0100: 19033.746: Total time for which application threads were stopped: 0.0001690 seconds, Stopping threads took: 0.0000245 seconds
2016-05-12T14:50:32.618+0100: 19033.746: Total time for which application threads were stopped: 0.0001358 seconds, Stopping threads took: 0.0000205 seconds
2016-05-12T14:50:32.618+0100: 19033.746: Total time for which application threads were stopped: 0.0001287 seconds, Stopping threads took: 0.0000197 seconds
2016-05-12T14:50:32.618+0100: 19033.746: Total time for which application threads were stopped: 0.0001263 seconds, Stopping threads took: 0.0000190 seconds
2016-05-12T14:50:32.619+0100: 19033.746: Total time for which application threads were stopped: 0.0001295 seconds, Stopping threads took: 0.0000190 seconds
2016-05-12T14:50:32.619+0100: 19033.746: Total time for which application threads were stopped: 0.0001177 seconds, Stopping threads took: 0.0000395 seconds
2016-05-12T14:50:32.619+0100: 19033.747: Total time for which application threads were stopped: 0.0000971 seconds, Stopping threads took: 0.0000205 seconds
2016-05-12T14:50:32.621+0100: 19033.749: Total time for which application threads were stopped: 0.0001706 seconds, Stopping threads took: 0.0000261 seconds
2016-05-12T14:50:32.622+0100: 19033.750: Total time for which application threads were stopped: 0.0005022 seconds, Stopping threads took: 0.0000197 seconds
2016-05-12T14:50:40.576+0100: 19041.710: Total time for which application threads were stopped: 0.0003182 seconds, Stopping threads took: 0.0001840 seconds
2016-05-12T14:50:40.576+0100: 19041.710: Total time for which application threads were stopped: 0.0001034 seconds, Stopping threads took: 0.0000292 seconds
2016-05-12T14:50:52.382+0100: 19053.510: Total time for which application threads were stopped: 0.0001690 seconds, Stopping threads took: 0.0000513 seconds
2016-05-12T14:50:52.382+0100: 19053.510: Total time for which application threads were stopped: 0.0000877 seconds, Stopping threads took: 0.0000268 seconds
2016-05-12T14:50:52.383+0100: 19053.511: Total time for which application threads were stopped: 0.0001729 seconds, Stopping threads took: 0.0000426 seconds
2016-05-12T14:50:52.878+0100: 19054.006: Total time for which application threads were stopped: 0.0003009 seconds, Stopping threads took: 0.0000450 seconds
2016-05-12T14:50:52.879+0100: 19054.006: Total time for which application threads were stopped: 0.0000940 seconds, Stopping threads took: 0.0000221 seconds
2016-05-12T14:50:53.425+0100: 19054.552: Total time for which application threads were stopped: 0.0001635 seconds, Stopping threads took: 0.0000466 seconds
2016-05-12T14:50:53.425+0100: 19054.553: Total time for which application threads were stopped: 0.0001303 seconds, Stopping threads took: 0.0000245 seconds
2016-05-12T14:51:03.426+0100: 19064.553: Total time for which application threads were stopped: 0.0001611 seconds, Stopping threads took: 0.0000474 seconds
2016-05-12T14:51:04.426+0100: 19065.553: Total time for which application threads were stopped: 0.0001571 seconds, Stopping threads took: 0.0000458 seconds
{Heap before GC invocations=237 (full 4):
 par new generation   total 109248K, used 109248K [0x00000000e0000000, 0x00000000e8000000, 0x00000000e8000000)
  eden space 87424K, 100% used [0x00000000e0000000, 0x00000000e5560000, 0x00000000e5560000)
  from space 21824K, 100% used [0x00000000e6ab0000, 0x00000000e8000000, 0x00000000e8000000)
  to   space 21824K,   0% used [0x00000000e5560000, 0x00000000e5560000, 0x00000000e6ab0000)
 concurrent mark-sweep generation total 393216K, used 141170K [0x00000000e8000000, 0x0000000100000000, 0x0000000100000000)
 Metaspace       used 37182K, capacity 37596K, committed 37988K, reserved 1083392K
  class space    used 3997K, capacity 4152K, committed 4196K, reserved 1048576K
2016-05-12T14:51:10.379+0100: 19071.507: [GC (Allocation Failure) 2016-05-12T14:51:10.379+0100: 19071.507: [ParNew
Desired survivor size 20112992 bytes, new threshold 8 (max 8)
- age   1:    3437104 bytes,    3437104 total
- age   2:    4796272 bytes,    8233376 total
- age   3:    1769560 bytes,   10002936 total
- age   4:    6703480 bytes,   16706416 total
: 109248K->21824K(109248K), 0.0263618 secs] 250418K->165516K(502464K), 0.0265379 secs] [Times: user=0.05 sys=0.00, real=0.03 secs] 
Heap after GC invocations=238 (full 4):
 par new generation   total 109248K, used 21824K [0x00000000e0000000, 0x00000000e8000000, 0x00000000e8000000)
  eden space 87424K,   0% used [0x00000000e0000000, 0x00000000e0000000, 0x00000000e5560000)
  from space 21824K, 100% used [0x00000000e5560000, 0x00000000e6ab0000, 0x00000000e6ab0000)
  to   space 21824K,   0% used [0x00000000e6ab0000, 0x00000000e6ab0000, 0x00000000e8000000)
 concurrent mark-sweep generation total 393216K, used 143692K [0x00000000e8000000, 0x0000000100000000, 0x0000000100000000)
 Metaspace       used 37182K, capacity 37596K, committed 37988K, reserved 1083392K
  class space    used 3997K, capacity 4152K, committed 4196K, reserved 1048576K
}
2016-05-12T14:51:10.405+0100: 19071.534: Total time for which application threads were stopped: 0.0270109 seconds, Stopping threads took: 0.0000561 seconds
2016-05-12T14:51:11.412+0100: 19072.541: Total time for which application threads were stopped: 0.0001532 seconds, Stopping threads took: 0.0000482 seconds
2016-05-12T14:51:41.414+0100: 19102.542: Total time for which application threads were stopped: 0.0001690 seconds, Stopping threads took: 0.0000458 seconds
{Heap before GC invocations=238 (full 4):
 par new generation   total 109248K, used 109248K [0x00000000e0000000, 0x00000000e8000000, 0x00000000e8000000)
  eden space 87424K, 100% used [0x00000000e0000000, 0x00000000e5560000, 0x00000000e5560000)
  from space 21824K, 100% used [0x00000000e5560000, 0x00000000e6ab0000, 0x00000000e6ab0000)
  to   space 21824K,   0% used [0x00000000e6ab0000, 0x00000000e6ab0000, 0x00000000e8000000)
 concurrent mark-sweep generation total 393216K, used 143692K [0x00000000e8000000, 0x0000000100000000, 0x0000000100000000)
 Metaspace       used 37182K, capacity 37596K, committed 37988K, reserved 1083392K
  class space    used 3997K, capacity 4152K, committed 4196K, reserved 1048576K
2016-05-12T14:51:42.544+0100: 19103.672: [GC (Allocation Failure) 2016-05-12T14:51:42.544+0100: 19103.672: [ParNew
Desired survivor size 20112992 bytes, new threshold 8 (max 8)
- age   1:    1021968 bytes,    1021968 total
- age   2:    2770136 bytes,    3792104 total
- age   3:    4796272 bytes,    8588376 total
- age   4:    1769560 bytes,   10357936 total
- age   5:    6703480 bytes,   17061416 total
: 109248K->21824K(109248K), 0.0205871 secs] 252940K->165516K(502464K), 0.0207427 secs] [Times: user=0.03 sys=0.00, real=0.02 secs] 
Heap after GC invocations=239 (full 4):
 par new generation   total 109248K, used 21824K [0x00000000e0000000, 0x00000000e8000000, 0x00000000e8000000)
  eden space 87424K,   0% used [0x00000000e0000000, 0x00000000e0000000, 0x00000000e5560000)
  from space 21824K, 100% used [0x00000000e6ab0000, 0x00000000e8000000, 0x00000000e8000000)
  to   space 21824K,   0% used [0x00000000e5560000, 0x00000000e5560000, 0x00000000e6ab0000)
 concurrent mark-sweep generation total 393216K, used 143692K [0x00000000e8000000, 0x0000000100000000, 0x0000000100000000)
 Metaspace       used 37182K, capacity 37596K, committed 37988K, reserved 1083392K
  class space    used 3997K, capacity 4152K, committed 4196K, reserved 1048576K
}
2016-05-12T14:51:42.564+0100: 19103.693: Total time for which application threads were stopped: 0.0212196 seconds, Stopping threads took: 0.0000458 seconds
2016-05-12T14:51:58.566+0100: 19119.694: Total time for which application threads were stopped: 0.0001729 seconds, Stopping threads took: 0.0000505 seconds
2016-05-12T14:53:41.053+0100: 19222.186: Total time for which application threads were stopped: 0.0001864 seconds, Stopping threads took: 0.0000450 seconds
2016-05-12T14:53:41.054+0100: 19222.186: Total time for which application threads were stopped: 0.0000892 seconds, Stopping threads took: 0.0000213 seconds
2016-05-12T14:53:41.054+0100: 19222.186: Total time for which application threads were stopped: 0.0000813 seconds, Stopping threads took: 0.0000197 seconds
2016-05-12T14:53:41.055+0100: 19222.187: Total time for which application threads were stopped: 0.0001627 seconds, Stopping threads took: 0.0000237 seconds
2016-05-12T14:53:41.056+0100: 19222.188: Total time for which application threads were stopped: 0.0001579 seconds, Stopping threads took: 0.0000411 seconds
2016-05-12T14:53:41.056+0100: 19222.189: Total time for which application threads were stopped: 0.0001027 seconds, Stopping threads took: 0.0000292 seconds
2016-05-12T14:53:41.120+0100: 19222.252: Total time for which application threads were stopped: 0.0002037 seconds, Stopping threads took: 0.0000655 seconds
2016-05-12T14:53:41.120+0100: 19222.252: Total time for which application threads were stopped: 0.0001232 seconds, Stopping threads took: 0.0000387 seconds
2016-05-12T14:53:41.138+0100: 19222.270: Total time for which application threads were stopped: 0.0175619 seconds, Stopping threads took: 0.0000434 seconds
2016-05-12T14:53:41.138+0100: 19222.271: Total time for which application threads were stopped: 0.0001761 seconds, Stopping threads took: 0.0000411 seconds
2016-05-12T14:53:41.177+0100: 19222.309: Total time for which application threads were stopped: 0.0002535 seconds, Stopping threads took: 0.0000529 seconds
2016-05-12T14:53:41.180+0100: 19222.312: Total time for which application threads were stopped: 0.0002582 seconds, Stopping threads took: 0.0000569 seconds
2016-05-12T14:53:41.180+0100: 19222.312: Total time for which application threads were stopped: 0.0001066 seconds, Stopping threads took: 0.0000221 seconds
2016-05-12T14:53:41.182+0100: 19222.315: Total time for which application threads were stopped: 0.0002156 seconds, Stopping threads took: 0.0000466 seconds
{Heap before GC invocations=239 (full 4):
 par new generation   total 109248K, used 109142K [0x00000000e0000000, 0x00000000e8000000, 0x00000000e8000000)
  eden space 87424K,  99% used [0x00000000e0000000, 0x00000000e55458c8, 0x00000000e5560000)
  from space 21824K, 100% used [0x00000000e6ab0000, 0x00000000e8000000, 0x00000000e8000000)
  to   space 21824K,   0% used [0x00000000e5560000, 0x00000000e5560000, 0x00000000e6ab0000)
 concurrent mark-sweep generation total 393216K, used 143692K [0x00000000e8000000, 0x0000000100000000, 0x0000000100000000)
 Metaspace       used 37182K, capacity 37596K, committed 37988K, reserved 1083392K
  class space    used 3997K, capacity 4152K, committed 4196K, reserved 1048576K
2016-05-12T14:53:41.340+0100: 19222.472: [GC (Allocation Failure) 2016-05-12T14:53:41.340+0100: 19222.472: [ParNew
Desired survivor size 20112992 bytes, new threshold 8 (max 8)
- age   1:    3734064 bytes,    3734064 total
- age   2:      12488 bytes,    3746552 total
- age   3:    2753376 bytes,    6499928 total
- age   4:    4796248 bytes,   11296176 total
- age   5:    1769488 bytes,   13065664 total
- age   6:    6703480 bytes,   19769144 total
: 109142K->21824K(109248K), 0.0210072 secs] 252834K->165523K(502464K), 0.0211880 secs] [Times: user=0.03 sys=0.00, real=0.02 secs] 
Heap after GC invocations=240 (full 4):
 par new generation   total 109248K, used 21824K [0x00000000e0000000, 0x00000000e8000000, 0x00000000e8000000)
  eden space 87424K,   0% used [0x00000000e0000000, 0x00000000e0000000, 0x00000000e5560000)
  from space 21824K, 100% used [0x00000000e5560000, 0x00000000e6ab0000, 0x00000000e6ab0000)
  to   space 21824K,   0% used [0x00000000e6ab0000, 0x00000000e6ab0000, 0x00000000e8000000)
 concurrent mark-sweep generation total 393216K, used 143699K [0x00000000e8000000, 0x0000000100000000, 0x0000000100000000)
 Metaspace       used 37182K, capacity 37596K, committed 37988K, reserved 1083392K
  class space    used 3997K, capacity 4152K, committed 4196K, reserved 1048576K
}
2016-05-12T14:53:41.361+0100: 19222.494: Total time for which application threads were stopped: 0.0216816 seconds, Stopping threads took: 0.0000600 seconds
2016-05-12T14:53:41.598+0100: 19222.730: Total time for which application threads were stopped: 0.0003001 seconds, Stopping threads took: 0.0000671 seconds
{Heap before GC invocations=240 (full 4):
 par new generation   total 109248K, used 109169K [0x00000000e0000000, 0x00000000e8000000, 0x00000000e8000000)
  eden space 87424K,  99% used [0x00000000e0000000, 0x00000000e554c568, 0x00000000e5560000)
  from space 21824K, 100% used [0x00000000e5560000, 0x00000000e6ab0000, 0x00000000e6ab0000)
  to   space 21824K,   0% used [0x00000000e6ab0000, 0x00000000e6ab0000, 0x00000000e8000000)
 concurrent mark-sweep generation total 393216K, used 143699K [0x00000000e8000000, 0x0000000100000000, 0x0000000100000000)
 Metaspace       used 37182K, capacity 37596K, committed 37988K, reserved 1083392K
  class space    used 3997K, capacity 4152K, committed 4196K, reserved 1048576K
2016-05-12T14:53:41.824+0100: 19222.956: [GC (Allocation Failure) 2016-05-12T14:53:41.824+0100: 19222.956: [ParNew
Desired survivor size 20112992 bytes, new threshold 7 (max 8)
- age   1:    6432504 bytes,    6432504 total
- age   2:    1837176 bytes,    8269680 total
- age   3:       8552 bytes,    8278232 total
- age   4:     796232 bytes,    9074464 total
- age   5:    4796200 bytes,   13870664 total
- age   6:    1769488 bytes,   15640152 total
- age   7:    6703304 bytes,   22343456 total
: 109169K->21824K(109248K), 0.0251592 secs] 252869K->168428K(502464K), 0.0253116 secs] [Times: user=0.03 sys=0.02, real=0.03 secs] 
Heap after GC invocations=241 (full 4):
 par new generation   total 109248K, used 21824K [0x00000000e0000000, 0x00000000e8000000, 0x00000000e8000000)
  eden space 87424K,   0% used [0x00000000e0000000, 0x00000000e0000000, 0x00000000e5560000)
  from space 21824K, 100% used [0x00000000e6ab0000, 0x00000000e8000000, 0x00000000e8000000)
  to   space 21824K,   0% used [0x00000000e5560000, 0x00000000e5560000, 0x00000000e6ab0000)
 concurrent mark-sweep generation total 393216K, used 146604K [0x00000000e8000000, 0x0000000100000000, 0x0000000100000000)
 Metaspace       used 37182K, capacity 37596K, committed 37988K, reserved 1083392K
  class space    used 3997K, capacity 4152K, committed 4196K, reserved 1048576K
}
2016-05-12T14:53:41.849+0100: 19222.982: Total time for which application threads were stopped: 0.0257530 seconds, Stopping threads took: 0.0000505 seconds
2016-05-12T14:53:42.894+0100: 19224.026: Total time for which application threads were stopped: 0.0001856 seconds, Stopping threads took: 0.0000505 seconds
{Heap before GC invocations=241 (full 4):
 par new generation   total 109248K, used 108831K [0x00000000e0000000, 0x00000000e8000000, 0x00000000e8000000)
  eden space 87424K,  99% used [0x00000000e0000000, 0x00000000e54f7c18, 0x00000000e5560000)
  from space 21824K, 100% used [0x00000000e6ab0000, 0x00000000e8000000, 0x00000000e8000000)
  to   space 21824K,   0% used [0x00000000e5560000, 0x00000000e5560000, 0x00000000e6ab0000)
 concurrent mark-sweep generation total 393216K, used 146604K [0x00000000e8000000, 0x0000000100000000, 0x0000000100000000)
 Metaspace       used 37182K, capacity 37596K, committed 37988K, reserved 1083392K
  class space    used 3997K, capacity 4152K, committed 4196K, reserved 1048576K
2016-05-12T14:53:43.026+0100: 19224.158: [GC (Allocation Failure) 2016-05-12T14:53:43.026+0100: 19224.158: [ParNew
Desired survivor size 20112992 bytes, new threshold 6 (max 8)
- age   1:   11398992 bytes,   11398992 total
- age   2:    4867960 bytes,   16266952 total
- age   3:    1837176 bytes,   18104128 total
- age   4:       8552 bytes,   18112680 total
- age   5:     115032 bytes,   18227712 total
- age   6:    2348040 bytes,   20575752 total
- age   7:    1769488 bytes,   22345240 total
: 108831K->21824K(109248K), 0.0322337 secs] 255435K->179457K(502464K), 0.0324082 secs] [Times: user=0.06 sys=0.00, real=0.03 secs] 
Heap after GC invocations=242 (full 4):
 par new generation   total 109248K, used 21824K [0x00000000e0000000, 0x00000000e8000000, 0x00000000e8000000)
  eden space 87424K,   0% used [0x00000000e0000000, 0x00000000e0000000, 0x00000000e5560000)
  from space 21824K, 100% used [0x00000000e5560000, 0x00000000e6ab0000, 0x00000000e6ab0000)
  to   space 21824K,   0% used [0x00000000e6ab0000, 0x00000000e6ab0000, 0x00000000e8000000)
 concurrent mark-sweep generation total 393216K, used 157633K [0x00000000e8000000, 0x0000000100000000, 0x0000000100000000)
 Metaspace       used 37182K, capacity 37596K, committed 37988K, reserved 1083392K
  class space    used 3997K, capacity 4152K, committed 4196K, reserved 1048576K
}
2016-05-12T14:53:43.058+0100: 19224.191: Total time for which application threads were stopped: 0.0329152 seconds, Stopping threads took: 0.0000569 seconds
{Heap before GC invocations=242 (full 4):
 par new generation   total 109248K, used 108331K [0x00000000e0000000, 0x00000000e8000000, 0x00000000e8000000)
  eden space 87424K,  98% used [0x00000000e0000000, 0x00000000e547ace8, 0x00000000e5560000)
  from space 21824K, 100% used [0x00000000e5560000, 0x00000000e6ab0000, 0x00000000e6ab0000)
  to   space 21824K,   0% used [0x00000000e6ab0000, 0x00000000e6ab0000, 0x00000000e8000000)
 concurrent mark-sweep generation total 393216K, used 157633K [0x00000000e8000000, 0x0000000100000000, 0x0000000100000000)
 Metaspace       used 37189K, capacity 37660K, committed 37988K, reserved 1083392K
  class space    used 3997K, capacity 4152K, committed 4196K, reserved 1048576K
2016-05-12T14:53:43.548+0100: 19224.681: [GC (Allocation Failure) 2016-05-12T14:53:43.548+0100: 19224.681: [ParNew
Desired survivor size 20112992 bytes, new threshold 4 (max 8)
- age   1:    6437280 bytes,    6437280 total
- age   2:    8220632 bytes,   14657912 total
- age   3:    4802168 bytes,   19460080 total
- age   4:    1611560 bytes,   21071640 total
- age   5:       2864 bytes,   21074504 total
- age   6:     109552 bytes,   21184056 total
: 108331K->21824K(109248K), 0.0323324 secs] 265964K->188457K(502464K), 0.0325204 secs] [Times: user=0.06 sys=0.03, real=0.03 secs] 
Heap after GC invocations=243 (full 4):
 par new generation   total 109248K, used 21824K [0x00000000e0000000, 0x00000000e8000000, 0x00000000e8000000)
  eden space 87424K,   0% used [0x00000000e0000000, 0x00000000e0000000, 0x00000000e5560000)
  from space 21824K, 100% used [0x00000000e6ab0000, 0x00000000e8000000, 0x00000000e8000000)
  to   space 21824K,   0% used [0x00000000e5560000, 0x00000000e5560000, 0x00000000e6ab0000)
 concurrent mark-sweep generation total 393216K, used 166633K [0x00000000e8000000, 0x0000000100000000, 0x0000000100000000)
 Metaspace       used 37189K, capacity 37660K, committed 37988K, reserved 1083392K
  class space    used 3997K, capacity 4152K, committed 4196K, reserved 1048576K
}
2016-05-12T14:53:43.581+0100: 19224.713: Total time for which application threads were stopped: 0.0330447 seconds, Stopping threads took: 0.0000576 seconds
{Heap before GC invocations=243 (full 4):
 par new generation   total 109248K, used 109248K [0x00000000e0000000, 0x00000000e8000000, 0x00000000e8000000)
  eden space 87424K, 100% used [0x00000000e0000000, 0x00000000e5560000, 0x00000000e5560000)
  from space 21824K, 100% used [0x00000000e6ab0000, 0x00000000e8000000, 0x00000000e8000000)
  to   space 21824K,   0% used [0x00000000e5560000, 0x00000000e5560000, 0x00000000e6ab0000)
 concurrent mark-sweep generation total 393216K, used 166633K [0x00000000e8000000, 0x0000000100000000, 0x0000000100000000)
 Metaspace       used 37189K, capacity 37660K, committed 37988K, reserved 1083392K
  class space    used 3997K, capacity 4152K, committed 4196K, reserved 1048576K
2016-05-12T14:53:43.920+0100: 19225.052: [GC (Allocation Failure) 2016-05-12T14:53:43.920+0100: 19225.052: [ParNew
Desired survivor size 20112992 bytes, new threshold 4 (max 8)
- age   1:    5025880 bytes,    5025880 total
- age   2:    3758568 bytes,    8784448 total
- age   3:    8220072 bytes,   17004520 total
- age   4:    4784536 bytes,   21789056 total
: 109248K->21824K(109248K), 0.0325030 secs] 275881K->205135K(502464K), 0.0326743 secs] [Times: user=0.06 sys=0.00, real=0.03 secs] 
Heap after GC invocations=244 (full 4):
 par new generation   total 109248K, used 21824K [0x00000000e0000000, 0x00000000e8000000, 0x00000000e8000000)
  eden space 87424K,   0% used [0x00000000e0000000, 0x00000000e0000000, 0x00000000e5560000)
  from space 21824K, 100% used [0x00000000e5560000, 0x00000000e6ab0000, 0x00000000e6ab0000)
  to   space 21824K,   0% used [0x00000000e6ab0000, 0x00000000e6ab0000, 0x00000000e8000000)
 concurrent mark-sweep generation total 393216K, used 183311K [0x00000000e8000000, 0x0000000100000000, 0x0000000100000000)
 Metaspace       used 37189K, capacity 37660K, committed 37988K, reserved 1083392K
  class space    used 3997K, capacity 4152K, committed 4196K, reserved 1048576K
}
2016-05-12T14:53:43.953+0100: 19225.085: Total time for which application threads were stopped: 0.0331892 seconds, Stopping threads took: 0.0000624 seconds
{Heap before GC invocations=244 (full 4):
 par new generation   total 109248K, used 100040K [0x00000000e0000000, 0x00000000e8000000, 0x00000000e8000000)
  eden space 87424K,  89% used [0x00000000e0000000, 0x00000000e4c62258, 0x00000000e5560000)
  from space 21824K, 100% used [0x00000000e5560000, 0x00000000e6ab0000, 0x00000000e6ab0000)
  to   space 21824K,   0% used [0x00000000e6ab0000, 0x00000000e6ab0000, 0x00000000e8000000)
 concurrent mark-sweep generation total 393216K, used 183311K [0x00000000e8000000, 0x0000000100000000, 0x0000000100000000)
 Metaspace       used 37189K, capacity 37660K, committed 37988K, reserved 1083392K
  class space    used 3997K, capacity 4152K, committed 4196K, reserved 1048576K
2016-05-12T14:53:44.335+0100: 19225.468: [GC (Allocation Failure) 2016-05-12T14:53:44.336+0100: 19225.468: [ParNew
Desired survivor size 20112992 bytes, new threshold 4 (max 8)
- age   1:    6274936 bytes,    6274936 total
- age   2:    4487512 bytes,   10762448 total
- age   3:    3363632 bytes,   14126080 total
- age   4:    8220072 bytes,   22346152 total
: 100040K->21824K(109248K), 0.0377281 secs] 283352K->228558K(502464K), 0.0378829 secs] [Times: user=0.06 sys=0.00, real=0.04 secs] 
Heap after GC invocations=245 (full 4):
 par new generation   total 109248K, used 21824K [0x00000000e0000000, 0x00000000e8000000, 0x00000000e8000000)
  eden space 87424K,   0% used [0x00000000e0000000, 0x00000000e0000000, 0x00000000e5560000)
  from space 21824K, 100% used [0x00000000e6ab0000, 0x00000000e8000000, 0x00000000e8000000)
  to   space 21824K,   0% used [0x00000000e5560000, 0x00000000e5560000, 0x00000000e6ab0000)
 concurrent mark-sweep generation total 393216K, used 206734K [0x00000000e8000000, 0x0000000100000000, 0x0000000100000000)
 Metaspace       used 37189K, capacity 37660K, committed 37988K, reserved 1083392K
  class space    used 3997K, capacity 4152K, committed 4196K, reserved 1048576K
}
2016-05-12T14:53:44.373+0100: 19225.506: Total time for which application threads were stopped: 0.0383551 seconds, Stopping threads took: 0.0000537 seconds
2016-05-12T14:53:44.382+0100: 19225.514: [GC (CMS Initial Mark) [1 CMS-initial-mark: 206734K(393216K)] 240500K(502464K), 0.0046977 secs] [Times: user=0.00 sys=0.00, real=0.00 secs] 
2016-05-12T14:53:44.387+0100: 19225.519: Total time for which application threads were stopped: 0.0129906 seconds, Stopping threads took: 0.0080229 seconds
2016-05-12T14:53:44.387+0100: 19225.519: [CMS-concurrent-mark-start]
2016-05-12T14:53:44.478+0100: 19225.611: [CMS-concurrent-mark: 0.092/0.092 secs] [Times: user=0.16 sys=0.00, real=0.09 secs] 
2016-05-12T14:53:44.479+0100: 19225.611: [CMS-concurrent-preclean-start]
2016-05-12T14:53:44.482+0100: 19225.614: [CMS-concurrent-preclean: 0.003/0.003 secs] [Times: user=0.00 sys=0.00, real=0.00 secs] 
2016-05-12T14:53:44.482+0100: 19225.614: [CMS-concurrent-abortable-preclean-start]
{Heap before GC invocations=245 (full 5):
 par new generation   total 109248K, used 109086K [0x00000000e0000000, 0x00000000e8000000, 0x00000000e8000000)
  eden space 87424K,  99% used [0x00000000e0000000, 0x00000000e55378e0, 0x00000000e5560000)
  from space 21824K, 100% used [0x00000000e6ab0000, 0x00000000e8000000, 0x00000000e8000000)
  to   space 21824K,   0% used [0x00000000e5560000, 0x00000000e5560000, 0x00000000e6ab0000)
 concurrent mark-sweep generation total 393216K, used 206734K [0x00000000e8000000, 0x0000000100000000, 0x0000000100000000)
 Metaspace       used 37189K, capacity 37660K, committed 37988K, reserved 1083392K
  class space    used 3997K, capacity 4152K, committed 4196K, reserved 1048576K
2016-05-12T14:53:45.087+0100: 19226.219: [GC (Allocation Failure) 2016-05-12T14:53:45.087+0100: 19226.219: [ParNew
Desired survivor size 20112992 bytes, new threshold 8 (max 8)
- age   1:    5923264 bytes,    5923264 total
- age   2:     129768 bytes,    6053032 total
- age   3:    4487512 bytes,   10540544 total
- age   4:    3360880 bytes,   13901424 total
: 109086K->17314K(109248K), 0.0212480 secs] 315820K->232076K(502464K), 0.0213965 secs] [Times: user=0.03 sys=0.00, real=0.02 secs] 
Heap after GC invocations=246 (full 5):
 par new generation   total 109248K, used 17314K [0x00000000e0000000, 0x00000000e8000000, 0x00000000e8000000)
  eden space 87424K,   0% used [0x00000000e0000000, 0x00000000e0000000, 0x00000000e5560000)
  from space 21824K,  79% used [0x00000000e5560000, 0x00000000e6648a38, 0x00000000e6ab0000)
  to   space 21824K,   0% used [0x00000000e6ab0000, 0x00000000e6ab0000, 0x00000000e8000000)
 concurrent mark-sweep generation total 393216K, used 214761K [0x00000000e8000000, 0x0000000100000000, 0x0000000100000000)
 Metaspace       used 37189K, capacity 37660K, committed 37988K, reserved 1083392K
  class space    used 3997K, capacity 4152K, committed 4196K, reserved 1048576K
}
2016-05-12T14:53:45.108+0100: 19226.241: Total time for which application threads were stopped: 0.0218711 seconds, Stopping threads took: 0.0000640 seconds
2016-05-12T14:53:45.176+0100: 19226.309: Total time for which application threads were stopped: 0.0002085 seconds, Stopping threads took: 0.0000553 seconds
2016-05-12T14:53:45.177+0100: 19226.310: Total time for which application threads were stopped: 0.0001248 seconds, Stopping threads took: 0.0000268 seconds
2016-05-12T14:53:48.945+0100: 19230.078: Total time for which application threads were stopped: 0.0002164 seconds, Stopping threads took: 0.0000450 seconds
 CMS: abort preclean due to time 2016-05-12T14:53:50.542+0100: 19231.675: [CMS-concurrent-abortable-preclean: 0.616/6.060 secs] [Times: user=1.36 sys=0.17, real=6.06 secs] 
2016-05-12T14:53:50.546+0100: 19231.679: [GC (CMS Final Remark) [YG occupancy: 31871 K (109248 K)]{Heap before GC invocations=246 (full 5):
 par new generation   total 109248K, used 31871K [0x00000000e0000000, 0x00000000e8000000, 0x00000000e8000000)
  eden space 87424K,  16% used [0x00000000e0000000, 0x00000000e0e37308, 0x00000000e5560000)
  from space 21824K,  79% used [0x00000000e5560000, 0x00000000e6648a38, 0x00000000e6ab0000)
  to   space 21824K,   0% used [0x00000000e6ab0000, 0x00000000e6ab0000, 0x00000000e8000000)
 concurrent mark-sweep generation total 393216K, used 214761K [0x00000000e8000000, 0x0000000100000000, 0x0000000100000000)
 Metaspace       used 37200K, capacity 37660K, committed 37988K, reserved 1083392K
  class space    used 3997K, capacity 4152K, committed 4196K, reserved 1048576K
2016-05-12T14:53:50.546+0100: 19231.679: [GC (CMS Final Remark) 2016-05-12T14:53:50.546+0100: 19231.679: [ParNew
Desired survivor size 20112992 bytes, new threshold 8 (max 8)
- age   1:     437120 bytes,     437120 total
- age   2:    5808472 bytes,    6245592 total
- age   3:     129288 bytes,    6374880 total
- age   4:    4487336 bytes,   10862216 total
- age   5:    3359416 bytes,   14221632 total
: 31871K->16993K(109248K), 0.0152459 secs] 246633K->231755K(502464K), 0.0153746 secs] [Times: user=0.03 sys=0.00, real=0.02 secs] 
Heap after GC invocations=247 (full 5):
 par new generation   total 109248K, used 16993K [0x00000000e0000000, 0x00000000e8000000, 0x00000000e8000000)
  eden space 87424K,   0% used [0x00000000e0000000, 0x00000000e0000000, 0x00000000e5560000)
  from space 21824K,  77% used [0x00000000e6ab0000, 0x00000000e7b486c8, 0x00000000e8000000)
  to   space 21824K,   0% used [0x00000000e5560000, 0x00000000e5560000, 0x00000000e6ab0000)
 concurrent mark-sweep generation total 393216K, used 214761K [0x00000000e8000000, 0x0000000100000000, 0x0000000100000000)
 Metaspace       used 37200K, capacity 37660K, committed 37988K, reserved 1083392K
  class space    used 3997K, capacity 4152K, committed 4196K, reserved 1048576K
}
2016-05-12T14:53:50.561+0100: 19231.694: [Rescan (parallel) , 0.0036814 secs]2016-05-12T14:53:50.565+0100: 19231.698: [weak refs processing, 0.0095880 secs]2016-05-12T14:53:50.575+0100: 19231.708: [class unloading, 0.0233461 secs]2016-05-12T14:53:50.598+0100: 19231.731: [scrub symbol table, 0.0160561 secs]2016-05-12T14:53:50.614+0100: 19231.747: [scrub string table, 0.0014206 secs][1 CMS-remark: 214761K(393216K)] 231755K(502464K), 0.0711795 secs] [Times: user=0.08 sys=0.00, real=0.07 secs] 
2016-05-12T14:53:50.617+0100: 19231.750: Total time for which application threads were stopped: 0.0714117 seconds, Stopping threads took: 0.0000466 seconds
2016-05-12T14:53:50.617+0100: 19231.750: [CMS-concurrent-sweep-start]
2016-05-12T14:53:50.669+0100: 19231.802: [CMS-concurrent-sweep: 0.051/0.051 secs] [Times: user=0.05 sys=0.00, real=0.05 secs] 
2016-05-12T14:53:50.669+0100: 19231.802: [CMS-concurrent-reset-start]
2016-05-12T14:53:50.671+0100: 19231.804: [CMS-concurrent-reset: 0.002/0.002 secs] [Times: user=0.00 sys=0.00, real=0.00 secs] 
2016-05-12T14:53:51.289+0100: 19232.422: Total time for which application threads were stopped: 0.0002282 seconds, Stopping threads took: 0.0000411 seconds
2016-05-12T14:54:02.873+0100: 19244.005: Total time for which application threads were stopped: 0.0002306 seconds, Stopping threads took: 0.0000584 seconds
2016-05-12T14:54:02.873+0100: 19244.005: Total time for which application threads were stopped: 0.0000948 seconds, Stopping threads took: 0.0000205 seconds
2016-05-12T14:54:02.873+0100: 19244.005: Total time for which application threads were stopped: 0.0001027 seconds, Stopping threads took: 0.0000205 seconds
2016-05-12T14:54:02.873+0100: 19244.006: Total time for which application threads were stopped: 0.0000916 seconds, Stopping threads took: 0.0000197 seconds
2016-05-12T14:54:02.873+0100: 19244.006: Total time for which application threads were stopped: 0.0001153 seconds, Stopping threads took: 0.0000213 seconds
2016-05-12T14:54:02.880+0100: 19244.013: Total time for which application threads were stopped: 0.0002306 seconds, Stopping threads took: 0.0000608 seconds
2016-05-12T14:54:03.880+0100: 19245.012: Total time for which application threads were stopped: 0.0001587 seconds, Stopping threads took: 0.0000482 seconds
{Heap before GC invocations=247 (full 5):
 par new generation   total 109248K, used 103138K [0x00000000e0000000, 0x00000000e8000000, 0x00000000e8000000)
  eden space 87424K,  98% used [0x00000000e0000000, 0x00000000e54204e8, 0x00000000e5560000)
  from space 21824K,  77% used [0x00000000e6ab0000, 0x00000000e7b486c8, 0x00000000e8000000)
  to   space 21824K,   0% used [0x00000000e5560000, 0x00000000e5560000, 0x00000000e6ab0000)
 concurrent mark-sweep generation total 393216K, used 61177K [0x00000000e8000000, 0x0000000100000000, 0x0000000100000000)
 Metaspace       used 37200K, capacity 37660K, committed 37988K, reserved 1083392K
  class space    used 3997K, capacity 4152K, committed 4196K, reserved 1048576K
2016-05-12T14:54:05.589+0100: 19246.721: [GC (Allocation Failure) 2016-05-12T14:54:05.589+0100: 19246.721: [ParNew
Desired survivor size 20112992 bytes, new threshold 8 (max 8)
- age   1:    3347728 bytes,    3347728 total
- age   2:     435960 bytes,    3783688 total
- age   3:    5808472 bytes,    9592160 total
- age   4:     126600 bytes,    9718760 total
- age   5:    4487008 bytes,   14205768 total
- age   6:    3357136 bytes,   17562904 total
: 103138K->17495K(109248K), 0.0220101 secs] 164316K->78672K(502464K), 0.0221830 secs] [Times: user=0.06 sys=0.00, real=0.02 secs] 
Heap after GC invocations=248 (full 5):
 par new generation   total 109248K, used 17495K [0x00000000e0000000, 0x00000000e8000000, 0x00000000e8000000)
  eden space 87424K,   0% used [0x00000000e0000000, 0x00000000e0000000, 0x00000000e5560000)
  from space 21824K,  80% used [0x00000000e5560000, 0x00000000e6675c30, 0x00000000e6ab0000)
  to   space 21824K,   0% used [0x00000000e6ab0000, 0x00000000e6ab0000, 0x00000000e8000000)
 concurrent mark-sweep generation total 393216K, used 61177K [0x00000000e8000000, 0x0000000100000000, 0x0000000100000000)
 Metaspace       used 37200K, capacity 37660K, committed 37988K, reserved 1083392K
  class space    used 3997K, capacity 4152K, committed 4196K, reserved 1048576K
}
2016-05-12T14:54:05.611+0100: 19246.744: Total time for which application threads were stopped: 0.0226694 seconds, Stopping threads took: 0.0000521 seconds
2016-05-12T14:54:08.270+0100: 19249.409: Total time for which application threads were stopped: 0.0002353 seconds, Stopping threads took: 0.0000624 seconds
2016-05-12T14:54:08.270+0100: 19249.409: Total time for which application threads were stopped: 0.0001058 seconds, Stopping threads took: 0.0000268 seconds
2016-05-12T14:54:08.270+0100: 19249.409: Total time for which application threads were stopped: 0.0001027 seconds, Stopping threads took: 0.0000261 seconds
2016-05-12T14:54:08.270+0100: 19249.410: Total time for which application threads were stopped: 0.0001200 seconds, Stopping threads took: 0.0000316 seconds
{Heap before GC invocations=248 (full 5):
 par new generation   total 109248K, used 103195K [0x00000000e0000000, 0x00000000e8000000, 0x00000000e8000000)
  eden space 87424K,  98% used [0x00000000e0000000, 0x00000000e53b1140, 0x00000000e5560000)
  from space 21824K,  80% used [0x00000000e5560000, 0x00000000e6675c30, 0x00000000e6ab0000)
  to   space 21824K,   0% used [0x00000000e6ab0000, 0x00000000e6ab0000, 0x00000000e8000000)
 concurrent mark-sweep generation total 393216K, used 61177K [0x00000000e8000000, 0x0000000100000000, 0x0000000100000000)
 Metaspace       used 37200K, capacity 37660K, committed 37988K, reserved 1083392K
  class space    used 3997K, capacity 4152K, committed 4196K, reserved 1048576K
2016-05-12T14:54:11.990+0100: 19253.125: [GC (Allocation Failure) 2016-05-12T14:54:11.990+0100: 19253.125: [ParNew
Desired survivor size 20112992 bytes, new threshold 8 (max 8)
- age   1:    2594272 bytes,    2594272 total
- age   2:      82040 bytes,    2676312 total
- age   3:     435912 bytes,    3112224 total
- age   4:    5808472 bytes,    8920696 total
- age   5:     126600 bytes,    9047296 total
- age   6:    4486792 bytes,   13534088 total
- age   7:    3357136 bytes,   16891224 total
: 103195K->19449K(109248K), 0.0186177 secs] 164372K->80627K(502464K), 0.0188127 secs] [Times: user=0.03 sys=0.00, real=0.02 secs] 
Heap after GC invocations=249 (full 5):
 par new generation   total 109248K, used 19449K [0x00000000e0000000, 0x00000000e8000000, 0x00000000e8000000)
  eden space 87424K,   0% used [0x00000000e0000000, 0x00000000e0000000, 0x00000000e5560000)
  from space 21824K,  89% used [0x00000000e6ab0000, 0x00000000e7dae6c0, 0x00000000e8000000)
  to   space 21824K,   0% used [0x00000000e5560000, 0x00000000e5560000, 0x00000000e6ab0000)
 concurrent mark-sweep generation total 393216K, used 61177K [0x00000000e8000000, 0x0000000100000000, 0x0000000100000000)
 Metaspace       used 37200K, capacity 37660K, committed 37988K, reserved 1083392K
  class space    used 3997K, capacity 4152K, committed 4196K, reserved 1048576K
}
2016-05-12T14:54:12.009+0100: 19253.144: Total time for which application threads were stopped: 0.0193134 seconds, Stopping threads took: 0.0000766 seconds
2016-05-12T14:54:20.809+0100: 19261.944: Total time for which application threads were stopped: 0.0002227 seconds, Stopping threads took: 0.0000482 seconds
2016-05-12T14:54:26.436+0100: 19267.571: Total time for which application threads were stopped: 0.0002148 seconds, Stopping threads took: 0.0000592 seconds
2016-05-12T14:54:26.436+0100: 19267.571: Total time for which application threads were stopped: 0.0001034 seconds, Stopping threads took: 0.0000268 seconds
2016-05-12T14:55:21.507+0100: 19322.643: Total time for which application threads were stopped: 0.0002487 seconds, Stopping threads took: 0.0000758 seconds
2016-05-12T14:55:21.507+0100: 19322.643: Total time for which application threads were stopped: 0.0000979 seconds, Stopping threads took: 0.0000229 seconds
2016-05-12T14:55:21.530+0100: 19322.666: Total time for which application threads were stopped: 0.0001445 seconds, Stopping threads took: 0.0000371 seconds
2016-05-12T14:55:21.530+0100: 19322.666: Total time for which application threads were stopped: 0.0000853 seconds, Stopping threads took: 0.0000213 seconds
2016-05-12T14:55:21.530+0100: 19322.667: Total time for which application threads were stopped: 0.0001224 seconds, Stopping threads took: 0.0000213 seconds
2016-05-12T14:55:21.532+0100: 19322.668: Total time for which application threads were stopped: 0.0001413 seconds, Stopping threads took: 0.0000268 seconds
{Heap before GC invocations=249 (full 5):
 par new generation   total 109248K, used 104941K [0x00000000e0000000, 0x00000000e8000000, 0x00000000e8000000)
  eden space 87424K,  97% used [0x00000000e0000000, 0x00000000e537cdb0, 0x00000000e5560000)
  from space 21824K,  89% used [0x00000000e6ab0000, 0x00000000e7dae6c0, 0x00000000e8000000)
  to   space 21824K,   0% used [0x00000000e5560000, 0x00000000e5560000, 0x00000000e6ab0000)
 concurrent mark-sweep generation total 393216K, used 61177K [0x00000000e8000000, 0x0000000100000000, 0x0000000100000000)
 Metaspace       used 37200K, capacity 37660K, committed 37988K, reserved 1083392K
  class space    used 3997K, capacity 4152K, committed 4196K, reserved 1048576K
2016-05-12T14:55:21.537+0100: 19322.673: [GC (Allocation Failure) 2016-05-12T14:55:21.537+0100: 19322.673: [ParNew
Desired survivor size 20112992 bytes, new threshold 8 (max 8)
- age   1:     139760 bytes,     139760 total
- age   2:      23536 bytes,     163296 total
- age   3:      81680 bytes,     244976 total
- age   4:     435912 bytes,     680888 total
- age   5:    5808040 bytes,    6488928 total
- age   6:     126384 bytes,    6615312 total
- age   7:    4486792 bytes,   11102104 total
- age   8:    3357136 bytes,   14459240 total
: 104941K->15731K(109248K), 0.0179868 secs] 166118K->76908K(502464K), 0.0181565 secs] [Times: user=0.03 sys=0.00, real=0.02 secs] 
Heap after GC invocations=250 (full 5):
 par new generation   total 109248K, used 15731K [0x00000000e0000000, 0x00000000e8000000, 0x00000000e8000000)
  eden space 87424K,   0% used [0x00000000e0000000, 0x00000000e0000000, 0x00000000e5560000)
  from space 21824K,  72% used [0x00000000e5560000, 0x00000000e64bcd68, 0x00000000e6ab0000)
  to   space 21824K,   0% used [0x00000000e6ab0000, 0x00000000e6ab0000, 0x00000000e8000000)
 concurrent mark-sweep generation total 393216K, used 61177K [0x00000000e8000000, 0x0000000100000000, 0x0000000100000000)
 Metaspace       used 37200K, capacity 37660K, committed 37988K, reserved 1083392K
  class space    used 3997K, capacity 4152K, committed 4196K, reserved 1048576K
}
2016-05-12T14:55:21.555+0100: 19322.692: Total time for which application threads were stopped: 0.0186098 seconds, Stopping threads took: 0.0000482 seconds
2016-05-12T14:55:21.602+0100: 19322.738: Total time for which application threads were stopped: 0.0003364 seconds, Stopping threads took: 0.0000655 seconds
2016-05-12T14:55:24.289+0100: 19325.425: Total time for which application threads were stopped: 0.0003143 seconds, Stopping threads took: 0.0000466 seconds
2016-05-12T14:55:24.290+0100: 19325.425: Total time for which application threads were stopped: 0.0001050 seconds, Stopping threads took: 0.0000347 seconds
2016-05-12T14:55:24.291+0100: 19325.426: Total time for which application threads were stopped: 0.0002930 seconds, Stopping threads took: 0.0000608 seconds
2016-05-12T14:55:24.291+0100: 19325.426: Total time for which application threads were stopped: 0.0001066 seconds, Stopping threads took: 0.0000292 seconds
2016-05-12T14:55:24.291+0100: 19325.426: Total time for which application threads were stopped: 0.0000995 seconds, Stopping threads took: 0.0000261 seconds
2016-05-12T14:55:24.291+0100: 19325.427: Total time for which application threads were stopped: 0.0000971 seconds, Stopping threads took: 0.0000245 seconds
2016-05-12T14:55:24.291+0100: 19325.427: Total time for which application threads were stopped: 0.0000979 seconds, Stopping threads took: 0.0000253 seconds
2016-05-12T14:55:24.292+0100: 19325.427: Total time for which application threads were stopped: 0.0003553 seconds, Stopping threads took: 0.0000253 seconds
{Heap before GC invocations=250 (full 5):
 par new generation   total 109248K, used 103137K [0x00000000e0000000, 0x00000000e8000000, 0x00000000e8000000)
  eden space 87424K,  99% used [0x00000000e0000000, 0x00000000e555b6a8, 0x00000000e5560000)
  from space 21824K,  72% used [0x00000000e5560000, 0x00000000e64bcd68, 0x00000000e6ab0000)
  to   space 21824K,   0% used [0x00000000e6ab0000, 0x00000000e6ab0000, 0x00000000e8000000)
 concurrent mark-sweep generation total 393216K, used 61177K [0x00000000e8000000, 0x0000000100000000, 0x0000000100000000)
 Metaspace       used 37200K, capacity 37660K, committed 37988K, reserved 1083392K
  class space    used 3997K, capacity 4152K, committed 4196K, reserved 1048576K
2016-05-12T14:55:28.201+0100: 19329.336: [GC (Allocation Failure) 2016-05-12T14:55:28.201+0100: 19329.336: [ParNew
Desired survivor size 20112992 bytes, new threshold 8 (max 8)
- age   1:    2340736 bytes,    2340736 total
- age   2:     115736 bytes,    2456472 total
- age   3:      21256 bytes,    2477728 total
- age   4:      81680 bytes,    2559408 total
- age   5:     435912 bytes,    2995320 total
- age   6:    5808040 bytes,    8803360 total
- age   7:     126384 bytes,    8929744 total
- age   8:    4486792 bytes,   13416536 total
: 103137K->14643K(109248K), 0.0188041 secs] 164314K->79099K(502464K), 0.0190331 secs] [Times: user=0.01 sys=0.00, real=0.02 secs] 
Heap after GC invocations=251 (full 5):
 par new generation   total 109248K, used 14643K [0x00000000e0000000, 0x00000000e8000000, 0x00000000e8000000)
  eden space 87424K,   0% used [0x00000000e0000000, 0x00000000e0000000, 0x00000000e5560000)
  from space 21824K,  67% used [0x00000000e6ab0000, 0x00000000e78fce68, 0x00000000e8000000)
  to   space 21824K,   0% used [0x00000000e5560000, 0x00000000e5560000, 0x00000000e6ab0000)
 concurrent mark-sweep generation total 393216K, used 64455K [0x00000000e8000000, 0x0000000100000000, 0x0000000100000000)
 Metaspace       used 37200K, capacity 37660K, committed 37988K, reserved 1083392K
  class space    used 3997K, capacity 4152K, committed 4196K, reserved 1048576K
}
2016-05-12T14:55:28.220+0100: 19329.355: Total time for which application threads were stopped: 0.0195495 seconds, Stopping threads took: 0.0000719 seconds
2016-05-12T14:55:36.063+0100: 19337.198: Total time for which application threads were stopped: 0.0002195 seconds, Stopping threads took: 0.0000553 seconds
{Heap before GC invocations=251 (full 5):
 par new generation   total 109248K, used 97464K [0x00000000e0000000, 0x00000000e8000000, 0x00000000e8000000)
  eden space 87424K,  94% used [0x00000000e0000000, 0x00000000e50e13f0, 0x00000000e5560000)
  from space 21824K,  67% used [0x00000000e6ab0000, 0x00000000e78fce68, 0x00000000e8000000)
  to   space 21824K,   0% used [0x00000000e5560000, 0x00000000e5560000, 0x00000000e6ab0000)
 concurrent mark-sweep generation total 393216K, used 64455K [0x00000000e8000000, 0x0000000100000000, 0x0000000100000000)
 Metaspace       used 37200K, capacity 37660K, committed 37988K, reserved 1083392K
  class space    used 3997K, capacity 4152K, committed 4196K, reserved 1048576K
2016-05-12T14:55:37.329+0100: 19338.464: [GC (Allocation Failure) 2016-05-12T14:55:37.329+0100: 19338.464: [ParNew
Desired survivor size 20112992 bytes, new threshold 8 (max 8)
- age   1:    9049376 bytes,    9049376 total
- age   2:        352 bytes,    9049728 total
- age   3:     115176 bytes,    9164904 total
- age   4:      21256 bytes,    9186160 total
- age   5:      81680 bytes,    9267840 total
- age   6:     435912 bytes,    9703752 total
- age   7:    5808040 bytes,   15511792 total
- age   8:     126384 bytes,   15638176 total
: 97464K->16851K(109248K), 0.0274500 secs] 161920K->85689K(502464K), 0.0276095 secs] [Times: user=0.03 sys=0.00, real=0.03 secs] 
Heap after GC invocations=252 (full 5):
 par new generation   total 109248K, used 16851K [0x00000000e0000000, 0x00000000e8000000, 0x00000000e8000000)
  eden space 87424K,   0% used [0x00000000e0000000, 0x00000000e0000000, 0x00000000e5560000)
  from space 21824K,  77% used [0x00000000e5560000, 0x00000000e65d4f90, 0x00000000e6ab0000)
  to   space 21824K,   0% used [0x00000000e6ab0000, 0x00000000e6ab0000, 0x00000000e8000000)
 concurrent mark-sweep generation total 393216K, used 68837K [0x00000000e8000000, 0x0000000100000000, 0x0000000100000000)
 Metaspace       used 37200K, capacity 37660K, committed 37988K, reserved 1083392K
  class space    used 3997K, capacity 4152K, committed 4196K, reserved 1048576K
}
2016-05-12T14:55:37.356+0100: 19338.492: Total time for which application threads were stopped: 0.0281125 seconds, Stopping threads took: 0.0000892 seconds
2016-05-12T14:55:46.207+0100: 19347.343: Total time for which application threads were stopped: 0.0002566 seconds, Stopping threads took: 0.0000695 seconds
{Heap before GC invocations=252 (full 5):
 par new generation   total 109248K, used 99723K [0x00000000e0000000, 0x00000000e8000000, 0x00000000e8000000)
  eden space 87424K,  94% used [0x00000000e0000000, 0x00000000e50edca0, 0x00000000e5560000)
  from space 21824K,  77% used [0x00000000e5560000, 0x00000000e65d4f90, 0x00000000e6ab0000)
  to   space 21824K,   0% used [0x00000000e6ab0000, 0x00000000e6ab0000, 0x00000000e8000000)
 concurrent mark-sweep generation total 393216K, used 68837K [0x00000000e8000000, 0x0000000100000000, 0x0000000100000000)
 Metaspace       used 37200K, capacity 37660K, committed 37988K, reserved 1083392K
  class space    used 3997K, capacity 4152K, committed 4196K, reserved 1048576K
2016-05-12T14:55:47.762+0100: 19348.898: [GC (Allocation Failure) 2016-05-12T14:55:47.762+0100: 19348.898: [ParNew
Desired survivor size 20112992 bytes, new threshold 8 (max 8)
- age   1:    9110464 bytes,    9110464 total
- age   2:      20112 bytes,    9130576 total
- age   3:        216 bytes,    9130792 total
- age   4:     115080 bytes,    9245872 total
- age   5:      21256 bytes,    9267128 total
- age   6:      81648 bytes,    9348776 total
- age   7:     435912 bytes,    9784688 total
- age   8:    5807824 bytes,   15592512 total
: 99723K->17391K(109248K), 0.0170360 secs] 168560K->86351K(502464K), 0.0171995 secs] [Times: user=0.03 sys=0.00, real=0.02 secs] 
Heap after GC invocations=253 (full 5):
 par new generation   total 109248K, used 17391K [0x00000000e0000000, 0x00000000e8000000, 0x00000000e8000000)
  eden space 87424K,   0% used [0x00000000e0000000, 0x00000000e0000000, 0x00000000e5560000)
  from space 21824K,  79% used [0x00000000e6ab0000, 0x00000000e7babc30, 0x00000000e8000000)
  to   space 21824K,   0% used [0x00000000e5560000, 0x00000000e5560000, 0x00000000e6ab0000)
 concurrent mark-sweep generation total 393216K, used 68960K [0x00000000e8000000, 0x0000000100000000, 0x0000000100000000)
 Metaspace       used 37200K, capacity 37660K, committed 37988K, reserved 1083392K
  class space    used 3997K, capacity 4152K, committed 4196K, reserved 1048576K
}
2016-05-12T14:55:47.780+0100: 19348.915: Total time for which application threads were stopped: 0.0177120 seconds, Stopping threads took: 0.0000537 seconds
2016-05-12T14:57:14.350+0100: 19435.487: Total time for which application threads were stopped: 0.0001950 seconds, Stopping threads took: 0.0000497 seconds
2016-05-12T14:57:27.121+0100: 19448.258: Total time for which application threads were stopped: 0.0001587 seconds, Stopping threads took: 0.0000411 seconds
2016-05-12T14:57:27.121+0100: 19448.258: Total time for which application threads were stopped: 0.0000861 seconds, Stopping threads took: 0.0000213 seconds
2016-05-12T14:57:27.123+0100: 19448.259: Total time for which application threads were stopped: 0.0003088 seconds, Stopping threads took: 0.0001042 seconds
{Heap before GC invocations=253 (full 5):
 par new generation   total 109248K, used 104815K [0x00000000e0000000, 0x00000000e8000000, 0x00000000e8000000)
  eden space 87424K, 100% used [0x00000000e0000000, 0x00000000e5560000, 0x00000000e5560000)
  from space 21824K,  79% used [0x00000000e6ab0000, 0x00000000e7babc30, 0x00000000e8000000)
  to   space 21824K,   0% used [0x00000000e5560000, 0x00000000e5560000, 0x00000000e6ab0000)
 concurrent mark-sweep generation total 393216K, used 68960K [0x00000000e8000000, 0x0000000100000000, 0x0000000100000000)
 Metaspace       used 37201K, capacity 37660K, committed 37988K, reserved 1083392K
  class space    used 3997K, capacity 4152K, committed 4196K, reserved 1048576K
2016-05-12T14:57:27.134+0100: 19448.271: [GC (Allocation Failure) 2016-05-12T14:57:27.134+0100: 19448.271: [ParNew
Desired survivor size 20112992 bytes, new threshold 8 (max 8)
- age   1:     766696 bytes,     766696 total
- age   2:      81104 bytes,     847800 total
- age   3:      19648 bytes,     867448 total
- age   4:        216 bytes,     867664 total
- age   5:     102808 bytes,     970472 total
- age   6:      21256 bytes,     991728 total
- age   7:      81408 bytes,    1073136 total
- age   8:     435912 bytes,    1509048 total
: 104815K->2073K(109248K), 0.0155925 secs] 173775K->76705K(502464K), 0.0157568 secs] [Times: user=0.03 sys=0.00, real=0.02 secs] 
Heap after GC invocations=254 (full 5):
 par new generation   total 109248K, used 2073K [0x00000000e0000000, 0x00000000e8000000, 0x00000000e8000000)
  eden space 87424K,   0% used [0x00000000e0000000, 0x00000000e0000000, 0x00000000e5560000)
  from space 21824K,   9% used [0x00000000e5560000, 0x00000000e5766400, 0x00000000e6ab0000)
  to   space 21824K,   0% used [0x00000000e6ab0000, 0x00000000e6ab0000, 0x00000000e8000000)
 concurrent mark-sweep generation total 393216K, used 74632K [0x00000000e8000000, 0x0000000100000000, 0x0000000100000000)
 Metaspace       used 37201K, capacity 37660K, committed 37988K, reserved 1083392K
  class space    used 3997K, capacity 4152K, committed 4196K, reserved 1048576K
}
2016-05-12T14:57:27.150+0100: 19448.287: Total time for which application threads were stopped: 0.0162235 seconds, Stopping threads took: 0.0000466 seconds
2016-05-12T14:57:27.594+0100: 19448.731: Total time for which application threads were stopped: 0.0001595 seconds, Stopping threads took: 0.0000426 seconds
2016-05-12T14:57:27.595+0100: 19448.731: Total time for which application threads were stopped: 0.0002377 seconds, Stopping threads took: 0.0000213 seconds
2016-05-12T14:57:27.595+0100: 19448.732: Total time for which application threads were stopped: 0.0003238 seconds, Stopping threads took: 0.0000213 seconds
2016-05-12T14:57:28.424+0100: 19449.561: Total time for which application threads were stopped: 0.0001824 seconds, Stopping threads took: 0.0000600 seconds
2016-05-12T14:57:28.424+0100: 19449.561: Total time for which application threads were stopped: 0.0001303 seconds, Stopping threads took: 0.0000253 seconds
2016-05-12T14:57:44.425+0100: 19465.561: Total time for which application threads were stopped: 0.0001690 seconds, Stopping threads took: 0.0000513 seconds
2016-05-12T14:57:45.425+0100: 19466.561: Total time for which application threads were stopped: 0.0001579 seconds, Stopping threads took: 0.0000458 seconds
2016-05-12T14:57:49.425+0100: 19470.562: Total time for which application threads were stopped: 0.0001524 seconds, Stopping threads took: 0.0000458 seconds
{Heap before GC invocations=254 (full 5):
 par new generation   total 109248K, used 89495K [0x00000000e0000000, 0x00000000e8000000, 0x00000000e8000000)
  eden space 87424K,  99% used [0x00000000e0000000, 0x00000000e555fb18, 0x00000000e5560000)
  from space 21824K,   9% used [0x00000000e5560000, 0x00000000e5766400, 0x00000000e6ab0000)
  to   space 21824K,   0% used [0x00000000e6ab0000, 0x00000000e6ab0000, 0x00000000e8000000)
 concurrent mark-sweep generation total 393216K, used 74632K [0x00000000e8000000, 0x0000000100000000, 0x0000000100000000)
 Metaspace       used 37205K, capacity 37660K, committed 37988K, reserved 1083392K
  class space    used 3997K, capacity 4152K, committed 4196K, reserved 1048576K
2016-05-12T14:57:58.640+0100: 19479.777: [GC (Allocation Failure) 2016-05-12T14:57:58.640+0100: 19479.777: [ParNew
Desired survivor size 20112992 bytes, new threshold 8 (max 8)
- age   1:     669640 bytes,     669640 total
- age   2:      18208 bytes,     687848 total
- age   3:      80672 bytes,     768520 total
- age   4:      19432 bytes,     787952 total
- age   5:        216 bytes,     788168 total
- age   6:     102376 bytes,     890544 total
- age   7:      21256 bytes,     911800 total
- age   8:      81408 bytes,     993208 total
: 89495K->2383K(109248K), 0.0084019 secs] 164128K->77443K(502464K), 0.0085725 secs] [Times: user=0.03 sys=0.00, real=0.01 secs] 
Heap after GC invocations=255 (full 5):
 par new generation   total 109248K, used 2383K [0x00000000e0000000, 0x00000000e8000000, 0x00000000e8000000)
  eden space 87424K,   0% used [0x00000000e0000000, 0x00000000e0000000, 0x00000000e5560000)
  from space 21824K,  10% used [0x00000000e6ab0000, 0x00000000e6d03ec0, 0x00000000e8000000)
  to   space 21824K,   0% used [0x00000000e5560000, 0x00000000e5560000, 0x00000000e6ab0000)
 concurrent mark-sweep generation total 393216K, used 75060K [0x00000000e8000000, 0x0000000100000000, 0x0000000100000000)
 Metaspace       used 37205K, capacity 37660K, committed 37988K, reserved 1083392K
  class space    used 3997K, capacity 4152K, committed 4196K, reserved 1048576K
}
2016-05-12T14:57:58.649+0100: 19479.786: Total time for which application threads were stopped: 0.0090439 seconds, Stopping threads took: 0.0000561 seconds
2016-05-12T14:58:14.650+0100: 19495.792: Total time for which application threads were stopped: 0.0001864 seconds, Stopping threads took: 0.0000474 seconds
2016-05-12T14:58:15.650+0100: 19496.792: Total time for which application threads were stopped: 0.0001587 seconds, Stopping threads took: 0.0000466 seconds
{Heap before GC invocations=255 (full 5):
 par new generation   total 109248K, used 89807K [0x00000000e0000000, 0x00000000e8000000, 0x00000000e8000000)
  eden space 87424K, 100% used [0x00000000e0000000, 0x00000000e5560000, 0x00000000e5560000)
  from space 21824K,  10% used [0x00000000e6ab0000, 0x00000000e6d03ec0, 0x00000000e8000000)
  to   space 21824K,   0% used [0x00000000e5560000, 0x00000000e5560000, 0x00000000e6ab0000)
 concurrent mark-sweep generation total 393216K, used 75060K [0x00000000e8000000, 0x0000000100000000, 0x0000000100000000)
 Metaspace       used 37205K, capacity 37660K, committed 37988K, reserved 1083392K
  class space    used 3997K, capacity 4152K, committed 4196K, reserved 1048576K
2016-05-12T14:58:35.905+0100: 19517.048: [GC (Allocation Failure) 2016-05-12T14:58:35.905+0100: 19517.048: [ParNew
Desired survivor size 20112992 bytes, new threshold 8 (max 8)
- age   1:    1675416 bytes,    1675416 total
- age   2:       2744 bytes,    1678160 total
- age   3:      13128 bytes,    1691288 total
- age   4:      80672 bytes,    1771960 total
- age   5:      19432 bytes,    1791392 total
- age   6:        216 bytes,    1791608 total
- age   7:     102376 bytes,    1893984 total
- age   8:      21256 bytes,    1915240 total
: 89807K->2198K(109248K), 0.0072427 secs] 164867K->77338K(502464K), 0.0074796 secs] [Times: user=0.01 sys=0.00, real=0.01 secs] 
Heap after GC invocations=256 (full 5):
 par new generation   total 109248K, used 2198K [0x00000000e0000000, 0x00000000e8000000, 0x00000000e8000000)
  eden space 87424K,   0% used [0x00000000e0000000, 0x00000000e0000000, 0x00000000e5560000)
  from space 21824K,  10% used [0x00000000e5560000, 0x00000000e5785bc0, 0x00000000e6ab0000)
  to   space 21824K,   0% used [0x00000000e6ab0000, 0x00000000e6ab0000, 0x00000000e8000000)
 concurrent mark-sweep generation total 393216K, used 75139K [0x00000000e8000000, 0x0000000100000000, 0x0000000100000000)
 Metaspace       used 37205K, capacity 37660K, committed 37988K, reserved 1083392K
  class space    used 3997K, capacity 4152K, committed 4196K, reserved 1048576K
}
2016-05-12T14:58:35.913+0100: 19517.055: Total time for which application threads were stopped: 0.0079447 seconds, Stopping threads took: 0.0000497 seconds
2016-05-12T15:00:07.782+0100: 19608.937: Total time for which application threads were stopped: 0.0001903 seconds, Stopping threads took: 0.0000474 seconds
2016-05-12T15:00:07.783+0100: 19608.938: Total time for which application threads were stopped: 0.0000884 seconds, Stopping threads took: 0.0000213 seconds
2016-05-12T15:00:07.783+0100: 19608.938: Total time for which application threads were stopped: 0.0000813 seconds, Stopping threads took: 0.0000197 seconds
2016-05-12T15:00:07.784+0100: 19608.939: Total time for which application threads were stopped: 0.0001674 seconds, Stopping threads took: 0.0000261 seconds
2016-05-12T15:00:07.785+0100: 19608.940: Total time for which application threads were stopped: 0.0001184 seconds, Stopping threads took: 0.0000253 seconds
2016-05-12T15:00:07.785+0100: 19608.940: Total time for which application threads were stopped: 0.0000987 seconds, Stopping threads took: 0.0000221 seconds
2016-05-12T15:00:07.850+0100: 19609.005: Total time for which application threads were stopped: 0.0002053 seconds, Stopping threads took: 0.0000632 seconds
2016-05-12T15:00:07.850+0100: 19609.005: Total time for which application threads were stopped: 0.0000995 seconds, Stopping threads took: 0.0000284 seconds
2016-05-12T15:00:07.851+0100: 19609.006: Total time for which application threads were stopped: 0.0001611 seconds, Stopping threads took: 0.0000340 seconds
2016-05-12T15:00:07.854+0100: 19609.009: Total time for which application threads were stopped: 0.0002085 seconds, Stopping threads took: 0.0000442 seconds
2016-05-12T15:00:07.854+0100: 19609.009: Total time for which application threads were stopped: 0.0001011 seconds, Stopping threads took: 0.0000213 seconds
2016-05-12T15:00:07.855+0100: 19609.010: Total time for which application threads were stopped: 0.0002329 seconds, Stopping threads took: 0.0000884 seconds
2016-05-12T15:00:07.874+0100: 19609.029: Total time for which application threads were stopped: 0.0002322 seconds, Stopping threads took: 0.0000505 seconds
2016-05-12T15:00:07.896+0100: 19609.050: Total time for which application threads were stopped: 0.0002061 seconds, Stopping threads took: 0.0000561 seconds
2016-05-12T15:00:07.896+0100: 19609.051: Total time for which application threads were stopped: 0.0000869 seconds, Stopping threads took: 0.0000197 seconds
2016-05-12T15:00:07.896+0100: 19609.051: Total time for which application threads were stopped: 0.0001311 seconds, Stopping threads took: 0.0000221 seconds
{Heap before GC invocations=256 (full 5):
 par new generation   total 109248K, used 87958K [0x00000000e0000000, 0x00000000e8000000, 0x00000000e8000000)
  eden space 87424K,  98% used [0x00000000e0000000, 0x00000000e53bfdf8, 0x00000000e5560000)
  from space 21824K,  10% used [0x00000000e5560000, 0x00000000e5785bc0, 0x00000000e6ab0000)
  to   space 21824K,   0% used [0x00000000e6ab0000, 0x00000000e6ab0000, 0x00000000e8000000)
 concurrent mark-sweep generation total 393216K, used 75139K [0x00000000e8000000, 0x0000000100000000, 0x0000000100000000)
 Metaspace       used 37205K, capacity 37660K, committed 37988K, reserved 1083392K
  class space    used 3997K, capacity 4152K, committed 4196K, reserved 1048576K
2016-05-12T15:00:08.312+0100: 19609.467: [GC (Allocation Failure) 2016-05-12T15:00:08.312+0100: 19609.467: [ParNew
Desired survivor size 20112992 bytes, new threshold 8 (max 8)
- age   1:    8816728 bytes,    8816728 total
- age   2:       8392 bytes,    8825120 total
- age   3:       2352 bytes,    8827472 total
- age   4:       1112 bytes,    8828584 total
- age   5:      80640 bytes,    8909224 total
- age   6:      19400 bytes,    8928624 total
- age   7:        216 bytes,    8928840 total
- age   8:     102272 bytes,    9031112 total
: 87958K->9030K(109248K), 0.0116269 secs] 163098K->84191K(502464K), 0.0118077 secs] [Times: user=0.00 sys=0.00, real=0.01 secs] 
Heap after GC invocations=257 (full 5):
 par new generation   total 109248K, used 9030K [0x00000000e0000000, 0x00000000e8000000, 0x00000000e8000000)
  eden space 87424K,   0% used [0x00000000e0000000, 0x00000000e0000000, 0x00000000e5560000)
  from space 21824K,  41% used [0x00000000e6ab0000, 0x00000000e7381bc8, 0x00000000e8000000)
  to   space 21824K,   0% used [0x00000000e5560000, 0x00000000e5560000, 0x00000000e6ab0000)
 concurrent mark-sweep generation total 393216K, used 75160K [0x00000000e8000000, 0x0000000100000000, 0x0000000100000000)
 Metaspace       used 37205K, capacity 37660K, committed 37988K, reserved 1083392K
  class space    used 3997K, capacity 4152K, committed 4196K, reserved 1048576K
}
2016-05-12T15:00:08.324+0100: 19609.479: Total time for which application threads were stopped: 0.0122855 seconds, Stopping threads took: 0.0000608 seconds
{Heap before GC invocations=257 (full 5):
 par new generation   total 109248K, used 94849K [0x00000000e0000000, 0x00000000e8000000, 0x00000000e8000000)
  eden space 87424K,  98% used [0x00000000e0000000, 0x00000000e53ce950, 0x00000000e5560000)
  from space 21824K,  41% used [0x00000000e6ab0000, 0x00000000e7381bc8, 0x00000000e8000000)
  to   space 21824K,   0% used [0x00000000e5560000, 0x00000000e5560000, 0x00000000e6ab0000)
 concurrent mark-sweep generation total 393216K, used 75160K [0x00000000e8000000, 0x0000000100000000, 0x0000000100000000)
 Metaspace       used 37205K, capacity 37660K, committed 37988K, reserved 1083392K
  class space    used 3997K, capacity 4152K, committed 4196K, reserved 1048576K
2016-05-12T15:00:08.902+0100: 19610.057: [GC (Allocation Failure) 2016-05-12T15:00:08.902+0100: 19610.057: [ParNew
Desired survivor size 20112992 bytes, new threshold 8 (max 8)
- age   1:   11632672 bytes,   11632672 total
- age   2:    4559176 bytes,   16191848 total
- age   3:       8000 bytes,   16199848 total
- age   4:       2352 bytes,   16202200 total
- age   5:       1112 bytes,   16203312 total
- age   6:      80640 bytes,   16283952 total
- age   7:      19400 bytes,   16303352 total
- age   8:        216 bytes,   16303568 total
: 94849K->16800K(109248K), 0.0166262 secs] 170009K->92060K(502464K), 0.0167810 secs] [Times: user=0.03 sys=0.02, real=0.02 secs] 
Heap after GC invocations=258 (full 5):
 par new generation   total 109248K, used 16800K [0x00000000e0000000, 0x00000000e8000000, 0x00000000e8000000)
  eden space 87424K,   0% used [0x00000000e0000000, 0x00000000e0000000, 0x00000000e5560000)
  from space 21824K,  76% used [0x00000000e5560000, 0x00000000e65c81c8, 0x00000000e6ab0000)
  to   space 21824K,   0% used [0x00000000e6ab0000, 0x00000000e6ab0000, 0x00000000e8000000)
 concurrent mark-sweep generation total 393216K, used 75260K [0x00000000e8000000, 0x0000000100000000, 0x0000000100000000)
 Metaspace       used 37205K, capacity 37660K, committed 37988K, reserved 1083392K
  class space    used 3997K, capacity 4152K, committed 4196K, reserved 1048576K
}
2016-05-12T15:00:08.919+0100: 19610.074: Total time for which application threads were stopped: 0.0172532 seconds, Stopping threads took: 0.0000466 seconds
2016-05-12T15:00:09.091+0100: 19610.246: Total time for which application threads were stopped: 0.0006673 seconds, Stopping threads took: 0.0003925 seconds
{Heap before GC invocations=258 (full 5):
 par new generation   total 109248K, used 104224K [0x00000000e0000000, 0x00000000e8000000, 0x00000000e8000000)
  eden space 87424K, 100% used [0x00000000e0000000, 0x00000000e5560000, 0x00000000e5560000)
  from space 21824K,  76% used [0x00000000e5560000, 0x00000000e65c81c8, 0x00000000e6ab0000)
  to   space 21824K,   0% used [0x00000000e6ab0000, 0x00000000e6ab0000, 0x00000000e8000000)
 concurrent mark-sweep generation total 393216K, used 75260K [0x00000000e8000000, 0x0000000100000000, 0x0000000100000000)
 Metaspace       used 37205K, capacity 37660K, committed 37988K, reserved 1083392K
  class space    used 3997K, capacity 4152K, committed 4196K, reserved 1048576K
2016-05-12T15:00:09.510+0100: 19610.665: [GC (Allocation Failure) 2016-05-12T15:00:09.510+0100: 19610.665: [ParNew
Desired survivor size 20112992 bytes, new threshold 3 (max 8)
- age   1:   12550280 bytes,   12550280 total
- age   2:    4747648 bytes,   17297928 total
- age   3:    4556824 bytes,   21854752 total
- age   4:       8000 bytes,   21862752 total
- age   5:       2352 bytes,   21865104 total
- age   6:       1112 bytes,   21866216 total
- age   7:      80640 bytes,   21946856 total
- age   8:      19400 bytes,   21966256 total
: 104224K->21824K(109248K), 0.0231898 secs] 179484K->97480K(502464K), 0.0233461 secs] [Times: user=0.03 sys=0.00, real=0.02 secs] 
Heap after GC invocations=259 (full 5):
 par new generation   total 109248K, used 21824K [0x00000000e0000000, 0x00000000e8000000, 0x00000000e8000000)
  eden space 87424K,   0% used [0x00000000e0000000, 0x00000000e0000000, 0x00000000e5560000)
  from space 21824K, 100% used [0x00000000e6ab0000, 0x00000000e8000000, 0x00000000e8000000)
  to   space 21824K,   0% used [0x00000000e5560000, 0x00000000e5560000, 0x00000000e6ab0000)
 concurrent mark-sweep generation total 393216K, used 75656K [0x00000000e8000000, 0x0000000100000000, 0x0000000100000000)
 Metaspace       used 37205K, capacity 37660K, committed 37988K, reserved 1083392K
  class space    used 3997K, capacity 4152K, committed 4196K, reserved 1048576K
}
2016-05-12T15:00:09.534+0100: 19610.689: Total time for which application threads were stopped: 0.0242456 seconds, Stopping threads took: 0.0004825 seconds
{Heap before GC invocations=259 (full 5):
 par new generation   total 109248K, used 98828K [0x00000000e0000000, 0x00000000e8000000, 0x00000000e8000000)
  eden space 87424K,  88% used [0x00000000e0000000, 0x00000000e4b33168, 0x00000000e5560000)
  from space 21824K, 100% used [0x00000000e6ab0000, 0x00000000e8000000, 0x00000000e8000000)
  to   space 21824K,   0% used [0x00000000e5560000, 0x00000000e5560000, 0x00000000e6ab0000)
 concurrent mark-sweep generation total 393216K, used 75656K [0x00000000e8000000, 0x0000000100000000, 0x0000000100000000)
 Metaspace       used 37205K, capacity 37660K, committed 37988K, reserved 1083392K
  class space    used 3997K, capacity 4152K, committed 4196K, reserved 1048576K
2016-05-12T15:00:10.018+0100: 19611.173: [GC (Allocation Failure) 2016-05-12T15:00:10.018+0100: 19611.173: [ParNew
Desired survivor size 20112992 bytes, new threshold 3 (max 8)
- age   1:   12098016 bytes,   12098016 total
- age   2:    4640064 bytes,   16738080 total
- age   3:    4616688 bytes,   21354768 total
: 98828K->21824K(109248K), 0.0307207 secs] 174485K->103202K(502464K), 0.0308960 secs] [Times: user=0.05 sys=0.00, real=0.03 secs] 
Heap after GC invocations=260 (full 5):
 par new generation   total 109248K, used 21824K [0x00000000e0000000, 0x00000000e8000000, 0x00000000e8000000)
  eden space 87424K,   0% used [0x00000000e0000000, 0x00000000e0000000, 0x00000000e5560000)
  from space 21824K, 100% used [0x00000000e5560000, 0x00000000e6ab0000, 0x00000000e6ab0000)
  to   space 21824K,   0% used [0x00000000e6ab0000, 0x00000000e6ab0000, 0x00000000e8000000)
 concurrent mark-sweep generation total 393216K, used 81378K [0x00000000e8000000, 0x0000000100000000, 0x0000000100000000)
 Metaspace       used 37205K, capacity 37660K, committed 37988K, reserved 1083392K
  class space    used 3997K, capacity 4152K, committed 4196K, reserved 1048576K
}
2016-05-12T15:00:10.049+0100: 19611.204: Total time for which application threads were stopped: 0.0313627 seconds, Stopping threads took: 0.0000592 seconds
{Heap before GC invocations=260 (full 5):
 par new generation   total 109248K, used 108327K [0x00000000e0000000, 0x00000000e8000000, 0x00000000e8000000)
  eden space 87424K,  98% used [0x00000000e0000000, 0x00000000e5479d40, 0x00000000e5560000)
  from space 21824K, 100% used [0x00000000e5560000, 0x00000000e6ab0000, 0x00000000e6ab0000)
  to   space 21824K,   0% used [0x00000000e6ab0000, 0x00000000e6ab0000, 0x00000000e8000000)
 concurrent mark-sweep generation total 393216K, used 81378K [0x00000000e8000000, 0x0000000100000000, 0x0000000100000000)
 Metaspace       used 37205K, capacity 37660K, committed 37988K, reserved 1083392K
  class space    used 3997K, capacity 4152K, committed 4196K, reserved 1048576K
2016-05-12T15:00:10.726+0100: 19611.881: [GC (Allocation Failure) 2016-05-12T15:00:10.726+0100: 19611.881: [ParNew
Desired survivor size 20112992 bytes, new threshold 3 (max 8)
- age   1:   15428368 bytes,   15428368 total
- age   2:    3192656 bytes,   18621024 total
- age   3:    3723768 bytes,   22344792 total
: 108327K->21824K(109248K), 0.0316036 secs] 189705K->115782K(502464K), 0.0317678 secs] [Times: user=0.03 sys=0.00, real=0.03 secs] 
Heap after GC invocations=261 (full 5):
 par new generation   total 109248K, used 21824K [0x00000000e0000000, 0x00000000e8000000, 0x00000000e8000000)
  eden space 87424K,   0% used [0x00000000e0000000, 0x00000000e0000000, 0x00000000e5560000)
  from space 21824K, 100% used [0x00000000e6ab0000, 0x00000000e8000000, 0x00000000e8000000)
  to   space 21824K,   0% used [0x00000000e5560000, 0x00000000e5560000, 0x00000000e6ab0000)
 concurrent mark-sweep generation total 393216K, used 93958K [0x00000000e8000000, 0x0000000100000000, 0x0000000100000000)
 Metaspace       used 37205K, capacity 37660K, committed 37988K, reserved 1083392K
  class space    used 3997K, capacity 4152K, committed 4196K, reserved 1048576K
}
2016-05-12T15:00:10.758+0100: 19611.913: Total time for which application threads were stopped: 0.0322282 seconds, Stopping threads took: 0.0000529 seconds
{Heap before GC invocations=261 (full 5):
 par new generation   total 109248K, used 105031K [0x00000000e0000000, 0x00000000e8000000, 0x00000000e8000000)
  eden space 87424K,  95% used [0x00000000e0000000, 0x00000000e5141e68, 0x00000000e5560000)
  from space 21824K, 100% used [0x00000000e6ab0000, 0x00000000e8000000, 0x00000000e8000000)
  to   space 21824K,   0% used [0x00000000e5560000, 0x00000000e5560000, 0x00000000e6ab0000)
 concurrent mark-sweep generation total 393216K, used 93958K [0x00000000e8000000, 0x0000000100000000, 0x0000000100000000)
 Metaspace       used 37205K, capacity 37660K, committed 37988K, reserved 1083392K
  class space    used 3997K, capacity 4152K, committed 4196K, reserved 1048576K
2016-05-12T15:00:11.389+0100: 19612.544: [GC (Allocation Failure) 2016-05-12T15:00:11.389+0100: 19612.544: [ParNew
Desired survivor size 20112992 bytes, new threshold 8 (max 8)
- age   1:    8941960 bytes,    8941960 total
- age   2:    9305728 bytes,   18247688 total
- age   3:     276136 bytes,   18523824 total
: 105031K->21824K(109248K), 0.0224262 secs] 198989K->122186K(502464K), 0.0225873 secs] [Times: user=0.03 sys=0.00, real=0.02 secs] 
Heap after GC invocations=262 (full 5):
 par new generation   total 109248K, used 21824K [0x00000000e0000000, 0x00000000e8000000, 0x00000000e8000000)
  eden space 87424K,   0% used [0x00000000e0000000, 0x00000000e0000000, 0x00000000e5560000)
  from space 21824K, 100% used [0x00000000e5560000, 0x00000000e6ab0000, 0x00000000e6ab0000)
  to   space 21824K,   0% used [0x00000000e6ab0000, 0x00000000e6ab0000, 0x00000000e8000000)
 concurrent mark-sweep generation total 393216K, used 100362K [0x00000000e8000000, 0x0000000100000000, 0x0000000100000000)
 Metaspace       used 37205K, capacity 37660K, committed 37988K, reserved 1083392K
  class space    used 3997K, capacity 4152K, committed 4196K, reserved 1048576K
}
2016-05-12T15:00:11.412+0100: 19612.567: Total time for which application threads were stopped: 0.0230690 seconds, Stopping threads took: 0.0000482 seconds
2016-05-12T15:00:11.754+0100: 19612.909: Total time for which application threads were stopped: 0.0001871 seconds, Stopping threads took: 0.0000521 seconds
2016-05-12T15:00:11.756+0100: 19612.911: Total time for which application threads were stopped: 0.0004462 seconds, Stopping threads took: 0.0000426 seconds
2016-05-12T15:00:12.756+0100: 19613.911: Total time for which application threads were stopped: 0.0002630 seconds, Stopping threads took: 0.0001019 seconds
2016-05-12T15:00:15.916+0100: 19617.070: Total time for which application threads were stopped: 0.0087383 seconds, Stopping threads took: 0.0084991 seconds
2016-05-12T15:00:15.948+0100: 19617.103: Total time for which application threads were stopped: 0.0295023 seconds, Stopping threads took: 0.0000837 seconds
2016-05-12T15:00:15.950+0100: 19617.104: Total time for which application threads were stopped: 0.0001682 seconds, Stopping threads took: 0.0000497 seconds
2016-05-12T15:00:15.950+0100: 19617.104: Total time for which application threads were stopped: 0.0001169 seconds, Stopping threads took: 0.0000411 seconds
2016-05-12T15:00:15.950+0100: 19617.105: Total time for which application threads were stopped: 0.0001137 seconds, Stopping threads took: 0.0000324 seconds
2016-05-12T15:00:15.950+0100: 19617.105: Total time for which application threads were stopped: 0.0001200 seconds, Stopping threads took: 0.0000450 seconds
2016-05-12T15:00:15.951+0100: 19617.105: Total time for which application threads were stopped: 0.0001303 seconds, Stopping threads took: 0.0000363 seconds
2016-05-12T15:00:15.951+0100: 19617.105: Total time for which application threads were stopped: 0.0001232 seconds, Stopping threads took: 0.0000347 seconds
2016-05-12T15:00:15.954+0100: 19617.108: Total time for which application threads were stopped: 0.0001856 seconds, Stopping threads took: 0.0000521 seconds
2016-05-12T15:00:15.954+0100: 19617.109: Total time for which application threads were stopped: 0.0001248 seconds, Stopping threads took: 0.0000442 seconds
2016-05-12T15:00:15.954+0100: 19617.109: Total time for which application threads were stopped: 0.0001090 seconds, Stopping threads took: 0.0000355 seconds
2016-05-12T15:00:15.955+0100: 19617.109: Total time for which application threads were stopped: 0.0001066 seconds, Stopping threads took: 0.0000340 seconds
2016-05-12T15:01:51.512+0100: 19712.671: Total time for which application threads were stopped: 0.0003174 seconds, Stopping threads took: 0.0001200 seconds
2016-05-12T15:01:51.512+0100: 19712.672: Total time for which application threads were stopped: 0.0001074 seconds, Stopping threads took: 0.0000300 seconds
2016-05-12T15:01:56.128+0100: 19717.287: Total time for which application threads were stopped: 0.0001635 seconds, Stopping threads took: 0.0000419 seconds
2016-05-12T15:04:55.202+0100: 19896.368: Total time for which application threads were stopped: 0.0001919 seconds, Stopping threads took: 0.0000466 seconds
2016-05-12T15:04:55.202+0100: 19896.369: Total time for which application threads were stopped: 0.0000845 seconds, Stopping threads took: 0.0000205 seconds
2016-05-12T15:04:55.205+0100: 19896.371: Total time for which application threads were stopped: 0.0002472 seconds, Stopping threads took: 0.0000569 seconds
2016-05-12T15:04:55.991+0100: 19897.156: Total time for which application threads were stopped: 0.0004714 seconds, Stopping threads took: 0.0003340 seconds
2016-05-12T15:04:55.991+0100: 19897.156: Total time for which application threads were stopped: 0.0001090 seconds, Stopping threads took: 0.0000355 seconds
2016-05-12T15:04:55.992+0100: 19897.157: Total time for which application threads were stopped: 0.0001943 seconds, Stopping threads took: 0.0000340 seconds
2016-05-12T15:04:56.992+0100: 19898.157: Total time for which application threads were stopped: 0.0001508 seconds, Stopping threads took: 0.0000450 seconds
2016-05-12T15:04:57.053+0100: 19898.219: Total time for which application threads were stopped: 0.0002922 seconds, Stopping threads took: 0.0000537 seconds
{Heap before GC invocations=262 (full 5):
 par new generation   total 109248K, used 109248K [0x00000000e0000000, 0x00000000e8000000, 0x00000000e8000000)
  eden space 87424K, 100% used [0x00000000e0000000, 0x00000000e5560000, 0x00000000e5560000)
  from space 21824K, 100% used [0x00000000e5560000, 0x00000000e6ab0000, 0x00000000e6ab0000)
  to   space 21824K,   0% used [0x00000000e6ab0000, 0x00000000e6ab0000, 0x00000000e8000000)
 concurrent mark-sweep generation total 393216K, used 100362K [0x00000000e8000000, 0x0000000100000000, 0x0000000100000000)
 Metaspace       used 37214K, capacity 37660K, committed 37988K, reserved 1083392K
  class space    used 3997K, capacity 4152K, committed 4196K, reserved 1048576K
2016-05-12T15:04:58.436+0100: 19899.601: [GC (Allocation Failure) 2016-05-12T15:04:58.436+0100: 19899.602: [ParNew
Desired survivor size 20112992 bytes, new threshold 8 (max 8)
- age   1:    4207688 bytes,    4207688 total
- age   2:    5627688 bytes,    9835376 total
- age   3:    9305152 bytes,   19140528 total
- age   4:     264224 bytes,   19404752 total
: 109248K->21824K(109248K), 0.0226394 secs] 209610K->122186K(502464K), 0.0228029 secs] [Times: user=0.05 sys=0.00, real=0.02 secs] 
Heap after GC invocations=263 (full 5):
 par new generation   total 109248K, used 21824K [0x00000000e0000000, 0x00000000e8000000, 0x00000000e8000000)
  eden space 87424K,   0% used [0x00000000e0000000, 0x00000000e0000000, 0x00000000e5560000)
  from space 21824K, 100% used [0x00000000e6ab0000, 0x00000000e8000000, 0x00000000e8000000)
  to   space 21824K,   0% used [0x00000000e5560000, 0x00000000e5560000, 0x00000000e6ab0000)
 concurrent mark-sweep generation total 393216K, used 100362K [0x00000000e8000000, 0x0000000100000000, 0x0000000100000000)
 Metaspace       used 37214K, capacity 37660K, committed 37988K, reserved 1083392K
  class space    used 3997K, capacity 4152K, committed 4196K, reserved 1048576K
}
2016-05-12T15:04:58.459+0100: 19899.624: Total time for which application threads were stopped: 0.0232514 seconds, Stopping threads took: 0.0000450 seconds
2016-05-12T15:05:06.459+0100: 19907.625: Total time for which application threads were stopped: 0.0002179 seconds, Stopping threads took: 0.0000963 seconds
2016-05-12T15:05:19.461+0100: 19920.632: Total time for which application threads were stopped: 0.0001737 seconds, Stopping threads took: 0.0000537 seconds
{Heap before GC invocations=263 (full 5):
 par new generation   total 109248K, used 109248K [0x00000000e0000000, 0x00000000e8000000, 0x00000000e8000000)
  eden space 87424K, 100% used [0x00000000e0000000, 0x00000000e5560000, 0x00000000e5560000)
  from space 21824K, 100% used [0x00000000e6ab0000, 0x00000000e8000000, 0x00000000e8000000)
  to   space 21824K,   0% used [0x00000000e5560000, 0x00000000e5560000, 0x00000000e6ab0000)
 concurrent mark-sweep generation total 393216K, used 100362K [0x00000000e8000000, 0x0000000100000000, 0x0000000100000000)
 Metaspace       used 37233K, capacity 37660K, committed 37988K, reserved 1083392K
  class space    used 3997K, capacity 4152K, committed 4196K, reserved 1048576K
2016-05-12T15:05:42.774+0100: 19943.945: [GC (Allocation Failure) 2016-05-12T15:05:42.774+0100: 19943.945: [ParNew
Desired survivor size 20112992 bytes, new threshold 8 (max 8)
- age   1:     834616 bytes,     834616 total
- age   2:    4026832 bytes,    4861448 total
- age   3:    5627472 bytes,   10488920 total
- age   4:    9305152 bytes,   19794072 total
- age   5:     264224 bytes,   20058296 total
: 109248K->21824K(109248K), 0.0218466 secs] 209610K->122214K(502464K), 0.0219982 secs] [Times: user=0.05 sys=0.00, real=0.02 secs] 
Heap after GC invocations=264 (full 5):
 par new generation   total 109248K, used 21824K [0x00000000e0000000, 0x00000000e8000000, 0x00000000e8000000)
  eden space 87424K,   0% used [0x00000000e0000000, 0x00000000e0000000, 0x00000000e5560000)
  from space 21824K, 100% used [0x00000000e5560000, 0x00000000e6ab0000, 0x00000000e6ab0000)
  to   space 21824K,   0% used [0x00000000e6ab0000, 0x00000000e6ab0000, 0x00000000e8000000)
 concurrent mark-sweep generation total 393216K, used 100390K [0x00000000e8000000, 0x0000000100000000, 0x0000000100000000)
 Metaspace       used 37233K, capacity 37660K, committed 37988K, reserved 1083392K
  class space    used 3997K, capacity 4152K, committed 4196K, reserved 1048576K
}
2016-05-12T15:05:42.796+0100: 19943.967: Total time for which application threads were stopped: 0.0224688 seconds, Stopping threads took: 0.0000442 seconds
2016-05-12T15:07:36.595+0100: 20057.767: Total time for which application threads were stopped: 0.0002274 seconds, Stopping threads took: 0.0000490 seconds
2016-05-12T15:07:36.596+0100: 20057.767: Total time for which application threads were stopped: 0.0000995 seconds, Stopping threads took: 0.0000221 seconds
{Heap before GC invocations=264 (full 5):
 par new generation   total 109248K, used 108887K [0x00000000e0000000, 0x00000000e8000000, 0x00000000e8000000)
  eden space 87424K,  99% used [0x00000000e0000000, 0x00000000e5505ce0, 0x00000000e5560000)
  from space 21824K, 100% used [0x00000000e5560000, 0x00000000e6ab0000, 0x00000000e6ab0000)
  to   space 21824K,   0% used [0x00000000e6ab0000, 0x00000000e6ab0000, 0x00000000e8000000)
 concurrent mark-sweep generation total 393216K, used 100390K [0x00000000e8000000, 0x0000000100000000, 0x0000000100000000)
 Metaspace       used 37234K, capacity 37660K, committed 37988K, reserved 1083392K
  class space    used 3997K, capacity 4152K, committed 4196K, reserved 1048576K
2016-05-12T15:07:36.662+0100: 20057.833: [GC (Allocation Failure) 2016-05-12T15:07:36.662+0100: 20057.833: [ParNew
Desired survivor size 20112992 bytes, new threshold 8 (max 8)
- age   1:     589840 bytes,     589840 total
- age   2:      43048 bytes,     632888 total
- age   3:    4026328 bytes,    4659216 total
- age   4:    5627256 bytes,   10286472 total
- age   5:    9305152 bytes,   19591624 total
- age   6:     264224 bytes,   19855848 total
: 108887K->21824K(109248K), 0.0206518 secs] 209277K->122251K(502464K), 0.0208066 secs] [Times: user=0.03 sys=0.00, real=0.02 secs] 
Heap after GC invocations=265 (full 5):
 par new generation   total 109248K, used 21824K [0x00000000e0000000, 0x00000000e8000000, 0x00000000e8000000)
  eden space 87424K,   0% used [0x00000000e0000000, 0x00000000e0000000, 0x00000000e5560000)
  from space 21824K, 100% used [0x00000000e6ab0000, 0x00000000e8000000, 0x00000000e8000000)
  to   space 21824K,   0% used [0x00000000e5560000, 0x00000000e5560000, 0x00000000e6ab0000)
 concurrent mark-sweep generation total 393216K, used 100427K [0x00000000e8000000, 0x0000000100000000, 0x0000000100000000)
 Metaspace       used 37234K, capacity 37660K, committed 37988K, reserved 1083392K
  class space    used 3997K, capacity 4152K, committed 4196K, reserved 1048576K
}
2016-05-12T15:07:36.683+0100: 20057.854: Total time for which application threads were stopped: 0.0212670 seconds, Stopping threads took: 0.0000576 seconds
2016-05-12T15:07:36.685+0100: 20057.856: Total time for which application threads were stopped: 0.0013416 seconds, Stopping threads took: 0.0011940 seconds
2016-05-12T15:07:36.685+0100: 20057.857: Total time for which application threads were stopped: 0.0001137 seconds, Stopping threads took: 0.0000300 seconds
2016-05-12T15:07:36.715+0100: 20057.886: Total time for which application threads were stopped: 0.0284907 seconds, Stopping threads took: 0.0000719 seconds
2016-05-12T15:07:36.733+0100: 20057.904: Total time for which application threads were stopped: 0.0002337 seconds, Stopping threads took: 0.0000521 seconds
2016-05-12T15:07:36.758+0100: 20057.929: Total time for which application threads were stopped: 0.0002716 seconds, Stopping threads took: 0.0001082 seconds
2016-05-12T15:07:36.773+0100: 20057.944: Total time for which application threads were stopped: 0.0150350 seconds, Stopping threads took: 0.0000529 seconds
2016-05-12T15:07:36.774+0100: 20057.945: Total time for which application threads were stopped: 0.0002274 seconds, Stopping threads took: 0.0000987 seconds
2016-05-12T15:07:37.061+0100: 20058.233: Total time for which application threads were stopped: 0.0002598 seconds, Stopping threads took: 0.0000679 seconds
{Heap before GC invocations=265 (full 5):
 par new generation   total 109248K, used 108947K [0x00000000e0000000, 0x00000000e8000000, 0x00000000e8000000)
  eden space 87424K,  99% used [0x00000000e0000000, 0x00000000e5514e10, 0x00000000e5560000)
  from space 21824K, 100% used [0x00000000e6ab0000, 0x00000000e8000000, 0x00000000e8000000)
  to   space 21824K,   0% used [0x00000000e5560000, 0x00000000e5560000, 0x00000000e6ab0000)
 concurrent mark-sweep generation total 393216K, used 100427K [0x00000000e8000000, 0x0000000100000000, 0x0000000100000000)
 Metaspace       used 37236K, capacity 37660K, committed 37988K, reserved 1083392K
  class space    used 3997K, capacity 4152K, committed 4196K, reserved 1048576K
2016-05-12T15:07:37.232+0100: 20058.404: [GC (Allocation Failure) 2016-05-12T15:07:37.232+0100: 20058.404: [ParNew
Desired survivor size 20112992 bytes, new threshold 6 (max 8)
- age   1:    8261864 bytes,    8261864 total
- age   2:      22720 bytes,    8284584 total
- age   3:      39768 bytes,    8324352 total
- age   4:    4025808 bytes,   12350160 total
- age   5:    5627160 bytes,   17977320 total
- age   6:    2774352 bytes,   20751672 total
- age   7:     264224 bytes,   21015896 total
: 108947K->21824K(109248K), 0.0242961 secs] 209374K->128629K(502464K), 0.0244801 secs] [Times: user=0.06 sys=0.00, real=0.02 secs] 
Heap after GC invocations=266 (full 5):
 par new generation   total 109248K, used 21824K [0x00000000e0000000, 0x00000000e8000000, 0x00000000e8000000)
  eden space 87424K,   0% used [0x00000000e0000000, 0x00000000e0000000, 0x00000000e5560000)
  from space 21824K, 100% used [0x00000000e5560000, 0x00000000e6ab0000, 0x00000000e6ab0000)
  to   space 21824K,   0% used [0x00000000e6ab0000, 0x00000000e6ab0000, 0x00000000e8000000)
 concurrent mark-sweep generation total 393216K, used 106805K [0x00000000e8000000, 0x0000000100000000, 0x0000000100000000)
 Metaspace       used 37236K, capacity 37660K, committed 37988K, reserved 1083392K
  class space    used 3997K, capacity 4152K, committed 4196K, reserved 1048576K
}
2016-05-12T15:07:37.257+0100: 20058.428: Total time for which application threads were stopped: 0.0249799 seconds, Stopping threads took: 0.0000561 seconds
{Heap before GC invocations=266 (full 5):
 par new generation   total 109248K, used 109248K [0x00000000e0000000, 0x00000000e8000000, 0x00000000e8000000)
  eden space 87424K, 100% used [0x00000000e0000000, 0x00000000e5560000, 0x00000000e5560000)
  from space 21824K, 100% used [0x00000000e5560000, 0x00000000e6ab0000, 0x00000000e6ab0000)
  to   space 21824K,   0% used [0x00000000e6ab0000, 0x00000000e6ab0000, 0x00000000e8000000)
 concurrent mark-sweep generation total 393216K, used 106805K [0x00000000e8000000, 0x0000000100000000, 0x0000000100000000)
 Metaspace       used 37239K, capacity 37660K, committed 37988K, reserved 1083392K
  class space    used 3997K, capacity 4152K, committed 4196K, reserved 1048576K
2016-05-12T15:07:37.875+0100: 20059.046: [GC (Allocation Failure) 2016-05-12T15:07:37.875+0100: 20059.046: [ParNew
Desired survivor size 20112992 bytes, new threshold 6 (max 8)
- age   1:    7199632 bytes,    7199632 total
- age   2:    6248664 bytes,   13448296 total
- age   3:      22720 bytes,   13471016 total
- age   4:      39768 bytes,   13510784 total
- age   5:    2795488 bytes,   16306272 total
- age   6:    5627160 bytes,   21933432 total
: 109248K->21824K(109248K), 0.0251860 secs] 216053K->132798K(502464K), 0.0253503 secs] [Times: user=0.03 sys=0.00, real=0.03 secs] 
Heap after GC invocations=267 (full 5):
 par new generation   total 109248K, used 21824K [0x00000000e0000000, 0x00000000e8000000, 0x00000000e8000000)
  eden space 87424K,   0% used [0x00000000e0000000, 0x00000000e0000000, 0x00000000e5560000)
  from space 21824K, 100% used [0x00000000e6ab0000, 0x00000000e8000000, 0x00000000e8000000)
  to   space 21824K,   0% used [0x00000000e5560000, 0x00000000e5560000, 0x00000000e6ab0000)
 concurrent mark-sweep generation total 393216K, used 110974K [0x00000000e8000000, 0x0000000100000000, 0x0000000100000000)
 Metaspace       used 37239K, capacity 37660K, committed 37988K, reserved 1083392K
  class space    used 3997K, capacity 4152K, committed 4196K, reserved 1048576K
}
2016-05-12T15:07:37.900+0100: 20059.072: Total time for which application threads were stopped: 0.0258501 seconds, Stopping threads took: 0.0000569 seconds
{Heap before GC invocations=267 (full 5):
 par new generation   total 109248K, used 107724K [0x00000000e0000000, 0x00000000e8000000, 0x00000000e8000000)
  eden space 87424K,  98% used [0x00000000e0000000, 0x00000000e53e31b0, 0x00000000e5560000)
  from space 21824K, 100% used [0x00000000e6ab0000, 0x00000000e8000000, 0x00000000e8000000)
  to   space 21824K,   0% used [0x00000000e5560000, 0x00000000e5560000, 0x00000000e6ab0000)
 concurrent mark-sweep generation total 393216K, used 110974K [0x00000000e8000000, 0x0000000100000000, 0x0000000100000000)
 Metaspace       used 37239K, capacity 37660K, committed 37988K, reserved 1083392K
  class space    used 3997K, capacity 4152K, committed 4196K, reserved 1048576K
2016-05-12T15:07:38.315+0100: 20059.486: [GC (Allocation Failure) 2016-05-12T15:07:38.315+0100: 20059.486: [ParNew
Desired survivor size 20112992 bytes, new threshold 6 (max 8)
- age   1:   10051624 bytes,   10051624 total
- age   2:    5076440 bytes,   15128064 total
- age   3:    4532152 bytes,   19660216 total
- age   4:      17656 bytes,   19677872 total
- age   5:      39768 bytes,   19717640 total
- age   6:    1643312 bytes,   21360952 total
: 107724K->21824K(109248K), 0.0284686 secs] 218698K->142548K(502464K), 0.0285966 secs] [Times: user=0.03 sys=0.03, real=0.03 secs] 
Heap after GC invocations=268 (full 5):
 par new generation   total 109248K, used 21824K [0x00000000e0000000, 0x00000000e8000000, 0x00000000e8000000)
  eden space 87424K,   0% used [0x00000000e0000000, 0x00000000e0000000, 0x00000000e5560000)
  from space 21824K, 100% used [0x00000000e5560000, 0x00000000e6ab0000, 0x00000000e6ab0000)
  to   space 21824K,   0% used [0x00000000e6ab0000, 0x00000000e6ab0000, 0x00000000e8000000)
 concurrent mark-sweep generation total 393216K, used 120724K [0x00000000e8000000, 0x0000000100000000, 0x0000000100000000)
 Metaspace       used 37239K, capacity 37660K, committed 37988K, reserved 1083392K
  class space    used 3997K, capacity 4152K, committed 4196K, reserved 1048576K
}
2016-05-12T15:07:38.343+0100: 20059.515: Total time for which application threads were stopped: 0.0818161 seconds, Stopping threads took: 0.0000655 seconds
{Heap before GC invocations=268 (full 5):
 par new generation   total 109248K, used 109248K [0x00000000e0000000, 0x00000000e8000000, 0x00000000e8000000)
  eden space 87424K, 100% used [0x00000000e0000000, 0x00000000e5560000, 0x00000000e5560000)
  from space 21824K, 100% used [0x00000000e5560000, 0x00000000e6ab0000, 0x00000000e6ab0000)
  to   space 21824K,   0% used [0x00000000e6ab0000, 0x00000000e6ab0000, 0x00000000e8000000)
 concurrent mark-sweep generation total 393216K, used 120724K [0x00000000e8000000, 0x0000000100000000, 0x0000000100000000)
 Metaspace       used 37239K, capacity 37660K, committed 37988K, reserved 1083392K
  class space    used 3997K, capacity 4152K, committed 4196K, reserved 1048576K
2016-05-12T15:07:39.133+0100: 20060.304: [GC (Allocation Failure) 2016-05-12T15:07:39.133+0100: 20060.305: [ParNew
Desired survivor size 20112992 bytes, new threshold 4 (max 8)
- age   1:    9728672 bytes,    9728672 total
- age   2:    1561880 bytes,   11290552 total
- age   3:    5038360 bytes,   16328912 total
- age   4:    4517568 bytes,   20846480 total
- age   5:      17656 bytes,   20864136 total
- age   6:      39768 bytes,   20903904 total
: 109248K->21824K(109248K), 0.0255382 secs] 229972K->147603K(502464K), 0.0258446 secs] [Times: user=0.06 sys=0.00, real=0.03 secs] 
Heap after GC invocations=269 (full 5):
 par new generation   total 109248K, used 21824K [0x00000000e0000000, 0x00000000e8000000, 0x00000000e8000000)
  eden space 87424K,   0% used [0x00000000e0000000, 0x00000000e0000000, 0x00000000e5560000)
  from space 21824K, 100% used [0x00000000e6ab0000, 0x00000000e8000000, 0x00000000e8000000)
  to   space 21824K,   0% used [0x00000000e5560000, 0x00000000e5560000, 0x00000000e6ab0000)
 concurrent mark-sweep generation total 393216K, used 125779K [0x00000000e8000000, 0x0000000100000000, 0x0000000100000000)
 Metaspace       used 37239K, capacity 37660K, committed 37988K, reserved 1083392K
  class space    used 3997K, capacity 4152K, committed 4196K, reserved 1048576K
}
2016-05-12T15:07:39.159+0100: 20060.330: Total time for which application threads were stopped: 0.0264037 seconds, Stopping threads took: 0.0000750 seconds
{Heap before GC invocations=269 (full 5):
 par new generation   total 109248K, used 107420K [0x00000000e0000000, 0x00000000e8000000, 0x00000000e8000000)
  eden space 87424K,  97% used [0x00000000e0000000, 0x00000000e53973a0, 0x00000000e5560000)
  from space 21824K, 100% used [0x00000000e6ab0000, 0x00000000e8000000, 0x00000000e8000000)
  to   space 21824K,   0% used [0x00000000e5560000, 0x00000000e5560000, 0x00000000e6ab0000)
 concurrent mark-sweep generation total 393216K, used 125779K [0x00000000e8000000, 0x0000000100000000, 0x0000000100000000)
 Metaspace       used 37239K, capacity 37660K, committed 37988K, reserved 1083392K
  class space    used 3997K, capacity 4152K, committed 4196K, reserved 1048576K
2016-05-12T15:07:39.584+0100: 20060.755: [GC (Allocation Failure) 2016-05-12T15:07:39.584+0100: 20060.756: [ParNew
Desired survivor size 20112992 bytes, new threshold 4 (max 8)
- age   1:    5388888 bytes,    5388888 total
- age   2:    9250640 bytes,   14639528 total
- age   3:    1505624 bytes,   16145152 total
- age   4:    5038232 bytes,   21183384 total
: 107420K->21824K(109248K), 0.0325314 secs] 233199K->163857K(502464K), 0.0326870 secs] [Times: user=0.06 sys=0.00, real=0.03 secs] 
Heap after GC invocations=270 (full 5):
 par new generation   total 109248K, used 21824K [0x00000000e0000000, 0x00000000e8000000, 0x00000000e8000000)
  eden space 87424K,   0% used [0x00000000e0000000, 0x00000000e0000000, 0x00000000e5560000)
  from space 21824K, 100% used [0x00000000e5560000, 0x00000000e6ab0000, 0x00000000e6ab0000)
  to   space 21824K,   0% used [0x00000000e6ab0000, 0x00000000e6ab0000, 0x00000000e8000000)
 concurrent mark-sweep generation total 393216K, used 142033K [0x00000000e8000000, 0x0000000100000000, 0x0000000100000000)
 Metaspace       used 37239K, capacity 37660K, committed 37988K, reserved 1083392K
  class space    used 3997K, capacity 4152K, committed 4196K, reserved 1048576K
}
2016-05-12T15:07:39.617+0100: 20060.788: Total time for which application threads were stopped: 0.0334221 seconds, Stopping threads took: 0.0003048 seconds
{Heap before GC invocations=270 (full 5):
 par new generation   total 109248K, used 106933K [0x00000000e0000000, 0x00000000e8000000, 0x00000000e8000000)
  eden space 87424K,  97% used [0x00000000e0000000, 0x00000000e531d620, 0x00000000e5560000)
  from space 21824K, 100% used [0x00000000e5560000, 0x00000000e6ab0000, 0x00000000e6ab0000)
  to   space 21824K,   0% used [0x00000000e6ab0000, 0x00000000e6ab0000, 0x00000000e8000000)
 concurrent mark-sweep generation total 393216K, used 142033K [0x00000000e8000000, 0x0000000100000000, 0x0000000100000000)
 Metaspace       used 37239K, capacity 37660K, committed 37988K, reserved 1083392K
  class space    used 3997K, capacity 4152K, committed 4196K, reserved 1048576K
2016-05-12T15:07:40.011+0100: 20061.183: [GC (Allocation Failure) 2016-05-12T15:07:40.011+0100: 20061.183: [ParNew
Desired survivor size 20112992 bytes, new threshold 3 (max 8)
- age   1:    9280424 bytes,    9280424 total
- age   2:    2310568 bytes,   11590992 total
- age   3:    9247968 bytes,   20838960 total
- age   4:    1505624 bytes,   22344584 total
: 106933K->21824K(109248K), 0.0303883 secs] 248967K->176899K(502464K), 0.0305541 secs] [Times: user=0.05 sys=0.00, real=0.03 secs] 
Heap after GC invocations=271 (full 5):
 par new generation   total 109248K, used 21824K [0x00000000e0000000, 0x00000000e8000000, 0x00000000e8000000)
  eden space 87424K,   0% used [0x00000000e0000000, 0x00000000e0000000, 0x00000000e5560000)
  from space 21824K, 100% used [0x00000000e6ab0000, 0x00000000e8000000, 0x00000000e8000000)
  to   space 21824K,   0% used [0x00000000e5560000, 0x00000000e5560000, 0x00000000e6ab0000)
 concurrent mark-sweep generation total 393216K, used 155075K [0x00000000e8000000, 0x0000000100000000, 0x0000000100000000)
 Metaspace       used 37239K, capacity 37660K, committed 37988K, reserved 1083392K
  class space    used 3997K, capacity 4152K, committed 4196K, reserved 1048576K
}
2016-05-12T15:07:40.042+0100: 20061.214: Total time for which application threads were stopped: 0.0310184 seconds, Stopping threads took: 0.0000600 seconds
2016-05-12T15:07:40.238+0100: 20061.409: Total time for which application threads were stopped: 0.0001737 seconds, Stopping threads took: 0.0000403 seconds
2016-05-12T15:07:40.239+0100: 20061.410: Total time for which application threads were stopped: 0.0001184 seconds, Stopping threads took: 0.0000253 seconds
2016-05-12T15:07:40.252+0100: 20061.423: Total time for which application threads were stopped: 0.0001998 seconds, Stopping threads took: 0.0000600 seconds
2016-05-12T15:07:40.253+0100: 20061.424: Total time for which application threads were stopped: 0.0001611 seconds, Stopping threads took: 0.0000474 seconds
2016-05-12T15:07:44.418+0100: 20065.590: Total time for which application threads were stopped: 0.0002179 seconds, Stopping threads took: 0.0000624 seconds
2016-05-12T15:07:44.418+0100: 20065.590: Total time for which application threads were stopped: 0.0001050 seconds, Stopping threads took: 0.0000292 seconds
2016-05-12T15:07:44.418+0100: 20065.590: Total time for which application threads were stopped: 0.0001121 seconds, Stopping threads took: 0.0000292 seconds
2016-05-12T15:07:44.419+0100: 20065.590: Total time for which application threads were stopped: 0.0001335 seconds, Stopping threads took: 0.0000553 seconds
2016-05-12T15:07:44.419+0100: 20065.591: Total time for which application threads were stopped: 0.0001042 seconds, Stopping threads took: 0.0000292 seconds
2016-05-12T15:07:44.419+0100: 20065.591: Total time for which application threads were stopped: 0.0001240 seconds, Stopping threads took: 0.0000340 seconds
2016-05-12T15:07:44.420+0100: 20065.592: Total time for which application threads were stopped: 0.0003095 seconds, Stopping threads took: 0.0000253 seconds
2016-05-12T15:07:45.420+0100: 20066.592: Total time for which application threads were stopped: 0.0001556 seconds, Stopping threads took: 0.0000474 seconds
2016-05-12T15:07:58.038+0100: 20079.209: Total time for which application threads were stopped: 0.0002148 seconds, Stopping threads took: 0.0000750 seconds
{Heap before GC invocations=271 (full 5):
 par new generation   total 109248K, used 104889K [0x00000000e0000000, 0x00000000e8000000, 0x00000000e8000000)
  eden space 87424K,  95% used [0x00000000e0000000, 0x00000000e511e538, 0x00000000e5560000)
  from space 21824K, 100% used [0x00000000e6ab0000, 0x00000000e8000000, 0x00000000e8000000)
  to   space 21824K,   0% used [0x00000000e5560000, 0x00000000e5560000, 0x00000000e6ab0000)
 concurrent mark-sweep generation total 393216K, used 155075K [0x00000000e8000000, 0x0000000100000000, 0x0000000100000000)
 Metaspace       used 37251K, capacity 37660K, committed 37988K, reserved 1083392K
  class space    used 3997K, capacity 4152K, committed 4196K, reserved 1048576K
2016-05-12T15:07:58.232+0100: 20079.404: [GC (Allocation Failure) 2016-05-12T15:07:58.232+0100: 20079.404: [ParNew
Desired survivor size 20112992 bytes, new threshold 8 (max 8)
- age   1:   12180120 bytes,   12180120 total
- age   2:    3123824 bytes,   15303944 total
- age   3:    2213872 bytes,   17517816 total
: 104889K->21824K(109248K), 0.0287016 secs] 259964K->187397K(502464K), 0.0288627 secs] [Times: user=0.03 sys=0.00, real=0.03 secs] 
Heap after GC invocations=272 (full 5):
 par new generation   total 109248K, used 21824K [0x00000000e0000000, 0x00000000e8000000, 0x00000000e8000000)
  eden space 87424K,   0% used [0x00000000e0000000, 0x00000000e0000000, 0x00000000e5560000)
  from space 21824K, 100% used [0x00000000e5560000, 0x00000000e6ab0000, 0x00000000e6ab0000)
  to   space 21824K,   0% used [0x00000000e6ab0000, 0x00000000e6ab0000, 0x00000000e8000000)
 concurrent mark-sweep generation total 393216K, used 165573K [0x00000000e8000000, 0x0000000100000000, 0x0000000100000000)
 Metaspace       used 37251K, capacity 37660K, committed 37988K, reserved 1083392K
  class space    used 3997K, capacity 4152K, committed 4196K, reserved 1048576K
}
2016-05-12T15:07:58.261+0100: 20079.433: Total time for which application threads were stopped: 0.0293215 seconds, Stopping threads took: 0.0000513 seconds
2016-05-12T15:08:04.266+0100: 20085.438: Total time for which application threads were stopped: 0.0002211 seconds, Stopping threads took: 0.0000600 seconds
2016-05-12T15:08:04.267+0100: 20085.439: Total time for which application threads were stopped: 0.0001437 seconds, Stopping threads took: 0.0000300 seconds
2016-05-12T15:08:04.273+0100: 20085.444: Total time for which application threads were stopped: 0.0002172 seconds, Stopping threads took: 0.0000466 seconds
2016-05-12T15:08:04.274+0100: 20085.446: Total time for which application threads were stopped: 0.0001500 seconds, Stopping threads took: 0.0000340 seconds
2016-05-12T15:08:04.274+0100: 20085.446: Total time for which application threads were stopped: 0.0000979 seconds, Stopping threads took: 0.0000229 seconds
2016-05-12T15:08:04.275+0100: 20085.446: Total time for which application threads were stopped: 0.0002472 seconds, Stopping threads took: 0.0001469 seconds
2016-05-12T15:08:05.283+0100: 20086.454: Total time for which application threads were stopped: 0.0001690 seconds, Stopping threads took: 0.0000466 seconds
2016-05-12T15:08:07.291+0100: 20088.463: Total time for which application threads were stopped: 0.0001658 seconds, Stopping threads took: 0.0000529 seconds
{Heap before GC invocations=272 (full 5):
 par new generation   total 109248K, used 108179K [0x00000000e0000000, 0x00000000e8000000, 0x00000000e8000000)
  eden space 87424K,  98% used [0x00000000e0000000, 0x00000000e5454dd0, 0x00000000e5560000)
  from space 21824K, 100% used [0x00000000e5560000, 0x00000000e6ab0000, 0x00000000e6ab0000)
  to   space 21824K,   0% used [0x00000000e6ab0000, 0x00000000e6ab0000, 0x00000000e8000000)
 concurrent mark-sweep generation total 393216K, used 165573K [0x00000000e8000000, 0x0000000100000000, 0x0000000100000000)
 Metaspace       used 37251K, capacity 37660K, committed 37988K, reserved 1083392K
  class space    used 3997K, capacity 4152K, committed 4196K, reserved 1048576K
2016-05-12T15:08:10.238+0100: 20091.412: [GC (Allocation Failure) 2016-05-12T15:08:10.238+0100: 20091.412: [ParNew
Desired survivor size 20112992 bytes, new threshold 8 (max 8)
- age   1:     933776 bytes,     933776 total
- age   2:    2898840 bytes,    3832616 total
- age   3:    3123608 bytes,    6956224 total
- age   4:    2213872 bytes,    9170096 total
: 108179K->10202K(109248K), 0.0138308 secs] 273753K->175776K(502464K), 0.0139974 secs] [Times: user=0.03 sys=0.00, real=0.01 secs] 
Heap after GC invocations=273 (full 5):
 par new generation   total 109248K, used 10202K [0x00000000e0000000, 0x00000000e8000000, 0x00000000e8000000)
  eden space 87424K,   0% used [0x00000000e0000000, 0x00000000e0000000, 0x00000000e5560000)
  from space 21824K,  46% used [0x00000000e6ab0000, 0x00000000e74a6988, 0x00000000e8000000)
  to   space 21824K,   0% used [0x00000000e5560000, 0x00000000e5560000, 0x00000000e6ab0000)
 concurrent mark-sweep generation total 393216K, used 165573K [0x00000000e8000000, 0x0000000100000000, 0x0000000100000000)
 Metaspace       used 37251K, capacity 37660K, committed 37988K, reserved 1083392K
  class space    used 3997K, capacity 4152K, committed 4196K, reserved 1048576K
}
2016-05-12T15:08:10.253+0100: 20091.426: Total time for which application threads were stopped: 0.0144554 seconds, Stopping threads took: 0.0000490 seconds
2016-05-12T15:08:14.896+0100: 20096.069: Total time for which application threads were stopped: 0.0002014 seconds, Stopping threads took: 0.0000426 seconds
2016-05-12T15:08:14.896+0100: 20096.070: Total time for which application threads were stopped: 0.0001058 seconds, Stopping threads took: 0.0000292 seconds
2016-05-12T15:08:14.896+0100: 20096.070: Total time for which application threads were stopped: 0.0001113 seconds, Stopping threads took: 0.0000347 seconds
2016-05-12T15:08:14.897+0100: 20096.071: Total time for which application threads were stopped: 0.0003317 seconds, Stopping threads took: 0.0000340 seconds
2016-05-12T15:08:14.897+0100: 20096.071: Total time for which application threads were stopped: 0.0001066 seconds, Stopping threads took: 0.0000268 seconds
{Heap before GC invocations=273 (full 5):
 par new generation   total 109248K, used 96051K [0x00000000e0000000, 0x00000000e8000000, 0x00000000e8000000)
  eden space 87424K,  98% used [0x00000000e0000000, 0x00000000e53d6488, 0x00000000e5560000)
  from space 21824K,  46% used [0x00000000e6ab0000, 0x00000000e74a6988, 0x00000000e8000000)
  to   space 21824K,   0% used [0x00000000e5560000, 0x00000000e5560000, 0x00000000e6ab0000)
 concurrent mark-sweep generation total 393216K, used 165573K [0x00000000e8000000, 0x0000000100000000, 0x0000000100000000)
 Metaspace       used 37251K, capacity 37660K, committed 37988K, reserved 1083392K
  class space    used 3997K, capacity 4152K, committed 4196K, reserved 1048576K
2016-05-12T15:08:16.992+0100: 20098.166: [GC (Allocation Failure) 2016-05-12T15:08:16.992+0100: 20098.166: [ParNew
Desired survivor size 20112992 bytes, new threshold 8 (max 8)
- age   1:     989096 bytes,     989096 total
- age   2:      45136 bytes,    1034232 total
- age   3:    2898792 bytes,    3933024 total
- age   4:    3123392 bytes,    7056416 total
- age   5:    2213872 bytes,    9270288 total
: 96051K->13135K(109248K), 0.0126447 secs] 261625K->178709K(502464K), 0.0127948 secs] [Times: user=0.03 sys=0.00, real=0.01 secs] 
Heap after GC invocations=274 (full 5):
 par new generation   total 109248K, used 13135K [0x00000000e0000000, 0x00000000e8000000, 0x00000000e8000000)
  eden space 87424K,   0% used [0x00000000e0000000, 0x00000000e0000000, 0x00000000e5560000)
  from space 21824K,  60% used [0x00000000e5560000, 0x00000000e6233d10, 0x00000000e6ab0000)
  to   space 21824K,   0% used [0x00000000e6ab0000, 0x00000000e6ab0000, 0x00000000e8000000)
 concurrent mark-sweep generation total 393216K, used 165573K [0x00000000e8000000, 0x0000000100000000, 0x0000000100000000)
 Metaspace       used 37251K, capacity 37660K, committed 37988K, reserved 1083392K
  class space    used 3997K, capacity 4152K, committed 4196K, reserved 1048576K
}
2016-05-12T15:08:17.005+0100: 20098.178: Total time for which application threads were stopped: 0.0132512 seconds, Stopping threads took: 0.0000458 seconds
2016-05-12T15:08:18.320+0100: 20099.494: Total time for which application threads were stopped: 0.0002140 seconds, Stopping threads took: 0.0000474 seconds
2016-05-12T15:08:18.320+0100: 20099.494: Total time for which application threads were stopped: 0.0001303 seconds, Stopping threads took: 0.0000324 seconds
{Heap before GC invocations=274 (full 5):
 par new generation   total 109248K, used 100559K [0x00000000e0000000, 0x00000000e8000000, 0x00000000e8000000)
  eden space 87424K, 100% used [0x00000000e0000000, 0x00000000e5560000, 0x00000000e5560000)
  from space 21824K,  60% used [0x00000000e5560000, 0x00000000e6233d10, 0x00000000e6ab0000)
  to   space 21824K,   0% used [0x00000000e6ab0000, 0x00000000e6ab0000, 0x00000000e8000000)
 concurrent mark-sweep generation total 393216K, used 165573K [0x00000000e8000000, 0x0000000100000000, 0x0000000100000000)
 Metaspace       used 37251K, capacity 37660K, committed 37988K, reserved 1083392K
  class space    used 3997K, capacity 4152K, committed 4196K, reserved 1048576K
2016-05-12T15:08:22.444+0100: 20103.618: [GC (Allocation Failure) 2016-05-12T15:08:22.444+0100: 20103.618: [ParNew
Desired survivor size 20112992 bytes, new threshold 8 (max 8)
- age   1:     195976 bytes,     195976 total
- age   2:      43440 bytes,     239416 total
- age   3:      44896 bytes,     284312 total
- age   4:    2898536 bytes,    3182848 total
- age   5:    3123392 bytes,    6306240 total
- age   6:    2213872 bytes,    8520112 total
: 100559K->9772K(109248K), 0.0136144 secs] 266133K->175346K(502464K), 0.0138032 secs] [Times: user=0.00 sys=0.00, real=0.01 secs] 
Heap after GC invocations=275 (full 5):
 par new generation   total 109248K, used 9772K [0x00000000e0000000, 0x00000000e8000000, 0x00000000e8000000)
  eden space 87424K,   0% used [0x00000000e0000000, 0x00000000e0000000, 0x00000000e5560000)
  from space 21824K,  44% used [0x00000000e6ab0000, 0x00000000e743b070, 0x00000000e8000000)
  to   space 21824K,   0% used [0x00000000e5560000, 0x00000000e5560000, 0x00000000e6ab0000)
 concurrent mark-sweep generation total 393216K, used 165573K [0x00000000e8000000, 0x0000000100000000, 0x0000000100000000)
 Metaspace       used 37251K, capacity 37660K, committed 37988K, reserved 1083392K
  class space    used 3997K, capacity 4152K, committed 4196K, reserved 1048576K
}
2016-05-12T15:08:22.458+0100: 20103.632: Total time for which application threads were stopped: 0.0142872 seconds, Stopping threads took: 0.0000497 seconds
2016-05-12T15:08:24.048+0100: 20105.222: Total time for which application threads were stopped: 0.0002251 seconds, Stopping threads took: 0.0000545 seconds
2016-05-12T15:08:24.049+0100: 20105.223: Total time for which application threads were stopped: 0.0001058 seconds, Stopping threads took: 0.0000253 seconds
2016-05-12T15:08:24.049+0100: 20105.223: Total time for which application threads were stopped: 0.0000979 seconds, Stopping threads took: 0.0000205 seconds
2016-05-12T15:08:24.049+0100: 20105.223: Total time for which application threads were stopped: 0.0001019 seconds, Stopping threads took: 0.0000197 seconds
2016-05-12T15:09:20.171+0100: 20161.345: Total time for which application threads were stopped: 0.0003838 seconds, Stopping threads took: 0.0000608 seconds
2016-05-12T15:09:34.682+0100: 20175.856: Total time for which application threads were stopped: 0.0002148 seconds, Stopping threads took: 0.0000513 seconds
2016-05-12T15:09:47.361+0100: 20188.536: Total time for which application threads were stopped: 0.0001611 seconds, Stopping threads took: 0.0000426 seconds
2016-05-12T15:09:47.362+0100: 20188.537: Total time for which application threads were stopped: 0.0000916 seconds, Stopping threads took: 0.0000205 seconds
2016-05-12T15:09:47.362+0100: 20188.537: Total time for which application threads were stopped: 0.0000813 seconds, Stopping threads took: 0.0000197 seconds
2016-05-12T15:09:47.363+0100: 20188.538: Total time for which application threads were stopped: 0.0001871 seconds, Stopping threads took: 0.0000387 seconds
2016-05-12T15:09:47.921+0100: 20189.096: Total time for which application threads were stopped: 0.0001745 seconds, Stopping threads took: 0.0000442 seconds
2016-05-12T15:09:47.921+0100: 20189.096: Total time for which application threads were stopped: 0.0000924 seconds, Stopping threads took: 0.0000213 seconds
2016-05-12T15:09:47.922+0100: 20189.097: Total time for which application threads were stopped: 0.0001485 seconds, Stopping threads took: 0.0000332 seconds
2016-05-12T15:10:20.924+0100: 20222.101: Total time for which application threads were stopped: 0.0001658 seconds, Stopping threads took: 0.0000490 seconds
{Heap before GC invocations=275 (full 5):
 par new generation   total 109248K, used 97196K [0x00000000e0000000, 0x00000000e8000000, 0x00000000e8000000)
  eden space 87424K, 100% used [0x00000000e0000000, 0x00000000e5560000, 0x00000000e5560000)
  from space 21824K,  44% used [0x00000000e6ab0000, 0x00000000e743b070, 0x00000000e8000000)
  to   space 21824K,   0% used [0x00000000e5560000, 0x00000000e5560000, 0x00000000e6ab0000)
 concurrent mark-sweep generation total 393216K, used 165573K [0x00000000e8000000, 0x0000000100000000, 0x0000000100000000)
 Metaspace       used 37257K, capacity 37724K, committed 37988K, reserved 1083392K
  class space    used 3997K, capacity 4152K, committed 4196K, reserved 1048576K
2016-05-12T15:10:22.142+0100: 20223.319: [GC (Allocation Failure) 2016-05-12T15:10:22.142+0100: 20223.319: [ParNew
Desired survivor size 20112992 bytes, new threshold 8 (max 8)
- age   1:     918320 bytes,     918320 total
- age   2:      62008 bytes,     980328 total
- age   3:      42720 bytes,    1023048 total
- age   4:      44744 bytes,    1067792 total
- age   5:    2897904 bytes,    3965696 total
- age   6:    3123240 bytes,    7088936 total
- age   7:    2213656 bytes,    9302592 total
: 97196K->13363K(109248K), 0.0157347 secs] 262770K->178937K(502464K), 0.0158942 secs] [Times: user=0.01 sys=0.00, real=0.02 secs] 
Heap after GC invocations=276 (full 5):
 par new generation   total 109248K, used 13363K [0x00000000e0000000, 0x00000000e8000000, 0x00000000e8000000)
  eden space 87424K,   0% used [0x00000000e0000000, 0x00000000e0000000, 0x00000000e5560000)
  from space 21824K,  61% used [0x00000000e5560000, 0x00000000e626ce68, 0x00000000e6ab0000)
  to   space 21824K,   0% used [0x00000000e6ab0000, 0x00000000e6ab0000, 0x00000000e8000000)
 concurrent mark-sweep generation total 393216K, used 165573K [0x00000000e8000000, 0x0000000100000000, 0x0000000100000000)
 Metaspace       used 37257K, capacity 37724K, committed 37988K, reserved 1083392K
  class space    used 3997K, capacity 4152K, committed 4196K, reserved 1048576K
}
2016-05-12T15:10:22.158+0100: 20223.335: Total time for which application threads were stopped: 0.0163664 seconds, Stopping threads took: 0.0000545 seconds
2016-05-12T15:10:55.160+0100: 20256.337: Total time for which application threads were stopped: 0.0001785 seconds, Stopping threads took: 0.0000458 seconds
{Heap before GC invocations=276 (full 5):
 par new generation   total 109248K, used 100787K [0x00000000e0000000, 0x00000000e8000000, 0x00000000e8000000)
  eden space 87424K, 100% used [0x00000000e0000000, 0x00000000e5560000, 0x00000000e5560000)
  from space 21824K,  61% used [0x00000000e5560000, 0x00000000e626ce68, 0x00000000e6ab0000)
  to   space 21824K,   0% used [0x00000000e6ab0000, 0x00000000e6ab0000, 0x00000000e8000000)
 concurrent mark-sweep generation total 393216K, used 165573K [0x00000000e8000000, 0x0000000100000000, 0x0000000100000000)
 Metaspace       used 37262K, capacity 37724K, committed 37988K, reserved 1083392K
  class space    used 3997K, capacity 4152K, committed 4196K, reserved 1048576K
2016-05-12T15:11:13.761+0100: 20274.938: [GC (Allocation Failure) 2016-05-12T15:11:13.761+0100: 20274.938: [ParNew
Desired survivor size 20112992 bytes, new threshold 8 (max 8)
- age   1:     371672 bytes,     371672 total
- age   2:      48984 bytes,     420656 total
- age   3:      61792 bytes,     482448 total
- age   4:      42720 bytes,     525168 total
- age   5:      44744 bytes,     569912 total
- age   6:    2897904 bytes,    3467816 total
- age   7:    3123240 bytes,    6591056 total
- age   8:    2213656 bytes,    8804712 total
: 100787K->11960K(109248K), 0.0216768 secs] 266361K->177534K(502464K), 0.0218371 secs] [Times: user=0.06 sys=0.00, real=0.02 secs] 
Heap after GC invocations=277 (full 5):
 par new generation   total 109248K, used 11960K [0x00000000e0000000, 0x00000000e8000000, 0x00000000e8000000)
  eden space 87424K,   0% used [0x00000000e0000000, 0x00000000e0000000, 0x00000000e5560000)
  from space 21824K,  54% used [0x00000000e6ab0000, 0x00000000e765e250, 0x00000000e8000000)
  to   space 21824K,   0% used [0x00000000e5560000, 0x00000000e5560000, 0x00000000e6ab0000)
 concurrent mark-sweep generation total 393216K, used 165573K [0x00000000e8000000, 0x0000000100000000, 0x0000000100000000)
 Metaspace       used 37262K, capacity 37724K, committed 37988K, reserved 1083392K
  class space    used 3997K, capacity 4152K, committed 4196K, reserved 1048576K
}
2016-05-12T15:11:13.783+0100: 20274.960: Total time for which application threads were stopped: 0.0222999 seconds, Stopping threads took: 0.0000513 seconds
2016-05-12T15:11:45.788+0100: 20306.965: Total time for which application threads were stopped: 0.0001871 seconds, Stopping threads took: 0.0000576 seconds
2016-05-12T15:11:49.788+0100: 20310.965: Total time for which application threads were stopped: 0.0001627 seconds, Stopping threads took: 0.0000521 seconds
2016-05-12T15:12:54.984+0100: 20376.162: Total time for which application threads were stopped: 0.0002069 seconds, Stopping threads took: 0.0000434 seconds
2016-05-12T15:12:54.985+0100: 20376.163: Total time for which application threads were stopped: 0.0000995 seconds, Stopping threads took: 0.0000221 seconds
2016-05-12T15:12:55.053+0100: 20376.231: Total time for which application threads were stopped: 0.0011568 seconds, Stopping threads took: 0.0009871 seconds
2016-05-12T15:12:55.054+0100: 20376.232: Total time for which application threads were stopped: 0.0001287 seconds, Stopping threads took: 0.0000379 seconds
2016-05-12T15:12:55.077+0100: 20376.255: Total time for which application threads were stopped: 0.0220195 seconds, Stopping threads took: 0.0000679 seconds
2016-05-12T15:12:55.097+0100: 20376.275: Total time for which application threads were stopped: 0.0002235 seconds, Stopping threads took: 0.0000537 seconds
2016-05-12T15:12:55.270+0100: 20376.448: Total time for which application threads were stopped: 0.0002329 seconds, Stopping threads took: 0.0000505 seconds
2016-05-12T15:12:55.272+0100: 20376.449: Total time for which application threads were stopped: 0.0003127 seconds, Stopping threads took: 0.0000805 seconds
2016-05-12T15:12:55.272+0100: 20376.450: Total time for which application threads were stopped: 0.0001887 seconds, Stopping threads took: 0.0000450 seconds
{Heap before GC invocations=277 (full 5):
 par new generation   total 109248K, used 98579K [0x00000000e0000000, 0x00000000e8000000, 0x00000000e8000000)
  eden space 87424K,  99% used [0x00000000e0000000, 0x00000000e5496c80, 0x00000000e5560000)
  from space 21824K,  54% used [0x00000000e6ab0000, 0x00000000e765e250, 0x00000000e8000000)
  to   space 21824K,   0% used [0x00000000e5560000, 0x00000000e5560000, 0x00000000e6ab0000)
 concurrent mark-sweep generation total 393216K, used 165573K [0x00000000e8000000, 0x0000000100000000, 0x0000000100000000)
 Metaspace       used 37264K, capacity 37724K, committed 37988K, reserved 1083392K
  class space    used 3997K, capacity 4152K, committed 4196K, reserved 1048576K
2016-05-12T15:12:55.289+0100: 20376.467: [GC (Allocation Failure) 2016-05-12T15:12:55.289+0100: 20376.467: [ParNew
Desired survivor size 20112992 bytes, new threshold 8 (max 8)
- age   1:    5299312 bytes,    5299312 total
- age   2:       6744 bytes,    5306056 total
- age   3:      39072 bytes,    5345128 total
- age   4:      61792 bytes,    5406920 total
- age   5:      42720 bytes,    5449640 total
- age   6:      44744 bytes,    5494384 total
- age   7:    2897440 bytes,    8391824 total
- age   8:    3123192 bytes,   11515016 total
: 98579K->15207K(109248K), 0.0186516 secs] 264153K->182943K(502464K), 0.0190023 secs] [Times: user=0.02 sys=0.00, real=0.02 secs] 
Heap after GC invocations=278 (full 5):
 par new generation   total 109248K, used 15207K [0x00000000e0000000, 0x00000000e8000000, 0x00000000e8000000)
  eden space 87424K,   0% used [0x00000000e0000000, 0x00000000e0000000, 0x00000000e5560000)
  from space 21824K,  69% used [0x00000000e5560000, 0x00000000e6439ef8, 0x00000000e6ab0000)
  to   space 21824K,   0% used [0x00000000e6ab0000, 0x00000000e6ab0000, 0x00000000e8000000)
 concurrent mark-sweep generation total 393216K, used 167735K [0x00000000e8000000, 0x0000000100000000, 0x0000000100000000)
 Metaspace       used 37264K, capacity 37724K, committed 37988K, reserved 1083392K
  class space    used 3997K, capacity 4152K, committed 4196K, reserved 1048576K
}
2016-05-12T15:12:55.308+0100: 20376.486: Total time for which application threads were stopped: 0.0211406 seconds, Stopping threads took: 0.0016125 seconds
2016-05-12T15:12:55.697+0100: 20376.875: Total time for which application threads were stopped: 0.0002795 seconds, Stopping threads took: 0.0000687 seconds
{Heap before GC invocations=278 (full 5):
 par new generation   total 109248K, used 99989K [0x00000000e0000000, 0x00000000e8000000, 0x00000000e8000000)
  eden space 87424K,  96% used [0x00000000e0000000, 0x00000000e52cb750, 0x00000000e5560000)
  from space 21824K,  69% used [0x00000000e5560000, 0x00000000e6439ef8, 0x00000000e6ab0000)
  to   space 21824K,   0% used [0x00000000e6ab0000, 0x00000000e6ab0000, 0x00000000e8000000)
 concurrent mark-sweep generation total 393216K, used 167735K [0x00000000e8000000, 0x0000000100000000, 0x0000000100000000)
 Metaspace       used 37264K, capacity 37724K, committed 37988K, reserved 1083392K
  class space    used 3997K, capacity 4152K, committed 4196K, reserved 1048576K
2016-05-12T15:12:55.892+0100: 20377.070: [GC (Allocation Failure) 2016-05-12T15:12:55.892+0100: 20377.070: [ParNew
Desired survivor size 20112992 bytes, new threshold 8 (max 8)
- age   1:    9738304 bytes,    9738304 total
- age   2:    1847480 bytes,   11585784 total
- age   3:       6744 bytes,   11592528 total
- age   4:      39040 bytes,   11631568 total
- age   5:      61792 bytes,   11693360 total
- age   6:      42720 bytes,   11736080 total
- age   7:      44744 bytes,   11780824 total
- age   8:    2897112 bytes,   14677936 total
: 99989K->15553K(109248K), 0.0189888 secs] 267725K->186338K(502464K), 0.0191160 secs] [Times: user=0.03 sys=0.00, real=0.02 secs] 
Heap after GC invocations=279 (full 5):
 par new generation   total 109248K, used 15553K [0x00000000e0000000, 0x00000000e8000000, 0x00000000e8000000)
  eden space 87424K,   0% used [0x00000000e0000000, 0x00000000e0000000, 0x00000000e5560000)
  from space 21824K,  71% used [0x00000000e6ab0000, 0x00000000e79e0438, 0x00000000e8000000)
  to   space 21824K,   0% used [0x00000000e5560000, 0x00000000e5560000, 0x00000000e6ab0000)
 concurrent mark-sweep generation total 393216K, used 170785K [0x00000000e8000000, 0x0000000100000000, 0x0000000100000000)
 Metaspace       used 37264K, capacity 37724K, committed 37988K, reserved 1083392K
  class space    used 3997K, capacity 4152K, committed 4196K, reserved 1048576K
}
2016-05-12T15:12:55.911+0100: 20377.089: Total time for which application threads were stopped: 0.0196079 seconds, Stopping threads took: 0.0000742 seconds
{Heap before GC invocations=279 (full 5):
 par new generation   total 109248K, used 97972K [0x00000000e0000000, 0x00000000e8000000, 0x00000000e8000000)
  eden space 87424K,  94% used [0x00000000e0000000, 0x00000000e507cbe0, 0x00000000e5560000)
  from space 21824K,  71% used [0x00000000e6ab0000, 0x00000000e79e0438, 0x00000000e8000000)
  to   space 21824K,   0% used [0x00000000e5560000, 0x00000000e5560000, 0x00000000e6ab0000)
 concurrent mark-sweep generation total 393216K, used 170785K [0x00000000e8000000, 0x0000000100000000, 0x0000000100000000)
 Metaspace       used 37264K, capacity 37724K, committed 37988K, reserved 1083392K
  class space    used 3997K, capacity 4152K, committed 4196K, reserved 1048576K
2016-05-12T15:12:56.429+0100: 20377.607: [GC (Allocation Failure) 2016-05-12T15:12:56.429+0100: 20377.607: [ParNew
Desired survivor size 20112992 bytes, new threshold 8 (max 8)
- age   1:    9291512 bytes,    9291512 total
- age   2:    6295816 bytes,   15587328 total
- age   3:    1845416 bytes,   17432744 total
- age   4:       6744 bytes,   17439488 total
- age   5:      39040 bytes,   17478528 total
- age   6:      61792 bytes,   17540320 total
- age   7:      42720 bytes,   17583040 total
- age   8:      44744 bytes,   17627784 total
: 97972K->19036K(109248K), 0.0212607 secs] 268757K->192653K(502464K), 0.0214431 secs] [Times: user=0.03 sys=0.00, real=0.02 secs] 
Heap after GC invocations=280 (full 5):
 par new generation   total 109248K, used 19036K [0x00000000e0000000, 0x00000000e8000000, 0x00000000e8000000)
  eden space 87424K,   0% used [0x00000000e0000000, 0x00000000e0000000, 0x00000000e5560000)
  from space 21824K,  87% used [0x00000000e5560000, 0x00000000e67f70d0, 0x00000000e6ab0000)
  to   space 21824K,   0% used [0x00000000e6ab0000, 0x00000000e6ab0000, 0x00000000e8000000)
 concurrent mark-sweep generation total 393216K, used 173617K [0x00000000e8000000, 0x0000000100000000, 0x0000000100000000)
 Metaspace       used 37264K, capacity 37724K, committed 37988K, reserved 1083392K
  class space    used 3997K, capacity 4152K, committed 4196K, reserved 1048576K
}
2016-05-12T15:12:56.451+0100: 20377.629: Total time for which application threads were stopped: 0.0219532 seconds, Stopping threads took: 0.0000584 seconds
{Heap before GC invocations=280 (full 5):
 par new generation   total 109248K, used 103892K [0x00000000e0000000, 0x00000000e8000000, 0x00000000e8000000)
  eden space 87424K,  97% used [0x00000000e0000000, 0x00000000e52de050, 0x00000000e5560000)
  from space 21824K,  87% used [0x00000000e5560000, 0x00000000e67f70d0, 0x00000000e6ab0000)
  to   space 21824K,   0% used [0x00000000e6ab0000, 0x00000000e6ab0000, 0x00000000e8000000)
 concurrent mark-sweep generation total 393216K, used 173617K [0x00000000e8000000, 0x0000000100000000, 0x0000000100000000)
 Metaspace       used 37264K, capacity 37724K, committed 37988K, reserved 1083392K
  class space    used 3997K, capacity 4152K, committed 4196K, reserved 1048576K
2016-05-12T15:12:56.941+0100: 20378.119: [GC (Allocation Failure) 2016-05-12T15:12:56.941+0100: 20378.119: [ParNew
Desired survivor size 20112992 bytes, new threshold 3 (max 8)
- age   1:    9453152 bytes,    9453152 total
- age   2:    6118400 bytes,   15571552 total
- age   3:    4794592 bytes,   20366144 total
- age   4:    1828968 bytes,   22195112 total
- age   5:       6744 bytes,   22201856 total
- age   6:      38976 bytes,   22240832 total
- age   7:      61792 bytes,   22302624 total
- age   8:      42720 bytes,   22345344 total
: 103892K->21824K(109248K), 0.0233383 secs] 277509K->198028K(502464K), 0.0234946 secs] [Times: user=0.06 sys=0.00, real=0.02 secs] 
Heap after GC invocations=281 (full 5):
 par new generation   total 109248K, used 21824K [0x00000000e0000000, 0x00000000e8000000, 0x00000000e8000000)
  eden space 87424K,   0% used [0x00000000e0000000, 0x00000000e0000000, 0x00000000e5560000)
  from space 21824K, 100% used [0x00000000e6ab0000, 0x00000000e8000000, 0x00000000e8000000)
  to   space 21824K,   0% used [0x00000000e5560000, 0x00000000e5560000, 0x00000000e6ab0000)
 concurrent mark-sweep generation total 393216K, used 176204K [0x00000000e8000000, 0x0000000100000000, 0x0000000100000000)
 Metaspace       used 37264K, capacity 37724K, committed 37988K, reserved 1083392K
  class space    used 3997K, capacity 4152K, committed 4196K, reserved 1048576K
}
2016-05-12T15:12:56.965+0100: 20378.143: Total time for which application threads were stopped: 0.0241397 seconds, Stopping threads took: 0.0002077 seconds
{Heap before GC invocations=281 (full 5):
 par new generation   total 109248K, used 107156K [0x00000000e0000000, 0x00000000e8000000, 0x00000000e8000000)
  eden space 87424K,  97% used [0x00000000e0000000, 0x00000000e5355290, 0x00000000e5560000)
  from space 21824K, 100% used [0x00000000e6ab0000, 0x00000000e8000000, 0x00000000e8000000)
  to   space 21824K,   0% used [0x00000000e5560000, 0x00000000e5560000, 0x00000000e6ab0000)
 concurrent mark-sweep generation total 393216K, used 176204K [0x00000000e8000000, 0x0000000100000000, 0x0000000100000000)
 Metaspace       used 37264K, capacity 37724K, committed 37988K, reserved 1083392K
  class space    used 3997K, capacity 4152K, committed 4196K, reserved 1048576K
2016-05-12T15:12:57.375+0100: 20378.553: [GC (Allocation Failure) 2016-05-12T15:12:57.375+0100: 20378.553: [ParNew
Desired survivor size 20112992 bytes, new threshold 8 (max 8)
- age   1:    8934720 bytes,    8934720 total
- age   2:    4793672 bytes,   13728392 total
- age   3:    6117584 bytes,   19845976 total
: 107156K->21036K(109248K), 0.0281828 secs] 283360K->209795K(502464K), 0.0284236 secs] [Times: user=0.06 sys=0.00, real=0.03 secs] 
Heap after GC invocations=282 (full 5):
 par new generation   total 109248K, used 21036K [0x00000000e0000000, 0x00000000e8000000, 0x00000000e8000000)
  eden space 87424K,   0% used [0x00000000e0000000, 0x00000000e0000000, 0x00000000e5560000)
  from space 21824K,  96% used [0x00000000e5560000, 0x00000000e69eb058, 0x00000000e6ab0000)
  to   space 21824K,   0% used [0x00000000e6ab0000, 0x00000000e6ab0000, 0x00000000e8000000)
 concurrent mark-sweep generation total 393216K, used 188759K [0x00000000e8000000, 0x0000000100000000, 0x0000000100000000)
 Metaspace       used 37264K, capacity 37724K, committed 37988K, reserved 1083392K
  class space    used 3997K, capacity 4152K, committed 4196K, reserved 1048576K
}
2016-05-12T15:12:57.403+0100: 20378.581: Total time for which application threads were stopped: 0.0460574 seconds, Stopping threads took: 0.0171363 seconds
{Heap before GC invocations=282 (full 5):
 par new generation   total 109248K, used 108239K [0x00000000e0000000, 0x00000000e8000000, 0x00000000e8000000)
  eden space 87424K,  99% used [0x00000000e0000000, 0x00000000e5528e80, 0x00000000e5560000)
  from space 21824K,  96% used [0x00000000e5560000, 0x00000000e69eb058, 0x00000000e6ab0000)
  to   space 21824K,   0% used [0x00000000e6ab0000, 0x00000000e6ab0000, 0x00000000e8000000)
 concurrent mark-sweep generation total 393216K, used 188759K [0x00000000e8000000, 0x0000000100000000, 0x0000000100000000)
 Metaspace       used 37264K, capacity 37724K, committed 37988K, reserved 1083392K
  class space    used 3997K, capacity 4152K, committed 4196K, reserved 1048576K
2016-05-12T15:12:57.805+0100: 20378.983: [GC (Allocation Failure) 2016-05-12T15:12:57.805+0100: 20378.983: [ParNew
Desired survivor size 20112992 bytes, new threshold 4 (max 8)
- age   1:   12266896 bytes,   12266896 total
- age   2:     195288 bytes,   12462184 total
- age   3:    3765528 bytes,   16227712 total
- age   4:    6117584 bytes,   22345296 total
: 108239K->21824K(109248K), 0.0285287 secs] 296999K->220263K(502464K), 0.0286905 secs] [Times: user=0.03 sys=0.00, real=0.03 secs] 
Heap after GC invocations=283 (full 5):
 par new generation   total 109248K, used 21824K [0x00000000e0000000, 0x00000000e8000000, 0x00000000e8000000)
  eden space 87424K,   0% used [0x00000000e0000000, 0x00000000e0000000, 0x00000000e5560000)
  from space 21824K, 100% used [0x00000000e6ab0000, 0x00000000e8000000, 0x00000000e8000000)
  to   space 21824K,   0% used [0x00000000e5560000, 0x00000000e5560000, 0x00000000e6ab0000)
 concurrent mark-sweep generation total 393216K, used 198439K [0x00000000e8000000, 0x0000000100000000, 0x0000000100000000)
 Metaspace       used 37264K, capacity 37724K, committed 37988K, reserved 1083392K
  class space    used 3997K, capacity 4152K, committed 4196K, reserved 1048576K
}
2016-05-12T15:12:57.834+0100: 20379.012: Total time for which application threads were stopped: 0.0291746 seconds, Stopping threads took: 0.0000711 seconds
2016-05-12T15:12:57.841+0100: 20379.019: [GC (CMS Initial Mark) [1 CMS-initial-mark: 198439K(393216K)] 227137K(502464K), 0.0027670 secs] [Times: user=0.00 sys=0.00, real=0.00 secs] 
2016-05-12T15:12:57.844+0100: 20379.022: Total time for which application threads were stopped: 0.0094024 seconds, Stopping threads took: 0.0063465 seconds
2016-05-12T15:12:57.844+0100: 20379.022: [CMS-concurrent-mark-start]
2016-05-12T15:12:57.921+0100: 20379.099: [CMS-concurrent-mark: 0.077/0.077 secs] [Times: user=0.16 sys=0.00, real=0.08 secs] 
2016-05-12T15:12:57.921+0100: 20379.099: [CMS-concurrent-preclean-start]
2016-05-12T15:12:57.924+0100: 20379.102: [CMS-concurrent-preclean: 0.003/0.003 secs] [Times: user=0.00 sys=0.00, real=0.00 secs] 
2016-05-12T15:12:57.924+0100: 20379.102: [CMS-concurrent-abortable-preclean-start]
2016-05-12T15:12:58.466+0100: 20379.644: [CMS-concurrent-abortable-preclean: 0.043/0.541 secs] [Times: user=0.39 sys=0.01, real=0.54 secs] 
2016-05-12T15:12:58.467+0100: 20379.645: [GC (CMS Final Remark) [YG occupancy: 95105 K (109248 K)]{Heap before GC invocations=283 (full 6):
 par new generation   total 109248K, used 95105K [0x00000000e0000000, 0x00000000e8000000, 0x00000000e8000000)
  eden space 87424K,  83% used [0x00000000e0000000, 0x00000000e4790790, 0x00000000e5560000)
  from space 21824K, 100% used [0x00000000e6ab0000, 0x00000000e8000000, 0x00000000e8000000)
  to   space 21824K,   0% used [0x00000000e5560000, 0x00000000e5560000, 0x00000000e6ab0000)
 concurrent mark-sweep generation total 393216K, used 198439K [0x00000000e8000000, 0x0000000100000000, 0x0000000100000000)
 Metaspace       used 37264K, capacity 37724K, committed 37988K, reserved 1083392K
  class space    used 3997K, capacity 4152K, committed 4196K, reserved 1048576K
2016-05-12T15:12:58.467+0100: 20379.645: [GC (CMS Final Remark) 2016-05-12T15:12:58.467+0100: 20379.645: [ParNew
Desired survivor size 20112992 bytes, new threshold 8 (max 8)
- age   1:   13477904 bytes,   13477904 total
- age   2:       7472 bytes,   13485376 total
- age   3:     110952 bytes,   13596328 total
- age   4:    3764872 bytes,   17361200 total
: 95105K->17569K(109248K), 0.0255738 secs] 293545K->221979K(502464K), 0.0256906 secs] [Times: user=0.05 sys=0.00, real=0.03 secs] 
Heap after GC invocations=284 (full 6):
 par new generation   total 109248K, used 17569K [0x00000000e0000000, 0x00000000e8000000, 0x00000000e8000000)
  eden space 87424K,   0% used [0x00000000e0000000, 0x00000000e0000000, 0x00000000e5560000)
  from space 21824K,  80% used [0x00000000e5560000, 0x00000000e6688768, 0x00000000e6ab0000)
  to   space 21824K,   0% used [0x00000000e6ab0000, 0x00000000e6ab0000, 0x00000000e8000000)
 concurrent mark-sweep generation total 393216K, used 204409K [0x00000000e8000000, 0x0000000100000000, 0x0000000100000000)
 Metaspace       used 37264K, capacity 37724K, committed 37988K, reserved 1083392K
  class space    used 3997K, capacity 4152K, committed 4196K, reserved 1048576K
}
2016-05-12T15:12:58.493+0100: 20379.671: [Rescan (parallel) , 0.0038796 secs]2016-05-12T15:12:58.497+0100: 20379.675: [weak refs processing, 0.0015991 secs]2016-05-12T15:12:58.498+0100: 20379.676: [class unloading, 0.0253921 secs]2016-05-12T15:12:58.524+0100: 20379.702: [scrub symbol table, 0.0150358 secs]2016-05-12T15:12:58.539+0100: 20379.717: [scrub string table, 0.0013116 secs][1 CMS-remark: 204409K(393216K)] 221979K(502464K), 0.0745576 secs] [Times: user=0.09 sys=0.00, real=0.07 secs] 
2016-05-12T15:12:58.541+0100: 20379.719: Total time for which application threads were stopped: 0.0756742 seconds, Stopping threads took: 0.0008852 seconds
2016-05-12T15:12:58.542+0100: 20379.720: [CMS-concurrent-sweep-start]
2016-05-12T15:12:58.595+0100: 20379.773: [CMS-concurrent-sweep: 0.053/0.053 secs] [Times: user=0.09 sys=0.00, real=0.05 secs] 
2016-05-12T15:12:58.595+0100: 20379.773: [CMS-concurrent-reset-start]
2016-05-12T15:12:58.598+0100: 20379.776: [CMS-concurrent-reset: 0.002/0.002 secs] [Times: user=0.01 sys=0.00, real=0.00 secs] 
2016-05-12T15:12:58.640+0100: 20379.818: Total time for which application threads were stopped: 0.0001911 seconds, Stopping threads took: 0.0000569 seconds
2016-05-12T15:12:58.641+0100: 20379.819: Total time for which application threads were stopped: 0.0001248 seconds, Stopping threads took: 0.0000276 seconds
2016-05-12T15:12:58.649+0100: 20379.828: Total time for which application threads were stopped: 0.0001824 seconds, Stopping threads took: 0.0000442 seconds
2016-05-12T15:12:58.650+0100: 20379.828: Total time for which application threads were stopped: 0.0001113 seconds, Stopping threads took: 0.0000237 seconds
2016-05-12T15:13:03.468+0100: 20384.645: Total time for which application threads were stopped: 0.0002187 seconds, Stopping threads took: 0.0000616 seconds
2016-05-12T15:13:03.468+0100: 20384.646: Total time for which application threads were stopped: 0.0001256 seconds, Stopping threads took: 0.0000371 seconds
2016-05-12T15:13:03.470+0100: 20384.647: Total time for which application threads were stopped: 0.0001824 seconds, Stopping threads took: 0.0000505 seconds
2016-05-12T15:13:03.499+0100: 20384.677: Total time for which application threads were stopped: 0.0291896 seconds, Stopping threads took: 0.0008994 seconds
2016-05-12T15:13:04.518+0100: 20385.695: Total time for which application threads were stopped: 0.0001785 seconds, Stopping threads took: 0.0000513 seconds
2016-05-12T15:13:17.597+0100: 20398.776: Total time for which application threads were stopped: 0.0002543 seconds, Stopping threads took: 0.0000569 seconds
2016-05-12T15:13:25.776+0100: 20406.957: Total time for which application threads were stopped: 0.0002369 seconds, Stopping threads took: 0.0000726 seconds
2016-05-12T15:13:25.779+0100: 20406.959: Total time for which application threads were stopped: 0.0020839 seconds, Stopping threads took: 0.0000205 seconds
2016-05-12T15:13:25.779+0100: 20406.959: Total time for which application threads were stopped: 0.0001406 seconds, Stopping threads took: 0.0000395 seconds
2016-05-12T15:13:25.779+0100: 20406.959: Total time for which application threads were stopped: 0.0000995 seconds, Stopping threads took: 0.0000268 seconds
2016-05-12T15:13:25.780+0100: 20406.960: Total time for which application threads were stopped: 0.0001145 seconds, Stopping threads took: 0.0000292 seconds
{Heap before GC invocations=284 (full 6):
 par new generation   total 109248K, used 104327K [0x00000000e0000000, 0x00000000e8000000, 0x00000000e8000000)
  eden space 87424K,  99% used [0x00000000e0000000, 0x00000000e54b9570, 0x00000000e5560000)
  from space 21824K,  80% used [0x00000000e5560000, 0x00000000e6688768, 0x00000000e6ab0000)
  to   space 21824K,   0% used [0x00000000e6ab0000, 0x00000000e6ab0000, 0x00000000e8000000)
 concurrent mark-sweep generation total 393216K, used 48015K [0x00000000e8000000, 0x0000000100000000, 0x0000000100000000)
 Metaspace       used 37273K, capacity 37724K, committed 37988K, reserved 1083392K
  class space    used 3997K, capacity 4152K, committed 4196K, reserved 1048576K
2016-05-12T15:13:25.821+0100: 20407.001: [GC (Allocation Failure) 2016-05-12T15:13:25.821+0100: 20407.001: [ParNew
Desired survivor size 20112992 bytes, new threshold 8 (max 8)
- age   1:    5061984 bytes,    5061984 total
- age   2:    4509808 bytes,    9571792 total
- age   3:       6888 bytes,    9578680 total
- age   4:     110232 bytes,    9688912 total
- age   5:    3761048 bytes,   13449960 total
: 104327K->17027K(109248K), 0.0158689 secs] 152342K->65042K(502464K), 0.0160537 secs] [Times: user=0.03 sys=0.00, real=0.02 secs] 
Heap after GC invocations=285 (full 6):
 par new generation   total 109248K, used 17027K [0x00000000e0000000, 0x00000000e8000000, 0x00000000e8000000)
  eden space 87424K,   0% used [0x00000000e0000000, 0x00000000e0000000, 0x00000000e5560000)
  from space 21824K,  78% used [0x00000000e6ab0000, 0x00000000e7b50c70, 0x00000000e8000000)
  to   space 21824K,   0% used [0x00000000e5560000, 0x00000000e5560000, 0x00000000e6ab0000)
 concurrent mark-sweep generation total 393216K, used 48015K [0x00000000e8000000, 0x0000000100000000, 0x0000000100000000)
 Metaspace       used 37273K, capacity 37724K, committed 37988K, reserved 1083392K
  class space    used 3997K, capacity 4152K, committed 4196K, reserved 1048576K
}
2016-05-12T15:13:25.837+0100: 20407.017: Total time for which application threads were stopped: 0.0165622 seconds, Stopping threads took: 0.0000505 seconds
{Heap before GC invocations=285 (full 6):
 par new generation   total 109248K, used 101702K [0x00000000e0000000, 0x00000000e8000000, 0x00000000e8000000)
  eden space 87424K,  96% used [0x00000000e0000000, 0x00000000e52b0da8, 0x00000000e5560000)
  from space 21824K,  78% used [0x00000000e6ab0000, 0x00000000e7b50c70, 0x00000000e8000000)
  to   space 21824K,   0% used [0x00000000e5560000, 0x00000000e5560000, 0x00000000e6ab0000)
 concurrent mark-sweep generation total 393216K, used 48015K [0x00000000e8000000, 0x0000000100000000, 0x0000000100000000)
 Metaspace       used 37273K, capacity 37724K, committed 37988K, reserved 1083392K
  class space    used 3997K, capacity 4152K, committed 4196K, reserved 1048576K
2016-05-12T15:13:32.659+0100: 20413.839: [GC (Allocation Failure) 2016-05-12T15:13:32.659+0100: 20413.839: [ParNew
Desired survivor size 20112992 bytes, new threshold 8 (max 8)
- age   1:    4644992 bytes,    4644992 total
- age   2:    1932984 bytes,    6577976 total
- age   3:    4509808 bytes,   11087784 total
- age   4:       4608 bytes,   11092392 total
- age   5:     110232 bytes,   11202624 total
- age   6:    3761048 bytes,   14963672 total
: 101702K->16655K(109248K), 0.0156952 secs] 149717K->64671K(502464K), 0.0158705 secs] [Times: user=0.03 sys=0.00, real=0.02 secs] 
Heap after GC invocations=286 (full 6):
 par new generation   total 109248K, used 16655K [0x00000000e0000000, 0x00000000e8000000, 0x00000000e8000000)
  eden space 87424K,   0% used [0x00000000e0000000, 0x00000000e0000000, 0x00000000e5560000)
  from space 21824K,  76% used [0x00000000e5560000, 0x00000000e65a3fe0, 0x00000000e6ab0000)
  to   space 21824K,   0% used [0x00000000e6ab0000, 0x00000000e6ab0000, 0x00000000e8000000)
 concurrent mark-sweep generation total 393216K, used 48015K [0x00000000e8000000, 0x0000000100000000, 0x0000000100000000)
 Metaspace       used 37273K, capacity 37724K, committed 37988K, reserved 1083392K
  class space    used 3997K, capacity 4152K, committed 4196K, reserved 1048576K
}
2016-05-12T15:13:32.675+0100: 20413.855: Total time for which application threads were stopped: 0.0163443 seconds, Stopping threads took: 0.0000553 seconds
2016-05-12T15:13:35.512+0100: 20416.693: Total time for which application threads were stopped: 0.0004793 seconds, Stopping threads took: 0.0003190 seconds
2016-05-12T15:13:37.928+0100: 20419.107: Total time for which application threads were stopped: 0.0002685 seconds, Stopping threads took: 0.0000719 seconds
2016-05-12T15:13:40.360+0100: 20421.540: Total time for which application threads were stopped: 0.0002164 seconds, Stopping threads took: 0.0000640 seconds
2016-05-12T15:13:47.953+0100: 20429.134: Total time for which application threads were stopped: 0.0002306 seconds, Stopping threads took: 0.0000569 seconds
2016-05-12T15:13:47.953+0100: 20429.135: Total time for which application threads were stopped: 0.0001240 seconds, Stopping threads took: 0.0000284 seconds
2016-05-12T15:13:47.956+0100: 20429.137: Total time for which application threads were stopped: 0.0001698 seconds, Stopping threads took: 0.0000419 seconds
2016-05-12T15:13:47.956+0100: 20429.138: Total time for which application threads were stopped: 0.0001161 seconds, Stopping threads took: 0.0000316 seconds
{Heap before GC invocations=286 (full 6):
 par new generation   total 109248K, used 104066K [0x00000000e0000000, 0x00000000e8000000, 0x00000000e8000000)
  eden space 87424K,  99% used [0x00000000e0000000, 0x00000000e555cab8, 0x00000000e5560000)
  from space 21824K,  76% used [0x00000000e5560000, 0x00000000e65a3fe0, 0x00000000e6ab0000)
  to   space 21824K,   0% used [0x00000000e6ab0000, 0x00000000e6ab0000, 0x00000000e8000000)
 concurrent mark-sweep generation total 393216K, used 48015K [0x00000000e8000000, 0x0000000100000000, 0x0000000100000000)
 Metaspace       used 37273K, capacity 37724K, committed 37988K, reserved 1083392K
  class space    used 3997K, capacity 4152K, committed 4196K, reserved 1048576K
2016-05-12T15:14:26.510+0100: 20467.692: [GC (Allocation Failure) 2016-05-12T15:14:26.510+0100: 20467.692: [ParNew
Desired survivor size 20112992 bytes, new threshold 8 (max 8)
- age   1:    1063048 bytes,    1063048 total
- age   2:        480 bytes,    1063528 total
- age   3:    1932792 bytes,    2996320 total
- age   4:    4509592 bytes,    7505912 total
- age   5:       4392 bytes,    7510304 total
- age   6:     110232 bytes,    7620536 total
- age   7:    3761048 bytes,   11381584 total
: 104066K->13396K(109248K), 0.0157062 secs] 152081K->61411K(502464K), 0.0158950 secs] [Times: user=0.03 sys=0.00, real=0.02 secs] 
Heap after GC invocations=287 (full 6):
 par new generation   total 109248K, used 13396K [0x00000000e0000000, 0x00000000e8000000, 0x00000000e8000000)
  eden space 87424K,   0% used [0x00000000e0000000, 0x00000000e0000000, 0x00000000e5560000)
  from space 21824K,  61% used [0x00000000e6ab0000, 0x00000000e77c5198, 0x00000000e8000000)
  to   space 21824K,   0% used [0x00000000e5560000, 0x00000000e5560000, 0x00000000e6ab0000)
 concurrent mark-sweep generation total 393216K, used 48015K [0x00000000e8000000, 0x0000000100000000, 0x0000000100000000)
 Metaspace       used 37273K, capacity 37724K, committed 37988K, reserved 1083392K
  class space    used 3997K, capacity 4152K, committed 4196K, reserved 1048576K
}
2016-05-12T15:14:26.526+0100: 20467.708: Total time for which application threads were stopped: 0.0163845 seconds, Stopping threads took: 0.0000553 seconds
2016-05-12T15:14:28.284+0100: 20469.466: Total time for which application threads were stopped: 0.0002219 seconds, Stopping threads took: 0.0000608 seconds
2016-05-12T15:14:28.284+0100: 20469.467: Total time for which application threads were stopped: 0.0001058 seconds, Stopping threads took: 0.0000276 seconds
2016-05-12T15:14:28.284+0100: 20469.467: Total time for which application threads were stopped: 0.0001011 seconds, Stopping threads took: 0.0000261 seconds
2016-05-12T15:14:28.284+0100: 20469.467: Total time for which application threads were stopped: 0.0001003 seconds, Stopping threads took: 0.0000261 seconds
2016-05-12T15:14:28.284+0100: 20469.467: Total time for which application threads were stopped: 0.0001034 seconds, Stopping threads took: 0.0000276 seconds
2016-05-12T15:14:28.284+0100: 20469.467: Total time for which application threads were stopped: 0.0000995 seconds, Stopping threads took: 0.0000261 seconds
2016-05-12T15:14:28.285+0100: 20469.467: Total time for which application threads were stopped: 0.0001034 seconds, Stopping threads took: 0.0000268 seconds
2016-05-12T15:14:28.285+0100: 20469.467: Total time for which application threads were stopped: 0.0000963 seconds, Stopping threads took: 0.0000253 seconds
2016-05-12T15:14:28.285+0100: 20469.468: Total time for which application threads were stopped: 0.0001003 seconds, Stopping threads took: 0.0000261 seconds
2016-05-12T15:14:28.285+0100: 20469.468: Total time for which application threads were stopped: 0.0000963 seconds, Stopping threads took: 0.0000245 seconds
2016-05-12T15:14:28.285+0100: 20469.468: Total time for which application threads were stopped: 0.0001082 seconds, Stopping threads took: 0.0000268 seconds
2016-05-12T15:14:28.285+0100: 20469.468: Total time for which application threads were stopped: 0.0000979 seconds, Stopping threads took: 0.0000253 seconds
2016-05-12T15:14:28.286+0100: 20469.468: Total time for which application threads were stopped: 0.0001027 seconds, Stopping threads took: 0.0000268 seconds
2016-05-12T15:14:38.595+0100: 20479.778: Total time for which application threads were stopped: 0.0002574 seconds, Stopping threads took: 0.0000948 seconds
2016-05-12T15:14:39.602+0100: 20480.785: Total time for which application threads were stopped: 0.0002353 seconds, Stopping threads took: 0.0000545 seconds
2016-05-12T15:14:40.605+0100: 20481.788: Total time for which application threads were stopped: 0.0001769 seconds, Stopping threads took: 0.0000648 seconds
2016-05-12T15:14:42.605+0100: 20483.788: Total time for which application threads were stopped: 0.0001682 seconds, Stopping threads took: 0.0000521 seconds
{Heap before GC invocations=287 (full 6):
 par new generation   total 109248K, used 97153K [0x00000000e0000000, 0x00000000e8000000, 0x00000000e8000000)
  eden space 87424K,  95% used [0x00000000e0000000, 0x00000000e51cb440, 0x00000000e5560000)
  from space 21824K,  61% used [0x00000000e6ab0000, 0x00000000e77c5198, 0x00000000e8000000)
  to   space 21824K,   0% used [0x00000000e5560000, 0x00000000e5560000, 0x00000000e6ab0000)
 concurrent mark-sweep generation total 393216K, used 48015K [0x00000000e8000000, 0x0000000100000000, 0x0000000100000000)
 Metaspace       used 37273K, capacity 37724K, committed 37988K, reserved 1083392K
  class space    used 3997K, capacity 4152K, committed 4196K, reserved 1048576K
2016-05-12T15:14:48.361+0100: 20489.545: [GC (Allocation Failure) 2016-05-12T15:14:48.361+0100: 20489.545: [ParNew
Desired survivor size 20112992 bytes, new threshold 8 (max 8)
- age   1:    9443952 bytes,    9443952 total
- age   2:      83768 bytes,    9527720 total
- age   3:        208 bytes,    9527928 total
- age   4:    1932104 bytes,   11460032 total
- age   5:    4509376 bytes,   15969408 total
- age   6:       4392 bytes,   15973800 total
- age   7:     110232 bytes,   16084032 total
- age   8:    3761048 bytes,   19845080 total
: 97153K->21824K(109248K), 0.0218040 secs] 145168K->69839K(502464K), 0.0219287 secs] [Times: user=0.03 sys=0.00, real=0.02 secs] 
Heap after GC invocations=288 (full 6):
 par new generation   total 109248K, used 21824K [0x00000000e0000000, 0x00000000e8000000, 0x00000000e8000000)
  eden space 87424K,   0% used [0x00000000e0000000, 0x00000000e0000000, 0x00000000e5560000)
  from space 21824K, 100% used [0x00000000e5560000, 0x00000000e6ab0000, 0x00000000e6ab0000)
  to   space 21824K,   0% used [0x00000000e6ab0000, 0x00000000e6ab0000, 0x00000000e8000000)
 concurrent mark-sweep generation total 393216K, used 48015K [0x00000000e8000000, 0x0000000100000000, 0x0000000100000000)
 Metaspace       used 37273K, capacity 37724K, committed 37988K, reserved 1083392K
  class space    used 3997K, capacity 4152K, committed 4196K, reserved 1048576K
}
2016-05-12T15:14:48.383+0100: 20489.567: Total time for which application threads were stopped: 0.0225020 seconds, Stopping threads took: 0.0000703 seconds
2016-05-12T15:15:49.857+0100: 20551.043: Total time for which application threads were stopped: 0.0002219 seconds, Stopping threads took: 0.0000624 seconds
2016-05-12T15:15:49.857+0100: 20551.043: Total time for which application threads were stopped: 0.0001027 seconds, Stopping threads took: 0.0000284 seconds
2016-05-12T15:15:49.864+0100: 20551.050: Total time for which application threads were stopped: 0.0001595 seconds, Stopping threads took: 0.0000403 seconds
2016-05-12T15:15:49.864+0100: 20551.051: Total time for which application threads were stopped: 0.0000900 seconds, Stopping threads took: 0.0000213 seconds
2016-05-12T15:15:49.866+0100: 20551.053: Total time for which application threads were stopped: 0.0001840 seconds, Stopping threads took: 0.0000529 seconds
2016-05-12T15:15:49.868+0100: 20551.055: Total time for which application threads were stopped: 0.0004264 seconds, Stopping threads took: 0.0000695 seconds
2016-05-12T15:15:49.882+0100: 20551.069: Total time for which application threads were stopped: 0.0004193 seconds, Stopping threads took: 0.0000790 seconds
2016-05-12T15:15:51.310+0100: 20552.497: Total time for which application threads were stopped: 0.0001982 seconds, Stopping threads took: 0.0000482 seconds
2016-05-12T15:15:51.310+0100: 20552.497: Total time for which application threads were stopped: 0.0000979 seconds, Stopping threads took: 0.0000237 seconds
{Heap before GC invocations=288 (full 6):
 par new generation   total 109248K, used 109186K [0x00000000e0000000, 0x00000000e8000000, 0x00000000e8000000)
  eden space 87424K,  99% used [0x00000000e0000000, 0x00000000e5550820, 0x00000000e5560000)
  from space 21824K, 100% used [0x00000000e5560000, 0x00000000e6ab0000, 0x00000000e6ab0000)
  to   space 21824K,   0% used [0x00000000e6ab0000, 0x00000000e6ab0000, 0x00000000e8000000)
 concurrent mark-sweep generation total 393216K, used 48015K [0x00000000e8000000, 0x0000000100000000, 0x0000000100000000)
 Metaspace       used 37275K, capacity 37724K, committed 37988K, reserved 1083392K
  class space    used 3997K, capacity 4152K, committed 4196K, reserved 1048576K
2016-05-12T15:15:56.856+0100: 20558.043: [GC (Allocation Failure) 2016-05-12T15:15:56.856+0100: 20558.043: [ParNew
Desired survivor size 20112992 bytes, new threshold 8 (max 8)
- age   1:      43560 bytes,      43560 total
- age   2:     143232 bytes,     186792 total
- age   3:      81184 bytes,     267976 total
- age   4:        208 bytes,     268184 total
- age   5:    1932104 bytes,    2200288 total
- age   6:    4509376 bytes,    6709664 total
- age   7:       4392 bytes,    6714056 total
- age   8:     110232 bytes,    6824288 total
: 109186K->8488K(109248K), 0.0179252 secs] 157201K->60176K(502464K), 0.0181234 secs] [Times: user=0.05 sys=0.00, real=0.02 secs] 
Heap after GC invocations=289 (full 6):
 par new generation   total 109248K, used 8488K [0x00000000e0000000, 0x00000000e8000000, 0x00000000e8000000)
  eden space 87424K,   0% used [0x00000000e0000000, 0x00000000e0000000, 0x00000000e5560000)
  from space 21824K,  38% used [0x00000000e6ab0000, 0x00000000e72fa308, 0x00000000e8000000)
  to   space 21824K,   0% used [0x00000000e5560000, 0x00000000e5560000, 0x00000000e6ab0000)
 concurrent mark-sweep generation total 393216K, used 51687K [0x00000000e8000000, 0x0000000100000000, 0x0000000100000000)
 Metaspace       used 37275K, capacity 37724K, committed 37988K, reserved 1083392K
  class space    used 3997K, capacity 4152K, committed 4196K, reserved 1048576K
}
2016-05-12T15:15:56.875+0100: 20558.061: Total time for which application threads were stopped: 0.0186485 seconds, Stopping threads took: 0.0000719 seconds
2016-05-12T15:15:58.115+0100: 20559.302: Total time for which application threads were stopped: 0.0002227 seconds, Stopping threads took: 0.0000624 seconds
2016-05-12T15:15:58.115+0100: 20559.302: Total time for which application threads were stopped: 0.0001066 seconds, Stopping threads took: 0.0000276 seconds
2016-05-12T15:15:58.115+0100: 20559.302: Total time for which application threads were stopped: 0.0001011 seconds, Stopping threads took: 0.0000253 seconds
2016-05-12T15:17:30.849+0100: 20652.037: Total time for which application threads were stopped: 0.0002029 seconds, Stopping threads took: 0.0000505 seconds
2016-05-12T15:17:42.462+0100: 20663.650: Total time for which application threads were stopped: 0.0001611 seconds, Stopping threads took: 0.0000490 seconds
2016-05-12T15:17:42.462+0100: 20663.650: Total time for which application threads were stopped: 0.0000916 seconds, Stopping threads took: 0.0000276 seconds
2016-05-12T15:17:42.463+0100: 20663.651: Total time for which application threads were stopped: 0.0001650 seconds, Stopping threads took: 0.0000253 seconds
2016-05-12T15:17:43.252+0100: 20664.440: Total time for which application threads were stopped: 0.0001761 seconds, Stopping threads took: 0.0000466 seconds
2016-05-12T15:17:43.252+0100: 20664.440: Total time for which application threads were stopped: 0.0000908 seconds, Stopping threads took: 0.0000205 seconds
2016-05-12T15:17:43.253+0100: 20664.441: Total time for which application threads were stopped: 0.0004193 seconds, Stopping threads took: 0.0000229 seconds
2016-05-12T15:17:44.137+0100: 20665.325: Total time for which application threads were stopped: 0.0002290 seconds, Stopping threads took: 0.0000608 seconds
2016-05-12T15:18:02.138+0100: 20683.326: Total time for which application threads were stopped: 0.0001769 seconds, Stopping threads took: 0.0000569 seconds
2016-05-12T15:18:07.138+0100: 20688.326: Total time for which application threads were stopped: 0.0001571 seconds, Stopping threads took: 0.0000505 seconds
{Heap before GC invocations=289 (full 6):
 par new generation   total 109248K, used 95912K [0x00000000e0000000, 0x00000000e8000000, 0x00000000e8000000)
  eden space 87424K, 100% used [0x00000000e0000000, 0x00000000e5560000, 0x00000000e5560000)
  from space 21824K,  38% used [0x00000000e6ab0000, 0x00000000e72fa308, 0x00000000e8000000)
  to   space 21824K,   0% used [0x00000000e5560000, 0x00000000e5560000, 0x00000000e6ab0000)
 concurrent mark-sweep generation total 393216K, used 51687K [0x00000000e8000000, 0x0000000100000000, 0x0000000100000000)
 Metaspace       used 37275K, capacity 37724K, committed 37988K, reserved 1083392K
  class space    used 3997K, capacity 4152K, committed 4196K, reserved 1048576K
2016-05-12T15:18:07.878+0100: 20689.067: [GC (Allocation Failure) 2016-05-12T15:18:07.878+0100: 20689.067: [ParNew
Desired survivor size 20112992 bytes, new threshold 8 (max 8)
- age   1:     377344 bytes,     377344 total
- age   2:        760 bytes,     378104 total
- age   3:     142552 bytes,     520656 total
- age   4:      81184 bytes,     601840 total
- age   5:        208 bytes,     602048 total
- age   6:    1931904 bytes,    2533952 total
- age   7:    4509376 bytes,    7043328 total
- age   8:       4392 bytes,    7047720 total
: 95912K->12421K(109248K), 0.0128050 secs] 147600K->64217K(502464K), 0.0129638 secs] [Times: user=0.03 sys=0.00, real=0.01 secs] 
Heap after GC invocations=290 (full 6):
 par new generation   total 109248K, used 12421K [0x00000000e0000000, 0x00000000e8000000, 0x00000000e8000000)
  eden space 87424K,   0% used [0x00000000e0000000, 0x00000000e0000000, 0x00000000e5560000)
  from space 21824K,  56% used [0x00000000e5560000, 0x00000000e6181780, 0x00000000e6ab0000)
  to   space 21824K,   0% used [0x00000000e6ab0000, 0x00000000e6ab0000, 0x00000000e8000000)
 concurrent mark-sweep generation total 393216K, used 51795K [0x00000000e8000000, 0x0000000100000000, 0x0000000100000000)
 Metaspace       used 37275K, capacity 37724K, committed 37988K, reserved 1083392K
  class space    used 3997K, capacity 4152K, committed 4196K, reserved 1048576K
}
2016-05-12T15:18:07.891+0100: 20689.080: Total time for which application threads were stopped: 0.0134439 seconds, Stopping threads took: 0.0000569 seconds
2016-05-12T15:18:52.893+0100: 20734.083: Total time for which application threads were stopped: 0.0001911 seconds, Stopping threads took: 0.0000537 seconds
{Heap before GC invocations=290 (full 6):
 par new generation   total 109248K, used 99845K [0x00000000e0000000, 0x00000000e8000000, 0x00000000e8000000)
  eden space 87424K, 100% used [0x00000000e0000000, 0x00000000e5560000, 0x00000000e5560000)
  from space 21824K,  56% used [0x00000000e5560000, 0x00000000e6181780, 0x00000000e6ab0000)
  to   space 21824K,   0% used [0x00000000e6ab0000, 0x00000000e6ab0000, 0x00000000e8000000)
 concurrent mark-sweep generation total 393216K, used 51795K [0x00000000e8000000, 0x0000000100000000, 0x0000000100000000)
 Metaspace       used 37275K, capacity 37724K, committed 37988K, reserved 1083392K
  class space    used 3997K, capacity 4152K, committed 4196K, reserved 1048576K
2016-05-12T15:18:53.916+0100: 20735.106: [GC (Allocation Failure) 2016-05-12T15:18:53.916+0100: 20735.106: [ParNew
Desired survivor size 20112992 bytes, new threshold 8 (max 8)
- age   1:     575528 bytes,     575528 total
- age   2:      14864 bytes,     590392 total
- age   3:        760 bytes,     591152 total
- age   4:     142552 bytes,     733704 total
- age   5:      81184 bytes,     814888 total
- age   6:        208 bytes,     815096 total
- age   7:    1931904 bytes,    2747000 total
- age   8:    4509376 bytes,    7256376 total
: 99845K->9240K(109248K), 0.0151574 secs] 151641K->61040K(502464K), 0.0153106 secs] [Times: user=0.03 sys=0.00, real=0.02 secs] 
Heap after GC invocations=291 (full 6):
 par new generation   total 109248K, used 9240K [0x00000000e0000000, 0x00000000e8000000, 0x00000000e8000000)
  eden space 87424K,   0% used [0x00000000e0000000, 0x00000000e0000000, 0x00000000e5560000)
  from space 21824K,  42% used [0x00000000e6ab0000, 0x00000000e73b6170, 0x00000000e8000000)
  to   space 21824K,   0% used [0x00000000e5560000, 0x00000000e5560000, 0x00000000e6ab0000)
 concurrent mark-sweep generation total 393216K, used 51799K [0x00000000e8000000, 0x0000000100000000, 0x0000000100000000)
 Metaspace       used 37275K, capacity 37724K, committed 37988K, reserved 1083392K
  class space    used 3997K, capacity 4152K, committed 4196K, reserved 1048576K
}
2016-05-12T15:18:53.931+0100: 20735.121: Total time for which application threads were stopped: 0.0157481 seconds, Stopping threads took: 0.0000426 seconds
2016-05-12T15:21:16.521+0100: 20877.715: Total time for which application threads were stopped: 0.0002061 seconds, Stopping threads took: 0.0000648 seconds
2016-05-12T15:21:16.523+0100: 20877.717: Total time for which application threads were stopped: 0.0001098 seconds, Stopping threads took: 0.0000261 seconds
2016-05-12T15:21:16.523+0100: 20877.717: Total time for which application threads were stopped: 0.0000892 seconds, Stopping threads took: 0.0000205 seconds
2016-05-12T15:21:16.525+0100: 20877.719: Total time for which application threads were stopped: 0.0003553 seconds, Stopping threads took: 0.0000237 seconds
2016-05-12T15:21:16.526+0100: 20877.720: Total time for which application threads were stopped: 0.0001232 seconds, Stopping threads took: 0.0000253 seconds
2016-05-12T15:21:16.526+0100: 20877.720: Total time for which application threads were stopped: 0.0000955 seconds, Stopping threads took: 0.0000205 seconds
2016-05-12T15:21:16.594+0100: 20877.788: Total time for which application threads were stopped: 0.0003396 seconds, Stopping threads took: 0.0001927 seconds
2016-05-12T15:21:16.594+0100: 20877.789: Total time for which application threads were stopped: 0.0000916 seconds, Stopping threads took: 0.0000205 seconds
2016-05-12T15:21:16.595+0100: 20877.789: Total time for which application threads were stopped: 0.0000955 seconds, Stopping threads took: 0.0000245 seconds
2016-05-12T15:21:16.595+0100: 20877.789: Total time for which application threads were stopped: 0.0001287 seconds, Stopping threads took: 0.0000261 seconds
2016-05-12T15:21:16.596+0100: 20877.790: Total time for which application threads were stopped: 0.0001864 seconds, Stopping threads took: 0.0000695 seconds
2016-05-12T15:21:16.597+0100: 20877.791: Total time for which application threads were stopped: 0.0001564 seconds, Stopping threads took: 0.0000324 seconds
2016-05-12T15:21:16.621+0100: 20877.815: Total time for which application threads were stopped: 0.0002385 seconds, Stopping threads took: 0.0000513 seconds
2016-05-12T15:21:16.802+0100: 20877.996: Total time for which application threads were stopped: 0.0002345 seconds, Stopping threads took: 0.0000497 seconds
2016-05-12T15:21:16.803+0100: 20877.997: Total time for which application threads were stopped: 0.0010352 seconds, Stopping threads took: 0.0009176 seconds
2016-05-12T15:21:16.805+0100: 20877.999: Total time for which application threads were stopped: 0.0008568 seconds, Stopping threads took: 0.0006815 seconds
{Heap before GC invocations=291 (full 6):
 par new generation   total 109248K, used 90846K [0x00000000e0000000, 0x00000000e8000000, 0x00000000e8000000)
  eden space 87424K,  93% used [0x00000000e0000000, 0x00000000e4fb1828, 0x00000000e5560000)
  from space 21824K,  42% used [0x00000000e6ab0000, 0x00000000e73b6170, 0x00000000e8000000)
  to   space 21824K,   0% used [0x00000000e5560000, 0x00000000e5560000, 0x00000000e6ab0000)
 concurrent mark-sweep generation total 393216K, used 51799K [0x00000000e8000000, 0x0000000100000000, 0x0000000100000000)
 Metaspace       used 37275K, capacity 37724K, committed 37988K, reserved 1083392K
  class space    used 3997K, capacity 4152K, committed 4196K, reserved 1048576K
2016-05-12T15:21:16.881+0100: 20878.075: [GC (Allocation Failure) 2016-05-12T15:21:16.881+0100: 20878.075: [ParNew
Desired survivor size 20112992 bytes, new threshold 8 (max 8)
- age   1:    6257120 bytes,    6257120 total
- age   2:       7464 bytes,    6264584 total
- age   3:       2752 bytes,    6267336 total
- age   4:        656 bytes,    6267992 total
- age   5:     142520 bytes,    6410512 total
- age   6:      81184 bytes,    6491696 total
- age   7:        208 bytes,    6491904 total
- age   8:    1931464 bytes,    8423368 total
: 90846K->10635K(109248K), 0.0181557 secs] 142646K->66838K(502464K), 0.0183532 secs] [Times: user=0.03 sys=0.00, real=0.02 secs] 
Heap after GC invocations=292 (full 6):
 par new generation   total 109248K, used 10635K [0x00000000e0000000, 0x00000000e8000000, 0x00000000e8000000)
  eden space 87424K,   0% used [0x00000000e0000000, 0x00000000e0000000, 0x00000000e5560000)
  from space 21824K,  48% used [0x00000000e5560000, 0x00000000e5fc2d78, 0x00000000e6ab0000)
  to   space 21824K,   0% used [0x00000000e6ab0000, 0x00000000e6ab0000, 0x00000000e8000000)
 concurrent mark-sweep generation total 393216K, used 56203K [0x00000000e8000000, 0x0000000100000000, 0x0000000100000000)
 Metaspace       used 37275K, capacity 37724K, committed 37988K, reserved 1083392K
  class space    used 3997K, capacity 4152K, committed 4196K, reserved 1048576K
}
2016-05-12T15:21:16.900+0100: 20878.094: Total time for which application threads were stopped: 0.0188214 seconds, Stopping threads took: 0.0000695 seconds
2016-05-12T15:21:17.228+0100: 20878.422: Total time for which application threads were stopped: 0.0002764 seconds, Stopping threads took: 0.0000663 seconds
{Heap before GC invocations=292 (full 6):
 par new generation   total 109248K, used 97565K [0x00000000e0000000, 0x00000000e8000000, 0x00000000e8000000)
  eden space 87424K,  99% used [0x00000000e0000000, 0x00000000e54e4788, 0x00000000e5560000)
  from space 21824K,  48% used [0x00000000e5560000, 0x00000000e5fc2d78, 0x00000000e6ab0000)
  to   space 21824K,   0% used [0x00000000e6ab0000, 0x00000000e6ab0000, 0x00000000e8000000)
 concurrent mark-sweep generation total 393216K, used 56203K [0x00000000e8000000, 0x0000000100000000, 0x0000000100000000)
 Metaspace       used 37278K, capacity 37788K, committed 38244K, reserved 1083392K
  class space    used 3997K, capacity 4152K, committed 4196K, reserved 1048576K
2016-05-12T15:21:17.395+0100: 20878.589: [GC (Allocation Failure) 2016-05-12T15:21:17.395+0100: 20878.589: [ParNew
Desired survivor size 20112992 bytes, new threshold 8 (max 8)
- age   1:   12516344 bytes,   12516344 total
- age   2:    2114944 bytes,   14631288 total
- age   3:       6800 bytes,   14638088 total
- age   4:       2752 bytes,   14640840 total
- age   5:        656 bytes,   14641496 total
- age   6:     142520 bytes,   14784016 total
- age   7:      81184 bytes,   14865200 total
- age   8:        208 bytes,   14865408 total
: 97565K->15352K(109248K), 0.0193916 secs] 153768K->73444K(502464K), 0.0195455 secs] [Times: user=0.03 sys=0.00, real=0.02 secs] 
Heap after GC invocations=293 (full 6):
 par new generation   total 109248K, used 15352K [0x00000000e0000000, 0x00000000e8000000, 0x00000000e8000000)
  eden space 87424K,   0% used [0x00000000e0000000, 0x00000000e0000000, 0x00000000e5560000)
  from space 21824K,  70% used [0x00000000e6ab0000, 0x00000000e79ae1c8, 0x00000000e8000000)
  to   space 21824K,   0% used [0x00000000e5560000, 0x00000000e5560000, 0x00000000e6ab0000)
 concurrent mark-sweep generation total 393216K, used 58091K [0x00000000e8000000, 0x0000000100000000, 0x0000000100000000)
 Metaspace       used 37278K, capacity 37788K, committed 38244K, reserved 1083392K
  class space    used 3997K, capacity 4152K, committed 4196K, reserved 1048576K
}
2016-05-12T15:21:17.415+0100: 20878.609: Total time for which application threads were stopped: 0.0202104 seconds, Stopping threads took: 0.0002551 seconds
{Heap before GC invocations=293 (full 6):
 par new generation   total 109248K, used 102482K [0x00000000e0000000, 0x00000000e8000000, 0x00000000e8000000)
  eden space 87424K,  99% used [0x00000000e0000000, 0x00000000e5516868, 0x00000000e5560000)
  from space 21824K,  70% used [0x00000000e6ab0000, 0x00000000e79ae1c8, 0x00000000e8000000)
  to   space 21824K,   0% used [0x00000000e5560000, 0x00000000e5560000, 0x00000000e6ab0000)
 concurrent mark-sweep generation total 393216K, used 58091K [0x00000000e8000000, 0x0000000100000000, 0x0000000100000000)
 Metaspace       used 37278K, capacity 37788K, committed 38244K, reserved 1083392K
  class space    used 3997K, capacity 4152K, committed 4196K, reserved 1048576K
2016-05-12T15:21:18.107+0100: 20879.301: [GC (Allocation Failure) 2016-05-12T15:21:18.107+0100: 20879.301: [ParNew
Desired survivor size 20112992 bytes, new threshold 3 (max 8)
- age   1:   13879936 bytes,   13879936 total
- age   2:    6032432 bytes,   19912368 total
- age   3:    2112880 bytes,   22025248 total
- age   4:       6800 bytes,   22032048 total
- age   5:       2752 bytes,   22034800 total
- age   6:        656 bytes,   22035456 total
- age   7:     142520 bytes,   22177976 total
- age   8:      81184 bytes,   22259160 total
: 102482K->21824K(109248K), 0.0199625 secs] 160574K->79920K(502464K), 0.0201291 secs] [Times: user=0.05 sys=0.00, real=0.02 secs] 
Heap after GC invocations=294 (full 6):
 par new generation   total 109248K, used 21824K [0x00000000e0000000, 0x00000000e8000000, 0x00000000e8000000)
  eden space 87424K,   0% used [0x00000000e0000000, 0x00000000e0000000, 0x00000000e5560000)
  from space 21824K, 100% used [0x00000000e5560000, 0x00000000e6ab0000, 0x00000000e6ab0000)
  to   space 21824K,   0% used [0x00000000e6ab0000, 0x00000000e6ab0000, 0x00000000e8000000)
 concurrent mark-sweep generation total 393216K, used 58096K [0x00000000e8000000, 0x0000000100000000, 0x0000000100000000)
 Metaspace       used 37278K, capacity 37788K, committed 38244K, reserved 1083392K
  class space    used 3997K, capacity 4152K, committed 4196K, reserved 1048576K
}
2016-05-12T15:21:18.128+0100: 20879.322: Total time for which application threads were stopped: 0.0208019 seconds, Stopping threads took: 0.0000490 seconds
{Heap before GC invocations=294 (full 6):
 par new generation   total 109248K, used 108831K [0x00000000e0000000, 0x00000000e8000000, 0x00000000e8000000)
  eden space 87424K,  99% used [0x00000000e0000000, 0x00000000e54f7dc8, 0x00000000e5560000)
  from space 21824K, 100% used [0x00000000e5560000, 0x00000000e6ab0000, 0x00000000e6ab0000)
  to   space 21824K,   0% used [0x00000000e6ab0000, 0x00000000e6ab0000, 0x00000000e8000000)
 concurrent mark-sweep generation total 393216K, used 58096K [0x00000000e8000000, 0x0000000100000000, 0x0000000100000000)
 Metaspace       used 37278K, capacity 37788K, committed 38244K, reserved 1083392K
  class space    used 3997K, capacity 4152K, committed 4196K, reserved 1048576K
2016-05-12T15:21:18.612+0100: 20879.806: [GC (Allocation Failure) 2016-05-12T15:21:18.612+0100: 20879.806: [ParNew
Desired survivor size 20112992 bytes, new threshold 3 (max 8)
- age   1:   11713184 bytes,   11713184 total
- age   2:    6102064 bytes,   17815248 total
- age   3:    4529288 bytes,   22344536 total
: 108831K->21824K(109248K), 0.0249981 secs] 166927K->84495K(502464K), 0.0251979 secs] [Times: user=0.03 sys=0.00, real=0.03 secs] 
Heap after GC invocations=295 (full 6):
 par new generation   total 109248K, used 21824K [0x00000000e0000000, 0x00000000e8000000, 0x00000000e8000000)
  eden space 87424K,   0% used [0x00000000e0000000, 0x00000000e0000000, 0x00000000e5560000)
  from space 21824K, 100% used [0x00000000e6ab0000, 0x00000000e8000000, 0x00000000e8000000)
  to   space 21824K,   0% used [0x00000000e5560000, 0x00000000e5560000, 0x00000000e6ab0000)
 concurrent mark-sweep generation total 393216K, used 62671K [0x00000000e8000000, 0x0000000100000000, 0x0000000100000000)
 Metaspace       used 37278K, capacity 37788K, committed 38244K, reserved 1083392K
  class space    used 3997K, capacity 4152K, committed 4196K, reserved 1048576K
}
2016-05-12T15:21:18.637+0100: 20879.832: Total time for which application threads were stopped: 0.0257341 seconds, Stopping threads took: 0.0000845 seconds
{Heap before GC invocations=295 (full 6):
 par new generation   total 109248K, used 106350K [0x00000000e0000000, 0x00000000e8000000, 0x00000000e8000000)
  eden space 87424K,  96% used [0x00000000e0000000, 0x00000000e528bb00, 0x00000000e5560000)
  from space 21824K, 100% used [0x00000000e6ab0000, 0x00000000e8000000, 0x00000000e8000000)
  to   space 21824K,   0% used [0x00000000e5560000, 0x00000000e5560000, 0x00000000e6ab0000)
 concurrent mark-sweep generation total 393216K, used 62671K [0x00000000e8000000, 0x0000000100000000, 0x0000000100000000)
 Metaspace       used 37278K, capacity 37788K, committed 38244K, reserved 1083392K
  class space    used 3997K, capacity 4152K, committed 4196K, reserved 1048576K
2016-05-12T15:21:19.130+0100: 20880.324: [GC (Allocation Failure) 2016-05-12T15:21:19.130+0100: 20880.324: [ParNew
Desired survivor size 20112992 bytes, new threshold 3 (max 8)
- age   1:   13059368 bytes,   13059368 total
- age   2:    4150712 bytes,   17210080 total
- age   3:    4577160 bytes,   21787240 total
: 106350K->21824K(109248K), 0.0361875 secs] 169022K->98030K(502464K), 0.0363549 secs] [Times: user=0.06 sys=0.00, real=0.04 secs] 
Heap after GC invocations=296 (full 6):
 par new generation   total 109248K, used 21824K [0x00000000e0000000, 0x00000000e8000000, 0x00000000e8000000)
  eden space 87424K,   0% used [0x00000000e0000000, 0x00000000e0000000, 0x00000000e5560000)
  from space 21824K, 100% used [0x00000000e5560000, 0x00000000e6ab0000, 0x00000000e6ab0000)
  to   space 21824K,   0% used [0x00000000e6ab0000, 0x00000000e6ab0000, 0x00000000e8000000)
 concurrent mark-sweep generation total 393216K, used 76206K [0x00000000e8000000, 0x0000000100000000, 0x0000000100000000)
 Metaspace       used 37278K, capacity 37788K, committed 38244K, reserved 1083392K
  class space    used 3997K, capacity 4152K, committed 4196K, reserved 1048576K
}
2016-05-12T15:21:19.166+0100: 20880.360: Total time for which application threads were stopped: 0.0368556 seconds, Stopping threads took: 0.0000608 seconds
{Heap before GC invocations=296 (full 6):
 par new generation   total 109248K, used 109248K [0x00000000e0000000, 0x00000000e8000000, 0x00000000e8000000)
  eden space 87424K, 100% used [0x00000000e0000000, 0x00000000e5560000, 0x00000000e5560000)
  from space 21824K, 100% used [0x00000000e5560000, 0x00000000e6ab0000, 0x00000000e6ab0000)
  to   space 21824K,   0% used [0x00000000e6ab0000, 0x00000000e6ab0000, 0x00000000e8000000)
 concurrent mark-sweep generation total 393216K, used 76206K [0x00000000e8000000, 0x0000000100000000, 0x0000000100000000)
 Metaspace       used 37278K, capacity 37788K, committed 38244K, reserved 1083392K
  class space    used 3997K, capacity 4152K, committed 4196K, reserved 1048576K
2016-05-12T15:21:19.881+0100: 20881.074: [GC (Allocation Failure) 2016-05-12T15:21:19.881+0100: 20881.074: [ParNew
Desired survivor size 20112992 bytes, new threshold 3 (max 8)
- age   1:   11337720 bytes,   11337720 total
- age   2:    6857464 bytes,   18195184 total
- age   3:    4149976 bytes,   22345160 total
: 109248K->21824K(109248K), 0.0306347 secs] 185454K->106569K(502464K), 0.0307736 secs] [Times: user=0.05 sys=0.00, real=0.03 secs] 
Heap after GC invocations=297 (full 6):
 par new generation   total 109248K, used 21824K [0x00000000e0000000, 0x00000000e8000000, 0x00000000e8000000)
  eden space 87424K,   0% used [0x00000000e0000000, 0x00000000e0000000, 0x00000000e5560000)
  from space 21824K, 100% used [0x00000000e6ab0000, 0x00000000e8000000, 0x00000000e8000000)
  to   space 21824K,   0% used [0x00000000e5560000, 0x00000000e5560000, 0x00000000e6ab0000)
 concurrent mark-sweep generation total 393216K, used 84745K [0x00000000e8000000, 0x0000000100000000, 0x0000000100000000)
 Metaspace       used 37278K, capacity 37788K, committed 38244K, reserved 1083392K
  class space    used 3997K, capacity 4152K, committed 4196K, reserved 1048576K
}
2016-05-12T15:21:19.911+0100: 20881.105: Total time for which application threads were stopped: 0.0312490 seconds, Stopping threads took: 0.0000545 seconds
2016-05-12T15:21:20.426+0100: 20881.619: Total time for which application threads were stopped: 0.0002029 seconds, Stopping threads took: 0.0000600 seconds
2016-05-12T15:21:20.427+0100: 20881.620: Total time for which application threads were stopped: 0.0001556 seconds, Stopping threads took: 0.0000482 seconds
2016-05-12T15:21:20.445+0100: 20881.638: Total time for which application threads were stopped: 0.0001887 seconds, Stopping threads took: 0.0000497 seconds
2016-05-12T15:21:20.446+0100: 20881.639: Total time for which application threads were stopped: 0.0001350 seconds, Stopping threads took: 0.0000355 seconds
2016-05-12T15:21:21.446+0100: 20882.639: Total time for which application threads were stopped: 0.0001927 seconds, Stopping threads took: 0.0000466 seconds
2016-05-12T15:21:24.011+0100: 20885.204: Total time for which application threads were stopped: 0.0003088 seconds, Stopping threads took: 0.0000782 seconds
2016-05-12T15:21:24.011+0100: 20885.204: Total time for which application threads were stopped: 0.0001500 seconds, Stopping threads took: 0.0000308 seconds
2016-05-12T15:21:24.011+0100: 20885.205: Total time for which application threads were stopped: 0.0001406 seconds, Stopping threads took: 0.0000292 seconds
2016-05-12T15:21:24.011+0100: 20885.205: Total time for which application threads were stopped: 0.0001469 seconds, Stopping threads took: 0.0000355 seconds
2016-05-12T15:21:24.018+0100: 20885.211: Total time for which application threads were stopped: 0.0002732 seconds, Stopping threads took: 0.0000584 seconds
2016-05-12T15:21:24.018+0100: 20885.211: Total time for which application threads were stopped: 0.0001579 seconds, Stopping threads took: 0.0000363 seconds
2016-05-12T15:21:24.018+0100: 20885.212: Total time for which application threads were stopped: 0.0001532 seconds, Stopping threads took: 0.0000379 seconds
2016-05-12T15:22:33.626+0100: 20954.826: Total time for which application threads were stopped: 0.0002606 seconds, Stopping threads took: 0.0000671 seconds
2016-05-12T15:22:33.627+0100: 20954.827: Total time for which application threads were stopped: 0.0001177 seconds, Stopping threads took: 0.0000276 seconds
2016-05-12T15:22:33.627+0100: 20954.827: Total time for which application threads were stopped: 0.0000829 seconds, Stopping threads took: 0.0000197 seconds
2016-05-12T15:22:33.627+0100: 20954.827: Total time for which application threads were stopped: 0.0000900 seconds, Stopping threads took: 0.0000205 seconds
2016-05-12T15:22:33.628+0100: 20954.828: Total time for which application threads were stopped: 0.0000979 seconds, Stopping threads took: 0.0000213 seconds
2016-05-12T15:22:33.629+0100: 20954.829: Total time for which application threads were stopped: 0.0001335 seconds, Stopping threads took: 0.0000268 seconds
{Heap before GC invocations=297 (full 6):
 par new generation   total 109248K, used 108418K [0x00000000e0000000, 0x00000000e8000000, 0x00000000e8000000)
  eden space 87424K,  99% used [0x00000000e0000000, 0x00000000e5490898, 0x00000000e5560000)
  from space 21824K, 100% used [0x00000000e6ab0000, 0x00000000e8000000, 0x00000000e8000000)
  to   space 21824K,   0% used [0x00000000e5560000, 0x00000000e5560000, 0x00000000e6ab0000)
 concurrent mark-sweep generation total 393216K, used 84745K [0x00000000e8000000, 0x0000000100000000, 0x0000000100000000)
 Metaspace       used 37279K, capacity 37788K, committed 38244K, reserved 1083392K
  class space    used 3997K, capacity 4152K, committed 4196K, reserved 1048576K
2016-05-12T15:22:33.651+0100: 20954.851: [GC (Allocation Failure) 2016-05-12T15:22:33.651+0100: 20954.851: [ParNew
Desired survivor size 20112992 bytes, new threshold 8 (max 8)
- age   1:    5216728 bytes,    5216728 total
- age   2:    2001608 bytes,    7218336 total
- age   3:    6854552 bytes,   14072888 total
: 108418K->18691K(109248K), 0.0212844 secs] 193163K->107448K(502464K), 0.0214147 secs] [Times: user=0.03 sys=0.00, real=0.02 secs] 
Heap after GC invocations=298 (full 6):
 par new generation   total 109248K, used 18691K [0x00000000e0000000, 0x00000000e8000000, 0x00000000e8000000)
  eden space 87424K,   0% used [0x00000000e0000000, 0x00000000e0000000, 0x00000000e5560000)
  from space 21824K,  85% used [0x00000000e5560000, 0x00000000e67a0c20, 0x00000000e6ab0000)
  to   space 21824K,   0% used [0x00000000e6ab0000, 0x00000000e6ab0000, 0x00000000e8000000)
 concurrent mark-sweep generation total 393216K, used 88757K [0x00000000e8000000, 0x0000000100000000, 0x0000000100000000)
 Metaspace       used 37279K, capacity 37788K, committed 38244K, reserved 1083392K
  class space    used 3997K, capacity 4152K, committed 4196K, reserved 1048576K
}
2016-05-12T15:22:33.672+0100: 20954.872: Total time for which application threads were stopped: 0.0220061 seconds, Stopping threads took: 0.0000537 seconds
2016-05-12T15:22:33.674+0100: 20954.873: Total time for which application threads were stopped: 0.0009515 seconds, Stopping threads took: 0.0006175 seconds
2016-05-12T15:22:33.732+0100: 20954.932: Total time for which application threads were stopped: 0.0002930 seconds, Stopping threads took: 0.0000474 seconds
2016-05-12T15:22:37.652+0100: 20958.852: Total time for which application threads were stopped: 0.0001611 seconds, Stopping threads took: 0.0000442 seconds
2016-05-12T15:22:37.652+0100: 20958.852: Total time for which application threads were stopped: 0.0000924 seconds, Stopping threads took: 0.0000221 seconds
2016-05-12T15:22:37.653+0100: 20958.853: Total time for which application threads were stopped: 0.0001350 seconds, Stopping threads took: 0.0000253 seconds
2016-05-12T15:22:37.654+0100: 20958.854: Total time for which application threads were stopped: 0.0001003 seconds, Stopping threads took: 0.0000213 seconds
2016-05-12T15:22:37.654+0100: 20958.854: Total time for which application threads were stopped: 0.0001263 seconds, Stopping threads took: 0.0000197 seconds
2016-05-12T15:22:37.654+0100: 20958.854: Total time for which application threads were stopped: 0.0000940 seconds, Stopping threads took: 0.0000205 seconds
2016-05-12T15:22:37.654+0100: 20958.854: Total time for which application threads were stopped: 0.0000963 seconds, Stopping threads took: 0.0000197 seconds
{Heap before GC invocations=298 (full 6):
 par new generation   total 109248K, used 105027K [0x00000000e0000000, 0x00000000e8000000, 0x00000000e8000000)
  eden space 87424K,  98% used [0x00000000e0000000, 0x00000000e5450148, 0x00000000e5560000)
  from space 21824K,  85% used [0x00000000e5560000, 0x00000000e67a0c20, 0x00000000e6ab0000)
  to   space 21824K,   0% used [0x00000000e6ab0000, 0x00000000e6ab0000, 0x00000000e8000000)
 concurrent mark-sweep generation total 393216K, used 88757K [0x00000000e8000000, 0x0000000100000000, 0x0000000100000000)
 Metaspace       used 37279K, capacity 37788K, committed 38244K, reserved 1083392K
  class space    used 3997K, capacity 4152K, committed 4196K, reserved 1048576K
2016-05-12T15:22:37.772+0100: 20958.972: [GC (Allocation Failure) 2016-05-12T15:22:37.772+0100: 20958.972: [ParNew
Desired survivor size 20112992 bytes, new threshold 4 (max 8)
- age   1:    8432944 bytes,    8432944 total
- age   2:    4486856 bytes,   12919800 total
- age   3:    2001608 bytes,   14921408 total
- age   4:    6854552 bytes,   21775960 total
: 105027K->21824K(109248K), 0.0214715 secs] 193784K->111246K(502464K), 0.0216381 secs] [Times: user=0.03 sys=0.00, real=0.02 secs] 
Heap after GC invocations=299 (full 6):
 par new generation   total 109248K, used 21824K [0x00000000e0000000, 0x00000000e8000000, 0x00000000e8000000)
  eden space 87424K,   0% used [0x00000000e0000000, 0x00000000e0000000, 0x00000000e5560000)
  from space 21824K, 100% used [0x00000000e6ab0000, 0x00000000e8000000, 0x00000000e8000000)
  to   space 21824K,   0% used [0x00000000e5560000, 0x00000000e5560000, 0x00000000e6ab0000)
 concurrent mark-sweep generation total 393216K, used 89422K [0x00000000e8000000, 0x0000000100000000, 0x0000000100000000)
 Metaspace       used 37279K, capacity 37788K, committed 38244K, reserved 1083392K
  class space    used 3997K, capacity 4152K, committed 4196K, reserved 1048576K
}
2016-05-12T15:22:37.794+0100: 20958.994: Total time for which application threads were stopped: 0.0221135 seconds, Stopping threads took: 0.0000561 seconds
2016-05-12T15:22:40.446+0100: 20961.646: Total time for which application threads were stopped: 0.0002614 seconds, Stopping threads took: 0.0000576 seconds
2016-05-12T15:22:40.447+0100: 20961.647: Total time for which application threads were stopped: 0.0002211 seconds, Stopping threads took: 0.0000553 seconds
2016-05-12T15:22:40.463+0100: 20961.663: Total time for which application threads were stopped: 0.0004430 seconds, Stopping threads took: 0.0000458 seconds
2016-05-12T15:22:42.036+0100: 20963.236: Total time for which application threads were stopped: 0.0001856 seconds, Stopping threads took: 0.0000434 seconds
{Heap before GC invocations=299 (full 6):
 par new generation   total 109248K, used 109248K [0x00000000e0000000, 0x00000000e8000000, 0x00000000e8000000)
  eden space 87424K, 100% used [0x00000000e0000000, 0x00000000e5560000, 0x00000000e5560000)
  from space 21824K, 100% used [0x00000000e6ab0000, 0x00000000e8000000, 0x00000000e8000000)
  to   space 21824K,   0% used [0x00000000e5560000, 0x00000000e5560000, 0x00000000e6ab0000)
 concurrent mark-sweep generation total 393216K, used 89422K [0x00000000e8000000, 0x0000000100000000, 0x0000000100000000)
 Metaspace       used 37279K, capacity 37788K, committed 38244K, reserved 1083392K
  class space    used 3997K, capacity 4152K, committed 4196K, reserved 1048576K
2016-05-12T15:22:43.610+0100: 20964.811: [GC (Allocation Failure) 2016-05-12T15:22:43.611+0100: 20964.811: [ParNew
Desired survivor size 20112992 bytes, new threshold 8 (max 8)
- age   1:     382000 bytes,     382000 total
- age   2:      21256 bytes,     403256 total
- age   3:    4486264 bytes,    4889520 total
- age   4:    2001608 bytes,    6891128 total
: 109248K->9873K(109248K), 0.0196253 secs] 198670K->105989K(502464K), 0.0201828 secs] [Times: user=0.03 sys=0.02, real=0.02 secs] 
Heap after GC invocations=300 (full 6):
 par new generation   total 109248K, used 9873K [0x00000000e0000000, 0x00000000e8000000, 0x00000000e8000000)
  eden space 87424K,   0% used [0x00000000e0000000, 0x00000000e0000000, 0x00000000e5560000)
  from space 21824K,  45% used [0x00000000e5560000, 0x00000000e5f04400, 0x00000000e6ab0000)
  to   space 21824K,   0% used [0x00000000e6ab0000, 0x00000000e6ab0000, 0x00000000e8000000)
 concurrent mark-sweep generation total 393216K, used 96116K [0x00000000e8000000, 0x0000000100000000, 0x0000000100000000)
 Metaspace       used 37279K, capacity 37788K, committed 38244K, reserved 1083392K
  class space    used 3997K, capacity 4152K, committed 4196K, reserved 1048576K
}
2016-05-12T15:22:43.631+0100: 20964.831: Total time for which application threads were stopped: 0.0208011 seconds, Stopping threads took: 0.0001169 seconds
2016-05-12T15:22:45.137+0100: 20966.337: Total time for which application threads were stopped: 0.0002519 seconds, Stopping threads took: 0.0000616 seconds
2016-05-12T15:22:49.144+0100: 20970.343: Total time for which application threads were stopped: 0.0001642 seconds, Stopping threads took: 0.0000482 seconds
2016-05-12T15:22:49.507+0100: 20970.707: Total time for which application threads were stopped: 0.0002116 seconds, Stopping threads took: 0.0000537 seconds
2016-05-12T15:23:26.497+0100: 21007.697: Total time for which application threads were stopped: 0.0003948 seconds, Stopping threads took: 0.0000466 seconds
2016-05-12T15:24:45.922+0100: 21087.124: Total time for which application threads were stopped: 0.0002093 seconds, Stopping threads took: 0.0000608 seconds
2016-05-12T15:25:01.057+0100: 21102.258: Total time for which application threads were stopped: 0.0001690 seconds, Stopping threads took: 0.0000411 seconds
2016-05-12T15:25:01.057+0100: 21102.258: Total time for which application threads were stopped: 0.0000948 seconds, Stopping threads took: 0.0000221 seconds
2016-05-12T15:25:01.070+0100: 21102.271: Total time for which application threads were stopped: 0.0002456 seconds, Stopping threads took: 0.0000450 seconds
2016-05-12T15:25:01.754+0100: 21102.955: Total time for which application threads were stopped: 0.0002361 seconds, Stopping threads took: 0.0000545 seconds
2016-05-12T15:25:01.754+0100: 21102.955: Total time for which application threads were stopped: 0.0001042 seconds, Stopping threads took: 0.0000324 seconds
2016-05-12T15:25:01.755+0100: 21102.956: Total time for which application threads were stopped: 0.0004106 seconds, Stopping threads took: 0.0000316 seconds
2016-05-12T15:25:02.700+0100: 21103.901: Total time for which application threads were stopped: 0.0001990 seconds, Stopping threads took: 0.0000450 seconds
{Heap before GC invocations=300 (full 6):
 par new generation   total 109248K, used 97290K [0x00000000e0000000, 0x00000000e8000000, 0x00000000e8000000)
  eden space 87424K,  99% used [0x00000000e0000000, 0x00000000e555e680, 0x00000000e5560000)
  from space 21824K,  45% used [0x00000000e5560000, 0x00000000e5f04400, 0x00000000e6ab0000)
  to   space 21824K,   0% used [0x00000000e6ab0000, 0x00000000e6ab0000, 0x00000000e8000000)
 concurrent mark-sweep generation total 393216K, used 96116K [0x00000000e8000000, 0x0000000100000000, 0x0000000100000000)
 Metaspace       used 37279K, capacity 37788K, committed 38244K, reserved 1083392K
  class space    used 3997K, capacity 4152K, committed 4196K, reserved 1048576K
2016-05-12T15:25:04.829+0100: 21106.030: [GC (Allocation Failure) 2016-05-12T15:25:04.829+0100: 21106.030: [ParNew
Desired survivor size 20112992 bytes, new threshold 8 (max 8)
- age   1:     831296 bytes,     831296 total
- age   2:     102200 bytes,     933496 total
- age   3:      21208 bytes,     954704 total
- age   4:    4473232 bytes,    5427936 total
- age   5:    2001176 bytes,    7429112 total
: 97290K->9983K(109248K), 0.0133799 secs] 193407K->106100K(502464K), 0.0135536 secs] [Times: user=0.00 sys=0.00, real=0.01 secs] 
Heap after GC invocations=301 (full 6):
 par new generation   total 109248K, used 9983K [0x00000000e0000000, 0x00000000e8000000, 0x00000000e8000000)
  eden space 87424K,   0% used [0x00000000e0000000, 0x00000000e0000000, 0x00000000e5560000)
  from space 21824K,  45% used [0x00000000e6ab0000, 0x00000000e746fec0, 0x00000000e8000000)
  to   space 21824K,   0% used [0x00000000e5560000, 0x00000000e5560000, 0x00000000e6ab0000)
 concurrent mark-sweep generation total 393216K, used 96116K [0x00000000e8000000, 0x0000000100000000, 0x0000000100000000)
 Metaspace       used 37279K, capacity 37788K, committed 38244K, reserved 1083392K
  class space    used 3997K, capacity 4152K, committed 4196K, reserved 1048576K
}
2016-05-12T15:25:04.842+0100: 21106.044: Total time for which application threads were stopped: 0.0140543 seconds, Stopping threads took: 0.0000561 seconds
{Heap before GC invocations=301 (full 6):
 par new generation   total 109248K, used 97407K [0x00000000e0000000, 0x00000000e8000000, 0x00000000e8000000)
  eden space 87424K, 100% used [0x00000000e0000000, 0x00000000e5560000, 0x00000000e5560000)
  from space 21824K,  45% used [0x00000000e6ab0000, 0x00000000e746fec0, 0x00000000e8000000)
  to   space 21824K,   0% used [0x00000000e5560000, 0x00000000e5560000, 0x00000000e6ab0000)
 concurrent mark-sweep generation total 393216K, used 96116K [0x00000000e8000000, 0x0000000100000000, 0x0000000100000000)
 Metaspace       used 37279K, capacity 37788K, committed 38244K, reserved 1083392K
  class space    used 3997K, capacity 4152K, committed 4196K, reserved 1048576K
2016-05-12T15:25:55.423+0100: 21156.627: [GC (Allocation Failure) 2016-05-12T15:25:55.423+0100: 21156.628: [ParNew
Desired survivor size 20112992 bytes, new threshold 8 (max 8)
- age   1:     710512 bytes,     710512 total
- age   2:     136856 bytes,     847368 total
- age   3:      99704 bytes,     947072 total
- age   4:      21208 bytes,     968280 total
- age   5:    4473232 bytes,    5441512 total
- age   6:    2001176 bytes,    7442688 total
: 97407K->9921K(109248K), 0.0150295 secs] 193524K->106037K(502464K), 0.0151993 secs] [Times: user=0.00 sys=0.00, real=0.02 secs] 
Heap after GC invocations=302 (full 6):
 par new generation   total 109248K, used 9921K [0x00000000e0000000, 0x00000000e8000000, 0x00000000e8000000)
  eden space 87424K,   0% used [0x00000000e0000000, 0x00000000e0000000, 0x00000000e5560000)
  from space 21824K,  45% used [0x00000000e5560000, 0x00000000e5f105a0, 0x00000000e6ab0000)
  to   space 21824K,   0% used [0x00000000e6ab0000, 0x00000000e6ab0000, 0x00000000e8000000)
 concurrent mark-sweep generation total 393216K, used 96116K [0x00000000e8000000, 0x0000000100000000, 0x0000000100000000)
 Metaspace       used 37279K, capacity 37788K, committed 38244K, reserved 1083392K
  class space    used 3997K, capacity 4152K, committed 4196K, reserved 1048576K
}
2016-05-12T15:25:55.439+0100: 21156.643: Total time for which application threads were stopped: 0.0158452 seconds, Stopping threads took: 0.0000490 seconds
2016-05-12T15:28:28.222+0100: 21309.436: Total time for which application threads were stopped: 0.0002037 seconds, Stopping threads took: 0.0000608 seconds
2016-05-12T15:28:28.228+0100: 21309.442: Total time for which application threads were stopped: 0.0001658 seconds, Stopping threads took: 0.0000466 seconds
2016-05-12T15:28:28.229+0100: 21309.442: Total time for which application threads were stopped: 0.0000979 seconds, Stopping threads took: 0.0000221 seconds
2016-05-12T15:28:28.234+0100: 21309.447: Total time for which application threads were stopped: 0.0002440 seconds, Stopping threads took: 0.0000513 seconds
2016-05-12T15:28:28.235+0100: 21309.449: Total time for which application threads were stopped: 0.0001919 seconds, Stopping threads took: 0.0000545 seconds
2016-05-12T15:28:28.236+0100: 21309.450: Total time for which application threads were stopped: 0.0003348 seconds, Stopping threads took: 0.0000253 seconds
2016-05-12T15:28:28.337+0100: 21309.551: Total time for which application threads were stopped: 0.0126171 seconds, Stopping threads took: 0.0124623 seconds
2016-05-12T15:28:28.339+0100: 21309.553: Total time for which application threads were stopped: 0.0001650 seconds, Stopping threads took: 0.0000521 seconds
2016-05-12T15:28:28.340+0100: 21309.554: Total time for which application threads were stopped: 0.0001153 seconds, Stopping threads took: 0.0000229 seconds
2016-05-12T15:28:28.344+0100: 21309.558: Total time for which application threads were stopped: 0.0024242 seconds, Stopping threads took: 0.0022166 seconds
2016-05-12T15:28:28.344+0100: 21309.558: Total time for which application threads were stopped: 0.0001350 seconds, Stopping threads took: 0.0000340 seconds
{Heap before GC invocations=302 (full 6):
 par new generation   total 109248K, used 96841K [0x00000000e0000000, 0x00000000e8000000, 0x00000000e8000000)
  eden space 87424K,  99% used [0x00000000e0000000, 0x00000000e54e1f40, 0x00000000e5560000)
  from space 21824K,  45% used [0x00000000e5560000, 0x00000000e5f105a0, 0x00000000e6ab0000)
  to   space 21824K,   0% used [0x00000000e6ab0000, 0x00000000e6ab0000, 0x00000000e8000000)
 concurrent mark-sweep generation total 393216K, used 96116K [0x00000000e8000000, 0x0000000100000000, 0x0000000100000000)
 Metaspace       used 37282K, capacity 37788K, committed 38244K, reserved 1083392K
  class space    used 3997K, capacity 4152K, committed 4196K, reserved 1048576K
2016-05-12T15:28:28.352+0100: 21309.566: [GC (Allocation Failure) 2016-05-12T15:28:28.352+0100: 21309.566: [ParNew
Desired survivor size 20112992 bytes, new threshold 8 (max 8)
- age   1:     920256 bytes,     920256 total
- age   2:       5320 bytes,     925576 total
- age   3:     124416 bytes,    1049992 total
- age   4:      99704 bytes,    1149696 total
- age   5:      21208 bytes,    1170904 total
- age   6:    4472872 bytes,    5643776 total
- age   7:    2001176 bytes,    7644952 total
: 96841K->10223K(109248K), 0.0163964 secs] 192957K->106340K(502464K), 0.0165709 secs] [Times: user=0.03 sys=0.00, real=0.02 secs] 
Heap after GC invocations=303 (full 6):
 par new generation   total 109248K, used 10223K [0x00000000e0000000, 0x00000000e8000000, 0x00000000e8000000)
  eden space 87424K,   0% used [0x00000000e0000000, 0x00000000e0000000, 0x00000000e5560000)
  from space 21824K,  46% used [0x00000000e6ab0000, 0x00000000e74abf40, 0x00000000e8000000)
  to   space 21824K,   0% used [0x00000000e5560000, 0x00000000e5560000, 0x00000000e6ab0000)
 concurrent mark-sweep generation total 393216K, used 96116K [0x00000000e8000000, 0x0000000100000000, 0x0000000100000000)
 Metaspace       used 37282K, capacity 37788K, committed 38244K, reserved 1083392K
  class space    used 3997K, capacity 4152K, committed 4196K, reserved 1048576K
}
2016-05-12T15:28:28.369+0100: 21309.583: Total time for which application threads were stopped: 0.0174751 seconds, Stopping threads took: 0.0004643 seconds
2016-05-12T15:28:28.520+0100: 21309.734: Total time for which application threads were stopped: 0.0002764 seconds, Stopping threads took: 0.0000466 seconds
2016-05-12T15:28:28.521+0100: 21309.735: Total time for which application threads were stopped: 0.0003253 seconds, Stopping threads took: 0.0002116 seconds
2016-05-12T15:28:28.523+0100: 21309.736: Total time for which application threads were stopped: 0.0002006 seconds, Stopping threads took: 0.0000387 seconds
{Heap before GC invocations=303 (full 6):
 par new generation   total 109248K, used 96352K [0x00000000e0000000, 0x00000000e8000000, 0x00000000e8000000)
  eden space 87424K,  98% used [0x00000000e0000000, 0x00000000e541c318, 0x00000000e5560000)
  from space 21824K,  46% used [0x00000000e6ab0000, 0x00000000e74abf40, 0x00000000e8000000)
  to   space 21824K,   0% used [0x00000000e5560000, 0x00000000e5560000, 0x00000000e6ab0000)
 concurrent mark-sweep generation total 393216K, used 96116K [0x00000000e8000000, 0x0000000100000000, 0x0000000100000000)
 Metaspace       used 37291K, capacity 37800K, committed 38244K, reserved 1083392K
  class space    used 4000K, capacity 4158K, committed 4196K, reserved 1048576K
2016-05-12T15:28:28.978+0100: 21310.192: [GC (Allocation Failure) 2016-05-12T15:28:28.979+0100: 21310.193: [ParNew
Desired survivor size 20112992 bytes, new threshold 8 (max 8)
- age   1:    7799728 bytes,    7799728 total
- age   2:      36432 bytes,    7836160 total
- age   3:       2040 bytes,    7838200 total
- age   4:     124288 bytes,    7962488 total
- age   5:      99672 bytes,    8062160 total
- age   6:      21208 bytes,    8083368 total
- age   7:    4472704 bytes,   12556072 total
- age   8:    2001080 bytes,   14557152 total
: 96352K->15459K(109248K), 0.0184155 secs] 192469K->111576K(502464K), 0.0185679 secs] [Times: user=0.03 sys=0.00, real=0.02 secs] 
Heap after GC invocations=304 (full 6):
 par new generation   total 109248K, used 15459K [0x00000000e0000000, 0x00000000e8000000, 0x00000000e8000000)
  eden space 87424K,   0% used [0x00000000e0000000, 0x00000000e0000000, 0x00000000e5560000)
  from space 21824K,  70% used [0x00000000e5560000, 0x00000000e6478f38, 0x00000000e6ab0000)
  to   space 21824K,   0% used [0x00000000e6ab0000, 0x00000000e6ab0000, 0x00000000e8000000)
 concurrent mark-sweep generation total 393216K, used 96116K [0x00000000e8000000, 0x0000000100000000, 0x0000000100000000)
 Metaspace       used 37291K, capacity 37800K, committed 38244K, reserved 1083392K
  class space    used 4000K, capacity 4158K, committed 4196K, reserved 1048576K
}
2016-05-12T15:28:28.997+0100: 21310.211: Total time for which application threads were stopped: 0.0190654 seconds, Stopping threads took: 0.0000569 seconds
2016-05-12T15:28:29.048+0100: 21310.262: Total time for which application threads were stopped: 0.0015635 seconds, Stopping threads took: 0.0013408 seconds
{Heap before GC invocations=304 (full 6):
 par new generation   total 109248K, used 102308K [0x00000000e0000000, 0x00000000e8000000, 0x00000000e8000000)
  eden space 87424K,  99% used [0x00000000e0000000, 0x00000000e54d01d0, 0x00000000e5560000)
  from space 21824K,  70% used [0x00000000e5560000, 0x00000000e6478f38, 0x00000000e6ab0000)
  to   space 21824K,   0% used [0x00000000e6ab0000, 0x00000000e6ab0000, 0x00000000e8000000)
 concurrent mark-sweep generation total 393216K, used 96116K [0x00000000e8000000, 0x0000000100000000, 0x0000000100000000)
 Metaspace       used 37291K, capacity 37800K, committed 38244K, reserved 1083392K
  class space    used 4000K, capacity 4158K, committed 4196K, reserved 1048576K
2016-05-12T15:28:29.526+0100: 21310.740: [GC (Allocation Failure) 2016-05-12T15:28:29.526+0100: 21310.740: [ParNew
Desired survivor size 20112992 bytes, new threshold 8 (max 8)
- age   1:   11487600 bytes,   11487600 total
- age   2:    6208856 bytes,   17696456 total
- age   3:      34152 bytes,   17730608 total
- age   4:       2040 bytes,   17732648 total
- age   5:     124288 bytes,   17856936 total
- age   6:      99672 bytes,   17956608 total
- age   7:      21208 bytes,   17977816 total
- age   8:    4302144 bytes,   22279960 total
: 102308K->21824K(109248K), 0.0276450 secs] 198424K->120061K(502464K), 0.0278898 secs] [Times: user=0.06 sys=0.00, real=0.03 secs] 
Heap after GC invocations=305 (full 6):
 par new generation   total 109248K, used 21824K [0x00000000e0000000, 0x00000000e8000000, 0x00000000e8000000)
  eden space 87424K,   0% used [0x00000000e0000000, 0x00000000e0000000, 0x00000000e5560000)
  from space 21824K, 100% used [0x00000000e6ab0000, 0x00000000e8000000, 0x00000000e8000000)
  to   space 21824K,   0% used [0x00000000e5560000, 0x00000000e5560000, 0x00000000e6ab0000)
 concurrent mark-sweep generation total 393216K, used 98237K [0x00000000e8000000, 0x0000000100000000, 0x0000000100000000)
 Metaspace       used 37291K, capacity 37800K, committed 38244K, reserved 1083392K
  class space    used 4000K, capacity 4158K, committed 4196K, reserved 1048576K
}
2016-05-12T15:28:29.554+0100: 21310.768: Total time for which application threads were stopped: 0.0303772 seconds, Stopping threads took: 0.0020357 seconds
{Heap before GC invocations=305 (full 6):
 par new generation   total 109248K, used 106347K [0x00000000e0000000, 0x00000000e8000000, 0x00000000e8000000)
  eden space 87424K,  96% used [0x00000000e0000000, 0x00000000e528add8, 0x00000000e5560000)
  from space 21824K, 100% used [0x00000000e6ab0000, 0x00000000e8000000, 0x00000000e8000000)
  to   space 21824K,   0% used [0x00000000e5560000, 0x00000000e5560000, 0x00000000e6ab0000)
 concurrent mark-sweep generation total 393216K, used 98237K [0x00000000e8000000, 0x0000000100000000, 0x0000000100000000)
 Metaspace       used 37291K, capacity 37800K, committed 38244K, reserved 1083392K
  class space    used 4000K, capacity 4158K, committed 4196K, reserved 1048576K
2016-05-12T15:28:30.170+0100: 21311.384: [GC (Allocation Failure) 2016-05-12T15:28:30.170+0100: 21311.384: [ParNew
Desired survivor size 20112992 bytes, new threshold 8 (max 8)
- age   1:   13119888 bytes,   13119888 total
- age   2:    4404312 bytes,   17524200 total
- age   3:    1669224 bytes,   19193424 total
- age   4:      20880 bytes,   19214304 total
- age   5:       1848 bytes,   19216152 total
- age   6:     123688 bytes,   19339840 total
- age   7:      99600 bytes,   19439440 total
- age   8:      21208 bytes,   19460648 total
: 106347K->21824K(109248K), 0.0304870 secs] 204584K->133327K(502464K), 0.0306418 secs] [Times: user=0.06 sys=0.00, real=0.03 secs] 
Heap after GC invocations=306 (full 6):
 par new generation   total 109248K, used 21824K [0x00000000e0000000, 0x00000000e8000000, 0x00000000e8000000)
  eden space 87424K,   0% used [0x00000000e0000000, 0x00000000e0000000, 0x00000000e5560000)
  from space 21824K, 100% used [0x00000000e5560000, 0x00000000e6ab0000, 0x00000000e6ab0000)
  to   space 21824K,   0% used [0x00000000e6ab0000, 0x00000000e6ab0000, 0x00000000e8000000)
 concurrent mark-sweep generation total 393216K, used 111503K [0x00000000e8000000, 0x0000000100000000, 0x0000000100000000)
 Metaspace       used 37291K, capacity 37800K, committed 38244K, reserved 1083392K
  class space    used 4000K, capacity 4158K, committed 4196K, reserved 1048576K
}
2016-05-12T15:28:30.201+0100: 21311.415: Total time for which application threads were stopped: 0.0311132 seconds, Stopping threads took: 0.0000616 seconds
{Heap before GC invocations=306 (full 6):
 par new generation   total 109248K, used 109248K [0x00000000e0000000, 0x00000000e8000000, 0x00000000e8000000)
  eden space 87424K, 100% used [0x00000000e0000000, 0x00000000e5560000, 0x00000000e5560000)
  from space 21824K, 100% used [0x00000000e5560000, 0x00000000e6ab0000, 0x00000000e6ab0000)
  to   space 21824K,   0% used [0x00000000e6ab0000, 0x00000000e6ab0000, 0x00000000e8000000)
 concurrent mark-sweep generation total 393216K, used 111503K [0x00000000e8000000, 0x0000000100000000, 0x0000000100000000)
 Metaspace       used 37291K, capacity 37800K, committed 38244K, reserved 1083392K
  class space    used 4000K, capacity 4158K, committed 4196K, reserved 1048576K
2016-05-12T15:28:30.818+0100: 21312.032: [GC (Allocation Failure) 2016-05-12T15:28:30.818+0100: 21312.032: [ParNew
Desired survivor size 20112992 bytes, new threshold 3 (max 8)
- age   1:   15298064 bytes,   15298064 total
- age   2:     821136 bytes,   16119200 total
- age   3:    4328840 bytes,   20448040 total
- age   4:    1650472 bytes,   22098512 total
- age   5:      20880 bytes,   22119392 total
- age   6:       1848 bytes,   22121240 total
- age   7:     123688 bytes,   22244928 total
- age   8:      99600 bytes,   22344528 total
: 109248K->21824K(109248K), 0.1282873 secs] 220751K->142557K(502464K), 0.1284998 secs] [Times: user=0.16 sys=0.00, real=0.13 secs] 
Heap after GC invocations=307 (full 6):
 par new generation   total 109248K, used 21824K [0x00000000e0000000, 0x00000000e8000000, 0x00000000e8000000)
  eden space 87424K,   0% used [0x00000000e0000000, 0x00000000e0000000, 0x00000000e5560000)
  from space 21824K, 100% used [0x00000000e6ab0000, 0x00000000e8000000, 0x00000000e8000000)
  to   space 21824K,   0% used [0x00000000e5560000, 0x00000000e5560000, 0x00000000e6ab0000)
 concurrent mark-sweep generation total 393216K, used 120733K [0x00000000e8000000, 0x0000000100000000, 0x0000000100000000)
 Metaspace       used 37291K, capacity 37800K, committed 38244K, reserved 1083392K
  class space    used 4000K, capacity 4158K, committed 4196K, reserved 1048576K
}
2016-05-12T15:28:30.947+0100: 21312.161: Total time for which application threads were stopped: 0.1291023 seconds, Stopping threads took: 0.0000497 seconds
{Heap before GC invocations=307 (full 6):
 par new generation   total 109248K, used 104368K [0x00000000e0000000, 0x00000000e8000000, 0x00000000e8000000)
  eden space 87424K,  94% used [0x00000000e0000000, 0x00000000e509c2e0, 0x00000000e5560000)
  from space 21824K, 100% used [0x00000000e6ab0000, 0x00000000e8000000, 0x00000000e8000000)
  to   space 21824K,   0% used [0x00000000e5560000, 0x00000000e5560000, 0x00000000e6ab0000)
 concurrent mark-sweep generation total 393216K, used 120733K [0x00000000e8000000, 0x0000000100000000, 0x0000000100000000)
 Metaspace       used 37291K, capacity 37800K, committed 38244K, reserved 1083392K
  class space    used 4000K, capacity 4158K, committed 4196K, reserved 1048576K
2016-05-12T15:28:31.541+0100: 21312.755: [GC (Allocation Failure) 2016-05-12T15:28:31.541+0100: 21312.755: [ParNew
Desired survivor size 20112992 bytes, new threshold 2 (max 8)
- age   1:    9173520 bytes,    9173520 total
- age   2:   12350392 bytes,   21523912 total
- age   3:     821136 bytes,   22345048 total
: 104368K->21824K(109248K), 0.0297021 secs] 225102K->151180K(502464K), 0.0298624 secs] [Times: user=0.06 sys=0.00, real=0.03 secs] 
Heap after GC invocations=308 (full 6):
 par new generation   total 109248K, used 21824K [0x00000000e0000000, 0x00000000e8000000, 0x00000000e8000000)
  eden space 87424K,   0% used [0x00000000e0000000, 0x00000000e0000000, 0x00000000e5560000)
  from space 21824K, 100% used [0x00000000e5560000, 0x00000000e6ab0000, 0x00000000e6ab0000)
  to   space 21824K,   0% used [0x00000000e6ab0000, 0x00000000e6ab0000, 0x00000000e8000000)
 concurrent mark-sweep generation total 393216K, used 129356K [0x00000000e8000000, 0x0000000100000000, 0x0000000100000000)
 Metaspace       used 37291K, capacity 37800K, committed 38244K, reserved 1083392K
  class space    used 4000K, capacity 4158K, committed 4196K, reserved 1048576K
}
2016-05-12T15:28:31.571+0100: 21312.785: Total time for which application threads were stopped: 0.0307002 seconds, Stopping threads took: 0.0000726 seconds
{Heap before GC invocations=308 (full 6):
 par new generation   total 109248K, used 108136K [0x00000000e0000000, 0x00000000e8000000, 0x00000000e8000000)
  eden space 87424K,  98% used [0x00000000e0000000, 0x00000000e544a0d8, 0x00000000e5560000)
  from space 21824K, 100% used [0x00000000e5560000, 0x00000000e6ab0000, 0x00000000e6ab0000)
  to   space 21824K,   0% used [0x00000000e6ab0000, 0x00000000e6ab0000, 0x00000000e8000000)
 concurrent mark-sweep generation total 393216K, used 129356K [0x00000000e8000000, 0x0000000100000000, 0x0000000100000000)
 Metaspace       used 37291K, capacity 37800K, committed 38244K, reserved 1083392K
  class space    used 4000K, capacity 4158K, committed 4196K, reserved 1048576K
2016-05-12T15:28:31.997+0100: 21313.212: [GC (Allocation Failure) 2016-05-12T15:28:31.998+0100: 21313.212: [ParNew
Desired survivor size 20112992 bytes, new threshold 8 (max 8)
- age   1:   15774600 bytes,   15774600 total
- age   2:    4130952 bytes,   19905552 total
: 108136K->21824K(109248K), 0.0294052 secs] 237492K->165954K(502464K), 0.0295702 secs] [Times: user=0.03 sys=0.00, real=0.03 secs] 
Heap after GC invocations=309 (full 6):
 par new generation   total 109248K, used 21824K [0x00000000e0000000, 0x00000000e8000000, 0x00000000e8000000)
  eden space 87424K,   0% used [0x00000000e0000000, 0x00000000e0000000, 0x00000000e5560000)
  from space 21824K, 100% used [0x00000000e6ab0000, 0x00000000e8000000, 0x00000000e8000000)
  to   space 21824K,   0% used [0x00000000e5560000, 0x00000000e5560000, 0x00000000e6ab0000)
 concurrent mark-sweep generation total 393216K, used 144130K [0x00000000e8000000, 0x0000000100000000, 0x0000000100000000)
 Metaspace       used 37291K, capacity 37800K, committed 38244K, reserved 1083392K
  class space    used 4000K, capacity 4158K, committed 4196K, reserved 1048576K
}
2016-05-12T15:28:32.027+0100: 21313.241: Total time for which application threads were stopped: 0.0301143 seconds, Stopping threads took: 0.0000955 seconds
2016-05-12T15:28:32.255+0100: 21313.469: Total time for which application threads were stopped: 0.0001982 seconds, Stopping threads took: 0.0000521 seconds
2016-05-12T15:28:32.257+0100: 21313.471: Total time for which application threads were stopped: 0.0001871 seconds, Stopping threads took: 0.0000442 seconds
2016-05-12T15:28:33.257+0100: 21314.471: Total time for which application threads were stopped: 0.0002061 seconds, Stopping threads took: 0.0000505 seconds
2016-05-12T15:28:36.023+0100: 21317.236: Total time for which application threads were stopped: 0.0002306 seconds, Stopping threads took: 0.0000576 seconds
2016-05-12T15:28:36.023+0100: 21317.237: Total time for which application threads were stopped: 0.0001327 seconds, Stopping threads took: 0.0000371 seconds
2016-05-12T15:28:36.026+0100: 21317.239: Total time for which application threads were stopped: 0.0001808 seconds, Stopping threads took: 0.0000505 seconds
2016-05-12T15:28:36.026+0100: 21317.240: Total time for which application threads were stopped: 0.0001019 seconds, Stopping threads took: 0.0000308 seconds
2016-05-12T15:28:36.026+0100: 21317.240: Total time for which application threads were stopped: 0.0001003 seconds, Stopping threads took: 0.0000284 seconds
2016-05-12T15:28:36.026+0100: 21317.240: Total time for which application threads were stopped: 0.0001011 seconds, Stopping threads took: 0.0000292 seconds
2016-05-12T15:28:36.027+0100: 21317.240: Total time for which application threads were stopped: 0.0001058 seconds, Stopping threads took: 0.0000261 seconds
2016-05-12T15:28:36.027+0100: 21317.240: Total time for which application threads were stopped: 0.0000995 seconds, Stopping threads took: 0.0000253 seconds
2016-05-12T15:28:36.027+0100: 21317.240: Total time for which application threads were stopped: 0.0001003 seconds, Stopping threads took: 0.0000245 seconds
2016-05-12T15:28:36.027+0100: 21317.241: Total time for which application threads were stopped: 0.0001098 seconds, Stopping threads took: 0.0000292 seconds
2016-05-12T15:28:36.028+0100: 21317.241: Total time for which application threads were stopped: 0.0001793 seconds, Stopping threads took: 0.0000308 seconds
2016-05-12T15:28:36.029+0100: 21317.242: Total time for which application threads were stopped: 0.0001311 seconds, Stopping threads took: 0.0000355 seconds
2016-05-12T15:28:36.029+0100: 21317.243: Total time for which application threads were stopped: 0.0001066 seconds, Stopping threads took: 0.0000300 seconds
2016-05-12T15:28:36.030+0100: 21317.243: Total time for which application threads were stopped: 0.0003040 seconds, Stopping threads took: 0.0000261 seconds
2016-05-12T15:28:37.030+0100: 21318.243: Total time for which application threads were stopped: 0.0001532 seconds, Stopping threads took: 0.0000466 seconds
2016-05-12T15:29:04.756+0100: 21345.970: Total time for which application threads were stopped: 0.0002116 seconds, Stopping threads took: 0.0000608 seconds
{Heap before GC invocations=309 (full 6):
 par new generation   total 109248K, used 106130K [0x00000000e0000000, 0x00000000e8000000, 0x00000000e8000000)
  eden space 87424K,  96% used [0x00000000e0000000, 0x00000000e5254ae0, 0x00000000e5560000)
  from space 21824K, 100% used [0x00000000e6ab0000, 0x00000000e8000000, 0x00000000e8000000)
  to   space 21824K,   0% used [0x00000000e5560000, 0x00000000e5560000, 0x00000000e6ab0000)
 concurrent mark-sweep generation total 393216K, used 144130K [0x00000000e8000000, 0x0000000100000000, 0x0000000100000000)
 Metaspace       used 37296K, capacity 37800K, committed 38244K, reserved 1083392K
  class space    used 4000K, capacity 4158K, committed 4196K, reserved 1048576K
2016-05-12T15:29:04.929+0100: 21346.143: [GC (Allocation Failure) 2016-05-12T15:29:04.929+0100: 21346.143: [ParNew
Desired survivor size 20112992 bytes, new threshold 3 (max 8)
- age   1:   17666312 bytes,   17666312 total
- age   2:     764048 bytes,   18430360 total
- age   3:    3916624 bytes,   22346984 total
: 106130K->21824K(109248K), 0.0276324 secs] 250261K->174098K(502464K), 0.0277485 secs] [Times: user=0.03 sys=0.00, real=0.03 secs] 
Heap after GC invocations=310 (full 6):
 par new generation   total 109248K, used 21824K [0x00000000e0000000, 0x00000000e8000000, 0x00000000e8000000)
  eden space 87424K,   0% used [0x00000000e0000000, 0x00000000e0000000, 0x00000000e5560000)
  from space 21824K, 100% used [0x00000000e5560000, 0x00000000e6ab0000, 0x00000000e6ab0000)
  to   space 21824K,   0% used [0x00000000e6ab0000, 0x00000000e6ab0000, 0x00000000e8000000)
 concurrent mark-sweep generation total 393216K, used 152274K [0x00000000e8000000, 0x0000000100000000, 0x0000000100000000)
 Metaspace       used 37296K, capacity 37800K, committed 38244K, reserved 1083392K
  class space    used 4000K, capacity 4158K, committed 4196K, reserved 1048576K
}
2016-05-12T15:29:04.957+0100: 21346.171: Total time for which application threads were stopped: 0.0282775 seconds, Stopping threads took: 0.0000655 seconds
2016-05-12T15:29:10.533+0100: 21351.749: Total time for which application threads were stopped: 0.0002195 seconds, Stopping threads took: 0.0000608 seconds
2016-05-12T15:29:10.533+0100: 21351.749: Total time for which application threads were stopped: 0.0001034 seconds, Stopping threads took: 0.0000268 seconds
2016-05-12T15:29:10.533+0100: 21351.749: Total time for which application threads were stopped: 0.0001090 seconds, Stopping threads took: 0.0000276 seconds
2016-05-12T15:29:10.533+0100: 21351.749: Total time for which application threads were stopped: 0.0001003 seconds, Stopping threads took: 0.0000261 seconds
2016-05-12T15:29:10.534+0100: 21351.750: Total time for which application threads were stopped: 0.0001153 seconds, Stopping threads took: 0.0000300 seconds
{Heap before GC invocations=310 (full 6):
 par new generation   total 109248K, used 105150K [0x00000000e0000000, 0x00000000e8000000, 0x00000000e8000000)
  eden space 87424K,  95% used [0x00000000e0000000, 0x00000000e515fa88, 0x00000000e5560000)
  from space 21824K, 100% used [0x00000000e5560000, 0x00000000e6ab0000, 0x00000000e6ab0000)
  to   space 21824K,   0% used [0x00000000e6ab0000, 0x00000000e6ab0000, 0x00000000e8000000)
 concurrent mark-sweep generation total 393216K, used 152274K [0x00000000e8000000, 0x0000000100000000, 0x0000000100000000)
 Metaspace       used 37296K, capacity 37800K, committed 38244K, reserved 1083392K
  class space    used 4000K, capacity 4158K, committed 4196K, reserved 1048576K
2016-05-12T15:29:10.720+0100: 21351.936: [GC (Allocation Failure) 2016-05-12T15:29:10.720+0100: 21351.936: [ParNew
Desired survivor size 20112992 bytes, new threshold 2 (max 8)
- age   1:    9319672 bytes,    9319672 total
- age   2:   11085888 bytes,   20405560 total
- age   3:     764048 bytes,   21169608 total
: 105150K->21824K(109248K), 0.0239415 secs] 257425K->177923K(502464K), 0.0241145 secs] [Times: user=0.03 sys=0.00, real=0.02 secs] 
Heap after GC invocations=311 (full 6):
 par new generation   total 109248K, used 21824K [0x00000000e0000000, 0x00000000e8000000, 0x00000000e8000000)
  eden space 87424K,   0% used [0x00000000e0000000, 0x00000000e0000000, 0x00000000e5560000)
  from space 21824K, 100% used [0x00000000e6ab0000, 0x00000000e8000000, 0x00000000e8000000)
  to   space 21824K,   0% used [0x00000000e5560000, 0x00000000e5560000, 0x00000000e6ab0000)
 concurrent mark-sweep generation total 393216K, used 156099K [0x00000000e8000000, 0x0000000100000000, 0x0000000100000000)
 Metaspace       used 37296K, capacity 37800K, committed 38244K, reserved 1083392K
  class space    used 4000K, capacity 4158K, committed 4196K, reserved 1048576K
}
2016-05-12T15:29:10.744+0100: 21351.960: Total time for which application threads were stopped: 0.0245867 seconds, Stopping threads took: 0.0000537 seconds
2016-05-12T15:29:12.297+0100: 21353.522: Total time for which application threads were stopped: 0.0001982 seconds, Stopping threads took: 0.0000490 seconds
2016-05-12T15:29:13.558+0100: 21354.774: Total time for which application threads were stopped: 0.0002085 seconds, Stopping threads took: 0.0000600 seconds
2016-05-12T15:29:34.141+0100: 21375.357: Total time for which application threads were stopped: 0.0002203 seconds, Stopping threads took: 0.0000474 seconds
2016-05-12T15:29:49.171+0100: 21390.387: Total time for which application threads were stopped: 0.0126408 seconds, Stopping threads took: 0.0124560 seconds
2016-05-12T15:29:49.174+0100: 21390.390: Total time for which application threads were stopped: 0.0001485 seconds, Stopping threads took: 0.0000426 seconds
2016-05-12T15:30:01.003+0100: 21402.220: Total time for which application threads were stopped: 0.0001556 seconds, Stopping threads took: 0.0000411 seconds
2016-05-12T15:30:01.004+0100: 21402.220: Total time for which application threads were stopped: 0.0001027 seconds, Stopping threads took: 0.0000308 seconds
2016-05-12T15:30:01.007+0100: 21402.224: Total time for which application threads were stopped: 0.0002069 seconds, Stopping threads took: 0.0000466 seconds
2016-05-12T15:30:01.439+0100: 21402.654: Total time for which application threads were stopped: 0.0001595 seconds, Stopping threads took: 0.0000426 seconds
2016-05-12T15:30:01.439+0100: 21402.654: Total time for which application threads were stopped: 0.0000932 seconds, Stopping threads took: 0.0000221 seconds
2016-05-12T15:30:01.440+0100: 21402.655: Total time for which application threads were stopped: 0.0001500 seconds, Stopping threads took: 0.0000205 seconds
{Heap before GC invocations=311 (full 6):
 par new generation   total 109248K, used 109232K [0x00000000e0000000, 0x00000000e8000000, 0x00000000e8000000)
  eden space 87424K,  99% used [0x00000000e0000000, 0x00000000e555c1e0, 0x00000000e5560000)
  from space 21824K, 100% used [0x00000000e6ab0000, 0x00000000e8000000, 0x00000000e8000000)
  to   space 21824K,   0% used [0x00000000e5560000, 0x00000000e5560000, 0x00000000e6ab0000)
 concurrent mark-sweep generation total 393216K, used 156099K [0x00000000e8000000, 0x0000000100000000, 0x0000000100000000)
 Metaspace       used 37296K, capacity 37800K, committed 38244K, reserved 1083392K
  class space    used 4000K, capacity 4158K, committed 4196K, reserved 1048576K
2016-05-12T15:30:01.445+0100: 21402.660: [GC (Allocation Failure) 2016-05-12T15:30:01.445+0100: 21402.660: [ParNew
Desired survivor size 20112992 bytes, new threshold 8 (max 8)
- age   1:     504528 bytes,     504528 total
- age   2:      21208 bytes,     525736 total
: 109232K->1450K(109248K), 0.0187946 secs] 265331K->169124K(502464K), 0.0189588 secs] [Times: user=0.03 sys=0.00, real=0.02 secs] 
Heap after GC invocations=312 (full 6):
 par new generation   total 109248K, used 1450K [0x00000000e0000000, 0x00000000e8000000, 0x00000000e8000000)
  eden space 87424K,   0% used [0x00000000e0000000, 0x00000000e0000000, 0x00000000e5560000)
  from space 21824K,   6% used [0x00000000e5560000, 0x00000000e56caba0, 0x00000000e6ab0000)
  to   space 21824K,   0% used [0x00000000e6ab0000, 0x00000000e6ab0000, 0x00000000e8000000)
 concurrent mark-sweep generation total 393216K, used 167673K [0x00000000e8000000, 0x0000000100000000, 0x0000000100000000)
 Metaspace       used 37296K, capacity 37800K, committed 38244K, reserved 1083392K
  class space    used 4000K, capacity 4158K, committed 4196K, reserved 1048576K
}
2016-05-12T15:30:01.464+0100: 21402.679: Total time for which application threads were stopped: 0.0194760 seconds, Stopping threads took: 0.0000419 seconds
{Heap before GC invocations=312 (full 6):
 par new generation   total 109248K, used 88874K [0x00000000e0000000, 0x00000000e8000000, 0x00000000e8000000)
  eden space 87424K, 100% used [0x00000000e0000000, 0x00000000e5560000, 0x00000000e5560000)
  from space 21824K,   6% used [0x00000000e5560000, 0x00000000e56caba0, 0x00000000e6ab0000)
  to   space 21824K,   0% used [0x00000000e6ab0000, 0x00000000e6ab0000, 0x00000000e8000000)
 concurrent mark-sweep generation total 393216K, used 167673K [0x00000000e8000000, 0x0000000100000000, 0x0000000100000000)
 Metaspace       used 37296K, capacity 37800K, committed 38244K, reserved 1083392K
  class space    used 4000K, capacity 4158K, committed 4196K, reserved 1048576K
2016-05-12T15:30:28.391+0100: 21429.608: [GC (Allocation Failure) 2016-05-12T15:30:28.391+0100: 21429.608: [ParNew
Desired survivor size 20112992 bytes, new threshold 8 (max 8)
- age   1:    1417616 bytes,    1417616 total
- age   2:     116912 bytes,    1534528 total
- age   3:      21208 bytes,    1555736 total
: 88874K->1811K(109248K), 0.0085204 secs] 256548K->169484K(502464K), 0.0086625 secs] [Times: user=0.00 sys=0.00, real=0.01 secs] 
Heap after GC invocations=313 (full 6):
 par new generation   total 109248K, used 1811K [0x00000000e0000000, 0x00000000e8000000, 0x00000000e8000000)
  eden space 87424K,   0% used [0x00000000e0000000, 0x00000000e0000000, 0x00000000e5560000)
  from space 21824K,   8% used [0x00000000e6ab0000, 0x00000000e6c74c88, 0x00000000e8000000)
  to   space 21824K,   0% used [0x00000000e5560000, 0x00000000e5560000, 0x00000000e6ab0000)
 concurrent mark-sweep generation total 393216K, used 167673K [0x00000000e8000000, 0x0000000100000000, 0x0000000100000000)
 Metaspace       used 37296K, capacity 37800K, committed 38244K, reserved 1083392K
  class space    used 4000K, capacity 4158K, committed 4196K, reserved 1048576K
}
2016-05-12T15:30:28.400+0100: 21429.617: Total time for which application threads were stopped: 0.0224388 seconds, Stopping threads took: 0.0000561 seconds
{Heap before GC invocations=313 (full 6):
 par new generation   total 109248K, used 89235K [0x00000000e0000000, 0x00000000e8000000, 0x00000000e8000000)
  eden space 87424K, 100% used [0x00000000e0000000, 0x00000000e5560000, 0x00000000e5560000)
  from space 21824K,   8% used [0x00000000e6ab0000, 0x00000000e6c74c88, 0x00000000e8000000)
  to   space 21824K,   0% used [0x00000000e5560000, 0x00000000e5560000, 0x00000000e6ab0000)
 concurrent mark-sweep generation total 393216K, used 167673K [0x00000000e8000000, 0x0000000100000000, 0x0000000100000000)
 Metaspace       used 37296K, capacity 37800K, committed 38244K, reserved 1083392K
  class space    used 4000K, capacity 4158K, committed 4196K, reserved 1048576K
2016-05-12T15:31:11.638+0100: 21472.858: [GC (Allocation Failure) 2016-05-12T15:31:11.638+0100: 21472.858: [ParNew
Desired survivor size 20112992 bytes, new threshold 8 (max 8)
- age   1:     368824 bytes,     368824 total
- age   2:       9088 bytes,     377912 total
- age   3:     114480 bytes,     492392 total
- age   4:      21208 bytes,     513600 total
: 89235K->1176K(109248K), 0.0071827 secs] 256908K->168850K(502464K), 0.0073643 secs] [Times: user=0.00 sys=0.00, real=0.01 secs] 
Heap after GC invocations=314 (full 6):
 par new generation   total 109248K, used 1176K [0x00000000e0000000, 0x00000000e8000000, 0x00000000e8000000)
  eden space 87424K,   0% used [0x00000000e0000000, 0x00000000e0000000, 0x00000000e5560000)
  from space 21824K,   5% used [0x00000000e5560000, 0x00000000e5686330, 0x00000000e6ab0000)
  to   space 21824K,   0% used [0x00000000e6ab0000, 0x00000000e6ab0000, 0x00000000e8000000)
 concurrent mark-sweep generation total 393216K, used 167673K [0x00000000e8000000, 0x0000000100000000, 0x0000000100000000)
 Metaspace       used 37296K, capacity 37800K, committed 38244K, reserved 1083392K
  class space    used 4000K, capacity 4158K, committed 4196K, reserved 1048576K
}
2016-05-12T15:31:11.645+0100: 21472.865: Total time for which application threads were stopped: 0.0078642 seconds, Stopping threads took: 0.0000561 seconds
2016-05-12T15:31:15.645+0100: 21476.865: Total time for which application threads were stopped: 0.0001516 seconds, Stopping threads took: 0.0000458 seconds
2016-05-12T15:32:48.108+0100: 21569.333: Total time for which application threads were stopped: 0.0002108 seconds, Stopping threads took: 0.0000569 seconds
2016-05-12T15:32:48.111+0100: 21569.336: Total time for which application threads were stopped: 0.0001342 seconds, Stopping threads took: 0.0000340 seconds
2016-05-12T15:32:48.111+0100: 21569.336: Total time for which application threads were stopped: 0.0000900 seconds, Stopping threads took: 0.0000213 seconds
2016-05-12T15:32:48.112+0100: 21569.337: Total time for which application threads were stopped: 0.0001571 seconds, Stopping threads took: 0.0000237 seconds
2016-05-12T15:32:48.113+0100: 21569.338: Total time for which application threads were stopped: 0.0001169 seconds, Stopping threads took: 0.0000245 seconds
2016-05-12T15:32:48.113+0100: 21569.338: Total time for which application threads were stopped: 0.0000987 seconds, Stopping threads took: 0.0000213 seconds
2016-05-12T15:32:48.177+0100: 21569.401: Total time for which application threads were stopped: 0.0001998 seconds, Stopping threads took: 0.0000616 seconds
2016-05-12T15:32:48.177+0100: 21569.402: Total time for which application threads were stopped: 0.0000987 seconds, Stopping threads took: 0.0000284 seconds
2016-05-12T15:32:48.178+0100: 21569.403: Total time for which application threads were stopped: 0.0004177 seconds, Stopping threads took: 0.0000300 seconds
2016-05-12T15:32:48.180+0100: 21569.405: Total time for which application threads were stopped: 0.0002187 seconds, Stopping threads took: 0.0000537 seconds
2016-05-12T15:32:48.181+0100: 21569.406: Total time for which application threads were stopped: 0.0001042 seconds, Stopping threads took: 0.0000205 seconds
2016-05-12T15:32:48.182+0100: 21569.407: Total time for which application threads were stopped: 0.0004343 seconds, Stopping threads took: 0.0002906 seconds
2016-05-12T15:32:48.209+0100: 21569.434: Total time for which application threads were stopped: 0.0002401 seconds, Stopping threads took: 0.0000600 seconds
2016-05-12T15:32:48.220+0100: 21569.445: Total time for which application threads were stopped: 0.0002108 seconds, Stopping threads took: 0.0000450 seconds
2016-05-12T15:32:48.234+0100: 21569.459: Total time for which application threads were stopped: 0.0001761 seconds, Stopping threads took: 0.0000513 seconds
2016-05-12T15:32:48.234+0100: 21569.459: Total time for which application threads were stopped: 0.0000861 seconds, Stopping threads took: 0.0000197 seconds
2016-05-12T15:32:48.234+0100: 21569.459: Total time for which application threads were stopped: 0.0001184 seconds, Stopping threads took: 0.0000197 seconds
{Heap before GC invocations=314 (full 6):
 par new generation   total 109248K, used 88600K [0x00000000e0000000, 0x00000000e8000000, 0x00000000e8000000)
  eden space 87424K, 100% used [0x00000000e0000000, 0x00000000e5560000, 0x00000000e5560000)
  from space 21824K,   5% used [0x00000000e5560000, 0x00000000e5686330, 0x00000000e6ab0000)
  to   space 21824K,   0% used [0x00000000e6ab0000, 0x00000000e6ab0000, 0x00000000e8000000)
 concurrent mark-sweep generation total 393216K, used 167673K [0x00000000e8000000, 0x0000000100000000, 0x0000000100000000)
 Metaspace       used 37296K, capacity 37800K, committed 38244K, reserved 1083392K
  class space    used 4000K, capacity 4158K, committed 4196K, reserved 1048576K
2016-05-12T15:32:48.649+0100: 21569.873: [GC (Allocation Failure) 2016-05-12T15:32:48.649+0100: 21569.873: [ParNew
Desired survivor size 20112992 bytes, new threshold 8 (max 8)
- age   1:    6731696 bytes,    6731696 total
- age   2:       7792 bytes,    6739488 total
- age   3:       2520 bytes,    6742008 total
- age   4:     102568 bytes,    6844576 total
- age   5:      21208 bytes,    6865784 total
: 88600K->7006K(109248K), 0.0119214 secs] 256274K->174680K(502464K), 0.0120486 secs] [Times: user=0.03 sys=0.00, real=0.01 secs] 
Heap after GC invocations=315 (full 6):
 par new generation   total 109248K, used 7006K [0x00000000e0000000, 0x00000000e8000000, 0x00000000e8000000)
  eden space 87424K,   0% used [0x00000000e0000000, 0x00000000e0000000, 0x00000000e5560000)
  from space 21824K,  32% used [0x00000000e6ab0000, 0x00000000e7187a90, 0x00000000e8000000)
  to   space 21824K,   0% used [0x00000000e5560000, 0x00000000e5560000, 0x00000000e6ab0000)
 concurrent mark-sweep generation total 393216K, used 167673K [0x00000000e8000000, 0x0000000100000000, 0x0000000100000000)
 Metaspace       used 37296K, capacity 37800K, committed 38244K, reserved 1083392K
  class space    used 4000K, capacity 4158K, committed 4196K, reserved 1048576K
}
2016-05-12T15:32:48.661+0100: 21569.886: Total time for which application threads were stopped: 0.0138000 seconds, Stopping threads took: 0.0012453 seconds
{Heap before GC invocations=315 (full 6):
 par new generation   total 109248K, used 88800K [0x00000000e0000000, 0x00000000e8000000, 0x00000000e8000000)
  eden space 87424K,  93% used [0x00000000e0000000, 0x00000000e4fe0678, 0x00000000e5560000)
  from space 21824K,  32% used [0x00000000e6ab0000, 0x00000000e7187a90, 0x00000000e8000000)
  to   space 21824K,   0% used [0x00000000e5560000, 0x00000000e5560000, 0x00000000e6ab0000)
 concurrent mark-sweep generation total 393216K, used 167673K [0x00000000e8000000, 0x0000000100000000, 0x0000000100000000)
 Metaspace       used 37296K, capacity 37800K, committed 38244K, reserved 1083392K
  class space    used 4000K, capacity 4158K, committed 4196K, reserved 1048576K
2016-05-12T15:32:49.194+0100: 21570.419: [GC (Allocation Failure) 2016-05-12T15:32:49.194+0100: 21570.419: [ParNew
Desired survivor size 20112992 bytes, new threshold 8 (max 8)
- age   1:    7612576 bytes,    7612576 total
- age   2:    5484784 bytes,   13097360 total
- age   3:       7792 bytes,   13105152 total
- age   4:       2520 bytes,   13107672 total
- age   5:     102568 bytes,   13210240 total
- age   6:      21208 bytes,   13231448 total
: 88800K->14090K(109248K), 0.0149663 secs] 256473K->181764K(502464K), 0.0151235 secs] [Times: user=0.03 sys=0.00, real=0.02 secs] 
Heap after GC invocations=316 (full 6):
 par new generation   total 109248K, used 14090K [0x00000000e0000000, 0x00000000e8000000, 0x00000000e8000000)
  eden space 87424K,   0% used [0x00000000e0000000, 0x00000000e0000000, 0x00000000e5560000)
  from space 21824K,  64% used [0x00000000e5560000, 0x00000000e6322a48, 0x00000000e6ab0000)
  to   space 21824K,   0% used [0x00000000e6ab0000, 0x00000000e6ab0000, 0x00000000e8000000)
 concurrent mark-sweep generation total 393216K, used 167673K [0x00000000e8000000, 0x0000000100000000, 0x0000000100000000)
 Metaspace       used 37296K, capacity 37800K, committed 38244K, reserved 1083392K
  class space    used 4000K, capacity 4158K, committed 4196K, reserved 1048576K
}
2016-05-12T15:32:49.209+0100: 21570.434: Total time for which application threads were stopped: 0.0156123 seconds, Stopping threads took: 0.0000624 seconds
{Heap before GC invocations=316 (full 6):
 par new generation   total 109248K, used 94252K [0x00000000e0000000, 0x00000000e8000000, 0x00000000e8000000)
  eden space 87424K,  91% used [0x00000000e0000000, 0x00000000e4e488c0, 0x00000000e5560000)
  from space 21824K,  64% used [0x00000000e5560000, 0x00000000e6322a48, 0x00000000e6ab0000)
  to   space 21824K,   0% used [0x00000000e6ab0000, 0x00000000e6ab0000, 0x00000000e8000000)
 concurrent mark-sweep generation total 393216K, used 167673K [0x00000000e8000000, 0x0000000100000000, 0x0000000100000000)
 Metaspace       used 37296K, capacity 37800K, committed 38244K, reserved 1083392K
  class space    used 4000K, capacity 4158K, committed 4196K, reserved 1048576K
2016-05-12T15:32:49.669+0100: 21570.894: [GC (Allocation Failure) 2016-05-12T15:32:49.669+0100: 21570.894: [ParNew
Desired survivor size 20112992 bytes, new threshold 3 (max 8)
- age   1:   14046360 bytes,   14046360 total
- age   2:    4097176 bytes,   18143536 total
- age   3:    4017432 bytes,   22160968 total
- age   4:       7792 bytes,   22168760 total
- age   5:       2520 bytes,   22171280 total
- age   6:     102568 bytes,   22273848 total
- age   7:      21208 bytes,   22295056 total
: 94252K->21824K(109248K), 0.0235546 secs] 261926K->193213K(502464K), 0.0237141 secs] [Times: user=0.03 sys=0.00, real=0.02 secs] 
Heap after GC invocations=317 (full 6):
 par new generation   total 109248K, used 21824K [0x00000000e0000000, 0x00000000e8000000, 0x00000000e8000000)
  eden space 87424K,   0% used [0x00000000e0000000, 0x00000000e0000000, 0x00000000e5560000)
  from space 21824K, 100% used [0x00000000e6ab0000, 0x00000000e8000000, 0x00000000e8000000)
  to   space 21824K,   0% used [0x00000000e5560000, 0x00000000e5560000, 0x00000000e6ab0000)
 concurrent mark-sweep generation total 393216K, used 171389K [0x00000000e8000000, 0x0000000100000000, 0x0000000100000000)
 Metaspace       used 37296K, capacity 37800K, committed 38244K, reserved 1083392K
  class space    used 4000K, capacity 4158K, committed 4196K, reserved 1048576K
}
2016-05-12T15:32:49.693+0100: 21570.918: Total time for which application threads were stopped: 0.0242116 seconds, Stopping threads took: 0.0000600 seconds
2016-05-12T15:32:49.868+0100: 21571.093: Total time for which application threads were stopped: 0.0134044 seconds, Stopping threads took: 0.0132101 seconds
{Heap before GC invocations=317 (full 6):
 par new generation   total 109248K, used 100598K [0x00000000e0000000, 0x00000000e8000000, 0x00000000e8000000)
  eden space 87424K,  90% used [0x00000000e0000000, 0x00000000e4ced800, 0x00000000e5560000)
  from space 21824K, 100% used [0x00000000e6ab0000, 0x00000000e8000000, 0x00000000e8000000)
  to   space 21824K,   0% used [0x00000000e5560000, 0x00000000e5560000, 0x00000000e6ab0000)
 concurrent mark-sweep generation total 393216K, used 171389K [0x00000000e8000000, 0x0000000100000000, 0x0000000100000000)
 Metaspace       used 37296K, capacity 37800K, committed 38244K, reserved 1083392K
  class space    used 4000K, capacity 4158K, committed 4196K, reserved 1048576K
2016-05-12T15:32:50.120+0100: 21571.345: [GC (Allocation Failure) 2016-05-12T15:32:50.120+0100: 21571.345: [ParNew
Desired survivor size 20112992 bytes, new threshold 3 (max 8)
- age   1:   17814232 bytes,   17814232 total
- age   2:     503744 bytes,   18317976 total
- age   3:    4027712 bytes,   22345688 total
: 100598K->21824K(109248K), 0.0259252 secs] 271987K->198769K(502464K), 0.0260847 secs] [Times: user=0.03 sys=0.00, real=0.03 secs] 
Heap after GC invocations=318 (full 6):
 par new generation   total 109248K, used 21824K [0x00000000e0000000, 0x00000000e8000000, 0x00000000e8000000)
  eden space 87424K,   0% used [0x00000000e0000000, 0x00000000e0000000, 0x00000000e5560000)
  from space 21824K, 100% used [0x00000000e5560000, 0x00000000e6ab0000, 0x00000000e6ab0000)
  to   space 21824K,   0% used [0x00000000e6ab0000, 0x00000000e6ab0000, 0x00000000e8000000)
 concurrent mark-sweep generation total 393216K, used 176945K [0x00000000e8000000, 0x0000000100000000, 0x0000000100000000)
 Metaspace       used 37296K, capacity 37800K, committed 38244K, reserved 1083392K
  class space    used 4000K, capacity 4158K, committed 4196K, reserved 1048576K
}
2016-05-12T15:32:50.146+0100: 21571.371: Total time for which application threads were stopped: 0.0266572 seconds, Stopping threads took: 0.0001271 seconds
{Heap before GC invocations=318 (full 6):
 par new generation   total 109248K, used 108063K [0x00000000e0000000, 0x00000000e8000000, 0x00000000e8000000)
  eden space 87424K,  98% used [0x00000000e0000000, 0x00000000e5437c88, 0x00000000e5560000)
  from space 21824K, 100% used [0x00000000e5560000, 0x00000000e6ab0000, 0x00000000e6ab0000)
  to   space 21824K,   0% used [0x00000000e6ab0000, 0x00000000e6ab0000, 0x00000000e8000000)
 concurrent mark-sweep generation total 393216K, used 176945K [0x00000000e8000000, 0x0000000100000000, 0x0000000100000000)
 Metaspace       used 37296K, capacity 37800K, committed 38244K, reserved 1083392K
  class space    used 4000K, capacity 4158K, committed 4196K, reserved 1048576K
2016-05-12T15:32:50.618+0100: 21571.843: [GC (Allocation Failure) 2016-05-12T15:32:50.618+0100: 21571.843: [ParNew
Desired survivor size 20112992 bytes, new threshold 2 (max 8)
- age   1:   16452512 bytes,   16452512 total
- age   2:    5389560 bytes,   21842072 total
- age   3:     503712 bytes,   22345784 total
: 108063K->21824K(109248K), 0.0351783 secs] 285008K->220546K(502464K), 0.0353386 secs] [Times: user=0.06 sys=0.00, real=0.04 secs] 
Heap after GC invocations=319 (full 6):
 par new generation   total 109248K, used 21824K [0x00000000e0000000, 0x00000000e8000000, 0x00000000e8000000)
  eden space 87424K,   0% used [0x00000000e0000000, 0x00000000e0000000, 0x00000000e5560000)
  from space 21824K, 100% used [0x00000000e6ab0000, 0x00000000e8000000, 0x00000000e8000000)
  to   space 21824K,   0% used [0x00000000e5560000, 0x00000000e5560000, 0x00000000e6ab0000)
 concurrent mark-sweep generation total 393216K, used 198722K [0x00000000e8000000, 0x0000000100000000, 0x0000000100000000)
 Metaspace       used 37296K, capacity 37800K, committed 38244K, reserved 1083392K
  class space    used 4000K, capacity 4158K, committed 4196K, reserved 1048576K
}
2016-05-12T15:32:50.654+0100: 21571.879: Total time for which application threads were stopped: 0.0368832 seconds, Stopping threads took: 0.0010787 seconds
2016-05-12T15:32:50.663+0100: 21571.888: [GC (CMS Initial Mark) [1 CMS-initial-mark: 198722K(393216K)] 227762K(502464K), 0.0027014 secs] [Times: user=0.00 sys=0.00, real=0.00 secs] 
2016-05-12T15:32:50.666+0100: 21571.891: Total time for which application threads were stopped: 0.0100531 seconds, Stopping threads took: 0.0070643 seconds
2016-05-12T15:32:50.666+0100: 21571.891: [CMS-concurrent-mark-start]
2016-05-12T15:32:50.743+0100: 21571.968: [CMS-concurrent-mark: 0.077/0.077 secs] [Times: user=0.16 sys=0.00, real=0.08 secs] 
2016-05-12T15:32:50.743+0100: 21571.968: [CMS-concurrent-preclean-start]
2016-05-12T15:32:50.746+0100: 21571.971: [CMS-concurrent-preclean: 0.003/0.003 secs] [Times: user=0.00 sys=0.00, real=0.00 secs] 
2016-05-12T15:32:50.746+0100: 21571.971: [CMS-concurrent-abortable-preclean-start]
2016-05-12T15:32:51.178+0100: 21572.403: [CMS-concurrent-abortable-preclean: 0.031/0.432 secs] [Times: user=0.34 sys=0.02, real=0.43 secs] 
2016-05-12T15:32:51.178+0100: 21572.403: [GC (CMS Final Remark) [YG occupancy: 94558 K (109248 K)]{Heap before GC invocations=319 (full 7):
 par new generation   total 109248K, used 94558K [0x00000000e0000000, 0x00000000e8000000, 0x00000000e8000000)
  eden space 87424K,  83% used [0x00000000e0000000, 0x00000000e4707bc8, 0x00000000e5560000)
  from space 21824K, 100% used [0x00000000e6ab0000, 0x00000000e8000000, 0x00000000e8000000)
  to   space 21824K,   0% used [0x00000000e5560000, 0x00000000e5560000, 0x00000000e6ab0000)
 concurrent mark-sweep generation total 393216K, used 198722K [0x00000000e8000000, 0x0000000100000000, 0x0000000100000000)
 Metaspace       used 37296K, capacity 37800K, committed 38244K, reserved 1083392K
  class space    used 4000K, capacity 4158K, committed 4196K, reserved 1048576K
2016-05-12T15:32:51.178+0100: 21572.403: [GC (CMS Final Remark) 2016-05-12T15:32:51.178+0100: 21572.403: [ParNew
Desired survivor size 20112992 bytes, new threshold 8 (max 8)
- age   1:   13091808 bytes,   13091808 total
- age   2:    4138632 bytes,   17230440 total
: 94558K->18561K(109248K), 0.0256946 secs] 293281K->229577K(502464K), 0.0258091 secs] [Times: user=0.03 sys=0.00, real=0.03 secs] 
Heap after GC invocations=320 (full 7):
 par new generation   total 109248K, used 18561K [0x00000000e0000000, 0x00000000e8000000, 0x00000000e8000000)
  eden space 87424K,   0% used [0x00000000e0000000, 0x00000000e0000000, 0x00000000e5560000)
  from space 21824K,  85% used [0x00000000e5560000, 0x00000000e67806d0, 0x00000000e6ab0000)
  to   space 21824K,   0% used [0x00000000e6ab0000, 0x00000000e6ab0000, 0x00000000e8000000)
 concurrent mark-sweep generation total 393216K, used 211015K [0x00000000e8000000, 0x0000000100000000, 0x0000000100000000)
 Metaspace       used 37296K, capacity 37800K, committed 38244K, reserved 1083392K
  class space    used 4000K, capacity 4158K, committed 4196K, reserved 1048576K
}
2016-05-12T15:32:51.204+0100: 21572.429: [Rescan (parallel) , 0.0036916 secs]2016-05-12T15:32:51.208+0100: 21572.433: [weak refs processing, 0.0021613 secs]2016-05-12T15:32:51.210+0100: 21572.435: [class unloading, 0.0326767 secs]2016-05-12T15:32:51.243+0100: 21572.468: [scrub symbol table, 0.0153319 secs]2016-05-12T15:32:51.258+0100: 21572.483: [scrub string table, 0.0014174 secs][1 CMS-remark: 211015K(393216K)] 229577K(502464K), 0.0831933 secs] [Times: user=0.09 sys=0.00, real=0.08 secs] 
2016-05-12T15:32:51.261+0100: 21572.486: Total time for which application threads were stopped: 0.0835021 seconds, Stopping threads took: 0.0000505 seconds
2016-05-12T15:32:51.262+0100: 21572.487: [CMS-concurrent-sweep-start]
2016-05-12T15:32:51.314+0100: 21572.539: [CMS-concurrent-sweep: 0.052/0.052 secs] [Times: user=0.08 sys=0.00, real=0.05 secs] 
2016-05-12T15:32:51.314+0100: 21572.539: [CMS-concurrent-reset-start]
2016-05-12T15:32:51.316+0100: 21572.541: [CMS-concurrent-reset: 0.002/0.002 secs] [Times: user=0.00 sys=0.00, real=0.00 secs] 
2016-05-12T15:32:51.740+0100: 21572.965: Total time for which application threads were stopped: 0.0003711 seconds, Stopping threads took: 0.0000497 seconds
2016-05-12T15:32:51.744+0100: 21572.969: Total time for which application threads were stopped: 0.0001935 seconds, Stopping threads took: 0.0000537 seconds
2016-05-12T15:32:52.744+0100: 21573.969: Total time for which application threads were stopped: 0.0002061 seconds, Stopping threads took: 0.0000553 seconds
2016-05-12T15:32:55.217+0100: 21576.442: Total time for which application threads were stopped: 0.0231306 seconds, Stopping threads took: 0.0228724 seconds
2016-05-12T15:32:55.217+0100: 21576.442: Total time for which application threads were stopped: 0.0001619 seconds, Stopping threads took: 0.0000813 seconds
2016-05-12T15:32:55.217+0100: 21576.442: Total time for which application threads were stopped: 0.0001192 seconds, Stopping threads took: 0.0000379 seconds
2016-05-12T15:32:55.220+0100: 21576.445: Total time for which application threads were stopped: 0.0001603 seconds, Stopping threads took: 0.0000355 seconds
2016-05-12T15:32:55.220+0100: 21576.446: Total time for which application threads were stopped: 0.0001058 seconds, Stopping threads took: 0.0000229 seconds
2016-05-12T15:32:55.221+0100: 21576.446: Total time for which application threads were stopped: 0.0001098 seconds, Stopping threads took: 0.0000284 seconds
2016-05-12T15:32:55.221+0100: 21576.447: Total time for which application threads were stopped: 0.0003277 seconds, Stopping threads took: 0.0000324 seconds
2016-05-12T15:32:56.222+0100: 21577.446: Total time for which application threads were stopped: 0.0002219 seconds, Stopping threads took: 0.0000537 seconds
2016-05-12T15:33:17.142+0100: 21598.371: Total time for which application threads were stopped: 0.0002061 seconds, Stopping threads took: 0.0000466 seconds
{Heap before GC invocations=320 (full 7):
 par new generation   total 109248K, used 105927K [0x00000000e0000000, 0x00000000e8000000, 0x00000000e8000000)
  eden space 87424K,  99% used [0x00000000e0000000, 0x00000000e5551630, 0x00000000e5560000)
  from space 21824K,  85% used [0x00000000e5560000, 0x00000000e67806d0, 0x00000000e6ab0000)
  to   space 21824K,   0% used [0x00000000e6ab0000, 0x00000000e6ab0000, 0x00000000e8000000)
 concurrent mark-sweep generation total 393216K, used 66538K [0x00000000e8000000, 0x0000000100000000, 0x0000000100000000)
 Metaspace       used 37298K, capacity 37796K, committed 38244K, reserved 1083392K
  class space    used 3999K, capacity 4156K, committed 4196K, reserved 1048576K
2016-05-12T15:33:17.163+0100: 21598.392: [GC (Allocation Failure) 2016-05-12T15:33:17.163+0100: 21598.392: [ParNew
Desired survivor size 20112992 bytes, new threshold 3 (max 8)
- age   1:    6416864 bytes,    6416864 total
- age   2:   10501656 bytes,   16918520 total
- age   3:    4138216 bytes,   21056736 total
: 105927K->21556K(109248K), 0.0217297 secs] 172465K->88094K(502464K), 0.0218995 secs] [Times: user=0.05 sys=0.00, real=0.02 secs] 
Heap after GC invocations=321 (full 7):
 par new generation   total 109248K, used 21556K [0x00000000e0000000, 0x00000000e8000000, 0x00000000e8000000)
  eden space 87424K,   0% used [0x00000000e0000000, 0x00000000e0000000, 0x00000000e5560000)
  from space 21824K,  98% used [0x00000000e6ab0000, 0x00000000e7fbd168, 0x00000000e8000000)
  to   space 21824K,   0% used [0x00000000e5560000, 0x00000000e5560000, 0x00000000e6ab0000)
 concurrent mark-sweep generation total 393216K, used 66538K [0x00000000e8000000, 0x0000000100000000, 0x0000000100000000)
 Metaspace       used 37298K, capacity 37796K, committed 38244K, reserved 1083392K
  class space    used 3999K, capacity 4156K, committed 4196K, reserved 1048576K
}
2016-05-12T15:33:17.185+0100: 21598.414: Total time for which application threads were stopped: 0.0224049 seconds, Stopping threads took: 0.0000687 seconds
2016-05-12T15:33:18.185+0100: 21599.414: Total time for which application threads were stopped: 0.0001571 seconds, Stopping threads took: 0.0000505 seconds
2016-05-12T15:33:20.840+0100: 21602.069: Total time for which application threads were stopped: 0.0003593 seconds, Stopping threads took: 0.0000948 seconds
2016-05-12T15:33:20.841+0100: 21602.070: Total time for which application threads were stopped: 0.0001895 seconds, Stopping threads took: 0.0000442 seconds
2016-05-12T15:33:20.842+0100: 21602.070: Total time for which application threads were stopped: 0.0005559 seconds, Stopping threads took: 0.0000442 seconds
2016-05-12T15:33:20.842+0100: 21602.071: Total time for which application threads were stopped: 0.0001721 seconds, Stopping threads took: 0.0000419 seconds
2016-05-12T15:33:20.842+0100: 21602.071: Total time for which application threads were stopped: 0.0001714 seconds, Stopping threads took: 0.0000442 seconds
2016-05-12T15:33:22.510+0100: 21603.747: Total time for which application threads were stopped: 0.0002132 seconds, Stopping threads took: 0.0000569 seconds
2016-05-12T15:33:22.510+0100: 21603.747: Total time for which application threads were stopped: 0.0001777 seconds, Stopping threads took: 0.0000324 seconds
{Heap before GC invocations=321 (full 7):
 par new generation   total 109248K, used 106890K [0x00000000e0000000, 0x00000000e8000000, 0x00000000e8000000)
  eden space 87424K,  97% used [0x00000000e0000000, 0x00000000e5355a18, 0x00000000e5560000)
  from space 21824K,  98% used [0x00000000e6ab0000, 0x00000000e7fbd168, 0x00000000e8000000)
  to   space 21824K,   0% used [0x00000000e5560000, 0x00000000e5560000, 0x00000000e6ab0000)
 concurrent mark-sweep generation total 393216K, used 66538K [0x00000000e8000000, 0x0000000100000000, 0x0000000100000000)
 Metaspace       used 37298K, capacity 37796K, committed 38244K, reserved 1083392K
  class space    used 3999K, capacity 4156K, committed 4196K, reserved 1048576K
2016-05-12T15:33:22.588+0100: 21603.817: [GC (Allocation Failure) 2016-05-12T15:33:22.588+0100: 21603.817: [ParNew
Desired survivor size 20112992 bytes, new threshold 3 (max 8)
- age   1:    3384280 bytes,    3384280 total
- age   2:    6370440 bytes,    9754720 total
- age   3:   10501656 bytes,   20256376 total
: 106890K->21824K(109248K), 0.0238152 secs] 173429K->92401K(502464K), 0.0241374 secs] [Times: user=0.05 sys=0.00, real=0.02 secs] 
Heap after GC invocations=322 (full 7):
 par new generation   total 109248K, used 21824K [0x00000000e0000000, 0x00000000e8000000, 0x00000000e8000000)
  eden space 87424K,   0% used [0x00000000e0000000, 0x00000000e0000000, 0x00000000e5560000)
  from space 21824K, 100% used [0x00000000e5560000, 0x00000000e6ab0000, 0x00000000e6ab0000)
  to   space 21824K,   0% used [0x00000000e6ab0000, 0x00000000e6ab0000, 0x00000000e8000000)
 concurrent mark-sweep generation total 393216K, used 70577K [0x00000000e8000000, 0x0000000100000000, 0x0000000100000000)
 Metaspace       used 37298K, capacity 37796K, committed 38244K, reserved 1083392K
  class space    used 3999K, capacity 4156K, committed 4196K, reserved 1048576K
}
2016-05-12T15:33:22.612+0100: 21603.841: Total time for which application threads were stopped: 0.0246009 seconds, Stopping threads took: 0.0000640 seconds
2016-05-12T15:33:23.887+0100: 21605.116: Total time for which application threads were stopped: 0.0003056 seconds, Stopping threads took: 0.0001153 seconds
2016-05-12T15:33:23.888+0100: 21605.117: Total time for which application threads were stopped: 0.0001350 seconds, Stopping threads took: 0.0000363 seconds
2016-05-12T15:33:25.514+0100: 21606.744: Total time for which application threads were stopped: 0.0002069 seconds, Stopping threads took: 0.0000553 seconds
{Heap before GC invocations=322 (full 7):
 par new generation   total 109248K, used 104559K [0x00000000e0000000, 0x00000000e8000000, 0x00000000e8000000)
  eden space 87424K,  94% used [0x00000000e0000000, 0x00000000e50cbe90, 0x00000000e5560000)
  from space 21824K, 100% used [0x00000000e5560000, 0x00000000e6ab0000, 0x00000000e6ab0000)
  to   space 21824K,   0% used [0x00000000e6ab0000, 0x00000000e6ab0000, 0x00000000e8000000)
 concurrent mark-sweep generation total 393216K, used 70577K [0x00000000e8000000, 0x0000000100000000, 0x0000000100000000)
 Metaspace       used 37299K, capacity 37796K, committed 38244K, reserved 1083392K
  class space    used 3999K, capacity 4156K, committed 4196K, reserved 1048576K
2016-05-12T15:33:25.584+0100: 21606.813: [GC (Allocation Failure) 2016-05-12T15:33:25.584+0100: 21606.813: [ParNew
Desired survivor size 20112992 bytes, new threshold 8 (max 8)
- age   1:    9358264 bytes,    9358264 total
- age   2:      42880 bytes,    9401144 total
- age   3:    6370440 bytes,   15771584 total
: 104559K->16886K(109248K), 0.0244130 secs] 175136K->97719K(502464K), 0.0245622 secs] [Times: user=0.05 sys=0.00, real=0.02 secs] 
Heap after GC invocations=323 (full 7):
 par new generation   total 109248K, used 16886K [0x00000000e0000000, 0x00000000e8000000, 0x00000000e8000000)
  eden space 87424K,   0% used [0x00000000e0000000, 0x00000000e0000000, 0x00000000e5560000)
  from space 21824K,  77% used [0x00000000e6ab0000, 0x00000000e7b2d9a0, 0x00000000e8000000)
  to   space 21824K,   0% used [0x00000000e5560000, 0x00000000e5560000, 0x00000000e6ab0000)
 concurrent mark-sweep generation total 393216K, used 80832K [0x00000000e8000000, 0x0000000100000000, 0x0000000100000000)
 Metaspace       used 37299K, capacity 37796K, committed 38244K, reserved 1083392K
  class space    used 3999K, capacity 4156K, committed 4196K, reserved 1048576K
}
2016-05-12T15:33:25.609+0100: 21606.838: Total time for which application threads were stopped: 0.0250092 seconds, Stopping threads took: 0.0000466 seconds
2016-05-12T15:33:36.795+0100: 21618.023: Total time for which application threads were stopped: 0.0002258 seconds, Stopping threads took: 0.0000458 seconds
2016-05-12T15:33:36.795+0100: 21618.024: Total time for which application threads were stopped: 0.0001121 seconds, Stopping threads took: 0.0000300 seconds
{Heap before GC invocations=323 (full 7):
 par new generation   total 109248K, used 103704K [0x00000000e0000000, 0x00000000e8000000, 0x00000000e8000000)
  eden space 87424K,  99% used [0x00000000e0000000, 0x00000000e54c89a0, 0x00000000e5560000)
  from space 21824K,  77% used [0x00000000e6ab0000, 0x00000000e7b2d9a0, 0x00000000e8000000)
  to   space 21824K,   0% used [0x00000000e5560000, 0x00000000e5560000, 0x00000000e6ab0000)
 concurrent mark-sweep generation total 393216K, used 80832K [0x00000000e8000000, 0x0000000100000000, 0x0000000100000000)
 Metaspace       used 37299K, capacity 37796K, committed 38244K, reserved 1083392K
  class space    used 3999K, capacity 4156K, committed 4196K, reserved 1048576K
2016-05-12T15:33:38.502+0100: 21619.730: [GC (Allocation Failure) 2016-05-12T15:33:38.502+0100: 21619.730: [ParNew
Desired survivor size 20112992 bytes, new threshold 8 (max 8)
- age   1:    1006552 bytes,    1006552 total
- age   2:      59400 bytes,    1065952 total
- age   3:      42592 bytes,    1108544 total
- age   4:    6369888 bytes,    7478432 total
: 103704K->9245K(109248K), 0.0125318 secs] 184537K->90077K(502464K), 0.0127119 secs] [Times: user=0.03 sys=0.00, real=0.01 secs] 
Heap after GC invocations=324 (full 7):
 par new generation   total 109248K, used 9245K [0x00000000e0000000, 0x00000000e8000000, 0x00000000e8000000)
  eden space 87424K,   0% used [0x00000000e0000000, 0x00000000e0000000, 0x00000000e5560000)
  from space 21824K,  42% used [0x00000000e5560000, 0x00000000e5e67450, 0x00000000e6ab0000)
  to   space 21824K,   0% used [0x00000000e6ab0000, 0x00000000e6ab0000, 0x00000000e8000000)
 concurrent mark-sweep generation total 393216K, used 80832K [0x00000000e8000000, 0x0000000100000000, 0x0000000100000000)
 Metaspace       used 37299K, capacity 37796K, committed 38244K, reserved 1083392K
  class space    used 3999K, capacity 4156K, committed 4196K, reserved 1048576K
}
2016-05-12T15:33:38.514+0100: 21619.743: Total time for which application threads were stopped: 0.0139295 seconds, Stopping threads took: 0.0007494 seconds
2016-05-12T15:33:40.571+0100: 21621.800: Total time for which application threads were stopped: 0.0001958 seconds, Stopping threads took: 0.0000426 seconds
2016-05-12T15:33:40.571+0100: 21621.800: Total time for which application threads were stopped: 0.0001050 seconds, Stopping threads took: 0.0000276 seconds
2016-05-12T15:33:40.571+0100: 21621.800: Total time for which application threads were stopped: 0.0000995 seconds, Stopping threads took: 0.0000261 seconds
2016-05-12T15:33:40.572+0100: 21621.801: Total time for which application threads were stopped: 0.0001429 seconds, Stopping threads took: 0.0000340 seconds
2016-05-12T15:33:40.573+0100: 21621.802: Total time for which application threads were stopped: 0.0001469 seconds, Stopping threads took: 0.0000276 seconds
2016-05-12T15:33:40.574+0100: 21621.802: Total time for which application threads were stopped: 0.0001129 seconds, Stopping threads took: 0.0000324 seconds
2016-05-12T15:33:40.574+0100: 21621.802: Total time for which application threads were stopped: 0.0000987 seconds, Stopping threads took: 0.0000261 seconds
2016-05-12T15:33:40.574+0100: 21621.802: Total time for which application threads were stopped: 0.0001019 seconds, Stopping threads took: 0.0000261 seconds
2016-05-12T15:33:40.574+0100: 21621.803: Total time for which application threads were stopped: 0.0000987 seconds, Stopping threads took: 0.0000253 seconds
2016-05-12T15:33:40.576+0100: 21621.804: Total time for which application threads were stopped: 0.0017309 seconds, Stopping threads took: 0.0015864 seconds
2016-05-12T15:33:40.576+0100: 21621.804: Total time for which application threads were stopped: 0.0001066 seconds, Stopping threads took: 0.0000292 seconds
2016-05-12T15:33:40.576+0100: 21621.805: Total time for which application threads were stopped: 0.0001216 seconds, Stopping threads took: 0.0000300 seconds
2016-05-12T15:33:40.577+0100: 21621.806: Total time for which application threads were stopped: 0.0003332 seconds, Stopping threads took: 0.0000324 seconds
2016-05-12T15:33:42.583+0100: 21623.811: Total time for which application threads were stopped: 0.0001864 seconds, Stopping threads took: 0.0000608 seconds
2016-05-12T15:33:53.617+0100: 21634.845: Total time for which application threads were stopped: 0.0151866 seconds, Stopping threads took: 0.0150074 seconds
{Heap before GC invocations=324 (full 7):
 par new generation   total 109248K, used 96616K [0x00000000e0000000, 0x00000000e8000000, 0x00000000e8000000)
  eden space 87424K,  99% used [0x00000000e0000000, 0x00000000e5552e40, 0x00000000e5560000)
  from space 21824K,  42% used [0x00000000e5560000, 0x00000000e5e67450, 0x00000000e6ab0000)
  to   space 21824K,   0% used [0x00000000e6ab0000, 0x00000000e6ab0000, 0x00000000e8000000)
 concurrent mark-sweep generation total 393216K, used 80832K [0x00000000e8000000, 0x0000000100000000, 0x0000000100000000)
 Metaspace       used 37353K, capacity 37860K, committed 38244K, reserved 1083392K
  class space    used 3999K, capacity 4156K, committed 4196K, reserved 1048576K
2016-05-12T15:34:29.261+0100: 21670.489: [GC (Allocation Failure) 2016-05-12T15:34:29.261+0100: 21670.489: [ParNew
Desired survivor size 20112992 bytes, new threshold 8 (max 8)
- age   1:    1422784 bytes,    1422784 total
- age   2:      22856 bytes,    1445640 total
- age   3:      59400 bytes,    1505040 total
- age   4:      42592 bytes,    1547632 total
- age   5:    6369640 bytes,    7917272 total
: 96616K->9158K(109248K), 0.0131525 secs] 177449K->89990K(502464K), 0.0133294 secs] [Times: user=0.02 sys=0.00, real=0.01 secs] 
Heap after GC invocations=325 (full 7):
 par new generation   total 109248K, used 9158K [0x00000000e0000000, 0x00000000e8000000, 0x00000000e8000000)
  eden space 87424K,   0% used [0x00000000e0000000, 0x00000000e0000000, 0x00000000e5560000)
  from space 21824K,  41% used [0x00000000e6ab0000, 0x00000000e73a1808, 0x00000000e8000000)
  to   space 21824K,   0% used [0x00000000e5560000, 0x00000000e5560000, 0x00000000e6ab0000)
 concurrent mark-sweep generation total 393216K, used 80832K [0x00000000e8000000, 0x0000000100000000, 0x0000000100000000)
 Metaspace       used 37353K, capacity 37860K, committed 38244K, reserved 1083392K
  class space    used 3999K, capacity 4156K, committed 4196K, reserved 1048576K
}
2016-05-12T15:34:29.274+0100: 21670.503: Total time for which application threads were stopped: 0.0289148 seconds, Stopping threads took: 0.0151574 seconds
2016-05-12T15:34:31.664+0100: 21672.893: Total time for which application threads were stopped: 0.0001729 seconds, Stopping threads took: 0.0000490 seconds
2016-05-12T15:34:31.932+0100: 21673.161: Total time for which application threads were stopped: 0.0001919 seconds, Stopping threads took: 0.0000411 seconds
2016-05-12T15:34:32.934+0100: 21674.163: Total time for which application threads were stopped: 0.0001698 seconds, Stopping threads took: 0.0000537 seconds
{Heap before GC invocations=325 (full 7):
 par new generation   total 109248K, used 96582K [0x00000000e0000000, 0x00000000e8000000, 0x00000000e8000000)
  eden space 87424K, 100% used [0x00000000e0000000, 0x00000000e5560000, 0x00000000e5560000)
  from space 21824K,  41% used [0x00000000e6ab0000, 0x00000000e73a1808, 0x00000000e8000000)
  to   space 21824K,   0% used [0x00000000e5560000, 0x00000000e5560000, 0x00000000e6ab0000)
 concurrent mark-sweep generation total 393216K, used 80832K [0x00000000e8000000, 0x0000000100000000, 0x0000000100000000)
 Metaspace       used 37353K, capacity 37860K, committed 38244K, reserved 1083392K
  class space    used 3999K, capacity 4156K, committed 4196K, reserved 1048576K
2016-05-12T15:34:33.328+0100: 21674.557: [GC (Allocation Failure) 2016-05-12T15:34:33.328+0100: 21674.557: [ParNew
Desired survivor size 20112992 bytes, new threshold 8 (max 8)
- age   1:     205456 bytes,     205456 total
- age   2:      60944 bytes,     266400 total
- age   3:      22552 bytes,     288952 total
- age   4:      59400 bytes,     348352 total
- age   5:      42352 bytes,     390704 total
- age   6:    6369640 bytes,    6760344 total
: 96582K->7630K(109248K), 0.0127608 secs] 177414K->88462K(502464K), 0.0129385 secs] [Times: user=0.00 sys=0.00, real=0.01 secs] 
Heap after GC invocations=326 (full 7):
 par new generation   total 109248K, used 7630K [0x00000000e0000000, 0x00000000e8000000, 0x00000000e8000000)
  eden space 87424K,   0% used [0x00000000e0000000, 0x00000000e0000000, 0x00000000e5560000)
  from space 21824K,  34% used [0x00000000e5560000, 0x00000000e5cd3980, 0x00000000e6ab0000)
  to   space 21824K,   0% used [0x00000000e6ab0000, 0x00000000e6ab0000, 0x00000000e8000000)
 concurrent mark-sweep generation total 393216K, used 80832K [0x00000000e8000000, 0x0000000100000000, 0x0000000100000000)
 Metaspace       used 37353K, capacity 37860K, committed 38244K, reserved 1083392K
  class space    used 3999K, capacity 4156K, committed 4196K, reserved 1048576K
}
2016-05-12T15:34:33.341+0100: 21674.570: Total time for which application threads were stopped: 0.0261597 seconds, Stopping threads took: 0.0000490 seconds
2016-05-12T15:34:35.192+0100: 21676.420: Total time for which application threads were stopped: 0.0002187 seconds, Stopping threads took: 0.0000505 seconds
2016-05-12T15:36:17.066+0100: 21778.300: Total time for which application threads were stopped: 0.0001998 seconds, Stopping threads took: 0.0000529 seconds
2016-05-12T15:36:57.960+0100: 21819.194: Total time for which application threads were stopped: 0.0001682 seconds, Stopping threads took: 0.0000442 seconds
2016-05-12T15:36:57.961+0100: 21819.195: Total time for which application threads were stopped: 0.0000971 seconds, Stopping threads took: 0.0000292 seconds
2016-05-12T15:36:57.961+0100: 21819.195: Total time for which application threads were stopped: 0.0001319 seconds, Stopping threads took: 0.0000253 seconds
2016-05-12T15:36:57.985+0100: 21819.219: Total time for which application threads were stopped: 0.0003253 seconds, Stopping threads took: 0.0000545 seconds
2016-05-12T15:37:25.786+0100: 21847.020: Total time for which application threads were stopped: 0.0001966 seconds, Stopping threads took: 0.0000545 seconds
2016-05-12T15:37:25.786+0100: 21847.021: Total time for which application threads were stopped: 0.0001129 seconds, Stopping threads took: 0.0000308 seconds
2016-05-12T15:37:26.786+0100: 21848.020: Total time for which application threads were stopped: 0.0001714 seconds, Stopping threads took: 0.0000561 seconds
2016-05-12T15:37:40.442+0100: 21861.676: Total time for which application threads were stopped: 0.0001650 seconds, Stopping threads took: 0.0000513 seconds
2016-05-12T15:37:40.442+0100: 21861.677: Total time for which application threads were stopped: 0.0000932 seconds, Stopping threads took: 0.0000268 seconds
2016-05-12T15:37:40.444+0100: 21861.678: Total time for which application threads were stopped: 0.0002022 seconds, Stopping threads took: 0.0000371 seconds
2016-05-12T15:37:41.010+0100: 21862.245: Total time for which application threads were stopped: 0.0002235 seconds, Stopping threads took: 0.0000434 seconds
2016-05-12T15:37:41.010+0100: 21862.245: Total time for which application threads were stopped: 0.0000908 seconds, Stopping threads took: 0.0000213 seconds
2016-05-12T15:37:41.011+0100: 21862.245: Total time for which application threads were stopped: 0.0001279 seconds, Stopping threads took: 0.0000213 seconds
2016-05-12T15:37:42.011+0100: 21863.245: Total time for which application threads were stopped: 0.0001777 seconds, Stopping threads took: 0.0000521 seconds
2016-05-12T15:37:43.011+0100: 21864.245: Total time for which application threads were stopped: 0.0001603 seconds, Stopping threads took: 0.0000513 seconds
2016-05-12T15:38:23.551+0100: 21904.787: Total time for which application threads were stopped: 0.0002172 seconds, Stopping threads took: 0.0000521 seconds
2016-05-12T15:38:23.551+0100: 21904.787: Total time for which application threads were stopped: 0.0000979 seconds, Stopping threads took: 0.0000276 seconds
2016-05-12T15:38:23.626+0100: 21904.862: Total time for which application threads were stopped: 0.0002519 seconds, Stopping threads took: 0.0000837 seconds
2016-05-12T15:38:23.627+0100: 21904.863: Total time for which application threads were stopped: 0.0007470 seconds, Stopping threads took: 0.0006546 seconds
2016-05-12T15:38:23.628+0100: 21904.864: Total time for which application threads were stopped: 0.0001832 seconds, Stopping threads took: 0.0000347 seconds
2016-05-12T15:38:23.649+0100: 21904.885: Total time for which application threads were stopped: 0.0002337 seconds, Stopping threads took: 0.0000474 seconds
2016-05-12T15:38:23.673+0100: 21904.908: Total time for which application threads were stopped: 0.0002487 seconds, Stopping threads took: 0.0000616 seconds
2016-05-12T15:38:23.673+0100: 21904.909: Total time for which application threads were stopped: 0.0001113 seconds, Stopping threads took: 0.0000292 seconds
2016-05-12T15:38:23.673+0100: 21904.909: Total time for which application threads were stopped: 0.0001358 seconds, Stopping threads took: 0.0000292 seconds
2016-05-12T15:38:23.715+0100: 21904.951: Total time for which application threads were stopped: 0.0001769 seconds, Stopping threads took: 0.0000419 seconds
2016-05-12T15:38:23.716+0100: 21904.952: Total time for which application threads were stopped: 0.0003482 seconds, Stopping threads took: 0.0000316 seconds
2016-05-12T15:38:23.887+0100: 21905.122: Total time for which application threads were stopped: 0.0002211 seconds, Stopping threads took: 0.0000608 seconds
2016-05-12T15:38:23.887+0100: 21905.123: Total time for which application threads were stopped: 0.0003577 seconds, Stopping threads took: 0.0000395 seconds
2016-05-12T15:38:23.889+0100: 21905.125: Total time for which application threads were stopped: 0.0002353 seconds, Stopping threads took: 0.0000513 seconds
2016-05-12T15:38:23.890+0100: 21905.126: Total time for which application threads were stopped: 0.0002582 seconds, Stopping threads took: 0.0001390 seconds
2016-05-12T15:38:23.890+0100: 21905.126: Total time for which application threads were stopped: 0.0001469 seconds, Stopping threads took: 0.0000363 seconds
2016-05-12T15:38:23.890+0100: 21905.126: Total time for which application threads were stopped: 0.0001500 seconds, Stopping threads took: 0.0000363 seconds
2016-05-12T15:38:23.895+0100: 21905.131: Total time for which application threads were stopped: 0.0002709 seconds, Stopping threads took: 0.0000592 seconds
2016-05-12T15:38:23.896+0100: 21905.132: Total time for which application threads were stopped: 0.0002037 seconds, Stopping threads took: 0.0000821 seconds
2016-05-12T15:38:23.896+0100: 21905.132: Total time for which application threads were stopped: 0.0001398 seconds, Stopping threads took: 0.0000300 seconds
2016-05-12T15:38:38.665+0100: 21919.902: Total time for which application threads were stopped: 0.0001958 seconds, Stopping threads took: 0.0000450 seconds
2016-05-12T15:38:47.705+0100: 21928.941: Total time for which application threads were stopped: 0.0005764 seconds, Stopping threads took: 0.0004169 seconds
2016-05-12T15:38:52.923+0100: 21934.167: Total time for which application threads were stopped: 0.0002377 seconds, Stopping threads took: 0.0000576 seconds
2016-05-12T15:38:52.923+0100: 21934.167: Total time for which application threads were stopped: 0.0001050 seconds, Stopping threads took: 0.0000284 seconds
2016-05-12T15:38:52.923+0100: 21934.167: Total time for which application threads were stopped: 0.0001232 seconds, Stopping threads took: 0.0000300 seconds
2016-05-12T15:39:21.655+0100: 21962.897: Total time for which application threads were stopped: 0.0016606 seconds, Stopping threads took: 0.0000553 seconds
2016-05-12T15:39:21.885+0100: 21963.121: Total time for which application threads were stopped: 0.0001666 seconds, Stopping threads took: 0.0000347 seconds
2016-05-12T15:39:21.885+0100: 21963.121: Total time for which application threads were stopped: 0.0000987 seconds, Stopping threads took: 0.0000229 seconds
2016-05-12T15:39:21.935+0100: 21963.174: Total time for which application threads were stopped: 0.0001871 seconds, Stopping threads took: 0.0000837 seconds
2016-05-12T15:39:22.035+0100: 21963.271: Total time for which application threads were stopped: 0.0002006 seconds, Stopping threads took: 0.0000371 seconds
2016-05-12T15:39:22.545+0100: 21963.788: Total time for which application threads were stopped: 0.0001571 seconds, Stopping threads took: 0.0000347 seconds
2016-05-12T15:39:22.575+0100: 21963.813: Total time for which application threads were stopped: 0.0001524 seconds, Stopping threads took: 0.0000553 seconds
2016-05-12T15:39:22.575+0100: 21963.813: Total time for which application threads were stopped: 0.0001319 seconds, Stopping threads took: 0.0000561 seconds
2016-05-12T15:39:22.575+0100: 21963.814: Total time for which application threads were stopped: 0.0001169 seconds, Stopping threads took: 0.0000300 seconds
2016-05-12T15:39:22.575+0100: 21963.814: Total time for which application threads were stopped: 0.0001232 seconds, Stopping threads took: 0.0000537 seconds
2016-05-12T15:39:22.575+0100: 21963.815: Total time for which application threads were stopped: 0.0001003 seconds, Stopping threads took: 0.0000245 seconds
2016-05-12T15:39:22.575+0100: 21963.815: Total time for which application threads were stopped: 0.0000853 seconds, Stopping threads took: 0.0000205 seconds
2016-05-12T15:39:22.575+0100: 21963.815: Total time for which application threads were stopped: 0.0000813 seconds, Stopping threads took: 0.0000182 seconds
2016-05-12T15:39:22.575+0100: 21963.816: Total time for which application threads were stopped: 0.0000782 seconds, Stopping threads took: 0.0000174 seconds
2016-05-12T15:39:22.575+0100: 21963.816: Total time for which application threads were stopped: 0.0000719 seconds, Stopping threads took: 0.0000182 seconds
2016-05-12T15:39:22.575+0100: 21963.816: Total time for which application threads were stopped: 0.0000663 seconds, Stopping threads took: 0.0000166 seconds
2016-05-12T15:39:22.575+0100: 21963.816: Total time for which application threads were stopped: 0.0000663 seconds, Stopping threads took: 0.0000174 seconds
2016-05-12T15:39:22.575+0100: 21963.816: Total time for which application threads were stopped: 0.0000663 seconds, Stopping threads took: 0.0000174 seconds
2016-05-12T15:39:22.575+0100: 21963.816: Total time for which application threads were stopped: 0.0000655 seconds, Stopping threads took: 0.0000174 seconds
2016-05-12T15:39:22.575+0100: 21963.817: Total time for which application threads were stopped: 0.0000655 seconds, Stopping threads took: 0.0000166 seconds
2016-05-12T15:39:22.575+0100: 21963.817: Total time for which application threads were stopped: 0.0000655 seconds, Stopping threads took: 0.0000174 seconds
2016-05-12T15:39:22.575+0100: 21963.817: Total time for which application threads were stopped: 0.0000655 seconds, Stopping threads took: 0.0000166 seconds
2016-05-12T15:39:22.575+0100: 21963.817: Total time for which application threads were stopped: 0.0000655 seconds, Stopping threads took: 0.0000166 seconds
2016-05-12T15:39:22.575+0100: 21963.817: Total time for which application threads were stopped: 0.0000655 seconds, Stopping threads took: 0.0000174 seconds
2016-05-12T15:39:22.575+0100: 21963.817: Total time for which application threads were stopped: 0.0000655 seconds, Stopping threads took: 0.0000174 seconds
2016-05-12T15:39:22.575+0100: 21963.817: Total time for which application threads were stopped: 0.0000655 seconds, Stopping threads took: 0.0000174 seconds
2016-05-12T15:39:22.575+0100: 21963.817: Total time for which application threads were stopped: 0.0000663 seconds, Stopping threads took: 0.0000174 seconds
2016-05-12T15:39:22.575+0100: 21963.817: Total time for which application threads were stopped: 0.0000663 seconds, Stopping threads took: 0.0000174 seconds
2016-05-12T15:39:22.575+0100: 21963.817: Total time for which application threads were stopped: 0.0000648 seconds, Stopping threads took: 0.0000166 seconds
2016-05-12T15:39:22.575+0100: 21963.818: Total time for which application threads were stopped: 0.0000655 seconds, Stopping threads took: 0.0000174 seconds
2016-05-12T15:39:22.575+0100: 21963.818: Total time for which application threads were stopped: 0.0000663 seconds, Stopping threads took: 0.0000174 seconds
2016-05-12T15:39:22.575+0100: 21963.818: Total time for which application threads were stopped: 0.0003127 seconds, Stopping threads took: 0.0000395 seconds
2016-05-12T15:39:22.575+0100: 21963.818: Total time for which application threads were stopped: 0.0000798 seconds, Stopping threads took: 0.0000190 seconds
2016-05-12T15:39:22.595+0100: 21963.838: Total time for which application threads were stopped: 0.0001263 seconds, Stopping threads took: 0.0000316 seconds
2016-05-12T15:39:22.635+0100: 21963.879: Total time for which application threads were stopped: 0.0001856 seconds, Stopping threads took: 0.0000340 seconds
2016-05-12T15:39:22.645+0100: 21963.888: Total time for which application threads were stopped: 0.0001113 seconds, Stopping threads took: 0.0000308 seconds
2016-05-12T15:39:22.645+0100: 21963.889: Total time for which application threads were stopped: 0.0000750 seconds, Stopping threads took: 0.0000205 seconds
2016-05-12T15:39:22.675+0100: 21963.914: Total time for which application threads were stopped: 0.0001390 seconds, Stopping threads took: 0.0000450 seconds
2016-05-12T15:39:22.925+0100: 21964.163: Total time for which application threads were stopped: 0.0000963 seconds, Stopping threads took: 0.0000276 seconds
2016-05-12T15:39:22.935+0100: 21964.171: Total time for which application threads were stopped: 0.0000711 seconds, Stopping threads took: 0.0000300 seconds
2016-05-12T15:39:22.935+0100: 21964.171: Total time for which application threads were stopped: 0.0000616 seconds, Stopping threads took: 0.0000268 seconds
2016-05-12T15:39:22.935+0100: 21964.180: Total time for which application threads were stopped: 0.0000884 seconds, Stopping threads took: 0.0000308 seconds
2016-05-12T15:39:22.945+0100: 21964.180: Total time for which application threads were stopped: 0.0001943 seconds, Stopping threads took: 0.0001540 seconds
2016-05-12T15:39:22.945+0100: 21964.181: Total time for which application threads were stopped: 0.0000679 seconds, Stopping threads took: 0.0000292 seconds
Heap
 par new generation   total 109248K, used 93398K [0x00000000e0000000, 0x00000000e8000000, 0x00000000e8000000)
  eden space 87424K,  98% used [0x00000000e0000000, 0x00000000e53c21e0, 0x00000000e5560000)
  from space 21824K,  34% used [0x00000000e5560000, 0x00000000e5cd3980, 0x00000000e6ab0000)
  to   space 21824K,   0% used [0x00000000e6ab0000, 0x00000000e6ab0000, 0x00000000e8000000)
 concurrent mark-sweep generation total 393216K, used 80832K [0x00000000e8000000, 0x0000000100000000, 0x0000000100000000)
 Metaspace       used 37428K, capacity 37860K, committed 38244K, reserved 1083392K
  class space    used 4010K, capacity 4156K, committed 4196K, reserved 1048576K
