Java HotSpot(TM) 64-Bit Server VM (25.73-b02) for windows-amd64 JRE (1.8.0_73-b02), built on Jan 29 2016 17:38:49 by "java_re" with MS VC++ 10.0 (VS2010)
Memory: 4k page, physical 4027256k(1086140k free), swap 8052676k(1749020k free)
CommandLine flags: -XX:CMSInitiatingOccupancyFraction=50 -XX:CMSMaxAbortablePrecleanTime=6000 -XX:+CMSParallelRemarkEnabled -XX:+CMSScavengeBeforeRemark -XX:ConcGCThreads=4 -XX:InitialHeapSize=536870912 -XX:MaxHeapSize=536870912 -XX:MaxTenuringThreshold=8 -XX:NewRatio=3 -XX:OldPLABSize=16 -XX:ParallelGCThreads=4 -XX:+ParallelRefProcEnabled -XX:PretenureSizeThreshold=67108864 -XX:+PrintGC -XX:+PrintGCApplicationStoppedTime -XX:+PrintGCDateStamps -XX:+PrintGCDetails -XX:+PrintGCTimeStamps -XX:+PrintHeapAtGC -XX:+PrintTenuringDistribution -XX:SurvivorRatio=4 -XX:TargetSurvivorRatio=90 -XX:ThreadStackSize=256 -XX:+UseCMSInitiatingOccupancyOnly -XX:+UseCompressedClassPointers -XX:+UseCompressedOops -XX:+UseConcMarkSweepGC -XX:-UseLargePagesIndividualAllocation -XX:+UseParNewGC 
2016-03-15T17:07:51.159+0000: 1.104: Total time for which application threads were stopped: 0.0447435 seconds, Stopping threads took: 0.0445666 seconds
2016-03-15T17:07:51.900+0000: 1.845: Total time for which application threads were stopped: 0.0002503 seconds, Stopping threads took: 0.0000450 seconds
2016-03-15T17:07:52.057+0000: 2.001: Total time for which application threads were stopped: 0.0002140 seconds, Stopping threads took: 0.0000426 seconds
2016-03-15T17:07:53.072+0000: 3.020: Total time for which application threads were stopped: 0.0032052 seconds, Stopping threads took: 0.0030559 seconds
2016-03-15T17:07:53.306+0000: 3.255: Total time for which application threads were stopped: 0.0035644 seconds, Stopping threads took: 0.0033268 seconds
2016-03-15T17:07:53.577+0000: 3.526: Total time for which application threads were stopped: 0.0002961 seconds, Stopping threads took: 0.0000497 seconds
2016-03-15T17:07:53.603+0000: 3.552: Total time for which application threads were stopped: 0.0002740 seconds, Stopping threads took: 0.0000490 seconds
2016-03-15T17:07:54.445+0000: 4.394: Total time for which application threads were stopped: 0.0003388 seconds, Stopping threads took: 0.0000474 seconds
2016-03-15T17:07:55.447+0000: 5.396: Total time for which application threads were stopped: 0.0021376 seconds, Stopping threads took: 0.0020049 seconds
{Heap before GC invocations=0 (full 0):
 par new generation   total 109248K, used 87424K [0x00000000e0000000, 0x00000000e8000000, 0x00000000e8000000)
  eden space 87424K, 100% used [0x00000000e0000000, 0x00000000e5560000, 0x00000000e5560000)
  from space 21824K,   0% used [0x00000000e5560000, 0x00000000e5560000, 0x00000000e6ab0000)
  to   space 21824K,   0% used [0x00000000e6ab0000, 0x00000000e6ab0000, 0x00000000e8000000)
 concurrent mark-sweep generation total 393216K, used 0K [0x00000000e8000000, 0x0000000100000000, 0x0000000100000000)
 Metaspace       used 10144K, capacity 10344K, committed 10496K, reserved 1058816K
  class space    used 1166K, capacity 1212K, committed 1280K, reserved 1048576K
2016-03-15T17:07:55.463+0000: 5.412: [GC (Allocation Failure) 2016-03-15T17:07:55.463+0000: 5.412: [ParNew
Desired survivor size 20112992 bytes, new threshold 8 (max 8)
- age   1:    5745560 bytes,    5745560 total
: 87424K->5675K(109248K), 0.0245263 secs] 87424K->5675K(502464K), 0.0248698 secs] [Times: user=0.06 sys=0.00, real=0.02 secs] 
Heap after GC invocations=1 (full 0):
 par new generation   total 109248K, used 5675K [0x00000000e0000000, 0x00000000e8000000, 0x00000000e8000000)
  eden space 87424K,   0% used [0x00000000e0000000, 0x00000000e0000000, 0x00000000e5560000)
  from space 21824K,  26% used [0x00000000e6ab0000, 0x00000000e703af78, 0x00000000e8000000)
  to   space 21824K,   0% used [0x00000000e5560000, 0x00000000e5560000, 0x00000000e6ab0000)
 concurrent mark-sweep generation total 393216K, used 0K [0x00000000e8000000, 0x0000000100000000, 0x0000000100000000)
 Metaspace       used 10144K, capacity 10344K, committed 10496K, reserved 1058816K
  class space    used 1166K, capacity 1212K, committed 1280K, reserved 1048576K
}
2016-03-15T17:07:55.488+0000: 5.437: Total time for which application threads were stopped: 0.0252686 seconds, Stopping threads took: 0.0000576 seconds
2016-03-15T17:07:55.489+0000: 5.437: Total time for which application threads were stopped: 0.0002053 seconds, Stopping threads took: 0.0000403 seconds
2016-03-15T17:07:55.489+0000: 5.438: Total time for which application threads were stopped: 0.0001224 seconds, Stopping threads took: 0.0000316 seconds
2016-03-15T17:07:55.489+0000: 5.438: Total time for which application threads were stopped: 0.0001208 seconds, Stopping threads took: 0.0000292 seconds
2016-03-15T17:07:55.489+0000: 5.438: Total time for which application threads were stopped: 0.0001129 seconds, Stopping threads took: 0.0000300 seconds
2016-03-15T17:07:55.489+0000: 5.438: Total time for which application threads were stopped: 0.0001113 seconds, Stopping threads took: 0.0000284 seconds
2016-03-15T17:07:55.489+0000: 5.438: Total time for which application threads were stopped: 0.0001098 seconds, Stopping threads took: 0.0000268 seconds
2016-03-15T17:07:55.490+0000: 5.439: Total time for which application threads were stopped: 0.0001121 seconds, Stopping threads took: 0.0000276 seconds
2016-03-15T17:07:55.490+0000: 5.439: Total time for which application threads were stopped: 0.0001161 seconds, Stopping threads took: 0.0000276 seconds
2016-03-15T17:07:55.490+0000: 5.439: Total time for which application threads were stopped: 0.0001098 seconds, Stopping threads took: 0.0000276 seconds
2016-03-15T17:07:55.490+0000: 5.439: Total time for which application threads were stopped: 0.0001105 seconds, Stopping threads took: 0.0000284 seconds
2016-03-15T17:07:55.490+0000: 5.439: Total time for which application threads were stopped: 0.0001090 seconds, Stopping threads took: 0.0000268 seconds
2016-03-15T17:07:55.490+0000: 5.439: Total time for which application threads were stopped: 0.0001184 seconds, Stopping threads took: 0.0000292 seconds
2016-03-15T17:07:55.491+0000: 5.440: Total time for which application threads were stopped: 0.0001113 seconds, Stopping threads took: 0.0000292 seconds
2016-03-15T17:07:55.491+0000: 5.440: Total time for which application threads were stopped: 0.0001113 seconds, Stopping threads took: 0.0000284 seconds
2016-03-15T17:07:55.491+0000: 5.440: Total time for which application threads were stopped: 0.0001105 seconds, Stopping threads took: 0.0000284 seconds
2016-03-15T17:07:55.493+0000: 5.442: Total time for which application threads were stopped: 0.0007723 seconds, Stopping threads took: 0.0006270 seconds
2016-03-15T17:07:55.493+0000: 5.442: Total time for which application threads were stopped: 0.0006712 seconds, Stopping threads took: 0.0005780 seconds
2016-03-15T17:07:55.494+0000: 5.442: Total time for which application threads were stopped: 0.0001177 seconds, Stopping threads took: 0.0000308 seconds
2016-03-15T17:07:55.494+0000: 5.443: Total time for which application threads were stopped: 0.0007865 seconds, Stopping threads took: 0.0006823 seconds
2016-03-15T17:07:55.510+0000: 5.459: Total time for which application threads were stopped: 0.0002140 seconds, Stopping threads took: 0.0000521 seconds
2016-03-15T17:07:55.510+0000: 5.459: Total time for which application threads were stopped: 0.0002385 seconds, Stopping threads took: 0.0000268 seconds
2016-03-15T17:07:55.511+0000: 5.460: Total time for which application threads were stopped: 0.0001690 seconds, Stopping threads took: 0.0000419 seconds
2016-03-15T17:07:55.893+0000: 5.842: Total time for which application threads were stopped: 0.0003419 seconds, Stopping threads took: 0.0000379 seconds
2016-03-15T17:07:56.017+0000: 5.966: Total time for which application threads were stopped: 0.0003640 seconds, Stopping threads took: 0.0000553 seconds
2016-03-15T17:07:56.431+0000: 6.380: Total time for which application threads were stopped: 0.0006515 seconds, Stopping threads took: 0.0000434 seconds
2016-03-15T17:07:56.434+0000: 6.383: Total time for which application threads were stopped: 0.0003364 seconds, Stopping threads took: 0.0000395 seconds
2016-03-15T17:07:56.444+0000: 6.393: Total time for which application threads were stopped: 0.0003664 seconds, Stopping threads took: 0.0000513 seconds
2016-03-15T17:07:57.260+0000: 7.209: Total time for which application threads were stopped: 0.0011379 seconds, Stopping threads took: 0.0008852 seconds
2016-03-15T17:07:57.331+0000: 7.280: Total time for which application threads were stopped: 0.0001761 seconds, Stopping threads took: 0.0000505 seconds
2016-03-15T17:07:57.331+0000: 7.280: Total time for which application threads were stopped: 0.0000671 seconds, Stopping threads took: 0.0000205 seconds
2016-03-15T17:07:57.357+0000: 7.306: Total time for which application threads were stopped: 0.0001256 seconds, Stopping threads took: 0.0000434 seconds
2016-03-15T17:07:57.358+0000: 7.307: Total time for which application threads were stopped: 0.0000774 seconds, Stopping threads took: 0.0000237 seconds
2016-03-15T17:07:57.359+0000: 7.308: Total time for which application threads were stopped: 0.0001066 seconds, Stopping threads took: 0.0000387 seconds
2016-03-15T17:07:57.360+0000: 7.309: Total time for which application threads were stopped: 0.0000813 seconds, Stopping threads took: 0.0000284 seconds
2016-03-15T17:07:57.369+0000: 7.318: Total time for which application threads were stopped: 0.0001350 seconds, Stopping threads took: 0.0000553 seconds
2016-03-15T17:07:57.369+0000: 7.318: Total time for which application threads were stopped: 0.0000726 seconds, Stopping threads took: 0.0000268 seconds
2016-03-15T17:07:57.370+0000: 7.319: Total time for which application threads were stopped: 0.0001113 seconds, Stopping threads took: 0.0000458 seconds
2016-03-15T17:07:57.372+0000: 7.321: Total time for which application threads were stopped: 0.0001177 seconds, Stopping threads took: 0.0000387 seconds
2016-03-15T17:07:57.372+0000: 7.321: Total time for which application threads were stopped: 0.0000726 seconds, Stopping threads took: 0.0000237 seconds
2016-03-15T17:07:57.372+0000: 7.321: Total time for which application threads were stopped: 0.0000671 seconds, Stopping threads took: 0.0000221 seconds
2016-03-15T17:07:57.374+0000: 7.323: Total time for which application threads were stopped: 0.0000963 seconds, Stopping threads took: 0.0000300 seconds
2016-03-15T17:07:57.380+0000: 7.329: Total time for which application threads were stopped: 0.0001248 seconds, Stopping threads took: 0.0000411 seconds
2016-03-15T17:07:57.380+0000: 7.329: Total time for which application threads were stopped: 0.0000719 seconds, Stopping threads took: 0.0000276 seconds
2016-03-15T17:07:57.380+0000: 7.329: Total time for which application threads were stopped: 0.0000703 seconds, Stopping threads took: 0.0000261 seconds
2016-03-15T17:07:57.380+0000: 7.329: Total time for which application threads were stopped: 0.0000679 seconds, Stopping threads took: 0.0000253 seconds
2016-03-15T17:07:57.381+0000: 7.330: Total time for which application threads were stopped: 0.0000703 seconds, Stopping threads took: 0.0000268 seconds
2016-03-15T17:07:57.381+0000: 7.330: Total time for which application threads were stopped: 0.0000679 seconds, Stopping threads took: 0.0000253 seconds
2016-03-15T17:07:57.381+0000: 7.330: Total time for which application threads were stopped: 0.0000687 seconds, Stopping threads took: 0.0000253 seconds
2016-03-15T17:07:57.381+0000: 7.330: Total time for which application threads were stopped: 0.0000687 seconds, Stopping threads took: 0.0000253 seconds
2016-03-15T17:07:57.381+0000: 7.330: Total time for which application threads were stopped: 0.0000711 seconds, Stopping threads took: 0.0000261 seconds
2016-03-15T17:07:57.381+0000: 7.330: Total time for which application threads were stopped: 0.0000679 seconds, Stopping threads took: 0.0000253 seconds
2016-03-15T17:07:57.381+0000: 7.330: Total time for which application threads were stopped: 0.0000687 seconds, Stopping threads took: 0.0000261 seconds
2016-03-15T17:07:57.385+0000: 7.334: Total time for which application threads were stopped: 0.0001398 seconds, Stopping threads took: 0.0000632 seconds
2016-03-15T17:07:57.385+0000: 7.334: Total time for which application threads were stopped: 0.0000719 seconds, Stopping threads took: 0.0000261 seconds
2016-03-15T17:07:57.385+0000: 7.334: Total time for which application threads were stopped: 0.0000703 seconds, Stopping threads took: 0.0000253 seconds
2016-03-15T17:07:57.385+0000: 7.334: Total time for which application threads were stopped: 0.0000687 seconds, Stopping threads took: 0.0000253 seconds
2016-03-15T17:07:57.401+0000: 7.350: Total time for which application threads were stopped: 0.0011071 seconds, Stopping threads took: 0.0010281 seconds
2016-03-15T17:07:57.427+0000: 7.376: Total time for which application threads were stopped: 0.0002211 seconds, Stopping threads took: 0.0000908 seconds
2016-03-15T17:07:57.428+0000: 7.377: Total time for which application threads were stopped: 0.0002748 seconds, Stopping threads took: 0.0000284 seconds
2016-03-15T17:07:57.429+0000: 7.378: Total time for which application threads were stopped: 0.0004098 seconds, Stopping threads took: 0.0000395 seconds
2016-03-15T17:07:57.464+0000: 7.413: Total time for which application threads were stopped: 0.0001469 seconds, Stopping threads took: 0.0000553 seconds
2016-03-15T17:07:57.464+0000: 7.413: Total time for which application threads were stopped: 0.0000845 seconds, Stopping threads took: 0.0000308 seconds
2016-03-15T17:07:57.476+0000: 7.425: Total time for which application threads were stopped: 0.0001903 seconds, Stopping threads took: 0.0000576 seconds
2016-03-15T17:07:57.506+0000: 7.455: Total time for which application threads were stopped: 0.0001485 seconds, Stopping threads took: 0.0000576 seconds
2016-03-15T17:07:57.506+0000: 7.455: Total time for which application threads were stopped: 0.0000695 seconds, Stopping threads took: 0.0000197 seconds
2016-03-15T17:07:57.510+0000: 7.459: Total time for which application threads were stopped: 0.0003948 seconds, Stopping threads took: 0.0000466 seconds
2016-03-15T17:07:59.065+0000: 9.014: Total time for which application threads were stopped: 0.0001721 seconds, Stopping threads took: 0.0000569 seconds
2016-03-15T17:07:59.065+0000: 9.015: Total time for which application threads were stopped: 0.0000837 seconds, Stopping threads took: 0.0000347 seconds
2016-03-15T17:07:59.066+0000: 9.015: Total time for which application threads were stopped: 0.0001524 seconds, Stopping threads took: 0.0001019 seconds
2016-03-15T17:07:59.066+0000: 9.015: Total time for which application threads were stopped: 0.0000758 seconds, Stopping threads took: 0.0000276 seconds
2016-03-15T17:07:59.066+0000: 9.015: Total time for which application threads were stopped: 0.0000742 seconds, Stopping threads took: 0.0000276 seconds
2016-03-15T17:07:59.068+0000: 9.017: Total time for which application threads were stopped: 0.0001145 seconds, Stopping threads took: 0.0000379 seconds
2016-03-15T17:07:59.068+0000: 9.017: Total time for which application threads were stopped: 0.0000663 seconds, Stopping threads took: 0.0000190 seconds
2016-03-15T17:07:59.068+0000: 9.017: Total time for which application threads were stopped: 0.0000663 seconds, Stopping threads took: 0.0000190 seconds
2016-03-15T17:07:59.068+0000: 9.017: Total time for which application threads were stopped: 0.0000734 seconds, Stopping threads took: 0.0000221 seconds
2016-03-15T17:07:59.068+0000: 9.017: Total time for which application threads were stopped: 0.0001453 seconds, Stopping threads took: 0.0000276 seconds
2016-03-15T17:07:59.068+0000: 9.017: Total time for which application threads were stopped: 0.0000742 seconds, Stopping threads took: 0.0000261 seconds
2016-03-15T17:07:59.068+0000: 9.018: Total time for which application threads were stopped: 0.0000719 seconds, Stopping threads took: 0.0000253 seconds
2016-03-15T17:07:59.069+0000: 9.018: Total time for which application threads were stopped: 0.0000758 seconds, Stopping threads took: 0.0000268 seconds
2016-03-15T17:07:59.069+0000: 9.018: Total time for which application threads were stopped: 0.0000782 seconds, Stopping threads took: 0.0000276 seconds
2016-03-15T17:07:59.069+0000: 9.018: Total time for which application threads were stopped: 0.0000726 seconds, Stopping threads took: 0.0000261 seconds
2016-03-15T17:07:59.069+0000: 9.018: Total time for which application threads were stopped: 0.0000719 seconds, Stopping threads took: 0.0000253 seconds
2016-03-15T17:07:59.069+0000: 9.018: Total time for which application threads were stopped: 0.0000711 seconds, Stopping threads took: 0.0000253 seconds
2016-03-15T17:07:59.069+0000: 9.019: Total time for which application threads were stopped: 0.0000711 seconds, Stopping threads took: 0.0000253 seconds
2016-03-15T17:07:59.070+0000: 9.019: Total time for which application threads were stopped: 0.0000726 seconds, Stopping threads took: 0.0000253 seconds
2016-03-15T17:07:59.070+0000: 9.019: Total time for which application threads were stopped: 0.0002685 seconds, Stopping threads took: 0.0000268 seconds
2016-03-15T17:07:59.070+0000: 9.019: Total time for which application threads were stopped: 0.0000861 seconds, Stopping threads took: 0.0000284 seconds
2016-03-15T17:07:59.070+0000: 9.019: Total time for which application threads were stopped: 0.0000734 seconds, Stopping threads took: 0.0000253 seconds
2016-03-15T17:07:59.071+0000: 9.020: Total time for which application threads were stopped: 0.0001019 seconds, Stopping threads took: 0.0000253 seconds
2016-03-15T17:07:59.072+0000: 9.021: Total time for which application threads were stopped: 0.0000995 seconds, Stopping threads took: 0.0000355 seconds
2016-03-15T17:07:59.075+0000: 9.024: Total time for which application threads were stopped: 0.0000908 seconds, Stopping threads took: 0.0000261 seconds
2016-03-15T17:07:59.075+0000: 9.024: Total time for which application threads were stopped: 0.0000734 seconds, Stopping threads took: 0.0000205 seconds
2016-03-15T17:07:59.075+0000: 9.025: Total time for which application threads were stopped: 0.0000687 seconds, Stopping threads took: 0.0000190 seconds
2016-03-15T17:07:59.076+0000: 9.025: Total time for which application threads were stopped: 0.0000695 seconds, Stopping threads took: 0.0000190 seconds
2016-03-15T17:07:59.077+0000: 9.027: Total time for which application threads were stopped: 0.0000853 seconds, Stopping threads took: 0.0000229 seconds
2016-03-15T17:07:59.078+0000: 9.027: Total time for which application threads were stopped: 0.0000837 seconds, Stopping threads took: 0.0000205 seconds
2016-03-15T17:07:59.078+0000: 9.027: Total time for which application threads were stopped: 0.0000829 seconds, Stopping threads took: 0.0000276 seconds
2016-03-15T17:07:59.078+0000: 9.027: Total time for which application threads were stopped: 0.0000861 seconds, Stopping threads took: 0.0000284 seconds
2016-03-15T17:07:59.084+0000: 9.033: Total time for which application threads were stopped: 0.0001674 seconds, Stopping threads took: 0.0000632 seconds
2016-03-15T17:07:59.084+0000: 9.033: Total time for which application threads were stopped: 0.0000774 seconds, Stopping threads took: 0.0000261 seconds
2016-03-15T17:07:59.084+0000: 9.033: Total time for which application threads were stopped: 0.0000774 seconds, Stopping threads took: 0.0000276 seconds
2016-03-15T17:07:59.084+0000: 9.034: Total time for which application threads were stopped: 0.0000805 seconds, Stopping threads took: 0.0000276 seconds
2016-03-15T17:07:59.085+0000: 9.034: Total time for which application threads were stopped: 0.0002558 seconds, Stopping threads took: 0.0000261 seconds
2016-03-15T17:07:59.085+0000: 9.034: Total time for which application threads were stopped: 0.0000774 seconds, Stopping threads took: 0.0000213 seconds
2016-03-15T17:07:59.085+0000: 9.035: Total time for which application threads were stopped: 0.0000734 seconds, Stopping threads took: 0.0000197 seconds
2016-03-15T17:07:59.086+0000: 9.035: Total time for which application threads were stopped: 0.0001603 seconds, Stopping threads took: 0.0000837 seconds
2016-03-15T17:07:59.088+0000: 9.037: Total time for which application threads were stopped: 0.0001177 seconds, Stopping threads took: 0.0000426 seconds
2016-03-15T17:07:59.103+0000: 9.052: Total time for which application threads were stopped: 0.0001445 seconds, Stopping threads took: 0.0000474 seconds
2016-03-15T17:07:59.103+0000: 9.052: Total time for which application threads were stopped: 0.0000861 seconds, Stopping threads took: 0.0000221 seconds
2016-03-15T17:07:59.104+0000: 9.053: Total time for which application threads were stopped: 0.0001098 seconds, Stopping threads took: 0.0000268 seconds
2016-03-15T17:07:59.116+0000: 9.065: Total time for which application threads were stopped: 0.0001461 seconds, Stopping threads took: 0.0000513 seconds
2016-03-15T17:07:59.129+0000: 9.078: Total time for which application threads were stopped: 0.0001303 seconds, Stopping threads took: 0.0000505 seconds
2016-03-15T17:07:59.144+0000: 9.094: Total time for which application threads were stopped: 0.0001627 seconds, Stopping threads took: 0.0000521 seconds
2016-03-15T17:07:59.145+0000: 9.094: Total time for which application threads were stopped: 0.0000940 seconds, Stopping threads took: 0.0000419 seconds
2016-03-15T17:07:59.145+0000: 9.094: Total time for which application threads were stopped: 0.0000766 seconds, Stopping threads took: 0.0000229 seconds
2016-03-15T17:07:59.145+0000: 9.094: Total time for which application threads were stopped: 0.0000734 seconds, Stopping threads took: 0.0000221 seconds
2016-03-15T17:07:59.153+0000: 9.102: Total time for which application threads were stopped: 0.0001334 seconds, Stopping threads took: 0.0000482 seconds
2016-03-15T17:07:59.153+0000: 9.102: Total time for which application threads were stopped: 0.0000711 seconds, Stopping threads took: 0.0000213 seconds
2016-03-15T17:07:59.153+0000: 9.102: Total time for which application threads were stopped: 0.0000703 seconds, Stopping threads took: 0.0000213 seconds
2016-03-15T17:07:59.154+0000: 9.103: Total time for which application threads were stopped: 0.0000758 seconds, Stopping threads took: 0.0000221 seconds
2016-03-15T17:07:59.190+0000: 9.139: Total time for which application threads were stopped: 0.0001263 seconds, Stopping threads took: 0.0000450 seconds
2016-03-15T17:07:59.191+0000: 9.140: Total time for which application threads were stopped: 0.0000908 seconds, Stopping threads took: 0.0000229 seconds
2016-03-15T17:07:59.191+0000: 9.140: Total time for which application threads were stopped: 0.0000758 seconds, Stopping threads took: 0.0000213 seconds
2016-03-15T17:07:59.191+0000: 9.140: Total time for which application threads were stopped: 0.0000703 seconds, Stopping threads took: 0.0000190 seconds
2016-03-15T17:07:59.191+0000: 9.140: Total time for which application threads were stopped: 0.0000719 seconds, Stopping threads took: 0.0000197 seconds
2016-03-15T17:07:59.205+0000: 9.154: Total time for which application threads were stopped: 0.0001121 seconds, Stopping threads took: 0.0000411 seconds
2016-03-15T17:07:59.214+0000: 9.163: Total time for which application threads were stopped: 0.0001334 seconds, Stopping threads took: 0.0000466 seconds
2016-03-15T17:07:59.214+0000: 9.163: Total time for which application threads were stopped: 0.0000734 seconds, Stopping threads took: 0.0000221 seconds
2016-03-15T17:07:59.214+0000: 9.163: Total time for which application threads were stopped: 0.0000711 seconds, Stopping threads took: 0.0000213 seconds
2016-03-15T17:07:59.215+0000: 9.164: Total time for which application threads were stopped: 0.0001279 seconds, Stopping threads took: 0.0000276 seconds
2016-03-15T17:08:01.677+0000: 11.626: Total time for which application threads were stopped: 0.0001445 seconds, Stopping threads took: 0.0000545 seconds
2016-03-15T17:08:01.677+0000: 11.626: Total time for which application threads were stopped: 0.0002306 seconds, Stopping threads took: 0.0000284 seconds
2016-03-15T17:08:01.715+0000: 11.664: Total time for which application threads were stopped: 0.0001263 seconds, Stopping threads took: 0.0000411 seconds
2016-03-15T17:08:01.715+0000: 11.664: Total time for which application threads were stopped: 0.0000924 seconds, Stopping threads took: 0.0000253 seconds
2016-03-15T17:08:01.716+0000: 11.665: Total time for which application threads were stopped: 0.0000813 seconds, Stopping threads took: 0.0000221 seconds
2016-03-15T17:08:01.717+0000: 11.666: Total time for which application threads were stopped: 0.0001287 seconds, Stopping threads took: 0.0000403 seconds
2016-03-15T17:08:01.717+0000: 11.666: Total time for which application threads were stopped: 0.0000987 seconds, Stopping threads took: 0.0000411 seconds
2016-03-15T17:08:01.717+0000: 11.667: Total time for which application threads were stopped: 0.0000821 seconds, Stopping threads took: 0.0000213 seconds
2016-03-15T17:08:01.717+0000: 11.667: Total time for which application threads were stopped: 0.0000758 seconds, Stopping threads took: 0.0000197 seconds
2016-03-15T17:08:01.718+0000: 11.667: Total time for which application threads were stopped: 0.0000877 seconds, Stopping threads took: 0.0000316 seconds
2016-03-15T17:08:01.718+0000: 11.667: Total time for which application threads were stopped: 0.0000766 seconds, Stopping threads took: 0.0000197 seconds
2016-03-15T17:08:01.718+0000: 11.667: Total time for which application threads were stopped: 0.0000742 seconds, Stopping threads took: 0.0000190 seconds
2016-03-15T17:08:01.718+0000: 11.667: Total time for which application threads were stopped: 0.0000750 seconds, Stopping threads took: 0.0000197 seconds
2016-03-15T17:08:01.718+0000: 11.667: Total time for which application threads were stopped: 0.0000742 seconds, Stopping threads took: 0.0000190 seconds
2016-03-15T17:08:01.718+0000: 11.667: Total time for which application threads were stopped: 0.0000742 seconds, Stopping threads took: 0.0000190 seconds
2016-03-15T17:08:01.718+0000: 11.668: Total time for which application threads were stopped: 0.0000742 seconds, Stopping threads took: 0.0000190 seconds
2016-03-15T17:08:01.718+0000: 11.668: Total time for which application threads were stopped: 0.0000734 seconds, Stopping threads took: 0.0000190 seconds
2016-03-15T17:08:01.719+0000: 11.668: Total time for which application threads were stopped: 0.0000758 seconds, Stopping threads took: 0.0000197 seconds
2016-03-15T17:08:01.723+0000: 11.673: Total time for which application threads were stopped: 0.0002250 seconds, Stopping threads took: 0.0000521 seconds
2016-03-15T17:08:01.724+0000: 11.673: Total time for which application threads were stopped: 0.0000869 seconds, Stopping threads took: 0.0000276 seconds
2016-03-15T17:08:01.724+0000: 11.673: Total time for which application threads were stopped: 0.0000877 seconds, Stopping threads took: 0.0000253 seconds
2016-03-15T17:08:01.724+0000: 11.673: Total time for which application threads were stopped: 0.0002669 seconds, Stopping threads took: 0.0000190 seconds
2016-03-15T17:08:01.724+0000: 11.673: Total time for which application threads were stopped: 0.0000845 seconds, Stopping threads took: 0.0000276 seconds
2016-03-15T17:08:01.724+0000: 11.674: Total time for which application threads were stopped: 0.0000821 seconds, Stopping threads took: 0.0000261 seconds
2016-03-15T17:08:01.725+0000: 11.674: Total time for which application threads were stopped: 0.0003072 seconds, Stopping threads took: 0.0000284 seconds
2016-03-15T17:08:02.185+0000: 12.134: Total time for which application threads were stopped: 0.0001445 seconds, Stopping threads took: 0.0000537 seconds
2016-03-15T17:08:02.192+0000: 12.141: Total time for which application threads were stopped: 0.0002172 seconds, Stopping threads took: 0.0000545 seconds
2016-03-15T17:08:02.192+0000: 12.141: Total time for which application threads were stopped: 0.0000924 seconds, Stopping threads took: 0.0000316 seconds
2016-03-15T17:08:02.278+0000: 12.228: Total time for which application threads were stopped: 0.0001950 seconds, Stopping threads took: 0.0000442 seconds
2016-03-15T17:08:02.281+0000: 12.230: Total time for which application threads were stopped: 0.0001303 seconds, Stopping threads took: 0.0000403 seconds
2016-03-15T17:08:03.616+0000: 13.571: Total time for which application threads were stopped: 0.0001461 seconds, Stopping threads took: 0.0000561 seconds
2016-03-15T17:08:03.626+0000: 13.582: Total time for which application threads were stopped: 0.0001413 seconds, Stopping threads took: 0.0000545 seconds
2016-03-15T17:08:03.626+0000: 13.582: Total time for which application threads were stopped: 0.0000782 seconds, Stopping threads took: 0.0000261 seconds
2016-03-15T17:08:03.626+0000: 13.582: Total time for which application threads were stopped: 0.0000766 seconds, Stopping threads took: 0.0000268 seconds
2016-03-15T17:08:03.626+0000: 13.582: Total time for which application threads were stopped: 0.0000790 seconds, Stopping threads took: 0.0000261 seconds
2016-03-15T17:08:03.626+0000: 13.584: Total time for which application threads were stopped: 0.0001082 seconds, Stopping threads took: 0.0000371 seconds
2016-03-15T17:08:03.626+0000: 13.584: Total time for which application threads were stopped: 0.0001642 seconds, Stopping threads took: 0.0000513 seconds
2016-03-15T17:08:03.626+0000: 13.584: Total time for which application threads were stopped: 0.0000861 seconds, Stopping threads took: 0.0000340 seconds
2016-03-15T17:08:03.626+0000: 13.585: Total time for which application threads were stopped: 0.0000805 seconds, Stopping threads took: 0.0000276 seconds
2016-03-15T17:08:03.707+0000: 13.656: Total time for which application threads were stopped: 0.0001429 seconds, Stopping threads took: 0.0000529 seconds
2016-03-15T17:08:03.712+0000: 13.661: Total time for which application threads were stopped: 0.0001271 seconds, Stopping threads took: 0.0000419 seconds
2016-03-15T17:08:03.717+0000: 13.667: Total time for which application threads were stopped: 0.0001406 seconds, Stopping threads took: 0.0000497 seconds
2016-03-15T17:08:03.755+0000: 13.704: Total time for which application threads were stopped: 0.0001453 seconds, Stopping threads took: 0.0000553 seconds
2016-03-15T17:08:03.755+0000: 13.705: Total time for which application threads were stopped: 0.0000782 seconds, Stopping threads took: 0.0000268 seconds
2016-03-15T17:08:03.756+0000: 13.705: Total time for which application threads were stopped: 0.0000979 seconds, Stopping threads took: 0.0000363 seconds
2016-03-15T17:08:03.756+0000: 13.705: Total time for which application threads were stopped: 0.0000813 seconds, Stopping threads took: 0.0000308 seconds
2016-03-15T17:08:03.756+0000: 13.705: Total time for which application threads were stopped: 0.0001098 seconds, Stopping threads took: 0.0000584 seconds
2016-03-15T17:08:03.756+0000: 13.706: Total time for which application threads were stopped: 0.0000750 seconds, Stopping threads took: 0.0000253 seconds
2016-03-15T17:08:03.757+0000: 13.706: Total time for which application threads were stopped: 0.0000869 seconds, Stopping threads took: 0.0000308 seconds
2016-03-15T17:08:03.757+0000: 13.706: Total time for which application threads were stopped: 0.0000766 seconds, Stopping threads took: 0.0000268 seconds
2016-03-15T17:08:03.762+0000: 13.711: Total time for which application threads were stopped: 0.0001374 seconds, Stopping threads took: 0.0000411 seconds
2016-03-15T17:08:03.767+0000: 13.717: Total time for which application threads were stopped: 0.0001398 seconds, Stopping threads took: 0.0000419 seconds
2016-03-15T17:08:03.768+0000: 13.717: Total time for which application threads were stopped: 0.0000798 seconds, Stopping threads took: 0.0000205 seconds
2016-03-15T17:08:03.771+0000: 13.720: Total time for which application threads were stopped: 0.0001398 seconds, Stopping threads took: 0.0000490 seconds
2016-03-15T17:08:03.778+0000: 13.727: Total time for which application threads were stopped: 0.0001500 seconds, Stopping threads took: 0.0000584 seconds
2016-03-15T17:08:03.782+0000: 13.732: Total time for which application threads were stopped: 0.0001516 seconds, Stopping threads took: 0.0000521 seconds
2016-03-15T17:08:03.788+0000: 13.737: Total time for which application threads were stopped: 0.0002187 seconds, Stopping threads took: 0.0000545 seconds
2016-03-15T17:08:03.792+0000: 13.742: Total time for which application threads were stopped: 0.0001342 seconds, Stopping threads took: 0.0000450 seconds
2016-03-15T17:08:03.793+0000: 13.743: Total time for which application threads were stopped: 0.0001027 seconds, Stopping threads took: 0.0000324 seconds
2016-03-15T17:08:03.800+0000: 13.749: Total time for which application threads were stopped: 0.0001382 seconds, Stopping threads took: 0.0000458 seconds
2016-03-15T17:08:03.807+0000: 13.756: Total time for which application threads were stopped: 0.0001540 seconds, Stopping threads took: 0.0000616 seconds
2016-03-15T17:08:03.808+0000: 13.757: Total time for which application threads were stopped: 0.0000963 seconds, Stopping threads took: 0.0000332 seconds
2016-03-15T17:08:03.811+0000: 13.760: Total time for which application threads were stopped: 0.0001477 seconds, Stopping threads took: 0.0000545 seconds
2016-03-15T17:08:03.811+0000: 13.761: Total time for which application threads were stopped: 0.0000971 seconds, Stopping threads took: 0.0000324 seconds
2016-03-15T17:08:03.815+0000: 13.764: Total time for which application threads were stopped: 0.0001792 seconds, Stopping threads took: 0.0000553 seconds
2016-03-15T17:08:03.815+0000: 13.765: Total time for which application threads were stopped: 0.0001019 seconds, Stopping threads took: 0.0000363 seconds
2016-03-15T17:08:03.818+0000: 13.768: Total time for which application threads were stopped: 0.0001477 seconds, Stopping threads took: 0.0000490 seconds
2016-03-15T17:08:03.819+0000: 13.768: Total time for which application threads were stopped: 0.0000916 seconds, Stopping threads took: 0.0000316 seconds
2016-03-15T17:08:03.819+0000: 13.768: Total time for which application threads were stopped: 0.0000829 seconds, Stopping threads took: 0.0000292 seconds
2016-03-15T17:08:03.819+0000: 13.768: Total time for which application threads were stopped: 0.0000979 seconds, Stopping threads took: 0.0000340 seconds
2016-03-15T17:08:03.828+0000: 13.778: Total time for which application threads were stopped: 0.0001587 seconds, Stopping threads took: 0.0000482 seconds
2016-03-15T17:08:03.833+0000: 13.783: Total time for which application threads were stopped: 0.0003261 seconds, Stopping threads took: 0.0000537 seconds
2016-03-15T17:08:03.838+0000: 13.787: Total time for which application threads were stopped: 0.0001911 seconds, Stopping threads took: 0.0000861 seconds
2016-03-15T17:08:03.843+0000: 13.792: Total time for which application threads were stopped: 0.0001500 seconds, Stopping threads took: 0.0000576 seconds
2016-03-15T17:08:03.854+0000: 13.803: Total time for which application threads were stopped: 0.0001595 seconds, Stopping threads took: 0.0000640 seconds
2016-03-15T17:08:03.857+0000: 13.806: Total time for which application threads were stopped: 0.0001516 seconds, Stopping threads took: 0.0000537 seconds
2016-03-15T17:08:03.868+0000: 13.817: Total time for which application threads were stopped: 0.0009594 seconds, Stopping threads took: 0.0000569 seconds
2016-03-15T17:08:03.869+0000: 13.818: Total time for which application threads were stopped: 0.0001074 seconds, Stopping threads took: 0.0000324 seconds
2016-03-15T17:08:03.869+0000: 13.818: Total time for which application threads were stopped: 0.0000719 seconds, Stopping threads took: 0.0000190 seconds
2016-03-15T17:08:03.869+0000: 13.818: Total time for which application threads were stopped: 0.0000703 seconds, Stopping threads took: 0.0000190 seconds
2016-03-15T17:08:03.872+0000: 13.821: Total time for which application threads were stopped: 0.0001295 seconds, Stopping threads took: 0.0000419 seconds
2016-03-15T17:08:03.988+0000: 13.937: Total time for which application threads were stopped: 0.0001532 seconds, Stopping threads took: 0.0000466 seconds
2016-03-15T17:08:03.995+0000: 13.944: Total time for which application threads were stopped: 0.0001461 seconds, Stopping threads took: 0.0000529 seconds
2016-03-15T17:08:03.995+0000: 13.944: Total time for which application threads were stopped: 0.0000798 seconds, Stopping threads took: 0.0000268 seconds
2016-03-15T17:08:03.995+0000: 13.945: Total time for which application threads were stopped: 0.0002353 seconds, Stopping threads took: 0.0000253 seconds
2016-03-15T17:08:04.996+0000: 14.945: Total time for which application threads were stopped: 0.0001698 seconds, Stopping threads took: 0.0000600 seconds
2016-03-15T17:08:06.393+0000: 16.342: Total time for which application threads were stopped: 0.0002614 seconds, Stopping threads took: 0.0001469 seconds
2016-03-15T17:08:26.452+0000: 36.400: Total time for which application threads were stopped: 0.0001350 seconds, Stopping threads took: 0.0000553 seconds
2016-03-15T17:08:37.046+0000: 46.995: Total time for which application threads were stopped: 0.0001303 seconds, Stopping threads took: 0.0000458 seconds
2016-03-15T17:08:37.049+0000: 46.998: Total time for which application threads were stopped: 0.0001027 seconds, Stopping threads took: 0.0000340 seconds
2016-03-15T17:08:37.049+0000: 46.998: Total time for which application threads were stopped: 0.0000726 seconds, Stopping threads took: 0.0000268 seconds
2016-03-15T17:08:37.049+0000: 46.998: Total time for which application threads were stopped: 0.0000719 seconds, Stopping threads took: 0.0000268 seconds
2016-03-15T17:08:37.049+0000: 46.998: Total time for which application threads were stopped: 0.0000695 seconds, Stopping threads took: 0.0000253 seconds
2016-03-15T17:08:37.062+0000: 47.010: Total time for which application threads were stopped: 0.0004122 seconds, Stopping threads took: 0.0000442 seconds
2016-03-15T17:08:37.067+0000: 47.016: Total time for which application threads were stopped: 0.0001263 seconds, Stopping threads took: 0.0000521 seconds
2016-03-15T17:08:37.068+0000: 47.017: Total time for which application threads were stopped: 0.0000940 seconds, Stopping threads took: 0.0000340 seconds
2016-03-15T17:08:37.068+0000: 47.017: Total time for which application threads were stopped: 0.0000750 seconds, Stopping threads took: 0.0000300 seconds
2016-03-15T17:08:37.068+0000: 47.017: Total time for which application threads were stopped: 0.0000726 seconds, Stopping threads took: 0.0000276 seconds
2016-03-15T17:08:37.077+0000: 47.025: Total time for which application threads were stopped: 0.0001445 seconds, Stopping threads took: 0.0000569 seconds
2016-03-15T17:08:37.077+0000: 47.026: Total time for which application threads were stopped: 0.0000750 seconds, Stopping threads took: 0.0000284 seconds
2016-03-15T17:08:37.093+0000: 47.042: Total time for which application threads were stopped: 0.0001706 seconds, Stopping threads took: 0.0000600 seconds
2016-03-15T17:08:37.093+0000: 47.042: Total time for which application threads were stopped: 0.0000766 seconds, Stopping threads took: 0.0000308 seconds
2016-03-15T17:08:37.119+0000: 47.068: Total time for which application threads were stopped: 0.0001627 seconds, Stopping threads took: 0.0000545 seconds
2016-03-15T17:08:37.120+0000: 47.068: Total time for which application threads were stopped: 0.0000948 seconds, Stopping threads took: 0.0000355 seconds
2016-03-15T17:08:37.120+0000: 47.068: Total time for which application threads were stopped: 0.0000798 seconds, Stopping threads took: 0.0000284 seconds
2016-03-15T17:08:37.120+0000: 47.069: Total time for which application threads were stopped: 0.0000940 seconds, Stopping threads took: 0.0000347 seconds
2016-03-15T17:08:37.128+0000: 47.077: Total time for which application threads were stopped: 0.0001785 seconds, Stopping threads took: 0.0000411 seconds
2016-03-15T17:08:37.128+0000: 47.077: Total time for which application threads were stopped: 0.0000790 seconds, Stopping threads took: 0.0000221 seconds
2016-03-15T17:08:37.128+0000: 47.077: Total time for which application threads were stopped: 0.0000734 seconds, Stopping threads took: 0.0000197 seconds
2016-03-15T17:08:37.129+0000: 47.077: Total time for which application threads were stopped: 0.0000987 seconds, Stopping threads took: 0.0000403 seconds
2016-03-15T17:08:37.165+0000: 47.114: Total time for which application threads were stopped: 0.0001271 seconds, Stopping threads took: 0.0000411 seconds
2016-03-15T17:08:37.165+0000: 47.114: Total time for which application threads were stopped: 0.0000790 seconds, Stopping threads took: 0.0000221 seconds
2016-03-15T17:08:37.165+0000: 47.114: Total time for which application threads were stopped: 0.0000726 seconds, Stopping threads took: 0.0000197 seconds
2016-03-15T17:08:37.166+0000: 47.114: Total time for which application threads were stopped: 0.0000798 seconds, Stopping threads took: 0.0000221 seconds
2016-03-15T17:08:37.171+0000: 47.120: Total time for which application threads were stopped: 0.0001413 seconds, Stopping threads took: 0.0000529 seconds
2016-03-15T17:08:37.171+0000: 47.120: Total time for which application threads were stopped: 0.0000726 seconds, Stopping threads took: 0.0000197 seconds
2016-03-15T17:08:37.171+0000: 47.120: Total time for which application threads were stopped: 0.0000782 seconds, Stopping threads took: 0.0000213 seconds
2016-03-15T17:08:37.172+0000: 47.120: Total time for which application threads were stopped: 0.0000758 seconds, Stopping threads took: 0.0000205 seconds
2016-03-15T17:08:37.385+0000: 47.334: Total time for which application threads were stopped: 0.0001635 seconds, Stopping threads took: 0.0000442 seconds
2016-03-15T17:08:37.385+0000: 47.334: Total time for which application threads were stopped: 0.0000853 seconds, Stopping threads took: 0.0000316 seconds
2016-03-15T17:08:37.386+0000: 47.334: Total time for which application threads were stopped: 0.0001248 seconds, Stopping threads took: 0.0000711 seconds
2016-03-15T17:08:37.386+0000: 47.335: Total time for which application threads were stopped: 0.0000837 seconds, Stopping threads took: 0.0000300 seconds
2016-03-15T17:08:37.391+0000: 47.340: Total time for which application threads were stopped: 0.0001421 seconds, Stopping threads took: 0.0000545 seconds
2016-03-15T17:08:37.392+0000: 47.340: Total time for which application threads were stopped: 0.0000853 seconds, Stopping threads took: 0.0000292 seconds
2016-03-15T17:08:37.392+0000: 47.341: Total time for which application threads were stopped: 0.0002922 seconds, Stopping threads took: 0.0000284 seconds
2016-03-15T17:08:37.393+0000: 47.341: Total time for which application threads were stopped: 0.0001090 seconds, Stopping threads took: 0.0000355 seconds
{Heap before GC invocations=1 (full 0):
 par new generation   total 109248K, used 93099K [0x00000000e0000000, 0x00000000e8000000, 0x00000000e8000000)
  eden space 87424K, 100% used [0x00000000e0000000, 0x00000000e5560000, 0x00000000e5560000)
  from space 21824K,  26% used [0x00000000e6ab0000, 0x00000000e703af78, 0x00000000e8000000)
  to   space 21824K,   0% used [0x00000000e5560000, 0x00000000e5560000, 0x00000000e6ab0000)
 concurrent mark-sweep generation total 393216K, used 0K [0x00000000e8000000, 0x0000000100000000, 0x0000000100000000)
 Metaspace       used 20797K, capacity 21108K, committed 21296K, reserved 1069056K
  class space    used 2472K, capacity 2584K, committed 2608K, reserved 1048576K
2016-03-15T17:08:37.448+0000: 47.397: [GC (Allocation Failure) 2016-03-15T17:08:37.448+0000: 47.397: [ParNew
Desired survivor size 20112992 bytes, new threshold 8 (max 8)
- age   1:    9068344 bytes,    9068344 total
- age   2:    2548656 bytes,   11617000 total
: 93099K->12113K(109248K), 0.0373983 secs] 93099K->12113K(502464K), 0.0375933 secs] [Times: user=0.05 sys=0.05, real=0.04 secs] 
Heap after GC invocations=2 (full 0):
 par new generation   total 109248K, used 12113K [0x00000000e0000000, 0x00000000e8000000, 0x00000000e8000000)
  eden space 87424K,   0% used [0x00000000e0000000, 0x00000000e0000000, 0x00000000e5560000)
  from space 21824K,  55% used [0x00000000e5560000, 0x00000000e6134438, 0x00000000e6ab0000)
  to   space 21824K,   0% used [0x00000000e6ab0000, 0x00000000e6ab0000, 0x00000000e8000000)
 concurrent mark-sweep generation total 393216K, used 0K [0x00000000e8000000, 0x0000000100000000, 0x0000000100000000)
 Metaspace       used 20797K, capacity 21108K, committed 21296K, reserved 1069056K
  class space    used 2472K, capacity 2584K, committed 2608K, reserved 1048576K
}
2016-03-15T17:08:37.485+0000: 47.434: Total time for which application threads were stopped: 0.0380181 seconds, Stopping threads took: 0.0000553 seconds
2016-03-15T17:08:37.491+0000: 47.440: Total time for which application threads were stopped: 0.0001421 seconds, Stopping threads took: 0.0000545 seconds
2016-03-15T17:08:37.492+0000: 47.441: Total time for which application threads were stopped: 0.0009886 seconds, Stopping threads took: 0.0009223 seconds
2016-03-15T17:08:37.493+0000: 47.442: Total time for which application threads were stopped: 0.0002985 seconds, Stopping threads took: 0.0002329 seconds
2016-03-15T17:08:37.494+0000: 47.442: Total time for which application threads were stopped: 0.0001177 seconds, Stopping threads took: 0.0000608 seconds
2016-03-15T17:08:37.494+0000: 47.442: Total time for which application threads were stopped: 0.0000900 seconds, Stopping threads took: 0.0000395 seconds
2016-03-15T17:08:37.494+0000: 47.443: Total time for which application threads were stopped: 0.0000703 seconds, Stopping threads took: 0.0000221 seconds
2016-03-15T17:08:37.494+0000: 47.443: Total time for which application threads were stopped: 0.0001042 seconds, Stopping threads took: 0.0000553 seconds
2016-03-15T17:08:37.494+0000: 47.443: Total time for which application threads were stopped: 0.0000655 seconds, Stopping threads took: 0.0000197 seconds
2016-03-15T17:08:37.494+0000: 47.443: Total time for which application threads were stopped: 0.0001074 seconds, Stopping threads took: 0.0000569 seconds
2016-03-15T17:08:37.494+0000: 47.443: Total time for which application threads were stopped: 0.0000821 seconds, Stopping threads took: 0.0000363 seconds
2016-03-15T17:08:37.494+0000: 47.443: Total time for which application threads were stopped: 0.0001342 seconds, Stopping threads took: 0.0000908 seconds
2016-03-15T17:08:37.495+0000: 47.443: Total time for which application threads were stopped: 0.0000971 seconds, Stopping threads took: 0.0000458 seconds
2016-03-15T17:08:37.495+0000: 47.444: Total time for which application threads were stopped: 0.0000782 seconds, Stopping threads took: 0.0000324 seconds
2016-03-15T17:08:37.495+0000: 47.444: Total time for which application threads were stopped: 0.0000813 seconds, Stopping threads took: 0.0000355 seconds
2016-03-15T17:08:37.495+0000: 47.444: Total time for which application threads were stopped: 0.0000774 seconds, Stopping threads took: 0.0000324 seconds
2016-03-15T17:08:37.495+0000: 47.444: Total time for which application threads were stopped: 0.0000869 seconds, Stopping threads took: 0.0000387 seconds
2016-03-15T17:08:37.495+0000: 47.444: Total time for which application threads were stopped: 0.0000790 seconds, Stopping threads took: 0.0000332 seconds
2016-03-15T17:08:37.495+0000: 47.444: Total time for which application threads were stopped: 0.0000774 seconds, Stopping threads took: 0.0000324 seconds
2016-03-15T17:08:37.495+0000: 47.444: Total time for which application threads were stopped: 0.0000932 seconds, Stopping threads took: 0.0000324 seconds
2016-03-15T17:08:37.496+0000: 47.444: Total time for which application threads were stopped: 0.0000813 seconds, Stopping threads took: 0.0000332 seconds
2016-03-15T17:08:37.496+0000: 47.445: Total time for which application threads were stopped: 0.0002527 seconds, Stopping threads took: 0.0000395 seconds
2016-03-15T17:08:37.506+0000: 47.455: Total time for which application threads were stopped: 0.0002021 seconds, Stopping threads took: 0.0000466 seconds
2016-03-15T17:08:37.506+0000: 47.455: Total time for which application threads were stopped: 0.0000821 seconds, Stopping threads took: 0.0000276 seconds
2016-03-15T17:08:37.507+0000: 47.456: Total time for which application threads were stopped: 0.0001169 seconds, Stopping threads took: 0.0000411 seconds
2016-03-15T17:08:37.533+0000: 47.481: Total time for which application threads were stopped: 0.0001777 seconds, Stopping threads took: 0.0000671 seconds
2016-03-15T17:08:37.628+0000: 47.577: Total time for which application threads were stopped: 0.0001879 seconds, Stopping threads took: 0.0000513 seconds
2016-03-15T17:08:37.657+0000: 47.606: Total time for which application threads were stopped: 0.0004509 seconds, Stopping threads took: 0.0000529 seconds
2016-03-15T17:08:37.992+0000: 47.941: Total time for which application threads were stopped: 0.0002140 seconds, Stopping threads took: 0.0000561 seconds
2016-03-15T17:08:38.138+0000: 48.087: Total time for which application threads were stopped: 0.0005322 seconds, Stopping threads took: 0.0000466 seconds
2016-03-15T17:08:38.154+0000: 48.103: Total time for which application threads were stopped: 0.0004833 seconds, Stopping threads took: 0.0000569 seconds
2016-03-15T17:08:38.219+0000: 48.168: Total time for which application threads were stopped: 0.0009807 seconds, Stopping threads took: 0.0008718 seconds
2016-03-15T17:08:38.583+0000: 48.532: Total time for which application threads were stopped: 0.0001729 seconds, Stopping threads took: 0.0000584 seconds
2016-03-15T17:08:38.692+0000: 48.641: Total time for which application threads were stopped: 0.0001714 seconds, Stopping threads took: 0.0000474 seconds
2016-03-15T17:08:38.718+0000: 48.667: Total time for which application threads were stopped: 0.0003688 seconds, Stopping threads took: 0.0000608 seconds
2016-03-15T17:08:38.719+0000: 48.668: Total time for which application threads were stopped: 0.0002385 seconds, Stopping threads took: 0.0000300 seconds
2016-03-15T17:08:38.720+0000: 48.668: Total time for which application threads were stopped: 0.0002953 seconds, Stopping threads took: 0.0000395 seconds
2016-03-15T17:08:38.737+0000: 48.686: Total time for which application threads were stopped: 0.0001563 seconds, Stopping threads took: 0.0000569 seconds
2016-03-15T17:08:38.790+0000: 48.739: Total time for which application threads were stopped: 0.0001753 seconds, Stopping threads took: 0.0000616 seconds
{Heap before GC invocations=2 (full 0):
 par new generation   total 109248K, used 99537K [0x00000000e0000000, 0x00000000e8000000, 0x00000000e8000000)
  eden space 87424K, 100% used [0x00000000e0000000, 0x00000000e5560000, 0x00000000e5560000)
  from space 21824K,  55% used [0x00000000e5560000, 0x00000000e6134438, 0x00000000e6ab0000)
  to   space 21824K,   0% used [0x00000000e6ab0000, 0x00000000e6ab0000, 0x00000000e8000000)
 concurrent mark-sweep generation total 393216K, used 0K [0x00000000e8000000, 0x0000000100000000, 0x0000000100000000)
 Metaspace       used 22792K, capacity 23162K, committed 23392K, reserved 1069056K
  class space    used 2711K, capacity 2841K, committed 2912K, reserved 1048576K
2016-03-15T17:08:38.821+0000: 48.770: [GC (Allocation Failure) 2016-03-15T17:08:38.821+0000: 48.770: [ParNew
Desired survivor size 20112992 bytes, new threshold 8 (max 8)
- age   1:    2388016 bytes,    2388016 total
- age   2:    2967056 bytes,    5355072 total
- age   3:    2542864 bytes,    7897936 total
: 99537K->14160K(109248K), 0.0292728 secs] 99537K->14160K(502464K), 0.0294639 secs] [Times: user=0.05 sys=0.02, real=0.03 secs] 
Heap after GC invocations=3 (full 0):
 par new generation   total 109248K, used 14160K [0x00000000e0000000, 0x00000000e8000000, 0x00000000e8000000)
  eden space 87424K,   0% used [0x00000000e0000000, 0x00000000e0000000, 0x00000000e5560000)
  from space 21824K,  64% used [0x00000000e6ab0000, 0x00000000e78841e0, 0x00000000e8000000)
  to   space 21824K,   0% used [0x00000000e5560000, 0x00000000e5560000, 0x00000000e6ab0000)
 concurrent mark-sweep generation total 393216K, used 0K [0x00000000e8000000, 0x0000000100000000, 0x0000000100000000)
 Metaspace       used 22792K, capacity 23162K, committed 23392K, reserved 1069056K
  class space    used 2711K, capacity 2841K, committed 2912K, reserved 1048576K
}
2016-03-15T17:08:38.850+0000: 48.799: Total time for which application threads were stopped: 0.0299290 seconds, Stopping threads took: 0.0000798 seconds
2016-03-15T17:08:38.854+0000: 48.803: [GC (CMS Initial Mark) [1 CMS-initial-mark: 0K(393216K)] 15461K(502464K), 0.0080907 secs] [Times: user=0.02 sys=0.00, real=0.01 secs] 
2016-03-15T17:08:38.863+0000: 48.811: Total time for which application threads were stopped: 0.0085684 seconds, Stopping threads took: 0.0002535 seconds
2016-03-15T17:08:38.863+0000: 48.812: [CMS-concurrent-mark-start]
2016-03-15T17:08:38.863+0000: 48.812: [CMS-concurrent-mark: 0.001/0.001 secs] [Times: user=0.00 sys=0.00, real=0.00 secs] 
2016-03-15T17:08:38.863+0000: 48.812: [CMS-concurrent-preclean-start]
2016-03-15T17:08:38.866+0000: 48.815: [CMS-concurrent-preclean: 0.003/0.003 secs] [Times: user=0.00 sys=0.00, real=0.00 secs] 
2016-03-15T17:08:38.889+0000: 48.838: [GC (CMS Final Remark) [YG occupancy: 19656 K (109248 K)]{Heap before GC invocations=3 (full 1):
 par new generation   total 109248K, used 19656K [0x00000000e0000000, 0x00000000e8000000, 0x00000000e8000000)
  eden space 87424K,   6% used [0x00000000e0000000, 0x00000000e055e1a0, 0x00000000e5560000)
  from space 21824K,  64% used [0x00000000e6ab0000, 0x00000000e78841e0, 0x00000000e8000000)
  to   space 21824K,   0% used [0x00000000e5560000, 0x00000000e5560000, 0x00000000e6ab0000)
 concurrent mark-sweep generation total 393216K, used 0K [0x00000000e8000000, 0x0000000100000000, 0x0000000100000000)
 Metaspace       used 22819K, capacity 23162K, committed 23392K, reserved 1069056K
  class space    used 2714K, capacity 2841K, committed 2912K, reserved 1048576K
2016-03-15T17:08:38.889+0000: 48.838: [GC (CMS Final Remark) 2016-03-15T17:08:38.889+0000: 48.838: [ParNew
Desired survivor size 20112992 bytes, new threshold 8 (max 8)
- age   1:     173696 bytes,     173696 total
- age   2:     860992 bytes,    1034688 total
- age   3:    2967264 bytes,    4001952 total
- age   4:    2544352 bytes,    6546304 total
: 19656K->8563K(109248K), 0.0253467 secs] 19656K->8563K(502464K), 0.0254644 secs] [Times: user=0.03 sys=0.00, real=0.03 secs] 
Heap after GC invocations=4 (full 1):
 par new generation   total 109248K, used 8563K [0x00000000e0000000, 0x00000000e8000000, 0x00000000e8000000)
  eden space 87424K,   0% used [0x00000000e0000000, 0x00000000e0000000, 0x00000000e5560000)
  from space 21824K,  39% used [0x00000000e5560000, 0x00000000e5dbcff8, 0x00000000e6ab0000)
  to   space 21824K,   0% used [0x00000000e6ab0000, 0x00000000e6ab0000, 0x00000000e8000000)
 concurrent mark-sweep generation total 393216K, used 0K [0x00000000e8000000, 0x0000000100000000, 0x0000000100000000)
 Metaspace       used 22819K, capacity 23162K, committed 23392K, reserved 1069056K
  class space    used 2714K, capacity 2841K, committed 2912K, reserved 1048576K
}
2016-03-15T17:08:38.915+0000: 48.864: [Rescan (parallel) , 0.0080117 secs]2016-03-15T17:08:38.923+0000: 48.872: [weak refs processing, 0.0019220 secs]2016-03-15T17:08:38.925+0000: 48.874: [class unloading, 0.0081104 secs]2016-03-15T17:08:38.933+0000: 48.882: [scrub symbol table, 0.0111600 secs]2016-03-15T17:08:38.944+0000: 48.893: [scrub string table, 0.0008323 secs][1 CMS-remark: 0K(393216K)] 8563K(502464K), 0.0577015 secs] [Times: user=0.08 sys=0.00, real=0.06 secs] 
2016-03-15T17:08:38.947+0000: 48.896: Total time for which application threads were stopped: 0.0622404 seconds, Stopping threads took: 0.0043296 seconds
2016-03-15T17:08:38.948+0000: 48.897: [CMS-concurrent-sweep-start]
2016-03-15T17:08:38.948+0000: 48.897: [CMS-concurrent-sweep: 0.000/0.000 secs] [Times: user=0.00 sys=0.00, real=0.00 secs] 
2016-03-15T17:08:38.948+0000: 48.897: [CMS-concurrent-reset-start]
2016-03-15T17:08:38.956+0000: 48.905: [CMS-concurrent-reset: 0.008/0.008 secs] [Times: user=0.03 sys=0.00, real=0.01 secs] 
2016-03-15T17:08:39.114+0000: 49.063: Total time for which application threads were stopped: 0.0003166 seconds, Stopping threads took: 0.0000592 seconds
2016-03-15T17:08:39.195+0000: 49.144: Total time for which application threads were stopped: 0.0001461 seconds, Stopping threads took: 0.0000482 seconds
2016-03-15T17:08:39.375+0000: 49.323: Total time for which application threads were stopped: 0.0001761 seconds, Stopping threads took: 0.0000466 seconds
2016-03-15T17:08:39.391+0000: 49.339: Total time for which application threads were stopped: 0.0002124 seconds, Stopping threads took: 0.0000505 seconds
2016-03-15T17:08:39.393+0000: 49.342: Total time for which application threads were stopped: 0.0001650 seconds, Stopping threads took: 0.0000442 seconds
2016-03-15T17:08:39.394+0000: 49.343: Total time for which application threads were stopped: 0.0001516 seconds, Stopping threads took: 0.0000419 seconds
2016-03-15T17:08:39.418+0000: 49.367: Total time for which application threads were stopped: 0.0001413 seconds, Stopping threads took: 0.0000513 seconds
2016-03-15T17:08:40.418+0000: 50.367: Total time for which application threads were stopped: 0.0001390 seconds, Stopping threads took: 0.0000482 seconds
2016-03-15T17:08:54.459+0000: 64.411: Total time for which application threads were stopped: 0.0001437 seconds, Stopping threads took: 0.0000513 seconds
2016-03-15T17:09:05.029+0000: 74.981: Total time for which application threads were stopped: 0.0002045 seconds, Stopping threads took: 0.0000963 seconds
2016-03-15T17:09:05.031+0000: 74.983: Total time for which application threads were stopped: 0.0001603 seconds, Stopping threads took: 0.0000458 seconds
2016-03-15T17:09:05.068+0000: 75.021: Total time for which application threads were stopped: 0.0001706 seconds, Stopping threads took: 0.0000569 seconds
2016-03-15T17:09:05.075+0000: 75.027: Total time for which application threads were stopped: 0.0002661 seconds, Stopping threads took: 0.0000616 seconds
2016-03-15T17:09:05.097+0000: 75.049: Total time for which application threads were stopped: 0.0001311 seconds, Stopping threads took: 0.0000450 seconds
2016-03-15T17:09:05.098+0000: 75.050: Total time for which application threads were stopped: 0.0001113 seconds, Stopping threads took: 0.0000355 seconds
2016-03-15T17:09:05.099+0000: 75.051: Total time for which application threads were stopped: 0.0001105 seconds, Stopping threads took: 0.0000387 seconds
2016-03-15T17:09:05.099+0000: 75.051: Total time for which application threads were stopped: 0.0000924 seconds, Stopping threads took: 0.0000355 seconds
2016-03-15T17:09:05.106+0000: 75.058: Total time for which application threads were stopped: 0.0001485 seconds, Stopping threads took: 0.0000537 seconds
2016-03-15T17:09:05.108+0000: 75.060: Total time for which application threads were stopped: 0.0001342 seconds, Stopping threads took: 0.0000490 seconds
2016-03-15T17:09:05.116+0000: 75.068: Total time for which application threads were stopped: 0.0001998 seconds, Stopping threads took: 0.0000490 seconds
2016-03-15T17:09:05.125+0000: 75.077: Total time for which application threads were stopped: 0.0002472 seconds, Stopping threads took: 0.0000821 seconds
2016-03-15T17:09:05.129+0000: 75.081: Total time for which application threads were stopped: 0.0001903 seconds, Stopping threads took: 0.0000892 seconds
{Heap before GC invocations=4 (full 1):
 par new generation   total 109248K, used 95987K [0x00000000e0000000, 0x00000000e8000000, 0x00000000e8000000)
  eden space 87424K, 100% used [0x00000000e0000000, 0x00000000e5560000, 0x00000000e5560000)
  from space 21824K,  39% used [0x00000000e5560000, 0x00000000e5dbcff8, 0x00000000e6ab0000)
  to   space 21824K,   0% used [0x00000000e6ab0000, 0x00000000e6ab0000, 0x00000000e8000000)
 concurrent mark-sweep generation total 393216K, used 0K [0x00000000e8000000, 0x0000000100000000, 0x0000000100000000)
 Metaspace       used 23452K, capacity 23796K, committed 24032K, reserved 1071104K
  class space    used 2799K, capacity 2942K, committed 3040K, reserved 1048576K
2016-03-15T17:09:05.147+0000: 75.099: [GC (Allocation Failure) 2016-03-15T17:09:05.147+0000: 75.099: [ParNew
Desired survivor size 20112992 bytes, new threshold 8 (max 8)
- age   1:     868000 bytes,     868000 total
- age   2:       3776 bytes,     871776 total
- age   3:     213160 bytes,    1084936 total
- age   4:    2842384 bytes,    3927320 total
- age   5:    2542544 bytes,    6469864 total
: 95987K->8497K(109248K), 0.0251241 secs] 95987K->8497K(502464K), 0.0253507 secs] [Times: user=0.03 sys=0.00, real=0.02 secs] 
Heap after GC invocations=5 (full 1):
 par new generation   total 109248K, used 8497K [0x00000000e0000000, 0x00000000e8000000, 0x00000000e8000000)
  eden space 87424K,   0% used [0x00000000e0000000, 0x00000000e0000000, 0x00000000e5560000)
  from space 21824K,  38% used [0x00000000e6ab0000, 0x00000000e72fc720, 0x00000000e8000000)
  to   space 21824K,   0% used [0x00000000e5560000, 0x00000000e5560000, 0x00000000e6ab0000)
 concurrent mark-sweep generation total 393216K, used 0K [0x00000000e8000000, 0x0000000100000000, 0x0000000100000000)
 Metaspace       used 23452K, capacity 23796K, committed 24032K, reserved 1071104K
  class space    used 2799K, capacity 2942K, committed 3040K, reserved 1048576K
}
2016-03-15T17:09:05.172+0000: 75.124: Total time for which application threads were stopped: 0.0257802 seconds, Stopping threads took: 0.0000505 seconds
2016-03-15T17:09:05.176+0000: 75.128: Total time for which application threads were stopped: 0.0002140 seconds, Stopping threads took: 0.0000608 seconds
2016-03-15T17:09:05.245+0000: 75.197: Total time for which application threads were stopped: 0.0001848 seconds, Stopping threads took: 0.0000608 seconds
{Heap before GC invocations=5 (full 1):
 par new generation   total 109248K, used 95921K [0x00000000e0000000, 0x00000000e8000000, 0x00000000e8000000)
  eden space 87424K, 100% used [0x00000000e0000000, 0x00000000e5560000, 0x00000000e5560000)
  from space 21824K,  38% used [0x00000000e6ab0000, 0x00000000e72fc720, 0x00000000e8000000)
  to   space 21824K,   0% used [0x00000000e5560000, 0x00000000e5560000, 0x00000000e6ab0000)
 concurrent mark-sweep generation total 393216K, used 0K [0x00000000e8000000, 0x0000000100000000, 0x0000000100000000)
 Metaspace       used 23548K, capacity 23866K, committed 24288K, reserved 1071104K
  class space    used 2799K, capacity 2943K, committed 3040K, reserved 1048576K
2016-03-15T17:09:05.550+0000: 75.502: [GC (Allocation Failure) 2016-03-15T17:09:05.550+0000: 75.502: [ParNew
Desired survivor size 20112992 bytes, new threshold 8 (max 8)
- age   1:     758584 bytes,     758584 total
- age   2:     231928 bytes,     990512 total
- age   3:       3672 bytes,     994184 total
- age   4:     213160 bytes,    1207344 total
- age   5:    2842384 bytes,    4049728 total
- age   6:    2542544 bytes,    6592272 total
: 95921K->7895K(109248K), 0.0514649 secs] 95921K->7895K(502464K), 0.0516189 secs] [Times: user=0.08 sys=0.00, real=0.05 secs] 
Heap after GC invocations=6 (full 1):
 par new generation   total 109248K, used 7895K [0x00000000e0000000, 0x00000000e8000000, 0x00000000e8000000)
  eden space 87424K,   0% used [0x00000000e0000000, 0x00000000e0000000, 0x00000000e5560000)
  from space 21824K,  36% used [0x00000000e5560000, 0x00000000e5d15f20, 0x00000000e6ab0000)
  to   space 21824K,   0% used [0x00000000e6ab0000, 0x00000000e6ab0000, 0x00000000e8000000)
 concurrent mark-sweep generation total 393216K, used 0K [0x00000000e8000000, 0x0000000100000000, 0x0000000100000000)
 Metaspace       used 23548K, capacity 23866K, committed 24288K, reserved 1071104K
  class space    used 2799K, capacity 2943K, committed 3040K, reserved 1048576K
}
2016-03-15T17:09:05.602+0000: 75.554: Total time for which application threads were stopped: 0.0521361 seconds, Stopping threads took: 0.0000955 seconds
2016-03-15T17:09:05.627+0000: 75.579: Total time for which application threads were stopped: 0.0002551 seconds, Stopping threads took: 0.0000821 seconds
2016-03-15T17:09:05.767+0000: 75.719: Total time for which application threads were stopped: 0.0001674 seconds, Stopping threads took: 0.0000608 seconds
2016-03-15T17:09:05.781+0000: 75.734: Total time for which application threads were stopped: 0.0001469 seconds, Stopping threads took: 0.0000576 seconds
2016-03-15T17:09:06.781+0000: 76.733: Total time for which application threads were stopped: 0.0001469 seconds, Stopping threads took: 0.0000537 seconds
2016-03-15T17:09:28.572+0000: 98.525: Total time for which application threads were stopped: 0.0020317 seconds, Stopping threads took: 0.0000537 seconds
2016-03-15T17:09:28.573+0000: 98.525: Total time for which application threads were stopped: 0.0000971 seconds, Stopping threads took: 0.0000347 seconds
2016-03-15T17:09:28.573+0000: 98.525: Total time for which application threads were stopped: 0.0000813 seconds, Stopping threads took: 0.0000261 seconds
2016-03-15T17:09:28.574+0000: 98.526: Total time for which application threads were stopped: 0.0001319 seconds, Stopping threads took: 0.0000442 seconds
2016-03-15T17:09:28.574+0000: 98.526: Total time for which application threads were stopped: 0.0000821 seconds, Stopping threads took: 0.0000261 seconds
2016-03-15T17:09:28.574+0000: 98.526: Total time for which application threads were stopped: 0.0000813 seconds, Stopping threads took: 0.0000261 seconds
2016-03-15T17:09:28.576+0000: 98.528: Total time for which application threads were stopped: 0.0001777 seconds, Stopping threads took: 0.0000995 seconds
2016-03-15T17:09:28.576+0000: 98.528: Total time for which application threads were stopped: 0.0000821 seconds, Stopping threads took: 0.0000213 seconds
2016-03-15T17:09:28.576+0000: 98.528: Total time for which application threads were stopped: 0.0000750 seconds, Stopping threads took: 0.0000190 seconds
2016-03-15T17:09:28.576+0000: 98.529: Total time for which application threads were stopped: 0.0000798 seconds, Stopping threads took: 0.0000205 seconds
2016-03-15T17:09:28.577+0000: 98.529: Total time for which application threads were stopped: 0.0000813 seconds, Stopping threads took: 0.0000205 seconds
2016-03-15T17:09:28.577+0000: 98.529: Total time for which application threads were stopped: 0.0000750 seconds, Stopping threads took: 0.0000197 seconds
2016-03-15T17:09:28.577+0000: 98.530: Total time for which application threads were stopped: 0.0000774 seconds, Stopping threads took: 0.0000205 seconds
2016-03-15T17:09:28.577+0000: 98.530: Total time for which application threads were stopped: 0.0000813 seconds, Stopping threads took: 0.0000213 seconds
2016-03-15T17:09:28.586+0000: 98.539: Total time for which application threads were stopped: 0.0001406 seconds, Stopping threads took: 0.0000434 seconds
2016-03-15T17:09:28.586+0000: 98.539: Total time for which application threads were stopped: 0.0000861 seconds, Stopping threads took: 0.0000284 seconds
2016-03-15T17:09:28.588+0000: 98.540: Total time for which application threads were stopped: 0.0001263 seconds, Stopping threads took: 0.0000363 seconds
2016-03-15T17:09:28.588+0000: 98.541: Total time for which application threads were stopped: 0.0002487 seconds, Stopping threads took: 0.0000347 seconds
2016-03-15T17:09:28.603+0000: 98.555: Total time for which application threads were stopped: 0.0001485 seconds, Stopping threads took: 0.0000537 seconds
2016-03-15T17:09:28.605+0000: 98.557: Total time for which application threads were stopped: 0.0001382 seconds, Stopping threads took: 0.0000482 seconds
{Heap before GC invocations=6 (full 1):
 par new generation   total 109248K, used 95319K [0x00000000e0000000, 0x00000000e8000000, 0x00000000e8000000)
  eden space 87424K, 100% used [0x00000000e0000000, 0x00000000e5560000, 0x00000000e5560000)
  from space 21824K,  36% used [0x00000000e5560000, 0x00000000e5d15f20, 0x00000000e6ab0000)
  to   space 21824K,   0% used [0x00000000e6ab0000, 0x00000000e6ab0000, 0x00000000e8000000)
 concurrent mark-sweep generation total 393216K, used 0K [0x00000000e8000000, 0x0000000100000000, 0x0000000100000000)
 Metaspace       used 23641K, capacity 23994K, committed 24288K, reserved 1071104K
  class space    used 2800K, capacity 2943K, committed 3040K, reserved 1048576K
2016-03-15T17:09:28.833+0000: 98.785: [GC (Allocation Failure) 2016-03-15T17:09:28.833+0000: 98.785: [ParNew
Desired survivor size 20112992 bytes, new threshold 8 (max 8)
- age   1:     998376 bytes,     998376 total
- age   2:       5368 bytes,    1003744 total
- age   3:     184560 bytes,    1188304 total
- age   4:       3672 bytes,    1191976 total
- age   5:     212808 bytes,    1404784 total
- age   6:    2836272 bytes,    4241056 total
- age   7:    2542544 bytes,    6783600 total
: 95319K->11235K(109248K), 0.0301335 secs] 95319K->11235K(502464K), 0.0302812 secs] [Times: user=0.06 sys=0.00, real=0.03 secs] 
Heap after GC invocations=7 (full 1):
 par new generation   total 109248K, used 11235K [0x00000000e0000000, 0x00000000e8000000, 0x00000000e8000000)
  eden space 87424K,   0% used [0x00000000e0000000, 0x00000000e0000000, 0x00000000e5560000)
  from space 21824K,  51% used [0x00000000e6ab0000, 0x00000000e75a8ec0, 0x00000000e8000000)
  to   space 21824K,   0% used [0x00000000e5560000, 0x00000000e5560000, 0x00000000e6ab0000)
 concurrent mark-sweep generation total 393216K, used 0K [0x00000000e8000000, 0x0000000100000000, 0x0000000100000000)
 Metaspace       used 23641K, capacity 23994K, committed 24288K, reserved 1071104K
  class space    used 2800K, capacity 2943K, committed 3040K, reserved 1048576K
}
2016-03-15T17:09:28.863+0000: 98.815: Total time for which application threads were stopped: 0.0307479 seconds, Stopping threads took: 0.0000513 seconds
2016-03-15T17:09:28.864+0000: 98.816: Total time for which application threads were stopped: 0.0006665 seconds, Stopping threads took: 0.0005172 seconds
{Heap before GC invocations=7 (full 1):
 par new generation   total 109248K, used 98659K [0x00000000e0000000, 0x00000000e8000000, 0x00000000e8000000)
  eden space 87424K, 100% used [0x00000000e0000000, 0x00000000e5560000, 0x00000000e5560000)
  from space 21824K,  51% used [0x00000000e6ab0000, 0x00000000e75a8ec0, 0x00000000e8000000)
  to   space 21824K,   0% used [0x00000000e5560000, 0x00000000e5560000, 0x00000000e6ab0000)
 concurrent mark-sweep generation total 393216K, used 0K [0x00000000e8000000, 0x0000000100000000, 0x0000000100000000)
 Metaspace       used 23659K, capacity 23994K, committed 24288K, reserved 1071104K
  class space    used 2800K, capacity 2943K, committed 3040K, reserved 1048576K
2016-03-15T17:09:29.194+0000: 99.146: [GC (Allocation Failure) 2016-03-15T17:09:29.194+0000: 99.146: [ParNew
Desired survivor size 20112992 bytes, new threshold 8 (max 8)
- age   1:     325064 bytes,     325064 total
- age   2:     784112 bytes,    1109176 total
- age   3:       5368 bytes,    1114544 total
- age   4:     184560 bytes,    1299104 total
- age   5:       3672 bytes,    1302776 total
- age   6:     212808 bytes,    1515584 total
- age   7:    2836272 bytes,    4351856 total
- age   8:    2542544 bytes,    6894400 total
: 98659K->8416K(109248K), 0.0472372 secs] 98659K->8416K(502464K), 0.0474046 secs] [Times: user=0.05 sys=0.00, real=0.05 secs] 
Heap after GC invocations=8 (full 1):
 par new generation   total 109248K, used 8416K [0x00000000e0000000, 0x00000000e8000000, 0x00000000e8000000)
  eden space 87424K,   0% used [0x00000000e0000000, 0x00000000e0000000, 0x00000000e5560000)
  from space 21824K,  38% used [0x00000000e5560000, 0x00000000e5d982e0, 0x00000000e6ab0000)
  to   space 21824K,   0% used [0x00000000e6ab0000, 0x00000000e6ab0000, 0x00000000e8000000)
 concurrent mark-sweep generation total 393216K, used 0K [0x00000000e8000000, 0x0000000100000000, 0x0000000100000000)
 Metaspace       used 23659K, capacity 23994K, committed 24288K, reserved 1071104K
  class space    used 2800K, capacity 2943K, committed 3040K, reserved 1048576K
}
2016-03-15T17:09:29.241+0000: 99.193: Total time for which application threads were stopped: 0.0478721 seconds, Stopping threads took: 0.0000711 seconds
2016-03-15T17:09:29.264+0000: 99.216: Total time for which application threads were stopped: 0.0002645 seconds, Stopping threads took: 0.0000837 seconds
2016-03-15T17:09:30.264+0000: 100.216: Total time for which application threads were stopped: 0.0001595 seconds, Stopping threads took: 0.0000497 seconds
{Heap before GC invocations=8 (full 1):
 par new generation   total 109248K, used 95840K [0x00000000e0000000, 0x00000000e8000000, 0x00000000e8000000)
  eden space 87424K, 100% used [0x00000000e0000000, 0x00000000e5560000, 0x00000000e5560000)
  from space 21824K,  38% used [0x00000000e5560000, 0x00000000e5d982e0, 0x00000000e6ab0000)
  to   space 21824K,   0% used [0x00000000e6ab0000, 0x00000000e6ab0000, 0x00000000e8000000)
 concurrent mark-sweep generation total 393216K, used 0K [0x00000000e8000000, 0x0000000100000000, 0x0000000100000000)
 Metaspace       used 23707K, capacity 24070K, committed 24544K, reserved 1071104K
  class space    used 2801K, capacity 2945K, committed 3040K, reserved 1048576K
2016-03-15T17:09:48.612+0000: 118.565: [GC (Allocation Failure) 2016-03-15T17:09:48.612+0000: 118.565: [ParNew
Desired survivor size 20112992 bytes, new threshold 8 (max 8)
- age   1:     824408 bytes,     824408 total
- age   2:       5120 bytes,     829528 total
- age   3:     116016 bytes,     945544 total
- age   4:       5368 bytes,     950912 total
- age   5:     181688 bytes,    1132600 total
- age   6:       3672 bytes,    1136272 total
- age   7:     212704 bytes,    1348976 total
- age   8:    2836248 bytes,    4185224 total
: 95840K->7268K(109248K), 0.1108611 secs] 95840K->9985K(502464K), 0.1110214 secs] [Times: user=0.16 sys=0.00, real=0.11 secs] 
Heap after GC invocations=9 (full 1):
 par new generation   total 109248K, used 7268K [0x00000000e0000000, 0x00000000e8000000, 0x00000000e8000000)
  eden space 87424K,   0% used [0x00000000e0000000, 0x00000000e0000000, 0x00000000e5560000)
  from space 21824K,  33% used [0x00000000e6ab0000, 0x00000000e71c9198, 0x00000000e8000000)
  to   space 21824K,   0% used [0x00000000e5560000, 0x00000000e5560000, 0x00000000e6ab0000)
 concurrent mark-sweep generation total 393216K, used 2717K [0x00000000e8000000, 0x0000000100000000, 0x0000000100000000)
 Metaspace       used 23707K, capacity 24070K, committed 24544K, reserved 1071104K
  class space    used 2801K, capacity 2945K, committed 3040K, reserved 1048576K
}
2016-03-15T17:09:48.724+0000: 118.676: Total time for which application threads were stopped: 0.1165915 seconds, Stopping threads took: 0.0051335 seconds
2016-03-15T17:09:48.757+0000: 118.709: Total time for which application threads were stopped: 0.0002977 seconds, Stopping threads took: 0.0001050 seconds
2016-03-15T17:09:49.765+0000: 119.717: Total time for which application threads were stopped: 0.0001548 seconds, Stopping threads took: 0.0000569 seconds
{Heap before GC invocations=9 (full 1):
 par new generation   total 109248K, used 94692K [0x00000000e0000000, 0x00000000e8000000, 0x00000000e8000000)
  eden space 87424K, 100% used [0x00000000e0000000, 0x00000000e5560000, 0x00000000e5560000)
  from space 21824K,  33% used [0x00000000e6ab0000, 0x00000000e71c9198, 0x00000000e8000000)
  to   space 21824K,   0% used [0x00000000e5560000, 0x00000000e5560000, 0x00000000e6ab0000)
 concurrent mark-sweep generation total 393216K, used 2717K [0x00000000e8000000, 0x0000000100000000, 0x0000000100000000)
 Metaspace       used 23739K, capacity 24076K, committed 24544K, reserved 1071104K
  class space    used 2802K, capacity 2946K, committed 3040K, reserved 1048576K
2016-03-15T17:10:09.783+0000: 139.740: [GC (Allocation Failure) 2016-03-15T17:10:09.783+0000: 139.740: [ParNew
Desired survivor size 20112992 bytes, new threshold 8 (max 8)
- age   1:     229768 bytes,     229768 total
- age   2:      85280 bytes,     315048 total
- age   3:       5120 bytes,     320168 total
- age   4:     107528 bytes,     427696 total
- age   5:       5368 bytes,     433064 total
- age   6:     181656 bytes,     614720 total
- age   7:       3568 bytes,     618288 total
- age   8:     212704 bytes,     830992 total
: 94692K->2475K(109248K), 0.0312517 secs] 97409K->8106K(502464K), 0.0314270 secs] [Times: user=0.05 sys=0.02, real=0.03 secs] 
Heap after GC invocations=10 (full 1):
 par new generation   total 109248K, used 2475K [0x00000000e0000000, 0x00000000e8000000, 0x00000000e8000000)
  eden space 87424K,   0% used [0x00000000e0000000, 0x00000000e0000000, 0x00000000e5560000)
  from space 21824K,  11% used [0x00000000e5560000, 0x00000000e57cadc0, 0x00000000e6ab0000)
  to   space 21824K,   0% used [0x00000000e6ab0000, 0x00000000e6ab0000, 0x00000000e8000000)
 concurrent mark-sweep generation total 393216K, used 5630K [0x00000000e8000000, 0x0000000100000000, 0x0000000100000000)
 Metaspace       used 23739K, capacity 24076K, committed 24544K, reserved 1071104K
  class space    used 2802K, capacity 2946K, committed 3040K, reserved 1048576K
}
2016-03-15T17:10:09.815+0000: 139.771: Total time for which application threads were stopped: 0.0319110 seconds, Stopping threads took: 0.0000616 seconds
2016-03-15T17:10:09.815+0000: 139.772: Total time for which application threads were stopped: 0.0002464 seconds, Stopping threads took: 0.0000948 seconds
2016-03-15T17:10:09.816+0000: 139.772: Total time for which application threads were stopped: 0.0001019 seconds, Stopping threads took: 0.0000253 seconds
{Heap before GC invocations=10 (full 1):
 par new generation   total 109248K, used 89899K [0x00000000e0000000, 0x00000000e8000000, 0x00000000e8000000)
  eden space 87424K, 100% used [0x00000000e0000000, 0x00000000e5560000, 0x00000000e5560000)
  from space 21824K,  11% used [0x00000000e5560000, 0x00000000e57cadc0, 0x00000000e6ab0000)
  to   space 21824K,   0% used [0x00000000e6ab0000, 0x00000000e6ab0000, 0x00000000e8000000)
 concurrent mark-sweep generation total 393216K, used 5630K [0x00000000e8000000, 0x0000000100000000, 0x0000000100000000)
 Metaspace       used 23763K, capacity 24076K, committed 24544K, reserved 1071104K
  class space    used 2802K, capacity 2946K, committed 3040K, reserved 1048576K
2016-03-15T17:10:10.030+0000: 139.987: [GC (Allocation Failure) 2016-03-15T17:10:10.030+0000: 139.987: [ParNew
Desired survivor size 20112992 bytes, new threshold 8 (max 8)
- age   1:     682680 bytes,     682680 total
- age   2:     133848 bytes,     816528 total
- age   3:      84448 bytes,     900976 total
- age   4:       5120 bytes,     906096 total
- age   5:     107528 bytes,    1013624 total
- age   6:       5368 bytes,    1018992 total
- age   7:     181656 bytes,    1200648 total
- age   8:       3568 bytes,    1204216 total
: 89899K->1440K(109248K), 0.0129407 secs] 95530K->7284K(502464K), 0.0131120 secs] [Times: user=0.03 sys=0.00, real=0.01 secs] 
Heap after GC invocations=11 (full 1):
 par new generation   total 109248K, used 1440K [0x00000000e0000000, 0x00000000e8000000, 0x00000000e8000000)
  eden space 87424K,   0% used [0x00000000e0000000, 0x00000000e0000000, 0x00000000e5560000)
  from space 21824K,   6% used [0x00000000e6ab0000, 0x00000000e6c18240, 0x00000000e8000000)
  to   space 21824K,   0% used [0x00000000e5560000, 0x00000000e5560000, 0x00000000e6ab0000)
 concurrent mark-sweep generation total 393216K, used 5844K [0x00000000e8000000, 0x0000000100000000, 0x0000000100000000)
 Metaspace       used 23763K, capacity 24076K, committed 24544K, reserved 1071104K
  class space    used 2802K, capacity 2946K, committed 3040K, reserved 1048576K
}
2016-03-15T17:10:10.043+0000: 140.000: Total time for which application threads were stopped: 0.0135834 seconds, Stopping threads took: 0.0000545 seconds
2016-03-15T17:10:10.045+0000: 140.001: Total time for which application threads were stopped: 0.0010889 seconds, Stopping threads took: 0.0009097 seconds
2016-03-15T17:10:11.046+0000: 141.002: Total time for which application threads were stopped: 0.0001603 seconds, Stopping threads took: 0.0000529 seconds
2016-03-15T17:11:01.182+0000: 191.140: Total time for which application threads were stopped: 0.0001848 seconds, Stopping threads took: 0.0000553 seconds
2016-03-15T17:11:30.245+0000: 220.203: Total time for which application threads were stopped: 0.0001556 seconds, Stopping threads took: 0.0000513 seconds
2016-03-15T17:12:18.144+0000: 268.110: Total time for which application threads were stopped: 0.0001792 seconds, Stopping threads took: 0.0000616 seconds
{Heap before GC invocations=11 (full 1):
 par new generation   total 109248K, used 88864K [0x00000000e0000000, 0x00000000e8000000, 0x00000000e8000000)
  eden space 87424K, 100% used [0x00000000e0000000, 0x00000000e5560000, 0x00000000e5560000)
  from space 21824K,   6% used [0x00000000e6ab0000, 0x00000000e6c18240, 0x00000000e8000000)
  to   space 21824K,   0% used [0x00000000e5560000, 0x00000000e5560000, 0x00000000e6ab0000)
 concurrent mark-sweep generation total 393216K, used 5844K [0x00000000e8000000, 0x0000000100000000, 0x0000000100000000)
 Metaspace       used 23784K, capacity 24076K, committed 24544K, reserved 1071104K
  class space    used 2802K, capacity 2946K, committed 3040K, reserved 1048576K
2016-03-15T17:12:18.256+0000: 268.222: [GC (Allocation Failure) 2016-03-15T17:12:18.257+0000: 268.222: [ParNew
Desired survivor size 20112992 bytes, new threshold 8 (max 8)
- age   1:     463656 bytes,     463656 total
- age   2:       3136 bytes,     466792 total
- age   3:      81360 bytes,     548152 total
- age   4:      81576 bytes,     629728 total
- age   5:       5120 bytes,     634848 total
- age   6:     107496 bytes,     742344 total
- age   7:       5368 bytes,     747712 total
- age   8:     181624 bytes,     929336 total
: 88864K->1858K(109248K), 0.0171179 secs] 94708K->7706K(502464K), 0.0173232 secs] [Times: user=0.01 sys=0.00, real=0.02 secs] 
Heap after GC invocations=12 (full 1):
 par new generation   total 109248K, used 1858K [0x00000000e0000000, 0x00000000e8000000, 0x00000000e8000000)
  eden space 87424K,   0% used [0x00000000e0000000, 0x00000000e0000000, 0x00000000e5560000)
  from space 21824K,   8% used [0x00000000e5560000, 0x00000000e5730a70, 0x00000000e6ab0000)
  to   space 21824K,   0% used [0x00000000e6ab0000, 0x00000000e6ab0000, 0x00000000e8000000)
 concurrent mark-sweep generation total 393216K, used 5847K [0x00000000e8000000, 0x0000000100000000, 0x0000000100000000)
 Metaspace       used 23784K, capacity 24076K, committed 24544K, reserved 1071104K
  class space    used 2802K, capacity 2946K, committed 3040K, reserved 1048576K
}
2016-03-15T17:12:18.274+0000: 268.239: Total time for which application threads were stopped: 0.0188693 seconds, Stopping threads took: 0.0011173 seconds
2016-03-15T17:12:18.290+0000: 268.255: Total time for which application threads were stopped: 0.0002021 seconds, Stopping threads took: 0.0000529 seconds
{Heap before GC invocations=12 (full 1):
 par new generation   total 109248K, used 89282K [0x00000000e0000000, 0x00000000e8000000, 0x00000000e8000000)
  eden space 87424K, 100% used [0x00000000e0000000, 0x00000000e5560000, 0x00000000e5560000)
  from space 21824K,   8% used [0x00000000e5560000, 0x00000000e5730a70, 0x00000000e6ab0000)
  to   space 21824K,   0% used [0x00000000e6ab0000, 0x00000000e6ab0000, 0x00000000e8000000)
 concurrent mark-sweep generation total 393216K, used 5847K [0x00000000e8000000, 0x0000000100000000, 0x0000000100000000)
 Metaspace       used 23789K, capacity 24082K, committed 24544K, reserved 1071104K
  class space    used 2802K, capacity 2947K, committed 3040K, reserved 1048576K
2016-03-15T17:12:18.485+0000: 268.451: [GC (Allocation Failure) 2016-03-15T17:12:18.486+0000: 268.451: [ParNew
Desired survivor size 20112992 bytes, new threshold 8 (max 8)
- age   1:     587688 bytes,     587688 total
- age   2:     353784 bytes,     941472 total
- age   3:       3136 bytes,     944608 total
- age   4:      81360 bytes,    1025968 total
- age   5:      81576 bytes,    1107544 total
- age   6:       5120 bytes,    1112664 total
- age   7:     107496 bytes,    1220160 total
- age   8:       5368 bytes,    1225528 total
: 89282K->1213K(109248K), 0.0126343 secs] 95130K->7241K(502464K), 0.0128183 secs] [Times: user=0.03 sys=0.00, real=0.01 secs] 
Heap after GC invocations=13 (full 1):
 par new generation   total 109248K, used 1213K [0x00000000e0000000, 0x00000000e8000000, 0x00000000e8000000)
  eden space 87424K,   0% used [0x00000000e0000000, 0x00000000e0000000, 0x00000000e5560000)
  from space 21824K,   5% used [0x00000000e6ab0000, 0x00000000e6bdf7f0, 0x00000000e8000000)
  to   space 21824K,   0% used [0x00000000e5560000, 0x00000000e5560000, 0x00000000e6ab0000)
 concurrent mark-sweep generation total 393216K, used 6027K [0x00000000e8000000, 0x0000000100000000, 0x0000000100000000)
 Metaspace       used 23789K, capacity 24082K, committed 24544K, reserved 1071104K
  class space    used 2802K, capacity 2947K, committed 3040K, reserved 1048576K
}
2016-03-15T17:12:18.498+0000: 268.464: Total time for which application threads were stopped: 0.0132384 seconds, Stopping threads took: 0.0000466 seconds
2016-03-15T17:12:18.500+0000: 268.465: Total time for which application threads were stopped: 0.0010092 seconds, Stopping threads took: 0.0008339 seconds
2016-03-15T17:12:18.730+0000: 268.696: Total time for which application threads were stopped: 0.0006372 seconds, Stopping threads took: 0.0000632 seconds
2016-03-15T17:12:18.918+0000: 268.884: Total time for which application threads were stopped: 0.0002408 seconds, Stopping threads took: 0.0000569 seconds
2016-03-15T17:12:19.045+0000: 269.011: Total time for which application threads were stopped: 0.0006238 seconds, Stopping threads took: 0.0000569 seconds
2016-03-15T17:12:19.230+0000: 269.196: Total time for which application threads were stopped: 0.0002337 seconds, Stopping threads took: 0.0000671 seconds
2016-03-15T17:12:19.232+0000: 269.198: Total time for which application threads were stopped: 0.0001579 seconds, Stopping threads took: 0.0000419 seconds
2016-03-15T17:12:19.249+0000: 269.215: Total time for which application threads were stopped: 0.0001579 seconds, Stopping threads took: 0.0000513 seconds
2016-03-15T17:12:19.402+0000: 269.367: Total time for which application threads were stopped: 0.0001413 seconds, Stopping threads took: 0.0000411 seconds
2016-03-15T17:12:19.402+0000: 269.368: Total time for which application threads were stopped: 0.0000829 seconds, Stopping threads took: 0.0000284 seconds
2016-03-15T17:12:19.550+0000: 269.515: Total time for which application threads were stopped: 0.0001753 seconds, Stopping threads took: 0.0000490 seconds
2016-03-15T17:12:19.568+0000: 269.534: Total time for which application threads were stopped: 0.0001619 seconds, Stopping threads took: 0.0000529 seconds
2016-03-15T17:12:19.640+0000: 269.606: Total time for which application threads were stopped: 0.0003174 seconds, Stopping threads took: 0.0001548 seconds
2016-03-15T17:12:19.755+0000: 269.721: Total time for which application threads were stopped: 0.0001879 seconds, Stopping threads took: 0.0000490 seconds
2016-03-15T17:12:19.761+0000: 269.726: Total time for which application threads were stopped: 0.0011560 seconds, Stopping threads took: 0.0009957 seconds
2016-03-15T17:12:19.761+0000: 269.727: Total time for which application threads were stopped: 0.0000940 seconds, Stopping threads took: 0.0000276 seconds
2016-03-15T17:12:19.762+0000: 269.727: Total time for which application threads were stopped: 0.0001334 seconds, Stopping threads took: 0.0000324 seconds
2016-03-15T17:12:19.780+0000: 269.746: Total time for which application threads were stopped: 0.0001737 seconds, Stopping threads took: 0.0000624 seconds
2016-03-15T17:12:19.782+0000: 269.747: Total time for which application threads were stopped: 0.0001366 seconds, Stopping threads took: 0.0000466 seconds
2016-03-15T17:12:19.783+0000: 269.748: Total time for which application threads were stopped: 0.0001177 seconds, Stopping threads took: 0.0000371 seconds
2016-03-15T17:12:20.785+0000: 270.750: Total time for which application threads were stopped: 0.0001642 seconds, Stopping threads took: 0.0000505 seconds
2016-03-15T17:12:22.130+0000: 272.096: Total time for which application threads were stopped: 0.0001777 seconds, Stopping threads took: 0.0000600 seconds
2016-03-15T17:12:22.131+0000: 272.096: Total time for which application threads were stopped: 0.0001169 seconds, Stopping threads took: 0.0000347 seconds
2016-03-15T17:12:22.156+0000: 272.121: Total time for which application threads were stopped: 0.0001548 seconds, Stopping threads took: 0.0000458 seconds
2016-03-15T17:12:22.242+0000: 272.207: Total time for which application threads were stopped: 0.0002503 seconds, Stopping threads took: 0.0000719 seconds
2016-03-15T17:12:22.273+0000: 272.239: Total time for which application threads were stopped: 0.0258047 seconds, Stopping threads took: 0.0256586 seconds
2016-03-15T17:12:22.283+0000: 272.248: Total time for which application threads were stopped: 0.0001943 seconds, Stopping threads took: 0.0000608 seconds
2016-03-15T17:12:22.283+0000: 272.249: Total time for which application threads were stopped: 0.0001224 seconds, Stopping threads took: 0.0000324 seconds
2016-03-15T17:12:22.283+0000: 272.249: Total time for which application threads were stopped: 0.0001027 seconds, Stopping threads took: 0.0000276 seconds
2016-03-15T17:12:22.283+0000: 272.249: Total time for which application threads were stopped: 0.0000916 seconds, Stopping threads took: 0.0000300 seconds
2016-03-15T17:12:22.284+0000: 272.249: Total time for which application threads were stopped: 0.0001074 seconds, Stopping threads took: 0.0000292 seconds
2016-03-15T17:12:22.287+0000: 272.253: Total time for which application threads were stopped: 0.0001666 seconds, Stopping threads took: 0.0000513 seconds
2016-03-15T17:12:22.287+0000: 272.253: Total time for which application threads were stopped: 0.0003569 seconds, Stopping threads took: 0.0002274 seconds
2016-03-15T17:12:22.288+0000: 272.254: Total time for which application threads were stopped: 0.0000987 seconds, Stopping threads took: 0.0000332 seconds
2016-03-15T17:12:22.288+0000: 272.254: Total time for which application threads were stopped: 0.0000900 seconds, Stopping threads took: 0.0000300 seconds
2016-03-15T17:12:22.288+0000: 272.254: Total time for which application threads were stopped: 0.0000884 seconds, Stopping threads took: 0.0000292 seconds
2016-03-15T17:12:22.289+0000: 272.254: Total time for which application threads were stopped: 0.0000932 seconds, Stopping threads took: 0.0000308 seconds
2016-03-15T17:12:22.289+0000: 272.254: Total time for which application threads were stopped: 0.0000892 seconds, Stopping threads took: 0.0000308 seconds
2016-03-15T17:12:22.289+0000: 272.254: Total time for which application threads were stopped: 0.0000908 seconds, Stopping threads took: 0.0000292 seconds
2016-03-15T17:12:22.304+0000: 272.270: Total time for which application threads were stopped: 0.0001769 seconds, Stopping threads took: 0.0000545 seconds
2016-03-15T17:12:22.324+0000: 272.290: Total time for which application threads were stopped: 0.0001990 seconds, Stopping threads took: 0.0000561 seconds
2016-03-15T17:12:23.325+0000: 273.289: Total time for which application threads were stopped: 0.0001943 seconds, Stopping threads took: 0.0000513 seconds
2016-03-15T17:12:23.884+0000: 273.849: Total time for which application threads were stopped: 0.0008718 seconds, Stopping threads took: 0.0000458 seconds
2016-03-15T17:12:23.886+0000: 273.851: Total time for which application threads were stopped: 0.0001358 seconds, Stopping threads took: 0.0000403 seconds
2016-03-15T17:12:24.042+0000: 274.007: Total time for which application threads were stopped: 0.0001895 seconds, Stopping threads took: 0.0000545 seconds
2016-03-15T17:12:24.044+0000: 274.008: Total time for which application threads were stopped: 0.0001358 seconds, Stopping threads took: 0.0000419 seconds
2016-03-15T17:12:24.045+0000: 274.009: Total time for which application threads were stopped: 0.0001169 seconds, Stopping threads took: 0.0000371 seconds
2016-03-15T17:12:24.045+0000: 274.010: Total time for which application threads were stopped: 0.0000995 seconds, Stopping threads took: 0.0000308 seconds
2016-03-15T17:12:24.045+0000: 274.010: Total time for which application threads were stopped: 0.0000916 seconds, Stopping threads took: 0.0000284 seconds
2016-03-15T17:12:24.045+0000: 274.010: Total time for which application threads were stopped: 0.0000955 seconds, Stopping threads took: 0.0000292 seconds
2016-03-15T17:12:24.046+0000: 274.010: Total time for which application threads were stopped: 0.0000963 seconds, Stopping threads took: 0.0000300 seconds
2016-03-15T17:12:24.046+0000: 274.010: Total time for which application threads were stopped: 0.0000884 seconds, Stopping threads took: 0.0000261 seconds
2016-03-15T17:12:24.046+0000: 274.011: Total time for which application threads were stopped: 0.0001098 seconds, Stopping threads took: 0.0000355 seconds
2016-03-15T17:12:24.051+0000: 274.016: Total time for which application threads were stopped: 0.0001603 seconds, Stopping threads took: 0.0000505 seconds
2016-03-15T17:12:24.054+0000: 274.019: Total time for which application threads were stopped: 0.0001453 seconds, Stopping threads took: 0.0000490 seconds
2016-03-15T17:12:24.728+0000: 274.693: Total time for which application threads were stopped: 0.0002077 seconds, Stopping threads took: 0.0000576 seconds
2016-03-15T17:12:24.763+0000: 274.727: Total time for which application threads were stopped: 0.0018233 seconds, Stopping threads took: 0.0017025 seconds
2016-03-15T17:12:24.769+0000: 274.734: Total time for which application threads were stopped: 0.0014111 seconds, Stopping threads took: 0.0013037 seconds
2016-03-15T17:12:24.770+0000: 274.734: Total time for which application threads were stopped: 0.0001208 seconds, Stopping threads took: 0.0000308 seconds
2016-03-15T17:12:24.795+0000: 274.760: Total time for which application threads were stopped: 0.0001611 seconds, Stopping threads took: 0.0000426 seconds
2016-03-15T17:12:24.858+0000: 274.823: Total time for which application threads were stopped: 0.0018643 seconds, Stopping threads took: 0.0016922 seconds
2016-03-15T17:12:25.023+0000: 274.988: Total time for which application threads were stopped: 0.0001714 seconds, Stopping threads took: 0.0000513 seconds
2016-03-15T17:12:25.023+0000: 274.988: Total time for which application threads were stopped: 0.0000877 seconds, Stopping threads took: 0.0000276 seconds
2016-03-15T17:12:25.023+0000: 274.988: Total time for which application threads were stopped: 0.0000845 seconds, Stopping threads took: 0.0000261 seconds
2016-03-15T17:12:25.024+0000: 274.988: Total time for which application threads were stopped: 0.0000869 seconds, Stopping threads took: 0.0000292 seconds
2016-03-15T17:12:25.061+0000: 275.026: Total time for which application threads were stopped: 0.0001635 seconds, Stopping threads took: 0.0000490 seconds
2016-03-15T17:12:25.063+0000: 275.028: Total time for which application threads were stopped: 0.0001279 seconds, Stopping threads took: 0.0000387 seconds
2016-03-15T17:12:25.081+0000: 275.046: Total time for which application threads were stopped: 0.0006601 seconds, Stopping threads took: 0.0000426 seconds
2016-03-15T17:12:25.457+0000: 275.422: Total time for which application threads were stopped: 0.0007738 seconds, Stopping threads took: 0.0000545 seconds
2016-03-15T17:12:26.457+0000: 276.421: Total time for which application threads were stopped: 0.0002029 seconds, Stopping threads took: 0.0000561 seconds
{Heap before GC invocations=13 (full 1):
 par new generation   total 109248K, used 88637K [0x00000000e0000000, 0x00000000e8000000, 0x00000000e8000000)
  eden space 87424K, 100% used [0x00000000e0000000, 0x00000000e5560000, 0x00000000e5560000)
  from space 21824K,   5% used [0x00000000e6ab0000, 0x00000000e6bdf7f0, 0x00000000e8000000)
  to   space 21824K,   0% used [0x00000000e5560000, 0x00000000e5560000, 0x00000000e6ab0000)
 concurrent mark-sweep generation total 393216K, used 6027K [0x00000000e8000000, 0x0000000100000000, 0x0000000100000000)
 Metaspace       used 30692K, capacity 31112K, committed 31456K, reserved 1077248K
  class space    used 3559K, capacity 3696K, committed 3808K, reserved 1048576K
2016-03-15T17:12:27.121+0000: 277.086: [GC (Allocation Failure) 2016-03-15T17:12:27.121+0000: 277.086: [ParNew
Desired survivor size 20112992 bytes, new threshold 8 (max 8)
- age   1:    7979528 bytes,    7979528 total
- age   2:      67048 bytes,    8046576 total
- age   3:     207176 bytes,    8253752 total
- age   4:       3136 bytes,    8256888 total
- age   5:      81096 bytes,    8337984 total
- age   6:      81576 bytes,    8419560 total
- age   7:       5120 bytes,    8424680 total
- age   8:     107360 bytes,    8532040 total
: 88637K->8725K(109248K), 0.0272474 secs] 94665K->14759K(502464K), 0.0274409 secs] [Times: user=0.05 sys=0.00, real=0.03 secs] 
Heap after GC invocations=14 (full 1):
 par new generation   total 109248K, used 8725K [0x00000000e0000000, 0x00000000e8000000, 0x00000000e8000000)
  eden space 87424K,   0% used [0x00000000e0000000, 0x00000000e0000000, 0x00000000e5560000)
  from space 21824K,  39% used [0x00000000e5560000, 0x00000000e5de57c8, 0x00000000e6ab0000)
  to   space 21824K,   0% used [0x00000000e6ab0000, 0x00000000e6ab0000, 0x00000000e8000000)
 concurrent mark-sweep generation total 393216K, used 6033K [0x00000000e8000000, 0x0000000100000000, 0x0000000100000000)
 Metaspace       used 30692K, capacity 31112K, committed 31456K, reserved 1077248K
  class space    used 3559K, capacity 3696K, committed 3808K, reserved 1048576K
}
2016-03-15T17:12:27.149+0000: 277.114: Total time for which application threads were stopped: 0.0278878 seconds, Stopping threads took: 0.0000584 seconds
2016-03-15T17:12:27.165+0000: 277.129: Total time for which application threads were stopped: 0.0002164 seconds, Stopping threads took: 0.0001019 seconds
2016-03-15T17:12:27.823+0000: 277.788: Total time for which application threads were stopped: 0.0003285 seconds, Stopping threads took: 0.0000450 seconds
2016-03-15T17:12:27.854+0000: 277.818: Total time for which application threads were stopped: 0.0003269 seconds, Stopping threads took: 0.0000545 seconds
2016-03-15T17:12:27.966+0000: 277.931: Total time for which application threads were stopped: 0.0001627 seconds, Stopping threads took: 0.0000434 seconds
2016-03-15T17:12:27.966+0000: 277.931: Total time for which application threads were stopped: 0.0000916 seconds, Stopping threads took: 0.0000213 seconds
2016-03-15T17:12:28.006+0000: 277.976: Total time for which application threads were stopped: 0.0003767 seconds, Stopping threads took: 0.0000703 seconds
2016-03-15T17:12:28.454+0000: 278.419: Total time for which application threads were stopped: 0.0002266 seconds, Stopping threads took: 0.0000545 seconds
2016-03-15T17:12:28.551+0000: 278.516: Total time for which application threads were stopped: 0.0001556 seconds, Stopping threads took: 0.0000403 seconds
2016-03-15T17:12:28.926+0000: 278.891: Total time for which application threads were stopped: 0.0001832 seconds, Stopping threads took: 0.0000569 seconds
2016-03-15T17:12:28.927+0000: 278.892: Total time for which application threads were stopped: 0.0001098 seconds, Stopping threads took: 0.0000363 seconds
2016-03-15T17:12:28.940+0000: 278.904: Total time for which application threads were stopped: 0.0001808 seconds, Stopping threads took: 0.0000569 seconds
2016-03-15T17:12:28.946+0000: 278.911: Total time for which application threads were stopped: 0.0008268 seconds, Stopping threads took: 0.0000561 seconds
2016-03-15T17:12:29.050+0000: 279.014: Total time for which application threads were stopped: 0.0002645 seconds, Stopping threads took: 0.0000482 seconds
2016-03-15T17:12:30.050+0000: 280.015: Total time for which application threads were stopped: 0.0002116 seconds, Stopping threads took: 0.0000766 seconds
2016-03-15T17:12:30.360+0000: 280.325: Total time for which application threads were stopped: 0.0001556 seconds, Stopping threads took: 0.0000450 seconds
2016-03-15T17:12:32.384+0000: 282.355: Total time for which application threads were stopped: 0.0001761 seconds, Stopping threads took: 0.0000569 seconds
2016-03-15T17:12:37.395+0000: 287.360: Total time for which application threads were stopped: 0.0001500 seconds, Stopping threads took: 0.0000458 seconds
2016-03-15T17:12:38.395+0000: 288.360: Total time for which application threads were stopped: 0.0001777 seconds, Stopping threads took: 0.0000497 seconds
2016-03-15T17:12:45.941+0000: 295.906: Total time for which application threads were stopped: 0.0003001 seconds, Stopping threads took: 0.0001248 seconds
2016-03-15T17:12:46.941+0000: 296.905: Total time for which application threads were stopped: 0.0002069 seconds, Stopping threads took: 0.0000474 seconds
2016-03-15T17:12:49.946+0000: 299.911: Total time for which application threads were stopped: 0.0001927 seconds, Stopping threads took: 0.0000608 seconds
2016-03-15T17:13:14.006+0000: 323.974: Total time for which application threads were stopped: 0.0001714 seconds, Stopping threads took: 0.0000569 seconds
2016-03-15T17:14:04.143+0000: 374.114: Total time for which application threads were stopped: 0.0001587 seconds, Stopping threads took: 0.0000474 seconds
2016-03-15T17:15:25.030+0000: 455.004: Total time for which application threads were stopped: 0.0015414 seconds, Stopping threads took: 0.0014103 seconds
2016-03-15T17:15:25.034+0000: 455.008: Total time for which application threads were stopped: 0.0014008 seconds, Stopping threads took: 0.0012761 seconds
2016-03-15T17:15:25.035+0000: 455.009: Total time for which application threads were stopped: 0.0001382 seconds, Stopping threads took: 0.0000490 seconds
2016-03-15T17:15:25.036+0000: 455.010: Total time for which application threads were stopped: 0.0002203 seconds, Stopping threads took: 0.0001556 seconds
2016-03-15T17:15:25.037+0000: 455.011: Total time for which application threads were stopped: 0.0008710 seconds, Stopping threads took: 0.0008039 seconds
2016-03-15T17:15:25.038+0000: 455.012: Total time for which application threads were stopped: 0.0001240 seconds, Stopping threads took: 0.0000419 seconds
2016-03-15T17:15:25.038+0000: 455.012: Total time for which application threads were stopped: 0.0000821 seconds, Stopping threads took: 0.0000268 seconds
2016-03-15T17:15:25.038+0000: 455.012: Total time for which application threads were stopped: 0.0000805 seconds, Stopping threads took: 0.0000261 seconds
2016-03-15T17:15:25.039+0000: 455.013: Total time for which application threads were stopped: 0.0001382 seconds, Stopping threads took: 0.0000395 seconds
2016-03-15T17:15:25.042+0000: 455.016: Total time for which application threads were stopped: 0.0001548 seconds, Stopping threads took: 0.0000663 seconds
2016-03-15T17:15:25.042+0000: 455.016: Total time for which application threads were stopped: 0.0001437 seconds, Stopping threads took: 0.0000884 seconds
2016-03-15T17:15:25.042+0000: 455.016: Total time for which application threads were stopped: 0.0000774 seconds, Stopping threads took: 0.0000253 seconds
2016-03-15T17:15:25.042+0000: 455.016: Total time for which application threads were stopped: 0.0000758 seconds, Stopping threads took: 0.0000245 seconds
2016-03-15T17:15:25.043+0000: 455.017: Total time for which application threads were stopped: 0.0001034 seconds, Stopping threads took: 0.0000284 seconds
2016-03-15T17:15:25.045+0000: 455.019: Total time for which application threads were stopped: 0.0001690 seconds, Stopping threads took: 0.0000403 seconds
2016-03-15T17:15:25.046+0000: 455.019: Total time for which application threads were stopped: 0.0000837 seconds, Stopping threads took: 0.0000284 seconds
2016-03-15T17:15:25.046+0000: 455.020: Total time for which application threads were stopped: 0.0000821 seconds, Stopping threads took: 0.0000276 seconds
2016-03-15T17:15:25.057+0000: 455.031: Total time for which application threads were stopped: 0.0001603 seconds, Stopping threads took: 0.0000687 seconds
2016-03-15T17:15:25.070+0000: 455.044: Total time for which application threads were stopped: 0.0048397 seconds, Stopping threads took: 0.0047426 seconds
2016-03-15T17:15:25.077+0000: 455.051: Total time for which application threads were stopped: 0.0001058 seconds, Stopping threads took: 0.0000347 seconds
2016-03-15T17:15:25.077+0000: 455.051: Total time for which application threads were stopped: 0.0000663 seconds, Stopping threads took: 0.0000300 seconds
2016-03-15T17:15:25.077+0000: 455.051: Total time for which application threads were stopped: 0.0000655 seconds, Stopping threads took: 0.0000300 seconds
2016-03-15T17:15:25.077+0000: 455.051: Total time for which application threads were stopped: 0.0000608 seconds, Stopping threads took: 0.0000276 seconds
Heap
 par new generation   total 109248K, used 32647K [0x00000000e0000000, 0x00000000e8000000, 0x00000000e8000000)
  eden space 87424K,  27% used [0x00000000e0000000, 0x00000000e175c508, 0x00000000e5560000)
  from space 21824K,  39% used [0x00000000e5560000, 0x00000000e5de57c8, 0x00000000e6ab0000)
  to   space 21824K,   0% used [0x00000000e6ab0000, 0x00000000e6ab0000, 0x00000000e8000000)
 concurrent mark-sweep generation total 393216K, used 6033K [0x00000000e8000000, 0x0000000100000000, 0x0000000100000000)
 Metaspace       used 32308K, capacity 32742K, committed 33120K, reserved 1079296K
  class space    used 3710K, capacity 3893K, committed 3936K, reserved 1048576K
