Java HotSpot(TM) 64-Bit Server VM (25.73-b02) for windows-amd64 JRE (1.8.0_73-b02), built on Jan 29 2016 17:38:49 by "java_re" with MS VC++ 10.0 (VS2010)
Memory: 4k page, physical 4027256k(1221940k free), swap 8052656k(2443804k free)
CommandLine flags: -XX:CMSInitiatingOccupancyFraction=50 -XX:CMSMaxAbortablePrecleanTime=6000 -XX:+CMSParallelRemarkEnabled -XX:+CMSScavengeBeforeRemark -XX:ConcGCThreads=4 -XX:InitialHeapSize=536870912 -XX:MaxHeapSize=536870912 -XX:MaxTenuringThreshold=8 -XX:NewRatio=3 -XX:OldPLABSize=16 -XX:ParallelGCThreads=4 -XX:+ParallelRefProcEnabled -XX:PretenureSizeThreshold=67108864 -XX:+PrintGC -XX:+PrintGCApplicationStoppedTime -XX:+PrintGCDateStamps -XX:+PrintGCDetails -XX:+PrintGCTimeStamps -XX:+PrintHeapAtGC -XX:+PrintTenuringDistribution -XX:SurvivorRatio=4 -XX:TargetSurvivorRatio=90 -XX:ThreadStackSize=256 -XX:+UseCMSInitiatingOccupancyOnly -XX:+UseCompressedClassPointers -XX:+UseCompressedOops -XX:+UseConcMarkSweepGC -XX:-UseLargePagesIndividualAllocation -XX:+UseParNewGC 
2016-05-03T10:39:53.881+0100: 1.127: Total time for which application threads were stopped: 0.0622398 seconds, Stopping threads took: 0.0620242 seconds
2016-05-03T10:39:54.484+0100: 1.731: Total time for which application threads were stopped: 0.0002709 seconds, Stopping threads took: 0.0000450 seconds
2016-05-03T10:39:55.210+0100: 2.457: Total time for which application threads were stopped: 0.0002803 seconds, Stopping threads took: 0.0000466 seconds
2016-05-03T10:39:55.219+0100: 2.466: Total time for which application threads were stopped: 0.0002329 seconds, Stopping threads took: 0.0000403 seconds
2016-05-03T10:39:55.424+0100: 2.671: Total time for which application threads were stopped: 0.0003285 seconds, Stopping threads took: 0.0000458 seconds
2016-05-03T10:39:55.451+0100: 2.698: Total time for which application threads were stopped: 0.0002740 seconds, Stopping threads took: 0.0000466 seconds
2016-05-03T10:39:56.451+0100: 3.698: Total time for which application threads were stopped: 0.0006854 seconds, Stopping threads took: 0.0005828 seconds
{Heap before GC invocations=0 (full 0):
 par new generation   total 109248K, used 87424K [0x00000000e0000000, 0x00000000e8000000, 0x00000000e8000000)
  eden space 87424K, 100% used [0x00000000e0000000, 0x00000000e5560000, 0x00000000e5560000)
  from space 21824K,   0% used [0x00000000e5560000, 0x00000000e5560000, 0x00000000e6ab0000)
  to   space 21824K,   0% used [0x00000000e6ab0000, 0x00000000e6ab0000, 0x00000000e8000000)
 concurrent mark-sweep generation total 393216K, used 0K [0x00000000e8000000, 0x0000000100000000, 0x0000000100000000)
 Metaspace       used 10165K, capacity 10344K, committed 10496K, reserved 1058816K
  class space    used 1166K, capacity 1212K, committed 1280K, reserved 1048576K
2016-05-03T10:39:56.669+0100: 3.915: [GC (Allocation Failure) 2016-05-03T10:39:56.669+0100: 3.916: [ParNew
Desired survivor size 20112992 bytes, new threshold 8 (max 8)
- age   1:    5841952 bytes,    5841952 total
: 87424K->5776K(109248K), 0.0406830 secs] 87424K->5776K(502464K), 0.0410407 secs] [Times: user=0.05 sys=0.00, real=0.04 secs] 
Heap after GC invocations=1 (full 0):
 par new generation   total 109248K, used 5776K [0x00000000e0000000, 0x00000000e8000000, 0x00000000e8000000)
  eden space 87424K,   0% used [0x00000000e0000000, 0x00000000e0000000, 0x00000000e5560000)
  from space 21824K,  26% used [0x00000000e6ab0000, 0x00000000e7054000, 0x00000000e8000000)
  to   space 21824K,   0% used [0x00000000e5560000, 0x00000000e5560000, 0x00000000e6ab0000)
 concurrent mark-sweep generation total 393216K, used 0K [0x00000000e8000000, 0x0000000100000000, 0x0000000100000000)
 Metaspace       used 10165K, capacity 10344K, committed 10496K, reserved 1058816K
  class space    used 1166K, capacity 1212K, committed 1280K, reserved 1048576K
}
2016-05-03T10:39:56.710+0100: 3.957: Total time for which application threads were stopped: 0.0414514 seconds, Stopping threads took: 0.0000584 seconds
2016-05-03T10:39:57.102+0100: 4.348: Total time for which application threads were stopped: 0.0003846 seconds, Stopping threads took: 0.0000687 seconds
2016-05-03T10:39:57.114+0100: 4.361: Total time for which application threads were stopped: 0.0003222 seconds, Stopping threads took: 0.0000419 seconds
2016-05-03T10:39:57.295+0100: 4.541: Total time for which application threads were stopped: 0.0003561 seconds, Stopping threads took: 0.0000434 seconds
2016-05-03T10:39:57.669+0100: 4.915: Total time for which application threads were stopped: 0.0004398 seconds, Stopping threads took: 0.0000442 seconds
2016-05-03T10:39:57.672+0100: 4.918: Total time for which application threads were stopped: 0.0003245 seconds, Stopping threads took: 0.0000363 seconds
2016-05-03T10:39:57.682+0100: 4.929: Total time for which application threads were stopped: 0.0003427 seconds, Stopping threads took: 0.0000387 seconds
2016-05-03T10:39:58.412+0100: 5.660: Total time for which application threads were stopped: 0.0136081 seconds, Stopping threads took: 0.0133689 seconds
2016-05-03T10:39:58.415+0100: 5.662: Total time for which application threads were stopped: 0.0002156 seconds, Stopping threads took: 0.0000521 seconds
2016-05-03T10:39:58.416+0100: 5.664: Total time for which application threads were stopped: 0.0006317 seconds, Stopping threads took: 0.0004477 seconds
2016-05-03T10:39:58.417+0100: 5.664: Total time for which application threads were stopped: 0.0001485 seconds, Stopping threads took: 0.0000253 seconds
2016-05-03T10:39:58.418+0100: 5.666: Total time for which application threads were stopped: 0.0008757 seconds, Stopping threads took: 0.0007431 seconds
2016-05-03T10:39:58.419+0100: 5.667: Total time for which application threads were stopped: 0.0008647 seconds, Stopping threads took: 0.0007360 seconds
2016-05-03T10:39:58.419+0100: 5.667: Total time for which application threads were stopped: 0.0001674 seconds, Stopping threads took: 0.0000545 seconds
2016-05-03T10:39:58.421+0100: 5.669: Total time for which application threads were stopped: 0.0016978 seconds, Stopping threads took: 0.0015375 seconds
2016-05-03T10:39:58.421+0100: 5.669: Total time for which application threads were stopped: 0.0001769 seconds, Stopping threads took: 0.0000592 seconds
2016-05-03T10:39:58.439+0100: 5.687: Total time for which application threads were stopped: 0.0004327 seconds, Stopping threads took: 0.0000521 seconds
2016-05-03T10:39:58.473+0100: 5.721: Total time for which application threads were stopped: 0.0001840 seconds, Stopping threads took: 0.0000553 seconds
2016-05-03T10:39:58.474+0100: 5.722: Total time for which application threads were stopped: 0.0001666 seconds, Stopping threads took: 0.0000987 seconds
2016-05-03T10:39:58.477+0100: 5.725: Total time for which application threads were stopped: 0.0001216 seconds, Stopping threads took: 0.0000505 seconds
2016-05-03T10:39:58.477+0100: 5.725: Total time for which application threads were stopped: 0.0000766 seconds, Stopping threads took: 0.0000324 seconds
2016-05-03T10:39:58.481+0100: 5.729: Total time for which application threads were stopped: 0.0008268 seconds, Stopping threads took: 0.0007454 seconds
2016-05-03T10:39:58.484+0100: 5.732: Total time for which application threads were stopped: 0.0021550 seconds, Stopping threads took: 0.0020776 seconds
2016-05-03T10:39:58.500+0100: 5.747: Total time for which application threads were stopped: 0.0001445 seconds, Stopping threads took: 0.0000521 seconds
2016-05-03T10:39:58.500+0100: 5.748: Total time for which application threads were stopped: 0.0000790 seconds, Stopping threads took: 0.0000308 seconds
2016-05-03T10:39:58.514+0100: 5.761: Total time for which application threads were stopped: 0.0001714 seconds, Stopping threads took: 0.0000561 seconds
2016-05-03T10:39:58.514+0100: 5.762: Total time for which application threads were stopped: 0.0000766 seconds, Stopping threads took: 0.0000300 seconds
2016-05-03T10:39:58.517+0100: 5.765: Total time for which application threads were stopped: 0.0001208 seconds, Stopping threads took: 0.0000466 seconds
2016-05-03T10:39:58.672+0100: 5.919: Total time for which application threads were stopped: 0.0001856 seconds, Stopping threads took: 0.0000608 seconds
2016-05-03T10:39:58.673+0100: 5.921: Total time for which application threads were stopped: 0.0001200 seconds, Stopping threads took: 0.0000379 seconds
2016-05-03T10:39:58.674+0100: 5.921: Total time for which application threads were stopped: 0.0000837 seconds, Stopping threads took: 0.0000276 seconds
2016-05-03T10:39:58.674+0100: 5.922: Total time for which application threads were stopped: 0.0000742 seconds, Stopping threads took: 0.0000245 seconds
2016-05-03T10:39:58.674+0100: 5.922: Total time for which application threads were stopped: 0.0000829 seconds, Stopping threads took: 0.0000340 seconds
2016-05-03T10:39:58.674+0100: 5.922: Total time for which application threads were stopped: 0.0000853 seconds, Stopping threads took: 0.0000332 seconds
2016-05-03T10:39:58.674+0100: 5.922: Total time for which application threads were stopped: 0.0000695 seconds, Stopping threads took: 0.0000213 seconds
2016-05-03T10:39:58.674+0100: 5.922: Total time for which application threads were stopped: 0.0000671 seconds, Stopping threads took: 0.0000213 seconds
2016-05-03T10:39:58.988+0100: 6.236: Total time for which application threads were stopped: 0.0002377 seconds, Stopping threads took: 0.0000703 seconds
2016-05-03T10:39:59.000+0100: 6.248: Total time for which application threads were stopped: 0.0001864 seconds, Stopping threads took: 0.0000505 seconds
{Heap before GC invocations=1 (full 0):
 par new generation   total 109248K, used 93200K [0x00000000e0000000, 0x00000000e8000000, 0x00000000e8000000)
  eden space 87424K, 100% used [0x00000000e0000000, 0x00000000e5560000, 0x00000000e5560000)
  from space 21824K,  26% used [0x00000000e6ab0000, 0x00000000e7054000, 0x00000000e8000000)
  to   space 21824K,   0% used [0x00000000e5560000, 0x00000000e5560000, 0x00000000e6ab0000)
 concurrent mark-sweep generation total 393216K, used 0K [0x00000000e8000000, 0x0000000100000000, 0x0000000100000000)
 Metaspace       used 19438K, capacity 19828K, committed 20224K, reserved 1067008K
  class space    used 2308K, capacity 2456K, committed 2560K, reserved 1048576K
2016-05-03T10:39:59.059+0100: 6.307: [GC (Allocation Failure) 2016-05-03T10:39:59.059+0100: 6.307: [ParNew
Desired survivor size 20112992 bytes, new threshold 8 (max 8)
- age   1:    8085280 bytes,    8085280 total
- age   2:    2603424 bytes,   10688704 total
: 93200K->12587K(109248K), 0.0465407 secs] 93200K->12587K(502464K), 0.0467341 secs] [Times: user=0.05 sys=0.01, real=0.05 secs] 
Heap after GC invocations=2 (full 0):
 par new generation   total 109248K, used 12587K [0x00000000e0000000, 0x00000000e8000000, 0x00000000e8000000)
  eden space 87424K,   0% used [0x00000000e0000000, 0x00000000e0000000, 0x00000000e5560000)
  from space 21824K,  57% used [0x00000000e5560000, 0x00000000e61aae38, 0x00000000e6ab0000)
  to   space 21824K,   0% used [0x00000000e6ab0000, 0x00000000e6ab0000, 0x00000000e8000000)
 concurrent mark-sweep generation total 393216K, used 0K [0x00000000e8000000, 0x0000000100000000, 0x0000000100000000)
 Metaspace       used 19438K, capacity 19828K, committed 20224K, reserved 1067008K
  class space    used 2308K, capacity 2456K, committed 2560K, reserved 1048576K
}
2016-05-03T10:39:59.106+0100: 6.353: Total time for which application threads were stopped: 0.0471969 seconds, Stopping threads took: 0.0000497 seconds
2016-05-03T10:39:59.140+0100: 6.388: Total time for which application threads were stopped: 0.0004943 seconds, Stopping threads took: 0.0003885 seconds
2016-05-03T10:39:59.168+0100: 6.415: Total time for which application threads were stopped: 0.0001342 seconds, Stopping threads took: 0.0000513 seconds
2016-05-03T10:39:59.168+0100: 6.416: Total time for which application threads were stopped: 0.0000877 seconds, Stopping threads took: 0.0000324 seconds
2016-05-03T10:39:59.170+0100: 6.418: Total time for which application threads were stopped: 0.0001698 seconds, Stopping threads took: 0.0000545 seconds
2016-05-03T10:39:59.170+0100: 6.418: Total time for which application threads were stopped: 0.0001050 seconds, Stopping threads took: 0.0000300 seconds
2016-05-03T10:39:59.171+0100: 6.419: Total time for which application threads were stopped: 0.0000829 seconds, Stopping threads took: 0.0000324 seconds
2016-05-03T10:39:59.171+0100: 6.419: Total time for which application threads were stopped: 0.0000742 seconds, Stopping threads took: 0.0000292 seconds
2016-05-03T10:39:59.171+0100: 6.419: Total time for which application threads were stopped: 0.0000742 seconds, Stopping threads took: 0.0000284 seconds
2016-05-03T10:39:59.224+0100: 6.472: Total time for which application threads were stopped: 0.0004951 seconds, Stopping threads took: 0.0000569 seconds
2016-05-03T10:39:59.294+0100: 6.542: Total time for which application threads were stopped: 0.0005125 seconds, Stopping threads took: 0.0000458 seconds
2016-05-03T10:39:59.344+0100: 6.592: Total time for which application threads were stopped: 0.0005164 seconds, Stopping threads took: 0.0000521 seconds
2016-05-03T10:39:59.628+0100: 6.876: Total time for which application threads were stopped: 0.0002795 seconds, Stopping threads took: 0.0000561 seconds
2016-05-03T10:39:59.681+0100: 6.929: Total time for which application threads were stopped: 0.0008536 seconds, Stopping threads took: 0.0000537 seconds
2016-05-03T10:39:59.682+0100: 6.929: Total time for which application threads were stopped: 0.0001027 seconds, Stopping threads took: 0.0000363 seconds
2016-05-03T10:39:59.799+0100: 7.047: Total time for which application threads were stopped: 0.0001603 seconds, Stopping threads took: 0.0000426 seconds
2016-05-03T10:39:59.894+0100: 7.142: Total time for which application threads were stopped: 0.0001658 seconds, Stopping threads took: 0.0000497 seconds
2016-05-03T10:39:59.894+0100: 7.142: Total time for which application threads were stopped: 0.0000719 seconds, Stopping threads took: 0.0000197 seconds
2016-05-03T10:39:59.991+0100: 7.239: Total time for which application threads were stopped: 0.0001714 seconds, Stopping threads took: 0.0000529 seconds
2016-05-03T10:40:00.078+0100: 7.326: Total time for which application threads were stopped: 0.0001706 seconds, Stopping threads took: 0.0000624 seconds
2016-05-03T10:40:00.176+0100: 7.424: Total time for which application threads were stopped: 0.0001627 seconds, Stopping threads took: 0.0000474 seconds
{Heap before GC invocations=2 (full 0):
 par new generation   total 109248K, used 100011K [0x00000000e0000000, 0x00000000e8000000, 0x00000000e8000000)
  eden space 87424K, 100% used [0x00000000e0000000, 0x00000000e5560000, 0x00000000e5560000)
  from space 21824K,  57% used [0x00000000e5560000, 0x00000000e61aae38, 0x00000000e6ab0000)
  to   space 21824K,   0% used [0x00000000e6ab0000, 0x00000000e6ab0000, 0x00000000e8000000)
 concurrent mark-sweep generation total 393216K, used 0K [0x00000000e8000000, 0x0000000100000000, 0x0000000100000000)
 Metaspace       used 21450K, capacity 21850K, committed 21960K, reserved 1069056K
  class space    used 2540K, capacity 2681K, committed 2684K, reserved 1048576K
2016-05-03T10:40:00.347+0100: 7.595: [GC (Allocation Failure) 2016-05-03T10:40:00.347+0100: 7.595: [ParNew
Desired survivor size 20112992 bytes, new threshold 8 (max 8)
- age   1:    2572768 bytes,    2572768 total
- age   2:    2593256 bytes,    5166024 total
- age   3:    2601560 bytes,    7767584 total
: 100011K->13195K(109248K), 0.0277785 secs] 100011K->13195K(502464K), 0.0279080 secs] [Times: user=0.05 sys=0.00, real=0.03 secs] 
Heap after GC invocations=3 (full 0):
 par new generation   total 109248K, used 13195K [0x00000000e0000000, 0x00000000e8000000, 0x00000000e8000000)
  eden space 87424K,   0% used [0x00000000e0000000, 0x00000000e0000000, 0x00000000e5560000)
  from space 21824K,  60% used [0x00000000e6ab0000, 0x00000000e7792da0, 0x00000000e8000000)
  to   space 21824K,   0% used [0x00000000e5560000, 0x00000000e5560000, 0x00000000e6ab0000)
 concurrent mark-sweep generation total 393216K, used 0K [0x00000000e8000000, 0x0000000100000000, 0x0000000100000000)
 Metaspace       used 21450K, capacity 21850K, committed 21960K, reserved 1069056K
  class space    used 2540K, capacity 2681K, committed 2684K, reserved 1048576K
}
2016-05-03T10:40:00.375+0100: 7.623: Total time for which application threads were stopped: 0.0284181 seconds, Stopping threads took: 0.0000497 seconds
2016-05-03T10:40:00.408+0100: 7.656: [GC (CMS Initial Mark) [1 CMS-initial-mark: 0K(393216K)] 19562K(502464K), 0.0182442 secs] [Times: user=0.03 sys=0.00, real=0.02 secs] 
2016-05-03T10:40:00.426+0100: 7.674: Total time for which application threads were stopped: 0.0185245 seconds, Stopping threads took: 0.0000726 seconds
2016-05-03T10:40:00.426+0100: 7.674: [CMS-concurrent-mark-start]
2016-05-03T10:40:00.431+0100: 7.679: [CMS-concurrent-mark: 0.005/0.005 secs] [Times: user=0.00 sys=0.00, real=0.00 secs] 
2016-05-03T10:40:00.432+0100: 7.680: Total time for which application threads were stopped: 0.0001690 seconds, Stopping threads took: 0.0000553 seconds
2016-05-03T10:40:00.432+0100: 7.680: [CMS-concurrent-preclean-start]
2016-05-03T10:40:00.433+0100: 7.681: Total time for which application threads were stopped: 0.0009263 seconds, Stopping threads took: 0.0007889 seconds
2016-05-03T10:40:00.435+0100: 7.683: [CMS-concurrent-preclean: 0.003/0.004 secs] [Times: user=0.03 sys=0.00, real=0.00 secs] 
2016-05-03T10:40:00.436+0100: 7.684: Total time for which application threads were stopped: 0.0007289 seconds, Stopping threads took: 0.0005796 seconds
2016-05-03T10:40:00.436+0100: 7.684: [CMS-concurrent-abortable-preclean-start]
2016-05-03T10:40:00.442+0100: 7.690: Total time for which application threads were stopped: 0.0001421 seconds, Stopping threads took: 0.0000458 seconds
2016-05-03T10:40:00.469+0100: 7.717: Total time for which application threads were stopped: 0.0002085 seconds, Stopping threads took: 0.0000553 seconds
2016-05-03T10:40:00.567+0100: 7.815: Total time for which application threads were stopped: 0.0002424 seconds, Stopping threads took: 0.0000766 seconds
2016-05-03T10:40:00.643+0100: 7.891: Total time for which application threads were stopped: 0.0001824 seconds, Stopping threads took: 0.0000648 seconds
2016-05-03T10:40:00.655+0100: 7.903: Total time for which application threads were stopped: 0.0001516 seconds, Stopping threads took: 0.0000474 seconds
2016-05-03T10:40:00.656+0100: 7.903: Total time for which application threads were stopped: 0.0001437 seconds, Stopping threads took: 0.0000742 seconds
2016-05-03T10:40:00.656+0100: 7.904: Total time for which application threads were stopped: 0.0000703 seconds, Stopping threads took: 0.0000190 seconds
2016-05-03T10:40:00.656+0100: 7.904: Total time for which application threads were stopped: 0.0000726 seconds, Stopping threads took: 0.0000197 seconds
2016-05-03T10:40:00.656+0100: 7.904: Total time for which application threads were stopped: 0.0000655 seconds, Stopping threads took: 0.0000190 seconds
2016-05-03T10:40:00.656+0100: 7.904: Total time for which application threads were stopped: 0.0002653 seconds, Stopping threads took: 0.0000213 seconds
2016-05-03T10:40:00.667+0100: 7.915: Total time for which application threads were stopped: 0.0001421 seconds, Stopping threads took: 0.0000537 seconds
2016-05-03T10:40:00.669+0100: 7.917: Total time for which application threads were stopped: 0.0001082 seconds, Stopping threads took: 0.0000308 seconds
2016-05-03T10:40:00.669+0100: 7.917: Total time for which application threads were stopped: 0.0000711 seconds, Stopping threads took: 0.0000197 seconds
2016-05-03T10:40:00.794+0100: 8.042: Total time for which application threads were stopped: 0.0001698 seconds, Stopping threads took: 0.0000490 seconds
2016-05-03T10:40:00.817+0100: 8.065: Total time for which application threads were stopped: 0.0001706 seconds, Stopping threads took: 0.0000553 seconds
2016-05-03T10:40:00.819+0100: 8.067: [CMS-concurrent-abortable-preclean: 0.240/0.383 secs] [Times: user=0.58 sys=0.03, real=0.38 secs] 
2016-05-03T10:40:00.833+0100: 8.081: [GC (CMS Final Remark) [YG occupancy: 80014 K (109248 K)]{Heap before GC invocations=3 (full 1):
 par new generation   total 109248K, used 80014K [0x00000000e0000000, 0x00000000e8000000, 0x00000000e8000000)
  eden space 87424K,  76% used [0x00000000e0000000, 0x00000000e4140ce0, 0x00000000e5560000)
  from space 21824K,  60% used [0x00000000e6ab0000, 0x00000000e7792da0, 0x00000000e8000000)
  to   space 21824K,   0% used [0x00000000e5560000, 0x00000000e5560000, 0x00000000e6ab0000)
 concurrent mark-sweep generation total 393216K, used 0K [0x00000000e8000000, 0x0000000100000000, 0x0000000100000000)
 Metaspace       used 21879K, capacity 22261K, committed 22548K, reserved 1069056K
  class space    used 2601K, capacity 2751K, committed 2812K, reserved 1048576K
2016-05-03T10:40:00.833+0100: 8.081: [GC (CMS Final Remark) 2016-05-03T10:40:00.833+0100: 8.081: [ParNew
Desired survivor size 20112992 bytes, new threshold 8 (max 8)
- age   1:     654904 bytes,     654904 total
- age   2:     815416 bytes,    1470320 total
- age   3:    2578872 bytes,    4049192 total
- age   4:    2601560 bytes,    6650752 total
: 80014K->9215K(109248K), 0.0258873 secs] 80014K->9215K(502464K), 0.0259986 secs] [Times: user=0.05 sys=0.00, real=0.03 secs] 
Heap after GC invocations=4 (full 1):
 par new generation   total 109248K, used 9215K [0x00000000e0000000, 0x00000000e8000000, 0x00000000e8000000)
  eden space 87424K,   0% used [0x00000000e0000000, 0x00000000e0000000, 0x00000000e5560000)
  from space 21824K,  42% used [0x00000000e5560000, 0x00000000e5e5fca0, 0x00000000e6ab0000)
  to   space 21824K,   0% used [0x00000000e6ab0000, 0x00000000e6ab0000, 0x00000000e8000000)
 concurrent mark-sweep generation total 393216K, used 0K [0x00000000e8000000, 0x0000000100000000, 0x0000000100000000)
 Metaspace       used 21879K, capacity 22261K, committed 22548K, reserved 1069056K
  class space    used 2601K, capacity 2751K, committed 2812K, reserved 1048576K
}
2016-05-03T10:40:00.859+0100: 8.107: [Rescan (parallel) , 0.0128406 secs]2016-05-03T10:40:00.872+0100: 8.120: [weak refs processing, 0.0013985 secs]2016-05-03T10:40:00.873+0100: 8.121: [class unloading, 0.0072151 secs]2016-05-03T10:40:00.881+0100: 8.129: [scrub symbol table, 0.0093858 secs]2016-05-03T10:40:00.890+0100: 8.138: [scrub string table, 0.0006617 secs][1 CMS-remark: 0K(393216K)] 9215K(502464K), 0.0599222 secs] [Times: user=0.09 sys=0.00, real=0.06 secs] 
2016-05-03T10:40:00.893+0100: 8.141: Total time for which application threads were stopped: 0.0611690 seconds, Stopping threads took: 0.0010581 seconds
2016-05-03T10:40:00.895+0100: 8.143: [CMS-concurrent-sweep-start]
2016-05-03T10:40:00.895+0100: 8.143: [CMS-concurrent-sweep: 0.000/0.000 secs] [Times: user=0.00 sys=0.00, real=0.00 secs] 
2016-05-03T10:40:00.895+0100: 8.143: [CMS-concurrent-reset-start]
2016-05-03T10:40:00.906+0100: 8.154: [CMS-concurrent-reset: 0.011/0.011 secs] [Times: user=0.03 sys=0.00, real=0.01 secs] 
2016-05-03T10:40:00.908+0100: 8.156: Total time for which application threads were stopped: 0.0002108 seconds, Stopping threads took: 0.0000766 seconds
2016-05-03T10:40:00.911+0100: 8.159: Total time for which application threads were stopped: 0.0001627 seconds, Stopping threads took: 0.0000545 seconds
2016-05-03T10:40:00.913+0100: 8.161: Total time for which application threads were stopped: 0.0001350 seconds, Stopping threads took: 0.0000395 seconds
2016-05-03T10:40:00.953+0100: 8.201: Total time for which application threads were stopped: 0.0005322 seconds, Stopping threads took: 0.0000505 seconds
2016-05-03T10:40:00.976+0100: 8.224: Total time for which application threads were stopped: 0.0001398 seconds, Stopping threads took: 0.0000474 seconds
2016-05-03T10:40:00.979+0100: 8.227: Total time for which application threads were stopped: 0.0001177 seconds, Stopping threads took: 0.0000387 seconds
2016-05-03T10:40:01.080+0100: 8.328: Total time for which application threads were stopped: 0.0001532 seconds, Stopping threads took: 0.0000466 seconds
2016-05-03T10:40:01.091+0100: 8.339: Total time for which application threads were stopped: 0.0005567 seconds, Stopping threads took: 0.0000442 seconds
2016-05-03T10:40:01.098+0100: 8.346: Total time for which application threads were stopped: 0.0001674 seconds, Stopping threads took: 0.0000474 seconds
2016-05-03T10:40:01.102+0100: 8.350: Total time for which application threads were stopped: 0.0002953 seconds, Stopping threads took: 0.0001879 seconds
2016-05-03T10:40:01.290+0100: 8.538: Total time for which application threads were stopped: 0.0003593 seconds, Stopping threads took: 0.0002472 seconds
2016-05-03T10:40:01.436+0100: 8.684: Total time for which application threads were stopped: 0.0002432 seconds, Stopping threads took: 0.0000963 seconds
2016-05-03T10:40:01.439+0100: 8.687: Total time for which application threads were stopped: 0.0007936 seconds, Stopping threads took: 0.0006933 seconds
2016-05-03T10:40:01.715+0100: 8.962: Total time for which application threads were stopped: 0.0001642 seconds, Stopping threads took: 0.0000569 seconds
2016-05-03T10:40:01.715+0100: 8.962: Total time for which application threads were stopped: 0.0000782 seconds, Stopping threads took: 0.0000284 seconds
2016-05-03T10:40:01.841+0100: 9.088: Total time for which application threads were stopped: 0.0002874 seconds, Stopping threads took: 0.0001824 seconds
2016-05-03T10:40:01.866+0100: 9.113: Total time for which application threads were stopped: 0.0001840 seconds, Stopping threads took: 0.0000561 seconds
2016-05-03T10:40:02.114+0100: 9.361: Total time for which application threads were stopped: 0.0065281 seconds, Stopping threads took: 0.0063014 seconds
2016-05-03T10:40:02.327+0100: 9.574: Total time for which application threads were stopped: 0.0004920 seconds, Stopping threads took: 0.0003467 seconds
2016-05-03T10:40:02.328+0100: 9.575: Total time for which application threads were stopped: 0.0001271 seconds, Stopping threads took: 0.0000497 seconds
2016-05-03T10:40:02.329+0100: 9.576: Total time for which application threads were stopped: 0.0000995 seconds, Stopping threads took: 0.0000332 seconds
2016-05-03T10:40:03.173+0100: 10.421: Total time for which application threads were stopped: 0.0001382 seconds, Stopping threads took: 0.0000450 seconds
2016-05-03T10:40:03.174+0100: 10.421: Total time for which application threads were stopped: 0.0000782 seconds, Stopping threads took: 0.0000284 seconds
2016-05-03T10:40:03.175+0100: 10.422: Total time for which application threads were stopped: 0.0001248 seconds, Stopping threads took: 0.0000434 seconds
2016-05-03T10:40:03.176+0100: 10.423: Total time for which application threads were stopped: 0.0000884 seconds, Stopping threads took: 0.0000292 seconds
2016-05-03T10:40:03.178+0100: 10.425: Total time for which application threads were stopped: 0.0001248 seconds, Stopping threads took: 0.0000442 seconds
2016-05-03T10:40:03.178+0100: 10.425: Total time for which application threads were stopped: 0.0000774 seconds, Stopping threads took: 0.0000261 seconds
2016-05-03T10:40:03.189+0100: 10.436: Total time for which application threads were stopped: 0.0001382 seconds, Stopping threads took: 0.0000537 seconds
2016-05-03T10:40:03.189+0100: 10.436: Total time for which application threads were stopped: 0.0000750 seconds, Stopping threads took: 0.0000268 seconds
2016-05-03T10:40:03.190+0100: 10.437: Total time for which application threads were stopped: 0.0000908 seconds, Stopping threads took: 0.0000340 seconds
2016-05-03T10:40:03.190+0100: 10.437: Total time for which application threads were stopped: 0.0000734 seconds, Stopping threads took: 0.0000253 seconds
2016-05-03T10:40:03.192+0100: 10.439: Total time for which application threads were stopped: 0.0002401 seconds, Stopping threads took: 0.0000363 seconds
2016-05-03T10:40:03.255+0100: 10.502: Total time for which application threads were stopped: 0.0005464 seconds, Stopping threads took: 0.0000474 seconds
2016-05-03T10:40:03.274+0100: 10.521: Total time for which application threads were stopped: 0.0001761 seconds, Stopping threads took: 0.0000521 seconds
2016-05-03T10:40:03.282+0100: 10.529: Total time for which application threads were stopped: 0.0001382 seconds, Stopping threads took: 0.0000474 seconds
2016-05-03T10:40:03.352+0100: 10.599: Total time for which application threads were stopped: 0.0001690 seconds, Stopping threads took: 0.0000529 seconds
2016-05-03T10:40:03.810+0100: 11.057: Total time for which application threads were stopped: 0.0001658 seconds, Stopping threads took: 0.0000553 seconds
2016-05-03T10:40:03.810+0100: 11.058: Total time for which application threads were stopped: 0.0001098 seconds, Stopping threads took: 0.0000347 seconds
2016-05-03T10:40:10.688+0100: 17.936: Total time for which application threads were stopped: 0.0001619 seconds, Stopping threads took: 0.0000490 seconds
2016-05-03T10:40:10.690+0100: 17.938: Total time for which application threads were stopped: 0.0001714 seconds, Stopping threads took: 0.0000845 seconds
2016-05-03T10:40:10.691+0100: 17.938: Total time for which application threads were stopped: 0.0000916 seconds, Stopping threads took: 0.0000292 seconds
2016-05-03T10:40:10.691+0100: 17.939: Total time for which application threads were stopped: 0.0000916 seconds, Stopping threads took: 0.0000292 seconds
2016-05-03T10:40:10.691+0100: 17.939: Total time for which application threads were stopped: 0.0001295 seconds, Stopping threads took: 0.0000268 seconds
2016-05-03T10:40:10.692+0100: 17.939: Total time for which application threads were stopped: 0.0001003 seconds, Stopping threads took: 0.0000347 seconds
2016-05-03T10:40:10.692+0100: 17.939: Total time for which application threads were stopped: 0.0000845 seconds, Stopping threads took: 0.0000300 seconds
2016-05-03T10:40:10.692+0100: 17.940: Total time for which application threads were stopped: 0.0000940 seconds, Stopping threads took: 0.0000316 seconds
2016-05-03T10:40:10.692+0100: 17.940: Total time for which application threads were stopped: 0.0000813 seconds, Stopping threads took: 0.0000268 seconds
2016-05-03T10:40:10.693+0100: 17.940: Total time for which application threads were stopped: 0.0001469 seconds, Stopping threads took: 0.0000442 seconds
2016-05-03T10:40:10.693+0100: 17.940: Total time for which application threads were stopped: 0.0000845 seconds, Stopping threads took: 0.0000268 seconds
2016-05-03T10:40:10.695+0100: 17.942: Total time for which application threads were stopped: 0.0001184 seconds, Stopping threads took: 0.0000411 seconds
2016-05-03T10:40:10.695+0100: 17.943: Total time for which application threads were stopped: 0.0000821 seconds, Stopping threads took: 0.0000268 seconds
2016-05-03T10:40:10.698+0100: 17.946: Total time for which application threads were stopped: 0.0014885 seconds, Stopping threads took: 0.0013772 seconds
2016-05-03T10:40:10.821+0100: 18.069: Total time for which application threads were stopped: 0.0001808 seconds, Stopping threads took: 0.0000648 seconds
2016-05-03T10:40:10.822+0100: 18.069: Total time for which application threads were stopped: 0.0001113 seconds, Stopping threads took: 0.0000411 seconds
2016-05-03T10:40:10.824+0100: 18.072: Total time for which application threads were stopped: 0.0001224 seconds, Stopping threads took: 0.0000300 seconds
2016-05-03T10:40:10.825+0100: 18.073: Total time for which application threads were stopped: 0.0001121 seconds, Stopping threads took: 0.0000426 seconds
2016-05-03T10:40:10.828+0100: 18.076: Total time for which application threads were stopped: 0.0020918 seconds, Stopping threads took: 0.0019939 seconds
2016-05-03T10:40:10.845+0100: 18.092: Total time for which application threads were stopped: 0.0002266 seconds, Stopping threads took: 0.0000490 seconds
2016-05-03T10:40:10.857+0100: 18.105: Total time for which application threads were stopped: 0.0001587 seconds, Stopping threads took: 0.0000490 seconds
2016-05-03T10:40:10.873+0100: 18.121: Total time for which application threads were stopped: 0.0004596 seconds, Stopping threads took: 0.0003001 seconds
2016-05-03T10:40:10.874+0100: 18.121: Total time for which application threads were stopped: 0.0000948 seconds, Stopping threads took: 0.0000324 seconds
2016-05-03T10:40:10.877+0100: 18.125: Total time for which application threads were stopped: 0.0002069 seconds, Stopping threads took: 0.0000521 seconds
2016-05-03T10:40:10.884+0100: 18.131: Total time for which application threads were stopped: 0.0003253 seconds, Stopping threads took: 0.0000742 seconds
2016-05-03T10:40:10.885+0100: 18.132: Total time for which application threads were stopped: 0.0001461 seconds, Stopping threads took: 0.0000608 seconds
2016-05-03T10:40:10.889+0100: 18.137: Total time for which application threads were stopped: 0.0037548 seconds, Stopping threads took: 0.0036135 seconds
2016-05-03T10:40:10.903+0100: 18.150: Total time for which application threads were stopped: 0.0029652 seconds, Stopping threads took: 0.0027085 seconds
2016-05-03T10:40:10.915+0100: 18.163: Total time for which application threads were stopped: 0.0002653 seconds, Stopping threads took: 0.0000553 seconds
2016-05-03T10:40:10.917+0100: 18.165: Total time for which application threads were stopped: 0.0002377 seconds, Stopping threads took: 0.0000505 seconds
2016-05-03T10:40:10.919+0100: 18.166: Total time for which application threads were stopped: 0.0001500 seconds, Stopping threads took: 0.0000450 seconds
2016-05-03T10:40:10.938+0100: 18.186: Total time for which application threads were stopped: 0.0001879 seconds, Stopping threads took: 0.0000553 seconds
2016-05-03T10:40:10.948+0100: 18.195: Total time for which application threads were stopped: 0.0001642 seconds, Stopping threads took: 0.0000466 seconds
2016-05-03T10:40:11.049+0100: 18.296: Total time for which application threads were stopped: 0.0001603 seconds, Stopping threads took: 0.0000497 seconds
2016-05-03T10:40:11.063+0100: 18.310: Total time for which application threads were stopped: 0.0001658 seconds, Stopping threads took: 0.0000584 seconds
2016-05-03T10:40:11.086+0100: 18.334: Total time for which application threads were stopped: 0.0001856 seconds, Stopping threads took: 0.0000490 seconds
2016-05-03T10:40:11.103+0100: 18.350: Total time for which application threads were stopped: 0.0025064 seconds, Stopping threads took: 0.0023682 seconds
2016-05-03T10:40:11.137+0100: 18.385: Total time for which application threads were stopped: 0.0003143 seconds, Stopping threads took: 0.0002022 seconds
2016-05-03T10:40:11.208+0100: 18.455: Total time for which application threads were stopped: 0.0003301 seconds, Stopping threads took: 0.0000458 seconds
2016-05-03T10:40:12.007+0100: 19.255: Total time for which application threads were stopped: 0.0001611 seconds, Stopping threads took: 0.0000505 seconds
2016-05-03T10:40:12.066+0100: 19.314: Total time for which application threads were stopped: 0.0001500 seconds, Stopping threads took: 0.0000450 seconds
2016-05-03T10:40:12.068+0100: 19.315: Total time for which application threads were stopped: 0.0001003 seconds, Stopping threads took: 0.0000292 seconds
2016-05-03T10:40:12.068+0100: 19.315: Total time for which application threads were stopped: 0.0000798 seconds, Stopping threads took: 0.0000229 seconds
2016-05-03T10:40:12.068+0100: 19.316: Total time for which application threads were stopped: 0.0000805 seconds, Stopping threads took: 0.0000221 seconds
2016-05-03T10:40:12.070+0100: 19.318: Total time for which application threads were stopped: 0.0001895 seconds, Stopping threads took: 0.0000292 seconds
2016-05-03T10:40:12.074+0100: 19.321: Total time for which application threads were stopped: 0.0001350 seconds, Stopping threads took: 0.0000434 seconds
2016-05-03T10:40:12.078+0100: 19.326: Total time for which application threads were stopped: 0.0001674 seconds, Stopping threads took: 0.0000553 seconds
2016-05-03T10:40:12.079+0100: 19.327: Total time for which application threads were stopped: 0.0001216 seconds, Stopping threads took: 0.0000426 seconds
2016-05-03T10:40:12.080+0100: 19.327: Total time for which application threads were stopped: 0.0001066 seconds, Stopping threads took: 0.0000395 seconds
2016-05-03T10:40:12.080+0100: 19.327: Total time for which application threads were stopped: 0.0000853 seconds, Stopping threads took: 0.0000284 seconds
2016-05-03T10:40:12.080+0100: 19.328: Total time for which application threads were stopped: 0.0000845 seconds, Stopping threads took: 0.0000276 seconds
2016-05-03T10:40:12.080+0100: 19.328: Total time for which application threads were stopped: 0.0000963 seconds, Stopping threads took: 0.0000324 seconds
2016-05-03T10:40:12.080+0100: 19.328: Total time for which application threads were stopped: 0.0000861 seconds, Stopping threads took: 0.0000300 seconds
2016-05-03T10:40:13.080+0100: 20.327: Total time for which application threads were stopped: 0.0001603 seconds, Stopping threads took: 0.0000529 seconds
2016-05-03T10:40:17.925+0100: 25.173: Total time for which application threads were stopped: 0.0001674 seconds, Stopping threads took: 0.0000569 seconds
2016-05-03T10:40:18.925+0100: 26.173: Total time for which application threads were stopped: 0.0001895 seconds, Stopping threads took: 0.0000490 seconds
2016-05-03T10:41:01.928+0100: 69.177: Total time for which application threads were stopped: 0.0001477 seconds, Stopping threads took: 0.0000490 seconds
2016-05-03T10:41:11.929+0100: 79.178: Total time for which application threads were stopped: 0.0001271 seconds, Stopping threads took: 0.0000411 seconds
2016-05-03T10:41:29.478+0100: 96.727: Total time for which application threads were stopped: 0.0001508 seconds, Stopping threads took: 0.0000521 seconds
2016-05-03T10:41:29.481+0100: 96.730: Total time for which application threads were stopped: 0.0002306 seconds, Stopping threads took: 0.0000474 seconds
2016-05-03T10:41:29.487+0100: 96.736: Total time for which application threads were stopped: 0.0001500 seconds, Stopping threads took: 0.0000513 seconds
2016-05-03T10:41:29.489+0100: 96.738: Total time for which application threads were stopped: 0.0001342 seconds, Stopping threads took: 0.0000466 seconds
2016-05-03T10:41:29.489+0100: 96.738: Total time for which application threads were stopped: 0.0000782 seconds, Stopping threads took: 0.0000261 seconds
2016-05-03T10:41:29.490+0100: 96.739: Total time for which application threads were stopped: 0.0001398 seconds, Stopping threads took: 0.0000284 seconds
2016-05-03T10:41:29.490+0100: 96.739: Total time for which application threads were stopped: 0.0000900 seconds, Stopping threads took: 0.0000276 seconds
2016-05-03T10:41:29.490+0100: 96.739: Total time for which application threads were stopped: 0.0000790 seconds, Stopping threads took: 0.0000284 seconds
2016-05-03T10:41:29.490+0100: 96.739: Total time for which application threads were stopped: 0.0000766 seconds, Stopping threads took: 0.0000268 seconds
2016-05-03T10:41:29.493+0100: 96.742: Total time for which application threads were stopped: 0.0001327 seconds, Stopping threads took: 0.0000466 seconds
2016-05-03T10:41:29.494+0100: 96.743: Total time for which application threads were stopped: 0.0000908 seconds, Stopping threads took: 0.0000316 seconds
2016-05-03T10:41:29.494+0100: 96.743: Total time for which application threads were stopped: 0.0001382 seconds, Stopping threads took: 0.0000292 seconds
2016-05-03T10:41:29.495+0100: 96.744: Total time for which application threads were stopped: 0.0001263 seconds, Stopping threads took: 0.0000458 seconds
2016-05-03T10:41:29.496+0100: 96.745: Total time for which application threads were stopped: 0.0000861 seconds, Stopping threads took: 0.0000316 seconds
2016-05-03T10:41:29.496+0100: 96.745: Total time for which application threads were stopped: 0.0000829 seconds, Stopping threads took: 0.0000300 seconds
2016-05-03T10:41:29.496+0100: 96.745: Total time for which application threads were stopped: 0.0000837 seconds, Stopping threads took: 0.0000316 seconds
2016-05-03T10:41:29.501+0100: 96.750: Total time for which application threads were stopped: 0.0001508 seconds, Stopping threads took: 0.0000505 seconds
2016-05-03T10:41:29.501+0100: 96.750: Total time for which application threads were stopped: 0.0000845 seconds, Stopping threads took: 0.0000284 seconds
2016-05-03T10:41:29.501+0100: 96.750: Total time for which application threads were stopped: 0.0000758 seconds, Stopping threads took: 0.0000261 seconds
2016-05-03T10:41:29.501+0100: 96.750: Total time for which application threads were stopped: 0.0000758 seconds, Stopping threads took: 0.0000268 seconds
2016-05-03T10:41:29.501+0100: 96.750: Total time for which application threads were stopped: 0.0000908 seconds, Stopping threads took: 0.0000261 seconds
2016-05-03T10:41:29.502+0100: 96.751: Total time for which application threads were stopped: 0.0000987 seconds, Stopping threads took: 0.0000316 seconds
2016-05-03T10:41:29.502+0100: 96.751: Total time for which application threads were stopped: 0.0000837 seconds, Stopping threads took: 0.0000316 seconds
2016-05-03T10:41:29.502+0100: 96.751: Total time for which application threads were stopped: 0.0000774 seconds, Stopping threads took: 0.0000284 seconds
2016-05-03T10:41:29.502+0100: 96.751: Total time for which application threads were stopped: 0.0000766 seconds, Stopping threads took: 0.0000276 seconds
2016-05-03T10:41:29.503+0100: 96.752: Total time for which application threads were stopped: 0.0001066 seconds, Stopping threads took: 0.0000347 seconds
2016-05-03T10:41:29.506+0100: 96.755: Total time for which application threads were stopped: 0.0001895 seconds, Stopping threads took: 0.0000497 seconds
2016-05-03T10:41:29.506+0100: 96.756: Total time for which application threads were stopped: 0.0001027 seconds, Stopping threads took: 0.0000426 seconds
2016-05-03T10:41:29.507+0100: 96.756: Total time for which application threads were stopped: 0.0000979 seconds, Stopping threads took: 0.0000340 seconds
2016-05-03T10:41:29.514+0100: 96.763: Total time for which application threads were stopped: 0.0001271 seconds, Stopping threads took: 0.0000474 seconds
2016-05-03T10:41:29.522+0100: 96.772: Total time for which application threads were stopped: 0.0002219 seconds, Stopping threads took: 0.0001540 seconds
2016-05-03T10:41:29.528+0100: 96.777: Total time for which application threads were stopped: 0.0001129 seconds, Stopping threads took: 0.0000411 seconds
2016-05-03T10:41:29.528+0100: 96.777: Total time for which application threads were stopped: 0.0000790 seconds, Stopping threads took: 0.0000261 seconds
2016-05-03T10:41:29.528+0100: 96.777: Total time for which application threads were stopped: 0.0000569 seconds, Stopping threads took: 0.0000245 seconds
2016-05-03T10:41:29.528+0100: 96.777: Total time for which application threads were stopped: 0.0000679 seconds, Stopping threads took: 0.0000324 seconds
2016-05-03T10:41:29.528+0100: 96.777: Total time for which application threads were stopped: 0.0000648 seconds, Stopping threads took: 0.0000308 seconds
Heap
 par new generation   total 109248K, used 83064K [0x00000000e0000000, 0x00000000e8000000, 0x00000000e8000000)
  eden space 87424K,  84% used [0x00000000e0000000, 0x00000000e481e410, 0x00000000e5560000)
  from space 21824K,  42% used [0x00000000e5560000, 0x00000000e5e5fca0, 0x00000000e6ab0000)
  to   space 21824K,   0% used [0x00000000e6ab0000, 0x00000000e6ab0000, 0x00000000e8000000)
 concurrent mark-sweep generation total 393216K, used 0K [0x00000000e8000000, 0x0000000100000000, 0x0000000100000000)
 Metaspace       used 28489K, capacity 28829K, committed 29180K, reserved 1075200K
  class space    used 3410K, capacity 3535K, committed 3580K, reserved 1048576K
