Java HotSpot(TM) 64-Bit Server VM (25.73-b02) for windows-amd64 JRE (1.8.0_73-b02), built on Jan 29 2016 17:38:49 by "java_re" with MS VC++ 10.0 (VS2010)
Memory: 4k page, physical 8269212k(3227168k free), swap 10573924k(3359060k free)
CommandLine flags: -XX:CMSInitiatingOccupancyFraction=50 -XX:CMSMaxAbortablePrecleanTime=6000 -XX:+CMSParallelRemarkEnabled -XX:+CMSScavengeBeforeRemark -XX:ConcGCThreads=4 -XX:InitialHeapSize=536870912 -XX:MaxHeapSize=536870912 -XX:MaxTenuringThreshold=8 -XX:NewRatio=3 -XX:OldPLABSize=16 -XX:ParallelGCThreads=4 -XX:+ParallelRefProcEnabled -XX:PretenureSizeThreshold=67108864 -XX:+PrintGC -XX:+PrintGCApplicationStoppedTime -XX:+PrintGCDateStamps -XX:+PrintGCDetails -XX:+PrintGCTimeStamps -XX:+PrintHeapAtGC -XX:+PrintTenuringDistribution -XX:SurvivorRatio=4 -XX:TargetSurvivorRatio=90 -XX:ThreadStackSize=256 -XX:+UseCMSInitiatingOccupancyOnly -XX:+UseCompressedClassPointers -XX:+UseCompressedOops -XX:+UseConcMarkSweepGC -XX:-UseLargePagesIndividualAllocation -XX:+UseParNewGC 
2016-07-11T10:29:37.432+0100: 0.383: Total time for which application threads were stopped: 0.0001196 seconds, Stopping threads took: 0.0000209 seconds
2016-07-11T10:29:38.432+0100: 1.383: Total time for which application threads were stopped: 0.0001982 seconds, Stopping threads took: 0.0000296 seconds
2016-07-11T10:29:38.689+0100: 1.640: Total time for which application threads were stopped: 0.0001544 seconds, Stopping threads took: 0.0000229 seconds
2016-07-11T10:29:38.971+0100: 1.921: Total time for which application threads were stopped: 0.0004800 seconds, Stopping threads took: 0.0003209 seconds
2016-07-11T10:29:39.075+0100: 2.026: Total time for which application threads were stopped: 0.0001816 seconds, Stopping threads took: 0.0000237 seconds
2016-07-11T10:29:39.088+0100: 2.039: Total time for which application threads were stopped: 0.0001622 seconds, Stopping threads took: 0.0000217 seconds
{Heap before GC invocations=0 (full 0):
 par new generation   total 109248K, used 87424K [0x00000000e0000000, 0x00000000e8000000, 0x00000000e8000000)
  eden space 87424K, 100% used [0x00000000e0000000, 0x00000000e5560000, 0x00000000e5560000)
  from space 21824K,   0% used [0x00000000e5560000, 0x00000000e5560000, 0x00000000e6ab0000)
  to   space 21824K,   0% used [0x00000000e6ab0000, 0x00000000e6ab0000, 0x00000000e8000000)
 concurrent mark-sweep generation total 393216K, used 0K [0x00000000e8000000, 0x0000000100000000, 0x0000000100000000)
 Metaspace       used 10164K, capacity 10268K, committed 10496K, reserved 1058816K
  class space    used 1165K, capacity 1208K, committed 1280K, reserved 1048576K
2016-07-11T10:29:39.862+0100: 2.813: [GC (Allocation Failure) 2016-07-11T10:29:39.862+0100: 2.813: [ParNew
Desired survivor size 20112992 bytes, new threshold 8 (max 8)
- age   1:    5967792 bytes,    5967792 total
: 87424K->5906K(109248K), 0.0090605 secs] 87424K->5906K(502464K), 0.0092792 secs] [Times: user=0.03 sys=0.00, real=0.01 secs] 
Heap after GC invocations=1 (full 0):
 par new generation   total 109248K, used 5906K [0x00000000e0000000, 0x00000000e8000000, 0x00000000e8000000)
  eden space 87424K,   0% used [0x00000000e0000000, 0x00000000e0000000, 0x00000000e5560000)
  from space 21824K,  27% used [0x00000000e6ab0000, 0x00000000e7074a00, 0x00000000e8000000)
  to   space 21824K,   0% used [0x00000000e5560000, 0x00000000e5560000, 0x00000000e6ab0000)
 concurrent mark-sweep generation total 393216K, used 0K [0x00000000e8000000, 0x0000000100000000, 0x0000000100000000)
 Metaspace       used 10164K, capacity 10268K, committed 10496K, reserved 1058816K
  class space    used 1165K, capacity 1208K, committed 1280K, reserved 1048576K
}
2016-07-11T10:29:39.871+0100: 2.822: Total time for which application threads were stopped: 0.0095457 seconds, Stopping threads took: 0.0000363 seconds
2016-07-11T10:29:40.497+0100: 3.448: Total time for which application threads were stopped: 0.0002151 seconds, Stopping threads took: 0.0000268 seconds
2016-07-11T10:29:40.649+0100: 3.600: Total time for which application threads were stopped: 0.0002313 seconds, Stopping threads took: 0.0000217 seconds
2016-07-11T10:29:40.735+0100: 3.686: Total time for which application threads were stopped: 0.0002191 seconds, Stopping threads took: 0.0000197 seconds
2016-07-11T10:29:40.864+0100: 3.816: Total time for which application threads were stopped: 0.0002973 seconds, Stopping threads took: 0.0000217 seconds
2016-07-11T10:29:40.866+0100: 3.817: Total time for which application threads were stopped: 0.0002033 seconds, Stopping threads took: 0.0000182 seconds
2016-07-11T10:29:40.870+0100: 3.821: Total time for which application threads were stopped: 0.0001887 seconds, Stopping threads took: 0.0000205 seconds
2016-07-11T10:29:41.333+0100: 4.284: Total time for which application threads were stopped: 0.0002704 seconds, Stopping threads took: 0.0000245 seconds
2016-07-11T10:29:43.820+0100: 6.770: Total time for which application threads were stopped: 0.0004919 seconds, Stopping threads took: 0.0003896 seconds
2016-07-11T10:29:43.845+0100: 6.796: Total time for which application threads were stopped: 0.0059151 seconds, Stopping threads took: 0.0056640 seconds
2016-07-11T10:29:43.891+0100: 6.842: Total time for which application threads were stopped: 0.0001362 seconds, Stopping threads took: 0.0000324 seconds
2016-07-11T10:29:43.891+0100: 6.842: Total time for which application threads were stopped: 0.0000490 seconds, Stopping threads took: 0.0000162 seconds
2016-07-11T10:29:44.003+0100: 6.953: Total time for which application threads were stopped: 0.0001042 seconds, Stopping threads took: 0.0000343 seconds
2016-07-11T10:29:45.003+0100: 7.954: Total time for which application threads were stopped: 0.0000888 seconds, Stopping threads took: 0.0000355 seconds
2016-07-11T10:29:45.199+0100: 8.150: Total time for which application threads were stopped: 0.0001058 seconds, Stopping threads took: 0.0000339 seconds
{Heap before GC invocations=1 (full 0):
 par new generation   total 109248K, used 93330K [0x00000000e0000000, 0x00000000e8000000, 0x00000000e8000000)
  eden space 87424K, 100% used [0x00000000e0000000, 0x00000000e5560000, 0x00000000e5560000)
  from space 21824K,  27% used [0x00000000e6ab0000, 0x00000000e7074a00, 0x00000000e8000000)
  to   space 21824K,   0% used [0x00000000e5560000, 0x00000000e5560000, 0x00000000e6ab0000)
 concurrent mark-sweep generation total 393216K, used 0K [0x00000000e8000000, 0x0000000100000000, 0x0000000100000000)
 Metaspace       used 19503K, capacity 19862K, committed 20096K, reserved 1067008K
  class space    used 2313K, capacity 2422K, committed 2432K, reserved 1048576K
2016-07-11T10:29:45.200+0100: 8.150: [GC (Allocation Failure) 2016-07-11T10:29:45.200+0100: 8.151: [ParNew
Desired survivor size 20112992 bytes, new threshold 8 (max 8)
- age   1:    7938688 bytes,    7938688 total
- age   2:    2599720 bytes,   10538408 total
: 93330K->12874K(109248K), 0.0088872 secs] 93330K->12874K(502464K), 0.0090451 secs] [Times: user=0.00 sys=0.00, real=0.01 secs] 
Heap after GC invocations=2 (full 0):
 par new generation   total 109248K, used 12874K [0x00000000e0000000, 0x00000000e8000000, 0x00000000e8000000)
  eden space 87424K,   0% used [0x00000000e0000000, 0x00000000e0000000, 0x00000000e5560000)
  from space 21824K,  58% used [0x00000000e5560000, 0x00000000e61f2b18, 0x00000000e6ab0000)
  to   space 21824K,   0% used [0x00000000e6ab0000, 0x00000000e6ab0000, 0x00000000e8000000)
 concurrent mark-sweep generation total 393216K, used 0K [0x00000000e8000000, 0x0000000100000000, 0x0000000100000000)
 Metaspace       used 19503K, capacity 19862K, committed 20096K, reserved 1067008K
  class space    used 2313K, capacity 2422K, committed 2432K, reserved 1048576K
}
2016-07-11T10:29:45.209+0100: 8.160: Total time for which application threads were stopped: 0.0092650 seconds, Stopping threads took: 0.0000182 seconds
2016-07-11T10:29:45.212+0100: 8.163: Total time for which application threads were stopped: 0.0001030 seconds, Stopping threads took: 0.0000351 seconds
2016-07-11T10:29:45.212+0100: 8.163: Total time for which application threads were stopped: 0.0000612 seconds, Stopping threads took: 0.0000170 seconds
2016-07-11T10:29:45.257+0100: 8.208: Total time for which application threads were stopped: 0.0002965 seconds, Stopping threads took: 0.0000264 seconds
2016-07-11T10:29:45.329+0100: 8.280: Total time for which application threads were stopped: 0.0003201 seconds, Stopping threads took: 0.0000264 seconds
2016-07-11T10:29:45.396+0100: 8.347: Total time for which application threads were stopped: 0.0001204 seconds, Stopping threads took: 0.0000284 seconds
2016-07-11T10:29:45.477+0100: 8.428: Total time for which application threads were stopped: 0.0002929 seconds, Stopping threads took: 0.0000261 seconds
2016-07-11T10:29:45.534+0100: 8.485: Total time for which application threads were stopped: 0.0001196 seconds, Stopping threads took: 0.0000363 seconds
2016-07-11T10:29:45.541+0100: 8.492: Total time for which application threads were stopped: 0.0002925 seconds, Stopping threads took: 0.0000229 seconds
2016-07-11T10:29:45.561+0100: 8.512: Total time for which application threads were stopped: 0.0000730 seconds, Stopping threads took: 0.0000261 seconds
2016-07-11T10:29:45.581+0100: 8.532: Total time for which application threads were stopped: 0.0000849 seconds, Stopping threads took: 0.0000237 seconds
2016-07-11T10:29:45.635+0100: 8.586: Total time for which application threads were stopped: 0.0001216 seconds, Stopping threads took: 0.0000217 seconds
2016-07-11T10:29:45.653+0100: 8.604: Total time for which application threads were stopped: 0.0000916 seconds, Stopping threads took: 0.0000249 seconds
2016-07-11T10:29:45.693+0100: 8.644: Total time for which application threads were stopped: 0.0000861 seconds, Stopping threads took: 0.0000249 seconds
2016-07-11T10:29:45.910+0100: 8.861: Total time for which application threads were stopped: 0.0033053 seconds, Stopping threads took: 0.0032311 seconds
2016-07-11T10:29:45.919+0100: 8.871: Total time for which application threads were stopped: 0.0001401 seconds, Stopping threads took: 0.0000596 seconds
2016-07-11T10:29:45.919+0100: 8.873: Total time for which application threads were stopped: 0.0001046 seconds, Stopping threads took: 0.0000336 seconds
2016-07-11T10:29:45.950+0100: 8.911: Total time for which application threads were stopped: 0.0000876 seconds, Stopping threads took: 0.0000280 seconds
2016-07-11T10:29:45.966+0100: 8.922: Total time for which application threads were stopped: 0.0000876 seconds, Stopping threads took: 0.0000241 seconds
2016-07-11T10:29:46.038+0100: 8.989: Total time for which application threads were stopped: 0.0000987 seconds, Stopping threads took: 0.0000339 seconds
2016-07-11T10:29:46.159+0100: 9.110: Total time for which application threads were stopped: 0.0001011 seconds, Stopping threads took: 0.0000304 seconds
2016-07-11T10:29:46.224+0100: 9.175: Total time for which application threads were stopped: 0.0005491 seconds, Stopping threads took: 0.0004804 seconds
2016-07-11T10:29:46.224+0100: 9.175: Total time for which application threads were stopped: 0.0000738 seconds, Stopping threads took: 0.0000237 seconds
2016-07-11T10:29:46.287+0100: 9.238: Total time for which application threads were stopped: 0.0000896 seconds, Stopping threads took: 0.0000253 seconds
2016-07-11T10:29:46.313+0100: 9.264: Total time for which application threads were stopped: 0.0000991 seconds, Stopping threads took: 0.0000391 seconds
2016-07-11T10:29:46.313+0100: 9.264: Total time for which application threads were stopped: 0.0000592 seconds, Stopping threads took: 0.0000201 seconds
2016-07-11T10:29:46.315+0100: 9.266: Total time for which application threads were stopped: 0.0000533 seconds, Stopping threads took: 0.0000166 seconds
2016-07-11T10:29:46.315+0100: 9.266: Total time for which application threads were stopped: 0.0000557 seconds, Stopping threads took: 0.0000257 seconds
2016-07-11T10:29:47.208+0100: 10.159: [GC (CMS Initial Mark) [1 CMS-initial-mark: 0K(393216K)] 84533K(502464K), 0.0197975 secs] [Times: user=0.03 sys=0.00, real=0.02 secs] 
2016-07-11T10:29:47.228+0100: 10.179: Total time for which application threads were stopped: 0.0199452 seconds, Stopping threads took: 0.0000276 seconds
2016-07-11T10:29:47.228+0100: 10.179: [CMS-concurrent-mark-start]
2016-07-11T10:29:47.228+0100: 10.179: [CMS-concurrent-mark: 0.000/0.000 secs] [Times: user=0.00 sys=0.00, real=0.00 secs] 
2016-07-11T10:29:47.228+0100: 10.179: [CMS-concurrent-preclean-start]
2016-07-11T10:29:47.229+0100: 10.180: [CMS-concurrent-preclean: 0.001/0.001 secs] [Times: user=0.00 sys=0.00, real=0.00 secs] 
2016-07-11T10:29:47.230+0100: 10.180: [CMS-concurrent-abortable-preclean-start]
2016-07-11T10:29:47.874+0100: 10.825: Total time for which application threads were stopped: 0.0000726 seconds, Stopping threads took: 0.0000217 seconds
2016-07-11T10:29:47.874+0100: 10.825: Total time for which application threads were stopped: 0.0000557 seconds, Stopping threads took: 0.0000150 seconds
2016-07-11T10:29:47.878+0100: 10.829: Total time for which application threads were stopped: 0.0000766 seconds, Stopping threads took: 0.0000249 seconds
2016-07-11T10:29:47.896+0100: 10.847: Total time for which application threads were stopped: 0.0092527 seconds, Stopping threads took: 0.0091813 seconds
2016-07-11T10:29:47.924+0100: 10.875: Total time for which application threads were stopped: 0.0000746 seconds, Stopping threads took: 0.0000221 seconds
2016-07-11T10:29:47.924+0100: 10.875: Total time for which application threads were stopped: 0.0000339 seconds, Stopping threads took: 0.0000095 seconds
2016-07-11T10:29:47.927+0100: 10.878: Total time for which application threads were stopped: 0.0000691 seconds, Stopping threads took: 0.0000197 seconds
2016-07-11T10:29:47.939+0100: 10.890: Total time for which application threads were stopped: 0.0000971 seconds, Stopping threads took: 0.0000253 seconds
2016-07-11T10:29:47.955+0100: 10.906: Total time for which application threads were stopped: 0.0000912 seconds, Stopping threads took: 0.0000280 seconds
2016-07-11T10:29:51.700+0100: 14.651: Total time for which application threads were stopped: 0.0001157 seconds, Stopping threads took: 0.0000272 seconds
2016-07-11T10:29:51.746+0100: 14.697: Total time for which application threads were stopped: 0.0000817 seconds, Stopping threads took: 0.0000233 seconds
 CMS: abort preclean due to time 2016-07-11T10:29:53.306+0100: 16.257: [CMS-concurrent-abortable-preclean: 1.973/6.077 secs] [Times: user=1.91 sys=0.17, real=6.08 secs] 
2016-07-11T10:29:53.306+0100: 16.258: [GC (CMS Final Remark) [YG occupancy: 91178 K (109248 K)]{Heap before GC invocations=2 (full 1):
 par new generation   total 109248K, used 91178K [0x00000000e0000000, 0x00000000e8000000, 0x00000000e8000000)
  eden space 87424K,  89% used [0x00000000e0000000, 0x00000000e4c780d0, 0x00000000e5560000)
  from space 21824K,  58% used [0x00000000e5560000, 0x00000000e61f2b18, 0x00000000e6ab0000)
  to   space 21824K,   0% used [0x00000000e6ab0000, 0x00000000e6ab0000, 0x00000000e8000000)
 concurrent mark-sweep generation total 393216K, used 0K [0x00000000e8000000, 0x0000000100000000, 0x0000000100000000)
 Metaspace       used 25494K, capacity 25830K, committed 26200K, reserved 1073152K
  class space    used 3099K, capacity 3200K, committed 3300K, reserved 1048576K
2016-07-11T10:29:53.307+0100: 16.258: [GC (CMS Final Remark) 2016-07-11T10:29:53.307+0100: 16.258: [ParNew
Desired survivor size 20112992 bytes, new threshold 8 (max 8)
- age   1:    5932256 bytes,    5932256 total
- age   2:    2557712 bytes,    8489968 total
- age   3:    2595808 bytes,   11085776 total
: 91178K->17417K(109248K), 0.0086334 secs] 91178K->17417K(502464K), 0.0086910 secs] [Times: user=0.06 sys=0.00, real=0.01 secs] 
Heap after GC invocations=3 (full 1):
 par new generation   total 109248K, used 17417K [0x00000000e0000000, 0x00000000e8000000, 0x00000000e8000000)
  eden space 87424K,   0% used [0x00000000e0000000, 0x00000000e0000000, 0x00000000e5560000)
  from space 21824K,  79% used [0x00000000e6ab0000, 0x00000000e7bb2700, 0x00000000e8000000)
  to   space 21824K,   0% used [0x00000000e5560000, 0x00000000e5560000, 0x00000000e6ab0000)
 concurrent mark-sweep generation total 393216K, used 0K [0x00000000e8000000, 0x0000000100000000, 0x0000000100000000)
 Metaspace       used 25494K, capacity 25830K, committed 26200K, reserved 1073152K
  class space    used 3099K, capacity 3200K, committed 3300K, reserved 1048576K
}
2016-07-11T10:29:53.315+0100: 16.266: [Rescan (parallel) , 0.0030989 secs]2016-07-11T10:29:53.318+0100: 16.270: [weak refs processing, 0.0002850 secs]2016-07-11T10:29:53.319+0100: 16.270: [class unloading, 0.0044414 secs]2016-07-11T10:29:53.323+0100: 16.274: [scrub symbol table, 0.0068120 secs]2016-07-11T10:29:53.330+0100: 16.281: [scrub string table, 0.0004453 secs][1 CMS-remark: 0K(393216K)] 17417K(502464K), 0.0249310 secs] [Times: user=0.08 sys=0.00, real=0.03 secs] 
2016-07-11T10:29:53.331+0100: 16.283: Total time for which application threads were stopped: 0.0250411 seconds, Stopping threads took: 0.0000233 seconds
2016-07-11T10:29:53.331+0100: 16.283: [CMS-concurrent-sweep-start]
2016-07-11T10:29:53.332+0100: 16.283: [CMS-concurrent-sweep: 0.000/0.000 secs] [Times: user=0.00 sys=0.00, real=0.00 secs] 
2016-07-11T10:29:53.332+0100: 16.283: [CMS-concurrent-reset-start]
2016-07-11T10:29:53.333+0100: 16.284: Total time for which application threads were stopped: 0.0000616 seconds, Stopping threads took: 0.0000205 seconds
2016-07-11T10:29:53.334+0100: 16.285: [CMS-concurrent-reset: 0.002/0.002 secs] [Times: user=0.00 sys=0.00, real=0.00 secs] 
2016-07-11T10:29:53.335+0100: 16.286: Total time for which application threads were stopped: 0.0000663 seconds, Stopping threads took: 0.0000268 seconds
2016-07-11T10:29:53.335+0100: 16.286: Total time for which application threads were stopped: 0.0000572 seconds, Stopping threads took: 0.0000237 seconds
2016-07-11T10:33:37.217+0100: 240.168: Total time for which application threads were stopped: 0.0001184 seconds, Stopping threads took: 0.0000336 seconds
2016-07-11T10:33:37.217+0100: 240.168: Total time for which application threads were stopped: 0.0000434 seconds, Stopping threads took: 0.0000111 seconds
2016-07-11T10:33:37.217+0100: 240.168: Total time for which application threads were stopped: 0.0000399 seconds, Stopping threads took: 0.0000099 seconds
2016-07-11T10:33:37.218+0100: 240.169: Total time for which application threads were stopped: 0.0000434 seconds, Stopping threads took: 0.0000114 seconds
2016-07-11T10:33:37.218+0100: 240.169: Total time for which application threads were stopped: 0.0000355 seconds, Stopping threads took: 0.0000099 seconds
2016-07-11T10:33:37.277+0100: 240.228: Total time for which application threads were stopped: 0.0000801 seconds, Stopping threads took: 0.0000201 seconds
2016-07-11T10:33:37.278+0100: 240.229: Total time for which application threads were stopped: 0.0000462 seconds, Stopping threads took: 0.0000221 seconds
2016-07-11T10:33:37.283+0100: 240.235: Total time for which application threads were stopped: 0.0000861 seconds, Stopping threads took: 0.0000209 seconds
2016-07-11T10:33:37.285+0100: 240.236: Total time for which application threads were stopped: 0.0000576 seconds, Stopping threads took: 0.0000146 seconds
2016-07-11T10:33:37.290+0100: 240.242: Total time for which application threads were stopped: 0.0003723 seconds, Stopping threads took: 0.0000154 seconds
2016-07-11T10:33:37.316+0100: 240.268: Total time for which application threads were stopped: 0.0000643 seconds, Stopping threads took: 0.0000249 seconds
2016-07-11T10:33:37.316+0100: 240.268: Total time for which application threads were stopped: 0.0000367 seconds, Stopping threads took: 0.0000182 seconds
2016-07-11T10:33:37.317+0100: 240.268: Total time for which application threads were stopped: 0.0000371 seconds, Stopping threads took: 0.0000087 seconds
2016-07-11T10:33:37.317+0100: 240.268: Total time for which application threads were stopped: 0.0000379 seconds, Stopping threads took: 0.0000193 seconds
2016-07-11T10:33:37.317+0100: 240.268: Total time for which application threads were stopped: 0.0000383 seconds, Stopping threads took: 0.0000197 seconds
2016-07-11T10:33:37.317+0100: 240.268: Total time for which application threads were stopped: 0.0000438 seconds, Stopping threads took: 0.0000213 seconds
2016-07-11T10:34:42.953+0100: 305.904: Total time for which application threads were stopped: 0.0001390 seconds, Stopping threads took: 0.0000351 seconds
2016-07-11T10:34:42.953+0100: 305.905: Total time for which application threads were stopped: 0.0000817 seconds, Stopping threads took: 0.0000233 seconds
2016-07-11T10:34:42.955+0100: 305.906: Total time for which application threads were stopped: 0.0001788 seconds, Stopping threads took: 0.0000845 seconds
2016-07-11T10:34:42.955+0100: 305.906: Total time for which application threads were stopped: 0.0000565 seconds, Stopping threads took: 0.0000182 seconds
2016-07-11T10:34:42.958+0100: 305.909: Total time for which application threads were stopped: 0.0001038 seconds, Stopping threads took: 0.0000253 seconds
2016-07-11T10:34:42.958+0100: 305.909: Total time for which application threads were stopped: 0.0000616 seconds, Stopping threads took: 0.0000162 seconds
2016-07-11T10:34:42.958+0100: 305.910: Total time for which application threads were stopped: 0.0000584 seconds, Stopping threads took: 0.0000158 seconds
2016-07-11T10:34:42.958+0100: 305.910: Total time for which application threads were stopped: 0.0000454 seconds, Stopping threads took: 0.0000118 seconds
2016-07-11T10:34:42.959+0100: 305.910: Total time for which application threads were stopped: 0.0000454 seconds, Stopping threads took: 0.0000146 seconds
2016-07-11T10:34:42.959+0100: 305.910: Total time for which application threads were stopped: 0.0000438 seconds, Stopping threads took: 0.0000122 seconds
2016-07-11T10:34:42.959+0100: 305.910: Total time for which application threads were stopped: 0.0000411 seconds, Stopping threads took: 0.0000111 seconds
2016-07-11T10:34:42.959+0100: 305.910: Total time for which application threads were stopped: 0.0000407 seconds, Stopping threads took: 0.0000111 seconds
2016-07-11T10:34:42.959+0100: 305.910: Total time for which application threads were stopped: 0.0000407 seconds, Stopping threads took: 0.0000111 seconds
2016-07-11T10:34:42.959+0100: 305.910: Total time for which application threads were stopped: 0.0000486 seconds, Stopping threads took: 0.0000186 seconds
2016-07-11T10:34:42.959+0100: 305.910: Total time for which application threads were stopped: 0.0000407 seconds, Stopping threads took: 0.0000107 seconds
2016-07-11T10:34:42.959+0100: 305.910: Total time for which application threads were stopped: 0.0000407 seconds, Stopping threads took: 0.0000111 seconds
2016-07-11T10:34:42.959+0100: 305.910: Total time for which application threads were stopped: 0.0000407 seconds, Stopping threads took: 0.0000111 seconds
2016-07-11T10:34:42.959+0100: 305.910: Total time for which application threads were stopped: 0.0000592 seconds, Stopping threads took: 0.0000166 seconds
2016-07-11T10:34:42.959+0100: 305.911: Total time for which application threads were stopped: 0.0000450 seconds, Stopping threads took: 0.0000114 seconds
2016-07-11T10:34:42.959+0100: 305.911: Total time for which application threads were stopped: 0.0000422 seconds, Stopping threads took: 0.0000111 seconds
2016-07-11T10:34:42.960+0100: 305.911: Total time for which application threads were stopped: 0.0000643 seconds, Stopping threads took: 0.0000245 seconds
2016-07-11T10:34:42.960+0100: 305.911: Total time for which application threads were stopped: 0.0000434 seconds, Stopping threads took: 0.0000126 seconds
2016-07-11T10:34:42.960+0100: 305.911: Total time for which application threads were stopped: 0.0000434 seconds, Stopping threads took: 0.0000126 seconds
2016-07-11T10:34:42.960+0100: 305.911: Total time for which application threads were stopped: 0.0000426 seconds, Stopping threads took: 0.0000122 seconds
2016-07-11T10:34:42.960+0100: 305.911: Total time for which application threads were stopped: 0.0001871 seconds, Stopping threads took: 0.0000114 seconds
2016-07-11T10:34:42.960+0100: 305.911: Total time for which application threads were stopped: 0.0000434 seconds, Stopping threads took: 0.0000114 seconds
2016-07-11T10:34:42.962+0100: 305.913: Total time for which application threads were stopped: 0.0000501 seconds, Stopping threads took: 0.0000122 seconds
2016-07-11T10:34:42.962+0100: 305.913: Total time for which application threads were stopped: 0.0000458 seconds, Stopping threads took: 0.0000134 seconds
2016-07-11T10:34:42.962+0100: 305.913: Total time for which application threads were stopped: 0.0000442 seconds, Stopping threads took: 0.0000118 seconds
2016-07-11T10:34:42.962+0100: 305.914: Total time for which application threads were stopped: 0.0000624 seconds, Stopping threads took: 0.0000162 seconds
2016-07-11T10:34:42.963+0100: 305.914: Total time for which application threads were stopped: 0.0000608 seconds, Stopping threads took: 0.0000162 seconds
2016-07-11T10:34:42.963+0100: 305.914: Total time for which application threads were stopped: 0.0000446 seconds, Stopping threads took: 0.0000099 seconds
2016-07-11T10:34:42.964+0100: 305.915: Total time for which application threads were stopped: 0.0000584 seconds, Stopping threads took: 0.0000158 seconds
2016-07-11T10:34:42.964+0100: 305.916: Total time for which application threads were stopped: 0.0001725 seconds, Stopping threads took: 0.0001117 seconds
2016-07-11T10:34:42.965+0100: 305.916: Total time for which application threads were stopped: 0.0000967 seconds, Stopping threads took: 0.0000490 seconds
2016-07-11T10:34:42.965+0100: 305.917: Total time for which application threads were stopped: 0.0001354 seconds, Stopping threads took: 0.0000537 seconds
2016-07-11T10:34:42.966+0100: 305.917: Total time for which application threads were stopped: 0.0001172 seconds, Stopping threads took: 0.0000513 seconds
2016-07-11T10:34:42.967+0100: 305.918: Total time for which application threads were stopped: 0.0001090 seconds, Stopping threads took: 0.0000367 seconds
2016-07-11T10:34:42.968+0100: 305.920: Total time for which application threads were stopped: 0.0001149 seconds, Stopping threads took: 0.0000300 seconds
2016-07-11T10:34:42.969+0100: 305.920: Total time for which application threads were stopped: 0.0000936 seconds, Stopping threads took: 0.0000276 seconds
2016-07-11T10:34:42.970+0100: 305.921: Total time for which application threads were stopped: 0.0001504 seconds, Stopping threads took: 0.0000695 seconds
2016-07-11T10:34:42.982+0100: 305.933: Total time for which application threads were stopped: 0.0001370 seconds, Stopping threads took: 0.0000359 seconds
2016-07-11T10:34:42.982+0100: 305.933: Total time for which application threads were stopped: 0.0000790 seconds, Stopping threads took: 0.0000257 seconds
2016-07-11T10:34:42.982+0100: 305.933: Total time for which application threads were stopped: 0.0000904 seconds, Stopping threads took: 0.0000261 seconds
2016-07-11T10:34:42.982+0100: 305.934: Total time for which application threads were stopped: 0.0001105 seconds, Stopping threads took: 0.0000379 seconds
2016-07-11T10:34:42.985+0100: 305.936: Total time for which application threads were stopped: 0.0000778 seconds, Stopping threads took: 0.0000272 seconds
2016-07-11T10:34:42.985+0100: 305.936: Total time for which application threads were stopped: 0.0000549 seconds, Stopping threads took: 0.0000162 seconds
2016-07-11T10:34:42.985+0100: 305.936: Total time for which application threads were stopped: 0.0000347 seconds, Stopping threads took: 0.0000103 seconds
2016-07-11T10:34:42.985+0100: 305.936: Total time for which application threads were stopped: 0.0000339 seconds, Stopping threads took: 0.0000107 seconds
2016-07-11T10:34:42.985+0100: 305.936: Total time for which application threads were stopped: 0.0000332 seconds, Stopping threads took: 0.0000103 seconds
2016-07-11T10:34:42.985+0100: 305.937: Total time for which application threads were stopped: 0.0000604 seconds, Stopping threads took: 0.0000217 seconds
2016-07-11T10:34:42.985+0100: 305.937: Total time for which application threads were stopped: 0.0000434 seconds, Stopping threads took: 0.0000158 seconds
2016-07-11T10:34:42.986+0100: 305.937: Total time for which application threads were stopped: 0.0001536 seconds, Stopping threads took: 0.0000178 seconds
2016-07-11T10:34:43.079+0100: 306.030: Total time for which application threads were stopped: 0.0001318 seconds, Stopping threads took: 0.0000414 seconds
2016-07-11T10:34:43.079+0100: 306.030: Total time for which application threads were stopped: 0.0000679 seconds, Stopping threads took: 0.0000241 seconds
2016-07-11T10:34:43.079+0100: 306.030: Total time for which application threads were stopped: 0.0000659 seconds, Stopping threads took: 0.0000359 seconds
2016-07-11T10:34:43.080+0100: 306.032: Total time for which application threads were stopped: 0.0000821 seconds, Stopping threads took: 0.0000375 seconds
2016-07-11T10:34:43.081+0100: 306.033: Total time for which application threads were stopped: 0.0000545 seconds, Stopping threads took: 0.0000174 seconds
2016-07-11T10:34:43.082+0100: 306.033: Total time for which application threads were stopped: 0.0000640 seconds, Stopping threads took: 0.0000245 seconds
2016-07-11T10:34:43.082+0100: 306.033: Total time for which application threads were stopped: 0.0000557 seconds, Stopping threads took: 0.0000162 seconds
2016-07-11T10:34:43.082+0100: 306.033: Total time for which application threads were stopped: 0.0000493 seconds, Stopping threads took: 0.0000154 seconds
2016-07-11T10:34:43.087+0100: 306.038: Total time for which application threads were stopped: 0.0000857 seconds, Stopping threads took: 0.0000292 seconds
2016-07-11T10:34:43.087+0100: 306.038: Total time for which application threads were stopped: 0.0000557 seconds, Stopping threads took: 0.0000225 seconds
2016-07-11T10:34:43.087+0100: 306.038: Total time for which application threads were stopped: 0.0000438 seconds, Stopping threads took: 0.0000178 seconds
2016-07-11T10:34:43.087+0100: 306.038: Total time for which application threads were stopped: 0.0000936 seconds, Stopping threads took: 0.0000505 seconds
2016-07-11T10:34:43.090+0100: 306.041: Total time for which application threads were stopped: 0.0001042 seconds, Stopping threads took: 0.0000363 seconds
2016-07-11T10:34:43.090+0100: 306.041: Total time for which application threads were stopped: 0.0000718 seconds, Stopping threads took: 0.0000217 seconds
2016-07-11T10:34:43.090+0100: 306.041: Total time for which application threads were stopped: 0.0000616 seconds, Stopping threads took: 0.0000221 seconds
2016-07-11T10:34:43.091+0100: 306.042: Total time for which application threads were stopped: 0.0000888 seconds, Stopping threads took: 0.0000363 seconds
2016-07-11T10:34:43.094+0100: 306.045: Total time for which application threads were stopped: 0.0000687 seconds, Stopping threads took: 0.0000225 seconds
2016-07-11T10:34:43.094+0100: 306.045: Total time for which application threads were stopped: 0.0000549 seconds, Stopping threads took: 0.0000162 seconds
2016-07-11T10:34:43.094+0100: 306.045: Total time for which application threads were stopped: 0.0000414 seconds, Stopping threads took: 0.0000118 seconds
2016-07-11T10:34:43.094+0100: 306.045: Total time for which application threads were stopped: 0.0000470 seconds, Stopping threads took: 0.0000134 seconds
2016-07-11T10:34:43.103+0100: 306.054: Total time for which application threads were stopped: 0.0000711 seconds, Stopping threads took: 0.0000245 seconds
2016-07-11T10:34:43.103+0100: 306.054: Total time for which application threads were stopped: 0.0000699 seconds, Stopping threads took: 0.0000201 seconds
2016-07-11T10:34:43.103+0100: 306.054: Total time for which application threads were stopped: 0.0000442 seconds, Stopping threads took: 0.0000146 seconds
2016-07-11T10:34:43.125+0100: 306.075: Total time for which application threads were stopped: 0.0000900 seconds, Stopping threads took: 0.0000272 seconds
2016-07-11T10:34:43.164+0100: 306.115: Total time for which application threads were stopped: 0.0000971 seconds, Stopping threads took: 0.0000276 seconds
2016-07-11T10:34:43.164+0100: 306.115: Total time for which application threads were stopped: 0.0000403 seconds, Stopping threads took: 0.0000111 seconds
2016-07-11T10:34:43.164+0100: 306.115: Total time for which application threads were stopped: 0.0000375 seconds, Stopping threads took: 0.0000099 seconds
2016-07-11T10:34:43.165+0100: 306.116: Total time for which application threads were stopped: 0.0000576 seconds, Stopping threads took: 0.0000170 seconds
2016-07-11T10:34:43.168+0100: 306.119: Total time for which application threads were stopped: 0.0000742 seconds, Stopping threads took: 0.0000229 seconds
2016-07-11T10:34:43.168+0100: 306.119: Total time for which application threads were stopped: 0.0000450 seconds, Stopping threads took: 0.0000162 seconds
2016-07-11T10:34:43.168+0100: 306.119: Total time for which application threads were stopped: 0.0000324 seconds, Stopping threads took: 0.0000107 seconds
2016-07-11T10:34:43.168+0100: 306.119: Total time for which application threads were stopped: 0.0000407 seconds, Stopping threads took: 0.0000111 seconds
2016-07-11T10:34:43.206+0100: 306.157: Total time for which application threads were stopped: 0.0001050 seconds, Stopping threads took: 0.0000296 seconds
2016-07-11T10:34:43.206+0100: 306.157: Total time for which application threads were stopped: 0.0000399 seconds, Stopping threads took: 0.0000111 seconds
2016-07-11T10:34:43.206+0100: 306.157: Total time for which application threads were stopped: 0.0000383 seconds, Stopping threads took: 0.0000103 seconds
2016-07-11T10:34:43.207+0100: 306.158: Total time for which application threads were stopped: 0.0000553 seconds, Stopping threads took: 0.0000158 seconds
2016-07-11T10:34:43.225+0100: 306.176: Total time for which application threads were stopped: 0.0000963 seconds, Stopping threads took: 0.0000367 seconds
2016-07-11T10:34:43.225+0100: 306.176: Total time for which application threads were stopped: 0.0001149 seconds, Stopping threads took: 0.0000612 seconds
2016-07-11T10:34:43.225+0100: 306.176: Total time for which application threads were stopped: 0.0000470 seconds, Stopping threads took: 0.0000154 seconds
2016-07-11T10:34:43.226+0100: 306.177: Total time for which application threads were stopped: 0.0000501 seconds, Stopping threads took: 0.0000170 seconds
2016-07-11T10:34:43.252+0100: 306.203: Total time for which application threads were stopped: 0.0001086 seconds, Stopping threads took: 0.0000308 seconds
2016-07-11T10:34:43.252+0100: 306.203: Total time for which application threads were stopped: 0.0000553 seconds, Stopping threads took: 0.0000166 seconds
2016-07-11T10:34:43.252+0100: 306.203: Total time for which application threads were stopped: 0.0000470 seconds, Stopping threads took: 0.0000154 seconds
2016-07-11T10:34:43.253+0100: 306.204: Total time for which application threads were stopped: 0.0000517 seconds, Stopping threads took: 0.0000213 seconds
2016-07-11T10:34:43.256+0100: 306.206: Total time for which application threads were stopped: 0.0001066 seconds, Stopping threads took: 0.0000304 seconds
2016-07-11T10:34:43.256+0100: 306.207: Total time for which application threads were stopped: 0.0000640 seconds, Stopping threads took: 0.0000178 seconds
2016-07-11T10:34:43.256+0100: 306.207: Total time for which application threads were stopped: 0.0000395 seconds, Stopping threads took: 0.0000111 seconds
2016-07-11T10:34:43.256+0100: 306.207: Total time for which application threads were stopped: 0.0000470 seconds, Stopping threads took: 0.0000134 seconds
2016-07-11T10:34:43.284+0100: 306.235: Total time for which application threads were stopped: 0.0000963 seconds, Stopping threads took: 0.0000328 seconds
2016-07-11T10:34:43.284+0100: 306.235: Total time for which application threads were stopped: 0.0000612 seconds, Stopping threads took: 0.0000205 seconds
2016-07-11T10:34:43.284+0100: 306.235: Total time for which application threads were stopped: 0.0000497 seconds, Stopping threads took: 0.0000174 seconds
2016-07-11T10:34:43.284+0100: 306.235: Total time for which application threads were stopped: 0.0000501 seconds, Stopping threads took: 0.0000142 seconds
2016-07-11T10:34:43.302+0100: 306.253: Total time for which application threads were stopped: 0.0001011 seconds, Stopping threads took: 0.0000430 seconds
2016-07-11T10:34:43.302+0100: 306.253: Total time for which application threads were stopped: 0.0000478 seconds, Stopping threads took: 0.0000237 seconds
2016-07-11T10:34:43.302+0100: 306.253: Total time for which application threads were stopped: 0.0000517 seconds, Stopping threads took: 0.0000205 seconds
2016-07-11T10:34:43.302+0100: 306.253: Total time for which application threads were stopped: 0.0000557 seconds, Stopping threads took: 0.0000201 seconds
2016-07-11T10:34:43.309+0100: 306.260: Total time for which application threads were stopped: 0.0000975 seconds, Stopping threads took: 0.0000336 seconds
2016-07-11T10:34:43.322+0100: 306.273: Total time for which application threads were stopped: 0.0002783 seconds, Stopping threads took: 0.0000233 seconds
2016-07-11T10:34:43.368+0100: 306.319: Total time for which application threads were stopped: 0.0000782 seconds, Stopping threads took: 0.0000245 seconds
2016-07-11T10:34:43.368+0100: 306.319: Total time for which application threads were stopped: 0.0000280 seconds, Stopping threads took: 0.0000095 seconds
2016-07-11T10:34:43.368+0100: 306.319: Total time for which application threads were stopped: 0.0000257 seconds, Stopping threads took: 0.0000083 seconds
2016-07-11T10:34:43.368+0100: 306.319: Total time for which application threads were stopped: 0.0000257 seconds, Stopping threads took: 0.0000079 seconds
2016-07-11T10:34:43.374+0100: 306.325: Total time for which application threads were stopped: 0.0003154 seconds, Stopping threads took: 0.0000399 seconds
2016-07-11T10:34:43.376+0100: 306.327: Total time for which application threads were stopped: 0.0000995 seconds, Stopping threads took: 0.0000268 seconds
2016-07-11T10:34:43.519+0100: 306.470: Total time for which application threads were stopped: 0.0001216 seconds, Stopping threads took: 0.0000324 seconds
2016-07-11T10:34:43.519+0100: 306.471: Total time for which application threads were stopped: 0.0001887 seconds, Stopping threads took: 0.0000237 seconds
2016-07-11T10:34:43.520+0100: 306.471: Total time for which application threads were stopped: 0.0001516 seconds, Stopping threads took: 0.0000170 seconds
2016-07-11T10:34:43.520+0100: 306.472: Total time for which application threads were stopped: 0.0000632 seconds, Stopping threads took: 0.0000221 seconds
2016-07-11T10:34:43.617+0100: 306.569: Total time for which application threads were stopped: 0.0000715 seconds, Stopping threads took: 0.0000221 seconds
2016-07-11T10:34:43.618+0100: 306.569: Total time for which application threads were stopped: 0.0000296 seconds, Stopping threads took: 0.0000091 seconds
2016-07-11T10:34:43.964+0100: 306.916: Total time for which application threads were stopped: 0.0002811 seconds, Stopping threads took: 0.0000182 seconds
{Heap before GC invocations=3 (full 1):
 par new generation   total 109248K, used 104841K [0x00000000e0000000, 0x00000000e8000000, 0x00000000e8000000)
  eden space 87424K, 100% used [0x00000000e0000000, 0x00000000e5560000, 0x00000000e5560000)
  from space 21824K,  79% used [0x00000000e6ab0000, 0x00000000e7bb2700, 0x00000000e8000000)
  to   space 21824K,   0% used [0x00000000e5560000, 0x00000000e5560000, 0x00000000e6ab0000)
 concurrent mark-sweep generation total 393216K, used 0K [0x00000000e8000000, 0x0000000100000000, 0x0000000100000000)
 Metaspace       used 29991K, capacity 30376K, committed 30692K, reserved 1077248K
  class space    used 3572K, capacity 3713K, committed 3812K, reserved 1048576K
2016-07-11T10:34:43.977+0100: 306.928: [GC (Allocation Failure) 2016-07-11T10:34:43.977+0100: 306.928: [ParNew
Desired survivor size 20112992 bytes, new threshold 8 (max 8)
- age   1:   12907072 bytes,   12907072 total
- age   2:    1038520 bytes,   13945592 total
- age   3:    2509336 bytes,   16454928 total
- age   4:    2585328 bytes,   19040256 total
: 104841K->21824K(109248K), 0.0192243 secs] 104841K->21824K(502464K), 0.0193033 secs] [Times: user=0.08 sys=0.00, real=0.02 secs] 
Heap after GC invocations=4 (full 1):
 par new generation   total 109248K, used 21824K [0x00000000e0000000, 0x00000000e8000000, 0x00000000e8000000)
  eden space 87424K,   0% used [0x00000000e0000000, 0x00000000e0000000, 0x00000000e5560000)
  from space 21824K, 100% used [0x00000000e5560000, 0x00000000e6ab0000, 0x00000000e6ab0000)
  to   space 21824K,   0% used [0x00000000e6ab0000, 0x00000000e6ab0000, 0x00000000e8000000)
 concurrent mark-sweep generation total 393216K, used 0K [0x00000000e8000000, 0x0000000100000000, 0x0000000100000000)
 Metaspace       used 29991K, capacity 30376K, committed 30692K, reserved 1077248K
  class space    used 3572K, capacity 3713K, committed 3812K, reserved 1048576K
}
2016-07-11T10:34:43.996+0100: 306.947: Total time for which application threads were stopped: 0.0194959 seconds, Stopping threads took: 0.0000241 seconds
2016-07-11T10:34:43.996+0100: 306.948: Total time for which application threads were stopped: 0.0000955 seconds, Stopping threads took: 0.0000292 seconds
2016-07-11T10:34:43.997+0100: 306.948: Total time for which application threads were stopped: 0.0000628 seconds, Stopping threads took: 0.0000268 seconds
2016-07-11T10:34:43.997+0100: 306.949: Total time for which application threads were stopped: 0.0000865 seconds, Stopping threads took: 0.0000268 seconds
2016-07-11T10:34:43.998+0100: 306.949: Total time for which application threads were stopped: 0.0000679 seconds, Stopping threads took: 0.0000233 seconds
2016-07-11T10:34:44.191+0100: 307.143: Total time for which application threads were stopped: 0.0002933 seconds, Stopping threads took: 0.0000229 seconds
2016-07-11T10:34:44.214+0100: 307.165: Total time for which application threads were stopped: 0.0000983 seconds, Stopping threads took: 0.0000264 seconds
2016-07-11T10:34:44.588+0100: 307.540: Total time for which application threads were stopped: 0.0000853 seconds, Stopping threads took: 0.0000197 seconds
2016-07-11T10:34:44.589+0100: 307.540: Total time for which application threads were stopped: 0.0000565 seconds, Stopping threads took: 0.0000170 seconds
2016-07-11T10:34:44.589+0100: 307.541: Total time for which application threads were stopped: 0.0000568 seconds, Stopping threads took: 0.0000126 seconds
2016-07-11T10:34:44.590+0100: 307.541: Total time for which application threads were stopped: 0.0000343 seconds, Stopping threads took: 0.0000071 seconds
2016-07-11T10:34:44.591+0100: 307.542: Total time for which application threads were stopped: 0.0000509 seconds, Stopping threads took: 0.0000150 seconds
2016-07-11T10:34:44.591+0100: 307.542: Total time for which application threads were stopped: 0.0000379 seconds, Stopping threads took: 0.0000111 seconds
2016-07-11T10:34:44.591+0100: 307.542: Total time for which application threads were stopped: 0.0000391 seconds, Stopping threads took: 0.0000111 seconds
2016-07-11T10:34:44.591+0100: 307.542: Total time for which application threads were stopped: 0.0000379 seconds, Stopping threads took: 0.0000114 seconds
2016-07-11T10:34:44.591+0100: 307.542: Total time for which application threads were stopped: 0.0000711 seconds, Stopping threads took: 0.0000351 seconds
2016-07-11T10:34:44.591+0100: 307.542: Total time for which application threads were stopped: 0.0000683 seconds, Stopping threads took: 0.0000371 seconds
2016-07-11T10:34:44.591+0100: 307.542: Total time for which application threads were stopped: 0.0001007 seconds, Stopping threads took: 0.0000596 seconds
2016-07-11T10:34:44.591+0100: 307.543: Total time for which application threads were stopped: 0.0000490 seconds, Stopping threads took: 0.0000189 seconds
2016-07-11T10:34:44.591+0100: 307.543: Total time for which application threads were stopped: 0.0000849 seconds, Stopping threads took: 0.0000553 seconds
2016-07-11T10:34:44.592+0100: 307.543: Total time for which application threads were stopped: 0.0000545 seconds, Stopping threads took: 0.0000253 seconds
2016-07-11T10:34:44.592+0100: 307.543: Total time for which application threads were stopped: 0.0000568 seconds, Stopping threads took: 0.0000225 seconds
2016-07-11T10:34:44.592+0100: 307.543: Total time for which application threads were stopped: 0.0000809 seconds, Stopping threads took: 0.0000316 seconds
2016-07-11T10:34:44.592+0100: 307.543: Total time for which application threads were stopped: 0.0000490 seconds, Stopping threads took: 0.0000221 seconds
2016-07-11T10:34:44.592+0100: 307.543: Total time for which application threads were stopped: 0.0000493 seconds, Stopping threads took: 0.0000253 seconds
2016-07-11T10:34:44.592+0100: 307.543: Total time for which application threads were stopped: 0.0000505 seconds, Stopping threads took: 0.0000142 seconds
2016-07-11T10:34:44.592+0100: 307.544: Total time for which application threads were stopped: 0.0000541 seconds, Stopping threads took: 0.0000233 seconds
2016-07-11T10:34:44.592+0100: 307.544: Total time for which application threads were stopped: 0.0000549 seconds, Stopping threads took: 0.0000300 seconds
2016-07-11T10:34:44.592+0100: 307.544: Total time for which application threads were stopped: 0.0000418 seconds, Stopping threads took: 0.0000189 seconds
2016-07-11T10:34:44.593+0100: 307.544: Total time for which application threads were stopped: 0.0000726 seconds, Stopping threads took: 0.0000272 seconds
2016-07-11T10:34:44.593+0100: 307.544: Total time for which application threads were stopped: 0.0001026 seconds, Stopping threads took: 0.0000233 seconds
2016-07-11T10:34:44.595+0100: 307.546: Total time for which application threads were stopped: 0.0000963 seconds, Stopping threads took: 0.0000328 seconds
2016-07-11T10:34:44.603+0100: 307.554: Total time for which application threads were stopped: 0.0001062 seconds, Stopping threads took: 0.0000328 seconds
2016-07-11T10:34:44.603+0100: 307.555: Total time for which application threads were stopped: 0.0000505 seconds, Stopping threads took: 0.0000154 seconds
2016-07-11T10:34:44.604+0100: 307.555: Total time for which application threads were stopped: 0.0000628 seconds, Stopping threads took: 0.0000193 seconds
2016-07-11T10:34:44.604+0100: 307.555: Total time for which application threads were stopped: 0.0000482 seconds, Stopping threads took: 0.0000142 seconds
2016-07-11T10:34:44.604+0100: 307.556: Total time for which application threads were stopped: 0.0000640 seconds, Stopping threads took: 0.0000189 seconds
2016-07-11T10:34:44.613+0100: 307.565: Total time for which application threads were stopped: 0.0001101 seconds, Stopping threads took: 0.0000320 seconds
2016-07-11T10:34:44.614+0100: 307.565: Total time for which application threads were stopped: 0.0000801 seconds, Stopping threads took: 0.0000264 seconds
2016-07-11T10:34:44.623+0100: 307.575: Total time for which application threads were stopped: 0.0001141 seconds, Stopping threads took: 0.0000418 seconds
2016-07-11T10:34:44.625+0100: 307.576: Total time for which application threads were stopped: 0.0000912 seconds, Stopping threads took: 0.0000308 seconds
2016-07-11T10:34:44.625+0100: 307.576: Total time for which application threads were stopped: 0.0000466 seconds, Stopping threads took: 0.0000138 seconds
2016-07-11T10:34:44.633+0100: 307.584: Total time for which application threads were stopped: 0.0000999 seconds, Stopping threads took: 0.0000304 seconds
2016-07-11T10:34:44.633+0100: 307.584: Total time for which application threads were stopped: 0.0000782 seconds, Stopping threads took: 0.0000205 seconds
2016-07-11T10:34:44.639+0100: 307.589: Total time for which application threads were stopped: 0.0002278 seconds, Stopping threads took: 0.0000403 seconds
2016-07-11T10:34:44.639+0100: 307.589: Total time for which application threads were stopped: 0.0000557 seconds, Stopping threads took: 0.0000205 seconds
2016-07-11T10:34:44.639+0100: 307.590: Total time for which application threads were stopped: 0.0000442 seconds, Stopping threads took: 0.0000150 seconds
2016-07-11T10:34:44.639+0100: 307.590: Total time for which application threads were stopped: 0.0000446 seconds, Stopping threads took: 0.0000162 seconds
2016-07-11T10:34:44.639+0100: 307.590: Total time for which application threads were stopped: 0.0000584 seconds, Stopping threads took: 0.0000178 seconds
2016-07-11T10:34:44.640+0100: 307.590: Total time for which application threads were stopped: 0.0001504 seconds, Stopping threads took: 0.0000174 seconds
2016-07-11T10:34:44.640+0100: 307.590: Total time for which application threads were stopped: 0.0000434 seconds, Stopping threads took: 0.0000126 seconds
2016-07-11T10:34:44.640+0100: 307.591: Total time for which application threads were stopped: 0.0000533 seconds, Stopping threads took: 0.0000182 seconds
2016-07-11T10:34:44.640+0100: 307.591: Total time for which application threads were stopped: 0.0000399 seconds, Stopping threads took: 0.0000146 seconds
2016-07-11T10:34:44.641+0100: 307.592: Total time for which application threads were stopped: 0.0002163 seconds, Stopping threads took: 0.0001619 seconds
2016-07-11T10:34:44.643+0100: 307.593: Total time for which application threads were stopped: 0.0000995 seconds, Stopping threads took: 0.0000316 seconds
2016-07-11T10:34:44.643+0100: 307.594: Total time for which application threads were stopped: 0.0000841 seconds, Stopping threads took: 0.0000257 seconds
2016-07-11T10:34:44.644+0100: 307.594: Total time for which application threads were stopped: 0.0000797 seconds, Stopping threads took: 0.0000422 seconds
2016-07-11T10:34:44.644+0100: 307.594: Total time for which application threads were stopped: 0.0000541 seconds, Stopping threads took: 0.0000189 seconds
2016-07-11T10:34:44.644+0100: 307.594: Total time for which application threads were stopped: 0.0000529 seconds, Stopping threads took: 0.0000170 seconds
2016-07-11T10:34:44.644+0100: 307.595: Total time for which application threads were stopped: 0.0000517 seconds, Stopping threads took: 0.0000178 seconds
2016-07-11T10:34:44.644+0100: 307.595: Total time for which application threads were stopped: 0.0000726 seconds, Stopping threads took: 0.0000229 seconds
2016-07-11T10:34:44.644+0100: 307.595: Total time for which application threads were stopped: 0.0000474 seconds, Stopping threads took: 0.0000126 seconds
2016-07-11T10:34:44.644+0100: 307.595: Total time for which application threads were stopped: 0.0000438 seconds, Stopping threads took: 0.0000111 seconds
2016-07-11T10:34:44.644+0100: 307.595: Total time for which application threads were stopped: 0.0000418 seconds, Stopping threads took: 0.0000107 seconds
2016-07-11T10:34:44.644+0100: 307.595: Total time for which application threads were stopped: 0.0000407 seconds, Stopping threads took: 0.0000107 seconds
2016-07-11T10:34:44.644+0100: 307.595: Total time for which application threads were stopped: 0.0000414 seconds, Stopping threads took: 0.0000103 seconds
2016-07-11T10:34:44.644+0100: 307.595: Total time for which application threads were stopped: 0.0000411 seconds, Stopping threads took: 0.0000107 seconds
2016-07-11T10:34:44.645+0100: 307.595: Total time for which application threads were stopped: 0.0000418 seconds, Stopping threads took: 0.0000107 seconds
2016-07-11T10:34:44.645+0100: 307.595: Total time for which application threads were stopped: 0.0000430 seconds, Stopping threads took: 0.0000114 seconds
2016-07-11T10:34:44.645+0100: 307.595: Total time for which application threads were stopped: 0.0000418 seconds, Stopping threads took: 0.0000103 seconds
2016-07-11T10:34:44.645+0100: 307.595: Total time for which application threads were stopped: 0.0000411 seconds, Stopping threads took: 0.0000103 seconds
2016-07-11T10:34:44.646+0100: 307.597: Total time for which application threads were stopped: 0.0000711 seconds, Stopping threads took: 0.0000193 seconds
2016-07-11T10:34:44.646+0100: 307.597: Total time for which application threads were stopped: 0.0000442 seconds, Stopping threads took: 0.0000142 seconds
2016-07-11T10:34:44.647+0100: 307.597: Total time for which application threads were stopped: 0.0000655 seconds, Stopping threads took: 0.0000158 seconds
2016-07-11T10:34:44.647+0100: 307.597: Total time for which application threads were stopped: 0.0000478 seconds, Stopping threads took: 0.0000114 seconds
2016-07-11T10:34:44.648+0100: 307.599: Total time for which application threads were stopped: 0.0001026 seconds, Stopping threads took: 0.0000241 seconds
2016-07-11T10:34:44.648+0100: 307.599: Total time for which application threads were stopped: 0.0000600 seconds, Stopping threads took: 0.0000162 seconds
2016-07-11T10:34:44.662+0100: 307.613: Total time for which application threads were stopped: 0.0001117 seconds, Stopping threads took: 0.0000264 seconds
2016-07-11T10:34:44.663+0100: 307.613: Total time for which application threads were stopped: 0.0000612 seconds, Stopping threads took: 0.0000170 seconds
2016-07-11T10:34:44.665+0100: 307.616: Total time for which application threads were stopped: 0.0000920 seconds, Stopping threads took: 0.0000280 seconds
2016-07-11T10:34:44.665+0100: 307.616: Total time for which application threads were stopped: 0.0000549 seconds, Stopping threads took: 0.0000201 seconds
2016-07-11T10:34:44.665+0100: 307.616: Total time for which application threads were stopped: 0.0000383 seconds, Stopping threads took: 0.0000150 seconds
2016-07-11T10:34:44.665+0100: 307.616: Total time for which application threads were stopped: 0.0000497 seconds, Stopping threads took: 0.0000193 seconds
2016-07-11T10:34:44.665+0100: 307.616: Total time for which application threads were stopped: 0.0000450 seconds, Stopping threads took: 0.0000142 seconds
2016-07-11T10:34:44.665+0100: 307.616: Total time for which application threads were stopped: 0.0001050 seconds, Stopping threads took: 0.0000126 seconds
2016-07-11T10:34:44.784+0100: 307.735: Total time for which application threads were stopped: 0.0001180 seconds, Stopping threads took: 0.0000272 seconds
2016-07-11T10:34:44.784+0100: 307.735: Total time for which application threads were stopped: 0.0000430 seconds, Stopping threads took: 0.0000122 seconds
2016-07-11T10:34:44.784+0100: 307.735: Total time for which application threads were stopped: 0.0000584 seconds, Stopping threads took: 0.0000170 seconds
2016-07-11T10:34:44.784+0100: 307.735: Total time for which application threads were stopped: 0.0000430 seconds, Stopping threads took: 0.0000118 seconds
2016-07-11T10:34:44.784+0100: 307.735: Total time for which application threads were stopped: 0.0000407 seconds, Stopping threads took: 0.0000111 seconds
2016-07-11T10:34:44.784+0100: 307.735: Total time for which application threads were stopped: 0.0000470 seconds, Stopping threads took: 0.0000130 seconds
2016-07-11T10:34:44.784+0100: 307.735: Total time for which application threads were stopped: 0.0000422 seconds, Stopping threads took: 0.0000122 seconds
2016-07-11T10:34:44.784+0100: 307.735: Total time for which application threads were stopped: 0.0000458 seconds, Stopping threads took: 0.0000126 seconds
2016-07-11T10:34:44.784+0100: 307.735: Total time for which application threads were stopped: 0.0000521 seconds, Stopping threads took: 0.0000166 seconds
2016-07-11T10:34:44.784+0100: 307.735: Total time for which application threads were stopped: 0.0000379 seconds, Stopping threads took: 0.0000111 seconds
2016-07-11T10:34:44.785+0100: 307.735: Total time for which application threads were stopped: 0.0000482 seconds, Stopping threads took: 0.0000126 seconds
2016-07-11T10:34:44.785+0100: 307.735: Total time for which application threads were stopped: 0.0000399 seconds, Stopping threads took: 0.0000130 seconds
2016-07-11T10:34:44.785+0100: 307.736: Total time for which application threads were stopped: 0.0000454 seconds, Stopping threads took: 0.0000150 seconds
2016-07-11T10:34:44.785+0100: 307.736: Total time for which application threads were stopped: 0.0000379 seconds, Stopping threads took: 0.0000103 seconds
2016-07-11T10:34:44.785+0100: 307.736: Total time for which application threads were stopped: 0.0000414 seconds, Stopping threads took: 0.0000114 seconds
2016-07-11T10:34:44.785+0100: 307.736: Total time for which application threads were stopped: 0.0000395 seconds, Stopping threads took: 0.0000111 seconds
2016-07-11T10:34:44.785+0100: 307.736: Total time for which application threads were stopped: 0.0000395 seconds, Stopping threads took: 0.0000107 seconds
2016-07-11T10:34:44.785+0100: 307.736: Total time for which application threads were stopped: 0.0000407 seconds, Stopping threads took: 0.0000111 seconds
2016-07-11T10:34:44.785+0100: 307.736: Total time for which application threads were stopped: 0.0000403 seconds, Stopping threads took: 0.0000114 seconds
2016-07-11T10:34:44.785+0100: 307.736: Total time for which application threads were stopped: 0.0001338 seconds, Stopping threads took: 0.0000111 seconds
2016-07-11T10:34:44.794+0100: 307.745: Total time for which application threads were stopped: 0.0001034 seconds, Stopping threads took: 0.0000296 seconds
2016-07-11T10:34:44.795+0100: 307.746: Total time for which application threads were stopped: 0.0000916 seconds, Stopping threads took: 0.0000276 seconds
2016-07-11T10:34:44.796+0100: 307.747: Total time for which application threads were stopped: 0.0000730 seconds, Stopping threads took: 0.0000182 seconds
2016-07-11T10:34:44.796+0100: 307.747: Total time for which application threads were stopped: 0.0000525 seconds, Stopping threads took: 0.0000154 seconds
2016-07-11T10:34:44.819+0100: 307.769: Total time for which application threads were stopped: 0.0001220 seconds, Stopping threads took: 0.0000351 seconds
2016-07-11T10:34:45.819+0100: 308.770: Total time for which application threads were stopped: 0.0001326 seconds, Stopping threads took: 0.0000284 seconds
2016-07-11T10:34:46.819+0100: 309.770: Total time for which application threads were stopped: 0.0001125 seconds, Stopping threads took: 0.0000332 seconds
2016-07-11T10:34:49.116+0100: 312.067: Total time for which application threads were stopped: 0.0001090 seconds, Stopping threads took: 0.0000245 seconds
2016-07-11T10:34:49.117+0100: 312.068: Total time for which application threads were stopped: 0.0000470 seconds, Stopping threads took: 0.0000107 seconds
2016-07-11T10:34:50.117+0100: 313.068: Total time for which application threads were stopped: 0.0001891 seconds, Stopping threads took: 0.0000257 seconds
{Heap before GC invocations=4 (full 1):
 par new generation   total 109248K, used 109248K [0x00000000e0000000, 0x00000000e8000000, 0x00000000e8000000)
  eden space 87424K, 100% used [0x00000000e0000000, 0x00000000e5560000, 0x00000000e5560000)
  from space 21824K, 100% used [0x00000000e5560000, 0x00000000e6ab0000, 0x00000000e6ab0000)
  to   space 21824K,   0% used [0x00000000e6ab0000, 0x00000000e6ab0000, 0x00000000e8000000)
 concurrent mark-sweep generation total 393216K, used 0K [0x00000000e8000000, 0x0000000100000000, 0x0000000100000000)
 Metaspace       used 30868K, capacity 31272K, committed 31716K, reserved 1077248K
  class space    used 3607K, capacity 3713K, committed 3812K, reserved 1048576K
2016-07-11T10:34:50.277+0100: 313.228: [GC (Allocation Failure) 2016-07-11T10:34:50.277+0100: 313.228: [ParNew
Desired survivor size 20112992 bytes, new threshold 8 (max 8)
- age   1:    5055152 bytes,    5055152 total
- age   2:    8425592 bytes,   13480744 total
- age   3:    1038456 bytes,   14519200 total
- age   4:    2513440 bytes,   17032640 total
- age   5:    2585016 bytes,   19617656 total
: 109248K->21824K(109248K), 0.0263284 secs] 109248K->22534K(502464K), 0.0264078 secs] [Times: user=0.06 sys=0.00, real=0.03 secs] 
Heap after GC invocations=5 (full 1):
 par new generation   total 109248K, used 21824K [0x00000000e0000000, 0x00000000e8000000, 0x00000000e8000000)
  eden space 87424K,   0% used [0x00000000e0000000, 0x00000000e0000000, 0x00000000e5560000)
  from space 21824K, 100% used [0x00000000e6ab0000, 0x00000000e8000000, 0x00000000e8000000)
  to   space 21824K,   0% used [0x00000000e5560000, 0x00000000e5560000, 0x00000000e6ab0000)
 concurrent mark-sweep generation total 393216K, used 710K [0x00000000e8000000, 0x0000000100000000, 0x0000000100000000)
 Metaspace       used 30868K, capacity 31272K, committed 31716K, reserved 1077248K
  class space    used 3607K, capacity 3713K, committed 3812K, reserved 1048576K
}
2016-07-11T10:34:50.303+0100: 313.254: Total time for which application threads were stopped: 0.0266644 seconds, Stopping threads took: 0.0000308 seconds
2016-07-11T10:34:50.320+0100: 313.272: Total time for which application threads were stopped: 0.0001153 seconds, Stopping threads took: 0.0000375 seconds
2016-07-11T10:34:50.320+0100: 313.272: Total time for which application threads were stopped: 0.0000620 seconds, Stopping threads took: 0.0000174 seconds
2016-07-11T10:34:50.323+0100: 313.275: Total time for which application threads were stopped: 0.0028466 seconds, Stopping threads took: 0.0027661 seconds
2016-07-11T10:34:50.323+0100: 313.275: Total time for which application threads were stopped: 0.0000750 seconds, Stopping threads took: 0.0000257 seconds
2016-07-11T10:34:50.323+0100: 313.275: Total time for which application threads were stopped: 0.0000561 seconds, Stopping threads took: 0.0000166 seconds
2016-07-11T10:34:50.324+0100: 313.275: Total time for which application threads were stopped: 0.0000872 seconds, Stopping threads took: 0.0000126 seconds
2016-07-11T10:34:50.324+0100: 313.276: Total time for which application threads were stopped: 0.0001003 seconds, Stopping threads took: 0.0000166 seconds
2016-07-11T10:34:50.324+0100: 313.276: Total time for which application threads were stopped: 0.0000861 seconds, Stopping threads took: 0.0000166 seconds
2016-07-11T10:34:50.325+0100: 313.276: Total time for which application threads were stopped: 0.0003778 seconds, Stopping threads took: 0.0003351 seconds
2016-07-11T10:34:50.325+0100: 313.276: Total time for which application threads were stopped: 0.0000505 seconds, Stopping threads took: 0.0000150 seconds
2016-07-11T10:34:50.325+0100: 313.276: Total time for which application threads were stopped: 0.0000482 seconds, Stopping threads took: 0.0000142 seconds
2016-07-11T10:34:50.325+0100: 313.277: Total time for which application threads were stopped: 0.0003608 seconds, Stopping threads took: 0.0003237 seconds
2016-07-11T10:34:50.325+0100: 313.277: Total time for which application threads were stopped: 0.0000486 seconds, Stopping threads took: 0.0000142 seconds
2016-07-11T10:34:50.325+0100: 313.277: Total time for which application threads were stopped: 0.0000482 seconds, Stopping threads took: 0.0000142 seconds
2016-07-11T10:34:50.326+0100: 313.277: Total time for which application threads were stopped: 0.0004899 seconds, Stopping threads took: 0.0004508 seconds
2016-07-11T10:34:50.326+0100: 313.278: Total time for which application threads were stopped: 0.0000525 seconds, Stopping threads took: 0.0000142 seconds
2016-07-11T10:34:50.327+0100: 313.278: Total time for which application threads were stopped: 0.0004863 seconds, Stopping threads took: 0.0003194 seconds
2016-07-11T10:34:51.231+0100: 314.182: Total time for which application threads were stopped: 0.0004019 seconds, Stopping threads took: 0.0000245 seconds
2016-07-11T10:34:51.333+0100: 314.284: Total time for which application threads were stopped: 0.0000940 seconds, Stopping threads took: 0.0000328 seconds
2016-07-11T10:34:51.345+0100: 314.297: Total time for which application threads were stopped: 0.0004240 seconds, Stopping threads took: 0.0000332 seconds
2016-07-11T10:34:51.402+0100: 314.353: Total time for which application threads were stopped: 0.0005491 seconds, Stopping threads took: 0.0004200 seconds
2016-07-11T10:34:51.423+0100: 314.374: Total time for which application threads were stopped: 0.0002305 seconds, Stopping threads took: 0.0000320 seconds
2016-07-11T10:34:52.424+0100: 315.375: Total time for which application threads were stopped: 0.0000928 seconds, Stopping threads took: 0.0000241 seconds
{Heap before GC invocations=5 (full 1):
 par new generation   total 109248K, used 109248K [0x00000000e0000000, 0x00000000e8000000, 0x00000000e8000000)
  eden space 87424K, 100% used [0x00000000e0000000, 0x00000000e5560000, 0x00000000e5560000)
  from space 21824K, 100% used [0x00000000e6ab0000, 0x00000000e8000000, 0x00000000e8000000)
  to   space 21824K,   0% used [0x00000000e5560000, 0x00000000e5560000, 0x00000000e6ab0000)
 concurrent mark-sweep generation total 393216K, used 710K [0x00000000e8000000, 0x0000000100000000, 0x0000000100000000)
 Metaspace       used 36140K, capacity 36600K, committed 36836K, reserved 1081344K
  class space    used 4160K, capacity 4313K, committed 4324K, reserved 1048576K
2016-07-11T10:34:53.124+0100: 316.075: [GC (Allocation Failure) 2016-07-11T10:34:53.124+0100: 316.075: [ParNew
Desired survivor size 20112992 bytes, new threshold 6 (max 8)
- age   1:    5396216 bytes,    5396216 total
- age   2:    4108368 bytes,    9504584 total
- age   3:    6755768 bytes,   16260352 total
- age   4:    1035824 bytes,   17296176 total
- age   5:    2501296 bytes,   19797472 total
- age   6:    2547168 bytes,   22344640 total
: 109248K->21824K(109248K), 0.0307912 secs] 109958K->26612K(502464K), 0.0309609 secs] [Times: user=0.09 sys=0.00, real=0.03 secs] 
Heap after GC invocations=6 (full 1):
 par new generation   total 109248K, used 21824K [0x00000000e0000000, 0x00000000e8000000, 0x00000000e8000000)
  eden space 87424K,   0% used [0x00000000e0000000, 0x00000000e0000000, 0x00000000e5560000)
  from space 21824K, 100% used [0x00000000e5560000, 0x00000000e6ab0000, 0x00000000e6ab0000)
  to   space 21824K,   0% used [0x00000000e6ab0000, 0x00000000e6ab0000, 0x00000000e8000000)
 concurrent mark-sweep generation total 393216K, used 4788K [0x00000000e8000000, 0x0000000100000000, 0x0000000100000000)
 Metaspace       used 36140K, capacity 36600K, committed 36836K, reserved 1081344K
  class space    used 4160K, capacity 4313K, committed 4324K, reserved 1048576K
}
2016-07-11T10:34:53.155+0100: 316.106: Total time for which application threads were stopped: 0.0312210 seconds, Stopping threads took: 0.0000383 seconds
2016-07-11T10:34:53.156+0100: 316.108: Total time for which application threads were stopped: 0.0004023 seconds, Stopping threads took: 0.0003300 seconds
2016-07-11T10:34:53.156+0100: 316.108: Total time for which application threads were stopped: 0.0000722 seconds, Stopping threads took: 0.0000150 seconds
2016-07-11T10:34:54.157+0100: 317.108: Total time for which application threads were stopped: 0.0002984 seconds, Stopping threads took: 0.0000438 seconds
2016-07-11T10:34:55.158+0100: 318.108: Total time for which application threads were stopped: 0.0001137 seconds, Stopping threads took: 0.0000403 seconds
2016-07-11T10:34:56.158+0100: 319.109: Total time for which application threads were stopped: 0.0001524 seconds, Stopping threads took: 0.0000414 seconds
{Heap before GC invocations=6 (full 1):
 par new generation   total 109248K, used 109248K [0x00000000e0000000, 0x00000000e8000000, 0x00000000e8000000)
  eden space 87424K, 100% used [0x00000000e0000000, 0x00000000e5560000, 0x00000000e5560000)
  from space 21824K, 100% used [0x00000000e5560000, 0x00000000e6ab0000, 0x00000000e6ab0000)
  to   space 21824K,   0% used [0x00000000e6ab0000, 0x00000000e6ab0000, 0x00000000e8000000)
 concurrent mark-sweep generation total 393216K, used 4788K [0x00000000e8000000, 0x0000000100000000, 0x0000000100000000)
 Metaspace       used 36273K, capacity 36728K, committed 36836K, reserved 1081344K
  class space    used 4162K, capacity 4313K, committed 4324K, reserved 1048576K
2016-07-11T10:34:56.789+0100: 319.740: [GC (Allocation Failure) 2016-07-11T10:34:56.789+0100: 319.740: [ParNew
Desired survivor size 20112992 bytes, new threshold 8 (max 8)
- age   1:     994248 bytes,     994248 total
- age   2:    3330744 bytes,    4324992 total
- age   3:    4108056 bytes,    8433048 total
- age   4:    6755736 bytes,   15188784 total
- age   5:    1035824 bytes,   16224608 total
- age   6:    2501296 bytes,   18725904 total
: 109248K->21824K(109248K), 0.0250498 secs] 114036K->29240K(502464K), 0.0251141 secs] [Times: user=0.13 sys=0.00, real=0.02 secs] 
Heap after GC invocations=7 (full 1):
 par new generation   total 109248K, used 21824K [0x00000000e0000000, 0x00000000e8000000, 0x00000000e8000000)
  eden space 87424K,   0% used [0x00000000e0000000, 0x00000000e0000000, 0x00000000e5560000)
  from space 21824K, 100% used [0x00000000e6ab0000, 0x00000000e8000000, 0x00000000e8000000)
  to   space 21824K,   0% used [0x00000000e5560000, 0x00000000e5560000, 0x00000000e6ab0000)
 concurrent mark-sweep generation total 393216K, used 7416K [0x00000000e8000000, 0x0000000100000000, 0x0000000100000000)
 Metaspace       used 36273K, capacity 36728K, committed 36836K, reserved 1081344K
  class space    used 4162K, capacity 4313K, committed 4324K, reserved 1048576K
}
2016-07-11T10:34:56.814+0100: 319.765: Total time for which application threads were stopped: 0.0253549 seconds, Stopping threads took: 0.0000261 seconds
2016-07-11T10:34:57.412+0100: 320.363: Total time for which application threads were stopped: 0.0001109 seconds, Stopping threads took: 0.0000245 seconds
2016-07-11T10:34:57.417+0100: 320.368: Total time for which application threads were stopped: 0.0001346 seconds, Stopping threads took: 0.0000699 seconds
2016-07-11T10:34:57.616+0100: 320.567: Total time for which application threads were stopped: 0.0001161 seconds, Stopping threads took: 0.0000387 seconds
2016-07-11T10:34:57.631+0100: 320.582: Total time for which application threads were stopped: 0.0004319 seconds, Stopping threads took: 0.0000296 seconds
2016-07-11T10:34:58.632+0100: 321.583: Total time for which application threads were stopped: 0.0001121 seconds, Stopping threads took: 0.0000205 seconds
2016-07-11T10:34:59.632+0100: 322.583: Total time for which application threads were stopped: 0.0000738 seconds, Stopping threads took: 0.0000221 seconds
2016-07-11T10:35:00.632+0100: 323.583: Total time for which application threads were stopped: 0.0000679 seconds, Stopping threads took: 0.0000189 seconds
2016-07-11T10:35:01.633+0100: 324.584: Total time for which application threads were stopped: 0.0000790 seconds, Stopping threads took: 0.0000217 seconds
{Heap before GC invocations=7 (full 1):
 par new generation   total 109248K, used 109248K [0x00000000e0000000, 0x00000000e8000000, 0x00000000e8000000)
  eden space 87424K, 100% used [0x00000000e0000000, 0x00000000e5560000, 0x00000000e5560000)
  from space 21824K, 100% used [0x00000000e6ab0000, 0x00000000e8000000, 0x00000000e8000000)
  to   space 21824K,   0% used [0x00000000e5560000, 0x00000000e5560000, 0x00000000e6ab0000)
 concurrent mark-sweep generation total 393216K, used 7416K [0x00000000e8000000, 0x0000000100000000, 0x0000000100000000)
 Metaspace       used 36688K, capacity 37080K, committed 37476K, reserved 1083392K
  class space    used 4207K, capacity 4345K, committed 4452K, reserved 1048576K
2016-07-11T10:35:02.351+0100: 325.302: [GC (Allocation Failure) 2016-07-11T10:35:02.351+0100: 325.302: [ParNew
Desired survivor size 20112992 bytes, new threshold 8 (max 8)
- age   1:     905840 bytes,     905840 total
- age   2:      14032 bytes,     919872 total
- age   3:    3228104 bytes,    4147976 total
- age   4:    4106256 bytes,    8254232 total
- age   5:    6738264 bytes,   14992496 total
- age   6:    1030472 bytes,   16022968 total
- age   7:    2467344 bytes,   18490312 total
: 109248K->21824K(109248K), 0.0472968 secs] 116664K->29516K(502464K), 0.0474168 secs] [Times: user=0.17 sys=0.00, real=0.05 secs] 
Heap after GC invocations=8 (full 1):
 par new generation   total 109248K, used 21824K [0x00000000e0000000, 0x00000000e8000000, 0x00000000e8000000)
  eden space 87424K,   0% used [0x00000000e0000000, 0x00000000e0000000, 0x00000000e5560000)
  from space 21824K, 100% used [0x00000000e5560000, 0x00000000e6ab0000, 0x00000000e6ab0000)
  to   space 21824K,   0% used [0x00000000e6ab0000, 0x00000000e6ab0000, 0x00000000e8000000)
 concurrent mark-sweep generation total 393216K, used 7692K [0x00000000e8000000, 0x0000000100000000, 0x0000000100000000)
 Metaspace       used 36688K, capacity 37080K, committed 37476K, reserved 1083392K
  class space    used 4207K, capacity 4345K, committed 4452K, reserved 1048576K
}
2016-07-11T10:35:02.398+0100: 325.350: Total time for which application threads were stopped: 0.0477279 seconds, Stopping threads took: 0.0000336 seconds
2016-07-11T10:35:02.398+0100: 325.350: Total time for which application threads were stopped: 0.0001003 seconds, Stopping threads took: 0.0000253 seconds
2016-07-11T10:35:02.399+0100: 325.350: Total time for which application threads were stopped: 0.0000770 seconds, Stopping threads took: 0.0000205 seconds
2016-07-11T10:35:02.399+0100: 325.350: Total time for which application threads were stopped: 0.0000525 seconds, Stopping threads took: 0.0000205 seconds
2016-07-11T10:35:03.399+0100: 326.350: Total time for which application threads were stopped: 0.0001670 seconds, Stopping threads took: 0.0001141 seconds
2016-07-11T10:35:04.400+0100: 327.350: Total time for which application threads were stopped: 0.0000786 seconds, Stopping threads took: 0.0000237 seconds
2016-07-11T10:35:05.401+0100: 328.351: Total time for which application threads were stopped: 0.0000711 seconds, Stopping threads took: 0.0000197 seconds
2016-07-11T10:35:06.401+0100: 329.352: Total time for which application threads were stopped: 0.0000703 seconds, Stopping threads took: 0.0000193 seconds
2016-07-11T10:35:07.401+0100: 330.352: Total time for which application threads were stopped: 0.0001397 seconds, Stopping threads took: 0.0000442 seconds
2016-07-11T10:35:08.402+0100: 331.352: Total time for which application threads were stopped: 0.0000888 seconds, Stopping threads took: 0.0000280 seconds
{Heap before GC invocations=8 (full 1):
 par new generation   total 109248K, used 109248K [0x00000000e0000000, 0x00000000e8000000, 0x00000000e8000000)
  eden space 87424K, 100% used [0x00000000e0000000, 0x00000000e5560000, 0x00000000e5560000)
  from space 21824K, 100% used [0x00000000e5560000, 0x00000000e6ab0000, 0x00000000e6ab0000)
  to   space 21824K,   0% used [0x00000000e6ab0000, 0x00000000e6ab0000, 0x00000000e8000000)
 concurrent mark-sweep generation total 393216K, used 7692K [0x00000000e8000000, 0x0000000100000000, 0x0000000100000000)
 Metaspace       used 36781K, capacity 37208K, committed 37476K, reserved 1083392K
  class space    used 4207K, capacity 4345K, committed 4452K, reserved 1048576K
2016-07-11T10:35:09.123+0100: 332.074: [GC (Allocation Failure) 2016-07-11T10:35:09.123+0100: 332.074: [ParNew
Desired survivor size 20112992 bytes, new threshold 8 (max 8)
- age   1:     656760 bytes,     656760 total
- age   2:     219160 bytes,     875920 total
- age   3:       9104 bytes,     885024 total
- age   4:    3227944 bytes,    4112968 total
- age   5:    4106120 bytes,    8219088 total
- age   6:    6600624 bytes,   14819712 total
- age   7:    1030384 bytes,   15850096 total
- age   8:    2467304 bytes,   18317400 total
: 109248K->21824K(109248K), 0.0198856 secs] 116940K->29692K(502464K), 0.0199681 secs] [Times: user=0.06 sys=0.00, real=0.02 secs] 
Heap after GC invocations=9 (full 1):
 par new generation   total 109248K, used 21824K [0x00000000e0000000, 0x00000000e8000000, 0x00000000e8000000)
  eden space 87424K,   0% used [0x00000000e0000000, 0x00000000e0000000, 0x00000000e5560000)
  from space 21824K, 100% used [0x00000000e6ab0000, 0x00000000e8000000, 0x00000000e8000000)
  to   space 21824K,   0% used [0x00000000e5560000, 0x00000000e5560000, 0x00000000e6ab0000)
 concurrent mark-sweep generation total 393216K, used 7868K [0x00000000e8000000, 0x0000000100000000, 0x0000000100000000)
 Metaspace       used 36781K, capacity 37208K, committed 37476K, reserved 1083392K
  class space    used 4207K, capacity 4345K, committed 4452K, reserved 1048576K
}
2016-07-11T10:35:09.143+0100: 332.094: Total time for which application threads were stopped: 0.0201789 seconds, Stopping threads took: 0.0000233 seconds
2016-07-11T10:35:10.143+0100: 333.094: Total time for which application threads were stopped: 0.0001532 seconds, Stopping threads took: 0.0000375 seconds
2016-07-11T10:35:42.162+0100: 365.114: Total time for which application threads were stopped: 0.0002858 seconds, Stopping threads took: 0.0000711 seconds
2016-07-11T10:35:43.163+0100: 366.114: Total time for which application threads were stopped: 0.0000849 seconds, Stopping threads took: 0.0000272 seconds
2016-07-11T10:37:14.675+0100: 457.626: Total time for which application threads were stopped: 0.0000892 seconds, Stopping threads took: 0.0000249 seconds
2016-07-11T10:37:14.675+0100: 457.626: Total time for which application threads were stopped: 0.0000565 seconds, Stopping threads took: 0.0000142 seconds
2016-07-11T10:37:14.676+0100: 457.627: Total time for which application threads were stopped: 0.0000584 seconds, Stopping threads took: 0.0000142 seconds
2016-07-11T10:37:14.694+0100: 457.646: Total time for which application threads were stopped: 0.0000604 seconds, Stopping threads took: 0.0000174 seconds
2016-07-11T10:37:14.694+0100: 457.646: Total time for which application threads were stopped: 0.0000383 seconds, Stopping threads took: 0.0000193 seconds
2016-07-11T10:37:14.751+0100: 457.702: Total time for which application threads were stopped: 0.0000888 seconds, Stopping threads took: 0.0000233 seconds
2016-07-11T10:37:14.751+0100: 457.703: Total time for which application threads were stopped: 0.0000379 seconds, Stopping threads took: 0.0000118 seconds
2016-07-11T10:37:14.752+0100: 457.703: Total time for which application threads were stopped: 0.0000414 seconds, Stopping threads took: 0.0000114 seconds
2016-07-11T10:37:14.754+0100: 457.705: Total time for which application threads were stopped: 0.0000557 seconds, Stopping threads took: 0.0000150 seconds
2016-07-11T10:37:14.757+0100: 457.708: Total time for which application threads were stopped: 0.0000624 seconds, Stopping threads took: 0.0000166 seconds
2016-07-11T10:37:14.800+0100: 457.751: Total time for which application threads were stopped: 0.0001188 seconds, Stopping threads took: 0.0000336 seconds
2016-07-11T10:37:15.281+0100: 458.232: Total time for which application threads were stopped: 0.0001247 seconds, Stopping threads took: 0.0000178 seconds
2016-07-11T10:37:15.435+0100: 458.386: Total time for which application threads were stopped: 0.0002088 seconds, Stopping threads took: 0.0000608 seconds
2016-07-11T10:37:15.640+0100: 458.591: Total time for which application threads were stopped: 0.0001054 seconds, Stopping threads took: 0.0000193 seconds
2016-07-11T10:37:15.644+0100: 458.596: Total time for which application threads were stopped: 0.0000888 seconds, Stopping threads took: 0.0000241 seconds
2016-07-11T10:37:17.669+0100: 460.620: Total time for which application threads were stopped: 0.0002096 seconds, Stopping threads took: 0.0000501 seconds
2016-07-11T10:37:17.669+0100: 460.620: Total time for which application threads were stopped: 0.0001630 seconds, Stopping threads took: 0.0000430 seconds
2016-07-11T10:37:17.672+0100: 460.623: Total time for which application threads were stopped: 0.0001670 seconds, Stopping threads took: 0.0000446 seconds
2016-07-11T10:37:17.674+0100: 460.625: Total time for which application threads were stopped: 0.0001212 seconds, Stopping threads took: 0.0000336 seconds
2016-07-11T10:37:17.684+0100: 460.635: Total time for which application threads were stopped: 0.0013252 seconds, Stopping threads took: 0.0000541 seconds
2016-07-11T10:37:17.693+0100: 460.645: Total time for which application threads were stopped: 0.0001050 seconds, Stopping threads took: 0.0000288 seconds
2016-07-11T10:37:17.705+0100: 460.656: Total time for which application threads were stopped: 0.0006245 seconds, Stopping threads took: 0.0000280 seconds
2016-07-11T10:37:17.718+0100: 460.669: Total time for which application threads were stopped: 0.0000770 seconds, Stopping threads took: 0.0000213 seconds
2016-07-11T10:37:18.718+0100: 461.669: Total time for which application threads were stopped: 0.0000959 seconds, Stopping threads took: 0.0000375 seconds
2016-07-11T10:38:57.739+0100: 560.690: Total time for which application threads were stopped: 0.0001322 seconds, Stopping threads took: 0.0000351 seconds
2016-07-11T10:41:13.807+0100: 696.766: Total time for which application threads were stopped: 0.0000936 seconds, Stopping threads took: 0.0000237 seconds
2016-07-11T10:41:13.807+0100: 696.767: Total time for which application threads were stopped: 0.0000430 seconds, Stopping threads took: 0.0000201 seconds
2016-07-11T10:41:13.807+0100: 696.767: Total time for which application threads were stopped: 0.0000442 seconds, Stopping threads took: 0.0000201 seconds
2016-07-11T10:41:13.807+0100: 696.767: Total time for which application threads were stopped: 0.0000572 seconds, Stopping threads took: 0.0000209 seconds
2016-07-11T10:41:13.838+0100: 696.789: Total time for which application threads were stopped: 0.0008018 seconds, Stopping threads took: 0.0000233 seconds
2016-07-11T10:41:13.838+0100: 696.801: Total time for which application threads were stopped: 0.0004323 seconds, Stopping threads took: 0.0000253 seconds
2016-07-11T10:41:14.838+0100: 697.789: Total time for which application threads were stopped: 0.0004871 seconds, Stopping threads took: 0.0000991 seconds
2016-07-11T10:42:53.893+0100: 796.845: Total time for which application threads were stopped: 0.0003269 seconds, Stopping threads took: 0.0000829 seconds
2016-07-11T10:45:33.008+0100: 955.959: Total time for which application threads were stopped: 0.0001101 seconds, Stopping threads took: 0.0000343 seconds
2016-07-11T10:56:19.403+0100: 1602.354: Total time for which application threads were stopped: 0.0004255 seconds, Stopping threads took: 0.0001263 seconds
2016-07-11T11:01:24.554+0100: 1907.505: Total time for which application threads were stopped: 0.0001508 seconds, Stopping threads took: 0.0000426 seconds
2016-07-11T11:01:41.562+0100: 1924.513: Total time for which application threads were stopped: 0.0001251 seconds, Stopping threads took: 0.0000363 seconds
2016-07-11T11:02:33.585+0100: 1976.536: Total time for which application threads were stopped: 0.0001559 seconds, Stopping threads took: 0.0000418 seconds
2016-07-11T11:02:34.586+0100: 1977.537: Total time for which application threads were stopped: 0.0001093 seconds, Stopping threads took: 0.0000328 seconds
2016-07-11T11:04:11.630+0100: 2074.581: Total time for which application threads were stopped: 0.0001571 seconds, Stopping threads took: 0.0000493 seconds
2016-07-11T11:06:41.813+0100: 2224.764: Total time for which application threads were stopped: 0.0002562 seconds, Stopping threads took: 0.0000829 seconds
2016-07-11T11:09:10.909+0100: 2373.860: Total time for which application threads were stopped: 0.0002901 seconds, Stopping threads took: 0.0000861 seconds
2016-07-11T11:15:46.116+0100: 2769.067: Total time for which application threads were stopped: 0.0001915 seconds, Stopping threads took: 0.0000612 seconds
2016-07-11T11:18:41.193+0100: 2944.144: Total time for which application threads were stopped: 0.0004678 seconds, Stopping threads took: 0.0001251 seconds
2016-07-11T11:22:41.307+0100: 3184.258: Total time for which application threads were stopped: 0.0001595 seconds, Stopping threads took: 0.0000529 seconds
2016-07-11T11:26:11.407+0100: 3394.358: Total time for which application threads were stopped: 0.0002455 seconds, Stopping threads took: 0.0000699 seconds
2016-07-11T11:26:41.423+0100: 3424.374: Total time for which application threads were stopped: 0.0003099 seconds, Stopping threads took: 0.0000462 seconds
2016-07-11T11:30:36.544+0100: 3659.495: Total time for which application threads were stopped: 0.0000916 seconds, Stopping threads took: 0.0000284 seconds
2016-07-11T11:31:36.572+0100: 3719.523: Total time for which application threads were stopped: 0.0000841 seconds, Stopping threads took: 0.0000272 seconds
2016-07-11T11:32:41.602+0100: 3784.553: Total time for which application threads were stopped: 0.0002665 seconds, Stopping threads took: 0.0000758 seconds
2016-07-11T11:33:16.617+0100: 3819.568: Total time for which application threads were stopped: 0.0001780 seconds, Stopping threads took: 0.0000493 seconds
2016-07-11T12:28:11.817+0100: 7114.768: Total time for which application threads were stopped: 0.0028020 seconds, Stopping threads took: 0.0013465 seconds
2016-07-11T12:29:11.877+0100: 7174.828: Total time for which application threads were stopped: 0.0004552 seconds, Stopping threads took: 0.0001840 seconds
2016-07-11T12:32:12.009+0100: 7354.960: Total time for which application threads were stopped: 0.0001504 seconds, Stopping threads took: 0.0000493 seconds
2016-07-11T12:32:42.034+0100: 7384.985: Total time for which application threads were stopped: 0.0001887 seconds, Stopping threads took: 0.0000549 seconds
2016-07-11T13:19:39.301+0100: 10202.270: Total time for which application threads were stopped: 0.0001165 seconds, Stopping threads took: 0.0000328 seconds
2016-07-11T13:38:53.913+0100: 11356.883: Total time for which application threads were stopped: 0.0001074 seconds, Stopping threads took: 0.0000268 seconds
2016-07-11T13:38:53.913+0100: 11356.883: Total time for which application threads were stopped: 0.0000482 seconds, Stopping threads took: 0.0000209 seconds
2016-07-11T13:38:53.920+0100: 11356.890: Total time for which application threads were stopped: 0.0002641 seconds, Stopping threads took: 0.0000284 seconds
2016-07-11T13:38:53.935+0100: 11356.905: Total time for which application threads were stopped: 0.0001291 seconds, Stopping threads took: 0.0000261 seconds
2016-07-11T13:38:53.943+0100: 11356.913: Total time for which application threads were stopped: 0.0000888 seconds, Stopping threads took: 0.0000170 seconds
2016-07-11T13:38:53.944+0100: 11356.914: Total time for which application threads were stopped: 0.0000430 seconds, Stopping threads took: 0.0000178 seconds
2016-07-11T13:38:53.945+0100: 11356.915: Total time for which application threads were stopped: 0.0001670 seconds, Stopping threads took: 0.0001117 seconds
2016-07-11T13:38:53.945+0100: 11356.915: Total time for which application threads were stopped: 0.0000592 seconds, Stopping threads took: 0.0000126 seconds
2016-07-11T13:38:53.991+0100: 11356.961: Total time for which application threads were stopped: 0.0001697 seconds, Stopping threads took: 0.0000339 seconds
2016-07-11T13:39:00.415+0100: 11363.385: Total time for which application threads were stopped: 0.0001224 seconds, Stopping threads took: 0.0000189 seconds
2016-07-11T13:39:00.415+0100: 11363.385: Total time for which application threads were stopped: 0.0000497 seconds, Stopping threads took: 0.0000213 seconds
2016-07-11T13:39:00.428+0100: 11363.397: Total time for which application threads were stopped: 0.0001247 seconds, Stopping threads took: 0.0000387 seconds
{Heap before GC invocations=9 (full 1):
 par new generation   total 109248K, used 109223K [0x00000000e0000000, 0x00000000e8000000, 0x00000000e8000000)
  eden space 87424K,  99% used [0x00000000e0000000, 0x00000000e5559e38, 0x00000000e5560000)
  from space 21824K, 100% used [0x00000000e6ab0000, 0x00000000e8000000, 0x00000000e8000000)
  to   space 21824K,   0% used [0x00000000e5560000, 0x00000000e5560000, 0x00000000e6ab0000)
 concurrent mark-sweep generation total 393216K, used 7868K [0x00000000e8000000, 0x0000000100000000, 0x0000000100000000)
 Metaspace       used 38796K, capacity 39224K, committed 39396K, reserved 1083392K
  class space    used 4379K, capacity 4505K, committed 4580K, reserved 1048576K
2016-07-11T13:39:15.506+0100: 11378.476: [GC (Allocation Failure) 2016-07-11T13:39:15.507+0100: 11378.476: [ParNew
Desired survivor size 20112992 bytes, new threshold 8 (max 8)
- age   1:    3764480 bytes,    3764480 total
- age   2:      67032 bytes,    3831512 total
- age   3:     215216 bytes,    4046728 total
- age   4:       9064 bytes,    4055792 total
- age   5:    3192864 bytes,    7248656 total
- age   6:    2997072 bytes,   10245728 total
- age   7:    6416232 bytes,   16661960 total
- age   8:     979560 bytes,   17641520 total
: 109223K->21824K(109248K), 0.0653704 secs] 117091K->33830K(502464K), 0.0655974 secs] [Times: user=0.11 sys=0.14, real=0.07 secs] 
Heap after GC invocations=10 (full 1):
 par new generation   total 109248K, used 21824K [0x00000000e0000000, 0x00000000e8000000, 0x00000000e8000000)
  eden space 87424K,   0% used [0x00000000e0000000, 0x00000000e0000000, 0x00000000e5560000)
  from space 21824K, 100% used [0x00000000e5560000, 0x00000000e6ab0000, 0x00000000e6ab0000)
  to   space 21824K,   0% used [0x00000000e6ab0000, 0x00000000e6ab0000, 0x00000000e8000000)
 concurrent mark-sweep generation total 393216K, used 12006K [0x00000000e8000000, 0x0000000100000000, 0x0000000100000000)
 Metaspace       used 38796K, capacity 39224K, committed 39396K, reserved 1083392K
  class space    used 4379K, capacity 4505K, committed 4580K, reserved 1048576K
}
2016-07-11T13:39:15.571+0100: 11378.541: Total time for which application threads were stopped: 0.0660320 seconds, Stopping threads took: 0.0000351 seconds
2016-07-11T13:39:16.572+0100: 11379.542: Total time for which application threads were stopped: 0.0002124 seconds, Stopping threads took: 0.0000513 seconds
2016-07-11T13:39:44.584+0100: 11407.553: Total time for which application threads were stopped: 0.0002072 seconds, Stopping threads took: 0.0000707 seconds
2016-07-11T13:40:55.594+0100: 11478.563: Total time for which application threads were stopped: 0.0003355 seconds, Stopping threads took: 0.0000762 seconds
2016-07-11T13:40:56.594+0100: 11479.563: Total time for which application threads were stopped: 0.0001717 seconds, Stopping threads took: 0.0000442 seconds
2016-07-11T14:43:45.312+0100: 15248.282: Total time for which application threads were stopped: 0.0006533 seconds, Stopping threads took: 0.0002199 seconds
2016-07-11T14:43:45.314+0100: 15248.283: Total time for which application threads were stopped: 0.0000533 seconds, Stopping threads took: 0.0000158 seconds
2016-07-11T14:43:45.320+0100: 15248.290: Total time for which application threads were stopped: 0.0001930 seconds, Stopping threads took: 0.0000304 seconds
2016-07-11T14:43:46.321+0100: 15249.290: Total time for which application threads were stopped: 0.0002483 seconds, Stopping threads took: 0.0000525 seconds
2016-07-11T14:43:50.322+0100: 15253.291: Total time for which application threads were stopped: 0.0000861 seconds, Stopping threads took: 0.0000249 seconds
2016-07-11T14:43:53.051+0100: 15256.021: Total time for which application threads were stopped: 0.0001788 seconds, Stopping threads took: 0.0000245 seconds
2016-07-11T14:43:53.052+0100: 15256.022: Total time for which application threads were stopped: 0.0000774 seconds, Stopping threads took: 0.0000189 seconds
2016-07-11T14:43:53.061+0100: 15256.032: Total time for which application threads were stopped: 0.0001536 seconds, Stopping threads took: 0.0000454 seconds
2016-07-11T14:43:54.062+0100: 15257.032: Total time for which application threads were stopped: 0.0002570 seconds, Stopping threads took: 0.0000470 seconds
2016-07-11T14:44:07.069+0100: 15270.038: Total time for which application threads were stopped: 0.0004587 seconds, Stopping threads took: 0.0000497 seconds
2016-07-11T14:45:11.846+0100: 15334.816: Total time for which application threads were stopped: 0.0001283 seconds, Stopping threads took: 0.0000430 seconds
2016-07-11T14:45:11.847+0100: 15334.817: Total time for which application threads were stopped: 0.0001342 seconds, Stopping threads took: 0.0000138 seconds
2016-07-11T14:45:11.847+0100: 15334.818: Total time for which application threads were stopped: 0.0001263 seconds, Stopping threads took: 0.0000205 seconds
2016-07-11T14:45:11.848+0100: 15334.818: Total time for which application threads were stopped: 0.0000659 seconds, Stopping threads took: 0.0000158 seconds
2016-07-11T14:45:12.849+0100: 15335.819: Total time for which application threads were stopped: 0.0002376 seconds, Stopping threads took: 0.0000561 seconds
2016-07-11T14:45:15.970+0100: 15338.939: Total time for which application threads were stopped: 0.0001086 seconds, Stopping threads took: 0.0000422 seconds
2016-07-11T14:45:15.970+0100: 15338.939: Total time for which application threads were stopped: 0.0000509 seconds, Stopping threads took: 0.0000142 seconds
2016-07-11T14:45:15.994+0100: 15338.963: Total time for which application threads were stopped: 0.0001303 seconds, Stopping threads took: 0.0000434 seconds
2016-07-11T14:46:55.995+0100: 15438.965: Total time for which application threads were stopped: 0.0002799 seconds, Stopping threads took: 0.0000695 seconds
2016-07-11T17:44:37.021+0100: 26099.990: Total time for which application threads were stopped: 0.0007749 seconds, Stopping threads took: 0.0002601 seconds
2016-07-11T17:44:37.022+0100: 26099.991: Total time for which application threads were stopped: 0.0000418 seconds, Stopping threads took: 0.0000178 seconds
2016-07-11T17:44:37.028+0100: 26099.998: Total time for which application threads were stopped: 0.0001808 seconds, Stopping threads took: 0.0000264 seconds
2016-07-11T17:44:38.028+0100: 26100.997: Total time for which application threads were stopped: 0.0002369 seconds, Stopping threads took: 0.0000470 seconds
2016-07-11T17:44:45.357+0100: 26108.326: Total time for which application threads were stopped: 0.0001232 seconds, Stopping threads took: 0.0000189 seconds
2016-07-11T17:44:45.357+0100: 26108.326: Total time for which application threads were stopped: 0.0000426 seconds, Stopping threads took: 0.0000114 seconds
2016-07-11T17:44:45.381+0100: 26108.351: Total time for which application threads were stopped: 0.0001536 seconds, Stopping threads took: 0.0000604 seconds
2016-07-11T17:44:59.388+0100: 26122.357: Total time for which application threads were stopped: 0.0001469 seconds, Stopping threads took: 0.0000383 seconds
2016-07-11T17:45:02.389+0100: 26125.358: Total time for which application threads were stopped: 0.0003505 seconds, Stopping threads took: 0.0000470 seconds
2016-07-11T17:45:06.392+0100: 26129.361: Total time for which application threads were stopped: 0.0001994 seconds, Stopping threads took: 0.0000466 seconds
2016-07-11T17:45:11.394+0100: 26134.363: Total time for which application threads were stopped: 0.0001054 seconds, Stopping threads took: 0.0000253 seconds
2016-07-11T17:45:15.396+0100: 26138.365: Total time for which application threads were stopped: 0.0001354 seconds, Stopping threads took: 0.0000347 seconds
2016-07-11T17:45:18.397+0100: 26141.366: Total time for which application threads were stopped: 0.0001619 seconds, Stopping threads took: 0.0000462 seconds
2016-07-11T17:45:20.398+0100: 26143.367: Total time for which application threads were stopped: 0.0001725 seconds, Stopping threads took: 0.0000470 seconds
2016-07-11T17:47:00.234+0100: 26243.203: Total time for which application threads were stopped: 0.0003024 seconds, Stopping threads took: 0.0000675 seconds
2016-07-11T18:00:25.355+0100: 27048.325: Total time for which application threads were stopped: 0.0020760 seconds, Stopping threads took: 0.0000450 seconds
2016-07-11T18:00:25.359+0100: 27048.329: Total time for which application threads were stopped: 0.0008045 seconds, Stopping threads took: 0.0000324 seconds
2016-07-11T18:00:25.485+0100: 27048.454: Total time for which application threads were stopped: 0.0001678 seconds, Stopping threads took: 0.0000545 seconds
2016-07-11T18:00:25.490+0100: 27048.460: Total time for which application threads were stopped: 0.0001607 seconds, Stopping threads took: 0.0000699 seconds
2016-07-11T18:00:25.570+0100: 27048.540: Total time for which application threads were stopped: 0.0002420 seconds, Stopping threads took: 0.0000367 seconds
2016-07-11T18:00:25.571+0100: 27048.541: Total time for which application threads were stopped: 0.0001113 seconds, Stopping threads took: 0.0000261 seconds
2016-07-11T18:00:25.571+0100: 27048.541: Total time for which application threads were stopped: 0.0001220 seconds, Stopping threads took: 0.0000276 seconds
2016-07-11T18:00:25.579+0100: 27048.549: Total time for which application threads were stopped: 0.0003533 seconds, Stopping threads took: 0.0000754 seconds
2016-07-11T18:00:25.579+0100: 27048.549: Total time for which application threads were stopped: 0.0001808 seconds, Stopping threads took: 0.0000379 seconds
2016-07-11T18:00:25.580+0100: 27048.550: Total time for which application threads were stopped: 0.0001634 seconds, Stopping threads took: 0.0000332 seconds
2016-07-11T18:00:25.584+0100: 27048.554: Total time for which application threads were stopped: 0.0000900 seconds, Stopping threads took: 0.0000221 seconds
2016-07-11T18:00:25.588+0100: 27048.558: Total time for which application threads were stopped: 0.0001311 seconds, Stopping threads took: 0.0000174 seconds
2016-07-11T18:00:25.588+0100: 27048.558: Total time for which application threads were stopped: 0.0000715 seconds, Stopping threads took: 0.0000170 seconds
2016-07-11T18:00:25.588+0100: 27048.558: Total time for which application threads were stopped: 0.0000557 seconds, Stopping threads took: 0.0000126 seconds
2016-07-11T18:00:25.588+0100: 27048.558: Total time for which application threads were stopped: 0.0000533 seconds, Stopping threads took: 0.0000134 seconds
2016-07-11T18:00:25.589+0100: 27048.559: Total time for which application threads were stopped: 0.0000809 seconds, Stopping threads took: 0.0000253 seconds
2016-07-11T18:00:25.690+0100: 27048.660: Total time for which application threads were stopped: 0.0001287 seconds, Stopping threads took: 0.0000292 seconds
Heap
 par new generation   total 109248K, used 70877K [0x00000000e0000000, 0x00000000e8000000, 0x00000000e8000000)
  eden space 87424K,  56% used [0x00000000e0000000, 0x00000000e2fe7698, 0x00000000e5560000)
  from space 21824K, 100% used [0x00000000e5560000, 0x00000000e6ab0000, 0x00000000e6ab0000)
  to   space 21824K,   0% used [0x00000000e6ab0000, 0x00000000e6ab0000, 0x00000000e8000000)
 concurrent mark-sweep generation total 393216K, used 12006K [0x00000000e8000000, 0x0000000100000000, 0x0000000100000000)
 Metaspace       used 39006K, capacity 39416K, committed 39652K, reserved 1085440K
  class space    used 4389K, capacity 4505K, committed 4580K, reserved 1048576K
