Java HotSpot(TM) 64-Bit Server VM (25.73-b02) for windows-amd64 JRE (1.8.0_73-b02), built on Jan 29 2016 17:38:49 by "java_re" with MS VC++ 10.0 (VS2010)
Memory: 4k page, physical 4027256k(1058860k free), swap 8052676k(1841748k free)
CommandLine flags: -XX:CMSInitiatingOccupancyFraction=50 -XX:CMSMaxAbortablePrecleanTime=6000 -XX:+CMSParallelRemarkEnabled -XX:+CMSScavengeBeforeRemark -XX:ConcGCThreads=4 -XX:InitialHeapSize=536870912 -XX:MaxHeapSize=536870912 -XX:MaxTenuringThreshold=8 -XX:NewRatio=3 -XX:OldPLABSize=16 -XX:ParallelGCThreads=4 -XX:+ParallelRefProcEnabled -XX:PretenureSizeThreshold=67108864 -XX:+PrintGC -XX:+PrintGCApplicationStoppedTime -XX:+PrintGCDateStamps -XX:+PrintGCDetails -XX:+PrintGCTimeStamps -XX:+PrintHeapAtGC -XX:+PrintTenuringDistribution -XX:SurvivorRatio=4 -XX:TargetSurvivorRatio=90 -XX:ThreadStackSize=256 -XX:+UseCMSInitiatingOccupancyOnly -XX:+UseCompressedClassPointers -XX:+UseCompressedOops -XX:+UseConcMarkSweepGC -XX:-UseLargePagesIndividualAllocation -XX:+UseParNewGC 
2016-03-15T16:51:59.283+0000: 1.066: Total time for which application threads were stopped: 0.0009286 seconds, Stopping threads took: 0.0007746 seconds
2016-03-15T16:51:59.910+0000: 1.692: Total time for which application threads were stopped: 0.0002819 seconds, Stopping threads took: 0.0000450 seconds
2016-03-15T16:51:59.988+0000: 1.770: Total time for which application threads were stopped: 0.0002140 seconds, Stopping threads took: 0.0000505 seconds
2016-03-15T16:52:00.961+0000: 2.743: Total time for which application threads were stopped: 0.0395571 seconds, Stopping threads took: 0.0392571 seconds
2016-03-15T16:52:01.259+0000: 3.041: Total time for which application threads were stopped: 0.0003853 seconds, Stopping threads took: 0.0000505 seconds
2016-03-15T16:52:01.290+0000: 3.072: Total time for which application threads were stopped: 0.0002756 seconds, Stopping threads took: 0.0000497 seconds
2016-03-15T16:52:02.356+0000: 4.139: Total time for which application threads were stopped: 0.0666466 seconds, Stopping threads took: 0.0665061 seconds
2016-03-15T16:52:02.681+0000: 4.463: Total time for which application threads were stopped: 0.0003159 seconds, Stopping threads took: 0.0000419 seconds
{Heap before GC invocations=0 (full 0):
 par new generation   total 109248K, used 87424K [0x00000000e0000000, 0x00000000e8000000, 0x00000000e8000000)
  eden space 87424K, 100% used [0x00000000e0000000, 0x00000000e5560000, 0x00000000e5560000)
  from space 21824K,   0% used [0x00000000e5560000, 0x00000000e5560000, 0x00000000e6ab0000)
  to   space 21824K,   0% used [0x00000000e6ab0000, 0x00000000e6ab0000, 0x00000000e8000000)
 concurrent mark-sweep generation total 393216K, used 0K [0x00000000e8000000, 0x0000000100000000, 0x0000000100000000)
 Metaspace       used 10168K, capacity 10344K, committed 10496K, reserved 1058816K
  class space    used 1166K, capacity 1212K, committed 1280K, reserved 1048576K
2016-03-15T16:52:03.270+0000: 5.053: [GC (Allocation Failure) 2016-03-15T16:52:03.271+0000: 5.053: [ParNew
Desired survivor size 20112992 bytes, new threshold 8 (max 8)
- age   1:    5746688 bytes,    5746688 total
: 87424K->5683K(109248K), 0.0268573 secs] 87424K->5683K(502464K), 0.0272490 secs] [Times: user=0.05 sys=0.00, real=0.03 secs] 
Heap after GC invocations=1 (full 0):
 par new generation   total 109248K, used 5683K [0x00000000e0000000, 0x00000000e8000000, 0x00000000e8000000)
  eden space 87424K,   0% used [0x00000000e0000000, 0x00000000e0000000, 0x00000000e5560000)
  from space 21824K,  26% used [0x00000000e6ab0000, 0x00000000e703cf70, 0x00000000e8000000)
  to   space 21824K,   0% used [0x00000000e5560000, 0x00000000e5560000, 0x00000000e6ab0000)
 concurrent mark-sweep generation total 393216K, used 0K [0x00000000e8000000, 0x0000000100000000, 0x0000000100000000)
 Metaspace       used 10168K, capacity 10344K, committed 10496K, reserved 1058816K
  class space    used 1166K, capacity 1212K, committed 1280K, reserved 1048576K
}
2016-03-15T16:52:03.298+0000: 5.080: Total time for which application threads were stopped: 0.0276628 seconds, Stopping threads took: 0.0000482 seconds
2016-03-15T16:52:03.299+0000: 5.082: Total time for which application threads were stopped: 0.0008157 seconds, Stopping threads took: 0.0006767 seconds
2016-03-15T16:52:03.304+0000: 5.086: Total time for which application threads were stopped: 0.0002021 seconds, Stopping threads took: 0.0000545 seconds
2016-03-15T16:52:03.304+0000: 5.087: Total time for which application threads were stopped: 0.0001145 seconds, Stopping threads took: 0.0000292 seconds
2016-03-15T16:52:03.304+0000: 5.087: Total time for which application threads were stopped: 0.0001105 seconds, Stopping threads took: 0.0000284 seconds
2016-03-15T16:52:03.304+0000: 5.087: Total time for which application threads were stopped: 0.0001105 seconds, Stopping threads took: 0.0000284 seconds
2016-03-15T16:52:03.305+0000: 5.087: Total time for which application threads were stopped: 0.0001113 seconds, Stopping threads took: 0.0000284 seconds
2016-03-15T16:52:03.305+0000: 5.087: Total time for which application threads were stopped: 0.0001105 seconds, Stopping threads took: 0.0000292 seconds
2016-03-15T16:52:03.305+0000: 5.087: Total time for which application threads were stopped: 0.0001082 seconds, Stopping threads took: 0.0000261 seconds
2016-03-15T16:52:03.309+0000: 5.091: Total time for which application threads were stopped: 0.0001382 seconds, Stopping threads took: 0.0000347 seconds
2016-03-15T16:52:03.309+0000: 5.091: Total time for which application threads were stopped: 0.0001113 seconds, Stopping threads took: 0.0000261 seconds
2016-03-15T16:52:03.309+0000: 5.091: Total time for which application threads were stopped: 0.0001066 seconds, Stopping threads took: 0.0000245 seconds
2016-03-15T16:52:03.309+0000: 5.092: Total time for which application threads were stopped: 0.0001066 seconds, Stopping threads took: 0.0000253 seconds
2016-03-15T16:52:03.309+0000: 5.092: Total time for which application threads were stopped: 0.0001050 seconds, Stopping threads took: 0.0000253 seconds
2016-03-15T16:52:03.310+0000: 5.092: Total time for which application threads were stopped: 0.0001137 seconds, Stopping threads took: 0.0000245 seconds
2016-03-15T16:52:03.310+0000: 5.092: Total time for which application threads were stopped: 0.0001050 seconds, Stopping threads took: 0.0000245 seconds
2016-03-15T16:52:03.310+0000: 5.092: Total time for which application threads were stopped: 0.0001050 seconds, Stopping threads took: 0.0000245 seconds
2016-03-15T16:52:03.310+0000: 5.092: Total time for which application threads were stopped: 0.0001074 seconds, Stopping threads took: 0.0000261 seconds
2016-03-15T16:52:03.310+0000: 5.093: Total time for which application threads were stopped: 0.0001074 seconds, Stopping threads took: 0.0000253 seconds
2016-03-15T16:52:03.310+0000: 5.093: Total time for which application threads were stopped: 0.0001066 seconds, Stopping threads took: 0.0000253 seconds
2016-03-15T16:52:03.311+0000: 5.093: Total time for which application threads were stopped: 0.0002661 seconds, Stopping threads took: 0.0000253 seconds
2016-03-15T16:52:03.736+0000: 5.519: Total time for which application threads were stopped: 0.0003395 seconds, Stopping threads took: 0.0000379 seconds
2016-03-15T16:52:04.001+0000: 5.783: Total time for which application threads were stopped: 0.0003767 seconds, Stopping threads took: 0.0000521 seconds
2016-03-15T16:52:04.081+0000: 5.864: Total time for which application threads were stopped: 0.0003538 seconds, Stopping threads took: 0.0000458 seconds
2016-03-15T16:52:04.444+0000: 6.227: Total time for which application threads were stopped: 0.0005085 seconds, Stopping threads took: 0.0000513 seconds
2016-03-15T16:52:04.447+0000: 6.230: Total time for which application threads were stopped: 0.0003032 seconds, Stopping threads took: 0.0000379 seconds
2016-03-15T16:52:04.460+0000: 6.242: Total time for which application threads were stopped: 0.0004003 seconds, Stopping threads took: 0.0000426 seconds
2016-03-15T16:52:05.329+0000: 7.112: Total time for which application threads were stopped: 0.0004264 seconds, Stopping threads took: 0.0002132 seconds
2016-03-15T16:52:05.379+0000: 7.162: Total time for which application threads were stopped: 0.0001500 seconds, Stopping threads took: 0.0000529 seconds
2016-03-15T16:52:05.379+0000: 7.162: Total time for which application threads were stopped: 0.0000932 seconds, Stopping threads took: 0.0000276 seconds
2016-03-15T16:52:05.471+0000: 7.254: Total time for which application threads were stopped: 0.0001303 seconds, Stopping threads took: 0.0000482 seconds
2016-03-15T16:52:05.471+0000: 7.254: Total time for which application threads were stopped: 0.0000711 seconds, Stopping threads took: 0.0000261 seconds
2016-03-15T16:52:05.473+0000: 7.256: Total time for which application threads were stopped: 0.0001113 seconds, Stopping threads took: 0.0000347 seconds
2016-03-15T16:52:05.475+0000: 7.257: Total time for which application threads were stopped: 0.0001208 seconds, Stopping threads took: 0.0000403 seconds
2016-03-15T16:52:05.482+0000: 7.264: Total time for which application threads were stopped: 0.0001248 seconds, Stopping threads took: 0.0000442 seconds
2016-03-15T16:52:05.482+0000: 7.265: Total time for which application threads were stopped: 0.0000671 seconds, Stopping threads took: 0.0000197 seconds
2016-03-15T16:52:05.483+0000: 7.266: Total time for which application threads were stopped: 0.0000979 seconds, Stopping threads took: 0.0000347 seconds
2016-03-15T16:52:05.483+0000: 7.266: Total time for which application threads were stopped: 0.0000671 seconds, Stopping threads took: 0.0000221 seconds
2016-03-15T16:52:05.484+0000: 7.266: Total time for which application threads were stopped: 0.0000726 seconds, Stopping threads took: 0.0000245 seconds
2016-03-15T16:52:05.484+0000: 7.266: Total time for which application threads were stopped: 0.0000655 seconds, Stopping threads took: 0.0000213 seconds
2016-03-15T16:52:05.486+0000: 7.268: Total time for which application threads were stopped: 0.0000955 seconds, Stopping threads took: 0.0000300 seconds
2016-03-15T16:52:05.492+0000: 7.274: Total time for which application threads were stopped: 0.0001161 seconds, Stopping threads took: 0.0000387 seconds
2016-03-15T16:52:05.492+0000: 7.274: Total time for which application threads were stopped: 0.0000703 seconds, Stopping threads took: 0.0000276 seconds
2016-03-15T16:52:05.492+0000: 7.274: Total time for which application threads were stopped: 0.0000679 seconds, Stopping threads took: 0.0000261 seconds
2016-03-15T16:52:05.492+0000: 7.275: Total time for which application threads were stopped: 0.0000671 seconds, Stopping threads took: 0.0000261 seconds
2016-03-15T16:52:05.492+0000: 7.275: Total time for which application threads were stopped: 0.0000663 seconds, Stopping threads took: 0.0000253 seconds
2016-03-15T16:52:05.492+0000: 7.275: Total time for which application threads were stopped: 0.0000663 seconds, Stopping threads took: 0.0000253 seconds
2016-03-15T16:52:05.492+0000: 7.275: Total time for which application threads were stopped: 0.0000663 seconds, Stopping threads took: 0.0000253 seconds
2016-03-15T16:52:05.493+0000: 7.275: Total time for which application threads were stopped: 0.0000726 seconds, Stopping threads took: 0.0000276 seconds
2016-03-15T16:52:05.493+0000: 7.275: Total time for which application threads were stopped: 0.0000671 seconds, Stopping threads took: 0.0000253 seconds
2016-03-15T16:52:05.493+0000: 7.275: Total time for which application threads were stopped: 0.0000711 seconds, Stopping threads took: 0.0000292 seconds
2016-03-15T16:52:05.493+0000: 7.276: Total time for which application threads were stopped: 0.0000671 seconds, Stopping threads took: 0.0000253 seconds
2016-03-15T16:52:05.496+0000: 7.278: Total time for which application threads were stopped: 0.0001090 seconds, Stopping threads took: 0.0000419 seconds
2016-03-15T16:52:05.496+0000: 7.279: Total time for which application threads were stopped: 0.0000687 seconds, Stopping threads took: 0.0000253 seconds
2016-03-15T16:52:05.496+0000: 7.279: Total time for which application threads were stopped: 0.0000679 seconds, Stopping threads took: 0.0000245 seconds
2016-03-15T16:52:05.496+0000: 7.279: Total time for which application threads were stopped: 0.0000671 seconds, Stopping threads took: 0.0000245 seconds
2016-03-15T16:52:05.513+0000: 7.296: Total time for which application threads were stopped: 0.0001516 seconds, Stopping threads took: 0.0000640 seconds
2016-03-15T16:52:05.541+0000: 7.324: Total time for which application threads were stopped: 0.0001327 seconds, Stopping threads took: 0.0000529 seconds
2016-03-15T16:52:05.542+0000: 7.324: Total time for which application threads were stopped: 0.0002669 seconds, Stopping threads took: 0.0000261 seconds
2016-03-15T16:52:05.543+0000: 7.325: Total time for which application threads were stopped: 0.0004619 seconds, Stopping threads took: 0.0000324 seconds
2016-03-15T16:52:05.578+0000: 7.360: Total time for which application threads were stopped: 0.0001366 seconds, Stopping threads took: 0.0000505 seconds
2016-03-15T16:52:05.578+0000: 7.360: Total time for which application threads were stopped: 0.0000821 seconds, Stopping threads took: 0.0000300 seconds
2016-03-15T16:52:05.589+0000: 7.372: Total time for which application threads were stopped: 0.0001500 seconds, Stopping threads took: 0.0000513 seconds
2016-03-15T16:52:05.615+0000: 7.398: Total time for which application threads were stopped: 0.0001303 seconds, Stopping threads took: 0.0000521 seconds
2016-03-15T16:52:05.615+0000: 7.398: Total time for which application threads were stopped: 0.0000734 seconds, Stopping threads took: 0.0000261 seconds
2016-03-15T16:52:05.615+0000: 7.398: Total time for which application threads were stopped: 0.0000719 seconds, Stopping threads took: 0.0000261 seconds
2016-03-15T16:52:05.616+0000: 7.398: Total time for which application threads were stopped: 0.0000837 seconds, Stopping threads took: 0.0000276 seconds
2016-03-15T16:52:05.616+0000: 7.398: Total time for which application threads were stopped: 0.0000711 seconds, Stopping threads took: 0.0000253 seconds
2016-03-15T16:52:05.616+0000: 7.398: Total time for which application threads were stopped: 0.0000711 seconds, Stopping threads took: 0.0000261 seconds
2016-03-15T16:52:05.616+0000: 7.398: Total time for which application threads were stopped: 0.0000711 seconds, Stopping threads took: 0.0000253 seconds
2016-03-15T16:52:05.616+0000: 7.398: Total time for which application threads were stopped: 0.0000703 seconds, Stopping threads took: 0.0000253 seconds
2016-03-15T16:52:05.616+0000: 7.399: Total time for which application threads were stopped: 0.0000711 seconds, Stopping threads took: 0.0000253 seconds
2016-03-15T16:52:05.616+0000: 7.399: Total time for which application threads were stopped: 0.0000703 seconds, Stopping threads took: 0.0000253 seconds
2016-03-15T16:52:05.616+0000: 7.399: Total time for which application threads were stopped: 0.0000695 seconds, Stopping threads took: 0.0000253 seconds
2016-03-15T16:52:05.616+0000: 7.399: Total time for which application threads were stopped: 0.0000703 seconds, Stopping threads took: 0.0000253 seconds
2016-03-15T16:52:05.617+0000: 7.399: Total time for which application threads were stopped: 0.0000766 seconds, Stopping threads took: 0.0000268 seconds
2016-03-15T16:52:05.617+0000: 7.399: Total time for which application threads were stopped: 0.0001208 seconds, Stopping threads took: 0.0000253 seconds
2016-03-15T16:52:05.617+0000: 7.400: Total time for which application threads were stopped: 0.0000726 seconds, Stopping threads took: 0.0000261 seconds
2016-03-15T16:52:05.617+0000: 7.400: Total time for which application threads were stopped: 0.0000711 seconds, Stopping threads took: 0.0000253 seconds
2016-03-15T16:52:05.617+0000: 7.400: Total time for which application threads were stopped: 0.0000703 seconds, Stopping threads took: 0.0000253 seconds
2016-03-15T16:52:05.617+0000: 7.400: Total time for which application threads were stopped: 0.0000711 seconds, Stopping threads took: 0.0000253 seconds
2016-03-15T16:52:05.617+0000: 7.400: Total time for which application threads were stopped: 0.0000719 seconds, Stopping threads took: 0.0000253 seconds
2016-03-15T16:52:05.618+0000: 7.400: Total time for which application threads were stopped: 0.0002495 seconds, Stopping threads took: 0.0000253 seconds
2016-03-15T16:52:05.618+0000: 7.401: Total time for which application threads were stopped: 0.0000813 seconds, Stopping threads took: 0.0000276 seconds
2016-03-15T16:52:05.618+0000: 7.401: Total time for which application threads were stopped: 0.0000734 seconds, Stopping threads took: 0.0000253 seconds
2016-03-15T16:52:05.618+0000: 7.401: Total time for which application threads were stopped: 0.0000734 seconds, Stopping threads took: 0.0000253 seconds
2016-03-15T16:52:05.619+0000: 7.402: Total time for which application threads were stopped: 0.0000829 seconds, Stopping threads took: 0.0000284 seconds
2016-03-15T16:52:05.629+0000: 7.411: Total time for which application threads were stopped: 0.0001508 seconds, Stopping threads took: 0.0000600 seconds
2016-03-15T16:52:05.629+0000: 7.412: Total time for which application threads were stopped: 0.0000734 seconds, Stopping threads took: 0.0000253 seconds
2016-03-15T16:52:05.629+0000: 7.412: Total time for which application threads were stopped: 0.0000726 seconds, Stopping threads took: 0.0000253 seconds
2016-03-15T16:52:05.629+0000: 7.412: Total time for which application threads were stopped: 0.0001216 seconds, Stopping threads took: 0.0000276 seconds
2016-03-15T16:52:05.630+0000: 7.413: Total time for which application threads were stopped: 0.0001027 seconds, Stopping threads took: 0.0000347 seconds
2016-03-15T16:52:05.630+0000: 7.413: Total time for which application threads were stopped: 0.0000782 seconds, Stopping threads took: 0.0000261 seconds
2016-03-15T16:52:05.630+0000: 7.413: Total time for which application threads were stopped: 0.0000884 seconds, Stopping threads took: 0.0000300 seconds
2016-03-15T16:52:05.631+0000: 7.414: Total time for which application threads were stopped: 0.0001192 seconds, Stopping threads took: 0.0000419 seconds
2016-03-15T16:52:05.634+0000: 7.416: Total time for which application threads were stopped: 0.0001619 seconds, Stopping threads took: 0.0000663 seconds
2016-03-15T16:52:05.634+0000: 7.416: Total time for which application threads were stopped: 0.0000750 seconds, Stopping threads took: 0.0000261 seconds
2016-03-15T16:52:05.634+0000: 7.416: Total time for which application threads were stopped: 0.0000734 seconds, Stopping threads took: 0.0000261 seconds
2016-03-15T16:52:05.634+0000: 7.417: Total time for which application threads were stopped: 0.0000805 seconds, Stopping threads took: 0.0000284 seconds
2016-03-15T16:52:05.638+0000: 7.421: Total time for which application threads were stopped: 0.0001563 seconds, Stopping threads took: 0.0000537 seconds
2016-03-15T16:52:05.638+0000: 7.421: Total time for which application threads were stopped: 0.0000821 seconds, Stopping threads took: 0.0000268 seconds
2016-03-15T16:52:05.638+0000: 7.421: Total time for which application threads were stopped: 0.0000798 seconds, Stopping threads took: 0.0000261 seconds
2016-03-15T16:52:05.639+0000: 7.421: Total time for which application threads were stopped: 0.0000869 seconds, Stopping threads took: 0.0000276 seconds
2016-03-15T16:52:05.652+0000: 7.435: Total time for which application threads were stopped: 0.0003293 seconds, Stopping threads took: 0.0000687 seconds
2016-03-15T16:52:05.665+0000: 7.448: Total time for which application threads were stopped: 0.0004201 seconds, Stopping threads took: 0.0000521 seconds
2016-03-15T16:52:05.668+0000: 7.451: Total time for which application threads were stopped: 0.0001334 seconds, Stopping threads took: 0.0000466 seconds
2016-03-15T16:52:05.668+0000: 7.451: Total time for which application threads were stopped: 0.0000766 seconds, Stopping threads took: 0.0000261 seconds
2016-03-15T16:52:05.668+0000: 7.451: Total time for which application threads were stopped: 0.0000750 seconds, Stopping threads took: 0.0000261 seconds
2016-03-15T16:52:05.669+0000: 7.452: Total time for which application threads were stopped: 0.0000892 seconds, Stopping threads took: 0.0000308 seconds
2016-03-15T16:52:05.682+0000: 7.465: Total time for which application threads were stopped: 0.0001263 seconds, Stopping threads took: 0.0000505 seconds
2016-03-15T16:52:05.697+0000: 7.480: Total time for which application threads were stopped: 0.0001366 seconds, Stopping threads took: 0.0000505 seconds
2016-03-15T16:52:05.697+0000: 7.480: Total time for which application threads were stopped: 0.0000766 seconds, Stopping threads took: 0.0000268 seconds
2016-03-15T16:52:05.698+0000: 7.480: Total time for which application threads were stopped: 0.0000758 seconds, Stopping threads took: 0.0000268 seconds
2016-03-15T16:52:05.698+0000: 7.480: Total time for which application threads were stopped: 0.0000774 seconds, Stopping threads took: 0.0000276 seconds
2016-03-15T16:52:05.710+0000: 7.493: Total time for which application threads were stopped: 0.0001382 seconds, Stopping threads took: 0.0000513 seconds
2016-03-15T16:52:05.710+0000: 7.493: Total time for which application threads were stopped: 0.0000774 seconds, Stopping threads took: 0.0000268 seconds
2016-03-15T16:52:05.711+0000: 7.493: Total time for which application threads were stopped: 0.0000742 seconds, Stopping threads took: 0.0000261 seconds
2016-03-15T16:52:05.711+0000: 7.493: Total time for which application threads were stopped: 0.0000782 seconds, Stopping threads took: 0.0000261 seconds
2016-03-15T16:52:05.814+0000: 7.596: Total time for which application threads were stopped: 0.0001287 seconds, Stopping threads took: 0.0000513 seconds
2016-03-15T16:52:05.815+0000: 7.597: Total time for which application threads were stopped: 0.0003127 seconds, Stopping threads took: 0.0002337 seconds
2016-03-15T16:52:05.815+0000: 7.597: Total time for which application threads were stopped: 0.0000774 seconds, Stopping threads took: 0.0000276 seconds
2016-03-15T16:52:05.815+0000: 7.598: Total time for which application threads were stopped: 0.0000758 seconds, Stopping threads took: 0.0000268 seconds
2016-03-15T16:52:05.816+0000: 7.598: Total time for which application threads were stopped: 0.0000813 seconds, Stopping threads took: 0.0000276 seconds
2016-03-15T16:52:05.832+0000: 7.614: Total time for which application threads were stopped: 0.0001240 seconds, Stopping threads took: 0.0000529 seconds
2016-03-15T16:52:05.841+0000: 7.623: Total time for which application threads were stopped: 0.0001548 seconds, Stopping threads took: 0.0000490 seconds
2016-03-15T16:52:05.841+0000: 7.623: Total time for which application threads were stopped: 0.0000758 seconds, Stopping threads took: 0.0000261 seconds
2016-03-15T16:52:05.841+0000: 7.623: Total time for which application threads were stopped: 0.0000742 seconds, Stopping threads took: 0.0000261 seconds
2016-03-15T16:52:05.842+0000: 7.624: Total time for which application threads were stopped: 0.0000821 seconds, Stopping threads took: 0.0000284 seconds
2016-03-15T16:52:06.846+0000: 8.627: Total time for which application threads were stopped: 0.0001413 seconds, Stopping threads took: 0.0000521 seconds
2016-03-15T16:52:07.372+0000: 9.154: Total time for which application threads were stopped: 0.0011947 seconds, Stopping threads took: 0.0010858 seconds
2016-03-15T16:52:07.372+0000: 9.154: Total time for which application threads were stopped: 0.0001421 seconds, Stopping threads took: 0.0000308 seconds
2016-03-15T16:52:07.372+0000: 9.154: Total time for which application threads were stopped: 0.0000790 seconds, Stopping threads took: 0.0000268 seconds
2016-03-15T16:52:07.373+0000: 9.154: Total time for which application threads were stopped: 0.0000813 seconds, Stopping threads took: 0.0000268 seconds
2016-03-15T16:52:07.375+0000: 9.157: Total time for which application threads were stopped: 0.0001832 seconds, Stopping threads took: 0.0000553 seconds
2016-03-15T16:52:07.375+0000: 9.157: Total time for which application threads were stopped: 0.0000782 seconds, Stopping threads took: 0.0000268 seconds
2016-03-15T16:52:07.375+0000: 9.157: Total time for which application threads were stopped: 0.0000758 seconds, Stopping threads took: 0.0000253 seconds
2016-03-15T16:52:07.376+0000: 9.158: Total time for which application threads were stopped: 0.0000908 seconds, Stopping threads took: 0.0000308 seconds
2016-03-15T16:52:07.556+0000: 9.338: Total time for which application threads were stopped: 0.0001374 seconds, Stopping threads took: 0.0000545 seconds
2016-03-15T16:52:07.557+0000: 9.338: Total time for which application threads were stopped: 0.0000853 seconds, Stopping threads took: 0.0000308 seconds
2016-03-15T16:52:07.557+0000: 9.339: Total time for which application threads were stopped: 0.0000782 seconds, Stopping threads took: 0.0000268 seconds
2016-03-15T16:52:07.562+0000: 9.344: Total time for which application threads were stopped: 0.0001295 seconds, Stopping threads took: 0.0000466 seconds
2016-03-15T16:52:07.563+0000: 9.344: Total time for which application threads were stopped: 0.0000758 seconds, Stopping threads took: 0.0000292 seconds
2016-03-15T16:52:07.565+0000: 9.346: Total time for which application threads were stopped: 0.0001429 seconds, Stopping threads took: 0.0000426 seconds
2016-03-15T16:52:07.593+0000: 9.374: Total time for which application threads were stopped: 0.0001437 seconds, Stopping threads took: 0.0000529 seconds
2016-03-15T16:52:07.593+0000: 9.375: Total time for which application threads were stopped: 0.0000908 seconds, Stopping threads took: 0.0000324 seconds
2016-03-15T16:52:07.594+0000: 9.375: Total time for which application threads were stopped: 0.0002511 seconds, Stopping threads took: 0.0000284 seconds
2016-03-15T16:52:07.602+0000: 9.384: Total time for which application threads were stopped: 0.0001721 seconds, Stopping threads took: 0.0000648 seconds
2016-03-15T16:52:07.604+0000: 9.386: Total time for which application threads were stopped: 0.0001635 seconds, Stopping threads took: 0.0000576 seconds
2016-03-15T16:52:07.612+0000: 9.393: Total time for which application threads were stopped: 0.0022765 seconds, Stopping threads took: 0.0021226 seconds
2016-03-15T16:52:07.651+0000: 9.433: Total time for which application threads were stopped: 0.0002132 seconds, Stopping threads took: 0.0000411 seconds
2016-03-15T16:52:07.651+0000: 9.433: Total time for which application threads were stopped: 0.0000766 seconds, Stopping threads took: 0.0000197 seconds
2016-03-15T16:52:07.653+0000: 9.435: Total time for which application threads were stopped: 0.0001232 seconds, Stopping threads took: 0.0000395 seconds
2016-03-15T16:52:07.658+0000: 9.439: Total time for which application threads were stopped: 0.0002148 seconds, Stopping threads took: 0.0001208 seconds
2016-03-15T16:52:07.660+0000: 9.442: Total time for which application threads were stopped: 0.0001777 seconds, Stopping threads took: 0.0000513 seconds
2016-03-15T16:52:07.671+0000: 9.452: Total time for which application threads were stopped: 0.0001674 seconds, Stopping threads took: 0.0000482 seconds
2016-03-15T16:52:07.677+0000: 9.458: Total time for which application threads were stopped: 0.0013471 seconds, Stopping threads took: 0.0011821 seconds
2016-03-15T16:52:07.684+0000: 9.466: Total time for which application threads were stopped: 0.0002551 seconds, Stopping threads took: 0.0000490 seconds
2016-03-15T16:52:07.684+0000: 9.466: Total time for which application threads were stopped: 0.0002479 seconds, Stopping threads took: 0.0000221 seconds
2016-03-15T16:52:07.685+0000: 9.466: Total time for which application threads were stopped: 0.0001398 seconds, Stopping threads took: 0.0000347 seconds
2016-03-15T16:52:07.689+0000: 9.471: Total time for which application threads were stopped: 0.0001698 seconds, Stopping threads took: 0.0000458 seconds
2016-03-15T16:52:07.689+0000: 9.471: Total time for which application threads were stopped: 0.0000963 seconds, Stopping threads took: 0.0000261 seconds
2016-03-15T16:52:07.694+0000: 9.475: Total time for which application threads were stopped: 0.0001887 seconds, Stopping threads took: 0.0000576 seconds
2016-03-15T16:52:07.702+0000: 9.483: Total time for which application threads were stopped: 0.0014206 seconds, Stopping threads took: 0.0012784 seconds
2016-03-15T16:52:07.713+0000: 9.494: Total time for which application threads were stopped: 0.0013195 seconds, Stopping threads took: 0.0012121 seconds
2016-03-15T16:52:07.739+0000: 9.521: Total time for which application threads were stopped: 0.0001603 seconds, Stopping threads took: 0.0000726 seconds
2016-03-15T16:52:07.740+0000: 9.522: Total time for which application threads were stopped: 0.0000900 seconds, Stopping threads took: 0.0000340 seconds
2016-03-15T16:52:07.746+0000: 9.527: Total time for which application threads were stopped: 0.0001406 seconds, Stopping threads took: 0.0000529 seconds
2016-03-15T16:52:07.784+0000: 9.566: Total time for which application threads were stopped: 0.0002227 seconds, Stopping threads took: 0.0000608 seconds
2016-03-15T16:52:07.795+0000: 9.576: Total time for which application threads were stopped: 0.0001540 seconds, Stopping threads took: 0.0000537 seconds
2016-03-15T16:52:07.795+0000: 9.576: Total time for which application threads were stopped: 0.0000782 seconds, Stopping threads took: 0.0000261 seconds
2016-03-15T16:52:07.795+0000: 9.577: Total time for which application threads were stopped: 0.0000782 seconds, Stopping threads took: 0.0000261 seconds
2016-03-15T16:52:07.795+0000: 9.577: Total time for which application threads were stopped: 0.0000782 seconds, Stopping threads took: 0.0000261 seconds
2016-03-15T16:52:07.858+0000: 9.640: Total time for which application threads were stopped: 0.0001950 seconds, Stopping threads took: 0.0000750 seconds
2016-03-15T16:52:07.863+0000: 9.645: Total time for which application threads were stopped: 0.0001406 seconds, Stopping threads took: 0.0000419 seconds
2016-03-15T16:52:07.886+0000: 9.668: Total time for which application threads were stopped: 0.0003356 seconds, Stopping threads took: 0.0000592 seconds
2016-03-15T16:52:08.233+0000: 10.014: Total time for which application threads were stopped: 0.0001469 seconds, Stopping threads took: 0.0000497 seconds
2016-03-15T16:52:08.323+0000: 10.105: Total time for which application threads were stopped: 0.0002456 seconds, Stopping threads took: 0.0000490 seconds
2016-03-15T16:52:08.323+0000: 10.105: Total time for which application threads were stopped: 0.0000790 seconds, Stopping threads took: 0.0000205 seconds
2016-03-15T16:52:08.323+0000: 10.105: Total time for which application threads were stopped: 0.0000916 seconds, Stopping threads took: 0.0000308 seconds
2016-03-15T16:52:08.323+0000: 10.105: Total time for which application threads were stopped: 0.0000813 seconds, Stopping threads took: 0.0000268 seconds
2016-03-15T16:52:08.323+0000: 10.105: Total time for which application threads were stopped: 0.0000790 seconds, Stopping threads took: 0.0000253 seconds
2016-03-15T16:52:08.324+0000: 10.106: Total time for which application threads were stopped: 0.0004280 seconds, Stopping threads took: 0.0003467 seconds
2016-03-15T16:52:08.324+0000: 10.106: Total time for which application threads were stopped: 0.0000837 seconds, Stopping threads took: 0.0000284 seconds
2016-03-15T16:52:08.325+0000: 10.106: Total time for which application threads were stopped: 0.0000877 seconds, Stopping threads took: 0.0000253 seconds
2016-03-15T16:52:08.325+0000: 10.106: Total time for which application threads were stopped: 0.0000829 seconds, Stopping threads took: 0.0000268 seconds
2016-03-15T16:52:08.325+0000: 10.107: Total time for which application threads were stopped: 0.0000813 seconds, Stopping threads took: 0.0000261 seconds
2016-03-15T16:52:08.325+0000: 10.107: Total time for which application threads were stopped: 0.0001027 seconds, Stopping threads took: 0.0000324 seconds
2016-03-15T16:52:08.325+0000: 10.107: Total time for which application threads were stopped: 0.0000813 seconds, Stopping threads took: 0.0000261 seconds
2016-03-15T16:52:08.326+0000: 10.107: Total time for which application threads were stopped: 0.0000821 seconds, Stopping threads took: 0.0000253 seconds
2016-03-15T16:52:08.331+0000: 10.113: Total time for which application threads were stopped: 0.0001571 seconds, Stopping threads took: 0.0000584 seconds
2016-03-15T16:52:08.331+0000: 10.113: Total time for which application threads were stopped: 0.0000821 seconds, Stopping threads took: 0.0000261 seconds
2016-03-15T16:52:08.331+0000: 10.113: Total time for which application threads were stopped: 0.0000805 seconds, Stopping threads took: 0.0000253 seconds
2016-03-15T16:52:08.331+0000: 10.113: Total time for which application threads were stopped: 0.0000853 seconds, Stopping threads took: 0.0000261 seconds
2016-03-15T16:52:08.332+0000: 10.113: Total time for which application threads were stopped: 0.0001027 seconds, Stopping threads took: 0.0000395 seconds
2016-03-15T16:52:08.332+0000: 10.113: Total time for which application threads were stopped: 0.0000861 seconds, Stopping threads took: 0.0000276 seconds
2016-03-15T16:52:08.332+0000: 10.114: Total time for which application threads were stopped: 0.0002606 seconds, Stopping threads took: 0.0000261 seconds
2016-03-15T16:52:10.139+0000: 11.920: Total time for which application threads were stopped: 0.0001429 seconds, Stopping threads took: 0.0000521 seconds
2016-03-15T16:52:10.139+0000: 11.921: Total time for which application threads were stopped: 0.0000790 seconds, Stopping threads took: 0.0000276 seconds
2016-03-15T16:52:10.193+0000: 11.975: Total time for which application threads were stopped: 0.0001406 seconds, Stopping threads took: 0.0000458 seconds
2016-03-15T16:52:10.195+0000: 11.977: Total time for which application threads were stopped: 0.0001334 seconds, Stopping threads took: 0.0000395 seconds
2016-03-15T16:52:10.195+0000: 11.977: Total time for which application threads were stopped: 0.0000774 seconds, Stopping threads took: 0.0000197 seconds
2016-03-15T16:52:10.196+0000: 11.978: Total time for which application threads were stopped: 0.0000955 seconds, Stopping threads took: 0.0000268 seconds
2016-03-15T16:52:10.198+0000: 11.979: Total time for which application threads were stopped: 0.0001777 seconds, Stopping threads took: 0.0000316 seconds
2016-03-15T16:52:10.198+0000: 11.979: Total time for which application threads were stopped: 0.0000726 seconds, Stopping threads took: 0.0000197 seconds
2016-03-15T16:52:10.198+0000: 11.980: Total time for which application threads were stopped: 0.0000719 seconds, Stopping threads took: 0.0000197 seconds
2016-03-15T16:52:10.201+0000: 11.982: Total time for which application threads were stopped: 0.0001137 seconds, Stopping threads took: 0.0000347 seconds
2016-03-15T16:52:10.202+0000: 11.983: Total time for which application threads were stopped: 0.0001919 seconds, Stopping threads took: 0.0000261 seconds
2016-03-15T16:52:10.202+0000: 11.984: Total time for which application threads were stopped: 0.0002614 seconds, Stopping threads took: 0.0000205 seconds
2016-03-15T16:52:10.203+0000: 11.984: Total time for which application threads were stopped: 0.0000877 seconds, Stopping threads took: 0.0000253 seconds
2016-03-15T16:52:10.203+0000: 11.985: Total time for which application threads were stopped: 0.0000790 seconds, Stopping threads took: 0.0000276 seconds
2016-03-15T16:52:10.203+0000: 11.985: Total time for which application threads were stopped: 0.0000782 seconds, Stopping threads took: 0.0000268 seconds
2016-03-15T16:52:10.203+0000: 11.985: Total time for which application threads were stopped: 0.0000805 seconds, Stopping threads took: 0.0000268 seconds
2016-03-15T16:52:10.204+0000: 11.985: Total time for which application threads were stopped: 0.0000782 seconds, Stopping threads took: 0.0000268 seconds
2016-03-15T16:52:10.204+0000: 11.985: Total time for which application threads were stopped: 0.0000813 seconds, Stopping threads took: 0.0000284 seconds
2016-03-15T16:52:10.204+0000: 11.986: Total time for which application threads were stopped: 0.0000821 seconds, Stopping threads took: 0.0000300 seconds
2016-03-15T16:52:10.206+0000: 11.988: Total time for which application threads were stopped: 0.0000971 seconds, Stopping threads took: 0.0000300 seconds
2016-03-15T16:52:10.281+0000: 12.067: Total time for which application threads were stopped: 0.0001406 seconds, Stopping threads took: 0.0000553 seconds
2016-03-15T16:52:33.576+0000: 35.359: Total time for which application threads were stopped: 0.0001563 seconds, Stopping threads took: 0.0000632 seconds
2016-03-15T16:52:33.577+0000: 35.359: Total time for which application threads were stopped: 0.0000884 seconds, Stopping threads took: 0.0000363 seconds
2016-03-15T16:52:33.577+0000: 35.359: Total time for which application threads were stopped: 0.0000719 seconds, Stopping threads took: 0.0000292 seconds
2016-03-15T16:52:33.577+0000: 35.360: Total time for which application threads were stopped: 0.0000726 seconds, Stopping threads took: 0.0000292 seconds
2016-03-15T16:52:33.578+0000: 35.360: Total time for which application threads were stopped: 0.0000711 seconds, Stopping threads took: 0.0000284 seconds
2016-03-15T16:52:33.598+0000: 35.380: Total time for which application threads were stopped: 0.0004848 seconds, Stopping threads took: 0.0000442 seconds
2016-03-15T16:52:33.604+0000: 35.386: Total time for which application threads were stopped: 0.0001350 seconds, Stopping threads took: 0.0000545 seconds
2016-03-15T16:52:33.605+0000: 35.387: Total time for which application threads were stopped: 0.0001027 seconds, Stopping threads took: 0.0000387 seconds
2016-03-15T16:52:33.605+0000: 35.387: Total time for which application threads were stopped: 0.0000837 seconds, Stopping threads took: 0.0000347 seconds
2016-03-15T16:52:33.605+0000: 35.388: Total time for which application threads were stopped: 0.0000750 seconds, Stopping threads took: 0.0000284 seconds
2016-03-15T16:52:33.621+0000: 35.403: Total time for which application threads were stopped: 0.0001303 seconds, Stopping threads took: 0.0000434 seconds
2016-03-15T16:52:33.621+0000: 35.403: Total time for which application threads were stopped: 0.0000679 seconds, Stopping threads took: 0.0000205 seconds
2016-03-15T16:52:33.637+0000: 35.419: Total time for which application threads were stopped: 0.0001287 seconds, Stopping threads took: 0.0000442 seconds
2016-03-15T16:52:33.638+0000: 35.420: Total time for which application threads were stopped: 0.0000742 seconds, Stopping threads took: 0.0000213 seconds
2016-03-15T16:52:33.673+0000: 35.455: Total time for which application threads were stopped: 0.0001532 seconds, Stopping threads took: 0.0000482 seconds
2016-03-15T16:52:33.673+0000: 35.456: Total time for which application threads were stopped: 0.0000726 seconds, Stopping threads took: 0.0000197 seconds
2016-03-15T16:52:33.674+0000: 35.456: Total time for which application threads were stopped: 0.0000726 seconds, Stopping threads took: 0.0000190 seconds
2016-03-15T16:52:33.674+0000: 35.456: Total time for which application threads were stopped: 0.0001642 seconds, Stopping threads took: 0.0000237 seconds
2016-03-15T16:52:33.681+0000: 35.463: Total time for which application threads were stopped: 0.0001390 seconds, Stopping threads took: 0.0000505 seconds
2016-03-15T16:52:33.681+0000: 35.463: Total time for which application threads were stopped: 0.0000734 seconds, Stopping threads took: 0.0000213 seconds
2016-03-15T16:52:33.682+0000: 35.464: Total time for which application threads were stopped: 0.0000932 seconds, Stopping threads took: 0.0000395 seconds
2016-03-15T16:52:33.682+0000: 35.465: Total time for which application threads were stopped: 0.0000892 seconds, Stopping threads took: 0.0000268 seconds
2016-03-15T16:52:33.721+0000: 35.503: Total time for which application threads were stopped: 0.0001342 seconds, Stopping threads took: 0.0000450 seconds
2016-03-15T16:52:33.721+0000: 35.503: Total time for which application threads were stopped: 0.0000790 seconds, Stopping threads took: 0.0000221 seconds
2016-03-15T16:52:33.721+0000: 35.503: Total time for which application threads were stopped: 0.0000719 seconds, Stopping threads took: 0.0000197 seconds
2016-03-15T16:52:33.722+0000: 35.504: Total time for which application threads were stopped: 0.0000742 seconds, Stopping threads took: 0.0000197 seconds
2016-03-15T16:52:33.727+0000: 35.509: Total time for which application threads were stopped: 0.0001177 seconds, Stopping threads took: 0.0000355 seconds
2016-03-15T16:52:33.727+0000: 35.509: Total time for which application threads were stopped: 0.0000782 seconds, Stopping threads took: 0.0000221 seconds
2016-03-15T16:52:33.727+0000: 35.509: Total time for which application threads were stopped: 0.0000711 seconds, Stopping threads took: 0.0000197 seconds
2016-03-15T16:52:33.728+0000: 35.510: Total time for which application threads were stopped: 0.0001461 seconds, Stopping threads took: 0.0000458 seconds
2016-03-15T16:52:33.907+0000: 35.690: Total time for which application threads were stopped: 0.0001611 seconds, Stopping threads took: 0.0000442 seconds
2016-03-15T16:52:33.908+0000: 35.690: Total time for which application threads were stopped: 0.0000734 seconds, Stopping threads took: 0.0000221 seconds
2016-03-15T16:52:33.908+0000: 35.690: Total time for which application threads were stopped: 0.0000695 seconds, Stopping threads took: 0.0000205 seconds
2016-03-15T16:52:33.908+0000: 35.690: Total time for which application threads were stopped: 0.0000750 seconds, Stopping threads took: 0.0000221 seconds
2016-03-15T16:52:33.909+0000: 35.697: Total time for which application threads were stopped: 0.0001342 seconds, Stopping threads took: 0.0000466 seconds
2016-03-15T16:52:33.909+0000: 35.697: Total time for which application threads were stopped: 0.0000734 seconds, Stopping threads took: 0.0000213 seconds
2016-03-15T16:52:33.909+0000: 35.697: Total time for which application threads were stopped: 0.0002622 seconds, Stopping threads took: 0.0000213 seconds
2016-03-15T16:52:33.909+0000: 35.699: Total time for which application threads were stopped: 0.0001240 seconds, Stopping threads took: 0.0000387 seconds
{Heap before GC invocations=1 (full 0):
 par new generation   total 109248K, used 93107K [0x00000000e0000000, 0x00000000e8000000, 0x00000000e8000000)
  eden space 87424K, 100% used [0x00000000e0000000, 0x00000000e5560000, 0x00000000e5560000)
  from space 21824K,  26% used [0x00000000e6ab0000, 0x00000000e703cf70, 0x00000000e8000000)
  to   space 21824K,   0% used [0x00000000e5560000, 0x00000000e5560000, 0x00000000e6ab0000)
 concurrent mark-sweep generation total 393216K, used 0K [0x00000000e8000000, 0x0000000100000000, 0x0000000100000000)
 Metaspace       used 20783K, capacity 21076K, committed 21248K, reserved 1069056K
  class space    used 2457K, capacity 2552K, committed 2560K, reserved 1048576K
2016-03-15T16:52:33.949+0000: 35.731: [GC (Allocation Failure) 2016-03-15T16:52:33.949+0000: 35.731: [ParNew
Desired survivor size 20112992 bytes, new threshold 8 (max 8)
- age   1:    9053040 bytes,    9053040 total
- age   2:    2549840 bytes,   11602880 total
: 93107K->14198K(109248K), 0.0435827 secs] 93107K->14198K(502464K), 0.0437446 secs] [Times: user=0.08 sys=0.02, real=0.04 secs] 
Heap after GC invocations=2 (full 0):
 par new generation   total 109248K, used 14198K [0x00000000e0000000, 0x00000000e8000000, 0x00000000e8000000)
  eden space 87424K,   0% used [0x00000000e0000000, 0x00000000e0000000, 0x00000000e5560000)
  from space 21824K,  65% used [0x00000000e5560000, 0x00000000e633dae0, 0x00000000e6ab0000)
  to   space 21824K,   0% used [0x00000000e6ab0000, 0x00000000e6ab0000, 0x00000000e8000000)
 concurrent mark-sweep generation total 393216K, used 0K [0x00000000e8000000, 0x0000000100000000, 0x0000000100000000)
 Metaspace       used 20783K, capacity 21076K, committed 21248K, reserved 1069056K
  class space    used 2457K, capacity 2552K, committed 2560K, reserved 1048576K
}
2016-03-15T16:52:33.993+0000: 35.775: Total time for which application threads were stopped: 0.0441584 seconds, Stopping threads took: 0.0000513 seconds
2016-03-15T16:52:34.000+0000: 35.782: Total time for which application threads were stopped: 0.0002890 seconds, Stopping threads took: 0.0001943 seconds
2016-03-15T16:52:34.000+0000: 35.782: Total time for which application threads were stopped: 0.0002132 seconds, Stopping threads took: 0.0001500 seconds
2016-03-15T16:52:34.001+0000: 35.783: Total time for which application threads were stopped: 0.0001271 seconds, Stopping threads took: 0.0000726 seconds
2016-03-15T16:52:34.001+0000: 35.783: Total time for which application threads were stopped: 0.0000813 seconds, Stopping threads took: 0.0000276 seconds
2016-03-15T16:52:34.001+0000: 35.783: Total time for which application threads were stopped: 0.0002290 seconds, Stopping threads took: 0.0001745 seconds
2016-03-15T16:52:34.001+0000: 35.783: Total time for which application threads were stopped: 0.0000750 seconds, Stopping threads took: 0.0000292 seconds
2016-03-15T16:52:34.001+0000: 35.783: Total time for which application threads were stopped: 0.0000734 seconds, Stopping threads took: 0.0000292 seconds
2016-03-15T16:52:34.001+0000: 35.783: Total time for which application threads were stopped: 0.0000711 seconds, Stopping threads took: 0.0000268 seconds
2016-03-15T16:52:34.002+0000: 35.784: Total time for which application threads were stopped: 0.0000782 seconds, Stopping threads took: 0.0000300 seconds
2016-03-15T16:52:34.002+0000: 35.784: Total time for which application threads were stopped: 0.0000774 seconds, Stopping threads took: 0.0000268 seconds
2016-03-15T16:52:34.002+0000: 35.784: Total time for which application threads were stopped: 0.0000750 seconds, Stopping threads took: 0.0000261 seconds
2016-03-15T16:52:34.002+0000: 35.784: Total time for which application threads were stopped: 0.0000750 seconds, Stopping threads took: 0.0000268 seconds
2016-03-15T16:52:34.002+0000: 35.784: Total time for which application threads were stopped: 0.0000758 seconds, Stopping threads took: 0.0000284 seconds
2016-03-15T16:52:34.002+0000: 35.784: Total time for which application threads were stopped: 0.0000995 seconds, Stopping threads took: 0.0000490 seconds
2016-03-15T16:52:34.002+0000: 35.784: Total time for which application threads were stopped: 0.0000829 seconds, Stopping threads took: 0.0000284 seconds
2016-03-15T16:52:34.002+0000: 35.784: Total time for which application threads were stopped: 0.0000774 seconds, Stopping threads took: 0.0000268 seconds
2016-03-15T16:52:34.003+0000: 35.785: Total time for which application threads were stopped: 0.0000790 seconds, Stopping threads took: 0.0000268 seconds
2016-03-15T16:52:34.003+0000: 35.785: Total time for which application threads were stopped: 0.0000766 seconds, Stopping threads took: 0.0000276 seconds
2016-03-15T16:52:34.003+0000: 35.785: Total time for which application threads were stopped: 0.0000750 seconds, Stopping threads took: 0.0000261 seconds
2016-03-15T16:52:34.003+0000: 35.785: Total time for which application threads were stopped: 0.0000750 seconds, Stopping threads took: 0.0000268 seconds
2016-03-15T16:52:34.003+0000: 35.785: Total time for which application threads were stopped: 0.0002882 seconds, Stopping threads took: 0.0000253 seconds
2016-03-15T16:52:34.033+0000: 35.816: Total time for which application threads were stopped: 0.0001919 seconds, Stopping threads took: 0.0000426 seconds
2016-03-15T16:52:34.034+0000: 35.816: Total time for which application threads were stopped: 0.0000734 seconds, Stopping threads took: 0.0000197 seconds
2016-03-15T16:52:34.034+0000: 35.816: Total time for which application threads were stopped: 0.0000782 seconds, Stopping threads took: 0.0000213 seconds
2016-03-15T16:52:34.088+0000: 35.870: Total time for which application threads were stopped: 0.0001950 seconds, Stopping threads took: 0.0000521 seconds
2016-03-15T16:52:34.173+0000: 35.955: Total time for which application threads were stopped: 0.0001871 seconds, Stopping threads took: 0.0000529 seconds
2016-03-15T16:52:34.235+0000: 36.018: Total time for which application threads were stopped: 0.0004264 seconds, Stopping threads took: 0.0000505 seconds
2016-03-15T16:52:34.613+0000: 36.395: Total time for which application threads were stopped: 0.0011552 seconds, Stopping threads took: 0.0010107 seconds
2016-03-15T16:52:34.712+0000: 36.494: Total time for which application threads were stopped: 0.0002298 seconds, Stopping threads took: 0.0000482 seconds
2016-03-15T16:52:34.748+0000: 36.530: Total time for which application threads were stopped: 0.0001516 seconds, Stopping threads took: 0.0000403 seconds
2016-03-15T16:52:34.970+0000: 36.752: Total time for which application threads were stopped: 0.0001579 seconds, Stopping threads took: 0.0000505 seconds
2016-03-15T16:52:34.987+0000: 36.769: Total time for which application threads were stopped: 0.0001856 seconds, Stopping threads took: 0.0000632 seconds
2016-03-15T16:52:35.124+0000: 36.906: Total time for which application threads were stopped: 0.0004019 seconds, Stopping threads took: 0.0000505 seconds
2016-03-15T16:52:35.124+0000: 36.906: Total time for which application threads were stopped: 0.0002345 seconds, Stopping threads took: 0.0000205 seconds
2016-03-15T16:52:35.125+0000: 36.907: Total time for which application threads were stopped: 0.0002558 seconds, Stopping threads took: 0.0000237 seconds
2016-03-15T16:52:35.166+0000: 36.949: Total time for which application threads were stopped: 0.0001674 seconds, Stopping threads took: 0.0000466 seconds
2016-03-15T16:52:35.221+0000: 37.003: Total time for which application threads were stopped: 0.0001927 seconds, Stopping threads took: 0.0000466 seconds
{Heap before GC invocations=2 (full 0):
 par new generation   total 109248K, used 101596K [0x00000000e0000000, 0x00000000e8000000, 0x00000000e8000000)
  eden space 87424K,  99% used [0x00000000e0000000, 0x00000000e55597a0, 0x00000000e5560000)
  from space 21824K,  65% used [0x00000000e5560000, 0x00000000e633dae0, 0x00000000e6ab0000)
  to   space 21824K,   0% used [0x00000000e6ab0000, 0x00000000e6ab0000, 0x00000000e8000000)
 concurrent mark-sweep generation total 393216K, used 0K [0x00000000e8000000, 0x0000000100000000, 0x0000000100000000)
 Metaspace       used 22866K, capacity 23226K, committed 23620K, reserved 1071104K
  class space    used 2712K, capacity 2841K, committed 2912K, reserved 1048576K
2016-03-15T16:52:35.283+0000: 37.065: [GC (Allocation Failure) 2016-03-15T16:52:35.283+0000: 37.065: [ParNew
Desired survivor size 20112992 bytes, new threshold 8 (max 8)
- age   1:    2468240 bytes,    2468240 total
- age   2:    3018304 bytes,    5486544 total
- age   3:    2543984 bytes,    8030528 total
: 101596K->14010K(109248K), 0.0312975 secs] 101596K->14010K(502464K), 0.0314673 secs] [Times: user=0.06 sys=0.00, real=0.03 secs] 
Heap after GC invocations=3 (full 0):
 par new generation   total 109248K, used 14010K [0x00000000e0000000, 0x00000000e8000000, 0x00000000e8000000)
  eden space 87424K,   0% used [0x00000000e0000000, 0x00000000e0000000, 0x00000000e5560000)
  from space 21824K,  64% used [0x00000000e6ab0000, 0x00000000e785e980, 0x00000000e8000000)
  to   space 21824K,   0% used [0x00000000e5560000, 0x00000000e5560000, 0x00000000e6ab0000)
 concurrent mark-sweep generation total 393216K, used 0K [0x00000000e8000000, 0x0000000100000000, 0x0000000100000000)
 Metaspace       used 22866K, capacity 23226K, committed 23620K, reserved 1071104K
  class space    used 2712K, capacity 2841K, committed 2912K, reserved 1048576K
}
2016-03-15T16:52:35.314+0000: 37.096: Total time for which application threads were stopped: 0.0319023 seconds, Stopping threads took: 0.0000632 seconds
2016-03-15T16:52:35.333+0000: 37.115: [GC (CMS Initial Mark) [1 CMS-initial-mark: 0K(393216K)] 15694K(502464K), 0.0085834 secs] [Times: user=0.00 sys=0.00, real=0.01 secs] 
2016-03-15T16:52:35.342+0000: 37.124: Total time for which application threads were stopped: 0.0092372 seconds, Stopping threads took: 0.0004643 seconds
2016-03-15T16:52:35.342+0000: 37.124: [CMS-concurrent-mark-start]
2016-03-15T16:52:35.361+0000: 37.143: [CMS-concurrent-mark: 0.019/0.019 secs] [Times: user=0.03 sys=0.00, real=0.02 secs] 
2016-03-15T16:52:35.361+0000: 37.143: [CMS-concurrent-preclean-start]
2016-03-15T16:52:35.364+0000: 37.146: [CMS-concurrent-preclean: 0.003/0.003 secs] [Times: user=0.03 sys=0.00, real=0.00 secs] 
2016-03-15T16:52:35.364+0000: 37.146: [CMS-concurrent-abortable-preclean-start]
2016-03-15T16:52:35.430+0000: 37.212: Total time for which application threads were stopped: 0.0002866 seconds, Stopping threads took: 0.0000521 seconds
2016-03-15T16:52:35.878+0000: 37.660: Total time for which application threads were stopped: 0.0001658 seconds, Stopping threads took: 0.0000497 seconds
2016-03-15T16:52:35.878+0000: 37.660: [CMS-concurrent-abortable-preclean: 0.306/0.515 secs] [Times: user=0.73 sys=0.02, real=0.51 secs] 
2016-03-15T16:52:35.889+0000: 37.671: [GC (CMS Final Remark) [YG occupancy: 60761 K (109248 K)]{Heap before GC invocations=3 (full 1):
 par new generation   total 109248K, used 60761K [0x00000000e0000000, 0x00000000e8000000, 0x00000000e8000000)
  eden space 87424K,  53% used [0x00000000e0000000, 0x00000000e2da7b10, 0x00000000e5560000)
  from space 21824K,  64% used [0x00000000e6ab0000, 0x00000000e785e980, 0x00000000e8000000)
  to   space 21824K,   0% used [0x00000000e5560000, 0x00000000e5560000, 0x00000000e6ab0000)
 concurrent mark-sweep generation total 393216K, used 0K [0x00000000e8000000, 0x0000000100000000, 0x0000000100000000)
 Metaspace       used 23072K, capacity 23412K, committed 23620K, reserved 1071104K
  class space    used 2745K, capacity 2878K, committed 2912K, reserved 1048576K
2016-03-15T16:52:35.889+0000: 37.672: [GC (CMS Final Remark) 2016-03-15T16:52:35.889+0000: 37.672: [ParNew
Desired survivor size 20112992 bytes, new threshold 8 (max 8)
- age   1:     397776 bytes,     397776 total
- age   2:     870264 bytes,    1268040 total
- age   3:    3012936 bytes,    4280976 total
- age   4:    2543984 bytes,    6824960 total
: 60761K->9665K(109248K), 0.0296432 secs] 60761K->9665K(502464K), 0.0297561 secs] [Times: user=0.06 sys=0.00, real=0.03 secs] 
Heap after GC invocations=4 (full 1):
 par new generation   total 109248K, used 9665K [0x00000000e0000000, 0x00000000e8000000, 0x00000000e8000000)
  eden space 87424K,   0% used [0x00000000e0000000, 0x00000000e0000000, 0x00000000e5560000)
  from space 21824K,  44% used [0x00000000e5560000, 0x00000000e5ed04e8, 0x00000000e6ab0000)
  to   space 21824K,   0% used [0x00000000e6ab0000, 0x00000000e6ab0000, 0x00000000e8000000)
 concurrent mark-sweep generation total 393216K, used 0K [0x00000000e8000000, 0x0000000100000000, 0x0000000100000000)
 Metaspace       used 23072K, capacity 23412K, committed 23620K, reserved 1071104K
  class space    used 2745K, capacity 2878K, committed 2912K, reserved 1048576K
}
2016-03-15T16:52:35.919+0000: 37.701: [Rescan (parallel) , 0.0146431 secs]2016-03-15T16:52:35.934+0000: 37.716: [weak refs processing, 0.0013874 secs]2016-03-15T16:52:35.935+0000: 37.718: [class unloading, 0.0086126 secs]2016-03-15T16:52:35.944+0000: 37.726: [scrub symbol table, 0.0097142 secs]2016-03-15T16:52:35.954+0000: 37.736: [scrub string table, 0.0006728 secs][1 CMS-remark: 0K(393216K)] 9665K(502464K), 0.0675500 secs] [Times: user=0.09 sys=0.00, real=0.07 secs] 
2016-03-15T16:52:35.956+0000: 37.738: Total time for which application threads were stopped: 0.0695422 seconds, Stopping threads took: 0.0018233 seconds
2016-03-15T16:52:35.966+0000: 37.748: [CMS-concurrent-sweep-start]
2016-03-15T16:52:35.966+0000: 37.748: [CMS-concurrent-sweep: 0.000/0.000 secs] [Times: user=0.00 sys=0.00, real=0.00 secs] 
2016-03-15T16:52:35.966+0000: 37.748: [CMS-concurrent-reset-start]
2016-03-15T16:52:35.971+0000: 37.753: [CMS-concurrent-reset: 0.005/0.005 secs] [Times: user=0.03 sys=0.00, real=0.00 secs] 
2016-03-15T16:52:36.153+0000: 37.935: Total time for which application threads were stopped: 0.0002085 seconds, Stopping threads took: 0.0000513 seconds
2016-03-15T16:52:36.170+0000: 37.952: Total time for which application threads were stopped: 0.0002116 seconds, Stopping threads took: 0.0000521 seconds
2016-03-15T16:52:36.172+0000: 37.954: Total time for which application threads were stopped: 0.0001532 seconds, Stopping threads took: 0.0000379 seconds
2016-03-15T16:52:36.174+0000: 37.956: Total time for which application threads were stopped: 0.0001311 seconds, Stopping threads took: 0.0000284 seconds
2016-03-15T16:52:36.196+0000: 37.978: Total time for which application threads were stopped: 0.0001287 seconds, Stopping threads took: 0.0000426 seconds
2016-03-15T16:52:37.196+0000: 38.978: Total time for which application threads were stopped: 0.0001516 seconds, Stopping threads took: 0.0000529 seconds
2016-03-15T16:53:06.288+0000: 68.071: Total time for which application threads were stopped: 0.0001334 seconds, Stopping threads took: 0.0000521 seconds
2016-03-15T16:53:07.288+0000: 69.071: Total time for which application threads were stopped: 0.0002014 seconds, Stopping threads took: 0.0000703 seconds
2016-03-15T16:53:18.791+0000: 80.581: Total time for which application threads were stopped: 0.0001524 seconds, Stopping threads took: 0.0000553 seconds
2016-03-15T16:53:18.791+0000: 80.582: Total time for which application threads were stopped: 0.0001192 seconds, Stopping threads took: 0.0000426 seconds
2016-03-15T16:53:18.814+0000: 80.597: Total time for which application threads were stopped: 0.0002021 seconds, Stopping threads took: 0.0000584 seconds
2016-03-15T16:53:18.822+0000: 80.606: Total time for which application threads were stopped: 0.0001753 seconds, Stopping threads took: 0.0000608 seconds
2016-03-15T16:53:18.830+0000: 80.614: Total time for which application threads were stopped: 0.0001603 seconds, Stopping threads took: 0.0000576 seconds
2016-03-15T16:53:18.832+0000: 80.615: Total time for which application threads were stopped: 0.0001485 seconds, Stopping threads took: 0.0000395 seconds
2016-03-15T16:53:18.833+0000: 80.616: Total time for which application threads were stopped: 0.0001169 seconds, Stopping threads took: 0.0000395 seconds
2016-03-15T16:53:18.833+0000: 80.616: Total time for which application threads were stopped: 0.0000892 seconds, Stopping threads took: 0.0000316 seconds
2016-03-15T16:53:18.845+0000: 80.628: Total time for which application threads were stopped: 0.0001635 seconds, Stopping threads took: 0.0000466 seconds
2016-03-15T16:53:18.846+0000: 80.629: Total time for which application threads were stopped: 0.0001350 seconds, Stopping threads took: 0.0000466 seconds
2016-03-15T16:53:18.851+0000: 80.635: Total time for which application threads were stopped: 0.0001919 seconds, Stopping threads took: 0.0000592 seconds
2016-03-15T16:53:18.860+0000: 80.643: Total time for which application threads were stopped: 0.0001950 seconds, Stopping threads took: 0.0000782 seconds
2016-03-15T16:53:18.864+0000: 80.647: Total time for which application threads were stopped: 0.0001461 seconds, Stopping threads took: 0.0000529 seconds
2016-03-15T16:53:19.073+0000: 80.855: Total time for which application threads were stopped: 0.0002029 seconds, Stopping threads took: 0.0000497 seconds
{Heap before GC invocations=4 (full 1):
 par new generation   total 109248K, used 97089K [0x00000000e0000000, 0x00000000e8000000, 0x00000000e8000000)
  eden space 87424K, 100% used [0x00000000e0000000, 0x00000000e5560000, 0x00000000e5560000)
  from space 21824K,  44% used [0x00000000e5560000, 0x00000000e5ed04e8, 0x00000000e6ab0000)
  to   space 21824K,   0% used [0x00000000e6ab0000, 0x00000000e6ab0000, 0x00000000e8000000)
 concurrent mark-sweep generation total 393216K, used 0K [0x00000000e8000000, 0x0000000100000000, 0x0000000100000000)
 Metaspace       used 23575K, capacity 23924K, committed 24260K, reserved 1071104K
  class space    used 2799K, capacity 2942K, committed 3040K, reserved 1048576K
2016-03-15T16:53:19.209+0000: 80.991: [GC (Allocation Failure) 2016-03-15T16:53:19.209+0000: 80.991: [ParNew
Desired survivor size 20112992 bytes, new threshold 8 (max 8)
- age   1:    1507400 bytes,    1507400 total
- age   2:      34520 bytes,    1541920 total
- age   3:     224464 bytes,    1766384 total
- age   4:    2882744 bytes,    4649128 total
- age   5:    2542768 bytes,    7191896 total
: 97089K->9826K(109248K), 0.0344205 secs] 97089K->9826K(502464K), 0.0346195 secs] [Times: user=0.06 sys=0.00, real=0.03 secs] 
Heap after GC invocations=5 (full 1):
 par new generation   total 109248K, used 9826K [0x00000000e0000000, 0x00000000e8000000, 0x00000000e8000000)
  eden space 87424K,   0% used [0x00000000e0000000, 0x00000000e0000000, 0x00000000e5560000)
  from space 21824K,  45% used [0x00000000e6ab0000, 0x00000000e7448a70, 0x00000000e8000000)
  to   space 21824K,   0% used [0x00000000e5560000, 0x00000000e5560000, 0x00000000e6ab0000)
 concurrent mark-sweep generation total 393216K, used 0K [0x00000000e8000000, 0x0000000100000000, 0x0000000100000000)
 Metaspace       used 23575K, capacity 23924K, committed 24260K, reserved 1071104K
  class space    used 2799K, capacity 2942K, committed 3040K, reserved 1048576K
}
2016-03-15T16:53:19.244+0000: 81.026: Total time for which application threads were stopped: 0.0350720 seconds, Stopping threads took: 0.0000813 seconds
2016-03-15T16:53:19.251+0000: 81.033: Total time for which application threads were stopped: 0.0002756 seconds, Stopping threads took: 0.0000679 seconds
2016-03-15T16:53:19.553+0000: 81.335: Total time for which application threads were stopped: 0.0001508 seconds, Stopping threads took: 0.0000490 seconds
{Heap before GC invocations=5 (full 1):
 par new generation   total 109248K, used 97250K [0x00000000e0000000, 0x00000000e8000000, 0x00000000e8000000)
  eden space 87424K, 100% used [0x00000000e0000000, 0x00000000e5560000, 0x00000000e5560000)
  from space 21824K,  45% used [0x00000000e6ab0000, 0x00000000e7448a70, 0x00000000e8000000)
  to   space 21824K,   0% used [0x00000000e5560000, 0x00000000e5560000, 0x00000000e6ab0000)
 concurrent mark-sweep generation total 393216K, used 0K [0x00000000e8000000, 0x0000000100000000, 0x0000000100000000)
 Metaspace       used 23615K, capacity 23994K, committed 24260K, reserved 1071104K
  class space    used 2799K, capacity 2943K, committed 3040K, reserved 1048576K
2016-03-15T16:53:19.570+0000: 81.353: [GC (Allocation Failure) 2016-03-15T16:53:19.570+0000: 81.353: [ParNew
Desired survivor size 20112992 bytes, new threshold 8 (max 8)
- age   1:     129048 bytes,     129048 total
- age   2:     839408 bytes,     968456 total
- age   3:      34520 bytes,    1002976 total
- age   4:     224360 bytes,    1227336 total
- age   5:    2882744 bytes,    4110080 total
- age   6:    2542768 bytes,    6652848 total
: 97250K->9699K(109248K), 0.1017296 secs] 97250K->9699K(502464K), 0.1018899 secs] [Times: user=0.13 sys=0.00, real=0.10 secs] 
Heap after GC invocations=6 (full 1):
 par new generation   total 109248K, used 9699K [0x00000000e0000000, 0x00000000e8000000, 0x00000000e8000000)
  eden space 87424K,   0% used [0x00000000e0000000, 0x00000000e0000000, 0x00000000e5560000)
  from space 21824K,  44% used [0x00000000e5560000, 0x00000000e5ed8e08, 0x00000000e6ab0000)
  to   space 21824K,   0% used [0x00000000e6ab0000, 0x00000000e6ab0000, 0x00000000e8000000)
 concurrent mark-sweep generation total 393216K, used 0K [0x00000000e8000000, 0x0000000100000000, 0x0000000100000000)
 Metaspace       used 23615K, capacity 23994K, committed 24260K, reserved 1071104K
  class space    used 2799K, capacity 2943K, committed 3040K, reserved 1048576K
}
2016-03-15T16:53:19.672+0000: 81.455: Total time for which application threads were stopped: 0.1023013 seconds, Stopping threads took: 0.0000513 seconds
2016-03-15T16:53:19.682+0000: 81.464: Total time for which application threads were stopped: 0.0016361 seconds, Stopping threads took: 0.0014553 seconds
2016-03-15T16:53:19.691+0000: 81.473: Total time for which application threads were stopped: 0.0001406 seconds, Stopping threads took: 0.0000529 seconds
2016-03-15T16:53:20.694+0000: 82.476: Total time for which application threads were stopped: 0.0001350 seconds, Stopping threads took: 0.0000537 seconds
2016-03-15T16:53:21.294+0000: 83.077: Total time for which application threads were stopped: 0.0001627 seconds, Stopping threads took: 0.0000513 seconds
2016-03-15T16:53:21.294+0000: 83.077: Total time for which application threads were stopped: 0.0000821 seconds, Stopping threads took: 0.0000261 seconds
2016-03-15T16:53:21.294+0000: 83.077: Total time for which application threads were stopped: 0.0000805 seconds, Stopping threads took: 0.0000261 seconds
2016-03-15T16:53:21.295+0000: 83.077: Total time for which application threads were stopped: 0.0000940 seconds, Stopping threads took: 0.0000308 seconds
2016-03-15T16:53:21.295+0000: 83.078: Total time for which application threads were stopped: 0.0000805 seconds, Stopping threads took: 0.0000261 seconds
2016-03-15T16:53:21.295+0000: 83.078: Total time for which application threads were stopped: 0.0000798 seconds, Stopping threads took: 0.0000261 seconds
2016-03-15T16:53:21.296+0000: 83.079: Total time for which application threads were stopped: 0.0001050 seconds, Stopping threads took: 0.0000355 seconds
2016-03-15T16:53:21.296+0000: 83.079: Total time for which application threads were stopped: 0.0000908 seconds, Stopping threads took: 0.0000324 seconds
2016-03-15T16:53:21.296+0000: 83.079: Total time for which application threads were stopped: 0.0000837 seconds, Stopping threads took: 0.0000292 seconds
2016-03-15T16:53:21.297+0000: 83.079: Total time for which application threads were stopped: 0.0000955 seconds, Stopping threads took: 0.0000324 seconds
2016-03-15T16:53:21.297+0000: 83.080: Total time for which application threads were stopped: 0.0000861 seconds, Stopping threads took: 0.0000300 seconds
2016-03-15T16:53:21.297+0000: 83.080: Total time for which application threads were stopped: 0.0000837 seconds, Stopping threads took: 0.0000292 seconds
2016-03-15T16:53:21.298+0000: 83.080: Total time for which application threads were stopped: 0.0003759 seconds, Stopping threads took: 0.0002977 seconds
2016-03-15T16:53:21.298+0000: 83.081: Total time for which application threads were stopped: 0.0001271 seconds, Stopping threads took: 0.0000695 seconds
2016-03-15T16:53:21.311+0000: 83.094: Total time for which application threads were stopped: 0.0001500 seconds, Stopping threads took: 0.0000537 seconds
2016-03-15T16:53:21.311+0000: 83.094: Total time for which application threads were stopped: 0.0000853 seconds, Stopping threads took: 0.0000292 seconds
2016-03-15T16:53:21.312+0000: 83.094: Total time for which application threads were stopped: 0.0000987 seconds, Stopping threads took: 0.0000324 seconds
2016-03-15T16:53:21.312+0000: 83.094: Total time for which application threads were stopped: 0.0000813 seconds, Stopping threads took: 0.0000261 seconds
2016-03-15T16:53:21.323+0000: 83.106: Total time for which application threads were stopped: 0.0003040 seconds, Stopping threads took: 0.0000569 seconds
2016-03-15T16:53:21.323+0000: 83.106: Total time for which application threads were stopped: 0.0000924 seconds, Stopping threads took: 0.0000332 seconds
{Heap before GC invocations=6 (full 1):
 par new generation   total 109248K, used 97123K [0x00000000e0000000, 0x00000000e8000000, 0x00000000e8000000)
  eden space 87424K, 100% used [0x00000000e0000000, 0x00000000e5560000, 0x00000000e5560000)
  from space 21824K,  44% used [0x00000000e5560000, 0x00000000e5ed8e08, 0x00000000e6ab0000)
  to   space 21824K,   0% used [0x00000000e6ab0000, 0x00000000e6ab0000, 0x00000000e8000000)
 concurrent mark-sweep generation total 393216K, used 0K [0x00000000e8000000, 0x0000000100000000, 0x0000000100000000)
 Metaspace       used 23679K, capacity 23994K, committed 24260K, reserved 1071104K
  class space    used 2800K, capacity 2943K, committed 3040K, reserved 1048576K
2016-03-15T16:53:21.648+0000: 83.430: [GC (Allocation Failure) 2016-03-15T16:53:21.648+0000: 83.431: [ParNew
Desired survivor size 20112992 bytes, new threshold 8 (max 8)
- age   1:    1151544 bytes,    1151544 total
- age   2:       4808 bytes,    1156352 total
- age   3:     162256 bytes,    1318608 total
- age   4:      34520 bytes,    1353128 total
- age   5:     224360 bytes,    1577488 total
- age   6:    2880096 bytes,    4457584 total
- age   7:    2542768 bytes,    7000352 total
: 97123K->9124K(109248K), 0.0434201 secs] 97123K->9124K(502464K), 0.0435930 secs] [Times: user=0.05 sys=0.00, real=0.04 secs] 
Heap after GC invocations=7 (full 1):
 par new generation   total 109248K, used 9124K [0x00000000e0000000, 0x00000000e8000000, 0x00000000e8000000)
  eden space 87424K,   0% used [0x00000000e0000000, 0x00000000e0000000, 0x00000000e5560000)
  from space 21824K,  41% used [0x00000000e6ab0000, 0x00000000e7399308, 0x00000000e8000000)
  to   space 21824K,   0% used [0x00000000e5560000, 0x00000000e5560000, 0x00000000e6ab0000)
 concurrent mark-sweep generation total 393216K, used 0K [0x00000000e8000000, 0x0000000100000000, 0x0000000100000000)
 Metaspace       used 23679K, capacity 23994K, committed 24260K, reserved 1071104K
  class space    used 2800K, capacity 2943K, committed 3040K, reserved 1048576K
}
2016-03-15T16:53:21.692+0000: 83.474: Total time for which application threads were stopped: 0.0440849 seconds, Stopping threads took: 0.0000640 seconds
2016-03-15T16:53:21.703+0000: 83.486: Total time for which application threads were stopped: 0.0006562 seconds, Stopping threads took: 0.0004217 seconds
2016-03-15T16:53:22.736+0000: 84.518: Total time for which application threads were stopped: 0.0001421 seconds, Stopping threads took: 0.0000466 seconds
2016-03-15T16:54:08.862+0000: 130.646: Total time for which application threads were stopped: 0.0001461 seconds, Stopping threads took: 0.0000466 seconds
2016-03-15T16:56:02.842+0000: 244.629: Total time for which application threads were stopped: 0.0001761 seconds, Stopping threads took: 0.0000537 seconds
{Heap before GC invocations=7 (full 1):
 par new generation   total 109248K, used 96548K [0x00000000e0000000, 0x00000000e8000000, 0x00000000e8000000)
  eden space 87424K, 100% used [0x00000000e0000000, 0x00000000e5560000, 0x00000000e5560000)
  from space 21824K,  41% used [0x00000000e6ab0000, 0x00000000e7399308, 0x00000000e8000000)
  to   space 21824K,   0% used [0x00000000e5560000, 0x00000000e5560000, 0x00000000e6ab0000)
 concurrent mark-sweep generation total 393216K, used 0K [0x00000000e8000000, 0x0000000100000000, 0x0000000100000000)
 Metaspace       used 23720K, capacity 24064K, committed 24516K, reserved 1071104K
  class space    used 2800K, capacity 2944K, committed 3040K, reserved 1048576K
2016-03-15T16:56:02.919+0000: 244.706: [GC (Allocation Failure) 2016-03-15T16:56:02.920+0000: 244.706: [ParNew
Desired survivor size 20112992 bytes, new threshold 8 (max 8)
- age   1:     393008 bytes,     393008 total
- age   2:      87232 bytes,     480240 total
- age   3:       4808 bytes,     485048 total
- age   4:     153512 bytes,     638560 total
- age   5:      34520 bytes,     673080 total
- age   6:     224360 bytes,     897440 total
- age   7:    2863888 bytes,    3761328 total
- age   8:    2542768 bytes,    6304096 total
: 96548K->8482K(109248K), 0.0390399 secs] 96548K->8482K(502464K), 0.0392113 secs] [Times: user=0.06 sys=0.00, real=0.04 secs] 
Heap after GC invocations=8 (full 1):
 par new generation   total 109248K, used 8482K [0x00000000e0000000, 0x00000000e8000000, 0x00000000e8000000)
  eden space 87424K,   0% used [0x00000000e0000000, 0x00000000e0000000, 0x00000000e5560000)
  from space 21824K,  38% used [0x00000000e5560000, 0x00000000e5da8b40, 0x00000000e6ab0000)
  to   space 21824K,   0% used [0x00000000e6ab0000, 0x00000000e6ab0000, 0x00000000e8000000)
 concurrent mark-sweep generation total 393216K, used 0K [0x00000000e8000000, 0x0000000100000000, 0x0000000100000000)
 Metaspace       used 23720K, capacity 24064K, committed 24516K, reserved 1071104K
  class space    used 2800K, capacity 2944K, committed 3040K, reserved 1048576K
}
2016-03-15T16:56:02.959+0000: 244.745: Total time for which application threads were stopped: 0.0396495 seconds, Stopping threads took: 0.0000553 seconds
2016-03-15T16:56:02.960+0000: 244.747: Total time for which application threads were stopped: 0.0010226 seconds, Stopping threads took: 0.0008457 seconds
2016-03-15T16:56:02.961+0000: 244.748: Total time for which application threads were stopped: 0.0001153 seconds, Stopping threads took: 0.0000379 seconds
{Heap before GC invocations=8 (full 1):
 par new generation   total 109248K, used 95906K [0x00000000e0000000, 0x00000000e8000000, 0x00000000e8000000)
  eden space 87424K, 100% used [0x00000000e0000000, 0x00000000e5560000, 0x00000000e5560000)
  from space 21824K,  38% used [0x00000000e5560000, 0x00000000e5da8b40, 0x00000000e6ab0000)
  to   space 21824K,   0% used [0x00000000e6ab0000, 0x00000000e6ab0000, 0x00000000e8000000)
 concurrent mark-sweep generation total 393216K, used 0K [0x00000000e8000000, 0x0000000100000000, 0x0000000100000000)
 Metaspace       used 23735K, capacity 24070K, committed 24516K, reserved 1071104K
  class space    used 2801K, capacity 2945K, committed 3040K, reserved 1048576K
2016-03-15T16:56:03.213+0000: 245.000: [GC (Allocation Failure) 2016-03-15T16:56:03.213+0000: 245.000: [ParNew
Desired survivor size 20112992 bytes, new threshold 8 (max 8)
- age   1:     830696 bytes,     830696 total
- age   2:     178320 bytes,    1009016 total
- age   3:      86400 bytes,    1095416 total
- age   4:       4808 bytes,    1100224 total
- age   5:     153512 bytes,    1253736 total
- age   6:      34520 bytes,    1288256 total
- age   7:     224256 bytes,    1512512 total
- age   8:    2863888 bytes,    4376400 total
: 95906K->6313K(109248K), 0.0694040 secs] 95906K->9029K(502464K), 0.0695754 secs] [Times: user=0.16 sys=0.00, real=0.07 secs] 
Heap after GC invocations=9 (full 1):
 par new generation   total 109248K, used 6313K [0x00000000e0000000, 0x00000000e8000000, 0x00000000e8000000)
  eden space 87424K,   0% used [0x00000000e0000000, 0x00000000e0000000, 0x00000000e5560000)
  from space 21824K,  28% used [0x00000000e6ab0000, 0x00000000e70da740, 0x00000000e8000000)
  to   space 21824K,   0% used [0x00000000e5560000, 0x00000000e5560000, 0x00000000e6ab0000)
 concurrent mark-sweep generation total 393216K, used 2715K [0x00000000e8000000, 0x0000000100000000, 0x0000000100000000)
 Metaspace       used 23735K, capacity 24070K, committed 24516K, reserved 1071104K
  class space    used 2801K, capacity 2945K, committed 3040K, reserved 1048576K
}
2016-03-15T16:56:03.283+0000: 245.070: Total time for which application threads were stopped: 0.0700381 seconds, Stopping threads took: 0.0000553 seconds
2016-03-15T16:56:03.318+0000: 245.105: Total time for which application threads were stopped: 0.0026019 seconds, Stopping threads took: 0.0024045 seconds
2016-03-15T16:56:04.326+0000: 246.112: Total time for which application threads were stopped: 0.0001935 seconds, Stopping threads took: 0.0000537 seconds
2016-03-15T16:56:11.356+0000: 253.142: Total time for which application threads were stopped: 0.0001556 seconds, Stopping threads took: 0.0000569 seconds
2016-03-15T16:56:13.118+0000: 254.904: Total time for which application threads were stopped: 0.0001729 seconds, Stopping threads took: 0.0000561 seconds
{Heap before GC invocations=9 (full 1):
 par new generation   total 109248K, used 93737K [0x00000000e0000000, 0x00000000e8000000, 0x00000000e8000000)
  eden space 87424K, 100% used [0x00000000e0000000, 0x00000000e5560000, 0x00000000e5560000)
  from space 21824K,  28% used [0x00000000e6ab0000, 0x00000000e70da740, 0x00000000e8000000)
  to   space 21824K,   0% used [0x00000000e5560000, 0x00000000e5560000, 0x00000000e6ab0000)
 concurrent mark-sweep generation total 393216K, used 2715K [0x00000000e8000000, 0x0000000100000000, 0x0000000100000000)
 Metaspace       used 23794K, capacity 24140K, committed 24516K, reserved 1071104K
  class space    used 2801K, capacity 2946K, committed 3040K, reserved 1048576K
2016-03-15T16:56:13.377+0000: 255.164: [GC (Allocation Failure) 2016-03-15T16:56:13.377+0000: 255.164: [ParNew
Desired survivor size 20112992 bytes, new threshold 8 (max 8)
- age   1:    1006640 bytes,    1006640 total
- age   2:       4648 bytes,    1011288 total
- age   3:     112296 bytes,    1123584 total
- age   4:      83632 bytes,    1207216 total
- age   5:       4808 bytes,    1212024 total
- age   6:     153488 bytes,    1365512 total
- age   7:      34416 bytes,    1399928 total
- age   8:     224256 bytes,    1624184 total
: 93737K->2989K(109248K), 0.0418984 secs] 96453K->8645K(502464K), 0.0420753 secs] [Times: user=0.03 sys=0.00, real=0.04 secs] 
Heap after GC invocations=10 (full 1):
 par new generation   total 109248K, used 2989K [0x00000000e0000000, 0x00000000e8000000, 0x00000000e8000000)
  eden space 87424K,   0% used [0x00000000e0000000, 0x00000000e0000000, 0x00000000e5560000)
  from space 21824K,  13% used [0x00000000e5560000, 0x00000000e584b788, 0x00000000e6ab0000)
  to   space 21824K,   0% used [0x00000000e6ab0000, 0x00000000e6ab0000, 0x00000000e8000000)
 concurrent mark-sweep generation total 393216K, used 5655K [0x00000000e8000000, 0x0000000100000000, 0x0000000100000000)
 Metaspace       used 23794K, capacity 24140K, committed 24516K, reserved 1071104K
  class space    used 2801K, capacity 2946K, committed 3040K, reserved 1048576K
}
2016-03-15T16:56:13.419+0000: 255.206: Total time for which application threads were stopped: 0.0425657 seconds, Stopping threads took: 0.0000537 seconds
2016-03-15T16:56:13.455+0000: 255.241: Total time for which application threads were stopped: 0.0028553 seconds, Stopping threads took: 0.0025616 seconds
2016-03-15T16:56:13.455+0000: 255.242: Total time for which application threads were stopped: 0.0001358 seconds, Stopping threads took: 0.0000679 seconds
{Heap before GC invocations=10 (full 1):
 par new generation   total 109248K, used 90413K [0x00000000e0000000, 0x00000000e8000000, 0x00000000e8000000)
  eden space 87424K, 100% used [0x00000000e0000000, 0x00000000e5560000, 0x00000000e5560000)
  from space 21824K,  13% used [0x00000000e5560000, 0x00000000e584b788, 0x00000000e6ab0000)
  to   space 21824K,   0% used [0x00000000e6ab0000, 0x00000000e6ab0000, 0x00000000e8000000)
 concurrent mark-sweep generation total 393216K, used 5655K [0x00000000e8000000, 0x0000000100000000, 0x0000000100000000)
 Metaspace       used 23800K, capacity 24204K, committed 24516K, reserved 1071104K
  class space    used 2801K, capacity 2946K, committed 3040K, reserved 1048576K
2016-03-15T16:56:13.650+0000: 255.437: [GC (Allocation Failure) 2016-03-15T16:56:13.650+0000: 255.437: [ParNew
Desired survivor size 20112992 bytes, new threshold 8 (max 8)
- age   1:     549688 bytes,     549688 total
- age   2:     791848 bytes,    1341536 total
- age   3:       4648 bytes,    1346184 total
- age   4:     112296 bytes,    1458480 total
- age   5:      83632 bytes,    1542112 total
- age   6:       4808 bytes,    1546920 total
- age   7:     153488 bytes,    1700408 total
- age   8:      34416 bytes,    1734824 total
: 90413K->1822K(109248K), 0.0152346 secs] 96069K->7703K(502464K), 0.0153862 secs] [Times: user=0.03 sys=0.00, real=0.01 secs] 
Heap after GC invocations=11 (full 1):
 par new generation   total 109248K, used 1822K [0x00000000e0000000, 0x00000000e8000000, 0x00000000e8000000)
  eden space 87424K,   0% used [0x00000000e0000000, 0x00000000e0000000, 0x00000000e5560000)
  from space 21824K,   8% used [0x00000000e6ab0000, 0x00000000e6c77b10, 0x00000000e8000000)
  to   space 21824K,   0% used [0x00000000e5560000, 0x00000000e5560000, 0x00000000e6ab0000)
 concurrent mark-sweep generation total 393216K, used 5880K [0x00000000e8000000, 0x0000000100000000, 0x0000000100000000)
 Metaspace       used 23800K, capacity 24204K, committed 24516K, reserved 1071104K
  class space    used 2801K, capacity 2946K, committed 3040K, reserved 1048576K
}
2016-03-15T16:56:13.665+0000: 255.452: Total time for which application threads were stopped: 0.0158505 seconds, Stopping threads took: 0.0000450 seconds
2016-03-15T16:56:13.667+0000: 255.454: Total time for which application threads were stopped: 0.0015690 seconds, Stopping threads took: 0.0013629 seconds
2016-03-15T16:56:14.674+0000: 256.460: Total time for which application threads were stopped: 0.0001540 seconds, Stopping threads took: 0.0000474 seconds
2016-03-15T16:57:03.797+0000: 305.585: Total time for which application threads were stopped: 0.0001619 seconds, Stopping threads took: 0.0000600 seconds
2016-03-15T17:02:10.552+0000: 612.356: Total time for which application threads were stopped: 0.0001982 seconds, Stopping threads took: 0.0000624 seconds
{Heap before GC invocations=11 (full 1):
 par new generation   total 109248K, used 89246K [0x00000000e0000000, 0x00000000e8000000, 0x00000000e8000000)
  eden space 87424K, 100% used [0x00000000e0000000, 0x00000000e5560000, 0x00000000e5560000)
  from space 21824K,   8% used [0x00000000e6ab0000, 0x00000000e6c77b10, 0x00000000e8000000)
  to   space 21824K,   0% used [0x00000000e5560000, 0x00000000e5560000, 0x00000000e6ab0000)
 concurrent mark-sweep generation total 393216K, used 5880K [0x00000000e8000000, 0x0000000100000000, 0x0000000100000000)
 Metaspace       used 23819K, capacity 24210K, committed 24516K, reserved 1071104K
  class space    used 2802K, capacity 2947K, committed 3040K, reserved 1048576K
2016-03-15T17:02:10.935+0000: 612.734: [GC (Allocation Failure) 2016-03-15T17:02:10.935+0000: 612.734: [ParNew
Desired survivor size 20112992 bytes, new threshold 8 (max 8)
- age   1:    1176920 bytes,    1176920 total
- age   2:       1520 bytes,    1178440 total
- age   3:     107424 bytes,    1285864 total
- age   4:       4648 bytes,    1290512 total
- age   5:     103944 bytes,    1394456 total
- age   6:      83632 bytes,    1478088 total
- age   7:       4808 bytes,    1482896 total
- age   8:     153488 bytes,    1636384 total
: 89246K->2573K(109248K), 0.0239933 secs] 95127K->8488K(502464K), 0.0241646 secs] [Times: user=0.03 sys=0.00, real=0.02 secs] 
Heap after GC invocations=12 (full 1):
 par new generation   total 109248K, used 2573K [0x00000000e0000000, 0x00000000e8000000, 0x00000000e8000000)
  eden space 87424K,   0% used [0x00000000e0000000, 0x00000000e0000000, 0x00000000e5560000)
  from space 21824K,  11% used [0x00000000e5560000, 0x00000000e57e3510, 0x00000000e6ab0000)
  to   space 21824K,   0% used [0x00000000e6ab0000, 0x00000000e6ab0000, 0x00000000e8000000)
 concurrent mark-sweep generation total 393216K, used 5914K [0x00000000e8000000, 0x0000000100000000, 0x0000000100000000)
 Metaspace       used 23819K, capacity 24210K, committed 24516K, reserved 1071104K
  class space    used 2802K, capacity 2947K, committed 3040K, reserved 1048576K
}
2016-03-15T17:02:10.960+0000: 612.758: Total time for which application threads were stopped: 0.0246526 seconds, Stopping threads took: 0.0000726 seconds
2016-03-15T17:02:10.963+0000: 612.762: Total time for which application threads were stopped: 0.0010763 seconds, Stopping threads took: 0.0008915 seconds
2016-03-15T17:02:11.964+0000: 613.763: Total time for which application threads were stopped: 0.0001461 seconds, Stopping threads took: 0.0000458 seconds
2016-03-15T17:02:12.392+0000: 614.199: Total time for which application threads were stopped: 0.0001540 seconds, Stopping threads took: 0.0000458 seconds
{Heap before GC invocations=12 (full 1):
 par new generation   total 109248K, used 89997K [0x00000000e0000000, 0x00000000e8000000, 0x00000000e8000000)
  eden space 87424K, 100% used [0x00000000e0000000, 0x00000000e5560000, 0x00000000e5560000)
  from space 21824K,  11% used [0x00000000e5560000, 0x00000000e57e3510, 0x00000000e6ab0000)
  to   space 21824K,   0% used [0x00000000e6ab0000, 0x00000000e6ab0000, 0x00000000e8000000)
 concurrent mark-sweep generation total 393216K, used 5914K [0x00000000e8000000, 0x0000000100000000, 0x0000000100000000)
 Metaspace       used 23833K, capacity 24210K, committed 24516K, reserved 1071104K
  class space    used 2802K, capacity 2947K, committed 3040K, reserved 1048576K
2016-03-15T17:02:12.457+0000: 614.255: [GC (Allocation Failure) 2016-03-15T17:02:12.457+0000: 614.256: [ParNew
Desired survivor size 20112992 bytes, new threshold 8 (max 8)
- age   1:     292840 bytes,     292840 total
- age   2:     129336 bytes,     422176 total
- age   3:       1520 bytes,     423696 total
- age   4:     104680 bytes,     528376 total
- age   5:       4648 bytes,     533024 total
- age   6:     103648 bytes,     636672 total
- age   7:      83632 bytes,     720304 total
- age   8:       4728 bytes,     725032 total
: 89997K->1150K(109248K), 0.0131081 secs] 95912K->7217K(502464K), 0.0132794 secs] [Times: user=0.00 sys=0.00, real=0.01 secs] 
Heap after GC invocations=13 (full 1):
 par new generation   total 109248K, used 1150K [0x00000000e0000000, 0x00000000e8000000, 0x00000000e8000000)
  eden space 87424K,   0% used [0x00000000e0000000, 0x00000000e0000000, 0x00000000e5560000)
  from space 21824K,   5% used [0x00000000e6ab0000, 0x00000000e6bcfac0, 0x00000000e8000000)
  to   space 21824K,   0% used [0x00000000e5560000, 0x00000000e5560000, 0x00000000e6ab0000)
 concurrent mark-sweep generation total 393216K, used 6066K [0x00000000e8000000, 0x0000000100000000, 0x0000000100000000)
 Metaspace       used 23833K, capacity 24210K, committed 24516K, reserved 1071104K
  class space    used 2802K, capacity 2947K, committed 3040K, reserved 1048576K
}
2016-03-15T17:02:12.470+0000: 614.269: Total time for which application threads were stopped: 0.0137240 seconds, Stopping threads took: 0.0000474 seconds
2016-03-15T17:02:12.472+0000: 614.271: Total time for which application threads were stopped: 0.0004872 seconds, Stopping threads took: 0.0003009 seconds
2016-03-15T17:02:12.472+0000: 614.271: Total time for which application threads were stopped: 0.0001248 seconds, Stopping threads took: 0.0000466 seconds
{Heap before GC invocations=13 (full 1):
 par new generation   total 109248K, used 88574K [0x00000000e0000000, 0x00000000e8000000, 0x00000000e8000000)
  eden space 87424K, 100% used [0x00000000e0000000, 0x00000000e5560000, 0x00000000e5560000)
  from space 21824K,   5% used [0x00000000e6ab0000, 0x00000000e6bcfac0, 0x00000000e8000000)
  to   space 21824K,   0% used [0x00000000e5560000, 0x00000000e5560000, 0x00000000e6ab0000)
 concurrent mark-sweep generation total 393216K, used 6066K [0x00000000e8000000, 0x0000000100000000, 0x0000000100000000)
 Metaspace       used 23861K, capacity 24210K, committed 24516K, reserved 1071104K
  class space    used 2802K, capacity 2947K, committed 3040K, reserved 1048576K
2016-03-15T17:02:12.678+0000: 614.477: [GC (Allocation Failure) 2016-03-15T17:02:12.678+0000: 614.477: [ParNew
Desired survivor size 20112992 bytes, new threshold 8 (max 8)
- age   1:     673976 bytes,     673976 total
- age   2:     126720 bytes,     800696 total
- age   3:     128504 bytes,     929200 total
- age   4:       1520 bytes,     930720 total
- age   5:     104680 bytes,    1035400 total
- age   6:       4648 bytes,    1040048 total
- age   7:     103648 bytes,    1143696 total
- age   8:      83632 bytes,    1227328 total
: 88574K->1294K(109248K), 0.0109113 secs] 94641K->7366K(502464K), 0.0110645 secs] [Times: user=0.00 sys=0.00, real=0.01 secs] 
Heap after GC invocations=14 (full 1):
 par new generation   total 109248K, used 1294K [0x00000000e0000000, 0x00000000e8000000, 0x00000000e8000000)
  eden space 87424K,   0% used [0x00000000e0000000, 0x00000000e0000000, 0x00000000e5560000)
  from space 21824K,   5% used [0x00000000e5560000, 0x00000000e56a3a78, 0x00000000e6ab0000)
  to   space 21824K,   0% used [0x00000000e6ab0000, 0x00000000e6ab0000, 0x00000000e8000000)
 concurrent mark-sweep generation total 393216K, used 6071K [0x00000000e8000000, 0x0000000100000000, 0x0000000100000000)
 Metaspace       used 23861K, capacity 24210K, committed 24516K, reserved 1071104K
  class space    used 2802K, capacity 2947K, committed 3040K, reserved 1048576K
}
2016-03-15T17:02:12.689+0000: 614.488: Total time for which application threads were stopped: 0.0115422 seconds, Stopping threads took: 0.0000561 seconds
2016-03-15T17:02:12.874+0000: 614.673: Total time for which application threads were stopped: 0.0003040 seconds, Stopping threads took: 0.0000545 seconds
{Heap before GC invocations=14 (full 1):
 par new generation   total 109248K, used 88718K [0x00000000e0000000, 0x00000000e8000000, 0x00000000e8000000)
  eden space 87424K, 100% used [0x00000000e0000000, 0x00000000e5560000, 0x00000000e5560000)
  from space 21824K,   5% used [0x00000000e5560000, 0x00000000e56a3a78, 0x00000000e6ab0000)
  to   space 21824K,   0% used [0x00000000e6ab0000, 0x00000000e6ab0000, 0x00000000e8000000)
 concurrent mark-sweep generation total 393216K, used 6071K [0x00000000e8000000, 0x0000000100000000, 0x0000000100000000)
 Metaspace       used 23905K, capacity 24280K, committed 24516K, reserved 1071104K
  class space    used 2802K, capacity 2948K, committed 3040K, reserved 1048576K
2016-03-15T17:02:31.058+0000: 632.857: [GC (Allocation Failure) 2016-03-15T17:02:31.059+0000: 632.858: [ParNew
Desired survivor size 20112992 bytes, new threshold 8 (max 8)
- age   1:     801952 bytes,     801952 total
- age   2:       3472 bytes,     805424 total
- age   3:      80664 bytes,     886088 total
- age   4:     125568 bytes,    1011656 total
- age   5:       1520 bytes,    1013176 total
- age   6:     104632 bytes,    1117808 total
- age   7:       4648 bytes,    1122456 total
- age   8:     103648 bytes,    1226104 total
: 88718K->1838K(109248K), 0.0145571 secs] 94790K->7992K(502464K), 0.0149969 secs] [Times: user=0.03 sys=0.00, real=0.01 secs] 
Heap after GC invocations=15 (full 1):
 par new generation   total 109248K, used 1838K [0x00000000e0000000, 0x00000000e8000000, 0x00000000e8000000)
  eden space 87424K,   0% used [0x00000000e0000000, 0x00000000e0000000, 0x00000000e5560000)
  from space 21824K,   8% used [0x00000000e6ab0000, 0x00000000e6c7b880, 0x00000000e8000000)
  to   space 21824K,   0% used [0x00000000e5560000, 0x00000000e5560000, 0x00000000e6ab0000)
 concurrent mark-sweep generation total 393216K, used 6154K [0x00000000e8000000, 0x0000000100000000, 0x0000000100000000)
 Metaspace       used 23905K, capacity 24280K, committed 24516K, reserved 1071104K
  class space    used 2802K, capacity 2948K, committed 3040K, reserved 1048576K
}
2016-03-15T17:02:31.074+0000: 632.873: Total time for which application threads were stopped: 0.0155030 seconds, Stopping threads took: 0.0000711 seconds
2016-03-15T17:02:31.080+0000: 632.879: Total time for which application threads were stopped: 0.0011158 seconds, Stopping threads took: 0.0008931 seconds
{Heap before GC invocations=15 (full 1):
 par new generation   total 109248K, used 89262K [0x00000000e0000000, 0x00000000e8000000, 0x00000000e8000000)
  eden space 87424K, 100% used [0x00000000e0000000, 0x00000000e5560000, 0x00000000e5560000)
  from space 21824K,   8% used [0x00000000e6ab0000, 0x00000000e6c7b880, 0x00000000e8000000)
  to   space 21824K,   0% used [0x00000000e5560000, 0x00000000e5560000, 0x00000000e6ab0000)
 concurrent mark-sweep generation total 393216K, used 6154K [0x00000000e8000000, 0x0000000100000000, 0x0000000100000000)
 Metaspace       used 23936K, capacity 24328K, committed 24516K, reserved 1071104K
  class space    used 2807K, capacity 2956K, committed 3040K, reserved 1048576K
2016-03-15T17:02:31.274+0000: 633.073: [GC (Allocation Failure) 2016-03-15T17:02:31.274+0000: 633.073: [ParNew
Desired survivor size 20112992 bytes, new threshold 8 (max 8)
- age   1:     425192 bytes,     425192 total
- age   2:     748528 bytes,    1173720 total
- age   3:       3472 bytes,    1177192 total
- age   4:      80664 bytes,    1257856 total
- age   5:     125568 bytes,    1383424 total
- age   6:       1520 bytes,    1384944 total
- age   7:     104632 bytes,    1489576 total
- age   8:       4648 bytes,    1494224 total
: 89262K->1551K(109248K), 0.0278341 secs] 95416K->7808K(502464K), 0.0279905 secs] [Times: user=0.05 sys=0.00, real=0.03 secs] 
Heap after GC invocations=16 (full 1):
 par new generation   total 109248K, used 1551K [0x00000000e0000000, 0x00000000e8000000, 0x00000000e8000000)
  eden space 87424K,   0% used [0x00000000e0000000, 0x00000000e0000000, 0x00000000e5560000)
  from space 21824K,   7% used [0x00000000e5560000, 0x00000000e56e3c58, 0x00000000e6ab0000)
  to   space 21824K,   0% used [0x00000000e6ab0000, 0x00000000e6ab0000, 0x00000000e8000000)
 concurrent mark-sweep generation total 393216K, used 6257K [0x00000000e8000000, 0x0000000100000000, 0x0000000100000000)
 Metaspace       used 23936K, capacity 24328K, committed 24516K, reserved 1071104K
  class space    used 2807K, capacity 2956K, committed 3040K, reserved 1048576K
}
2016-03-15T17:02:31.302+0000: 633.101: Total time for which application threads were stopped: 0.0284342 seconds, Stopping threads took: 0.0000616 seconds
2016-03-15T17:02:31.307+0000: 633.106: Total time for which application threads were stopped: 0.0011339 seconds, Stopping threads took: 0.0008718 seconds
2016-03-15T17:02:31.534+0000: 633.333: Total time for which application threads were stopped: 0.0006878 seconds, Stopping threads took: 0.0000545 seconds
2016-03-15T17:02:31.651+0000: 633.450: Total time for which application threads were stopped: 0.0002243 seconds, Stopping threads took: 0.0000592 seconds
2016-03-15T17:02:31.766+0000: 633.565: Total time for which application threads were stopped: 0.0006499 seconds, Stopping threads took: 0.0000553 seconds
2016-03-15T17:02:31.977+0000: 633.776: Total time for which application threads were stopped: 0.0010494 seconds, Stopping threads took: 0.0008844 seconds
2016-03-15T17:02:31.979+0000: 633.778: Total time for which application threads were stopped: 0.0001508 seconds, Stopping threads took: 0.0000379 seconds
2016-03-15T17:02:31.992+0000: 633.791: Total time for which application threads were stopped: 0.0001556 seconds, Stopping threads took: 0.0000482 seconds
2016-03-15T17:02:32.293+0000: 634.093: Total time for which application threads were stopped: 0.0001492 seconds, Stopping threads took: 0.0000490 seconds
2016-03-15T17:02:32.294+0000: 634.093: Total time for which application threads were stopped: 0.0000805 seconds, Stopping threads took: 0.0000276 seconds
2016-03-15T17:02:32.433+0000: 634.232: Total time for which application threads were stopped: 0.0001595 seconds, Stopping threads took: 0.0000426 seconds
2016-03-15T17:02:32.440+0000: 634.239: Total time for which application threads were stopped: 0.0001413 seconds, Stopping threads took: 0.0000513 seconds
2016-03-15T17:02:32.480+0000: 634.279: Total time for which application threads were stopped: 0.0002377 seconds, Stopping threads took: 0.0000426 seconds
2016-03-15T17:02:32.497+0000: 634.296: Total time for which application threads were stopped: 0.0001556 seconds, Stopping threads took: 0.0000497 seconds
2016-03-15T17:02:32.610+0000: 634.409: Total time for which application threads were stopped: 0.0001950 seconds, Stopping threads took: 0.0000490 seconds
2016-03-15T17:02:32.613+0000: 634.412: Total time for which application threads were stopped: 0.0001611 seconds, Stopping threads took: 0.0000363 seconds
2016-03-15T17:02:32.613+0000: 634.413: Total time for which application threads were stopped: 0.0001019 seconds, Stopping threads took: 0.0000197 seconds
2016-03-15T17:02:32.614+0000: 634.413: Total time for which application threads were stopped: 0.0001058 seconds, Stopping threads took: 0.0000205 seconds
2016-03-15T17:02:32.645+0000: 634.444: Total time for which application threads were stopped: 0.0001611 seconds, Stopping threads took: 0.0000426 seconds
2016-03-15T17:02:32.646+0000: 634.445: Total time for which application threads were stopped: 0.0001271 seconds, Stopping threads took: 0.0000411 seconds
2016-03-15T17:02:33.646+0000: 635.445: Total time for which application threads were stopped: 0.0001769 seconds, Stopping threads took: 0.0000584 seconds
2016-03-15T17:04:32.066+0000: 753.869: Total time for which application threads were stopped: 0.0002014 seconds, Stopping threads took: 0.0000750 seconds
2016-03-15T17:04:32.108+0000: 753.911: Total time for which application threads were stopped: 0.0002203 seconds, Stopping threads took: 0.0001121 seconds
2016-03-15T17:04:33.111+0000: 754.914: Total time for which application threads were stopped: 0.0001398 seconds, Stopping threads took: 0.0000450 seconds
2016-03-15T17:04:41.742+0000: 763.545: Total time for which application threads were stopped: 0.0033631 seconds, Stopping threads took: 0.0032288 seconds
2016-03-15T17:04:41.744+0000: 763.547: Total time for which application threads were stopped: 0.0001595 seconds, Stopping threads took: 0.0000711 seconds
2016-03-15T17:04:41.747+0000: 763.550: Total time for which application threads were stopped: 0.0001342 seconds, Stopping threads took: 0.0000371 seconds
2016-03-15T17:04:41.752+0000: 763.555: Total time for which application threads were stopped: 0.0001824 seconds, Stopping threads took: 0.0000624 seconds
2016-03-15T17:04:41.755+0000: 763.558: Total time for which application threads were stopped: 0.0001461 seconds, Stopping threads took: 0.0000395 seconds
2016-03-15T17:04:41.755+0000: 763.558: Total time for which application threads were stopped: 0.0000829 seconds, Stopping threads took: 0.0000190 seconds
2016-03-15T17:04:41.756+0000: 763.560: Total time for which application threads were stopped: 0.0001090 seconds, Stopping threads took: 0.0000324 seconds
2016-03-15T17:04:41.756+0000: 763.560: Total time for which application threads were stopped: 0.0000853 seconds, Stopping threads took: 0.0000253 seconds
2016-03-15T17:04:41.757+0000: 763.560: Total time for which application threads were stopped: 0.0000861 seconds, Stopping threads took: 0.0000253 seconds
2016-03-15T17:04:41.758+0000: 763.562: Total time for which application threads were stopped: 0.0001279 seconds, Stopping threads took: 0.0000403 seconds
2016-03-15T17:04:41.758+0000: 763.562: Total time for which application threads were stopped: 0.0000884 seconds, Stopping threads took: 0.0000268 seconds
2016-03-15T17:04:41.759+0000: 763.562: Total time for which application threads were stopped: 0.0000940 seconds, Stopping threads took: 0.0000316 seconds
2016-03-15T17:04:41.763+0000: 763.567: Total time for which application threads were stopped: 0.0001579 seconds, Stopping threads took: 0.0000505 seconds
2016-03-15T17:04:41.770+0000: 763.573: Total time for which application threads were stopped: 0.0002061 seconds, Stopping threads took: 0.0000576 seconds
2016-03-15T17:04:41.770+0000: 763.574: Total time for which application threads were stopped: 0.0001050 seconds, Stopping threads took: 0.0000513 seconds
2016-03-15T17:04:41.771+0000: 763.574: Total time for which application threads were stopped: 0.0000916 seconds, Stopping threads took: 0.0000355 seconds
2016-03-15T17:04:41.773+0000: 763.576: Total time for which application threads were stopped: 0.0001137 seconds, Stopping threads took: 0.0000458 seconds
2016-03-15T17:04:41.779+0000: 763.582: Total time for which application threads were stopped: 0.0002345 seconds, Stopping threads took: 0.0001508 seconds
2016-03-15T17:04:41.788+0000: 763.591: Total time for which application threads were stopped: 0.0001074 seconds, Stopping threads took: 0.0000363 seconds
2016-03-15T17:04:41.788+0000: 763.591: Total time for which application threads were stopped: 0.0000521 seconds, Stopping threads took: 0.0000190 seconds
2016-03-15T17:04:41.788+0000: 763.592: Total time for which application threads were stopped: 0.0000561 seconds, Stopping threads took: 0.0000182 seconds
2016-03-15T17:04:41.789+0000: 763.592: Total time for which application threads were stopped: 0.0000521 seconds, Stopping threads took: 0.0000190 seconds
2016-03-15T17:04:41.789+0000: 763.592: Total time for which application threads were stopped: 0.0000497 seconds, Stopping threads took: 0.0000182 seconds
Heap
 par new generation   total 109248K, used 66720K [0x00000000e0000000, 0x00000000e8000000, 0x00000000e8000000)
  eden space 87424K,  74% used [0x00000000e0000000, 0x00000000e3fa4410, 0x00000000e5560000)
  from space 21824K,   7% used [0x00000000e5560000, 0x00000000e56e3c58, 0x00000000e6ab0000)
  to   space 21824K,   0% used [0x00000000e6ab0000, 0x00000000e6ab0000, 0x00000000e8000000)
 concurrent mark-sweep generation total 393216K, used 6257K [0x00000000e8000000, 0x0000000100000000, 0x0000000100000000)
 Metaspace       used 27931K, capacity 28346K, committed 28612K, reserved 1075200K
  class space    used 3298K, capacity 3459K, committed 3552K, reserved 1048576K
