Java HotSpot(TM) 64-Bit Server VM (25.73-b02) for windows-amd64 JRE (1.8.0_73-b02), built on Jan 29 2016 17:38:49 by "java_re" with MS VC++ 10.0 (VS2010)
Memory: 4k page, physical 4027256k(1134952k free), swap 8052676k(2103324k free)
CommandLine flags: -XX:CMSInitiatingOccupancyFraction=50 -XX:CMSMaxAbortablePrecleanTime=6000 -XX:+CMSParallelRemarkEnabled -XX:+CMSScavengeBeforeRemark -XX:ConcGCThreads=4 -XX:InitialHeapSize=536870912 -XX:MaxHeapSize=536870912 -XX:MaxTenuringThreshold=8 -XX:NewRatio=3 -XX:OldPLABSize=16 -XX:ParallelGCThreads=4 -XX:+ParallelRefProcEnabled -XX:PretenureSizeThreshold=67108864 -XX:+PrintGC -XX:+PrintGCApplicationStoppedTime -XX:+PrintGCDateStamps -XX:+PrintGCDetails -XX:+PrintGCTimeStamps -XX:+PrintHeapAtGC -XX:+PrintTenuringDistribution -XX:SurvivorRatio=4 -XX:TargetSurvivorRatio=90 -XX:ThreadStackSize=256 -XX:+UseCMSInitiatingOccupancyOnly -XX:+UseCompressedClassPointers -XX:+UseCompressedOops -XX:+UseConcMarkSweepGC -XX:-UseLargePagesIndividualAllocation -XX:+UseParNewGC 
2016-03-28T10:07:41.980+0100: 1.070: Total time for which application threads were stopped: 0.0019464 seconds, Stopping threads took: 0.0018035 seconds
2016-03-28T10:07:42.821+0100: 1.911: Total time for which application threads were stopped: 0.0002566 seconds, Stopping threads took: 0.0000442 seconds
2016-03-28T10:07:42.894+0100: 1.984: Total time for which application threads were stopped: 0.0001927 seconds, Stopping threads took: 0.0000426 seconds
2016-03-28T10:07:43.734+0100: 2.824: Total time for which application threads were stopped: 0.0536364 seconds, Stopping threads took: 0.0533885 seconds
2016-03-28T10:07:43.930+0100: 3.019: Total time for which application threads were stopped: 0.0003348 seconds, Stopping threads took: 0.0000513 seconds
2016-03-28T10:07:43.956+0100: 3.046: Total time for which application threads were stopped: 0.0002740 seconds, Stopping threads took: 0.0000466 seconds
2016-03-28T10:07:44.956+0100: 4.046: Total time for which application threads were stopped: 0.0001500 seconds, Stopping threads took: 0.0000458 seconds
{Heap before GC invocations=0 (full 0):
 par new generation   total 109248K, used 87424K [0x00000000e0000000, 0x00000000e8000000, 0x00000000e8000000)
  eden space 87424K, 100% used [0x00000000e0000000, 0x00000000e5560000, 0x00000000e5560000)
  from space 21824K,   0% used [0x00000000e5560000, 0x00000000e5560000, 0x00000000e6ab0000)
  to   space 21824K,   0% used [0x00000000e6ab0000, 0x00000000e6ab0000, 0x00000000e8000000)
 concurrent mark-sweep generation total 393216K, used 0K [0x00000000e8000000, 0x0000000100000000, 0x0000000100000000)
 Metaspace       used 10144K, capacity 10344K, committed 10496K, reserved 1058816K
  class space    used 1166K, capacity 1212K, committed 1280K, reserved 1048576K
2016-03-28T10:07:45.269+0100: 4.359: [GC (Allocation Failure) 2016-03-28T10:07:45.269+0100: 4.359: [ParNew
Desired survivor size 20112992 bytes, new threshold 8 (max 8)
- age   1:    5745856 bytes,    5745856 total
: 87424K->5685K(109248K), 0.0399095 secs] 87424K->5685K(502464K), 0.0402490 secs] [Times: user=0.03 sys=0.00, real=0.04 secs] 
Heap after GC invocations=1 (full 0):
 par new generation   total 109248K, used 5685K [0x00000000e0000000, 0x00000000e8000000, 0x00000000e8000000)
  eden space 87424K,   0% used [0x00000000e0000000, 0x00000000e0000000, 0x00000000e5560000)
  from space 21824K,  26% used [0x00000000e6ab0000, 0x00000000e703d798, 0x00000000e8000000)
  to   space 21824K,   0% used [0x00000000e5560000, 0x00000000e5560000, 0x00000000e6ab0000)
 concurrent mark-sweep generation total 393216K, used 0K [0x00000000e8000000, 0x0000000100000000, 0x0000000100000000)
 Metaspace       used 10144K, capacity 10344K, committed 10496K, reserved 1058816K
  class space    used 1166K, capacity 1212K, committed 1280K, reserved 1048576K
}
2016-03-28T10:07:45.309+0100: 4.399: Total time for which application threads were stopped: 0.0406580 seconds, Stopping threads took: 0.0000537 seconds
2016-03-28T10:07:45.341+0100: 4.431: Total time for which application threads were stopped: 0.0003301 seconds, Stopping threads took: 0.0000434 seconds
2016-03-28T10:07:45.651+0100: 4.741: Total time for which application threads were stopped: 0.0003206 seconds, Stopping threads took: 0.0000371 seconds
2016-03-28T10:07:45.771+0100: 4.861: Total time for which application threads were stopped: 0.0003561 seconds, Stopping threads took: 0.0000521 seconds
2016-03-28T10:07:46.088+0100: 5.186: Total time for which application threads were stopped: 0.0004303 seconds, Stopping threads took: 0.0000450 seconds
2016-03-28T10:07:46.098+0100: 5.189: Total time for which application threads were stopped: 0.0003095 seconds, Stopping threads took: 0.0000332 seconds
2016-03-28T10:07:46.098+0100: 5.197: Total time for which application threads were stopped: 0.0003064 seconds, Stopping threads took: 0.0000340 seconds
2016-03-28T10:07:46.777+0100: 5.867: Total time for which application threads were stopped: 0.0015982 seconds, Stopping threads took: 0.0013826 seconds
2016-03-28T10:07:46.779+0100: 5.869: Total time for which application threads were stopped: 0.0001777 seconds, Stopping threads took: 0.0000521 seconds
2016-03-28T10:07:46.779+0100: 5.869: Total time for which application threads were stopped: 0.0001406 seconds, Stopping threads took: 0.0000434 seconds
2016-03-28T10:07:46.780+0100: 5.870: Total time for which application threads were stopped: 0.0001524 seconds, Stopping threads took: 0.0000324 seconds
2016-03-28T10:07:46.780+0100: 5.870: Total time for which application threads were stopped: 0.0001200 seconds, Stopping threads took: 0.0000261 seconds
2016-03-28T10:07:46.780+0100: 5.870: Total time for which application threads were stopped: 0.0001248 seconds, Stopping threads took: 0.0000292 seconds
2016-03-28T10:07:46.780+0100: 5.870: Total time for which application threads were stopped: 0.0001232 seconds, Stopping threads took: 0.0000284 seconds
2016-03-28T10:07:46.780+0100: 5.870: Total time for which application threads were stopped: 0.0001192 seconds, Stopping threads took: 0.0000284 seconds
2016-03-28T10:07:46.780+0100: 5.870: Total time for which application threads were stopped: 0.0001248 seconds, Stopping threads took: 0.0000300 seconds
2016-03-28T10:07:46.781+0100: 5.871: Total time for which application threads were stopped: 0.0001224 seconds, Stopping threads took: 0.0000300 seconds
2016-03-28T10:07:46.781+0100: 5.871: Total time for which application threads were stopped: 0.0001311 seconds, Stopping threads took: 0.0000300 seconds
2016-03-28T10:07:46.781+0100: 5.871: Total time for which application threads were stopped: 0.0001169 seconds, Stopping threads took: 0.0000261 seconds
2016-03-28T10:07:46.781+0100: 5.871: Total time for which application threads were stopped: 0.0001161 seconds, Stopping threads took: 0.0000253 seconds
2016-03-28T10:07:46.782+0100: 5.872: Total time for which application threads were stopped: 0.0001200 seconds, Stopping threads took: 0.0000268 seconds
2016-03-28T10:07:46.782+0100: 5.872: Total time for which application threads were stopped: 0.0001161 seconds, Stopping threads took: 0.0000245 seconds
2016-03-28T10:07:46.782+0100: 5.872: Total time for which application threads were stopped: 0.0001153 seconds, Stopping threads took: 0.0000253 seconds
2016-03-28T10:07:46.782+0100: 5.872: Total time for which application threads were stopped: 0.0001200 seconds, Stopping threads took: 0.0000261 seconds
2016-03-28T10:07:46.782+0100: 5.872: Total time for which application threads were stopped: 0.0001169 seconds, Stopping threads took: 0.0000253 seconds
2016-03-28T10:07:46.783+0100: 5.873: Total time for which application threads were stopped: 0.0001192 seconds, Stopping threads took: 0.0000276 seconds
2016-03-28T10:07:46.783+0100: 5.873: Total time for which application threads were stopped: 0.0001192 seconds, Stopping threads took: 0.0000261 seconds
2016-03-28T10:07:46.783+0100: 5.873: Total time for which application threads were stopped: 0.0002598 seconds, Stopping threads took: 0.0000221 seconds
2016-03-28T10:07:46.783+0100: 5.873: Total time for which application threads were stopped: 0.0001208 seconds, Stopping threads took: 0.0000197 seconds
2016-03-28T10:07:46.784+0100: 5.874: Total time for which application threads were stopped: 0.0001216 seconds, Stopping threads took: 0.0000197 seconds
2016-03-28T10:07:46.784+0100: 5.874: Total time for which application threads were stopped: 0.0001137 seconds, Stopping threads took: 0.0000190 seconds
2016-03-28T10:07:46.784+0100: 5.874: Total time for which application threads were stopped: 0.0001153 seconds, Stopping threads took: 0.0000190 seconds
2016-03-28T10:07:46.785+0100: 5.875: Total time for which application threads were stopped: 0.0001248 seconds, Stopping threads took: 0.0000600 seconds
2016-03-28T10:07:46.785+0100: 5.875: Total time for which application threads were stopped: 0.0001019 seconds, Stopping threads took: 0.0000387 seconds
2016-03-28T10:07:46.785+0100: 5.875: Total time for which application threads were stopped: 0.0000932 seconds, Stopping threads took: 0.0000340 seconds
2016-03-28T10:07:46.785+0100: 5.875: Total time for which application threads were stopped: 0.0000798 seconds, Stopping threads took: 0.0000205 seconds
2016-03-28T10:07:46.785+0100: 5.875: Total time for which application threads were stopped: 0.0000766 seconds, Stopping threads took: 0.0000190 seconds
2016-03-28T10:07:46.785+0100: 5.875: Total time for which application threads were stopped: 0.0000766 seconds, Stopping threads took: 0.0000190 seconds
2016-03-28T10:07:46.786+0100: 5.876: Total time for which application threads were stopped: 0.0000900 seconds, Stopping threads took: 0.0000190 seconds
2016-03-28T10:07:46.786+0100: 5.876: Total time for which application threads were stopped: 0.0000774 seconds, Stopping threads took: 0.0000197 seconds
2016-03-28T10:07:46.786+0100: 5.876: Total time for which application threads were stopped: 0.0000750 seconds, Stopping threads took: 0.0000182 seconds
2016-03-28T10:07:46.786+0100: 5.876: Total time for which application threads were stopped: 0.0000758 seconds, Stopping threads took: 0.0000190 seconds
2016-03-28T10:07:46.786+0100: 5.876: Total time for which application threads were stopped: 0.0000742 seconds, Stopping threads took: 0.0000182 seconds
2016-03-28T10:07:46.786+0100: 5.876: Total time for which application threads were stopped: 0.0000750 seconds, Stopping threads took: 0.0000190 seconds
2016-03-28T10:07:46.786+0100: 5.876: Total time for which application threads were stopped: 0.0000758 seconds, Stopping threads took: 0.0000190 seconds
2016-03-28T10:07:46.786+0100: 5.876: Total time for which application threads were stopped: 0.0000758 seconds, Stopping threads took: 0.0000190 seconds
2016-03-28T10:07:46.787+0100: 5.877: Total time for which application threads were stopped: 0.0000774 seconds, Stopping threads took: 0.0000190 seconds
2016-03-28T10:07:46.787+0100: 5.877: Total time for which application threads were stopped: 0.0000758 seconds, Stopping threads took: 0.0000190 seconds
2016-03-28T10:07:46.787+0100: 5.877: Total time for which application threads were stopped: 0.0000750 seconds, Stopping threads took: 0.0000182 seconds
2016-03-28T10:07:46.787+0100: 5.877: Total time for which application threads were stopped: 0.0001256 seconds, Stopping threads took: 0.0000190 seconds
2016-03-28T10:07:46.787+0100: 5.877: Total time for which application threads were stopped: 0.0000766 seconds, Stopping threads took: 0.0000190 seconds
2016-03-28T10:07:46.787+0100: 5.877: Total time for which application threads were stopped: 0.0002353 seconds, Stopping threads took: 0.0000190 seconds
2016-03-28T10:07:46.791+0100: 5.881: Total time for which application threads were stopped: 0.0001619 seconds, Stopping threads took: 0.0000292 seconds
2016-03-28T10:07:46.792+0100: 5.882: Total time for which application threads were stopped: 0.0001769 seconds, Stopping threads took: 0.0000442 seconds
2016-03-28T10:07:46.797+0100: 5.887: Total time for which application threads were stopped: 0.0009578 seconds, Stopping threads took: 0.0008094 seconds
2016-03-28T10:07:46.799+0100: 5.889: Total time for which application threads were stopped: 0.0001998 seconds, Stopping threads took: 0.0000316 seconds
2016-03-28T10:07:46.799+0100: 5.889: Total time for which application threads were stopped: 0.0002606 seconds, Stopping threads took: 0.0001406 seconds
2016-03-28T10:07:46.799+0100: 5.889: Total time for which application threads were stopped: 0.0001437 seconds, Stopping threads took: 0.0000363 seconds
2016-03-28T10:07:46.799+0100: 5.889: Total time for which application threads were stopped: 0.0001208 seconds, Stopping threads took: 0.0000324 seconds
2016-03-28T10:07:46.800+0100: 5.890: Total time for which application threads were stopped: 0.0002021 seconds, Stopping threads took: 0.0001145 seconds
2016-03-28T10:07:46.814+0100: 5.907: Total time for which application threads were stopped: 0.0004193 seconds, Stopping threads took: 0.0000592 seconds
2016-03-28T10:07:46.834+0100: 5.930: Total time for which application threads were stopped: 0.0004288 seconds, Stopping threads took: 0.0002566 seconds
2016-03-28T10:07:46.834+0100: 5.931: Total time for which application threads were stopped: 0.0001224 seconds, Stopping threads took: 0.0000308 seconds
2016-03-28T10:07:46.834+0100: 5.931: Total time for which application threads were stopped: 0.0002622 seconds, Stopping threads took: 0.0001824 seconds
2016-03-28T10:07:46.834+0100: 5.932: Total time for which application threads were stopped: 0.0008765 seconds, Stopping threads took: 0.0008062 seconds
2016-03-28T10:07:46.856+0100: 5.946: Total time for which application threads were stopped: 0.0004967 seconds, Stopping threads took: 0.0003016 seconds
2016-03-28T10:07:46.862+0100: 5.952: Total time for which application threads were stopped: 0.0001398 seconds, Stopping threads took: 0.0000616 seconds
2016-03-28T10:07:46.862+0100: 5.952: Total time for which application threads were stopped: 0.0000861 seconds, Stopping threads took: 0.0000395 seconds
2016-03-28T10:07:46.862+0100: 5.952: Total time for which application threads were stopped: 0.0000782 seconds, Stopping threads took: 0.0000324 seconds
2016-03-28T10:07:46.864+0100: 5.954: Total time for which application threads were stopped: 0.0000908 seconds, Stopping threads took: 0.0000261 seconds
2016-03-28T10:07:46.864+0100: 5.954: Total time for which application threads were stopped: 0.0000758 seconds, Stopping threads took: 0.0000221 seconds
2016-03-28T10:07:46.864+0100: 5.954: Total time for which application threads were stopped: 0.0000687 seconds, Stopping threads took: 0.0000190 seconds
2016-03-28T10:07:46.865+0100: 5.955: Total time for which application threads were stopped: 0.0000758 seconds, Stopping threads took: 0.0000221 seconds
2016-03-28T10:07:46.874+0100: 5.964: Total time for which application threads were stopped: 0.0001311 seconds, Stopping threads took: 0.0000497 seconds
2016-03-28T10:07:46.875+0100: 5.965: Total time for which application threads were stopped: 0.0000900 seconds, Stopping threads took: 0.0000379 seconds
2016-03-28T10:07:46.875+0100: 5.965: Total time for which application threads were stopped: 0.0000829 seconds, Stopping threads took: 0.0000332 seconds
2016-03-28T10:07:46.875+0100: 5.965: Total time for which application threads were stopped: 0.0001295 seconds, Stopping threads took: 0.0000300 seconds
2016-03-28T10:07:46.876+0100: 5.966: Total time for which application threads were stopped: 0.0001153 seconds, Stopping threads took: 0.0000624 seconds
2016-03-28T10:07:46.876+0100: 5.966: Total time for which application threads were stopped: 0.0000679 seconds, Stopping threads took: 0.0000197 seconds
2016-03-28T10:07:46.876+0100: 5.969: Total time for which application threads were stopped: 0.0000995 seconds, Stopping threads took: 0.0000340 seconds
2016-03-28T10:07:46.886+0100: 5.981: Total time for which application threads were stopped: 0.0001500 seconds, Stopping threads took: 0.0000584 seconds
2016-03-28T10:07:46.886+0100: 5.981: Total time for which application threads were stopped: 0.0000853 seconds, Stopping threads took: 0.0000347 seconds
2016-03-28T10:07:46.886+0100: 5.981: Total time for which application threads were stopped: 0.0000963 seconds, Stopping threads took: 0.0000403 seconds
2016-03-28T10:07:46.886+0100: 5.982: Total time for which application threads were stopped: 0.0000963 seconds, Stopping threads took: 0.0000419 seconds
2016-03-28T10:07:46.896+0100: 5.990: Total time for which application threads were stopped: 0.0001208 seconds, Stopping threads took: 0.0000387 seconds
2016-03-28T10:07:46.896+0100: 5.991: Total time for which application threads were stopped: 0.0000766 seconds, Stopping threads took: 0.0000221 seconds
2016-03-28T10:07:46.896+0100: 5.991: Total time for which application threads were stopped: 0.0000695 seconds, Stopping threads took: 0.0000190 seconds
2016-03-28T10:07:46.896+0100: 5.991: Total time for which application threads were stopped: 0.0000711 seconds, Stopping threads took: 0.0000205 seconds
2016-03-28T10:07:46.906+0100: 5.998: Total time for which application threads were stopped: 0.0001429 seconds, Stopping threads took: 0.0000403 seconds
2016-03-28T10:07:46.906+0100: 5.998: Total time for which application threads were stopped: 0.0000774 seconds, Stopping threads took: 0.0000221 seconds
2016-03-28T10:07:46.906+0100: 5.999: Total time for which application threads were stopped: 0.0000703 seconds, Stopping threads took: 0.0000197 seconds
2016-03-28T10:07:46.906+0100: 5.999: Total time for which application threads were stopped: 0.0000711 seconds, Stopping threads took: 0.0000197 seconds
2016-03-28T10:07:46.936+0100: 6.034: Total time for which application threads were stopped: 0.0001485 seconds, Stopping threads took: 0.0000569 seconds
2016-03-28T10:07:46.936+0100: 6.034: Total time for which application threads were stopped: 0.0000790 seconds, Stopping threads took: 0.0000284 seconds
2016-03-28T10:07:46.936+0100: 6.034: Total time for which application threads were stopped: 0.0000750 seconds, Stopping threads took: 0.0000268 seconds
2016-03-28T10:07:46.936+0100: 6.034: Total time for which application threads were stopped: 0.0000908 seconds, Stopping threads took: 0.0000347 seconds
2016-03-28T10:07:46.946+0100: 6.040: Total time for which application threads were stopped: 0.0001406 seconds, Stopping threads took: 0.0000561 seconds
2016-03-28T10:07:46.946+0100: 6.040: Total time for which application threads were stopped: 0.0000782 seconds, Stopping threads took: 0.0000284 seconds
2016-03-28T10:07:46.946+0100: 6.040: Total time for which application threads were stopped: 0.0000766 seconds, Stopping threads took: 0.0000276 seconds
2016-03-28T10:07:46.946+0100: 6.040: Total time for which application threads were stopped: 0.0000932 seconds, Stopping threads took: 0.0000347 seconds
2016-03-28T10:07:46.946+0100: 6.045: Total time for which application threads were stopped: 0.0001350 seconds, Stopping threads took: 0.0000576 seconds
2016-03-28T10:07:46.956+0100: 6.046: Total time for which application threads were stopped: 0.0000995 seconds, Stopping threads took: 0.0000419 seconds
2016-03-28T10:07:46.956+0100: 6.046: Total time for which application threads were stopped: 0.0000742 seconds, Stopping threads took: 0.0000292 seconds
2016-03-28T10:07:46.956+0100: 6.047: Total time for which application threads were stopped: 0.0002100 seconds, Stopping threads took: 0.0000276 seconds
2016-03-28T10:07:46.956+0100: 6.047: Total time for which application threads were stopped: 0.0000742 seconds, Stopping threads took: 0.0000292 seconds
2016-03-28T10:07:46.956+0100: 6.047: Total time for which application threads were stopped: 0.0000711 seconds, Stopping threads took: 0.0000276 seconds
2016-03-28T10:07:46.956+0100: 6.047: Total time for which application threads were stopped: 0.0000711 seconds, Stopping threads took: 0.0000276 seconds
2016-03-28T10:07:46.956+0100: 6.047: Total time for which application threads were stopped: 0.0000719 seconds, Stopping threads took: 0.0000284 seconds
2016-03-28T10:07:47.135+0100: 6.225: Total time for which application threads were stopped: 0.0001682 seconds, Stopping threads took: 0.0000458 seconds
2016-03-28T10:07:47.135+0100: 6.225: Total time for which application threads were stopped: 0.0000742 seconds, Stopping threads took: 0.0000245 seconds
2016-03-28T10:07:47.135+0100: 6.225: Total time for which application threads were stopped: 0.0000687 seconds, Stopping threads took: 0.0000213 seconds
2016-03-28T10:07:47.135+0100: 6.225: Total time for which application threads were stopped: 0.0000742 seconds, Stopping threads took: 0.0000229 seconds
2016-03-28T10:07:47.142+0100: 6.232: Total time for which application threads were stopped: 0.0001413 seconds, Stopping threads took: 0.0000482 seconds
2016-03-28T10:07:47.142+0100: 6.232: Total time for which application threads were stopped: 0.0000726 seconds, Stopping threads took: 0.0000213 seconds
2016-03-28T10:07:47.142+0100: 6.232: Total time for which application threads were stopped: 0.0000719 seconds, Stopping threads took: 0.0000213 seconds
2016-03-28T10:07:47.143+0100: 6.233: Total time for which application threads were stopped: 0.0000955 seconds, Stopping threads took: 0.0000261 seconds
2016-03-28T10:07:47.197+0100: 6.287: Total time for which application threads were stopped: 0.0001358 seconds, Stopping threads took: 0.0000497 seconds
2016-03-28T10:07:47.197+0100: 6.287: Total time for which application threads were stopped: 0.0000766 seconds, Stopping threads took: 0.0000268 seconds
2016-03-28T10:07:47.197+0100: 6.287: Total time for which application threads were stopped: 0.0000750 seconds, Stopping threads took: 0.0000261 seconds
2016-03-28T10:07:47.198+0100: 6.288: Total time for which application threads were stopped: 0.0000900 seconds, Stopping threads took: 0.0000324 seconds
2016-03-28T10:07:47.318+0100: 6.408: Total time for which application threads were stopped: 0.0001413 seconds, Stopping threads took: 0.0000497 seconds
2016-03-28T10:07:47.318+0100: 6.408: Total time for which application threads were stopped: 0.0000711 seconds, Stopping threads took: 0.0000268 seconds
2016-03-28T10:07:47.318+0100: 6.408: Total time for which application threads were stopped: 0.0000734 seconds, Stopping threads took: 0.0000276 seconds
2016-03-28T10:07:47.318+0100: 6.409: Total time for which application threads were stopped: 0.0000695 seconds, Stopping threads took: 0.0000268 seconds
2016-03-28T10:07:47.319+0100: 6.409: Total time for which application threads were stopped: 0.0000671 seconds, Stopping threads took: 0.0000253 seconds
2016-03-28T10:07:47.319+0100: 6.409: Total time for which application threads were stopped: 0.0000679 seconds, Stopping threads took: 0.0000253 seconds
2016-03-28T10:07:47.319+0100: 6.409: Total time for which application threads were stopped: 0.0003198 seconds, Stopping threads took: 0.0002701 seconds
2016-03-28T10:07:47.319+0100: 6.409: Total time for which application threads were stopped: 0.0000695 seconds, Stopping threads took: 0.0000268 seconds
2016-03-28T10:07:47.319+0100: 6.409: Total time for which application threads were stopped: 0.0000679 seconds, Stopping threads took: 0.0000253 seconds
2016-03-28T10:07:47.319+0100: 6.409: Total time for which application threads were stopped: 0.0000671 seconds, Stopping threads took: 0.0000253 seconds
2016-03-28T10:07:47.320+0100: 6.410: Total time for which application threads were stopped: 0.0001279 seconds, Stopping threads took: 0.0000261 seconds
2016-03-28T10:07:47.320+0100: 6.410: Total time for which application threads were stopped: 0.0002258 seconds, Stopping threads took: 0.0000268 seconds
2016-03-28T10:07:47.387+0100: 6.477: Total time for which application threads were stopped: 0.0009760 seconds, Stopping threads took: 0.0006064 seconds
{Heap before GC invocations=1 (full 0):
 par new generation   total 109248K, used 93109K [0x00000000e0000000, 0x00000000e8000000, 0x00000000e8000000)
  eden space 87424K, 100% used [0x00000000e0000000, 0x00000000e5560000, 0x00000000e5560000)
  from space 21824K,  26% used [0x00000000e6ab0000, 0x00000000e703d798, 0x00000000e8000000)
  to   space 21824K,   0% used [0x00000000e5560000, 0x00000000e5560000, 0x00000000e6ab0000)
 concurrent mark-sweep generation total 393216K, used 0K [0x00000000e8000000, 0x0000000100000000, 0x0000000100000000)
 Metaspace       used 19749K, capacity 20116K, committed 20480K, reserved 1067008K
  class space    used 2349K, capacity 2488K, committed 2560K, reserved 1048576K
2016-03-28T10:07:47.409+0100: 6.499: [GC (Allocation Failure) 2016-03-28T10:07:47.409+0100: 6.499: [ParNew
Desired survivor size 20112992 bytes, new threshold 8 (max 8)
- age   1:    7800664 bytes,    7800664 total
- age   2:    2554608 bytes,   10355272 total
: 93109K->11296K(109248K), 0.0357955 secs] 93109K->11296K(502464K), 0.0359684 secs] [Times: user=0.06 sys=0.00, real=0.04 secs] 
Heap after GC invocations=2 (full 0):
 par new generation   total 109248K, used 11296K [0x00000000e0000000, 0x00000000e8000000, 0x00000000e8000000)
  eden space 87424K,   0% used [0x00000000e0000000, 0x00000000e0000000, 0x00000000e5560000)
  from space 21824K,  51% used [0x00000000e5560000, 0x00000000e6068020, 0x00000000e6ab0000)
  to   space 21824K,   0% used [0x00000000e6ab0000, 0x00000000e6ab0000, 0x00000000e8000000)
 concurrent mark-sweep generation total 393216K, used 0K [0x00000000e8000000, 0x0000000100000000, 0x0000000100000000)
 Metaspace       used 19749K, capacity 20116K, committed 20480K, reserved 1067008K
  class space    used 2349K, capacity 2488K, committed 2560K, reserved 1048576K
}
2016-03-28T10:07:47.445+0100: 6.535: Total time for which application threads were stopped: 0.0364098 seconds, Stopping threads took: 0.0000497 seconds
2016-03-28T10:07:47.460+0100: 6.550: Total time for which application threads were stopped: 0.0001508 seconds, Stopping threads took: 0.0000647 seconds
2016-03-28T10:07:47.461+0100: 6.551: Total time for which application threads were stopped: 0.0000955 seconds, Stopping threads took: 0.0000411 seconds
2016-03-28T10:07:47.461+0100: 6.551: Total time for which application threads were stopped: 0.0000805 seconds, Stopping threads took: 0.0000347 seconds
2016-03-28T10:07:47.463+0100: 6.553: Total time for which application threads were stopped: 0.0022291 seconds, Stopping threads took: 0.0021691 seconds
2016-03-28T10:07:47.464+0100: 6.554: Total time for which application threads were stopped: 0.0002819 seconds, Stopping threads took: 0.0002298 seconds
2016-03-28T10:07:47.464+0100: 6.554: Total time for which application threads were stopped: 0.0000821 seconds, Stopping threads took: 0.0000363 seconds
2016-03-28T10:07:47.464+0100: 6.554: Total time for which application threads were stopped: 0.0001074 seconds, Stopping threads took: 0.0000592 seconds
2016-03-28T10:07:47.464+0100: 6.554: Total time for which application threads were stopped: 0.0000766 seconds, Stopping threads took: 0.0000300 seconds
2016-03-28T10:07:47.464+0100: 6.554: Total time for which application threads were stopped: 0.0000821 seconds, Stopping threads took: 0.0000379 seconds
2016-03-28T10:07:47.464+0100: 6.554: Total time for which application threads were stopped: 0.0000734 seconds, Stopping threads took: 0.0000300 seconds
2016-03-28T10:07:47.464+0100: 6.554: Total time for which application threads were stopped: 0.0000963 seconds, Stopping threads took: 0.0000537 seconds
2016-03-28T10:07:47.465+0100: 6.555: Total time for which application threads were stopped: 0.0000774 seconds, Stopping threads took: 0.0000332 seconds
2016-03-28T10:07:47.465+0100: 6.555: Total time for which application threads were stopped: 0.0000916 seconds, Stopping threads took: 0.0000474 seconds
2016-03-28T10:07:47.465+0100: 6.555: Total time for which application threads were stopped: 0.0000742 seconds, Stopping threads took: 0.0000308 seconds
2016-03-28T10:07:47.465+0100: 6.555: Total time for which application threads were stopped: 0.0000711 seconds, Stopping threads took: 0.0000284 seconds
2016-03-28T10:07:47.465+0100: 6.555: Total time for which application threads were stopped: 0.0000758 seconds, Stopping threads took: 0.0000340 seconds
2016-03-28T10:07:47.465+0100: 6.555: Total time for which application threads were stopped: 0.0002345 seconds, Stopping threads took: 0.0001887 seconds
2016-03-28T10:07:47.466+0100: 6.556: Total time for which application threads were stopped: 0.0001287 seconds, Stopping threads took: 0.0000347 seconds
2016-03-28T10:07:47.466+0100: 6.556: Total time for which application threads were stopped: 0.0001358 seconds, Stopping threads took: 0.0000908 seconds
2016-03-28T10:07:47.466+0100: 6.556: Total time for which application threads were stopped: 0.0002282 seconds, Stopping threads took: 0.0000332 seconds
2016-03-28T10:07:47.467+0100: 6.557: Total time for which application threads were stopped: 0.0001516 seconds, Stopping threads took: 0.0001058 seconds
2016-03-28T10:07:47.467+0100: 6.557: Total time for which application threads were stopped: 0.0000869 seconds, Stopping threads took: 0.0000387 seconds
2016-03-28T10:07:47.468+0100: 6.558: Total time for which application threads were stopped: 0.0001256 seconds, Stopping threads took: 0.0000490 seconds
2016-03-28T10:07:47.525+0100: 6.615: Total time for which application threads were stopped: 0.0004880 seconds, Stopping threads took: 0.0000576 seconds
2016-03-28T10:07:47.528+0100: 6.618: Total time for which application threads were stopped: 0.0001295 seconds, Stopping threads took: 0.0000387 seconds
2016-03-28T10:07:47.528+0100: 6.618: Total time for which application threads were stopped: 0.0000726 seconds, Stopping threads took: 0.0000229 seconds
2016-03-28T10:07:47.528+0100: 6.618: Total time for which application threads were stopped: 0.0000719 seconds, Stopping threads took: 0.0000221 seconds
2016-03-28T10:07:47.529+0100: 6.619: Total time for which application threads were stopped: 0.0000884 seconds, Stopping threads took: 0.0000261 seconds
2016-03-28T10:07:47.738+0100: 6.828: Total time for which application threads were stopped: 0.0002558 seconds, Stopping threads took: 0.0000608 seconds
2016-03-28T10:07:47.757+0100: 6.847: Total time for which application threads were stopped: 0.0001413 seconds, Stopping threads took: 0.0000505 seconds
2016-03-28T10:07:47.777+0100: 6.867: Total time for which application threads were stopped: 0.0001556 seconds, Stopping threads took: 0.0000482 seconds
2016-03-28T10:07:47.777+0100: 6.867: Total time for which application threads were stopped: 0.0000719 seconds, Stopping threads took: 0.0000213 seconds
2016-03-28T10:07:47.777+0100: 6.867: Total time for which application threads were stopped: 0.0000703 seconds, Stopping threads took: 0.0000213 seconds
2016-03-28T10:07:47.778+0100: 6.868: Total time for which application threads were stopped: 0.0000861 seconds, Stopping threads took: 0.0000268 seconds
2016-03-28T10:07:47.944+0100: 7.034: Total time for which application threads were stopped: 0.0004722 seconds, Stopping threads took: 0.0000442 seconds
2016-03-28T10:07:48.030+0100: 7.120: Total time for which application threads were stopped: 0.0001603 seconds, Stopping threads took: 0.0000513 seconds
2016-03-28T10:07:48.156+0100: 7.246: Total time for which application threads were stopped: 0.0001982 seconds, Stopping threads took: 0.0000458 seconds
2016-03-28T10:07:48.186+0100: 7.276: Total time for which application threads were stopped: 0.0001421 seconds, Stopping threads took: 0.0000482 seconds
2016-03-28T10:07:48.186+0100: 7.276: Total time for which application threads were stopped: 0.0000805 seconds, Stopping threads took: 0.0000229 seconds
2016-03-28T10:07:48.186+0100: 7.276: Total time for which application threads were stopped: 0.0000742 seconds, Stopping threads took: 0.0000205 seconds
2016-03-28T10:07:48.187+0100: 7.277: Total time for which application threads were stopped: 0.0000829 seconds, Stopping threads took: 0.0000229 seconds
2016-03-28T10:07:48.188+0100: 7.278: Total time for which application threads were stopped: 0.0000979 seconds, Stopping threads took: 0.0000284 seconds
2016-03-28T10:07:48.188+0100: 7.278: Total time for which application threads were stopped: 0.0000719 seconds, Stopping threads took: 0.0000197 seconds
2016-03-28T10:07:48.188+0100: 7.278: Total time for which application threads were stopped: 0.0000711 seconds, Stopping threads took: 0.0000197 seconds
2016-03-28T10:07:48.190+0100: 7.280: Total time for which application threads were stopped: 0.0001153 seconds, Stopping threads took: 0.0000371 seconds
2016-03-28T10:07:48.196+0100: 7.286: Total time for which application threads were stopped: 0.0001421 seconds, Stopping threads took: 0.0000442 seconds
2016-03-28T10:07:48.196+0100: 7.286: Total time for which application threads were stopped: 0.0000719 seconds, Stopping threads took: 0.0000213 seconds
2016-03-28T10:07:48.196+0100: 7.286: Total time for which application threads were stopped: 0.0000711 seconds, Stopping threads took: 0.0000213 seconds
2016-03-28T10:07:48.197+0100: 7.287: Total time for which application threads were stopped: 0.0000813 seconds, Stopping threads took: 0.0000245 seconds
2016-03-28T10:07:48.232+0100: 7.322: Total time for which application threads were stopped: 0.0001485 seconds, Stopping threads took: 0.0000419 seconds
2016-03-28T10:07:48.381+0100: 7.471: Total time for which application threads were stopped: 0.0001785 seconds, Stopping threads took: 0.0000450 seconds
{Heap before GC invocations=2 (full 0):
 par new generation   total 109248K, used 98720K [0x00000000e0000000, 0x00000000e8000000, 0x00000000e8000000)
  eden space 87424K, 100% used [0x00000000e0000000, 0x00000000e5560000, 0x00000000e5560000)
  from space 21824K,  51% used [0x00000000e5560000, 0x00000000e6068020, 0x00000000e6ab0000)
  to   space 21824K,   0% used [0x00000000e6ab0000, 0x00000000e6ab0000, 0x00000000e8000000)
 concurrent mark-sweep generation total 393216K, used 0K [0x00000000e8000000, 0x0000000100000000, 0x0000000100000000)
 Metaspace       used 21366K, capacity 21728K, committed 21884K, reserved 1069056K
  class space    used 2541K, capacity 2682K, committed 2688K, reserved 1048576K
2016-03-28T10:07:48.420+0100: 7.510: [GC (Allocation Failure) 2016-03-28T10:07:48.420+0100: 7.510: [ParNew
Desired survivor size 20112992 bytes, new threshold 8 (max 8)
- age   1:    1970976 bytes,    1970976 total
- age   2:    2362776 bytes,    4333752 total
- age   3:    2551600 bytes,    6885352 total
: 98720K->12788K(109248K), 0.0317660 secs] 98720K->12788K(502464K), 0.0319200 secs] [Times: user=0.05 sys=0.00, real=0.03 secs] 
Heap after GC invocations=3 (full 0):
 par new generation   total 109248K, used 12788K [0x00000000e0000000, 0x00000000e8000000, 0x00000000e8000000)
  eden space 87424K,   0% used [0x00000000e0000000, 0x00000000e0000000, 0x00000000e5560000)
  from space 21824K,  58% used [0x00000000e6ab0000, 0x00000000e772d280, 0x00000000e8000000)
  to   space 21824K,   0% used [0x00000000e5560000, 0x00000000e5560000, 0x00000000e6ab0000)
 concurrent mark-sweep generation total 393216K, used 0K [0x00000000e8000000, 0x0000000100000000, 0x0000000100000000)
 Metaspace       used 21366K, capacity 21728K, committed 21884K, reserved 1069056K
  class space    used 2541K, capacity 2682K, committed 2688K, reserved 1048576K
}
2016-03-28T10:07:48.452+0100: 7.542: Total time for which application threads were stopped: 0.0323527 seconds, Stopping threads took: 0.0000569 seconds
2016-03-28T10:07:48.496+0100: 7.586: [GC (CMS Initial Mark) [1 CMS-initial-mark: 0K(393216K)] 13823K(502464K), 0.0139899 secs] [Times: user=0.02 sys=0.00, real=0.01 secs] 
2016-03-28T10:07:48.510+0100: 7.600: Total time for which application threads were stopped: 0.0142631 seconds, Stopping threads took: 0.0000490 seconds
2016-03-28T10:07:48.510+0100: 7.600: [CMS-concurrent-mark-start]
2016-03-28T10:07:48.555+0100: 7.645: [CMS-concurrent-mark: 0.045/0.045 secs] [Times: user=0.05 sys=0.00, real=0.05 secs] 
2016-03-28T10:07:48.570+0100: 7.660: Total time for which application threads were stopped: 0.0141683 seconds, Stopping threads took: 0.0140246 seconds
2016-03-28T10:07:48.570+0100: 7.660: [CMS-concurrent-preclean-start]
2016-03-28T10:07:48.572+0100: 7.662: [CMS-concurrent-preclean: 0.003/0.003 secs] [Times: user=0.03 sys=0.00, real=0.00 secs] 
2016-03-28T10:07:48.573+0100: 7.663: Total time for which application threads were stopped: 0.0010463 seconds, Stopping threads took: 0.0009065 seconds
2016-03-28T10:07:48.573+0100: 7.664: [CMS-concurrent-abortable-preclean-start]
2016-03-28T10:07:48.671+0100: 7.761: Total time for which application threads were stopped: 0.0001595 seconds, Stopping threads took: 0.0000647 seconds
2016-03-28T10:07:48.671+0100: 7.761: Total time for which application threads were stopped: 0.0000711 seconds, Stopping threads took: 0.0000197 seconds
2016-03-28T10:07:48.674+0100: 7.764: Total time for which application threads were stopped: 0.0001429 seconds, Stopping threads took: 0.0000363 seconds
2016-03-28T10:07:48.679+0100: 7.769: Total time for which application threads were stopped: 0.0001192 seconds, Stopping threads took: 0.0000387 seconds
2016-03-28T10:07:48.680+0100: 7.770: Total time for which application threads were stopped: 0.0000829 seconds, Stopping threads took: 0.0000229 seconds
2016-03-28T10:07:48.680+0100: 7.770: Total time for which application threads were stopped: 0.0000687 seconds, Stopping threads took: 0.0000190 seconds
2016-03-28T10:07:48.816+0100: 7.906: Total time for which application threads were stopped: 0.0001563 seconds, Stopping threads took: 0.0000419 seconds
2016-03-28T10:07:48.829+0100: 7.919: Total time for which application threads were stopped: 0.0001635 seconds, Stopping threads took: 0.0000497 seconds
2016-03-28T10:07:48.862+0100: 7.952: Total time for which application threads were stopped: 0.0001658 seconds, Stopping threads took: 0.0000450 seconds
2016-03-28T10:07:48.943+0100: 8.033: Total time for which application threads were stopped: 0.0002116 seconds, Stopping threads took: 0.0000513 seconds
2016-03-28T10:07:48.963+0100: 8.053: Total time for which application threads were stopped: 0.0001816 seconds, Stopping threads took: 0.0000545 seconds
2016-03-28T10:07:49.082+0100: 8.172: Total time for which application threads were stopped: 0.0005125 seconds, Stopping threads took: 0.0000466 seconds
2016-03-28T10:07:49.097+0100: 8.187: Total time for which application threads were stopped: 0.0001279 seconds, Stopping threads took: 0.0000450 seconds
2016-03-28T10:07:49.103+0100: 8.193: Total time for which application threads were stopped: 0.0001303 seconds, Stopping threads took: 0.0000450 seconds
2016-03-28T10:07:49.129+0100: 8.219: Total time for which application threads were stopped: 0.0001492 seconds, Stopping threads took: 0.0000466 seconds
2016-03-28T10:07:49.182+0100: 8.272: Total time for which application threads were stopped: 0.0001485 seconds, Stopping threads took: 0.0000426 seconds
2016-03-28T10:07:49.198+0100: 8.288: Total time for which application threads were stopped: 0.0004825 seconds, Stopping threads took: 0.0000458 seconds
2016-03-28T10:07:49.532+0100: 8.622: Total time for which application threads were stopped: 0.0001966 seconds, Stopping threads took: 0.0000553 seconds
2016-03-28T10:07:49.582+0100: 8.672: Total time for which application threads were stopped: 0.0001603 seconds, Stopping threads took: 0.0000497 seconds
2016-03-28T10:07:49.674+0100: 8.764: Total time for which application threads were stopped: 0.0001271 seconds, Stopping threads took: 0.0000474 seconds
2016-03-28T10:07:49.709+0100: 8.799: Total time for which application threads were stopped: 0.0001437 seconds, Stopping threads took: 0.0000482 seconds
2016-03-28T10:07:49.729+0100: 8.820: Total time for which application threads were stopped: 0.0001485 seconds, Stopping threads took: 0.0000466 seconds
2016-03-28T10:07:49.731+0100: 8.821: Total time for which application threads were stopped: 0.0002914 seconds, Stopping threads took: 0.0000245 seconds
2016-03-28T10:07:49.731+0100: 8.822: Total time for which application threads were stopped: 0.0000853 seconds, Stopping threads took: 0.0000253 seconds
2016-03-28T10:07:49.754+0100: 8.844: Total time for which application threads were stopped: 0.0001563 seconds, Stopping threads took: 0.0000490 seconds
2016-03-28T10:07:49.829+0100: 8.919: Total time for which application threads were stopped: 0.0001611 seconds, Stopping threads took: 0.0000545 seconds
2016-03-28T10:07:49.846+0100: 8.936: Total time for which application threads were stopped: 0.0001935 seconds, Stopping threads took: 0.0000569 seconds
2016-03-28T10:07:49.850+0100: 8.940: Total time for which application threads were stopped: 0.0001729 seconds, Stopping threads took: 0.0000411 seconds
2016-03-28T10:07:49.929+0100: 9.019: Total time for which application threads were stopped: 0.0008678 seconds, Stopping threads took: 0.0007415 seconds
2016-03-28T10:07:50.174+0100: 9.265: Total time for which application threads were stopped: 0.0001556 seconds, Stopping threads took: 0.0000513 seconds
2016-03-28T10:07:50.265+0100: 9.355: Total time for which application threads were stopped: 0.0001587 seconds, Stopping threads took: 0.0000545 seconds
2016-03-28T10:07:50.355+0100: 9.445: Total time for which application threads were stopped: 0.0001382 seconds, Stopping threads took: 0.0000466 seconds
2016-03-28T10:07:50.455+0100: 9.546: Total time for which application threads were stopped: 0.0001635 seconds, Stopping threads took: 0.0000545 seconds
2016-03-28T10:07:50.516+0100: 9.606: Total time for which application threads were stopped: 0.0002021 seconds, Stopping threads took: 0.0000482 seconds
2016-03-28T10:07:50.516+0100: 9.606: Total time for which application threads were stopped: 0.0000703 seconds, Stopping threads took: 0.0000205 seconds
2016-03-28T10:07:50.561+0100: 9.651: Total time for which application threads were stopped: 0.0005346 seconds, Stopping threads took: 0.0004232 seconds
2016-03-28T10:07:50.813+0100: 9.903: Total time for which application threads were stopped: 0.0001437 seconds, Stopping threads took: 0.0000442 seconds
2016-03-28T10:07:50.852+0100: 9.942: Total time for which application threads were stopped: 0.0003656 seconds, Stopping threads took: 0.0000458 seconds
2016-03-28T10:07:50.855+0100: 9.945: Total time for which application threads were stopped: 0.0001256 seconds, Stopping threads took: 0.0000379 seconds
2016-03-28T10:07:50.861+0100: 9.951: Total time for which application threads were stopped: 0.0004193 seconds, Stopping threads took: 0.0000458 seconds
2016-03-28T10:07:50.863+0100: 9.953: Total time for which application threads were stopped: 0.0003395 seconds, Stopping threads took: 0.0000324 seconds
2016-03-28T10:07:50.883+0100: 9.973: Total time for which application threads were stopped: 0.0001563 seconds, Stopping threads took: 0.0000482 seconds
2016-03-28T10:07:51.039+0100: 10.130: Total time for which application threads were stopped: 0.0001390 seconds, Stopping threads took: 0.0000490 seconds
2016-03-28T10:07:51.064+0100: 10.155: Total time for which application threads were stopped: 0.0001800 seconds, Stopping threads took: 0.0000482 seconds
2016-03-28T10:07:51.078+0100: 10.168: Total time for which application threads were stopped: 0.0071390 seconds, Stopping threads took: 0.0069898 seconds
2016-03-28T10:07:51.118+0100: 10.209: Total time for which application threads were stopped: 0.0002124 seconds, Stopping threads took: 0.0000474 seconds
2016-03-28T10:07:51.179+0100: 10.269: Total time for which application threads were stopped: 0.0001635 seconds, Stopping threads took: 0.0000513 seconds
2016-03-28T10:07:51.293+0100: 10.384: Total time for which application threads were stopped: 0.0002014 seconds, Stopping threads took: 0.0000569 seconds
2016-03-28T10:07:51.352+0100: 10.442: Total time for which application threads were stopped: 0.0003261 seconds, Stopping threads took: 0.0002195 seconds
2016-03-28T10:07:51.356+0100: 10.447: Total time for which application threads were stopped: 0.0002843 seconds, Stopping threads took: 0.0002029 seconds
2016-03-28T10:07:51.387+0100: 10.478: Total time for which application threads were stopped: 0.0001469 seconds, Stopping threads took: 0.0000434 seconds
2016-03-28T10:07:51.389+0100: 10.479: Total time for which application threads were stopped: 0.0001011 seconds, Stopping threads took: 0.0000261 seconds
2016-03-28T10:07:51.391+0100: 10.481: Total time for which application threads were stopped: 0.0001500 seconds, Stopping threads took: 0.0000411 seconds
2016-03-28T10:07:51.408+0100: 10.498: Total time for which application threads were stopped: 0.0001761 seconds, Stopping threads took: 0.0000419 seconds
2016-03-28T10:07:51.426+0100: 10.516: Total time for which application threads were stopped: 0.0001650 seconds, Stopping threads took: 0.0000411 seconds
2016-03-28T10:07:51.426+0100: 10.516: Total time for which application threads were stopped: 0.0000955 seconds, Stopping threads took: 0.0000205 seconds
2016-03-28T10:07:51.427+0100: 10.517: Total time for which application threads were stopped: 0.0000805 seconds, Stopping threads took: 0.0000237 seconds
2016-03-28T10:07:51.427+0100: 10.517: Total time for which application threads were stopped: 0.0000774 seconds, Stopping threads took: 0.0000213 seconds
2016-03-28T10:07:51.429+0100: 10.519: Total time for which application threads were stopped: 0.0000987 seconds, Stopping threads took: 0.0000276 seconds
2016-03-28T10:07:51.446+0100: 10.536: Total time for which application threads were stopped: 0.0009239 seconds, Stopping threads took: 0.0008054 seconds
2016-03-28T10:07:51.460+0100: 10.551: Total time for which application threads were stopped: 0.0004919 seconds, Stopping threads took: 0.0004019 seconds
2016-03-28T10:07:51.464+0100: 10.554: Total time for which application threads were stopped: 0.0032043 seconds, Stopping threads took: 0.0029358 seconds
{Heap before GC invocations=3 (full 1):
 par new generation   total 109248K, used 100212K [0x00000000e0000000, 0x00000000e8000000, 0x00000000e8000000)
  eden space 87424K, 100% used [0x00000000e0000000, 0x00000000e5560000, 0x00000000e5560000)
  from space 21824K,  58% used [0x00000000e6ab0000, 0x00000000e772d280, 0x00000000e8000000)
  to   space 21824K,   0% used [0x00000000e5560000, 0x00000000e5560000, 0x00000000e6ab0000)
 concurrent mark-sweep generation total 393216K, used 0K [0x00000000e8000000, 0x0000000100000000, 0x0000000100000000)
 Metaspace       used 26231K, capacity 26628K, committed 26864K, reserved 1073152K
  class space    used 3143K, capacity 3269K, committed 3300K, reserved 1048576K
2016-03-28T10:07:51.472+0100: 10.563: [GC (Allocation Failure) 2016-03-28T10:07:51.472+0100: 10.563: [ParNew
Desired survivor size 20112992 bytes, new threshold 8 (max 8)
- age   1:    5253240 bytes,    5253240 total
- age   2:     251104 bytes,    5504344 total
- age   3:    2348232 bytes,    7852576 total
- age   4:    2550224 bytes,   10402800 total
: 100212K->11023K(109248K), 0.0326780 secs] 100212K->11023K(502464K), 0.0328297 secs] [Times: user=0.06 sys=0.00, real=0.03 secs] 
Heap after GC invocations=4 (full 1):
 par new generation   total 109248K, used 11023K [0x00000000e0000000, 0x00000000e8000000, 0x00000000e8000000)
  eden space 87424K,   0% used [0x00000000e0000000, 0x00000000e0000000, 0x00000000e5560000)
  from space 21824K,  50% used [0x00000000e5560000, 0x00000000e6023e60, 0x00000000e6ab0000)
  to   space 21824K,   0% used [0x00000000e6ab0000, 0x00000000e6ab0000, 0x00000000e8000000)
 concurrent mark-sweep generation total 393216K, used 0K [0x00000000e8000000, 0x0000000100000000, 0x0000000100000000)
 Metaspace       used 26231K, capacity 26628K, committed 26864K, reserved 1073152K
  class space    used 3143K, capacity 3269K, committed 3300K, reserved 1048576K
}
2016-03-28T10:07:51.505+0100: 10.596: Total time for which application threads were stopped: 0.0332395 seconds, Stopping threads took: 0.0000466 seconds
2016-03-28T10:07:51.519+0100: 10.609: Total time for which application threads were stopped: 0.0002140 seconds, Stopping threads took: 0.0000474 seconds
2016-03-28T10:07:51.542+0100: 10.633: Total time for which application threads were stopped: 0.0002006 seconds, Stopping threads took: 0.0000584 seconds
2016-03-28T10:07:51.552+0100: 10.643: Total time for which application threads were stopped: 0.0001895 seconds, Stopping threads took: 0.0000458 seconds
2016-03-28T10:07:51.554+0100: 10.644: Total time for which application threads were stopped: 0.0001792 seconds, Stopping threads took: 0.0000340 seconds
2016-03-28T10:07:51.566+0100: 10.657: Total time for which application threads were stopped: 0.0005709 seconds, Stopping threads took: 0.0000442 seconds
2016-03-28T10:07:51.593+0100: 10.683: Total time for which application threads were stopped: 0.0001650 seconds, Stopping threads took: 0.0000482 seconds
2016-03-28T10:07:51.643+0100: 10.733: Total time for which application threads were stopped: 0.0001816 seconds, Stopping threads took: 0.0000490 seconds
2016-03-28T10:07:51.658+0100: 10.749: Total time for which application threads were stopped: 0.0001437 seconds, Stopping threads took: 0.0000576 seconds
2016-03-28T10:07:51.711+0100: 10.802: Total time for which application threads were stopped: 0.0001777 seconds, Stopping threads took: 0.0000640 seconds
2016-03-28T10:07:52.260+0100: 11.350: Total time for which application threads were stopped: 0.0001571 seconds, Stopping threads took: 0.0000497 seconds
2016-03-28T10:07:52.367+0100: 11.457: Total time for which application threads were stopped: 0.0001413 seconds, Stopping threads took: 0.0000466 seconds
2016-03-28T10:07:52.368+0100: 11.458: Total time for which application threads were stopped: 0.0000916 seconds, Stopping threads took: 0.0000229 seconds
 CMS: abort preclean due to time 2016-03-28T10:07:54.743+0100: 13.836: [CMS-concurrent-abortable-preclean: 4.056/6.172 secs] [Times: user=6.35 sys=0.52, real=6.17 secs] 
2016-03-28T10:07:54.743+0100: 13.836: [GC (CMS Final Remark) [YG occupancy: 20034 K (109248 K)]{Heap before GC invocations=4 (full 1):
 par new generation   total 109248K, used 20034K [0x00000000e0000000, 0x00000000e8000000, 0x00000000e8000000)
  eden space 87424K,  10% used [0x00000000e0000000, 0x00000000e08ccb60, 0x00000000e5560000)
  from space 21824K,  50% used [0x00000000e5560000, 0x00000000e6023e60, 0x00000000e6ab0000)
  to   space 21824K,   0% used [0x00000000e6ab0000, 0x00000000e6ab0000, 0x00000000e8000000)
 concurrent mark-sweep generation total 393216K, used 0K [0x00000000e8000000, 0x0000000100000000, 0x0000000100000000)
 Metaspace       used 27129K, capacity 27498K, committed 27860K, reserved 1073152K
  class space    used 3265K, capacity 3371K, committed 3376K, reserved 1048576K
2016-03-28T10:07:54.743+0100: 13.836: [GC (CMS Final Remark) 2016-03-28T10:07:54.743+0100: 13.837: [ParNew
Desired survivor size 20112992 bytes, new threshold 8 (max 8)
- age   1:    1080000 bytes,    1080000 total
- age   2:    1169264 bytes,    2249264 total
- age   3:     250992 bytes,    2500256 total
- age   4:    2315000 bytes,    4815256 total
- age   5:    2549992 bytes,    7365248 total
: 20034K->12700K(109248K), 0.0325849 secs] 20034K->12700K(502464K), 0.0327017 secs] [Times: user=0.06 sys=0.00, real=0.03 secs] 
Heap after GC invocations=5 (full 1):
 par new generation   total 109248K, used 12700K [0x00000000e0000000, 0x00000000e8000000, 0x00000000e8000000)
  eden space 87424K,   0% used [0x00000000e0000000, 0x00000000e0000000, 0x00000000e5560000)
  from space 21824K,  58% used [0x00000000e6ab0000, 0x00000000e7717350, 0x00000000e8000000)
  to   space 21824K,   0% used [0x00000000e5560000, 0x00000000e5560000, 0x00000000e6ab0000)
 concurrent mark-sweep generation total 393216K, used 0K [0x00000000e8000000, 0x0000000100000000, 0x0000000100000000)
 Metaspace       used 27129K, capacity 27498K, committed 27860K, reserved 1073152K
  class space    used 3265K, capacity 3371K, committed 3376K, reserved 1048576K
}
2016-03-28T10:07:54.773+0100: 13.869: [Rescan (parallel) , 0.0083361 secs]2016-03-28T10:07:54.783+0100: 13.878: [weak refs processing, 0.0020436 secs]2016-03-28T10:07:54.783+0100: 13.880: [class unloading, 0.0082777 secs]2016-03-28T10:07:54.798+0100: 13.888: [scrub symbol table, 0.0119882 secs]2016-03-28T10:07:54.810+0100: 13.900: [scrub string table, 0.0008070 secs][1 CMS-remark: 0K(393216K)] 12700K(502464K), 0.0661986 secs] [Times: user=0.13 sys=0.00, real=0.07 secs] 
2016-03-28T10:07:54.812+0100: 13.903: Total time for which application threads were stopped: 0.0664197 seconds, Stopping threads took: 0.0000458 seconds
2016-03-28T10:07:54.812+0100: 13.903: [CMS-concurrent-sweep-start]
2016-03-28T10:07:54.812+0100: 13.903: [CMS-concurrent-sweep: 0.000/0.000 secs] [Times: user=0.00 sys=0.00, real=0.00 secs] 
2016-03-28T10:07:54.812+0100: 13.903: [CMS-concurrent-reset-start]
2016-03-28T10:07:54.813+0100: 13.908: [CMS-concurrent-reset: 0.005/0.005 secs] [Times: user=0.00 sys=0.00, real=0.00 secs] 
2016-03-28T10:07:56.432+0100: 15.522: Total time for which application threads were stopped: 0.0001540 seconds, Stopping threads took: 0.0000458 seconds
2016-03-28T10:07:56.432+0100: 15.522: Total time for which application threads were stopped: 0.0000790 seconds, Stopping threads took: 0.0000221 seconds
2016-03-28T10:07:56.432+0100: 15.523: Total time for which application threads were stopped: 0.0000734 seconds, Stopping threads took: 0.0000205 seconds
2016-03-28T10:07:56.442+0100: 15.533: Total time for which application threads were stopped: 0.0001579 seconds, Stopping threads took: 0.0000474 seconds
2016-03-28T10:07:56.452+0100: 15.543: Total time for which application threads were stopped: 0.0001200 seconds, Stopping threads took: 0.0000419 seconds
2016-03-28T10:07:56.453+0100: 15.544: Total time for which application threads were stopped: 0.0000940 seconds, Stopping threads took: 0.0000363 seconds
2016-03-28T10:08:11.516+0100: 30.606: Total time for which application threads were stopped: 0.0001556 seconds, Stopping threads took: 0.0000576 seconds
2016-03-28T10:08:11.517+0100: 30.607: Total time for which application threads were stopped: 0.0000916 seconds, Stopping threads took: 0.0000324 seconds
2016-03-28T10:08:11.517+0100: 30.607: Total time for which application threads were stopped: 0.0000861 seconds, Stopping threads took: 0.0000292 seconds
2016-03-28T10:08:11.521+0100: 30.611: Total time for which application threads were stopped: 0.0001256 seconds, Stopping threads took: 0.0000529 seconds
2016-03-28T10:08:11.580+0100: 30.670: Total time for which application threads were stopped: 0.0002124 seconds, Stopping threads took: 0.0000734 seconds
2016-03-28T10:08:11.601+0100: 30.691: Total time for which application threads were stopped: 0.0001532 seconds, Stopping threads took: 0.0000553 seconds
2016-03-28T10:08:11.601+0100: 30.691: Total time for which application threads were stopped: 0.0000821 seconds, Stopping threads took: 0.0000308 seconds
2016-03-28T10:08:11.602+0100: 30.692: Total time for which application threads were stopped: 0.0000979 seconds, Stopping threads took: 0.0000379 seconds
2016-03-28T10:08:11.602+0100: 30.692: Total time for which application threads were stopped: 0.0000837 seconds, Stopping threads took: 0.0000300 seconds
2016-03-28T10:08:11.602+0100: 30.692: Total time for which application threads were stopped: 0.0000805 seconds, Stopping threads took: 0.0000300 seconds
2016-03-28T10:08:11.603+0100: 30.692: Total time for which application threads were stopped: 0.0001011 seconds, Stopping threads took: 0.0000300 seconds
2016-03-28T10:08:11.603+0100: 30.692: Total time for which application threads were stopped: 0.0000805 seconds, Stopping threads took: 0.0000292 seconds
2016-03-28T10:08:11.604+0100: 30.693: Total time for which application threads were stopped: 0.0000963 seconds, Stopping threads took: 0.0000371 seconds
2016-03-28T10:08:11.652+0100: 30.741: Total time for which application threads were stopped: 0.0003711 seconds, Stopping threads took: 0.0002764 seconds
2016-03-28T10:08:11.652+0100: 30.742: Total time for which application threads were stopped: 0.0000853 seconds, Stopping threads took: 0.0000332 seconds
2016-03-28T10:08:11.652+0100: 30.742: Total time for which application threads were stopped: 0.0002432 seconds, Stopping threads took: 0.0001871 seconds
2016-03-28T10:08:11.653+0100: 30.743: Total time for which application threads were stopped: 0.0004580 seconds, Stopping threads took: 0.0003972 seconds
2016-03-28T10:08:11.653+0100: 30.743: Total time for which application threads were stopped: 0.0002851 seconds, Stopping threads took: 0.0000324 seconds
2016-03-28T10:08:11.658+0100: 30.747: Total time for which application threads were stopped: 0.0001303 seconds, Stopping threads took: 0.0000569 seconds
2016-03-28T10:08:11.659+0100: 30.749: Total time for which application threads were stopped: 0.0001169 seconds, Stopping threads took: 0.0000513 seconds
2016-03-28T10:08:11.668+0100: 30.757: Total time for which application threads were stopped: 0.0001358 seconds, Stopping threads took: 0.0000592 seconds
2016-03-28T10:08:11.701+0100: 30.790: Total time for which application threads were stopped: 0.0002156 seconds, Stopping threads took: 0.0000592 seconds
2016-03-28T10:08:11.701+0100: 30.791: Total time for which application threads were stopped: 0.0000940 seconds, Stopping threads took: 0.0000387 seconds
2016-03-28T10:08:11.731+0100: 30.820: Total time for which application threads were stopped: 0.0002487 seconds, Stopping threads took: 0.0000553 seconds
2016-03-28T10:08:11.825+0100: 30.915: Total time for which application threads were stopped: 0.0001666 seconds, Stopping threads took: 0.0000640 seconds
2016-03-28T10:08:11.830+0100: 30.919: Total time for which application threads were stopped: 0.0001516 seconds, Stopping threads took: 0.0000608 seconds
2016-03-28T10:08:11.918+0100: 31.008: Total time for which application threads were stopped: 0.0001832 seconds, Stopping threads took: 0.0000655 seconds
2016-03-28T10:08:12.046+0100: 31.135: Total time for which application threads were stopped: 0.0001785 seconds, Stopping threads took: 0.0000608 seconds
{Heap before GC invocations=5 (full 1):
 par new generation   total 109248K, used 100124K [0x00000000e0000000, 0x00000000e8000000, 0x00000000e8000000)
  eden space 87424K, 100% used [0x00000000e0000000, 0x00000000e5560000, 0x00000000e5560000)
  from space 21824K,  58% used [0x00000000e6ab0000, 0x00000000e7717350, 0x00000000e8000000)
  to   space 21824K,   0% used [0x00000000e5560000, 0x00000000e5560000, 0x00000000e6ab0000)
 concurrent mark-sweep generation total 393216K, used 0K [0x00000000e8000000, 0x0000000100000000, 0x0000000100000000)
 Metaspace       used 27461K, capacity 27786K, committed 28080K, reserved 1073152K
  class space    used 3289K, capacity 3403K, committed 3504K, reserved 1048576K
2016-03-28T10:08:12.101+0100: 31.191: [GC (Allocation Failure) 2016-03-28T10:08:12.101+0100: 31.191: [ParNew
Desired survivor size 20112992 bytes, new threshold 8 (max 8)
- age   1:    1926952 bytes,    1926952 total
- age   2:     400248 bytes,    2327200 total
- age   3:    1165968 bytes,    3493168 total
- age   4:     243216 bytes,    3736384 total
- age   5:    2302160 bytes,    6038544 total
- age   6:    2549928 bytes,    8588472 total
: 100124K->10766K(109248K), 0.0532724 secs] 100124K->10766K(502464K), 0.0534311 secs] [Times: user=0.06 sys=0.00, real=0.05 secs] 
Heap after GC invocations=6 (full 1):
 par new generation   total 109248K, used 10766K [0x00000000e0000000, 0x00000000e8000000, 0x00000000e8000000)
  eden space 87424K,   0% used [0x00000000e0000000, 0x00000000e0000000, 0x00000000e5560000)
  from space 21824K,  49% used [0x00000000e5560000, 0x00000000e5fe38a8, 0x00000000e6ab0000)
  to   space 21824K,   0% used [0x00000000e6ab0000, 0x00000000e6ab0000, 0x00000000e8000000)
 concurrent mark-sweep generation total 393216K, used 0K [0x00000000e8000000, 0x0000000100000000, 0x0000000100000000)
 Metaspace       used 27461K, capacity 27786K, committed 28080K, reserved 1073152K
  class space    used 3289K, capacity 3403K, committed 3504K, reserved 1048576K
}
2016-03-28T10:08:12.154+0100: 31.244: Total time for which application threads were stopped: 0.0538622 seconds, Stopping threads took: 0.0000553 seconds
2016-03-28T10:08:12.223+0100: 31.313: Total time for which application threads were stopped: 0.0042071 seconds, Stopping threads took: 0.0039892 seconds
{Heap before GC invocations=6 (full 1):
 par new generation   total 109248K, used 98190K [0x00000000e0000000, 0x00000000e8000000, 0x00000000e8000000)
  eden space 87424K, 100% used [0x00000000e0000000, 0x00000000e5560000, 0x00000000e5560000)
  from space 21824K,  49% used [0x00000000e5560000, 0x00000000e5fe38a8, 0x00000000e6ab0000)
  to   space 21824K,   0% used [0x00000000e6ab0000, 0x00000000e6ab0000, 0x00000000e8000000)
 concurrent mark-sweep generation total 393216K, used 0K [0x00000000e8000000, 0x0000000100000000, 0x0000000100000000)
 Metaspace       used 27558K, capacity 27856K, committed 28080K, reserved 1073152K
  class space    used 3297K, capacity 3404K, committed 3504K, reserved 1048576K
2016-03-28T10:08:12.525+0100: 31.614: [GC (Allocation Failure) 2016-03-28T10:08:12.525+0100: 31.614: [ParNew
Desired survivor size 20112992 bytes, new threshold 8 (max 8)
- age   1:     225416 bytes,     225416 total
- age   2:    1396736 bytes,    1622152 total
- age   3:     400248 bytes,    2022400 total
- age   4:    1165920 bytes,    3188320 total
- age   5:     243080 bytes,    3431400 total
- age   6:    2302000 bytes,    5733400 total
- age   7:    2549928 bytes,    8283328 total
: 98190K->14538K(109248K), 0.0423281 secs] 98190K->14538K(502464K), 0.0424892 secs] [Times: user=0.06 sys=0.00, real=0.04 secs] 
Heap after GC invocations=7 (full 1):
 par new generation   total 109248K, used 14538K [0x00000000e0000000, 0x00000000e8000000, 0x00000000e8000000)
  eden space 87424K,   0% used [0x00000000e0000000, 0x00000000e0000000, 0x00000000e5560000)
  from space 21824K,  66% used [0x00000000e6ab0000, 0x00000000e78e2940, 0x00000000e8000000)
  to   space 21824K,   0% used [0x00000000e5560000, 0x00000000e5560000, 0x00000000e6ab0000)
 concurrent mark-sweep generation total 393216K, used 0K [0x00000000e8000000, 0x0000000100000000, 0x0000000100000000)
 Metaspace       used 27558K, capacity 27856K, committed 28080K, reserved 1073152K
  class space    used 3297K, capacity 3404K, committed 3504K, reserved 1048576K
}
2016-03-28T10:08:12.567+0100: 31.657: Total time for which application threads were stopped: 0.0431059 seconds, Stopping threads took: 0.0002322 seconds
2016-03-28T10:08:12.605+0100: 31.695: Total time for which application threads were stopped: 0.0002250 seconds, Stopping threads took: 0.0000553 seconds
2016-03-28T10:08:12.629+0100: 31.719: Total time for which application threads were stopped: 0.0002432 seconds, Stopping threads took: 0.0000576 seconds
2016-03-28T10:08:12.969+0100: 32.059: Total time for which application threads were stopped: 0.0001698 seconds, Stopping threads took: 0.0000450 seconds
2016-03-28T10:08:13.074+0100: 32.164: Total time for which application threads were stopped: 0.0001737 seconds, Stopping threads took: 0.0000671 seconds
2016-03-28T10:08:13.083+0100: 32.173: Total time for which application threads were stopped: 0.0006033 seconds, Stopping threads took: 0.0000553 seconds
2016-03-28T10:08:13.085+0100: 32.175: Total time for which application threads were stopped: 0.0001200 seconds, Stopping threads took: 0.0000505 seconds
2016-03-28T10:08:13.104+0100: 32.193: Total time for which application threads were stopped: 0.0001461 seconds, Stopping threads took: 0.0000576 seconds
2016-03-28T10:08:13.109+0100: 32.198: Total time for which application threads were stopped: 0.0001579 seconds, Stopping threads took: 0.0000545 seconds
2016-03-28T10:08:13.113+0100: 32.203: Total time for which application threads were stopped: 0.0001603 seconds, Stopping threads took: 0.0000640 seconds
2016-03-28T10:08:13.179+0100: 32.269: Total time for which application threads were stopped: 0.0001358 seconds, Stopping threads took: 0.0000513 seconds
2016-03-28T10:08:13.209+0100: 32.299: Total time for which application threads were stopped: 0.0015919 seconds, Stopping threads took: 0.0012650 seconds
2016-03-28T10:08:13.235+0100: 32.325: Total time for which application threads were stopped: 0.0001311 seconds, Stopping threads took: 0.0000426 seconds
2016-03-28T10:08:13.246+0100: 32.335: Total time for which application threads were stopped: 0.0001398 seconds, Stopping threads took: 0.0000474 seconds
2016-03-28T10:08:13.335+0100: 32.425: Total time for which application threads were stopped: 0.0001571 seconds, Stopping threads took: 0.0000521 seconds
2016-03-28T10:08:13.407+0100: 32.497: Total time for which application threads were stopped: 0.0001437 seconds, Stopping threads took: 0.0000584 seconds
2016-03-28T10:08:13.407+0100: 32.497: Total time for which application threads were stopped: 0.0000798 seconds, Stopping threads took: 0.0000300 seconds
2016-03-28T10:08:13.407+0100: 32.497: Total time for which application threads were stopped: 0.0000845 seconds, Stopping threads took: 0.0000284 seconds
2016-03-28T10:08:13.409+0100: 32.498: Total time for which application threads were stopped: 0.0001516 seconds, Stopping threads took: 0.0000790 seconds
2016-03-28T10:08:13.477+0100: 32.567: Total time for which application threads were stopped: 0.0001642 seconds, Stopping threads took: 0.0000647 seconds
2016-03-28T10:08:13.499+0100: 32.588: Total time for which application threads were stopped: 0.0001532 seconds, Stopping threads took: 0.0000466 seconds
2016-03-28T10:08:13.524+0100: 32.613: Total time for which application threads were stopped: 0.0001382 seconds, Stopping threads took: 0.0000561 seconds
2016-03-28T10:08:13.564+0100: 32.654: Total time for which application threads were stopped: 0.0008781 seconds, Stopping threads took: 0.0005859 seconds
2016-03-28T10:08:13.565+0100: 32.655: Total time for which application threads were stopped: 0.0001287 seconds, Stopping threads took: 0.0000434 seconds
2016-03-28T10:08:13.569+0100: 32.659: Total time for which application threads were stopped: 0.0001556 seconds, Stopping threads took: 0.0000529 seconds
2016-03-28T10:08:13.573+0100: 32.663: Total time for which application threads were stopped: 0.0001548 seconds, Stopping threads took: 0.0000592 seconds
2016-03-28T10:08:13.576+0100: 32.666: Total time for which application threads were stopped: 0.0001453 seconds, Stopping threads took: 0.0000529 seconds
2016-03-28T10:08:13.706+0100: 32.796: Total time for which application threads were stopped: 0.0001998 seconds, Stopping threads took: 0.0000569 seconds
2016-03-28T10:08:13.707+0100: 32.797: Total time for which application threads were stopped: 0.0001145 seconds, Stopping threads took: 0.0000379 seconds
2016-03-28T10:08:13.707+0100: 32.797: Total time for which application threads were stopped: 0.0000908 seconds, Stopping threads took: 0.0000300 seconds
2016-03-28T10:08:13.707+0100: 32.797: Total time for which application threads were stopped: 0.0000916 seconds, Stopping threads took: 0.0000300 seconds
2016-03-28T10:08:13.707+0100: 32.797: Total time for which application threads were stopped: 0.0000892 seconds, Stopping threads took: 0.0000292 seconds
2016-03-28T10:08:13.708+0100: 32.798: Total time for which application threads were stopped: 0.0000932 seconds, Stopping threads took: 0.0000300 seconds
2016-03-28T10:08:13.708+0100: 32.798: Total time for which application threads were stopped: 0.0000892 seconds, Stopping threads took: 0.0000284 seconds
2016-03-28T10:08:13.712+0100: 32.802: Total time for which application threads were stopped: 0.0020033 seconds, Stopping threads took: 0.0018809 seconds
2016-03-28T10:08:13.712+0100: 32.802: Total time for which application threads were stopped: 0.0001232 seconds, Stopping threads took: 0.0000395 seconds
2016-03-28T10:08:13.713+0100: 32.803: Total time for which application threads were stopped: 0.0001098 seconds, Stopping threads took: 0.0000324 seconds
2016-03-28T10:08:13.713+0100: 32.803: Total time for which application threads were stopped: 0.0000908 seconds, Stopping threads took: 0.0000292 seconds
2016-03-28T10:08:13.714+0100: 32.804: Total time for which application threads were stopped: 0.0001200 seconds, Stopping threads took: 0.0000419 seconds
2016-03-28T10:08:13.715+0100: 32.804: Total time for which application threads were stopped: 0.0000955 seconds, Stopping threads took: 0.0000316 seconds
2016-03-28T10:08:13.715+0100: 32.805: Total time for which application threads were stopped: 0.0000924 seconds, Stopping threads took: 0.0000308 seconds
2016-03-28T10:08:13.716+0100: 32.805: Total time for which application threads were stopped: 0.0003087 seconds, Stopping threads took: 0.0000324 seconds
2016-03-28T10:08:13.788+0100: 32.878: Total time for which application threads were stopped: 0.0020444 seconds, Stopping threads took: 0.0019322 seconds
2016-03-28T10:08:13.850+0100: 32.940: Total time for which application threads were stopped: 0.0003380 seconds, Stopping threads took: 0.0000553 seconds
2016-03-28T10:08:13.919+0100: 33.009: Total time for which application threads were stopped: 0.0001674 seconds, Stopping threads took: 0.0000608 seconds
2016-03-28T10:08:13.921+0100: 33.011: Total time for which application threads were stopped: 0.0001437 seconds, Stopping threads took: 0.0000529 seconds
2016-03-28T10:08:26.535+0100: 45.626: Total time for which application threads were stopped: 0.0001524 seconds, Stopping threads took: 0.0000442 seconds
2016-03-28T10:08:26.584+0100: 45.675: Total time for which application threads were stopped: 0.0003316 seconds, Stopping threads took: 0.0002306 seconds
2016-03-28T10:08:26.587+0100: 45.678: Total time for which application threads were stopped: 0.0001461 seconds, Stopping threads took: 0.0000395 seconds
2016-03-28T10:08:26.588+0100: 45.679: Total time for which application threads were stopped: 0.0001098 seconds, Stopping threads took: 0.0000332 seconds
2016-03-28T10:08:26.588+0100: 45.679: Total time for which application threads were stopped: 0.0000782 seconds, Stopping threads took: 0.0000205 seconds
2016-03-28T10:08:26.588+0100: 45.679: Total time for which application threads were stopped: 0.0000774 seconds, Stopping threads took: 0.0000205 seconds
2016-03-28T10:08:26.588+0100: 45.679: Total time for which application threads were stopped: 0.0000766 seconds, Stopping threads took: 0.0000190 seconds
2016-03-28T10:08:26.588+0100: 45.679: Total time for which application threads were stopped: 0.0000766 seconds, Stopping threads took: 0.0000197 seconds
2016-03-28T10:08:26.608+0100: 45.699: Total time for which application threads were stopped: 0.0182594 seconds, Stopping threads took: 0.0181339 seconds
2016-03-28T10:08:26.608+0100: 45.699: Total time for which application threads were stopped: 0.0001074 seconds, Stopping threads took: 0.0000458 seconds
2016-03-28T10:08:26.609+0100: 45.700: Total time for which application threads were stopped: 0.0001327 seconds, Stopping threads took: 0.0000632 seconds
2016-03-28T10:08:26.609+0100: 45.700: Total time for which application threads were stopped: 0.0000932 seconds, Stopping threads took: 0.0000332 seconds
2016-03-28T10:08:26.609+0100: 45.700: Total time for which application threads were stopped: 0.0000766 seconds, Stopping threads took: 0.0000190 seconds
2016-03-28T10:08:26.609+0100: 45.700: Total time for which application threads were stopped: 0.0000758 seconds, Stopping threads took: 0.0000190 seconds
2016-03-28T10:08:26.609+0100: 45.700: Total time for which application threads were stopped: 0.0000766 seconds, Stopping threads took: 0.0000190 seconds
2016-03-28T10:08:26.609+0100: 45.700: Total time for which application threads were stopped: 0.0000750 seconds, Stopping threads took: 0.0000190 seconds
2016-03-28T10:08:26.633+0100: 45.724: Total time for which application threads were stopped: 0.0026871 seconds, Stopping threads took: 0.0025655 seconds
2016-03-28T10:08:26.658+0100: 45.749: Total time for which application threads were stopped: 0.0065373 seconds, Stopping threads took: 0.0063526 seconds
2016-03-28T10:08:27.660+0100: 46.751: Total time for which application threads were stopped: 0.0001769 seconds, Stopping threads took: 0.0000924 seconds
2016-03-28T10:08:35.752+0100: 54.843: Total time for which application threads were stopped: 0.0001342 seconds, Stopping threads took: 0.0000403 seconds
2016-03-28T10:08:35.757+0100: 54.848: Total time for which application threads were stopped: 0.0002748 seconds, Stopping threads took: 0.0000426 seconds
2016-03-28T10:08:35.790+0100: 54.882: Total time for which application threads were stopped: 0.0006056 seconds, Stopping threads took: 0.0000450 seconds
2016-03-28T10:08:36.790+0100: 55.881: Total time for which application threads were stopped: 0.0001745 seconds, Stopping threads took: 0.0000719 seconds
2016-03-28T10:08:45.814+0100: 64.905: Total time for which application threads were stopped: 0.0001342 seconds, Stopping threads took: 0.0000466 seconds
2016-03-28T10:09:00.652+0100: 79.743: Total time for which application threads were stopped: 0.0005630 seconds, Stopping threads took: 0.0000395 seconds
2016-03-28T10:09:00.653+0100: 79.744: Total time for which application threads were stopped: 0.0001287 seconds, Stopping threads took: 0.0000592 seconds
2016-03-28T10:09:00.734+0100: 79.825: Total time for which application threads were stopped: 0.0010328 seconds, Stopping threads took: 0.0009175 seconds
2016-03-28T10:09:00.737+0100: 79.828: Total time for which application threads were stopped: 0.0001366 seconds, Stopping threads took: 0.0000411 seconds
2016-03-28T10:09:00.738+0100: 79.829: Total time for which application threads were stopped: 0.0001895 seconds, Stopping threads took: 0.0000237 seconds
2016-03-28T10:09:00.738+0100: 79.829: Total time for which application threads were stopped: 0.0000821 seconds, Stopping threads took: 0.0000197 seconds
2016-03-28T10:09:00.738+0100: 79.829: Total time for which application threads were stopped: 0.0000782 seconds, Stopping threads took: 0.0000190 seconds
2016-03-28T10:09:00.738+0100: 79.829: Total time for which application threads were stopped: 0.0000774 seconds, Stopping threads took: 0.0000190 seconds
2016-03-28T10:09:00.738+0100: 79.829: Total time for which application threads were stopped: 0.0000821 seconds, Stopping threads took: 0.0000190 seconds
2016-03-28T10:09:00.739+0100: 79.829: Total time for which application threads were stopped: 0.0000774 seconds, Stopping threads took: 0.0000158 seconds
2016-03-28T10:09:00.739+0100: 79.830: Total time for which application threads were stopped: 0.0000892 seconds, Stopping threads took: 0.0000205 seconds
2016-03-28T10:09:00.745+0100: 79.836: Total time for which application threads were stopped: 0.0001658 seconds, Stopping threads took: 0.0000545 seconds
2016-03-28T10:09:02.786+0100: 81.877: Total time for which application threads were stopped: 0.0001619 seconds, Stopping threads took: 0.0000584 seconds
2016-03-28T10:09:07.802+0100: 86.893: Total time for which application threads were stopped: 0.0001611 seconds, Stopping threads took: 0.0000466 seconds
2016-03-28T10:09:26.859+0100: 105.950: Total time for which application threads were stopped: 0.0001500 seconds, Stopping threads took: 0.0000521 seconds
2016-03-28T10:10:59.469+0100: 198.560: Total time for which application threads were stopped: 0.0010715 seconds, Stopping threads took: 0.0009302 seconds
2016-03-28T10:10:59.473+0100: 198.564: Total time for which application threads were stopped: 0.0001729 seconds, Stopping threads took: 0.0000466 seconds
2016-03-28T10:10:59.474+0100: 198.565: Total time for which application threads were stopped: 0.0001666 seconds, Stopping threads took: 0.0000505 seconds
2016-03-28T10:10:59.475+0100: 198.567: Total time for which application threads were stopped: 0.0002527 seconds, Stopping threads took: 0.0001540 seconds
2016-03-28T10:10:59.489+0100: 198.581: Total time for which application threads were stopped: 0.0011308 seconds, Stopping threads took: 0.0000458 seconds
2016-03-28T10:10:59.501+0100: 198.593: Total time for which application threads were stopped: 0.0009341 seconds, Stopping threads took: 0.0000466 seconds
2016-03-28T10:10:59.502+0100: 198.593: Total time for which application threads were stopped: 0.0001327 seconds, Stopping threads took: 0.0000474 seconds
2016-03-28T10:10:59.502+0100: 198.593: Total time for which application threads were stopped: 0.0002306 seconds, Stopping threads took: 0.0001508 seconds
2016-03-28T10:10:59.502+0100: 198.593: Total time for which application threads were stopped: 0.0001642 seconds, Stopping threads took: 0.0000790 seconds
2016-03-28T10:10:59.578+0100: 198.670: Total time for which application threads were stopped: 0.0001721 seconds, Stopping threads took: 0.0000458 seconds
2016-03-28T10:10:59.580+0100: 198.672: Total time for which application threads were stopped: 0.0001248 seconds, Stopping threads took: 0.0000324 seconds
2016-03-28T10:10:59.581+0100: 198.672: Total time for which application threads were stopped: 0.0000916 seconds, Stopping threads took: 0.0000213 seconds
2016-03-28T10:10:59.581+0100: 198.672: Total time for which application threads were stopped: 0.0000829 seconds, Stopping threads took: 0.0000197 seconds
2016-03-28T10:10:59.583+0100: 198.674: Total time for which application threads were stopped: 0.0001271 seconds, Stopping threads took: 0.0000324 seconds
2016-03-28T10:10:59.601+0100: 198.693: Total time for which application threads were stopped: 0.0001713 seconds, Stopping threads took: 0.0000466 seconds
2016-03-28T10:10:59.602+0100: 198.693: Total time for which application threads were stopped: 0.0000876 seconds, Stopping threads took: 0.0000213 seconds
2016-03-28T10:10:59.609+0100: 198.700: Total time for which application threads were stopped: 0.0001674 seconds, Stopping threads took: 0.0000474 seconds
2016-03-28T10:11:00.610+0100: 199.702: Total time for which application threads were stopped: 0.0002203 seconds, Stopping threads took: 0.0000497 seconds
2016-03-28T10:11:12.280+0100: 211.372: Total time for which application threads were stopped: 0.0001864 seconds, Stopping threads took: 0.0000695 seconds
2016-03-28T10:11:12.282+0100: 211.375: Total time for which application threads were stopped: 0.0001800 seconds, Stopping threads took: 0.0000655 seconds
2016-03-28T10:11:12.287+0100: 211.379: Total time for which application threads were stopped: 0.0003309 seconds, Stopping threads took: 0.0001485 seconds
2016-03-28T10:11:12.299+0100: 211.391: Total time for which application threads were stopped: 0.0002045 seconds, Stopping threads took: 0.0000845 seconds
2016-03-28T10:11:12.322+0100: 211.414: Total time for which application threads were stopped: 0.0004485 seconds, Stopping threads took: 0.0003230 seconds
2016-03-28T10:11:12.326+0100: 211.418: Total time for which application threads were stopped: 0.0002124 seconds, Stopping threads took: 0.0000513 seconds
2016-03-28T10:11:12.363+0100: 211.455: Total time for which application threads were stopped: 0.0007636 seconds, Stopping threads took: 0.0000529 seconds
2016-03-28T10:11:12.369+0100: 211.461: Total time for which application threads were stopped: 0.0002511 seconds, Stopping threads took: 0.0000569 seconds
2016-03-28T10:11:12.388+0100: 211.480: Total time for which application threads were stopped: 0.0001729 seconds, Stopping threads took: 0.0000458 seconds
2016-03-28T10:11:12.395+0100: 211.487: Total time for which application threads were stopped: 0.0001824 seconds, Stopping threads took: 0.0000466 seconds
2016-03-28T10:11:12.403+0100: 211.495: Total time for which application threads were stopped: 0.0001737 seconds, Stopping threads took: 0.0000561 seconds
2016-03-28T10:11:12.409+0100: 211.501: Total time for which application threads were stopped: 0.0013440 seconds, Stopping threads took: 0.0012145 seconds
2016-03-28T10:11:12.410+0100: 211.502: Total time for which application threads were stopped: 0.0001232 seconds, Stopping threads took: 0.0000324 seconds
2016-03-28T10:11:12.417+0100: 211.509: Total time for which application threads were stopped: 0.0001935 seconds, Stopping threads took: 0.0000592 seconds
2016-03-28T10:11:12.418+0100: 211.510: Total time for which application threads were stopped: 0.0001563 seconds, Stopping threads took: 0.0000655 seconds
2016-03-28T10:11:12.419+0100: 211.511: Total time for which application threads were stopped: 0.0000955 seconds, Stopping threads took: 0.0000205 seconds
2016-03-28T10:11:12.447+0100: 211.539: Total time for which application threads were stopped: 0.0001879 seconds, Stopping threads took: 0.0000584 seconds
2016-03-28T10:11:12.454+0100: 211.546: Total time for which application threads were stopped: 0.0002361 seconds, Stopping threads took: 0.0001027 seconds
2016-03-28T10:11:12.636+0100: 211.728: Total time for which application threads were stopped: 0.0006104 seconds, Stopping threads took: 0.0002566 seconds
2016-03-28T10:11:13.257+0100: 212.349: Total time for which application threads were stopped: 0.0002779 seconds, Stopping threads took: 0.0000419 seconds
2016-03-28T10:11:14.042+0100: 213.134: Total time for which application threads were stopped: 0.0010778 seconds, Stopping threads took: 0.0000490 seconds
2016-03-28T10:11:14.643+0100: 213.736: Total time for which application threads were stopped: 0.0002993 seconds, Stopping threads took: 0.0000569 seconds
2016-03-28T10:11:14.912+0100: 214.004: Total time for which application threads were stopped: 0.0002432 seconds, Stopping threads took: 0.0000505 seconds
2016-03-28T10:11:14.938+0100: 214.030: Total time for which application threads were stopped: 0.0100401 seconds, Stopping threads took: 0.0098293 seconds
2016-03-28T10:11:15.078+0100: 214.170: Total time for which application threads were stopped: 0.0034238 seconds, Stopping threads took: 0.0031862 seconds
2016-03-28T10:11:15.078+0100: 214.170: Total time for which application threads were stopped: 0.0001311 seconds, Stopping threads took: 0.0000426 seconds
2016-03-28T10:11:15.078+0100: 214.171: Total time for which application threads were stopped: 0.0001121 seconds, Stopping threads took: 0.0000253 seconds
2016-03-28T10:11:15.079+0100: 214.171: Total time for which application threads were stopped: 0.0001216 seconds, Stopping threads took: 0.0000276 seconds
2016-03-28T10:11:15.079+0100: 214.171: Total time for which application threads were stopped: 0.0000979 seconds, Stopping threads took: 0.0000205 seconds
2016-03-28T10:11:15.082+0100: 214.174: Total time for which application threads were stopped: 0.0005172 seconds, Stopping threads took: 0.0003980 seconds
2016-03-28T10:11:15.082+0100: 214.174: Total time for which application threads were stopped: 0.0001382 seconds, Stopping threads took: 0.0000537 seconds
2016-03-28T10:11:15.083+0100: 214.175: Total time for which application threads were stopped: 0.0001666 seconds, Stopping threads took: 0.0000387 seconds
2016-03-28T10:11:15.083+0100: 214.175: Total time for which application threads were stopped: 0.0001074 seconds, Stopping threads took: 0.0000316 seconds
2016-03-28T10:11:15.084+0100: 214.176: Total time for which application threads were stopped: 0.0001516 seconds, Stopping threads took: 0.0000482 seconds
2016-03-28T10:11:15.135+0100: 214.227: Total time for which application threads were stopped: 0.0012239 seconds, Stopping threads took: 0.0010565 seconds
2016-03-28T10:11:15.137+0100: 214.229: Total time for which application threads were stopped: 0.0003988 seconds, Stopping threads took: 0.0000592 seconds
2016-03-28T10:11:15.143+0100: 214.235: Total time for which application threads were stopped: 0.0002045 seconds, Stopping threads took: 0.0000616 seconds
2016-03-28T10:11:15.256+0100: 214.349: Total time for which application threads were stopped: 0.0002527 seconds, Stopping threads took: 0.0000490 seconds
2016-03-28T10:11:15.259+0100: 214.351: Total time for which application threads were stopped: 0.0001674 seconds, Stopping threads took: 0.0000450 seconds
2016-03-28T10:11:15.262+0100: 214.354: Total time for which application threads were stopped: 0.0001706 seconds, Stopping threads took: 0.0000450 seconds
2016-03-28T10:11:15.265+0100: 214.357: Total time for which application threads were stopped: 0.0001824 seconds, Stopping threads took: 0.0000505 seconds
2016-03-28T10:11:15.265+0100: 214.358: Total time for which application threads were stopped: 0.0000861 seconds, Stopping threads took: 0.0000197 seconds
2016-03-28T10:11:15.945+0100: 215.038: Total time for which application threads were stopped: 0.0030267 seconds, Stopping threads took: 0.0027108 seconds
2016-03-28T10:11:16.945+0100: 216.037: Total time for which application threads were stopped: 0.0003498 seconds, Stopping threads took: 0.0000490 seconds
2016-03-28T10:11:17.967+0100: 217.062: Total time for which application threads were stopped: 0.0150511 seconds, Stopping threads took: 0.0148206 seconds
{Heap before GC invocations=7 (full 1):
 par new generation   total 109248K, used 101962K [0x00000000e0000000, 0x00000000e8000000, 0x00000000e8000000)
  eden space 87424K, 100% used [0x00000000e0000000, 0x00000000e5560000, 0x00000000e5560000)
  from space 21824K,  66% used [0x00000000e6ab0000, 0x00000000e78e2940, 0x00000000e8000000)
  to   space 21824K,   0% used [0x00000000e5560000, 0x00000000e5560000, 0x00000000e6ab0000)
 concurrent mark-sweep generation total 393216K, used 0K [0x00000000e8000000, 0x0000000100000000, 0x0000000100000000)
 Metaspace       used 32065K, capacity 32500K, committed 32816K, reserved 1079296K
  class space    used 3654K, capacity 3800K, committed 3888K, reserved 1048576K
2016-03-28T10:11:18.112+0100: 217.207: [GC (Allocation Failure) 2016-03-28T10:11:18.112+0100: 217.208: [ParNew
Desired survivor size 20112992 bytes, new threshold 8 (max 8)
- age   1:    8590344 bytes,    8590344 total
- age   2:     141272 bytes,    8731616 total
- age   3:     827696 bytes,    9559312 total
- age   4:     397776 bytes,    9957088 total
- age   5:    1159664 bytes,   11116752 total
- age   6:     241496 bytes,   11358248 total
- age   7:    2292720 bytes,   13650968 total
- age   8:    2549304 bytes,   16200272 total
: 101962K->17790K(109248K), 0.0620191 secs] 101962K->17790K(502464K), 0.0621897 secs] [Times: user=0.11 sys=0.02, real=0.06 secs] 
Heap after GC invocations=8 (full 1):
 par new generation   total 109248K, used 17790K [0x00000000e0000000, 0x00000000e8000000, 0x00000000e8000000)
  eden space 87424K,   0% used [0x00000000e0000000, 0x00000000e0000000, 0x00000000e5560000)
  from space 21824K,  81% used [0x00000000e5560000, 0x00000000e66bf9a0, 0x00000000e6ab0000)
  to   space 21824K,   0% used [0x00000000e6ab0000, 0x00000000e6ab0000, 0x00000000e8000000)
 concurrent mark-sweep generation total 393216K, used 0K [0x00000000e8000000, 0x0000000100000000, 0x0000000100000000)
 Metaspace       used 32065K, capacity 32500K, committed 32816K, reserved 1079296K
  class space    used 3654K, capacity 3800K, committed 3888K, reserved 1048576K
}
2016-03-28T10:11:18.174+0100: 217.270: Total time for which application threads were stopped: 0.0627243 seconds, Stopping threads took: 0.0000813 seconds
2016-03-28T10:11:18.176+0100: 217.272: Total time for which application threads were stopped: 0.0002314 seconds, Stopping threads took: 0.0000600 seconds
2016-03-28T10:11:18.177+0100: 217.272: Total time for which application threads were stopped: 0.0004825 seconds, Stopping threads took: 0.0003869 seconds
2016-03-28T10:11:18.360+0100: 217.456: Total time for which application threads were stopped: 0.0003964 seconds, Stopping threads took: 0.0002045 seconds
2016-03-28T10:11:19.365+0100: 218.460: Total time for which application threads were stopped: 0.0002337 seconds, Stopping threads took: 0.0000632 seconds
2016-03-28T10:11:20.365+0100: 219.460: Total time for which application threads were stopped: 0.0002345 seconds, Stopping threads took: 0.0000521 seconds
2016-03-28T10:11:21.365+0100: 220.460: Total time for which application threads were stopped: 0.0002408 seconds, Stopping threads took: 0.0000576 seconds
2016-03-28T10:11:22.379+0100: 221.475: Total time for which application threads were stopped: 0.0013250 seconds, Stopping threads took: 0.0010818 seconds
2016-03-28T10:11:23.383+0100: 222.478: Total time for which application threads were stopped: 0.0002543 seconds, Stopping threads took: 0.0000553 seconds
2016-03-28T10:11:24.383+0100: 223.478: Total time for which application threads were stopped: 0.0001650 seconds, Stopping threads took: 0.0000513 seconds
2016-03-28T10:11:25.384+0100: 224.479: Total time for which application threads were stopped: 0.0011639 seconds, Stopping threads took: 0.0010273 seconds
2016-03-28T10:11:26.385+0100: 225.480: Total time for which application threads were stopped: 0.0001950 seconds, Stopping threads took: 0.0000529 seconds
2016-03-28T10:11:28.395+0100: 227.490: Total time for which application threads were stopped: 0.0001919 seconds, Stopping threads took: 0.0000655 seconds
2016-03-28T10:11:29.414+0100: 228.509: Total time for which application threads were stopped: 0.0078639 seconds, Stopping threads took: 0.0075852 seconds
2016-03-28T10:11:30.047+0100: 229.142: Total time for which application threads were stopped: 0.0002243 seconds, Stopping threads took: 0.0000505 seconds
2016-03-28T10:11:30.052+0100: 229.147: Total time for which application threads were stopped: 0.0012192 seconds, Stopping threads took: 0.0010320 seconds
2016-03-28T10:11:30.061+0100: 229.156: Total time for which application threads were stopped: 0.0024510 seconds, Stopping threads took: 0.0022654 seconds
2016-03-28T10:11:30.148+0100: 229.243: Total time for which application threads were stopped: 0.0002590 seconds, Stopping threads took: 0.0000545 seconds
2016-03-28T10:11:30.193+0100: 229.288: Total time for which application threads were stopped: 0.0005298 seconds, Stopping threads took: 0.0000600 seconds
2016-03-28T10:11:30.193+0100: 229.288: Total time for which application threads were stopped: 0.0001413 seconds, Stopping threads took: 0.0000379 seconds
2016-03-28T10:11:30.193+0100: 229.288: Total time for which application threads were stopped: 0.0001216 seconds, Stopping threads took: 0.0000355 seconds
2016-03-28T10:11:30.212+0100: 229.307: Total time for which application threads were stopped: 0.0001982 seconds, Stopping threads took: 0.0000592 seconds
2016-03-28T10:11:30.213+0100: 229.308: Total time for which application threads were stopped: 0.0002140 seconds, Stopping threads took: 0.0000608 seconds
2016-03-28T10:11:30.215+0100: 229.310: Total time for which application threads were stopped: 0.0001713 seconds, Stopping threads took: 0.0000442 seconds
2016-03-28T10:11:30.215+0100: 229.311: Total time for which application threads were stopped: 0.0000916 seconds, Stopping threads took: 0.0000205 seconds
2016-03-28T10:11:30.216+0100: 229.311: Total time for which application threads were stopped: 0.0000971 seconds, Stopping threads took: 0.0000229 seconds
2016-03-28T10:11:30.217+0100: 229.312: Total time for which application threads were stopped: 0.0001200 seconds, Stopping threads took: 0.0000276 seconds
2016-03-28T10:11:30.217+0100: 229.312: Total time for which application threads were stopped: 0.0000884 seconds, Stopping threads took: 0.0000197 seconds
2016-03-28T10:11:30.220+0100: 229.315: Total time for which application threads were stopped: 0.0021881 seconds, Stopping threads took: 0.0000245 seconds
2016-03-28T10:11:30.221+0100: 229.316: Total time for which application threads were stopped: 0.0001903 seconds, Stopping threads took: 0.0000513 seconds
2016-03-28T10:11:30.234+0100: 229.329: Total time for which application threads were stopped: 0.0002306 seconds, Stopping threads took: 0.0000505 seconds
2016-03-28T10:11:30.235+0100: 229.330: Total time for which application threads were stopped: 0.0001713 seconds, Stopping threads took: 0.0000379 seconds
2016-03-28T10:11:30.250+0100: 229.345: Total time for which application threads were stopped: 0.0009665 seconds, Stopping threads took: 0.0007723 seconds
2016-03-28T10:11:30.263+0100: 229.358: Total time for which application threads were stopped: 0.0003711 seconds, Stopping threads took: 0.0000616 seconds
2016-03-28T10:11:30.264+0100: 229.360: Total time for which application threads were stopped: 0.0002219 seconds, Stopping threads took: 0.0000466 seconds
2016-03-28T10:11:30.265+0100: 229.360: Total time for which application threads were stopped: 0.0001437 seconds, Stopping threads took: 0.0000253 seconds
2016-03-28T10:11:30.269+0100: 229.365: Total time for which application threads were stopped: 0.0002369 seconds, Stopping threads took: 0.0000608 seconds
2016-03-28T10:11:30.272+0100: 229.367: Total time for which application threads were stopped: 0.0001816 seconds, Stopping threads took: 0.0000490 seconds
2016-03-28T10:11:30.273+0100: 229.368: Total time for which application threads were stopped: 0.0000932 seconds, Stopping threads took: 0.0000213 seconds
2016-03-28T10:11:30.281+0100: 229.376: Total time for which application threads were stopped: 0.0001998 seconds, Stopping threads took: 0.0000529 seconds
2016-03-28T10:11:30.486+0100: 229.581: Total time for which application threads were stopped: 0.0002527 seconds, Stopping threads took: 0.0000474 seconds
2016-03-28T10:11:30.531+0100: 229.626: Total time for which application threads were stopped: 0.0002179 seconds, Stopping threads took: 0.0000482 seconds
2016-03-28T10:11:31.049+0100: 230.144: Total time for which application threads were stopped: 0.0002314 seconds, Stopping threads took: 0.0000505 seconds
2016-03-28T10:11:31.688+0100: 230.783: Total time for which application threads were stopped: 0.0003514 seconds, Stopping threads took: 0.0001556 seconds
{Heap before GC invocations=8 (full 1):
 par new generation   total 109248K, used 105214K [0x00000000e0000000, 0x00000000e8000000, 0x00000000e8000000)
  eden space 87424K, 100% used [0x00000000e0000000, 0x00000000e5560000, 0x00000000e5560000)
  from space 21824K,  81% used [0x00000000e5560000, 0x00000000e66bf9a0, 0x00000000e6ab0000)
  to   space 21824K,   0% used [0x00000000e6ab0000, 0x00000000e6ab0000, 0x00000000e8000000)
 concurrent mark-sweep generation total 393216K, used 0K [0x00000000e8000000, 0x0000000100000000, 0x0000000100000000)
 Metaspace       used 32396K, capacity 32820K, committed 33072K, reserved 1079296K
  class space    used 3655K, capacity 3800K, committed 3888K, reserved 1048576K
2016-03-28T10:11:32.589+0100: 231.685: [GC (Allocation Failure) 2016-03-28T10:11:32.589+0100: 231.685: [ParNew
Desired survivor size 20112992 bytes, new threshold 8 (max 8)
- age   1:     842424 bytes,     842424 total
- age   2:    5531976 bytes,    6374400 total
- age   3:     141272 bytes,    6515672 total
- age   4:     827696 bytes,    7343368 total
- age   5:     397776 bytes,    7741144 total
- age   6:    1159664 bytes,    8900808 total
- age   7:     241496 bytes,    9142304 total
- age   8:    2292720 bytes,   11435024 total
: 105214K->15927K(109248K), 0.1166323 secs] 105214K->18651K(502464K), 0.1168029 secs] [Times: user=0.19 sys=0.02, real=0.12 secs] 
Heap after GC invocations=9 (full 1):
 par new generation   total 109248K, used 15927K [0x00000000e0000000, 0x00000000e8000000, 0x00000000e8000000)
  eden space 87424K,   0% used [0x00000000e0000000, 0x00000000e0000000, 0x00000000e5560000)
  from space 21824K,  72% used [0x00000000e6ab0000, 0x00000000e7a3dec8, 0x00000000e8000000)
  to   space 21824K,   0% used [0x00000000e5560000, 0x00000000e5560000, 0x00000000e6ab0000)
 concurrent mark-sweep generation total 393216K, used 2724K [0x00000000e8000000, 0x0000000100000000, 0x0000000100000000)
 Metaspace       used 32396K, capacity 32820K, committed 33072K, reserved 1079296K
  class space    used 3655K, capacity 3800K, committed 3888K, reserved 1048576K
}
2016-03-28T10:11:32.706+0100: 231.802: Total time for which application threads were stopped: 0.1173967 seconds, Stopping threads took: 0.0000537 seconds
2016-03-28T10:11:33.706+0100: 232.801: Total time for which application threads were stopped: 0.0003451 seconds, Stopping threads took: 0.0000545 seconds
2016-03-28T10:11:34.710+0100: 233.805: Total time for which application threads were stopped: 0.0002693 seconds, Stopping threads took: 0.0000497 seconds
2016-03-28T10:11:35.196+0100: 234.291: Total time for which application threads were stopped: 0.0019109 seconds, Stopping threads took: 0.0016638 seconds
2016-03-28T10:11:35.432+0100: 234.527: Total time for which application threads were stopped: 0.0002866 seconds, Stopping threads took: 0.0000647 seconds
2016-03-28T10:11:35.433+0100: 234.529: Total time for which application threads were stopped: 0.0002203 seconds, Stopping threads took: 0.0000474 seconds
2016-03-28T10:11:35.807+0100: 234.903: Total time for which application threads were stopped: 0.0012208 seconds, Stopping threads took: 0.0010684 seconds
2016-03-28T10:11:36.195+0100: 235.291: Total time for which application threads were stopped: 0.0007272 seconds, Stopping threads took: 0.0005069 seconds
2016-03-28T10:11:36.210+0100: 235.306: Total time for which application threads were stopped: 0.0008204 seconds, Stopping threads took: 0.0006017 seconds
2016-03-28T10:11:37.211+0100: 236.306: Total time for which application threads were stopped: 0.0001982 seconds, Stopping threads took: 0.0000537 seconds
2016-03-28T10:11:38.212+0100: 237.307: Total time for which application threads were stopped: 0.0011702 seconds, Stopping threads took: 0.0009791 seconds
2016-03-28T10:11:39.213+0100: 238.309: Total time for which application threads were stopped: 0.0002298 seconds, Stopping threads took: 0.0000490 seconds
2016-03-28T10:11:39.609+0100: 238.705: Total time for which application threads were stopped: 0.0003782 seconds, Stopping threads took: 0.0000640 seconds
{Heap before GC invocations=9 (full 1):
 par new generation   total 109248K, used 103351K [0x00000000e0000000, 0x00000000e8000000, 0x00000000e8000000)
  eden space 87424K, 100% used [0x00000000e0000000, 0x00000000e5560000, 0x00000000e5560000)
  from space 21824K,  72% used [0x00000000e6ab0000, 0x00000000e7a3dec8, 0x00000000e8000000)
  to   space 21824K,   0% used [0x00000000e5560000, 0x00000000e5560000, 0x00000000e6ab0000)
 concurrent mark-sweep generation total 393216K, used 2724K [0x00000000e8000000, 0x0000000100000000, 0x0000000100000000)
 Metaspace       used 32415K, capacity 32820K, committed 33072K, reserved 1079296K
  class space    used 3655K, capacity 3800K, committed 3888K, reserved 1048576K
2016-03-28T10:11:39.630+0100: 238.725: [GC (Allocation Failure) 2016-03-28T10:11:39.630+0100: 238.725: [ParNew
Desired survivor size 20112992 bytes, new threshold 8 (max 8)
- age   1:     690936 bytes,     690936 total
- age   2:     759696 bytes,    1450632 total
- age   3:    5523048 bytes,    6973680 total
- age   4:     141272 bytes,    7114952 total
- age   5:     827696 bytes,    7942648 total
- age   6:     397776 bytes,    8340424 total
- age   7:    1159648 bytes,    9500072 total
- age   8:     241496 bytes,    9741568 total
: 103351K->12172K(109248K), 0.0565873 secs] 106075K->17217K(502464K), 0.0567460 secs] [Times: user=0.09 sys=0.00, real=0.06 secs] 
Heap after GC invocations=10 (full 1):
 par new generation   total 109248K, used 12172K [0x00000000e0000000, 0x00000000e8000000, 0x00000000e8000000)
  eden space 87424K,   0% used [0x00000000e0000000, 0x00000000e0000000, 0x00000000e5560000)
  from space 21824K,  55% used [0x00000000e5560000, 0x00000000e6143090, 0x00000000e6ab0000)
  to   space 21824K,   0% used [0x00000000e6ab0000, 0x00000000e6ab0000, 0x00000000e8000000)
 concurrent mark-sweep generation total 393216K, used 5045K [0x00000000e8000000, 0x0000000100000000, 0x0000000100000000)
 Metaspace       used 32415K, capacity 32820K, committed 33072K, reserved 1079296K
  class space    used 3655K, capacity 3800K, committed 3888K, reserved 1048576K
}
2016-03-28T10:11:39.687+0100: 238.782: Total time for which application threads were stopped: 0.0572545 seconds, Stopping threads took: 0.0000482 seconds
2016-03-28T10:11:39.815+0100: 238.911: Total time for which application threads were stopped: 0.0004825 seconds, Stopping threads took: 0.0002922 seconds
2016-03-28T10:11:40.825+0100: 239.919: Total time for which application threads were stopped: 0.0002519 seconds, Stopping threads took: 0.0000497 seconds
2016-03-28T10:11:41.827+0100: 240.922: Total time for which application threads were stopped: 0.0021178 seconds, Stopping threads took: 0.0018896 seconds
2016-03-28T10:11:44.827+0100: 243.922: Total time for which application threads were stopped: 0.0002266 seconds, Stopping threads took: 0.0000513 seconds
2016-03-28T10:11:45.221+0100: 244.316: Total time for which application threads were stopped: 0.0001942 seconds, Stopping threads took: 0.0000442 seconds
2016-03-28T10:11:45.228+0100: 244.323: Total time for which application threads were stopped: 0.0003601 seconds, Stopping threads took: 0.0000513 seconds
2016-03-28T10:11:45.321+0100: 244.416: Total time for which application threads were stopped: 0.0002171 seconds, Stopping threads took: 0.0000458 seconds
2016-03-28T10:11:45.638+0100: 244.733: Total time for which application threads were stopped: 0.0014245 seconds, Stopping threads took: 0.0010660 seconds
2016-03-28T10:11:45.639+0100: 244.734: Total time for which application threads were stopped: 0.0002511 seconds, Stopping threads took: 0.0000355 seconds
2016-03-28T10:11:45.639+0100: 244.734: Total time for which application threads were stopped: 0.0002258 seconds, Stopping threads took: 0.0000300 seconds
2016-03-28T10:11:46.641+0100: 245.736: Total time for which application threads were stopped: 0.0001840 seconds, Stopping threads took: 0.0000474 seconds
2016-03-28T10:11:46.884+0100: 245.979: Total time for which application threads were stopped: 0.0001974 seconds, Stopping threads took: 0.0000505 seconds
2016-03-28T10:11:46.888+0100: 245.983: Total time for which application threads were stopped: 0.0002108 seconds, Stopping threads took: 0.0000529 seconds
2016-03-28T10:11:46.935+0100: 246.030: Total time for which application threads were stopped: 0.0012737 seconds, Stopping threads took: 0.0010186 seconds
2016-03-28T10:11:46.935+0100: 246.031: Total time for which application threads were stopped: 0.0001137 seconds, Stopping threads took: 0.0000284 seconds
2016-03-28T10:11:46.984+0100: 246.079: Total time for which application threads were stopped: 0.0002377 seconds, Stopping threads took: 0.0000513 seconds
2016-03-28T10:11:47.740+0100: 246.835: Total time for which application threads were stopped: 0.0002258 seconds, Stopping threads took: 0.0000584 seconds
2016-03-28T10:11:47.747+0100: 246.842: Total time for which application threads were stopped: 0.0002132 seconds, Stopping threads took: 0.0000513 seconds
2016-03-28T10:11:47.786+0100: 246.881: Total time for which application threads were stopped: 0.0002708 seconds, Stopping threads took: 0.0001027 seconds
{Heap before GC invocations=10 (full 1):
 par new generation   total 109248K, used 99596K [0x00000000e0000000, 0x00000000e8000000, 0x00000000e8000000)
  eden space 87424K, 100% used [0x00000000e0000000, 0x00000000e5560000, 0x00000000e5560000)
  from space 21824K,  55% used [0x00000000e5560000, 0x00000000e6143090, 0x00000000e6ab0000)
  to   space 21824K,   0% used [0x00000000e6ab0000, 0x00000000e6ab0000, 0x00000000e8000000)
 concurrent mark-sweep generation total 393216K, used 5045K [0x00000000e8000000, 0x0000000100000000, 0x0000000100000000)
 Metaspace       used 32536K, capacity 32960K, committed 33328K, reserved 1079296K
  class space    used 3658K, capacity 3800K, committed 3888K, reserved 1048576K
2016-03-28T10:11:47.931+0100: 247.026: [GC (Allocation Failure) 2016-03-28T10:11:47.931+0100: 247.026: [ParNew
Desired survivor size 20112992 bytes, new threshold 8 (max 8)
- age   1:    1372560 bytes,    1372560 total
- age   2:     152760 bytes,    1525320 total
- age   3:     128776 bytes,    1654096 total
- age   4:    5452416 bytes,    7106512 total
- age   5:     141272 bytes,    7247784 total
- age   6:     827696 bytes,    8075480 total
- age   7:     397776 bytes,    8473256 total
- age   8:    1159648 bytes,    9632904 total
: 99596K->12178K(109248K), 0.0596344 secs] 104641K->17465K(502464K), 0.0597608 secs] [Times: user=0.11 sys=0.00, real=0.06 secs] 
Heap after GC invocations=11 (full 1):
 par new generation   total 109248K, used 12178K [0x00000000e0000000, 0x00000000e8000000, 0x00000000e8000000)
  eden space 87424K,   0% used [0x00000000e0000000, 0x00000000e0000000, 0x00000000e5560000)
  from space 21824K,  55% used [0x00000000e6ab0000, 0x00000000e76949c0, 0x00000000e8000000)
  to   space 21824K,   0% used [0x00000000e5560000, 0x00000000e5560000, 0x00000000e6ab0000)
 concurrent mark-sweep generation total 393216K, used 5287K [0x00000000e8000000, 0x0000000100000000, 0x0000000100000000)
 Metaspace       used 32536K, capacity 32960K, committed 33328K, reserved 1079296K
  class space    used 3658K, capacity 3800K, committed 3888K, reserved 1048576K
}
2016-03-28T10:11:47.991+0100: 247.086: Total time for which application threads were stopped: 0.0603822 seconds, Stopping threads took: 0.0000482 seconds
2016-03-28T10:11:49.002+0100: 248.097: Total time for which application threads were stopped: 0.0063494 seconds, Stopping threads took: 0.0025244 seconds
2016-03-28T10:11:50.013+0100: 249.108: Total time for which application threads were stopped: 0.0001785 seconds, Stopping threads took: 0.0000497 seconds
{Heap before GC invocations=11 (full 1):
 par new generation   total 109248K, used 99602K [0x00000000e0000000, 0x00000000e8000000, 0x00000000e8000000)
  eden space 87424K, 100% used [0x00000000e0000000, 0x00000000e5560000, 0x00000000e5560000)
  from space 21824K,  55% used [0x00000000e6ab0000, 0x00000000e76949c0, 0x00000000e8000000)
  to   space 21824K,   0% used [0x00000000e5560000, 0x00000000e5560000, 0x00000000e6ab0000)
 concurrent mark-sweep generation total 393216K, used 5287K [0x00000000e8000000, 0x0000000100000000, 0x0000000100000000)
 Metaspace       used 32564K, capacity 32960K, committed 33328K, reserved 1079296K
  class space    used 3658K, capacity 3800K, committed 3888K, reserved 1048576K
2016-03-28T10:11:51.201+0100: 250.296: [GC (Allocation Failure) 2016-03-28T10:11:51.201+0100: 250.296: [ParNew
Desired survivor size 20112992 bytes, new threshold 8 (max 8)
- age   1:     659216 bytes,     659216 total
- age   2:    1246440 bytes,    1905656 total
- age   3:     148464 bytes,    2054120 total
- age   4:     124048 bytes,    2178168 total
- age   5:    5451520 bytes,    7629688 total
- age   6:     141272 bytes,    7770960 total
- age   7:     827696 bytes,    8598656 total
- age   8:     397800 bytes,    8996456 total
: 99602K->10527K(109248K), 0.0409415 secs] 104889K->16962K(502464K), 0.0410868 secs] [Times: user=0.06 sys=0.00, real=0.04 secs] 
Heap after GC invocations=12 (full 1):
 par new generation   total 109248K, used 10527K [0x00000000e0000000, 0x00000000e8000000, 0x00000000e8000000)
  eden space 87424K,   0% used [0x00000000e0000000, 0x00000000e0000000, 0x00000000e5560000)
  from space 21824K,  48% used [0x00000000e5560000, 0x00000000e5fa7f38, 0x00000000e6ab0000)
  to   space 21824K,   0% used [0x00000000e6ab0000, 0x00000000e6ab0000, 0x00000000e8000000)
 concurrent mark-sweep generation total 393216K, used 6434K [0x00000000e8000000, 0x0000000100000000, 0x0000000100000000)
 Metaspace       used 32564K, capacity 32960K, committed 33328K, reserved 1079296K
  class space    used 3658K, capacity 3800K, committed 3888K, reserved 1048576K
}
2016-03-28T10:11:51.242+0100: 250.337: Total time for which application threads were stopped: 0.0419301 seconds, Stopping threads took: 0.0000616 seconds
2016-03-28T10:11:52.245+0100: 251.341: Total time for which application threads were stopped: 0.0020688 seconds, Stopping threads took: 0.0018959 seconds
{Heap before GC invocations=12 (full 1):
 par new generation   total 109248K, used 97951K [0x00000000e0000000, 0x00000000e8000000, 0x00000000e8000000)
  eden space 87424K, 100% used [0x00000000e0000000, 0x00000000e5560000, 0x00000000e5560000)
  from space 21824K,  48% used [0x00000000e5560000, 0x00000000e5fa7f38, 0x00000000e6ab0000)
  to   space 21824K,   0% used [0x00000000e6ab0000, 0x00000000e6ab0000, 0x00000000e8000000)
 concurrent mark-sweep generation total 393216K, used 6434K [0x00000000e8000000, 0x0000000100000000, 0x0000000100000000)
 Metaspace       used 32566K, capacity 32960K, committed 33328K, reserved 1079296K
  class space    used 3659K, capacity 3800K, committed 3888K, reserved 1048576K
2016-03-28T10:11:53.849+0100: 252.944: [GC (Allocation Failure) 2016-03-28T10:11:53.849+0100: 252.944: [ParNew
Desired survivor size 20112992 bytes, new threshold 8 (max 8)
- age   1:     612552 bytes,     612552 total
- age   2:     515792 bytes,    1128344 total
- age   3:    1242096 bytes,    2370440 total
- age   4:     143688 bytes,    2514128 total
- age   5:     121168 bytes,    2635296 total
- age   6:    5450584 bytes,    8085880 total
- age   7:     141272 bytes,    8227152 total
- age   8:     827696 bytes,    9054848 total
: 97951K->9532K(109248K), 0.0344792 secs] 104386K->16358K(502464K), 0.0346182 secs] [Times: user=0.09 sys=0.00, real=0.04 secs] 
Heap after GC invocations=13 (full 1):
 par new generation   total 109248K, used 9532K [0x00000000e0000000, 0x00000000e8000000, 0x00000000e8000000)
  eden space 87424K,   0% used [0x00000000e0000000, 0x00000000e0000000, 0x00000000e5560000)
  from space 21824K,  43% used [0x00000000e6ab0000, 0x00000000e73ff1d8, 0x00000000e8000000)
  to   space 21824K,   0% used [0x00000000e5560000, 0x00000000e5560000, 0x00000000e6ab0000)
 concurrent mark-sweep generation total 393216K, used 6826K [0x00000000e8000000, 0x0000000100000000, 0x0000000100000000)
 Metaspace       used 32566K, capacity 32960K, committed 33328K, reserved 1079296K
  class space    used 3659K, capacity 3800K, committed 3888K, reserved 1048576K
}
2016-03-28T10:11:53.884+0100: 252.979: Total time for which application threads were stopped: 0.0358508 seconds, Stopping threads took: 0.0007051 seconds
2016-03-28T10:11:54.904+0100: 253.999: Total time for which application threads were stopped: 0.0023476 seconds, Stopping threads took: 0.0021075 seconds
2016-03-28T10:11:55.949+0100: 255.044: Total time for which application threads were stopped: 0.0019733 seconds, Stopping threads took: 0.0017522 seconds
2016-03-28T10:11:56.941+0100: 256.037: Total time for which application threads were stopped: 0.0022970 seconds, Stopping threads took: 0.0016953 seconds
2016-03-28T10:11:56.947+0100: 256.043: Total time for which application threads were stopped: 0.0002590 seconds, Stopping threads took: 0.0000569 seconds
2016-03-28T10:11:56.950+0100: 256.045: Total time for which application threads were stopped: 0.0008741 seconds, Stopping threads took: 0.0006633 seconds
2016-03-28T10:11:57.965+0100: 257.060: Total time for which application threads were stopped: 0.0002527 seconds, Stopping threads took: 0.0000821 seconds
2016-03-28T10:11:59.003+0100: 258.098: Total time for which application threads were stopped: 0.0002250 seconds, Stopping threads took: 0.0000482 seconds
{Heap before GC invocations=13 (full 1):
 par new generation   total 109248K, used 96956K [0x00000000e0000000, 0x00000000e8000000, 0x00000000e8000000)
  eden space 87424K, 100% used [0x00000000e0000000, 0x00000000e5560000, 0x00000000e5560000)
  from space 21824K,  43% used [0x00000000e6ab0000, 0x00000000e73ff1d8, 0x00000000e8000000)
  to   space 21824K,   0% used [0x00000000e5560000, 0x00000000e5560000, 0x00000000e6ab0000)
 concurrent mark-sweep generation total 393216K, used 6826K [0x00000000e8000000, 0x0000000100000000, 0x0000000100000000)
 Metaspace       used 32571K, capacity 32960K, committed 33328K, reserved 1079296K
  class space    used 3659K, capacity 3800K, committed 3888K, reserved 1048576K
2016-03-28T10:11:59.280+0100: 258.374: [GC (Allocation Failure) 2016-03-28T10:11:59.280+0100: 258.375: [ParNew
Desired survivor size 20112992 bytes, new threshold 8 (max 8)
- age   1:     801008 bytes,     801008 total
- age   2:     369464 bytes,    1170472 total
- age   3:     443640 bytes,    1614112 total
- age   4:    1151208 bytes,    2765320 total
- age   5:     140472 bytes,    2905792 total
- age   6:     119152 bytes,    3024944 total
- age   7:    5449720 bytes,    8474664 total
- age   8:     141272 bytes,    8615936 total
: 96956K->10265K(109248K), 0.0351346 secs] 103782K->17906K(502464K), 0.0352838 secs] [Times: user=0.08 sys=0.00, real=0.04 secs] 
Heap after GC invocations=14 (full 1):
 par new generation   total 109248K, used 10265K [0x00000000e0000000, 0x00000000e8000000, 0x00000000e8000000)
  eden space 87424K,   0% used [0x00000000e0000000, 0x00000000e0000000, 0x00000000e5560000)
  from space 21824K,  47% used [0x00000000e5560000, 0x00000000e5f66450, 0x00000000e6ab0000)
  to   space 21824K,   0% used [0x00000000e6ab0000, 0x00000000e6ab0000, 0x00000000e8000000)
 concurrent mark-sweep generation total 393216K, used 7641K [0x00000000e8000000, 0x0000000100000000, 0x0000000100000000)
 Metaspace       used 32571K, capacity 32960K, committed 33328K, reserved 1079296K
  class space    used 3659K, capacity 3800K, committed 3888K, reserved 1048576K
}
2016-03-28T10:11:59.315+0100: 258.410: Total time for which application threads were stopped: 0.0358192 seconds, Stopping threads took: 0.0000821 seconds
2016-03-28T10:12:00.317+0100: 259.412: Total time for which application threads were stopped: 0.0005172 seconds, Stopping threads took: 0.0000521 seconds
2016-03-28T10:12:00.866+0100: 259.961: Total time for which application threads were stopped: 0.0002930 seconds, Stopping threads took: 0.0000616 seconds
2016-03-28T10:12:00.866+0100: 259.961: Total time for which application threads were stopped: 0.0001406 seconds, Stopping threads took: 0.0000363 seconds
2016-03-28T10:12:00.875+0100: 259.970: Total time for which application threads were stopped: 0.0014663 seconds, Stopping threads took: 0.0012105 seconds
2016-03-28T10:12:01.780+0100: 260.875: Total time for which application threads were stopped: 0.0011497 seconds, Stopping threads took: 0.0008639 seconds
2016-03-28T10:12:01.833+0100: 260.928: Total time for which application threads were stopped: 0.0031980 seconds, Stopping threads took: 0.0029374 seconds
2016-03-28T10:12:01.834+0100: 260.929: Total time for which application threads were stopped: 0.0001911 seconds, Stopping threads took: 0.0000387 seconds
2016-03-28T10:12:01.858+0100: 260.953: Total time for which application threads were stopped: 0.0002511 seconds, Stopping threads took: 0.0000553 seconds
2016-03-28T10:12:02.858+0100: 261.953: Total time for which application threads were stopped: 0.0002219 seconds, Stopping threads took: 0.0000521 seconds
2016-03-28T10:12:03.858+0100: 262.953: Total time for which application threads were stopped: 0.0001816 seconds, Stopping threads took: 0.0000505 seconds
2016-03-28T10:12:04.872+0100: 263.967: Total time for which application threads were stopped: 0.0045554 seconds, Stopping threads took: 0.0043761 seconds
{Heap before GC invocations=14 (full 1):
 par new generation   total 109248K, used 97689K [0x00000000e0000000, 0x00000000e8000000, 0x00000000e8000000)
  eden space 87424K, 100% used [0x00000000e0000000, 0x00000000e5560000, 0x00000000e5560000)
  from space 21824K,  47% used [0x00000000e5560000, 0x00000000e5f66450, 0x00000000e6ab0000)
  to   space 21824K,   0% used [0x00000000e6ab0000, 0x00000000e6ab0000, 0x00000000e8000000)
 concurrent mark-sweep generation total 393216K, used 7641K [0x00000000e8000000, 0x0000000100000000, 0x0000000100000000)
 Metaspace       used 32625K, capacity 33024K, committed 33328K, reserved 1079296K
  class space    used 3661K, capacity 3800K, committed 3888K, reserved 1048576K
2016-03-28T10:12:05.658+0100: 264.753: [GC (Allocation Failure) 2016-03-28T10:12:05.658+0100: 264.753: [ParNew
Desired survivor size 20112992 bytes, new threshold 8 (max 8)
- age   1:    1529432 bytes,    1529432 total
- age   2:      48840 bytes,    1578272 total
- age   3:      37400 bytes,    1615672 total
- age   4:      34536 bytes,    1650208 total
- age   5:     394376 bytes,    2044584 total
- age   6:     138024 bytes,    2182608 total
- age   7:     116448 bytes,    2299056 total
- age   8:    5381136 bytes,    7680192 total
: 97689K->10090K(109248K), 0.0299380 secs] 105330K->17873K(502464K), 0.0300833 secs] [Times: user=0.06 sys=0.00, real=0.03 secs] 
Heap after GC invocations=15 (full 1):
 par new generation   total 109248K, used 10090K [0x00000000e0000000, 0x00000000e8000000, 0x00000000e8000000)
  eden space 87424K,   0% used [0x00000000e0000000, 0x00000000e0000000, 0x00000000e5560000)
  from space 21824K,  46% used [0x00000000e6ab0000, 0x00000000e748a890, 0x00000000e8000000)
  to   space 21824K,   0% used [0x00000000e5560000, 0x00000000e5560000, 0x00000000e6ab0000)
 concurrent mark-sweep generation total 393216K, used 7782K [0x00000000e8000000, 0x0000000100000000, 0x0000000100000000)
 Metaspace       used 32625K, capacity 33024K, committed 33328K, reserved 1079296K
  class space    used 3661K, capacity 3800K, committed 3888K, reserved 1048576K
}
2016-03-28T10:12:05.688+0100: 264.783: Total time for which application threads were stopped: 0.0305808 seconds, Stopping threads took: 0.0000529 seconds
2016-03-28T10:12:06.690+0100: 265.785: Total time for which application threads were stopped: 0.0023460 seconds, Stopping threads took: 0.0022110 seconds
2016-03-28T10:12:07.690+0100: 266.785: Total time for which application threads were stopped: 0.0001579 seconds, Stopping threads took: 0.0000474 seconds
2016-03-28T10:12:08.113+0100: 267.208: Total time for which application threads were stopped: 0.0002432 seconds, Stopping threads took: 0.0000695 seconds
2016-03-28T10:12:08.115+0100: 267.210: Total time for which application threads were stopped: 0.0001848 seconds, Stopping threads took: 0.0000490 seconds
2016-03-28T10:12:09.118+0100: 268.213: Total time for which application threads were stopped: 0.0030796 seconds, Stopping threads took: 0.0029351 seconds
{Heap before GC invocations=15 (full 1):
 par new generation   total 109248K, used 97514K [0x00000000e0000000, 0x00000000e8000000, 0x00000000e8000000)
  eden space 87424K, 100% used [0x00000000e0000000, 0x00000000e5560000, 0x00000000e5560000)
  from space 21824K,  46% used [0x00000000e6ab0000, 0x00000000e748a890, 0x00000000e8000000)
  to   space 21824K,   0% used [0x00000000e5560000, 0x00000000e5560000, 0x00000000e6ab0000)
 concurrent mark-sweep generation total 393216K, used 7782K [0x00000000e8000000, 0x0000000100000000, 0x0000000100000000)
 Metaspace       used 32696K, capacity 33088K, committed 33328K, reserved 1079296K
  class space    used 3662K, capacity 3800K, committed 3888K, reserved 1048576K
2016-03-28T10:12:10.079+0100: 269.174: [GC (Allocation Failure) 2016-03-28T10:12:10.079+0100: 269.174: [ParNew
Desired survivor size 20112992 bytes, new threshold 8 (max 8)
- age   1:     741064 bytes,     741064 total
- age   2:    1446416 bytes,    2187480 total
- age   3:      47160 bytes,    2234640 total
- age   4:      36392 bytes,    2271032 total
- age   5:      32880 bytes,    2303912 total
- age   6:     392736 bytes,    2696648 total
- age   7:     135840 bytes,    2832488 total
- age   8:     115056 bytes,    2947544 total
: 97514K->4478K(109248K), 0.0491916 secs] 105297K->17982K(502464K), 0.0493463 secs] [Times: user=0.08 sys=0.00, real=0.05 secs] 
Heap after GC invocations=16 (full 1):
 par new generation   total 109248K, used 4478K [0x00000000e0000000, 0x00000000e8000000, 0x00000000e8000000)
  eden space 87424K,   0% used [0x00000000e0000000, 0x00000000e0000000, 0x00000000e5560000)
  from space 21824K,  20% used [0x00000000e5560000, 0x00000000e59bfae0, 0x00000000e6ab0000)
  to   space 21824K,   0% used [0x00000000e6ab0000, 0x00000000e6ab0000, 0x00000000e8000000)
 concurrent mark-sweep generation total 393216K, used 13503K [0x00000000e8000000, 0x0000000100000000, 0x0000000100000000)
 Metaspace       used 32696K, capacity 33088K, committed 33328K, reserved 1079296K
  class space    used 3662K, capacity 3800K, committed 3888K, reserved 1048576K
}
2016-03-28T10:12:10.128+0100: 269.224: Total time for which application threads were stopped: 0.0506153 seconds, Stopping threads took: 0.0008094 seconds
2016-03-28T10:12:11.128+0100: 270.223: Total time for which application threads were stopped: 0.0001682 seconds, Stopping threads took: 0.0000450 seconds
{Heap before GC invocations=16 (full 1):
 par new generation   total 109248K, used 91902K [0x00000000e0000000, 0x00000000e8000000, 0x00000000e8000000)
  eden space 87424K, 100% used [0x00000000e0000000, 0x00000000e5560000, 0x00000000e5560000)
  from space 21824K,  20% used [0x00000000e5560000, 0x00000000e59bfae0, 0x00000000e6ab0000)
  to   space 21824K,   0% used [0x00000000e6ab0000, 0x00000000e6ab0000, 0x00000000e8000000)
 concurrent mark-sweep generation total 393216K, used 13503K [0x00000000e8000000, 0x0000000100000000, 0x0000000100000000)
 Metaspace       used 32697K, capacity 33088K, committed 33328K, reserved 1079296K
  class space    used 3662K, capacity 3800K, committed 3888K, reserved 1048576K
2016-03-28T10:12:13.032+0100: 272.128: [GC (Allocation Failure) 2016-03-28T10:12:13.032+0100: 272.128: [ParNew
Desired survivor size 20112992 bytes, new threshold 8 (max 8)
- age   1:     372176 bytes,     372176 total
- age   2:     553576 bytes,     925752 total
- age   3:    1445744 bytes,    2371496 total
- age   4:      46464 bytes,    2417960 total
- age   5:      35576 bytes,    2453536 total
- age   6:      32760 bytes,    2486296 total
- age   7:     392224 bytes,    2878520 total
- age   8:     135312 bytes,    3013832 total
: 91902K->3362K(109248K), 0.1046773 secs] 105406K->16978K(502464K), 0.1048542 secs] [Times: user=0.14 sys=0.00, real=0.11 secs] 
Heap after GC invocations=17 (full 1):
 par new generation   total 109248K, used 3362K [0x00000000e0000000, 0x00000000e8000000, 0x00000000e8000000)
  eden space 87424K,   0% used [0x00000000e0000000, 0x00000000e0000000, 0x00000000e5560000)
  from space 21824K,  15% used [0x00000000e6ab0000, 0x00000000e6df8aa0, 0x00000000e8000000)
  to   space 21824K,   0% used [0x00000000e5560000, 0x00000000e5560000, 0x00000000e6ab0000)
 concurrent mark-sweep generation total 393216K, used 13615K [0x00000000e8000000, 0x0000000100000000, 0x0000000100000000)
 Metaspace       used 32697K, capacity 33088K, committed 33328K, reserved 1079296K
  class space    used 3662K, capacity 3800K, committed 3888K, reserved 1048576K
}
2016-03-28T10:12:13.137+0100: 272.233: Total time for which application threads were stopped: 0.1053201 seconds, Stopping threads took: 0.0000537 seconds
2016-03-28T10:12:14.137+0100: 273.232: Total time for which application threads were stopped: 0.0001942 seconds, Stopping threads took: 0.0000545 seconds
2016-03-28T10:12:15.016+0100: 274.112: Total time for which application threads were stopped: 0.0003016 seconds, Stopping threads took: 0.0001287 seconds
2016-03-28T10:12:15.041+0100: 274.137: Total time for which application threads were stopped: 0.0006112 seconds, Stopping threads took: 0.0004414 seconds
{Heap before GC invocations=17 (full 1):
 par new generation   total 109248K, used 90773K [0x00000000e0000000, 0x00000000e8000000, 0x00000000e8000000)
  eden space 87424K,  99% used [0x00000000e0000000, 0x00000000e555cc70, 0x00000000e5560000)
  from space 21824K,  15% used [0x00000000e6ab0000, 0x00000000e6df8aa0, 0x00000000e8000000)
  to   space 21824K,   0% used [0x00000000e5560000, 0x00000000e5560000, 0x00000000e6ab0000)
 concurrent mark-sweep generation total 393216K, used 13615K [0x00000000e8000000, 0x0000000100000000, 0x0000000100000000)
 Metaspace       used 32698K, capacity 33088K, committed 33328K, reserved 1079296K
  class space    used 3662K, capacity 3800K, committed 3888K, reserved 1048576K
2016-03-28T10:12:15.250+0100: 274.344: [GC (Allocation Failure) 2016-03-28T10:12:15.250+0100: 274.345: [ParNew
Desired survivor size 20112992 bytes, new threshold 8 (max 8)
- age   1:     391392 bytes,     391392 total
- age   2:     224280 bytes,     615672 total
- age   3:     552960 bytes,    1168632 total
- age   4:    1445600 bytes,    2614232 total
- age   5:      46248 bytes,    2660480 total
- age   6:      35384 bytes,    2695864 total
- age   7:      32496 bytes,    2728360 total
- age   8:     391712 bytes,    3120072 total
: 90773K->3157K(109248K), 0.0303818 secs] 104389K->16905K(502464K), 0.0305042 secs] [Times: user=0.03 sys=0.00, real=0.03 secs] 
Heap after GC invocations=18 (full 1):
 par new generation   total 109248K, used 3157K [0x00000000e0000000, 0x00000000e8000000, 0x00000000e8000000)
  eden space 87424K,   0% used [0x00000000e0000000, 0x00000000e0000000, 0x00000000e5560000)
  from space 21824K,  14% used [0x00000000e5560000, 0x00000000e5875588, 0x00000000e6ab0000)
  to   space 21824K,   0% used [0x00000000e6ab0000, 0x00000000e6ab0000, 0x00000000e8000000)
 concurrent mark-sweep generation total 393216K, used 13748K [0x00000000e8000000, 0x0000000100000000, 0x0000000100000000)
 Metaspace       used 32698K, capacity 33088K, committed 33328K, reserved 1079296K
  class space    used 3662K, capacity 3800K, committed 3888K, reserved 1048576K
}
2016-03-28T10:12:15.280+0100: 274.375: Total time for which application threads were stopped: 0.0309922 seconds, Stopping threads took: 0.0000766 seconds
2016-03-28T10:12:15.829+0100: 274.924: Total time for which application threads were stopped: 0.0001966 seconds, Stopping threads took: 0.0000474 seconds
2016-03-28T10:12:15.907+0100: 275.002: Total time for which application threads were stopped: 0.0002898 seconds, Stopping threads took: 0.0000616 seconds
2016-03-28T10:12:15.907+0100: 275.002: Total time for which application threads were stopped: 0.0001429 seconds, Stopping threads took: 0.0000324 seconds
2016-03-28T10:12:15.907+0100: 275.002: Total time for which application threads were stopped: 0.0001327 seconds, Stopping threads took: 0.0000261 seconds
2016-03-28T10:12:16.005+0100: 275.100: Total time for which application threads were stopped: 0.0002164 seconds, Stopping threads took: 0.0000671 seconds
2016-03-28T10:12:17.006+0100: 276.101: Total time for which application threads were stopped: 0.0008094 seconds, Stopping threads took: 0.0001137 seconds
2016-03-28T10:12:17.789+0100: 276.894: Total time for which application threads were stopped: 0.0003767 seconds, Stopping threads took: 0.0000529 seconds
2016-03-28T10:12:17.832+0100: 276.937: Total time for which application threads were stopped: 0.0002061 seconds, Stopping threads took: 0.0000529 seconds
{Heap before GC invocations=18 (full 1):
 par new generation   total 109248K, used 90581K [0x00000000e0000000, 0x00000000e8000000, 0x00000000e8000000)
  eden space 87424K, 100% used [0x00000000e0000000, 0x00000000e5560000, 0x00000000e5560000)
  from space 21824K,  14% used [0x00000000e5560000, 0x00000000e5875588, 0x00000000e6ab0000)
  to   space 21824K,   0% used [0x00000000e6ab0000, 0x00000000e6ab0000, 0x00000000e8000000)
 concurrent mark-sweep generation total 393216K, used 13748K [0x00000000e8000000, 0x0000000100000000, 0x0000000100000000)
 Metaspace       used 32720K, capacity 33088K, committed 33328K, reserved 1079296K
  class space    used 3662K, capacity 3800K, committed 3888K, reserved 1048576K
2016-03-28T10:12:22.130+0100: 281.235: [GC (Allocation Failure) 2016-03-28T10:12:22.130+0100: 281.235: [ParNew
Desired survivor size 20112992 bytes, new threshold 8 (max 8)
- age   1:     853016 bytes,     853016 total
- age   2:      30768 bytes,     883784 total
- age   3:      21016 bytes,     904800 total
- age   4:      31888 bytes,     936688 total
- age   5:     566280 bytes,    1502968 total
- age   6:      45832 bytes,    1548800 total
- age   7:      34904 bytes,    1583704 total
- age   8:      32208 bytes,    1615912 total
: 90581K->2916K(109248K), 0.0193933 secs] 104329K->17047K(502464K), 0.0195512 secs] [Times: user=0.03 sys=0.00, real=0.02 secs] 
Heap after GC invocations=19 (full 1):
 par new generation   total 109248K, used 2916K [0x00000000e0000000, 0x00000000e8000000, 0x00000000e8000000)
  eden space 87424K,   0% used [0x00000000e0000000, 0x00000000e0000000, 0x00000000e5560000)
  from space 21824K,  13% used [0x00000000e6ab0000, 0x00000000e6d892a0, 0x00000000e8000000)
  to   space 21824K,   0% used [0x00000000e5560000, 0x00000000e5560000, 0x00000000e6ab0000)
 concurrent mark-sweep generation total 393216K, used 14130K [0x00000000e8000000, 0x0000000100000000, 0x0000000100000000)
 Metaspace       used 32720K, capacity 33088K, committed 33328K, reserved 1079296K
  class space    used 3662K, capacity 3800K, committed 3888K, reserved 1048576K
}
2016-03-28T10:12:22.149+0100: 281.255: Total time for which application threads were stopped: 0.0200763 seconds, Stopping threads took: 0.0000466 seconds
2016-03-28T10:12:23.936+0100: 283.042: Total time for which application threads were stopped: 0.0002164 seconds, Stopping threads took: 0.0000497 seconds
2016-03-28T10:12:25.820+0100: 284.925: Total time for which application threads were stopped: 0.0002393 seconds, Stopping threads took: 0.0000545 seconds
2016-03-28T10:12:25.835+0100: 284.940: Total time for which application threads were stopped: 0.0018722 seconds, Stopping threads took: 0.0017151 seconds
{Heap before GC invocations=19 (full 1):
 par new generation   total 109248K, used 90340K [0x00000000e0000000, 0x00000000e8000000, 0x00000000e8000000)
  eden space 87424K, 100% used [0x00000000e0000000, 0x00000000e5560000, 0x00000000e5560000)
  from space 21824K,  13% used [0x00000000e6ab0000, 0x00000000e6d892a0, 0x00000000e8000000)
  to   space 21824K,   0% used [0x00000000e5560000, 0x00000000e5560000, 0x00000000e6ab0000)
 concurrent mark-sweep generation total 393216K, used 14130K [0x00000000e8000000, 0x0000000100000000, 0x0000000100000000)
 Metaspace       used 32721K, capacity 33088K, committed 33328K, reserved 1079296K
  class space    used 3662K, capacity 3800K, committed 3888K, reserved 1048576K
2016-03-28T10:12:26.785+0100: 285.890: [GC (Allocation Failure) 2016-03-28T10:12:26.785+0100: 285.890: [ParNew
Desired survivor size 20112992 bytes, new threshold 8 (max 8)
- age   1:     659272 bytes,     659272 total
- age   2:     788768 bytes,    1448040 total
- age   3:      30312 bytes,    1478352 total
- age   4:      20584 bytes,    1498936 total
- age   5:      31528 bytes,    1530464 total
- age   6:     565736 bytes,    2096200 total
- age   7:      45448 bytes,    2141648 total
- age   8:      34424 bytes,    2176072 total
: 90340K->2690K(109248K), 0.0216659 secs] 104471K->16852K(502464K), 0.0219028 secs] [Times: user=0.03 sys=0.00, real=0.02 secs] 
Heap after GC invocations=20 (full 1):
 par new generation   total 109248K, used 2690K [0x00000000e0000000, 0x00000000e8000000, 0x00000000e8000000)
  eden space 87424K,   0% used [0x00000000e0000000, 0x00000000e0000000, 0x00000000e5560000)
  from space 21824K,  12% used [0x00000000e5560000, 0x00000000e5800970, 0x00000000e6ab0000)
  to   space 21824K,   0% used [0x00000000e6ab0000, 0x00000000e6ab0000, 0x00000000e8000000)
 concurrent mark-sweep generation total 393216K, used 14161K [0x00000000e8000000, 0x0000000100000000, 0x0000000100000000)
 Metaspace       used 32721K, capacity 33088K, committed 33328K, reserved 1079296K
  class space    used 3662K, capacity 3800K, committed 3888K, reserved 1048576K
}
2016-03-28T10:12:26.807+0100: 285.912: Total time for which application threads were stopped: 0.0224042 seconds, Stopping threads took: 0.0000608 seconds
2016-03-28T10:12:27.270+0100: 286.375: Total time for which application threads were stopped: 0.0004319 seconds, Stopping threads took: 0.0002093 seconds
2016-03-28T10:12:27.382+0100: 286.488: Total time for which application threads were stopped: 0.0005417 seconds, Stopping threads took: 0.0003016 seconds
2016-03-28T10:12:29.122+0100: 288.228: Total time for which application threads were stopped: 0.0002906 seconds, Stopping threads took: 0.0000647 seconds
{Heap before GC invocations=20 (full 1):
 par new generation   total 109248K, used 90114K [0x00000000e0000000, 0x00000000e8000000, 0x00000000e8000000)
  eden space 87424K, 100% used [0x00000000e0000000, 0x00000000e5560000, 0x00000000e5560000)
  from space 21824K,  12% used [0x00000000e5560000, 0x00000000e5800970, 0x00000000e6ab0000)
  to   space 21824K,   0% used [0x00000000e6ab0000, 0x00000000e6ab0000, 0x00000000e8000000)
 concurrent mark-sweep generation total 393216K, used 14161K [0x00000000e8000000, 0x0000000100000000, 0x0000000100000000)
 Metaspace       used 32724K, capacity 33088K, committed 33328K, reserved 1079296K
  class space    used 3662K, capacity 3800K, committed 3888K, reserved 1048576K
2016-03-28T10:12:29.638+0100: 288.744: [GC (Allocation Failure) 2016-03-28T10:12:29.638+0100: 288.744: [ParNew
Desired survivor size 20112992 bytes, new threshold 8 (max 8)
- age   1:     790672 bytes,     790672 total
- age   2:     575848 bytes,    1366520 total
- age   3:     786920 bytes,    2153440 total
- age   4:      30072 bytes,    2183512 total
- age   5:      20416 bytes,    2203928 total
- age   6:      31288 bytes,    2235216 total
- age   7:     565352 bytes,    2800568 total
- age   8:      45208 bytes,    2845776 total
: 90114K->3045K(109248K), 0.0223655 secs] 104276K->17241K(502464K), 0.0225092 secs] [Times: user=0.03 sys=0.00, real=0.02 secs] 
Heap after GC invocations=21 (full 1):
 par new generation   total 109248K, used 3045K [0x00000000e0000000, 0x00000000e8000000, 0x00000000e8000000)
  eden space 87424K,   0% used [0x00000000e0000000, 0x00000000e0000000, 0x00000000e5560000)
  from space 21824K,  13% used [0x00000000e6ab0000, 0x00000000e6da97d0, 0x00000000e8000000)
  to   space 21824K,   0% used [0x00000000e5560000, 0x00000000e5560000, 0x00000000e6ab0000)
 concurrent mark-sweep generation total 393216K, used 14195K [0x00000000e8000000, 0x0000000100000000, 0x0000000100000000)
 Metaspace       used 32724K, capacity 33088K, committed 33328K, reserved 1079296K
  class space    used 3662K, capacity 3800K, committed 3888K, reserved 1048576K
}
2016-03-28T10:12:29.661+0100: 288.766: Total time for which application threads were stopped: 0.0229988 seconds, Stopping threads took: 0.0000521 seconds
2016-03-28T10:12:30.683+0100: 289.789: Total time for which application threads were stopped: 0.0002282 seconds, Stopping threads took: 0.0000545 seconds
2016-03-28T10:12:30.987+0100: 290.093: Total time for which application threads were stopped: 0.0001777 seconds, Stopping threads took: 0.0000458 seconds
2016-03-28T10:12:31.158+0100: 290.264: Total time for which application threads were stopped: 0.0033962 seconds, Stopping threads took: 0.0028900 seconds
2016-03-28T10:12:31.159+0100: 290.264: Total time for which application threads were stopped: 0.0001950 seconds, Stopping threads took: 0.0000395 seconds
2016-03-28T10:12:31.159+0100: 290.264: Total time for which application threads were stopped: 0.0001690 seconds, Stopping threads took: 0.0000261 seconds
2016-03-28T10:12:31.361+0100: 290.467: Total time for which application threads were stopped: 0.0002203 seconds, Stopping threads took: 0.0000505 seconds
{Heap before GC invocations=21 (full 1):
 par new generation   total 109248K, used 90469K [0x00000000e0000000, 0x00000000e8000000, 0x00000000e8000000)
  eden space 87424K, 100% used [0x00000000e0000000, 0x00000000e5560000, 0x00000000e5560000)
  from space 21824K,  13% used [0x00000000e6ab0000, 0x00000000e6da97d0, 0x00000000e8000000)
  to   space 21824K,   0% used [0x00000000e5560000, 0x00000000e5560000, 0x00000000e6ab0000)
 concurrent mark-sweep generation total 393216K, used 14195K [0x00000000e8000000, 0x0000000100000000, 0x0000000100000000)
 Metaspace       used 32750K, capacity 33088K, committed 33328K, reserved 1079296K
  class space    used 3662K, capacity 3800K, committed 3888K, reserved 1048576K
2016-03-28T10:12:32.655+0100: 291.759: [GC (Allocation Failure) 2016-03-28T10:12:32.655+0100: 291.759: [ParNew
Desired survivor size 20112992 bytes, new threshold 8 (max 8)
- age   1:     961176 bytes,     961176 total
- age   2:      63640 bytes,    1024816 total
- age   3:      64200 bytes,    1089016 total
- age   4:     383768 bytes,    1472784 total
- age   5:      30000 bytes,    1502784 total
- age   6:      20344 bytes,    1523128 total
- age   7:      31216 bytes,    1554344 total
- age   8:     565248 bytes,    2119592 total
: 90469K->2406K(109248K), 0.0268790 secs] 104665K->16646K(502464K), 0.0270211 secs] [Times: user=0.02 sys=0.00, real=0.03 secs] 
Heap after GC invocations=22 (full 1):
 par new generation   total 109248K, used 2406K [0x00000000e0000000, 0x00000000e8000000, 0x00000000e8000000)
  eden space 87424K,   0% used [0x00000000e0000000, 0x00000000e0000000, 0x00000000e5560000)
  from space 21824K,  11% used [0x00000000e5560000, 0x00000000e57b9a18, 0x00000000e6ab0000)
  to   space 21824K,   0% used [0x00000000e6ab0000, 0x00000000e6ab0000, 0x00000000e8000000)
 concurrent mark-sweep generation total 393216K, used 14239K [0x00000000e8000000, 0x0000000100000000, 0x0000000100000000)
 Metaspace       used 32750K, capacity 33088K, committed 33328K, reserved 1079296K
  class space    used 3662K, capacity 3800K, committed 3888K, reserved 1048576K
}
2016-03-28T10:12:32.682+0100: 291.787: Total time for which application threads were stopped: 0.0276757 seconds, Stopping threads took: 0.0000932 seconds
2016-03-28T10:12:32.800+0100: 291.905: Total time for which application threads were stopped: 0.0002369 seconds, Stopping threads took: 0.0000616 seconds
2016-03-28T10:12:32.822+0100: 291.927: Total time for which application threads were stopped: 0.0002140 seconds, Stopping threads took: 0.0000569 seconds
{Heap before GC invocations=22 (full 1):
 par new generation   total 109248K, used 89826K [0x00000000e0000000, 0x00000000e8000000, 0x00000000e8000000)
  eden space 87424K,  99% used [0x00000000e0000000, 0x00000000e555f0d0, 0x00000000e5560000)
  from space 21824K,  11% used [0x00000000e5560000, 0x00000000e57b9a18, 0x00000000e6ab0000)
  to   space 21824K,   0% used [0x00000000e6ab0000, 0x00000000e6ab0000, 0x00000000e8000000)
 concurrent mark-sweep generation total 393216K, used 14239K [0x00000000e8000000, 0x0000000100000000, 0x0000000100000000)
 Metaspace       used 32767K, capacity 33216K, committed 33584K, reserved 1079296K
  class space    used 3662K, capacity 3800K, committed 3888K, reserved 1048576K
2016-03-28T10:12:34.598+0100: 293.703: [GC (Allocation Failure) 2016-03-28T10:12:34.598+0100: 293.703: [ParNew
Desired survivor size 20112992 bytes, new threshold 8 (max 8)
- age   1:     746264 bytes,     746264 total
- age   2:     402000 bytes,    1148264 total
- age   3:      63240 bytes,    1211504 total
- age   4:      63544 bytes,    1275048 total
- age   5:     337896 bytes,    1612944 total
- age   6:      29856 bytes,    1642800 total
- age   7:      20248 bytes,    1663048 total
- age   8:      31168 bytes,    1694216 total
: 89826K->2370K(109248K), 0.0265774 secs] 104066K->17161K(502464K), 0.0267171 secs] [Times: user=0.05 sys=0.00, real=0.03 secs] 
Heap after GC invocations=23 (full 1):
 par new generation   total 109248K, used 2370K [0x00000000e0000000, 0x00000000e8000000, 0x00000000e8000000)
  eden space 87424K,   0% used [0x00000000e0000000, 0x00000000e0000000, 0x00000000e5560000)
  from space 21824K,  10% used [0x00000000e6ab0000, 0x00000000e6d00918, 0x00000000e8000000)
  to   space 21824K,   0% used [0x00000000e5560000, 0x00000000e5560000, 0x00000000e6ab0000)
 concurrent mark-sweep generation total 393216K, used 14791K [0x00000000e8000000, 0x0000000100000000, 0x0000000100000000)
 Metaspace       used 32767K, capacity 33216K, committed 33584K, reserved 1079296K
  class space    used 3662K, capacity 3800K, committed 3888K, reserved 1048576K
}
2016-03-28T10:12:34.625+0100: 293.730: Total time for which application threads were stopped: 0.0272185 seconds, Stopping threads took: 0.0000600 seconds
2016-03-28T10:12:35.569+0100: 294.674: Total time for which application threads were stopped: 0.0002551 seconds, Stopping threads took: 0.0000553 seconds
2016-03-28T10:12:35.928+0100: 295.033: Total time for which application threads were stopped: 0.0003324 seconds, Stopping threads took: 0.0000474 seconds
2016-03-28T10:12:36.929+0100: 296.034: Total time for which application threads were stopped: 0.0017332 seconds, Stopping threads took: 0.0015398 seconds
{Heap before GC invocations=23 (full 1):
 par new generation   total 109248K, used 89794K [0x00000000e0000000, 0x00000000e8000000, 0x00000000e8000000)
  eden space 87424K, 100% used [0x00000000e0000000, 0x00000000e5560000, 0x00000000e5560000)
  from space 21824K,  10% used [0x00000000e6ab0000, 0x00000000e6d00918, 0x00000000e8000000)
  to   space 21824K,   0% used [0x00000000e5560000, 0x00000000e5560000, 0x00000000e6ab0000)
 concurrent mark-sweep generation total 393216K, used 14791K [0x00000000e8000000, 0x0000000100000000, 0x0000000100000000)
 Metaspace       used 32857K, capacity 33280K, committed 33584K, reserved 1079296K
  class space    used 3665K, capacity 3800K, committed 3888K, reserved 1048576K
2016-03-28T10:12:38.236+0100: 297.341: [GC (Allocation Failure) 2016-03-28T10:12:38.236+0100: 297.341: [ParNew
Desired survivor size 20112992 bytes, new threshold 8 (max 8)
- age   1:     693736 bytes,     693736 total
- age   2:     616400 bytes,    1310136 total
- age   3:     386488 bytes,    1696624 total
- age   4:      62880 bytes,    1759504 total
- age   5:      63256 bytes,    1822760 total
- age   6:     337584 bytes,    2160344 total
- age   7:      29784 bytes,    2190128 total
- age   8:      20032 bytes,    2210160 total
: 89794K->2185K(109248K), 0.0322738 secs] 104585K->17007K(502464K), 0.0324080 secs] [Times: user=0.02 sys=0.00, real=0.03 secs] 
Heap after GC invocations=24 (full 1):
 par new generation   total 109248K, used 2185K [0x00000000e0000000, 0x00000000e8000000, 0x00000000e8000000)
  eden space 87424K,   0% used [0x00000000e0000000, 0x00000000e0000000, 0x00000000e5560000)
  from space 21824K,  10% used [0x00000000e5560000, 0x00000000e57827e0, 0x00000000e6ab0000)
  to   space 21824K,   0% used [0x00000000e6ab0000, 0x00000000e6ab0000, 0x00000000e8000000)
 concurrent mark-sweep generation total 393216K, used 14821K [0x00000000e8000000, 0x0000000100000000, 0x0000000100000000)
 Metaspace       used 32857K, capacity 33280K, committed 33584K, reserved 1079296K
  class space    used 3665K, capacity 3800K, committed 3888K, reserved 1048576K
}
2016-03-28T10:12:38.269+0100: 297.374: Total time for which application threads were stopped: 0.0329386 seconds, Stopping threads took: 0.0000600 seconds
2016-03-28T10:12:39.269+0100: 298.374: Total time for which application threads were stopped: 0.0001587 seconds, Stopping threads took: 0.0000474 seconds
2016-03-28T10:12:40.269+0100: 299.374: Total time for which application threads were stopped: 0.0002148 seconds, Stopping threads took: 0.0000497 seconds
2016-03-28T10:12:40.881+0100: 299.986: Total time for which application threads were stopped: 0.0003151 seconds, Stopping threads took: 0.0000624 seconds
2016-03-28T10:12:40.891+0100: 299.996: Total time for which application threads were stopped: 0.0003553 seconds, Stopping threads took: 0.0001658 seconds
2016-03-28T10:12:40.898+0100: 300.003: Total time for which application threads were stopped: 0.0002503 seconds, Stopping threads took: 0.0000608 seconds
2016-03-28T10:12:40.899+0100: 300.005: Total time for which application threads were stopped: 0.0002843 seconds, Stopping threads took: 0.0000505 seconds
2016-03-28T10:12:40.904+0100: 300.009: Total time for which application threads were stopped: 0.0002953 seconds, Stopping threads took: 0.0000584 seconds
2016-03-28T10:12:41.109+0100: 300.215: Total time for which application threads were stopped: 0.0007004 seconds, Stopping threads took: 0.0004919 seconds
2016-03-28T10:12:42.115+0100: 301.220: Total time for which application threads were stopped: 0.0038637 seconds, Stopping threads took: 0.0036718 seconds
{Heap before GC invocations=24 (full 1):
 par new generation   total 109248K, used 89609K [0x00000000e0000000, 0x00000000e8000000, 0x00000000e8000000)
  eden space 87424K, 100% used [0x00000000e0000000, 0x00000000e5560000, 0x00000000e5560000)
  from space 21824K,  10% used [0x00000000e5560000, 0x00000000e57827e0, 0x00000000e6ab0000)
  to   space 21824K,   0% used [0x00000000e6ab0000, 0x00000000e6ab0000, 0x00000000e8000000)
 concurrent mark-sweep generation total 393216K, used 14821K [0x00000000e8000000, 0x0000000100000000, 0x0000000100000000)
 Metaspace       used 32871K, capacity 33282K, committed 33584K, reserved 1079296K
  class space    used 3665K, capacity 3801K, committed 3888K, reserved 1048576K
2016-03-28T10:12:42.256+0100: 301.361: [GC (Allocation Failure) 2016-03-28T10:12:42.256+0100: 301.362: [ParNew
Desired survivor size 20112992 bytes, new threshold 8 (max 8)
- age   1:     798816 bytes,     798816 total
- age   2:     582920 bytes,    1381736 total
- age   3:     616064 bytes,    1997800 total
- age   4:     385968 bytes,    2383768 total
- age   5:      62496 bytes,    2446264 total
- age   6:      62744 bytes,    2509008 total
- age   7:     337200 bytes,    2846208 total
- age   8:      29616 bytes,    2875824 total
: 89609K->3403K(109248K), 0.0160713 secs] 104431K->18244K(502464K), 0.0168862 secs] [Times: user=0.03 sys=0.00, real=0.02 secs] 
Heap after GC invocations=25 (full 1):
 par new generation   total 109248K, used 3403K [0x00000000e0000000, 0x00000000e8000000, 0x00000000e8000000)
  eden space 87424K,   0% used [0x00000000e0000000, 0x00000000e0000000, 0x00000000e5560000)
  from space 21824K,  15% used [0x00000000e6ab0000, 0x00000000e6e02dc0, 0x00000000e8000000)
  to   space 21824K,   0% used [0x00000000e5560000, 0x00000000e5560000, 0x00000000e6ab0000)
 concurrent mark-sweep generation total 393216K, used 14841K [0x00000000e8000000, 0x0000000100000000, 0x0000000100000000)
 Metaspace       used 32871K, capacity 33282K, committed 33584K, reserved 1079296K
  class space    used 3665K, capacity 3801K, committed 3888K, reserved 1048576K
}
2016-03-28T10:12:42.273+0100: 301.378: Total time for which application threads were stopped: 0.0173916 seconds, Stopping threads took: 0.0000600 seconds
2016-03-28T10:12:44.273+0100: 303.378: Total time for which application threads were stopped: 0.0002527 seconds, Stopping threads took: 0.0000505 seconds
2016-03-28T10:12:45.273+0100: 304.378: Total time for which application threads were stopped: 0.0001698 seconds, Stopping threads took: 0.0000505 seconds
2016-03-28T10:12:46.160+0100: 305.265: Total time for which application threads were stopped: 0.0002637 seconds, Stopping threads took: 0.0000671 seconds
2016-03-28T10:12:46.372+0100: 305.478: Total time for which application threads were stopped: 0.0003522 seconds, Stopping threads took: 0.0000671 seconds
2016-03-28T10:12:46.373+0100: 305.478: Total time for which application threads were stopped: 0.0001966 seconds, Stopping threads took: 0.0000332 seconds
2016-03-28T10:12:46.373+0100: 305.479: Total time for which application threads were stopped: 0.0001698 seconds, Stopping threads took: 0.0000268 seconds
{Heap before GC invocations=25 (full 1):
 par new generation   total 109248K, used 90827K [0x00000000e0000000, 0x00000000e8000000, 0x00000000e8000000)
  eden space 87424K, 100% used [0x00000000e0000000, 0x00000000e5560000, 0x00000000e5560000)
  from space 21824K,  15% used [0x00000000e6ab0000, 0x00000000e6e02dc0, 0x00000000e8000000)
  to   space 21824K,   0% used [0x00000000e5560000, 0x00000000e5560000, 0x00000000e6ab0000)
 concurrent mark-sweep generation total 393216K, used 14841K [0x00000000e8000000, 0x0000000100000000, 0x0000000100000000)
 Metaspace       used 32872K, capacity 33282K, committed 33584K, reserved 1079296K
  class space    used 3665K, capacity 3801K, committed 3888K, reserved 1048576K
2016-03-28T10:12:46.819+0100: 305.924: [GC (Allocation Failure) 2016-03-28T10:12:46.819+0100: 305.924: [ParNew
Desired survivor size 20112992 bytes, new threshold 8 (max 8)
- age   1:     697688 bytes,     697688 total
- age   2:     125048 bytes,     822736 total
- age   3:      75904 bytes,     898640 total
- age   4:     125696 bytes,    1024336 total
- age   5:     385680 bytes,    1410016 total
- age   6:      61984 bytes,    1472000 total
- age   7:      62384 bytes,    1534384 total
- age   8:     336352 bytes,    1870736 total
: 90827K->2493K(109248K), 0.0571905 secs] 105668K->17363K(502464K), 0.0573287 secs] [Times: user=0.06 sys=0.00, real=0.06 secs] 
Heap after GC invocations=26 (full 1):
 par new generation   total 109248K, used 2493K [0x00000000e0000000, 0x00000000e8000000, 0x00000000e8000000)
  eden space 87424K,   0% used [0x00000000e0000000, 0x00000000e0000000, 0x00000000e5560000)
  from space 21824K,  11% used [0x00000000e5560000, 0x00000000e57cf590, 0x00000000e6ab0000)
  to   space 21824K,   0% used [0x00000000e6ab0000, 0x00000000e6ab0000, 0x00000000e8000000)
 concurrent mark-sweep generation total 393216K, used 14870K [0x00000000e8000000, 0x0000000100000000, 0x0000000100000000)
 Metaspace       used 32872K, capacity 33282K, committed 33584K, reserved 1079296K
  class space    used 3665K, capacity 3801K, committed 3888K, reserved 1048576K
}
2016-03-28T10:12:46.876+0100: 305.982: Total time for which application threads were stopped: 0.0579044 seconds, Stopping threads took: 0.0001263 seconds
2016-03-28T10:12:47.140+0100: 306.246: Total time for which application threads were stopped: 0.0003080 seconds, Stopping threads took: 0.0000624 seconds
2016-03-28T10:12:47.141+0100: 306.247: Total time for which application threads were stopped: 0.0002266 seconds, Stopping threads took: 0.0000403 seconds
2016-03-28T10:12:47.877+0100: 306.982: Total time for which application threads were stopped: 0.0003411 seconds, Stopping threads took: 0.0000916 seconds
2016-03-28T10:12:47.878+0100: 306.984: Total time for which application threads were stopped: 0.0002014 seconds, Stopping threads took: 0.0000442 seconds
2016-03-28T10:12:47.911+0100: 307.017: Total time for which application threads were stopped: 0.0003016 seconds, Stopping threads took: 0.0000537 seconds
2016-03-28T10:12:47.914+0100: 307.020: Total time for which application threads were stopped: 0.0002693 seconds, Stopping threads took: 0.0000576 seconds
2016-03-28T10:12:47.915+0100: 307.020: Total time for which application threads were stopped: 0.0001635 seconds, Stopping threads took: 0.0000292 seconds
2016-03-28T10:12:47.915+0100: 307.020: Total time for which application threads were stopped: 0.0001587 seconds, Stopping threads took: 0.0000284 seconds
2016-03-28T10:12:47.978+0100: 307.084: Total time for which application threads were stopped: 0.0002487 seconds, Stopping threads took: 0.0000474 seconds
2016-03-28T10:12:47.987+0100: 307.093: Total time for which application threads were stopped: 0.0004856 seconds, Stopping threads took: 0.0003237 seconds
2016-03-28T10:12:47.988+0100: 307.093: Total time for which application threads were stopped: 0.0001942 seconds, Stopping threads took: 0.0000726 seconds
2016-03-28T10:12:47.988+0100: 307.094: Total time for which application threads were stopped: 0.0001342 seconds, Stopping threads took: 0.0000395 seconds
2016-03-28T10:12:48.002+0100: 307.108: Total time for which application threads were stopped: 0.0023018 seconds, Stopping threads took: 0.0004817 seconds
2016-03-28T10:12:49.040+0100: 308.146: Total time for which application threads were stopped: 0.0003980 seconds, Stopping threads took: 0.0001200 seconds
{Heap before GC invocations=26 (full 1):
 par new generation   total 109248K, used 89917K [0x00000000e0000000, 0x00000000e8000000, 0x00000000e8000000)
  eden space 87424K, 100% used [0x00000000e0000000, 0x00000000e5560000, 0x00000000e5560000)
  from space 21824K,  11% used [0x00000000e5560000, 0x00000000e57cf590, 0x00000000e6ab0000)
  to   space 21824K,   0% used [0x00000000e6ab0000, 0x00000000e6ab0000, 0x00000000e8000000)
 concurrent mark-sweep generation total 393216K, used 14870K [0x00000000e8000000, 0x0000000100000000, 0x0000000100000000)
 Metaspace       used 33169K, capacity 33602K, committed 33840K, reserved 1079296K
  class space    used 3699K, capacity 3865K, committed 3888K, reserved 1048576K
2016-03-28T10:12:51.880+0100: 310.985: [GC (Allocation Failure) 2016-03-28T10:12:51.880+0100: 310.985: [ParNew
Desired survivor size 20112992 bytes, new threshold 8 (max 8)
- age   1:    1550528 bytes,    1550528 total
- age   2:     425744 bytes,    1976272 total
- age   3:     123984 bytes,    2100256 total
- age   4:      75296 bytes,    2175552 total
- age   5:      27312 bytes,    2202864 total
- age   6:     374448 bytes,    2577312 total
- age   7:      61768 bytes,    2639080 total
- age   8:      62240 bytes,    2701320 total
: 89917K->3523K(109248K), 0.0177793 secs] 104787K->18718K(502464K), 0.0179191 secs] [Times: user=0.03 sys=0.00, real=0.02 secs] 
Heap after GC invocations=27 (full 1):
 par new generation   total 109248K, used 3523K [0x00000000e0000000, 0x00000000e8000000, 0x00000000e8000000)
  eden space 87424K,   0% used [0x00000000e0000000, 0x00000000e0000000, 0x00000000e5560000)
  from space 21824K,  16% used [0x00000000e6ab0000, 0x00000000e6e20cc0, 0x00000000e8000000)
  to   space 21824K,   0% used [0x00000000e5560000, 0x00000000e5560000, 0x00000000e6ab0000)
 concurrent mark-sweep generation total 393216K, used 15195K [0x00000000e8000000, 0x0000000100000000, 0x0000000100000000)
 Metaspace       used 33169K, capacity 33602K, committed 33840K, reserved 1079296K
  class space    used 3699K, capacity 3865K, committed 3888K, reserved 1048576K
}
2016-03-28T10:12:51.898+0100: 311.003: Total time for which application threads were stopped: 0.0184268 seconds, Stopping threads took: 0.0000624 seconds
2016-03-28T10:12:52.023+0100: 311.128: Total time for which application threads were stopped: 0.0002472 seconds, Stopping threads took: 0.0000545 seconds
2016-03-28T10:12:53.407+0100: 312.512: Total time for which application threads were stopped: 0.0002116 seconds, Stopping threads took: 0.0000584 seconds
2016-03-28T10:12:53.408+0100: 312.513: Total time for which application threads were stopped: 0.0001350 seconds, Stopping threads took: 0.0000276 seconds
2016-03-28T10:12:53.448+0100: 312.553: Total time for which application threads were stopped: 0.0002416 seconds, Stopping threads took: 0.0000655 seconds
2016-03-28T10:12:54.339+0100: 313.444: Total time for which application threads were stopped: 0.0002953 seconds, Stopping threads took: 0.0000955 seconds
2016-03-28T10:12:54.339+0100: 313.444: Total time for which application threads were stopped: 0.0001429 seconds, Stopping threads took: 0.0000663 seconds
2016-03-28T10:12:54.339+0100: 313.444: Total time for which application threads were stopped: 0.0000948 seconds, Stopping threads took: 0.0000229 seconds
2016-03-28T10:12:54.340+0100: 313.444: Total time for which application threads were stopped: 0.0001011 seconds, Stopping threads took: 0.0000205 seconds
2016-03-28T10:12:54.340+0100: 313.445: Total time for which application threads were stopped: 0.0000940 seconds, Stopping threads took: 0.0000213 seconds
2016-03-28T10:12:54.340+0100: 313.445: Total time for which application threads were stopped: 0.0001224 seconds, Stopping threads took: 0.0000490 seconds
2016-03-28T10:12:54.340+0100: 313.445: Total time for which application threads were stopped: 0.0000916 seconds, Stopping threads took: 0.0000213 seconds
2016-03-28T10:12:54.340+0100: 313.445: Total time for which application threads were stopped: 0.0000924 seconds, Stopping threads took: 0.0000205 seconds
2016-03-28T10:12:54.340+0100: 313.445: Total time for which application threads were stopped: 0.0001224 seconds, Stopping threads took: 0.0000490 seconds
2016-03-28T10:12:54.341+0100: 313.445: Total time for which application threads were stopped: 0.0000932 seconds, Stopping threads took: 0.0000213 seconds
2016-03-28T10:12:54.341+0100: 313.446: Total time for which application threads were stopped: 0.0000963 seconds, Stopping threads took: 0.0000213 seconds
2016-03-28T10:12:54.341+0100: 313.446: Total time for which application threads were stopped: 0.0001232 seconds, Stopping threads took: 0.0000497 seconds
2016-03-28T10:12:54.341+0100: 313.446: Total time for which application threads were stopped: 0.0000908 seconds, Stopping threads took: 0.0000197 seconds
2016-03-28T10:12:54.341+0100: 313.446: Total time for which application threads were stopped: 0.0001232 seconds, Stopping threads took: 0.0000497 seconds
2016-03-28T10:12:54.342+0100: 313.447: Total time for which application threads were stopped: 0.0003166 seconds, Stopping threads took: 0.0000213 seconds
2016-03-28T10:12:54.390+0100: 313.494: Total time for which application threads were stopped: 0.0002353 seconds, Stopping threads took: 0.0000490 seconds
2016-03-28T10:12:55.390+0100: 314.495: Total time for which application threads were stopped: 0.0001887 seconds, Stopping threads took: 0.0000497 seconds
2016-03-28T10:12:58.023+0100: 317.128: Total time for which application threads were stopped: 0.0001895 seconds, Stopping threads took: 0.0000537 seconds
2016-03-28T10:12:58.025+0100: 317.130: Total time for which application threads were stopped: 0.0001785 seconds, Stopping threads took: 0.0000450 seconds
2016-03-28T10:12:58.025+0100: 317.130: Total time for which application threads were stopped: 0.0001042 seconds, Stopping threads took: 0.0000276 seconds
2016-03-28T10:12:58.025+0100: 317.130: Total time for which application threads were stopped: 0.0001019 seconds, Stopping threads took: 0.0000268 seconds
2016-03-28T10:12:58.026+0100: 317.131: Total time for which application threads were stopped: 0.0001153 seconds, Stopping threads took: 0.0000284 seconds
2016-03-28T10:12:58.064+0100: 317.169: Total time for which application threads were stopped: 0.0040453 seconds, Stopping threads took: 0.0037381 seconds
2016-03-28T10:12:58.075+0100: 317.180: Total time for which application threads were stopped: 0.0003759 seconds, Stopping threads took: 0.0001019 seconds
2016-03-28T10:12:58.077+0100: 317.182: Total time for which application threads were stopped: 0.0003380 seconds, Stopping threads took: 0.0001745 seconds
2016-03-28T10:12:58.077+0100: 317.182: Total time for which application threads were stopped: 0.0001587 seconds, Stopping threads took: 0.0000450 seconds
2016-03-28T10:12:58.110+0100: 317.215: Total time for which application threads were stopped: 0.0003530 seconds, Stopping threads took: 0.0001098 seconds
2016-03-28T10:12:58.115+0100: 317.220: Total time for which application threads were stopped: 0.0001761 seconds, Stopping threads took: 0.0000490 seconds
2016-03-28T10:12:59.115+0100: 318.220: Total time for which application threads were stopped: 0.0001942 seconds, Stopping threads took: 0.0000553 seconds
2016-03-28T10:14:24.220+0100: 403.331: Total time for which application threads were stopped: 0.0001824 seconds, Stopping threads took: 0.0000521 seconds
2016-03-28T10:14:24.325+0100: 403.436: Total time for which application threads were stopped: 0.0001753 seconds, Stopping threads took: 0.0000474 seconds
2016-03-28T10:14:24.328+0100: 403.439: Total time for which application threads were stopped: 0.0002140 seconds, Stopping threads took: 0.0000458 seconds
2016-03-28T10:14:24.337+0100: 403.448: Total time for which application threads were stopped: 0.0002811 seconds, Stopping threads took: 0.0000616 seconds
2016-03-28T10:14:25.337+0100: 404.448: Total time for which application threads were stopped: 0.0001737 seconds, Stopping threads took: 0.0000490 seconds
2016-03-28T10:15:15.343+0100: 454.454: Total time for which application threads were stopped: 0.0002250 seconds, Stopping threads took: 0.0000671 seconds
2016-03-28T10:19:46.369+0100: 725.492: Total time for which application threads were stopped: 0.0002045 seconds, Stopping threads took: 0.0000671 seconds
2016-03-28T10:23:22.021+0100: 941.155: Total time for which application threads were stopped: 0.0003909 seconds, Stopping threads took: 0.0000640 seconds
2016-03-28T10:23:22.126+0100: 941.260: Total time for which application threads were stopped: 0.0001927 seconds, Stopping threads took: 0.0000592 seconds
2016-03-28T10:23:22.127+0100: 941.261: Total time for which application threads were stopped: 0.0001184 seconds, Stopping threads took: 0.0000324 seconds
2016-03-28T10:23:22.149+0100: 941.283: Total time for which application threads were stopped: 0.0002045 seconds, Stopping threads took: 0.0000513 seconds
2016-03-28T10:23:22.149+0100: 941.283: Total time for which application threads were stopped: 0.0001287 seconds, Stopping threads took: 0.0000324 seconds
2016-03-28T10:23:22.153+0100: 941.287: Total time for which application threads were stopped: 0.0010313 seconds, Stopping threads took: 0.0000561 seconds
2016-03-28T10:23:23.153+0100: 942.287: Total time for which application threads were stopped: 0.0002108 seconds, Stopping threads took: 0.0000553 seconds
2016-03-28T10:23:24.548+0100: 943.682: Total time for which application threads were stopped: 0.0001856 seconds, Stopping threads took: 0.0000537 seconds
2016-03-28T10:23:26.548+0100: 945.682: Total time for which application threads were stopped: 0.0001713 seconds, Stopping threads took: 0.0000505 seconds
2016-03-28T10:24:22.551+0100: 1001.694: Total time for which application threads were stopped: 0.0001792 seconds, Stopping threads took: 0.0000521 seconds
2016-03-28T10:26:00.884+0100: 1100.028: Total time for which application threads were stopped: 0.0002385 seconds, Stopping threads took: 0.0000719 seconds
2016-03-28T10:26:01.174+0100: 1100.318: Total time for which application threads were stopped: 0.0001895 seconds, Stopping threads took: 0.0000529 seconds
2016-03-28T10:26:02.174+0100: 1101.318: Total time for which application threads were stopped: 0.0001579 seconds, Stopping threads took: 0.0000466 seconds
2016-03-28T10:26:10.930+0100: 1110.074: Total time for which application threads were stopped: 0.0001895 seconds, Stopping threads took: 0.0000529 seconds
2016-03-28T10:26:10.933+0100: 1110.076: Total time for which application threads were stopped: 0.0002606 seconds, Stopping threads took: 0.0001003 seconds
2016-03-28T10:26:10.933+0100: 1110.077: Total time for which application threads were stopped: 0.0001113 seconds, Stopping threads took: 0.0000332 seconds
2016-03-28T10:26:10.933+0100: 1110.077: Total time for which application threads were stopped: 0.0001184 seconds, Stopping threads took: 0.0000450 seconds
2016-03-28T10:26:10.945+0100: 1110.088: Total time for which application threads were stopped: 0.0002290 seconds, Stopping threads took: 0.0000529 seconds
2016-03-28T10:26:10.946+0100: 1110.090: Total time for which application threads were stopped: 0.0001492 seconds, Stopping threads took: 0.0000442 seconds
2016-03-28T10:26:10.948+0100: 1110.091: Total time for which application threads were stopped: 0.0014750 seconds, Stopping threads took: 0.0000308 seconds
2016-03-28T10:26:11.948+0100: 1111.092: Total time for which application threads were stopped: 0.0001642 seconds, Stopping threads took: 0.0000482 seconds
2016-03-28T10:26:14.137+0100: 1113.281: Total time for which application threads were stopped: 0.0002093 seconds, Stopping threads took: 0.0000545 seconds
2016-03-28T10:26:15.137+0100: 1114.281: Total time for which application threads were stopped: 0.0001942 seconds, Stopping threads took: 0.0000561 seconds
2016-03-28T10:50:10.230+0100: 2549.434: Total time for which application threads were stopped: 0.0002329 seconds, Stopping threads took: 0.0000663 seconds
2016-03-28T10:50:11.230+0100: 2550.434: Total time for which application threads were stopped: 0.0001737 seconds, Stopping threads took: 0.0000490 seconds
2016-03-28T10:50:17.901+0100: 2557.105: Total time for which application threads were stopped: 0.0001903 seconds, Stopping threads took: 0.0000608 seconds
2016-03-28T10:50:17.902+0100: 2557.107: Total time for which application threads were stopped: 0.0001461 seconds, Stopping threads took: 0.0000387 seconds
2016-03-28T10:50:18.902+0100: 2558.107: Total time for which application threads were stopped: 0.0001603 seconds, Stopping threads took: 0.0000482 seconds
2016-03-28T10:52:00.908+0100: 2660.115: Total time for which application threads were stopped: 0.0001856 seconds, Stopping threads took: 0.0000569 seconds
2016-03-28T11:01:16.792+0100: 3216.034: Total time for which application threads were stopped: 0.0020057 seconds, Stopping threads took: 0.0000679 seconds
2016-03-28T11:01:16.798+0100: 3216.040: Total time for which application threads were stopped: 0.0009444 seconds, Stopping threads took: 0.0000434 seconds
2016-03-28T11:01:16.803+0100: 3216.046: Total time for which application threads were stopped: 0.0001690 seconds, Stopping threads took: 0.0000521 seconds
2016-03-28T11:01:16.809+0100: 3216.052: Total time for which application threads were stopped: 0.0039616 seconds, Stopping threads took: 0.0038313 seconds
2016-03-28T11:01:16.811+0100: 3216.054: Total time for which application threads were stopped: 0.0001216 seconds, Stopping threads took: 0.0000371 seconds
2016-03-28T11:01:16.812+0100: 3216.054: Total time for which application threads were stopped: 0.0001398 seconds, Stopping threads took: 0.0000276 seconds
2016-03-28T11:01:16.812+0100: 3216.054: Total time for which application threads were stopped: 0.0000900 seconds, Stopping threads took: 0.0000253 seconds
2016-03-28T11:01:16.812+0100: 3216.055: Total time for which application threads were stopped: 0.0000884 seconds, Stopping threads took: 0.0000245 seconds
2016-03-28T11:01:16.812+0100: 3216.055: Total time for which application threads were stopped: 0.0000884 seconds, Stopping threads took: 0.0000245 seconds
2016-03-28T11:01:16.812+0100: 3216.055: Total time for which application threads were stopped: 0.0000876 seconds, Stopping threads took: 0.0000245 seconds
2016-03-28T11:01:16.814+0100: 3216.056: Total time for which application threads were stopped: 0.0001003 seconds, Stopping threads took: 0.0000276 seconds
2016-03-28T11:01:16.814+0100: 3216.056: Total time for which application threads were stopped: 0.0000884 seconds, Stopping threads took: 0.0000245 seconds
2016-03-28T11:01:16.815+0100: 3216.057: Total time for which application threads were stopped: 0.0001216 seconds, Stopping threads took: 0.0000363 seconds
2016-03-28T11:01:16.815+0100: 3216.057: Total time for which application threads were stopped: 0.0000963 seconds, Stopping threads took: 0.0000300 seconds
2016-03-28T11:01:16.831+0100: 3216.074: Total time for which application threads were stopped: 0.0001769 seconds, Stopping threads took: 0.0000458 seconds
2016-03-28T11:01:16.835+0100: 3216.077: Total time for which application threads were stopped: 0.0002006 seconds, Stopping threads took: 0.0000466 seconds
2016-03-28T11:01:16.841+0100: 3216.084: Total time for which application threads were stopped: 0.0001690 seconds, Stopping threads took: 0.0000458 seconds
2016-03-28T11:01:16.842+0100: 3216.084: Total time for which application threads were stopped: 0.0005938 seconds, Stopping threads took: 0.0005243 seconds
2016-03-28T11:01:16.847+0100: 3216.089: Total time for which application threads were stopped: 0.0001477 seconds, Stopping threads took: 0.0000379 seconds
2016-03-28T11:01:16.866+0100: 3216.108: Total time for which application threads were stopped: 0.0001698 seconds, Stopping threads took: 0.0000584 seconds
2016-03-28T11:01:16.866+0100: 3216.109: Total time for which application threads were stopped: 0.0001011 seconds, Stopping threads took: 0.0000324 seconds
2016-03-28T11:01:16.867+0100: 3216.110: Total time for which application threads were stopped: 0.0001453 seconds, Stopping threads took: 0.0000371 seconds
2016-03-28T11:01:16.867+0100: 3216.110: Total time for which application threads were stopped: 0.0001034 seconds, Stopping threads took: 0.0000276 seconds
2016-03-28T11:01:16.893+0100: 3216.135: Total time for which application threads were stopped: 0.0001540 seconds, Stopping threads took: 0.0000419 seconds
2016-03-28T11:01:16.895+0100: 3216.138: Total time for which application threads were stopped: 0.0001295 seconds, Stopping threads took: 0.0000371 seconds
2016-03-28T11:01:16.895+0100: 3216.138: Total time for which application threads were stopped: 0.0000758 seconds, Stopping threads took: 0.0000197 seconds
2016-03-28T11:01:16.896+0100: 3216.138: Total time for which application threads were stopped: 0.0000798 seconds, Stopping threads took: 0.0000205 seconds
2016-03-28T11:01:16.902+0100: 3216.144: Total time for which application threads were stopped: 0.0004430 seconds, Stopping threads took: 0.0000371 seconds
2016-03-28T11:01:16.904+0100: 3216.146: Total time for which application threads were stopped: 0.0001105 seconds, Stopping threads took: 0.0000316 seconds
2016-03-28T11:01:16.905+0100: 3216.147: Total time for which application threads were stopped: 0.0000837 seconds, Stopping threads took: 0.0000229 seconds
2016-03-28T11:01:16.909+0100: 3216.152: Total time for which application threads were stopped: 0.0001358 seconds, Stopping threads took: 0.0000426 seconds
2016-03-28T11:01:16.917+0100: 3216.160: Total time for which application threads were stopped: 0.0001082 seconds, Stopping threads took: 0.0000324 seconds
2016-03-28T11:01:16.920+0100: 3216.162: Total time for which application threads were stopped: 0.0019685 seconds, Stopping threads took: 0.0018998 seconds
2016-03-28T11:01:16.920+0100: 3216.162: Total time for which application threads were stopped: 0.0000647 seconds, Stopping threads took: 0.0000300 seconds
2016-03-28T11:01:16.920+0100: 3216.163: Total time for which application threads were stopped: 0.0000900 seconds, Stopping threads took: 0.0000490 seconds
2016-03-28T11:01:16.922+0100: 3216.164: Total time for which application threads were stopped: 0.0001011 seconds, Stopping threads took: 0.0000537 seconds
Heap
 par new generation   total 109248K, used 78557K [0x00000000e0000000, 0x00000000e8000000, 0x00000000e8000000)
  eden space 87424K,  85% used [0x00000000e0000000, 0x00000000e4946998, 0x00000000e5560000)
  from space 21824K,  16% used [0x00000000e6ab0000, 0x00000000e6e20cc0, 0x00000000e8000000)
  to   space 21824K,   0% used [0x00000000e5560000, 0x00000000e5560000, 0x00000000e6ab0000)
 concurrent mark-sweep generation total 393216K, used 15195K [0x00000000e8000000, 0x0000000100000000, 0x0000000100000000)
 Metaspace       used 33555K, capacity 34050K, committed 34480K, reserved 1079296K
  class space    used 3754K, capacity 3929K, committed 4016K, reserved 1048576K
