Java HotSpot(TM) 64-Bit Server VM (25.73-b02) for windows-amd64 JRE (1.8.0_73-b02), built on Jan 29 2016 17:38:49 by "java_re" with MS VC++ 10.0 (VS2010)
Memory: 4k page, physical 4027256k(823752k free), swap 8052676k(2394824k free)
CommandLine flags: -XX:CMSInitiatingOccupancyFraction=50 -XX:CMSMaxAbortablePrecleanTime=6000 -XX:+CMSParallelRemarkEnabled -XX:+CMSScavengeBeforeRemark -XX:ConcGCThreads=4 -XX:InitialHeapSize=536870912 -XX:MaxHeapSize=536870912 -XX:MaxTenuringThreshold=8 -XX:NewRatio=3 -XX:OldPLABSize=16 -XX:ParallelGCThreads=4 -XX:+ParallelRefProcEnabled -XX:PretenureSizeThreshold=67108864 -XX:+PrintGC -XX:+PrintGCApplicationStoppedTime -XX:+PrintGCDateStamps -XX:+PrintGCDetails -XX:+PrintGCTimeStamps -XX:+PrintHeapAtGC -XX:+PrintTenuringDistribution -XX:SurvivorRatio=4 -XX:TargetSurvivorRatio=90 -XX:ThreadStackSize=256 -XX:+UseCMSInitiatingOccupancyOnly -XX:+UseCompressedClassPointers -XX:+UseCompressedOops -XX:+UseConcMarkSweepGC -XX:-UseLargePagesIndividualAllocation -XX:+UseParNewGC 
2016-02-29T12:07:54.386+0000: 1.062: Total time for which application threads were stopped: 0.0002274 seconds, Stopping threads took: 0.0000497 seconds
2016-02-29T12:07:54.873+0000: 1.550: Total time for which application threads were stopped: 0.0002898 seconds, Stopping threads took: 0.0000442 seconds
2016-02-29T12:07:54.911+0000: 1.588: Total time for which application threads were stopped: 0.0002037 seconds, Stopping threads took: 0.0000458 seconds
2016-02-29T12:07:55.892+0000: 2.569: Total time for which application threads were stopped: 0.0003522 seconds, Stopping threads took: 0.0000545 seconds
2016-02-29T12:07:55.917+0000: 2.594: Total time for which application threads were stopped: 0.0002685 seconds, Stopping threads took: 0.0000505 seconds
2016-02-29T12:07:56.917+0000: 3.594: Total time for which application threads were stopped: 0.0003909 seconds, Stopping threads took: 0.0002922 seconds
{Heap before GC invocations=0 (full 0):
 par new generation   total 109248K, used 87424K [0x00000000e0000000, 0x00000000e8000000, 0x00000000e8000000)
  eden space 87424K, 100% used [0x00000000e0000000, 0x00000000e5560000, 0x00000000e5560000)
  from space 21824K,   0% used [0x00000000e5560000, 0x00000000e5560000, 0x00000000e6ab0000)
  to   space 21824K,   0% used [0x00000000e6ab0000, 0x00000000e6ab0000, 0x00000000e8000000)
 concurrent mark-sweep generation total 393216K, used 0K [0x00000000e8000000, 0x0000000100000000, 0x0000000100000000)
 Metaspace       used 10149K, capacity 10344K, committed 10496K, reserved 1058816K
  class space    used 1166K, capacity 1212K, committed 1280K, reserved 1048576K
2016-02-29T12:07:57.241+0000: 3.926: [GC (Allocation Failure) 2016-02-29T12:07:57.241+0000: 3.926: [ParNew
Desired survivor size 20112992 bytes, new threshold 8 (max 8)
- age   1:    5744248 bytes,    5744248 total
: 87424K->5682K(109248K), 0.0219495 secs] 87424K->5682K(502464K), 0.0223001 secs] [Times: user=0.06 sys=0.00, real=0.03 secs] 
Heap after GC invocations=1 (full 0):
 par new generation   total 109248K, used 5682K [0x00000000e0000000, 0x00000000e8000000, 0x00000000e8000000)
  eden space 87424K,   0% used [0x00000000e0000000, 0x00000000e0000000, 0x00000000e5560000)
  from space 21824K,  26% used [0x00000000e6ab0000, 0x00000000e703cbc8, 0x00000000e8000000)
  to   space 21824K,   0% used [0x00000000e5560000, 0x00000000e5560000, 0x00000000e6ab0000)
 concurrent mark-sweep generation total 393216K, used 0K [0x00000000e8000000, 0x0000000100000000, 0x0000000100000000)
 Metaspace       used 10149K, capacity 10344K, committed 10496K, reserved 1058816K
  class space    used 1166K, capacity 1212K, committed 1280K, reserved 1048576K
}
2016-02-29T12:07:57.271+0000: 3.948: Total time for which application threads were stopped: 0.0227155 seconds, Stopping threads took: 0.0000569 seconds
2016-02-29T12:07:57.523+0000: 4.204: Total time for which application threads were stopped: 0.0003332 seconds, Stopping threads took: 0.0000569 seconds
2016-02-29T12:07:57.635+0000: 4.315: Total time for which application threads were stopped: 0.0003222 seconds, Stopping threads took: 0.0000419 seconds
2016-02-29T12:07:57.815+0000: 4.492: Total time for which application threads were stopped: 0.0006033 seconds, Stopping threads took: 0.0002148 seconds
2016-02-29T12:07:57.935+0000: 4.616: Total time for which application threads were stopped: 0.0003316 seconds, Stopping threads took: 0.0000387 seconds
2016-02-29T12:07:57.935+0000: 4.618: Total time for which application threads were stopped: 0.0001935 seconds, Stopping threads took: 0.0000229 seconds
2016-02-29T12:07:57.945+0000: 4.626: Total time for which application threads were stopped: 0.0003048 seconds, Stopping threads took: 0.0000355 seconds
2016-02-29T12:07:58.631+0000: 5.310: Total time for which application threads were stopped: 0.0002993 seconds, Stopping threads took: 0.0000924 seconds
2016-02-29T12:07:58.631+0000: 5.312: Total time for which application threads were stopped: 0.0002906 seconds, Stopping threads took: 0.0001192 seconds
2016-02-29T12:07:58.651+0000: 5.331: Total time for which application threads were stopped: 0.0003924 seconds, Stopping threads took: 0.0000403 seconds
2016-02-29T12:07:58.708+0000: 5.386: Total time for which application threads were stopped: 0.0002164 seconds, Stopping threads took: 0.0000837 seconds
2016-02-29T12:07:58.709+0000: 5.386: Total time for which application threads were stopped: 0.0000632 seconds, Stopping threads took: 0.0000182 seconds
2016-02-29T12:07:58.773+0000: 5.450: Total time for which application threads were stopped: 0.0001327 seconds, Stopping threads took: 0.0000466 seconds
2016-02-29T12:07:58.773+0000: 5.451: Total time for which application threads were stopped: 0.0001011 seconds, Stopping threads took: 0.0000347 seconds
2016-02-29T12:07:58.773+0000: 5.451: Total time for which application threads were stopped: 0.0000671 seconds, Stopping threads took: 0.0000213 seconds
2016-02-29T12:07:58.773+0000: 5.451: Total time for which application threads were stopped: 0.0000655 seconds, Stopping threads took: 0.0000205 seconds
2016-02-29T12:07:58.773+0000: 5.452: Total time for which application threads were stopped: 0.0000663 seconds, Stopping threads took: 0.0000205 seconds
2016-02-29T12:07:58.773+0000: 5.452: Total time for which application threads were stopped: 0.0000648 seconds, Stopping threads took: 0.0000197 seconds
2016-02-29T12:07:58.773+0000: 5.452: Total time for which application threads were stopped: 0.0000655 seconds, Stopping threads took: 0.0000205 seconds
2016-02-29T12:07:58.773+0000: 5.452: Total time for which application threads were stopped: 0.0000648 seconds, Stopping threads took: 0.0000205 seconds
2016-02-29T12:07:59.069+0000: 5.748: Total time for which application threads were stopped: 0.0001421 seconds, Stopping threads took: 0.0000419 seconds
2016-02-29T12:07:59.069+0000: 5.748: Total time for which application threads were stopped: 0.0000711 seconds, Stopping threads took: 0.0000221 seconds
2016-02-29T12:07:59.069+0000: 5.748: Total time for which application threads were stopped: 0.0000655 seconds, Stopping threads took: 0.0000197 seconds
2016-02-29T12:07:59.109+0000: 5.793: Total time for which application threads were stopped: 0.0004343 seconds, Stopping threads took: 0.0000545 seconds
{Heap before GC invocations=1 (full 0):
 par new generation   total 109248K, used 93106K [0x00000000e0000000, 0x00000000e8000000, 0x00000000e8000000)
  eden space 87424K, 100% used [0x00000000e0000000, 0x00000000e5560000, 0x00000000e5560000)
  from space 21824K,  26% used [0x00000000e6ab0000, 0x00000000e703cbc8, 0x00000000e8000000)
  to   space 21824K,   0% used [0x00000000e5560000, 0x00000000e5560000, 0x00000000e6ab0000)
 concurrent mark-sweep generation total 393216K, used 0K [0x00000000e8000000, 0x0000000100000000, 0x0000000100000000)
 Metaspace       used 19738K, capacity 20116K, committed 20480K, reserved 1067008K
  class space    used 2349K, capacity 2488K, committed 2560K, reserved 1048576K
2016-02-29T12:07:59.129+0000: 5.807: [GC (Allocation Failure) 2016-02-29T12:07:59.129+0000: 5.807: [ParNew
Desired survivor size 20112992 bytes, new threshold 8 (max 8)
- age   1:    7735624 bytes,    7735624 total
- age   2:    2553200 bytes,   10288824 total
: 93106K->12085K(109248K), 0.0308084 secs] 93106K->12085K(502464K), 0.0309616 secs] [Times: user=0.05 sys=0.02, real=0.03 secs] 
Heap after GC invocations=2 (full 0):
 par new generation   total 109248K, used 12085K [0x00000000e0000000, 0x00000000e8000000, 0x00000000e8000000)
  eden space 87424K,   0% used [0x00000000e0000000, 0x00000000e0000000, 0x00000000e5560000)
  from space 21824K,  55% used [0x00000000e5560000, 0x00000000e612d758, 0x00000000e6ab0000)
  to   space 21824K,   0% used [0x00000000e6ab0000, 0x00000000e6ab0000, 0x00000000e8000000)
 concurrent mark-sweep generation total 393216K, used 0K [0x00000000e8000000, 0x0000000100000000, 0x0000000100000000)
 Metaspace       used 19738K, capacity 20116K, committed 20480K, reserved 1067008K
  class space    used 2349K, capacity 2488K, committed 2560K, reserved 1048576K
}
2016-02-29T12:07:59.159+0000: 5.838: Total time for which application threads were stopped: 0.0313959 seconds, Stopping threads took: 0.0000624 seconds
2016-02-29T12:07:59.169+0000: 5.849: Total time for which application threads were stopped: 0.0001864 seconds, Stopping threads took: 0.0000655 seconds
2016-02-29T12:07:59.169+0000: 5.853: Total time for which application threads were stopped: 0.0010684 seconds, Stopping threads took: 0.0009302 seconds
2016-02-29T12:07:59.189+0000: 5.871: Total time for which application threads were stopped: 0.0004848 seconds, Stopping threads took: 0.0000545 seconds
2016-02-29T12:07:59.371+0000: 6.048: Total time for which application threads were stopped: 0.0002432 seconds, Stopping threads took: 0.0000742 seconds
2016-02-29T12:07:59.473+0000: 6.150: Total time for which application threads were stopped: 0.0001864 seconds, Stopping threads took: 0.0000584 seconds
2016-02-29T12:07:59.636+0000: 6.313: Total time for which application threads were stopped: 0.0001682 seconds, Stopping threads took: 0.0000529 seconds
2016-02-29T12:07:59.768+0000: 6.446: Total time for which application threads were stopped: 0.0001871 seconds, Stopping threads took: 0.0000497 seconds
2016-02-29T12:07:59.805+0000: 6.482: Total time for which application threads were stopped: 0.0001840 seconds, Stopping threads took: 0.0000442 seconds
2016-02-29T12:08:00.018+0000: 6.695: Total time for which application threads were stopped: 0.0001540 seconds, Stopping threads took: 0.0000450 seconds
2016-02-29T12:08:00.021+0000: 6.699: Total time for which application threads were stopped: 0.0001800 seconds, Stopping threads took: 0.0000474 seconds
{Heap before GC invocations=2 (full 0):
 par new generation   total 109248K, used 99509K [0x00000000e0000000, 0x00000000e8000000, 0x00000000e8000000)
  eden space 87424K, 100% used [0x00000000e0000000, 0x00000000e5560000, 0x00000000e5560000)
  from space 21824K,  55% used [0x00000000e5560000, 0x00000000e612d758, 0x00000000e6ab0000)
  to   space 21824K,   0% used [0x00000000e6ab0000, 0x00000000e6ab0000, 0x00000000e8000000)
 concurrent mark-sweep generation total 393216K, used 0K [0x00000000e8000000, 0x0000000100000000, 0x0000000100000000)
 Metaspace       used 21393K, capacity 21792K, committed 21960K, reserved 1069056K
  class space    used 2542K, capacity 2682K, committed 2684K, reserved 1048576K
2016-02-29T12:08:00.068+0000: 6.746: [GC (Allocation Failure) 2016-02-29T12:08:00.068+0000: 6.746: [ParNew
Desired survivor size 20112992 bytes, new threshold 8 (max 8)
- age   1:    1928376 bytes,    1928376 total
- age   2:    2350448 bytes,    4278824 total
- age   3:    2550560 bytes,    6829384 total
: 99509K->12698K(109248K), 0.0422684 secs] 99509K->12698K(502464K), 0.0424027 secs] [Times: user=0.06 sys=0.00, real=0.04 secs] 
Heap after GC invocations=3 (full 0):
 par new generation   total 109248K, used 12698K [0x00000000e0000000, 0x00000000e8000000, 0x00000000e8000000)
  eden space 87424K,   0% used [0x00000000e0000000, 0x00000000e0000000, 0x00000000e5560000)
  from space 21824K,  58% used [0x00000000e6ab0000, 0x00000000e77168d0, 0x00000000e8000000)
  to   space 21824K,   0% used [0x00000000e5560000, 0x00000000e5560000, 0x00000000e6ab0000)
 concurrent mark-sweep generation total 393216K, used 0K [0x00000000e8000000, 0x0000000100000000, 0x0000000100000000)
 Metaspace       used 21393K, capacity 21792K, committed 21960K, reserved 1069056K
  class space    used 2542K, capacity 2682K, committed 2684K, reserved 1048576K
}
2016-02-29T12:08:00.111+0000: 6.788: Total time for which application threads were stopped: 0.0428212 seconds, Stopping threads took: 0.0000497 seconds
2016-02-29T12:08:00.112+0000: 6.789: [GC (CMS Initial Mark) [1 CMS-initial-mark: 0K(393216K)] 12703K(502464K), 0.0118524 secs] [Times: user=0.02 sys=0.00, real=0.01 secs] 
2016-02-29T12:08:00.124+0000: 6.801: Total time for which application threads were stopped: 0.0120727 seconds, Stopping threads took: 0.0000474 seconds
2016-02-29T12:08:00.124+0000: 6.801: [CMS-concurrent-mark-start]
2016-02-29T12:08:00.125+0000: 6.802: Total time for which application threads were stopped: 0.0001714 seconds, Stopping threads took: 0.0000490 seconds
2016-02-29T12:08:00.126+0000: 6.803: Total time for which application threads were stopped: 0.0001595 seconds, Stopping threads took: 0.0000616 seconds
2016-02-29T12:08:00.126+0000: 6.803: [CMS-concurrent-mark: 0.002/0.002 secs] [Times: user=0.00 sys=0.00, real=0.00 secs] 
2016-02-29T12:08:00.126+0000: 6.803: [CMS-concurrent-preclean-start]
2016-02-29T12:08:00.129+0000: 6.806: [CMS-concurrent-preclean: 0.003/0.003 secs] [Times: user=0.00 sys=0.00, real=0.00 secs] 
2016-02-29T12:08:00.165+0000: 6.842: Total time for which application threads were stopped: 0.0001540 seconds, Stopping threads took: 0.0000450 seconds
2016-02-29T12:08:00.178+0000: 6.855: [GC (CMS Final Remark) [YG occupancy: 22367 K (109248 K)]{Heap before GC invocations=3 (full 1):
 par new generation   total 109248K, used 22367K [0x00000000e0000000, 0x00000000e8000000, 0x00000000e8000000)
  eden space 87424K,  11% used [0x00000000e0000000, 0x00000000e0971438, 0x00000000e5560000)
  from space 21824K,  58% used [0x00000000e6ab0000, 0x00000000e77168d0, 0x00000000e8000000)
  to   space 21824K,   0% used [0x00000000e5560000, 0x00000000e5560000, 0x00000000e6ab0000)
 concurrent mark-sweep generation total 393216K, used 0K [0x00000000e8000000, 0x0000000100000000, 0x0000000100000000)
 Metaspace       used 21423K, capacity 21811K, committed 22088K, reserved 1069056K
  class space    used 2546K, capacity 2686K, committed 2812K, reserved 1048576K
2016-02-29T12:08:00.178+0000: 6.855: [GC (CMS Final Remark) 2016-02-29T12:08:00.178+0000: 6.855: [ParNew
Desired survivor size 20112992 bytes, new threshold 8 (max 8)
- age   1:     540488 bytes,     540488 total
- age   2:     768328 bytes,    1308816 total
- age   3:    2349552 bytes,    3658368 total
- age   4:    2550560 bytes,    6208928 total
: 22367K->7575K(109248K), 0.0259719 secs] 22367K->7575K(502464K), 0.0260714 secs] [Times: user=0.06 sys=0.00, real=0.03 secs] 
Heap after GC invocations=4 (full 1):
 par new generation   total 109248K, used 7575K [0x00000000e0000000, 0x00000000e8000000, 0x00000000e8000000)
  eden space 87424K,   0% used [0x00000000e0000000, 0x00000000e0000000, 0x00000000e5560000)
  from space 21824K,  34% used [0x00000000e5560000, 0x00000000e5cc5de0, 0x00000000e6ab0000)
  to   space 21824K,   0% used [0x00000000e6ab0000, 0x00000000e6ab0000, 0x00000000e8000000)
 concurrent mark-sweep generation total 393216K, used 0K [0x00000000e8000000, 0x0000000100000000, 0x0000000100000000)
 Metaspace       used 21423K, capacity 21811K, committed 22088K, reserved 1069056K
  class space    used 2546K, capacity 2686K, committed 2812K, reserved 1048576K
}
2016-02-29T12:08:00.204+0000: 6.881: [Rescan (parallel) , 0.0079832 secs]2016-02-29T12:08:00.212+0000: 6.889: [weak refs processing, 0.0017277 secs]2016-02-29T12:08:00.214+0000: 6.891: [class unloading, 0.0066811 secs]2016-02-29T12:08:00.221+0000: 6.898: [scrub symbol table, 0.0075813 secs]2016-02-29T12:08:00.221+0000: 6.905: [scrub string table, 0.0006333 secs][1 CMS-remark: 0K(393216K)] 7575K(502464K), 0.0526316 secs] [Times: user=0.09 sys=0.00, real=0.04 secs] 
2016-02-29T12:08:00.221+0000: 6.908: Total time for which application threads were stopped: 0.0529143 seconds, Stopping threads took: 0.0000608 seconds
2016-02-29T12:08:00.231+0000: 6.908: [CMS-concurrent-sweep-start]
2016-02-29T12:08:00.231+0000: 6.908: [CMS-concurrent-sweep: 0.000/0.000 secs] [Times: user=0.00 sys=0.00, real=0.00 secs] 
2016-02-29T12:08:00.231+0000: 6.908: [CMS-concurrent-reset-start]
2016-02-29T12:08:00.231+0000: 6.913: [CMS-concurrent-reset: 0.005/0.005 secs] [Times: user=0.00 sys=0.00, real=0.00 secs] 
2016-02-29T12:08:00.271+0000: 6.956: Total time for which application threads were stopped: 0.0001461 seconds, Stopping threads took: 0.0000426 seconds
2016-02-29T12:08:00.271+0000: 6.956: Total time for which application threads were stopped: 0.0000790 seconds, Stopping threads took: 0.0000221 seconds
2016-02-29T12:08:00.271+0000: 6.956: Total time for which application threads were stopped: 0.0000719 seconds, Stopping threads took: 0.0000190 seconds
2016-02-29T12:08:00.271+0000: 6.957: Total time for which application threads were stopped: 0.0000711 seconds, Stopping threads took: 0.0000190 seconds
2016-02-29T12:08:00.271+0000: 6.957: Total time for which application threads were stopped: 0.0000703 seconds, Stopping threads took: 0.0000182 seconds
2016-02-29T12:08:00.271+0000: 6.957: Total time for which application threads were stopped: 0.0000703 seconds, Stopping threads took: 0.0000197 seconds
2016-02-29T12:08:00.271+0000: 6.957: Total time for which application threads were stopped: 0.0000671 seconds, Stopping threads took: 0.0000190 seconds
2016-02-29T12:08:00.271+0000: 6.957: Total time for which application threads were stopped: 0.0000663 seconds, Stopping threads took: 0.0000190 seconds
2016-02-29T12:08:00.271+0000: 6.957: Total time for which application threads were stopped: 0.0000663 seconds, Stopping threads took: 0.0000190 seconds
2016-02-29T12:08:00.271+0000: 6.958: Total time for which application threads were stopped: 0.0002329 seconds, Stopping threads took: 0.0000190 seconds
2016-02-29T12:08:00.281+0000: 6.964: Total time for which application threads were stopped: 0.0001358 seconds, Stopping threads took: 0.0000584 seconds
2016-02-29T12:08:00.281+0000: 6.965: Total time for which application threads were stopped: 0.0000813 seconds, Stopping threads took: 0.0000213 seconds
2016-02-29T12:08:00.281+0000: 6.965: Total time for which application threads were stopped: 0.0000766 seconds, Stopping threads took: 0.0000205 seconds
2016-02-29T12:08:00.401+0000: 7.082: Total time for which application threads were stopped: 0.0002045 seconds, Stopping threads took: 0.0000545 seconds
2016-02-29T12:08:00.411+0000: 7.093: Total time for which application threads were stopped: 0.0001785 seconds, Stopping threads took: 0.0000584 seconds
2016-02-29T12:08:00.411+0000: 7.095: Total time for which application threads were stopped: 0.0001500 seconds, Stopping threads took: 0.0000497 seconds
2016-02-29T12:08:00.411+0000: 7.096: Total time for which application threads were stopped: 0.0001406 seconds, Stopping threads took: 0.0000450 seconds
2016-02-29T12:08:00.431+0000: 7.116: Total time for which application threads were stopped: 0.0004998 seconds, Stopping threads took: 0.0000545 seconds
2016-02-29T12:08:00.595+0000: 7.272: Total time for which application threads were stopped: 0.0002100 seconds, Stopping threads took: 0.0000505 seconds
2016-02-29T12:08:00.623+0000: 7.300: Total time for which application threads were stopped: 0.0001350 seconds, Stopping threads took: 0.0000458 seconds
2016-02-29T12:08:00.893+0000: 7.570: Total time for which application threads were stopped: 0.0001871 seconds, Stopping threads took: 0.0000450 seconds
2016-02-29T12:08:00.895+0000: 7.572: Total time for which application threads were stopped: 0.0001777 seconds, Stopping threads took: 0.0000845 seconds
2016-02-29T12:08:01.034+0000: 7.711: Total time for which application threads were stopped: 0.0001642 seconds, Stopping threads took: 0.0000608 seconds
2016-02-29T12:08:01.034+0000: 7.712: Total time for which application threads were stopped: 0.0000782 seconds, Stopping threads took: 0.0000300 seconds
2016-02-29T12:08:01.163+0000: 7.840: Total time for which application threads were stopped: 0.0001532 seconds, Stopping threads took: 0.0000569 seconds
2016-02-29T12:08:01.197+0000: 7.874: Total time for which application threads were stopped: 0.0001753 seconds, Stopping threads took: 0.0000482 seconds
2016-02-29T12:08:01.214+0000: 7.891: Total time for which application threads were stopped: 0.0002306 seconds, Stopping threads took: 0.0000442 seconds
2016-02-29T12:08:01.503+0000: 8.180: Total time for which application threads were stopped: 0.0002164 seconds, Stopping threads took: 0.0000632 seconds
2016-02-29T12:08:01.506+0000: 8.183: Total time for which application threads were stopped: 0.0001295 seconds, Stopping threads took: 0.0000474 seconds
2016-02-29T12:08:01.507+0000: 8.184: Total time for which application threads were stopped: 0.0000876 seconds, Stopping threads took: 0.0000245 seconds
2016-02-29T12:08:01.508+0000: 8.185: Total time for which application threads were stopped: 0.0000711 seconds, Stopping threads took: 0.0000213 seconds
2016-02-29T12:08:03.535+0000: 10.214: Total time for which application threads were stopped: 0.0001334 seconds, Stopping threads took: 0.0000426 seconds
2016-02-29T12:08:03.535+0000: 10.214: Total time for which application threads were stopped: 0.0000703 seconds, Stopping threads took: 0.0000205 seconds
2016-02-29T12:08:03.535+0000: 10.216: Total time for which application threads were stopped: 0.0001177 seconds, Stopping threads took: 0.0000411 seconds
2016-02-29T12:08:03.535+0000: 10.218: Total time for which application threads were stopped: 0.0001232 seconds, Stopping threads took: 0.0000434 seconds
2016-02-29T12:08:03.545+0000: 10.227: Total time for which application threads were stopped: 0.0001413 seconds, Stopping threads took: 0.0000442 seconds
2016-02-29T12:08:03.545+0000: 10.227: Total time for which application threads were stopped: 0.0000876 seconds, Stopping threads took: 0.0000245 seconds
2016-02-29T12:08:03.555+0000: 10.234: Total time for which application threads were stopped: 0.0001350 seconds, Stopping threads took: 0.0000505 seconds
2016-02-29T12:08:03.593+0000: 10.270: Total time for which application threads were stopped: 0.0001382 seconds, Stopping threads took: 0.0000387 seconds
2016-02-29T12:08:03.593+0000: 10.270: Total time for which application threads were stopped: 0.0000845 seconds, Stopping threads took: 0.0000221 seconds
2016-02-29T12:08:03.606+0000: 10.283: Total time for which application threads were stopped: 0.0004801 seconds, Stopping threads took: 0.0000411 seconds
2016-02-29T12:08:03.617+0000: 10.296: Total time for which application threads were stopped: 0.0004714 seconds, Stopping threads took: 0.0000403 seconds
2016-02-29T12:08:03.637+0000: 10.323: Total time for which application threads were stopped: 0.0001421 seconds, Stopping threads took: 0.0000474 seconds
2016-02-29T12:08:04.132+0000: 10.809: Total time for which application threads were stopped: 0.0003964 seconds, Stopping threads took: 0.0000521 seconds
2016-02-29T12:08:04.133+0000: 10.810: Total time for which application threads were stopped: 0.0001263 seconds, Stopping threads took: 0.0000379 seconds
2016-02-29T12:08:08.360+0000: 15.038: Total time for which application threads were stopped: 0.0001619 seconds, Stopping threads took: 0.0000584 seconds
2016-02-29T12:08:08.371+0000: 15.048: Total time for which application threads were stopped: 0.0001990 seconds, Stopping threads took: 0.0000932 seconds
2016-02-29T12:08:08.373+0000: 15.050: Total time for which application threads were stopped: 0.0001437 seconds, Stopping threads took: 0.0000450 seconds
2016-02-29T12:08:08.377+0000: 15.054: Total time for which application threads were stopped: 0.0001413 seconds, Stopping threads took: 0.0000442 seconds
2016-02-29T12:08:08.377+0000: 15.055: Total time for which application threads were stopped: 0.0000734 seconds, Stopping threads took: 0.0000190 seconds
2016-02-29T12:08:08.378+0000: 15.055: Total time for which application threads were stopped: 0.0000798 seconds, Stopping threads took: 0.0000213 seconds
2016-02-29T12:08:08.378+0000: 15.055: Total time for which application threads were stopped: 0.0000742 seconds, Stopping threads took: 0.0000197 seconds
2016-02-29T12:08:08.378+0000: 15.055: Total time for which application threads were stopped: 0.0000766 seconds, Stopping threads took: 0.0000197 seconds
2016-02-29T12:08:08.378+0000: 15.056: Total time for which application threads were stopped: 0.0000726 seconds, Stopping threads took: 0.0000190 seconds
2016-02-29T12:08:08.381+0000: 15.058: Total time for which application threads were stopped: 0.0001350 seconds, Stopping threads took: 0.0000395 seconds
2016-02-29T12:08:08.381+0000: 15.059: Total time for which application threads were stopped: 0.0001034 seconds, Stopping threads took: 0.0000197 seconds
2016-02-29T12:08:08.383+0000: 15.060: Total time for which application threads were stopped: 0.0001161 seconds, Stopping threads took: 0.0000387 seconds
2016-02-29T12:08:08.383+0000: 15.060: Total time for which application threads were stopped: 0.0000853 seconds, Stopping threads took: 0.0000197 seconds
2016-02-29T12:08:08.393+0000: 15.071: Total time for which application threads were stopped: 0.0001824 seconds, Stopping threads took: 0.0000545 seconds
2016-02-29T12:08:08.525+0000: 15.202: Total time for which application threads were stopped: 0.0002306 seconds, Stopping threads took: 0.0001303 seconds
2016-02-29T12:08:08.527+0000: 15.204: Total time for which application threads were stopped: 0.0001240 seconds, Stopping threads took: 0.0000403 seconds
2016-02-29T12:08:08.534+0000: 15.212: Total time for which application threads were stopped: 0.0002369 seconds, Stopping threads took: 0.0001350 seconds
2016-02-29T12:08:08.536+0000: 15.213: Total time for which application threads were stopped: 0.0001808 seconds, Stopping threads took: 0.0000940 seconds
2016-02-29T12:08:08.547+0000: 15.224: Total time for which application threads were stopped: 0.0022552 seconds, Stopping threads took: 0.0021289 seconds
2016-02-29T12:08:08.547+0000: 15.225: Total time for which application threads were stopped: 0.0001003 seconds, Stopping threads took: 0.0000387 seconds
{Heap before GC invocations=4 (full 1):
 par new generation   total 109248K, used 94999K [0x00000000e0000000, 0x00000000e8000000, 0x00000000e8000000)
  eden space 87424K, 100% used [0x00000000e0000000, 0x00000000e5560000, 0x00000000e5560000)
  from space 21824K,  34% used [0x00000000e5560000, 0x00000000e5cc5de0, 0x00000000e6ab0000)
  to   space 21824K,   0% used [0x00000000e6ab0000, 0x00000000e6ab0000, 0x00000000e8000000)
 concurrent mark-sweep generation total 393216K, used 0K [0x00000000e8000000, 0x0000000100000000, 0x0000000100000000)
 Metaspace       used 27169K, capacity 27433K, committed 27772K, reserved 1073152K
  class space    used 3265K, capacity 3371K, committed 3452K, reserved 1048576K
2016-02-29T12:08:08.552+0000: 15.229: [GC (Allocation Failure) 2016-02-29T12:08:08.552+0000: 15.229: [ParNew
Desired survivor size 20112992 bytes, new threshold 8 (max 8)
- age   1:    6347872 bytes,    6347872 total
- age   2:      15904 bytes,    6363776 total
- age   3:     244240 bytes,    6608016 total
- age   4:    2303248 bytes,    8911264 total
- age   5:    2549832 bytes,   11461096 total
: 94999K->13473K(109248K), 0.0417015 secs] 94999K->13473K(502464K), 0.0418768 secs] [Times: user=0.06 sys=0.03, real=0.04 secs] 
Heap after GC invocations=5 (full 1):
 par new generation   total 109248K, used 13473K [0x00000000e0000000, 0x00000000e8000000, 0x00000000e8000000)
  eden space 87424K,   0% used [0x00000000e0000000, 0x00000000e0000000, 0x00000000e5560000)
  from space 21824K,  61% used [0x00000000e6ab0000, 0x00000000e77d84d0, 0x00000000e8000000)
  to   space 21824K,   0% used [0x00000000e5560000, 0x00000000e5560000, 0x00000000e6ab0000)
 concurrent mark-sweep generation total 393216K, used 0K [0x00000000e8000000, 0x0000000100000000, 0x0000000100000000)
 Metaspace       used 27169K, capacity 27433K, committed 27772K, reserved 1073152K
  class space    used 3265K, capacity 3371K, committed 3452K, reserved 1048576K
}
2016-02-29T12:08:08.594+0000: 15.271: Total time for which application threads were stopped: 0.0425124 seconds, Stopping threads took: 0.0001714 seconds
2016-02-29T12:08:08.625+0000: 15.302: Total time for which application threads were stopped: 0.0002487 seconds, Stopping threads took: 0.0000450 seconds
2016-02-29T12:08:08.633+0000: 15.311: Total time for which application threads were stopped: 0.0001619 seconds, Stopping threads took: 0.0000529 seconds
2016-02-29T12:08:08.644+0000: 15.321: Total time for which application threads were stopped: 0.0002558 seconds, Stopping threads took: 0.0001184 seconds
2016-02-29T12:08:08.645+0000: 15.322: Total time for which application threads were stopped: 0.0001216 seconds, Stopping threads took: 0.0000411 seconds
2016-02-29T12:08:08.665+0000: 15.342: Total time for which application threads were stopped: 0.0003932 seconds, Stopping threads took: 0.0000545 seconds
2016-02-29T12:08:08.668+0000: 15.345: Total time for which application threads were stopped: 0.0001540 seconds, Stopping threads took: 0.0000553 seconds
2016-02-29T12:08:08.674+0000: 15.351: Total time for which application threads were stopped: 0.0002479 seconds, Stopping threads took: 0.0000892 seconds
2016-02-29T12:08:08.690+0000: 15.367: Total time for which application threads were stopped: 0.0002132 seconds, Stopping threads took: 0.0000569 seconds
2016-02-29T12:08:08.695+0000: 15.372: Total time for which application threads were stopped: 0.0002077 seconds, Stopping threads took: 0.0000655 seconds
2016-02-29T12:08:08.698+0000: 15.375: Total time for which application threads were stopped: 0.0002211 seconds, Stopping threads took: 0.0000813 seconds
2016-02-29T12:08:08.717+0000: 15.394: Total time for which application threads were stopped: 0.0001587 seconds, Stopping threads took: 0.0000592 seconds
2016-02-29T12:08:08.724+0000: 15.401: Total time for which application threads were stopped: 0.0001619 seconds, Stopping threads took: 0.0000616 seconds
2016-02-29T12:08:08.791+0000: 15.468: Total time for which application threads were stopped: 0.0002558 seconds, Stopping threads took: 0.0000932 seconds
2016-02-29T12:08:08.791+0000: 15.468: Total time for which application threads were stopped: 0.0001200 seconds, Stopping threads took: 0.0000505 seconds
2016-02-29T12:08:08.856+0000: 15.533: Total time for which application threads were stopped: 0.0351443 seconds, Stopping threads took: 0.0337238 seconds
2016-02-29T12:08:08.867+0000: 15.544: Total time for which application threads were stopped: 0.0009665 seconds, Stopping threads took: 0.0008489 seconds
2016-02-29T12:08:08.887+0000: 15.565: Total time for which application threads were stopped: 0.0001753 seconds, Stopping threads took: 0.0000466 seconds
2016-02-29T12:08:08.888+0000: 15.566: Total time for which application threads were stopped: 0.0003948 seconds, Stopping threads took: 0.0000347 seconds
2016-02-29T12:08:09.179+0000: 15.857: Total time for which application threads were stopped: 0.0002219 seconds, Stopping threads took: 0.0000600 seconds
2016-02-29T12:08:09.194+0000: 15.872: Total time for which application threads were stopped: 0.0001627 seconds, Stopping threads took: 0.0000521 seconds
2016-02-29T12:08:09.230+0000: 15.907: Total time for which application threads were stopped: 0.0001516 seconds, Stopping threads took: 0.0000545 seconds
2016-02-29T12:08:09.230+0000: 15.908: Total time for which application threads were stopped: 0.0001611 seconds, Stopping threads took: 0.0000371 seconds
2016-02-29T12:08:09.230+0000: 15.908: Total time for which application threads were stopped: 0.0000924 seconds, Stopping threads took: 0.0000300 seconds
2016-02-29T12:08:09.231+0000: 15.908: Total time for which application threads were stopped: 0.0000924 seconds, Stopping threads took: 0.0000316 seconds
2016-02-29T12:08:09.231+0000: 15.908: Total time for which application threads were stopped: 0.0000979 seconds, Stopping threads took: 0.0000324 seconds
2016-02-29T12:08:09.232+0000: 15.910: Total time for which application threads were stopped: 0.0001208 seconds, Stopping threads took: 0.0000442 seconds
2016-02-29T12:08:09.232+0000: 15.910: Total time for which application threads were stopped: 0.0000940 seconds, Stopping threads took: 0.0000292 seconds
2016-02-29T12:08:09.233+0000: 15.910: Total time for which application threads were stopped: 0.0000876 seconds, Stopping threads took: 0.0000300 seconds
2016-02-29T12:08:09.233+0000: 15.910: Total time for which application threads were stopped: 0.0000853 seconds, Stopping threads took: 0.0000284 seconds
2016-02-29T12:08:09.233+0000: 15.910: Total time for which application threads were stopped: 0.0000829 seconds, Stopping threads took: 0.0000284 seconds
2016-02-29T12:08:09.233+0000: 15.911: Total time for which application threads were stopped: 0.0000869 seconds, Stopping threads took: 0.0000292 seconds
2016-02-29T12:08:09.233+0000: 15.911: Total time for which application threads were stopped: 0.0000845 seconds, Stopping threads took: 0.0000284 seconds
2016-02-29T12:08:09.234+0000: 15.911: Total time for which application threads were stopped: 0.0001413 seconds, Stopping threads took: 0.0000324 seconds
2016-02-29T12:08:10.238+0000: 16.915: Total time for which application threads were stopped: 0.0001563 seconds, Stopping threads took: 0.0000569 seconds
2016-02-29T12:08:11.697+0000: 18.374: Total time for which application threads were stopped: 0.0004714 seconds, Stopping threads took: 0.0003577 seconds
2016-02-29T12:08:11.716+0000: 18.393: Total time for which application threads were stopped: 0.0005638 seconds, Stopping threads took: 0.0000576 seconds
2016-02-29T12:08:11.718+0000: 18.395: Total time for which application threads were stopped: 0.0001785 seconds, Stopping threads took: 0.0000592 seconds
2016-02-29T12:08:11.777+0000: 18.454: Total time for which application threads were stopped: 0.0001753 seconds, Stopping threads took: 0.0000592 seconds
2016-02-29T12:08:11.794+0000: 18.472: Total time for which application threads were stopped: 0.0001745 seconds, Stopping threads took: 0.0000537 seconds
2016-02-29T12:08:11.797+0000: 18.475: Total time for which application threads were stopped: 0.0001453 seconds, Stopping threads took: 0.0000434 seconds
2016-02-29T12:08:11.797+0000: 18.475: Total time for which application threads were stopped: 0.0000861 seconds, Stopping threads took: 0.0000197 seconds
2016-02-29T12:08:11.797+0000: 18.475: Total time for which application threads were stopped: 0.0000853 seconds, Stopping threads took: 0.0000197 seconds
2016-02-29T12:08:11.798+0000: 18.475: Total time for which application threads were stopped: 0.0000924 seconds, Stopping threads took: 0.0000205 seconds
2016-02-29T12:08:11.798+0000: 18.475: Total time for which application threads were stopped: 0.0000845 seconds, Stopping threads took: 0.0000190 seconds
2016-02-29T12:08:11.798+0000: 18.475: Total time for which application threads were stopped: 0.0000932 seconds, Stopping threads took: 0.0000268 seconds
2016-02-29T12:08:11.798+0000: 18.476: Total time for which application threads were stopped: 0.0000955 seconds, Stopping threads took: 0.0000268 seconds
2016-02-29T12:08:11.798+0000: 18.476: Total time for which application threads were stopped: 0.0001390 seconds, Stopping threads took: 0.0000695 seconds
2016-02-29T12:08:11.799+0000: 18.477: Total time for which application threads were stopped: 0.0001177 seconds, Stopping threads took: 0.0000340 seconds
2016-02-29T12:08:11.822+0000: 18.500: Total time for which application threads were stopped: 0.0001532 seconds, Stopping threads took: 0.0000434 seconds
2016-02-29T12:08:12.829+0000: 19.506: Total time for which application threads were stopped: 0.0001595 seconds, Stopping threads took: 0.0000553 seconds
2016-02-29T12:08:13.273+0000: 19.950: Total time for which application threads were stopped: 0.0001966 seconds, Stopping threads took: 0.0000592 seconds
2016-02-29T12:08:13.281+0000: 19.958: Total time for which application threads were stopped: 0.0001690 seconds, Stopping threads took: 0.0000711 seconds
2016-02-29T12:08:13.281+0000: 19.959: Total time for which application threads were stopped: 0.0002322 seconds, Stopping threads took: 0.0000987 seconds
2016-02-29T12:08:13.308+0000: 19.986: Total time for which application threads were stopped: 0.0001808 seconds, Stopping threads took: 0.0000600 seconds
2016-02-29T12:08:13.309+0000: 19.986: Total time for which application threads were stopped: 0.0000908 seconds, Stopping threads took: 0.0000261 seconds
2016-02-29T12:08:13.330+0000: 20.008: Total time for which application threads were stopped: 0.0001611 seconds, Stopping threads took: 0.0000458 seconds
2016-02-29T12:08:13.487+0000: 20.165: Total time for which application threads were stopped: 0.0001935 seconds, Stopping threads took: 0.0000458 seconds
2016-02-29T12:08:13.490+0000: 20.168: Total time for which application threads were stopped: 0.0001350 seconds, Stopping threads took: 0.0000403 seconds
2016-02-29T12:08:13.491+0000: 20.168: Total time for which application threads were stopped: 0.0000813 seconds, Stopping threads took: 0.0000213 seconds
2016-02-29T12:08:13.499+0000: 20.176: Total time for which application threads were stopped: 0.0001429 seconds, Stopping threads took: 0.0000419 seconds
2016-02-29T12:08:13.499+0000: 20.177: Total time for which application threads were stopped: 0.0000884 seconds, Stopping threads took: 0.0000245 seconds
2016-02-29T12:08:13.501+0000: 20.179: Total time for which application threads were stopped: 0.0001421 seconds, Stopping threads took: 0.0000426 seconds
2016-02-29T12:08:13.502+0000: 20.179: Total time for which application threads were stopped: 0.0000813 seconds, Stopping threads took: 0.0000221 seconds
2016-02-29T12:08:13.502+0000: 20.179: Total time for which application threads were stopped: 0.0000837 seconds, Stopping threads took: 0.0000221 seconds
2016-02-29T12:08:13.566+0000: 20.244: Total time for which application threads were stopped: 0.0001540 seconds, Stopping threads took: 0.0000426 seconds
2016-02-29T12:08:13.569+0000: 20.246: Total time for which application threads were stopped: 0.0001390 seconds, Stopping threads took: 0.0000434 seconds
2016-02-29T12:08:13.606+0000: 20.283: Total time for which application threads were stopped: 0.0025339 seconds, Stopping threads took: 0.0019780 seconds
2016-02-29T12:08:14.062+0000: 20.739: Total time for which application threads were stopped: 0.0005851 seconds, Stopping threads took: 0.0000419 seconds
2016-02-29T12:08:14.169+0000: 20.847: Total time for which application threads were stopped: 0.0001706 seconds, Stopping threads took: 0.0000584 seconds
2016-02-29T12:08:14.625+0000: 21.303: Total time for which application threads were stopped: 0.0001887 seconds, Stopping threads took: 0.0000411 seconds
2016-02-29T12:08:14.625+0000: 21.303: Total time for which application threads were stopped: 0.0000837 seconds, Stopping threads took: 0.0000221 seconds
2016-02-29T12:08:14.684+0000: 21.362: Total time for which application threads were stopped: 0.0001824 seconds, Stopping threads took: 0.0000805 seconds
2016-02-29T12:08:14.729+0000: 21.414: Total time for which application threads were stopped: 0.0001398 seconds, Stopping threads took: 0.0000395 seconds
2016-02-29T12:08:14.769+0000: 21.446: Total time for which application threads were stopped: 0.0002069 seconds, Stopping threads took: 0.0000663 seconds
2016-02-29T12:08:14.769+0000: 21.447: Total time for which application threads were stopped: 0.0000916 seconds, Stopping threads took: 0.0000276 seconds
2016-02-29T12:08:14.771+0000: 21.449: Total time for which application threads were stopped: 0.0001342 seconds, Stopping threads took: 0.0000411 seconds
2016-02-29T12:08:14.772+0000: 21.449: Total time for which application threads were stopped: 0.0000861 seconds, Stopping threads took: 0.0000253 seconds
2016-02-29T12:08:14.784+0000: 21.462: Total time for which application threads were stopped: 0.0001540 seconds, Stopping threads took: 0.0000561 seconds
2016-02-29T12:08:14.788+0000: 21.468: Total time for which application threads were stopped: 0.0001516 seconds, Stopping threads took: 0.0000482 seconds
2016-02-29T12:08:14.788+0000: 21.468: Total time for which application threads were stopped: 0.0000869 seconds, Stopping threads took: 0.0000237 seconds
2016-02-29T12:08:14.788+0000: 21.468: Total time for which application threads were stopped: 0.0000853 seconds, Stopping threads took: 0.0000276 seconds
2016-02-29T12:08:14.788+0000: 21.468: Total time for which application threads were stopped: 0.0000813 seconds, Stopping threads took: 0.0000253 seconds
2016-02-29T12:08:14.798+0000: 21.483: Total time for which application threads were stopped: 0.0001642 seconds, Stopping threads took: 0.0000624 seconds
2016-02-29T12:08:16.799+0000: 23.476: Total time for which application threads were stopped: 0.0001453 seconds, Stopping threads took: 0.0000529 seconds
2016-02-29T12:08:18.806+0000: 25.482: Total time for which application threads were stopped: 0.0001437 seconds, Stopping threads took: 0.0000474 seconds
2016-02-29T12:08:20.807+0000: 27.483: Total time for which application threads were stopped: 0.0001682 seconds, Stopping threads took: 0.0000497 seconds
2016-02-29T12:08:25.824+0000: 32.501: Total time for which application threads were stopped: 0.0001619 seconds, Stopping threads took: 0.0000553 seconds
2016-02-29T12:10:13.980+0000: 140.659: Total time for which application threads were stopped: 0.0001666 seconds, Stopping threads took: 0.0000537 seconds
2016-02-29T12:11:34.094+0000: 220.775: Total time for which application threads were stopped: 0.0001587 seconds, Stopping threads took: 0.0000553 seconds
2016-02-29T12:30:26.591+0000: 1353.291: Total time for which application threads were stopped: 0.0001840 seconds, Stopping threads took: 0.0000592 seconds
2016-02-29T12:32:56.790+0000: 1503.491: Total time for which application threads were stopped: 0.0001745 seconds, Stopping threads took: 0.0000616 seconds
2016-02-29T12:52:48.384+0000: 2695.096: Total time for which application threads were stopped: 0.0001800 seconds, Stopping threads took: 0.0000576 seconds
2016-02-29T13:02:23.256+0000: 3269.977: Total time for which application threads were stopped: 0.0001674 seconds, Stopping threads took: 0.0000624 seconds
2016-02-29T13:02:43.281+0000: 3290.004: Total time for which application threads were stopped: 0.0001808 seconds, Stopping threads took: 0.0000497 seconds
2016-02-29T13:09:58.925+0000: 3725.657: Total time for which application threads were stopped: 0.0001698 seconds, Stopping threads took: 0.0000545 seconds
2016-02-29T13:23:02.189+0000: 4508.939: Total time for which application threads were stopped: 0.0005962 seconds, Stopping threads took: 0.0004833 seconds
2016-02-29T13:23:02.191+0000: 4508.941: Total time for which application threads were stopped: 0.0001319 seconds, Stopping threads took: 0.0000505 seconds
2016-02-29T13:23:02.206+0000: 4508.956: Total time for which application threads were stopped: 0.0001548 seconds, Stopping threads took: 0.0000529 seconds
2016-02-29T13:23:02.206+0000: 4508.956: Total time for which application threads were stopped: 0.0000900 seconds, Stopping threads took: 0.0000324 seconds
2016-02-29T13:23:02.207+0000: 4508.956: Total time for which application threads were stopped: 0.0001011 seconds, Stopping threads took: 0.0000466 seconds
2016-02-29T13:23:02.208+0000: 4508.958: Total time for which application threads were stopped: 0.0001113 seconds, Stopping threads took: 0.0000371 seconds
2016-02-29T13:23:02.208+0000: 4508.958: Total time for which application threads were stopped: 0.0000813 seconds, Stopping threads took: 0.0000276 seconds
2016-02-29T13:23:02.226+0000: 4508.976: Total time for which application threads were stopped: 0.0001571 seconds, Stopping threads took: 0.0000505 seconds
2016-02-29T13:23:02.230+0000: 4508.980: Total time for which application threads were stopped: 0.0001477 seconds, Stopping threads took: 0.0000624 seconds
2016-02-29T13:23:02.230+0000: 4508.980: Total time for which application threads were stopped: 0.0000774 seconds, Stopping threads took: 0.0000268 seconds
2016-02-29T13:23:02.230+0000: 4508.980: Total time for which application threads were stopped: 0.0000774 seconds, Stopping threads took: 0.0000276 seconds
2016-02-29T13:23:02.230+0000: 4508.980: Total time for which application threads were stopped: 0.0000766 seconds, Stopping threads took: 0.0000268 seconds
2016-02-29T13:23:02.231+0000: 4508.981: Total time for which application threads were stopped: 0.0000853 seconds, Stopping threads took: 0.0000268 seconds
2016-02-29T13:23:02.234+0000: 4508.984: Total time for which application threads were stopped: 0.0001864 seconds, Stopping threads took: 0.0000490 seconds
2016-02-29T13:23:02.234+0000: 4508.984: Total time for which application threads were stopped: 0.0001019 seconds, Stopping threads took: 0.0000434 seconds
2016-02-29T13:23:02.235+0000: 4508.985: Total time for which application threads were stopped: 0.0000916 seconds, Stopping threads took: 0.0000340 seconds
2016-02-29T13:23:02.244+0000: 4508.994: Total time for which application threads were stopped: 0.0001295 seconds, Stopping threads took: 0.0000569 seconds
2016-02-29T13:23:02.246+0000: 4508.996: Total time for which application threads were stopped: 0.0002835 seconds, Stopping threads took: 0.0002298 seconds
2016-02-29T13:23:02.248+0000: 4508.997: Total time for which application threads were stopped: 0.0000869 seconds, Stopping threads took: 0.0000284 seconds
2016-02-29T13:23:02.248+0000: 4508.998: Total time for which application threads were stopped: 0.0000655 seconds, Stopping threads took: 0.0000308 seconds
2016-02-29T13:23:02.248+0000: 4508.998: Total time for which application threads were stopped: 0.0000679 seconds, Stopping threads took: 0.0000324 seconds
2016-02-29T13:23:02.248+0000: 4508.998: Total time for which application threads were stopped: 0.0000624 seconds, Stopping threads took: 0.0000292 seconds
Heap
 par new generation   total 109248K, used 53087K [0x00000000e0000000, 0x00000000e8000000, 0x00000000e8000000)
  eden space 87424K,  45% used [0x00000000e0000000, 0x00000000e26af848, 0x00000000e5560000)
  from space 21824K,  61% used [0x00000000e6ab0000, 0x00000000e77d84d0, 0x00000000e8000000)
  to   space 21824K,   0% used [0x00000000e5560000, 0x00000000e5560000, 0x00000000e6ab0000)
 concurrent mark-sweep generation total 393216K, used 0K [0x00000000e8000000, 0x0000000100000000, 0x0000000100000000)
 Metaspace       used 31329K, capacity 31741K, committed 31996K, reserved 1077248K
  class space    used 3679K, capacity 3823K, committed 3836K, reserved 1048576K
