Java HotSpot(TM) 64-Bit Server VM (25.73-b02) for windows-amd64 JRE (1.8.0_73-b02), built on Jan 29 2016 17:38:49 by "java_re" with MS VC++ 10.0 (VS2010)
Memory: 4k page, physical 4027256k(1150560k free), swap 9029216k(1795872k free)
CommandLine flags: -XX:CMSInitiatingOccupancyFraction=50 -XX:CMSMaxAbortablePrecleanTime=6000 -XX:+CMSParallelRemarkEnabled -XX:+CMSScavengeBeforeRemark -XX:ConcGCThreads=4 -XX:InitialHeapSize=536870912 -XX:MaxHeapSize=536870912 -XX:MaxTenuringThreshold=8 -XX:NewRatio=3 -XX:OldPLABSize=16 -XX:ParallelGCThreads=4 -XX:+ParallelRefProcEnabled -XX:PretenureSizeThreshold=67108864 -XX:+PrintGC -XX:+PrintGCApplicationStoppedTime -XX:+PrintGCDateStamps -XX:+PrintGCDetails -XX:+PrintGCTimeStamps -XX:+PrintHeapAtGC -XX:+PrintTenuringDistribution -XX:SurvivorRatio=4 -XX:TargetSurvivorRatio=90 -XX:ThreadStackSize=256 -XX:+UseCMSInitiatingOccupancyOnly -XX:+UseCompressedClassPointers -XX:+UseCompressedOops -XX:+UseConcMarkSweepGC -XX:-UseLargePagesIndividualAllocation -XX:+UseParNewGC 
2016-03-04T16:49:14.980+0000: 1.100: Total time for which application threads were stopped: 0.0019465 seconds, Stopping threads took: 0.0017499 seconds
2016-03-04T16:49:15.249+0000: 1.369: Total time for which application threads were stopped: 0.0002314 seconds, Stopping threads took: 0.0000426 seconds
2016-03-04T16:49:15.279+0000: 1.399: Total time for which application threads were stopped: 0.0002053 seconds, Stopping threads took: 0.0000434 seconds
2016-03-04T16:49:15.852+0000: 1.972: Total time for which application threads were stopped: 0.0130246 seconds, Stopping threads took: 0.0127703 seconds
2016-03-04T16:49:16.051+0000: 2.170: Total time for which application threads were stopped: 0.0003261 seconds, Stopping threads took: 0.0000505 seconds
2016-03-04T16:49:16.211+0000: 2.330: Total time for which application threads were stopped: 0.0004098 seconds, Stopping threads took: 0.0000474 seconds
2016-03-04T16:49:17.410+0000: 3.530: Total time for which application threads were stopped: 0.1767413 seconds, Stopping threads took: 0.1766142 seconds
{Heap before GC invocations=0 (full 0):
 par new generation   total 109248K, used 87424K [0x00000000e0000000, 0x00000000e8000000, 0x00000000e8000000)
  eden space 87424K, 100% used [0x00000000e0000000, 0x00000000e5560000, 0x00000000e5560000)
  from space 21824K,   0% used [0x00000000e5560000, 0x00000000e5560000, 0x00000000e6ab0000)
  to   space 21824K,   0% used [0x00000000e6ab0000, 0x00000000e6ab0000, 0x00000000e8000000)
 concurrent mark-sweep generation total 393216K, used 0K [0x00000000e8000000, 0x0000000100000000, 0x0000000100000000)
 Metaspace       used 10163K, capacity 10344K, committed 10496K, reserved 1058816K
  class space    used 1166K, capacity 1212K, committed 1280K, reserved 1048576K
2016-03-04T16:49:17.936+0000: 4.056: [GC (Allocation Failure) 2016-03-04T16:49:17.936+0000: 4.056: [ParNew
Desired survivor size 20112992 bytes, new threshold 8 (max 8)
- age   1:    5746312 bytes,    5746312 total
: 87424K->5685K(109248K), 0.0217882 secs] 87424K->5685K(502464K), 0.0221151 secs] [Times: user=0.02 sys=0.02, real=0.02 secs] 
Heap after GC invocations=1 (full 0):
 par new generation   total 109248K, used 5685K [0x00000000e0000000, 0x00000000e8000000, 0x00000000e8000000)
  eden space 87424K,   0% used [0x00000000e0000000, 0x00000000e0000000, 0x00000000e5560000)
  from space 21824K,  26% used [0x00000000e6ab0000, 0x00000000e703d6d8, 0x00000000e8000000)
  to   space 21824K,   0% used [0x00000000e5560000, 0x00000000e5560000, 0x00000000e6ab0000)
 concurrent mark-sweep generation total 393216K, used 0K [0x00000000e8000000, 0x0000000100000000, 0x0000000100000000)
 Metaspace       used 10163K, capacity 10344K, committed 10496K, reserved 1058816K
  class space    used 1166K, capacity 1212K, committed 1280K, reserved 1048576K
}
2016-03-04T16:49:17.958+0000: 4.078: Total time for which application threads were stopped: 0.0225123 seconds, Stopping threads took: 0.0000411 seconds
2016-03-04T16:49:18.219+0000: 4.338: Total time for which application threads were stopped: 0.0067808 seconds, Stopping threads took: 0.0064144 seconds
2016-03-04T16:49:18.228+0000: 4.347: Total time for which application threads were stopped: 0.0003167 seconds, Stopping threads took: 0.0000545 seconds
2016-03-04T16:49:18.384+0000: 4.504: Total time for which application threads were stopped: 0.0030283 seconds, Stopping threads took: 0.0026754 seconds
2016-03-04T16:49:18.460+0000: 4.580: Total time for which application threads were stopped: 0.0003640 seconds, Stopping threads took: 0.0000419 seconds
2016-03-04T16:49:18.470+0000: 4.590: Total time for which application threads were stopped: 0.0003317 seconds, Stopping threads took: 0.0000513 seconds
2016-03-04T16:49:18.885+0000: 5.005: Total time for which application threads were stopped: 0.0005559 seconds, Stopping threads took: 0.0000482 seconds
2016-03-04T16:49:18.888+0000: 5.008: Total time for which application threads were stopped: 0.0002780 seconds, Stopping threads took: 0.0000371 seconds
2016-03-04T16:49:18.896+0000: 5.016: Total time for which application threads were stopped: 0.0003506 seconds, Stopping threads took: 0.0000466 seconds
2016-03-04T16:49:19.535+0000: 5.660: Total time for which application threads were stopped: 0.0002645 seconds, Stopping threads took: 0.0000387 seconds
2016-03-04T16:49:19.535+0000: 5.662: Total time for which application threads were stopped: 0.0001469 seconds, Stopping threads took: 0.0000426 seconds
2016-03-04T16:49:19.535+0000: 5.663: Total time for which application threads were stopped: 0.0002251 seconds, Stopping threads took: 0.0001098 seconds
2016-03-04T16:49:19.545+0000: 5.669: Total time for which application threads were stopped: 0.0005204 seconds, Stopping threads took: 0.0003419 seconds
2016-03-04T16:49:19.545+0000: 5.670: Total time for which application threads were stopped: 0.0001548 seconds, Stopping threads took: 0.0000292 seconds
2016-03-04T16:49:19.545+0000: 5.670: Total time for which application threads were stopped: 0.0001366 seconds, Stopping threads took: 0.0000213 seconds
2016-03-04T16:49:19.545+0000: 5.670: Total time for which application threads were stopped: 0.0001461 seconds, Stopping threads took: 0.0000403 seconds
2016-03-04T16:49:19.545+0000: 5.670: Total time for which application threads were stopped: 0.0001216 seconds, Stopping threads took: 0.0000205 seconds
2016-03-04T16:49:19.545+0000: 5.671: Total time for which application threads were stopped: 0.0008820 seconds, Stopping threads took: 0.0007810 seconds
2016-03-04T16:49:19.565+0000: 5.687: Total time for which application threads were stopped: 0.0004675 seconds, Stopping threads took: 0.0001263 seconds
2016-03-04T16:49:19.575+0000: 5.699: Total time for which application threads were stopped: 0.0003577 seconds, Stopping threads took: 0.0002416 seconds
2016-03-04T16:49:19.575+0000: 5.700: Total time for which application threads were stopped: 0.0001958 seconds, Stopping threads took: 0.0001098 seconds
2016-03-04T16:49:19.575+0000: 5.700: Total time for which application threads were stopped: 0.0001034 seconds, Stopping threads took: 0.0000355 seconds
2016-03-04T16:49:19.575+0000: 5.700: Total time for which application threads were stopped: 0.0000884 seconds, Stopping threads took: 0.0000229 seconds
2016-03-04T16:49:19.595+0000: 5.718: Total time for which application threads were stopped: 0.0010210 seconds, Stopping threads took: 0.0008828 seconds
2016-03-04T16:49:19.595+0000: 5.718: Total time for which application threads were stopped: 0.0001177 seconds, Stopping threads took: 0.0000300 seconds
2016-03-04T16:49:19.615+0000: 5.735: Total time for which application threads were stopped: 0.0002282 seconds, Stopping threads took: 0.0000679 seconds
2016-03-04T16:49:19.615+0000: 5.738: Total time for which application threads were stopped: 0.0001335 seconds, Stopping threads took: 0.0000561 seconds
2016-03-04T16:49:19.615+0000: 5.740: Total time for which application threads were stopped: 0.0001224 seconds, Stopping threads took: 0.0000584 seconds
2016-03-04T16:49:19.615+0000: 5.741: Total time for which application threads were stopped: 0.0000884 seconds, Stopping threads took: 0.0000276 seconds
2016-03-04T16:49:19.615+0000: 5.742: Total time for which application threads were stopped: 0.0000703 seconds, Stopping threads took: 0.0000213 seconds
2016-03-04T16:49:19.687+0000: 5.813: Total time for which application threads were stopped: 0.0001453 seconds, Stopping threads took: 0.0000608 seconds
2016-03-04T16:49:19.687+0000: 5.813: Total time for which application threads were stopped: 0.0000979 seconds, Stopping threads took: 0.0000379 seconds
2016-03-04T16:49:19.687+0000: 5.814: Total time for which application threads were stopped: 0.0000726 seconds, Stopping threads took: 0.0000276 seconds
2016-03-04T16:49:19.687+0000: 5.814: Total time for which application threads were stopped: 0.0000726 seconds, Stopping threads took: 0.0000284 seconds
2016-03-04T16:49:19.687+0000: 5.814: Total time for which application threads were stopped: 0.0000719 seconds, Stopping threads took: 0.0000276 seconds
2016-03-04T16:49:19.687+0000: 5.814: Total time for which application threads were stopped: 0.0000711 seconds, Stopping threads took: 0.0000276 seconds
2016-03-04T16:49:19.687+0000: 5.814: Total time for which application threads were stopped: 0.0000711 seconds, Stopping threads took: 0.0000276 seconds
2016-03-04T16:49:19.687+0000: 5.814: Total time for which application threads were stopped: 0.0000711 seconds, Stopping threads took: 0.0000276 seconds
2016-03-04T16:49:19.813+0000: 5.932: Total time for which application threads were stopped: 0.0022189 seconds, Stopping threads took: 0.0020997 seconds
2016-03-04T16:49:19.846+0000: 5.965: Total time for which application threads were stopped: 0.0001587 seconds, Stopping threads took: 0.0000576 seconds
2016-03-04T16:49:19.849+0000: 5.969: Total time for which application threads were stopped: 0.0001477 seconds, Stopping threads took: 0.0000553 seconds
2016-03-04T16:49:19.850+0000: 5.969: Total time for which application threads were stopped: 0.0000995 seconds, Stopping threads took: 0.0000379 seconds
2016-03-04T16:49:19.856+0000: 5.976: Total time for which application threads were stopped: 0.0003877 seconds, Stopping threads took: 0.0002993 seconds
2016-03-04T16:49:19.856+0000: 5.976: Total time for which application threads were stopped: 0.0000845 seconds, Stopping threads took: 0.0000347 seconds
2016-03-04T16:49:19.857+0000: 5.977: Total time for which application threads were stopped: 0.0001106 seconds, Stopping threads took: 0.0000442 seconds
2016-03-04T16:49:19.858+0000: 5.977: Total time for which application threads were stopped: 0.0003498 seconds, Stopping threads took: 0.0002843 seconds
2016-03-04T16:49:19.858+0000: 5.978: Total time for which application threads were stopped: 0.0000900 seconds, Stopping threads took: 0.0000324 seconds
2016-03-04T16:49:19.858+0000: 5.978: Total time for which application threads were stopped: 0.0000790 seconds, Stopping threads took: 0.0000284 seconds
2016-03-04T16:49:19.859+0000: 5.979: Total time for which application threads were stopped: 0.0001935 seconds, Stopping threads took: 0.0000790 seconds
2016-03-04T16:49:19.860+0000: 5.979: Total time for which application threads were stopped: 0.0001003 seconds, Stopping threads took: 0.0000450 seconds
2016-03-04T16:49:19.860+0000: 5.979: Total time for which application threads were stopped: 0.0000884 seconds, Stopping threads took: 0.0000347 seconds
2016-03-04T16:49:19.860+0000: 5.980: Total time for which application threads were stopped: 0.0001003 seconds, Stopping threads took: 0.0000395 seconds
2016-03-04T16:49:19.860+0000: 5.980: Total time for which application threads were stopped: 0.0000798 seconds, Stopping threads took: 0.0000284 seconds
2016-03-04T16:49:19.861+0000: 5.980: Total time for which application threads were stopped: 0.0000940 seconds, Stopping threads took: 0.0000308 seconds
2016-03-04T16:49:19.899+0000: 6.026: Total time for which application threads were stopped: 0.0002069 seconds, Stopping threads took: 0.0001279 seconds
2016-03-04T16:49:19.899+0000: 6.026: Total time for which application threads were stopped: 0.0002558 seconds, Stopping threads took: 0.0002077 seconds
2016-03-04T16:49:19.899+0000: 6.026: Total time for which application threads were stopped: 0.0000821 seconds, Stopping threads took: 0.0000347 seconds
2016-03-04T16:49:19.899+0000: 6.026: Total time for which application threads were stopped: 0.0000987 seconds, Stopping threads took: 0.0000529 seconds
2016-03-04T16:49:19.921+0000: 6.041: Total time for which application threads were stopped: 0.0005622 seconds, Stopping threads took: 0.0003009 seconds
2016-03-04T16:49:19.972+0000: 6.092: Total time for which application threads were stopped: 0.0004430 seconds, Stopping threads took: 0.0000561 seconds
2016-03-04T16:49:20.048+0000: 6.168: Total time for which application threads were stopped: 0.0001721 seconds, Stopping threads took: 0.0000584 seconds
2016-03-04T16:49:20.166+0000: 6.286: Total time for which application threads were stopped: 0.0001516 seconds, Stopping threads took: 0.0000553 seconds
2016-03-04T16:49:20.183+0000: 6.302: Total time for which application threads were stopped: 0.0005046 seconds, Stopping threads took: 0.0000466 seconds
2016-03-04T16:49:20.206+0000: 6.326: Total time for which application threads were stopped: 0.0003040 seconds, Stopping threads took: 0.0001895 seconds
2016-03-04T16:49:20.206+0000: 6.326: Total time for which application threads were stopped: 0.0000861 seconds, Stopping threads took: 0.0000221 seconds
{Heap before GC invocations=1 (full 0):
 par new generation   total 109248K, used 93109K [0x00000000e0000000, 0x00000000e8000000, 0x00000000e8000000)
  eden space 87424K, 100% used [0x00000000e0000000, 0x00000000e5560000, 0x00000000e5560000)
  from space 21824K,  26% used [0x00000000e6ab0000, 0x00000000e703d6d8, 0x00000000e8000000)
  to   space 21824K,   0% used [0x00000000e5560000, 0x00000000e5560000, 0x00000000e6ab0000)
 concurrent mark-sweep generation total 393216K, used 0K [0x00000000e8000000, 0x0000000100000000, 0x0000000100000000)
 Metaspace       used 20506K, capacity 20788K, committed 21120K, reserved 1067008K
  class space    used 2459K, capacity 2584K, committed 2688K, reserved 1048576K
2016-03-04T16:49:20.213+0000: 6.333: [GC (Allocation Failure) 2016-03-04T16:49:20.214+0000: 6.333: [ParNew
Desired survivor size 20112992 bytes, new threshold 8 (max 8)
- age   1:    8586496 bytes,    8586496 total
- age   2:    2554864 bytes,   11141360 total
: 93109K->12135K(109248K), 0.0436853 secs] 93109K->12135K(502464K), 0.0438290 secs] [Times: user=0.05 sys=0.00, real=0.04 secs] 
Heap after GC invocations=2 (full 0):
 par new generation   total 109248K, used 12135K [0x00000000e0000000, 0x00000000e8000000, 0x00000000e8000000)
  eden space 87424K,   0% used [0x00000000e0000000, 0x00000000e0000000, 0x00000000e5560000)
  from space 21824K,  55% used [0x00000000e5560000, 0x00000000e6139d98, 0x00000000e6ab0000)
  to   space 21824K,   0% used [0x00000000e6ab0000, 0x00000000e6ab0000, 0x00000000e8000000)
 concurrent mark-sweep generation total 393216K, used 0K [0x00000000e8000000, 0x0000000100000000, 0x0000000100000000)
 Metaspace       used 20506K, capacity 20788K, committed 21120K, reserved 1067008K
  class space    used 2459K, capacity 2584K, committed 2688K, reserved 1048576K
}
2016-03-04T16:49:20.257+0000: 6.377: Total time for which application threads were stopped: 0.0442459 seconds, Stopping threads took: 0.0000734 seconds
2016-03-04T16:49:20.288+0000: 6.408: Total time for which application threads were stopped: 0.0002503 seconds, Stopping threads took: 0.0001153 seconds
2016-03-04T16:49:20.291+0000: 6.411: Total time for which application threads were stopped: 0.0009176 seconds, Stopping threads took: 0.0008441 seconds
2016-03-04T16:49:20.296+0000: 6.415: Total time for which application threads were stopped: 0.0002709 seconds, Stopping threads took: 0.0001935 seconds
2016-03-04T16:49:20.303+0000: 6.423: Total time for which application threads were stopped: 0.0016054 seconds, Stopping threads took: 0.0012271 seconds
2016-03-04T16:49:20.335+0000: 6.455: Total time for which application threads were stopped: 0.0001595 seconds, Stopping threads took: 0.0000569 seconds
2016-03-04T16:49:20.674+0000: 6.794: Total time for which application threads were stopped: 0.0002187 seconds, Stopping threads took: 0.0000434 seconds
2016-03-04T16:49:20.690+0000: 6.810: Total time for which application threads were stopped: 0.0001658 seconds, Stopping threads took: 0.0000482 seconds
2016-03-04T16:49:20.696+0000: 6.816: Total time for which application threads were stopped: 0.0001161 seconds, Stopping threads took: 0.0000395 seconds
2016-03-04T16:49:20.697+0000: 6.816: Total time for which application threads were stopped: 0.0000884 seconds, Stopping threads took: 0.0000276 seconds
2016-03-04T16:49:20.831+0000: 6.951: Total time for which application threads were stopped: 0.0002022 seconds, Stopping threads took: 0.0000561 seconds
2016-03-04T16:49:20.957+0000: 7.077: Total time for which application threads were stopped: 0.0001864 seconds, Stopping threads took: 0.0000569 seconds
2016-03-04T16:49:21.122+0000: 7.241: Total time for which application threads were stopped: 0.0001808 seconds, Stopping threads took: 0.0000529 seconds
2016-03-04T16:49:21.164+0000: 7.284: Total time for which application threads were stopped: 0.0001698 seconds, Stopping threads took: 0.0000490 seconds
2016-03-04T16:49:21.376+0000: 7.495: Total time for which application threads were stopped: 0.0001548 seconds, Stopping threads took: 0.0000537 seconds
2016-03-04T16:49:21.378+0000: 7.498: Total time for which application threads were stopped: 0.0001761 seconds, Stopping threads took: 0.0000482 seconds
{Heap before GC invocations=2 (full 0):
 par new generation   total 109248K, used 99559K [0x00000000e0000000, 0x00000000e8000000, 0x00000000e8000000)
  eden space 87424K, 100% used [0x00000000e0000000, 0x00000000e5560000, 0x00000000e5560000)
  from space 21824K,  55% used [0x00000000e5560000, 0x00000000e6139d98, 0x00000000e6ab0000)
  to   space 21824K,   0% used [0x00000000e6ab0000, 0x00000000e6ab0000, 0x00000000e8000000)
 concurrent mark-sweep generation total 393216K, used 0K [0x00000000e8000000, 0x0000000100000000, 0x0000000100000000)
 Metaspace       used 22405K, capacity 22688K, committed 22880K, reserved 1069056K
  class space    used 2679K, capacity 2810K, committed 2840K, reserved 1048576K
2016-03-04T16:49:21.395+0000: 7.515: [GC (Allocation Failure) 2016-03-04T16:49:21.395+0000: 7.515: [ParNew
Desired survivor size 20112992 bytes, new threshold 8 (max 8)
- age   1:    2259000 bytes,    2259000 total
- age   2:    2683592 bytes,    4942592 total
- age   3:    2550704 bytes,    7493296 total
: 99559K->13640K(109248K), 0.0262655 secs] 99559K->13640K(502464K), 0.0265371 secs] [Times: user=0.06 sys=0.00, real=0.03 secs] 
Heap after GC invocations=3 (full 0):
 par new generation   total 109248K, used 13640K [0x00000000e0000000, 0x00000000e8000000, 0x00000000e8000000)
  eden space 87424K,   0% used [0x00000000e0000000, 0x00000000e0000000, 0x00000000e5560000)
  from space 21824K,  62% used [0x00000000e6ab0000, 0x00000000e7802220, 0x00000000e8000000)
  to   space 21824K,   0% used [0x00000000e5560000, 0x00000000e5560000, 0x00000000e6ab0000)
 concurrent mark-sweep generation total 393216K, used 0K [0x00000000e8000000, 0x0000000100000000, 0x0000000100000000)
 Metaspace       used 22405K, capacity 22688K, committed 22880K, reserved 1069056K
  class space    used 2679K, capacity 2810K, committed 2840K, reserved 1048576K
}
2016-03-04T16:49:21.422+0000: 7.542: Total time for which application threads were stopped: 0.0269580 seconds, Stopping threads took: 0.0000569 seconds
2016-03-04T16:49:21.425+0000: 7.545: [GC (CMS Initial Mark) [1 CMS-initial-mark: 0K(393216K)] 14638K(502464K), 0.0137566 secs] [Times: user=0.02 sys=0.02, real=0.01 secs] 
2016-03-04T16:49:21.439+0000: 7.559: Total time for which application threads were stopped: 0.0142896 seconds, Stopping threads took: 0.0003269 seconds
2016-03-04T16:49:21.439+0000: 7.559: [CMS-concurrent-mark-start]
2016-03-04T16:49:21.442+0000: 7.561: [CMS-concurrent-mark: 0.002/0.002 secs] [Times: user=0.00 sys=0.00, real=0.00 secs] 
2016-03-04T16:49:21.442+0000: 7.561: [CMS-concurrent-preclean-start]
2016-03-04T16:49:21.444+0000: 7.564: [CMS-concurrent-preclean: 0.002/0.002 secs] [Times: user=0.03 sys=0.00, real=0.00 secs] 
2016-03-04T16:49:21.448+0000: 7.567: Total time for which application threads were stopped: 0.0002337 seconds, Stopping threads took: 0.0000845 seconds
2016-03-04T16:49:21.449+0000: 7.569: [GC (CMS Final Remark) [YG occupancy: 15636 K (109248 K)]{Heap before GC invocations=3 (full 1):
 par new generation   total 109248K, used 15636K [0x00000000e0000000, 0x00000000e8000000, 0x00000000e8000000)
  eden space 87424K,   2% used [0x00000000e0000000, 0x00000000e01f2e70, 0x00000000e5560000)
  from space 21824K,  62% used [0x00000000e6ab0000, 0x00000000e7802220, 0x00000000e8000000)
  to   space 21824K,   0% used [0x00000000e5560000, 0x00000000e5560000, 0x00000000e6ab0000)
 concurrent mark-sweep generation total 393216K, used 0K [0x00000000e8000000, 0x0000000100000000, 0x0000000100000000)
 Metaspace       used 22408K, capacity 22688K, committed 22880K, reserved 1069056K
  class space    used 2679K, capacity 2810K, committed 2840K, reserved 1048576K
2016-03-04T16:49:21.449+0000: 7.569: [GC (CMS Final Remark) 2016-03-04T16:49:21.449+0000: 7.569: [ParNew
Desired survivor size 20112992 bytes, new threshold 8 (max 8)
- age   1:     144336 bytes,     144336 total
- age   2:     854320 bytes,     998656 total
- age   3:    2683576 bytes,    3682232 total
- age   4:    2550704 bytes,    6232936 total
: 15636K->8202K(109248K), 0.0258572 secs] 15636K->8202K(502464K), 0.0259536 secs] [Times: user=0.03 sys=0.03, real=0.03 secs] 
Heap after GC invocations=4 (full 1):
 par new generation   total 109248K, used 8202K [0x00000000e0000000, 0x00000000e8000000, 0x00000000e8000000)
  eden space 87424K,   0% used [0x00000000e0000000, 0x00000000e0000000, 0x00000000e5560000)
  from space 21824K,  37% used [0x00000000e5560000, 0x00000000e5d62938, 0x00000000e6ab0000)
  to   space 21824K,   0% used [0x00000000e6ab0000, 0x00000000e6ab0000, 0x00000000e8000000)
 concurrent mark-sweep generation total 393216K, used 0K [0x00000000e8000000, 0x0000000100000000, 0x0000000100000000)
 Metaspace       used 22408K, capacity 22688K, committed 22880K, reserved 1069056K
  class space    used 2679K, capacity 2810K, committed 2840K, reserved 1048576K
}
2016-03-04T16:49:21.475+0000: 7.595: [Rescan (parallel) , 0.0080237 secs]2016-03-04T16:49:21.483+0000: 7.603: [weak refs processing, 0.0020744 secs]2016-03-04T16:49:21.485+0000: 7.605: [class unloading, 0.0070919 secs]2016-03-04T16:49:21.493+0000: 7.612: [scrub symbol table, 0.0096677 secs]2016-03-04T16:49:21.502+0000: 7.622: [scrub string table, 0.0006728 secs][1 CMS-remark: 0K(393216K)] 8202K(502464K), 0.0553880 secs] [Times: user=0.05 sys=0.03, real=0.06 secs] 
2016-03-04T16:49:21.505+0000: 7.624: Total time for which application threads were stopped: 0.0566870 seconds, Stopping threads took: 0.0011411 seconds
2016-03-04T16:49:21.530+0000: 7.650: [CMS-concurrent-sweep-start]
2016-03-04T16:49:21.530+0000: 7.650: [CMS-concurrent-sweep: 0.000/0.000 secs] [Times: user=0.00 sys=0.00, real=0.00 secs] 
2016-03-04T16:49:21.530+0000: 7.650: [CMS-concurrent-reset-start]
2016-03-04T16:49:21.535+0000: 7.654: [CMS-concurrent-reset: 0.005/0.005 secs] [Times: user=0.00 sys=0.00, real=0.01 secs] 
2016-03-04T16:49:21.553+0000: 7.673: Total time for which application threads were stopped: 0.0001864 seconds, Stopping threads took: 0.0000442 seconds
2016-03-04T16:49:21.662+0000: 7.781: Total time for which application threads were stopped: 0.0002069 seconds, Stopping threads took: 0.0000640 seconds
2016-03-04T16:49:21.662+0000: 7.781: Total time for which application threads were stopped: 0.0000853 seconds, Stopping threads took: 0.0000308 seconds
2016-03-04T16:49:21.662+0000: 7.782: Total time for which application threads were stopped: 0.0000955 seconds, Stopping threads took: 0.0000292 seconds
2016-03-04T16:49:21.662+0000: 7.782: Total time for which application threads were stopped: 0.0000805 seconds, Stopping threads took: 0.0000292 seconds
2016-03-04T16:49:21.670+0000: 7.790: Total time for which application threads were stopped: 0.0001366 seconds, Stopping threads took: 0.0000505 seconds
2016-03-04T16:49:21.670+0000: 7.790: Total time for which application threads were stopped: 0.0001469 seconds, Stopping threads took: 0.0000316 seconds
2016-03-04T16:49:21.671+0000: 7.790: Total time for which application threads were stopped: 0.0000829 seconds, Stopping threads took: 0.0000276 seconds
2016-03-04T16:49:21.811+0000: 7.931: Total time for which application threads were stopped: 0.0003775 seconds, Stopping threads took: 0.0002148 seconds
2016-03-04T16:49:21.959+0000: 8.078: Total time for which application threads were stopped: 0.0001698 seconds, Stopping threads took: 0.0000553 seconds
2016-03-04T16:49:21.961+0000: 8.080: Total time for which application threads were stopped: 0.0001469 seconds, Stopping threads took: 0.0000490 seconds
2016-03-04T16:49:21.962+0000: 8.082: Total time for which application threads were stopped: 0.0001319 seconds, Stopping threads took: 0.0000426 seconds
2016-03-04T16:49:21.992+0000: 8.112: Total time for which application threads were stopped: 0.0001793 seconds, Stopping threads took: 0.0000521 seconds
2016-03-04T16:49:21.995+0000: 8.114: Total time for which application threads were stopped: 0.0004730 seconds, Stopping threads took: 0.0000474 seconds
2016-03-04T16:49:22.087+0000: 8.207: Total time for which application threads were stopped: 0.0066718 seconds, Stopping threads took: 0.0063322 seconds
2016-03-04T16:49:22.117+0000: 8.237: Total time for which application threads were stopped: 0.0001777 seconds, Stopping threads took: 0.0000632 seconds
2016-03-04T16:49:22.231+0000: 8.350: Total time for which application threads were stopped: 0.0002203 seconds, Stopping threads took: 0.0000497 seconds
2016-03-04T16:49:22.392+0000: 8.512: Total time for which application threads were stopped: 0.0001256 seconds, Stopping threads took: 0.0000450 seconds
2016-03-04T16:49:22.503+0000: 8.623: Total time for which application threads were stopped: 0.0002661 seconds, Stopping threads took: 0.0001548 seconds
2016-03-04T16:49:22.505+0000: 8.625: Total time for which application threads were stopped: 0.0008560 seconds, Stopping threads took: 0.0007099 seconds
2016-03-04T16:49:22.686+0000: 8.806: Total time for which application threads were stopped: 0.0001492 seconds, Stopping threads took: 0.0000458 seconds
2016-03-04T16:49:22.686+0000: 8.806: Total time for which application threads were stopped: 0.0000687 seconds, Stopping threads took: 0.0000197 seconds
2016-03-04T16:49:22.831+0000: 8.950: Total time for which application threads were stopped: 0.0001848 seconds, Stopping threads took: 0.0000513 seconds
2016-03-04T16:49:22.861+0000: 8.981: Total time for which application threads were stopped: 0.0001919 seconds, Stopping threads took: 0.0000513 seconds
{Heap before GC invocations=4 (full 1):
 par new generation   total 109248K, used 95626K [0x00000000e0000000, 0x00000000e8000000, 0x00000000e8000000)
  eden space 87424K, 100% used [0x00000000e0000000, 0x00000000e5560000, 0x00000000e5560000)
  from space 21824K,  37% used [0x00000000e5560000, 0x00000000e5d62938, 0x00000000e6ab0000)
  to   space 21824K,   0% used [0x00000000e6ab0000, 0x00000000e6ab0000, 0x00000000e8000000)
 concurrent mark-sweep generation total 393216K, used 0K [0x00000000e8000000, 0x0000000100000000, 0x0000000100000000)
 Metaspace       used 26628K, capacity 27074K, committed 27416K, reserved 1073152K
  class space    used 3200K, capacity 3332K, committed 3352K, reserved 1048576K
2016-03-04T16:49:23.235+0000: 9.357: [GC (Allocation Failure) 2016-03-04T16:49:23.236+0000: 9.357: [ParNew
Desired survivor size 20112992 bytes, new threshold 8 (max 8)
- age   1:    4659192 bytes,    4659192 total
- age   2:       2704 bytes,    4661896 total
- age   3:     267032 bytes,    4928928 total
- age   4:    2668856 bytes,    7597784 total
- age   5:    2550560 bytes,   10148344 total
: 95626K->11178K(109248K), 0.0512526 secs] 95626K->11178K(502464K), 0.0513868 secs] [Times: user=0.06 sys=0.00, real=0.05 secs] 
Heap after GC invocations=5 (full 1):
 par new generation   total 109248K, used 11178K [0x00000000e0000000, 0x00000000e8000000, 0x00000000e8000000)
  eden space 87424K,   0% used [0x00000000e0000000, 0x00000000e0000000, 0x00000000e5560000)
  from space 21824K,  51% used [0x00000000e6ab0000, 0x00000000e759ab20, 0x00000000e8000000)
  to   space 21824K,   0% used [0x00000000e5560000, 0x00000000e5560000, 0x00000000e6ab0000)
 concurrent mark-sweep generation total 393216K, used 0K [0x00000000e8000000, 0x0000000100000000, 0x0000000100000000)
 Metaspace       used 26628K, capacity 27074K, committed 27416K, reserved 1073152K
  class space    used 3200K, capacity 3332K, committed 3352K, reserved 1048576K
}
2016-03-04T16:49:23.287+0000: 9.409: Total time for which application threads were stopped: 0.0853854 seconds, Stopping threads took: 0.0335169 seconds
2016-03-04T16:49:23.293+0000: 9.414: Total time for which application threads were stopped: 0.0014040 seconds, Stopping threads took: 0.0012105 seconds
2016-03-04T16:49:23.460+0000: 9.582: Total time for which application threads were stopped: 0.0001887 seconds, Stopping threads took: 0.0000711 seconds
2016-03-04T16:49:23.464+0000: 9.586: Total time for which application threads were stopped: 0.0001208 seconds, Stopping threads took: 0.0000505 seconds
2016-03-04T16:49:23.464+0000: 9.586: Total time for which application threads were stopped: 0.0000790 seconds, Stopping threads took: 0.0000205 seconds
2016-03-04T16:49:23.465+0000: 9.586: Total time for which application threads were stopped: 0.0000837 seconds, Stopping threads took: 0.0000253 seconds
2016-03-04T16:49:23.470+0000: 9.592: Total time for which application threads were stopped: 0.0001879 seconds, Stopping threads took: 0.0000505 seconds
2016-03-04T16:49:23.471+0000: 9.593: Total time for which application threads were stopped: 0.0000916 seconds, Stopping threads took: 0.0000253 seconds
2016-03-04T16:49:23.471+0000: 9.593: Total time for which application threads were stopped: 0.0000774 seconds, Stopping threads took: 0.0000197 seconds
2016-03-04T16:49:23.506+0000: 9.628: Total time for which application threads were stopped: 0.0001485 seconds, Stopping threads took: 0.0000474 seconds
2016-03-04T16:49:23.509+0000: 9.631: Total time for which application threads were stopped: 0.0001366 seconds, Stopping threads took: 0.0000403 seconds
2016-03-04T16:49:23.609+0000: 9.731: Total time for which application threads were stopped: 0.0001611 seconds, Stopping threads took: 0.0000569 seconds
2016-03-04T16:49:23.610+0000: 9.731: Total time for which application threads were stopped: 0.0001082 seconds, Stopping threads took: 0.0000395 seconds
2016-03-04T16:49:23.616+0000: 9.738: Total time for which application threads were stopped: 0.0001406 seconds, Stopping threads took: 0.0000442 seconds
2016-03-04T16:49:23.616+0000: 9.738: Total time for which application threads were stopped: 0.0000798 seconds, Stopping threads took: 0.0000213 seconds
2016-03-04T16:49:23.617+0000: 9.739: Total time for which application threads were stopped: 0.0000869 seconds, Stopping threads took: 0.0000229 seconds
2016-03-04T16:49:23.617+0000: 9.739: Total time for which application threads were stopped: 0.0000774 seconds, Stopping threads took: 0.0000197 seconds
2016-03-04T16:49:23.621+0000: 9.742: Total time for which application threads were stopped: 0.0001706 seconds, Stopping threads took: 0.0000434 seconds
2016-03-04T16:49:23.621+0000: 9.743: Total time for which application threads were stopped: 0.0000798 seconds, Stopping threads took: 0.0000205 seconds
2016-03-04T16:49:23.628+0000: 9.750: Total time for which application threads were stopped: 0.0001461 seconds, Stopping threads took: 0.0000450 seconds
2016-03-04T16:49:23.628+0000: 9.750: Total time for which application threads were stopped: 0.0000798 seconds, Stopping threads took: 0.0000213 seconds
2016-03-04T16:49:23.638+0000: 9.760: Total time for which application threads were stopped: 0.0001619 seconds, Stopping threads took: 0.0000505 seconds
2016-03-04T16:49:23.641+0000: 9.763: Total time for which application threads were stopped: 0.0001358 seconds, Stopping threads took: 0.0000419 seconds
2016-03-04T16:49:23.663+0000: 9.785: Total time for which application threads were stopped: 0.0001658 seconds, Stopping threads took: 0.0000505 seconds
2016-03-04T16:49:23.663+0000: 9.785: Total time for which application threads were stopped: 0.0000900 seconds, Stopping threads took: 0.0000221 seconds
2016-03-04T16:49:23.668+0000: 9.790: Total time for which application threads were stopped: 0.0001579 seconds, Stopping threads took: 0.0000505 seconds
2016-03-04T16:49:23.672+0000: 9.794: Total time for which application threads were stopped: 0.0001540 seconds, Stopping threads took: 0.0000569 seconds
2016-03-04T16:49:23.681+0000: 9.803: Total time for which application threads were stopped: 0.0001595 seconds, Stopping threads took: 0.0000521 seconds
2016-03-04T16:49:23.696+0000: 9.818: Total time for which application threads were stopped: 0.0019197 seconds, Stopping threads took: 0.0017791 seconds
2016-03-04T16:49:23.701+0000: 9.823: Total time for which application threads were stopped: 0.0001990 seconds, Stopping threads took: 0.0000837 seconds
2016-03-04T16:49:23.702+0000: 9.824: Total time for which application threads were stopped: 0.0001137 seconds, Stopping threads took: 0.0000395 seconds
2016-03-04T16:49:23.703+0000: 9.824: Total time for which application threads were stopped: 0.0001027 seconds, Stopping threads took: 0.0000363 seconds
2016-03-04T16:49:23.705+0000: 9.827: Total time for which application threads were stopped: 0.0001437 seconds, Stopping threads took: 0.0000458 seconds
2016-03-04T16:49:23.715+0000: 9.836: Total time for which application threads were stopped: 0.0001856 seconds, Stopping threads took: 0.0000616 seconds
2016-03-04T16:49:23.715+0000: 9.837: Total time for which application threads were stopped: 0.0003609 seconds, Stopping threads took: 0.0000458 seconds
2016-03-04T16:49:23.716+0000: 9.838: Total time for which application threads were stopped: 0.0001074 seconds, Stopping threads took: 0.0000347 seconds
2016-03-04T16:49:23.722+0000: 9.844: Total time for which application threads were stopped: 0.0001848 seconds, Stopping threads took: 0.0000474 seconds
2016-03-04T16:49:23.723+0000: 9.845: Total time for which application threads were stopped: 0.0001263 seconds, Stopping threads took: 0.0000316 seconds
2016-03-04T16:49:23.723+0000: 9.845: Total time for which application threads were stopped: 0.0000948 seconds, Stopping threads took: 0.0000221 seconds
2016-03-04T16:49:23.724+0000: 9.845: Total time for which application threads were stopped: 0.0000924 seconds, Stopping threads took: 0.0000213 seconds
2016-03-04T16:49:23.724+0000: 9.846: Total time for which application threads were stopped: 0.0001240 seconds, Stopping threads took: 0.0000229 seconds
2016-03-04T16:49:23.742+0000: 9.864: Total time for which application threads were stopped: 0.0001903 seconds, Stopping threads took: 0.0000490 seconds
2016-03-04T16:49:23.762+0000: 9.884: Total time for which application threads were stopped: 0.0001950 seconds, Stopping threads took: 0.0000600 seconds
2016-03-04T16:49:23.765+0000: 9.887: Total time for which application threads were stopped: 0.0001500 seconds, Stopping threads took: 0.0000521 seconds
2016-03-04T16:49:23.792+0000: 9.914: Total time for which application threads were stopped: 0.0001674 seconds, Stopping threads took: 0.0000561 seconds
2016-03-04T16:49:23.792+0000: 9.914: Total time for which application threads were stopped: 0.0000829 seconds, Stopping threads took: 0.0000268 seconds
2016-03-04T16:49:23.793+0000: 9.914: Total time for which application threads were stopped: 0.0001027 seconds, Stopping threads took: 0.0000261 seconds
2016-03-04T16:49:23.810+0000: 9.932: Total time for which application threads were stopped: 0.0001848 seconds, Stopping threads took: 0.0000695 seconds
2016-03-04T16:49:23.905+0000: 10.027: Total time for which application threads were stopped: 0.0001564 seconds, Stopping threads took: 0.0000569 seconds
2016-03-04T16:49:23.947+0000: 10.069: Total time for which application threads were stopped: 0.0002464 seconds, Stopping threads took: 0.0000592 seconds
2016-03-04T16:49:24.045+0000: 10.167: Total time for which application threads were stopped: 0.0001737 seconds, Stopping threads took: 0.0000569 seconds
2016-03-04T16:49:24.052+0000: 10.174: Total time for which application threads were stopped: 0.0001516 seconds, Stopping threads took: 0.0000529 seconds
2016-03-04T16:49:24.091+0000: 10.213: Total time for which application threads were stopped: 0.0044694 seconds, Stopping threads took: 0.0041520 seconds
2016-03-04T16:49:24.346+0000: 10.468: Total time for which application threads were stopped: 0.0014640 seconds, Stopping threads took: 0.0012761 seconds
2016-03-04T16:49:24.364+0000: 10.486: Total time for which application threads were stopped: 0.0001871 seconds, Stopping threads took: 0.0000971 seconds
2016-03-04T16:49:24.524+0000: 10.645: Total time for which application threads were stopped: 0.0001429 seconds, Stopping threads took: 0.0000411 seconds
2016-03-04T16:49:24.525+0000: 10.647: Total time for which application threads were stopped: 0.0001666 seconds, Stopping threads took: 0.0000308 seconds
2016-03-04T16:49:25.531+0000: 11.653: Total time for which application threads were stopped: 0.0001437 seconds, Stopping threads took: 0.0000513 seconds
2016-03-04T16:49:48.597+0000: 34.719: Total time for which application threads were stopped: 0.0001556 seconds, Stopping threads took: 0.0000561 seconds
2016-03-04T16:50:14.667+0000: 60.788: Total time for which application threads were stopped: 0.0001548 seconds, Stopping threads took: 0.0000584 seconds
2016-03-04T16:50:41.887+0000: 88.012: Total time for which application threads were stopped: 0.0001737 seconds, Stopping threads took: 0.0000584 seconds
2016-03-04T16:50:41.898+0000: 88.023: Total time for which application threads were stopped: 0.0001516 seconds, Stopping threads took: 0.0000624 seconds
2016-03-04T16:50:41.904+0000: 88.029: Total time for which application threads were stopped: 0.0001556 seconds, Stopping threads took: 0.0000576 seconds
2016-03-04T16:50:41.905+0000: 88.030: Total time for which application threads were stopped: 0.0001074 seconds, Stopping threads took: 0.0000403 seconds
2016-03-04T16:50:41.906+0000: 88.031: Total time for which application threads were stopped: 0.0001034 seconds, Stopping threads took: 0.0000379 seconds
2016-03-04T16:50:41.907+0000: 88.032: Total time for which application threads were stopped: 0.0000971 seconds, Stopping threads took: 0.0000355 seconds
2016-03-04T16:50:41.907+0000: 88.033: Total time for which application threads were stopped: 0.0000924 seconds, Stopping threads took: 0.0000332 seconds
2016-03-04T16:50:41.919+0000: 88.044: Total time for which application threads were stopped: 0.0001540 seconds, Stopping threads took: 0.0000584 seconds
2016-03-04T16:50:41.930+0000: 88.055: Total time for which application threads were stopped: 0.0001714 seconds, Stopping threads took: 0.0000600 seconds
2016-03-04T16:50:41.936+0000: 88.061: Total time for which application threads were stopped: 0.0001429 seconds, Stopping threads took: 0.0000442 seconds
2016-03-04T16:50:41.936+0000: 88.062: Total time for which application threads were stopped: 0.0000821 seconds, Stopping threads took: 0.0000276 seconds
2016-03-04T16:50:41.949+0000: 88.075: Total time for which application threads were stopped: 0.0001579 seconds, Stopping threads took: 0.0000513 seconds
2016-03-04T16:50:41.956+0000: 88.081: Total time for which application threads were stopped: 0.0001595 seconds, Stopping threads took: 0.0000687 seconds
2016-03-04T16:50:42.168+0000: 88.294: Total time for which application threads were stopped: 0.0002606 seconds, Stopping threads took: 0.0000458 seconds
2016-03-04T16:50:42.783+0000: 88.908: Total time for which application threads were stopped: 0.0002235 seconds, Stopping threads took: 0.0000505 seconds
2016-03-04T16:50:42.790+0000: 88.915: Total time for which application threads were stopped: 0.0001524 seconds, Stopping threads took: 0.0000600 seconds
2016-03-04T16:50:42.820+0000: 88.945: Total time for which application threads were stopped: 0.0002258 seconds, Stopping threads took: 0.0000584 seconds
2016-03-04T16:50:42.984+0000: 89.109: Total time for which application threads were stopped: 0.0001871 seconds, Stopping threads took: 0.0000490 seconds
2016-03-04T16:50:43.045+0000: 89.171: Total time for which application threads were stopped: 0.0001793 seconds, Stopping threads took: 0.0000490 seconds
{Heap before GC invocations=5 (full 1):
 par new generation   total 109248K, used 98602K [0x00000000e0000000, 0x00000000e8000000, 0x00000000e8000000)
  eden space 87424K, 100% used [0x00000000e0000000, 0x00000000e5560000, 0x00000000e5560000)
  from space 21824K,  51% used [0x00000000e6ab0000, 0x00000000e759ab20, 0x00000000e8000000)
  to   space 21824K,   0% used [0x00000000e5560000, 0x00000000e5560000, 0x00000000e6ab0000)
 concurrent mark-sweep generation total 393216K, used 0K [0x00000000e8000000, 0x0000000100000000, 0x0000000100000000)
 Metaspace       used 27660K, capacity 28008K, committed 28312K, reserved 1075200K
  class space    used 3289K, capacity 3434K, committed 3480K, reserved 1048576K
2016-03-04T16:50:43.335+0000: 89.459: [GC (Allocation Failure) 2016-03-04T16:50:43.335+0000: 89.460: [ParNew
Desired survivor size 20112992 bytes, new threshold 8 (max 8)
- age   1:    2736400 bytes,    2736400 total
- age   2:    1119264 bytes,    3855664 total
- age   3:       2704 bytes,    3858368 total
- age   4:     264808 bytes,    4123176 total
- age   5:    2609520 bytes,    6732696 total
- age   6:    2546608 bytes,    9279304 total
: 98602K->14404K(109248K), 0.0479913 secs] 98602K->14404K(502464K), 0.0481524 secs] [Times: user=0.08 sys=0.00, real=0.05 secs] 
Heap after GC invocations=6 (full 1):
 par new generation   total 109248K, used 14404K [0x00000000e0000000, 0x00000000e8000000, 0x00000000e8000000)
  eden space 87424K,   0% used [0x00000000e0000000, 0x00000000e0000000, 0x00000000e5560000)
  from space 21824K,  66% used [0x00000000e5560000, 0x00000000e63713a0, 0x00000000e6ab0000)
  to   space 21824K,   0% used [0x00000000e6ab0000, 0x00000000e6ab0000, 0x00000000e8000000)
 concurrent mark-sweep generation total 393216K, used 0K [0x00000000e8000000, 0x0000000100000000, 0x0000000100000000)
 Metaspace       used 27660K, capacity 28008K, committed 28312K, reserved 1075200K
  class space    used 3289K, capacity 3434K, committed 3480K, reserved 1048576K
}
2016-03-04T16:50:43.383+0000: 89.508: Total time for which application threads were stopped: 0.0485859 seconds, Stopping threads took: 0.0000497 seconds
2016-03-04T16:50:43.385+0000: 89.509: Total time for which application threads were stopped: 0.0010755 seconds, Stopping threads took: 0.0009097 seconds
2016-03-04T16:50:43.386+0000: 89.510: Total time for which application threads were stopped: 0.0010313 seconds, Stopping threads took: 0.0008978 seconds
2016-03-04T16:50:43.387+0000: 89.511: Total time for which application threads were stopped: 0.0010115 seconds, Stopping threads took: 0.0008828 seconds
2016-03-04T16:50:43.389+0000: 89.513: Total time for which application threads were stopped: 0.0009579 seconds, Stopping threads took: 0.0008931 seconds
2016-03-04T16:50:43.662+0000: 89.786: Total time for which application threads were stopped: 0.0002795 seconds, Stopping threads took: 0.0000719 seconds
{Heap before GC invocations=6 (full 1):
 par new generation   total 109248K, used 101828K [0x00000000e0000000, 0x00000000e8000000, 0x00000000e8000000)
  eden space 87424K, 100% used [0x00000000e0000000, 0x00000000e5560000, 0x00000000e5560000)
  from space 21824K,  66% used [0x00000000e5560000, 0x00000000e63713a0, 0x00000000e6ab0000)
  to   space 21824K,   0% used [0x00000000e6ab0000, 0x00000000e6ab0000, 0x00000000e8000000)
 concurrent mark-sweep generation total 393216K, used 0K [0x00000000e8000000, 0x0000000100000000, 0x0000000100000000)
 Metaspace       used 27743K, capacity 28078K, committed 28312K, reserved 1075200K
  class space    used 3295K, capacity 3435K, committed 3480K, reserved 1048576K
2016-03-04T16:50:43.881+0000: 90.006: [GC (Allocation Failure) 2016-03-04T16:50:43.882+0000: 90.006: [ParNew
Desired survivor size 20112992 bytes, new threshold 8 (max 8)
- age   1:     399184 bytes,     399184 total
- age   2:    1863568 bytes,    2262752 total
- age   3:    1117376 bytes,    3380128 total
- age   4:       2704 bytes,    3382832 total
- age   5:     261440 bytes,    3644272 total
- age   6:    2608224 bytes,    6252496 total
- age   7:    2546608 bytes,    8799104 total
: 101828K->9727K(109248K), 0.0368327 secs] 101828K->9727K(502464K), 0.0369969 secs] [Times: user=0.06 sys=0.00, real=0.04 secs] 
Heap after GC invocations=7 (full 1):
 par new generation   total 109248K, used 9727K [0x00000000e0000000, 0x00000000e8000000, 0x00000000e8000000)
  eden space 87424K,   0% used [0x00000000e0000000, 0x00000000e0000000, 0x00000000e5560000)
  from space 21824K,  44% used [0x00000000e6ab0000, 0x00000000e742fdd0, 0x00000000e8000000)
  to   space 21824K,   0% used [0x00000000e5560000, 0x00000000e5560000, 0x00000000e6ab0000)
 concurrent mark-sweep generation total 393216K, used 0K [0x00000000e8000000, 0x0000000100000000, 0x0000000100000000)
 Metaspace       used 27743K, capacity 28078K, committed 28312K, reserved 1075200K
  class space    used 3295K, capacity 3435K, committed 3480K, reserved 1048576K
}
2016-03-04T16:50:43.919+0000: 90.043: Total time for which application threads were stopped: 0.0374502 seconds, Stopping threads took: 0.0000576 seconds
2016-03-04T16:50:44.502+0000: 90.627: Total time for which application threads were stopped: 0.0004004 seconds, Stopping threads took: 0.0000513 seconds
2016-03-04T16:50:44.509+0000: 90.634: Total time for which application threads were stopped: 0.0006215 seconds, Stopping threads took: 0.0000576 seconds
2016-03-04T16:50:44.512+0000: 90.636: Total time for which application threads were stopped: 0.0001303 seconds, Stopping threads took: 0.0000513 seconds
2016-03-04T16:50:44.528+0000: 90.653: Total time for which application threads were stopped: 0.0001485 seconds, Stopping threads took: 0.0000584 seconds
2016-03-04T16:50:44.533+0000: 90.658: Total time for which application threads were stopped: 0.0001682 seconds, Stopping threads took: 0.0000734 seconds
2016-03-04T16:50:44.537+0000: 90.661: Total time for which application threads were stopped: 0.0001516 seconds, Stopping threads took: 0.0000576 seconds
2016-03-04T16:50:44.568+0000: 90.692: Total time for which application threads were stopped: 0.0001532 seconds, Stopping threads took: 0.0000545 seconds
2016-03-04T16:50:44.599+0000: 90.723: Total time for which application threads were stopped: 0.0148195 seconds, Stopping threads took: 0.0146631 seconds
2016-03-04T16:50:44.652+0000: 90.776: Total time for which application threads were stopped: 0.0002945 seconds, Stopping threads took: 0.0000497 seconds
2016-03-04T16:50:44.727+0000: 90.852: Total time for which application threads were stopped: 0.0001737 seconds, Stopping threads took: 0.0000600 seconds
2016-03-04T16:50:44.728+0000: 90.853: Total time for which application threads were stopped: 0.0001106 seconds, Stopping threads took: 0.0000395 seconds
2016-03-04T16:50:44.729+0000: 90.854: Total time for which application threads were stopped: 0.0001208 seconds, Stopping threads took: 0.0000458 seconds
2016-03-04T16:50:44.777+0000: 90.901: Total time for which application threads were stopped: 0.0004248 seconds, Stopping threads took: 0.0003143 seconds
2016-03-04T16:50:44.795+0000: 90.919: Total time for which application threads were stopped: 0.0001571 seconds, Stopping threads took: 0.0000569 seconds
2016-03-04T16:50:44.821+0000: 90.945: Total time for which application threads were stopped: 0.0001887 seconds, Stopping threads took: 0.0000505 seconds
2016-03-04T16:50:44.882+0000: 91.006: Total time for which application threads were stopped: 0.0135829 seconds, Stopping threads took: 0.0134691 seconds
2016-03-04T16:50:44.909+0000: 91.033: Total time for which application threads were stopped: 0.0002709 seconds, Stopping threads took: 0.0000505 seconds
2016-03-04T16:50:44.916+0000: 91.041: Total time for which application threads were stopped: 0.0001540 seconds, Stopping threads took: 0.0000584 seconds
2016-03-04T16:50:44.919+0000: 91.044: Total time for which application threads were stopped: 0.0001500 seconds, Stopping threads took: 0.0000592 seconds
2016-03-04T16:50:44.920+0000: 91.044: Total time for which application threads were stopped: 0.0000916 seconds, Stopping threads took: 0.0000324 seconds
2016-03-04T16:50:45.044+0000: 91.169: Total time for which application threads were stopped: 0.0001753 seconds, Stopping threads took: 0.0000648 seconds
2016-03-04T16:50:45.164+0000: 91.288: Total time for which application threads were stopped: 0.0003364 seconds, Stopping threads took: 0.0001603 seconds
2016-03-04T16:50:45.164+0000: 91.289: Total time for which application threads were stopped: 0.0002843 seconds, Stopping threads took: 0.0000355 seconds
2016-03-04T16:50:46.170+0000: 92.295: Total time for which application threads were stopped: 0.0006207 seconds, Stopping threads took: 0.0005212 seconds
2016-03-04T16:50:56.099+0000: 102.232: Total time for which application threads were stopped: 0.0001524 seconds, Stopping threads took: 0.0000466 seconds
{Heap before GC invocations=7 (full 1):
 par new generation   total 109248K, used 97151K [0x00000000e0000000, 0x00000000e8000000, 0x00000000e8000000)
  eden space 87424K, 100% used [0x00000000e0000000, 0x00000000e5560000, 0x00000000e5560000)
  from space 21824K,  44% used [0x00000000e6ab0000, 0x00000000e742fdd0, 0x00000000e8000000)
  to   space 21824K,   0% used [0x00000000e5560000, 0x00000000e5560000, 0x00000000e6ab0000)
 concurrent mark-sweep generation total 393216K, used 0K [0x00000000e8000000, 0x0000000100000000, 0x0000000100000000)
 Metaspace       used 29246K, capacity 29634K, committed 29976K, reserved 1075200K
  class space    used 3454K, capacity 3573K, committed 3608K, reserved 1048576K
2016-03-04T16:50:56.539+0000: 102.664: [GC (Allocation Failure) 2016-03-04T16:50:56.539+0000: 102.664: [ParNew
Desired survivor size 20112992 bytes, new threshold 8 (max 8)
- age   1:    7025944 bytes,    7025944 total
- age   2:      94096 bytes,    7120040 total
- age   3:    1124440 bytes,    8244480 total
- age   4:    1112800 bytes,    9357280 total
- age   5:       2672 bytes,    9359952 total
- age   6:     260176 bytes,    9620128 total
- age   7:    2604608 bytes,   12224736 total
- age   8:    2545504 bytes,   14770240 total
: 97151K->19108K(109248K), 0.0669154 secs] 97151K->19108K(502464K), 0.0670725 secs] [Times: user=0.13 sys=0.00, real=0.07 secs] 
Heap after GC invocations=8 (full 1):
 par new generation   total 109248K, used 19108K [0x00000000e0000000, 0x00000000e8000000, 0x00000000e8000000)
  eden space 87424K,   0% used [0x00000000e0000000, 0x00000000e0000000, 0x00000000e5560000)
  from space 21824K,  87% used [0x00000000e5560000, 0x00000000e6809190, 0x00000000e6ab0000)
  to   space 21824K,   0% used [0x00000000e6ab0000, 0x00000000e6ab0000, 0x00000000e8000000)
 concurrent mark-sweep generation total 393216K, used 0K [0x00000000e8000000, 0x0000000100000000, 0x0000000100000000)
 Metaspace       used 29246K, capacity 29634K, committed 29976K, reserved 1075200K
  class space    used 3454K, capacity 3573K, committed 3608K, reserved 1048576K
}
2016-03-04T16:50:56.606+0000: 102.731: Total time for which application threads were stopped: 0.0675700 seconds, Stopping threads took: 0.0000537 seconds
2016-03-04T16:50:56.639+0000: 102.764: Total time for which application threads were stopped: 0.0003427 seconds, Stopping threads took: 0.0001903 seconds
2016-03-04T16:50:56.639+0000: 102.764: Total time for which application threads were stopped: 0.0001216 seconds, Stopping threads took: 0.0000308 seconds
2016-03-04T16:50:56.640+0000: 102.764: Total time for which application threads were stopped: 0.0000995 seconds, Stopping threads took: 0.0000316 seconds
2016-03-04T16:50:56.640+0000: 102.765: Total time for which application threads were stopped: 0.0001287 seconds, Stopping threads took: 0.0000292 seconds
{Heap before GC invocations=8 (full 1):
 par new generation   total 109248K, used 106532K [0x00000000e0000000, 0x00000000e8000000, 0x00000000e8000000)
  eden space 87424K, 100% used [0x00000000e0000000, 0x00000000e5560000, 0x00000000e5560000)
  from space 21824K,  87% used [0x00000000e5560000, 0x00000000e6809190, 0x00000000e6ab0000)
  to   space 21824K,   0% used [0x00000000e6ab0000, 0x00000000e6ab0000, 0x00000000e8000000)
 concurrent mark-sweep generation total 393216K, used 0K [0x00000000e8000000, 0x0000000100000000, 0x0000000100000000)
 Metaspace       used 29255K, capacity 29634K, committed 29976K, reserved 1075200K
  class space    used 3454K, capacity 3573K, committed 3608K, reserved 1048576K
2016-03-04T16:50:56.911+0000: 103.036: [GC (Allocation Failure) 2016-03-04T16:50:56.911+0000: 103.036: [ParNew
Desired survivor size 20112992 bytes, new threshold 8 (max 8)
- age   1:     852088 bytes,     852088 total
- age   2:    5643760 bytes,    6495848 total
- age   3:      94096 bytes,    6589944 total
- age   4:    1124400 bytes,    7714344 total
- age   5:    1112800 bytes,    8827144 total
- age   6:       2672 bytes,    8829816 total
- age   7:     260144 bytes,    9089960 total
- age   8:    2604608 bytes,   11694568 total
: 106532K->13506K(109248K), 0.1098252 secs] 106532K->16226K(502464K), 0.1100005 secs] [Times: user=0.17 sys=0.03, real=0.11 secs] 
Heap after GC invocations=9 (full 1):
 par new generation   total 109248K, used 13506K [0x00000000e0000000, 0x00000000e8000000, 0x00000000e8000000)
  eden space 87424K,   0% used [0x00000000e0000000, 0x00000000e0000000, 0x00000000e5560000)
  from space 21824K,  61% used [0x00000000e6ab0000, 0x00000000e77e08b0, 0x00000000e8000000)
  to   space 21824K,   0% used [0x00000000e5560000, 0x00000000e5560000, 0x00000000e6ab0000)
 concurrent mark-sweep generation total 393216K, used 2720K [0x00000000e8000000, 0x0000000100000000, 0x0000000100000000)
 Metaspace       used 29255K, capacity 29634K, committed 29976K, reserved 1075200K
  class space    used 3454K, capacity 3573K, committed 3608K, reserved 1048576K
}
2016-03-04T16:50:57.021+0000: 103.146: Total time for which application threads were stopped: 0.1104538 seconds, Stopping threads took: 0.0000561 seconds
2016-03-04T16:50:57.027+0000: 103.152: Total time for which application threads were stopped: 0.0012461 seconds, Stopping threads took: 0.0010115 seconds
2016-03-04T16:50:57.482+0000: 103.606: Total time for which application threads were stopped: 0.0002282 seconds, Stopping threads took: 0.0000648 seconds
2016-03-04T16:50:57.579+0000: 103.704: Total time for which application threads were stopped: 0.0002258 seconds, Stopping threads took: 0.0000458 seconds
2016-03-04T16:50:57.711+0000: 103.836: Total time for which application threads were stopped: 0.0002093 seconds, Stopping threads took: 0.0000553 seconds
2016-03-04T16:50:57.735+0000: 103.860: Total time for which application threads were stopped: 0.0001721 seconds, Stopping threads took: 0.0000545 seconds
2016-03-04T16:50:58.738+0000: 104.863: Total time for which application threads were stopped: 0.0001500 seconds, Stopping threads took: 0.0000466 seconds
2016-03-04T16:51:28.709+0000: 134.835: Total time for which application threads were stopped: 0.0001848 seconds, Stopping threads took: 0.0000576 seconds
{Heap before GC invocations=9 (full 1):
 par new generation   total 109248K, used 100930K [0x00000000e0000000, 0x00000000e8000000, 0x00000000e8000000)
  eden space 87424K, 100% used [0x00000000e0000000, 0x00000000e5560000, 0x00000000e5560000)
  from space 21824K,  61% used [0x00000000e6ab0000, 0x00000000e77e08b0, 0x00000000e8000000)
  to   space 21824K,   0% used [0x00000000e5560000, 0x00000000e5560000, 0x00000000e6ab0000)
 concurrent mark-sweep generation total 393216K, used 2720K [0x00000000e8000000, 0x0000000100000000, 0x0000000100000000)
 Metaspace       used 29413K, capacity 29774K, committed 30232K, reserved 1075200K
  class space    used 3461K, capacity 3576K, committed 3608K, reserved 1048576K
2016-03-04T16:51:29.198+0000: 135.324: [GC (Allocation Failure) 2016-03-04T16:51:29.198+0000: 135.324: [ParNew
Desired survivor size 20112992 bytes, new threshold 8 (max 8)
- age   1:    3645024 bytes,    3645024 total
- age   2:     124104 bytes,    3769128 total
- age   3:    5613664 bytes,    9382792 total
- age   4:      94096 bytes,    9476888 total
- age   5:    1118688 bytes,   10595576 total
- age   6:    1112640 bytes,   11708216 total
- age   7:       2672 bytes,   11710888 total
- age   8:     260128 bytes,   11971016 total
: 100930K->15003K(109248K), 0.0791850 secs] 103650K->20349K(502464K), 0.0793627 secs] [Times: user=0.11 sys=0.00, real=0.08 secs] 
Heap after GC invocations=10 (full 1):
 par new generation   total 109248K, used 15003K [0x00000000e0000000, 0x00000000e8000000, 0x00000000e8000000)
  eden space 87424K,   0% used [0x00000000e0000000, 0x00000000e0000000, 0x00000000e5560000)
  from space 21824K,  68% used [0x00000000e5560000, 0x00000000e6406fe0, 0x00000000e6ab0000)
  to   space 21824K,   0% used [0x00000000e6ab0000, 0x00000000e6ab0000, 0x00000000e8000000)
 concurrent mark-sweep generation total 393216K, used 5345K [0x00000000e8000000, 0x0000000100000000, 0x0000000100000000)
 Metaspace       used 29413K, capacity 29774K, committed 30232K, reserved 1075200K
  class space    used 3461K, capacity 3576K, committed 3608K, reserved 1048576K
}
2016-03-04T16:51:29.277+0000: 135.404: Total time for which application threads were stopped: 0.0798712 seconds, Stopping threads took: 0.0000537 seconds
2016-03-04T16:51:29.302+0000: 135.428: Total time for which application threads were stopped: 0.0002022 seconds, Stopping threads took: 0.0000687 seconds
2016-03-04T16:51:29.319+0000: 135.446: Total time for which application threads were stopped: 0.0053586 seconds, Stopping threads took: 0.0051225 seconds
2016-03-04T16:51:29.323+0000: 135.450: Total time for which application threads were stopped: 0.0036056 seconds, Stopping threads took: 0.0033789 seconds
2016-03-04T16:51:29.325+0000: 135.451: Total time for which application threads were stopped: 0.0011924 seconds, Stopping threads took: 0.0010400 seconds
2016-03-04T16:51:29.381+0000: 135.507: Total time for which application threads were stopped: 0.0002874 seconds, Stopping threads took: 0.0000600 seconds
{Heap before GC invocations=10 (full 1):
 par new generation   total 109248K, used 102427K [0x00000000e0000000, 0x00000000e8000000, 0x00000000e8000000)
  eden space 87424K, 100% used [0x00000000e0000000, 0x00000000e5560000, 0x00000000e5560000)
  from space 21824K,  68% used [0x00000000e5560000, 0x00000000e6406fe0, 0x00000000e6ab0000)
  to   space 21824K,   0% used [0x00000000e6ab0000, 0x00000000e6ab0000, 0x00000000e8000000)
 concurrent mark-sweep generation total 393216K, used 5345K [0x00000000e8000000, 0x0000000100000000, 0x0000000100000000)
 Metaspace       used 29433K, capacity 29850K, committed 30232K, reserved 1075200K
  class space    used 3462K, capacity 3578K, committed 3608K, reserved 1048576K
2016-03-04T16:51:29.579+0000: 135.706: [GC (Allocation Failure) 2016-03-04T16:51:29.580+0000: 135.706: [ParNew
Desired survivor size 20112992 bytes, new threshold 8 (max 8)
- age   1:    1264008 bytes,    1264008 total
- age   2:     802240 bytes,    2066248 total
- age   3:       3936 bytes,    2070184 total
- age   4:    5140008 bytes,    7210192 total
- age   5:      94096 bytes,    7304288 total
- age   6:    1118688 bytes,    8422976 total
- age   7:    1112600 bytes,    9535576 total
- age   8:       2672 bytes,    9538248 total
: 102427K->10734K(109248K), 0.0565709 secs] 107773K->16340K(502464K), 0.0567209 secs] [Times: user=0.08 sys=0.00, real=0.06 secs] 
Heap after GC invocations=11 (full 1):
 par new generation   total 109248K, used 10734K [0x00000000e0000000, 0x00000000e8000000, 0x00000000e8000000)
  eden space 87424K,   0% used [0x00000000e0000000, 0x00000000e0000000, 0x00000000e5560000)
  from space 21824K,  49% used [0x00000000e6ab0000, 0x00000000e752bb80, 0x00000000e8000000)
  to   space 21824K,   0% used [0x00000000e5560000, 0x00000000e5560000, 0x00000000e6ab0000)
 concurrent mark-sweep generation total 393216K, used 5605K [0x00000000e8000000, 0x0000000100000000, 0x0000000100000000)
 Metaspace       used 29433K, capacity 29850K, committed 30232K, reserved 1075200K
  class space    used 3462K, capacity 3578K, committed 3608K, reserved 1048576K
}
2016-03-04T16:51:29.636+0000: 135.763: Total time for which application threads were stopped: 0.0571781 seconds, Stopping threads took: 0.0000624 seconds
2016-03-04T16:51:29.643+0000: 135.770: Total time for which application threads were stopped: 0.0019726 seconds, Stopping threads took: 0.0017894 seconds
2016-03-04T16:51:30.178+0000: 136.305: Total time for which application threads were stopped: 0.0002811 seconds, Stopping threads took: 0.0000608 seconds
2016-03-04T16:51:30.317+0000: 136.444: Total time for which application threads were stopped: 0.0001919 seconds, Stopping threads took: 0.0000482 seconds
2016-03-04T16:51:30.323+0000: 136.449: Total time for which application threads were stopped: 0.0001682 seconds, Stopping threads took: 0.0000458 seconds
2016-03-04T16:51:30.384+0000: 136.510: Total time for which application threads were stopped: 0.0569523 seconds, Stopping threads took: 0.0567762 seconds
{Heap before GC invocations=11 (full 1):
 par new generation   total 109248K, used 98158K [0x00000000e0000000, 0x00000000e8000000, 0x00000000e8000000)
  eden space 87424K, 100% used [0x00000000e0000000, 0x00000000e5560000, 0x00000000e5560000)
  from space 21824K,  49% used [0x00000000e6ab0000, 0x00000000e752bb80, 0x00000000e8000000)
  to   space 21824K,   0% used [0x00000000e5560000, 0x00000000e5560000, 0x00000000e6ab0000)
 concurrent mark-sweep generation total 393216K, used 5605K [0x00000000e8000000, 0x0000000100000000, 0x0000000100000000)
 Metaspace       used 29486K, capacity 29856K, committed 30232K, reserved 1075200K
  class space    used 3463K, capacity 3579K, committed 3608K, reserved 1048576K
2016-03-04T16:51:30.384+0000: 136.511: [GC (Allocation Failure) 2016-03-04T16:51:30.385+0000: 136.511: [ParNew
Desired survivor size 20112992 bytes, new threshold 8 (max 8)
- age   1:     537464 bytes,     537464 total
- age   2:     137872 bytes,     675336 total
- age   3:     792280 bytes,    1467616 total
- age   4:       3936 bytes,    1471552 total
- age   5:    5139440 bytes,    6610992 total
- age   6:      94096 bytes,    6705088 total
- age   7:    1118688 bytes,    7823776 total
- age   8:    1112600 bytes,    8936376 total
: 98158K->10651K(109248K), 0.0553445 secs] 103764K->16259K(502464K), 0.0555964 secs] [Times: user=0.06 sys=0.00, real=0.06 secs] 
Heap after GC invocations=12 (full 1):
 par new generation   total 109248K, used 10651K [0x00000000e0000000, 0x00000000e8000000, 0x00000000e8000000)
  eden space 87424K,   0% used [0x00000000e0000000, 0x00000000e0000000, 0x00000000e5560000)
  from space 21824K,  48% used [0x00000000e5560000, 0x00000000e5fc6e68, 0x00000000e6ab0000)
  to   space 21824K,   0% used [0x00000000e6ab0000, 0x00000000e6ab0000, 0x00000000e8000000)
 concurrent mark-sweep generation total 393216K, used 5608K [0x00000000e8000000, 0x0000000100000000, 0x0000000100000000)
 Metaspace       used 29486K, capacity 29856K, committed 30232K, reserved 1075200K
  class space    used 3463K, capacity 3579K, committed 3608K, reserved 1048576K
}
2016-03-04T16:51:30.440+0000: 136.567: Total time for which application threads were stopped: 0.0559794 seconds, Stopping threads took: 0.0000434 seconds
2016-03-04T16:51:30.442+0000: 136.569: Total time for which application threads were stopped: 0.0003980 seconds, Stopping threads took: 0.0002519 seconds
2016-03-04T16:51:30.449+0000: 136.576: Total time for which application threads were stopped: 0.0002266 seconds, Stopping threads took: 0.0000553 seconds
2016-03-04T16:51:30.633+0000: 136.760: Total time for which application threads were stopped: 0.0014293 seconds, Stopping threads took: 0.0012895 seconds
2016-03-04T16:51:30.634+0000: 136.760: Total time for which application threads were stopped: 0.0001729 seconds, Stopping threads took: 0.0000363 seconds
2016-03-04T16:51:30.672+0000: 136.798: Total time for which application threads were stopped: 0.0001698 seconds, Stopping threads took: 0.0000584 seconds
2016-03-04T16:51:30.672+0000: 136.799: Total time for which application threads were stopped: 0.0001019 seconds, Stopping threads took: 0.0000316 seconds
2016-03-04T16:51:30.673+0000: 136.799: Total time for which application threads were stopped: 0.0000963 seconds, Stopping threads took: 0.0000292 seconds
2016-03-04T16:51:30.673+0000: 136.800: Total time for which application threads were stopped: 0.0001374 seconds, Stopping threads took: 0.0000371 seconds
2016-03-04T16:51:32.679+0000: 138.805: Total time for which application threads were stopped: 0.0001642 seconds, Stopping threads took: 0.0000529 seconds
{Heap before GC invocations=12 (full 1):
 par new generation   total 109248K, used 98075K [0x00000000e0000000, 0x00000000e8000000, 0x00000000e8000000)
  eden space 87424K, 100% used [0x00000000e0000000, 0x00000000e5560000, 0x00000000e5560000)
  from space 21824K,  48% used [0x00000000e5560000, 0x00000000e5fc6e68, 0x00000000e6ab0000)
  to   space 21824K,   0% used [0x00000000e6ab0000, 0x00000000e6ab0000, 0x00000000e8000000)
 concurrent mark-sweep generation total 393216K, used 5608K [0x00000000e8000000, 0x0000000100000000, 0x0000000100000000)
 Metaspace       used 29593K, capacity 30026K, committed 30232K, reserved 1075200K
  class space    used 3468K, capacity 3587K, committed 3608K, reserved 1048576K
2016-03-04T16:51:58.469+0000: 164.596: [GC (Allocation Failure) 2016-03-04T16:51:58.469+0000: 164.596: [ParNew
Desired survivor size 20112992 bytes, new threshold 8 (max 8)
- age   1:    3974312 bytes,    3974312 total
- age   2:     533928 bytes,    4508240 total
- age   3:     137600 bytes,    4645840 total
- age   4:     772272 bytes,    5418112 total
- age   5:       3936 bytes,    5422048 total
- age   6:    5134560 bytes,   10556608 total
- age   7:      94096 bytes,   10650704 total
- age   8:    1070688 bytes,   11721392 total
: 98075K->13593K(109248K), 0.0551637 secs] 103683K->20300K(502464K), 0.0554425 secs] [Times: user=0.09 sys=0.01, real=0.05 secs] 
Heap after GC invocations=13 (full 1):
 par new generation   total 109248K, used 13593K [0x00000000e0000000, 0x00000000e8000000, 0x00000000e8000000)
  eden space 87424K,   0% used [0x00000000e0000000, 0x00000000e0000000, 0x00000000e5560000)
  from space 21824K,  62% used [0x00000000e6ab0000, 0x00000000e77f64f8, 0x00000000e8000000)
  to   space 21824K,   0% used [0x00000000e5560000, 0x00000000e5560000, 0x00000000e6ab0000)
 concurrent mark-sweep generation total 393216K, used 6707K [0x00000000e8000000, 0x0000000100000000, 0x0000000100000000)
 Metaspace       used 29593K, capacity 30026K, committed 30232K, reserved 1075200K
  class space    used 3468K, capacity 3587K, committed 3608K, reserved 1048576K
}
2016-03-04T16:51:58.524+0000: 164.651: Total time for which application threads were stopped: 0.0559589 seconds, Stopping threads took: 0.0000584 seconds
2016-03-04T16:51:58.609+0000: 164.736: Total time for which application threads were stopped: 0.0003356 seconds, Stopping threads took: 0.0000963 seconds
2016-03-04T16:51:58.611+0000: 164.738: Total time for which application threads were stopped: 0.0002511 seconds, Stopping threads took: 0.0000513 seconds
2016-03-04T16:51:58.611+0000: 164.738: Total time for which application threads were stopped: 0.0001721 seconds, Stopping threads took: 0.0000292 seconds
{Heap before GC invocations=13 (full 1):
 par new generation   total 109248K, used 101017K [0x00000000e0000000, 0x00000000e8000000, 0x00000000e8000000)
  eden space 87424K, 100% used [0x00000000e0000000, 0x00000000e5560000, 0x00000000e5560000)
  from space 21824K,  62% used [0x00000000e6ab0000, 0x00000000e77f64f8, 0x00000000e8000000)
  to   space 21824K,   0% used [0x00000000e5560000, 0x00000000e5560000, 0x00000000e6ab0000)
 concurrent mark-sweep generation total 393216K, used 6707K [0x00000000e8000000, 0x0000000100000000, 0x0000000100000000)
 Metaspace       used 29594K, capacity 30026K, committed 30232K, reserved 1075200K
  class space    used 3468K, capacity 3587K, committed 3608K, reserved 1048576K
2016-03-04T16:51:58.849+0000: 164.976: [GC (Allocation Failure) 2016-03-04T16:51:58.849+0000: 164.976: [ParNew
Desired survivor size 20112992 bytes, new threshold 8 (max 8)
- age   1:     336632 bytes,     336632 total
- age   2:    1626040 bytes,    1962672 total
- age   3:       9144 bytes,    1971816 total
- age   4:      10192 bytes,    1982008 total
- age   5:     324728 bytes,    2306736 total
- age   6:       3936 bytes,    2310672 total
- age   7:    5134560 bytes,    7445232 total
- age   8:      94096 bytes,    7539328 total
: 101017K->10166K(109248K), 0.1120102 secs] 107724K->17929K(502464K), 0.1121649 secs] [Times: user=0.13 sys=0.00, real=0.11 secs] 
Heap after GC invocations=14 (full 1):
 par new generation   total 109248K, used 10166K [0x00000000e0000000, 0x00000000e8000000, 0x00000000e8000000)
  eden space 87424K,   0% used [0x00000000e0000000, 0x00000000e0000000, 0x00000000e5560000)
  from space 21824K,  46% used [0x00000000e5560000, 0x00000000e5f4dbf0, 0x00000000e6ab0000)
  to   space 21824K,   0% used [0x00000000e6ab0000, 0x00000000e6ab0000, 0x00000000e8000000)
 concurrent mark-sweep generation total 393216K, used 7762K [0x00000000e8000000, 0x0000000100000000, 0x0000000100000000)
 Metaspace       used 29594K, capacity 30026K, committed 30232K, reserved 1075200K
  class space    used 3468K, capacity 3587K, committed 3608K, reserved 1048576K
}
2016-03-04T16:51:58.962+0000: 165.089: Total time for which application threads were stopped: 0.1126387 seconds, Stopping threads took: 0.0000632 seconds
2016-03-04T16:51:59.158+0000: 165.285: Total time for which application threads were stopped: 0.0012808 seconds, Stopping threads took: 0.0009571 seconds
2016-03-04T16:52:00.158+0000: 166.285: Total time for which application threads were stopped: 0.0001808 seconds, Stopping threads took: 0.0000521 seconds
2016-03-04T16:52:50.284+0000: 216.412: Total time for which application threads were stopped: 0.0001627 seconds, Stopping threads took: 0.0000521 seconds
2016-03-04T16:54:06.115+0000: 292.243: Total time for which application threads were stopped: 0.0001848 seconds, Stopping threads took: 0.0000513 seconds
{Heap before GC invocations=14 (full 1):
 par new generation   total 109248K, used 97590K [0x00000000e0000000, 0x00000000e8000000, 0x00000000e8000000)
  eden space 87424K, 100% used [0x00000000e0000000, 0x00000000e5560000, 0x00000000e5560000)
  from space 21824K,  46% used [0x00000000e5560000, 0x00000000e5f4dbf0, 0x00000000e6ab0000)
  to   space 21824K,   0% used [0x00000000e6ab0000, 0x00000000e6ab0000, 0x00000000e8000000)
 concurrent mark-sweep generation total 393216K, used 7762K [0x00000000e8000000, 0x0000000100000000, 0x0000000100000000)
 Metaspace       used 29648K, capacity 30096K, committed 30488K, reserved 1077248K
  class space    used 3468K, capacity 3588K, committed 3608K, reserved 1048576K
2016-03-04T16:54:06.490+0000: 292.618: [GC (Allocation Failure) 2016-03-04T16:54:06.490+0000: 292.618: [ParNew
Desired survivor size 20112992 bytes, new threshold 8 (max 8)
- age   1:    2616568 bytes,    2616568 total
- age   2:      77248 bytes,    2693816 total
- age   3:     878752 bytes,    3572568 total
- age   4:       9144 bytes,    3581712 total
- age   5:      10192 bytes,    3591904 total
- age   6:     319512 bytes,    3911416 total
- age   7:       3936 bytes,    3915352 total
- age   8:    5134536 bytes,    9049888 total
: 97590K->10411K(109248K), 0.0366826 secs] 105353K->18268K(502464K), 0.0368374 secs] [Times: user=0.05 sys=0.00, real=0.04 secs] 
Heap after GC invocations=15 (full 1):
 par new generation   total 109248K, used 10411K [0x00000000e0000000, 0x00000000e8000000, 0x00000000e8000000)
  eden space 87424K,   0% used [0x00000000e0000000, 0x00000000e0000000, 0x00000000e5560000)
  from space 21824K,  47% used [0x00000000e6ab0000, 0x00000000e74dafd0, 0x00000000e8000000)
  to   space 21824K,   0% used [0x00000000e5560000, 0x00000000e5560000, 0x00000000e6ab0000)
 concurrent mark-sweep generation total 393216K, used 7856K [0x00000000e8000000, 0x0000000100000000, 0x0000000100000000)
 Metaspace       used 29648K, capacity 30096K, committed 30488K, reserved 1077248K
  class space    used 3468K, capacity 3588K, committed 3608K, reserved 1048576K
}
2016-03-04T16:54:06.527+0000: 292.655: Total time for which application threads were stopped: 0.0373412 seconds, Stopping threads took: 0.0000569 seconds
2016-03-04T16:54:06.530+0000: 292.658: Total time for which application threads were stopped: 0.0013085 seconds, Stopping threads took: 0.0011079 seconds
2016-03-04T16:54:06.531+0000: 292.659: Total time for which application threads were stopped: 0.0012311 seconds, Stopping threads took: 0.0010700 seconds
2016-03-04T16:54:06.532+0000: 292.660: Total time for which application threads were stopped: 0.0010534 seconds, Stopping threads took: 0.0009128 seconds
{Heap before GC invocations=15 (full 1):
 par new generation   total 109248K, used 97835K [0x00000000e0000000, 0x00000000e8000000, 0x00000000e8000000)
  eden space 87424K, 100% used [0x00000000e0000000, 0x00000000e5560000, 0x00000000e5560000)
  from space 21824K,  47% used [0x00000000e6ab0000, 0x00000000e74dafd0, 0x00000000e8000000)
  to   space 21824K,   0% used [0x00000000e5560000, 0x00000000e5560000, 0x00000000e6ab0000)
 concurrent mark-sweep generation total 393216K, used 7856K [0x00000000e8000000, 0x0000000100000000, 0x0000000100000000)
 Metaspace       used 29651K, capacity 30160K, committed 30488K, reserved 1077248K
  class space    used 3468K, capacity 3588K, committed 3608K, reserved 1048576K
2016-03-04T16:54:06.936+0000: 293.064: [GC (Allocation Failure) 2016-03-04T16:54:06.936+0000: 293.064: [ParNew
Desired survivor size 20112992 bytes, new threshold 8 (max 8)
- age   1:     240712 bytes,     240712 total
- age   2:    1579256 bytes,    1819968 total
- age   3:       3720 bytes,    1823688 total
- age   4:     315144 bytes,    2138832 total
- age   5:       9144 bytes,    2147976 total
- age   6:      10192 bytes,    2158168 total
- age   7:     319512 bytes,    2477680 total
- age   8:       3936 bytes,    2481616 total
: 97835K->5819K(109248K), 0.0387871 secs] 105692K->19053K(502464K), 0.0389647 secs] [Times: user=0.08 sys=0.00, real=0.04 secs] 
Heap after GC invocations=16 (full 1):
 par new generation   total 109248K, used 5819K [0x00000000e0000000, 0x00000000e8000000, 0x00000000e8000000)
  eden space 87424K,   0% used [0x00000000e0000000, 0x00000000e0000000, 0x00000000e5560000)
  from space 21824K,  26% used [0x00000000e5560000, 0x00000000e5b0efc0, 0x00000000e6ab0000)
  to   space 21824K,   0% used [0x00000000e6ab0000, 0x00000000e6ab0000, 0x00000000e8000000)
 concurrent mark-sweep generation total 393216K, used 13233K [0x00000000e8000000, 0x0000000100000000, 0x0000000100000000)
 Metaspace       used 29651K, capacity 30160K, committed 30488K, reserved 1077248K
  class space    used 3468K, capacity 3588K, committed 3608K, reserved 1048576K
}
2016-03-04T16:54:06.976+0000: 293.103: Total time for which application threads were stopped: 0.0394488 seconds, Stopping threads took: 0.0000655 seconds
2016-03-04T16:54:07.011+0000: 293.139: Total time for which application threads were stopped: 0.0034389 seconds, Stopping threads took: 0.0032250 seconds
2016-03-04T16:54:07.287+0000: 293.415: Total time for which application threads were stopped: 0.0003474 seconds, Stopping threads took: 0.0000813 seconds
2016-03-04T16:54:07.514+0000: 293.642: Total time for which application threads were stopped: 0.0002424 seconds, Stopping threads took: 0.0000624 seconds
2016-03-04T16:54:08.514+0000: 294.642: Total time for which application threads were stopped: 0.0001721 seconds, Stopping threads took: 0.0000466 seconds
2016-03-04T16:54:09.824+0000: 295.952: Total time for which application threads were stopped: 0.0001714 seconds, Stopping threads took: 0.0000553 seconds
2016-03-04T16:54:09.828+0000: 295.956: Total time for which application threads were stopped: 0.0002472 seconds, Stopping threads took: 0.0000592 seconds
2016-03-04T16:54:09.965+0000: 296.093: Total time for which application threads were stopped: 0.0001666 seconds, Stopping threads took: 0.0000545 seconds
2016-03-04T16:54:09.975+0000: 296.104: Total time for which application threads were stopped: 0.0001587 seconds, Stopping threads took: 0.0000545 seconds
2016-03-04T16:54:09.985+0000: 296.114: Total time for which application threads were stopped: 0.0001737 seconds, Stopping threads took: 0.0000561 seconds
2016-03-04T16:54:09.993+0000: 296.121: Total time for which application threads were stopped: 0.0007589 seconds, Stopping threads took: 0.0006270 seconds
2016-03-04T16:54:10.013+0000: 296.141: Total time for which application threads were stopped: 0.0024677 seconds, Stopping threads took: 0.0001777 seconds
2016-03-04T16:54:10.014+0000: 296.142: Total time for which application threads were stopped: 0.0001761 seconds, Stopping threads took: 0.0000466 seconds
2016-03-04T16:54:10.052+0000: 296.180: Total time for which application threads were stopped: 0.0001690 seconds, Stopping threads took: 0.0000497 seconds
2016-03-04T16:54:10.061+0000: 296.189: Total time for which application threads were stopped: 0.0001769 seconds, Stopping threads took: 0.0000584 seconds
2016-03-04T16:54:10.076+0000: 296.204: Total time for which application threads were stopped: 0.0003790 seconds, Stopping threads took: 0.0002661 seconds
2016-03-04T16:54:10.080+0000: 296.208: Total time for which application threads were stopped: 0.0001737 seconds, Stopping threads took: 0.0000545 seconds
2016-03-04T16:54:10.756+0000: 296.884: Total time for which application threads were stopped: 0.0002195 seconds, Stopping threads took: 0.0000616 seconds
2016-03-04T16:54:10.757+0000: 296.885: Total time for which application threads were stopped: 0.0001019 seconds, Stopping threads took: 0.0000340 seconds
2016-03-04T16:54:10.757+0000: 296.885: Total time for which application threads were stopped: 0.0000861 seconds, Stopping threads took: 0.0000229 seconds
2016-03-04T16:54:10.757+0000: 296.885: Total time for which application threads were stopped: 0.0000821 seconds, Stopping threads took: 0.0000205 seconds
2016-03-04T16:54:10.757+0000: 296.885: Total time for which application threads were stopped: 0.0000869 seconds, Stopping threads took: 0.0000205 seconds
2016-03-04T16:54:10.758+0000: 296.886: Total time for which application threads were stopped: 0.0001161 seconds, Stopping threads took: 0.0000300 seconds
2016-03-04T16:54:10.759+0000: 296.887: Total time for which application threads were stopped: 0.0000877 seconds, Stopping threads took: 0.0000205 seconds
2016-03-04T16:54:10.759+0000: 296.887: Total time for which application threads were stopped: 0.0000829 seconds, Stopping threads took: 0.0000205 seconds
2016-03-04T16:54:10.759+0000: 296.887: Total time for which application threads were stopped: 0.0000861 seconds, Stopping threads took: 0.0000197 seconds
2016-03-04T16:54:10.759+0000: 296.887: Total time for which application threads were stopped: 0.0000813 seconds, Stopping threads took: 0.0000197 seconds
2016-03-04T16:54:10.759+0000: 296.887: Total time for which application threads were stopped: 0.0000813 seconds, Stopping threads took: 0.0000197 seconds
2016-03-04T16:54:10.760+0000: 296.888: Total time for which application threads were stopped: 0.0001066 seconds, Stopping threads took: 0.0000332 seconds
2016-03-04T16:54:10.760+0000: 296.888: Total time for which application threads were stopped: 0.0001019 seconds, Stopping threads took: 0.0000387 seconds
2016-03-04T16:54:10.870+0000: 296.998: Total time for which application threads were stopped: 0.0009136 seconds, Stopping threads took: 0.0007565 seconds
2016-03-04T16:54:11.877+0000: 298.005: Total time for which application threads were stopped: 0.0002408 seconds, Stopping threads took: 0.0000916 seconds
2016-03-04T16:54:21.512+0000: 307.640: Total time for which application threads were stopped: 0.0001729 seconds, Stopping threads took: 0.0000545 seconds
2016-03-04T16:54:21.540+0000: 307.667: Total time for which application threads were stopped: 0.0001777 seconds, Stopping threads took: 0.0000553 seconds
2016-03-04T16:54:21.596+0000: 307.723: Total time for which application threads were stopped: 0.0001785 seconds, Stopping threads took: 0.0000640 seconds
2016-03-04T16:54:21.596+0000: 307.724: Total time for which application threads were stopped: 0.0001074 seconds, Stopping threads took: 0.0000411 seconds
2016-03-04T16:54:21.600+0000: 307.727: Total time for which application threads were stopped: 0.0014364 seconds, Stopping threads took: 0.0013171 seconds
2016-03-04T16:54:21.603+0000: 307.731: Total time for which application threads were stopped: 0.0029991 seconds, Stopping threads took: 0.0028704 seconds
2016-03-04T16:54:21.643+0000: 307.771: Total time for which application threads were stopped: 0.0001698 seconds, Stopping threads took: 0.0000466 seconds
2016-03-04T16:54:21.647+0000: 307.775: Total time for which application threads were stopped: 0.0001816 seconds, Stopping threads took: 0.0000490 seconds
2016-03-04T16:54:21.655+0000: 307.783: Total time for which application threads were stopped: 0.0002890 seconds, Stopping threads took: 0.0000458 seconds
2016-03-04T16:54:21.656+0000: 307.784: Total time for which application threads were stopped: 0.0007825 seconds, Stopping threads took: 0.0000300 seconds
2016-03-04T16:54:31.172+0000: 317.304: Total time for which application threads were stopped: 0.0007138 seconds, Stopping threads took: 0.0000411 seconds
2016-03-04T16:54:31.173+0000: 317.305: Total time for which application threads were stopped: 0.0001145 seconds, Stopping threads took: 0.0000284 seconds
2016-03-04T16:54:31.258+0000: 317.389: Total time for which application threads were stopped: 0.0001564 seconds, Stopping threads took: 0.0000482 seconds
2016-03-04T16:54:31.259+0000: 317.391: Total time for which application threads were stopped: 0.0001761 seconds, Stopping threads took: 0.0000379 seconds
2016-03-04T16:54:32.268+0000: 318.400: Total time for which application threads were stopped: 0.0001721 seconds, Stopping threads took: 0.0000608 seconds
2016-03-04T16:54:33.317+0000: 319.455: Total time for which application threads were stopped: 0.0001642 seconds, Stopping threads took: 0.0000466 seconds
2016-03-04T16:54:38.347+0000: 324.479: Total time for which application threads were stopped: 0.0001642 seconds, Stopping threads took: 0.0000513 seconds
2016-03-04T16:54:42.362+0000: 328.494: Total time for which application threads were stopped: 0.0001595 seconds, Stopping threads took: 0.0000482 seconds
2016-03-04T16:54:44.367+0000: 330.499: Total time for which application threads were stopped: 0.0001642 seconds, Stopping threads took: 0.0000513 seconds
2016-03-04T16:55:02.417+0000: 348.549: Total time for which application threads were stopped: 0.0001808 seconds, Stopping threads took: 0.0000497 seconds
2016-03-04T16:55:08.588+0000: 354.720: Total time for which application threads were stopped: 0.0001840 seconds, Stopping threads took: 0.0000584 seconds
2016-03-04T16:55:19.610+0000: 365.742: Total time for which application threads were stopped: 0.0001500 seconds, Stopping threads took: 0.0000458 seconds
2016-03-04T16:55:21.617+0000: 367.749: Total time for which application threads were stopped: 0.0001627 seconds, Stopping threads took: 0.0000513 seconds
2016-03-04T16:55:24.630+0000: 370.763: Total time for which application threads were stopped: 0.0002211 seconds, Stopping threads took: 0.0000869 seconds
2016-03-04T16:55:26.630+0000: 372.763: Total time for which application threads were stopped: 0.0001571 seconds, Stopping threads took: 0.0000513 seconds
2016-03-04T16:55:29.630+0000: 375.763: Total time for which application threads were stopped: 0.0001548 seconds, Stopping threads took: 0.0000529 seconds
2016-03-04T16:55:34.394+0000: 380.527: Total time for which application threads were stopped: 0.0001540 seconds, Stopping threads took: 0.0000497 seconds
2016-03-04T16:55:34.480+0000: 380.613: Total time for which application threads were stopped: 0.0620677 seconds, Stopping threads took: 0.0619089 seconds
2016-03-04T16:55:34.497+0000: 380.631: Total time for which application threads were stopped: 0.0001793 seconds, Stopping threads took: 0.0000576 seconds
2016-03-04T16:55:34.497+0000: 380.631: Total time for which application threads were stopped: 0.0000924 seconds, Stopping threads took: 0.0000292 seconds
2016-03-04T16:55:34.498+0000: 380.631: Total time for which application threads were stopped: 0.0001011 seconds, Stopping threads took: 0.0000292 seconds
2016-03-04T16:55:34.498+0000: 380.631: Total time for which application threads were stopped: 0.0000916 seconds, Stopping threads took: 0.0000292 seconds
2016-03-04T16:55:34.498+0000: 380.631: Total time for which application threads were stopped: 0.0000908 seconds, Stopping threads took: 0.0000292 seconds
2016-03-04T16:55:34.498+0000: 380.631: Total time for which application threads were stopped: 0.0000900 seconds, Stopping threads took: 0.0000284 seconds
2016-03-04T16:55:34.498+0000: 380.632: Total time for which application threads were stopped: 0.0000900 seconds, Stopping threads took: 0.0000292 seconds
2016-03-04T16:55:34.527+0000: 380.660: Total time for which application threads were stopped: 0.0001808 seconds, Stopping threads took: 0.0000576 seconds
2016-03-04T16:55:34.531+0000: 380.665: Total time for which application threads were stopped: 0.0007936 seconds, Stopping threads took: 0.0000537 seconds
2016-03-04T16:55:34.543+0000: 380.676: Total time for which application threads were stopped: 0.0002337 seconds, Stopping threads took: 0.0000624 seconds
2016-03-04T16:55:36.903+0000: 383.037: Total time for which application threads were stopped: 0.0001635 seconds, Stopping threads took: 0.0000624 seconds
2016-03-04T16:55:37.012+0000: 383.145: Total time for which application threads were stopped: 0.0002219 seconds, Stopping threads took: 0.0000648 seconds
2016-03-04T16:55:37.013+0000: 383.146: Total time for which application threads were stopped: 0.0001106 seconds, Stopping threads took: 0.0000363 seconds
2016-03-04T16:55:37.014+0000: 383.147: Total time for which application threads were stopped: 0.0001169 seconds, Stopping threads took: 0.0000403 seconds
2016-03-04T16:55:37.014+0000: 383.147: Total time for which application threads were stopped: 0.0000853 seconds, Stopping threads took: 0.0000284 seconds
2016-03-04T16:55:37.014+0000: 383.148: Total time for which application threads were stopped: 0.0001453 seconds, Stopping threads took: 0.0000284 seconds
2016-03-04T16:55:37.015+0000: 383.148: Total time for which application threads were stopped: 0.0001011 seconds, Stopping threads took: 0.0000355 seconds
2016-03-04T16:55:37.015+0000: 383.148: Total time for which application threads were stopped: 0.0000877 seconds, Stopping threads took: 0.0000300 seconds
2016-03-04T16:55:37.015+0000: 383.148: Total time for which application threads were stopped: 0.0000892 seconds, Stopping threads took: 0.0000308 seconds
2016-03-04T16:55:37.015+0000: 383.148: Total time for which application threads were stopped: 0.0000813 seconds, Stopping threads took: 0.0000253 seconds
2016-03-04T16:55:37.016+0000: 383.149: Total time for which application threads were stopped: 0.0001169 seconds, Stopping threads took: 0.0000371 seconds
2016-03-04T16:55:38.018+0000: 384.150: Total time for which application threads were stopped: 0.0002203 seconds, Stopping threads took: 0.0000695 seconds
2016-03-04T16:55:38.689+0000: 384.822: Total time for which application threads were stopped: 0.0021771 seconds, Stopping threads took: 0.0000569 seconds
2016-03-04T16:55:38.725+0000: 384.858: Total time for which application threads were stopped: 0.0001579 seconds, Stopping threads took: 0.0000513 seconds
2016-03-04T16:55:38.741+0000: 384.873: Total time for which application threads were stopped: 0.0070185 seconds, Stopping threads took: 0.0068874 seconds
2016-03-04T16:55:38.744+0000: 384.877: Total time for which application threads were stopped: 0.0018778 seconds, Stopping threads took: 0.0017096 seconds
2016-03-04T16:55:39.079+0000: 385.211: Total time for which application threads were stopped: 0.0102055 seconds, Stopping threads took: 0.0093266 seconds
2016-03-04T16:55:39.134+0000: 385.267: Total time for which application threads were stopped: 0.0064617 seconds, Stopping threads took: 0.0062399 seconds
2016-03-04T16:55:39.396+0000: 385.528: Total time for which application threads were stopped: 0.0008892 seconds, Stopping threads took: 0.0000497 seconds
2016-03-04T16:55:39.611+0000: 385.744: Total time for which application threads were stopped: 0.0007991 seconds, Stopping threads took: 0.0000458 seconds
2016-03-04T16:55:39.613+0000: 385.745: Total time for which application threads were stopped: 0.0005993 seconds, Stopping threads took: 0.0000332 seconds
2016-03-04T16:55:40.613+0000: 386.745: Total time for which application threads were stopped: 0.0001785 seconds, Stopping threads took: 0.0000490 seconds
2016-03-04T16:55:41.626+0000: 387.758: Total time for which application threads were stopped: 0.0131359 seconds, Stopping threads took: 0.0129472 seconds
2016-03-04T16:55:42.124+0000: 388.256: Total time for which application threads were stopped: 0.0003877 seconds, Stopping threads took: 0.0000584 seconds
2016-03-04T16:55:42.195+0000: 388.327: Total time for which application threads were stopped: 0.0003814 seconds, Stopping threads took: 0.0000545 seconds
2016-03-04T16:55:42.341+0000: 388.474: Total time for which application threads were stopped: 0.0008568 seconds, Stopping threads took: 0.0000458 seconds
2016-03-04T16:55:42.350+0000: 388.482: Total time for which application threads were stopped: 0.0008268 seconds, Stopping threads took: 0.0000513 seconds
2016-03-04T16:55:43.363+0000: 389.495: Total time for which application threads were stopped: 0.0001919 seconds, Stopping threads took: 0.0000482 seconds
2016-03-04T16:55:43.897+0000: 390.030: Total time for which application threads were stopped: 0.0002408 seconds, Stopping threads took: 0.0000553 seconds
2016-03-04T16:55:43.897+0000: 390.030: Total time for which application threads were stopped: 0.0001232 seconds, Stopping threads took: 0.0000442 seconds
2016-03-04T16:55:43.897+0000: 390.030: Total time for which application threads were stopped: 0.0000908 seconds, Stopping threads took: 0.0000261 seconds
2016-03-04T16:55:43.897+0000: 390.030: Total time for which application threads were stopped: 0.0001058 seconds, Stopping threads took: 0.0000253 seconds
2016-03-04T16:55:43.898+0000: 390.030: Total time for which application threads were stopped: 0.0000995 seconds, Stopping threads took: 0.0000268 seconds
2016-03-04T16:55:43.949+0000: 390.082: Total time for which application threads were stopped: 0.0001658 seconds, Stopping threads took: 0.0000426 seconds
2016-03-04T16:55:45.949+0000: 392.082: Total time for which application threads were stopped: 0.0001769 seconds, Stopping threads took: 0.0000537 seconds
2016-03-04T16:55:49.973+0000: 396.108: Total time for which application threads were stopped: 0.0001556 seconds, Stopping threads took: 0.0000466 seconds
2016-03-04T16:55:51.977+0000: 398.111: Total time for which application threads were stopped: 0.0001871 seconds, Stopping threads took: 0.0000490 seconds
2016-03-04T16:55:55.989+0000: 402.123: Total time for which application threads were stopped: 0.0002424 seconds, Stopping threads took: 0.0000711 seconds
2016-03-04T16:56:00.839+0000: 406.972: Total time for which application threads were stopped: 0.0005006 seconds, Stopping threads took: 0.0003411 seconds
2016-03-04T16:56:00.846+0000: 406.979: Total time for which application threads were stopped: 0.0031373 seconds, Stopping threads took: 0.0029454 seconds
2016-03-04T16:56:00.889+0000: 407.022: Total time for which application threads were stopped: 0.0002014 seconds, Stopping threads took: 0.0000561 seconds
2016-03-04T16:56:01.889+0000: 408.022: Total time for which application threads were stopped: 0.0001564 seconds, Stopping threads took: 0.0000505 seconds
2016-03-04T16:56:02.318+0000: 408.451: Total time for which application threads were stopped: 0.0001729 seconds, Stopping threads took: 0.0000600 seconds
2016-03-04T16:56:28.390+0000: 434.522: Total time for which application threads were stopped: 0.0001848 seconds, Stopping threads took: 0.0000584 seconds
2016-03-04T16:57:27.950+0000: 494.086: Total time for which application threads were stopped: 0.0004296 seconds, Stopping threads took: 0.0000632 seconds
2016-03-04T16:59:24.628+0000: 610.769: Total time for which application threads were stopped: 0.0001911 seconds, Stopping threads took: 0.0000592 seconds
2016-03-04T16:59:24.631+0000: 610.771: Total time for which application threads were stopped: 0.0001516 seconds, Stopping threads took: 0.0000553 seconds
2016-03-04T16:59:24.671+0000: 610.812: Total time for which application threads were stopped: 0.0001714 seconds, Stopping threads took: 0.0000513 seconds
2016-03-04T16:59:24.671+0000: 610.812: Total time for which application threads were stopped: 0.0000971 seconds, Stopping threads took: 0.0000300 seconds
2016-03-04T16:59:24.672+0000: 610.812: Total time for which application threads were stopped: 0.0000924 seconds, Stopping threads took: 0.0000253 seconds
2016-03-04T16:59:24.672+0000: 610.813: Total time for which application threads were stopped: 0.0000995 seconds, Stopping threads took: 0.0000292 seconds
2016-03-04T16:59:24.672+0000: 610.813: Total time for which application threads were stopped: 0.0000900 seconds, Stopping threads took: 0.0000261 seconds
2016-03-04T16:59:24.672+0000: 610.813: Total time for which application threads were stopped: 0.0000892 seconds, Stopping threads took: 0.0000261 seconds
2016-03-04T16:59:24.673+0000: 610.813: Total time for which application threads were stopped: 0.0000892 seconds, Stopping threads took: 0.0000268 seconds
2016-03-04T16:59:24.673+0000: 610.813: Total time for which application threads were stopped: 0.0000900 seconds, Stopping threads took: 0.0000253 seconds
2016-03-04T16:59:24.673+0000: 610.813: Total time for which application threads were stopped: 0.0001129 seconds, Stopping threads took: 0.0000261 seconds
2016-03-04T16:59:24.676+0000: 610.816: Total time for which application threads were stopped: 0.0001714 seconds, Stopping threads took: 0.0000561 seconds
2016-03-04T16:59:24.677+0000: 610.818: Total time for which application threads were stopped: 0.0001492 seconds, Stopping threads took: 0.0000466 seconds
2016-03-04T16:59:24.678+0000: 610.818: Total time for which application threads were stopped: 0.0001129 seconds, Stopping threads took: 0.0000466 seconds
2016-03-04T16:59:24.678+0000: 610.818: Total time for which application threads were stopped: 0.0001011 seconds, Stopping threads took: 0.0000355 seconds
2016-03-04T16:59:24.678+0000: 610.818: Total time for which application threads were stopped: 0.0000916 seconds, Stopping threads took: 0.0000284 seconds
2016-03-04T16:59:24.679+0000: 610.820: Total time for which application threads were stopped: 0.0001769 seconds, Stopping threads took: 0.0000419 seconds
2016-03-04T16:59:24.697+0000: 610.837: Total time for which application threads were stopped: 0.0003364 seconds, Stopping threads took: 0.0000758 seconds
2016-03-04T16:59:24.697+0000: 610.838: Total time for which application threads were stopped: 0.0001106 seconds, Stopping threads took: 0.0000340 seconds
2016-03-04T16:59:24.698+0000: 610.838: Total time for which application threads were stopped: 0.0001153 seconds, Stopping threads took: 0.0000387 seconds
2016-03-04T16:59:24.698+0000: 610.839: Total time for which application threads were stopped: 0.0001027 seconds, Stopping threads took: 0.0000371 seconds
2016-03-04T16:59:24.698+0000: 610.839: Total time for which application threads were stopped: 0.0000971 seconds, Stopping threads took: 0.0000300 seconds
2016-03-04T16:59:24.699+0000: 610.839: Total time for which application threads were stopped: 0.0001161 seconds, Stopping threads took: 0.0000292 seconds
2016-03-04T16:59:24.699+0000: 610.839: Total time for which application threads were stopped: 0.0001034 seconds, Stopping threads took: 0.0000268 seconds
2016-03-04T16:59:24.700+0000: 610.841: Total time for which application threads were stopped: 0.0001413 seconds, Stopping threads took: 0.0000442 seconds
2016-03-04T16:59:24.700+0000: 610.841: Total time for which application threads were stopped: 0.0000948 seconds, Stopping threads took: 0.0000292 seconds
2016-03-04T16:59:24.701+0000: 610.842: Total time for which application threads were stopped: 0.0001090 seconds, Stopping threads took: 0.0000300 seconds
2016-03-04T16:59:24.704+0000: 610.845: Total time for which application threads were stopped: 0.0001919 seconds, Stopping threads took: 0.0000403 seconds
2016-03-04T16:59:24.705+0000: 610.845: Total time for which application threads were stopped: 0.0000892 seconds, Stopping threads took: 0.0000324 seconds
2016-03-04T16:59:24.705+0000: 610.846: Total time for which application threads were stopped: 0.0000853 seconds, Stopping threads took: 0.0000276 seconds
2016-03-04T16:59:24.715+0000: 610.855: Total time for which application threads were stopped: 0.0002014 seconds, Stopping threads took: 0.0000616 seconds
2016-03-04T16:59:24.724+0000: 610.864: Total time for which application threads were stopped: 0.0001342 seconds, Stopping threads took: 0.0000505 seconds
2016-03-04T16:59:24.747+0000: 610.887: Total time for which application threads were stopped: 0.0187875 seconds, Stopping threads took: 0.0186974 seconds
2016-03-04T16:59:24.747+0000: 610.888: Total time for which application threads were stopped: 0.0000861 seconds, Stopping threads took: 0.0000442 seconds
2016-03-04T16:59:24.749+0000: 610.889: Total time for which application threads were stopped: 0.0003032 seconds, Stopping threads took: 0.0002353 seconds
2016-03-04T16:59:24.749+0000: 610.890: Total time for which application threads were stopped: 0.0000726 seconds, Stopping threads took: 0.0000347 seconds
2016-03-04T16:59:24.749+0000: 610.890: Total time for which application threads were stopped: 0.0000521 seconds, Stopping threads took: 0.0000182 seconds
Heap
 par new generation   total 109248K, used 86032K [0x00000000e0000000, 0x00000000e8000000, 0x00000000e8000000)
  eden space 87424K,  91% used [0x00000000e0000000, 0x00000000e4e55288, 0x00000000e5560000)
  from space 21824K,  26% used [0x00000000e5560000, 0x00000000e5b0efc0, 0x00000000e6ab0000)
  to   space 21824K,   0% used [0x00000000e6ab0000, 0x00000000e6ab0000, 0x00000000e8000000)
 concurrent mark-sweep generation total 393216K, used 13233K [0x00000000e8000000, 0x0000000100000000, 0x0000000100000000)
 Metaspace       used 33940K, capacity 34688K, committed 35096K, reserved 1081344K
  class space    used 3840K, capacity 4045K, committed 4120K, reserved 1048576K
