Java HotSpot(TM) 64-Bit Server VM (25.73-b02) for windows-amd64 JRE (1.8.0_73-b02), built on Jan 29 2016 17:38:49 by "java_re" with MS VC++ 10.0 (VS2010)
Memory: 4k page, physical 8269212k(2937304k free), swap 10513632k(2989364k free)
CommandLine flags: -XX:CMSInitiatingOccupancyFraction=50 -XX:CMSMaxAbortablePrecleanTime=6000 -XX:+CMSParallelRemarkEnabled -XX:+CMSScavengeBeforeRemark -XX:ConcGCThreads=4 -XX:InitialHeapSize=536870912 -XX:MaxHeapSize=536870912 -XX:MaxTenuringThreshold=8 -XX:NewRatio=3 -XX:OldPLABSize=16 -XX:ParallelGCThreads=4 -XX:+ParallelRefProcEnabled -XX:PretenureSizeThreshold=67108864 -XX:+PrintGC -XX:+PrintGCApplicationStoppedTime -XX:+PrintGCDateStamps -XX:+PrintGCDetails -XX:+PrintGCTimeStamps -XX:+PrintHeapAtGC -XX:+PrintTenuringDistribution -XX:SurvivorRatio=4 -XX:TargetSurvivorRatio=90 -XX:ThreadStackSize=256 -XX:+UseCMSInitiatingOccupancyOnly -XX:+UseCompressedClassPointers -XX:+UseCompressedOops -XX:+UseConcMarkSweepGC -XX:-UseLargePagesIndividualAllocation -XX:+UseParNewGC 
2016-06-21T17:14:28.963+0100: 0.488: Total time for which application threads were stopped: 0.0002136 seconds, Stopping threads took: 0.0000304 seconds
2016-06-21T17:14:29.539+0100: 1.065: Total time for which application threads were stopped: 0.0523216 seconds, Stopping threads took: 0.0521293 seconds
2016-06-21T17:14:29.774+0100: 1.300: Total time for which application threads were stopped: 0.0078099 seconds, Stopping threads took: 0.0076240 seconds
2016-06-21T17:14:29.788+0100: 1.313: Total time for which application threads were stopped: 0.0001575 seconds, Stopping threads took: 0.0000201 seconds
2016-06-21T17:14:30.788+0100: 2.313: Total time for which application threads were stopped: 0.0001141 seconds, Stopping threads took: 0.0000261 seconds
{Heap before GC invocations=0 (full 0):
 par new generation   total 109248K, used 87424K [0x00000000e0000000, 0x00000000e8000000, 0x00000000e8000000)
  eden space 87424K, 100% used [0x00000000e0000000, 0x00000000e5560000, 0x00000000e5560000)
  from space 21824K,   0% used [0x00000000e5560000, 0x00000000e5560000, 0x00000000e6ab0000)
  to   space 21824K,   0% used [0x00000000e6ab0000, 0x00000000e6ab0000, 0x00000000e8000000)
 concurrent mark-sweep generation total 393216K, used 0K [0x00000000e8000000, 0x0000000100000000, 0x0000000100000000)
 Metaspace       used 10154K, capacity 10332K, committed 10496K, reserved 1058816K
  class space    used 1165K, capacity 1208K, committed 1280K, reserved 1048576K
2016-06-21T17:14:30.873+0100: 2.399: [GC (Allocation Failure) 2016-06-21T17:14:30.874+0100: 2.399: [ParNew
Desired survivor size 20112992 bytes, new threshold 8 (max 8)
- age   1:    5791984 bytes,    5791984 total
: 87424K->5737K(109248K), 0.0057319 secs] 87424K->5737K(502464K), 0.0059873 secs] [Times: user=0.06 sys=0.00, real=0.01 secs] 
Heap after GC invocations=1 (full 0):
 par new generation   total 109248K, used 5737K [0x00000000e0000000, 0x00000000e8000000, 0x00000000e8000000)
  eden space 87424K,   0% used [0x00000000e0000000, 0x00000000e0000000, 0x00000000e5560000)
  from space 21824K,  26% used [0x00000000e6ab0000, 0x00000000e704a420, 0x00000000e8000000)
  to   space 21824K,   0% used [0x00000000e5560000, 0x00000000e5560000, 0x00000000e6ab0000)
 concurrent mark-sweep generation total 393216K, used 0K [0x00000000e8000000, 0x0000000100000000, 0x0000000100000000)
 Metaspace       used 10154K, capacity 10332K, committed 10496K, reserved 1058816K
  class space    used 1165K, capacity 1208K, committed 1280K, reserved 1048576K
}
2016-06-21T17:14:30.879+0100: 2.405: Total time for which application threads were stopped: 0.0062174 seconds, Stopping threads took: 0.0000316 seconds
2016-06-21T17:14:31.492+0100: 3.017: Total time for which application threads were stopped: 0.0002258 seconds, Stopping threads took: 0.0000288 seconds
2016-06-21T17:14:31.733+0100: 3.258: Total time for which application threads were stopped: 0.0407299 seconds, Stopping threads took: 0.0405349 seconds
2016-06-21T17:14:32.037+0100: 3.562: Total time for which application threads were stopped: 0.0003036 seconds, Stopping threads took: 0.0000241 seconds
2016-06-21T17:14:32.039+0100: 3.564: Total time for which application threads were stopped: 0.0002021 seconds, Stopping threads took: 0.0000178 seconds
2016-06-21T17:14:32.043+0100: 3.568: Total time for which application threads were stopped: 0.0002309 seconds, Stopping threads took: 0.0000209 seconds
2016-06-21T17:14:32.379+0100: 3.904: Total time for which application threads were stopped: 0.0003426 seconds, Stopping threads took: 0.0000565 seconds
2016-06-21T17:14:32.568+0100: 4.093: Total time for which application threads were stopped: 0.0002317 seconds, Stopping threads took: 0.0000245 seconds
{Heap before GC invocations=1 (full 0):
 par new generation   total 109248K, used 93161K [0x00000000e0000000, 0x00000000e8000000, 0x00000000e8000000)
  eden space 87424K, 100% used [0x00000000e0000000, 0x00000000e5560000, 0x00000000e5560000)
  from space 21824K,  26% used [0x00000000e6ab0000, 0x00000000e704a420, 0x00000000e8000000)
  to   space 21824K,   0% used [0x00000000e5560000, 0x00000000e5560000, 0x00000000e6ab0000)
 concurrent mark-sweep generation total 393216K, used 0K [0x00000000e8000000, 0x0000000100000000, 0x0000000100000000)
 Metaspace       used 19418K, capacity 19798K, committed 20096K, reserved 1067008K
  class space    used 2307K, capacity 2422K, committed 2432K, reserved 1048576K
2016-06-21T17:14:32.600+0100: 4.125: [GC (Allocation Failure) 2016-06-21T17:14:32.600+0100: 4.126: [ParNew
Desired survivor size 20112992 bytes, new threshold 8 (max 8)
- age   1:    8055904 bytes,    8055904 total
- age   2:    2612328 bytes,   10668232 total
: 93161K->11421K(109248K), 0.0102771 secs] 93161K->11421K(502464K), 0.0104200 secs] [Times: user=0.06 sys=0.00, real=0.01 secs] 
Heap after GC invocations=2 (full 0):
 par new generation   total 109248K, used 11421K [0x00000000e0000000, 0x00000000e8000000, 0x00000000e8000000)
  eden space 87424K,   0% used [0x00000000e0000000, 0x00000000e0000000, 0x00000000e5560000)
  from space 21824K,  52% used [0x00000000e5560000, 0x00000000e6087520, 0x00000000e6ab0000)
  to   space 21824K,   0% used [0x00000000e6ab0000, 0x00000000e6ab0000, 0x00000000e8000000)
 concurrent mark-sweep generation total 393216K, used 0K [0x00000000e8000000, 0x0000000100000000, 0x0000000100000000)
 Metaspace       used 19418K, capacity 19798K, committed 20096K, reserved 1067008K
  class space    used 2307K, capacity 2422K, committed 2432K, reserved 1048576K
}
2016-06-21T17:14:32.610+0100: 4.136: Total time for which application threads were stopped: 0.0106553 seconds, Stopping threads took: 0.0000320 seconds
2016-06-21T17:14:32.667+0100: 4.193: Total time for which application threads were stopped: 0.0002811 seconds, Stopping threads took: 0.0000257 seconds
2016-06-21T17:14:32.700+0100: 4.226: Total time for which application threads were stopped: 0.0003091 seconds, Stopping threads took: 0.0000237 seconds
2016-06-21T17:14:32.822+0100: 4.347: Total time for which application threads were stopped: 0.0002692 seconds, Stopping threads took: 0.0000174 seconds
2016-06-21T17:14:32.823+0100: 4.348: Total time for which application threads were stopped: 0.0000501 seconds, Stopping threads took: 0.0000126 seconds
2016-06-21T17:14:32.842+0100: 4.368: Total time for which application threads were stopped: 0.0000655 seconds, Stopping threads took: 0.0000186 seconds
2016-06-21T17:14:32.869+0100: 4.395: Total time for which application threads were stopped: 0.0000762 seconds, Stopping threads took: 0.0000241 seconds
2016-06-21T17:14:32.883+0100: 4.409: Total time for which application threads were stopped: 0.0000679 seconds, Stopping threads took: 0.0000205 seconds
2016-06-21T17:14:32.914+0100: 4.439: Total time for which application threads were stopped: 0.0001291 seconds, Stopping threads took: 0.0000797 seconds
2016-06-21T17:14:32.915+0100: 4.440: Total time for which application threads were stopped: 0.0000790 seconds, Stopping threads took: 0.0000268 seconds
2016-06-21T17:14:32.924+0100: 4.449: Total time for which application threads were stopped: 0.0000821 seconds, Stopping threads took: 0.0000221 seconds
2016-06-21T17:14:32.950+0100: 4.475: Total time for which application threads were stopped: 0.0000628 seconds, Stopping threads took: 0.0000182 seconds
2016-06-21T17:14:32.966+0100: 4.492: Total time for which application threads were stopped: 0.0000636 seconds, Stopping threads took: 0.0000178 seconds
2016-06-21T17:14:32.993+0100: 4.519: Total time for which application threads were stopped: 0.0001034 seconds, Stopping threads took: 0.0000272 seconds
2016-06-21T17:14:33.032+0100: 4.558: Total time for which application threads were stopped: 0.0000991 seconds, Stopping threads took: 0.0000316 seconds
2016-06-21T17:14:33.050+0100: 4.576: Total time for which application threads were stopped: 0.0000908 seconds, Stopping threads took: 0.0000237 seconds
2016-06-21T17:14:33.059+0100: 4.585: Total time for which application threads were stopped: 0.0000793 seconds, Stopping threads took: 0.0000237 seconds
2016-06-21T17:14:33.097+0100: 4.623: Total time for which application threads were stopped: 0.0000947 seconds, Stopping threads took: 0.0000284 seconds
2016-06-21T17:14:33.120+0100: 4.645: Total time for which application threads were stopped: 0.0000707 seconds, Stopping threads took: 0.0000221 seconds
2016-06-21T17:14:33.133+0100: 4.659: Total time for which application threads were stopped: 0.0000813 seconds, Stopping threads took: 0.0000359 seconds
2016-06-21T17:14:34.134+0100: 5.659: Total time for which application threads were stopped: 0.0000766 seconds, Stopping threads took: 0.0000241 seconds
2016-06-21T17:14:34.616+0100: 6.141: [GC (CMS Initial Mark) [1 CMS-initial-mark: 0K(393216K)] 85398K(502464K), 0.0100884 secs] [Times: user=0.06 sys=0.00, real=0.01 secs] 
2016-06-21T17:14:34.626+0100: 6.151: Total time for which application threads were stopped: 0.0101792 seconds, Stopping threads took: 0.0000146 seconds
2016-06-21T17:14:34.626+0100: 6.151: [CMS-concurrent-mark-start]
2016-06-21T17:14:34.626+0100: 6.151: [CMS-concurrent-mark: 0.000/0.000 secs] [Times: user=0.00 sys=0.00, real=0.00 secs] 
2016-06-21T17:14:34.626+0100: 6.151: [CMS-concurrent-preclean-start]
2016-06-21T17:14:34.627+0100: 6.152: [CMS-concurrent-preclean: 0.001/0.001 secs] [Times: user=0.00 sys=0.00, real=0.00 secs] 
2016-06-21T17:14:34.627+0100: 6.152: [CMS-concurrent-abortable-preclean-start]
2016-06-21T17:14:35.627+0100: 7.152: Total time for which application threads were stopped: 0.0000797 seconds, Stopping threads took: 0.0000257 seconds
2016-06-21T17:14:36.891+0100: 8.416: Total time for which application threads were stopped: 0.0000695 seconds, Stopping threads took: 0.0000213 seconds
2016-06-21T17:14:36.895+0100: 8.420: Total time for which application threads were stopped: 0.0000659 seconds, Stopping threads took: 0.0000209 seconds
2016-06-21T17:14:36.915+0100: 8.440: Total time for which application threads were stopped: 0.0014282 seconds, Stopping threads took: 0.0013473 seconds
2016-06-21T17:14:36.937+0100: 8.462: Total time for which application threads were stopped: 0.0000876 seconds, Stopping threads took: 0.0000249 seconds
2016-06-21T17:14:36.952+0100: 8.477: Total time for which application threads were stopped: 0.0000829 seconds, Stopping threads took: 0.0000245 seconds
2016-06-21T17:14:37.230+0100: 8.755: Total time for which application threads were stopped: 0.0000817 seconds, Stopping threads took: 0.0000229 seconds
2016-06-21T17:14:37.282+0100: 8.808: Total time for which application threads were stopped: 0.0001176 seconds, Stopping threads took: 0.0000624 seconds
2016-06-21T17:14:37.283+0100: 8.808: Total time for which application threads were stopped: 0.0000505 seconds, Stopping threads took: 0.0000126 seconds
 CMS: abort preclean due to time 2016-06-21T17:14:40.657+0100: 12.182: [CMS-concurrent-abortable-preclean: 1.813/6.031 secs] [Times: user=1.98 sys=0.20, real=6.03 secs] 
2016-06-21T17:14:40.657+0100: 12.183: [GC (CMS Final Remark) [YG occupancy: 92611 K (109248 K)]{Heap before GC invocations=2 (full 1):
 par new generation   total 109248K, used 92611K [0x00000000e0000000, 0x00000000e8000000, 0x00000000e8000000)
  eden space 87424K,  92% used [0x00000000e0000000, 0x00000000e4f49968, 0x00000000e5560000)
  from space 21824K,  52% used [0x00000000e5560000, 0x00000000e6087520, 0x00000000e6ab0000)
  to   space 21824K,   0% used [0x00000000e6ab0000, 0x00000000e6ab0000, 0x00000000e8000000)
 concurrent mark-sweep generation total 393216K, used 0K [0x00000000e8000000, 0x0000000100000000, 0x0000000100000000)
 Metaspace       used 25413K, capacity 25766K, committed 26072K, reserved 1073152K
  class space    used 3091K, capacity 3200K, committed 3300K, reserved 1048576K
2016-06-21T17:14:40.657+0100: 12.183: [GC (CMS Final Remark) 2016-06-21T17:14:40.657+0100: 12.183: [ParNew
Desired survivor size 20112992 bytes, new threshold 8 (max 8)
- age   1:    5955304 bytes,    5955304 total
- age   2:    2564504 bytes,    8519808 total
- age   3:    2581256 bytes,   11101064 total
: 92611K->17530K(109248K), 0.0093648 secs] 92611K->17530K(502464K), 0.0094335 secs] [Times: user=0.00 sys=0.00, real=0.01 secs] 
Heap after GC invocations=3 (full 1):
 par new generation   total 109248K, used 17530K [0x00000000e0000000, 0x00000000e8000000, 0x00000000e8000000)
  eden space 87424K,   0% used [0x00000000e0000000, 0x00000000e0000000, 0x00000000e5560000)
  from space 21824K,  80% used [0x00000000e6ab0000, 0x00000000e7bceac0, 0x00000000e8000000)
  to   space 21824K,   0% used [0x00000000e5560000, 0x00000000e5560000, 0x00000000e6ab0000)
 concurrent mark-sweep generation total 393216K, used 0K [0x00000000e8000000, 0x0000000100000000, 0x0000000100000000)
 Metaspace       used 25413K, capacity 25766K, committed 26072K, reserved 1073152K
  class space    used 3091K, capacity 3200K, committed 3300K, reserved 1048576K
}
2016-06-21T17:14:40.666+0100: 12.192: [Rescan (parallel) , 0.0029646 secs]2016-06-21T17:14:40.670+0100: 12.195: [weak refs processing, 0.0003675 secs]2016-06-21T17:14:40.670+0100: 12.196: [class unloading, 0.0038978 secs]2016-06-21T17:14:40.674+0100: 12.199: [scrub symbol table, 0.0041169 secs]2016-06-21T17:14:40.678+0100: 12.204: [scrub string table, 0.0002878 secs][1 CMS-remark: 0K(393216K)] 17530K(502464K), 0.0219252 secs] [Times: user=0.02 sys=0.00, real=0.02 secs] 
2016-06-21T17:14:40.679+0100: 12.205: Total time for which application threads were stopped: 0.0220085 seconds, Stopping threads took: 0.0000209 seconds
2016-06-21T17:14:40.679+0100: 12.205: [CMS-concurrent-sweep-start]
2016-06-21T17:14:40.679+0100: 12.205: [CMS-concurrent-sweep: 0.000/0.000 secs] [Times: user=0.00 sys=0.00, real=0.00 secs] 
2016-06-21T17:14:40.679+0100: 12.205: [CMS-concurrent-reset-start]
2016-06-21T17:14:40.681+0100: 12.207: [CMS-concurrent-reset: 0.002/0.002 secs] [Times: user=0.00 sys=0.00, real=0.00 secs] 
2016-06-21T17:14:40.681+0100: 12.207: Total time for which application threads were stopped: 0.0001165 seconds, Stopping threads took: 0.0000643 seconds
2016-06-21T17:15:17.789+0100: 49.316: Total time for which application threads were stopped: 0.0000955 seconds, Stopping threads took: 0.0000296 seconds
2016-06-21T17:15:17.790+0100: 49.316: Total time for which application threads were stopped: 0.0000383 seconds, Stopping threads took: 0.0000103 seconds
2016-06-21T17:15:17.790+0100: 49.316: Total time for which application threads were stopped: 0.0000474 seconds, Stopping threads took: 0.0000118 seconds
2016-06-21T17:15:17.791+0100: 49.317: Total time for which application threads were stopped: 0.0000529 seconds, Stopping threads took: 0.0000209 seconds
2016-06-21T17:15:17.834+0100: 49.360: Total time for which application threads were stopped: 0.0000730 seconds, Stopping threads took: 0.0000186 seconds
2016-06-21T17:15:17.835+0100: 49.360: Total time for which application threads were stopped: 0.0000470 seconds, Stopping threads took: 0.0000134 seconds
2016-06-21T17:15:17.841+0100: 49.366: Total time for which application threads were stopped: 0.0000663 seconds, Stopping threads took: 0.0000189 seconds
2016-06-21T17:15:17.842+0100: 49.367: Total time for which application threads were stopped: 0.0000553 seconds, Stopping threads took: 0.0000134 seconds
2016-06-21T17:15:17.847+0100: 49.373: Total time for which application threads were stopped: 0.0003675 seconds, Stopping threads took: 0.0000162 seconds
2016-06-21T17:15:17.873+0100: 49.398: Total time for which application threads were stopped: 0.0000829 seconds, Stopping threads took: 0.0000332 seconds
2016-06-21T17:15:17.873+0100: 49.399: Total time for which application threads were stopped: 0.0000324 seconds, Stopping threads took: 0.0000083 seconds
2016-06-21T17:15:17.873+0100: 49.399: Total time for which application threads were stopped: 0.0000292 seconds, Stopping threads took: 0.0000075 seconds
2016-06-21T17:15:17.874+0100: 49.399: Total time for which application threads were stopped: 0.0000446 seconds, Stopping threads took: 0.0000150 seconds
2016-06-21T17:15:17.874+0100: 49.399: Total time for which application threads were stopped: 0.0000513 seconds, Stopping threads took: 0.0000213 seconds
2016-06-21T17:15:17.874+0100: 49.399: Total time for which application threads were stopped: 0.0000355 seconds, Stopping threads took: 0.0000075 seconds
2016-06-21T17:15:18.037+0100: 49.563: Total time for which application threads were stopped: 0.0001172 seconds, Stopping threads took: 0.0000363 seconds
2016-06-21T17:15:18.038+0100: 49.563: Total time for which application threads were stopped: 0.0000734 seconds, Stopping threads took: 0.0000237 seconds
2016-06-21T17:15:18.039+0100: 49.564: Total time for which application threads were stopped: 0.0001090 seconds, Stopping threads took: 0.0000418 seconds
2016-06-21T17:15:18.047+0100: 49.572: Total time for which application threads were stopped: 0.0000920 seconds, Stopping threads took: 0.0000241 seconds
2016-06-21T17:15:18.047+0100: 49.572: Total time for which application threads were stopped: 0.0000699 seconds, Stopping threads took: 0.0000205 seconds
2016-06-21T17:15:18.047+0100: 49.572: Total time for which application threads were stopped: 0.0000411 seconds, Stopping threads took: 0.0000103 seconds
2016-06-21T17:15:18.047+0100: 49.573: Total time for which application threads were stopped: 0.0000561 seconds, Stopping threads took: 0.0000174 seconds
2016-06-21T17:15:18.049+0100: 49.574: Total time for which application threads were stopped: 0.0000754 seconds, Stopping threads took: 0.0000193 seconds
2016-06-21T17:15:18.049+0100: 49.574: Total time for which application threads were stopped: 0.0000565 seconds, Stopping threads took: 0.0000134 seconds
2016-06-21T17:15:18.050+0100: 49.576: Total time for which application threads were stopped: 0.0000734 seconds, Stopping threads took: 0.0000197 seconds
2016-06-21T17:15:18.050+0100: 49.576: Total time for which application threads were stopped: 0.0000438 seconds, Stopping threads took: 0.0000114 seconds
2016-06-21T17:15:18.050+0100: 49.576: Total time for which application threads were stopped: 0.0000308 seconds, Stopping threads took: 0.0000087 seconds
2016-06-21T17:15:18.051+0100: 49.576: Total time for which application threads were stopped: 0.0000284 seconds, Stopping threads took: 0.0000087 seconds
2016-06-21T17:15:18.051+0100: 49.576: Total time for which application threads were stopped: 0.0000280 seconds, Stopping threads took: 0.0000075 seconds
2016-06-21T17:15:18.051+0100: 49.576: Total time for which application threads were stopped: 0.0000261 seconds, Stopping threads took: 0.0000067 seconds
2016-06-21T17:15:18.051+0100: 49.576: Total time for which application threads were stopped: 0.0000264 seconds, Stopping threads took: 0.0000071 seconds
2016-06-21T17:15:18.051+0100: 49.576: Total time for which application threads were stopped: 0.0000261 seconds, Stopping threads took: 0.0000071 seconds
2016-06-21T17:15:18.051+0100: 49.576: Total time for which application threads were stopped: 0.0000261 seconds, Stopping threads took: 0.0000067 seconds
2016-06-21T17:15:18.051+0100: 49.576: Total time for which application threads were stopped: 0.0000261 seconds, Stopping threads took: 0.0000071 seconds
2016-06-21T17:15:18.051+0100: 49.576: Total time for which application threads were stopped: 0.0000959 seconds, Stopping threads took: 0.0000067 seconds
2016-06-21T17:15:18.068+0100: 49.593: Total time for which application threads were stopped: 0.0002945 seconds, Stopping threads took: 0.0000264 seconds
2016-06-21T17:15:18.368+0100: 49.894: Total time for which application threads were stopped: 0.0003561 seconds, Stopping threads took: 0.0000332 seconds
2016-06-21T17:15:18.526+0100: 50.052: Total time for which application threads were stopped: 0.0004263 seconds, Stopping threads took: 0.0001090 seconds
2016-06-21T17:15:18.703+0100: 50.228: Total time for which application threads were stopped: 0.0004046 seconds, Stopping threads took: 0.0001018 seconds
2016-06-21T17:15:18.703+0100: 50.228: Total time for which application threads were stopped: 0.0002495 seconds, Stopping threads took: 0.0000229 seconds
2016-06-21T17:15:18.928+0100: 50.453: Total time for which application threads were stopped: 0.0002021 seconds, Stopping threads took: 0.0001330 seconds
2016-06-21T17:15:18.964+0100: 50.489: Total time for which application threads were stopped: 0.0000817 seconds, Stopping threads took: 0.0000328 seconds
2016-06-21T17:15:18.964+0100: 50.489: Total time for which application threads were stopped: 0.0000529 seconds, Stopping threads took: 0.0000201 seconds
2016-06-21T17:15:18.964+0100: 50.490: Total time for which application threads were stopped: 0.0000640 seconds, Stopping threads took: 0.0000225 seconds
2016-06-21T17:15:18.964+0100: 50.490: Total time for which application threads were stopped: 0.0000489 seconds, Stopping threads took: 0.0000166 seconds
2016-06-21T17:15:18.964+0100: 50.490: Total time for which application threads were stopped: 0.0000430 seconds, Stopping threads took: 0.0000118 seconds
2016-06-21T17:15:18.964+0100: 50.490: Total time for which application threads were stopped: 0.0000482 seconds, Stopping threads took: 0.0000170 seconds
2016-06-21T17:15:18.964+0100: 50.490: Total time for which application threads were stopped: 0.0000533 seconds, Stopping threads took: 0.0000213 seconds
2016-06-21T17:15:18.964+0100: 50.490: Total time for which application threads were stopped: 0.0000430 seconds, Stopping threads took: 0.0000146 seconds
2016-06-21T17:15:18.965+0100: 50.490: Total time for which application threads were stopped: 0.0000529 seconds, Stopping threads took: 0.0000178 seconds
2016-06-21T17:15:18.965+0100: 50.490: Total time for which application threads were stopped: 0.0000517 seconds, Stopping threads took: 0.0000189 seconds
2016-06-21T17:15:18.965+0100: 50.490: Total time for which application threads were stopped: 0.0000454 seconds, Stopping threads took: 0.0000158 seconds
2016-06-21T17:15:18.965+0100: 50.490: Total time for which application threads were stopped: 0.0000442 seconds, Stopping threads took: 0.0000158 seconds
2016-06-21T17:15:18.965+0100: 50.490: Total time for which application threads were stopped: 0.0000521 seconds, Stopping threads took: 0.0000182 seconds
2016-06-21T17:15:18.965+0100: 50.491: Total time for which application threads were stopped: 0.0000549 seconds, Stopping threads took: 0.0000201 seconds
2016-06-21T17:15:18.965+0100: 50.491: Total time for which application threads were stopped: 0.0000553 seconds, Stopping threads took: 0.0000189 seconds
2016-06-21T17:15:18.966+0100: 50.491: Total time for which application threads were stopped: 0.0000580 seconds, Stopping threads took: 0.0000205 seconds
2016-06-21T17:15:18.966+0100: 50.491: Total time for which application threads were stopped: 0.0000482 seconds, Stopping threads took: 0.0000154 seconds
2016-06-21T17:15:18.966+0100: 50.491: Total time for which application threads were stopped: 0.0000505 seconds, Stopping threads took: 0.0000158 seconds
2016-06-21T17:15:18.966+0100: 50.492: Total time for which application threads were stopped: 0.0000572 seconds, Stopping threads took: 0.0000201 seconds
2016-06-21T17:15:18.966+0100: 50.492: Total time for which application threads were stopped: 0.0000482 seconds, Stopping threads took: 0.0000166 seconds
2016-06-21T17:15:18.966+0100: 50.492: Total time for which application threads were stopped: 0.0000450 seconds, Stopping threads took: 0.0000142 seconds
2016-06-21T17:15:18.966+0100: 50.492: Total time for which application threads were stopped: 0.0001544 seconds, Stopping threads took: 0.0000150 seconds
2016-06-21T17:15:18.968+0100: 50.493: Total time for which application threads were stopped: 0.0000817 seconds, Stopping threads took: 0.0000217 seconds
2016-06-21T17:15:18.970+0100: 50.495: Total time for which application threads were stopped: 0.0000943 seconds, Stopping threads took: 0.0000288 seconds
2016-06-21T17:15:18.972+0100: 50.497: Total time for which application threads were stopped: 0.0000778 seconds, Stopping threads took: 0.0000253 seconds
2016-06-21T17:15:18.975+0100: 50.501: Total time for which application threads were stopped: 0.0000971 seconds, Stopping threads took: 0.0000268 seconds
2016-06-21T17:15:18.977+0100: 50.502: Total time for which application threads were stopped: 0.0000979 seconds, Stopping threads took: 0.0000339 seconds
2016-06-21T17:15:18.977+0100: 50.503: Total time for which application threads were stopped: 0.0000628 seconds, Stopping threads took: 0.0000276 seconds
2016-06-21T17:15:18.977+0100: 50.503: Total time for which application threads were stopped: 0.0000659 seconds, Stopping threads took: 0.0000241 seconds
2016-06-21T17:15:18.978+0100: 50.503: Total time for which application threads were stopped: 0.0000655 seconds, Stopping threads took: 0.0000284 seconds
2016-06-21T17:15:18.978+0100: 50.503: Total time for which application threads were stopped: 0.0000608 seconds, Stopping threads took: 0.0000233 seconds
2016-06-21T17:15:18.978+0100: 50.503: Total time for which application threads were stopped: 0.0000517 seconds, Stopping threads took: 0.0000138 seconds
2016-06-21T17:15:18.978+0100: 50.503: Total time for which application threads were stopped: 0.0000450 seconds, Stopping threads took: 0.0000118 seconds
2016-06-21T17:15:18.978+0100: 50.504: Total time for which application threads were stopped: 0.0000545 seconds, Stopping threads took: 0.0000142 seconds
2016-06-21T17:15:18.979+0100: 50.505: Total time for which application threads were stopped: 0.0000640 seconds, Stopping threads took: 0.0000213 seconds
2016-06-21T17:15:18.979+0100: 50.505: Total time for which application threads were stopped: 0.0000521 seconds, Stopping threads took: 0.0000154 seconds
2016-06-21T17:15:18.980+0100: 50.505: Total time for which application threads were stopped: 0.0000592 seconds, Stopping threads took: 0.0000197 seconds
2016-06-21T17:15:18.980+0100: 50.505: Total time for which application threads were stopped: 0.0000478 seconds, Stopping threads took: 0.0000150 seconds
2016-06-21T17:15:18.981+0100: 50.507: Total time for which application threads were stopped: 0.0000683 seconds, Stopping threads took: 0.0000237 seconds
2016-06-21T17:15:18.981+0100: 50.507: Total time for which application threads were stopped: 0.0000596 seconds, Stopping threads took: 0.0000189 seconds
2016-06-21T17:15:18.993+0100: 50.519: Total time for which application threads were stopped: 0.0000857 seconds, Stopping threads took: 0.0000225 seconds
2016-06-21T17:15:18.994+0100: 50.519: Total time for which application threads were stopped: 0.0000628 seconds, Stopping threads took: 0.0000178 seconds
2016-06-21T17:15:18.996+0100: 50.521: Total time for which application threads were stopped: 0.0001125 seconds, Stopping threads took: 0.0000375 seconds
2016-06-21T17:15:18.996+0100: 50.521: Total time for which application threads were stopped: 0.0000876 seconds, Stopping threads took: 0.0000233 seconds
2016-06-21T17:15:19.020+0100: 50.546: Total time for which application threads were stopped: 0.0000888 seconds, Stopping threads took: 0.0000264 seconds
2016-06-21T17:15:19.020+0100: 50.546: Total time for which application threads were stopped: 0.0000620 seconds, Stopping threads took: 0.0000166 seconds
2016-06-21T17:15:19.021+0100: 50.547: Total time for which application threads were stopped: 0.0001847 seconds, Stopping threads took: 0.0000170 seconds
2016-06-21T17:15:19.124+0100: 50.650: Total time for which application threads were stopped: 0.0001129 seconds, Stopping threads took: 0.0000268 seconds
2016-06-21T17:15:19.124+0100: 50.650: Total time for which application threads were stopped: 0.0000584 seconds, Stopping threads took: 0.0000170 seconds
2016-06-21T17:15:19.144+0100: 50.670: Total time for which application threads were stopped: 0.0001046 seconds, Stopping threads took: 0.0000391 seconds
2016-06-21T17:15:19.145+0100: 50.670: Total time for which application threads were stopped: 0.0000699 seconds, Stopping threads took: 0.0000253 seconds
2016-06-21T17:15:19.145+0100: 50.670: Total time for which application threads were stopped: 0.0000509 seconds, Stopping threads took: 0.0000201 seconds
2016-06-21T17:15:19.145+0100: 50.670: Total time for which application threads were stopped: 0.0000497 seconds, Stopping threads took: 0.0000174 seconds
2016-06-21T17:15:19.145+0100: 50.670: Total time for which application threads were stopped: 0.0000565 seconds, Stopping threads took: 0.0000237 seconds
2016-06-21T17:15:19.145+0100: 50.671: Total time for which application threads were stopped: 0.0000517 seconds, Stopping threads took: 0.0000209 seconds
2016-06-21T17:15:19.145+0100: 50.671: Total time for which application threads were stopped: 0.0000561 seconds, Stopping threads took: 0.0000193 seconds
2016-06-21T17:15:19.145+0100: 50.671: Total time for which application threads were stopped: 0.0000466 seconds, Stopping threads took: 0.0000166 seconds
2016-06-21T17:15:19.145+0100: 50.671: Total time for which application threads were stopped: 0.0000513 seconds, Stopping threads took: 0.0000178 seconds
2016-06-21T17:15:19.145+0100: 50.671: Total time for which application threads were stopped: 0.0000482 seconds, Stopping threads took: 0.0000166 seconds
2016-06-21T17:15:19.145+0100: 50.671: Total time for which application threads were stopped: 0.0000501 seconds, Stopping threads took: 0.0000182 seconds
2016-06-21T17:15:19.145+0100: 50.671: Total time for which application threads were stopped: 0.0000509 seconds, Stopping threads took: 0.0000193 seconds
2016-06-21T17:15:19.145+0100: 50.671: Total time for which application threads were stopped: 0.0000525 seconds, Stopping threads took: 0.0000209 seconds
2016-06-21T17:15:19.146+0100: 50.671: Total time for which application threads were stopped: 0.0000521 seconds, Stopping threads took: 0.0000186 seconds
2016-06-21T17:15:19.146+0100: 50.671: Total time for which application threads were stopped: 0.0000482 seconds, Stopping threads took: 0.0000178 seconds
2016-06-21T17:15:19.146+0100: 50.671: Total time for which application threads were stopped: 0.0000442 seconds, Stopping threads took: 0.0000162 seconds
2016-06-21T17:15:19.146+0100: 50.671: Total time for which application threads were stopped: 0.0000750 seconds, Stopping threads took: 0.0000138 seconds
2016-06-21T17:15:19.146+0100: 50.671: Total time for which application threads were stopped: 0.0000414 seconds, Stopping threads took: 0.0000114 seconds
2016-06-21T17:15:19.146+0100: 50.671: Total time for which application threads were stopped: 0.0000407 seconds, Stopping threads took: 0.0000114 seconds
2016-06-21T17:15:19.146+0100: 50.672: Total time for which application threads were stopped: 0.0001599 seconds, Stopping threads took: 0.0000126 seconds
2016-06-21T17:15:19.175+0100: 50.700: Total time for which application threads were stopped: 0.0001311 seconds, Stopping threads took: 0.0000387 seconds
2016-06-21T17:15:20.175+0100: 51.700: Total time for which application threads were stopped: 0.0001105 seconds, Stopping threads took: 0.0000276 seconds
2016-06-21T17:15:51.940+0100: 83.466: Total time for which application threads were stopped: 0.0001236 seconds, Stopping threads took: 0.0000430 seconds
2016-06-21T17:15:52.009+0100: 83.535: Total time for which application threads were stopped: 0.0000667 seconds, Stopping threads took: 0.0000174 seconds
2016-06-21T17:15:52.009+0100: 83.535: Total time for which application threads were stopped: 0.0000367 seconds, Stopping threads took: 0.0000091 seconds
2016-06-21T17:15:52.012+0100: 83.539: Total time for which application threads were stopped: 0.0009790 seconds, Stopping threads took: 0.0009056 seconds
2016-06-21T17:15:52.090+0100: 83.616: Total time for which application threads were stopped: 0.0001078 seconds, Stopping threads took: 0.0000288 seconds
2016-06-21T17:15:52.151+0100: 83.676: Total time for which application threads were stopped: 0.0001259 seconds, Stopping threads took: 0.0000292 seconds
2016-06-21T17:15:52.151+0100: 83.676: Total time for which application threads were stopped: 0.0000572 seconds, Stopping threads took: 0.0000186 seconds
2016-06-21T17:15:52.151+0100: 83.677: Total time for which application threads were stopped: 0.0000572 seconds, Stopping threads took: 0.0000217 seconds
2016-06-21T17:15:52.159+0100: 83.684: Total time for which application threads were stopped: 0.0000940 seconds, Stopping threads took: 0.0000268 seconds
2016-06-21T17:15:52.160+0100: 83.685: Total time for which application threads were stopped: 0.0000671 seconds, Stopping threads took: 0.0000201 seconds
2016-06-21T17:15:52.166+0100: 83.691: Total time for which application threads were stopped: 0.0000955 seconds, Stopping threads took: 0.0000320 seconds
2016-06-21T17:15:52.168+0100: 83.693: Total time for which application threads were stopped: 0.0000770 seconds, Stopping threads took: 0.0000209 seconds
{Heap before GC invocations=3 (full 1):
 par new generation   total 109248K, used 104954K [0x00000000e0000000, 0x00000000e8000000, 0x00000000e8000000)
  eden space 87424K, 100% used [0x00000000e0000000, 0x00000000e5560000, 0x00000000e5560000)
  from space 21824K,  80% used [0x00000000e6ab0000, 0x00000000e7bceac0, 0x00000000e8000000)
  to   space 21824K,   0% used [0x00000000e5560000, 0x00000000e5560000, 0x00000000e6ab0000)
 concurrent mark-sweep generation total 393216K, used 0K [0x00000000e8000000, 0x0000000100000000, 0x0000000100000000)
 Metaspace       used 32287K, capacity 32620K, committed 32856K, reserved 1079296K
  class space    used 3795K, capacity 3905K, committed 3940K, reserved 1048576K
2016-06-21T17:15:52.211+0100: 83.736: [GC (Allocation Failure) 2016-06-21T17:15:52.211+0100: 83.736: [ParNew
Desired survivor size 20112992 bytes, new threshold 8 (max 8)
- age   1:   13504856 bytes,   13504856 total
- age   2:    1049584 bytes,   14554440 total
- age   3:    2514576 bytes,   17069016 total
- age   4:    2533736 bytes,   19602752 total
: 104954K->21507K(109248K), 0.0151682 secs] 104954K->21507K(502464K), 0.0152590 secs] [Times: user=0.06 sys=0.00, real=0.02 secs] 
Heap after GC invocations=4 (full 1):
 par new generation   total 109248K, used 21507K [0x00000000e0000000, 0x00000000e8000000, 0x00000000e8000000)
  eden space 87424K,   0% used [0x00000000e0000000, 0x00000000e0000000, 0x00000000e5560000)
  from space 21824K,  98% used [0x00000000e5560000, 0x00000000e6a60cb0, 0x00000000e6ab0000)
  to   space 21824K,   0% used [0x00000000e6ab0000, 0x00000000e6ab0000, 0x00000000e8000000)
 concurrent mark-sweep generation total 393216K, used 0K [0x00000000e8000000, 0x0000000100000000, 0x0000000100000000)
 Metaspace       used 32287K, capacity 32620K, committed 32856K, reserved 1079296K
  class space    used 3795K, capacity 3905K, committed 3940K, reserved 1048576K
}
2016-06-21T17:15:52.226+0100: 83.752: Total time for which application threads were stopped: 0.0154923 seconds, Stopping threads took: 0.0000257 seconds
2016-06-21T17:15:52.229+0100: 83.754: Total time for which application threads were stopped: 0.0001587 seconds, Stopping threads took: 0.0000529 seconds
2016-06-21T17:15:52.229+0100: 83.754: Total time for which application threads were stopped: 0.0001015 seconds, Stopping threads took: 0.0000308 seconds
2016-06-21T17:15:52.230+0100: 83.755: Total time for which application threads were stopped: 0.0003450 seconds, Stopping threads took: 0.0001686 seconds
2016-06-21T17:15:52.230+0100: 83.756: Total time for which application threads were stopped: 0.0001141 seconds, Stopping threads took: 0.0000667 seconds
2016-06-21T17:15:52.230+0100: 83.756: Total time for which application threads were stopped: 0.0000565 seconds, Stopping threads took: 0.0000197 seconds
2016-06-21T17:15:52.231+0100: 83.756: Total time for which application threads were stopped: 0.0000872 seconds, Stopping threads took: 0.0000497 seconds
2016-06-21T17:15:52.231+0100: 83.756: Total time for which application threads were stopped: 0.0000474 seconds, Stopping threads took: 0.0000142 seconds
2016-06-21T17:15:52.231+0100: 83.756: Total time for which application threads were stopped: 0.0001690 seconds, Stopping threads took: 0.0000170 seconds
2016-06-21T17:15:52.235+0100: 83.760: Total time for which application threads were stopped: 0.0000924 seconds, Stopping threads took: 0.0000363 seconds
2016-06-21T17:15:52.235+0100: 83.760: Total time for which application threads were stopped: 0.0000557 seconds, Stopping threads took: 0.0000249 seconds
2016-06-21T17:15:52.676+0100: 84.201: Total time for which application threads were stopped: 0.0000632 seconds, Stopping threads took: 0.0000170 seconds
2016-06-21T17:15:52.676+0100: 84.201: Total time for which application threads were stopped: 0.0000296 seconds, Stopping threads took: 0.0000087 seconds
2016-06-21T17:15:52.676+0100: 84.202: Total time for which application threads were stopped: 0.0000324 seconds, Stopping threads took: 0.0000091 seconds
2016-06-21T17:15:52.677+0100: 84.203: Total time for which application threads were stopped: 0.0000383 seconds, Stopping threads took: 0.0000099 seconds
2016-06-21T17:15:52.683+0100: 84.208: Total time for which application threads were stopped: 0.0000845 seconds, Stopping threads took: 0.0000300 seconds
2016-06-21T17:15:52.697+0100: 84.222: Total time for which application threads were stopped: 0.0000707 seconds, Stopping threads took: 0.0000189 seconds
2016-06-21T17:15:53.697+0100: 85.223: Total time for which application threads were stopped: 0.0002692 seconds, Stopping threads took: 0.0000849 seconds
2016-06-21T17:16:00.371+0100: 91.896: Total time for which application threads were stopped: 0.0003900 seconds, Stopping threads took: 0.0000245 seconds
2016-06-21T17:16:00.379+0100: 91.904: Total time for which application threads were stopped: 0.0003403 seconds, Stopping threads took: 0.0000178 seconds
2016-06-21T17:16:00.392+0100: 91.917: Total time for which application threads were stopped: 0.0000849 seconds, Stopping threads took: 0.0000268 seconds
2016-06-21T17:16:01.393+0100: 92.918: Total time for which application threads were stopped: 0.0000837 seconds, Stopping threads took: 0.0000237 seconds
2016-06-21T17:16:27.622+0100: 119.148: Total time for which application threads were stopped: 0.0001003 seconds, Stopping threads took: 0.0000268 seconds
2016-06-21T17:16:27.623+0100: 119.149: Total time for which application threads were stopped: 0.0000474 seconds, Stopping threads took: 0.0000126 seconds
2016-06-21T17:16:27.623+0100: 119.149: Total time for which application threads were stopped: 0.0000418 seconds, Stopping threads took: 0.0000114 seconds
2016-06-21T17:16:27.624+0100: 119.149: Total time for which application threads were stopped: 0.0000434 seconds, Stopping threads took: 0.0000114 seconds
2016-06-21T17:16:27.624+0100: 119.149: Total time for which application threads were stopped: 0.0000387 seconds, Stopping threads took: 0.0000111 seconds
2016-06-21T17:16:28.624+0100: 120.149: Total time for which application threads were stopped: 0.0000817 seconds, Stopping threads took: 0.0000249 seconds
2016-06-21T17:16:30.625+0100: 122.151: Total time for which application threads were stopped: 0.0000805 seconds, Stopping threads took: 0.0000261 seconds
2016-06-21T17:16:35.627+0100: 127.152: Total time for which application threads were stopped: 0.0002290 seconds, Stopping threads took: 0.0000616 seconds
2016-06-21T17:16:38.629+0100: 130.154: Total time for which application threads were stopped: 0.0001350 seconds, Stopping threads took: 0.0000395 seconds
2016-06-21T17:16:43.632+0100: 135.157: Total time for which application threads were stopped: 0.0002878 seconds, Stopping threads took: 0.0000513 seconds
2016-06-21T17:16:47.634+0100: 139.160: Total time for which application threads were stopped: 0.0002424 seconds, Stopping threads took: 0.0000600 seconds
2016-06-21T17:17:05.871+0100: 157.396: Total time for which application threads were stopped: 0.0005270 seconds, Stopping threads took: 0.0000189 seconds
2016-06-21T17:17:05.873+0100: 157.399: Total time for which application threads were stopped: 0.0000738 seconds, Stopping threads took: 0.0000186 seconds
2016-06-21T17:17:05.873+0100: 157.399: Total time for which application threads were stopped: 0.0000568 seconds, Stopping threads took: 0.0000201 seconds
2016-06-21T17:17:05.876+0100: 157.402: Total time for which application threads were stopped: 0.0000837 seconds, Stopping threads took: 0.0000186 seconds
2016-06-21T17:17:05.876+0100: 157.402: Total time for which application threads were stopped: 0.0000513 seconds, Stopping threads took: 0.0000122 seconds
2016-06-21T17:17:05.877+0100: 157.403: Total time for which application threads were stopped: 0.0000493 seconds, Stopping threads took: 0.0000111 seconds
2016-06-21T17:17:05.877+0100: 157.403: Total time for which application threads were stopped: 0.0000458 seconds, Stopping threads took: 0.0000103 seconds
2016-06-21T17:17:05.877+0100: 157.403: Total time for which application threads were stopped: 0.0000478 seconds, Stopping threads took: 0.0000107 seconds
2016-06-21T17:17:05.878+0100: 157.404: Total time for which application threads were stopped: 0.0000426 seconds, Stopping threads took: 0.0000114 seconds
2016-06-21T17:17:05.879+0100: 157.405: Total time for which application threads were stopped: 0.0000679 seconds, Stopping threads took: 0.0000158 seconds
2016-06-21T17:17:05.879+0100: 157.405: Total time for which application threads were stopped: 0.0000418 seconds, Stopping threads took: 0.0000091 seconds
2016-06-21T17:17:05.879+0100: 157.405: Total time for which application threads were stopped: 0.0000446 seconds, Stopping threads took: 0.0000099 seconds
2016-06-21T17:17:05.879+0100: 157.405: Total time for which application threads were stopped: 0.0000517 seconds, Stopping threads took: 0.0000126 seconds
2016-06-21T17:17:05.880+0100: 157.405: Total time for which application threads were stopped: 0.0000438 seconds, Stopping threads took: 0.0000134 seconds
2016-06-21T17:17:05.881+0100: 157.407: Total time for which application threads were stopped: 0.0001117 seconds, Stopping threads took: 0.0000237 seconds
Heap
 par new generation   total 109248K, used 48684K [0x00000000e0000000, 0x00000000e8000000, 0x00000000e8000000)
  eden space 87424K,  31% used [0x00000000e0000000, 0x00000000e1a8a638, 0x00000000e5560000)
  from space 21824K,  98% used [0x00000000e5560000, 0x00000000e6a60cb0, 0x00000000e6ab0000)
  to   space 21824K,   0% used [0x00000000e6ab0000, 0x00000000e6ab0000, 0x00000000e8000000)
 concurrent mark-sweep generation total 393216K, used 0K [0x00000000e8000000, 0x0000000100000000, 0x0000000100000000)
 Metaspace       used 33164K, capacity 33484K, committed 33752K, reserved 1079296K
  class space    used 3888K, capacity 4001K, committed 4068K, reserved 1048576K
