Java HotSpot(TM) 64-Bit Server VM (25.73-b02) for windows-amd64 JRE (1.8.0_73-b02), built on Jan 29 2016 17:38:49 by "java_re" with MS VC++ 10.0 (VS2010)
Memory: 4k page, physical 8269212k(2548356k free), swap 10513632k(2729212k free)
CommandLine flags: -XX:CMSInitiatingOccupancyFraction=50 -XX:CMSMaxAbortablePrecleanTime=6000 -XX:+CMSParallelRemarkEnabled -XX:+CMSScavengeBeforeRemark -XX:ConcGCThreads=4 -XX:InitialHeapSize=536870912 -XX:MaxHeapSize=536870912 -XX:MaxTenuringThreshold=8 -XX:NewRatio=3 -XX:OldPLABSize=16 -XX:ParallelGCThreads=4 -XX:+ParallelRefProcEnabled -XX:PretenureSizeThreshold=67108864 -XX:+PrintGC -XX:+PrintGCApplicationStoppedTime -XX:+PrintGCDateStamps -XX:+PrintGCDetails -XX:+PrintGCTimeStamps -XX:+PrintHeapAtGC -XX:+PrintTenuringDistribution -XX:SurvivorRatio=4 -XX:TargetSurvivorRatio=90 -XX:ThreadStackSize=256 -XX:+UseCMSInitiatingOccupancyOnly -XX:+UseCompressedClassPointers -XX:+UseCompressedOops -XX:+UseConcMarkSweepGC -XX:-UseLargePagesIndividualAllocation -XX:+UseParNewGC 
2016-06-21T18:08:14.082+0100: 0.454: Total time for which application threads were stopped: 0.0001978 seconds, Stopping threads took: 0.0000288 seconds
2016-06-21T18:08:14.375+0100: 0.746: Total time for which application threads were stopped: 0.0001622 seconds, Stopping threads took: 0.0000182 seconds
2016-06-21T18:08:14.462+0100: 0.833: Total time for which application threads were stopped: 0.0001792 seconds, Stopping threads took: 0.0000209 seconds
2016-06-21T18:08:14.473+0100: 0.845: Total time for which application threads were stopped: 0.0001559 seconds, Stopping threads took: 0.0000221 seconds
{Heap before GC invocations=0 (full 0):
 par new generation   total 109248K, used 87424K [0x00000000e0000000, 0x00000000e8000000, 0x00000000e8000000)
  eden space 87424K, 100% used [0x00000000e0000000, 0x00000000e5560000, 0x00000000e5560000)
  from space 21824K,   0% used [0x00000000e5560000, 0x00000000e5560000, 0x00000000e6ab0000)
  to   space 21824K,   0% used [0x00000000e6ab0000, 0x00000000e6ab0000, 0x00000000e8000000)
 concurrent mark-sweep generation total 393216K, used 0K [0x00000000e8000000, 0x0000000100000000, 0x0000000100000000)
 Metaspace       used 10114K, capacity 10268K, committed 10496K, reserved 1058816K
  class space    used 1165K, capacity 1208K, committed 1280K, reserved 1048576K
2016-06-21T18:08:14.901+0100: 1.273: [GC (Allocation Failure) 2016-06-21T18:08:14.901+0100: 1.273: [ParNew
Desired survivor size 20112992 bytes, new threshold 8 (max 8)
- age   1:    5901488 bytes,    5901488 total
: 87424K->5837K(109248K), 0.0064061 secs] 87424K->5837K(502464K), 0.0066090 secs] [Times: user=0.06 sys=0.00, real=0.01 secs] 
Heap after GC invocations=1 (full 0):
 par new generation   total 109248K, used 5837K [0x00000000e0000000, 0x00000000e8000000, 0x00000000e8000000)
  eden space 87424K,   0% used [0x00000000e0000000, 0x00000000e0000000, 0x00000000e5560000)
  from space 21824K,  26% used [0x00000000e6ab0000, 0x00000000e7063550, 0x00000000e8000000)
  to   space 21824K,   0% used [0x00000000e5560000, 0x00000000e5560000, 0x00000000e6ab0000)
 concurrent mark-sweep generation total 393216K, used 0K [0x00000000e8000000, 0x0000000100000000, 0x0000000100000000)
 Metaspace       used 10114K, capacity 10268K, committed 10496K, reserved 1058816K
  class space    used 1165K, capacity 1208K, committed 1280K, reserved 1048576K
}
2016-06-21T18:08:14.908+0100: 1.280: Total time for which application threads were stopped: 0.0068526 seconds, Stopping threads took: 0.0000316 seconds
2016-06-21T18:08:15.056+0100: 1.428: Total time for which application threads were stopped: 0.0001784 seconds, Stopping threads took: 0.0000205 seconds
2016-06-21T18:08:15.108+0100: 1.480: Total time for which application threads were stopped: 0.0001978 seconds, Stopping threads took: 0.0000213 seconds
2016-06-21T18:08:15.257+0100: 1.629: Total time for which application threads were stopped: 0.0002720 seconds, Stopping threads took: 0.0000292 seconds
2016-06-21T18:08:15.258+0100: 1.630: Total time for which application threads were stopped: 0.0001816 seconds, Stopping threads took: 0.0000186 seconds
2016-06-21T18:08:15.263+0100: 1.634: Total time for which application threads were stopped: 0.0002057 seconds, Stopping threads took: 0.0000261 seconds
2016-06-21T18:08:15.491+0100: 1.874: Total time for which application threads were stopped: 0.0005456 seconds, Stopping threads took: 0.0003063 seconds
2016-06-21T18:08:15.576+0100: 1.961: Total time for which application threads were stopped: 0.0002341 seconds, Stopping threads took: 0.0000332 seconds
2016-06-21T18:08:15.625+0100: 1.997: Total time for which application threads were stopped: 0.0002167 seconds, Stopping threads took: 0.0000197 seconds
{Heap before GC invocations=1 (full 0):
 par new generation   total 109248K, used 93261K [0x00000000e0000000, 0x00000000e8000000, 0x00000000e8000000)
  eden space 87424K, 100% used [0x00000000e0000000, 0x00000000e5560000, 0x00000000e5560000)
  from space 21824K,  26% used [0x00000000e6ab0000, 0x00000000e7063550, 0x00000000e8000000)
  to   space 21824K,   0% used [0x00000000e5560000, 0x00000000e5560000, 0x00000000e6ab0000)
 concurrent mark-sweep generation total 393216K, used 0K [0x00000000e8000000, 0x0000000100000000, 0x0000000100000000)
 Metaspace       used 20474K, capacity 20758K, committed 20992K, reserved 1067008K
  class space    used 2460K, capacity 2550K, committed 2560K, reserved 1048576K
2016-06-21T18:08:15.730+0100: 2.113: [GC (Allocation Failure) 2016-06-21T18:08:15.730+0100: 2.113: [ParNew
Desired survivor size 20112992 bytes, new threshold 8 (max 8)
- age   1:    9371344 bytes,    9371344 total
- age   2:    2592736 bytes,   11964080 total
: 93261K->12721K(109248K), 0.0101457 secs] 93261K->12721K(502464K), 0.0102511 secs] [Times: user=0.06 sys=0.00, real=0.01 secs] 
Heap after GC invocations=2 (full 0):
 par new generation   total 109248K, used 12721K [0x00000000e0000000, 0x00000000e8000000, 0x00000000e8000000)
  eden space 87424K,   0% used [0x00000000e0000000, 0x00000000e0000000, 0x00000000e5560000)
  from space 21824K,  58% used [0x00000000e5560000, 0x00000000e61cc540, 0x00000000e6ab0000)
  to   space 21824K,   0% used [0x00000000e6ab0000, 0x00000000e6ab0000, 0x00000000e8000000)
 concurrent mark-sweep generation total 393216K, used 0K [0x00000000e8000000, 0x0000000100000000, 0x0000000100000000)
 Metaspace       used 20474K, capacity 20758K, committed 20992K, reserved 1067008K
  class space    used 2460K, capacity 2550K, committed 2560K, reserved 1048576K
}
2016-06-21T18:08:15.745+0100: 2.124: Total time for which application threads were stopped: 0.0104125 seconds, Stopping threads took: 0.0000193 seconds
2016-06-21T18:08:15.792+0100: 2.175: Total time for which application threads were stopped: 0.0002830 seconds, Stopping threads took: 0.0000264 seconds
2016-06-21T18:08:15.830+0100: 2.211: Total time for which application threads were stopped: 0.0001508 seconds, Stopping threads took: 0.0000367 seconds
2016-06-21T18:08:15.877+0100: 2.259: Total time for which application threads were stopped: 0.0001263 seconds, Stopping threads took: 0.0000316 seconds
2016-06-21T18:08:15.947+0100: 2.318: Total time for which application threads were stopped: 0.0001429 seconds, Stopping threads took: 0.0000430 seconds
2016-06-21T18:08:15.983+0100: 2.355: Total time for which application threads were stopped: 0.0000750 seconds, Stopping threads took: 0.0000237 seconds
2016-06-21T18:08:15.998+0100: 2.369: Total time for which application threads were stopped: 0.0000797 seconds, Stopping threads took: 0.0000288 seconds
2016-06-21T18:08:16.016+0100: 2.388: Total time for which application threads were stopped: 0.0000967 seconds, Stopping threads took: 0.0000272 seconds
2016-06-21T18:08:16.031+0100: 2.414: Total time for which application threads were stopped: 0.0000857 seconds, Stopping threads took: 0.0000245 seconds
2016-06-21T18:08:16.073+0100: 2.445: Total time for which application threads were stopped: 0.0000691 seconds, Stopping threads took: 0.0000186 seconds
2016-06-21T18:08:16.096+0100: 2.468: Total time for which application threads were stopped: 0.0000699 seconds, Stopping threads took: 0.0000225 seconds
2016-06-21T18:08:16.100+0100: 2.485: Total time for which application threads were stopped: 0.0000715 seconds, Stopping threads took: 0.0000229 seconds
2016-06-21T18:08:16.147+0100: 2.522: Total time for which application threads were stopped: 0.0000880 seconds, Stopping threads took: 0.0000229 seconds
2016-06-21T18:08:16.163+0100: 2.548: Total time for which application threads were stopped: 0.0000774 seconds, Stopping threads took: 0.0000221 seconds
2016-06-21T18:08:16.200+0100: 2.582: Total time for which application threads were stopped: 0.0000766 seconds, Stopping threads took: 0.0000221 seconds
2016-06-21T18:08:16.232+0100: 2.607: Total time for which application threads were stopped: 0.0000754 seconds, Stopping threads took: 0.0000241 seconds
2016-06-21T18:08:17.232+0100: 3.604: Total time for which application threads were stopped: 0.0000868 seconds, Stopping threads took: 0.0000261 seconds
2016-06-21T18:08:17.748+0100: 4.120: Total time for which application threads were stopped: 0.0003075 seconds, Stopping threads took: 0.0000189 seconds
2016-06-21T18:08:17.752+0100: 4.123: [GC (CMS Initial Mark) [1 CMS-initial-mark: 0K(393216K)] 91932K(502464K), 0.0139681 secs] [Times: user=0.00 sys=0.00, real=0.00 secs] 
2016-06-21T18:08:17.754+0100: 4.137: Total time for which application threads were stopped: 0.0140778 seconds, Stopping threads took: 0.0000150 seconds
2016-06-21T18:08:17.754+0100: 4.137: [CMS-concurrent-mark-start]
2016-06-21T18:08:17.754+0100: 4.138: [CMS-concurrent-mark: 0.000/0.000 secs] [Times: user=0.00 sys=0.00, real=0.00 secs] 
2016-06-21T18:08:17.754+0100: 4.138: [CMS-concurrent-preclean-start]
2016-06-21T18:08:17.754+0100: 4.139: [CMS-concurrent-preclean: 0.001/0.001 secs] [Times: user=0.00 sys=0.00, real=0.00 secs] 
2016-06-21T18:08:17.754+0100: 4.139: [CMS-concurrent-abortable-preclean-start]
2016-06-21T18:08:19.755+0100: 6.127: Total time for which application threads were stopped: 0.0000872 seconds, Stopping threads took: 0.0000288 seconds
 CMS: abort preclean due to time 2016-06-21T18:08:23.806+0100: 10.178: [CMS-concurrent-abortable-preclean: 1.899/6.039 secs] [Times: user=1.75 sys=0.00, real=6.05 secs] 
2016-06-21T18:08:23.807+0100: 10.178: [GC (CMS Final Remark) [YG occupancy: 91932 K (109248 K)]{Heap before GC invocations=2 (full 1):
 par new generation   total 109248K, used 91932K [0x00000000e0000000, 0x00000000e8000000, 0x00000000e8000000)
  eden space 87424K,  90% used [0x00000000e0000000, 0x00000000e4d5ac40, 0x00000000e5560000)
  from space 21824K,  58% used [0x00000000e5560000, 0x00000000e61cc540, 0x00000000e6ab0000)
  to   space 21824K,   0% used [0x00000000e6ab0000, 0x00000000e6ab0000, 0x00000000e8000000)
 concurrent mark-sweep generation total 393216K, used 0K [0x00000000e8000000, 0x0000000100000000, 0x0000000100000000)
 Metaspace       used 25336K, capacity 25702K, committed 25944K, reserved 1073152K
  class space    used 3090K, capacity 3200K, committed 3216K, reserved 1048576K
2016-06-21T18:08:23.807+0100: 10.179: [GC (CMS Final Remark) 2016-06-21T18:08:23.807+0100: 10.179: [ParNew
Desired survivor size 20112992 bytes, new threshold 8 (max 8)
- age   1:    4714032 bytes,    4714032 total
- age   2:    2921056 bytes,    7635088 total
- age   3:    2589392 bytes,   10224480 total
: 91932K->14611K(109248K), 0.0081967 secs] 91932K->14611K(502464K), 0.0082729 secs] [Times: user=0.06 sys=0.00, real=0.01 secs] 
Heap after GC invocations=3 (full 1):
 par new generation   total 109248K, used 14611K [0x00000000e0000000, 0x00000000e8000000, 0x00000000e8000000)
  eden space 87424K,   0% used [0x00000000e0000000, 0x00000000e0000000, 0x00000000e5560000)
  from space 21824K,  66% used [0x00000000e6ab0000, 0x00000000e78f4f80, 0x00000000e8000000)
  to   space 21824K,   0% used [0x00000000e5560000, 0x00000000e5560000, 0x00000000e6ab0000)
 concurrent mark-sweep generation total 393216K, used 0K [0x00000000e8000000, 0x0000000100000000, 0x0000000100000000)
 Metaspace       used 25336K, capacity 25702K, committed 25944K, reserved 1073152K
  class space    used 3090K, capacity 3200K, committed 3216K, reserved 1048576K
}
2016-06-21T18:08:23.815+0100: 10.187: [Rescan (parallel) , 0.0030736 secs]2016-06-21T18:08:23.818+0100: 10.190: [weak refs processing, 0.0002625 secs]2016-06-21T18:08:23.818+0100: 10.190: [class unloading, 0.0041055 secs]2016-06-21T18:08:23.823+0100: 10.194: [scrub symbol table, 0.0061906 secs]2016-06-21T18:08:23.829+0100: 10.201: [scrub string table, 0.0004370 secs][1 CMS-remark: 0K(393216K)] 14611K(502464K), 0.0233499 secs] [Times: user=0.08 sys=0.00, real=0.02 secs] 
2016-06-21T18:08:23.830+0100: 10.202: Total time for which application threads were stopped: 0.0234668 seconds, Stopping threads took: 0.0000312 seconds
2016-06-21T18:08:23.830+0100: 10.202: [CMS-concurrent-sweep-start]
2016-06-21T18:08:23.830+0100: 10.202: [CMS-concurrent-sweep: 0.000/0.000 secs] [Times: user=0.00 sys=0.00, real=0.00 secs] 
2016-06-21T18:08:23.830+0100: 10.202: [CMS-concurrent-reset-start]
2016-06-21T18:08:23.832+0100: 10.204: [CMS-concurrent-reset: 0.002/0.002 secs] [Times: user=0.00 sys=0.00, real=0.00 secs] 
2016-06-21T18:08:24.830+0100: 11.202: Total time for which application threads were stopped: 0.0000865 seconds, Stopping threads took: 0.0000264 seconds
2016-06-21T18:08:26.396+0100: 12.768: Total time for which application threads were stopped: 0.0000643 seconds, Stopping threads took: 0.0000189 seconds
2016-06-21T18:08:26.396+0100: 12.768: Total time for which application threads were stopped: 0.0000257 seconds, Stopping threads took: 0.0000071 seconds
2016-06-21T18:08:26.396+0100: 12.769: Total time for which application threads were stopped: 0.0000339 seconds, Stopping threads took: 0.0000091 seconds
2016-06-21T18:08:26.430+0100: 12.803: Total time for which application threads were stopped: 0.0000754 seconds, Stopping threads took: 0.0000170 seconds
2016-06-21T18:08:26.431+0100: 12.803: Total time for which application threads were stopped: 0.0000343 seconds, Stopping threads took: 0.0000075 seconds
2016-06-21T18:08:26.438+0100: 12.810: Total time for which application threads were stopped: 0.0000600 seconds, Stopping threads took: 0.0000189 seconds
2016-06-21T18:08:26.444+0100: 12.816: Total time for which application threads were stopped: 0.0002957 seconds, Stopping threads took: 0.0000170 seconds
2016-06-21T18:08:27.032+0100: 13.404: Total time for which application threads were stopped: 0.0003924 seconds, Stopping threads took: 0.0000324 seconds
2016-06-21T18:08:27.176+0100: 13.548: Total time for which application threads were stopped: 0.0003162 seconds, Stopping threads took: 0.0000339 seconds
2016-06-21T18:08:27.458+0100: 13.829: Total time for which application threads were stopped: 0.0003316 seconds, Stopping threads took: 0.0000272 seconds
2016-06-21T18:08:27.458+0100: 13.830: Total time for which application threads were stopped: 0.0001970 seconds, Stopping threads took: 0.0000162 seconds
2016-06-21T18:08:27.658+0100: 14.030: Total time for which application threads were stopped: 0.0004137 seconds, Stopping threads took: 0.0000375 seconds
2016-06-21T18:08:27.780+0100: 14.152: Total time for which application threads were stopped: 0.0001263 seconds, Stopping threads took: 0.0000454 seconds
2016-06-21T18:08:27.780+0100: 14.152: Total time for which application threads were stopped: 0.0000608 seconds, Stopping threads took: 0.0000154 seconds
2016-06-21T18:08:27.781+0100: 14.152: Total time for which application threads were stopped: 0.0000537 seconds, Stopping threads took: 0.0000186 seconds
2016-06-21T18:08:27.781+0100: 14.152: Total time for which application threads were stopped: 0.0000422 seconds, Stopping threads took: 0.0000138 seconds
2016-06-21T18:08:27.781+0100: 14.153: Total time for which application threads were stopped: 0.0000521 seconds, Stopping threads took: 0.0000186 seconds
2016-06-21T18:08:27.781+0100: 14.153: Total time for which application threads were stopped: 0.0000442 seconds, Stopping threads took: 0.0000150 seconds
2016-06-21T18:08:27.783+0100: 14.155: Total time for which application threads were stopped: 0.0001011 seconds, Stopping threads took: 0.0000296 seconds
2016-06-21T18:08:27.783+0100: 14.155: Total time for which application threads were stopped: 0.0000403 seconds, Stopping threads took: 0.0000114 seconds
2016-06-21T18:08:27.783+0100: 14.155: Total time for which application threads were stopped: 0.0000486 seconds, Stopping threads took: 0.0000170 seconds
2016-06-21T18:08:27.783+0100: 14.155: Total time for which application threads were stopped: 0.0000529 seconds, Stopping threads took: 0.0000154 seconds
2016-06-21T18:08:27.784+0100: 14.155: Total time for which application threads were stopped: 0.0000438 seconds, Stopping threads took: 0.0000126 seconds
2016-06-21T18:08:27.784+0100: 14.155: Total time for which application threads were stopped: 0.0000430 seconds, Stopping threads took: 0.0000122 seconds
2016-06-21T18:08:27.784+0100: 14.155: Total time for which application threads were stopped: 0.0000422 seconds, Stopping threads took: 0.0000122 seconds
2016-06-21T18:08:27.785+0100: 14.156: Total time for which application threads were stopped: 0.0000584 seconds, Stopping threads took: 0.0000166 seconds
2016-06-21T18:08:27.786+0100: 14.158: Total time for which application threads were stopped: 0.0000920 seconds, Stopping threads took: 0.0000288 seconds
2016-06-21T18:08:27.786+0100: 14.158: Total time for which application threads were stopped: 0.0000509 seconds, Stopping threads took: 0.0000150 seconds
2016-06-21T18:08:27.786+0100: 14.158: Total time for which application threads were stopped: 0.0000426 seconds, Stopping threads took: 0.0000134 seconds
2016-06-21T18:08:27.786+0100: 14.158: Total time for which application threads were stopped: 0.0000422 seconds, Stopping threads took: 0.0000122 seconds
2016-06-21T18:08:27.786+0100: 14.158: Total time for which application threads were stopped: 0.0000418 seconds, Stopping threads took: 0.0000114 seconds
2016-06-21T18:08:27.786+0100: 14.158: Total time for which application threads were stopped: 0.0000422 seconds, Stopping threads took: 0.0000118 seconds
2016-06-21T18:08:27.786+0100: 14.158: Total time for which application threads were stopped: 0.0000411 seconds, Stopping threads took: 0.0000114 seconds
2016-06-21T18:08:27.787+0100: 14.158: Total time for which application threads were stopped: 0.0001555 seconds, Stopping threads took: 0.0000114 seconds
2016-06-21T18:08:27.788+0100: 14.160: Total time for which application threads were stopped: 0.0000845 seconds, Stopping threads took: 0.0000209 seconds
2016-06-21T18:08:27.791+0100: 14.163: Total time for which application threads were stopped: 0.0001026 seconds, Stopping threads took: 0.0000336 seconds
2016-06-21T18:08:27.792+0100: 14.164: Total time for which application threads were stopped: 0.0000872 seconds, Stopping threads took: 0.0000316 seconds
2016-06-21T18:08:27.795+0100: 14.167: Total time for which application threads were stopped: 0.0000837 seconds, Stopping threads took: 0.0000261 seconds
2016-06-21T18:08:27.797+0100: 14.169: Total time for which application threads were stopped: 0.0000884 seconds, Stopping threads took: 0.0000288 seconds
2016-06-21T18:08:27.797+0100: 14.169: Total time for which application threads were stopped: 0.0000537 seconds, Stopping threads took: 0.0000158 seconds
2016-06-21T18:08:27.797+0100: 14.169: Total time for which application threads were stopped: 0.0000403 seconds, Stopping threads took: 0.0000111 seconds
2016-06-21T18:08:27.798+0100: 14.169: Total time for which application threads were stopped: 0.0000466 seconds, Stopping threads took: 0.0000126 seconds
2016-06-21T18:08:27.798+0100: 14.169: Total time for which application threads were stopped: 0.0000387 seconds, Stopping threads took: 0.0000103 seconds
2016-06-21T18:08:27.798+0100: 14.170: Total time for which application threads were stopped: 0.0000422 seconds, Stopping threads took: 0.0000111 seconds
2016-06-21T18:08:27.798+0100: 14.170: Total time for which application threads were stopped: 0.0000486 seconds, Stopping threads took: 0.0000142 seconds
2016-06-21T18:08:27.798+0100: 14.170: Total time for which application threads were stopped: 0.0000505 seconds, Stopping threads took: 0.0000134 seconds
2016-06-21T18:08:27.800+0100: 14.172: Total time for which application threads were stopped: 0.0001563 seconds, Stopping threads took: 0.0000880 seconds
2016-06-21T18:08:27.800+0100: 14.172: Total time for which application threads were stopped: 0.0000438 seconds, Stopping threads took: 0.0000126 seconds
2016-06-21T18:08:27.813+0100: 14.185: Total time for which application threads were stopped: 0.0000924 seconds, Stopping threads took: 0.0000257 seconds
2016-06-21T18:08:27.813+0100: 14.185: Total time for which application threads were stopped: 0.0000565 seconds, Stopping threads took: 0.0000174 seconds
2016-06-21T18:08:27.816+0100: 14.188: Total time for which application threads were stopped: 0.0000872 seconds, Stopping threads took: 0.0000241 seconds
2016-06-21T18:08:27.816+0100: 14.188: Total time for which application threads were stopped: 0.0000541 seconds, Stopping threads took: 0.0000142 seconds
2016-06-21T18:08:27.847+0100: 14.219: Total time for which application threads were stopped: 0.0000829 seconds, Stopping threads took: 0.0000268 seconds
2016-06-21T18:08:27.848+0100: 14.219: Total time for which application threads were stopped: 0.0000470 seconds, Stopping threads took: 0.0000126 seconds
2016-06-21T18:08:27.849+0100: 14.221: Total time for which application threads were stopped: 0.0000517 seconds, Stopping threads took: 0.0000134 seconds
2016-06-21T18:08:27.849+0100: 14.221: Total time for which application threads were stopped: 0.0000557 seconds, Stopping threads took: 0.0000158 seconds
2016-06-21T18:08:27.850+0100: 14.222: Total time for which application threads were stopped: 0.0000493 seconds, Stopping threads took: 0.0000138 seconds
2016-06-21T18:08:27.850+0100: 14.222: Total time for which application threads were stopped: 0.0000501 seconds, Stopping threads took: 0.0000150 seconds
2016-06-21T18:08:27.858+0100: 14.230: Total time for which application threads were stopped: 0.0001844 seconds, Stopping threads took: 0.0000268 seconds
2016-06-21T18:08:27.989+0100: 14.360: Total time for which application threads were stopped: 0.0001050 seconds, Stopping threads took: 0.0000324 seconds
2016-06-21T18:08:27.989+0100: 14.360: Total time for which application threads were stopped: 0.0000418 seconds, Stopping threads took: 0.0000118 seconds
2016-06-21T18:08:28.025+0100: 14.396: Total time for which application threads were stopped: 0.0000947 seconds, Stopping threads took: 0.0000336 seconds
2016-06-21T18:08:28.025+0100: 14.396: Total time for which application threads were stopped: 0.0000592 seconds, Stopping threads took: 0.0000205 seconds
2016-06-21T18:08:28.025+0100: 14.396: Total time for which application threads were stopped: 0.0000486 seconds, Stopping threads took: 0.0000162 seconds
2016-06-21T18:08:28.025+0100: 14.397: Total time for which application threads were stopped: 0.0000537 seconds, Stopping threads took: 0.0000186 seconds
2016-06-21T18:08:28.025+0100: 14.397: Total time for which application threads were stopped: 0.0000754 seconds, Stopping threads took: 0.0000430 seconds
2016-06-21T18:08:28.025+0100: 14.397: Total time for which application threads were stopped: 0.0000438 seconds, Stopping threads took: 0.0000122 seconds
2016-06-21T18:08:28.025+0100: 14.397: Total time for which application threads were stopped: 0.0000399 seconds, Stopping threads took: 0.0000107 seconds
2016-06-21T18:08:28.025+0100: 14.397: Total time for which application threads were stopped: 0.0000470 seconds, Stopping threads took: 0.0000138 seconds
2016-06-21T18:08:28.025+0100: 14.397: Total time for which application threads were stopped: 0.0000414 seconds, Stopping threads took: 0.0000114 seconds
2016-06-21T18:08:28.025+0100: 14.397: Total time for which application threads were stopped: 0.0000395 seconds, Stopping threads took: 0.0000114 seconds
2016-06-21T18:08:28.026+0100: 14.397: Total time for which application threads were stopped: 0.0000493 seconds, Stopping threads took: 0.0000186 seconds
2016-06-21T18:08:28.026+0100: 14.397: Total time for which application threads were stopped: 0.0000450 seconds, Stopping threads took: 0.0000170 seconds
2016-06-21T18:08:28.026+0100: 14.397: Total time for which application threads were stopped: 0.0000486 seconds, Stopping threads took: 0.0000174 seconds
2016-06-21T18:08:28.026+0100: 14.397: Total time for which application threads were stopped: 0.0000458 seconds, Stopping threads took: 0.0000130 seconds
2016-06-21T18:08:28.026+0100: 14.397: Total time for which application threads were stopped: 0.0000418 seconds, Stopping threads took: 0.0000114 seconds
2016-06-21T18:08:28.026+0100: 14.397: Total time for which application threads were stopped: 0.0000422 seconds, Stopping threads took: 0.0000107 seconds
2016-06-21T18:08:28.026+0100: 14.397: Total time for which application threads were stopped: 0.0000486 seconds, Stopping threads took: 0.0000174 seconds
2016-06-21T18:08:28.026+0100: 14.398: Total time for which application threads were stopped: 0.0000407 seconds, Stopping threads took: 0.0000118 seconds
2016-06-21T18:08:28.026+0100: 14.398: Total time for which application threads were stopped: 0.0000414 seconds, Stopping threads took: 0.0000118 seconds
2016-06-21T18:08:28.026+0100: 14.398: Total time for which application threads were stopped: 0.0001390 seconds, Stopping threads took: 0.0000114 seconds
2016-06-21T18:08:28.061+0100: 14.433: Total time for which application threads were stopped: 0.0000987 seconds, Stopping threads took: 0.0000347 seconds
{Heap before GC invocations=3 (full 1):
 par new generation   total 109248K, used 102035K [0x00000000e0000000, 0x00000000e8000000, 0x00000000e8000000)
  eden space 87424K, 100% used [0x00000000e0000000, 0x00000000e5560000, 0x00000000e5560000)
  from space 21824K,  66% used [0x00000000e6ab0000, 0x00000000e78f4f80, 0x00000000e8000000)
  to   space 21824K,   0% used [0x00000000e5560000, 0x00000000e5560000, 0x00000000e6ab0000)
 concurrent mark-sweep generation total 393216K, used 0K [0x00000000e8000000, 0x0000000100000000, 0x0000000100000000)
 Metaspace       used 31362K, capacity 31672K, committed 31960K, reserved 1077248K
  class space    used 3700K, capacity 3779K, committed 3856K, reserved 1048576K
2016-06-21T18:08:28.705+0100: 15.077: [GC (Allocation Failure) 2016-06-21T18:08:28.705+0100: 15.077: [ParNew
Desired survivor size 20112992 bytes, new threshold 8 (max 8)
- age   1:    8103800 bytes,    8103800 total
- age   2:     703520 bytes,    8807320 total
- age   3:    2885432 bytes,   11692752 total
- age   4:    2542240 bytes,   14234992 total
: 102035K->16993K(109248K), 0.0116450 secs] 102035K->16993K(502464K), 0.0117397 secs] [Times: user=0.00 sys=0.00, real=0.01 secs] 
Heap after GC invocations=4 (full 1):
 par new generation   total 109248K, used 16993K [0x00000000e0000000, 0x00000000e8000000, 0x00000000e8000000)
  eden space 87424K,   0% used [0x00000000e0000000, 0x00000000e0000000, 0x00000000e5560000)
  from space 21824K,  77% used [0x00000000e5560000, 0x00000000e65f8730, 0x00000000e6ab0000)
  to   space 21824K,   0% used [0x00000000e6ab0000, 0x00000000e6ab0000, 0x00000000e8000000)
 concurrent mark-sweep generation total 393216K, used 0K [0x00000000e8000000, 0x0000000100000000, 0x0000000100000000)
 Metaspace       used 31362K, capacity 31672K, committed 31960K, reserved 1077248K
  class space    used 3700K, capacity 3779K, committed 3856K, reserved 1048576K
}
2016-06-21T18:08:28.717+0100: 15.089: Total time for which application threads were stopped: 0.0120322 seconds, Stopping threads took: 0.0000241 seconds
2016-06-21T18:08:28.717+0100: 15.089: Total time for which application threads were stopped: 0.0000837 seconds, Stopping threads took: 0.0000272 seconds
2016-06-21T18:08:28.717+0100: 15.089: Total time for which application threads were stopped: 0.0000628 seconds, Stopping threads took: 0.0000245 seconds
2016-06-21T18:08:28.719+0100: 15.091: Total time for which application threads were stopped: 0.0004666 seconds, Stopping threads took: 0.0003734 seconds
2016-06-21T18:08:28.719+0100: 15.091: Total time for which application threads were stopped: 0.0000983 seconds, Stopping threads took: 0.0000339 seconds
2016-06-21T18:08:28.719+0100: 15.091: Total time for which application threads were stopped: 0.0000620 seconds, Stopping threads took: 0.0000268 seconds
2016-06-21T18:08:28.719+0100: 15.091: Total time for which application threads were stopped: 0.0000738 seconds, Stopping threads took: 0.0000375 seconds
2016-06-21T18:08:28.719+0100: 15.091: Total time for which application threads were stopped: 0.0000616 seconds, Stopping threads took: 0.0000280 seconds
2016-06-21T18:08:28.720+0100: 15.091: Total time for which application threads were stopped: 0.0000501 seconds, Stopping threads took: 0.0000174 seconds
2016-06-21T18:08:28.720+0100: 15.091: Total time for which application threads were stopped: 0.0000659 seconds, Stopping threads took: 0.0000312 seconds
2016-06-21T18:08:28.720+0100: 15.092: Total time for which application threads were stopped: 0.0000647 seconds, Stopping threads took: 0.0000300 seconds
2016-06-21T18:08:28.720+0100: 15.092: Total time for which application threads were stopped: 0.0000568 seconds, Stopping threads took: 0.0000233 seconds
2016-06-21T18:08:28.720+0100: 15.092: Total time for which application threads were stopped: 0.0000651 seconds, Stopping threads took: 0.0000292 seconds
2016-06-21T18:08:28.720+0100: 15.092: Total time for which application threads were stopped: 0.0000655 seconds, Stopping threads took: 0.0000320 seconds
2016-06-21T18:08:28.720+0100: 15.092: Total time for which application threads were stopped: 0.0000699 seconds, Stopping threads took: 0.0000332 seconds
2016-06-21T18:08:28.720+0100: 15.092: Total time for which application threads were stopped: 0.0000722 seconds, Stopping threads took: 0.0000403 seconds
2016-06-21T18:08:28.720+0100: 15.092: Total time for which application threads were stopped: 0.0001666 seconds, Stopping threads took: 0.0000296 seconds
2016-06-21T18:08:29.081+0100: 15.453: Total time for which application threads were stopped: 0.0003509 seconds, Stopping threads took: 0.0000213 seconds
2016-06-21T18:08:29.081+0100: 15.453: Total time for which application threads were stopped: 0.0000414 seconds, Stopping threads took: 0.0000111 seconds
2016-06-21T18:08:29.081+0100: 15.453: Total time for which application threads were stopped: 0.0000418 seconds, Stopping threads took: 0.0000099 seconds
2016-06-21T18:08:29.151+0100: 15.523: Total time for which application threads were stopped: 0.0001113 seconds, Stopping threads took: 0.0000276 seconds
2016-06-21T18:08:29.151+0100: 15.524: Total time for which application threads were stopped: 0.0000632 seconds, Stopping threads took: 0.0000225 seconds
2016-06-21T18:08:29.152+0100: 15.524: Total time for which application threads were stopped: 0.0001109 seconds, Stopping threads took: 0.0000253 seconds
2016-06-21T18:08:29.152+0100: 15.524: Total time for which application threads were stopped: 0.0000486 seconds, Stopping threads took: 0.0000114 seconds
2016-06-21T18:08:29.153+0100: 15.525: Total time for which application threads were stopped: 0.0000497 seconds, Stopping threads took: 0.0000130 seconds
2016-06-21T18:08:29.153+0100: 15.525: Total time for which application threads were stopped: 0.0000462 seconds, Stopping threads took: 0.0000122 seconds
2016-06-21T18:08:29.153+0100: 15.525: Total time for which application threads were stopped: 0.0000430 seconds, Stopping threads took: 0.0000103 seconds
2016-06-21T18:08:29.253+0100: 15.624: Total time for which application threads were stopped: 0.0000805 seconds, Stopping threads took: 0.0000213 seconds
2016-06-21T18:08:29.256+0100: 15.627: Total time for which application threads were stopped: 0.0000699 seconds, Stopping threads took: 0.0000182 seconds
2016-06-21T18:08:29.256+0100: 15.627: Total time for which application threads were stopped: 0.0000391 seconds, Stopping threads took: 0.0000107 seconds
2016-06-21T18:08:29.256+0100: 15.627: Total time for which application threads were stopped: 0.0000446 seconds, Stopping threads took: 0.0000107 seconds
2016-06-21T18:08:29.256+0100: 15.627: Total time for which application threads were stopped: 0.0000442 seconds, Stopping threads took: 0.0000111 seconds
2016-06-21T18:08:29.375+0100: 15.746: Total time for which application threads were stopped: 0.0001011 seconds, Stopping threads took: 0.0000174 seconds
2016-06-21T18:08:29.375+0100: 15.747: Total time for which application threads were stopped: 0.0000316 seconds, Stopping threads took: 0.0000087 seconds
2016-06-21T18:08:29.401+0100: 15.773: Total time for which application threads were stopped: 0.0001058 seconds, Stopping threads took: 0.0000320 seconds
2016-06-21T18:08:29.401+0100: 15.773: Total time for which application threads were stopped: 0.0002270 seconds, Stopping threads took: 0.0001713 seconds
2016-06-21T18:08:29.411+0100: 15.783: Total time for which application threads were stopped: 0.0000624 seconds, Stopping threads took: 0.0000182 seconds
2016-06-21T18:08:29.411+0100: 15.783: Total time for which application threads were stopped: 0.0000474 seconds, Stopping threads took: 0.0000122 seconds
2016-06-21T18:08:30.227+0100: 16.599: Total time for which application threads were stopped: 0.0005021 seconds, Stopping threads took: 0.0000276 seconds
2016-06-21T18:08:30.337+0100: 16.709: Total time for which application threads were stopped: 0.0001315 seconds, Stopping threads took: 0.0000312 seconds
2016-06-21T18:08:30.337+0100: 16.709: Total time for which application threads were stopped: 0.0000561 seconds, Stopping threads took: 0.0000170 seconds
2016-06-21T18:08:30.338+0100: 16.709: Total time for which application threads were stopped: 0.0000561 seconds, Stopping threads took: 0.0000146 seconds
2016-06-21T18:08:30.338+0100: 16.710: Total time for which application threads were stopped: 0.0000659 seconds, Stopping threads took: 0.0000229 seconds
2016-06-21T18:08:30.338+0100: 16.710: Total time for which application threads were stopped: 0.0000545 seconds, Stopping threads took: 0.0000178 seconds
2016-06-21T18:08:30.338+0100: 16.710: Total time for which application threads were stopped: 0.0000517 seconds, Stopping threads took: 0.0000170 seconds
2016-06-21T18:08:30.338+0100: 16.710: Total time for which application threads were stopped: 0.0000442 seconds, Stopping threads took: 0.0000134 seconds
{Heap before GC invocations=4 (full 1):
 par new generation   total 109248K, used 104417K [0x00000000e0000000, 0x00000000e8000000, 0x00000000e8000000)
  eden space 87424K, 100% used [0x00000000e0000000, 0x00000000e5560000, 0x00000000e5560000)
  from space 21824K,  77% used [0x00000000e5560000, 0x00000000e65f8730, 0x00000000e6ab0000)
  to   space 21824K,   0% used [0x00000000e6ab0000, 0x00000000e6ab0000, 0x00000000e8000000)
 concurrent mark-sweep generation total 393216K, used 0K [0x00000000e8000000, 0x0000000100000000, 0x0000000100000000)
 Metaspace       used 33960K, capacity 34364K, committed 34776K, reserved 1079296K
  class space    used 3929K, capacity 4037K, committed 4112K, reserved 1048576K
2016-06-21T18:08:30.348+0100: 16.719: [GC (Allocation Failure) 2016-06-21T18:08:30.348+0100: 16.719: [ParNew
Desired survivor size 20112992 bytes, new threshold 5 (max 8)
- age   1:   12804312 bytes,   12804312 total
- age   2:    3477992 bytes,   16282304 total
- age   3:     702408 bytes,   16984712 total
- age   4:    2872960 bytes,   19857672 total
- age   5:    2127856 bytes,   21985528 total
: 104417K->21824K(109248K), 0.0251603 secs] 104417K->22760K(502464K), 0.0252282 secs] [Times: user=0.06 sys=0.00, real=0.02 secs] 
Heap after GC invocations=5 (full 1):
 par new generation   total 109248K, used 21824K [0x00000000e0000000, 0x00000000e8000000, 0x00000000e8000000)
  eden space 87424K,   0% used [0x00000000e0000000, 0x00000000e0000000, 0x00000000e5560000)
  from space 21824K, 100% used [0x00000000e6ab0000, 0x00000000e8000000, 0x00000000e8000000)
  to   space 21824K,   0% used [0x00000000e5560000, 0x00000000e5560000, 0x00000000e6ab0000)
 concurrent mark-sweep generation total 393216K, used 936K [0x00000000e8000000, 0x0000000100000000, 0x0000000100000000)
 Metaspace       used 33960K, capacity 34364K, committed 34776K, reserved 1079296K
  class space    used 3929K, capacity 4037K, committed 4112K, reserved 1048576K
}
2016-06-21T18:08:30.373+0100: 16.744: Total time for which application threads were stopped: 0.0255061 seconds, Stopping threads took: 0.0000280 seconds
2016-06-21T18:08:30.373+0100: 16.745: Total time for which application threads were stopped: 0.0000920 seconds, Stopping threads took: 0.0000304 seconds
2016-06-21T18:08:30.374+0100: 16.745: Total time for which application threads were stopped: 0.0000466 seconds, Stopping threads took: 0.0000154 seconds
2016-06-21T18:08:30.375+0100: 16.746: Total time for which application threads were stopped: 0.0002317 seconds, Stopping threads took: 0.0001405 seconds
2016-06-21T18:08:30.443+0100: 16.815: Total time for which application threads were stopped: 0.0681849 seconds, Stopping threads took: 0.0680969 seconds
2016-06-21T18:08:30.443+0100: 16.815: Total time for which application threads were stopped: 0.0000801 seconds, Stopping threads took: 0.0000395 seconds
2016-06-21T18:08:30.443+0100: 16.815: Total time for which application threads were stopped: 0.0000742 seconds, Stopping threads took: 0.0000399 seconds
2016-06-21T18:08:30.444+0100: 16.815: Total time for which application threads were stopped: 0.0000513 seconds, Stopping threads took: 0.0000213 seconds
2016-06-21T18:08:30.444+0100: 16.816: Total time for which application threads were stopped: 0.0000462 seconds, Stopping threads took: 0.0000158 seconds
2016-06-21T18:08:30.444+0100: 16.816: Total time for which application threads were stopped: 0.0000920 seconds, Stopping threads took: 0.0000541 seconds
2016-06-21T18:08:30.444+0100: 16.816: Total time for which application threads were stopped: 0.0001026 seconds, Stopping threads took: 0.0000679 seconds
2016-06-21T18:08:30.445+0100: 16.816: Total time for which application threads were stopped: 0.0001662 seconds, Stopping threads took: 0.0001346 seconds
2016-06-21T18:08:30.445+0100: 16.816: Total time for which application threads were stopped: 0.0002361 seconds, Stopping threads took: 0.0002013 seconds
2016-06-21T18:08:30.445+0100: 16.816: Total time for which application threads were stopped: 0.0000687 seconds, Stopping threads took: 0.0000328 seconds
2016-06-21T18:08:30.445+0100: 16.817: Total time for which application threads were stopped: 0.0003265 seconds, Stopping threads took: 0.0002901 seconds
2016-06-21T18:08:30.446+0100: 16.817: Total time for which application threads were stopped: 0.0003861 seconds, Stopping threads took: 0.0003533 seconds
2016-06-21T18:08:30.446+0100: 16.817: Total time for which application threads were stopped: 0.0000446 seconds, Stopping threads took: 0.0000146 seconds
2016-06-21T18:08:30.446+0100: 16.818: Total time for which application threads were stopped: 0.0002909 seconds, Stopping threads took: 0.0002234 seconds
2016-06-21T18:08:30.446+0100: 16.818: Total time for which application threads were stopped: 0.0001113 seconds, Stopping threads took: 0.0000454 seconds
2016-06-21T18:08:30.446+0100: 16.818: Total time for which application threads were stopped: 0.0000750 seconds, Stopping threads took: 0.0000146 seconds
2016-06-21T18:08:30.446+0100: 16.818: Total time for which application threads were stopped: 0.0001461 seconds, Stopping threads took: 0.0001192 seconds
2016-06-21T18:08:30.447+0100: 16.818: Total time for which application threads were stopped: 0.0000659 seconds, Stopping threads took: 0.0000395 seconds
2016-06-21T18:08:30.447+0100: 16.818: Total time for which application threads were stopped: 0.0000750 seconds, Stopping threads took: 0.0000245 seconds
2016-06-21T18:08:30.447+0100: 16.818: Total time for which application threads were stopped: 0.0000632 seconds, Stopping threads took: 0.0000426 seconds
2016-06-21T18:08:30.447+0100: 16.818: Total time for which application threads were stopped: 0.0001168 seconds, Stopping threads took: 0.0000280 seconds
2016-06-21T18:08:30.656+0100: 17.028: Total time for which application threads were stopped: 0.0001445 seconds, Stopping threads took: 0.0000308 seconds
{Heap before GC invocations=5 (full 1):
 par new generation   total 109248K, used 109248K [0x00000000e0000000, 0x00000000e8000000, 0x00000000e8000000)
  eden space 87424K, 100% used [0x00000000e0000000, 0x00000000e5560000, 0x00000000e5560000)
  from space 21824K, 100% used [0x00000000e6ab0000, 0x00000000e8000000, 0x00000000e8000000)
  to   space 21824K,   0% used [0x00000000e5560000, 0x00000000e5560000, 0x00000000e6ab0000)
 concurrent mark-sweep generation total 393216K, used 936K [0x00000000e8000000, 0x0000000100000000, 0x0000000100000000)
 Metaspace       used 34013K, capacity 34364K, committed 34776K, reserved 1079296K
  class space    used 3929K, capacity 4037K, committed 4112K, reserved 1048576K
2016-06-21T18:08:31.244+0100: 17.615: [GC (Allocation Failure) 2016-06-21T18:08:31.244+0100: 17.615: [ParNew
Desired survivor size 20112992 bytes, new threshold 8 (max 8)
- age   1:    1900512 bytes,    1900512 total
- age   2:   10916048 bytes,   12816560 total
- age   3:    3476376 bytes,   16292936 total
- age   4:     702408 bytes,   16995344 total
- age   5:    2872960 bytes,   19868304 total
: 109248K->21824K(109248K), 0.0288264 secs] 110184K->25238K(502464K), 0.0289318 secs] [Times: user=0.13 sys=0.00, real=0.03 secs] 
Heap after GC invocations=6 (full 1):
 par new generation   total 109248K, used 21824K [0x00000000e0000000, 0x00000000e8000000, 0x00000000e8000000)
  eden space 87424K,   0% used [0x00000000e0000000, 0x00000000e0000000, 0x00000000e5560000)
  from space 21824K, 100% used [0x00000000e5560000, 0x00000000e6ab0000, 0x00000000e6ab0000)
  to   space 21824K,   0% used [0x00000000e6ab0000, 0x00000000e6ab0000, 0x00000000e8000000)
 concurrent mark-sweep generation total 393216K, used 3414K [0x00000000e8000000, 0x0000000100000000, 0x0000000100000000)
 Metaspace       used 34013K, capacity 34364K, committed 34776K, reserved 1079296K
  class space    used 3929K, capacity 4037K, committed 4112K, reserved 1048576K
}
2016-06-21T18:08:31.273+0100: 17.644: Total time for which application threads were stopped: 0.0292057 seconds, Stopping threads took: 0.0000304 seconds
2016-06-21T18:08:31.274+0100: 17.645: Total time for which application threads were stopped: 0.0001291 seconds, Stopping threads took: 0.0000332 seconds
2016-06-21T18:08:31.276+0100: 17.647: Total time for which application threads were stopped: 0.0019134 seconds, Stopping threads took: 0.0018356 seconds
2016-06-21T18:08:31.276+0100: 17.647: Total time for which application threads were stopped: 0.0000580 seconds, Stopping threads took: 0.0000249 seconds
{Heap before GC invocations=6 (full 1):
 par new generation   total 109248K, used 109248K [0x00000000e0000000, 0x00000000e8000000, 0x00000000e8000000)
  eden space 87424K, 100% used [0x00000000e0000000, 0x00000000e5560000, 0x00000000e5560000)
  from space 21824K, 100% used [0x00000000e5560000, 0x00000000e6ab0000, 0x00000000e6ab0000)
  to   space 21824K,   0% used [0x00000000e6ab0000, 0x00000000e6ab0000, 0x00000000e8000000)
 concurrent mark-sweep generation total 393216K, used 3414K [0x00000000e8000000, 0x0000000100000000, 0x0000000100000000)
 Metaspace       used 34091K, capacity 34452K, committed 34776K, reserved 1079296K
  class space    used 3932K, capacity 4041K, committed 4112K, reserved 1048576K
2016-06-21T18:08:31.841+0100: 18.212: [GC (Allocation Failure) 2016-06-21T18:08:31.841+0100: 18.212: [ParNew
Desired survivor size 20112992 bytes, new threshold 8 (max 8)
- age   1:    1591688 bytes,    1591688 total
- age   2:      59384 bytes,    1651072 total
- age   3:   10913880 bytes,   12564952 total
- age   4:    3475648 bytes,   16040600 total
- age   5:     702272 bytes,   16742872 total
- age   6:    2872960 bytes,   19615832 total
: 109248K->21824K(109248K), 0.0243017 secs] 112662K->25238K(502464K), 0.0243893 secs] [Times: user=0.13 sys=0.00, real=0.02 secs] 
Heap after GC invocations=7 (full 1):
 par new generation   total 109248K, used 21824K [0x00000000e0000000, 0x00000000e8000000, 0x00000000e8000000)
  eden space 87424K,   0% used [0x00000000e0000000, 0x00000000e0000000, 0x00000000e5560000)
  from space 21824K, 100% used [0x00000000e6ab0000, 0x00000000e8000000, 0x00000000e8000000)
  to   space 21824K,   0% used [0x00000000e5560000, 0x00000000e5560000, 0x00000000e6ab0000)
 concurrent mark-sweep generation total 393216K, used 3414K [0x00000000e8000000, 0x0000000100000000, 0x0000000100000000)
 Metaspace       used 34091K, capacity 34452K, committed 34776K, reserved 1079296K
  class space    used 3932K, capacity 4041K, committed 4112K, reserved 1048576K
}
2016-06-21T18:08:31.865+0100: 18.237: Total time for which application threads were stopped: 0.0246791 seconds, Stopping threads took: 0.0000379 seconds
2016-06-21T18:08:31.865+0100: 18.237: Total time for which application threads were stopped: 0.0000872 seconds, Stopping threads took: 0.0000272 seconds
2016-06-21T18:08:31.866+0100: 18.237: Total time for which application threads were stopped: 0.0000474 seconds, Stopping threads took: 0.0000118 seconds
2016-06-21T18:08:31.866+0100: 18.237: Total time for which application threads were stopped: 0.0000434 seconds, Stopping threads took: 0.0000107 seconds
2016-06-21T18:08:31.866+0100: 18.237: Total time for which application threads were stopped: 0.0000722 seconds, Stopping threads took: 0.0000103 seconds
2016-06-21T18:08:32.866+0100: 19.237: Total time for which application threads were stopped: 0.0001074 seconds, Stopping threads took: 0.0000189 seconds
2016-06-21T18:08:33.496+0100: 19.868: Total time for which application threads were stopped: 0.0001251 seconds, Stopping threads took: 0.0000237 seconds
2016-06-21T18:08:33.506+0100: 19.878: Total time for which application threads were stopped: 0.0000975 seconds, Stopping threads took: 0.0000268 seconds
2016-06-21T18:08:33.508+0100: 19.880: Total time for which application threads were stopped: 0.0000758 seconds, Stopping threads took: 0.0000154 seconds
2016-06-21T18:08:33.512+0100: 19.884: Total time for which application threads were stopped: 0.0000612 seconds, Stopping threads took: 0.0000182 seconds
2016-06-21T18:08:33.512+0100: 19.884: Total time for which application threads were stopped: 0.0000999 seconds, Stopping threads took: 0.0000083 seconds
2016-06-21T18:08:33.627+0100: 19.998: Total time for which application threads were stopped: 0.0004709 seconds, Stopping threads took: 0.0003738 seconds
2016-06-21T18:08:33.627+0100: 19.999: Total time for which application threads were stopped: 0.0001161 seconds, Stopping threads took: 0.0000604 seconds
2016-06-21T18:08:33.627+0100: 19.999: Total time for which application threads were stopped: 0.0000699 seconds, Stopping threads took: 0.0000225 seconds
2016-06-21T18:08:34.628+0100: 21.000: Total time for which application threads were stopped: 0.0001062 seconds, Stopping threads took: 0.0000237 seconds
{Heap before GC invocations=7 (full 1):
 par new generation   total 109248K, used 109248K [0x00000000e0000000, 0x00000000e8000000, 0x00000000e8000000)
  eden space 87424K, 100% used [0x00000000e0000000, 0x00000000e5560000, 0x00000000e5560000)
  from space 21824K, 100% used [0x00000000e6ab0000, 0x00000000e8000000, 0x00000000e8000000)
  to   space 21824K,   0% used [0x00000000e5560000, 0x00000000e5560000, 0x00000000e6ab0000)
 concurrent mark-sweep generation total 393216K, used 3414K [0x00000000e8000000, 0x0000000100000000, 0x0000000100000000)
 Metaspace       used 34720K, capacity 35072K, committed 35544K, reserved 1081344K
  class space    used 3969K, capacity 4075K, committed 4112K, reserved 1048576K
2016-06-21T18:08:36.799+0100: 23.171: [GC (Allocation Failure) 2016-06-21T18:08:36.799+0100: 23.171: [ParNew
Desired survivor size 20112992 bytes, new threshold 7 (max 8)
- age   1:    5817032 bytes,    5817032 total
- age   2:      55064 bytes,    5872096 total
- age   3:      56272 bytes,    5928368 total
- age   4:    9364352 bytes,   15292720 total
- age   5:    3471280 bytes,   18764000 total
- age   6:     702272 bytes,   19466272 total
- age   7:    2870704 bytes,   22336976 total
: 109248K->21824K(109248K), 0.0236819 secs] 112662K->29517K(502464K), 0.0237620 secs] [Times: user=0.06 sys=0.00, real=0.02 secs] 
Heap after GC invocations=8 (full 1):
 par new generation   total 109248K, used 21824K [0x00000000e0000000, 0x00000000e8000000, 0x00000000e8000000)
  eden space 87424K,   0% used [0x00000000e0000000, 0x00000000e0000000, 0x00000000e5560000)
  from space 21824K, 100% used [0x00000000e5560000, 0x00000000e6ab0000, 0x00000000e6ab0000)
  to   space 21824K,   0% used [0x00000000e6ab0000, 0x00000000e6ab0000, 0x00000000e8000000)
 concurrent mark-sweep generation total 393216K, used 7693K [0x00000000e8000000, 0x0000000100000000, 0x0000000100000000)
 Metaspace       used 34720K, capacity 35072K, committed 35544K, reserved 1081344K
  class space    used 3969K, capacity 4075K, committed 4112K, reserved 1048576K
}
2016-06-21T18:08:36.823+0100: 23.195: Total time for which application threads were stopped: 0.0240321 seconds, Stopping threads took: 0.0000375 seconds
2016-06-21T18:08:36.823+0100: 23.195: Total time for which application threads were stopped: 0.0001046 seconds, Stopping threads took: 0.0000517 seconds
2016-06-21T18:08:36.823+0100: 23.195: Total time for which application threads were stopped: 0.0000715 seconds, Stopping threads took: 0.0000284 seconds
2016-06-21T18:08:36.824+0100: 23.195: Total time for which application threads were stopped: 0.0000426 seconds, Stopping threads took: 0.0000114 seconds
2016-06-21T18:08:36.824+0100: 23.195: Total time for which application threads were stopped: 0.0000920 seconds, Stopping threads took: 0.0000249 seconds
2016-06-21T18:08:36.824+0100: 23.195: Total time for which application threads were stopped: 0.0000620 seconds, Stopping threads took: 0.0000245 seconds
2016-06-21T18:08:36.824+0100: 23.195: Total time for which application threads were stopped: 0.0000545 seconds, Stopping threads took: 0.0000205 seconds
2016-06-21T18:08:36.824+0100: 23.196: Total time for which application threads were stopped: 0.0000545 seconds, Stopping threads took: 0.0000217 seconds
2016-06-21T18:08:36.824+0100: 23.196: Total time for which application threads were stopped: 0.0000505 seconds, Stopping threads took: 0.0000217 seconds
2016-06-21T18:08:36.824+0100: 23.196: Total time for which application threads were stopped: 0.0000454 seconds, Stopping threads took: 0.0000126 seconds
2016-06-21T18:08:36.824+0100: 23.196: Total time for which application threads were stopped: 0.0000497 seconds, Stopping threads took: 0.0000170 seconds
2016-06-21T18:08:36.824+0100: 23.196: Total time for which application threads were stopped: 0.0000466 seconds, Stopping threads took: 0.0000162 seconds
2016-06-21T18:08:36.824+0100: 23.196: Total time for which application threads were stopped: 0.0000572 seconds, Stopping threads took: 0.0000245 seconds
2016-06-21T18:08:36.824+0100: 23.196: Total time for which application threads were stopped: 0.0000561 seconds, Stopping threads took: 0.0000225 seconds
2016-06-21T18:08:36.824+0100: 23.196: Total time for which application threads were stopped: 0.0000667 seconds, Stopping threads took: 0.0000249 seconds
2016-06-21T18:08:36.825+0100: 23.196: Total time for which application threads were stopped: 0.0000904 seconds, Stopping threads took: 0.0000225 seconds
2016-06-21T18:08:36.825+0100: 23.196: Total time for which application threads were stopped: 0.0000580 seconds, Stopping threads took: 0.0000233 seconds
2016-06-21T18:08:36.825+0100: 23.196: Total time for which application threads were stopped: 0.0000478 seconds, Stopping threads took: 0.0000114 seconds
2016-06-21T18:08:36.825+0100: 23.196: Total time for which application threads were stopped: 0.0000841 seconds, Stopping threads took: 0.0000241 seconds
2016-06-21T18:08:36.825+0100: 23.197: Total time for which application threads were stopped: 0.0001642 seconds, Stopping threads took: 0.0000217 seconds
2016-06-21T18:08:36.825+0100: 23.197: Total time for which application threads were stopped: 0.0000565 seconds, Stopping threads took: 0.0000221 seconds
2016-06-21T18:08:36.825+0100: 23.197: Total time for which application threads were stopped: 0.0000537 seconds, Stopping threads took: 0.0000178 seconds
2016-06-21T18:08:36.825+0100: 23.197: Total time for which application threads were stopped: 0.0000699 seconds, Stopping threads took: 0.0000150 seconds
2016-06-21T18:08:36.825+0100: 23.197: Total time for which application threads were stopped: 0.0001682 seconds, Stopping threads took: 0.0000221 seconds
2016-06-21T18:08:36.941+0100: 23.313: Total time for which application threads were stopped: 0.0001133 seconds, Stopping threads took: 0.0000292 seconds
{Heap before GC invocations=8 (full 1):
 par new generation   total 109248K, used 109248K [0x00000000e0000000, 0x00000000e8000000, 0x00000000e8000000)
  eden space 87424K, 100% used [0x00000000e0000000, 0x00000000e5560000, 0x00000000e5560000)
  from space 21824K, 100% used [0x00000000e5560000, 0x00000000e6ab0000, 0x00000000e6ab0000)
  to   space 21824K,   0% used [0x00000000e6ab0000, 0x00000000e6ab0000, 0x00000000e8000000)
 concurrent mark-sweep generation total 393216K, used 7693K [0x00000000e8000000, 0x0000000100000000, 0x0000000100000000)
 Metaspace       used 34935K, capacity 35360K, committed 35800K, reserved 1081344K
  class space    used 3993K, capacity 4107K, committed 4112K, reserved 1048576K
2016-06-21T18:08:37.323+0100: 23.695: [GC (Allocation Failure) 2016-06-21T18:08:37.323+0100: 23.695: [ParNew
Desired survivor size 20112992 bytes, new threshold 6 (max 8)
- age   1:    3771512 bytes,    3771512 total
- age   2:    4960624 bytes,    8732136 total
- age   3:      55024 bytes,    8787160 total
- age   4:      56272 bytes,    8843432 total
- age   5:    9341624 bytes,   18185056 total
- age   6:    3214008 bytes,   21399064 total
- age   7:     681216 bytes,   22080280 total
: 109248K->21824K(109248K), 0.0297134 secs] 116941K->44315K(502464K), 0.0298109 secs] [Times: user=0.11 sys=0.02, real=0.03 secs] 
Heap after GC invocations=9 (full 1):
 par new generation   total 109248K, used 21824K [0x00000000e0000000, 0x00000000e8000000, 0x00000000e8000000)
  eden space 87424K,   0% used [0x00000000e0000000, 0x00000000e0000000, 0x00000000e5560000)
  from space 21824K, 100% used [0x00000000e6ab0000, 0x00000000e8000000, 0x00000000e8000000)
  to   space 21824K,   0% used [0x00000000e5560000, 0x00000000e5560000, 0x00000000e6ab0000)
 concurrent mark-sweep generation total 393216K, used 22491K [0x00000000e8000000, 0x0000000100000000, 0x0000000100000000)
 Metaspace       used 34935K, capacity 35360K, committed 35800K, reserved 1081344K
  class space    used 3993K, capacity 4107K, committed 4112K, reserved 1048576K
}
2016-06-21T18:08:37.353+0100: 23.725: Total time for which application threads were stopped: 0.0301090 seconds, Stopping threads took: 0.0000272 seconds
2016-06-21T18:08:37.353+0100: 23.725: Total time for which application threads were stopped: 0.0001358 seconds, Stopping threads took: 0.0000458 seconds
2016-06-21T18:08:37.353+0100: 23.725: Total time for which application threads were stopped: 0.0001026 seconds, Stopping threads took: 0.0000403 seconds
2016-06-21T18:08:37.354+0100: 23.725: Total time for which application threads were stopped: 0.0000971 seconds, Stopping threads took: 0.0000355 seconds
2016-06-21T18:08:37.354+0100: 23.725: Total time for which application threads were stopped: 0.0000959 seconds, Stopping threads took: 0.0000280 seconds
2016-06-21T18:08:37.354+0100: 23.725: Total time for which application threads were stopped: 0.0000793 seconds, Stopping threads took: 0.0000276 seconds
2016-06-21T18:08:37.354+0100: 23.725: Total time for which application threads were stopped: 0.0000872 seconds, Stopping threads took: 0.0000237 seconds
2016-06-21T18:08:37.354+0100: 23.726: Total time for which application threads were stopped: 0.0000916 seconds, Stopping threads took: 0.0000229 seconds
2016-06-21T18:08:37.354+0100: 23.726: Total time for which application threads were stopped: 0.0000936 seconds, Stopping threads took: 0.0000257 seconds
2016-06-21T18:08:37.354+0100: 23.726: Total time for which application threads were stopped: 0.0000738 seconds, Stopping threads took: 0.0000114 seconds
2016-06-21T18:08:37.354+0100: 23.726: Total time for which application threads were stopped: 0.0000936 seconds, Stopping threads took: 0.0000300 seconds
2016-06-21T18:08:37.355+0100: 23.726: Total time for which application threads were stopped: 0.0000868 seconds, Stopping threads took: 0.0000241 seconds
2016-06-21T18:08:37.355+0100: 23.726: Total time for which application threads were stopped: 0.0000726 seconds, Stopping threads took: 0.0000225 seconds
2016-06-21T18:08:37.355+0100: 23.726: Total time for which application threads were stopped: 0.0000936 seconds, Stopping threads took: 0.0000276 seconds
2016-06-21T18:08:37.355+0100: 23.726: Total time for which application threads were stopped: 0.0000833 seconds, Stopping threads took: 0.0000197 seconds
2016-06-21T18:08:37.355+0100: 23.727: Total time for which application threads were stopped: 0.0000825 seconds, Stopping threads took: 0.0000126 seconds
2016-06-21T18:08:37.355+0100: 23.727: Total time for which application threads were stopped: 0.0001129 seconds, Stopping threads took: 0.0000122 seconds
2016-06-21T18:08:37.355+0100: 23.727: Total time for which application threads were stopped: 0.0000959 seconds, Stopping threads took: 0.0000288 seconds
2016-06-21T18:08:37.355+0100: 23.727: Total time for which application threads were stopped: 0.0000932 seconds, Stopping threads took: 0.0000284 seconds
2016-06-21T18:08:37.356+0100: 23.727: Total time for which application threads were stopped: 0.0001393 seconds, Stopping threads took: 0.0000418 seconds
2016-06-21T18:08:37.356+0100: 23.727: Total time for which application threads were stopped: 0.0001824 seconds, Stopping threads took: 0.0000276 seconds
{Heap before GC invocations=9 (full 1):
 par new generation   total 109248K, used 109248K [0x00000000e0000000, 0x00000000e8000000, 0x00000000e8000000)
  eden space 87424K, 100% used [0x00000000e0000000, 0x00000000e5560000, 0x00000000e5560000)
  from space 21824K, 100% used [0x00000000e6ab0000, 0x00000000e8000000, 0x00000000e8000000)
  to   space 21824K,   0% used [0x00000000e5560000, 0x00000000e5560000, 0x00000000e6ab0000)
 concurrent mark-sweep generation total 393216K, used 22491K [0x00000000e8000000, 0x0000000100000000, 0x0000000100000000)
 Metaspace       used 34952K, capacity 35360K, committed 35800K, reserved 1081344K
  class space    used 3993K, capacity 4107K, committed 4112K, reserved 1048576K
2016-06-21T18:08:37.756+0100: 24.128: [GC (Allocation Failure) 2016-06-21T18:08:37.756+0100: 24.128: [ParNew
Desired survivor size 20112992 bytes, new threshold 8 (max 8)
- age   1:    1328376 bytes,    1328376 total
- age   2:    2481240 bytes,    3809616 total
- age   3:    4844192 bytes,    8653808 total
- age   4:      54960 bytes,    8708768 total
- age   5:      56272 bytes,    8765040 total
- age   6:    9288888 bytes,   18053928 total
: 109248K->21824K(109248K), 0.0237395 secs] 131739K->50381K(502464K), 0.0238094 secs] [Times: user=0.06 sys=0.00, real=0.02 secs] 
Heap after GC invocations=10 (full 1):
 par new generation   total 109248K, used 21824K [0x00000000e0000000, 0x00000000e8000000, 0x00000000e8000000)
  eden space 87424K,   0% used [0x00000000e0000000, 0x00000000e0000000, 0x00000000e5560000)
  from space 21824K, 100% used [0x00000000e5560000, 0x00000000e6ab0000, 0x00000000e6ab0000)
  to   space 21824K,   0% used [0x00000000e6ab0000, 0x00000000e6ab0000, 0x00000000e8000000)
 concurrent mark-sweep generation total 393216K, used 28557K [0x00000000e8000000, 0x0000000100000000, 0x0000000100000000)
 Metaspace       used 34952K, capacity 35360K, committed 35800K, reserved 1081344K
  class space    used 3993K, capacity 4107K, committed 4112K, reserved 1048576K
}
2016-06-21T18:08:37.780+0100: 24.152: Total time for which application threads were stopped: 0.0241126 seconds, Stopping threads took: 0.0000316 seconds
{Heap before GC invocations=10 (full 1):
 par new generation   total 109248K, used 109248K [0x00000000e0000000, 0x00000000e8000000, 0x00000000e8000000)
  eden space 87424K, 100% used [0x00000000e0000000, 0x00000000e5560000, 0x00000000e5560000)
  from space 21824K, 100% used [0x00000000e5560000, 0x00000000e6ab0000, 0x00000000e6ab0000)
  to   space 21824K,   0% used [0x00000000e6ab0000, 0x00000000e6ab0000, 0x00000000e8000000)
 concurrent mark-sweep generation total 393216K, used 28557K [0x00000000e8000000, 0x0000000100000000, 0x0000000100000000)
 Metaspace       used 34971K, capacity 35360K, committed 35800K, reserved 1081344K
  class space    used 3993K, capacity 4107K, committed 4112K, reserved 1048576K
2016-06-21T18:08:38.074+0100: 24.445: [GC (Allocation Failure) 2016-06-21T18:08:38.074+0100: 24.445: [ParNew
Desired survivor size 20112992 bytes, new threshold 8 (max 8)
- age   1:    2207760 bytes,    2207760 total
- age   2:     859264 bytes,    3067024 total
- age   3:    2479872 bytes,    5546896 total
- age   4:    4844216 bytes,   10391112 total
- age   5:      54960 bytes,   10446072 total
- age   6:      56272 bytes,   10502344 total
- age   7:    8876520 bytes,   19378864 total
: 109248K->21824K(109248K), 0.0155475 secs] 137805K->50805K(502464K), 0.0156403 secs] [Times: user=0.06 sys=0.00, real=0.02 secs] 
Heap after GC invocations=11 (full 1):
 par new generation   total 109248K, used 21824K [0x00000000e0000000, 0x00000000e8000000, 0x00000000e8000000)
  eden space 87424K,   0% used [0x00000000e0000000, 0x00000000e0000000, 0x00000000e5560000)
  from space 21824K, 100% used [0x00000000e6ab0000, 0x00000000e8000000, 0x00000000e8000000)
  to   space 21824K,   0% used [0x00000000e5560000, 0x00000000e5560000, 0x00000000e6ab0000)
 concurrent mark-sweep generation total 393216K, used 28981K [0x00000000e8000000, 0x0000000100000000, 0x0000000100000000)
 Metaspace       used 34971K, capacity 35360K, committed 35800K, reserved 1081344K
  class space    used 3993K, capacity 4107K, committed 4112K, reserved 1048576K
}
2016-06-21T18:08:38.089+0100: 24.461: Total time for which application threads were stopped: 0.0158965 seconds, Stopping threads took: 0.0000308 seconds
{Heap before GC invocations=11 (full 1):
 par new generation   total 109248K, used 109248K [0x00000000e0000000, 0x00000000e8000000, 0x00000000e8000000)
  eden space 87424K, 100% used [0x00000000e0000000, 0x00000000e5560000, 0x00000000e5560000)
  from space 21824K, 100% used [0x00000000e6ab0000, 0x00000000e8000000, 0x00000000e8000000)
  to   space 21824K,   0% used [0x00000000e5560000, 0x00000000e5560000, 0x00000000e6ab0000)
 concurrent mark-sweep generation total 393216K, used 28981K [0x00000000e8000000, 0x0000000100000000, 0x0000000100000000)
 Metaspace       used 34980K, capacity 35360K, committed 35800K, reserved 1081344K
  class space    used 3993K, capacity 4107K, committed 4112K, reserved 1048576K
2016-06-21T18:08:38.364+0100: 24.736: [GC (Allocation Failure) 2016-06-21T18:08:38.364+0100: 24.736: [ParNew
Desired survivor size 20112992 bytes, new threshold 8 (max 8)
- age   1:    1390344 bytes,    1390344 total
- age   2:    1535880 bytes,    2926224 total
- age   3:     859160 bytes,    3785384 total
- age   4:    2397976 bytes,    6183360 total
- age   5:    4839936 bytes,   11023296 total
- age   6:      54960 bytes,   11078256 total
- age   7:      56272 bytes,   11134528 total
- age   8:    8063952 bytes,   19198480 total
: 109248K->21824K(109248K), 0.0160580 secs] 138229K->51791K(502464K), 0.0161361 secs] [Times: user=0.06 sys=0.00, real=0.02 secs] 
Heap after GC invocations=12 (full 1):
 par new generation   total 109248K, used 21824K [0x00000000e0000000, 0x00000000e8000000, 0x00000000e8000000)
  eden space 87424K,   0% used [0x00000000e0000000, 0x00000000e0000000, 0x00000000e5560000)
  from space 21824K, 100% used [0x00000000e5560000, 0x00000000e6ab0000, 0x00000000e6ab0000)
  to   space 21824K,   0% used [0x00000000e6ab0000, 0x00000000e6ab0000, 0x00000000e8000000)
 concurrent mark-sweep generation total 393216K, used 29967K [0x00000000e8000000, 0x0000000100000000, 0x0000000100000000)
 Metaspace       used 34980K, capacity 35360K, committed 35800K, reserved 1081344K
  class space    used 3993K, capacity 4107K, committed 4112K, reserved 1048576K
}
2016-06-21T18:08:38.380+0100: 24.752: Total time for which application threads were stopped: 0.0163402 seconds, Stopping threads took: 0.0000241 seconds
{Heap before GC invocations=12 (full 1):
 par new generation   total 109248K, used 109248K [0x00000000e0000000, 0x00000000e8000000, 0x00000000e8000000)
  eden space 87424K, 100% used [0x00000000e0000000, 0x00000000e5560000, 0x00000000e5560000)
  from space 21824K, 100% used [0x00000000e5560000, 0x00000000e6ab0000, 0x00000000e6ab0000)
  to   space 21824K,   0% used [0x00000000e6ab0000, 0x00000000e6ab0000, 0x00000000e8000000)
 concurrent mark-sweep generation total 393216K, used 29967K [0x00000000e8000000, 0x0000000100000000, 0x0000000100000000)
 Metaspace       used 35032K, capacity 35360K, committed 35800K, reserved 1081344K
  class space    used 3994K, capacity 4107K, committed 4112K, reserved 1048576K
2016-06-21T18:08:38.550+0100: 24.922: [GC (Allocation Failure) 2016-06-21T18:08:38.550+0100: 24.922: [ParNew
Desired survivor size 20112992 bytes, new threshold 8 (max 8)
- age   1:    1513104 bytes,    1513104 total
- age   2:     807648 bytes,    2320752 total
- age   3:     814968 bytes,    3135720 total
- age   4:     859160 bytes,    3994880 total
- age   5:    2397880 bytes,    6392760 total
- age   6:    4839936 bytes,   11232696 total
- age   7:      54960 bytes,   11287656 total
- age   8:      56272 bytes,   11343928 total
: 109248K->21824K(109248K), 0.0226757 secs] 139215K->61029K(502464K), 0.0228213 secs] [Times: user=0.06 sys=0.00, real=0.02 secs] 
Heap after GC invocations=13 (full 1):
 par new generation   total 109248K, used 21824K [0x00000000e0000000, 0x00000000e8000000, 0x00000000e8000000)
  eden space 87424K,   0% used [0x00000000e0000000, 0x00000000e0000000, 0x00000000e5560000)
  from space 21824K, 100% used [0x00000000e6ab0000, 0x00000000e8000000, 0x00000000e8000000)
  to   space 21824K,   0% used [0x00000000e5560000, 0x00000000e5560000, 0x00000000e6ab0000)
 concurrent mark-sweep generation total 393216K, used 39205K [0x00000000e8000000, 0x0000000100000000, 0x0000000100000000)
 Metaspace       used 35032K, capacity 35360K, committed 35800K, reserved 1081344K
  class space    used 3994K, capacity 4107K, committed 4112K, reserved 1048576K
}
2016-06-21T18:08:38.573+0100: 24.945: Total time for which application threads were stopped: 0.0230724 seconds, Stopping threads took: 0.0000351 seconds
2016-06-21T18:08:39.425+0100: 25.796: Total time for which application threads were stopped: 0.0001255 seconds, Stopping threads took: 0.0000300 seconds
2016-06-21T18:08:39.657+0100: 26.028: Total time for which application threads were stopped: 0.0006438 seconds, Stopping threads took: 0.0000584 seconds
2016-06-21T18:08:39.715+0100: 26.087: Total time for which application threads were stopped: 0.0005286 seconds, Stopping threads took: 0.0000292 seconds
2016-06-21T18:08:39.755+0100: 26.127: Total time for which application threads were stopped: 0.0001386 seconds, Stopping threads took: 0.0000359 seconds
{Heap before GC invocations=13 (full 1):
 par new generation   total 109248K, used 109248K [0x00000000e0000000, 0x00000000e8000000, 0x00000000e8000000)
  eden space 87424K, 100% used [0x00000000e0000000, 0x00000000e5560000, 0x00000000e5560000)
  from space 21824K, 100% used [0x00000000e6ab0000, 0x00000000e8000000, 0x00000000e8000000)
  to   space 21824K,   0% used [0x00000000e5560000, 0x00000000e5560000, 0x00000000e6ab0000)
 concurrent mark-sweep generation total 393216K, used 39205K [0x00000000e8000000, 0x0000000100000000, 0x0000000100000000)
 Metaspace       used 38924K, capacity 39328K, committed 39768K, reserved 1085440K
  class space    used 4403K, capacity 4491K, committed 4496K, reserved 1048576K
2016-06-21T18:08:40.316+0100: 26.689: [GC (Allocation Failure) 2016-06-21T18:08:40.317+0100: 26.689: [ParNew
Desired survivor size 20112992 bytes, new threshold 8 (max 8)
- age   1:    8178960 bytes,    8178960 total
- age   2:      32840 bytes,    8211800 total
- age   3:      52088 bytes,    8263888 total
- age   4:      59928 bytes,    8323816 total
- age   5:     248312 bytes,    8572128 total
- age   6:     201024 bytes,    8773152 total
- age   7:     426552 bytes,    9199704 total
- age   8:      54824 bytes,    9254528 total
: 109248K->13335K(109248K), 0.0087601 secs] 148453K->52596K(502464K), 0.0088299 secs] [Times: user=0.00 sys=0.00, real=0.01 secs] 
Heap after GC invocations=14 (full 1):
 par new generation   total 109248K, used 13335K [0x00000000e0000000, 0x00000000e8000000, 0x00000000e8000000)
  eden space 87424K,   0% used [0x00000000e0000000, 0x00000000e0000000, 0x00000000e5560000)
  from space 21824K,  61% used [0x00000000e5560000, 0x00000000e6265ff8, 0x00000000e6ab0000)
  to   space 21824K,   0% used [0x00000000e6ab0000, 0x00000000e6ab0000, 0x00000000e8000000)
 concurrent mark-sweep generation total 393216K, used 39260K [0x00000000e8000000, 0x0000000100000000, 0x0000000100000000)
 Metaspace       used 38924K, capacity 39328K, committed 39768K, reserved 1085440K
  class space    used 4403K, capacity 4491K, committed 4496K, reserved 1048576K
}
2016-06-21T18:08:40.325+0100: 26.698: Total time for which application threads were stopped: 0.0090585 seconds, Stopping threads took: 0.0000213 seconds
2016-06-21T18:08:40.326+0100: 26.698: Total time for which application threads were stopped: 0.0000849 seconds, Stopping threads took: 0.0000213 seconds
2016-06-21T18:08:40.326+0100: 26.698: Total time for which application threads were stopped: 0.0000462 seconds, Stopping threads took: 0.0000213 seconds
2016-06-21T18:08:40.326+0100: 26.698: Total time for which application threads were stopped: 0.0000691 seconds, Stopping threads took: 0.0000245 seconds
2016-06-21T18:08:40.326+0100: 26.698: Total time for which application threads were stopped: 0.0000604 seconds, Stopping threads took: 0.0000221 seconds
2016-06-21T18:08:40.930+0100: 27.302: Total time for which application threads were stopped: 0.0001472 seconds, Stopping threads took: 0.0000268 seconds
2016-06-21T18:08:41.930+0100: 28.302: Total time for which application threads were stopped: 0.0000790 seconds, Stopping threads took: 0.0000189 seconds
2016-06-21T18:08:42.242+0100: 28.613: Total time for which application threads were stopped: 0.0000872 seconds, Stopping threads took: 0.0000268 seconds
2016-06-21T18:08:42.326+0100: 28.698: [GC (CMS Initial Mark) [1 CMS-initial-mark: 39260K(393216K)] 91082K(502464K), 0.0054820 secs] [Times: user=0.06 sys=0.00, real=0.01 secs] 
2016-06-21T18:08:42.331+0100: 28.703: Total time for which application threads were stopped: 0.0055988 seconds, Stopping threads took: 0.0000209 seconds
2016-06-21T18:08:42.331+0100: 28.703: [CMS-concurrent-mark-start]
2016-06-21T18:08:42.349+0100: 28.720: [CMS-concurrent-mark: 0.017/0.017 secs] [Times: user=0.06 sys=0.00, real=0.02 secs] 
2016-06-21T18:08:42.349+0100: 28.720: [CMS-concurrent-preclean-start]
2016-06-21T18:08:42.350+0100: 28.722: [CMS-concurrent-preclean: 0.001/0.001 secs] [Times: user=0.00 sys=0.00, real=0.00 secs] 
2016-06-21T18:08:42.350+0100: 28.722: [CMS-concurrent-abortable-preclean-start]
2016-06-21T18:08:43.332+0100: 29.703: Total time for which application threads were stopped: 0.0000774 seconds, Stopping threads took: 0.0000272 seconds
2016-06-21T18:08:44.332+0100: 30.704: Total time for which application threads were stopped: 0.0000857 seconds, Stopping threads took: 0.0000249 seconds
2016-06-21T18:08:45.332+0100: 31.704: Total time for which application threads were stopped: 0.0000790 seconds, Stopping threads took: 0.0000233 seconds
2016-06-21T18:08:46.333+0100: 32.704: Total time for which application threads were stopped: 0.0001374 seconds, Stopping threads took: 0.0000478 seconds
2016-06-21T18:08:47.333+0100: 33.704: Total time for which application threads were stopped: 0.0000884 seconds, Stopping threads took: 0.0000245 seconds
2016-06-21T18:08:48.333+0100: 34.704: Total time for which application threads were stopped: 0.0000695 seconds, Stopping threads took: 0.0000272 seconds
 CMS: abort preclean due to time 2016-06-21T18:08:48.469+0100: 34.841: [CMS-concurrent-abortable-preclean: 1.254/6.119 secs] [Times: user=1.55 sys=0.13, real=6.12 secs] 
2016-06-21T18:08:48.470+0100: 34.841: [GC (CMS Final Remark) [YG occupancy: 57805 K (109248 K)]{Heap before GC invocations=14 (full 2):
 par new generation   total 109248K, used 57805K [0x00000000e0000000, 0x00000000e8000000, 0x00000000e8000000)
  eden space 87424K,  50% used [0x00000000e0000000, 0x00000000e2b6d780, 0x00000000e5560000)
  from space 21824K,  61% used [0x00000000e5560000, 0x00000000e6265ff8, 0x00000000e6ab0000)
  to   space 21824K,   0% used [0x00000000e6ab0000, 0x00000000e6ab0000, 0x00000000e8000000)
 concurrent mark-sweep generation total 393216K, used 39260K [0x00000000e8000000, 0x0000000100000000, 0x0000000100000000)
 Metaspace       used 42701K, capacity 43090K, committed 43496K, reserved 1087488K
  class space    used 4857K, capacity 4958K, committed 5008K, reserved 1048576K
2016-06-21T18:08:48.470+0100: 34.841: [GC (CMS Final Remark) 2016-06-21T18:08:48.470+0100: 34.841: [ParNew
Desired survivor size 20112992 bytes, new threshold 8 (max 8)
- age   1:    3988288 bytes,    3988288 total
- age   2:    4866656 bytes,    8854944 total
- age   3:      32840 bytes,    8887784 total
- age   4:      52088 bytes,    8939872 total
- age   5:      59928 bytes,    8999800 total
- age   6:     248312 bytes,    9248112 total
- age   7:     201024 bytes,    9449136 total
- age   8:     426488 bytes,    9875624 total
: 57805K->12075K(109248K), 0.0108590 secs] 97066K->51389K(502464K), 0.0109289 secs] [Times: user=0.00 sys=0.00, real=0.01 secs] 
Heap after GC invocations=15 (full 2):
 par new generation   total 109248K, used 12075K [0x00000000e0000000, 0x00000000e8000000, 0x00000000e8000000)
  eden space 87424K,   0% used [0x00000000e0000000, 0x00000000e0000000, 0x00000000e5560000)
  from space 21824K,  55% used [0x00000000e6ab0000, 0x00000000e767ad60, 0x00000000e8000000)
  to   space 21824K,   0% used [0x00000000e5560000, 0x00000000e5560000, 0x00000000e6ab0000)
 concurrent mark-sweep generation total 393216K, used 39314K [0x00000000e8000000, 0x0000000100000000, 0x0000000100000000)
 Metaspace       used 42701K, capacity 43090K, committed 43496K, reserved 1087488K
  class space    used 4857K, capacity 4958K, committed 5008K, reserved 1048576K
}
2016-06-21T18:08:48.481+0100: 34.852: [Rescan (parallel) , 0.0027116 secs]2016-06-21T18:08:48.483+0100: 34.855: [weak refs processing, 0.0008156 secs]2016-06-21T18:08:48.484+0100: 34.856: [class unloading, 0.0078904 secs]2016-06-21T18:08:48.492+0100: 34.864: [scrub symbol table, 0.0082856 secs]2016-06-21T18:08:48.500+0100: 34.872: [scrub string table, 0.0008645 secs][1 CMS-remark: 39314K(393216K)] 51389K(502464K), 0.0334079 secs] [Times: user=0.03 sys=0.02, real=0.03 secs] 
2016-06-21T18:08:48.503+0100: 34.874: Total time for which application threads were stopped: 0.0335268 seconds, Stopping threads took: 0.0000253 seconds
2016-06-21T18:08:48.503+0100: 34.875: [CMS-concurrent-sweep-start]
2016-06-21T18:08:48.518+0100: 34.890: [CMS-concurrent-sweep: 0.015/0.015 secs] [Times: user=0.01 sys=0.00, real=0.01 secs] 
2016-06-21T18:08:48.518+0100: 34.890: [CMS-concurrent-reset-start]
2016-06-21T18:08:48.519+0100: 34.891: [CMS-concurrent-reset: 0.001/0.001 secs] [Times: user=0.00 sys=0.00, real=0.00 secs] 
2016-06-21T18:08:49.503+0100: 35.874: Total time for which application threads were stopped: 0.0000766 seconds, Stopping threads took: 0.0000249 seconds
2016-06-21T18:08:50.503+0100: 36.874: Total time for which application threads were stopped: 0.0000715 seconds, Stopping threads took: 0.0000205 seconds
2016-06-21T18:08:51.148+0100: 37.520: Total time for which application threads were stopped: 0.0001271 seconds, Stopping threads took: 0.0000588 seconds
2016-06-21T18:08:51.182+0100: 37.554: Total time for which application threads were stopped: 0.0001433 seconds, Stopping threads took: 0.0000339 seconds
2016-06-21T18:08:52.183+0100: 38.554: Total time for which application threads were stopped: 0.0001772 seconds, Stopping threads took: 0.0000245 seconds
2016-06-21T18:08:53.183+0100: 39.554: Total time for which application threads were stopped: 0.0001058 seconds, Stopping threads took: 0.0000249 seconds
2016-06-21T18:08:54.183+0100: 40.555: Total time for which application threads were stopped: 0.0000979 seconds, Stopping threads took: 0.0000249 seconds
{Heap before GC invocations=15 (full 2):
 par new generation   total 109248K, used 99499K [0x00000000e0000000, 0x00000000e8000000, 0x00000000e8000000)
  eden space 87424K, 100% used [0x00000000e0000000, 0x00000000e5560000, 0x00000000e5560000)
  from space 21824K,  55% used [0x00000000e6ab0000, 0x00000000e767ad60, 0x00000000e8000000)
  to   space 21824K,   0% used [0x00000000e5560000, 0x00000000e5560000, 0x00000000e6ab0000)
 concurrent mark-sweep generation total 393216K, used 22743K [0x00000000e8000000, 0x0000000100000000, 0x0000000100000000)
 Metaspace       used 43532K, capacity 43974K, committed 44376K, reserved 1089536K
  class space    used 4898K, capacity 5004K, committed 5008K, reserved 1048576K
2016-06-21T18:08:56.010+0100: 42.382: [GC (Allocation Failure) 2016-06-21T18:08:56.010+0100: 42.382: [ParNew
Desired survivor size 20112992 bytes, new threshold 8 (max 8)
- age   1:     936728 bytes,     936728 total
- age   2:    1603512 bytes,    2540240 total
- age   3:    4860312 bytes,    7400552 total
- age   4:      22624 bytes,    7423176 total
- age   5:      18664 bytes,    7441840 total
- age   6:      20752 bytes,    7462592 total
- age   7:       8088 bytes,    7470680 total
- age   8:      50392 bytes,    7521072 total
: 99499K->9708K(109248K), 0.0069537 secs] 122243K->32642K(502464K), 0.0070366 secs] [Times: user=0.06 sys=0.00, real=0.01 secs] 
Heap after GC invocations=16 (full 2):
 par new generation   total 109248K, used 9708K [0x00000000e0000000, 0x00000000e8000000, 0x00000000e8000000)
  eden space 87424K,   0% used [0x00000000e0000000, 0x00000000e0000000, 0x00000000e5560000)
  from space 21824K,  44% used [0x00000000e5560000, 0x00000000e5edb390, 0x00000000e6ab0000)
  to   space 21824K,   0% used [0x00000000e6ab0000, 0x00000000e6ab0000, 0x00000000e8000000)
 concurrent mark-sweep generation total 393216K, used 22933K [0x00000000e8000000, 0x0000000100000000, 0x0000000100000000)
 Metaspace       used 43532K, capacity 43974K, committed 44376K, reserved 1089536K
  class space    used 4898K, capacity 5004K, committed 5008K, reserved 1048576K
}
2016-06-21T18:08:56.017+0100: 42.389: Total time for which application threads were stopped: 0.0072564 seconds, Stopping threads took: 0.0000245 seconds
2016-06-21T18:08:56.018+0100: 42.389: Total time for which application threads were stopped: 0.0001007 seconds, Stopping threads took: 0.0000454 seconds
2016-06-21T18:08:57.018+0100: 43.389: Total time for which application threads were stopped: 0.0001165 seconds, Stopping threads took: 0.0000324 seconds
2016-06-21T18:09:01.020+0100: 47.391: Total time for which application threads were stopped: 0.0001137 seconds, Stopping threads took: 0.0000339 seconds
2016-06-21T18:09:02.021+0100: 48.392: Total time for which application threads were stopped: 0.0000738 seconds, Stopping threads took: 0.0000193 seconds
2016-06-21T18:09:03.021+0100: 49.393: Total time for which application threads were stopped: 0.0000774 seconds, Stopping threads took: 0.0000217 seconds
2016-06-21T18:09:04.022+0100: 50.394: Total time for which application threads were stopped: 0.0000797 seconds, Stopping threads took: 0.0000197 seconds
2016-06-21T18:09:05.023+0100: 51.395: Total time for which application threads were stopped: 0.0000746 seconds, Stopping threads took: 0.0000201 seconds
2016-06-21T18:09:06.023+0100: 52.395: Total time for which application threads were stopped: 0.0000679 seconds, Stopping threads took: 0.0000193 seconds
2016-06-21T18:09:08.024+0100: 54.395: Total time for which application threads were stopped: 0.0000916 seconds, Stopping threads took: 0.0000201 seconds
2016-06-21T18:09:09.025+0100: 55.396: Total time for which application threads were stopped: 0.0000797 seconds, Stopping threads took: 0.0000249 seconds
{Heap before GC invocations=16 (full 2):
 par new generation   total 109248K, used 97125K [0x00000000e0000000, 0x00000000e8000000, 0x00000000e8000000)
  eden space 87424K,  99% used [0x00000000e0000000, 0x00000000e555e370, 0x00000000e5560000)
  from space 21824K,  44% used [0x00000000e5560000, 0x00000000e5edb390, 0x00000000e6ab0000)
  to   space 21824K,   0% used [0x00000000e6ab0000, 0x00000000e6ab0000, 0x00000000e8000000)
 concurrent mark-sweep generation total 393216K, used 22933K [0x00000000e8000000, 0x0000000100000000, 0x0000000100000000)
 Metaspace       used 43741K, capacity 44236K, committed 44632K, reserved 1089536K
  class space    used 4898K, capacity 5005K, committed 5008K, reserved 1048576K
2016-06-21T18:09:10.943+0100: 57.315: [GC (Allocation Failure) 2016-06-21T18:09:10.943+0100: 57.315: [ParNew
Desired survivor size 20112992 bytes, new threshold 8 (max 8)
- age   1:   12916184 bytes,   12916184 total
- age   2:     356576 bytes,   13272760 total
- age   3:    1603512 bytes,   14876272 total
- age   4:    4860216 bytes,   19736488 total
- age   5:      22624 bytes,   19759112 total
- age   6:      18664 bytes,   19777776 total
- age   7:      20752 bytes,   19798528 total
- age   8:       8088 bytes,   19806616 total
: 97125K->21175K(109248K), 0.0138584 secs] 120059K->44159K(502464K), 0.0139709 secs] [Times: user=0.06 sys=0.00, real=0.01 secs] 
Heap after GC invocations=17 (full 2):
 par new generation   total 109248K, used 21175K [0x00000000e0000000, 0x00000000e8000000, 0x00000000e8000000)
  eden space 87424K,   0% used [0x00000000e0000000, 0x00000000e0000000, 0x00000000e5560000)
  from space 21824K,  97% used [0x00000000e6ab0000, 0x00000000e7f5dfe0, 0x00000000e8000000)
  to   space 21824K,   0% used [0x00000000e5560000, 0x00000000e5560000, 0x00000000e6ab0000)
 concurrent mark-sweep generation total 393216K, used 22983K [0x00000000e8000000, 0x0000000100000000, 0x0000000100000000)
 Metaspace       used 43741K, capacity 44236K, committed 44632K, reserved 1089536K
  class space    used 4898K, capacity 5005K, committed 5008K, reserved 1048576K
}
2016-06-21T18:09:10.957+0100: 57.329: Total time for which application threads were stopped: 0.0142606 seconds, Stopping threads took: 0.0000462 seconds
{Heap before GC invocations=17 (full 2):
 par new generation   total 109248K, used 108599K [0x00000000e0000000, 0x00000000e8000000, 0x00000000e8000000)
  eden space 87424K, 100% used [0x00000000e0000000, 0x00000000e5560000, 0x00000000e5560000)
  from space 21824K,  97% used [0x00000000e6ab0000, 0x00000000e7f5dfe0, 0x00000000e8000000)
  to   space 21824K,   0% used [0x00000000e5560000, 0x00000000e5560000, 0x00000000e6ab0000)
 concurrent mark-sweep generation total 393216K, used 22983K [0x00000000e8000000, 0x0000000100000000, 0x0000000100000000)
 Metaspace       used 43742K, capacity 44236K, committed 44632K, reserved 1089536K
  class space    used 4898K, capacity 5005K, committed 5008K, reserved 1048576K
2016-06-21T18:09:11.167+0100: 57.538: [GC (Allocation Failure) 2016-06-21T18:09:11.167+0100: 57.538: [ParNew
Desired survivor size 20112992 bytes, new threshold 5 (max 8)
- age   1:    8474776 bytes,    8474776 total
- age   2:    6975848 bytes,   15450624 total
- age   3:     356576 bytes,   15807200 total
- age   4:    1603488 bytes,   17410688 total
- age   5:    4860216 bytes,   22270904 total
- age   6:      22624 bytes,   22293528 total
- age   7:      18664 bytes,   22312192 total
- age   8:      20752 bytes,   22332944 total
: 108599K->21824K(109248K), 0.0671443 secs] 131583K->72570K(502464K), 0.0672241 secs] [Times: user=0.25 sys=0.02, real=0.07 secs] 
Heap after GC invocations=18 (full 2):
 par new generation   total 109248K, used 21824K [0x00000000e0000000, 0x00000000e8000000, 0x00000000e8000000)
  eden space 87424K,   0% used [0x00000000e0000000, 0x00000000e0000000, 0x00000000e5560000)
  from space 21824K, 100% used [0x00000000e5560000, 0x00000000e6ab0000, 0x00000000e6ab0000)
  to   space 21824K,   0% used [0x00000000e6ab0000, 0x00000000e6ab0000, 0x00000000e8000000)
 concurrent mark-sweep generation total 393216K, used 50746K [0x00000000e8000000, 0x0000000100000000, 0x0000000100000000)
 Metaspace       used 43742K, capacity 44236K, committed 44632K, reserved 1089536K
  class space    used 4898K, capacity 5005K, committed 5008K, reserved 1048576K
}
2016-06-21T18:09:11.234+0100: 57.606: Total time for which application threads were stopped: 0.0675505 seconds, Stopping threads took: 0.0000308 seconds
2016-06-21T18:09:11.417+0100: 57.789: Total time for which application threads were stopped: 0.0001149 seconds, Stopping threads took: 0.0000284 seconds
{Heap before GC invocations=18 (full 2):
 par new generation   total 109248K, used 109248K [0x00000000e0000000, 0x00000000e8000000, 0x00000000e8000000)
  eden space 87424K, 100% used [0x00000000e0000000, 0x00000000e5560000, 0x00000000e5560000)
  from space 21824K, 100% used [0x00000000e5560000, 0x00000000e6ab0000, 0x00000000e6ab0000)
  to   space 21824K,   0% used [0x00000000e6ab0000, 0x00000000e6ab0000, 0x00000000e8000000)
 concurrent mark-sweep generation total 393216K, used 50746K [0x00000000e8000000, 0x0000000100000000, 0x0000000100000000)
 Metaspace       used 43828K, capacity 44332K, committed 44760K, reserved 1089536K
  class space    used 4907K, capacity 5037K, committed 5136K, reserved 1048576K
2016-06-21T18:09:11.541+0100: 57.912: [GC (Allocation Failure) 2016-06-21T18:09:11.541+0100: 57.912: [ParNew
Desired survivor size 20112992 bytes, new threshold 3 (max 8)
- age   1:    7178736 bytes,    7178736 total
- age   2:    6948056 bytes,   14126792 total
- age   3:    6489480 bytes,   20616272 total
- age   4:     282944 bytes,   20899216 total
- age   5:    1464848 bytes,   22364064 total
: 109248K->21824K(109248K), 0.0345780 secs] 159994K->85600K(502464K), 0.0346514 secs] [Times: user=0.13 sys=0.00, real=0.04 secs] 
Heap after GC invocations=19 (full 2):
 par new generation   total 109248K, used 21824K [0x00000000e0000000, 0x00000000e8000000, 0x00000000e8000000)
  eden space 87424K,   0% used [0x00000000e0000000, 0x00000000e0000000, 0x00000000e5560000)
  from space 21824K, 100% used [0x00000000e6ab0000, 0x00000000e8000000, 0x00000000e8000000)
  to   space 21824K,   0% used [0x00000000e5560000, 0x00000000e5560000, 0x00000000e6ab0000)
 concurrent mark-sweep generation total 393216K, used 63776K [0x00000000e8000000, 0x0000000100000000, 0x0000000100000000)
 Metaspace       used 43828K, capacity 44332K, committed 44760K, reserved 1089536K
  class space    used 4907K, capacity 5037K, committed 5136K, reserved 1048576K
}
2016-06-21T18:09:11.576+0100: 57.947: Total time for which application threads were stopped: 0.0349191 seconds, Stopping threads took: 0.0000414 seconds
2016-06-21T18:09:11.635+0100: 58.007: Total time for which application threads were stopped: 0.0001492 seconds, Stopping threads took: 0.0000304 seconds
{Heap before GC invocations=19 (full 2):
 par new generation   total 109248K, used 109248K [0x00000000e0000000, 0x00000000e8000000, 0x00000000e8000000)
  eden space 87424K, 100% used [0x00000000e0000000, 0x00000000e5560000, 0x00000000e5560000)
  from space 21824K, 100% used [0x00000000e6ab0000, 0x00000000e8000000, 0x00000000e8000000)
  to   space 21824K,   0% used [0x00000000e5560000, 0x00000000e5560000, 0x00000000e6ab0000)
 concurrent mark-sweep generation total 393216K, used 63776K [0x00000000e8000000, 0x0000000100000000, 0x0000000100000000)
 Metaspace       used 43836K, capacity 44332K, committed 44760K, reserved 1089536K
  class space    used 4907K, capacity 5037K, committed 5136K, reserved 1048576K
2016-06-21T18:09:11.935+0100: 58.307: [GC (Allocation Failure) 2016-06-21T18:09:11.935+0100: 58.307: [ParNew
Desired survivor size 20112992 bytes, new threshold 8 (max 8)
- age   1:    1195392 bytes,    1195392 total
- age   2:    6942512 bytes,    8137904 total
- age   3:    6948056 bytes,   15085960 total
: 109248K->21285K(109248K), 0.0204153 secs] 173024K->93128K(502464K), 0.0205234 secs] [Times: user=0.13 sys=0.00, real=0.02 secs] 
Heap after GC invocations=20 (full 2):
 par new generation   total 109248K, used 21285K [0x00000000e0000000, 0x00000000e8000000, 0x00000000e8000000)
  eden space 87424K,   0% used [0x00000000e0000000, 0x00000000e0000000, 0x00000000e5560000)
  from space 21824K,  97% used [0x00000000e5560000, 0x00000000e6a29420, 0x00000000e6ab0000)
  to   space 21824K,   0% used [0x00000000e6ab0000, 0x00000000e6ab0000, 0x00000000e8000000)
 concurrent mark-sweep generation total 393216K, used 71843K [0x00000000e8000000, 0x0000000100000000, 0x0000000100000000)
 Metaspace       used 43836K, capacity 44332K, committed 44760K, reserved 1089536K
  class space    used 4907K, capacity 5037K, committed 5136K, reserved 1048576K
}
2016-06-21T18:09:11.956+0100: 58.328: Total time for which application threads were stopped: 0.0207856 seconds, Stopping threads took: 0.0000292 seconds
{Heap before GC invocations=20 (full 2):
 par new generation   total 109248K, used 108709K [0x00000000e0000000, 0x00000000e8000000, 0x00000000e8000000)
  eden space 87424K, 100% used [0x00000000e0000000, 0x00000000e5560000, 0x00000000e5560000)
  from space 21824K,  97% used [0x00000000e5560000, 0x00000000e6a29420, 0x00000000e6ab0000)
  to   space 21824K,   0% used [0x00000000e6ab0000, 0x00000000e6ab0000, 0x00000000e8000000)
 concurrent mark-sweep generation total 393216K, used 71843K [0x00000000e8000000, 0x0000000100000000, 0x0000000100000000)
 Metaspace       used 43851K, capacity 44332K, committed 44760K, reserved 1089536K
  class space    used 4907K, capacity 5037K, committed 5136K, reserved 1048576K
2016-06-21T18:09:12.170+0100: 58.541: [GC (Allocation Failure) 2016-06-21T18:09:12.170+0100: 58.541: [ParNew
Desired survivor size 20112992 bytes, new threshold 8 (max 8)
- age   1:    1617344 bytes,    1617344 total
- age   2:     223552 bytes,    1840896 total
- age   3:    6945968 bytes,    8786864 total
- age   4:    6964456 bytes,   15751320 total
: 108709K->21691K(109248K), 0.0086772 secs] 180552K->93535K(502464K), 0.0087431 secs] [Times: user=0.06 sys=0.00, real=0.01 secs] 
Heap after GC invocations=21 (full 2):
 par new generation   total 109248K, used 21691K [0x00000000e0000000, 0x00000000e8000000, 0x00000000e8000000)
  eden space 87424K,   0% used [0x00000000e0000000, 0x00000000e0000000, 0x00000000e5560000)
  from space 21824K,  99% used [0x00000000e6ab0000, 0x00000000e7fdef40, 0x00000000e8000000)
  to   space 21824K,   0% used [0x00000000e5560000, 0x00000000e5560000, 0x00000000e6ab0000)
 concurrent mark-sweep generation total 393216K, used 71843K [0x00000000e8000000, 0x0000000100000000, 0x0000000100000000)
 Metaspace       used 43851K, capacity 44332K, committed 44760K, reserved 1089536K
  class space    used 4907K, capacity 5037K, committed 5136K, reserved 1048576K
}
2016-06-21T18:09:12.179+0100: 58.550: Total time for which application threads were stopped: 0.0089318 seconds, Stopping threads took: 0.0000225 seconds
{Heap before GC invocations=21 (full 2):
 par new generation   total 109248K, used 109115K [0x00000000e0000000, 0x00000000e8000000, 0x00000000e8000000)
  eden space 87424K, 100% used [0x00000000e0000000, 0x00000000e5560000, 0x00000000e5560000)
  from space 21824K,  99% used [0x00000000e6ab0000, 0x00000000e7fdef40, 0x00000000e8000000)
  to   space 21824K,   0% used [0x00000000e5560000, 0x00000000e5560000, 0x00000000e6ab0000)
 concurrent mark-sweep generation total 393216K, used 71843K [0x00000000e8000000, 0x0000000100000000, 0x0000000100000000)
 Metaspace       used 43851K, capacity 44332K, committed 44760K, reserved 1089536K
  class space    used 4907K, capacity 5037K, committed 5136K, reserved 1048576K
2016-06-21T18:09:12.336+0100: 58.708: [GC (Allocation Failure) 2016-06-21T18:09:12.336+0100: 58.708: [ParNew
Desired survivor size 20112992 bytes, new threshold 8 (max 8)
- age   1:     914528 bytes,     914528 total
- age   2:    1224520 bytes,    2139048 total
- age   3:     223496 bytes,    2362544 total
- age   4:    6954288 bytes,    9316832 total
- age   5:    6940584 bytes,   16257416 total
: 109115K->19767K(109248K), 0.0087360 secs] 180959K->91610K(502464K), 0.0087968 secs] [Times: user=0.06 sys=0.00, real=0.01 secs] 
Heap after GC invocations=22 (full 2):
 par new generation   total 109248K, used 19767K [0x00000000e0000000, 0x00000000e8000000, 0x00000000e8000000)
  eden space 87424K,   0% used [0x00000000e0000000, 0x00000000e0000000, 0x00000000e5560000)
  from space 21824K,  90% used [0x00000000e5560000, 0x00000000e68adc90, 0x00000000e6ab0000)
  to   space 21824K,   0% used [0x00000000e6ab0000, 0x00000000e6ab0000, 0x00000000e8000000)
 concurrent mark-sweep generation total 393216K, used 71843K [0x00000000e8000000, 0x0000000100000000, 0x0000000100000000)
 Metaspace       used 43851K, capacity 44332K, committed 44760K, reserved 1089536K
  class space    used 4907K, capacity 5037K, committed 5136K, reserved 1048576K
}
2016-06-21T18:09:12.345+0100: 58.717: Total time for which application threads were stopped: 0.0089946 seconds, Stopping threads took: 0.0000296 seconds
{Heap before GC invocations=22 (full 2):
 par new generation   total 109248K, used 106569K [0x00000000e0000000, 0x00000000e8000000, 0x00000000e8000000)
  eden space 87424K,  99% used [0x00000000e0000000, 0x00000000e54c47b8, 0x00000000e5560000)
  from space 21824K,  90% used [0x00000000e5560000, 0x00000000e68adc90, 0x00000000e6ab0000)
  to   space 21824K,   0% used [0x00000000e6ab0000, 0x00000000e6ab0000, 0x00000000e8000000)
 concurrent mark-sweep generation total 393216K, used 71843K [0x00000000e8000000, 0x0000000100000000, 0x0000000100000000)
 Metaspace       used 43856K, capacity 44332K, committed 44760K, reserved 1089536K
  class space    used 4907K, capacity 5037K, committed 5136K, reserved 1048576K
2016-06-21T18:09:12.491+0100: 58.863: [GC (Allocation Failure) 2016-06-21T18:09:12.491+0100: 58.863: [ParNew
Desired survivor size 20112992 bytes, new threshold 8 (max 8)
- age   1:    1161080 bytes,    1161080 total
- age   2:     739952 bytes,    1901032 total
- age   3:    1221960 bytes,    3122992 total
- age   4:     207128 bytes,    3330120 total
- age   5:    6796680 bytes,   10126800 total
- age   6:    6932248 bytes,   17059048 total
: 106569K->21824K(109248K), 0.0092267 secs] 178412K->93876K(502464K), 0.0093056 secs] [Times: user=0.06 sys=0.00, real=0.01 secs] 
Heap after GC invocations=23 (full 2):
 par new generation   total 109248K, used 21824K [0x00000000e0000000, 0x00000000e8000000, 0x00000000e8000000)
  eden space 87424K,   0% used [0x00000000e0000000, 0x00000000e0000000, 0x00000000e5560000)
  from space 21824K, 100% used [0x00000000e6ab0000, 0x00000000e8000000, 0x00000000e8000000)
  to   space 21824K,   0% used [0x00000000e5560000, 0x00000000e5560000, 0x00000000e6ab0000)
 concurrent mark-sweep generation total 393216K, used 72052K [0x00000000e8000000, 0x0000000100000000, 0x0000000100000000)
 Metaspace       used 43856K, capacity 44332K, committed 44760K, reserved 1089536K
  class space    used 4907K, capacity 5037K, committed 5136K, reserved 1048576K
}
2016-06-21T18:09:12.500+0100: 58.873: Total time for which application threads were stopped: 0.0095219 seconds, Stopping threads took: 0.0000193 seconds
{Heap before GC invocations=23 (full 2):
 par new generation   total 109248K, used 109248K [0x00000000e0000000, 0x00000000e8000000, 0x00000000e8000000)
  eden space 87424K, 100% used [0x00000000e0000000, 0x00000000e5560000, 0x00000000e5560000)
  from space 21824K, 100% used [0x00000000e6ab0000, 0x00000000e8000000, 0x00000000e8000000)
  to   space 21824K,   0% used [0x00000000e5560000, 0x00000000e5560000, 0x00000000e6ab0000)
 concurrent mark-sweep generation total 393216K, used 72052K [0x00000000e8000000, 0x0000000100000000, 0x0000000100000000)
 Metaspace       used 43856K, capacity 44332K, committed 44760K, reserved 1089536K
  class space    used 4907K, capacity 5037K, committed 5136K, reserved 1048576K
2016-06-21T18:09:12.663+0100: 59.035: [GC (Allocation Failure) 2016-06-21T18:09:12.663+0100: 59.035: [ParNew
Desired survivor size 20112992 bytes, new threshold 8 (max 8)
- age   1:    2420472 bytes,    2420472 total
- age   2:     725456 bytes,    3145928 total
- age   3:     739952 bytes,    3885880 total
- age   4:     501048 bytes,    4386928 total
- age   5:     207072 bytes,    4594000 total
- age   6:    6809560 bytes,   11403560 total
- age   7:    6926728 bytes,   18330288 total
: 109248K->20646K(109248K), 0.0093415 secs] 181300K->92699K(502464K), 0.0094118 secs] [Times: user=0.06 sys=0.00, real=0.01 secs] 
Heap after GC invocations=24 (full 2):
 par new generation   total 109248K, used 20646K [0x00000000e0000000, 0x00000000e8000000, 0x00000000e8000000)
  eden space 87424K,   0% used [0x00000000e0000000, 0x00000000e0000000, 0x00000000e5560000)
  from space 21824K,  94% used [0x00000000e5560000, 0x00000000e6989b10, 0x00000000e6ab0000)
  to   space 21824K,   0% used [0x00000000e6ab0000, 0x00000000e6ab0000, 0x00000000e8000000)
 concurrent mark-sweep generation total 393216K, used 72052K [0x00000000e8000000, 0x0000000100000000, 0x0000000100000000)
 Metaspace       used 43856K, capacity 44332K, committed 44760K, reserved 1089536K
  class space    used 4907K, capacity 5037K, committed 5136K, reserved 1048576K
}
2016-06-21T18:09:12.673+0100: 59.045: Total time for which application threads were stopped: 0.0096467 seconds, Stopping threads took: 0.0000245 seconds
{Heap before GC invocations=24 (full 2):
 par new generation   total 109248K, used 108070K [0x00000000e0000000, 0x00000000e8000000, 0x00000000e8000000)
  eden space 87424K, 100% used [0x00000000e0000000, 0x00000000e5560000, 0x00000000e5560000)
  from space 21824K,  94% used [0x00000000e5560000, 0x00000000e6989b10, 0x00000000e6ab0000)
  to   space 21824K,   0% used [0x00000000e6ab0000, 0x00000000e6ab0000, 0x00000000e8000000)
 concurrent mark-sweep generation total 393216K, used 72052K [0x00000000e8000000, 0x0000000100000000, 0x0000000100000000)
 Metaspace       used 43868K, capacity 44396K, committed 44760K, reserved 1089536K
  class space    used 4907K, capacity 5037K, committed 5136K, reserved 1048576K
2016-06-21T18:09:12.832+0100: 59.204: [GC (Allocation Failure) 2016-06-21T18:09:12.832+0100: 59.204: [ParNew
Desired survivor size 20112992 bytes, new threshold 8 (max 8)
- age   1:     954512 bytes,     954512 total
- age   2:    2172872 bytes,    3127384 total
- age   3:     706088 bytes,    3833472 total
- age   4:     718968 bytes,    4552440 total
- age   5:     443184 bytes,    4995624 total
- age   6:     185424 bytes,    5181048 total
- age   7:    6618592 bytes,   11799640 total
- age   8:    6899600 bytes,   18699240 total
: 108070K->21824K(109248K), 0.0100043 secs] 180123K->94279K(502464K), 0.0100600 secs] [Times: user=0.00 sys=0.00, real=0.01 secs] 
Heap after GC invocations=25 (full 2):
 par new generation   total 109248K, used 21824K [0x00000000e0000000, 0x00000000e8000000, 0x00000000e8000000)
  eden space 87424K,   0% used [0x00000000e0000000, 0x00000000e0000000, 0x00000000e5560000)
  from space 21824K, 100% used [0x00000000e6ab0000, 0x00000000e8000000, 0x00000000e8000000)
  to   space 21824K,   0% used [0x00000000e5560000, 0x00000000e5560000, 0x00000000e6ab0000)
 concurrent mark-sweep generation total 393216K, used 72455K [0x00000000e8000000, 0x0000000100000000, 0x0000000100000000)
 Metaspace       used 43868K, capacity 44396K, committed 44760K, reserved 1089536K
  class space    used 4907K, capacity 5037K, committed 5136K, reserved 1048576K
}
2016-06-21T18:09:12.842+0100: 59.214: Total time for which application threads were stopped: 0.0102321 seconds, Stopping threads took: 0.0000189 seconds
{Heap before GC invocations=25 (full 2):
 par new generation   total 109248K, used 109248K [0x00000000e0000000, 0x00000000e8000000, 0x00000000e8000000)
  eden space 87424K, 100% used [0x00000000e0000000, 0x00000000e5560000, 0x00000000e5560000)
  from space 21824K, 100% used [0x00000000e6ab0000, 0x00000000e8000000, 0x00000000e8000000)
  to   space 21824K,   0% used [0x00000000e5560000, 0x00000000e5560000, 0x00000000e6ab0000)
 concurrent mark-sweep generation total 393216K, used 72455K [0x00000000e8000000, 0x0000000100000000, 0x0000000100000000)
 Metaspace       used 43868K, capacity 44396K, committed 44760K, reserved 1089536K
  class space    used 4907K, capacity 5037K, committed 5136K, reserved 1048576K
2016-06-21T18:09:13.044+0100: 59.415: [GC (Allocation Failure) 2016-06-21T18:09:13.044+0100: 59.416: [ParNew
Desired survivor size 20112992 bytes, new threshold 8 (max 8)
- age   1:     924584 bytes,     924584 total
- age   2:     824768 bytes,    1749352 total
- age   3:    2172872 bytes,    3922224 total
- age   4:     706088 bytes,    4628312 total
- age   5:     718968 bytes,    5347280 total
- age   6:     443184 bytes,    5790464 total
- age   7:     185424 bytes,    5975888 total
- age   8:    6616480 bytes,   12592368 total
: 109248K->17384K(109248K), 0.0131158 secs] 181703K->96578K(502464K), 0.0131948 secs] [Times: user=0.06 sys=0.00, real=0.01 secs] 
Heap after GC invocations=26 (full 2):
 par new generation   total 109248K, used 17384K [0x00000000e0000000, 0x00000000e8000000, 0x00000000e8000000)
  eden space 87424K,   0% used [0x00000000e0000000, 0x00000000e0000000, 0x00000000e5560000)
  from space 21824K,  79% used [0x00000000e5560000, 0x00000000e665a3e0, 0x00000000e6ab0000)
  to   space 21824K,   0% used [0x00000000e6ab0000, 0x00000000e6ab0000, 0x00000000e8000000)
 concurrent mark-sweep generation total 393216K, used 79193K [0x00000000e8000000, 0x0000000100000000, 0x0000000100000000)
 Metaspace       used 43868K, capacity 44396K, committed 44760K, reserved 1089536K
  class space    used 4907K, capacity 5037K, committed 5136K, reserved 1048576K
}
2016-06-21T18:09:13.057+0100: 59.429: Total time for which application threads were stopped: 0.0134545 seconds, Stopping threads took: 0.0000328 seconds
{Heap before GC invocations=26 (full 2):
 par new generation   total 109248K, used 104808K [0x00000000e0000000, 0x00000000e8000000, 0x00000000e8000000)
  eden space 87424K, 100% used [0x00000000e0000000, 0x00000000e5560000, 0x00000000e5560000)
  from space 21824K,  79% used [0x00000000e5560000, 0x00000000e665a3e0, 0x00000000e6ab0000)
  to   space 21824K,   0% used [0x00000000e6ab0000, 0x00000000e6ab0000, 0x00000000e8000000)
 concurrent mark-sweep generation total 393216K, used 79193K [0x00000000e8000000, 0x0000000100000000, 0x0000000100000000)
 Metaspace       used 43868K, capacity 44396K, committed 44760K, reserved 1089536K
  class space    used 4907K, capacity 5037K, committed 5136K, reserved 1048576K
2016-06-21T18:09:13.238+0100: 59.610: [GC (Allocation Failure) 2016-06-21T18:09:13.238+0100: 59.610: [ParNew
Desired survivor size 20112992 bytes, new threshold 8 (max 8)
- age   1:     947448 bytes,     947448 total
- age   2:     579512 bytes,    1526960 total
- age   3:     824768 bytes,    2351728 total
- age   4:    2172912 bytes,    4524640 total
- age   5:     706088 bytes,    5230728 total
- age   6:     718968 bytes,    5949696 total
- age   7:     443184 bytes,    6392880 total
- age   8:     185424 bytes,    6578304 total
: 104808K->11196K(109248K), 0.0101907 secs] 184002K->96851K(502464K), 0.0102688 secs] [Times: user=0.00 sys=0.00, real=0.01 secs] 
Heap after GC invocations=27 (full 2):
 par new generation   total 109248K, used 11196K [0x00000000e0000000, 0x00000000e8000000, 0x00000000e8000000)
  eden space 87424K,   0% used [0x00000000e0000000, 0x00000000e0000000, 0x00000000e5560000)
  from space 21824K,  51% used [0x00000000e6ab0000, 0x00000000e759f380, 0x00000000e8000000)
  to   space 21824K,   0% used [0x00000000e5560000, 0x00000000e5560000, 0x00000000e6ab0000)
 concurrent mark-sweep generation total 393216K, used 85654K [0x00000000e8000000, 0x0000000100000000, 0x0000000100000000)
 Metaspace       used 43868K, capacity 44396K, committed 44760K, reserved 1089536K
  class space    used 4907K, capacity 5037K, committed 5136K, reserved 1048576K
}
2016-06-21T18:09:13.248+0100: 59.620: Total time for which application threads were stopped: 0.0105045 seconds, Stopping threads took: 0.0000280 seconds
{Heap before GC invocations=27 (full 2):
 par new generation   total 109248K, used 98620K [0x00000000e0000000, 0x00000000e8000000, 0x00000000e8000000)
  eden space 87424K, 100% used [0x00000000e0000000, 0x00000000e5560000, 0x00000000e5560000)
  from space 21824K,  51% used [0x00000000e6ab0000, 0x00000000e759f380, 0x00000000e8000000)
  to   space 21824K,   0% used [0x00000000e5560000, 0x00000000e5560000, 0x00000000e6ab0000)
 concurrent mark-sweep generation total 393216K, used 85654K [0x00000000e8000000, 0x0000000100000000, 0x0000000100000000)
 Metaspace       used 43868K, capacity 44396K, committed 44760K, reserved 1089536K
  class space    used 4907K, capacity 5037K, committed 5136K, reserved 1048576K
2016-06-21T18:09:13.388+0100: 59.760: [GC (Allocation Failure) 2016-06-21T18:09:13.388+0100: 59.760: [ParNew
Desired survivor size 20112992 bytes, new threshold 8 (max 8)
- age   1:     884496 bytes,     884496 total
- age   2:     692672 bytes,    1577168 total
- age   3:     579552 bytes,    2156720 total
- age   4:     824768 bytes,    2981488 total
- age   5:    2172872 bytes,    5154360 total
- age   6:     706168 bytes,    5860528 total
- age   7:     718968 bytes,    6579496 total
- age   8:     443184 bytes,    7022680 total
: 98620K->8137K(109248K), 0.0053719 secs] 184275K->93973K(502464K), 0.0054469 secs] [Times: user=0.06 sys=0.00, real=0.01 secs] 
Heap after GC invocations=28 (full 2):
 par new generation   total 109248K, used 8137K [0x00000000e0000000, 0x00000000e8000000, 0x00000000e8000000)
  eden space 87424K,   0% used [0x00000000e0000000, 0x00000000e0000000, 0x00000000e5560000)
  from space 21824K,  37% used [0x00000000e5560000, 0x00000000e5d525e8, 0x00000000e6ab0000)
  to   space 21824K,   0% used [0x00000000e6ab0000, 0x00000000e6ab0000, 0x00000000e8000000)
 concurrent mark-sweep generation total 393216K, used 85836K [0x00000000e8000000, 0x0000000100000000, 0x0000000100000000)
 Metaspace       used 43868K, capacity 44396K, committed 44760K, reserved 1089536K
  class space    used 4907K, capacity 5037K, committed 5136K, reserved 1048576K
}
2016-06-21T18:09:13.394+0100: 59.765: Total time for which application threads were stopped: 0.0056671 seconds, Stopping threads took: 0.0000253 seconds
{Heap before GC invocations=28 (full 2):
 par new generation   total 109248K, used 95561K [0x00000000e0000000, 0x00000000e8000000, 0x00000000e8000000)
  eden space 87424K, 100% used [0x00000000e0000000, 0x00000000e5560000, 0x00000000e5560000)
  from space 21824K,  37% used [0x00000000e5560000, 0x00000000e5d525e8, 0x00000000e6ab0000)
  to   space 21824K,   0% used [0x00000000e6ab0000, 0x00000000e6ab0000, 0x00000000e8000000)
 concurrent mark-sweep generation total 393216K, used 85836K [0x00000000e8000000, 0x0000000100000000, 0x0000000100000000)
 Metaspace       used 43868K, capacity 44396K, committed 44760K, reserved 1089536K
  class space    used 4907K, capacity 5037K, committed 5136K, reserved 1048576K
2016-06-21T18:09:13.596+0100: 59.967: [GC (Allocation Failure) 2016-06-21T18:09:13.596+0100: 59.967: [ParNew
Desired survivor size 20112992 bytes, new threshold 8 (max 8)
- age   1:    3727696 bytes,    3727696 total
- age   2:     752560 bytes,    4480256 total
- age   3:     709032 bytes,    5189288 total
- age   4:     579592 bytes,    5768880 total
- age   5:     824848 bytes,    6593728 total
- age   6:     731064 bytes,    7324792 total
- age   7:     706128 bytes,    8030920 total
- age   8:     718968 bytes,    8749888 total
: 95561K->10371K(109248K), 0.0059435 secs] 181397K->96641K(502464K), 0.0060287 secs] [Times: user=0.00 sys=0.00, real=0.01 secs] 
Heap after GC invocations=29 (full 2):
 par new generation   total 109248K, used 10371K [0x00000000e0000000, 0x00000000e8000000, 0x00000000e8000000)
  eden space 87424K,   0% used [0x00000000e0000000, 0x00000000e0000000, 0x00000000e5560000)
  from space 21824K,  47% used [0x00000000e6ab0000, 0x00000000e74d0cc0, 0x00000000e8000000)
  to   space 21824K,   0% used [0x00000000e5560000, 0x00000000e5560000, 0x00000000e6ab0000)
 concurrent mark-sweep generation total 393216K, used 86270K [0x00000000e8000000, 0x0000000100000000, 0x0000000100000000)
 Metaspace       used 43868K, capacity 44396K, committed 44760K, reserved 1089536K
  class space    used 4907K, capacity 5037K, committed 5136K, reserved 1048576K
}
2016-06-21T18:09:13.602+0100: 59.973: Total time for which application threads were stopped: 0.0062747 seconds, Stopping threads took: 0.0000312 seconds
2016-06-21T18:09:14.602+0100: 60.973: Total time for which application threads were stopped: 0.0001291 seconds, Stopping threads took: 0.0000316 seconds
{Heap before GC invocations=29 (full 2):
 par new generation   total 109248K, used 97795K [0x00000000e0000000, 0x00000000e8000000, 0x00000000e8000000)
  eden space 87424K, 100% used [0x00000000e0000000, 0x00000000e5560000, 0x00000000e5560000)
  from space 21824K,  47% used [0x00000000e6ab0000, 0x00000000e74d0cc0, 0x00000000e8000000)
  to   space 21824K,   0% used [0x00000000e5560000, 0x00000000e5560000, 0x00000000e6ab0000)
 concurrent mark-sweep generation total 393216K, used 86270K [0x00000000e8000000, 0x0000000100000000, 0x0000000100000000)
 Metaspace       used 43940K, capacity 44460K, committed 45016K, reserved 1089536K
  class space    used 4910K, capacity 5037K, committed 5136K, reserved 1048576K
2016-06-21T18:09:15.119+0100: 61.491: [GC (Allocation Failure) 2016-06-21T18:09:15.119+0100: 61.491: [ParNew
Desired survivor size 20112992 bytes, new threshold 8 (max 8)
- age   1:   11469984 bytes,   11469984 total
- age   2:    3188760 bytes,   14658744 total
- age   3:     342432 bytes,   15001176 total
- age   4:     331768 bytes,   15332944 total
- age   5:     300712 bytes,   15633656 total
- age   6:     365568 bytes,   15999224 total
- age   7:     321064 bytes,   16320288 total
- age   8:     328888 bytes,   16649176 total
: 97795K->17444K(109248K), 0.0080748 secs] 184065K->104064K(502464K), 0.0081589 secs] [Times: user=0.06 sys=0.00, real=0.01 secs] 
Heap after GC invocations=30 (full 2):
 par new generation   total 109248K, used 17444K [0x00000000e0000000, 0x00000000e8000000, 0x00000000e8000000)
  eden space 87424K,   0% used [0x00000000e0000000, 0x00000000e0000000, 0x00000000e5560000)
  from space 21824K,  79% used [0x00000000e5560000, 0x00000000e66690b0, 0x00000000e6ab0000)
  to   space 21824K,   0% used [0x00000000e6ab0000, 0x00000000e6ab0000, 0x00000000e8000000)
 concurrent mark-sweep generation total 393216K, used 86620K [0x00000000e8000000, 0x0000000100000000, 0x0000000100000000)
 Metaspace       used 43940K, capacity 44460K, committed 45016K, reserved 1089536K
  class space    used 4910K, capacity 5037K, committed 5136K, reserved 1048576K
}
2016-06-21T18:09:15.127+0100: 61.499: Total time for which application threads were stopped: 0.0083835 seconds, Stopping threads took: 0.0000182 seconds
2016-06-21T18:09:16.127+0100: 62.499: Total time for which application threads were stopped: 0.0001919 seconds, Stopping threads took: 0.0000513 seconds
2016-06-21T18:09:17.128+0100: 63.499: Total time for which application threads were stopped: 0.0001279 seconds, Stopping threads took: 0.0000371 seconds
2016-06-21T18:10:07.153+0100: 113.524: Total time for which application threads were stopped: 0.0001165 seconds, Stopping threads took: 0.0000347 seconds
2016-06-21T18:11:26.492+0100: 192.863: Total time for which application threads were stopped: 0.0001737 seconds, Stopping threads took: 0.0000616 seconds
2016-06-21T18:11:26.641+0100: 193.013: Total time for which application threads were stopped: 0.0001015 seconds, Stopping threads took: 0.0000237 seconds
2016-06-21T18:11:26.644+0100: 193.016: Total time for which application threads were stopped: 0.0001121 seconds, Stopping threads took: 0.0000268 seconds
2016-06-21T18:11:26.644+0100: 193.016: Total time for which application threads were stopped: 0.0000683 seconds, Stopping threads took: 0.0000134 seconds
2016-06-21T18:11:26.646+0100: 193.018: Total time for which application threads were stopped: 0.0001145 seconds, Stopping threads took: 0.0000371 seconds
2016-06-21T18:11:26.648+0100: 193.020: Total time for which application threads were stopped: 0.0001311 seconds, Stopping threads took: 0.0000336 seconds
2016-06-21T18:11:26.655+0100: 193.027: Total time for which application threads were stopped: 0.0001930 seconds, Stopping threads took: 0.0000845 seconds
2016-06-21T18:11:26.673+0100: 193.045: Total time for which application threads were stopped: 0.0001236 seconds, Stopping threads took: 0.0000284 seconds
2016-06-21T18:11:26.697+0100: 193.068: Total time for which application threads were stopped: 0.0001504 seconds, Stopping threads took: 0.0000383 seconds
2016-06-21T18:11:26.698+0100: 193.069: Total time for which application threads were stopped: 0.0001567 seconds, Stopping threads took: 0.0000347 seconds
2016-06-21T18:11:26.698+0100: 193.069: Total time for which application threads were stopped: 0.0000916 seconds, Stopping threads took: 0.0000186 seconds
2016-06-21T18:11:27.698+0100: 194.069: Total time for which application threads were stopped: 0.0001220 seconds, Stopping threads took: 0.0000264 seconds
2016-06-21T18:11:45.707+0100: 212.078: Total time for which application threads were stopped: 0.0000841 seconds, Stopping threads took: 0.0000261 seconds
2016-06-21T18:12:24.729+0100: 251.100: Total time for which application threads were stopped: 0.0001200 seconds, Stopping threads took: 0.0000371 seconds
2016-06-21T18:14:20.317+0100: 366.688: Total time for which application threads were stopped: 0.0001295 seconds, Stopping threads took: 0.0000316 seconds
2016-06-21T18:14:20.551+0100: 366.923: Total time for which application threads were stopped: 0.0001090 seconds, Stopping threads took: 0.0000343 seconds
2016-06-21T18:14:20.564+0100: 366.936: Total time for which application threads were stopped: 0.0003963 seconds, Stopping threads took: 0.0003008 seconds
2016-06-21T18:14:20.565+0100: 366.936: Total time for which application threads were stopped: 0.0001054 seconds, Stopping threads took: 0.0000237 seconds
2016-06-21T18:14:20.569+0100: 366.941: Total time for which application threads were stopped: 0.0001492 seconds, Stopping threads took: 0.0000328 seconds
2016-06-21T18:14:20.656+0100: 367.028: Total time for which application threads were stopped: 0.0001157 seconds, Stopping threads took: 0.0000280 seconds
2016-06-21T18:14:20.657+0100: 367.029: Total time for which application threads were stopped: 0.0001149 seconds, Stopping threads took: 0.0000292 seconds
2016-06-21T18:14:21.045+0100: 367.416: Total time for which application threads were stopped: 0.0001322 seconds, Stopping threads took: 0.0000367 seconds
2016-06-21T18:14:21.048+0100: 367.420: Total time for which application threads were stopped: 0.0002949 seconds, Stopping threads took: 0.0001879 seconds
2016-06-21T18:14:21.051+0100: 367.422: Total time for which application threads were stopped: 0.0001867 seconds, Stopping threads took: 0.0000478 seconds
2016-06-21T18:14:21.920+0100: 368.291: Total time for which application threads were stopped: 0.0001232 seconds, Stopping threads took: 0.0000280 seconds
2016-06-21T18:14:21.920+0100: 368.291: Total time for which application threads were stopped: 0.0000541 seconds, Stopping threads took: 0.0000138 seconds
2016-06-21T18:14:21.920+0100: 368.292: Total time for which application threads were stopped: 0.0000517 seconds, Stopping threads took: 0.0000130 seconds
2016-06-21T18:14:21.920+0100: 368.292: Total time for which application threads were stopped: 0.0000493 seconds, Stopping threads took: 0.0000126 seconds
2016-06-21T18:14:21.920+0100: 368.292: Total time for which application threads were stopped: 0.0000509 seconds, Stopping threads took: 0.0000122 seconds
2016-06-21T18:14:21.921+0100: 368.293: Total time for which application threads were stopped: 0.0000616 seconds, Stopping threads took: 0.0000170 seconds
2016-06-21T18:14:21.921+0100: 368.293: Total time for which application threads were stopped: 0.0000549 seconds, Stopping threads took: 0.0000130 seconds
2016-06-21T18:14:21.921+0100: 368.293: Total time for which application threads were stopped: 0.0000521 seconds, Stopping threads took: 0.0000138 seconds
2016-06-21T18:14:21.921+0100: 368.293: Total time for which application threads were stopped: 0.0000513 seconds, Stopping threads took: 0.0000126 seconds
2016-06-21T18:14:21.921+0100: 368.293: Total time for which application threads were stopped: 0.0000505 seconds, Stopping threads took: 0.0000126 seconds
2016-06-21T18:14:21.921+0100: 368.293: Total time for which application threads were stopped: 0.0000489 seconds, Stopping threads took: 0.0000118 seconds
2016-06-21T18:14:21.921+0100: 368.293: Total time for which application threads were stopped: 0.0000493 seconds, Stopping threads took: 0.0000122 seconds
2016-06-21T18:14:21.924+0100: 368.295: Total time for which application threads were stopped: 0.0000813 seconds, Stopping threads took: 0.0000205 seconds
2016-06-21T18:14:22.924+0100: 369.295: Total time for which application threads were stopped: 0.0001109 seconds, Stopping threads took: 0.0000339 seconds
2016-06-21T18:17:27.332+0100: 553.704: Total time for which application threads were stopped: 0.0001113 seconds, Stopping threads took: 0.0000268 seconds
2016-06-21T18:17:27.345+0100: 553.718: Total time for which application threads were stopped: 0.0001153 seconds, Stopping threads took: 0.0000201 seconds
{Heap before GC invocations=30 (full 2):
 par new generation   total 109248K, used 104868K [0x00000000e0000000, 0x00000000e8000000, 0x00000000e8000000)
  eden space 87424K, 100% used [0x00000000e0000000, 0x00000000e5560000, 0x00000000e5560000)
  from space 21824K,  79% used [0x00000000e5560000, 0x00000000e66690b0, 0x00000000e6ab0000)
  to   space 21824K,   0% used [0x00000000e6ab0000, 0x00000000e6ab0000, 0x00000000e8000000)
 concurrent mark-sweep generation total 393216K, used 86620K [0x00000000e8000000, 0x0000000100000000, 0x0000000100000000)
 Metaspace       used 44518K, capacity 45028K, committed 45528K, reserved 1089536K
  class space    used 4928K, capacity 5073K, committed 5136K, reserved 1048576K
2016-06-21T18:17:27.586+0100: 553.958: [GC (Allocation Failure) 2016-06-21T18:17:27.586+0100: 553.958: [ParNew
Desired survivor size 20112992 bytes, new threshold 8 (max 8)
- age   1:     782712 bytes,     782712 total
- age   2:   11275632 bytes,   12058344 total
- age   3:    3188720 bytes,   15247064 total
- age   4:     342432 bytes,   15589496 total
- age   5:     331768 bytes,   15921264 total
- age   6:     300712 bytes,   16221976 total
- age   7:     365568 bytes,   16587544 total
- age   8:     321064 bytes,   16908608 total
: 104868K->16692K(109248K), 0.0087620 secs] 191488K->103635K(502464K), 0.0088382 secs] [Times: user=0.06 sys=0.00, real=0.01 secs] 
Heap after GC invocations=31 (full 2):
 par new generation   total 109248K, used 16692K [0x00000000e0000000, 0x00000000e8000000, 0x00000000e8000000)
  eden space 87424K,   0% used [0x00000000e0000000, 0x00000000e0000000, 0x00000000e5560000)
  from space 21824K,  76% used [0x00000000e6ab0000, 0x00000000e7afd398, 0x00000000e8000000)
  to   space 21824K,   0% used [0x00000000e5560000, 0x00000000e5560000, 0x00000000e6ab0000)
 concurrent mark-sweep generation total 393216K, used 86942K [0x00000000e8000000, 0x0000000100000000, 0x0000000100000000)
 Metaspace       used 44518K, capacity 45028K, committed 45528K, reserved 1089536K
  class space    used 4928K, capacity 5073K, committed 5136K, reserved 1048576K
}
2016-06-21T18:17:27.595+0100: 553.966: Total time for which application threads were stopped: 0.0091738 seconds, Stopping threads took: 0.0000339 seconds
2016-06-21T18:17:28.595+0100: 554.966: Total time for which application threads were stopped: 0.0001220 seconds, Stopping threads took: 0.0000316 seconds
{Heap before GC invocations=31 (full 2):
 par new generation   total 109248K, used 104116K [0x00000000e0000000, 0x00000000e8000000, 0x00000000e8000000)
  eden space 87424K, 100% used [0x00000000e0000000, 0x00000000e5560000, 0x00000000e5560000)
  from space 21824K,  76% used [0x00000000e6ab0000, 0x00000000e7afd398, 0x00000000e8000000)
  to   space 21824K,   0% used [0x00000000e5560000, 0x00000000e5560000, 0x00000000e6ab0000)
 concurrent mark-sweep generation total 393216K, used 86942K [0x00000000e8000000, 0x0000000100000000, 0x0000000100000000)
 Metaspace       used 44633K, capacity 45166K, committed 45528K, reserved 1089536K
  class space    used 4941K, capacity 5096K, committed 5136K, reserved 1048576K
2016-06-21T18:17:28.855+0100: 555.226: [GC (Allocation Failure) 2016-06-21T18:17:28.855+0100: 555.226: [ParNew
Desired survivor size 20112992 bytes, new threshold 8 (max 8)
- age   1:    1125232 bytes,    1125232 total
- age   2:     293608 bytes,    1418840 total
- age   3:   11275632 bytes,   12694472 total
- age   4:    3188720 bytes,   15883192 total
- age   5:     342432 bytes,   16225624 total
- age   6:     331808 bytes,   16557432 total
- age   7:     300712 bytes,   16858144 total
- age   8:     365568 bytes,   17223712 total
: 104116K->19166K(109248K), 0.0106557 secs] 191059K->106423K(502464K), 0.0107548 secs] [Times: user=0.06 sys=0.00, real=0.01 secs] 
Heap after GC invocations=32 (full 2):
 par new generation   total 109248K, used 19166K [0x00000000e0000000, 0x00000000e8000000, 0x00000000e8000000)
  eden space 87424K,   0% used [0x00000000e0000000, 0x00000000e0000000, 0x00000000e5560000)
  from space 21824K,  87% used [0x00000000e5560000, 0x00000000e6817a10, 0x00000000e6ab0000)
  to   space 21824K,   0% used [0x00000000e6ab0000, 0x00000000e6ab0000, 0x00000000e8000000)
 concurrent mark-sweep generation total 393216K, used 87256K [0x00000000e8000000, 0x0000000100000000, 0x0000000100000000)
 Metaspace       used 44633K, capacity 45166K, committed 45528K, reserved 1089536K
  class space    used 4941K, capacity 5096K, committed 5136K, reserved 1048576K
}
2016-06-21T18:17:28.866+0100: 555.237: Total time for which application threads were stopped: 0.0110493 seconds, Stopping threads took: 0.0000351 seconds
2016-06-21T18:17:28.866+0100: 555.237: Total time for which application threads were stopped: 0.0002325 seconds, Stopping threads took: 0.0001468 seconds
2016-06-21T18:17:28.866+0100: 555.238: Total time for which application threads were stopped: 0.0001070 seconds, Stopping threads took: 0.0000580 seconds
{Heap before GC invocations=32 (full 2):
 par new generation   total 109248K, used 106580K [0x00000000e0000000, 0x00000000e8000000, 0x00000000e8000000)
  eden space 87424K,  99% used [0x00000000e0000000, 0x00000000e555d748, 0x00000000e5560000)
  from space 21824K,  87% used [0x00000000e5560000, 0x00000000e6817a10, 0x00000000e6ab0000)
  to   space 21824K,   0% used [0x00000000e6ab0000, 0x00000000e6ab0000, 0x00000000e8000000)
 concurrent mark-sweep generation total 393216K, used 87256K [0x00000000e8000000, 0x0000000100000000, 0x0000000100000000)
 Metaspace       used 44643K, capacity 45166K, committed 45528K, reserved 1089536K
  class space    used 4941K, capacity 5096K, committed 5136K, reserved 1048576K
2016-06-21T18:17:29.145+0100: 555.517: [GC (Allocation Failure) 2016-06-21T18:17:29.145+0100: 555.517: [ParNew
Desired survivor size 20112992 bytes, new threshold 8 (max 8)
- age   1:     587520 bytes,     587520 total
- age   2:      35800 bytes,     623320 total
- age   3:     293608 bytes,     916928 total
- age   4:   11275632 bytes,   12192560 total
- age   5:    3188720 bytes,   15381280 total
- age   6:     342432 bytes,   15723712 total
- age   7:     331768 bytes,   16055480 total
- age   8:     300712 bytes,   16356192 total
: 106580K->16501K(109248K), 0.0070456 secs] 193837K->104121K(502464K), 0.0071167 secs] [Times: user=0.00 sys=0.00, real=0.01 secs] 
Heap after GC invocations=33 (full 2):
 par new generation   total 109248K, used 16501K [0x00000000e0000000, 0x00000000e8000000, 0x00000000e8000000)
  eden space 87424K,   0% used [0x00000000e0000000, 0x00000000e0000000, 0x00000000e5560000)
  from space 21824K,  75% used [0x00000000e6ab0000, 0x00000000e7acd650, 0x00000000e8000000)
  to   space 21824K,   0% used [0x00000000e5560000, 0x00000000e5560000, 0x00000000e6ab0000)
 concurrent mark-sweep generation total 393216K, used 87619K [0x00000000e8000000, 0x0000000100000000, 0x0000000100000000)
 Metaspace       used 44643K, capacity 45166K, committed 45528K, reserved 1089536K
  class space    used 4941K, capacity 5096K, committed 5136K, reserved 1048576K
}
2016-06-21T18:17:29.153+0100: 555.524: Total time for which application threads were stopped: 0.0073559 seconds, Stopping threads took: 0.0000347 seconds
2016-06-21T18:17:30.154+0100: 556.525: Total time for which application threads were stopped: 0.0000845 seconds, Stopping threads took: 0.0000257 seconds
{Heap before GC invocations=33 (full 2):
 par new generation   total 109248K, used 103925K [0x00000000e0000000, 0x00000000e8000000, 0x00000000e8000000)
  eden space 87424K, 100% used [0x00000000e0000000, 0x00000000e5560000, 0x00000000e5560000)
  from space 21824K,  75% used [0x00000000e6ab0000, 0x00000000e7acd650, 0x00000000e8000000)
  to   space 21824K,   0% used [0x00000000e5560000, 0x00000000e5560000, 0x00000000e6ab0000)
 concurrent mark-sweep generation total 393216K, used 87619K [0x00000000e8000000, 0x0000000100000000, 0x0000000100000000)
 Metaspace       used 44677K, capacity 45230K, committed 45528K, reserved 1089536K
  class space    used 4941K, capacity 5096K, committed 5136K, reserved 1048576K
2016-06-21T18:17:30.866+0100: 557.238: [GC (Allocation Failure) 2016-06-21T18:17:30.866+0100: 557.238: [ParNew
Desired survivor size 20112992 bytes, new threshold 8 (max 8)
- age   1:     680656 bytes,     680656 total
- age   2:       5000 bytes,     685656 total
- age   3:      30616 bytes,     716272 total
- age   4:     293608 bytes,    1009880 total
- age   5:   11275632 bytes,   12285512 total
- age   6:    3188720 bytes,   15474232 total
- age   7:     342432 bytes,   15816664 total
- age   8:     331768 bytes,   16148432 total
: 103925K->16938K(109248K), 0.0059439 secs] 191545K->104853K(502464K), 0.0060181 secs] [Times: user=0.00 sys=0.00, real=0.01 secs] 
Heap after GC invocations=34 (full 2):
 par new generation   total 109248K, used 16938K [0x00000000e0000000, 0x00000000e8000000, 0x00000000e8000000)
  eden space 87424K,   0% used [0x00000000e0000000, 0x00000000e0000000, 0x00000000e5560000)
  from space 21824K,  77% used [0x00000000e5560000, 0x00000000e65eaa40, 0x00000000e6ab0000)
  to   space 21824K,   0% used [0x00000000e6ab0000, 0x00000000e6ab0000, 0x00000000e8000000)
 concurrent mark-sweep generation total 393216K, used 87914K [0x00000000e8000000, 0x0000000100000000, 0x0000000100000000)
 Metaspace       used 44677K, capacity 45230K, committed 45528K, reserved 1089536K
  class space    used 4941K, capacity 5096K, committed 5136K, reserved 1048576K
}
2016-06-21T18:17:30.872+0100: 557.244: Total time for which application threads were stopped: 0.0062186 seconds, Stopping threads took: 0.0000213 seconds
2016-06-21T18:17:30.872+0100: 557.244: Total time for which application threads were stopped: 0.0000975 seconds, Stopping threads took: 0.0000328 seconds
2016-06-21T18:17:30.872+0100: 557.244: Total time for which application threads were stopped: 0.0001015 seconds, Stopping threads took: 0.0000193 seconds
2016-06-21T18:17:30.872+0100: 557.244: Total time for which application threads were stopped: 0.0000655 seconds, Stopping threads took: 0.0000205 seconds
2016-06-21T18:17:30.873+0100: 557.245: Total time for which application threads were stopped: 0.0000746 seconds, Stopping threads took: 0.0000312 seconds
2016-06-21T18:17:30.873+0100: 557.245: Total time for which application threads were stopped: 0.0000754 seconds, Stopping threads took: 0.0000284 seconds
2016-06-21T18:17:30.873+0100: 557.245: Total time for which application threads were stopped: 0.0000620 seconds, Stopping threads took: 0.0000257 seconds
2016-06-21T18:17:30.873+0100: 557.245: Total time for which application threads were stopped: 0.0000561 seconds, Stopping threads took: 0.0000229 seconds
2016-06-21T18:17:30.873+0100: 557.245: Total time for which application threads were stopped: 0.0000482 seconds, Stopping threads took: 0.0000182 seconds
2016-06-21T18:17:30.873+0100: 557.245: Total time for which application threads were stopped: 0.0000557 seconds, Stopping threads took: 0.0000237 seconds
2016-06-21T18:17:30.873+0100: 557.245: Total time for which application threads were stopped: 0.0000517 seconds, Stopping threads took: 0.0000205 seconds
2016-06-21T18:17:30.873+0100: 557.245: Total time for which application threads were stopped: 0.0000549 seconds, Stopping threads took: 0.0000237 seconds
2016-06-21T18:17:30.873+0100: 557.245: Total time for which application threads were stopped: 0.0000813 seconds, Stopping threads took: 0.0000237 seconds
2016-06-21T18:17:30.873+0100: 557.245: Total time for which application threads were stopped: 0.0000454 seconds, Stopping threads took: 0.0000158 seconds
2016-06-21T18:17:30.873+0100: 557.245: Total time for which application threads were stopped: 0.0000478 seconds, Stopping threads took: 0.0000174 seconds
2016-06-21T18:17:30.873+0100: 557.245: Total time for which application threads were stopped: 0.0000549 seconds, Stopping threads took: 0.0000233 seconds
2016-06-21T18:17:30.873+0100: 557.246: Total time for which application threads were stopped: 0.0000513 seconds, Stopping threads took: 0.0000193 seconds
2016-06-21T18:17:30.874+0100: 557.246: Total time for which application threads were stopped: 0.0001113 seconds, Stopping threads took: 0.0000221 seconds
2016-06-21T18:17:30.874+0100: 557.246: Total time for which application threads were stopped: 0.0001457 seconds, Stopping threads took: 0.0000284 seconds
2016-06-21T18:17:31.874+0100: 558.246: Total time for which application threads were stopped: 0.0000916 seconds, Stopping threads took: 0.0000284 seconds
2016-06-21T18:17:33.875+0100: 560.247: Total time for which application threads were stopped: 0.0001224 seconds, Stopping threads took: 0.0000407 seconds
{Heap before GC invocations=34 (full 2):
 par new generation   total 109248K, used 104362K [0x00000000e0000000, 0x00000000e8000000, 0x00000000e8000000)
  eden space 87424K, 100% used [0x00000000e0000000, 0x00000000e5560000, 0x00000000e5560000)
  from space 21824K,  77% used [0x00000000e5560000, 0x00000000e65eaa40, 0x00000000e6ab0000)
  to   space 21824K,   0% used [0x00000000e6ab0000, 0x00000000e6ab0000, 0x00000000e8000000)
 concurrent mark-sweep generation total 393216K, used 87914K [0x00000000e8000000, 0x0000000100000000, 0x0000000100000000)
 Metaspace       used 44679K, capacity 45230K, committed 45528K, reserved 1089536K
  class space    used 4941K, capacity 5096K, committed 5136K, reserved 1048576K
2016-06-21T18:17:33.926+0100: 560.298: [GC (Allocation Failure) 2016-06-21T18:17:33.926+0100: 560.298: [ParNew
Desired survivor size 20112992 bytes, new threshold 7 (max 8)
- age   1:    7068624 bytes,    7068624 total
- age   2:       4928 bytes,    7073552 total
- age   3:       1400 bytes,    7074952 total
- age   4:      30616 bytes,    7105568 total
- age   5:     293608 bytes,    7399176 total
- age   6:   11275632 bytes,   18674808 total
- age   7:    3188720 bytes,   21863528 total
- age   8:     342432 bytes,   22205960 total
: 104362K->21824K(109248K), 0.0173097 secs] 192277K->124764K(502464K), 0.0173808 secs] [Times: user=0.05 sys=0.02, real=0.02 secs] 
Heap after GC invocations=35 (full 2):
 par new generation   total 109248K, used 21824K [0x00000000e0000000, 0x00000000e8000000, 0x00000000e8000000)
  eden space 87424K,   0% used [0x00000000e0000000, 0x00000000e0000000, 0x00000000e5560000)
  from space 21824K, 100% used [0x00000000e6ab0000, 0x00000000e8000000, 0x00000000e8000000)
  to   space 21824K,   0% used [0x00000000e5560000, 0x00000000e5560000, 0x00000000e6ab0000)
 concurrent mark-sweep generation total 393216K, used 102940K [0x00000000e8000000, 0x0000000100000000, 0x0000000100000000)
 Metaspace       used 44679K, capacity 45230K, committed 45528K, reserved 1089536K
  class space    used 4941K, capacity 5096K, committed 5136K, reserved 1048576K
}
2016-06-21T18:17:33.944+0100: 560.316: Total time for which application threads were stopped: 0.0176994 seconds, Stopping threads took: 0.0000233 seconds
2016-06-21T18:17:33.944+0100: 560.316: Total time for which application threads were stopped: 0.0001165 seconds, Stopping threads took: 0.0000478 seconds
2016-06-21T18:17:33.944+0100: 560.316: Total time for which application threads were stopped: 0.0000620 seconds, Stopping threads took: 0.0000276 seconds
2016-06-21T18:17:33.944+0100: 560.316: Total time for which application threads were stopped: 0.0000501 seconds, Stopping threads took: 0.0000201 seconds
2016-06-21T18:17:33.945+0100: 560.316: Total time for which application threads were stopped: 0.0000837 seconds, Stopping threads took: 0.0000296 seconds
2016-06-21T18:17:33.945+0100: 560.316: Total time for which application threads were stopped: 0.0000643 seconds, Stopping threads took: 0.0000229 seconds
2016-06-21T18:17:33.945+0100: 560.316: Total time for which application threads were stopped: 0.0000730 seconds, Stopping threads took: 0.0000276 seconds
2016-06-21T18:17:33.945+0100: 560.316: Total time for which application threads were stopped: 0.0000825 seconds, Stopping threads took: 0.0000193 seconds
2016-06-21T18:17:33.945+0100: 560.316: Total time for which application threads were stopped: 0.0000691 seconds, Stopping threads took: 0.0000245 seconds
2016-06-21T18:17:33.945+0100: 560.316: Total time for which application threads were stopped: 0.0000679 seconds, Stopping threads took: 0.0000249 seconds
2016-06-21T18:17:33.945+0100: 560.316: Total time for which application threads were stopped: 0.0000474 seconds, Stopping threads took: 0.0000189 seconds
2016-06-21T18:17:33.945+0100: 560.317: Total time for which application threads were stopped: 0.0000655 seconds, Stopping threads took: 0.0000241 seconds
{Heap before GC invocations=35 (full 2):
 par new generation   total 109248K, used 109248K [0x00000000e0000000, 0x00000000e8000000, 0x00000000e8000000)
  eden space 87424K, 100% used [0x00000000e0000000, 0x00000000e5560000, 0x00000000e5560000)
  from space 21824K, 100% used [0x00000000e6ab0000, 0x00000000e8000000, 0x00000000e8000000)
  to   space 21824K,   0% used [0x00000000e5560000, 0x00000000e5560000, 0x00000000e6ab0000)
 concurrent mark-sweep generation total 393216K, used 102940K [0x00000000e8000000, 0x0000000100000000, 0x0000000100000000)
 Metaspace       used 44679K, capacity 45230K, committed 45528K, reserved 1089536K
  class space    used 4941K, capacity 5096K, committed 5136K, reserved 1048576K
2016-06-21T18:17:34.126+0100: 560.497: [GC (Allocation Failure) 2016-06-21T18:17:34.126+0100: 560.498: [ParNew
Desired survivor size 20112992 bytes, new threshold 8 (max 8)
- age   1:    1646144 bytes,    1646144 total
- age   2:    6503880 bytes,    8150024 total
- age   3:       4888 bytes,    8154912 total
- age   4:       1400 bytes,    8156312 total
- age   5:      30616 bytes,    8186928 total
- age   6:     293608 bytes,    8480536 total
- age   7:   11275632 bytes,   19756168 total
: 109248K->21824K(109248K), 0.0079105 secs] 212188K->128269K(502464K), 0.0080088 secs] [Times: user=0.00 sys=0.00, real=0.01 secs] 
Heap after GC invocations=36 (full 2):
 par new generation   total 109248K, used 21824K [0x00000000e0000000, 0x00000000e8000000, 0x00000000e8000000)
  eden space 87424K,   0% used [0x00000000e0000000, 0x00000000e0000000, 0x00000000e5560000)
  from space 21824K, 100% used [0x00000000e5560000, 0x00000000e6ab0000, 0x00000000e6ab0000)
  to   space 21824K,   0% used [0x00000000e6ab0000, 0x00000000e6ab0000, 0x00000000e8000000)
 concurrent mark-sweep generation total 393216K, used 106445K [0x00000000e8000000, 0x0000000100000000, 0x0000000100000000)
 Metaspace       used 44679K, capacity 45230K, committed 45528K, reserved 1089536K
  class space    used 4941K, capacity 5096K, committed 5136K, reserved 1048576K
}
2016-06-21T18:17:34.134+0100: 560.506: Total time for which application threads were stopped: 0.0082027 seconds, Stopping threads took: 0.0000197 seconds
{Heap before GC invocations=36 (full 2):
 par new generation   total 109248K, used 109248K [0x00000000e0000000, 0x00000000e8000000, 0x00000000e8000000)
  eden space 87424K, 100% used [0x00000000e0000000, 0x00000000e5560000, 0x00000000e5560000)
  from space 21824K, 100% used [0x00000000e5560000, 0x00000000e6ab0000, 0x00000000e6ab0000)
  to   space 21824K,   0% used [0x00000000e6ab0000, 0x00000000e6ab0000, 0x00000000e8000000)
 concurrent mark-sweep generation total 393216K, used 106445K [0x00000000e8000000, 0x0000000100000000, 0x0000000100000000)
 Metaspace       used 44679K, capacity 45230K, committed 45528K, reserved 1089536K
  class space    used 4941K, capacity 5096K, committed 5136K, reserved 1048576K
2016-06-21T18:17:34.270+0100: 560.641: [GC (Allocation Failure) 2016-06-21T18:17:34.270+0100: 560.641: [ParNew
Desired survivor size 20112992 bytes, new threshold 8 (max 8)
- age   1:    1298400 bytes,    1298400 total
- age   2:     786048 bytes,    2084448 total
- age   3:    6524056 bytes,    8608504 total
- age   4:       4888 bytes,    8613392 total
- age   5:       1400 bytes,    8614792 total
- age   6:      30616 bytes,    8645408 total
- age   7:     293608 bytes,    8939016 total
- age   8:   11275632 bytes,   20214648 total
: 109248K->21824K(109248K), 0.0067065 secs] 215693K->128678K(502464K), 0.0068317 secs] [Times: user=0.00 sys=0.00, real=0.01 secs] 
Heap after GC invocations=37 (full 2):
 par new generation   total 109248K, used 21824K [0x00000000e0000000, 0x00000000e8000000, 0x00000000e8000000)
  eden space 87424K,   0% used [0x00000000e0000000, 0x00000000e0000000, 0x00000000e5560000)
  from space 21824K, 100% used [0x00000000e6ab0000, 0x00000000e8000000, 0x00000000e8000000)
  to   space 21824K,   0% used [0x00000000e5560000, 0x00000000e5560000, 0x00000000e6ab0000)
 concurrent mark-sweep generation total 393216K, used 106854K [0x00000000e8000000, 0x0000000100000000, 0x0000000100000000)
 Metaspace       used 44679K, capacity 45230K, committed 45528K, reserved 1089536K
  class space    used 4941K, capacity 5096K, committed 5136K, reserved 1048576K
}
2016-06-21T18:17:34.277+0100: 560.648: Total time for which application threads were stopped: 0.0070464 seconds, Stopping threads took: 0.0000328 seconds
{Heap before GC invocations=37 (full 2):
 par new generation   total 109248K, used 109248K [0x00000000e0000000, 0x00000000e8000000, 0x00000000e8000000)
  eden space 87424K, 100% used [0x00000000e0000000, 0x00000000e5560000, 0x00000000e5560000)
  from space 21824K, 100% used [0x00000000e6ab0000, 0x00000000e8000000, 0x00000000e8000000)
  to   space 21824K,   0% used [0x00000000e5560000, 0x00000000e5560000, 0x00000000e6ab0000)
 concurrent mark-sweep generation total 393216K, used 106854K [0x00000000e8000000, 0x0000000100000000, 0x0000000100000000)
 Metaspace       used 44679K, capacity 45230K, committed 45528K, reserved 1089536K
  class space    used 4941K, capacity 5096K, committed 5136K, reserved 1048576K
2016-06-21T18:17:34.421+0100: 560.793: [GC (Allocation Failure) 2016-06-21T18:17:34.421+0100: 560.793: [ParNew
Desired survivor size 20112992 bytes, new threshold 8 (max 8)
- age   1:    1923016 bytes,    1923016 total
- age   2:     785968 bytes,    2708984 total
- age   3:     786048 bytes,    3495032 total
- age   4:    6471096 bytes,    9966128 total
- age   5:       4888 bytes,    9971016 total
- age   6:       1400 bytes,    9972416 total
- age   7:      30616 bytes,   10003032 total
- age   8:     293608 bytes,   10296640 total
: 109248K->17476K(109248K), 0.0079986 secs] 216102K->135361K(502464K), 0.0080704 secs] [Times: user=0.00 sys=0.00, real=0.01 secs] 
Heap after GC invocations=38 (full 2):
 par new generation   total 109248K, used 17476K [0x00000000e0000000, 0x00000000e8000000, 0x00000000e8000000)
  eden space 87424K,   0% used [0x00000000e0000000, 0x00000000e0000000, 0x00000000e5560000)
  from space 21824K,  80% used [0x00000000e5560000, 0x00000000e6671350, 0x00000000e6ab0000)
  to   space 21824K,   0% used [0x00000000e6ab0000, 0x00000000e6ab0000, 0x00000000e8000000)
 concurrent mark-sweep generation total 393216K, used 117885K [0x00000000e8000000, 0x0000000100000000, 0x0000000100000000)
 Metaspace       used 44679K, capacity 45230K, committed 45528K, reserved 1089536K
  class space    used 4941K, capacity 5096K, committed 5136K, reserved 1048576K
}
2016-06-21T18:17:34.429+0100: 560.801: Total time for which application threads were stopped: 0.0083310 seconds, Stopping threads took: 0.0000332 seconds
{Heap before GC invocations=38 (full 2):
 par new generation   total 109248K, used 104900K [0x00000000e0000000, 0x00000000e8000000, 0x00000000e8000000)
  eden space 87424K, 100% used [0x00000000e0000000, 0x00000000e5560000, 0x00000000e5560000)
  from space 21824K,  80% used [0x00000000e5560000, 0x00000000e6671350, 0x00000000e6ab0000)
  to   space 21824K,   0% used [0x00000000e6ab0000, 0x00000000e6ab0000, 0x00000000e8000000)
 concurrent mark-sweep generation total 393216K, used 117885K [0x00000000e8000000, 0x0000000100000000, 0x0000000100000000)
 Metaspace       used 44679K, capacity 45230K, committed 45528K, reserved 1089536K
  class space    used 4941K, capacity 5096K, committed 5136K, reserved 1048576K
2016-06-21T18:17:34.585+0100: 560.957: [GC (Allocation Failure) 2016-06-21T18:17:34.585+0100: 560.957: [ParNew
Desired survivor size 20112992 bytes, new threshold 8 (max 8)
- age   1:    1264456 bytes,    1264456 total
- age   2:    1507072 bytes,    2771528 total
- age   3:     785968 bytes,    3557496 total
- age   4:     786048 bytes,    4343544 total
- age   5:    6478128 bytes,   10821672 total
- age   6:       4888 bytes,   10826560 total
- age   7:       1400 bytes,   10827960 total
- age   8:      30616 bytes,   10858576 total
: 104900K->14260K(109248K), 0.0054366 secs] 222785K->132435K(502464K), 0.0055242 secs] [Times: user=0.00 sys=0.00, real=0.01 secs] 
Heap after GC invocations=39 (full 2):
 par new generation   total 109248K, used 14260K [0x00000000e0000000, 0x00000000e8000000, 0x00000000e8000000)
  eden space 87424K,   0% used [0x00000000e0000000, 0x00000000e0000000, 0x00000000e5560000)
  from space 21824K,  65% used [0x00000000e6ab0000, 0x00000000e789d250, 0x00000000e8000000)
  to   space 21824K,   0% used [0x00000000e5560000, 0x00000000e5560000, 0x00000000e6ab0000)
 concurrent mark-sweep generation total 393216K, used 118175K [0x00000000e8000000, 0x0000000100000000, 0x0000000100000000)
 Metaspace       used 44679K, capacity 45230K, committed 45528K, reserved 1089536K
  class space    used 4941K, capacity 5096K, committed 5136K, reserved 1048576K
}
2016-06-21T18:17:34.591+0100: 560.963: Total time for which application threads were stopped: 0.0057441 seconds, Stopping threads took: 0.0000205 seconds
2016-06-21T18:17:35.467+0100: 561.839: Total time for which application threads were stopped: 0.0001776 seconds, Stopping threads took: 0.0000359 seconds
2016-06-21T18:17:36.467+0100: 562.838: Total time for which application threads were stopped: 0.0000947 seconds, Stopping threads took: 0.0000229 seconds
2016-06-21T18:17:38.467+0100: 564.839: Total time for which application threads were stopped: 0.0000940 seconds, Stopping threads took: 0.0000264 seconds
2016-06-21T18:17:40.468+0100: 566.840: Total time for which application threads were stopped: 0.0000742 seconds, Stopping threads took: 0.0000241 seconds
{Heap before GC invocations=39 (full 2):
 par new generation   total 109248K, used 101684K [0x00000000e0000000, 0x00000000e8000000, 0x00000000e8000000)
  eden space 87424K, 100% used [0x00000000e0000000, 0x00000000e5560000, 0x00000000e5560000)
  from space 21824K,  65% used [0x00000000e6ab0000, 0x00000000e789d250, 0x00000000e8000000)
  to   space 21824K,   0% used [0x00000000e5560000, 0x00000000e5560000, 0x00000000e6ab0000)
 concurrent mark-sweep generation total 393216K, used 118175K [0x00000000e8000000, 0x0000000100000000, 0x0000000100000000)
 Metaspace       used 44857K, capacity 45418K, committed 45528K, reserved 1089536K
  class space    used 4947K, capacity 5106K, committed 5136K, reserved 1048576K
2016-06-21T18:17:43.339+0100: 569.711: [GC (Allocation Failure) 2016-06-21T18:17:43.339+0100: 569.711: [ParNew
Desired survivor size 20112992 bytes, new threshold 8 (max 8)
- age   1:     682304 bytes,     682304 total
- age   2:      31504 bytes,     713808 total
- age   3:      30048 bytes,     743856 total
- age   4:      28688 bytes,     772544 total
- age   5:      27400 bytes,     799944 total
- age   6:     546264 bytes,    1346208 total
- age   7:       4848 bytes,    1351056 total
- age   8:       1264 bytes,    1352320 total
: 101684K->5047K(109248K), 0.0042026 secs] 219859K->123253K(502464K), 0.0042792 secs] [Times: user=0.06 sys=0.00, real=0.00 secs] 
Heap after GC invocations=40 (full 2):
 par new generation   total 109248K, used 5047K [0x00000000e0000000, 0x00000000e8000000, 0x00000000e8000000)
  eden space 87424K,   0% used [0x00000000e0000000, 0x00000000e0000000, 0x00000000e5560000)
  from space 21824K,  23% used [0x00000000e5560000, 0x00000000e5a4dce0, 0x00000000e6ab0000)
  to   space 21824K,   0% used [0x00000000e6ab0000, 0x00000000e6ab0000, 0x00000000e8000000)
 concurrent mark-sweep generation total 393216K, used 118206K [0x00000000e8000000, 0x0000000100000000, 0x0000000100000000)
 Metaspace       used 44857K, capacity 45418K, committed 45528K, reserved 1089536K
  class space    used 4947K, capacity 5106K, committed 5136K, reserved 1048576K
}
2016-06-21T18:17:43.343+0100: 569.715: Total time for which application threads were stopped: 0.0045141 seconds, Stopping threads took: 0.0000221 seconds
2016-06-21T18:17:43.343+0100: 569.715: Total time for which application threads were stopped: 0.0001334 seconds, Stopping threads took: 0.0000640 seconds
2016-06-21T18:17:43.343+0100: 569.716: Total time for which application threads were stopped: 0.0000722 seconds, Stopping threads took: 0.0000276 seconds
2016-06-21T18:17:43.344+0100: 569.716: Total time for which application threads were stopped: 0.0000580 seconds, Stopping threads took: 0.0000186 seconds
2016-06-21T18:17:43.344+0100: 569.716: Total time for which application threads were stopped: 0.0000675 seconds, Stopping threads took: 0.0000225 seconds
2016-06-21T18:17:45.100+0100: 571.472: Total time for which application threads were stopped: 0.0001374 seconds, Stopping threads took: 0.0000264 seconds
2016-06-21T18:17:46.101+0100: 572.472: Total time for which application threads were stopped: 0.0000730 seconds, Stopping threads took: 0.0000205 seconds
2016-06-21T18:17:47.101+0100: 573.472: Total time for which application threads were stopped: 0.0001516 seconds, Stopping threads took: 0.0000517 seconds
2016-06-21T18:17:48.101+0100: 574.473: Total time for which application threads were stopped: 0.0001405 seconds, Stopping threads took: 0.0000462 seconds
2016-06-21T18:17:49.101+0100: 575.473: Total time for which application threads were stopped: 0.0000936 seconds, Stopping threads took: 0.0000225 seconds
2016-06-21T18:17:50.102+0100: 576.473: Total time for which application threads were stopped: 0.0000959 seconds, Stopping threads took: 0.0000288 seconds
2016-06-21T18:17:51.102+0100: 577.473: Total time for which application threads were stopped: 0.0000936 seconds, Stopping threads took: 0.0000280 seconds
{Heap before GC invocations=40 (full 2):
 par new generation   total 109248K, used 92421K [0x00000000e0000000, 0x00000000e8000000, 0x00000000e8000000)
  eden space 87424K,  99% used [0x00000000e0000000, 0x00000000e55537c8, 0x00000000e5560000)
  from space 21824K,  23% used [0x00000000e5560000, 0x00000000e5a4dce0, 0x00000000e6ab0000)
  to   space 21824K,   0% used [0x00000000e6ab0000, 0x00000000e6ab0000, 0x00000000e8000000)
 concurrent mark-sweep generation total 393216K, used 118206K [0x00000000e8000000, 0x0000000100000000, 0x0000000100000000)
 Metaspace       used 44979K, capacity 45582K, committed 45784K, reserved 1089536K
  class space    used 4950K, capacity 5112K, committed 5136K, reserved 1048576K
2016-06-21T18:17:51.755+0100: 578.127: [GC (Allocation Failure) 2016-06-21T18:17:51.756+0100: 578.127: [ParNew
Desired survivor size 20112992 bytes, new threshold 8 (max 8)
- age   1:     610312 bytes,     610312 total
- age   2:     273200 bytes,     883512 total
- age   3:      31464 bytes,     914976 total
- age   4:      30048 bytes,     945024 total
- age   5:      28688 bytes,     973712 total
- age   6:      27400 bytes,    1001112 total
- age   7:     343584 bytes,    1344696 total
- age   8:       4376 bytes,    1349072 total
: 92421K->1783K(109248K), 0.0037320 secs] 210627K->119990K(502464K), 0.0038173 secs] [Times: user=0.00 sys=0.00, real=0.00 secs] 
Heap after GC invocations=41 (full 2):
 par new generation   total 109248K, used 1783K [0x00000000e0000000, 0x00000000e8000000, 0x00000000e8000000)
  eden space 87424K,   0% used [0x00000000e0000000, 0x00000000e0000000, 0x00000000e5560000)
  from space 21824K,   8% used [0x00000000e6ab0000, 0x00000000e6c6de60, 0x00000000e8000000)
  to   space 21824K,   0% used [0x00000000e5560000, 0x00000000e5560000, 0x00000000e6ab0000)
 concurrent mark-sweep generation total 393216K, used 118207K [0x00000000e8000000, 0x0000000100000000, 0x0000000100000000)
 Metaspace       used 44979K, capacity 45582K, committed 45784K, reserved 1089536K
  class space    used 4950K, capacity 5112K, committed 5136K, reserved 1048576K
}
2016-06-21T18:17:51.759+0100: 578.131: Total time for which application threads were stopped: 0.0040719 seconds, Stopping threads took: 0.0000249 seconds
2016-06-21T18:17:51.760+0100: 578.132: Total time for which application threads were stopped: 0.0001508 seconds, Stopping threads took: 0.0000715 seconds
2016-06-21T18:17:52.761+0100: 579.132: Total time for which application threads were stopped: 0.0000691 seconds, Stopping threads took: 0.0000193 seconds
2016-06-21T18:17:53.761+0100: 580.133: Total time for which application threads were stopped: 0.0001291 seconds, Stopping threads took: 0.0000300 seconds
2016-06-21T18:17:55.763+0100: 582.134: Total time for which application threads were stopped: 0.0001800 seconds, Stopping threads took: 0.0000292 seconds
2016-06-21T18:17:56.763+0100: 583.135: Total time for which application threads were stopped: 0.0001046 seconds, Stopping threads took: 0.0000336 seconds
{Heap before GC invocations=41 (full 2):
 par new generation   total 109248K, used 89207K [0x00000000e0000000, 0x00000000e8000000, 0x00000000e8000000)
  eden space 87424K, 100% used [0x00000000e0000000, 0x00000000e5560000, 0x00000000e5560000)
  from space 21824K,   8% used [0x00000000e6ab0000, 0x00000000e6c6de60, 0x00000000e8000000)
  to   space 21824K,   0% used [0x00000000e5560000, 0x00000000e5560000, 0x00000000e6ab0000)
 concurrent mark-sweep generation total 393216K, used 118207K [0x00000000e8000000, 0x0000000100000000, 0x0000000100000000)
 Metaspace       used 44982K, capacity 45582K, committed 45784K, reserved 1089536K
  class space    used 4950K, capacity 5112K, committed 5136K, reserved 1048576K
2016-06-21T18:17:58.708+0100: 585.080: [GC (Allocation Failure) 2016-06-21T18:17:58.708+0100: 585.080: [ParNew
Desired survivor size 20112992 bytes, new threshold 8 (max 8)
- age   1:   15673160 bytes,   15673160 total
- age   2:     213296 bytes,   15886456 total
- age   3:     272600 bytes,   16159056 total
- age   4:      31424 bytes,   16190480 total
- age   5:      30048 bytes,   16220528 total
- age   6:      28688 bytes,   16249216 total
- age   7:      27400 bytes,   16276616 total
- age   8:     343584 bytes,   16620200 total
: 89207K->17014K(109248K), 0.0121530 secs] 207414K->135225K(502464K), 0.0122387 secs] [Times: user=0.06 sys=0.00, real=0.01 secs] 
Heap after GC invocations=42 (full 2):
 par new generation   total 109248K, used 17014K [0x00000000e0000000, 0x00000000e8000000, 0x00000000e8000000)
  eden space 87424K,   0% used [0x00000000e0000000, 0x00000000e0000000, 0x00000000e5560000)
  from space 21824K,  77% used [0x00000000e5560000, 0x00000000e65fd980, 0x00000000e6ab0000)
  to   space 21824K,   0% used [0x00000000e6ab0000, 0x00000000e6ab0000, 0x00000000e8000000)
 concurrent mark-sweep generation total 393216K, used 118211K [0x00000000e8000000, 0x0000000100000000, 0x0000000100000000)
 Metaspace       used 44982K, capacity 45582K, committed 45784K, reserved 1089536K
  class space    used 4950K, capacity 5112K, committed 5136K, reserved 1048576K
}
2016-06-21T18:17:58.721+0100: 585.092: Total time for which application threads were stopped: 0.0125592 seconds, Stopping threads took: 0.0000280 seconds
{Heap before GC invocations=42 (full 2):
 par new generation   total 109248K, used 104438K [0x00000000e0000000, 0x00000000e8000000, 0x00000000e8000000)
  eden space 87424K, 100% used [0x00000000e0000000, 0x00000000e5560000, 0x00000000e5560000)
  from space 21824K,  77% used [0x00000000e5560000, 0x00000000e65fd980, 0x00000000e6ab0000)
  to   space 21824K,   0% used [0x00000000e6ab0000, 0x00000000e6ab0000, 0x00000000e8000000)
 concurrent mark-sweep generation total 393216K, used 118211K [0x00000000e8000000, 0x0000000100000000, 0x0000000100000000)
 Metaspace       used 44982K, capacity 45582K, committed 45784K, reserved 1089536K
  class space    used 4950K, capacity 5112K, committed 5136K, reserved 1048576K
2016-06-21T18:17:58.832+0100: 585.203: [GC (Allocation Failure) 2016-06-21T18:17:58.832+0100: 585.203: [ParNew
Desired survivor size 20112992 bytes, new threshold 2 (max 8)
- age   1:   13654056 bytes,   13654056 total
- age   2:    8047552 bytes,   21701608 total
- age   3:     213296 bytes,   21914904 total
- age   4:     272600 bytes,   22187504 total
- age   5:      31424 bytes,   22218928 total
- age   6:      30048 bytes,   22248976 total
- age   7:      28688 bytes,   22277664 total
- age   8:      27400 bytes,   22305064 total
: 104438K->21824K(109248K), 0.0931596 secs] 222649K->163054K(502464K), 0.0932386 secs] [Times: user=0.28 sys=0.03, real=0.09 secs] 
Heap after GC invocations=43 (full 2):
 par new generation   total 109248K, used 21824K [0x00000000e0000000, 0x00000000e8000000, 0x00000000e8000000)
  eden space 87424K,   0% used [0x00000000e0000000, 0x00000000e0000000, 0x00000000e5560000)
  from space 21824K, 100% used [0x00000000e6ab0000, 0x00000000e8000000, 0x00000000e8000000)
  to   space 21824K,   0% used [0x00000000e5560000, 0x00000000e5560000, 0x00000000e6ab0000)
 concurrent mark-sweep generation total 393216K, used 141230K [0x00000000e8000000, 0x0000000100000000, 0x0000000100000000)
 Metaspace       used 44982K, capacity 45582K, committed 45784K, reserved 1089536K
  class space    used 4950K, capacity 5112K, committed 5136K, reserved 1048576K
}
2016-06-21T18:17:58.925+0100: 585.297: Total time for which application threads were stopped: 0.0934644 seconds, Stopping threads took: 0.0000189 seconds
{Heap before GC invocations=43 (full 2):
 par new generation   total 109248K, used 109248K [0x00000000e0000000, 0x00000000e8000000, 0x00000000e8000000)
  eden space 87424K, 100% used [0x00000000e0000000, 0x00000000e5560000, 0x00000000e5560000)
  from space 21824K, 100% used [0x00000000e6ab0000, 0x00000000e8000000, 0x00000000e8000000)
  to   space 21824K,   0% used [0x00000000e5560000, 0x00000000e5560000, 0x00000000e6ab0000)
 concurrent mark-sweep generation total 393216K, used 141230K [0x00000000e8000000, 0x0000000100000000, 0x0000000100000000)
 Metaspace       used 44983K, capacity 45582K, committed 45784K, reserved 1089536K
  class space    used 4950K, capacity 5112K, committed 5136K, reserved 1048576K
2016-06-21T18:17:59.110+0100: 585.482: [GC (Allocation Failure) 2016-06-21T18:17:59.110+0100: 585.482: [ParNew
Desired survivor size 20112992 bytes, new threshold 2 (max 8)
- age   1:    9078968 bytes,    9078968 total
- age   2:   13245632 bytes,   22324600 total
: 109248K->21824K(109248K), 0.0263607 secs] 250478K->174007K(502464K), 0.0264523 secs] [Times: user=0.05 sys=0.00, real=0.03 secs] 
Heap after GC invocations=44 (full 2):
 par new generation   total 109248K, used 21824K [0x00000000e0000000, 0x00000000e8000000, 0x00000000e8000000)
  eden space 87424K,   0% used [0x00000000e0000000, 0x00000000e0000000, 0x00000000e5560000)
  from space 21824K, 100% used [0x00000000e5560000, 0x00000000e6ab0000, 0x00000000e6ab0000)
  to   space 21824K,   0% used [0x00000000e6ab0000, 0x00000000e6ab0000, 0x00000000e8000000)
 concurrent mark-sweep generation total 393216K, used 152183K [0x00000000e8000000, 0x0000000100000000, 0x0000000100000000)
 Metaspace       used 44983K, capacity 45582K, committed 45784K, reserved 1089536K
  class space    used 4950K, capacity 5112K, committed 5136K, reserved 1048576K
}
2016-06-21T18:17:59.137+0100: 585.508: Total time for which application threads were stopped: 0.0267152 seconds, Stopping threads took: 0.0000245 seconds
2016-06-21T18:17:59.149+0100: 585.521: Total time for which application threads were stopped: 0.0001208 seconds, Stopping threads took: 0.0000272 seconds
{Heap before GC invocations=44 (full 2):
 par new generation   total 109248K, used 109248K [0x00000000e0000000, 0x00000000e8000000, 0x00000000e8000000)
  eden space 87424K, 100% used [0x00000000e0000000, 0x00000000e5560000, 0x00000000e5560000)
  from space 21824K, 100% used [0x00000000e5560000, 0x00000000e6ab0000, 0x00000000e6ab0000)
  to   space 21824K,   0% used [0x00000000e6ab0000, 0x00000000e6ab0000, 0x00000000e8000000)
 concurrent mark-sweep generation total 393216K, used 152183K [0x00000000e8000000, 0x0000000100000000, 0x0000000100000000)
 Metaspace       used 44984K, capacity 45582K, committed 45784K, reserved 1089536K
  class space    used 4950K, capacity 5112K, committed 5136K, reserved 1048576K
2016-06-21T18:17:59.346+0100: 585.717: [GC (Allocation Failure) 2016-06-21T18:17:59.346+0100: 585.717: [ParNew
Desired survivor size 20112992 bytes, new threshold 8 (max 8)
- age   1:     987576 bytes,     987576 total
- age   2:    8945968 bytes,    9933544 total
: 109248K->21209K(109248K), 0.0177700 secs] 261431K->186327K(502464K), 0.0178663 secs] [Times: user=0.06 sys=0.00, real=0.02 secs] 
Heap after GC invocations=45 (full 2):
 par new generation   total 109248K, used 21209K [0x00000000e0000000, 0x00000000e8000000, 0x00000000e8000000)
  eden space 87424K,   0% used [0x00000000e0000000, 0x00000000e0000000, 0x00000000e5560000)
  from space 21824K,  97% used [0x00000000e6ab0000, 0x00000000e7f66520, 0x00000000e8000000)
  to   space 21824K,   0% used [0x00000000e5560000, 0x00000000e5560000, 0x00000000e6ab0000)
 concurrent mark-sweep generation total 393216K, used 165118K [0x00000000e8000000, 0x0000000100000000, 0x0000000100000000)
 Metaspace       used 44984K, capacity 45582K, committed 45784K, reserved 1089536K
  class space    used 4950K, capacity 5112K, committed 5136K, reserved 1048576K
}
2016-06-21T18:17:59.364+0100: 585.735: Total time for which application threads were stopped: 0.0182204 seconds, Stopping threads took: 0.0000328 seconds
{Heap before GC invocations=45 (full 2):
 par new generation   total 109248K, used 108633K [0x00000000e0000000, 0x00000000e8000000, 0x00000000e8000000)
  eden space 87424K, 100% used [0x00000000e0000000, 0x00000000e5560000, 0x00000000e5560000)
  from space 21824K,  97% used [0x00000000e6ab0000, 0x00000000e7f66520, 0x00000000e8000000)
  to   space 21824K,   0% used [0x00000000e5560000, 0x00000000e5560000, 0x00000000e6ab0000)
 concurrent mark-sweep generation total 393216K, used 165118K [0x00000000e8000000, 0x0000000100000000, 0x0000000100000000)
 Metaspace       used 44984K, capacity 45582K, committed 45784K, reserved 1089536K
  class space    used 4950K, capacity 5112K, committed 5136K, reserved 1048576K
2016-06-21T18:17:59.626+0100: 585.997: [GC (Allocation Failure) 2016-06-21T18:17:59.626+0100: 585.998: [ParNew
Desired survivor size 20112992 bytes, new threshold 8 (max 8)
- age   1:    1557856 bytes,    1557856 total
- age   2:     206224 bytes,    1764080 total
- age   3:    9185600 bytes,   10949680 total
: 108633K->13320K(109248K), 0.0082871 secs] 273751K->178439K(502464K), 0.0083835 secs] [Times: user=0.00 sys=0.00, real=0.01 secs] 
Heap after GC invocations=46 (full 2):
 par new generation   total 109248K, used 13320K [0x00000000e0000000, 0x00000000e8000000, 0x00000000e8000000)
  eden space 87424K,   0% used [0x00000000e0000000, 0x00000000e0000000, 0x00000000e5560000)
  from space 21824K,  61% used [0x00000000e5560000, 0x00000000e6262340, 0x00000000e6ab0000)
  to   space 21824K,   0% used [0x00000000e6ab0000, 0x00000000e6ab0000, 0x00000000e8000000)
 concurrent mark-sweep generation total 393216K, used 165118K [0x00000000e8000000, 0x0000000100000000, 0x0000000100000000)
 Metaspace       used 44984K, capacity 45582K, committed 45784K, reserved 1089536K
  class space    used 4950K, capacity 5112K, committed 5136K, reserved 1048576K
}
2016-06-21T18:17:59.634+0100: 586.006: Total time for which application threads were stopped: 0.0086559 seconds, Stopping threads took: 0.0000312 seconds
{Heap before GC invocations=46 (full 2):
 par new generation   total 109248K, used 100744K [0x00000000e0000000, 0x00000000e8000000, 0x00000000e8000000)
  eden space 87424K, 100% used [0x00000000e0000000, 0x00000000e5560000, 0x00000000e5560000)
  from space 21824K,  61% used [0x00000000e5560000, 0x00000000e6262340, 0x00000000e6ab0000)
  to   space 21824K,   0% used [0x00000000e6ab0000, 0x00000000e6ab0000, 0x00000000e8000000)
 concurrent mark-sweep generation total 393216K, used 165118K [0x00000000e8000000, 0x0000000100000000, 0x0000000100000000)
 Metaspace       used 44984K, capacity 45582K, committed 45784K, reserved 1089536K
  class space    used 4950K, capacity 5112K, committed 5136K, reserved 1048576K
2016-06-21T18:17:59.804+0100: 586.175: [GC (Allocation Failure) 2016-06-21T18:17:59.804+0100: 586.175: [ParNew
Desired survivor size 20112992 bytes, new threshold 8 (max 8)
- age   1:     985416 bytes,     985416 total
- age   2:    1283344 bytes,    2268760 total
- age   3:     206224 bytes,    2474984 total
- age   4:    9233816 bytes,   11708800 total
: 100744K->12729K(109248K), 0.0093048 secs] 265863K->177848K(502464K), 0.0093727 secs] [Times: user=0.06 sys=0.00, real=0.01 secs] 
Heap after GC invocations=47 (full 2):
 par new generation   total 109248K, used 12729K [0x00000000e0000000, 0x00000000e8000000, 0x00000000e8000000)
  eden space 87424K,   0% used [0x00000000e0000000, 0x00000000e0000000, 0x00000000e5560000)
  from space 21824K,  58% used [0x00000000e6ab0000, 0x00000000e771e6d0, 0x00000000e8000000)
  to   space 21824K,   0% used [0x00000000e5560000, 0x00000000e5560000, 0x00000000e6ab0000)
 concurrent mark-sweep generation total 393216K, used 165118K [0x00000000e8000000, 0x0000000100000000, 0x0000000100000000)
 Metaspace       used 44984K, capacity 45582K, committed 45784K, reserved 1089536K
  class space    used 4950K, capacity 5112K, committed 5136K, reserved 1048576K
}
2016-06-21T18:17:59.813+0100: 586.185: Total time for which application threads were stopped: 0.0097047 seconds, Stopping threads took: 0.0000253 seconds
{Heap before GC invocations=47 (full 2):
 par new generation   total 109248K, used 100153K [0x00000000e0000000, 0x00000000e8000000, 0x00000000e8000000)
  eden space 87424K, 100% used [0x00000000e0000000, 0x00000000e5560000, 0x00000000e5560000)
  from space 21824K,  58% used [0x00000000e6ab0000, 0x00000000e771e6d0, 0x00000000e8000000)
  to   space 21824K,   0% used [0x00000000e5560000, 0x00000000e5560000, 0x00000000e6ab0000)
 concurrent mark-sweep generation total 393216K, used 165118K [0x00000000e8000000, 0x0000000100000000, 0x0000000100000000)
 Metaspace       used 44984K, capacity 45582K, committed 45784K, reserved 1089536K
  class space    used 4950K, capacity 5112K, committed 5136K, reserved 1048576K
2016-06-21T18:17:59.949+0100: 586.321: [GC (Allocation Failure) 2016-06-21T18:17:59.949+0100: 586.321: [ParNew
Desired survivor size 20112992 bytes, new threshold 8 (max 8)
- age   1:    2585016 bytes,    2585016 total
- age   2:     751904 bytes,    3336920 total
- age   3:     562432 bytes,    3899352 total
- age   4:     206224 bytes,    4105576 total
- age   5:    8946512 bytes,   13052088 total
: 100153K->16612K(109248K), 0.0086977 secs] 265272K->181731K(502464K), 0.0087731 secs] [Times: user=0.06 sys=0.00, real=0.01 secs] 
Heap after GC invocations=48 (full 2):
 par new generation   total 109248K, used 16612K [0x00000000e0000000, 0x00000000e8000000, 0x00000000e8000000)
  eden space 87424K,   0% used [0x00000000e0000000, 0x00000000e0000000, 0x00000000e5560000)
  from space 21824K,  76% used [0x00000000e5560000, 0x00000000e6599160, 0x00000000e6ab0000)
  to   space 21824K,   0% used [0x00000000e6ab0000, 0x00000000e6ab0000, 0x00000000e8000000)
 concurrent mark-sweep generation total 393216K, used 165118K [0x00000000e8000000, 0x0000000100000000, 0x0000000100000000)
 Metaspace       used 44984K, capacity 45582K, committed 45784K, reserved 1089536K
  class space    used 4950K, capacity 5112K, committed 5136K, reserved 1048576K
}
2016-06-21T18:17:59.958+0100: 586.330: Total time for which application threads were stopped: 0.0089973 seconds, Stopping threads took: 0.0000261 seconds
{Heap before GC invocations=48 (full 2):
 par new generation   total 109248K, used 104036K [0x00000000e0000000, 0x00000000e8000000, 0x00000000e8000000)
  eden space 87424K, 100% used [0x00000000e0000000, 0x00000000e5560000, 0x00000000e5560000)
  from space 21824K,  76% used [0x00000000e5560000, 0x00000000e6599160, 0x00000000e6ab0000)
  to   space 21824K,   0% used [0x00000000e6ab0000, 0x00000000e6ab0000, 0x00000000e8000000)
 concurrent mark-sweep generation total 393216K, used 165118K [0x00000000e8000000, 0x0000000100000000, 0x0000000100000000)
 Metaspace       used 44984K, capacity 45582K, committed 45784K, reserved 1089536K
  class space    used 4950K, capacity 5112K, committed 5136K, reserved 1048576K
2016-06-21T18:18:00.127+0100: 586.498: [GC (Allocation Failure) 2016-06-21T18:18:00.127+0100: 586.498: [ParNew
Desired survivor size 20112992 bytes, new threshold 8 (max 8)
- age   1:    1149312 bytes,    1149312 total
- age   2:    2204736 bytes,    3354048 total
- age   3:     751904 bytes,    4105952 total
- age   4:     562432 bytes,    4668384 total
- age   5:     206224 bytes,    4874608 total
- age   6:    9030520 bytes,   13905128 total
: 104036K->16860K(109248K), 0.0094541 secs] 269155K->181979K(502464K), 0.0095172 secs] [Times: user=0.00 sys=0.00, real=0.01 secs] 
Heap after GC invocations=49 (full 2):
 par new generation   total 109248K, used 16860K [0x00000000e0000000, 0x00000000e8000000, 0x00000000e8000000)
  eden space 87424K,   0% used [0x00000000e0000000, 0x00000000e0000000, 0x00000000e5560000)
  from space 21824K,  77% used [0x00000000e6ab0000, 0x00000000e7b273f0, 0x00000000e8000000)
  to   space 21824K,   0% used [0x00000000e5560000, 0x00000000e5560000, 0x00000000e6ab0000)
 concurrent mark-sweep generation total 393216K, used 165118K [0x00000000e8000000, 0x0000000100000000, 0x0000000100000000)
 Metaspace       used 44984K, capacity 45582K, committed 45784K, reserved 1089536K
  class space    used 4950K, capacity 5112K, committed 5136K, reserved 1048576K
}
2016-06-21T18:18:00.136+0100: 586.508: Total time for which application threads were stopped: 0.0097454 seconds, Stopping threads took: 0.0000284 seconds
{Heap before GC invocations=49 (full 2):
 par new generation   total 109248K, used 104284K [0x00000000e0000000, 0x00000000e8000000, 0x00000000e8000000)
  eden space 87424K, 100% used [0x00000000e0000000, 0x00000000e5560000, 0x00000000e5560000)
  from space 21824K,  77% used [0x00000000e6ab0000, 0x00000000e7b273f0, 0x00000000e8000000)
  to   space 21824K,   0% used [0x00000000e5560000, 0x00000000e5560000, 0x00000000e6ab0000)
 concurrent mark-sweep generation total 393216K, used 165118K [0x00000000e8000000, 0x0000000100000000, 0x0000000100000000)
 Metaspace       used 44986K, capacity 45582K, committed 45784K, reserved 1089536K
  class space    used 4950K, capacity 5112K, committed 5136K, reserved 1048576K
2016-06-21T18:18:00.320+0100: 586.691: [GC (Allocation Failure) 2016-06-21T18:18:00.320+0100: 586.691: [ParNew
Desired survivor size 20112992 bytes, new threshold 8 (max 8)
- age   1:    1025032 bytes,    1025032 total
- age   2:     745248 bytes,    1770280 total
- age   3:    2204736 bytes,    3975016 total
- age   4:     751904 bytes,    4726920 total
- age   5:     562432 bytes,    5289352 total
- age   6:     206224 bytes,    5495576 total
- age   7:    8936712 bytes,   14432288 total
: 104284K->15998K(109248K), 0.0095922 secs] 269403K->181116K(502464K), 0.0096806 secs] [Times: user=0.06 sys=0.00, real=0.01 secs] 
Heap after GC invocations=50 (full 2):
 par new generation   total 109248K, used 15998K [0x00000000e0000000, 0x00000000e8000000, 0x00000000e8000000)
  eden space 87424K,   0% used [0x00000000e0000000, 0x00000000e0000000, 0x00000000e5560000)
  from space 21824K,  73% used [0x00000000e5560000, 0x00000000e64ff8b0, 0x00000000e6ab0000)
  to   space 21824K,   0% used [0x00000000e6ab0000, 0x00000000e6ab0000, 0x00000000e8000000)
 concurrent mark-sweep generation total 393216K, used 165118K [0x00000000e8000000, 0x0000000100000000, 0x0000000100000000)
 Metaspace       used 44986K, capacity 45582K, committed 45784K, reserved 1089536K
  class space    used 4950K, capacity 5112K, committed 5136K, reserved 1048576K
}
2016-06-21T18:18:00.329+0100: 586.701: Total time for which application threads were stopped: 0.0099613 seconds, Stopping threads took: 0.0000347 seconds
{Heap before GC invocations=50 (full 2):
 par new generation   total 109248K, used 103422K [0x00000000e0000000, 0x00000000e8000000, 0x00000000e8000000)
  eden space 87424K, 100% used [0x00000000e0000000, 0x00000000e5560000, 0x00000000e5560000)
  from space 21824K,  73% used [0x00000000e5560000, 0x00000000e64ff8b0, 0x00000000e6ab0000)
  to   space 21824K,   0% used [0x00000000e6ab0000, 0x00000000e6ab0000, 0x00000000e8000000)
 concurrent mark-sweep generation total 393216K, used 165118K [0x00000000e8000000, 0x0000000100000000, 0x0000000100000000)
 Metaspace       used 44986K, capacity 45582K, committed 45784K, reserved 1089536K
  class space    used 4950K, capacity 5112K, committed 5136K, reserved 1048576K
2016-06-21T18:18:00.521+0100: 586.892: [GC (Allocation Failure) 2016-06-21T18:18:00.521+0100: 586.892: [ParNew
Desired survivor size 20112992 bytes, new threshold 8 (max 8)
- age   1:     960800 bytes,     960800 total
- age   2:     755816 bytes,    1716616 total
- age   3:     745328 bytes,    2461944 total
- age   4:    2204736 bytes,    4666680 total
- age   5:     751904 bytes,    5418584 total
- age   6:     562432 bytes,    5981016 total
- age   7:     206224 bytes,    6187240 total
- age   8:    8815592 bytes,   15002832 total
: 103422K->20990K(109248K), 0.0095966 secs] 268540K->186109K(502464K), 0.0096542 secs] [Times: user=0.00 sys=0.00, real=0.01 secs] 
Heap after GC invocations=51 (full 2):
 par new generation   total 109248K, used 20990K [0x00000000e0000000, 0x00000000e8000000, 0x00000000e8000000)
  eden space 87424K,   0% used [0x00000000e0000000, 0x00000000e0000000, 0x00000000e5560000)
  from space 21824K,  96% used [0x00000000e6ab0000, 0x00000000e7f2fa80, 0x00000000e8000000)
  to   space 21824K,   0% used [0x00000000e5560000, 0x00000000e5560000, 0x00000000e6ab0000)
 concurrent mark-sweep generation total 393216K, used 165118K [0x00000000e8000000, 0x0000000100000000, 0x0000000100000000)
 Metaspace       used 44986K, capacity 45582K, committed 45784K, reserved 1089536K
  class space    used 4950K, capacity 5112K, committed 5136K, reserved 1048576K
}
2016-06-21T18:18:00.530+0100: 586.902: Total time for which application threads were stopped: 0.0099151 seconds, Stopping threads took: 0.0000241 seconds
{Heap before GC invocations=51 (full 2):
 par new generation   total 109248K, used 108414K [0x00000000e0000000, 0x00000000e8000000, 0x00000000e8000000)
  eden space 87424K, 100% used [0x00000000e0000000, 0x00000000e5560000, 0x00000000e5560000)
  from space 21824K,  96% used [0x00000000e6ab0000, 0x00000000e7f2fa80, 0x00000000e8000000)
  to   space 21824K,   0% used [0x00000000e5560000, 0x00000000e5560000, 0x00000000e6ab0000)
 concurrent mark-sweep generation total 393216K, used 165118K [0x00000000e8000000, 0x0000000100000000, 0x0000000100000000)
 Metaspace       used 44986K, capacity 45582K, committed 45784K, reserved 1089536K
  class space    used 4950K, capacity 5112K, committed 5136K, reserved 1048576K
2016-06-21T18:18:00.709+0100: 587.081: [GC (Allocation Failure) 2016-06-21T18:18:00.709+0100: 587.081: [ParNew
Desired survivor size 20112992 bytes, new threshold 8 (max 8)
- age   1:     971616 bytes,     971616 total
- age   2:     666024 bytes,    1637640 total
- age   3:     755816 bytes,    2393456 total
- age   4:     745168 bytes,    3138624 total
- age   5:    2204736 bytes,    5343360 total
- age   6:     751904 bytes,    6095264 total
- age   7:     562432 bytes,    6657696 total
- age   8:     206224 bytes,    6863920 total
: 108414K->11884K(109248K), 0.0162316 secs] 273533K->185096K(502464K), 0.0163272 secs] [Times: user=0.06 sys=0.00, real=0.02 secs] 
Heap after GC invocations=52 (full 2):
 par new generation   total 109248K, used 11884K [0x00000000e0000000, 0x00000000e8000000, 0x00000000e8000000)
  eden space 87424K,   0% used [0x00000000e0000000, 0x00000000e0000000, 0x00000000e5560000)
  from space 21824K,  54% used [0x00000000e5560000, 0x00000000e60fb350, 0x00000000e6ab0000)
  to   space 21824K,   0% used [0x00000000e6ab0000, 0x00000000e6ab0000, 0x00000000e8000000)
 concurrent mark-sweep generation total 393216K, used 173211K [0x00000000e8000000, 0x0000000100000000, 0x0000000100000000)
 Metaspace       used 44986K, capacity 45582K, committed 45784K, reserved 1089536K
  class space    used 4950K, capacity 5112K, committed 5136K, reserved 1048576K
}
2016-06-21T18:18:00.725+0100: 587.097: Total time for which application threads were stopped: 0.0166197 seconds, Stopping threads took: 0.0000371 seconds
{Heap before GC invocations=52 (full 2):
 par new generation   total 109248K, used 99308K [0x00000000e0000000, 0x00000000e8000000, 0x00000000e8000000)
  eden space 87424K, 100% used [0x00000000e0000000, 0x00000000e5560000, 0x00000000e5560000)
  from space 21824K,  54% used [0x00000000e5560000, 0x00000000e60fb350, 0x00000000e6ab0000)
  to   space 21824K,   0% used [0x00000000e6ab0000, 0x00000000e6ab0000, 0x00000000e8000000)
 concurrent mark-sweep generation total 393216K, used 173211K [0x00000000e8000000, 0x0000000100000000, 0x0000000100000000)
 Metaspace       used 44986K, capacity 45582K, committed 45784K, reserved 1089536K
  class space    used 4950K, capacity 5112K, committed 5136K, reserved 1048576K
2016-06-21T18:18:00.852+0100: 587.225: [GC (Allocation Failure) 2016-06-21T18:18:00.852+0100: 587.225: [ParNew
Desired survivor size 20112992 bytes, new threshold 8 (max 8)
- age   1:    4165392 bytes,    4165392 total
- age   2:     643824 bytes,    4809216 total
- age   3:     715424 bytes,    5524640 total
- age   4:     772256 bytes,    6296896 total
- age   5:     794448 bytes,    7091344 total
- age   6:     779368 bytes,    7870712 total
- age   7:     751904 bytes,    8622616 total
- age   8:     562432 bytes,    9185048 total
: 99308K->10129K(109248K), 0.0062162 secs] 272520K->183542K(502464K), 0.0062869 secs] [Times: user=0.06 sys=0.00, real=0.01 secs] 
Heap after GC invocations=53 (full 2):
 par new generation   total 109248K, used 10129K [0x00000000e0000000, 0x00000000e8000000, 0x00000000e8000000)
  eden space 87424K,   0% used [0x00000000e0000000, 0x00000000e0000000, 0x00000000e5560000)
  from space 21824K,  46% used [0x00000000e6ab0000, 0x00000000e7494490, 0x00000000e8000000)
  to   space 21824K,   0% used [0x00000000e5560000, 0x00000000e5560000, 0x00000000e6ab0000)
 concurrent mark-sweep generation total 393216K, used 173413K [0x00000000e8000000, 0x0000000100000000, 0x0000000100000000)
 Metaspace       used 44986K, capacity 45582K, committed 45784K, reserved 1089536K
  class space    used 4950K, capacity 5112K, committed 5136K, reserved 1048576K
}
2016-06-21T18:18:00.859+0100: 587.231: Total time for which application threads were stopped: 0.0064776 seconds, Stopping threads took: 0.0000300 seconds
{Heap before GC invocations=53 (full 2):
 par new generation   total 109248K, used 97553K [0x00000000e0000000, 0x00000000e8000000, 0x00000000e8000000)
  eden space 87424K, 100% used [0x00000000e0000000, 0x00000000e5560000, 0x00000000e5560000)
  from space 21824K,  46% used [0x00000000e6ab0000, 0x00000000e7494490, 0x00000000e8000000)
  to   space 21824K,   0% used [0x00000000e5560000, 0x00000000e5560000, 0x00000000e6ab0000)
 concurrent mark-sweep generation total 393216K, used 173413K [0x00000000e8000000, 0x0000000100000000, 0x0000000100000000)
 Metaspace       used 44986K, capacity 45582K, committed 45784K, reserved 1089536K
  class space    used 4950K, capacity 5112K, committed 5136K, reserved 1048576K
2016-06-21T18:18:00.975+0100: 587.348: [GC (Allocation Failure) 2016-06-21T18:18:00.975+0100: 587.348: [ParNew
Desired survivor size 20112992 bytes, new threshold 8 (max 8)
- age   1:     980328 bytes,     980328 total
- age   2:    3573672 bytes,    4554000 total
- age   3:     627464 bytes,    5181464 total
- age   4:     666144 bytes,    5847608 total
- age   5:     755856 bytes,    6603464 total
- age   6:     761968 bytes,    7365432 total
- age   7:     779408 bytes,    8144840 total
- age   8:     752024 bytes,    8896864 total
: 97553K->12302K(109248K), 0.0073776 secs] 270966K->186266K(502464K), 0.0074404 secs] [Times: user=0.00 sys=0.00, real=0.01 secs] 
Heap after GC invocations=54 (full 2):
 par new generation   total 109248K, used 12302K [0x00000000e0000000, 0x00000000e8000000, 0x00000000e8000000)
  eden space 87424K,   0% used [0x00000000e0000000, 0x00000000e0000000, 0x00000000e5560000)
  from space 21824K,  56% used [0x00000000e5560000, 0x00000000e6163bf0, 0x00000000e6ab0000)
  to   space 21824K,   0% used [0x00000000e6ab0000, 0x00000000e6ab0000, 0x00000000e8000000)
 concurrent mark-sweep generation total 393216K, used 173963K [0x00000000e8000000, 0x0000000100000000, 0x0000000100000000)
 Metaspace       used 44986K, capacity 45582K, committed 45784K, reserved 1089536K
  class space    used 4950K, capacity 5112K, committed 5136K, reserved 1048576K
}
2016-06-21T18:18:00.983+0100: 587.355: Total time for which application threads were stopped: 0.0076378 seconds, Stopping threads took: 0.0000288 seconds
2016-06-21T18:18:01.984+0100: 588.355: Total time for which application threads were stopped: 0.0001038 seconds, Stopping threads took: 0.0000379 seconds
{Heap before GC invocations=54 (full 2):
 par new generation   total 109248K, used 99726K [0x00000000e0000000, 0x00000000e8000000, 0x00000000e8000000)
  eden space 87424K, 100% used [0x00000000e0000000, 0x00000000e5560000, 0x00000000e5560000)
  from space 21824K,  56% used [0x00000000e5560000, 0x00000000e6163bf0, 0x00000000e6ab0000)
  to   space 21824K,   0% used [0x00000000e6ab0000, 0x00000000e6ab0000, 0x00000000e8000000)
 concurrent mark-sweep generation total 393216K, used 173963K [0x00000000e8000000, 0x0000000100000000, 0x0000000100000000)
 Metaspace       used 44987K, capacity 45582K, committed 45784K, reserved 1089536K
  class space    used 4950K, capacity 5112K, committed 5136K, reserved 1048576K
2016-06-21T18:18:02.599+0100: 588.971: [GC (Allocation Failure) 2016-06-21T18:18:02.599+0100: 588.971: [ParNew
Desired survivor size 20112992 bytes, new threshold 8 (max 8)
- age   1:   11407928 bytes,   11407928 total
- age   2:     320440 bytes,   11728368 total
- age   3:    3196312 bytes,   14924680 total
- age   4:     332264 bytes,   15256944 total
- age   5:     321704 bytes,   15578648 total
- age   6:     313136 bytes,   15891784 total
- age   7:     318928 bytes,   16210712 total
- age   8:     352928 bytes,   16563640 total
: 99726K->18126K(109248K), 0.0069998 secs] 273690K->192457K(502464K), 0.0070729 secs] [Times: user=0.00 sys=0.00, real=0.01 secs] 
Heap after GC invocations=55 (full 2):
 par new generation   total 109248K, used 18126K [0x00000000e0000000, 0x00000000e8000000, 0x00000000e8000000)
  eden space 87424K,   0% used [0x00000000e0000000, 0x00000000e0000000, 0x00000000e5560000)
  from space 21824K,  83% used [0x00000000e6ab0000, 0x00000000e7c63940, 0x00000000e8000000)
  to   space 21824K,   0% used [0x00000000e5560000, 0x00000000e5560000, 0x00000000e6ab0000)
 concurrent mark-sweep generation total 393216K, used 174330K [0x00000000e8000000, 0x0000000100000000, 0x0000000100000000)
 Metaspace       used 44987K, capacity 45582K, committed 45784K, reserved 1089536K
  class space    used 4950K, capacity 5112K, committed 5136K, reserved 1048576K
}
2016-06-21T18:18:02.607+0100: 588.978: Total time for which application threads were stopped: 0.0073425 seconds, Stopping threads took: 0.0000296 seconds
2016-06-21T18:18:03.608+0100: 589.980: Total time for which application threads were stopped: 0.0001307 seconds, Stopping threads took: 0.0000355 seconds
2016-06-21T18:19:43.656+0100: 690.028: Total time for which application threads were stopped: 0.0001366 seconds, Stopping threads took: 0.0000407 seconds
2016-06-21T18:24:14.892+0100: 961.263: Total time for which application threads were stopped: 0.0000991 seconds, Stopping threads took: 0.0000296 seconds
2016-06-21T18:25:48.190+0100: 1054.561: Total time for which application threads were stopped: 0.0001133 seconds, Stopping threads took: 0.0000272 seconds
2016-06-21T18:25:48.200+0100: 1054.572: Total time for which application threads were stopped: 0.0000920 seconds, Stopping threads took: 0.0000205 seconds
2016-06-21T18:25:49.201+0100: 1055.572: Total time for which application threads were stopped: 0.0001007 seconds, Stopping threads took: 0.0000276 seconds
{Heap before GC invocations=55 (full 2):
 par new generation   total 109248K, used 105550K [0x00000000e0000000, 0x00000000e8000000, 0x00000000e8000000)
  eden space 87424K, 100% used [0x00000000e0000000, 0x00000000e5560000, 0x00000000e5560000)
  from space 21824K,  83% used [0x00000000e6ab0000, 0x00000000e7c63940, 0x00000000e8000000)
  to   space 21824K,   0% used [0x00000000e5560000, 0x00000000e5560000, 0x00000000e6ab0000)
 concurrent mark-sweep generation total 393216K, used 174330K [0x00000000e8000000, 0x0000000100000000, 0x0000000100000000)
 Metaspace       used 45009K, capacity 45582K, committed 45784K, reserved 1089536K
  class space    used 4950K, capacity 5112K, committed 5136K, reserved 1048576K
2016-06-21T18:25:49.282+0100: 1055.654: [GC (Allocation Failure) 2016-06-21T18:25:49.282+0100: 1055.655: [ParNew
Desired survivor size 20112992 bytes, new threshold 8 (max 8)
- age   1:    1285592 bytes,    1285592 total
- age   2:   11234488 bytes,   12520080 total
- age   3:     320360 bytes,   12840440 total
- age   4:    3196272 bytes,   16036712 total
- age   5:     332304 bytes,   16369016 total
- age   6:     321624 bytes,   16690640 total
- age   7:     313296 bytes,   17003936 total
- age   8:     318808 bytes,   17322744 total
: 105550K->17606K(109248K), 0.0109044 secs] 279881K->192282K(502464K), 0.0109711 secs] [Times: user=0.00 sys=0.00, real=0.01 secs] 
Heap after GC invocations=56 (full 2):
 par new generation   total 109248K, used 17606K [0x00000000e0000000, 0x00000000e8000000, 0x00000000e8000000)
  eden space 87424K,   0% used [0x00000000e0000000, 0x00000000e0000000, 0x00000000e5560000)
  from space 21824K,  80% used [0x00000000e5560000, 0x00000000e66919e0, 0x00000000e6ab0000)
  to   space 21824K,   0% used [0x00000000e6ab0000, 0x00000000e6ab0000, 0x00000000e8000000)
 concurrent mark-sweep generation total 393216K, used 174676K [0x00000000e8000000, 0x0000000100000000, 0x0000000100000000)
 Metaspace       used 45009K, capacity 45582K, committed 45784K, reserved 1089536K
  class space    used 4950K, capacity 5112K, committed 5136K, reserved 1048576K
}
2016-06-21T18:25:49.293+0100: 1055.666: Total time for which application threads were stopped: 0.0111661 seconds, Stopping threads took: 0.0000268 seconds
2016-06-21T18:25:49.294+0100: 1055.666: Total time for which application threads were stopped: 0.0001279 seconds, Stopping threads took: 0.0000655 seconds
2016-06-21T18:25:49.294+0100: 1055.666: Total time for which application threads were stopped: 0.0000884 seconds, Stopping threads took: 0.0000403 seconds
{Heap before GC invocations=56 (full 2):
 par new generation   total 109248K, used 105030K [0x00000000e0000000, 0x00000000e8000000, 0x00000000e8000000)
  eden space 87424K, 100% used [0x00000000e0000000, 0x00000000e5560000, 0x00000000e5560000)
  from space 21824K,  80% used [0x00000000e5560000, 0x00000000e66919e0, 0x00000000e6ab0000)
  to   space 21824K,   0% used [0x00000000e6ab0000, 0x00000000e6ab0000, 0x00000000e8000000)
 concurrent mark-sweep generation total 393216K, used 174676K [0x00000000e8000000, 0x0000000100000000, 0x0000000100000000)
 Metaspace       used 45016K, capacity 45582K, committed 45784K, reserved 1089536K
  class space    used 4950K, capacity 5112K, committed 5136K, reserved 1048576K
2016-06-21T18:25:49.526+0100: 1055.898: [GC (Allocation Failure) 2016-06-21T18:25:49.526+0100: 1055.898: [ParNew
Desired survivor size 20112992 bytes, new threshold 8 (max 8)
- age   1:     202432 bytes,     202432 total
- age   2:      31120 bytes,     233552 total
- age   3:   11234488 bytes,   11468040 total
- age   4:     320360 bytes,   11788400 total
- age   5:    3196272 bytes,   14984672 total
- age   6:     332224 bytes,   15316896 total
- age   7:     321624 bytes,   15638520 total
- age   8:     313056 bytes,   15951576 total
: 105030K->17076K(109248K), 0.0074329 secs] 279706K->192065K(502464K), 0.0075138 secs] [Times: user=0.05 sys=0.00, real=0.01 secs] 
Heap after GC invocations=57 (full 2):
 par new generation   total 109248K, used 17076K [0x00000000e0000000, 0x00000000e8000000, 0x00000000e8000000)
  eden space 87424K,   0% used [0x00000000e0000000, 0x00000000e0000000, 0x00000000e5560000)
  from space 21824K,  78% used [0x00000000e6ab0000, 0x00000000e7b5d1c0, 0x00000000e8000000)
  to   space 21824K,   0% used [0x00000000e5560000, 0x00000000e5560000, 0x00000000e6ab0000)
 concurrent mark-sweep generation total 393216K, used 174988K [0x00000000e8000000, 0x0000000100000000, 0x0000000100000000)
 Metaspace       used 45016K, capacity 45582K, committed 45784K, reserved 1089536K
  class space    used 4950K, capacity 5112K, committed 5136K, reserved 1048576K
}
2016-06-21T18:25:49.534+0100: 1055.905: Total time for which application threads were stopped: 0.0077108 seconds, Stopping threads took: 0.0000229 seconds
{Heap before GC invocations=57 (full 2):
 par new generation   total 109248K, used 104500K [0x00000000e0000000, 0x00000000e8000000, 0x00000000e8000000)
  eden space 87424K, 100% used [0x00000000e0000000, 0x00000000e5560000, 0x00000000e5560000)
  from space 21824K,  78% used [0x00000000e6ab0000, 0x00000000e7b5d1c0, 0x00000000e8000000)
  to   space 21824K,   0% used [0x00000000e5560000, 0x00000000e5560000, 0x00000000e6ab0000)
 concurrent mark-sweep generation total 393216K, used 174988K [0x00000000e8000000, 0x0000000100000000, 0x0000000100000000)
 Metaspace       used 45019K, capacity 45582K, committed 45784K, reserved 1089536K
  class space    used 4950K, capacity 5112K, committed 5136K, reserved 1048576K
2016-06-21T18:25:49.763+0100: 1056.134: [GC (Allocation Failure) 2016-06-21T18:25:49.763+0100: 1056.134: [ParNew
Desired survivor size 20112992 bytes, new threshold 8 (max 8)
- age   1:    1969816 bytes,    1969816 total
- age   2:       2848 bytes,    1972664 total
- age   3:      28656 bytes,    2001320 total
- age   4:   11234488 bytes,   13235808 total
- age   5:     320360 bytes,   13556168 total
- age   6:    3196272 bytes,   16752440 total
- age   7:     332224 bytes,   17084664 total
- age   8:     321624 bytes,   17406288 total
: 104500K->17651K(109248K), 0.0074503 secs] 279489K->192947K(502464K), 0.0075067 secs] [Times: user=0.03 sys=0.00, real=0.01 secs] 
Heap after GC invocations=58 (full 2):
 par new generation   total 109248K, used 17651K [0x00000000e0000000, 0x00000000e8000000, 0x00000000e8000000)
  eden space 87424K,   0% used [0x00000000e0000000, 0x00000000e0000000, 0x00000000e5560000)
  from space 21824K,  80% used [0x00000000e5560000, 0x00000000e669ce28, 0x00000000e6ab0000)
  to   space 21824K,   0% used [0x00000000e6ab0000, 0x00000000e6ab0000, 0x00000000e8000000)
 concurrent mark-sweep generation total 393216K, used 175295K [0x00000000e8000000, 0x0000000100000000, 0x0000000100000000)
 Metaspace       used 45019K, capacity 45582K, committed 45784K, reserved 1089536K
  class space    used 4950K, capacity 5112K, committed 5136K, reserved 1048576K
}
2016-06-21T18:25:49.770+0100: 1056.142: Total time for which application threads were stopped: 0.0077065 seconds, Stopping threads took: 0.0000245 seconds
2016-06-21T18:25:50.771+0100: 1057.142: Total time for which application threads were stopped: 0.0001074 seconds, Stopping threads took: 0.0000249 seconds
2016-06-21T18:25:51.771+0100: 1058.143: Total time for which application threads were stopped: 0.0000900 seconds, Stopping threads took: 0.0000253 seconds
2016-06-21T18:25:52.771+0100: 1059.143: Total time for which application threads were stopped: 0.0000928 seconds, Stopping threads took: 0.0000257 seconds
{Heap before GC invocations=58 (full 2):
 par new generation   total 109248K, used 105075K [0x00000000e0000000, 0x00000000e8000000, 0x00000000e8000000)
  eden space 87424K, 100% used [0x00000000e0000000, 0x00000000e5560000, 0x00000000e5560000)
  from space 21824K,  80% used [0x00000000e5560000, 0x00000000e669ce28, 0x00000000e6ab0000)
  to   space 21824K,   0% used [0x00000000e6ab0000, 0x00000000e6ab0000, 0x00000000e8000000)
 concurrent mark-sweep generation total 393216K, used 175295K [0x00000000e8000000, 0x0000000100000000, 0x0000000100000000)
 Metaspace       used 45048K, capacity 45594K, committed 45784K, reserved 1089536K
  class space    used 4951K, capacity 5114K, committed 5136K, reserved 1048576K
2016-06-21T18:25:55.044+0100: 1061.417: [GC (Allocation Failure) 2016-06-21T18:25:55.045+0100: 1061.417: [ParNew
Desired survivor size 20112992 bytes, new threshold 8 (max 8)
- age   1:    4280792 bytes,    4280792 total
- age   2:       1832 bytes,    4282624 total
- age   3:        456 bytes,    4283080 total
- age   4:      26568 bytes,    4309648 total
- age   5:   11234488 bytes,   15544136 total
- age   6:     320360 bytes,   15864496 total
- age   7:    3196272 bytes,   19060768 total
- age   8:     332224 bytes,   19392992 total
: 105075K->20380K(109248K), 0.0068210 secs] 280371K->195991K(502464K), 0.0069371 secs] [Times: user=0.03 sys=0.01, real=0.01 secs] 
Heap after GC invocations=59 (full 2):
 par new generation   total 109248K, used 20380K [0x00000000e0000000, 0x00000000e8000000, 0x00000000e8000000)
  eden space 87424K,   0% used [0x00000000e0000000, 0x00000000e0000000, 0x00000000e5560000)
  from space 21824K,  93% used [0x00000000e6ab0000, 0x00000000e7e97110, 0x00000000e8000000)
  to   space 21824K,   0% used [0x00000000e5560000, 0x00000000e5560000, 0x00000000e6ab0000)
 concurrent mark-sweep generation total 393216K, used 175610K [0x00000000e8000000, 0x0000000100000000, 0x0000000100000000)
 Metaspace       used 45048K, capacity 45594K, committed 45784K, reserved 1089536K
  class space    used 4951K, capacity 5114K, committed 5136K, reserved 1048576K
}
2016-06-21T18:25:55.051+0100: 1061.424: Total time for which application threads were stopped: 0.0071976 seconds, Stopping threads took: 0.0000312 seconds
2016-06-21T18:25:55.052+0100: 1061.424: Total time for which application threads were stopped: 0.0002759 seconds, Stopping threads took: 0.0001915 seconds
2016-06-21T18:25:55.052+0100: 1061.424: Total time for which application threads were stopped: 0.0000742 seconds, Stopping threads took: 0.0000162 seconds
2016-06-21T18:25:55.052+0100: 1061.424: Total time for which application threads were stopped: 0.0001883 seconds, Stopping threads took: 0.0001516 seconds
2016-06-21T18:25:55.052+0100: 1061.425: Total time for which application threads were stopped: 0.0000640 seconds, Stopping threads took: 0.0000316 seconds
2016-06-21T18:25:55.052+0100: 1061.425: Total time for which application threads were stopped: 0.0000675 seconds, Stopping threads took: 0.0000304 seconds
2016-06-21T18:25:55.052+0100: 1061.425: Total time for which application threads were stopped: 0.0000545 seconds, Stopping threads took: 0.0000253 seconds
2016-06-21T18:25:55.053+0100: 1061.425: Total time for which application threads were stopped: 0.0000892 seconds, Stopping threads took: 0.0000249 seconds
2016-06-21T18:25:55.053+0100: 1061.425: Total time for which application threads were stopped: 0.0000608 seconds, Stopping threads took: 0.0000312 seconds
2016-06-21T18:25:55.053+0100: 1061.425: Total time for which application threads were stopped: 0.0001176 seconds, Stopping threads took: 0.0000253 seconds
2016-06-21T18:25:55.053+0100: 1061.425: Total time for which application threads were stopped: 0.0000553 seconds, Stopping threads took: 0.0000261 seconds
2016-06-21T18:25:55.053+0100: 1061.425: Total time for which application threads were stopped: 0.0000557 seconds, Stopping threads took: 0.0000268 seconds
2016-06-21T18:25:55.053+0100: 1061.425: Total time for which application threads were stopped: 0.0001275 seconds, Stopping threads took: 0.0000126 seconds
2016-06-21T18:25:55.053+0100: 1061.425: Total time for which application threads were stopped: 0.0000572 seconds, Stopping threads took: 0.0000107 seconds
2016-06-21T18:25:55.053+0100: 1061.426: Total time for which application threads were stopped: 0.0000592 seconds, Stopping threads took: 0.0000134 seconds
2016-06-21T18:25:55.053+0100: 1061.426: Total time for which application threads were stopped: 0.0000442 seconds, Stopping threads took: 0.0000134 seconds
2016-06-21T18:25:55.053+0100: 1061.426: Total time for which application threads were stopped: 0.0000663 seconds, Stopping threads took: 0.0000225 seconds
2016-06-21T18:25:55.054+0100: 1061.426: Total time for which application threads were stopped: 0.0000742 seconds, Stopping threads took: 0.0000280 seconds
2016-06-21T18:25:55.054+0100: 1061.426: Total time for which application threads were stopped: 0.0002376 seconds, Stopping threads took: 0.0000111 seconds
{Heap before GC invocations=59 (full 2):
 par new generation   total 109248K, used 107804K [0x00000000e0000000, 0x00000000e8000000, 0x00000000e8000000)
  eden space 87424K, 100% used [0x00000000e0000000, 0x00000000e5560000, 0x00000000e5560000)
  from space 21824K,  93% used [0x00000000e6ab0000, 0x00000000e7e97110, 0x00000000e8000000)
  to   space 21824K,   0% used [0x00000000e5560000, 0x00000000e5560000, 0x00000000e6ab0000)
 concurrent mark-sweep generation total 393216K, used 175610K [0x00000000e8000000, 0x0000000100000000, 0x0000000100000000)
 Metaspace       used 45048K, capacity 45594K, committed 45784K, reserved 1089536K
  class space    used 4951K, capacity 5114K, committed 5136K, reserved 1048576K
2016-06-21T18:25:55.181+0100: 1061.553: [GC (Allocation Failure) 2016-06-21T18:25:55.181+0100: 1061.553: [ParNew
Desired survivor size 20112992 bytes, new threshold 8 (max 8)
- age   1:    3538432 bytes,    3538432 total
- age   2:    3974488 bytes,    7512920 total
- age   3:        408 bytes,    7513328 total
- age   4:        456 bytes,    7513784 total
- age   5:      26568 bytes,    7540352 total
- age   6:   11234488 bytes,   18774840 total
- age   7:     320360 bytes,   19095200 total
- age   8:    3196272 bytes,   22291472 total
: 107804K->21824K(109248K), 0.0172387 secs] 283415K->211884K(502464K), 0.0172991 secs] [Times: user=0.05 sys=0.02, real=0.02 secs] 
Heap after GC invocations=60 (full 2):
 par new generation   total 109248K, used 21824K [0x00000000e0000000, 0x00000000e8000000, 0x00000000e8000000)
  eden space 87424K,   0% used [0x00000000e0000000, 0x00000000e0000000, 0x00000000e5560000)
  from space 21824K, 100% used [0x00000000e5560000, 0x00000000e6ab0000, 0x00000000e6ab0000)
  to   space 21824K,   0% used [0x00000000e6ab0000, 0x00000000e6ab0000, 0x00000000e8000000)
 concurrent mark-sweep generation total 393216K, used 190060K [0x00000000e8000000, 0x0000000100000000, 0x0000000100000000)
 Metaspace       used 45048K, capacity 45594K, committed 45784K, reserved 1089536K
  class space    used 4951K, capacity 5114K, committed 5136K, reserved 1048576K
}
2016-06-21T18:25:55.198+0100: 1061.570: Total time for which application threads were stopped: 0.0175691 seconds, Stopping threads took: 0.0000324 seconds
{Heap before GC invocations=60 (full 2):
 par new generation   total 109248K, used 109248K [0x00000000e0000000, 0x00000000e8000000, 0x00000000e8000000)
  eden space 87424K, 100% used [0x00000000e0000000, 0x00000000e5560000, 0x00000000e5560000)
  from space 21824K, 100% used [0x00000000e5560000, 0x00000000e6ab0000, 0x00000000e6ab0000)
  to   space 21824K,   0% used [0x00000000e6ab0000, 0x00000000e6ab0000, 0x00000000e8000000)
 concurrent mark-sweep generation total 393216K, used 190060K [0x00000000e8000000, 0x0000000100000000, 0x0000000100000000)
 Metaspace       used 45049K, capacity 45594K, committed 45784K, reserved 1089536K
  class space    used 4952K, capacity 5114K, committed 5136K, reserved 1048576K
2016-06-21T18:25:55.342+0100: 1061.715: [GC (Allocation Failure) 2016-06-21T18:25:55.343+0100: 1061.715: [ParNew
Desired survivor size 20112992 bytes, new threshold 8 (max 8)
- age   1:    1295656 bytes,    1295656 total
- age   2:    3239256 bytes,    4534912 total
- age   3:    3963504 bytes,    8498416 total
- age   4:        408 bytes,    8498824 total
- age   5:        456 bytes,    8499280 total
- age   6:      26568 bytes,    8525848 total
- age   7:   11234488 bytes,   19760336 total
- age   8:     319968 bytes,   20080304 total
: 109248K->21824K(109248K), 0.0108839 secs] 299308K->215271K(502464K), 0.0109715 secs] [Times: user=0.00 sys=0.02, real=0.01 secs] 
Heap after GC invocations=61 (full 2):
 par new generation   total 109248K, used 21824K [0x00000000e0000000, 0x00000000e8000000, 0x00000000e8000000)
  eden space 87424K,   0% used [0x00000000e0000000, 0x00000000e0000000, 0x00000000e5560000)
  from space 21824K, 100% used [0x00000000e6ab0000, 0x00000000e8000000, 0x00000000e8000000)
  to   space 21824K,   0% used [0x00000000e5560000, 0x00000000e5560000, 0x00000000e6ab0000)
 concurrent mark-sweep generation total 393216K, used 193447K [0x00000000e8000000, 0x0000000100000000, 0x0000000100000000)
 Metaspace       used 45049K, capacity 45594K, committed 45784K, reserved 1089536K
  class space    used 4952K, capacity 5114K, committed 5136K, reserved 1048576K
}
2016-06-21T18:25:55.354+0100: 1061.726: Total time for which application threads were stopped: 0.0112249 seconds, Stopping threads took: 0.0000237 seconds
{Heap before GC invocations=61 (full 2):
 par new generation   total 109248K, used 109248K [0x00000000e0000000, 0x00000000e8000000, 0x00000000e8000000)
  eden space 87424K, 100% used [0x00000000e0000000, 0x00000000e5560000, 0x00000000e5560000)
  from space 21824K, 100% used [0x00000000e6ab0000, 0x00000000e8000000, 0x00000000e8000000)
  to   space 21824K,   0% used [0x00000000e5560000, 0x00000000e5560000, 0x00000000e6ab0000)
 concurrent mark-sweep generation total 393216K, used 193447K [0x00000000e8000000, 0x0000000100000000, 0x0000000100000000)
 Metaspace       used 45052K, capacity 45658K, committed 45784K, reserved 1089536K
  class space    used 4952K, capacity 5114K, committed 5136K, reserved 1048576K
2016-06-21T18:25:55.505+0100: 1061.877: [GC (Allocation Failure) 2016-06-21T18:25:55.505+0100: 1061.877: [ParNew
Desired survivor size 20112992 bytes, new threshold 8 (max 8)
- age   1:    2318032 bytes,    2318032 total
- age   2:     786120 bytes,    3104152 total
- age   3:    3199896 bytes,    6304048 total
- age   4:    3963504 bytes,   10267552 total
- age   5:        408 bytes,   10267960 total
- age   6:        456 bytes,   10268416 total
- age   7:      26568 bytes,   10294984 total
- age   8:    7690112 bytes,   17985096 total
: 109248K->21824K(109248K), 0.0076299 secs] 302695K->219046K(502464K), 0.0076990 secs] [Times: user=0.00 sys=0.00, real=0.01 secs] 
Heap after GC invocations=62 (full 2):
 par new generation   total 109248K, used 21824K [0x00000000e0000000, 0x00000000e8000000, 0x00000000e8000000)
  eden space 87424K,   0% used [0x00000000e0000000, 0x00000000e0000000, 0x00000000e5560000)
  from space 21824K, 100% used [0x00000000e5560000, 0x00000000e6ab0000, 0x00000000e6ab0000)
  to   space 21824K,   0% used [0x00000000e6ab0000, 0x00000000e6ab0000, 0x00000000e8000000)
 concurrent mark-sweep generation total 393216K, used 197222K [0x00000000e8000000, 0x0000000100000000, 0x0000000100000000)
 Metaspace       used 45052K, capacity 45658K, committed 45784K, reserved 1089536K
  class space    used 4952K, capacity 5114K, committed 5136K, reserved 1048576K
}
2016-06-21T18:25:55.513+0100: 1061.884: Total time for which application threads were stopped: 0.0079196 seconds, Stopping threads took: 0.0000201 seconds
2016-06-21T18:25:55.513+0100: 1061.884: [GC (CMS Initial Mark) [1 CMS-initial-mark: 197222K(393216K)] 220396K(502464K), 0.0015269 secs] [Times: user=0.02 sys=0.00, real=0.00 secs] 
2016-06-21T18:25:55.515+0100: 1061.886: Total time for which application threads were stopped: 0.0016986 seconds, Stopping threads took: 0.0000454 seconds
2016-06-21T18:25:55.515+0100: 1061.886: [CMS-concurrent-mark-start]
2016-06-21T18:25:55.545+0100: 1061.917: [CMS-concurrent-mark: 0.031/0.031 secs] [Times: user=0.02 sys=0.05, real=0.03 secs] 
2016-06-21T18:25:55.545+0100: 1061.917: [CMS-concurrent-preclean-start]
2016-06-21T18:25:55.547+0100: 1061.918: [CMS-concurrent-preclean: 0.002/0.002 secs] [Times: user=0.03 sys=0.00, real=0.00 secs] 
2016-06-21T18:25:55.547+0100: 1061.919: [GC (CMS Final Remark) [YG occupancy: 23174 K (109248 K)]{Heap before GC invocations=62 (full 3):
 par new generation   total 109248K, used 23174K [0x00000000e0000000, 0x00000000e8000000, 0x00000000e8000000)
  eden space 87424K,   1% used [0x00000000e0000000, 0x00000000e0151a30, 0x00000000e5560000)
  from space 21824K, 100% used [0x00000000e5560000, 0x00000000e6ab0000, 0x00000000e6ab0000)
  to   space 21824K,   0% used [0x00000000e6ab0000, 0x00000000e6ab0000, 0x00000000e8000000)
 concurrent mark-sweep generation total 393216K, used 197222K [0x00000000e8000000, 0x0000000100000000, 0x0000000100000000)
 Metaspace       used 45052K, capacity 45658K, committed 45784K, reserved 1089536K
  class space    used 4952K, capacity 5114K, committed 5136K, reserved 1048576K
2016-06-21T18:25:55.547+0100: 1061.919: [GC (CMS Final Remark) 2016-06-21T18:25:55.547+0100: 1061.919: [ParNew
Desired survivor size 20112992 bytes, new threshold 8 (max 8)
- age   1:     121080 bytes,     121080 total
- age   2:    1511400 bytes,    1632480 total
- age   3:     786120 bytes,    2418600 total
- age   4:    3199872 bytes,    5618472 total
- age   5:    3963504 bytes,    9581976 total
- age   6:        408 bytes,    9582384 total
- age   7:        456 bytes,    9582840 total
- age   8:      26568 bytes,    9609408 total
: 23174K->15102K(109248K), 0.0068293 secs] 220396K->219853K(502464K), 0.0068913 secs] [Times: user=0.00 sys=0.00, real=0.01 secs] 
Heap after GC invocations=63 (full 3):
 par new generation   total 109248K, used 15102K [0x00000000e0000000, 0x00000000e8000000, 0x00000000e8000000)
  eden space 87424K,   0% used [0x00000000e0000000, 0x00000000e0000000, 0x00000000e5560000)
  from space 21824K,  69% used [0x00000000e6ab0000, 0x00000000e796f840, 0x00000000e8000000)
  to   space 21824K,   0% used [0x00000000e5560000, 0x00000000e5560000, 0x00000000e6ab0000)
 concurrent mark-sweep generation total 393216K, used 204751K [0x00000000e8000000, 0x0000000100000000, 0x0000000100000000)
 Metaspace       used 45052K, capacity 45658K, committed 45784K, reserved 1089536K
  class space    used 4952K, capacity 5114K, committed 5136K, reserved 1048576K
}
2016-06-21T18:25:55.554+0100: 1061.926: [Rescan (parallel) , 0.0018159 secs]2016-06-21T18:25:55.556+0100: 1061.928: [weak refs processing, 0.0073192 secs]2016-06-21T18:25:55.563+0100: 1061.935: [class unloading, 0.0449309 secs]2016-06-21T18:25:55.608+0100: 1061.980: [scrub symbol table, 0.0163702 secs]2016-06-21T18:25:55.625+0100: 1061.996: [scrub string table, 0.0011578 secs][1 CMS-remark: 204751K(393216K)] 219853K(502464K), 0.0798385 secs] [Times: user=0.02 sys=0.08, real=0.08 secs] 
2016-06-21T18:25:55.627+0100: 1061.999: Total time for which application threads were stopped: 0.0800059 seconds, Stopping threads took: 0.0000422 seconds
2016-06-21T18:25:55.627+0100: 1061.999: [CMS-concurrent-sweep-start]
2016-06-21T18:25:55.795+0100: 1062.167: [CMS-concurrent-sweep: 0.168/0.168 secs] [Times: user=0.36 sys=0.05, real=0.17 secs] 
2016-06-21T18:25:55.796+0100: 1062.167: [CMS-concurrent-reset-start]
2016-06-21T18:25:55.797+0100: 1062.168: [CMS-concurrent-reset: 0.001/0.001 secs] [Times: user=0.00 sys=0.00, real=0.00 secs] 
{Heap before GC invocations=63 (full 3):
 par new generation   total 109248K, used 102526K [0x00000000e0000000, 0x00000000e8000000, 0x00000000e8000000)
  eden space 87424K, 100% used [0x00000000e0000000, 0x00000000e5560000, 0x00000000e5560000)
  from space 21824K,  69% used [0x00000000e6ab0000, 0x00000000e796f840, 0x00000000e8000000)
  to   space 21824K,   0% used [0x00000000e5560000, 0x00000000e5560000, 0x00000000e6ab0000)
 concurrent mark-sweep generation total 393216K, used 53298K [0x00000000e8000000, 0x0000000100000000, 0x0000000100000000)
 Metaspace       used 45016K, capacity 45600K, committed 45784K, reserved 1089536K
  class space    used 4945K, capacity 5101K, committed 5136K, reserved 1048576K
2016-06-21T18:25:55.856+0100: 1062.228: [GC (Allocation Failure) 2016-06-21T18:25:55.856+0100: 1062.228: [ParNew
Desired survivor size 20112992 bytes, new threshold 8 (max 8)
- age   1:    1098960 bytes,    1098960 total
- age   2:        440 bytes,    1099400 total
- age   3:    1506728 bytes,    2606128 total
- age   4:     785880 bytes,    3392008 total
- age   5:    3199872 bytes,    6591880 total
- age   6:    3963504 bytes,   10555384 total
- age   7:        408 bytes,   10555792 total
- age   8:        456 bytes,   10556248 total
: 102526K->12701K(109248K), 0.0043802 secs] 155824K->66025K(502464K), 0.0044631 secs] [Times: user=0.06 sys=0.00, real=0.01 secs] 
Heap after GC invocations=64 (full 3):
 par new generation   total 109248K, used 12701K [0x00000000e0000000, 0x00000000e8000000, 0x00000000e8000000)
  eden space 87424K,   0% used [0x00000000e0000000, 0x00000000e0000000, 0x00000000e5560000)
  from space 21824K,  58% used [0x00000000e5560000, 0x00000000e61c7560, 0x00000000e6ab0000)
  to   space 21824K,   0% used [0x00000000e6ab0000, 0x00000000e6ab0000, 0x00000000e8000000)
 concurrent mark-sweep generation total 393216K, used 53324K [0x00000000e8000000, 0x0000000100000000, 0x0000000100000000)
 Metaspace       used 45016K, capacity 45600K, committed 45784K, reserved 1089536K
  class space    used 4945K, capacity 5101K, committed 5136K, reserved 1048576K
}
2016-06-21T18:25:55.861+0100: 1062.232: Total time for which application threads were stopped: 0.0048192 seconds, Stopping threads took: 0.0000264 seconds
{Heap before GC invocations=64 (full 3):
 par new generation   total 109248K, used 100125K [0x00000000e0000000, 0x00000000e8000000, 0x00000000e8000000)
  eden space 87424K, 100% used [0x00000000e0000000, 0x00000000e5560000, 0x00000000e5560000)
  from space 21824K,  58% used [0x00000000e5560000, 0x00000000e61c7560, 0x00000000e6ab0000)
  to   space 21824K,   0% used [0x00000000e6ab0000, 0x00000000e6ab0000, 0x00000000e8000000)
 concurrent mark-sweep generation total 393216K, used 53324K [0x00000000e8000000, 0x0000000100000000, 0x0000000100000000)
 Metaspace       used 45016K, capacity 45600K, committed 45784K, reserved 1089536K
  class space    used 4945K, capacity 5101K, committed 5136K, reserved 1048576K
2016-06-21T18:25:56.027+0100: 1062.398: [GC (Allocation Failure) 2016-06-21T18:25:56.027+0100: 1062.398: [ParNew
Desired survivor size 20112992 bytes, new threshold 8 (max 8)
- age   1:    1032720 bytes,    1032720 total
- age   2:     786416 bytes,    1819136 total
- age   3:        440 bytes,    1819576 total
- age   4:    1506728 bytes,    3326304 total
- age   5:     785880 bytes,    4112184 total
- age   6:    3199872 bytes,    7312056 total
- age   7:    3963560 bytes,   11275616 total
- age   8:        408 bytes,   11276024 total
: 100125K->13185K(109248K), 0.0043676 secs] 153449K->66510K(502464K), 0.0044351 secs] [Times: user=0.06 sys=0.00, real=0.00 secs] 
Heap after GC invocations=65 (full 3):
 par new generation   total 109248K, used 13185K [0x00000000e0000000, 0x00000000e8000000, 0x00000000e8000000)
  eden space 87424K,   0% used [0x00000000e0000000, 0x00000000e0000000, 0x00000000e5560000)
  from space 21824K,  60% used [0x00000000e6ab0000, 0x00000000e7790490, 0x00000000e8000000)
  to   space 21824K,   0% used [0x00000000e5560000, 0x00000000e5560000, 0x00000000e6ab0000)
 concurrent mark-sweep generation total 393216K, used 53324K [0x00000000e8000000, 0x0000000100000000, 0x0000000100000000)
 Metaspace       used 45016K, capacity 45600K, committed 45784K, reserved 1089536K
  class space    used 4945K, capacity 5101K, committed 5136K, reserved 1048576K
}
2016-06-21T18:25:56.031+0100: 1062.403: Total time for which application threads were stopped: 0.0047075 seconds, Stopping threads took: 0.0000245 seconds
2016-06-21T18:25:57.031+0100: 1063.403: Total time for which application threads were stopped: 0.0008673 seconds, Stopping threads took: 0.0003434 seconds
2016-06-21T18:25:58.032+0100: 1064.404: Total time for which application threads were stopped: 0.0000876 seconds, Stopping threads took: 0.0000237 seconds
2016-06-21T18:25:59.033+0100: 1065.404: Total time for which application threads were stopped: 0.0000987 seconds, Stopping threads took: 0.0000300 seconds
{Heap before GC invocations=65 (full 3):
 par new generation   total 109248K, used 100609K [0x00000000e0000000, 0x00000000e8000000, 0x00000000e8000000)
  eden space 87424K, 100% used [0x00000000e0000000, 0x00000000e5560000, 0x00000000e5560000)
  from space 21824K,  60% used [0x00000000e6ab0000, 0x00000000e7790490, 0x00000000e8000000)
  to   space 21824K,   0% used [0x00000000e5560000, 0x00000000e5560000, 0x00000000e6ab0000)
 concurrent mark-sweep generation total 393216K, used 53324K [0x00000000e8000000, 0x0000000100000000, 0x0000000100000000)
 Metaspace       used 45157K, capacity 45676K, committed 45784K, reserved 1089536K
  class space    used 4946K, capacity 5103K, committed 5136K, reserved 1048576K
2016-06-21T18:26:05.906+0100: 1072.278: [GC (Allocation Failure) 2016-06-21T18:26:05.906+0100: 1072.278: [ParNew
Desired survivor size 20112992 bytes, new threshold 8 (max 8)
- age   1:    1570360 bytes,    1570360 total
- age   2:      32016 bytes,    1602376 total
- age   3:      32016 bytes,    1634392 total
- age   4:        440 bytes,    1634832 total
- age   5:      20272 bytes,    1655104 total
- age   6:      10040 bytes,    1665144 total
- age   7:     346464 bytes,    2011608 total
- age   8:      17032 bytes,    2028640 total
: 100609K->10456K(109248K), 0.0033025 secs] 153934K->63781K(502464K), 0.0034012 secs] [Times: user=0.00 sys=0.00, real=0.00 secs] 
Heap after GC invocations=66 (full 3):
 par new generation   total 109248K, used 10456K [0x00000000e0000000, 0x00000000e8000000, 0x00000000e8000000)
  eden space 87424K,   0% used [0x00000000e0000000, 0x00000000e0000000, 0x00000000e5560000)
  from space 21824K,  47% used [0x00000000e5560000, 0x00000000e5f96140, 0x00000000e6ab0000)
  to   space 21824K,   0% used [0x00000000e6ab0000, 0x00000000e6ab0000, 0x00000000e8000000)
 concurrent mark-sweep generation total 393216K, used 53325K [0x00000000e8000000, 0x0000000100000000, 0x0000000100000000)
 Metaspace       used 45157K, capacity 45676K, committed 45784K, reserved 1089536K
  class space    used 4946K, capacity 5103K, committed 5136K, reserved 1048576K
}
2016-06-21T18:26:05.910+0100: 1072.281: Total time for which application threads were stopped: 0.0037451 seconds, Stopping threads took: 0.0000363 seconds
2016-06-21T18:26:05.910+0100: 1072.282: Total time for which application threads were stopped: 0.0001267 seconds, Stopping threads took: 0.0000383 seconds
2016-06-21T18:26:05.910+0100: 1072.282: Total time for which application threads were stopped: 0.0000521 seconds, Stopping threads took: 0.0000142 seconds
2016-06-21T18:26:05.910+0100: 1072.282: Total time for which application threads were stopped: 0.0000928 seconds, Stopping threads took: 0.0000107 seconds
2016-06-21T18:26:05.910+0100: 1072.282: Total time for which application threads were stopped: 0.0000691 seconds, Stopping threads took: 0.0000189 seconds
2016-06-21T18:26:05.910+0100: 1072.282: Total time for which application threads were stopped: 0.0000541 seconds, Stopping threads took: 0.0000162 seconds
2016-06-21T18:26:06.912+0100: 1073.283: Total time for which application threads were stopped: 0.0001295 seconds, Stopping threads took: 0.0000257 seconds
2016-06-21T18:26:07.912+0100: 1074.284: Total time for which application threads were stopped: 0.0000955 seconds, Stopping threads took: 0.0000276 seconds
2016-06-21T18:26:09.912+0100: 1076.284: Total time for which application threads were stopped: 0.0001401 seconds, Stopping threads took: 0.0000367 seconds
2016-06-21T18:26:14.916+0100: 1081.288: Total time for which application threads were stopped: 0.0000900 seconds, Stopping threads took: 0.0000261 seconds
{Heap before GC invocations=66 (full 3):
 par new generation   total 109248K, used 97859K [0x00000000e0000000, 0x00000000e8000000, 0x00000000e8000000)
  eden space 87424K,  99% used [0x00000000e0000000, 0x00000000e555aad0, 0x00000000e5560000)
  from space 21824K,  47% used [0x00000000e5560000, 0x00000000e5f96140, 0x00000000e6ab0000)
  to   space 21824K,   0% used [0x00000000e6ab0000, 0x00000000e6ab0000, 0x00000000e8000000)
 concurrent mark-sweep generation total 393216K, used 53325K [0x00000000e8000000, 0x0000000100000000, 0x0000000100000000)
 Metaspace       used 45178K, capacity 45740K, committed 46040K, reserved 1089536K
  class space    used 4946K, capacity 5103K, committed 5136K, reserved 1048576K
2016-06-21T18:26:17.808+0100: 1084.180: [GC (Allocation Failure) 2016-06-21T18:26:17.809+0100: 1084.181: [ParNew
Desired survivor size 20112992 bytes, new threshold 8 (max 8)
- age   1:     170800 bytes,     170800 total
- age   2:     531296 bytes,     702096 total
- age   3:      32016 bytes,     734112 total
- age   4:      32016 bytes,     766128 total
- age   5:        440 bytes,     766568 total
- age   6:      20272 bytes,     786840 total
- age   7:      10040 bytes,     796880 total
- age   8:     346464 bytes,    1143344 total
: 97859K->2826K(109248K), 0.0031060 secs] 151184K->56168K(502464K), 0.0031900 secs] [Times: user=0.00 sys=0.00, real=0.00 secs] 
Heap after GC invocations=67 (full 3):
 par new generation   total 109248K, used 2826K [0x00000000e0000000, 0x00000000e8000000, 0x00000000e8000000)
  eden space 87424K,   0% used [0x00000000e0000000, 0x00000000e0000000, 0x00000000e5560000)
  from space 21824K,  12% used [0x00000000e6ab0000, 0x00000000e6d72940, 0x00000000e8000000)
  to   space 21824K,   0% used [0x00000000e5560000, 0x00000000e5560000, 0x00000000e6ab0000)
 concurrent mark-sweep generation total 393216K, used 53341K [0x00000000e8000000, 0x0000000100000000, 0x0000000100000000)
 Metaspace       used 45178K, capacity 45740K, committed 46040K, reserved 1089536K
  class space    used 4946K, capacity 5103K, committed 5136K, reserved 1048576K
}
2016-06-21T18:26:17.812+0100: 1084.184: Total time for which application threads were stopped: 0.0034206 seconds, Stopping threads took: 0.0000253 seconds
2016-06-21T18:26:18.813+0100: 1085.184: Total time for which application threads were stopped: 0.0001212 seconds, Stopping threads took: 0.0000584 seconds
{Heap before GC invocations=67 (full 3):
 par new generation   total 109248K, used 90250K [0x00000000e0000000, 0x00000000e8000000, 0x00000000e8000000)
  eden space 87424K, 100% used [0x00000000e0000000, 0x00000000e5560000, 0x00000000e5560000)
  from space 21824K,  12% used [0x00000000e6ab0000, 0x00000000e6d72940, 0x00000000e8000000)
  to   space 21824K,   0% used [0x00000000e5560000, 0x00000000e5560000, 0x00000000e6ab0000)
 concurrent mark-sweep generation total 393216K, used 53341K [0x00000000e8000000, 0x0000000100000000, 0x0000000100000000)
 Metaspace       used 45200K, capacity 45804K, committed 46040K, reserved 1089536K
  class space    used 4947K, capacity 5103K, committed 5136K, reserved 1048576K
2016-06-21T18:26:21.156+0100: 1087.528: [GC (Allocation Failure) 2016-06-21T18:26:21.156+0100: 1087.528: [ParNew
Desired survivor size 20112992 bytes, new threshold 1 (max 8)
- age   1:   21386184 bytes,   21386184 total
- age   2:      25016 bytes,   21411200 total
- age   3:     530056 bytes,   21941256 total
- age   4:      32016 bytes,   21973272 total
- age   5:      32016 bytes,   22005288 total
- age   6:        440 bytes,   22005728 total
- age   7:      20272 bytes,   22026000 total
- age   8:      10040 bytes,   22036040 total
: 90250K->21824K(109248K), 0.0186258 secs] 143592K->76744K(502464K), 0.0186937 secs] [Times: user=0.06 sys=0.00, real=0.02 secs] 
Heap after GC invocations=68 (full 3):
 par new generation   total 109248K, used 21824K [0x00000000e0000000, 0x00000000e8000000, 0x00000000e8000000)
  eden space 87424K,   0% used [0x00000000e0000000, 0x00000000e0000000, 0x00000000e5560000)
  from space 21824K, 100% used [0x00000000e5560000, 0x00000000e6ab0000, 0x00000000e6ab0000)
  to   space 21824K,   0% used [0x00000000e6ab0000, 0x00000000e6ab0000, 0x00000000e8000000)
 concurrent mark-sweep generation total 393216K, used 54920K [0x00000000e8000000, 0x0000000100000000, 0x0000000100000000)
 Metaspace       used 45200K, capacity 45804K, committed 46040K, reserved 1089536K
  class space    used 4947K, capacity 5103K, committed 5136K, reserved 1048576K
}
2016-06-21T18:26:21.176+0100: 1087.547: Total time for which application threads were stopped: 0.0189361 seconds, Stopping threads took: 0.0000261 seconds
{Heap before GC invocations=68 (full 3):
 par new generation   total 109248K, used 109248K [0x00000000e0000000, 0x00000000e8000000, 0x00000000e8000000)
  eden space 87424K, 100% used [0x00000000e0000000, 0x00000000e5560000, 0x00000000e5560000)
  from space 21824K, 100% used [0x00000000e5560000, 0x00000000e6ab0000, 0x00000000e6ab0000)
  to   space 21824K,   0% used [0x00000000e6ab0000, 0x00000000e6ab0000, 0x00000000e8000000)
 concurrent mark-sweep generation total 393216K, used 54920K [0x00000000e8000000, 0x0000000100000000, 0x0000000100000000)
 Metaspace       used 45200K, capacity 45804K, committed 46040K, reserved 1089536K
  class space    used 4947K, capacity 5103K, committed 5136K, reserved 1048576K
2016-06-21T18:26:21.266+0100: 1087.638: [GC (Allocation Failure) 2016-06-21T18:26:21.266+0100: 1087.638: [ParNew
Desired survivor size 20112992 bytes, new threshold 1 (max 8)
- age   1:   22314920 bytes,   22314920 total
: 109248K->21824K(109248K), 0.0434849 secs] 164168K->103721K(502464K), 0.0435536 secs] [Times: user=0.09 sys=0.03, real=0.04 secs] 
Heap after GC invocations=69 (full 3):
 par new generation   total 109248K, used 21824K [0x00000000e0000000, 0x00000000e8000000, 0x00000000e8000000)
  eden space 87424K,   0% used [0x00000000e0000000, 0x00000000e0000000, 0x00000000e5560000)
  from space 21824K, 100% used [0x00000000e6ab0000, 0x00000000e8000000, 0x00000000e8000000)
  to   space 21824K,   0% used [0x00000000e5560000, 0x00000000e5560000, 0x00000000e6ab0000)
 concurrent mark-sweep generation total 393216K, used 81897K [0x00000000e8000000, 0x0000000100000000, 0x0000000100000000)
 Metaspace       used 45200K, capacity 45804K, committed 46040K, reserved 1089536K
  class space    used 4947K, capacity 5103K, committed 5136K, reserved 1048576K
}
2016-06-21T18:26:21.310+0100: 1087.681: Total time for which application threads were stopped: 0.0437482 seconds, Stopping threads took: 0.0000201 seconds
{Heap before GC invocations=69 (full 3):
 par new generation   total 109248K, used 109248K [0x00000000e0000000, 0x00000000e8000000, 0x00000000e8000000)
  eden space 87424K, 100% used [0x00000000e0000000, 0x00000000e5560000, 0x00000000e5560000)
  from space 21824K, 100% used [0x00000000e6ab0000, 0x00000000e8000000, 0x00000000e8000000)
  to   space 21824K,   0% used [0x00000000e5560000, 0x00000000e5560000, 0x00000000e6ab0000)
 concurrent mark-sweep generation total 393216K, used 81897K [0x00000000e8000000, 0x0000000100000000, 0x0000000100000000)
 Metaspace       used 45204K, capacity 45804K, committed 46040K, reserved 1089536K
  class space    used 4947K, capacity 5103K, committed 5136K, reserved 1048576K
2016-06-21T18:26:21.424+0100: 1087.796: [GC (Allocation Failure) 2016-06-21T18:26:21.424+0100: 1087.796: [ParNew
Desired survivor size 20112992 bytes, new threshold 8 (max 8)
- age   1:    5635040 bytes,    5635040 total
: 109248K->20421K(109248K), 0.0293186 secs] 191145K->124110K(502464K), 0.0293984 secs] [Times: user=0.08 sys=0.00, real=0.03 secs] 
Heap after GC invocations=70 (full 3):
 par new generation   total 109248K, used 20421K [0x00000000e0000000, 0x00000000e8000000, 0x00000000e8000000)
  eden space 87424K,   0% used [0x00000000e0000000, 0x00000000e0000000, 0x00000000e5560000)
  from space 21824K,  93% used [0x00000000e5560000, 0x00000000e69515e0, 0x00000000e6ab0000)
  to   space 21824K,   0% used [0x00000000e6ab0000, 0x00000000e6ab0000, 0x00000000e8000000)
 concurrent mark-sweep generation total 393216K, used 103688K [0x00000000e8000000, 0x0000000100000000, 0x0000000100000000)
 Metaspace       used 45204K, capacity 45804K, committed 46040K, reserved 1089536K
  class space    used 4947K, capacity 5103K, committed 5136K, reserved 1048576K
}
2016-06-21T18:26:21.454+0100: 1087.825: Total time for which application threads were stopped: 0.0296210 seconds, Stopping threads took: 0.0000182 seconds
{Heap before GC invocations=70 (full 3):
 par new generation   total 109248K, used 107845K [0x00000000e0000000, 0x00000000e8000000, 0x00000000e8000000)
  eden space 87424K, 100% used [0x00000000e0000000, 0x00000000e5560000, 0x00000000e5560000)
  from space 21824K,  93% used [0x00000000e5560000, 0x00000000e69515e0, 0x00000000e6ab0000)
  to   space 21824K,   0% used [0x00000000e6ab0000, 0x00000000e6ab0000, 0x00000000e8000000)
 concurrent mark-sweep generation total 393216K, used 103688K [0x00000000e8000000, 0x0000000100000000, 0x0000000100000000)
 Metaspace       used 45204K, capacity 45804K, committed 46040K, reserved 1089536K
  class space    used 4947K, capacity 5103K, committed 5136K, reserved 1048576K
2016-06-21T18:26:21.568+0100: 1087.940: [GC (Allocation Failure) 2016-06-21T18:26:21.568+0100: 1087.940: [ParNew
Desired survivor size 20112992 bytes, new threshold 8 (max 8)
- age   1:    1252832 bytes,    1252832 total
- age   2:    4950896 bytes,    6203728 total
: 107845K->7241K(109248K), 0.0074467 secs] 211534K->110930K(502464K), 0.0075099 secs] [Times: user=0.00 sys=0.00, real=0.01 secs] 
Heap after GC invocations=71 (full 3):
 par new generation   total 109248K, used 7241K [0x00000000e0000000, 0x00000000e8000000, 0x00000000e8000000)
  eden space 87424K,   0% used [0x00000000e0000000, 0x00000000e0000000, 0x00000000e5560000)
  from space 21824K,  33% used [0x00000000e6ab0000, 0x00000000e71c2618, 0x00000000e8000000)
  to   space 21824K,   0% used [0x00000000e5560000, 0x00000000e5560000, 0x00000000e6ab0000)
 concurrent mark-sweep generation total 393216K, used 103688K [0x00000000e8000000, 0x0000000100000000, 0x0000000100000000)
 Metaspace       used 45204K, capacity 45804K, committed 46040K, reserved 1089536K
  class space    used 4947K, capacity 5103K, committed 5136K, reserved 1048576K
}
2016-06-21T18:26:21.575+0100: 1087.947: Total time for which application threads were stopped: 0.0076997 seconds, Stopping threads took: 0.0000288 seconds
{Heap before GC invocations=71 (full 3):
 par new generation   total 109248K, used 94665K [0x00000000e0000000, 0x00000000e8000000, 0x00000000e8000000)
  eden space 87424K, 100% used [0x00000000e0000000, 0x00000000e5560000, 0x00000000e5560000)
  from space 21824K,  33% used [0x00000000e6ab0000, 0x00000000e71c2618, 0x00000000e8000000)
  to   space 21824K,   0% used [0x00000000e5560000, 0x00000000e5560000, 0x00000000e6ab0000)
 concurrent mark-sweep generation total 393216K, used 103688K [0x00000000e8000000, 0x0000000100000000, 0x0000000100000000)
 Metaspace       used 45204K, capacity 45804K, committed 46040K, reserved 1089536K
  class space    used 4947K, capacity 5103K, committed 5136K, reserved 1048576K
2016-06-21T18:26:21.692+0100: 1088.064: [GC (Allocation Failure) 2016-06-21T18:26:21.692+0100: 1088.064: [ParNew
Desired survivor size 20112992 bytes, new threshold 8 (max 8)
- age   1:     938432 bytes,     938432 total
- age   2:     980776 bytes,    1919208 total
- age   3:    5002216 bytes,    6921424 total
: 94665K->10122K(109248K), 0.0068147 secs] 198354K->113811K(502464K), 0.0068806 secs] [Times: user=0.00 sys=0.00, real=0.01 secs] 
Heap after GC invocations=72 (full 3):
 par new generation   total 109248K, used 10122K [0x00000000e0000000, 0x00000000e8000000, 0x00000000e8000000)
  eden space 87424K,   0% used [0x00000000e0000000, 0x00000000e0000000, 0x00000000e5560000)
  from space 21824K,  46% used [0x00000000e5560000, 0x00000000e5f429c0, 0x00000000e6ab0000)
  to   space 21824K,   0% used [0x00000000e6ab0000, 0x00000000e6ab0000, 0x00000000e8000000)
 concurrent mark-sweep generation total 393216K, used 103688K [0x00000000e8000000, 0x0000000100000000, 0x0000000100000000)
 Metaspace       used 45204K, capacity 45804K, committed 46040K, reserved 1089536K
  class space    used 4947K, capacity 5103K, committed 5136K, reserved 1048576K
}
2016-06-21T18:26:21.699+0100: 1088.071: Total time for which application threads were stopped: 0.0070642 seconds, Stopping threads took: 0.0000166 seconds
{Heap before GC invocations=72 (full 3):
 par new generation   total 109248K, used 97546K [0x00000000e0000000, 0x00000000e8000000, 0x00000000e8000000)
  eden space 87424K, 100% used [0x00000000e0000000, 0x00000000e5560000, 0x00000000e5560000)
  from space 21824K,  46% used [0x00000000e5560000, 0x00000000e5f429c0, 0x00000000e6ab0000)
  to   space 21824K,   0% used [0x00000000e6ab0000, 0x00000000e6ab0000, 0x00000000e8000000)
 concurrent mark-sweep generation total 393216K, used 103688K [0x00000000e8000000, 0x0000000100000000, 0x0000000100000000)
 Metaspace       used 45204K, capacity 45804K, committed 46040K, reserved 1089536K
  class space    used 4947K, capacity 5103K, committed 5136K, reserved 1048576K
2016-06-21T18:26:21.825+0100: 1088.197: [GC (Allocation Failure) 2016-06-21T18:26:21.825+0100: 1088.197: [ParNew
Desired survivor size 20112992 bytes, new threshold 8 (max 8)
- age   1:    1066264 bytes,    1066264 total
- age   2:     674944 bytes,    1741208 total
- age   3:     980776 bytes,    2721984 total
- age   4:    4967592 bytes,    7689576 total
: 97546K->9358K(109248K), 0.0069762 secs] 201235K->113047K(502464K), 0.0070468 secs] [Times: user=0.06 sys=0.00, real=0.01 secs] 
Heap after GC invocations=73 (full 3):
 par new generation   total 109248K, used 9358K [0x00000000e0000000, 0x00000000e8000000, 0x00000000e8000000)
  eden space 87424K,   0% used [0x00000000e0000000, 0x00000000e0000000, 0x00000000e5560000)
  from space 21824K,  42% used [0x00000000e6ab0000, 0x00000000e73d3ae0, 0x00000000e8000000)
  to   space 21824K,   0% used [0x00000000e5560000, 0x00000000e5560000, 0x00000000e6ab0000)
 concurrent mark-sweep generation total 393216K, used 103688K [0x00000000e8000000, 0x0000000100000000, 0x0000000100000000)
 Metaspace       used 45204K, capacity 45804K, committed 46040K, reserved 1089536K
  class space    used 4947K, capacity 5103K, committed 5136K, reserved 1048576K
}
2016-06-21T18:26:21.832+0100: 1088.204: Total time for which application threads were stopped: 0.0072679 seconds, Stopping threads took: 0.0000201 seconds
{Heap before GC invocations=73 (full 3):
 par new generation   total 109248K, used 96782K [0x00000000e0000000, 0x00000000e8000000, 0x00000000e8000000)
  eden space 87424K, 100% used [0x00000000e0000000, 0x00000000e5560000, 0x00000000e5560000)
  from space 21824K,  42% used [0x00000000e6ab0000, 0x00000000e73d3ae0, 0x00000000e8000000)
  to   space 21824K,   0% used [0x00000000e5560000, 0x00000000e5560000, 0x00000000e6ab0000)
 concurrent mark-sweep generation total 393216K, used 103688K [0x00000000e8000000, 0x0000000100000000, 0x0000000100000000)
 Metaspace       used 45204K, capacity 45804K, committed 46040K, reserved 1089536K
  class space    used 4947K, capacity 5103K, committed 5136K, reserved 1048576K
2016-06-21T18:26:21.981+0100: 1088.352: [GC (Allocation Failure) 2016-06-21T18:26:21.981+0100: 1088.352: [ParNew
Desired survivor size 20112992 bytes, new threshold 8 (max 8)
- age   1:    2547824 bytes,    2547824 total
- age   2:     662280 bytes,    3210104 total
- age   3:     674944 bytes,    3885048 total
- age   4:     259864 bytes,    4144912 total
- age   5:    4980360 bytes,    9125272 total
: 96782K->10736K(109248K), 0.0071546 secs] 200471K->114425K(502464K), 0.0072474 secs] [Times: user=0.06 sys=0.00, real=0.01 secs] 
Heap after GC invocations=74 (full 3):
 par new generation   total 109248K, used 10736K [0x00000000e0000000, 0x00000000e8000000, 0x00000000e8000000)
  eden space 87424K,   0% used [0x00000000e0000000, 0x00000000e0000000, 0x00000000e5560000)
  from space 21824K,  49% used [0x00000000e5560000, 0x00000000e5fdc1b0, 0x00000000e6ab0000)
  to   space 21824K,   0% used [0x00000000e6ab0000, 0x00000000e6ab0000, 0x00000000e8000000)
 concurrent mark-sweep generation total 393216K, used 103688K [0x00000000e8000000, 0x0000000100000000, 0x0000000100000000)
 Metaspace       used 45204K, capacity 45804K, committed 46040K, reserved 1089536K
  class space    used 4947K, capacity 5103K, committed 5136K, reserved 1048576K
}
2016-06-21T18:26:21.988+0100: 1088.360: Total time for which application threads were stopped: 0.0075055 seconds, Stopping threads took: 0.0000253 seconds
{Heap before GC invocations=74 (full 3):
 par new generation   total 109248K, used 98160K [0x00000000e0000000, 0x00000000e8000000, 0x00000000e8000000)
  eden space 87424K, 100% used [0x00000000e0000000, 0x00000000e5560000, 0x00000000e5560000)
  from space 21824K,  49% used [0x00000000e5560000, 0x00000000e5fdc1b0, 0x00000000e6ab0000)
  to   space 21824K,   0% used [0x00000000e6ab0000, 0x00000000e6ab0000, 0x00000000e8000000)
 concurrent mark-sweep generation total 393216K, used 103688K [0x00000000e8000000, 0x0000000100000000, 0x0000000100000000)
 Metaspace       used 45204K, capacity 45804K, committed 46040K, reserved 1089536K
  class space    used 4947K, capacity 5103K, committed 5136K, reserved 1048576K
2016-06-21T18:26:22.120+0100: 1088.492: [GC (Allocation Failure) 2016-06-21T18:26:22.120+0100: 1088.492: [ParNew
Desired survivor size 20112992 bytes, new threshold 8 (max 8)
- age   1:    1173616 bytes,    1173616 total
- age   2:    2218432 bytes,    3392048 total
- age   3:     662280 bytes,    4054328 total
- age   4:     691344 bytes,    4745672 total
- age   5:     259864 bytes,    5005536 total
- age   6:    4934576 bytes,    9940112 total
: 98160K->11837K(109248K), 0.0075758 secs] 201849K->115526K(502464K), 0.0076646 secs] [Times: user=0.06 sys=0.00, real=0.01 secs] 
Heap after GC invocations=75 (full 3):
 par new generation   total 109248K, used 11837K [0x00000000e0000000, 0x00000000e8000000, 0x00000000e8000000)
  eden space 87424K,   0% used [0x00000000e0000000, 0x00000000e0000000, 0x00000000e5560000)
  from space 21824K,  54% used [0x00000000e6ab0000, 0x00000000e763f550, 0x00000000e8000000)
  to   space 21824K,   0% used [0x00000000e5560000, 0x00000000e5560000, 0x00000000e6ab0000)
 concurrent mark-sweep generation total 393216K, used 103688K [0x00000000e8000000, 0x0000000100000000, 0x0000000100000000)
 Metaspace       used 45204K, capacity 45804K, committed 46040K, reserved 1089536K
  class space    used 4947K, capacity 5103K, committed 5136K, reserved 1048576K
}
2016-06-21T18:26:22.128+0100: 1088.500: Total time for which application threads were stopped: 0.0078936 seconds, Stopping threads took: 0.0000237 seconds
{Heap before GC invocations=75 (full 3):
 par new generation   total 109248K, used 99261K [0x00000000e0000000, 0x00000000e8000000, 0x00000000e8000000)
  eden space 87424K, 100% used [0x00000000e0000000, 0x00000000e5560000, 0x00000000e5560000)
  from space 21824K,  54% used [0x00000000e6ab0000, 0x00000000e763f550, 0x00000000e8000000)
  to   space 21824K,   0% used [0x00000000e5560000, 0x00000000e5560000, 0x00000000e6ab0000)
 concurrent mark-sweep generation total 393216K, used 103688K [0x00000000e8000000, 0x0000000100000000, 0x0000000100000000)
 Metaspace       used 45204K, capacity 45804K, committed 46040K, reserved 1089536K
  class space    used 4947K, capacity 5103K, committed 5136K, reserved 1048576K
2016-06-21T18:26:22.285+0100: 1088.658: [GC (Allocation Failure) 2016-06-21T18:26:22.285+0100: 1088.658: [ParNew
Desired survivor size 20112992 bytes, new threshold 8 (max 8)
- age   1:     885688 bytes,     885688 total
- age   2:     770936 bytes,    1656624 total
- age   3:    2218432 bytes,    3875056 total
- age   4:     662280 bytes,    4537336 total
- age   5:     674944 bytes,    5212280 total
- age   6:     259864 bytes,    5472144 total
- age   7:    4926776 bytes,   10398920 total
: 99261K->13040K(109248K), 0.0077297 secs] 202950K->116728K(502464K), 0.0078036 secs] [Times: user=0.00 sys=0.00, real=0.01 secs] 
Heap after GC invocations=76 (full 3):
 par new generation   total 109248K, used 13040K [0x00000000e0000000, 0x00000000e8000000, 0x00000000e8000000)
  eden space 87424K,   0% used [0x00000000e0000000, 0x00000000e0000000, 0x00000000e5560000)
  from space 21824K,  59% used [0x00000000e5560000, 0x00000000e621c030, 0x00000000e6ab0000)
  to   space 21824K,   0% used [0x00000000e6ab0000, 0x00000000e6ab0000, 0x00000000e8000000)
 concurrent mark-sweep generation total 393216K, used 103688K [0x00000000e8000000, 0x0000000100000000, 0x0000000100000000)
 Metaspace       used 45204K, capacity 45804K, committed 46040K, reserved 1089536K
  class space    used 4947K, capacity 5103K, committed 5136K, reserved 1048576K
}
2016-06-21T18:26:22.294+0100: 1088.665: Total time for which application threads were stopped: 0.0079915 seconds, Stopping threads took: 0.0000201 seconds
{Heap before GC invocations=76 (full 3):
 par new generation   total 109248K, used 100464K [0x00000000e0000000, 0x00000000e8000000, 0x00000000e8000000)
  eden space 87424K, 100% used [0x00000000e0000000, 0x00000000e5560000, 0x00000000e5560000)
  from space 21824K,  59% used [0x00000000e5560000, 0x00000000e621c030, 0x00000000e6ab0000)
  to   space 21824K,   0% used [0x00000000e6ab0000, 0x00000000e6ab0000, 0x00000000e8000000)
 concurrent mark-sweep generation total 393216K, used 103688K [0x00000000e8000000, 0x0000000100000000, 0x0000000100000000)
 Metaspace       used 45204K, capacity 45804K, committed 46040K, reserved 1089536K
  class space    used 4947K, capacity 5103K, committed 5136K, reserved 1048576K
2016-06-21T18:26:22.437+0100: 1088.809: [GC (Allocation Failure) 2016-06-21T18:26:22.437+0100: 1088.809: [ParNew
Desired survivor size 20112992 bytes, new threshold 8 (max 8)
- age   1:    1113128 bytes,    1113128 total
- age   2:     703704 bytes,    1816832 total
- age   3:     770936 bytes,    2587768 total
- age   4:    2218432 bytes,    4806200 total
- age   5:     662280 bytes,    5468480 total
- age   6:     674944 bytes,    6143424 total
- age   7:     259864 bytes,    6403288 total
- age   8:    4952600 bytes,   11355888 total
: 100464K->13871K(109248K), 0.0082623 secs] 204152K->117560K(502464K), 0.0083412 secs] [Times: user=0.00 sys=0.00, real=0.01 secs] 
Heap after GC invocations=77 (full 3):
 par new generation   total 109248K, used 13871K [0x00000000e0000000, 0x00000000e8000000, 0x00000000e8000000)
  eden space 87424K,   0% used [0x00000000e0000000, 0x00000000e0000000, 0x00000000e5560000)
  from space 21824K,  63% used [0x00000000e6ab0000, 0x00000000e783bdb0, 0x00000000e8000000)
  to   space 21824K,   0% used [0x00000000e5560000, 0x00000000e5560000, 0x00000000e6ab0000)
 concurrent mark-sweep generation total 393216K, used 103688K [0x00000000e8000000, 0x0000000100000000, 0x0000000100000000)
 Metaspace       used 45204K, capacity 45804K, committed 46040K, reserved 1089536K
  class space    used 4947K, capacity 5103K, committed 5136K, reserved 1048576K
}
2016-06-21T18:26:22.445+0100: 1088.817: Total time for which application threads were stopped: 0.0085777 seconds, Stopping threads took: 0.0000245 seconds
{Heap before GC invocations=77 (full 3):
 par new generation   total 109248K, used 101295K [0x00000000e0000000, 0x00000000e8000000, 0x00000000e8000000)
  eden space 87424K, 100% used [0x00000000e0000000, 0x00000000e5560000, 0x00000000e5560000)
  from space 21824K,  63% used [0x00000000e6ab0000, 0x00000000e783bdb0, 0x00000000e8000000)
  to   space 21824K,   0% used [0x00000000e5560000, 0x00000000e5560000, 0x00000000e6ab0000)
 concurrent mark-sweep generation total 393216K, used 103688K [0x00000000e8000000, 0x0000000100000000, 0x0000000100000000)
 Metaspace       used 45204K, capacity 45804K, committed 46040K, reserved 1089536K
  class space    used 4947K, capacity 5103K, committed 5136K, reserved 1048576K
2016-06-21T18:26:22.589+0100: 1088.960: [GC (Allocation Failure) 2016-06-21T18:26:22.589+0100: 1088.960: [ParNew
Desired survivor size 20112992 bytes, new threshold 8 (max 8)
- age   1:     964792 bytes,     964792 total
- age   2:     693336 bytes,    1658128 total
- age   3:     703704 bytes,    2361832 total
- age   4:     770936 bytes,    3132768 total
- age   5:    2218432 bytes,    5351200 total
- age   6:     662280 bytes,    6013480 total
- age   7:     674944 bytes,    6688424 total
- age   8:     259864 bytes,    6948288 total
: 101295K->9396K(109248K), 0.0127641 secs] 204984K->117644K(502464K), 0.0128257 secs] [Times: user=0.06 sys=0.00, real=0.01 secs] 
Heap after GC invocations=78 (full 3):
 par new generation   total 109248K, used 9396K [0x00000000e0000000, 0x00000000e8000000, 0x00000000e8000000)
  eden space 87424K,   0% used [0x00000000e0000000, 0x00000000e0000000, 0x00000000e5560000)
  from space 21824K,  43% used [0x00000000e5560000, 0x00000000e5e8d118, 0x00000000e6ab0000)
  to   space 21824K,   0% used [0x00000000e6ab0000, 0x00000000e6ab0000, 0x00000000e8000000)
 concurrent mark-sweep generation total 393216K, used 108247K [0x00000000e8000000, 0x0000000100000000, 0x0000000100000000)
 Metaspace       used 45204K, capacity 45804K, committed 46040K, reserved 1089536K
  class space    used 4947K, capacity 5103K, committed 5136K, reserved 1048576K
}
2016-06-21T18:26:22.601+0100: 1088.973: Total time for which application threads were stopped: 0.0130144 seconds, Stopping threads took: 0.0000217 seconds
{Heap before GC invocations=78 (full 3):
 par new generation   total 109248K, used 96820K [0x00000000e0000000, 0x00000000e8000000, 0x00000000e8000000)
  eden space 87424K, 100% used [0x00000000e0000000, 0x00000000e5560000, 0x00000000e5560000)
  from space 21824K,  43% used [0x00000000e5560000, 0x00000000e5e8d118, 0x00000000e6ab0000)
  to   space 21824K,   0% used [0x00000000e6ab0000, 0x00000000e6ab0000, 0x00000000e8000000)
 concurrent mark-sweep generation total 393216K, used 108247K [0x00000000e8000000, 0x0000000100000000, 0x0000000100000000)
 Metaspace       used 45204K, capacity 45804K, committed 46040K, reserved 1089536K
  class space    used 4947K, capacity 5103K, committed 5136K, reserved 1048576K
2016-06-21T18:26:22.735+0100: 1089.107: [GC (Allocation Failure) 2016-06-21T18:26:22.735+0100: 1089.107: [ParNew
Desired survivor size 20112992 bytes, new threshold 8 (max 8)
- age   1:    3853080 bytes,    3853080 total
- age   2:     607672 bytes,    4460752 total
- age   3:     709736 bytes,    5170488 total
- age   4:     703704 bytes,    5874192 total
- age   5:     770936 bytes,    6645128 total
- age   6:     776624 bytes,    7421752 total
- age   7:     662280 bytes,    8084032 total
- age   8:     674944 bytes,    8758976 total
: 96820K->9920K(109248K), 0.0047809 secs] 205068K->118423K(502464K), 0.0048354 secs] [Times: user=0.00 sys=0.00, real=0.01 secs] 
Heap after GC invocations=79 (full 3):
 par new generation   total 109248K, used 9920K [0x00000000e0000000, 0x00000000e8000000, 0x00000000e8000000)
  eden space 87424K,   0% used [0x00000000e0000000, 0x00000000e0000000, 0x00000000e5560000)
  from space 21824K,  45% used [0x00000000e6ab0000, 0x00000000e7460388, 0x00000000e8000000)
  to   space 21824K,   0% used [0x00000000e5560000, 0x00000000e5560000, 0x00000000e6ab0000)
 concurrent mark-sweep generation total 393216K, used 108502K [0x00000000e8000000, 0x0000000100000000, 0x0000000100000000)
 Metaspace       used 45204K, capacity 45804K, committed 46040K, reserved 1089536K
  class space    used 4947K, capacity 5103K, committed 5136K, reserved 1048576K
}
2016-06-21T18:26:22.740+0100: 1089.112: Total time for which application threads were stopped: 0.0050249 seconds, Stopping threads took: 0.0000201 seconds
{Heap before GC invocations=79 (full 3):
 par new generation   total 109248K, used 97344K [0x00000000e0000000, 0x00000000e8000000, 0x00000000e8000000)
  eden space 87424K, 100% used [0x00000000e0000000, 0x00000000e5560000, 0x00000000e5560000)
  from space 21824K,  45% used [0x00000000e6ab0000, 0x00000000e7460388, 0x00000000e8000000)
  to   space 21824K,   0% used [0x00000000e5560000, 0x00000000e5560000, 0x00000000e6ab0000)
 concurrent mark-sweep generation total 393216K, used 108502K [0x00000000e8000000, 0x0000000100000000, 0x0000000100000000)
 Metaspace       used 45204K, capacity 45804K, committed 46040K, reserved 1089536K
  class space    used 4947K, capacity 5103K, committed 5136K, reserved 1048576K
2016-06-21T18:26:22.871+0100: 1089.243: [GC (Allocation Failure) 2016-06-21T18:26:22.871+0100: 1089.243: [ParNew
Desired survivor size 20112992 bytes, new threshold 8 (max 8)
- age   1:     884200 bytes,     884200 total
- age   2:    3578648 bytes,    4462848 total
- age   3:     607672 bytes,    5070520 total
- age   4:     693336 bytes,    5763856 total
- age   5:     703704 bytes,    6467560 total
- age   6:     770936 bytes,    7238496 total
- age   7:     776624 bytes,    8015120 total
- age   8:     662280 bytes,    8677400 total
: 97344K->10437K(109248K), 0.0046767 secs] 205847K->119599K(502464K), 0.0047497 secs] [Times: user=0.06 sys=0.00, real=0.00 secs] 
Heap after GC invocations=80 (full 3):
 par new generation   total 109248K, used 10437K [0x00000000e0000000, 0x00000000e8000000, 0x00000000e8000000)
  eden space 87424K,   0% used [0x00000000e0000000, 0x00000000e0000000, 0x00000000e5560000)
  from space 21824K,  47% used [0x00000000e5560000, 0x00000000e5f91460, 0x00000000e6ab0000)
  to   space 21824K,   0% used [0x00000000e6ab0000, 0x00000000e6ab0000, 0x00000000e8000000)
 concurrent mark-sweep generation total 393216K, used 109162K [0x00000000e8000000, 0x0000000100000000, 0x0000000100000000)
 Metaspace       used 45204K, capacity 45804K, committed 46040K, reserved 1089536K
  class space    used 4947K, capacity 5103K, committed 5136K, reserved 1048576K
}
2016-06-21T18:26:22.876+0100: 1089.247: Total time for which application threads were stopped: 0.0049483 seconds, Stopping threads took: 0.0000217 seconds
2016-06-21T18:26:23.876+0100: 1090.248: Total time for which application threads were stopped: 0.0000857 seconds, Stopping threads took: 0.0000205 seconds
{Heap before GC invocations=80 (full 3):
 par new generation   total 109248K, used 97861K [0x00000000e0000000, 0x00000000e8000000, 0x00000000e8000000)
  eden space 87424K, 100% used [0x00000000e0000000, 0x00000000e5560000, 0x00000000e5560000)
  from space 21824K,  47% used [0x00000000e5560000, 0x00000000e5f91460, 0x00000000e6ab0000)
  to   space 21824K,   0% used [0x00000000e6ab0000, 0x00000000e6ab0000, 0x00000000e8000000)
 concurrent mark-sweep generation total 393216K, used 109162K [0x00000000e8000000, 0x0000000100000000, 0x0000000100000000)
 Metaspace       used 45209K, capacity 45804K, committed 46040K, reserved 1089536K
  class space    used 4947K, capacity 5103K, committed 5136K, reserved 1048576K
2016-06-21T18:26:24.836+0100: 1091.208: [GC (Allocation Failure) 2016-06-21T18:26:24.836+0100: 1091.208: [ParNew
Desired survivor size 20112992 bytes, new threshold 8 (max 8)
- age   1:   11300008 bytes,   11300008 total
- age   2:     343464 bytes,   11643472 total
- age   3:    3201488 bytes,   14844960 total
- age   4:     312472 bytes,   15157432 total
- age   5:     332536 bytes,   15489968 total
- age   6:     326504 bytes,   15816472 total
- age   7:     295336 bytes,   16111808 total
- age   8:     366624 bytes,   16478432 total
: 97861K->16591K(109248K), 0.0068885 secs] 207023K->126082K(502464K), 0.0069726 secs] [Times: user=0.02 sys=0.00, real=0.01 secs] 
Heap after GC invocations=81 (full 3):
 par new generation   total 109248K, used 16591K [0x00000000e0000000, 0x00000000e8000000, 0x00000000e8000000)
  eden space 87424K,   0% used [0x00000000e0000000, 0x00000000e0000000, 0x00000000e5560000)
  from space 21824K,  76% used [0x00000000e6ab0000, 0x00000000e7ae3f90, 0x00000000e8000000)
  to   space 21824K,   0% used [0x00000000e5560000, 0x00000000e5560000, 0x00000000e6ab0000)
 concurrent mark-sweep generation total 393216K, used 109490K [0x00000000e8000000, 0x0000000100000000, 0x0000000100000000)
 Metaspace       used 45209K, capacity 45804K, committed 46040K, reserved 1089536K
  class space    used 4947K, capacity 5103K, committed 5136K, reserved 1048576K
}
2016-06-21T18:26:24.843+0100: 1091.215: Total time for which application threads were stopped: 0.0072264 seconds, Stopping threads took: 0.0000261 seconds
2016-06-21T18:26:25.843+0100: 1092.215: Total time for which application threads were stopped: 0.0001018 seconds, Stopping threads took: 0.0000304 seconds
2016-06-21T18:28:05.896+0100: 1192.268: Total time for which application threads were stopped: 0.0001271 seconds, Stopping threads took: 0.0000351 seconds
2016-06-21T18:28:31.889+0100: 1218.261: Total time for which application threads were stopped: 0.0001330 seconds, Stopping threads took: 0.0000308 seconds
2016-06-21T18:28:32.890+0100: 1219.261: Total time for which application threads were stopped: 0.0001054 seconds, Stopping threads took: 0.0000288 seconds
2016-06-21T18:28:39.912+0100: 1226.284: Total time for which application threads were stopped: 0.0000920 seconds, Stopping threads took: 0.0000261 seconds
2016-06-21T18:31:48.674+0100: 1415.046: Total time for which application threads were stopped: 0.0016173 seconds, Stopping threads took: 0.0000264 seconds
2016-06-21T18:31:48.676+0100: 1415.048: Total time for which application threads were stopped: 0.0006964 seconds, Stopping threads took: 0.0000201 seconds
2016-06-21T18:31:48.685+0100: 1415.057: Total time for which application threads were stopped: 0.0007737 seconds, Stopping threads took: 0.0000221 seconds
2016-06-21T18:31:48.725+0100: 1415.097: Total time for which application threads were stopped: 0.0001133 seconds, Stopping threads took: 0.0000193 seconds
Heap
 par new generation   total 109248K, used 64316K [0x00000000e0000000, 0x00000000e8000000, 0x00000000e8000000)
  eden space 87424K,  54% used [0x00000000e0000000, 0x00000000e2e9b3a0, 0x00000000e5560000)
  from space 21824K,  76% used [0x00000000e6ab0000, 0x00000000e7ae3f90, 0x00000000e8000000)
  to   space 21824K,   0% used [0x00000000e5560000, 0x00000000e5560000, 0x00000000e6ab0000)
 concurrent mark-sweep generation total 393216K, used 109490K [0x00000000e8000000, 0x0000000100000000, 0x0000000100000000)
 Metaspace       used 45431K, capacity 45966K, committed 46168K, reserved 1089536K
  class space    used 4977K, capacity 5136K, committed 5264K, reserved 1048576K
