Java HotSpot(TM) 64-Bit Server VM (25.73-b02) for windows-amd64 JRE (1.8.0_73-b02), built on Jan 29 2016 17:38:49 by "java_re" with MS VC++ 10.0 (VS2010)
Memory: 4k page, physical 8269212k(3801552k free), swap 9579932k(4003936k free)
CommandLine flags: -XX:CMSInitiatingOccupancyFraction=50 -XX:CMSMaxAbortablePrecleanTime=6000 -XX:+CMSParallelRemarkEnabled -XX:+CMSScavengeBeforeRemark -XX:ConcGCThreads=4 -XX:InitialHeapSize=536870912 -XX:MaxHeapSize=536870912 -XX:MaxTenuringThreshold=8 -XX:NewRatio=3 -XX:OldPLABSize=16 -XX:ParallelGCThreads=4 -XX:+ParallelRefProcEnabled -XX:PretenureSizeThreshold=67108864 -XX:+PrintGC -XX:+PrintGCApplicationStoppedTime -XX:+PrintGCDateStamps -XX:+PrintGCDetails -XX:+PrintGCTimeStamps -XX:+PrintHeapAtGC -XX:+PrintTenuringDistribution -XX:SurvivorRatio=4 -XX:TargetSurvivorRatio=90 -XX:ThreadStackSize=256 -XX:+UseCMSInitiatingOccupancyOnly -XX:+UseCompressedClassPointers -XX:+UseCompressedOops -XX:+UseConcMarkSweepGC -XX:-UseLargePagesIndividualAllocation -XX:+UseParNewGC 
2016-06-20T13:47:28.598+0100: 1.157: Total time for which application threads were stopped: 0.0326172 seconds, Stopping threads took: 0.0000257 seconds
2016-06-20T13:47:28.852+0100: 1.412: Total time for which application threads were stopped: 0.0001216 seconds, Stopping threads took: 0.0000150 seconds
2016-06-20T13:47:28.999+0100: 1.558: Total time for which application threads were stopped: 0.0001168 seconds, Stopping threads took: 0.0000138 seconds
2016-06-20T13:47:29.052+0100: 1.616: Total time for which application threads were stopped: 0.0001433 seconds, Stopping threads took: 0.0000257 seconds
2016-06-20T13:47:29.068+0100: 1.626: Total time for which application threads were stopped: 0.0001299 seconds, Stopping threads took: 0.0000162 seconds
{Heap before GC invocations=0 (full 0):
 par new generation   total 109248K, used 87424K [0x00000000e0000000, 0x00000000e8000000, 0x00000000e8000000)
  eden space 87424K, 100% used [0x00000000e0000000, 0x00000000e5560000, 0x00000000e5560000)
  from space 21824K,   0% used [0x00000000e5560000, 0x00000000e5560000, 0x00000000e6ab0000)
  to   space 21824K,   0% used [0x00000000e6ab0000, 0x00000000e6ab0000, 0x00000000e8000000)
 concurrent mark-sweep generation total 393216K, used 0K [0x00000000e8000000, 0x0000000100000000, 0x0000000100000000)
 Metaspace       used 10089K, capacity 10268K, committed 10496K, reserved 1058816K
  class space    used 1165K, capacity 1208K, committed 1280K, reserved 1048576K
2016-06-20T13:47:29.369+0100: 1.936: [GC (Allocation Failure) 2016-06-20T13:47:29.369+0100: 1.936: [ParNew
Desired survivor size 20112992 bytes, new threshold 8 (max 8)
- age   1:    5791448 bytes,    5791448 total
: 87424K->5729K(109248K), 0.0058479 secs] 87424K->5729K(502464K), 0.0060256 secs] [Times: user=0.03 sys=0.00, real=0.02 secs] 
Heap after GC invocations=1 (full 0):
 par new generation   total 109248K, used 5729K [0x00000000e0000000, 0x00000000e8000000, 0x00000000e8000000)
  eden space 87424K,   0% used [0x00000000e0000000, 0x00000000e0000000, 0x00000000e5560000)
  from space 21824K,  26% used [0x00000000e6ab0000, 0x00000000e70486a0, 0x00000000e8000000)
  to   space 21824K,   0% used [0x00000000e5560000, 0x00000000e5560000, 0x00000000e6ab0000)
 concurrent mark-sweep generation total 393216K, used 0K [0x00000000e8000000, 0x0000000100000000, 0x0000000100000000)
 Metaspace       used 10089K, capacity 10268K, committed 10496K, reserved 1058816K
  class space    used 1165K, capacity 1208K, committed 1280K, reserved 1048576K
}
2016-06-20T13:47:29.384+0100: 1.942: Total time for which application threads were stopped: 0.0062060 seconds, Stopping threads took: 0.0000170 seconds
2016-06-20T13:47:29.500+0100: 2.054: Total time for which application threads were stopped: 0.0001603 seconds, Stopping threads took: 0.0000162 seconds
2016-06-20T13:47:29.569+0100: 2.131: Total time for which application threads were stopped: 0.0001867 seconds, Stopping threads took: 0.0000174 seconds
2016-06-20T13:47:30.584+0100: 3.136: Total time for which application threads were stopped: 0.0001082 seconds, Stopping threads took: 0.0000292 seconds
2016-06-20T13:47:31.385+0100: 3.942: Total time for which application threads were stopped: 0.0002294 seconds, Stopping threads took: 0.0000320 seconds
2016-06-20T13:47:31.385+0100: 3.944: Total time for which application threads were stopped: 0.0001066 seconds, Stopping threads took: 0.0000130 seconds
2016-06-20T13:47:31.385+0100: 3.947: Total time for which application threads were stopped: 0.0001978 seconds, Stopping threads took: 0.0000221 seconds
2016-06-20T13:47:31.685+0100: 4.237: Total time for which application threads were stopped: 0.0002096 seconds, Stopping threads took: 0.0000174 seconds
2016-06-20T13:47:34.257+0100: 6.810: Total time for which application threads were stopped: 0.0000983 seconds, Stopping threads took: 0.0000197 seconds
2016-06-20T13:47:34.257+0100: 6.817: Total time for which application threads were stopped: 0.0001978 seconds, Stopping threads took: 0.0000182 seconds
2016-06-20T13:47:34.257+0100: 6.819: Total time for which application threads were stopped: 0.0002582 seconds, Stopping threads took: 0.0001686 seconds
2016-06-20T13:47:34.257+0100: 6.819: Total time for which application threads were stopped: 0.0000576 seconds, Stopping threads took: 0.0000280 seconds
2016-06-20T13:47:34.257+0100: 6.821: Total time for which application threads were stopped: 0.0000924 seconds, Stopping threads took: 0.0000174 seconds
2016-06-20T13:47:34.325+0100: 6.880: Total time for which application threads were stopped: 0.0000754 seconds, Stopping threads took: 0.0000193 seconds
2016-06-20T13:47:34.325+0100: 6.881: Total time for which application threads were stopped: 0.0000679 seconds, Stopping threads took: 0.0000162 seconds
2016-06-20T13:47:38.678+0100: 11.235: Total time for which application threads were stopped: 0.0002428 seconds, Stopping threads took: 0.0000596 seconds
2016-06-20T13:47:38.678+0100: 11.236: Total time for which application threads were stopped: 0.0001615 seconds, Stopping threads took: 0.0000414 seconds
2016-06-20T13:47:38.694+0100: 11.250: Total time for which application threads were stopped: 0.0001828 seconds, Stopping threads took: 0.0000608 seconds
2016-06-20T13:47:38.694+0100: 11.251: Total time for which application threads were stopped: 0.0001701 seconds, Stopping threads took: 0.0000513 seconds
2016-06-20T13:47:38.748+0100: 11.311: Total time for which application threads were stopped: 0.0000612 seconds, Stopping threads took: 0.0000193 seconds
2016-06-20T13:47:38.748+0100: 11.311: Total time for which application threads were stopped: 0.0000411 seconds, Stopping threads took: 0.0000122 seconds
2016-06-20T13:47:38.748+0100: 11.314: Total time for which application threads were stopped: 0.0000525 seconds, Stopping threads took: 0.0000178 seconds
2016-06-20T13:47:38.779+0100: 11.331: Total time for which application threads were stopped: 0.0002333 seconds, Stopping threads took: 0.0000268 seconds
2016-06-20T13:47:39.779+0100: 12.331: Total time for which application threads were stopped: 0.0001887 seconds, Stopping threads took: 0.0000659 seconds
2016-06-20T13:47:43.366+0100: 15.929: Total time for which application threads were stopped: 0.0000766 seconds, Stopping threads took: 0.0000249 seconds
2016-06-20T13:47:43.366+0100: 15.929: Total time for which application threads were stopped: 0.0000403 seconds, Stopping threads took: 0.0000107 seconds
2016-06-20T13:47:43.366+0100: 15.929: Total time for which application threads were stopped: 0.0000371 seconds, Stopping threads took: 0.0000083 seconds
2016-06-20T13:47:50.919+0100: 23.471: Total time for which application threads were stopped: 0.0000872 seconds, Stopping threads took: 0.0000276 seconds
2016-06-20T13:47:50.920+0100: 23.471: Total time for which application threads were stopped: 0.0000529 seconds, Stopping threads took: 0.0000189 seconds
2016-06-20T13:47:50.920+0100: 23.471: Total time for which application threads were stopped: 0.0000454 seconds, Stopping threads took: 0.0000166 seconds
2016-06-20T13:47:50.920+0100: 23.472: Total time for which application threads were stopped: 0.0000517 seconds, Stopping threads took: 0.0000205 seconds
2016-06-20T13:47:50.920+0100: 23.472: Total time for which application threads were stopped: 0.0000509 seconds, Stopping threads took: 0.0000225 seconds
2016-06-20T13:47:51.535+0100: 24.086: Total time for which application threads were stopped: 0.0000896 seconds, Stopping threads took: 0.0000375 seconds
2016-06-20T13:47:51.539+0100: 24.091: Total time for which application threads were stopped: 0.0000801 seconds, Stopping threads took: 0.0000249 seconds
2016-06-20T13:47:51.540+0100: 24.091: Total time for which application threads were stopped: 0.0000466 seconds, Stopping threads took: 0.0000146 seconds
2016-06-20T13:47:51.566+0100: 24.118: Total time for which application threads were stopped: 0.0001022 seconds, Stopping threads took: 0.0000399 seconds
2016-06-20T13:47:51.673+0100: 24.225: Total time for which application threads were stopped: 0.0002641 seconds, Stopping threads took: 0.0001855 seconds
2016-06-20T13:47:51.679+0100: 24.232: Total time for which application threads were stopped: 0.0000797 seconds, Stopping threads took: 0.0000268 seconds
2016-06-20T13:47:51.694+0100: 24.246: Total time for which application threads were stopped: 0.0000943 seconds, Stopping threads took: 0.0000261 seconds
2016-06-20T13:47:51.694+0100: 24.246: Total time for which application threads were stopped: 0.0000375 seconds, Stopping threads took: 0.0000103 seconds
2016-06-20T13:47:51.695+0100: 24.247: Total time for which application threads were stopped: 0.0000754 seconds, Stopping threads took: 0.0000197 seconds
2016-06-20T13:47:51.716+0100: 24.269: Total time for which application threads were stopped: 0.0000841 seconds, Stopping threads took: 0.0000280 seconds
2016-06-20T13:47:51.716+0100: 24.269: Total time for which application threads were stopped: 0.0000489 seconds, Stopping threads took: 0.0000189 seconds
2016-06-20T13:47:51.720+0100: 24.273: Total time for which application threads were stopped: 0.0000829 seconds, Stopping threads took: 0.0000276 seconds
2016-06-20T13:47:51.743+0100: 24.295: Total time for which application threads were stopped: 0.0000955 seconds, Stopping threads took: 0.0000359 seconds
2016-06-20T13:47:51.752+0100: 24.305: Total time for which application threads were stopped: 0.0000766 seconds, Stopping threads took: 0.0000229 seconds
2016-06-20T13:47:51.753+0100: 24.305: Total time for which application threads were stopped: 0.0000533 seconds, Stopping threads took: 0.0000213 seconds
2016-06-20T13:47:51.753+0100: 24.305: Total time for which application threads were stopped: 0.0000442 seconds, Stopping threads took: 0.0000162 seconds
2016-06-20T13:47:51.754+0100: 24.306: Total time for which application threads were stopped: 0.0000829 seconds, Stopping threads took: 0.0000276 seconds
2016-06-20T13:47:51.771+0100: 24.324: Total time for which application threads were stopped: 0.0001188 seconds, Stopping threads took: 0.0000272 seconds
2016-06-20T13:47:51.806+0100: 24.358: Total time for which application threads were stopped: 0.0000888 seconds, Stopping threads took: 0.0000261 seconds
2016-06-20T13:47:51.806+0100: 24.358: Total time for which application threads were stopped: 0.0000513 seconds, Stopping threads took: 0.0000134 seconds
2016-06-20T13:47:51.832+0100: 24.384: Total time for which application threads were stopped: 0.0001180 seconds, Stopping threads took: 0.0000343 seconds
2016-06-20T13:47:51.911+0100: 24.464: Total time for which application threads were stopped: 0.0000880 seconds, Stopping threads took: 0.0000268 seconds
2016-06-20T13:47:51.911+0100: 24.464: Total time for which application threads were stopped: 0.0001267 seconds, Stopping threads took: 0.0000213 seconds
2016-06-20T13:47:51.912+0100: 24.464: Total time for which application threads were stopped: 0.0000608 seconds, Stopping threads took: 0.0000276 seconds
2016-06-20T13:47:51.912+0100: 24.464: Total time for which application threads were stopped: 0.0000557 seconds, Stopping threads took: 0.0000241 seconds
2016-06-20T13:47:51.912+0100: 24.465: Total time for which application threads were stopped: 0.0000671 seconds, Stopping threads took: 0.0000264 seconds
2016-06-20T13:47:51.913+0100: 24.465: Total time for which application threads were stopped: 0.0000703 seconds, Stopping threads took: 0.0000257 seconds
2016-06-20T13:47:51.913+0100: 24.465: Total time for which application threads were stopped: 0.0000501 seconds, Stopping threads took: 0.0000134 seconds
2016-06-20T13:47:51.914+0100: 24.467: Total time for which application threads were stopped: 0.0000999 seconds, Stopping threads took: 0.0000367 seconds
2016-06-20T13:47:51.914+0100: 24.467: Total time for which application threads were stopped: 0.0000726 seconds, Stopping threads took: 0.0000201 seconds
2016-06-20T13:47:51.914+0100: 24.467: Total time for which application threads were stopped: 0.0000659 seconds, Stopping threads took: 0.0000205 seconds
2016-06-20T13:47:51.914+0100: 24.467: Total time for which application threads were stopped: 0.0000568 seconds, Stopping threads took: 0.0000229 seconds
2016-06-20T13:47:51.915+0100: 24.468: Total time for which application threads were stopped: 0.0000872 seconds, Stopping threads took: 0.0000324 seconds
2016-06-20T13:47:51.916+0100: 24.469: Total time for which application threads were stopped: 0.0000872 seconds, Stopping threads took: 0.0000268 seconds
2016-06-20T13:47:51.958+0100: 24.510: Total time for which application threads were stopped: 0.0000951 seconds, Stopping threads took: 0.0000371 seconds
2016-06-20T13:47:51.958+0100: 24.511: Total time for which application threads were stopped: 0.0000750 seconds, Stopping threads took: 0.0000264 seconds
2016-06-20T13:47:51.959+0100: 24.512: Total time for which application threads were stopped: 0.0000734 seconds, Stopping threads took: 0.0000324 seconds
2016-06-20T13:47:51.960+0100: 24.512: Total time for which application threads were stopped: 0.0000782 seconds, Stopping threads took: 0.0000245 seconds
2016-06-20T13:47:51.960+0100: 24.512: Total time for which application threads were stopped: 0.0000568 seconds, Stopping threads took: 0.0000189 seconds
2016-06-20T13:47:51.960+0100: 24.512: Total time for which application threads were stopped: 0.0000521 seconds, Stopping threads took: 0.0000182 seconds
2016-06-20T13:47:51.961+0100: 24.513: Total time for which application threads were stopped: 0.0000643 seconds, Stopping threads took: 0.0000272 seconds
2016-06-20T13:47:51.961+0100: 24.513: Total time for which application threads were stopped: 0.0000580 seconds, Stopping threads took: 0.0000193 seconds
2016-06-20T13:47:52.143+0100: 24.695: Total time for which application threads were stopped: 0.0001804 seconds, Stopping threads took: 0.0000253 seconds
2016-06-20T13:47:52.247+0100: 24.799: Total time for which application threads were stopped: 0.0001074 seconds, Stopping threads took: 0.0000268 seconds
2016-06-20T13:47:52.247+0100: 24.799: Total time for which application threads were stopped: 0.0000671 seconds, Stopping threads took: 0.0000134 seconds
2016-06-20T13:47:52.263+0100: 24.814: Total time for which application threads were stopped: 0.0000880 seconds, Stopping threads took: 0.0000304 seconds
2016-06-20T13:47:52.304+0100: 24.856: Total time for which application threads were stopped: 0.0000880 seconds, Stopping threads took: 0.0000272 seconds
2016-06-20T13:47:52.304+0100: 24.856: Total time for which application threads were stopped: 0.0000466 seconds, Stopping threads took: 0.0000186 seconds
2016-06-20T13:47:52.304+0100: 24.856: Total time for which application threads were stopped: 0.0000399 seconds, Stopping threads took: 0.0000118 seconds
2016-06-20T13:47:52.304+0100: 24.856: Total time for which application threads were stopped: 0.0000438 seconds, Stopping threads took: 0.0000154 seconds
2016-06-20T13:47:52.304+0100: 24.856: Total time for which application threads were stopped: 0.0000572 seconds, Stopping threads took: 0.0000174 seconds
2016-06-20T13:47:52.304+0100: 24.856: Total time for which application threads were stopped: 0.0000466 seconds, Stopping threads took: 0.0000166 seconds
2016-06-20T13:47:52.322+0100: 24.874: Total time for which application threads were stopped: 0.0001034 seconds, Stopping threads took: 0.0000339 seconds
2016-06-20T13:47:52.333+0100: 24.885: Total time for which application threads were stopped: 0.0000940 seconds, Stopping threads took: 0.0000233 seconds
2016-06-20T13:47:52.351+0100: 24.903: Total time for which application threads were stopped: 0.0000793 seconds, Stopping threads took: 0.0000217 seconds
2016-06-20T13:47:52.637+0100: 25.190: Total time for which application threads were stopped: 0.0000872 seconds, Stopping threads took: 0.0000268 seconds
2016-06-20T13:47:52.638+0100: 25.190: Total time for which application threads were stopped: 0.0000841 seconds, Stopping threads took: 0.0000245 seconds
2016-06-20T13:47:52.640+0100: 25.192: Total time for which application threads were stopped: 0.0002219 seconds, Stopping threads took: 0.0000916 seconds
2016-06-20T13:47:52.642+0100: 25.194: Total time for which application threads were stopped: 0.0001540 seconds, Stopping threads took: 0.0000312 seconds
2016-06-20T13:47:52.642+0100: 25.195: Total time for which application threads were stopped: 0.0001038 seconds, Stopping threads took: 0.0000288 seconds
2016-06-20T13:47:52.642+0100: 25.195: Total time for which application threads were stopped: 0.0000699 seconds, Stopping threads took: 0.0000162 seconds
2016-06-20T13:47:52.643+0100: 25.195: Total time for which application threads were stopped: 0.0000782 seconds, Stopping threads took: 0.0000332 seconds
2016-06-20T13:47:52.658+0100: 25.211: Total time for which application threads were stopped: 0.0001113 seconds, Stopping threads took: 0.0000328 seconds
2016-06-20T13:47:52.661+0100: 25.213: Total time for which application threads were stopped: 0.0001220 seconds, Stopping threads took: 0.0000600 seconds
2016-06-20T13:47:52.663+0100: 25.215: Total time for which application threads were stopped: 0.0001200 seconds, Stopping threads took: 0.0000336 seconds
2016-06-20T13:47:52.819+0100: 25.371: Total time for which application threads were stopped: 0.0000774 seconds, Stopping threads took: 0.0000182 seconds
2016-06-20T13:47:52.901+0100: 25.454: Total time for which application threads were stopped: 0.0000628 seconds, Stopping threads took: 0.0000193 seconds
2016-06-20T13:47:52.901+0100: 25.454: Total time for which application threads were stopped: 0.0000588 seconds, Stopping threads took: 0.0000205 seconds
2016-06-20T13:47:52.902+0100: 25.454: Total time for which application threads were stopped: 0.0000454 seconds, Stopping threads took: 0.0000150 seconds
2016-06-20T13:47:52.902+0100: 25.454: Total time for which application threads were stopped: 0.0000442 seconds, Stopping threads took: 0.0000142 seconds
2016-06-20T13:47:52.902+0100: 25.454: Total time for which application threads were stopped: 0.0000395 seconds, Stopping threads took: 0.0000118 seconds
2016-06-20T13:47:52.902+0100: 25.455: Total time for which application threads were stopped: 0.0000391 seconds, Stopping threads took: 0.0000134 seconds
2016-06-20T13:47:52.902+0100: 25.455: Total time for which application threads were stopped: 0.0000399 seconds, Stopping threads took: 0.0000114 seconds
2016-06-20T13:47:52.903+0100: 25.455: Total time for which application threads were stopped: 0.0000458 seconds, Stopping threads took: 0.0000138 seconds
2016-06-20T13:47:52.903+0100: 25.455: Total time for which application threads were stopped: 0.0000383 seconds, Stopping threads took: 0.0000111 seconds
2016-06-20T13:47:52.903+0100: 25.455: Total time for which application threads were stopped: 0.0000375 seconds, Stopping threads took: 0.0000162 seconds
2016-06-20T13:47:52.903+0100: 25.455: Total time for which application threads were stopped: 0.0000347 seconds, Stopping threads took: 0.0000138 seconds
2016-06-20T13:47:52.903+0100: 25.455: Total time for which application threads were stopped: 0.0000312 seconds, Stopping threads took: 0.0000103 seconds
2016-06-20T13:47:52.903+0100: 25.455: Total time for which application threads were stopped: 0.0000316 seconds, Stopping threads took: 0.0000107 seconds
2016-06-20T13:47:52.961+0100: 25.514: Total time for which application threads were stopped: 0.0001761 seconds, Stopping threads took: 0.0000245 seconds
2016-06-20T13:47:53.973+0100: 26.525: Total time for which application threads were stopped: 0.0001105 seconds, Stopping threads took: 0.0000280 seconds
2016-06-20T13:47:57.979+0100: 30.530: Total time for which application threads were stopped: 0.0000916 seconds, Stopping threads took: 0.0000257 seconds
2016-06-20T13:47:59.983+0100: 32.535: Total time for which application threads were stopped: 0.0000837 seconds, Stopping threads took: 0.0000261 seconds
2016-06-20T13:48:34.474+0100: 67.026: Total time for which application threads were stopped: 0.0000636 seconds, Stopping threads took: 0.0000245 seconds
2016-06-20T13:48:34.573+0100: 67.124: Total time for which application threads were stopped: 0.0007267 seconds, Stopping threads took: 0.0000553 seconds
{Heap before GC invocations=1 (full 0):
 par new generation   total 109248K, used 93153K [0x00000000e0000000, 0x00000000e8000000, 0x00000000e8000000)
  eden space 87424K, 100% used [0x00000000e0000000, 0x00000000e5560000, 0x00000000e5560000)
  from space 21824K,  26% used [0x00000000e6ab0000, 0x00000000e70486a0, 0x00000000e8000000)
  to   space 21824K,   0% used [0x00000000e5560000, 0x00000000e5560000, 0x00000000e6ab0000)
 concurrent mark-sweep generation total 393216K, used 0K [0x00000000e8000000, 0x0000000100000000, 0x0000000100000000)
 Metaspace       used 19701K, capacity 19900K, committed 20096K, reserved 1067008K
  class space    used 2323K, capacity 2391K, committed 2432K, reserved 1048576K
2016-06-20T13:48:34.922+0100: 67.485: [GC (Allocation Failure) 2016-06-20T13:48:34.922+0100: 67.485: [ParNew
Desired survivor size 20112992 bytes, new threshold 8 (max 8)
- age   1:    8570480 bytes,    8570480 total
- age   2:    2573864 bytes,   11144344 total
: 93153K->12367K(109248K), 0.0102341 secs] 93153K->12367K(502464K), 0.0103063 secs] [Times: user=0.06 sys=0.00, real=0.02 secs] 
Heap after GC invocations=2 (full 0):
 par new generation   total 109248K, used 12367K [0x00000000e0000000, 0x00000000e8000000, 0x00000000e8000000)
  eden space 87424K,   0% used [0x00000000e0000000, 0x00000000e0000000, 0x00000000e5560000)
  from space 21824K,  56% used [0x00000000e5560000, 0x00000000e6173eb0, 0x00000000e6ab0000)
  to   space 21824K,   0% used [0x00000000e6ab0000, 0x00000000e6ab0000, 0x00000000e8000000)
 concurrent mark-sweep generation total 393216K, used 0K [0x00000000e8000000, 0x0000000100000000, 0x0000000100000000)
 Metaspace       used 19701K, capacity 19900K, committed 20096K, reserved 1067008K
  class space    used 2323K, capacity 2391K, committed 2432K, reserved 1048576K
}
2016-06-20T13:48:34.938+0100: 67.495: Total time for which application threads were stopped: 0.0105270 seconds, Stopping threads took: 0.0000178 seconds
2016-06-20T13:48:34.938+0100: 67.498: Total time for which application threads were stopped: 0.0001567 seconds, Stopping threads took: 0.0000391 seconds
2016-06-20T13:48:34.938+0100: 67.499: Total time for which application threads were stopped: 0.0001090 seconds, Stopping threads took: 0.0000284 seconds
2016-06-20T13:48:35.008+0100: 67.560: Total time for which application threads were stopped: 0.0000979 seconds, Stopping threads took: 0.0000264 seconds
2016-06-20T13:48:35.023+0100: 67.589: Total time for which application threads were stopped: 0.0000790 seconds, Stopping threads took: 0.0000229 seconds
2016-06-20T13:48:35.113+0100: 67.665: Total time for which application threads were stopped: 0.0002898 seconds, Stopping threads took: 0.0000241 seconds
2016-06-20T13:48:35.135+0100: 67.688: Total time for which application threads were stopped: 0.0000849 seconds, Stopping threads took: 0.0000178 seconds
2016-06-20T13:48:35.221+0100: 67.781: Total time for which application threads were stopped: 0.0001011 seconds, Stopping threads took: 0.0000178 seconds
2016-06-20T13:48:35.270+0100: 67.822: Total time for which application threads were stopped: 0.0000825 seconds, Stopping threads took: 0.0000221 seconds
2016-06-20T13:48:35.328+0100: 67.880: Total time for which application threads were stopped: 0.0001145 seconds, Stopping threads took: 0.0000336 seconds
2016-06-20T13:48:35.343+0100: 67.895: Total time for which application threads were stopped: 0.0000718 seconds, Stopping threads took: 0.0000241 seconds
2016-06-20T13:48:35.356+0100: 67.917: Total time for which application threads were stopped: 0.0000782 seconds, Stopping threads took: 0.0000253 seconds
2016-06-20T13:48:35.401+0100: 67.953: Total time for which application threads were stopped: 0.0000786 seconds, Stopping threads took: 0.0000261 seconds
2016-06-20T13:48:35.489+0100: 68.045: Total time for which application threads were stopped: 0.0001255 seconds, Stopping threads took: 0.0000604 seconds
2016-06-20T13:48:35.489+0100: 68.046: Total time for which application threads were stopped: 0.0001129 seconds, Stopping threads took: 0.0000146 seconds
2016-06-20T13:48:35.489+0100: 68.049: Total time for which application threads were stopped: 0.0000762 seconds, Stopping threads took: 0.0000213 seconds
2016-06-20T13:48:35.505+0100: 68.072: Total time for which application threads were stopped: 0.0001070 seconds, Stopping threads took: 0.0000284 seconds
2016-06-20T13:48:35.546+0100: 68.099: Total time for which application threads were stopped: 0.0000715 seconds, Stopping threads took: 0.0000217 seconds
2016-06-20T13:48:35.568+0100: 68.120: Total time for which application threads were stopped: 0.0000805 seconds, Stopping threads took: 0.0000233 seconds
2016-06-20T13:48:35.580+0100: 68.142: Total time for which application threads were stopped: 0.0000908 seconds, Stopping threads took: 0.0000237 seconds
2016-06-20T13:48:35.620+0100: 68.172: Total time for which application threads were stopped: 0.0001433 seconds, Stopping threads took: 0.0000316 seconds
2016-06-20T13:48:35.622+0100: 68.189: Total time for which application threads were stopped: 0.0000920 seconds, Stopping threads took: 0.0000276 seconds
{Heap before GC invocations=2 (full 0):
 par new generation   total 109248K, used 99791K [0x00000000e0000000, 0x00000000e8000000, 0x00000000e8000000)
  eden space 87424K, 100% used [0x00000000e0000000, 0x00000000e5560000, 0x00000000e5560000)
  from space 21824K,  56% used [0x00000000e5560000, 0x00000000e6173eb0, 0x00000000e6ab0000)
  to   space 21824K,   0% used [0x00000000e6ab0000, 0x00000000e6ab0000, 0x00000000e8000000)
 concurrent mark-sweep generation total 393216K, used 0K [0x00000000e8000000, 0x0000000100000000, 0x0000000100000000)
 Metaspace       used 25484K, capacity 25862K, committed 26200K, reserved 1073152K
  class space    used 3082K, capacity 3163K, committed 3168K, reserved 1048576K
2016-06-20T13:48:35.638+0100: 68.196: [GC (Allocation Failure) 2016-06-20T13:48:35.638+0100: 68.196: [ParNew
Desired survivor size 20112992 bytes, new threshold 8 (max 8)
- age   1:    5939984 bytes,    5939984 total
- age   2:    3310296 bytes,    9250280 total
- age   3:    2537608 bytes,   11787888 total
: 99791K->15948K(109248K), 0.0088402 secs] 99791K->15948K(502464K), 0.0089002 secs] [Times: user=0.00 sys=0.00, real=0.00 secs] 
Heap after GC invocations=3 (full 0):
 par new generation   total 109248K, used 15948K [0x00000000e0000000, 0x00000000e8000000, 0x00000000e8000000)
  eden space 87424K,   0% used [0x00000000e0000000, 0x00000000e0000000, 0x00000000e5560000)
  from space 21824K,  73% used [0x00000000e6ab0000, 0x00000000e7a432b8, 0x00000000e8000000)
  to   space 21824K,   0% used [0x00000000e5560000, 0x00000000e5560000, 0x00000000e6ab0000)
 concurrent mark-sweep generation total 393216K, used 0K [0x00000000e8000000, 0x0000000100000000, 0x0000000100000000)
 Metaspace       used 25484K, capacity 25862K, committed 26200K, reserved 1073152K
  class space    used 3082K, capacity 3163K, committed 3168K, reserved 1048576K
}
2016-06-20T13:48:35.638+0100: 68.205: Total time for which application threads were stopped: 0.0091284 seconds, Stopping threads took: 0.0000261 seconds
2016-06-20T13:48:35.654+0100: 68.214: [GC (CMS Initial Mark) [1 CMS-initial-mark: 0K(393216K)] 16955K(502464K), 0.0025975 secs] [Times: user=0.00 sys=0.00, real=0.00 secs] 
2016-06-20T13:48:35.654+0100: 68.217: Total time for which application threads were stopped: 0.0027471 seconds, Stopping threads took: 0.0000497 seconds
2016-06-20T13:48:35.654+0100: 68.217: [CMS-concurrent-mark-start]
2016-06-20T13:48:35.654+0100: 68.217: [CMS-concurrent-mark: 0.000/0.000 secs] [Times: user=0.00 sys=0.00, real=0.00 secs] 
2016-06-20T13:48:35.654+0100: 68.217: [CMS-concurrent-preclean-start]
2016-06-20T13:48:35.654+0100: 68.218: [CMS-concurrent-preclean: 0.001/0.001 secs] [Times: user=0.00 sys=0.00, real=0.00 secs] 
2016-06-20T13:48:35.654+0100: 68.218: [GC (CMS Final Remark) [YG occupancy: 16955 K (109248 K)]2016-06-20T13:48:35.654+0100: 68.218: [Rescan (parallel) , 0.0028920 secs]2016-06-20T13:48:35.654+0100: 68.221: [weak refs processing, 0.0002969 secs]2016-06-20T13:48:35.669+0100: 68.221: [class unloading, 0.0042215 secs]2016-06-20T13:48:35.674+0100: 68.225: [scrub symbol table, 0.0053340 secs]2016-06-20T13:48:35.679+0100: 68.231: [scrub string table, 0.0004374 secs][1 CMS-remark: 0K(393216K)] 16955K(502464K), 0.0139709 secs] [Times: user=0.06 sys=0.02, real=0.03 secs] 
2016-06-20T13:48:35.680+0100: 68.232: Total time for which application threads were stopped: 0.0140739 seconds, Stopping threads took: 0.0000205 seconds
2016-06-20T13:48:35.680+0100: 68.232: [CMS-concurrent-sweep-start]
{Heap before GC invocations=3 (full 1):
 par new generation   total 109248K, used 16955K [0x00000000e0000000, 0x00000000e8000000, 0x00000000e8000000)
  eden space 87424K,   1% used [0x00000000e0000000, 0x00000000e00fb9a0, 0x00000000e5560000)
  from space 21824K,  73% used [0x00000000e6ab0000, 0x00000000e7a432b8, 0x00000000e8000000)
  to   space 21824K,   0% used [0x00000000e5560000, 0x00000000e5560000, 0x00000000e6ab0000)
 concurrent mark-sweep generation total 393216K, used 0K [0x00000000e8000000, 0x0000000100000000, 0x0000000100000000)
 Metaspace       used 25588K, capacity 25958K, committed 26276K, reserved 1073152K
  class space    used 3096K, capacity 3195K, committed 3244K, reserved 1048576K
2016-06-20T13:48:35.680+0100: 68.232: [GC (GCLocker Initiated GC) 2016-06-20T13:48:35.680+0100: 68.232: [ParNew
Desired survivor size 20112992 bytes, new threshold 8 (max 8)
- age   1:     132288 bytes,     132288 total
- age   2:     794608 bytes,     926896 total
- age   3:    3293864 bytes,    4220760 total
- age   4:    2537544 bytes,    6758304 total
: 16955K->11541K(109248K), 0.0066963 secs] 16955K->11541K(502464K), 0.0067468 secs] [Times: user=0.03 sys=0.00, real=0.01 secs] 
Heap after GC invocations=4 (full 1):
 par new generation   total 109248K, used 11541K [0x00000000e0000000, 0x00000000e8000000, 0x00000000e8000000)
  eden space 87424K,   0% used [0x00000000e0000000, 0x00000000e0000000, 0x00000000e5560000)
  from space 21824K,  52% used [0x00000000e5560000, 0x00000000e60a5618, 0x00000000e6ab0000)
  to   space 21824K,   0% used [0x00000000e6ab0000, 0x00000000e6ab0000, 0x00000000e8000000)
 concurrent mark-sweep generation total 393216K, used 0K [0x00000000e8000000, 0x0000000100000000, 0x0000000100000000)
 Metaspace       used 25588K, capacity 25958K, committed 26276K, reserved 1073152K
  class space    used 3096K, capacity 3195K, committed 3244K, reserved 1048576K
}
2016-06-20T13:48:35.686+0100: 68.239: Total time for which application threads were stopped: 0.0068858 seconds, Stopping threads took: 0.0000114 seconds
2016-06-20T13:48:35.686+0100: 68.239: [CMS-concurrent-sweep: 0.007/0.007 secs] [Times: user=0.03 sys=0.00, real=0.01 secs] 
2016-06-20T13:48:35.686+0100: 68.239: [CMS-concurrent-reset-start]
2016-06-20T13:48:35.688+0100: 68.241: [CMS-concurrent-reset: 0.002/0.002 secs] [Times: user=0.00 sys=0.00, real=0.00 secs] 
2016-06-20T13:48:35.706+0100: 68.259: Total time for which application threads were stopped: 0.0000888 seconds, Stopping threads took: 0.0000292 seconds
2016-06-20T13:48:36.713+0100: 69.265: Total time for which application threads were stopped: 0.0002795 seconds, Stopping threads took: 0.0000951 seconds
2016-06-20T13:48:51.958+0100: 84.510: Total time for which application threads were stopped: 0.0000928 seconds, Stopping threads took: 0.0000268 seconds
2016-06-20T13:48:51.958+0100: 84.510: Total time for which application threads were stopped: 0.0000707 seconds, Stopping threads took: 0.0000229 seconds
2016-06-20T13:48:51.958+0100: 84.511: Total time for which application threads were stopped: 0.0000620 seconds, Stopping threads took: 0.0000197 seconds
2016-06-20T13:48:51.958+0100: 84.511: Total time for which application threads were stopped: 0.0000746 seconds, Stopping threads took: 0.0000272 seconds
2016-06-20T13:48:57.365+0100: 89.924: Total time for which application threads were stopped: 0.0001196 seconds, Stopping threads took: 0.0000576 seconds
2016-06-20T13:48:57.365+0100: 89.925: Total time for which application threads were stopped: 0.0000557 seconds, Stopping threads took: 0.0000201 seconds
2016-06-20T13:48:57.365+0100: 89.926: Total time for which application threads were stopped: 0.0000703 seconds, Stopping threads took: 0.0000174 seconds
2016-06-20T13:48:57.365+0100: 89.926: Total time for which application threads were stopped: 0.0000533 seconds, Stopping threads took: 0.0000213 seconds
2016-06-20T13:48:57.365+0100: 89.927: Total time for which application threads were stopped: 0.0000486 seconds, Stopping threads took: 0.0000209 seconds
2016-06-20T13:48:57.365+0100: 89.928: Total time for which application threads were stopped: 0.0000529 seconds, Stopping threads took: 0.0000146 seconds
2016-06-20T13:48:57.365+0100: 89.929: Total time for which application threads were stopped: 0.0000482 seconds, Stopping threads took: 0.0000130 seconds
2016-06-20T13:48:57.365+0100: 89.929: Total time for which application threads were stopped: 0.0000375 seconds, Stopping threads took: 0.0000095 seconds
2016-06-20T13:48:57.365+0100: 89.929: Total time for which application threads were stopped: 0.0000320 seconds, Stopping threads took: 0.0000063 seconds
2016-06-20T13:48:57.365+0100: 89.930: Total time for which application threads were stopped: 0.0000339 seconds, Stopping threads took: 0.0000055 seconds
2016-06-20T13:48:57.365+0100: 89.930: Total time for which application threads were stopped: 0.0000383 seconds, Stopping threads took: 0.0000095 seconds
2016-06-20T13:48:57.365+0100: 89.930: Total time for which application threads were stopped: 0.0000379 seconds, Stopping threads took: 0.0000087 seconds
2016-06-20T13:48:57.365+0100: 89.930: Total time for which application threads were stopped: 0.0000482 seconds, Stopping threads took: 0.0000107 seconds
2016-06-20T13:48:57.365+0100: 89.930: Total time for which application threads were stopped: 0.0000422 seconds, Stopping threads took: 0.0000095 seconds
2016-06-20T13:48:57.365+0100: 89.931: Total time for which application threads were stopped: 0.0000438 seconds, Stopping threads took: 0.0000201 seconds
2016-06-20T13:48:57.365+0100: 89.931: Total time for which application threads were stopped: 0.0000403 seconds, Stopping threads took: 0.0000170 seconds
2016-06-20T13:48:57.365+0100: 89.931: Total time for which application threads were stopped: 0.0000280 seconds, Stopping threads took: 0.0000067 seconds
2016-06-20T13:48:57.365+0100: 89.931: Total time for which application threads were stopped: 0.0000339 seconds, Stopping threads took: 0.0000083 seconds
2016-06-20T13:48:57.365+0100: 89.932: Total time for which application threads were stopped: 0.0000450 seconds, Stopping threads took: 0.0000201 seconds
2016-06-20T13:48:57.380+0100: 89.933: Total time for which application threads were stopped: 0.0000687 seconds, Stopping threads took: 0.0000205 seconds
Heap
 par new generation   total 109248K, used 23631K [0x00000000e0000000, 0x00000000e8000000, 0x00000000e8000000)
  eden space 87424K,  13% used [0x00000000e0000000, 0x00000000e0bce840, 0x00000000e5560000)
  from space 21824K,  52% used [0x00000000e5560000, 0x00000000e60a5618, 0x00000000e6ab0000)
  to   space 21824K,   0% used [0x00000000e6ab0000, 0x00000000e6ab0000, 0x00000000e8000000)
 concurrent mark-sweep generation total 393216K, used 0K [0x00000000e8000000, 0x0000000100000000, 0x0000000100000000)
 Metaspace       used 25851K, capacity 26220K, committed 26660K, reserved 1073152K
  class space    used 3140K, capacity 3265K, committed 3372K, reserved 1048576K
