Java HotSpot(TM) 64-Bit Server VM (25.73-b02) for windows-amd64 JRE (1.8.0_73-b02), built on Jan 29 2016 17:38:49 by "java_re" with MS VC++ 10.0 (VS2010)
Memory: 4k page, physical 4027256k(903092k free), swap 8052652k(2535264k free)
CommandLine flags: -XX:CMSInitiatingOccupancyFraction=50 -XX:CMSMaxAbortablePrecleanTime=6000 -XX:+CMSParallelRemarkEnabled -XX:+CMSScavengeBeforeRemark -XX:ConcGCThreads=4 -XX:InitialHeapSize=536870912 -XX:MaxHeapSize=536870912 -XX:MaxTenuringThreshold=8 -XX:NewRatio=3 -XX:OldPLABSize=16 -XX:ParallelGCThreads=4 -XX:+ParallelRefProcEnabled -XX:PretenureSizeThreshold=67108864 -XX:+PrintGC -XX:+PrintGCApplicationStoppedTime -XX:+PrintGCDateStamps -XX:+PrintGCDetails -XX:+PrintGCTimeStamps -XX:+PrintHeapAtGC -XX:+PrintTenuringDistribution -XX:SurvivorRatio=4 -XX:TargetSurvivorRatio=90 -XX:ThreadStackSize=256 -XX:+UseCMSInitiatingOccupancyOnly -XX:+UseCompressedClassPointers -XX:+UseCompressedOops -XX:+UseConcMarkSweepGC -XX:-UseLargePagesIndividualAllocation -XX:+UseParNewGC 
2016-05-16T14:28:43.225+0100: 1.079: Total time for which application threads were stopped: 0.0085668 seconds, Stopping threads took: 0.0083923 seconds
2016-05-16T14:28:43.770+0100: 1.624: Total time for which application threads were stopped: 0.0003214 seconds, Stopping threads took: 0.0000798 seconds
2016-05-16T14:28:44.477+0100: 2.331: Total time for which application threads were stopped: 0.0003016 seconds, Stopping threads took: 0.0000466 seconds
2016-05-16T14:28:44.485+0100: 2.339: Total time for which application threads were stopped: 0.0002337 seconds, Stopping threads took: 0.0000450 seconds
2016-05-16T14:28:44.758+0100: 2.612: Total time for which application threads were stopped: 0.0319503 seconds, Stopping threads took: 0.0316486 seconds
2016-05-16T14:28:44.792+0100: 2.646: Total time for which application threads were stopped: 0.0003103 seconds, Stopping threads took: 0.0000482 seconds
2016-05-16T14:28:45.792+0100: 3.646: Total time for which application threads were stopped: 0.0001208 seconds, Stopping threads took: 0.0000442 seconds
2016-05-16T14:28:46.525+0100: 4.379: Total time for which application threads were stopped: 0.0004201 seconds, Stopping threads took: 0.0000497 seconds
{Heap before GC invocations=0 (full 0):
 par new generation   total 109248K, used 87424K [0x00000000e0000000, 0x00000000e8000000, 0x00000000e8000000)
  eden space 87424K, 100% used [0x00000000e0000000, 0x00000000e5560000, 0x00000000e5560000)
  from space 21824K,   0% used [0x00000000e5560000, 0x00000000e5560000, 0x00000000e6ab0000)
  to   space 21824K,   0% used [0x00000000e6ab0000, 0x00000000e6ab0000, 0x00000000e8000000)
 concurrent mark-sweep generation total 393216K, used 0K [0x00000000e8000000, 0x0000000100000000, 0x0000000100000000)
 Metaspace       used 10128K, capacity 10344K, committed 10496K, reserved 1058816K
  class space    used 1166K, capacity 1212K, committed 1280K, reserved 1048576K
2016-05-16T14:28:47.296+0100: 5.150: [GC (Allocation Failure) 2016-05-16T14:28:47.296+0100: 5.150: [ParNew
Desired survivor size 20112992 bytes, new threshold 8 (max 8)
- age   1:    5874328 bytes,    5874328 total
: 87424K->5810K(109248K), 0.0253600 secs] 87424K->5810K(502464K), 0.0257106 secs] [Times: user=0.03 sys=0.00, real=0.03 secs] 
Heap after GC invocations=1 (full 0):
 par new generation   total 109248K, used 5810K [0x00000000e0000000, 0x00000000e8000000, 0x00000000e8000000)
  eden space 87424K,   0% used [0x00000000e0000000, 0x00000000e0000000, 0x00000000e5560000)
  from space 21824K,  26% used [0x00000000e6ab0000, 0x00000000e705cb50, 0x00000000e8000000)
  to   space 21824K,   0% used [0x00000000e5560000, 0x00000000e5560000, 0x00000000e6ab0000)
 concurrent mark-sweep generation total 393216K, used 0K [0x00000000e8000000, 0x0000000100000000, 0x0000000100000000)
 Metaspace       used 10128K, capacity 10344K, committed 10496K, reserved 1058816K
  class space    used 1166K, capacity 1212K, committed 1280K, reserved 1048576K
}
2016-05-16T14:28:47.321+0100: 5.176: Total time for which application threads were stopped: 0.0261678 seconds, Stopping threads took: 0.0000940 seconds
2016-05-16T14:28:47.323+0100: 5.178: Total time for which application threads were stopped: 0.0001737 seconds, Stopping threads took: 0.0000419 seconds
2016-05-16T14:28:47.323+0100: 5.178: Total time for which application threads were stopped: 0.0001161 seconds, Stopping threads took: 0.0000292 seconds
2016-05-16T14:28:47.326+0100: 5.180: Total time for which application threads were stopped: 0.0008804 seconds, Stopping threads took: 0.0007415 seconds
2016-05-16T14:28:47.327+0100: 5.181: Total time for which application threads were stopped: 0.0008141 seconds, Stopping threads took: 0.0007217 seconds
2016-05-16T14:28:47.327+0100: 5.181: Total time for which application threads were stopped: 0.0001161 seconds, Stopping threads took: 0.0000292 seconds
2016-05-16T14:28:47.328+0100: 5.182: Total time for which application threads were stopped: 0.0008402 seconds, Stopping threads took: 0.0007241 seconds
2016-05-16T14:28:47.329+0100: 5.183: Total time for which application threads were stopped: 0.0008204 seconds, Stopping threads took: 0.0007107 seconds
2016-05-16T14:28:47.330+0100: 5.184: Total time for which application threads were stopped: 0.0008394 seconds, Stopping threads took: 0.0006988 seconds
2016-05-16T14:28:47.330+0100: 5.185: Total time for which application threads were stopped: 0.0008102 seconds, Stopping threads took: 0.0007004 seconds
2016-05-16T14:28:47.331+0100: 5.186: Total time for which application threads were stopped: 0.0008078 seconds, Stopping threads took: 0.0006980 seconds
2016-05-16T14:28:47.332+0100: 5.187: Total time for which application threads were stopped: 0.0008236 seconds, Stopping threads took: 0.0007123 seconds
2016-05-16T14:28:47.337+0100: 5.191: Total time for which application threads were stopped: 0.0009270 seconds, Stopping threads took: 0.0007707 seconds
2016-05-16T14:28:47.337+0100: 5.191: Total time for which application threads were stopped: 0.0001390 seconds, Stopping threads took: 0.0000308 seconds
2016-05-16T14:28:47.337+0100: 5.191: Total time for which application threads were stopped: 0.0001319 seconds, Stopping threads took: 0.0000276 seconds
2016-05-16T14:28:47.337+0100: 5.192: Total time for which application threads were stopped: 0.0001334 seconds, Stopping threads took: 0.0000276 seconds
2016-05-16T14:28:47.337+0100: 5.192: Total time for which application threads were stopped: 0.0001311 seconds, Stopping threads took: 0.0000276 seconds
2016-05-16T14:28:47.338+0100: 5.192: Total time for which application threads were stopped: 0.0001461 seconds, Stopping threads took: 0.0000403 seconds
2016-05-16T14:28:47.338+0100: 5.192: Total time for which application threads were stopped: 0.0001327 seconds, Stopping threads took: 0.0000276 seconds
2016-05-16T14:28:47.338+0100: 5.192: Total time for which application threads were stopped: 0.0001334 seconds, Stopping threads took: 0.0000284 seconds
2016-05-16T14:28:47.338+0100: 5.193: Total time for which application threads were stopped: 0.0002116 seconds, Stopping threads took: 0.0000284 seconds
2016-05-16T14:28:47.880+0100: 5.735: Total time for which application threads were stopped: 0.0003474 seconds, Stopping threads took: 0.0000474 seconds
2016-05-16T14:28:48.042+0100: 5.896: Total time for which application threads were stopped: 0.0004138 seconds, Stopping threads took: 0.0000576 seconds
2016-05-16T14:28:48.721+0100: 6.576: Total time for which application threads were stopped: 0.0004540 seconds, Stopping threads took: 0.0000474 seconds
2016-05-16T14:28:48.725+0100: 6.579: Total time for which application threads were stopped: 0.0003490 seconds, Stopping threads took: 0.0000434 seconds
2016-05-16T14:28:48.739+0100: 6.593: Total time for which application threads were stopped: 0.0004382 seconds, Stopping threads took: 0.0000829 seconds
2016-05-16T14:28:49.407+0100: 7.262: Total time for which application threads were stopped: 0.0011110 seconds, Stopping threads took: 0.0009065 seconds
2016-05-16T14:28:49.407+0100: 7.262: Total time for which application threads were stopped: 0.0001603 seconds, Stopping threads took: 0.0000711 seconds
2016-05-16T14:28:49.408+0100: 7.262: Total time for which application threads were stopped: 0.0001184 seconds, Stopping threads took: 0.0000355 seconds
2016-05-16T14:28:49.408+0100: 7.262: Total time for which application threads were stopped: 0.0001137 seconds, Stopping threads took: 0.0000308 seconds
2016-05-16T14:28:49.408+0100: 7.262: Total time for which application threads were stopped: 0.0001437 seconds, Stopping threads took: 0.0000253 seconds
2016-05-16T14:28:49.408+0100: 7.263: Total time for which application threads were stopped: 0.0001192 seconds, Stopping threads took: 0.0000363 seconds
2016-05-16T14:28:49.408+0100: 7.263: Total time for which application threads were stopped: 0.0001034 seconds, Stopping threads took: 0.0000197 seconds
2016-05-16T14:28:49.408+0100: 7.263: Total time for which application threads were stopped: 0.0001082 seconds, Stopping threads took: 0.0000253 seconds
2016-05-16T14:28:49.409+0100: 7.263: Total time for which application threads were stopped: 0.0001413 seconds, Stopping threads took: 0.0000245 seconds
2016-05-16T14:28:49.409+0100: 7.263: Total time for which application threads were stopped: 0.0001082 seconds, Stopping threads took: 0.0000261 seconds
2016-05-16T14:28:49.409+0100: 7.263: Total time for which application threads were stopped: 0.0001105 seconds, Stopping threads took: 0.0000284 seconds
2016-05-16T14:28:49.409+0100: 7.263: Total time for which application threads were stopped: 0.0001074 seconds, Stopping threads took: 0.0000253 seconds
2016-05-16T14:28:49.409+0100: 7.264: Total time for which application threads were stopped: 0.0001066 seconds, Stopping threads took: 0.0000253 seconds
2016-05-16T14:28:49.409+0100: 7.264: Total time for which application threads were stopped: 0.0001066 seconds, Stopping threads took: 0.0000245 seconds
2016-05-16T14:28:49.409+0100: 7.264: Total time for which application threads were stopped: 0.0001105 seconds, Stopping threads took: 0.0000245 seconds
2016-05-16T14:28:49.410+0100: 7.264: Total time for which application threads were stopped: 0.0001113 seconds, Stopping threads took: 0.0000268 seconds
2016-05-16T14:28:49.410+0100: 7.264: Total time for which application threads were stopped: 0.0001082 seconds, Stopping threads took: 0.0000253 seconds
2016-05-16T14:28:49.410+0100: 7.264: Total time for which application threads were stopped: 0.0001082 seconds, Stopping threads took: 0.0000253 seconds
2016-05-16T14:28:49.410+0100: 7.265: Total time for which application threads were stopped: 0.0001082 seconds, Stopping threads took: 0.0000253 seconds
2016-05-16T14:28:49.410+0100: 7.265: Total time for which application threads were stopped: 0.0002527 seconds, Stopping threads took: 0.0000245 seconds
2016-05-16T14:28:49.411+0100: 7.265: Total time for which application threads were stopped: 0.0001232 seconds, Stopping threads took: 0.0000276 seconds
2016-05-16T14:28:49.411+0100: 7.265: Total time for which application threads were stopped: 0.0001113 seconds, Stopping threads took: 0.0000253 seconds
2016-05-16T14:28:49.411+0100: 7.266: Total time for which application threads were stopped: 0.0001090 seconds, Stopping threads took: 0.0000245 seconds
2016-05-16T14:28:49.411+0100: 7.266: Total time for which application threads were stopped: 0.0001169 seconds, Stopping threads took: 0.0000268 seconds
2016-05-16T14:28:49.413+0100: 7.267: Total time for which application threads were stopped: 0.0001753 seconds, Stopping threads took: 0.0000458 seconds
2016-05-16T14:28:49.414+0100: 7.268: Total time for which application threads were stopped: 0.0001516 seconds, Stopping threads took: 0.0000379 seconds
2016-05-16T14:28:49.415+0100: 7.269: Total time for which application threads were stopped: 0.0001279 seconds, Stopping threads took: 0.0000316 seconds
2016-05-16T14:28:49.415+0100: 7.269: Total time for which application threads were stopped: 0.0001192 seconds, Stopping threads took: 0.0000292 seconds
2016-05-16T14:28:49.415+0100: 7.270: Total time for which application threads were stopped: 0.0001129 seconds, Stopping threads took: 0.0000268 seconds
2016-05-16T14:28:49.415+0100: 7.270: Total time for which application threads were stopped: 0.0001082 seconds, Stopping threads took: 0.0000253 seconds
2016-05-16T14:28:49.416+0100: 7.270: Total time for which application threads were stopped: 0.0001066 seconds, Stopping threads took: 0.0000253 seconds
2016-05-16T14:28:49.416+0100: 7.270: Total time for which application threads were stopped: 0.0001066 seconds, Stopping threads took: 0.0000261 seconds
2016-05-16T14:28:49.426+0100: 7.280: Total time for which application threads were stopped: 0.0001729 seconds, Stopping threads took: 0.0000569 seconds
2016-05-16T14:28:49.426+0100: 7.281: Total time for which application threads were stopped: 0.0003640 seconds, Stopping threads took: 0.0000308 seconds
2016-05-16T14:28:49.427+0100: 7.281: Total time for which application threads were stopped: 0.0002314 seconds, Stopping threads took: 0.0001508 seconds
2016-05-16T14:28:49.427+0100: 7.282: Total time for which application threads were stopped: 0.0001019 seconds, Stopping threads took: 0.0000284 seconds
2016-05-16T14:28:49.427+0100: 7.282: Total time for which application threads were stopped: 0.0000979 seconds, Stopping threads took: 0.0000284 seconds
2016-05-16T14:28:49.427+0100: 7.282: Total time for which application threads were stopped: 0.0000940 seconds, Stopping threads took: 0.0000268 seconds
2016-05-16T14:28:49.428+0100: 7.282: Total time for which application threads were stopped: 0.0000963 seconds, Stopping threads took: 0.0000300 seconds
2016-05-16T14:28:49.428+0100: 7.282: Total time for which application threads were stopped: 0.0000948 seconds, Stopping threads took: 0.0000292 seconds
2016-05-16T14:28:49.428+0100: 7.282: Total time for which application threads were stopped: 0.0000940 seconds, Stopping threads took: 0.0000284 seconds
2016-05-16T14:28:49.428+0100: 7.282: Total time for which application threads were stopped: 0.0000940 seconds, Stopping threads took: 0.0000276 seconds
2016-05-16T14:28:49.428+0100: 7.283: Total time for which application threads were stopped: 0.0000932 seconds, Stopping threads took: 0.0000276 seconds
2016-05-16T14:28:49.428+0100: 7.283: Total time for which application threads were stopped: 0.0000908 seconds, Stopping threads took: 0.0000261 seconds
2016-05-16T14:28:49.428+0100: 7.283: Total time for which application threads were stopped: 0.0000948 seconds, Stopping threads took: 0.0000284 seconds
2016-05-16T14:28:49.429+0100: 7.283: Total time for which application threads were stopped: 0.0003159 seconds, Stopping threads took: 0.0000276 seconds
2016-05-16T14:28:49.429+0100: 7.283: Total time for which application threads were stopped: 0.0000948 seconds, Stopping threads took: 0.0000268 seconds
2016-05-16T14:28:49.429+0100: 7.283: Total time for which application threads were stopped: 0.0000940 seconds, Stopping threads took: 0.0000284 seconds
2016-05-16T14:28:49.429+0100: 7.284: Total time for which application threads were stopped: 0.0000940 seconds, Stopping threads took: 0.0000284 seconds
2016-05-16T14:28:49.429+0100: 7.284: Total time for which application threads were stopped: 0.0000963 seconds, Stopping threads took: 0.0000284 seconds
2016-05-16T14:28:49.429+0100: 7.284: Total time for which application threads were stopped: 0.0001587 seconds, Stopping threads took: 0.0000284 seconds
2016-05-16T14:28:49.430+0100: 7.284: Total time for which application threads were stopped: 0.0001169 seconds, Stopping threads took: 0.0000411 seconds
2016-05-16T14:28:49.430+0100: 7.284: Total time for which application threads were stopped: 0.0003072 seconds, Stopping threads took: 0.0000332 seconds
2016-05-16T14:28:49.525+0100: 7.379: Total time for which application threads were stopped: 0.0053466 seconds, Stopping threads took: 0.0051650 seconds
2016-05-16T14:28:49.532+0100: 7.386: Total time for which application threads were stopped: 0.0001485 seconds, Stopping threads took: 0.0000561 seconds
2016-05-16T14:28:49.532+0100: 7.386: Total time for which application threads were stopped: 0.0000790 seconds, Stopping threads took: 0.0000316 seconds
2016-05-16T14:28:49.532+0100: 7.386: Total time for which application threads were stopped: 0.0000687 seconds, Stopping threads took: 0.0000197 seconds
2016-05-16T14:28:49.532+0100: 7.387: Total time for which application threads were stopped: 0.0000632 seconds, Stopping threads took: 0.0000190 seconds
2016-05-16T14:28:49.564+0100: 7.418: Total time for which application threads were stopped: 0.0001421 seconds, Stopping threads took: 0.0000545 seconds
2016-05-16T14:28:49.564+0100: 7.418: Total time for which application threads were stopped: 0.0000766 seconds, Stopping threads took: 0.0000308 seconds
2016-05-16T14:28:49.567+0100: 7.421: Total time for which application threads were stopped: 0.0001500 seconds, Stopping threads took: 0.0000687 seconds
2016-05-16T14:28:49.567+0100: 7.421: Total time for which application threads were stopped: 0.0000774 seconds, Stopping threads took: 0.0000276 seconds
2016-05-16T14:28:49.567+0100: 7.421: Total time for which application threads were stopped: 0.0000758 seconds, Stopping threads took: 0.0000268 seconds
2016-05-16T14:28:49.568+0100: 7.422: Total time for which application threads were stopped: 0.0000995 seconds, Stopping threads took: 0.0000395 seconds
2016-05-16T14:28:49.581+0100: 7.436: Total time for which application threads were stopped: 0.0001437 seconds, Stopping threads took: 0.0000490 seconds
2016-05-16T14:28:49.581+0100: 7.436: Total time for which application threads were stopped: 0.0000758 seconds, Stopping threads took: 0.0000261 seconds
2016-05-16T14:28:49.582+0100: 7.436: Total time for which application threads were stopped: 0.0000798 seconds, Stopping threads took: 0.0000261 seconds
2016-05-16T14:28:49.582+0100: 7.436: Total time for which application threads were stopped: 0.0000805 seconds, Stopping threads took: 0.0000284 seconds
2016-05-16T14:28:49.582+0100: 7.437: Total time for which application threads were stopped: 0.0000829 seconds, Stopping threads took: 0.0000308 seconds
2016-05-16T14:28:49.582+0100: 7.437: Total time for which application threads were stopped: 0.0000695 seconds, Stopping threads took: 0.0000253 seconds
2016-05-16T14:28:49.585+0100: 7.440: Total time for which application threads were stopped: 0.0001192 seconds, Stopping threads took: 0.0000458 seconds
2016-05-16T14:28:49.677+0100: 7.532: Total time for which application threads were stopped: 0.0001887 seconds, Stopping threads took: 0.0000458 seconds
2016-05-16T14:28:49.682+0100: 7.537: Total time for which application threads were stopped: 0.0001492 seconds, Stopping threads took: 0.0000545 seconds
2016-05-16T14:28:49.682+0100: 7.537: Total time for which application threads were stopped: 0.0000774 seconds, Stopping threads took: 0.0000284 seconds
2016-05-16T14:28:49.683+0100: 7.537: Total time for which application threads were stopped: 0.0000845 seconds, Stopping threads took: 0.0000300 seconds
2016-05-16T14:28:49.692+0100: 7.547: Total time for which application threads were stopped: 0.0001516 seconds, Stopping threads took: 0.0000569 seconds
2016-05-16T14:28:49.693+0100: 7.547: Total time for which application threads were stopped: 0.0001034 seconds, Stopping threads took: 0.0000292 seconds
2016-05-16T14:28:49.693+0100: 7.547: Total time for which application threads were stopped: 0.0002219 seconds, Stopping threads took: 0.0000276 seconds
2016-05-16T14:28:49.693+0100: 7.548: Total time for which application threads were stopped: 0.0001382 seconds, Stopping threads took: 0.0000332 seconds
2016-05-16T14:28:49.700+0100: 7.555: Total time for which application threads were stopped: 0.0001469 seconds, Stopping threads took: 0.0000592 seconds
2016-05-16T14:28:49.701+0100: 7.555: Total time for which application threads were stopped: 0.0001113 seconds, Stopping threads took: 0.0000592 seconds
2016-05-16T14:28:49.701+0100: 7.555: Total time for which application threads were stopped: 0.0000766 seconds, Stopping threads took: 0.0000276 seconds
2016-05-16T14:28:49.701+0100: 7.556: Total time for which application threads were stopped: 0.0000908 seconds, Stopping threads took: 0.0000324 seconds
2016-05-16T14:28:49.805+0100: 7.659: Total time for which application threads were stopped: 0.0001540 seconds, Stopping threads took: 0.0000600 seconds
2016-05-16T14:28:49.805+0100: 7.660: Total time for which application threads were stopped: 0.0000995 seconds, Stopping threads took: 0.0000442 seconds
2016-05-16T14:28:49.805+0100: 7.660: Total time for which application threads were stopped: 0.0001200 seconds, Stopping threads took: 0.0000671 seconds
2016-05-16T14:28:49.808+0100: 7.662: Total time for which application threads were stopped: 0.0001421 seconds, Stopping threads took: 0.0000648 seconds
2016-05-16T14:28:49.814+0100: 7.669: Total time for which application threads were stopped: 0.0001856 seconds, Stopping threads took: 0.0000916 seconds
2016-05-16T14:28:49.814+0100: 7.669: Total time for which application threads were stopped: 0.0000782 seconds, Stopping threads took: 0.0000276 seconds
2016-05-16T14:28:49.815+0100: 7.669: Total time for which application threads were stopped: 0.0000766 seconds, Stopping threads took: 0.0000253 seconds
2016-05-16T14:28:49.815+0100: 7.670: Total time for which application threads were stopped: 0.0000908 seconds, Stopping threads took: 0.0000316 seconds
2016-05-16T14:28:49.824+0100: 7.678: Total time for which application threads were stopped: 0.0001445 seconds, Stopping threads took: 0.0000553 seconds
2016-05-16T14:28:49.825+0100: 7.679: Total time for which application threads were stopped: 0.0001019 seconds, Stopping threads took: 0.0000403 seconds
2016-05-16T14:28:49.825+0100: 7.679: Total time for which application threads were stopped: 0.0000734 seconds, Stopping threads took: 0.0000284 seconds
2016-05-16T14:28:49.825+0100: 7.679: Total time for which application threads were stopped: 0.0000719 seconds, Stopping threads took: 0.0000276 seconds
2016-05-16T14:28:49.825+0100: 7.680: Total time for which application threads were stopped: 0.0000734 seconds, Stopping threads took: 0.0000284 seconds
2016-05-16T14:28:49.825+0100: 7.680: Total time for which application threads were stopped: 0.0000805 seconds, Stopping threads took: 0.0000340 seconds
2016-05-16T14:28:49.826+0100: 7.681: Total time for which application threads were stopped: 0.0000932 seconds, Stopping threads took: 0.0000292 seconds
2016-05-16T14:28:49.826+0100: 7.681: Total time for which application threads were stopped: 0.0000655 seconds, Stopping threads took: 0.0000197 seconds
2016-05-16T14:28:50.124+0100: 7.978: Total time for which application threads were stopped: 0.0002061 seconds, Stopping threads took: 0.0000513 seconds
2016-05-16T14:28:50.124+0100: 7.978: Total time for which application threads were stopped: 0.0000774 seconds, Stopping threads took: 0.0000268 seconds
2016-05-16T14:28:50.124+0100: 7.978: Total time for which application threads were stopped: 0.0000742 seconds, Stopping threads took: 0.0000261 seconds
2016-05-16T14:28:50.124+0100: 7.979: Total time for which application threads were stopped: 0.0000805 seconds, Stopping threads took: 0.0000276 seconds
2016-05-16T14:28:50.130+0100: 7.984: Total time for which application threads were stopped: 0.0001437 seconds, Stopping threads took: 0.0000529 seconds
2016-05-16T14:28:50.130+0100: 7.984: Total time for which application threads were stopped: 0.0001287 seconds, Stopping threads took: 0.0000268 seconds
2016-05-16T14:28:50.130+0100: 7.985: Total time for which application threads were stopped: 0.0000758 seconds, Stopping threads took: 0.0000253 seconds
2016-05-16T14:28:50.131+0100: 7.985: Total time for which application threads were stopped: 0.0000908 seconds, Stopping threads took: 0.0000300 seconds
2016-05-16T14:28:50.224+0100: 8.079: Total time for which application threads were stopped: 0.0001279 seconds, Stopping threads took: 0.0000395 seconds
2016-05-16T14:28:50.224+0100: 8.079: Total time for which application threads were stopped: 0.0000782 seconds, Stopping threads took: 0.0000221 seconds
2016-05-16T14:28:50.224+0100: 8.079: Total time for which application threads were stopped: 0.0000711 seconds, Stopping threads took: 0.0000190 seconds
2016-05-16T14:28:50.225+0100: 8.080: Total time for which application threads were stopped: 0.0000734 seconds, Stopping threads took: 0.0000205 seconds
{Heap before GC invocations=1 (full 0):
 par new generation   total 109248K, used 93234K [0x00000000e0000000, 0x00000000e8000000, 0x00000000e8000000)
  eden space 87424K, 100% used [0x00000000e0000000, 0x00000000e5560000, 0x00000000e5560000)
  from space 21824K,  26% used [0x00000000e6ab0000, 0x00000000e705cb50, 0x00000000e8000000)
  to   space 21824K,   0% used [0x00000000e5560000, 0x00000000e5560000, 0x00000000e6ab0000)
 concurrent mark-sweep generation total 393216K, used 0K [0x00000000e8000000, 0x0000000100000000, 0x0000000100000000)
 Metaspace       used 19436K, capacity 19828K, committed 20224K, reserved 1067008K
  class space    used 2308K, capacity 2456K, committed 2560K, reserved 1048576K
2016-05-16T14:28:50.277+0100: 8.132: [GC (Allocation Failure) 2016-05-16T14:28:50.277+0100: 8.132: [ParNew
Desired survivor size 20112992 bytes, new threshold 8 (max 8)
- age   1:    8186840 bytes,    8186840 total
- age   2:    2626408 bytes,   10813248 total
: 93234K->12576K(109248K), 0.0538737 secs] 93234K->12576K(502464K), 0.0540474 secs] [Times: user=0.06 sys=0.02, real=0.05 secs] 
Heap after GC invocations=2 (full 0):
 par new generation   total 109248K, used 12576K [0x00000000e0000000, 0x00000000e8000000, 0x00000000e8000000)
  eden space 87424K,   0% used [0x00000000e0000000, 0x00000000e0000000, 0x00000000e5560000)
  from space 21824K,  57% used [0x00000000e5560000, 0x00000000e61a83f8, 0x00000000e6ab0000)
  to   space 21824K,   0% used [0x00000000e6ab0000, 0x00000000e6ab0000, 0x00000000e8000000)
 concurrent mark-sweep generation total 393216K, used 0K [0x00000000e8000000, 0x0000000100000000, 0x0000000100000000)
 Metaspace       used 19436K, capacity 19828K, committed 20224K, reserved 1067008K
  class space    used 2308K, capacity 2456K, committed 2560K, reserved 1048576K
}
2016-05-16T14:28:50.331+0100: 8.186: Total time for which application threads were stopped: 0.0544644 seconds, Stopping threads took: 0.0000529 seconds
2016-05-16T14:28:50.340+0100: 8.194: Total time for which application threads were stopped: 0.0011655 seconds, Stopping threads took: 0.0009831 seconds
2016-05-16T14:28:50.343+0100: 8.197: Total time for which application threads were stopped: 0.0001216 seconds, Stopping threads took: 0.0000458 seconds
2016-05-16T14:28:50.343+0100: 8.198: Total time for which application threads were stopped: 0.0000805 seconds, Stopping threads took: 0.0000300 seconds
2016-05-16T14:28:50.376+0100: 8.230: Total time for which application threads were stopped: 0.0001761 seconds, Stopping threads took: 0.0000592 seconds
2016-05-16T14:28:50.376+0100: 8.230: Total time for which application threads were stopped: 0.0000758 seconds, Stopping threads took: 0.0000300 seconds
2016-05-16T14:28:50.376+0100: 8.231: Total time for which application threads were stopped: 0.0004011 seconds, Stopping threads took: 0.0003577 seconds
2016-05-16T14:28:50.378+0100: 8.232: Total time for which application threads were stopped: 0.0001121 seconds, Stopping threads took: 0.0000450 seconds
2016-05-16T14:28:50.378+0100: 8.232: Total time for which application threads were stopped: 0.0000726 seconds, Stopping threads took: 0.0000284 seconds
2016-05-16T14:28:50.378+0100: 8.232: Total time for which application threads were stopped: 0.0000711 seconds, Stopping threads took: 0.0000268 seconds
2016-05-16T14:28:50.378+0100: 8.233: Total time for which application threads were stopped: 0.0000758 seconds, Stopping threads took: 0.0000308 seconds
2016-05-16T14:28:50.378+0100: 8.233: Total time for which application threads were stopped: 0.0000719 seconds, Stopping threads took: 0.0000276 seconds
2016-05-16T14:28:50.378+0100: 8.233: Total time for which application threads were stopped: 0.0000711 seconds, Stopping threads took: 0.0000276 seconds
2016-05-16T14:28:50.378+0100: 8.233: Total time for which application threads were stopped: 0.0000726 seconds, Stopping threads took: 0.0000284 seconds
2016-05-16T14:28:50.378+0100: 8.233: Total time for which application threads were stopped: 0.0000703 seconds, Stopping threads took: 0.0000276 seconds
2016-05-16T14:28:50.379+0100: 8.233: Total time for which application threads were stopped: 0.0000711 seconds, Stopping threads took: 0.0000284 seconds
2016-05-16T14:28:50.379+0100: 8.233: Total time for which application threads were stopped: 0.0000695 seconds, Stopping threads took: 0.0000268 seconds
2016-05-16T14:28:50.379+0100: 8.233: Total time for which application threads were stopped: 0.0000695 seconds, Stopping threads took: 0.0000276 seconds
2016-05-16T14:28:50.379+0100: 8.233: Total time for which application threads were stopped: 0.0000687 seconds, Stopping threads took: 0.0000268 seconds
2016-05-16T14:28:50.379+0100: 8.234: Total time for which application threads were stopped: 0.0000703 seconds, Stopping threads took: 0.0000268 seconds
2016-05-16T14:28:50.379+0100: 8.234: Total time for which application threads were stopped: 0.0000703 seconds, Stopping threads took: 0.0000284 seconds
2016-05-16T14:28:50.379+0100: 8.234: Total time for which application threads were stopped: 0.0000703 seconds, Stopping threads took: 0.0000276 seconds
2016-05-16T14:28:50.380+0100: 8.234: Total time for which application threads were stopped: 0.0002661 seconds, Stopping threads took: 0.0000276 seconds
2016-05-16T14:28:50.380+0100: 8.235: Total time for which application threads were stopped: 0.0000774 seconds, Stopping threads took: 0.0000308 seconds
2016-05-16T14:28:50.381+0100: 8.235: Total time for which application threads were stopped: 0.0001121 seconds, Stopping threads took: 0.0000308 seconds
2016-05-16T14:28:50.415+0100: 8.270: Total time for which application threads were stopped: 0.0001374 seconds, Stopping threads took: 0.0000474 seconds
2016-05-16T14:28:50.416+0100: 8.270: Total time for which application threads were stopped: 0.0000648 seconds, Stopping threads took: 0.0000190 seconds
2016-05-16T14:28:50.416+0100: 8.270: Total time for which application threads were stopped: 0.0000616 seconds, Stopping threads took: 0.0000190 seconds
2016-05-16T14:28:50.416+0100: 8.270: Total time for which application threads were stopped: 0.0000616 seconds, Stopping threads took: 0.0000190 seconds
2016-05-16T14:28:50.416+0100: 8.270: Total time for which application threads were stopped: 0.0000624 seconds, Stopping threads took: 0.0000197 seconds
2016-05-16T14:28:50.416+0100: 8.270: Total time for which application threads were stopped: 0.0000616 seconds, Stopping threads took: 0.0000197 seconds
2016-05-16T14:28:50.416+0100: 8.271: Total time for which application threads were stopped: 0.0000608 seconds, Stopping threads took: 0.0000182 seconds
2016-05-16T14:28:50.416+0100: 8.271: Total time for which application threads were stopped: 0.0000616 seconds, Stopping threads took: 0.0000190 seconds
2016-05-16T14:28:50.416+0100: 8.271: Total time for which application threads were stopped: 0.0000616 seconds, Stopping threads took: 0.0000190 seconds
2016-05-16T14:28:50.416+0100: 8.271: Total time for which application threads were stopped: 0.0000608 seconds, Stopping threads took: 0.0000182 seconds
2016-05-16T14:28:50.417+0100: 8.271: Total time for which application threads were stopped: 0.0000813 seconds, Stopping threads took: 0.0000371 seconds
2016-05-16T14:28:50.417+0100: 8.271: Total time for which application threads were stopped: 0.0002203 seconds, Stopping threads took: 0.0000182 seconds
2016-05-16T14:28:50.479+0100: 8.333: Total time for which application threads were stopped: 0.0004193 seconds, Stopping threads took: 0.0000497 seconds
2016-05-16T14:28:50.542+0100: 8.396: Total time for which application threads were stopped: 0.0004627 seconds, Stopping threads took: 0.0000442 seconds
2016-05-16T14:28:50.592+0100: 8.447: Total time for which application threads were stopped: 0.0004611 seconds, Stopping threads took: 0.0000490 seconds
2016-05-16T14:28:50.594+0100: 8.449: Total time for which application threads were stopped: 0.0001192 seconds, Stopping threads took: 0.0000395 seconds
2016-05-16T14:28:50.595+0100: 8.449: Total time for which application threads were stopped: 0.0001224 seconds, Stopping threads took: 0.0000261 seconds
2016-05-16T14:28:50.595+0100: 8.449: Total time for which application threads were stopped: 0.0000742 seconds, Stopping threads took: 0.0000253 seconds
2016-05-16T14:28:50.595+0100: 8.450: Total time for which application threads were stopped: 0.0000829 seconds, Stopping threads took: 0.0000292 seconds
2016-05-16T14:28:50.740+0100: 8.595: Total time for which application threads were stopped: 0.0002440 seconds, Stopping threads took: 0.0000537 seconds
2016-05-16T14:28:50.771+0100: 8.625: Total time for which application threads were stopped: 0.0001785 seconds, Stopping threads took: 0.0000726 seconds
2016-05-16T14:28:50.784+0100: 8.639: Total time for which application threads were stopped: 0.0001840 seconds, Stopping threads took: 0.0000774 seconds
2016-05-16T14:28:50.784+0100: 8.639: Total time for which application threads were stopped: 0.0001184 seconds, Stopping threads took: 0.0000640 seconds
2016-05-16T14:28:50.784+0100: 8.639: Total time for which application threads were stopped: 0.0001161 seconds, Stopping threads took: 0.0000632 seconds
2016-05-16T14:28:50.785+0100: 8.640: Total time for which application threads were stopped: 0.0001216 seconds, Stopping threads took: 0.0000569 seconds
2016-05-16T14:28:51.039+0100: 8.894: Total time for which application threads were stopped: 0.0001769 seconds, Stopping threads took: 0.0000537 seconds
2016-05-16T14:28:51.191+0100: 9.046: Total time for which application threads were stopped: 0.0002314 seconds, Stopping threads took: 0.0000490 seconds
2016-05-16T14:28:51.196+0100: 9.051: Total time for which application threads were stopped: 0.0001153 seconds, Stopping threads took: 0.0000363 seconds
2016-05-16T14:28:51.196+0100: 9.051: Total time for which application threads were stopped: 0.0000719 seconds, Stopping threads took: 0.0000213 seconds
2016-05-16T14:28:51.226+0100: 9.081: Total time for which application threads were stopped: 0.0118785 seconds, Stopping threads took: 0.0000434 seconds
2016-05-16T14:28:51.228+0100: 9.082: Total time for which application threads were stopped: 0.0001184 seconds, Stopping threads took: 0.0000347 seconds
2016-05-16T14:28:51.228+0100: 9.083: Total time for which application threads were stopped: 0.0000774 seconds, Stopping threads took: 0.0000213 seconds
2016-05-16T14:28:51.228+0100: 9.083: Total time for which application threads were stopped: 0.0000703 seconds, Stopping threads took: 0.0000190 seconds
2016-05-16T14:28:51.229+0100: 9.083: Total time for which application threads were stopped: 0.0000742 seconds, Stopping threads took: 0.0000205 seconds
2016-05-16T14:28:51.234+0100: 9.088: Total time for which application threads were stopped: 0.0001374 seconds, Stopping threads took: 0.0000561 seconds
2016-05-16T14:28:51.234+0100: 9.088: Total time for which application threads were stopped: 0.0000813 seconds, Stopping threads took: 0.0000276 seconds
2016-05-16T14:28:51.234+0100: 9.089: Total time for which application threads were stopped: 0.0002708 seconds, Stopping threads took: 0.0000213 seconds
2016-05-16T14:28:51.235+0100: 9.089: Total time for which application threads were stopped: 0.0000766 seconds, Stopping threads took: 0.0000221 seconds
2016-05-16T14:28:51.255+0100: 9.110: Total time for which application threads were stopped: 0.0001461 seconds, Stopping threads took: 0.0000395 seconds
{Heap before GC invocations=2 (full 0):
 par new generation   total 109248K, used 100000K [0x00000000e0000000, 0x00000000e8000000, 0x00000000e8000000)
  eden space 87424K, 100% used [0x00000000e0000000, 0x00000000e5560000, 0x00000000e5560000)
  from space 21824K,  57% used [0x00000000e5560000, 0x00000000e61a83f8, 0x00000000e6ab0000)
  to   space 21824K,   0% used [0x00000000e6ab0000, 0x00000000e6ab0000, 0x00000000e8000000)
 concurrent mark-sweep generation total 393216K, used 0K [0x00000000e8000000, 0x0000000100000000, 0x0000000100000000)
 Metaspace       used 21340K, capacity 21722K, committed 21884K, reserved 1069056K
  class space    used 2541K, capacity 2681K, committed 2684K, reserved 1048576K
2016-05-16T14:28:51.334+0100: 9.188: [GC (Allocation Failure) 2016-05-16T14:28:51.334+0100: 9.188: [ParNew
Desired survivor size 20112992 bytes, new threshold 8 (max 8)
- age   1:    2110800 bytes,    2110800 total
- age   2:    2583776 bytes,    4694576 total
- age   3:    2602920 bytes,    7297496 total
: 100000K->13330K(109248K), 0.0270735 secs] 100000K->13330K(502464K), 0.0272314 secs] [Times: user=0.03 sys=0.00, real=0.03 secs] 
Heap after GC invocations=3 (full 0):
 par new generation   total 109248K, used 13330K [0x00000000e0000000, 0x00000000e8000000, 0x00000000e8000000)
  eden space 87424K,   0% used [0x00000000e0000000, 0x00000000e0000000, 0x00000000e5560000)
  from space 21824K,  61% used [0x00000000e6ab0000, 0x00000000e77b4be0, 0x00000000e8000000)
  to   space 21824K,   0% used [0x00000000e5560000, 0x00000000e5560000, 0x00000000e6ab0000)
 concurrent mark-sweep generation total 393216K, used 0K [0x00000000e8000000, 0x0000000100000000, 0x0000000100000000)
 Metaspace       used 21340K, capacity 21722K, committed 21884K, reserved 1069056K
  class space    used 2541K, capacity 2681K, committed 2684K, reserved 1048576K
}
2016-05-16T14:28:51.361+0100: 9.216: Total time for which application threads were stopped: 0.0276554 seconds, Stopping threads took: 0.0000584 seconds
2016-05-16T14:28:51.391+0100: 9.245: [GC (CMS Initial Mark) [1 CMS-initial-mark: 0K(393216K)] 18417K(502464K), 0.0093667 secs] [Times: user=0.03 sys=0.00, real=0.01 secs] 
2016-05-16T14:28:51.400+0100: 9.255: Total time for which application threads were stopped: 0.0096478 seconds, Stopping threads took: 0.0000908 seconds
2016-05-16T14:28:51.400+0100: 9.255: [CMS-concurrent-mark-start]
2016-05-16T14:28:51.405+0100: 9.260: [CMS-concurrent-mark: 0.005/0.005 secs] [Times: user=0.00 sys=0.00, real=0.01 secs] 
2016-05-16T14:28:51.406+0100: 9.260: Total time for which application threads were stopped: 0.0001785 seconds, Stopping threads took: 0.0000411 seconds
2016-05-16T14:28:51.406+0100: 9.260: [CMS-concurrent-preclean-start]
2016-05-16T14:28:51.406+0100: 9.261: Total time for which application threads were stopped: 0.0001232 seconds, Stopping threads took: 0.0000205 seconds
2016-05-16T14:28:51.407+0100: 9.262: Total time for which application threads were stopped: 0.0001571 seconds, Stopping threads took: 0.0000308 seconds
2016-05-16T14:28:51.409+0100: 9.264: [CMS-concurrent-preclean: 0.003/0.003 secs] [Times: user=0.00 sys=0.00, real=0.00 secs] 
2016-05-16T14:28:51.409+0100: 9.264: [CMS-concurrent-abortable-preclean-start]
2016-05-16T14:28:51.548+0100: 9.402: Total time for which application threads were stopped: 0.0002093 seconds, Stopping threads took: 0.0000442 seconds
2016-05-16T14:28:51.549+0100: 9.404: Total time for which application threads were stopped: 0.0000948 seconds, Stopping threads took: 0.0000276 seconds
2016-05-16T14:28:51.766+0100: 9.621: Total time for which application threads were stopped: 0.0035589 seconds, Stopping threads took: 0.0034191 seconds
2016-05-16T14:28:51.868+0100: 9.722: Total time for which application threads were stopped: 0.0001461 seconds, Stopping threads took: 0.0000537 seconds
2016-05-16T14:28:51.868+0100: 9.722: Total time for which application threads were stopped: 0.0000726 seconds, Stopping threads took: 0.0000205 seconds
2016-05-16T14:28:51.936+0100: 9.790: Total time for which application threads were stopped: 0.0001382 seconds, Stopping threads took: 0.0000458 seconds
2016-05-16T14:28:51.936+0100: 9.791: Total time for which application threads were stopped: 0.0000774 seconds, Stopping threads took: 0.0000197 seconds
2016-05-16T14:28:51.936+0100: 9.791: Total time for which application threads were stopped: 0.0000719 seconds, Stopping threads took: 0.0000190 seconds
2016-05-16T14:28:52.274+0100: 10.127: [CMS-concurrent-abortable-preclean: 0.493/0.863 secs] [Times: user=1.01 sys=0.00, real=0.87 secs] 
2016-05-16T14:28:52.274+0100: 10.128: [GC (CMS Final Remark) [YG occupancy: 79327 K (109248 K)]{Heap before GC invocations=3 (full 1):
 par new generation   total 109248K, used 79327K [0x00000000e0000000, 0x00000000e8000000, 0x00000000e8000000)
  eden space 87424K,  75% used [0x00000000e0000000, 0x00000000e4073188, 0x00000000e5560000)
  from space 21824K,  61% used [0x00000000e6ab0000, 0x00000000e77b4be0, 0x00000000e8000000)
  to   space 21824K,   0% used [0x00000000e5560000, 0x00000000e5560000, 0x00000000e6ab0000)
 concurrent mark-sweep generation total 393216K, used 0K [0x00000000e8000000, 0x0000000100000000, 0x0000000100000000)
 Metaspace       used 21667K, capacity 22036K, committed 22216K, reserved 1069056K
  class space    used 2586K, capacity 2718K, committed 2760K, reserved 1048576K
2016-05-16T14:28:52.274+0100: 10.128: [GC (CMS Final Remark) 2016-05-16T14:28:52.275+0100: 10.128: [ParNew
Desired survivor size 20112992 bytes, new threshold 8 (max 8)
- age   1:     349816 bytes,     349816 total
- age   2:     822624 bytes,    1172440 total
- age   3:    2569344 bytes,    3741784 total
- age   4:    2602920 bytes,    6344704 total
: 79327K->8895K(109248K), 0.0260004 secs] 79327K->8895K(502464K), 0.0261417 secs] [Times: user=0.03 sys=0.00, real=0.03 secs] 
Heap after GC invocations=4 (full 1):
 par new generation   total 109248K, used 8895K [0x00000000e0000000, 0x00000000e8000000, 0x00000000e8000000)
  eden space 87424K,   0% used [0x00000000e0000000, 0x00000000e0000000, 0x00000000e5560000)
  from space 21824K,  40% used [0x00000000e5560000, 0x00000000e5e0fc50, 0x00000000e6ab0000)
  to   space 21824K,   0% used [0x00000000e6ab0000, 0x00000000e6ab0000, 0x00000000e8000000)
 concurrent mark-sweep generation total 393216K, used 0K [0x00000000e8000000, 0x0000000100000000, 0x0000000100000000)
 Metaspace       used 21667K, capacity 22036K, committed 22216K, reserved 1069056K
  class space    used 2586K, capacity 2718K, committed 2760K, reserved 1048576K
}
2016-05-16T14:28:52.301+0100: 10.154: [Rescan (parallel) , 0.0088392 secs]2016-05-16T14:28:52.310+0100: 10.163: [weak refs processing, 0.0098112 secs]2016-05-16T14:28:52.319+0100: 10.173: [class unloading, 0.0070515 secs]2016-05-16T14:28:52.327+0100: 10.180: [scrub symbol table, 0.0092695 secs]2016-05-16T14:28:52.336+0100: 10.190: [scrub string table, 0.0006483 secs][1 CMS-remark: 0K(393216K)] 8895K(502464K), 0.0637307 secs] [Times: user=0.08 sys=0.00, real=0.06 secs] 
2016-05-16T14:28:52.338+0100: 10.192: Total time for which application threads were stopped: 0.0639803 seconds, Stopping threads took: 0.0000513 seconds
2016-05-16T14:28:52.342+0100: 10.196: [CMS-concurrent-sweep-start]
2016-05-16T14:28:52.342+0100: 10.196: [CMS-concurrent-sweep: 0.000/0.000 secs] [Times: user=0.00 sys=0.00, real=0.00 secs] 
2016-05-16T14:28:52.342+0100: 10.196: [CMS-concurrent-reset-start]
2016-05-16T14:28:52.353+0100: 10.206: [CMS-concurrent-reset: 0.010/0.010 secs] [Times: user=0.02 sys=0.00, real=0.01 secs] 
2016-05-16T14:28:52.418+0100: 10.272: Total time for which application threads were stopped: 0.0001500 seconds, Stopping threads took: 0.0000419 seconds
2016-05-16T14:28:52.428+0100: 10.282: Total time for which application threads were stopped: 0.0001516 seconds, Stopping threads took: 0.0000434 seconds
2016-05-16T14:28:52.431+0100: 10.284: Total time for which application threads were stopped: 0.0001548 seconds, Stopping threads took: 0.0000292 seconds
2016-05-16T14:28:52.432+0100: 10.286: Total time for which application threads were stopped: 0.0001011 seconds, Stopping threads took: 0.0000245 seconds
2016-05-16T14:28:52.475+0100: 10.329: Total time for which application threads were stopped: 0.0005291 seconds, Stopping threads took: 0.0000482 seconds
2016-05-16T14:28:52.490+0100: 10.344: Total time for which application threads were stopped: 0.0001184 seconds, Stopping threads took: 0.0000395 seconds
2016-05-16T14:28:52.493+0100: 10.346: Total time for which application threads were stopped: 0.0001350 seconds, Stopping threads took: 0.0000284 seconds
2016-05-16T14:28:52.598+0100: 10.452: Total time for which application threads were stopped: 0.0004967 seconds, Stopping threads took: 0.0000411 seconds
2016-05-16T14:28:52.988+0100: 10.842: Total time for which application threads were stopped: 0.0001635 seconds, Stopping threads took: 0.0000490 seconds
2016-05-16T14:28:53.006+0100: 10.860: Total time for which application threads were stopped: 0.0001453 seconds, Stopping threads took: 0.0000529 seconds
2016-05-16T14:28:53.007+0100: 10.860: Total time for which application threads were stopped: 0.0000719 seconds, Stopping threads took: 0.0000205 seconds
2016-05-16T14:28:53.007+0100: 10.861: Total time for which application threads were stopped: 0.0000719 seconds, Stopping threads took: 0.0000197 seconds
2016-05-16T14:28:53.144+0100: 10.997: Total time for which application threads were stopped: 0.0001390 seconds, Stopping threads took: 0.0000426 seconds
2016-05-16T14:28:53.144+0100: 10.998: Total time for which application threads were stopped: 0.0000798 seconds, Stopping threads took: 0.0000229 seconds
2016-05-16T14:28:53.151+0100: 11.004: Total time for which application threads were stopped: 0.0001429 seconds, Stopping threads took: 0.0000442 seconds
2016-05-16T14:28:53.151+0100: 11.005: Total time for which application threads were stopped: 0.0000876 seconds, Stopping threads took: 0.0000253 seconds
2016-05-16T14:28:53.180+0100: 11.034: Total time for which application threads were stopped: 0.0032762 seconds, Stopping threads took: 0.0031751 seconds
2016-05-16T14:28:53.192+0100: 11.045: Total time for which application threads were stopped: 0.0001350 seconds, Stopping threads took: 0.0000442 seconds
2016-05-16T14:28:53.194+0100: 11.048: Total time for which application threads were stopped: 0.0001263 seconds, Stopping threads took: 0.0000387 seconds
2016-05-16T14:28:53.224+0100: 11.078: Total time for which application threads were stopped: 0.0031846 seconds, Stopping threads took: 0.0030898 seconds
2016-05-16T14:28:53.224+0100: 11.078: Total time for which application threads were stopped: 0.0001090 seconds, Stopping threads took: 0.0000379 seconds
2016-05-16T14:28:53.470+0100: 11.324: Total time for which application threads were stopped: 0.0004098 seconds, Stopping threads took: 0.0000640 seconds
2016-05-16T14:28:53.480+0100: 11.334: Total time for which application threads were stopped: 0.0006183 seconds, Stopping threads took: 0.0002235 seconds
2016-05-16T14:28:53.481+0100: 11.335: Total time for which application threads were stopped: 0.0001382 seconds, Stopping threads took: 0.0000545 seconds
2016-05-16T14:28:53.552+0100: 11.406: Total time for which application threads were stopped: 0.0001777 seconds, Stopping threads took: 0.0000513 seconds
2016-05-16T14:28:53.558+0100: 11.412: Total time for which application threads were stopped: 0.0001485 seconds, Stopping threads took: 0.0000442 seconds
2016-05-16T14:28:53.572+0100: 11.426: Total time for which application threads were stopped: 0.0001848 seconds, Stopping threads took: 0.0000608 seconds
2016-05-16T14:28:53.578+0100: 11.431: Total time for which application threads were stopped: 0.0002037 seconds, Stopping threads took: 0.0000616 seconds
2016-05-16T14:28:53.580+0100: 11.434: Total time for which application threads were stopped: 0.0001761 seconds, Stopping threads took: 0.0000387 seconds
2016-05-16T14:28:53.621+0100: 11.475: Total time for which application threads were stopped: 0.0023207 seconds, Stopping threads took: 0.0021865 seconds
2016-05-16T14:28:53.622+0100: 11.476: Total time for which application threads were stopped: 0.0001137 seconds, Stopping threads took: 0.0000284 seconds
2016-05-16T14:28:53.687+0100: 11.541: Total time for which application threads were stopped: 0.0001974 seconds, Stopping threads took: 0.0000505 seconds
2016-05-16T14:28:53.689+0100: 11.543: Total time for which application threads were stopped: 0.0001082 seconds, Stopping threads took: 0.0000292 seconds
2016-05-16T14:28:53.692+0100: 11.546: Total time for which application threads were stopped: 0.0003735 seconds, Stopping threads took: 0.0000363 seconds
2016-05-16T14:28:53.693+0100: 11.547: Total time for which application threads were stopped: 0.0002930 seconds, Stopping threads took: 0.0000261 seconds
2016-05-16T14:28:53.695+0100: 11.548: Total time for which application threads were stopped: 0.0001295 seconds, Stopping threads took: 0.0000308 seconds
2016-05-16T14:28:53.695+0100: 11.549: Total time for which application threads were stopped: 0.0000884 seconds, Stopping threads took: 0.0000213 seconds
2016-05-16T14:28:53.781+0100: 11.634: Total time for which application threads were stopped: 0.0001927 seconds, Stopping threads took: 0.0000813 seconds
2016-05-16T14:28:53.813+0100: 11.666: Total time for which application threads were stopped: 0.0004943 seconds, Stopping threads took: 0.0003609 seconds
2016-05-16T14:28:53.924+0100: 11.778: Total time for which application threads were stopped: 0.0382681 seconds, Stopping threads took: 0.0381007 seconds
2016-05-16T14:28:53.924+0100: 11.778: Total time for which application threads were stopped: 0.0001129 seconds, Stopping threads took: 0.0000450 seconds
2016-05-16T14:28:53.925+0100: 11.779: Total time for which application threads were stopped: 0.0003372 seconds, Stopping threads took: 0.0002211 seconds
2016-05-16T14:28:54.101+0100: 11.954: Total time for which application threads were stopped: 0.0006625 seconds, Stopping threads took: 0.0000553 seconds
2016-05-16T14:28:54.122+0100: 11.975: Total time for which application threads were stopped: 0.0005014 seconds, Stopping threads took: 0.0003356 seconds
2016-05-16T14:28:54.133+0100: 11.986: Total time for which application threads were stopped: 0.0028893 seconds, Stopping threads took: 0.0027598 seconds
2016-05-16T14:28:54.206+0100: 12.059: Total time for which application threads were stopped: 0.0002029 seconds, Stopping threads took: 0.0000553 seconds
2016-05-16T14:28:54.342+0100: 12.196: Total time for which application threads were stopped: 0.0017246 seconds, Stopping threads took: 0.0015793 seconds
2016-05-16T14:28:54.353+0100: 12.206: Total time for which application threads were stopped: 0.0002337 seconds, Stopping threads took: 0.0001224 seconds
2016-05-16T14:28:54.493+0100: 12.347: Total time for which application threads were stopped: 0.0001808 seconds, Stopping threads took: 0.0000703 seconds
2016-05-16T14:28:54.512+0100: 12.366: Total time for which application threads were stopped: 0.0001342 seconds, Stopping threads took: 0.0000482 seconds
2016-05-16T14:28:55.350+0100: 13.204: Total time for which application threads were stopped: 0.0001690 seconds, Stopping threads took: 0.0000576 seconds
2016-05-16T14:28:55.351+0100: 13.205: Total time for which application threads were stopped: 0.0001090 seconds, Stopping threads took: 0.0000355 seconds
2016-05-16T14:30:24.506+0100: 102.373: Total time for which application threads were stopped: 0.0001477 seconds, Stopping threads took: 0.0000419 seconds
2016-05-16T14:30:24.506+0100: 102.373: Total time for which application threads were stopped: 0.0000798 seconds, Stopping threads took: 0.0000213 seconds
2016-05-16T14:30:24.506+0100: 102.373: Total time for which application threads were stopped: 0.0000766 seconds, Stopping threads took: 0.0000197 seconds
2016-05-16T14:30:24.508+0100: 102.375: Total time for which application threads were stopped: 0.0000963 seconds, Stopping threads took: 0.0000261 seconds
2016-05-16T14:30:24.508+0100: 102.375: Total time for which application threads were stopped: 0.0000742 seconds, Stopping threads took: 0.0000213 seconds
2016-05-16T14:30:24.509+0100: 102.376: Total time for which application threads were stopped: 0.0000711 seconds, Stopping threads took: 0.0000205 seconds
2016-05-16T14:30:24.510+0100: 102.377: Total time for which application threads were stopped: 0.0000940 seconds, Stopping threads took: 0.0000245 seconds
2016-05-16T14:30:24.511+0100: 102.378: Total time for which application threads were stopped: 0.0000829 seconds, Stopping threads took: 0.0000221 seconds
2016-05-16T14:30:24.511+0100: 102.378: Total time for which application threads were stopped: 0.0000774 seconds, Stopping threads took: 0.0000205 seconds
2016-05-16T14:30:24.511+0100: 102.378: Total time for which application threads were stopped: 0.0000726 seconds, Stopping threads took: 0.0000190 seconds
2016-05-16T14:30:24.514+0100: 102.381: Total time for which application threads were stopped: 0.0001240 seconds, Stopping threads took: 0.0000434 seconds
2016-05-16T14:30:24.514+0100: 102.381: Total time for which application threads were stopped: 0.0000782 seconds, Stopping threads took: 0.0000213 seconds
2016-05-16T14:30:24.514+0100: 102.381: Total time for which application threads were stopped: 0.0000750 seconds, Stopping threads took: 0.0000197 seconds
2016-05-16T14:30:24.516+0100: 102.383: Total time for which application threads were stopped: 0.0001334 seconds, Stopping threads took: 0.0000395 seconds
2016-05-16T14:30:24.517+0100: 102.384: Total time for which application threads were stopped: 0.0001398 seconds, Stopping threads took: 0.0000758 seconds
2016-05-16T14:30:24.517+0100: 102.384: Total time for which application threads were stopped: 0.0000884 seconds, Stopping threads took: 0.0000292 seconds
2016-05-16T14:30:24.520+0100: 102.387: Total time for which application threads were stopped: 0.0001287 seconds, Stopping threads took: 0.0000387 seconds
2016-05-16T14:30:24.523+0100: 102.390: Total time for which application threads were stopped: 0.0001105 seconds, Stopping threads took: 0.0000300 seconds
2016-05-16T14:30:24.523+0100: 102.390: Total time for which application threads were stopped: 0.0000805 seconds, Stopping threads took: 0.0000213 seconds
2016-05-16T14:30:24.524+0100: 102.391: Total time for which application threads were stopped: 0.0001240 seconds, Stopping threads took: 0.0000379 seconds
2016-05-16T14:30:24.525+0100: 102.391: Total time for which application threads were stopped: 0.0001113 seconds, Stopping threads took: 0.0000569 seconds
2016-05-16T14:30:24.528+0100: 102.395: Total time for which application threads were stopped: 0.0001421 seconds, Stopping threads took: 0.0000497 seconds
2016-05-16T14:30:24.528+0100: 102.395: Total time for which application threads were stopped: 0.0000758 seconds, Stopping threads took: 0.0000261 seconds
2016-05-16T14:30:24.528+0100: 102.395: Total time for which application threads were stopped: 0.0000734 seconds, Stopping threads took: 0.0000245 seconds
2016-05-16T14:30:24.529+0100: 102.395: Total time for which application threads were stopped: 0.0001082 seconds, Stopping threads took: 0.0000561 seconds
2016-05-16T14:30:24.529+0100: 102.396: Total time for which application threads were stopped: 0.0000750 seconds, Stopping threads took: 0.0000253 seconds
2016-05-16T14:30:24.529+0100: 102.396: Total time for which application threads were stopped: 0.0000742 seconds, Stopping threads took: 0.0000253 seconds
2016-05-16T14:30:24.529+0100: 102.396: Total time for which application threads were stopped: 0.0000726 seconds, Stopping threads took: 0.0000245 seconds
2016-05-16T14:30:24.529+0100: 102.396: Total time for which application threads were stopped: 0.0001398 seconds, Stopping threads took: 0.0000253 seconds
2016-05-16T14:30:24.529+0100: 102.396: Total time for which application threads were stopped: 0.0000774 seconds, Stopping threads took: 0.0000261 seconds
2016-05-16T14:30:24.529+0100: 102.396: Total time for which application threads were stopped: 0.0000750 seconds, Stopping threads took: 0.0000261 seconds
2016-05-16T14:30:24.529+0100: 102.396: Total time for which application threads were stopped: 0.0000742 seconds, Stopping threads took: 0.0000253 seconds
2016-05-16T14:30:24.530+0100: 102.397: Total time for which application threads were stopped: 0.0003435 seconds, Stopping threads took: 0.0000268 seconds
2016-05-16T14:30:24.595+0100: 102.462: Total time for which application threads were stopped: 0.0005575 seconds, Stopping threads took: 0.0000537 seconds
2016-05-16T14:30:24.876+0100: 102.743: Total time for which application threads were stopped: 0.0002203 seconds, Stopping threads took: 0.0000521 seconds
2016-05-16T14:30:24.879+0100: 102.746: Total time for which application threads were stopped: 0.0001445 seconds, Stopping threads took: 0.0000497 seconds
2016-05-16T14:30:24.932+0100: 102.798: Total time for which application threads were stopped: 0.0001800 seconds, Stopping threads took: 0.0000663 seconds
2016-05-16T14:30:25.043+0100: 102.910: Total time for which application threads were stopped: 0.0006230 seconds, Stopping threads took: 0.0000695 seconds
2016-05-16T14:30:25.335+0100: 103.202: Total time for which application threads were stopped: 0.0001485 seconds, Stopping threads took: 0.0000490 seconds
2016-05-16T14:30:25.357+0100: 103.224: Total time for which application threads were stopped: 0.0001524 seconds, Stopping threads took: 0.0000553 seconds
2016-05-16T14:30:25.395+0100: 103.262: Total time for which application threads were stopped: 0.0005520 seconds, Stopping threads took: 0.0000490 seconds
{Heap before GC invocations=4 (full 1):
 par new generation   total 109248K, used 96319K [0x00000000e0000000, 0x00000000e8000000, 0x00000000e8000000)
  eden space 87424K, 100% used [0x00000000e0000000, 0x00000000e5560000, 0x00000000e5560000)
  from space 21824K,  40% used [0x00000000e5560000, 0x00000000e5e0fc50, 0x00000000e6ab0000)
  to   space 21824K,   0% used [0x00000000e6ab0000, 0x00000000e6ab0000, 0x00000000e8000000)
 concurrent mark-sweep generation total 393216K, used 0K [0x00000000e8000000, 0x0000000100000000, 0x0000000100000000)
 Metaspace       used 29629K, capacity 30044K, committed 30408K, reserved 1075200K
  class space    used 3530K, capacity 3662K, committed 3784K, reserved 1048576K
2016-05-16T14:30:25.799+0100: 103.666: [GC (Allocation Failure) 2016-05-16T14:30:25.799+0100: 103.666: [ParNew
Desired survivor size 20112992 bytes, new threshold 8 (max 8)
- age   1:   10970288 bytes,   10970288 total
- age   2:     109112 bytes,   11079400 total
- age   3:     258216 bytes,   11337616 total
- age   4:    2502328 bytes,   13839944 total
- age   5:    2598256 bytes,   16438200 total
: 96319K->17671K(109248K), 0.0535160 secs] 96319K->17671K(502464K), 0.0536921 secs] [Times: user=0.08 sys=0.02, real=0.05 secs] 
Heap after GC invocations=5 (full 1):
 par new generation   total 109248K, used 17671K [0x00000000e0000000, 0x00000000e8000000, 0x00000000e8000000)
  eden space 87424K,   0% used [0x00000000e0000000, 0x00000000e0000000, 0x00000000e5560000)
  from space 21824K,  80% used [0x00000000e6ab0000, 0x00000000e7bf1eb0, 0x00000000e8000000)
  to   space 21824K,   0% used [0x00000000e5560000, 0x00000000e5560000, 0x00000000e6ab0000)
 concurrent mark-sweep generation total 393216K, used 0K [0x00000000e8000000, 0x0000000100000000, 0x0000000100000000)
 Metaspace       used 29629K, capacity 30044K, committed 30408K, reserved 1075200K
  class space    used 3530K, capacity 3662K, committed 3784K, reserved 1048576K
}
2016-05-16T14:30:25.853+0100: 103.720: Total time for which application threads were stopped: 0.0541414 seconds, Stopping threads took: 0.0000703 seconds
2016-05-16T14:30:25.865+0100: 103.732: Total time for which application threads were stopped: 0.0001871 seconds, Stopping threads took: 0.0000963 seconds
2016-05-16T14:30:26.040+0100: 103.907: Total time for which application threads were stopped: 0.0006325 seconds, Stopping threads took: 0.0000932 seconds
2016-05-16T14:30:27.043+0100: 104.910: Total time for which application threads were stopped: 0.0010897 seconds, Stopping threads took: 0.0009231 seconds
2016-05-16T14:30:27.989+0100: 105.856: Total time for which application threads were stopped: 0.0007099 seconds, Stopping threads took: 0.0000490 seconds
2016-05-16T14:30:28.830+0100: 106.697: Total time for which application threads were stopped: 0.0002243 seconds, Stopping threads took: 0.0000521 seconds
2016-05-16T14:30:28.830+0100: 106.698: Total time for which application threads were stopped: 0.0001003 seconds, Stopping threads took: 0.0000363 seconds
2016-05-16T14:30:28.832+0100: 106.699: Total time for which application threads were stopped: 0.0001248 seconds, Stopping threads took: 0.0000442 seconds
2016-05-16T14:30:28.832+0100: 106.699: Total time for which application threads were stopped: 0.0000798 seconds, Stopping threads took: 0.0000253 seconds
2016-05-16T14:30:28.840+0100: 106.707: Total time for which application threads were stopped: 0.0001792 seconds, Stopping threads took: 0.0000616 seconds
2016-05-16T14:30:28.840+0100: 106.707: Total time for which application threads were stopped: 0.0000900 seconds, Stopping threads took: 0.0000308 seconds
2016-05-16T14:30:28.840+0100: 106.708: Total time for which application threads were stopped: 0.0000861 seconds, Stopping threads took: 0.0000292 seconds
2016-05-16T14:30:28.841+0100: 106.708: Total time for which application threads were stopped: 0.0000821 seconds, Stopping threads took: 0.0000261 seconds
2016-05-16T14:30:28.841+0100: 106.708: Total time for which application threads were stopped: 0.0000813 seconds, Stopping threads took: 0.0000261 seconds
2016-05-16T14:30:28.841+0100: 106.708: Total time for which application threads were stopped: 0.0000805 seconds, Stopping threads took: 0.0000253 seconds
2016-05-16T14:30:28.841+0100: 106.708: Total time for which application threads were stopped: 0.0000845 seconds, Stopping threads took: 0.0000284 seconds
2016-05-16T14:30:28.841+0100: 106.708: Total time for which application threads were stopped: 0.0000869 seconds, Stopping threads took: 0.0000300 seconds
2016-05-16T14:30:28.841+0100: 106.708: Total time for which application threads were stopped: 0.0000876 seconds, Stopping threads took: 0.0000300 seconds
2016-05-16T14:30:28.841+0100: 106.709: Total time for which application threads were stopped: 0.0000861 seconds, Stopping threads took: 0.0000276 seconds
2016-05-16T14:30:28.842+0100: 106.709: Total time for which application threads were stopped: 0.0000932 seconds, Stopping threads took: 0.0000340 seconds
2016-05-16T14:30:28.843+0100: 106.710: Total time for which application threads were stopped: 0.0000979 seconds, Stopping threads took: 0.0000340 seconds
2016-05-16T14:30:28.845+0100: 106.712: Total time for which application threads were stopped: 0.0000892 seconds, Stopping threads took: 0.0000292 seconds
2016-05-16T14:30:28.845+0100: 106.712: Total time for which application threads were stopped: 0.0001453 seconds, Stopping threads took: 0.0000284 seconds
2016-05-16T14:30:28.845+0100: 106.713: Total time for which application threads were stopped: 0.0000829 seconds, Stopping threads took: 0.0000276 seconds
2016-05-16T14:30:28.846+0100: 106.713: Total time for which application threads were stopped: 0.0000837 seconds, Stopping threads took: 0.0000276 seconds
2016-05-16T14:30:28.846+0100: 106.713: Total time for which application threads were stopped: 0.0002456 seconds, Stopping threads took: 0.0001832 seconds
2016-05-16T14:30:28.846+0100: 106.713: Total time for which application threads were stopped: 0.0000869 seconds, Stopping threads took: 0.0000300 seconds
2016-05-16T14:30:28.846+0100: 106.713: Total time for which application threads were stopped: 0.0000908 seconds, Stopping threads took: 0.0000316 seconds
2016-05-16T14:30:28.846+0100: 106.714: Total time for which application threads were stopped: 0.0002369 seconds, Stopping threads took: 0.0000292 seconds
2016-05-16T14:30:28.848+0100: 106.715: Total time for which application threads were stopped: 0.0001327 seconds, Stopping threads took: 0.0000474 seconds
2016-05-16T14:30:28.881+0100: 106.748: Total time for which application threads were stopped: 0.0001769 seconds, Stopping threads took: 0.0000482 seconds
2016-05-16T14:30:28.885+0100: 106.752: Total time for which application threads were stopped: 0.0001587 seconds, Stopping threads took: 0.0000505 seconds
2016-05-16T14:30:28.886+0100: 106.753: Total time for which application threads were stopped: 0.0001540 seconds, Stopping threads took: 0.0000347 seconds
2016-05-16T14:30:28.886+0100: 106.753: Total time for which application threads were stopped: 0.0000837 seconds, Stopping threads took: 0.0000276 seconds
2016-05-16T14:30:28.887+0100: 106.754: Total time for which application threads were stopped: 0.0001177 seconds, Stopping threads took: 0.0000411 seconds
2016-05-16T14:30:28.887+0100: 106.754: Total time for which application threads were stopped: 0.0000837 seconds, Stopping threads took: 0.0000284 seconds
2016-05-16T14:30:28.887+0100: 106.754: Total time for which application threads were stopped: 0.0000837 seconds, Stopping threads took: 0.0000276 seconds
2016-05-16T14:30:28.887+0100: 106.754: Total time for which application threads were stopped: 0.0000813 seconds, Stopping threads took: 0.0000268 seconds
2016-05-16T14:30:28.888+0100: 106.755: Total time for which application threads were stopped: 0.0000924 seconds, Stopping threads took: 0.0000308 seconds
2016-05-16T14:30:28.888+0100: 106.755: Total time for which application threads were stopped: 0.0000916 seconds, Stopping threads took: 0.0000340 seconds
2016-05-16T14:30:28.889+0100: 106.756: Total time for which application threads were stopped: 0.0001224 seconds, Stopping threads took: 0.0000458 seconds
2016-05-16T14:30:28.890+0100: 106.757: Total time for which application threads were stopped: 0.0001177 seconds, Stopping threads took: 0.0000308 seconds
2016-05-16T14:30:28.891+0100: 106.758: Total time for which application threads were stopped: 0.0001256 seconds, Stopping threads took: 0.0000434 seconds
2016-05-16T14:30:29.752+0100: 107.619: Total time for which application threads were stopped: 0.0002077 seconds, Stopping threads took: 0.0000537 seconds
2016-05-16T14:30:29.752+0100: 107.619: Total time for which application threads were stopped: 0.0000876 seconds, Stopping threads took: 0.0000292 seconds
2016-05-16T14:30:29.752+0100: 107.619: Total time for which application threads were stopped: 0.0000837 seconds, Stopping threads took: 0.0000276 seconds
2016-05-16T14:30:29.752+0100: 107.619: Total time for which application threads were stopped: 0.0000837 seconds, Stopping threads took: 0.0000284 seconds
2016-05-16T14:30:29.752+0100: 107.619: Total time for which application threads were stopped: 0.0000853 seconds, Stopping threads took: 0.0000276 seconds
2016-05-16T14:30:29.752+0100: 107.619: Total time for which application threads were stopped: 0.0000821 seconds, Stopping threads took: 0.0000276 seconds
2016-05-16T14:30:29.753+0100: 107.620: Total time for which application threads were stopped: 0.0001058 seconds, Stopping threads took: 0.0000450 seconds
2016-05-16T14:30:29.753+0100: 107.620: Total time for which application threads were stopped: 0.0000829 seconds, Stopping threads took: 0.0000276 seconds
2016-05-16T14:30:29.753+0100: 107.620: Total time for which application threads were stopped: 0.0000821 seconds, Stopping threads took: 0.0000276 seconds
2016-05-16T14:30:29.753+0100: 107.620: Total time for which application threads were stopped: 0.0000821 seconds, Stopping threads took: 0.0000276 seconds
2016-05-16T14:30:29.753+0100: 107.620: Total time for which application threads were stopped: 0.0000940 seconds, Stopping threads took: 0.0000276 seconds
2016-05-16T14:30:29.753+0100: 107.620: Total time for which application threads were stopped: 0.0000821 seconds, Stopping threads took: 0.0000276 seconds
2016-05-16T14:30:29.753+0100: 107.621: Total time for which application threads were stopped: 0.0000821 seconds, Stopping threads took: 0.0000276 seconds
2016-05-16T14:30:29.753+0100: 107.621: Total time for which application threads were stopped: 0.0000821 seconds, Stopping threads took: 0.0000276 seconds
2016-05-16T14:30:29.754+0100: 107.621: Total time for which application threads were stopped: 0.0000853 seconds, Stopping threads took: 0.0000292 seconds
2016-05-16T14:30:29.754+0100: 107.621: Total time for which application threads were stopped: 0.0000837 seconds, Stopping threads took: 0.0000276 seconds
2016-05-16T14:30:29.754+0100: 107.621: Total time for which application threads were stopped: 0.0000892 seconds, Stopping threads took: 0.0000268 seconds
2016-05-16T14:30:29.754+0100: 107.621: Total time for which application threads were stopped: 0.0000798 seconds, Stopping threads took: 0.0000221 seconds
2016-05-16T14:30:29.754+0100: 107.622: Total time for which application threads were stopped: 0.0001619 seconds, Stopping threads took: 0.0001027 seconds
2016-05-16T14:30:29.755+0100: 107.622: Total time for which application threads were stopped: 0.0002187 seconds, Stopping threads took: 0.0000205 seconds
2016-05-16T14:30:29.961+0100: 107.828: Total time for which application threads were stopped: 0.0004019 seconds, Stopping threads took: 0.0002385 seconds
2016-05-16T14:30:29.970+0100: 107.837: Total time for which application threads were stopped: 0.0001816 seconds, Stopping threads took: 0.0000545 seconds
2016-05-16T14:30:29.970+0100: 107.838: Total time for which application threads were stopped: 0.0000805 seconds, Stopping threads took: 0.0000190 seconds
2016-05-16T14:30:29.971+0100: 107.838: Total time for which application threads were stopped: 0.0000837 seconds, Stopping threads took: 0.0000197 seconds
2016-05-16T14:30:29.971+0100: 107.838: Total time for which application threads were stopped: 0.0000790 seconds, Stopping threads took: 0.0000182 seconds
2016-05-16T14:30:29.973+0100: 107.840: Total time for which application threads were stopped: 0.0001161 seconds, Stopping threads took: 0.0000316 seconds
2016-05-16T14:30:29.990+0100: 107.857: Total time for which application threads were stopped: 0.0001390 seconds, Stopping threads took: 0.0000474 seconds
2016-05-16T14:30:30.002+0100: 107.869: Total time for which application threads were stopped: 0.0001485 seconds, Stopping threads took: 0.0000419 seconds
2016-05-16T14:30:30.002+0100: 107.869: Total time for which application threads were stopped: 0.0000774 seconds, Stopping threads took: 0.0000197 seconds
2016-05-16T14:30:30.002+0100: 107.869: Total time for which application threads were stopped: 0.0000742 seconds, Stopping threads took: 0.0000190 seconds
2016-05-16T14:30:30.002+0100: 107.869: Total time for which application threads were stopped: 0.0000734 seconds, Stopping threads took: 0.0000190 seconds
2016-05-16T14:30:30.002+0100: 107.870: Total time for which application threads were stopped: 0.0000742 seconds, Stopping threads took: 0.0000190 seconds
2016-05-16T14:30:30.003+0100: 107.870: Total time for which application threads were stopped: 0.0001413 seconds, Stopping threads took: 0.0000190 seconds
2016-05-16T14:30:30.003+0100: 107.870: Total time for which application threads were stopped: 0.0000774 seconds, Stopping threads took: 0.0000213 seconds
2016-05-16T14:30:30.003+0100: 107.870: Total time for which application threads were stopped: 0.0000766 seconds, Stopping threads took: 0.0000205 seconds
2016-05-16T14:30:30.003+0100: 107.870: Total time for which application threads were stopped: 0.0000758 seconds, Stopping threads took: 0.0000205 seconds
2016-05-16T14:30:30.003+0100: 107.870: Total time for which application threads were stopped: 0.0000766 seconds, Stopping threads took: 0.0000205 seconds
2016-05-16T14:30:30.003+0100: 107.870: Total time for which application threads were stopped: 0.0000782 seconds, Stopping threads took: 0.0000205 seconds
2016-05-16T14:30:30.390+0100: 108.257: Total time for which application threads were stopped: 0.0120151 seconds, Stopping threads took: 0.0117703 seconds
2016-05-16T14:30:30.404+0100: 108.271: Total time for which application threads were stopped: 0.0001492 seconds, Stopping threads took: 0.0000490 seconds
2016-05-16T14:30:31.404+0100: 109.271: Total time for which application threads were stopped: 0.0002108 seconds, Stopping threads took: 0.0000948 seconds
2016-05-16T14:30:34.404+0100: 112.271: Total time for which application threads were stopped: 0.0001903 seconds, Stopping threads took: 0.0000474 seconds
2016-05-16T14:30:38.405+0100: 116.271: Total time for which application threads were stopped: 0.0002014 seconds, Stopping threads took: 0.0000474 seconds
2016-05-16T14:30:40.405+0100: 118.272: Total time for which application threads were stopped: 0.0001611 seconds, Stopping threads took: 0.0000490 seconds
{Heap before GC invocations=5 (full 1):
 par new generation   total 109248K, used 105095K [0x00000000e0000000, 0x00000000e8000000, 0x00000000e8000000)
  eden space 87424K, 100% used [0x00000000e0000000, 0x00000000e5560000, 0x00000000e5560000)
  from space 21824K,  80% used [0x00000000e6ab0000, 0x00000000e7bf1eb0, 0x00000000e8000000)
  to   space 21824K,   0% used [0x00000000e5560000, 0x00000000e5560000, 0x00000000e6ab0000)
 concurrent mark-sweep generation total 393216K, used 0K [0x00000000e8000000, 0x0000000100000000, 0x0000000100000000)
 Metaspace       used 31555K, capacity 31966K, committed 32328K, reserved 1077248K
  class space    used 3670K, capacity 3791K, committed 3912K, reserved 1048576K
2016-05-16T14:30:40.870+0100: 118.737: [GC (Allocation Failure) 2016-05-16T14:30:40.870+0100: 118.737: [ParNew
Desired survivor size 20112992 bytes, new threshold 6 (max 8)
- age   1:   11577368 bytes,   11577368 total
- age   2:    3890464 bytes,   15467832 total
- age   3:     107400 bytes,   15575232 total
- age   4:     255376 bytes,   15830608 total
- age   5:    2485328 bytes,   18315936 total
- age   6:    2593688 bytes,   20909624 total
: 105095K->21824K(109248K), 0.1154109 secs] 105095K->23173K(502464K), 0.1155885 secs] [Times: user=0.22 sys=0.00, real=0.12 secs] 
Heap after GC invocations=6 (full 1):
 par new generation   total 109248K, used 21824K [0x00000000e0000000, 0x00000000e8000000, 0x00000000e8000000)
  eden space 87424K,   0% used [0x00000000e0000000, 0x00000000e0000000, 0x00000000e5560000)
  from space 21824K, 100% used [0x00000000e5560000, 0x00000000e6ab0000, 0x00000000e6ab0000)
  to   space 21824K,   0% used [0x00000000e6ab0000, 0x00000000e6ab0000, 0x00000000e8000000)
 concurrent mark-sweep generation total 393216K, used 1349K [0x00000000e8000000, 0x0000000100000000, 0x0000000100000000)
 Metaspace       used 31555K, capacity 31966K, committed 32328K, reserved 1077248K
  class space    used 3670K, capacity 3791K, committed 3912K, reserved 1048576K
}
2016-05-16T14:30:40.986+0100: 118.853: Total time for which application threads were stopped: 0.1160181 seconds, Stopping threads took: 0.0000490 seconds
2016-05-16T14:30:41.020+0100: 118.887: Total time for which application threads were stopped: 0.0002590 seconds, Stopping threads took: 0.0000742 seconds
2016-05-16T14:30:41.020+0100: 118.887: Total time for which application threads were stopped: 0.0001485 seconds, Stopping threads took: 0.0000268 seconds
2016-05-16T14:30:41.020+0100: 118.887: Total time for which application threads were stopped: 0.0001437 seconds, Stopping threads took: 0.0000261 seconds
2016-05-16T14:30:41.022+0100: 118.889: Total time for which application threads were stopped: 0.0011355 seconds, Stopping threads took: 0.0009910 seconds
2016-05-16T14:30:41.022+0100: 118.889: Total time for which application threads were stopped: 0.0000884 seconds, Stopping threads took: 0.0000300 seconds
2016-05-16T14:30:41.022+0100: 118.889: Total time for which application threads were stopped: 0.0000853 seconds, Stopping threads took: 0.0000284 seconds
2016-05-16T14:30:41.022+0100: 118.889: Total time for which application threads were stopped: 0.0000853 seconds, Stopping threads took: 0.0000276 seconds
2016-05-16T14:30:41.023+0100: 118.889: Total time for which application threads were stopped: 0.0000853 seconds, Stopping threads took: 0.0000284 seconds
2016-05-16T14:30:41.023+0100: 118.890: Total time for which application threads were stopped: 0.0000845 seconds, Stopping threads took: 0.0000276 seconds
2016-05-16T14:30:41.023+0100: 118.890: Total time for which application threads were stopped: 0.0001445 seconds, Stopping threads took: 0.0000284 seconds
2016-05-16T14:30:41.023+0100: 118.890: Total time for which application threads were stopped: 0.0001429 seconds, Stopping threads took: 0.0000276 seconds
2016-05-16T14:30:41.023+0100: 118.890: Total time for which application threads were stopped: 0.0001390 seconds, Stopping threads took: 0.0000276 seconds
2016-05-16T14:30:41.024+0100: 118.890: Total time for which application threads were stopped: 0.0001421 seconds, Stopping threads took: 0.0000276 seconds
2016-05-16T14:30:41.024+0100: 118.891: Total time for which application threads were stopped: 0.0001398 seconds, Stopping threads took: 0.0000276 seconds
2016-05-16T14:30:41.024+0100: 118.891: Total time for which application threads were stopped: 0.0001429 seconds, Stopping threads took: 0.0000276 seconds
2016-05-16T14:30:41.024+0100: 118.891: Total time for which application threads were stopped: 0.0001453 seconds, Stopping threads took: 0.0000292 seconds
2016-05-16T14:30:41.024+0100: 118.891: Total time for which application threads were stopped: 0.0001840 seconds, Stopping threads took: 0.0000276 seconds
2016-05-16T14:30:41.025+0100: 118.892: Total time for which application threads were stopped: 0.0001453 seconds, Stopping threads took: 0.0000292 seconds
2016-05-16T14:30:42.025+0100: 119.892: Total time for which application threads were stopped: 0.0002037 seconds, Stopping threads took: 0.0000513 seconds
2016-05-16T14:30:45.025+0100: 122.892: Total time for which application threads were stopped: 0.0001587 seconds, Stopping threads took: 0.0000505 seconds
2016-05-16T14:30:46.025+0100: 123.892: Total time for which application threads were stopped: 0.0001611 seconds, Stopping threads took: 0.0000497 seconds
2016-05-16T14:30:49.025+0100: 126.892: Total time for which application threads were stopped: 0.0001485 seconds, Stopping threads took: 0.0000537 seconds
2016-05-16T14:30:49.846+0100: 127.713: Total time for which application threads were stopped: 0.0001864 seconds, Stopping threads took: 0.0000482 seconds
2016-05-16T14:30:49.846+0100: 127.714: Total time for which application threads were stopped: 0.0000805 seconds, Stopping threads took: 0.0000205 seconds
2016-05-16T14:30:49.847+0100: 127.715: Total time for which application threads were stopped: 0.0001066 seconds, Stopping threads took: 0.0000245 seconds
2016-05-16T14:30:49.847+0100: 127.715: Total time for which application threads were stopped: 0.0000821 seconds, Stopping threads took: 0.0000190 seconds
2016-05-16T14:30:49.847+0100: 127.715: Total time for which application threads were stopped: 0.0001090 seconds, Stopping threads took: 0.0000190 seconds
2016-05-16T14:30:49.848+0100: 127.715: Total time for which application threads were stopped: 0.0000829 seconds, Stopping threads took: 0.0000190 seconds
2016-05-16T14:30:49.859+0100: 127.727: Total time for which application threads were stopped: 0.0001571 seconds, Stopping threads took: 0.0000474 seconds
2016-05-16T14:30:49.859+0100: 127.727: Total time for which application threads were stopped: 0.0000790 seconds, Stopping threads took: 0.0000190 seconds
2016-05-16T14:30:49.862+0100: 127.730: Total time for which application threads were stopped: 0.0001319 seconds, Stopping threads took: 0.0000387 seconds
2016-05-16T14:30:49.862+0100: 127.730: Total time for which application threads were stopped: 0.0000790 seconds, Stopping threads took: 0.0000197 seconds
2016-05-16T14:30:49.863+0100: 127.730: Total time for which application threads were stopped: 0.0000892 seconds, Stopping threads took: 0.0000205 seconds
2016-05-16T14:30:49.863+0100: 127.730: Total time for which application threads were stopped: 0.0000790 seconds, Stopping threads took: 0.0000190 seconds
2016-05-16T14:30:49.872+0100: 127.739: Total time for which application threads were stopped: 0.0001469 seconds, Stopping threads took: 0.0000442 seconds
2016-05-16T14:30:49.872+0100: 127.739: Total time for which application threads were stopped: 0.0000798 seconds, Stopping threads took: 0.0000205 seconds
2016-05-16T14:30:49.891+0100: 127.758: Total time for which application threads were stopped: 0.0001856 seconds, Stopping threads took: 0.0000569 seconds
2016-05-16T14:30:49.892+0100: 127.759: Total time for which application threads were stopped: 0.0001161 seconds, Stopping threads took: 0.0000332 seconds
2016-05-16T14:30:49.894+0100: 127.761: Total time for which application threads were stopped: 0.0001303 seconds, Stopping threads took: 0.0000332 seconds
2016-05-16T14:30:49.894+0100: 127.761: Total time for which application threads were stopped: 0.0000869 seconds, Stopping threads took: 0.0000221 seconds
2016-05-16T14:30:49.905+0100: 127.772: Total time for which application threads were stopped: 0.0001627 seconds, Stopping threads took: 0.0000474 seconds
2016-05-16T14:30:49.906+0100: 127.773: Total time for which application threads were stopped: 0.0001090 seconds, Stopping threads took: 0.0000308 seconds
2016-05-16T14:30:49.909+0100: 127.776: Total time for which application threads were stopped: 0.0006909 seconds, Stopping threads took: 0.0000379 seconds
2016-05-16T14:30:49.938+0100: 127.805: Total time for which application threads were stopped: 0.0001745 seconds, Stopping threads took: 0.0000482 seconds
2016-05-16T14:30:49.941+0100: 127.809: Total time for which application threads were stopped: 0.0001421 seconds, Stopping threads took: 0.0000434 seconds
2016-05-16T14:30:49.944+0100: 127.811: Total time for which application threads were stopped: 0.0001453 seconds, Stopping threads took: 0.0000395 seconds
2016-05-16T14:30:49.944+0100: 127.812: Total time for which application threads were stopped: 0.0001011 seconds, Stopping threads took: 0.0000253 seconds
2016-05-16T14:30:49.946+0100: 127.813: Total time for which application threads were stopped: 0.0001429 seconds, Stopping threads took: 0.0000411 seconds
2016-05-16T14:30:49.946+0100: 127.813: Total time for which application threads were stopped: 0.0000900 seconds, Stopping threads took: 0.0000229 seconds
2016-05-16T14:30:49.946+0100: 127.814: Total time for which application threads were stopped: 0.0000813 seconds, Stopping threads took: 0.0000213 seconds
2016-05-16T14:30:49.947+0100: 127.814: Total time for which application threads were stopped: 0.0000908 seconds, Stopping threads took: 0.0000229 seconds
2016-05-16T14:30:49.955+0100: 127.822: Total time for which application threads were stopped: 0.0003443 seconds, Stopping threads took: 0.0000474 seconds
2016-05-16T14:30:49.964+0100: 127.832: Total time for which application threads were stopped: 0.0001540 seconds, Stopping threads took: 0.0000474 seconds
2016-05-16T14:30:49.965+0100: 127.832: Total time for which application threads were stopped: 0.0001105 seconds, Stopping threads took: 0.0000268 seconds
2016-05-16T14:30:50.966+0100: 128.834: Total time for which application threads were stopped: 0.0001792 seconds, Stopping threads took: 0.0000529 seconds
2016-05-16T14:30:51.966+0100: 129.833: Total time for which application threads were stopped: 0.0001714 seconds, Stopping threads took: 0.0000513 seconds
2016-05-16T14:30:55.970+0100: 133.837: Total time for which application threads were stopped: 0.0001927 seconds, Stopping threads took: 0.0000805 seconds
2016-05-16T14:30:56.970+0100: 134.836: Total time for which application threads were stopped: 0.0001595 seconds, Stopping threads took: 0.0000458 seconds
2016-05-16T14:30:59.970+0100: 137.837: Total time for which application threads were stopped: 0.0001769 seconds, Stopping threads took: 0.0000513 seconds
2016-05-16T14:31:00.970+0100: 138.837: Total time for which application threads were stopped: 0.0001548 seconds, Stopping threads took: 0.0000521 seconds
2016-05-16T14:31:02.970+0100: 140.837: Total time for which application threads were stopped: 0.0002416 seconds, Stopping threads took: 0.0000482 seconds
2016-05-16T14:31:07.970+0100: 145.837: Total time for which application threads were stopped: 0.0001706 seconds, Stopping threads took: 0.0000490 seconds
2016-05-16T14:31:10.937+0100: 148.805: Total time for which application threads were stopped: 0.0001911 seconds, Stopping threads took: 0.0000632 seconds
2016-05-16T14:31:10.937+0100: 148.805: Total time for which application threads were stopped: 0.0000940 seconds, Stopping threads took: 0.0000284 seconds
{Heap before GC invocations=6 (full 1):
 par new generation   total 109248K, used 109248K [0x00000000e0000000, 0x00000000e8000000, 0x00000000e8000000)
  eden space 87424K, 100% used [0x00000000e0000000, 0x00000000e5560000, 0x00000000e5560000)
  from space 21824K, 100% used [0x00000000e5560000, 0x00000000e6ab0000, 0x00000000e6ab0000)
  to   space 21824K,   0% used [0x00000000e6ab0000, 0x00000000e6ab0000, 0x00000000e8000000)
 concurrent mark-sweep generation total 393216K, used 1349K [0x00000000e8000000, 0x0000000100000000, 0x0000000100000000)
 Metaspace       used 32149K, capacity 32590K, committed 32840K, reserved 1079296K
  class space    used 3727K, capacity 3911K, committed 3912K, reserved 1048576K
2016-05-16T14:31:11.309+0100: 149.176: [GC (Allocation Failure) 2016-05-16T14:31:11.309+0100: 149.176: [ParNew
Desired survivor size 20112992 bytes, new threshold 8 (max 8)
- age   1:     792064 bytes,     792064 total
- age   2:    9236424 bytes,   10028488 total
- age   3:    3848040 bytes,   13876528 total
- age   4:     107400 bytes,   13983928 total
- age   5:     252920 bytes,   14236848 total
- age   6:    2481392 bytes,   16718240 total
: 109248K->21824K(109248K), 0.1042280 secs] 110597K->26860K(502464K), 0.1044096 secs] [Times: user=0.16 sys=0.02, real=0.10 secs] 
Heap after GC invocations=7 (full 1):
 par new generation   total 109248K, used 21824K [0x00000000e0000000, 0x00000000e8000000, 0x00000000e8000000)
  eden space 87424K,   0% used [0x00000000e0000000, 0x00000000e0000000, 0x00000000e5560000)
  from space 21824K, 100% used [0x00000000e6ab0000, 0x00000000e8000000, 0x00000000e8000000)
  to   space 21824K,   0% used [0x00000000e5560000, 0x00000000e5560000, 0x00000000e6ab0000)
 concurrent mark-sweep generation total 393216K, used 5036K [0x00000000e8000000, 0x0000000100000000, 0x0000000100000000)
 Metaspace       used 32149K, capacity 32590K, committed 32840K, reserved 1079296K
  class space    used 3727K, capacity 3911K, committed 3912K, reserved 1048576K
}
2016-05-16T14:31:11.413+0100: 149.281: Total time for which application threads were stopped: 0.1049363 seconds, Stopping threads took: 0.0000561 seconds
2016-05-16T14:31:11.449+0100: 149.316: Total time for which application threads were stopped: 0.0029982 seconds, Stopping threads took: 0.0026350 seconds
2016-05-16T14:31:12.484+0100: 150.351: Total time for which application threads were stopped: 0.0001777 seconds, Stopping threads took: 0.0000521 seconds
2016-05-16T14:31:13.484+0100: 151.350: Total time for which application threads were stopped: 0.0001974 seconds, Stopping threads took: 0.0000490 seconds
2016-05-16T14:31:18.484+0100: 156.357: Total time for which application threads were stopped: 0.0001737 seconds, Stopping threads took: 0.0000545 seconds
2016-05-16T14:31:21.484+0100: 159.357: Total time for which application threads were stopped: 0.0002337 seconds, Stopping threads took: 0.0000561 seconds
2016-05-16T14:31:27.484+0100: 165.357: Total time for which application threads were stopped: 0.0001635 seconds, Stopping threads took: 0.0000537 seconds
2016-05-16T14:31:42.485+0100: 180.358: Total time for which application threads were stopped: 0.0001674 seconds, Stopping threads took: 0.0000529 seconds
2016-05-16T14:31:57.486+0100: 195.359: Total time for which application threads were stopped: 0.0001603 seconds, Stopping threads took: 0.0000482 seconds
2016-05-16T14:32:04.487+0100: 202.359: Total time for which application threads were stopped: 0.0001603 seconds, Stopping threads took: 0.0000474 seconds
2016-05-16T14:32:05.487+0100: 203.359: Total time for which application threads were stopped: 0.0001706 seconds, Stopping threads took: 0.0000505 seconds
2016-05-16T14:32:27.336+0100: 225.211: Total time for which application threads were stopped: 0.0007699 seconds, Stopping threads took: 0.0006143 seconds
2016-05-16T14:32:52.836+0100: 250.711: Total time for which application threads were stopped: 0.0002061 seconds, Stopping threads took: 0.0000726 seconds
2016-05-16T14:32:52.837+0100: 250.713: Total time for which application threads were stopped: 0.0001358 seconds, Stopping threads took: 0.0000363 seconds
2016-05-16T14:32:52.849+0100: 250.724: Total time for which application threads were stopped: 0.0002140 seconds, Stopping threads took: 0.0000869 seconds
{Heap before GC invocations=7 (full 1):
 par new generation   total 109248K, used 109248K [0x00000000e0000000, 0x00000000e8000000, 0x00000000e8000000)
  eden space 87424K, 100% used [0x00000000e0000000, 0x00000000e5560000, 0x00000000e5560000)
  from space 21824K, 100% used [0x00000000e6ab0000, 0x00000000e8000000, 0x00000000e8000000)
  to   space 21824K,   0% used [0x00000000e5560000, 0x00000000e5560000, 0x00000000e6ab0000)
 concurrent mark-sweep generation total 393216K, used 5036K [0x00000000e8000000, 0x0000000100000000, 0x0000000100000000)
 Metaspace       used 32285K, capacity 32718K, committed 32840K, reserved 1079296K
  class space    used 3727K, capacity 3911K, committed 3912K, reserved 1048576K
2016-05-16T14:32:52.856+0100: 250.731: [GC (Allocation Failure) 2016-05-16T14:32:52.856+0100: 250.731: [ParNew
Desired survivor size 20112992 bytes, new threshold 8 (max 8)
- age   1:     441688 bytes,     441688 total
- age   2:     158944 bytes,     600632 total
- age   3:    9226664 bytes,    9827296 total
- age   4:    3835784 bytes,   13663080 total
- age   5:     107400 bytes,   13770480 total
- age   6:     252920 bytes,   14023400 total
- age   7:    2479088 bytes,   16502488 total
: 109248K->21824K(109248K), 0.1083807 secs] 114284K->26860K(502464K), 0.1085394 secs] [Times: user=0.13 sys=0.00, real=0.11 secs] 
Heap after GC invocations=8 (full 1):
 par new generation   total 109248K, used 21824K [0x00000000e0000000, 0x00000000e8000000, 0x00000000e8000000)
  eden space 87424K,   0% used [0x00000000e0000000, 0x00000000e0000000, 0x00000000e5560000)
  from space 21824K, 100% used [0x00000000e5560000, 0x00000000e6ab0000, 0x00000000e6ab0000)
  to   space 21824K,   0% used [0x00000000e6ab0000, 0x00000000e6ab0000, 0x00000000e8000000)
 concurrent mark-sweep generation total 393216K, used 5036K [0x00000000e8000000, 0x0000000100000000, 0x0000000100000000)
 Metaspace       used 32285K, capacity 32718K, committed 32840K, reserved 1079296K
  class space    used 3727K, capacity 3911K, committed 3912K, reserved 1048576K
}
2016-05-16T14:32:52.964+0100: 250.840: Total time for which application threads were stopped: 0.1089777 seconds, Stopping threads took: 0.0000537 seconds
2016-05-16T14:32:52.994+0100: 250.869: Total time for which application threads were stopped: 0.0036931 seconds, Stopping threads took: 0.0035178 seconds
2016-05-16T14:32:52.995+0100: 250.870: Total time for which application threads were stopped: 0.0001429 seconds, Stopping threads took: 0.0000442 seconds
2016-05-16T14:32:52.995+0100: 250.871: Total time for which application threads were stopped: 0.0000932 seconds, Stopping threads took: 0.0000268 seconds
2016-05-16T14:32:52.995+0100: 250.871: Total time for which application threads were stopped: 0.0001453 seconds, Stopping threads took: 0.0000261 seconds
2016-05-16T14:32:52.995+0100: 250.871: Total time for which application threads were stopped: 0.0001437 seconds, Stopping threads took: 0.0000268 seconds
2016-05-16T14:32:52.996+0100: 250.871: Total time for which application threads were stopped: 0.0000940 seconds, Stopping threads took: 0.0000268 seconds
2016-05-16T14:32:52.996+0100: 250.871: Total time for which application threads were stopped: 0.0000924 seconds, Stopping threads took: 0.0000268 seconds
2016-05-16T14:32:52.996+0100: 250.871: Total time for which application threads were stopped: 0.0001429 seconds, Stopping threads took: 0.0000308 seconds
2016-05-16T14:32:52.996+0100: 250.872: Total time for which application threads were stopped: 0.0000932 seconds, Stopping threads took: 0.0000284 seconds
2016-05-16T14:32:52.996+0100: 250.872: Total time for which application threads were stopped: 0.0000924 seconds, Stopping threads took: 0.0000284 seconds
2016-05-16T14:32:52.996+0100: 250.872: Total time for which application threads were stopped: 0.0000924 seconds, Stopping threads took: 0.0000284 seconds
2016-05-16T14:32:52.997+0100: 250.872: Total time for which application threads were stopped: 0.0001027 seconds, Stopping threads took: 0.0000316 seconds
2016-05-16T14:32:52.997+0100: 250.872: Total time for which application threads were stopped: 0.0000963 seconds, Stopping threads took: 0.0000292 seconds
2016-05-16T14:32:52.997+0100: 250.873: Total time for which application threads were stopped: 0.0000924 seconds, Stopping threads took: 0.0000284 seconds
2016-05-16T14:32:52.997+0100: 250.873: Total time for which application threads were stopped: 0.0000955 seconds, Stopping threads took: 0.0000292 seconds
2016-05-16T14:32:52.997+0100: 250.873: Total time for which application threads were stopped: 0.0000971 seconds, Stopping threads took: 0.0000300 seconds
2016-05-16T14:32:52.998+0100: 250.873: Total time for which application threads were stopped: 0.0000979 seconds, Stopping threads took: 0.0000292 seconds
2016-05-16T14:32:52.998+0100: 250.873: Total time for which application threads were stopped: 0.0000979 seconds, Stopping threads took: 0.0000316 seconds
2016-05-16T14:32:52.998+0100: 250.873: Total time for which application threads were stopped: 0.0000924 seconds, Stopping threads took: 0.0000276 seconds
2016-05-16T14:32:52.998+0100: 250.874: Total time for which application threads were stopped: 0.0002874 seconds, Stopping threads took: 0.0000276 seconds
2016-05-16T14:32:53.860+0100: 251.735: Total time for which application threads were stopped: 0.0002077 seconds, Stopping threads took: 0.0000490 seconds
2016-05-16T14:32:53.861+0100: 251.736: Total time for which application threads were stopped: 0.0001263 seconds, Stopping threads took: 0.0000411 seconds
2016-05-16T14:32:53.862+0100: 251.737: Total time for which application threads were stopped: 0.0001295 seconds, Stopping threads took: 0.0000403 seconds
2016-05-16T14:32:55.864+0100: 253.739: Total time for which application threads were stopped: 0.0001935 seconds, Stopping threads took: 0.0000624 seconds
2016-05-16T14:32:59.865+0100: 257.739: Total time for which application threads were stopped: 0.0001690 seconds, Stopping threads took: 0.0000521 seconds
2016-05-16T14:33:00.865+0100: 258.740: Total time for which application threads were stopped: 0.0001666 seconds, Stopping threads took: 0.0000561 seconds
2016-05-16T14:33:01.865+0100: 259.740: Total time for which application threads were stopped: 0.0001619 seconds, Stopping threads took: 0.0000482 seconds
2016-05-16T14:33:02.865+0100: 260.740: Total time for which application threads were stopped: 0.0001800 seconds, Stopping threads took: 0.0000584 seconds
2016-05-16T14:33:05.865+0100: 263.740: Total time for which application threads were stopped: 0.0001974 seconds, Stopping threads took: 0.0000782 seconds
2016-05-16T14:33:06.883+0100: 264.758: Total time for which application threads were stopped: 0.0002574 seconds, Stopping threads took: 0.0000505 seconds
2016-05-16T14:33:08.883+0100: 266.758: Total time for which application threads were stopped: 0.0001595 seconds, Stopping threads took: 0.0000529 seconds
2016-05-16T14:33:09.883+0100: 267.758: Total time for which application threads were stopped: 0.0001650 seconds, Stopping threads took: 0.0000482 seconds
{Heap before GC invocations=8 (full 1):
 par new generation   total 109248K, used 109248K [0x00000000e0000000, 0x00000000e8000000, 0x00000000e8000000)
  eden space 87424K, 100% used [0x00000000e0000000, 0x00000000e5560000, 0x00000000e5560000)
  from space 21824K, 100% used [0x00000000e5560000, 0x00000000e6ab0000, 0x00000000e6ab0000)
  to   space 21824K,   0% used [0x00000000e6ab0000, 0x00000000e6ab0000, 0x00000000e8000000)
 concurrent mark-sweep generation total 393216K, used 5036K [0x00000000e8000000, 0x0000000100000000, 0x0000000100000000)
 Metaspace       used 32408K, capacity 32846K, committed 33096K, reserved 1079296K
  class space    used 3728K, capacity 3911K, committed 3912K, reserved 1048576K
2016-05-16T14:33:11.127+0100: 269.003: [GC (Allocation Failure) 2016-05-16T14:33:11.127+0100: 269.003: [ParNew
Desired survivor size 20112992 bytes, new threshold 8 (max 8)
- age   1:     356296 bytes,     356296 total
- age   2:      23952 bytes,     380248 total
- age   3:     155000 bytes,     535248 total
- age   4:    9225784 bytes,    9761032 total
- age   5:    3831384 bytes,   13592416 total
- age   6:     107400 bytes,   13699816 total
- age   7:     252536 bytes,   13952352 total
- age   8:    2476408 bytes,   16428760 total
: 109248K->21824K(109248K), 0.0777294 secs] 114284K->26860K(502464K), 0.0778897 secs] [Times: user=0.14 sys=0.00, real=0.08 secs] 
Heap after GC invocations=9 (full 1):
 par new generation   total 109248K, used 21824K [0x00000000e0000000, 0x00000000e8000000, 0x00000000e8000000)
  eden space 87424K,   0% used [0x00000000e0000000, 0x00000000e0000000, 0x00000000e5560000)
  from space 21824K, 100% used [0x00000000e6ab0000, 0x00000000e8000000, 0x00000000e8000000)
  to   space 21824K,   0% used [0x00000000e5560000, 0x00000000e5560000, 0x00000000e6ab0000)
 concurrent mark-sweep generation total 393216K, used 5036K [0x00000000e8000000, 0x0000000100000000, 0x0000000100000000)
 Metaspace       used 32408K, capacity 32846K, committed 33096K, reserved 1079296K
  class space    used 3728K, capacity 3911K, committed 3912K, reserved 1048576K
}
2016-05-16T14:33:11.205+0100: 269.081: Total time for which application threads were stopped: 0.0783019 seconds, Stopping threads took: 0.0000426 seconds
2016-05-16T14:33:11.207+0100: 269.082: Total time for which application threads were stopped: 0.0011576 seconds, Stopping threads took: 0.0010336 seconds
2016-05-16T14:33:11.208+0100: 269.084: Total time for which application threads were stopped: 0.0010597 seconds, Stopping threads took: 0.0009231 seconds
2016-05-16T14:33:11.209+0100: 269.085: Total time for which application threads were stopped: 0.0009626 seconds, Stopping threads took: 0.0008876 seconds
2016-05-16T14:33:11.210+0100: 269.086: Total time for which application threads were stopped: 0.0010684 seconds, Stopping threads took: 0.0009452 seconds
2016-05-16T14:33:11.210+0100: 269.086: Total time for which application threads were stopped: 0.0000932 seconds, Stopping threads took: 0.0000276 seconds
2016-05-16T14:33:11.211+0100: 269.086: Total time for which application threads were stopped: 0.0001429 seconds, Stopping threads took: 0.0000268 seconds
2016-05-16T14:33:11.211+0100: 269.086: Total time for which application threads were stopped: 0.0001406 seconds, Stopping threads took: 0.0000261 seconds
2016-05-16T14:33:11.211+0100: 269.086: Total time for which application threads were stopped: 0.0001406 seconds, Stopping threads took: 0.0000253 seconds
2016-05-16T14:33:11.211+0100: 269.087: Total time for which application threads were stopped: 0.0000908 seconds, Stopping threads took: 0.0000261 seconds
2016-05-16T14:33:11.211+0100: 269.087: Total time for which application threads were stopped: 0.0000900 seconds, Stopping threads took: 0.0000253 seconds
2016-05-16T14:33:11.211+0100: 269.087: Total time for which application threads were stopped: 0.0000908 seconds, Stopping threads took: 0.0000253 seconds
2016-05-16T14:33:11.212+0100: 269.087: Total time for which application threads were stopped: 0.0000908 seconds, Stopping threads took: 0.0000268 seconds
2016-05-16T14:33:11.212+0100: 269.087: Total time for which application threads were stopped: 0.0000900 seconds, Stopping threads took: 0.0000253 seconds
2016-05-16T14:33:11.212+0100: 269.087: Total time for which application threads were stopped: 0.0000892 seconds, Stopping threads took: 0.0000253 seconds
2016-05-16T14:33:11.212+0100: 269.087: Total time for which application threads were stopped: 0.0000892 seconds, Stopping threads took: 0.0000253 seconds
2016-05-16T14:33:11.212+0100: 269.088: Total time for which application threads were stopped: 0.0000892 seconds, Stopping threads took: 0.0000253 seconds
2016-05-16T14:33:11.212+0100: 269.088: Total time for which application threads were stopped: 0.0000900 seconds, Stopping threads took: 0.0000253 seconds
2016-05-16T14:33:11.212+0100: 269.088: Total time for which application threads were stopped: 0.0000900 seconds, Stopping threads took: 0.0000253 seconds
2016-05-16T14:33:11.213+0100: 269.088: Total time for which application threads were stopped: 0.0001153 seconds, Stopping threads took: 0.0000253 seconds
2016-05-16T14:33:11.213+0100: 269.088: Total time for which application threads were stopped: 0.0002708 seconds, Stopping threads took: 0.0000253 seconds
2016-05-16T14:33:13.213+0100: 271.089: Total time for which application threads were stopped: 0.0001871 seconds, Stopping threads took: 0.0000679 seconds
2016-05-16T14:33:16.214+0100: 274.089: Total time for which application threads were stopped: 0.0001982 seconds, Stopping threads took: 0.0000497 seconds
2016-05-16T14:33:18.214+0100: 276.089: Total time for which application threads were stopped: 0.0001508 seconds, Stopping threads took: 0.0000450 seconds
2016-05-16T14:33:20.214+0100: 278.098: Total time for which application threads were stopped: 0.0001603 seconds, Stopping threads took: 0.0000505 seconds
2016-05-16T14:33:23.214+0100: 281.098: Total time for which application threads were stopped: 0.0001792 seconds, Stopping threads took: 0.0000458 seconds
2016-05-16T14:33:24.247+0100: 282.131: Total time for which application threads were stopped: 0.0001737 seconds, Stopping threads took: 0.0000521 seconds
2016-05-16T14:33:25.258+0100: 283.142: Total time for which application threads were stopped: 0.0001982 seconds, Stopping threads took: 0.0000592 seconds
2016-05-16T14:33:26.258+0100: 284.142: Total time for which application threads were stopped: 0.0001769 seconds, Stopping threads took: 0.0000521 seconds
2016-05-16T14:33:29.258+0100: 287.142: Total time for which application threads were stopped: 0.0001619 seconds, Stopping threads took: 0.0000505 seconds
2016-05-16T14:33:32.259+0100: 290.142: Total time for which application threads were stopped: 0.0001698 seconds, Stopping threads took: 0.0000513 seconds
2016-05-16T14:33:35.259+0100: 293.143: Total time for which application threads were stopped: 0.0001808 seconds, Stopping threads took: 0.0000537 seconds
{Heap before GC invocations=9 (full 1):
 par new generation   total 109248K, used 109241K [0x00000000e0000000, 0x00000000e8000000, 0x00000000e8000000)
  eden space 87424K,  99% used [0x00000000e0000000, 0x00000000e555e410, 0x00000000e5560000)
  from space 21824K, 100% used [0x00000000e6ab0000, 0x00000000e8000000, 0x00000000e8000000)
  to   space 21824K,   0% used [0x00000000e5560000, 0x00000000e5560000, 0x00000000e6ab0000)
 concurrent mark-sweep generation total 393216K, used 5036K [0x00000000e8000000, 0x0000000100000000, 0x0000000100000000)
 Metaspace       used 32482K, capacity 32910K, committed 33096K, reserved 1079296K
  class space    used 3728K, capacity 3911K, committed 3912K, reserved 1048576K
2016-05-16T14:33:35.260+0100: 293.144: [GC (Allocation Failure) 2016-05-16T14:33:35.260+0100: 293.144: [ParNew
Desired survivor size 20112992 bytes, new threshold 8 (max 8)
- age   1:    1967248 bytes,    1967248 total
- age   2:      10104 bytes,    1977352 total
- age   3:      23408 bytes,    2000760 total
- age   4:     155000 bytes,    2155760 total
- age   5:    9225784 bytes,   11381544 total
- age   6:    3831384 bytes,   15212928 total
- age   7:     107400 bytes,   15320328 total
- age   8:     252536 bytes,   15572864 total
: 109241K->18448K(109248K), 0.0891286 secs] 114277K->26002K(502464K), 0.0893031 secs] [Times: user=0.14 sys=0.00, real=0.09 secs] 
Heap after GC invocations=10 (full 1):
 par new generation   total 109248K, used 18448K [0x00000000e0000000, 0x00000000e8000000, 0x00000000e8000000)
  eden space 87424K,   0% used [0x00000000e0000000, 0x00000000e0000000, 0x00000000e5560000)
  from space 21824K,  84% used [0x00000000e5560000, 0x00000000e6764218, 0x00000000e6ab0000)
  to   space 21824K,   0% used [0x00000000e6ab0000, 0x00000000e6ab0000, 0x00000000e8000000)
 concurrent mark-sweep generation total 393216K, used 7554K [0x00000000e8000000, 0x0000000100000000, 0x0000000100000000)
 Metaspace       used 32482K, capacity 32910K, committed 33096K, reserved 1079296K
  class space    used 3728K, capacity 3911K, committed 3912K, reserved 1048576K
}
2016-05-16T14:33:35.350+0100: 293.234: Total time for which application threads were stopped: 0.0897058 seconds, Stopping threads took: 0.0000300 seconds
2016-05-16T14:33:36.350+0100: 294.234: Total time for which application threads were stopped: 0.0001611 seconds, Stopping threads took: 0.0000521 seconds
2016-05-16T14:33:44.350+0100: 302.234: Total time for which application threads were stopped: 0.0001627 seconds, Stopping threads took: 0.0000505 seconds
2016-05-16T14:33:46.350+0100: 304.234: Total time for which application threads were stopped: 0.0001792 seconds, Stopping threads took: 0.0000529 seconds
2016-05-16T14:33:53.351+0100: 311.235: Total time for which application threads were stopped: 0.0001642 seconds, Stopping threads took: 0.0000497 seconds
2016-05-16T14:33:54.352+0100: 312.236: Total time for which application threads were stopped: 0.0001563 seconds, Stopping threads took: 0.0000490 seconds
2016-05-16T14:33:55.352+0100: 313.236: Total time for which application threads were stopped: 0.0001595 seconds, Stopping threads took: 0.0000482 seconds
2016-05-16T14:34:16.553+0100: 334.437: Total time for which application threads were stopped: 0.0001887 seconds, Stopping threads took: 0.0000576 seconds
2016-05-16T14:34:27.514+0100: 345.400: Total time for which application threads were stopped: 0.0001698 seconds, Stopping threads took: 0.0000608 seconds
2016-05-16T14:34:27.518+0100: 345.403: Total time for which application threads were stopped: 0.0001792 seconds, Stopping threads took: 0.0000569 seconds
2016-05-16T14:34:27.519+0100: 345.405: Total time for which application threads were stopped: 0.0001342 seconds, Stopping threads took: 0.0000529 seconds
2016-05-16T14:34:27.522+0100: 345.408: Total time for which application threads were stopped: 0.0001445 seconds, Stopping threads took: 0.0000497 seconds
2016-05-16T14:34:27.522+0100: 345.408: Total time for which application threads were stopped: 0.0000766 seconds, Stopping threads took: 0.0000253 seconds
2016-05-16T14:34:27.522+0100: 345.408: Total time for which application threads were stopped: 0.0000711 seconds, Stopping threads took: 0.0000213 seconds
2016-05-16T14:34:27.522+0100: 345.408: Total time for which application threads were stopped: 0.0000758 seconds, Stopping threads took: 0.0000253 seconds
2016-05-16T14:34:27.522+0100: 345.408: Total time for which application threads were stopped: 0.0000766 seconds, Stopping threads took: 0.0000253 seconds
2016-05-16T14:34:27.522+0100: 345.408: Total time for which application threads were stopped: 0.0000774 seconds, Stopping threads took: 0.0000253 seconds
2016-05-16T14:34:27.523+0100: 345.408: Total time for which application threads were stopped: 0.0001295 seconds, Stopping threads took: 0.0000261 seconds
2016-05-16T14:34:27.526+0100: 345.412: Total time for which application threads were stopped: 0.0001429 seconds, Stopping threads took: 0.0000458 seconds
2016-05-16T14:34:27.527+0100: 345.412: Total time for which application threads were stopped: 0.0001066 seconds, Stopping threads took: 0.0000261 seconds
2016-05-16T14:34:27.527+0100: 345.412: Total time for which application threads were stopped: 0.0000798 seconds, Stopping threads took: 0.0000253 seconds
2016-05-16T14:34:27.528+0100: 345.414: Total time for which application threads were stopped: 0.0001303 seconds, Stopping threads took: 0.0000403 seconds
2016-05-16T14:34:27.528+0100: 345.414: Total time for which application threads were stopped: 0.0000948 seconds, Stopping threads took: 0.0000379 seconds
2016-05-16T14:34:27.530+0100: 345.416: Total time for which application threads were stopped: 0.0001287 seconds, Stopping threads took: 0.0000426 seconds
2016-05-16T14:34:27.530+0100: 345.416: Total time for which application threads were stopped: 0.0000869 seconds, Stopping threads took: 0.0000300 seconds
2016-05-16T14:34:27.532+0100: 345.418: Total time for which application threads were stopped: 0.0001445 seconds, Stopping threads took: 0.0000537 seconds
2016-05-16T14:34:27.532+0100: 345.418: Total time for which application threads were stopped: 0.0001184 seconds, Stopping threads took: 0.0000371 seconds
2016-05-16T14:34:27.533+0100: 345.418: Total time for which application threads were stopped: 0.0000837 seconds, Stopping threads took: 0.0000284 seconds
2016-05-16T14:34:27.533+0100: 345.418: Total time for which application threads were stopped: 0.0000790 seconds, Stopping threads took: 0.0000268 seconds
2016-05-16T14:34:27.533+0100: 345.419: Total time for which application threads were stopped: 0.0000782 seconds, Stopping threads took: 0.0000261 seconds
2016-05-16T14:34:27.533+0100: 345.419: Total time for which application threads were stopped: 0.0000963 seconds, Stopping threads took: 0.0000355 seconds
2016-05-16T14:34:27.534+0100: 345.419: Total time for which application threads were stopped: 0.0000774 seconds, Stopping threads took: 0.0000245 seconds
2016-05-16T14:34:27.534+0100: 345.420: Total time for which application threads were stopped: 0.0000790 seconds, Stopping threads took: 0.0000253 seconds
2016-05-16T14:34:27.534+0100: 345.420: Total time for which application threads were stopped: 0.0000916 seconds, Stopping threads took: 0.0000308 seconds
2016-05-16T14:34:27.537+0100: 345.423: Total time for which application threads were stopped: 0.0001950 seconds, Stopping threads took: 0.0000458 seconds
2016-05-16T14:34:27.538+0100: 345.423: Total time for which application threads were stopped: 0.0000916 seconds, Stopping threads took: 0.0000332 seconds
2016-05-16T14:34:27.538+0100: 345.424: Total time for which application threads were stopped: 0.0000892 seconds, Stopping threads took: 0.0000324 seconds
2016-05-16T14:34:27.540+0100: 345.425: Total time for which application threads were stopped: 0.0001105 seconds, Stopping threads took: 0.0000434 seconds
2016-05-16T14:34:27.549+0100: 345.434: Total time for which application threads were stopped: 0.0001540 seconds, Stopping threads took: 0.0000884 seconds
2016-05-16T14:34:27.552+0100: 345.438: Total time for which application threads were stopped: 0.0001129 seconds, Stopping threads took: 0.0000521 seconds
2016-05-16T14:34:27.552+0100: 345.438: Total time for which application threads were stopped: 0.0000600 seconds, Stopping threads took: 0.0000261 seconds
2016-05-16T14:34:27.552+0100: 345.438: Total time for which application threads were stopped: 0.0000608 seconds, Stopping threads took: 0.0000268 seconds
2016-05-16T14:34:27.552+0100: 345.438: Total time for which application threads were stopped: 0.0001074 seconds, Stopping threads took: 0.0000703 seconds
2016-05-16T14:34:27.553+0100: 345.438: Total time for which application threads were stopped: 0.0000687 seconds, Stopping threads took: 0.0000316 seconds
Heap
 par new generation   total 109248K, used 44203K [0x00000000e0000000, 0x00000000e8000000, 0x00000000e8000000)
  eden space 87424K,  29% used [0x00000000e0000000, 0x00000000e1926c98, 0x00000000e5560000)
  from space 21824K,  84% used [0x00000000e5560000, 0x00000000e6764218, 0x00000000e6ab0000)
  to   space 21824K,   0% used [0x00000000e6ab0000, 0x00000000e6ab0000, 0x00000000e8000000)
 concurrent mark-sweep generation total 393216K, used 7554K [0x00000000e8000000, 0x0000000100000000, 0x0000000100000000)
 Metaspace       used 32597K, capacity 33102K, committed 33352K, reserved 1079296K
  class space    used 3741K, capacity 3911K, committed 3912K, reserved 1048576K
