Java HotSpot(TM) 64-Bit Server VM (25.73-b02) for windows-amd64 JRE (1.8.0_73-b02), built on Jan 29 2016 17:38:49 by "java_re" with MS VC++ 10.0 (VS2010)
Memory: 4k page, physical 4027256k(1191828k free), swap 8052676k(1815004k free)
CommandLine flags: -XX:CMSInitiatingOccupancyFraction=50 -XX:CMSMaxAbortablePrecleanTime=6000 -XX:+CMSParallelRemarkEnabled -XX:+CMSScavengeBeforeRemark -XX:ConcGCThreads=4 -XX:InitialHeapSize=536870912 -XX:MaxHeapSize=536870912 -XX:MaxTenuringThreshold=8 -XX:NewRatio=3 -XX:OldPLABSize=16 -XX:ParallelGCThreads=4 -XX:+ParallelRefProcEnabled -XX:PretenureSizeThreshold=67108864 -XX:+PrintGC -XX:+PrintGCApplicationStoppedTime -XX:+PrintGCDateStamps -XX:+PrintGCDetails -XX:+PrintGCTimeStamps -XX:+PrintHeapAtGC -XX:+PrintTenuringDistribution -XX:SurvivorRatio=4 -XX:TargetSurvivorRatio=90 -XX:ThreadStackSize=256 -XX:+UseCMSInitiatingOccupancyOnly -XX:+UseCompressedClassPointers -XX:+UseCompressedOops -XX:+UseConcMarkSweepGC -XX:-UseLargePagesIndividualAllocation -XX:+UseParNewGC 
2016-02-29T15:54:26.175+0000: 0.526: Total time for which application threads were stopped: 0.0002148 seconds, Stopping threads took: 0.0000537 seconds
2016-02-29T15:54:27.195+0000: 1.546: Total time for which application threads were stopped: 0.0021052 seconds, Stopping threads took: 0.0019299 seconds
2016-02-29T15:54:27.398+0000: 1.749: Total time for which application threads were stopped: 0.0002108 seconds, Stopping threads took: 0.0000450 seconds
2016-02-29T15:54:27.543+0000: 1.894: Total time for which application threads were stopped: 0.0002100 seconds, Stopping threads took: 0.0000482 seconds
2016-02-29T15:54:28.071+0000: 2.422: Total time for which application threads were stopped: 0.0005812 seconds, Stopping threads took: 0.0003395 seconds
2016-02-29T15:54:28.237+0000: 2.589: Total time for which application threads were stopped: 0.0003127 seconds, Stopping threads took: 0.0000482 seconds
2016-02-29T15:54:28.264+0000: 2.615: Total time for which application threads were stopped: 0.0003087 seconds, Stopping threads took: 0.0000537 seconds
2016-02-29T15:54:29.269+0000: 3.620: Total time for which application threads were stopped: 0.0001737 seconds, Stopping threads took: 0.0000497 seconds
{Heap before GC invocations=0 (full 0):
 par new generation   total 109248K, used 87424K [0x00000000e0000000, 0x00000000e8000000, 0x00000000e8000000)
  eden space 87424K, 100% used [0x00000000e0000000, 0x00000000e5560000, 0x00000000e5560000)
  from space 21824K,   0% used [0x00000000e5560000, 0x00000000e5560000, 0x00000000e6ab0000)
  to   space 21824K,   0% used [0x00000000e6ab0000, 0x00000000e6ab0000, 0x00000000e8000000)
 concurrent mark-sweep generation total 393216K, used 0K [0x00000000e8000000, 0x0000000100000000, 0x0000000100000000)
 Metaspace       used 10149K, capacity 10344K, committed 10496K, reserved 1058816K
  class space    used 1166K, capacity 1212K, committed 1280K, reserved 1048576K
2016-02-29T15:54:29.368+0000: 3.720: [GC (Allocation Failure) 2016-02-29T15:54:29.369+0000: 3.720: [ParNew
Desired survivor size 20112992 bytes, new threshold 8 (max 8)
- age   1:    5744904 bytes,    5744904 total
: 87424K->5689K(109248K), 0.0383511 secs] 87424K->5689K(502464K), 0.0387198 secs] [Times: user=0.01 sys=0.00, real=0.04 secs] 
Heap after GC invocations=1 (full 0):
 par new generation   total 109248K, used 5689K [0x00000000e0000000, 0x00000000e8000000, 0x00000000e8000000)
  eden space 87424K,   0% used [0x00000000e0000000, 0x00000000e0000000, 0x00000000e5560000)
  from space 21824K,  26% used [0x00000000e6ab0000, 0x00000000e703e7b0, 0x00000000e8000000)
  to   space 21824K,   0% used [0x00000000e5560000, 0x00000000e5560000, 0x00000000e6ab0000)
 concurrent mark-sweep generation total 393216K, used 0K [0x00000000e8000000, 0x0000000100000000, 0x0000000100000000)
 Metaspace       used 10149K, capacity 10344K, committed 10496K, reserved 1058816K
  class space    used 1166K, capacity 1212K, committed 1280K, reserved 1048576K
}
2016-02-29T15:54:29.407+0000: 3.759: Total time for which application threads were stopped: 0.0391154 seconds, Stopping threads took: 0.0000466 seconds
2016-02-29T15:54:29.790+0000: 4.142: Total time for which application threads were stopped: 0.0003490 seconds, Stopping threads took: 0.0000442 seconds
2016-02-29T15:54:29.908+0000: 4.266: Total time for which application threads were stopped: 0.0003324 seconds, Stopping threads took: 0.0000426 seconds
2016-02-29T15:54:30.048+0000: 4.400: Total time for which application threads were stopped: 0.0004138 seconds, Stopping threads took: 0.0000545 seconds
2016-02-29T15:54:30.208+0000: 4.565: Total time for which application threads were stopped: 0.0003743 seconds, Stopping threads took: 0.0000395 seconds
2016-02-29T15:54:30.208+0000: 4.568: Total time for which application threads were stopped: 0.0002148 seconds, Stopping threads took: 0.0000340 seconds
2016-02-29T15:54:30.218+0000: 4.577: Total time for which application threads were stopped: 0.0003301 seconds, Stopping threads took: 0.0000387 seconds
2016-02-29T15:54:30.782+0000: 5.135: Total time for which application threads were stopped: 0.0003111 seconds, Stopping threads took: 0.0000624 seconds
2016-02-29T15:54:30.782+0000: 5.137: Total time for which application threads were stopped: 0.0001540 seconds, Stopping threads took: 0.0000505 seconds
2016-02-29T15:54:30.782+0000: 5.143: Total time for which application threads were stopped: 0.0002764 seconds, Stopping threads took: 0.0001192 seconds
2016-02-29T15:54:30.802+0000: 5.160: Total time for which application threads were stopped: 0.0005930 seconds, Stopping threads took: 0.0002337 seconds
2016-02-29T15:54:30.858+0000: 5.209: Total time for which application threads were stopped: 0.0001879 seconds, Stopping threads took: 0.0000616 seconds
2016-02-29T15:54:30.859+0000: 5.210: Total time for which application threads were stopped: 0.0001413 seconds, Stopping threads took: 0.0000782 seconds
2016-02-29T15:54:31.013+0000: 5.365: Total time for which application threads were stopped: 0.0001334 seconds, Stopping threads took: 0.0000513 seconds
2016-02-29T15:54:31.014+0000: 5.366: Total time for which application threads were stopped: 0.0000955 seconds, Stopping threads took: 0.0000403 seconds
2016-02-29T15:54:31.014+0000: 5.366: Total time for which application threads were stopped: 0.0000734 seconds, Stopping threads took: 0.0000276 seconds
2016-02-29T15:54:31.015+0000: 5.366: Total time for which application threads were stopped: 0.0000726 seconds, Stopping threads took: 0.0000292 seconds
2016-02-29T15:54:31.015+0000: 5.366: Total time for which application threads were stopped: 0.0000726 seconds, Stopping threads took: 0.0000276 seconds
2016-02-29T15:54:31.015+0000: 5.366: Total time for which application threads were stopped: 0.0000719 seconds, Stopping threads took: 0.0000284 seconds
2016-02-29T15:54:31.015+0000: 5.366: Total time for which application threads were stopped: 0.0000687 seconds, Stopping threads took: 0.0000253 seconds
2016-02-29T15:54:31.015+0000: 5.366: Total time for which application threads were stopped: 0.0000695 seconds, Stopping threads took: 0.0000253 seconds
2016-02-29T15:54:31.370+0000: 5.722: Total time for which application threads were stopped: 0.0001603 seconds, Stopping threads took: 0.0000434 seconds
2016-02-29T15:54:31.370+0000: 5.722: Total time for which application threads were stopped: 0.0000695 seconds, Stopping threads took: 0.0000221 seconds
2016-02-29T15:54:31.371+0000: 5.722: Total time for which application threads were stopped: 0.0000640 seconds, Stopping threads took: 0.0000197 seconds
2016-02-29T15:54:31.414+0000: 5.767: Total time for which application threads were stopped: 0.0004517 seconds, Stopping threads took: 0.0000576 seconds
{Heap before GC invocations=1 (full 0):
 par new generation   total 109248K, used 93113K [0x00000000e0000000, 0x00000000e8000000, 0x00000000e8000000)
  eden space 87424K, 100% used [0x00000000e0000000, 0x00000000e5560000, 0x00000000e5560000)
  from space 21824K,  26% used [0x00000000e6ab0000, 0x00000000e703e7b0, 0x00000000e8000000)
  to   space 21824K,   0% used [0x00000000e5560000, 0x00000000e5560000, 0x00000000e6ab0000)
 concurrent mark-sweep generation total 393216K, used 0K [0x00000000e8000000, 0x0000000100000000, 0x0000000100000000)
 Metaspace       used 19736K, capacity 20116K, committed 20480K, reserved 1067008K
  class space    used 2349K, capacity 2488K, committed 2560K, reserved 1048576K
2016-02-29T15:54:31.424+0000: 5.780: [GC (Allocation Failure) 2016-02-29T15:54:31.424+0000: 5.780: [ParNew
Desired survivor size 20112992 bytes, new threshold 8 (max 8)
- age   1:    7734992 bytes,    7734992 total
- age   2:    2553648 bytes,   10288640 total
: 93113K->11257K(109248K), 0.0305084 secs] 93113K->11257K(502464K), 0.0306742 secs] [Times: user=0.03 sys=0.03, real=0.03 secs] 
Heap after GC invocations=2 (full 0):
 par new generation   total 109248K, used 11257K [0x00000000e0000000, 0x00000000e8000000, 0x00000000e8000000)
  eden space 87424K,   0% used [0x00000000e0000000, 0x00000000e0000000, 0x00000000e5560000)
  from space 21824K,  51% used [0x00000000e5560000, 0x00000000e605e480, 0x00000000e6ab0000)
  to   space 21824K,   0% used [0x00000000e6ab0000, 0x00000000e6ab0000, 0x00000000e8000000)
 concurrent mark-sweep generation total 393216K, used 0K [0x00000000e8000000, 0x0000000100000000, 0x0000000100000000)
 Metaspace       used 19736K, capacity 20116K, committed 20480K, reserved 1067008K
  class space    used 2349K, capacity 2488K, committed 2560K, reserved 1048576K
}
2016-02-29T15:54:31.454+0000: 5.811: Total time for which application threads were stopped: 0.0310959 seconds, Stopping threads took: 0.0000758 seconds
2016-02-29T15:54:31.464+0000: 5.819: Total time for which application threads were stopped: 0.0001982 seconds, Stopping threads took: 0.0000845 seconds
2016-02-29T15:54:31.464+0000: 5.822: Total time for which application threads were stopped: 0.0005188 seconds, Stopping threads took: 0.0004596 seconds
2016-02-29T15:54:31.484+0000: 5.844: Total time for which application threads were stopped: 0.0004193 seconds, Stopping threads took: 0.0000442 seconds
2016-02-29T15:54:31.613+0000: 5.965: Total time for which application threads were stopped: 0.0002037 seconds, Stopping threads took: 0.0000569 seconds
2016-02-29T15:54:31.754+0000: 6.106: Total time for which application threads were stopped: 0.0001587 seconds, Stopping threads took: 0.0000521 seconds
2016-02-29T15:54:31.851+0000: 6.202: Total time for which application threads were stopped: 0.0001619 seconds, Stopping threads took: 0.0000592 seconds
2016-02-29T15:54:31.962+0000: 6.313: Total time for which application threads were stopped: 0.0001769 seconds, Stopping threads took: 0.0000482 seconds
2016-02-29T15:54:32.014+0000: 6.365: Total time for which application threads were stopped: 0.0001674 seconds, Stopping threads took: 0.0000505 seconds
2016-02-29T15:54:32.223+0000: 6.574: Total time for which application threads were stopped: 0.0001469 seconds, Stopping threads took: 0.0000426 seconds
2016-02-29T15:54:32.226+0000: 6.577: Total time for which application threads were stopped: 0.0002448 seconds, Stopping threads took: 0.0000466 seconds
{Heap before GC invocations=2 (full 0):
 par new generation   total 109248K, used 98681K [0x00000000e0000000, 0x00000000e8000000, 0x00000000e8000000)
  eden space 87424K, 100% used [0x00000000e0000000, 0x00000000e5560000, 0x00000000e5560000)
  from space 21824K,  51% used [0x00000000e5560000, 0x00000000e605e480, 0x00000000e6ab0000)
  to   space 21824K,   0% used [0x00000000e6ab0000, 0x00000000e6ab0000, 0x00000000e8000000)
 concurrent mark-sweep generation total 393216K, used 0K [0x00000000e8000000, 0x0000000100000000, 0x0000000100000000)
 Metaspace       used 21347K, capacity 21728K, committed 21884K, reserved 1069056K
  class space    used 2542K, capacity 2682K, committed 2688K, reserved 1048576K
2016-02-29T15:54:32.296+0000: 6.648: [GC (Allocation Failure) 2016-02-29T15:54:32.297+0000: 6.649: [ParNew
Desired survivor size 20112992 bytes, new threshold 8 (max 8)
- age   1:    1788832 bytes,    1788832 total
- age   2:    2350264 bytes,    4139096 total
- age   3:    2550400 bytes,    6689496 total
: 98681K->12710K(109248K), 0.0256134 secs] 98681K->12710K(502464K), 0.0267695 secs] [Times: user=0.05 sys=0.00, real=0.03 secs] 
Heap after GC invocations=3 (full 0):
 par new generation   total 109248K, used 12710K [0x00000000e0000000, 0x00000000e8000000, 0x00000000e8000000)
  eden space 87424K,   0% used [0x00000000e0000000, 0x00000000e0000000, 0x00000000e5560000)
  from space 21824K,  58% used [0x00000000e6ab0000, 0x00000000e7719a80, 0x00000000e8000000)
  to   space 21824K,   0% used [0x00000000e5560000, 0x00000000e5560000, 0x00000000e6ab0000)
 concurrent mark-sweep generation total 393216K, used 0K [0x00000000e8000000, 0x0000000100000000, 0x0000000100000000)
 Metaspace       used 21347K, capacity 21728K, committed 21884K, reserved 1069056K
  class space    used 2542K, capacity 2682K, committed 2688K, reserved 1048576K
}
2016-02-29T15:54:32.323+0000: 6.674: Total time for which application threads were stopped: 0.0272282 seconds, Stopping threads took: 0.0000561 seconds
2016-02-29T15:54:32.323+0000: 6.675: [GC (CMS Initial Mark) [1 CMS-initial-mark: 0K(393216K)] 12742K(502464K), 0.0119061 secs] [Times: user=0.02 sys=0.00, real=0.01 secs] 
2016-02-29T15:54:32.335+0000: 6.687: Total time for which application threads were stopped: 0.0121067 seconds, Stopping threads took: 0.0000450 seconds
2016-02-29T15:54:32.335+0000: 6.687: [CMS-concurrent-mark-start]
2016-02-29T15:54:32.336+0000: 6.687: [CMS-concurrent-mark: 0.001/0.001 secs] [Times: user=0.00 sys=0.00, real=0.00 secs] 
2016-02-29T15:54:32.336+0000: 6.687: [CMS-concurrent-preclean-start]
2016-02-29T15:54:32.338+0000: 6.690: [CMS-concurrent-preclean: 0.002/0.002 secs] [Times: user=0.00 sys=0.00, real=0.00 secs] 
2016-02-29T15:54:32.339+0000: 6.691: Total time for which application threads were stopped: 0.0002156 seconds, Stopping threads took: 0.0000971 seconds
2016-02-29T15:54:32.347+0000: 6.699: [GC (CMS Final Remark) [YG occupancy: 14772 K (109248 K)]{Heap before GC invocations=3 (full 1):
 par new generation   total 109248K, used 14772K [0x00000000e0000000, 0x00000000e8000000, 0x00000000e8000000)
  eden space 87424K,   2% used [0x00000000e0000000, 0x00000000e02035e0, 0x00000000e5560000)
  from space 21824K,  58% used [0x00000000e6ab0000, 0x00000000e7719a80, 0x00000000e8000000)
  to   space 21824K,   0% used [0x00000000e5560000, 0x00000000e5560000, 0x00000000e6ab0000)
 concurrent mark-sweep generation total 393216K, used 0K [0x00000000e8000000, 0x0000000100000000, 0x0000000100000000)
 Metaspace       used 21350K, capacity 21728K, committed 21884K, reserved 1069056K
  class space    used 2542K, capacity 2682K, committed 2688K, reserved 1048576K
2016-02-29T15:54:32.347+0000: 6.699: [GC (CMS Final Remark) 2016-02-29T15:54:32.347+0000: 6.699: [ParNew
Desired survivor size 20112992 bytes, new threshold 8 (max 8)
- age   1:     484024 bytes,     484024 total
- age   2:     767728 bytes,    1251752 total
- age   3:    2349840 bytes,    3601592 total
- age   4:    2549728 bytes,    6151320 total
: 14772K->6686K(109248K), 0.0234198 secs] 14772K->6686K(502464K), 0.0235114 secs] [Times: user=0.03 sys=0.00, real=0.02 secs] 
Heap after GC invocations=4 (full 1):
 par new generation   total 109248K, used 6686K [0x00000000e0000000, 0x00000000e8000000, 0x00000000e8000000)
  eden space 87424K,   0% used [0x00000000e0000000, 0x00000000e0000000, 0x00000000e5560000)
  from space 21824K,  30% used [0x00000000e5560000, 0x00000000e5be7880, 0x00000000e6ab0000)
  to   space 21824K,   0% used [0x00000000e6ab0000, 0x00000000e6ab0000, 0x00000000e8000000)
 concurrent mark-sweep generation total 393216K, used 0K [0x00000000e8000000, 0x0000000100000000, 0x0000000100000000)
 Metaspace       used 21350K, capacity 21728K, committed 21884K, reserved 1069056K
  class space    used 2542K, capacity 2682K, committed 2688K, reserved 1048576K
}
2016-02-29T15:54:32.371+0000: 6.723: [Rescan (parallel) , 0.0126065 secs]2016-02-29T15:54:32.384+0000: 6.735: [weak refs processing, 0.0020933 secs]2016-02-29T15:54:32.386+0000: 6.737: [class unloading, 0.0065437 secs]2016-02-29T15:54:32.392+0000: 6.744: [scrub symbol table, 0.0081909 secs]2016-02-29T15:54:32.401+0000: 6.752: [scrub string table, 0.0006207 secs][1 CMS-remark: 0K(393216K)] 6686K(502464K), 0.0554167 secs] [Times: user=0.06 sys=0.00, real=0.06 secs] 
2016-02-29T15:54:32.403+0000: 6.754: Total time for which application threads were stopped: 0.0562884 seconds, Stopping threads took: 0.0007170 seconds
2016-02-29T15:54:32.403+0000: 6.754: [CMS-concurrent-sweep-start]
2016-02-29T15:54:32.403+0000: 6.754: [CMS-concurrent-sweep: 0.000/0.000 secs] [Times: user=0.00 sys=0.00, real=0.00 secs] 
2016-02-29T15:54:32.403+0000: 6.754: [CMS-concurrent-reset-start]
2016-02-29T15:54:32.406+0000: 6.759: [CMS-concurrent-reset: 0.005/0.005 secs] [Times: user=0.00 sys=0.00, real=0.00 secs] 
2016-02-29T15:54:32.504+0000: 6.856: Total time for which application threads were stopped: 0.0001611 seconds, Stopping threads took: 0.0000482 seconds
2016-02-29T15:54:32.504+0000: 6.856: Total time for which application threads were stopped: 0.0000734 seconds, Stopping threads took: 0.0000213 seconds
2016-02-29T15:54:32.505+0000: 6.856: Total time for which application threads were stopped: 0.0001161 seconds, Stopping threads took: 0.0000197 seconds
2016-02-29T15:54:32.505+0000: 6.856: Total time for which application threads were stopped: 0.0000687 seconds, Stopping threads took: 0.0000190 seconds
2016-02-29T15:54:32.505+0000: 6.856: Total time for which application threads were stopped: 0.0000750 seconds, Stopping threads took: 0.0000213 seconds
2016-02-29T15:54:32.505+0000: 6.857: Total time for which application threads were stopped: 0.0000655 seconds, Stopping threads took: 0.0000190 seconds
2016-02-29T15:54:32.505+0000: 6.857: Total time for which application threads were stopped: 0.0000671 seconds, Stopping threads took: 0.0000197 seconds
2016-02-29T15:54:32.505+0000: 6.857: Total time for which application threads were stopped: 0.0000671 seconds, Stopping threads took: 0.0000197 seconds
2016-02-29T15:54:32.505+0000: 6.857: Total time for which application threads were stopped: 0.0000663 seconds, Stopping threads took: 0.0000197 seconds
2016-02-29T15:54:32.506+0000: 6.857: Total time for which application threads were stopped: 0.0002693 seconds, Stopping threads took: 0.0000261 seconds
2016-02-29T15:54:32.531+0000: 6.882: Total time for which application threads were stopped: 0.0001374 seconds, Stopping threads took: 0.0000537 seconds
2016-02-29T15:54:32.531+0000: 6.883: Total time for which application threads were stopped: 0.0000995 seconds, Stopping threads took: 0.0000379 seconds
2016-02-29T15:54:32.531+0000: 6.883: Total time for which application threads were stopped: 0.0000798 seconds, Stopping threads took: 0.0000292 seconds
2016-02-29T15:54:32.668+0000: 7.020: Total time for which application threads were stopped: 0.0002085 seconds, Stopping threads took: 0.0000553 seconds
2016-02-29T15:54:32.765+0000: 7.117: Total time for which application threads were stopped: 0.0001698 seconds, Stopping threads took: 0.0000490 seconds
2016-02-29T15:54:32.768+0000: 7.120: Total time for which application threads were stopped: 0.0001556 seconds, Stopping threads took: 0.0000553 seconds
2016-02-29T15:54:32.770+0000: 7.121: Total time for which application threads were stopped: 0.0001390 seconds, Stopping threads took: 0.0000434 seconds
2016-02-29T15:54:32.787+0000: 7.138: Total time for which application threads were stopped: 0.0001753 seconds, Stopping threads took: 0.0000537 seconds
2016-02-29T15:54:32.793+0000: 7.145: Total time for which application threads were stopped: 0.0004698 seconds, Stopping threads took: 0.0000450 seconds
2016-02-29T15:54:32.952+0000: 7.304: Total time for which application threads were stopped: 0.0002093 seconds, Stopping threads took: 0.0000537 seconds
2016-02-29T15:54:32.983+0000: 7.334: Total time for which application threads were stopped: 0.0001366 seconds, Stopping threads took: 0.0000466 seconds
2016-02-29T15:54:33.088+0000: 7.447: Total time for which application threads were stopped: 0.0001263 seconds, Stopping threads took: 0.0000561 seconds
2016-02-29T15:54:33.210+0000: 7.568: Total time for which application threads were stopped: 0.0001445 seconds, Stopping threads took: 0.0000600 seconds
2016-02-29T15:54:33.210+0000: 7.571: Total time for which application threads were stopped: 0.0001706 seconds, Stopping threads took: 0.0000561 seconds
2016-02-29T15:54:33.410+0000: 7.762: Total time for which application threads were stopped: 0.0001777 seconds, Stopping threads took: 0.0000466 seconds
2016-02-29T15:54:33.411+0000: 7.762: Total time for which application threads were stopped: 0.0000695 seconds, Stopping threads took: 0.0000213 seconds
2016-02-29T15:54:33.612+0000: 7.964: Total time for which application threads were stopped: 0.0001642 seconds, Stopping threads took: 0.0000513 seconds
2016-02-29T15:54:33.665+0000: 8.017: Total time for which application threads were stopped: 0.0002021 seconds, Stopping threads took: 0.0000553 seconds
2016-02-29T15:54:34.073+0000: 8.425: Total time for which application threads were stopped: 0.0019741 seconds, Stopping threads took: 0.0017538 seconds
2016-02-29T15:54:34.111+0000: 8.463: Total time for which application threads were stopped: 0.0001500 seconds, Stopping threads took: 0.0000616 seconds
2016-02-29T15:54:34.115+0000: 8.466: Total time for which application threads were stopped: 0.0001177 seconds, Stopping threads took: 0.0000521 seconds
2016-02-29T15:54:34.116+0000: 8.468: Total time for which application threads were stopped: 0.0003174 seconds, Stopping threads took: 0.0000308 seconds
2016-02-29T15:54:34.117+0000: 8.469: Total time for which application threads were stopped: 0.0000790 seconds, Stopping threads took: 0.0000253 seconds
2016-02-29T15:54:35.662+0000: 10.015: Total time for which application threads were stopped: 0.0001271 seconds, Stopping threads took: 0.0000411 seconds
2016-02-29T15:54:35.662+0000: 10.015: Total time for which application threads were stopped: 0.0000750 seconds, Stopping threads took: 0.0000276 seconds
2016-02-29T15:54:35.662+0000: 10.018: Total time for which application threads were stopped: 0.0001232 seconds, Stopping threads took: 0.0000442 seconds
2016-02-29T15:54:35.662+0000: 10.019: Total time for which application threads were stopped: 0.0000884 seconds, Stopping threads took: 0.0000300 seconds
2016-02-29T15:54:35.672+0000: 10.027: Total time for which application threads were stopped: 0.0001413 seconds, Stopping threads took: 0.0000561 seconds
2016-02-29T15:54:35.672+0000: 10.027: Total time for which application threads were stopped: 0.0000774 seconds, Stopping threads took: 0.0000261 seconds
2016-02-29T15:54:35.672+0000: 10.032: Total time for which application threads were stopped: 0.0001161 seconds, Stopping threads took: 0.0000466 seconds
2016-02-29T15:54:35.672+0000: 10.032: Total time for which application threads were stopped: 0.0000726 seconds, Stopping threads took: 0.0000253 seconds
2016-02-29T15:54:35.682+0000: 10.034: Total time for which application threads were stopped: 0.0002432 seconds, Stopping threads took: 0.0000363 seconds
2016-02-29T15:54:35.734+0000: 10.086: Total time for which application threads were stopped: 0.0004746 seconds, Stopping threads took: 0.0000403 seconds
2016-02-29T15:54:35.744+0000: 10.096: Total time for which application threads were stopped: 0.0004604 seconds, Stopping threads took: 0.0000395 seconds
2016-02-29T15:54:35.754+0000: 10.114: Total time for which application threads were stopped: 0.0001248 seconds, Stopping threads took: 0.0000379 seconds
2016-02-29T15:54:35.764+0000: 10.122: Total time for which application threads were stopped: 0.0001366 seconds, Stopping threads took: 0.0000521 seconds
2016-02-29T15:54:36.248+0000: 10.600: Total time for which application threads were stopped: 0.0001950 seconds, Stopping threads took: 0.0000529 seconds
2016-02-29T15:54:36.248+0000: 10.601: Total time for which application threads were stopped: 0.0001050 seconds, Stopping threads took: 0.0000355 seconds
{Heap before GC invocations=4 (full 1):
 par new generation   total 109248K, used 94110K [0x00000000e0000000, 0x00000000e8000000, 0x00000000e8000000)
  eden space 87424K, 100% used [0x00000000e0000000, 0x00000000e5560000, 0x00000000e5560000)
  from space 21824K,  30% used [0x00000000e5560000, 0x00000000e5be7880, 0x00000000e6ab0000)
  to   space 21824K,   0% used [0x00000000e6ab0000, 0x00000000e6ab0000, 0x00000000e8000000)
 concurrent mark-sweep generation total 393216K, used 0K [0x00000000e8000000, 0x0000000100000000, 0x0000000100000000)
 Metaspace       used 27073K, capacity 27432K, committed 27772K, reserved 1073152K
  class space    used 3256K, capacity 3370K, committed 3456K, reserved 1048576K
2016-02-29T15:54:38.128+0000: 12.480: [GC (Allocation Failure) 2016-02-29T15:54:38.128+0000: 12.480: [ParNew
Desired survivor size 20112992 bytes, new threshold 8 (max 8)
- age   1:    6208320 bytes,    6208320 total
- age   2:       2336 bytes,    6210656 total
- age   3:     243680 bytes,    6454336 total
- age   4:    2303568 bytes,    8757904 total
- age   5:    2549080 bytes,   11306984 total
: 94110K->13352K(109248K), 0.0531101 secs] 94110K->13352K(502464K), 0.0532602 secs] [Times: user=0.09 sys=0.00, real=0.05 secs] 
Heap after GC invocations=5 (full 1):
 par new generation   total 109248K, used 13352K [0x00000000e0000000, 0x00000000e8000000, 0x00000000e8000000)
  eden space 87424K,   0% used [0x00000000e0000000, 0x00000000e0000000, 0x00000000e5560000)
  from space 21824K,  61% used [0x00000000e6ab0000, 0x00000000e77ba340, 0x00000000e8000000)
  to   space 21824K,   0% used [0x00000000e5560000, 0x00000000e5560000, 0x00000000e6ab0000)
 concurrent mark-sweep generation total 393216K, used 0K [0x00000000e8000000, 0x0000000100000000, 0x0000000100000000)
 Metaspace       used 27073K, capacity 27432K, committed 27772K, reserved 1073152K
  class space    used 3256K, capacity 3370K, committed 3456K, reserved 1048576K
}
2016-02-29T15:54:38.181+0000: 12.533: Total time for which application threads were stopped: 0.0536463 seconds, Stopping threads took: 0.0000434 seconds
2016-02-29T15:54:38.188+0000: 12.539: Total time for which application threads were stopped: 0.0001658 seconds, Stopping threads took: 0.0000758 seconds
2016-02-29T15:54:40.269+0000: 14.624: Total time for which application threads were stopped: 0.0003427 seconds, Stopping threads took: 0.0002361 seconds
2016-02-29T15:54:40.272+0000: 14.626: Total time for which application threads were stopped: 0.0001327 seconds, Stopping threads took: 0.0000482 seconds
2016-02-29T15:54:40.272+0000: 14.626: Total time for which application threads were stopped: 0.0000821 seconds, Stopping threads took: 0.0000292 seconds
2016-02-29T15:54:40.272+0000: 14.627: Total time for which application threads were stopped: 0.0001469 seconds, Stopping threads took: 0.0000837 seconds
2016-02-29T15:54:40.272+0000: 14.627: Total time for which application threads were stopped: 0.0000790 seconds, Stopping threads took: 0.0000213 seconds
2016-02-29T15:54:40.273+0000: 14.627: Total time for which application threads were stopped: 0.0000742 seconds, Stopping threads took: 0.0000205 seconds
2016-02-29T15:54:40.273+0000: 14.628: Total time for which application threads were stopped: 0.0000711 seconds, Stopping threads took: 0.0000190 seconds
2016-02-29T15:54:40.273+0000: 14.628: Total time for which application threads were stopped: 0.0000719 seconds, Stopping threads took: 0.0000190 seconds
2016-02-29T15:54:40.273+0000: 14.628: Total time for which application threads were stopped: 0.0000703 seconds, Stopping threads took: 0.0000190 seconds
2016-02-29T15:54:40.273+0000: 14.628: Total time for which application threads were stopped: 0.0000703 seconds, Stopping threads took: 0.0000182 seconds
2016-02-29T15:54:40.274+0000: 14.628: Total time for which application threads were stopped: 0.0000719 seconds, Stopping threads took: 0.0000197 seconds
2016-02-29T15:54:40.275+0000: 14.629: Total time for which application threads were stopped: 0.0001153 seconds, Stopping threads took: 0.0000466 seconds
2016-02-29T15:54:40.275+0000: 14.630: Total time for which application threads were stopped: 0.0000979 seconds, Stopping threads took: 0.0000426 seconds
2016-02-29T15:54:40.278+0000: 14.633: Total time for which application threads were stopped: 0.0001469 seconds, Stopping threads took: 0.0000545 seconds
2016-02-29T15:54:40.381+0000: 14.736: Total time for which application threads were stopped: 0.0001453 seconds, Stopping threads took: 0.0000569 seconds
2016-02-29T15:54:40.386+0000: 14.740: Total time for which application threads were stopped: 0.0001295 seconds, Stopping threads took: 0.0000474 seconds
2016-02-29T15:54:40.396+0000: 14.751: Total time for which application threads were stopped: 0.0001729 seconds, Stopping threads took: 0.0000576 seconds
2016-02-29T15:54:40.399+0000: 14.754: Total time for which application threads were stopped: 0.0001792 seconds, Stopping threads took: 0.0000616 seconds
2016-02-29T15:54:40.401+0000: 14.756: Total time for which application threads were stopped: 0.0001461 seconds, Stopping threads took: 0.0000505 seconds
2016-02-29T15:54:40.407+0000: 14.761: Total time for which application threads were stopped: 0.0001714 seconds, Stopping threads took: 0.0000482 seconds
2016-02-29T15:54:40.412+0000: 14.767: Total time for which application threads were stopped: 0.0003403 seconds, Stopping threads took: 0.0000955 seconds
2016-02-29T15:54:40.420+0000: 14.775: Total time for which application threads were stopped: 0.0002250 seconds, Stopping threads took: 0.0000884 seconds
2016-02-29T15:54:40.426+0000: 14.781: Total time for which application threads were stopped: 0.0001627 seconds, Stopping threads took: 0.0000632 seconds
2016-02-29T15:54:40.437+0000: 14.792: Total time for which application threads were stopped: 0.0003814 seconds, Stopping threads took: 0.0000466 seconds
2016-02-29T15:54:40.444+0000: 14.799: Total time for which application threads were stopped: 0.0001903 seconds, Stopping threads took: 0.0000592 seconds
2016-02-29T15:54:40.455+0000: 14.810: Total time for which application threads were stopped: 0.0014340 seconds, Stopping threads took: 0.0013029 seconds
2016-02-29T15:54:40.478+0000: 14.833: Total time for which application threads were stopped: 0.0001706 seconds, Stopping threads took: 0.0000569 seconds
2016-02-29T15:54:40.489+0000: 14.844: Total time for which application threads were stopped: 0.0001690 seconds, Stopping threads took: 0.0000474 seconds
2016-02-29T15:54:40.509+0000: 14.864: Total time for which application threads were stopped: 0.0001737 seconds, Stopping threads took: 0.0000671 seconds
2016-02-29T15:54:40.556+0000: 14.910: Total time for which application threads were stopped: 0.0001516 seconds, Stopping threads took: 0.0000600 seconds
2016-02-29T15:54:40.556+0000: 14.911: Total time for which application threads were stopped: 0.0000805 seconds, Stopping threads took: 0.0000261 seconds
2016-02-29T15:54:40.556+0000: 14.911: Total time for which application threads were stopped: 0.0001958 seconds, Stopping threads took: 0.0000300 seconds
2016-02-29T15:54:40.629+0000: 14.984: Total time for which application threads were stopped: 0.0002132 seconds, Stopping threads took: 0.0000608 seconds
2016-02-29T15:54:40.639+0000: 14.994: Total time for which application threads were stopped: 0.0001840 seconds, Stopping threads took: 0.0000600 seconds
2016-02-29T15:54:40.639+0000: 14.994: Total time for which application threads were stopped: 0.0000821 seconds, Stopping threads took: 0.0000268 seconds
2016-02-29T15:54:40.640+0000: 14.994: Total time for which application threads were stopped: 0.0003348 seconds, Stopping threads took: 0.0000253 seconds
2016-02-29T15:54:41.059+0000: 15.414: Total time for which application threads were stopped: 0.0007675 seconds, Stopping threads took: 0.0006183 seconds
2016-02-29T15:54:41.098+0000: 15.453: Total time for which application threads were stopped: 0.0001650 seconds, Stopping threads took: 0.0000442 seconds
2016-02-29T15:54:41.144+0000: 15.498: Total time for which application threads were stopped: 0.0001429 seconds, Stopping threads took: 0.0000545 seconds
2016-02-29T15:54:41.144+0000: 15.499: Total time for which application threads were stopped: 0.0000979 seconds, Stopping threads took: 0.0000347 seconds
2016-02-29T15:54:41.144+0000: 15.499: Total time for which application threads were stopped: 0.0000900 seconds, Stopping threads took: 0.0000316 seconds
2016-02-29T15:54:41.144+0000: 15.499: Total time for which application threads were stopped: 0.0000837 seconds, Stopping threads took: 0.0000276 seconds
2016-02-29T15:54:41.145+0000: 15.499: Total time for which application threads were stopped: 0.0000861 seconds, Stopping threads took: 0.0000292 seconds
2016-02-29T15:54:41.146+0000: 15.501: Total time for which application threads were stopped: 0.0001161 seconds, Stopping threads took: 0.0000426 seconds
2016-02-29T15:54:41.146+0000: 15.501: Total time for which application threads were stopped: 0.0000845 seconds, Stopping threads took: 0.0000292 seconds
2016-02-29T15:54:41.146+0000: 15.501: Total time for which application threads were stopped: 0.0000861 seconds, Stopping threads took: 0.0000292 seconds
2016-02-29T15:54:41.147+0000: 15.501: Total time for which application threads were stopped: 0.0000805 seconds, Stopping threads took: 0.0000268 seconds
2016-02-29T15:54:41.147+0000: 15.502: Total time for which application threads were stopped: 0.0000861 seconds, Stopping threads took: 0.0000292 seconds
2016-02-29T15:54:41.147+0000: 15.502: Total time for which application threads were stopped: 0.0000829 seconds, Stopping threads took: 0.0000292 seconds
2016-02-29T15:54:41.147+0000: 15.502: Total time for which application threads were stopped: 0.0000845 seconds, Stopping threads took: 0.0000284 seconds
2016-02-29T15:54:41.147+0000: 15.502: Total time for which application threads were stopped: 0.0001208 seconds, Stopping threads took: 0.0000655 seconds
2016-02-29T15:54:42.149+0000: 16.503: Total time for which application threads were stopped: 0.0001666 seconds, Stopping threads took: 0.0000490 seconds
2016-02-29T15:54:43.392+0000: 17.747: Total time for which application threads were stopped: 0.0002140 seconds, Stopping threads took: 0.0000687 seconds
2016-02-29T15:54:43.407+0000: 17.762: Total time for which application threads were stopped: 0.0005551 seconds, Stopping threads took: 0.0000908 seconds
2016-02-29T15:54:43.408+0000: 17.763: Total time for which application threads were stopped: 0.0001098 seconds, Stopping threads took: 0.0000347 seconds
2016-02-29T15:54:43.490+0000: 17.845: Total time for which application threads were stopped: 0.0001382 seconds, Stopping threads took: 0.0000474 seconds
2016-02-29T15:54:43.506+0000: 17.861: Total time for which application threads were stopped: 0.0001824 seconds, Stopping threads took: 0.0000497 seconds
2016-02-29T15:54:43.512+0000: 17.867: Total time for which application threads were stopped: 0.0001571 seconds, Stopping threads took: 0.0000474 seconds
2016-02-29T15:54:43.517+0000: 17.872: Total time for which application threads were stopped: 0.0001627 seconds, Stopping threads took: 0.0000545 seconds
2016-02-29T15:54:43.517+0000: 17.872: Total time for which application threads were stopped: 0.0000876 seconds, Stopping threads took: 0.0000261 seconds
2016-02-29T15:54:43.518+0000: 17.872: Total time for which application threads were stopped: 0.0000971 seconds, Stopping threads took: 0.0000276 seconds
2016-02-29T15:54:43.518+0000: 17.873: Total time for which application threads were stopped: 0.0000869 seconds, Stopping threads took: 0.0000253 seconds
2016-02-29T15:54:43.518+0000: 17.873: Total time for which application threads were stopped: 0.0000869 seconds, Stopping threads took: 0.0000253 seconds
2016-02-29T15:54:43.518+0000: 17.873: Total time for which application threads were stopped: 0.0000900 seconds, Stopping threads took: 0.0000261 seconds
2016-02-29T15:54:43.518+0000: 17.873: Total time for which application threads were stopped: 0.0000853 seconds, Stopping threads took: 0.0000237 seconds
2016-02-29T15:54:43.519+0000: 17.874: Total time for which application threads were stopped: 0.0000987 seconds, Stopping threads took: 0.0000276 seconds
2016-02-29T15:54:43.534+0000: 17.889: Total time for which application threads were stopped: 0.0080535 seconds, Stopping threads took: 0.0079043 seconds
2016-02-29T15:54:44.541+0000: 18.896: Total time for which application threads were stopped: 0.0002132 seconds, Stopping threads took: 0.0001192 seconds
2016-02-29T15:54:45.401+0000: 19.756: Total time for which application threads were stopped: 0.0001856 seconds, Stopping threads took: 0.0000458 seconds
2016-02-29T15:54:45.407+0000: 19.762: Total time for which application threads were stopped: 0.0001871 seconds, Stopping threads took: 0.0000987 seconds
2016-02-29T15:54:45.407+0000: 19.762: Total time for which application threads were stopped: 0.0001074 seconds, Stopping threads took: 0.0000229 seconds
2016-02-29T15:54:45.442+0000: 19.797: Total time for which application threads were stopped: 0.0001579 seconds, Stopping threads took: 0.0000466 seconds
2016-02-29T15:54:45.450+0000: 19.805: Total time for which application threads were stopped: 0.0001824 seconds, Stopping threads took: 0.0000497 seconds
2016-02-29T15:54:45.667+0000: 20.022: Total time for which application threads were stopped: 0.0001698 seconds, Stopping threads took: 0.0000576 seconds
2016-02-29T15:54:45.667+0000: 20.022: Total time for which application threads were stopped: 0.0000892 seconds, Stopping threads took: 0.0000300 seconds
2016-02-29T15:54:45.668+0000: 20.022: Total time for which application threads were stopped: 0.0000916 seconds, Stopping threads took: 0.0000308 seconds
2016-02-29T15:54:45.668+0000: 20.023: Total time for which application threads were stopped: 0.0000805 seconds, Stopping threads took: 0.0000268 seconds
2016-02-29T15:54:45.669+0000: 20.024: Total time for which application threads were stopped: 0.0001161 seconds, Stopping threads took: 0.0000403 seconds
2016-02-29T15:54:45.669+0000: 20.024: Total time for which application threads were stopped: 0.0000829 seconds, Stopping threads took: 0.0000276 seconds
2016-02-29T15:54:45.669+0000: 20.024: Total time for which application threads were stopped: 0.0000790 seconds, Stopping threads took: 0.0000261 seconds
2016-02-29T15:54:45.670+0000: 20.025: Total time for which application threads were stopped: 0.0000821 seconds, Stopping threads took: 0.0000276 seconds
2016-02-29T15:54:45.700+0000: 20.055: Total time for which application threads were stopped: 0.0003080 seconds, Stopping threads took: 0.0001769 seconds
2016-02-29T15:54:45.708+0000: 20.063: Total time for which application threads were stopped: 0.0001485 seconds, Stopping threads took: 0.0000458 seconds
2016-02-29T15:54:45.712+0000: 20.067: Total time for which application threads were stopped: 0.0001500 seconds, Stopping threads took: 0.0000434 seconds
2016-02-29T15:54:45.761+0000: 20.116: Total time for which application threads were stopped: 0.0132651 seconds, Stopping threads took: 0.0127274 seconds
2016-02-29T15:54:46.113+0000: 20.467: Total time for which application threads were stopped: 0.0005954 seconds, Stopping threads took: 0.0000497 seconds
2016-02-29T15:54:46.222+0000: 20.577: Total time for which application threads were stopped: 0.0001429 seconds, Stopping threads took: 0.0000419 seconds
2016-02-29T15:54:46.628+0000: 20.992: Total time for which application threads were stopped: 0.0001911 seconds, Stopping threads took: 0.0000711 seconds
2016-02-29T15:54:46.628+0000: 20.992: Total time for which application threads were stopped: 0.0000900 seconds, Stopping threads took: 0.0000284 seconds
2016-02-29T15:54:46.681+0000: 21.036: Total time for which application threads were stopped: 0.0001642 seconds, Stopping threads took: 0.0000490 seconds
2016-02-29T15:54:46.730+0000: 21.085: Total time for which application threads were stopped: 0.0001516 seconds, Stopping threads took: 0.0000529 seconds
2016-02-29T15:54:46.904+0000: 21.259: Total time for which application threads were stopped: 0.0001390 seconds, Stopping threads took: 0.0000411 seconds
2016-02-29T15:54:46.905+0000: 21.260: Total time for which application threads were stopped: 0.0001074 seconds, Stopping threads took: 0.0000387 seconds
2016-02-29T15:54:46.906+0000: 21.261: Total time for which application threads were stopped: 0.0001382 seconds, Stopping threads took: 0.0000442 seconds
2016-02-29T15:54:46.907+0000: 21.262: Total time for which application threads were stopped: 0.0000987 seconds, Stopping threads took: 0.0000332 seconds
2016-02-29T15:54:46.914+0000: 21.269: Total time for which application threads were stopped: 0.0001563 seconds, Stopping threads took: 0.0000608 seconds
2016-02-29T15:54:46.923+0000: 21.278: Total time for which application threads were stopped: 0.0001406 seconds, Stopping threads took: 0.0000458 seconds
2016-02-29T15:54:46.923+0000: 21.278: Total time for which application threads were stopped: 0.0000798 seconds, Stopping threads took: 0.0000205 seconds
2016-02-29T15:54:46.923+0000: 21.278: Total time for which application threads were stopped: 0.0000750 seconds, Stopping threads took: 0.0000190 seconds
2016-02-29T15:54:46.923+0000: 21.278: Total time for which application threads were stopped: 0.0000758 seconds, Stopping threads took: 0.0000197 seconds
2016-02-29T15:54:46.942+0000: 21.297: Total time for which application threads were stopped: 0.0001500 seconds, Stopping threads took: 0.0000434 seconds
2016-02-29T15:54:47.948+0000: 22.303: Total time for which application threads were stopped: 0.0001485 seconds, Stopping threads took: 0.0000474 seconds
2016-02-29T15:54:51.961+0000: 26.316: Total time for which application threads were stopped: 0.0001421 seconds, Stopping threads took: 0.0000450 seconds
2016-02-29T15:55:41.064+0000: 75.419: Total time for which application threads were stopped: 0.0001753 seconds, Stopping threads took: 0.0000576 seconds
2016-02-29T15:56:49.204+0000: 143.558: Total time for which application threads were stopped: 0.0001650 seconds, Stopping threads took: 0.0000537 seconds
2016-02-29T15:58:09.399+0000: 223.753: Total time for which application threads were stopped: 0.0001721 seconds, Stopping threads took: 0.0000600 seconds
2016-02-29T16:00:01.394+0000: 335.748: Total time for which application threads were stopped: 0.0001856 seconds, Stopping threads took: 0.0000592 seconds
2016-02-29T16:00:01.397+0000: 335.752: Total time for which application threads were stopped: 0.0001453 seconds, Stopping threads took: 0.0000584 seconds
2016-02-29T16:00:01.400+0000: 335.755: Total time for which application threads were stopped: 0.0001485 seconds, Stopping threads took: 0.0000497 seconds
2016-02-29T16:00:01.401+0000: 335.756: Total time for which application threads were stopped: 0.0001082 seconds, Stopping threads took: 0.0000458 seconds
2016-02-29T16:00:01.401+0000: 335.756: Total time for which application threads were stopped: 0.0001074 seconds, Stopping threads took: 0.0000450 seconds
2016-02-29T16:00:01.402+0000: 335.757: Total time for which application threads were stopped: 0.0001082 seconds, Stopping threads took: 0.0000371 seconds
2016-02-29T16:00:01.403+0000: 335.758: Total time for which application threads were stopped: 0.0000861 seconds, Stopping threads took: 0.0000268 seconds
2016-02-29T16:00:01.404+0000: 335.759: Total time for which application threads were stopped: 0.0001129 seconds, Stopping threads took: 0.0000395 seconds
2016-02-29T16:00:01.407+0000: 335.761: Total time for which application threads were stopped: 0.0001453 seconds, Stopping threads took: 0.0000497 seconds
2016-02-29T16:00:01.407+0000: 335.762: Total time for which application threads were stopped: 0.0000790 seconds, Stopping threads took: 0.0000253 seconds
2016-02-29T16:00:01.407+0000: 335.762: Total time for which application threads were stopped: 0.0000774 seconds, Stopping threads took: 0.0000245 seconds
2016-02-29T16:00:01.407+0000: 335.762: Total time for which application threads were stopped: 0.0000758 seconds, Stopping threads took: 0.0000237 seconds
2016-02-29T16:00:01.407+0000: 335.762: Total time for which application threads were stopped: 0.0001169 seconds, Stopping threads took: 0.0000300 seconds
2016-02-29T16:00:01.410+0000: 335.765: Total time for which application threads were stopped: 0.0001792 seconds, Stopping threads took: 0.0000442 seconds
2016-02-29T16:00:01.411+0000: 335.766: Total time for which application threads were stopped: 0.0000837 seconds, Stopping threads took: 0.0000284 seconds
2016-02-29T16:00:01.412+0000: 335.767: Total time for which application threads were stopped: 0.0001342 seconds, Stopping threads took: 0.0000284 seconds
2016-02-29T16:00:01.419+0000: 335.774: Total time for which application threads were stopped: 0.0001042 seconds, Stopping threads took: 0.0000363 seconds
2016-02-29T16:00:01.423+0000: 335.778: Total time for which application threads were stopped: 0.0024502 seconds, Stopping threads took: 0.0023531 seconds
2016-02-29T16:00:01.424+0000: 335.779: Total time for which application threads were stopped: 0.0004540 seconds, Stopping threads took: 0.0004161 seconds
2016-02-29T16:00:01.428+0000: 335.783: Total time for which application threads were stopped: 0.0027361 seconds, Stopping threads took: 0.0026579 seconds
2016-02-29T16:00:01.429+0000: 335.784: Total time for which application threads were stopped: 0.0000892 seconds, Stopping threads took: 0.0000300 seconds
2016-02-29T16:00:01.429+0000: 335.784: Total time for which application threads were stopped: 0.0001121 seconds, Stopping threads took: 0.0000182 seconds
Heap
 par new generation   total 109248K, used 54475K [0x00000000e0000000, 0x00000000e8000000, 0x00000000e8000000)
  eden space 87424K,  47% used [0x00000000e0000000, 0x00000000e2828968, 0x00000000e5560000)
  from space 21824K,  61% used [0x00000000e6ab0000, 0x00000000e77ba340, 0x00000000e8000000)
  to   space 21824K,   0% used [0x00000000e5560000, 0x00000000e5560000, 0x00000000e6ab0000)
 concurrent mark-sweep generation total 393216K, used 0K [0x00000000e8000000, 0x0000000100000000, 0x0000000100000000)
 Metaspace       used 31273K, capacity 31676K, committed 31996K, reserved 1077248K
  class space    used 3673K, capacity 3822K, committed 3840K, reserved 1048576K
