Java HotSpot(TM) 64-Bit Server VM (25.73-b02) for windows-amd64 JRE (1.8.0_73-b02), built on Jan 29 2016 17:38:49 by "java_re" with MS VC++ 10.0 (VS2010)
Memory: 4k page, physical 4027256k(1150952k free), swap 8765748k(1391032k free)
CommandLine flags: -XX:CMSInitiatingOccupancyFraction=50 -XX:CMSMaxAbortablePrecleanTime=6000 -XX:+CMSParallelRemarkEnabled -XX:+CMSScavengeBeforeRemark -XX:ConcGCThreads=4 -XX:InitialHeapSize=536870912 -XX:MaxHeapSize=536870912 -XX:MaxTenuringThreshold=8 -XX:NewRatio=3 -XX:OldPLABSize=16 -XX:ParallelGCThreads=4 -XX:+ParallelRefProcEnabled -XX:PretenureSizeThreshold=67108864 -XX:+PrintGC -XX:+PrintGCApplicationStoppedTime -XX:+PrintGCDateStamps -XX:+PrintGCDetails -XX:+PrintGCTimeStamps -XX:+PrintHeapAtGC -XX:+PrintTenuringDistribution -XX:SurvivorRatio=4 -XX:TargetSurvivorRatio=90 -XX:ThreadStackSize=256 -XX:+UseCMSInitiatingOccupancyOnly -XX:+UseCompressedClassPointers -XX:+UseCompressedOops -XX:+UseConcMarkSweepGC -XX:-UseLargePagesIndividualAllocation -XX:+UseParNewGC 
2016-04-11T15:31:27.989+0100: 1.085: Total time for which application threads were stopped: 0.0005077 seconds, Stopping threads took: 0.0003222 seconds
2016-04-11T15:31:28.554+0100: 1.651: Total time for which application threads were stopped: 0.0002606 seconds, Stopping threads took: 0.0000426 seconds
2016-04-11T15:31:29.322+0100: 2.419: Total time for which application threads were stopped: 0.0591660 seconds, Stopping threads took: 0.0589117 seconds
2016-04-11T15:31:29.330+0100: 2.426: Total time for which application threads were stopped: 0.0002511 seconds, Stopping threads took: 0.0000584 seconds
2016-04-11T15:31:29.611+0100: 2.707: Total time for which application threads were stopped: 0.0003245 seconds, Stopping threads took: 0.0000513 seconds
2016-04-11T15:31:29.641+0100: 2.737: Total time for which application threads were stopped: 0.0002866 seconds, Stopping threads took: 0.0000458 seconds
2016-04-11T15:31:30.641+0100: 3.737: Total time for which application threads were stopped: 0.0001603 seconds, Stopping threads took: 0.0000545 seconds
2016-04-11T15:31:31.194+0100: 4.290: Total time for which application threads were stopped: 0.0003696 seconds, Stopping threads took: 0.0000466 seconds
{Heap before GC invocations=0 (full 0):
 par new generation   total 109248K, used 87424K [0x00000000e0000000, 0x00000000e8000000, 0x00000000e8000000)
  eden space 87424K, 100% used [0x00000000e0000000, 0x00000000e5560000, 0x00000000e5560000)
  from space 21824K,   0% used [0x00000000e5560000, 0x00000000e5560000, 0x00000000e6ab0000)
  to   space 21824K,   0% used [0x00000000e6ab0000, 0x00000000e6ab0000, 0x00000000e8000000)
 concurrent mark-sweep generation total 393216K, used 0K [0x00000000e8000000, 0x0000000100000000, 0x0000000100000000)
 Metaspace       used 10139K, capacity 10344K, committed 10496K, reserved 1058816K
  class space    used 1166K, capacity 1212K, committed 1280K, reserved 1048576K
2016-04-11T15:31:31.205+0100: 4.302: [GC (Allocation Failure) 2016-04-11T15:31:31.206+0100: 4.302: [ParNew
Desired survivor size 20112992 bytes, new threshold 8 (max 8)
- age   1:    5940712 bytes,    5940712 total
: 87424K->5872K(109248K), 0.0206848 secs] 87424K->5872K(502464K), 0.0210418 secs] [Times: user=0.03 sys=0.00, real=0.02 secs] 
Heap after GC invocations=1 (full 0):
 par new generation   total 109248K, used 5872K [0x00000000e0000000, 0x00000000e8000000, 0x00000000e8000000)
  eden space 87424K,   0% used [0x00000000e0000000, 0x00000000e0000000, 0x00000000e5560000)
  from space 21824K,  26% used [0x00000000e6ab0000, 0x00000000e706c228, 0x00000000e8000000)
  to   space 21824K,   0% used [0x00000000e5560000, 0x00000000e5560000, 0x00000000e6ab0000)
 concurrent mark-sweep generation total 393216K, used 0K [0x00000000e8000000, 0x0000000100000000, 0x0000000100000000)
 Metaspace       used 10139K, capacity 10344K, committed 10496K, reserved 1058816K
  class space    used 1166K, capacity 1212K, committed 1280K, reserved 1048576K
}
2016-04-11T15:31:31.227+0100: 4.323: Total time for which application threads were stopped: 0.0214287 seconds, Stopping threads took: 0.0000426 seconds
2016-04-11T15:31:31.229+0100: 4.326: Total time for which application threads were stopped: 0.0001745 seconds, Stopping threads took: 0.0000426 seconds
2016-04-11T15:31:31.655+0100: 4.751: Total time for which application threads were stopped: 0.0003324 seconds, Stopping threads took: 0.0000395 seconds
2016-04-11T15:31:31.798+0100: 4.895: Total time for which application threads were stopped: 0.0003506 seconds, Stopping threads took: 0.0000545 seconds
2016-04-11T15:31:32.179+0100: 5.275: Total time for which application threads were stopped: 0.0005046 seconds, Stopping threads took: 0.0000537 seconds
2016-04-11T15:31:32.182+0100: 5.278: Total time for which application threads were stopped: 0.0003159 seconds, Stopping threads took: 0.0000419 seconds
2016-04-11T15:31:32.190+0100: 5.287: Total time for which application threads were stopped: 0.0003553 seconds, Stopping threads took: 0.0000466 seconds
2016-04-11T15:31:32.920+0100: 6.017: Total time for which application threads were stopped: 0.0013653 seconds, Stopping threads took: 0.0010684 seconds
2016-04-11T15:31:32.924+0100: 6.021: Total time for which application threads were stopped: 0.0001895 seconds, Stopping threads took: 0.0000419 seconds
2016-04-11T15:31:32.925+0100: 6.021: Total time for which application threads were stopped: 0.0001303 seconds, Stopping threads took: 0.0000229 seconds
2016-04-11T15:31:32.925+0100: 6.022: Total time for which application threads were stopped: 0.0002045 seconds, Stopping threads took: 0.0000971 seconds
2016-04-11T15:31:32.925+0100: 6.022: Total time for which application threads were stopped: 0.0001398 seconds, Stopping threads took: 0.0000253 seconds
2016-04-11T15:31:32.926+0100: 6.022: Total time for which application threads were stopped: 0.0001295 seconds, Stopping threads took: 0.0000221 seconds
2016-04-11T15:31:32.926+0100: 6.022: Total time for which application threads were stopped: 0.0001453 seconds, Stopping threads took: 0.0000450 seconds
2016-04-11T15:31:32.926+0100: 6.023: Total time for which application threads were stopped: 0.0001287 seconds, Stopping threads took: 0.0000245 seconds
2016-04-11T15:31:32.926+0100: 6.023: Total time for which application threads were stopped: 0.0001224 seconds, Stopping threads took: 0.0000213 seconds
2016-04-11T15:31:32.930+0100: 6.026: Total time for which application threads were stopped: 0.0010250 seconds, Stopping threads took: 0.0008923 seconds
2016-04-11T15:31:32.930+0100: 6.027: Total time for which application threads were stopped: 0.0006894 seconds, Stopping threads took: 0.0005788 seconds
2016-04-11T15:31:32.931+0100: 6.028: Total time for which application threads were stopped: 0.0001421 seconds, Stopping threads took: 0.0000316 seconds
2016-04-11T15:31:32.931+0100: 6.028: Total time for which application threads were stopped: 0.0001216 seconds, Stopping threads took: 0.0000253 seconds
2016-04-11T15:31:32.931+0100: 6.028: Total time for which application threads were stopped: 0.0001184 seconds, Stopping threads took: 0.0000245 seconds
2016-04-11T15:31:32.932+0100: 6.028: Total time for which application threads were stopped: 0.0001192 seconds, Stopping threads took: 0.0000253 seconds
2016-04-11T15:31:32.932+0100: 6.028: Total time for which application threads were stopped: 0.0001200 seconds, Stopping threads took: 0.0000245 seconds
2016-04-11T15:31:32.932+0100: 6.029: Total time for which application threads were stopped: 0.0001311 seconds, Stopping threads took: 0.0000300 seconds
2016-04-11T15:31:32.932+0100: 6.029: Total time for which application threads were stopped: 0.0001208 seconds, Stopping threads took: 0.0000253 seconds
2016-04-11T15:31:32.932+0100: 6.029: Total time for which application threads were stopped: 0.0001208 seconds, Stopping threads took: 0.0000245 seconds
2016-04-11T15:31:32.932+0100: 6.029: Total time for which application threads were stopped: 0.0001208 seconds, Stopping threads took: 0.0000261 seconds
2016-04-11T15:31:32.933+0100: 6.029: Total time for which application threads were stopped: 0.0002756 seconds, Stopping threads took: 0.0000261 seconds
2016-04-11T15:31:32.933+0100: 6.030: Total time for which application threads were stopped: 0.0001469 seconds, Stopping threads took: 0.0000292 seconds
2016-04-11T15:31:32.933+0100: 6.030: Total time for which application threads were stopped: 0.0001248 seconds, Stopping threads took: 0.0000253 seconds
2016-04-11T15:31:32.934+0100: 6.030: Total time for which application threads were stopped: 0.0001287 seconds, Stopping threads took: 0.0000253 seconds
2016-04-11T15:31:32.934+0100: 6.031: Total time for which application threads were stopped: 0.0001279 seconds, Stopping threads took: 0.0000205 seconds
2016-04-11T15:31:32.935+0100: 6.032: Total time for which application threads were stopped: 0.0001485 seconds, Stopping threads took: 0.0000276 seconds
2016-04-11T15:31:32.936+0100: 6.032: Total time for which application threads were stopped: 0.0001256 seconds, Stopping threads took: 0.0000261 seconds
2016-04-11T15:31:32.936+0100: 6.033: Total time for which application threads were stopped: 0.0001098 seconds, Stopping threads took: 0.0000379 seconds
2016-04-11T15:31:32.936+0100: 6.033: Total time for which application threads were stopped: 0.0000853 seconds, Stopping threads took: 0.0000261 seconds
2016-04-11T15:31:32.937+0100: 6.033: Total time for which application threads were stopped: 0.0000869 seconds, Stopping threads took: 0.0000268 seconds
2016-04-11T15:31:32.937+0100: 6.033: Total time for which application threads were stopped: 0.0000845 seconds, Stopping threads took: 0.0000253 seconds
2016-04-11T15:31:32.937+0100: 6.033: Total time for which application threads were stopped: 0.0000837 seconds, Stopping threads took: 0.0000245 seconds
2016-04-11T15:31:32.937+0100: 6.034: Total time for which application threads were stopped: 0.0000837 seconds, Stopping threads took: 0.0000245 seconds
2016-04-11T15:31:32.937+0100: 6.034: Total time for which application threads were stopped: 0.0000837 seconds, Stopping threads took: 0.0000253 seconds
2016-04-11T15:31:32.937+0100: 6.034: Total time for which application threads were stopped: 0.0000837 seconds, Stopping threads took: 0.0000245 seconds
2016-04-11T15:31:32.937+0100: 6.034: Total time for which application threads were stopped: 0.0000845 seconds, Stopping threads took: 0.0000253 seconds
2016-04-11T15:31:32.937+0100: 6.034: Total time for which application threads were stopped: 0.0000837 seconds, Stopping threads took: 0.0000253 seconds
2016-04-11T15:31:32.938+0100: 6.034: Total time for which application threads were stopped: 0.0001042 seconds, Stopping threads took: 0.0000458 seconds
2016-04-11T15:31:32.938+0100: 6.034: Total time for which application threads were stopped: 0.0000829 seconds, Stopping threads took: 0.0000245 seconds
2016-04-11T15:31:32.938+0100: 6.034: Total time for which application threads were stopped: 0.0000837 seconds, Stopping threads took: 0.0000245 seconds
2016-04-11T15:31:32.938+0100: 6.035: Total time for which application threads were stopped: 0.0000837 seconds, Stopping threads took: 0.0000253 seconds
2016-04-11T15:31:32.938+0100: 6.035: Total time for which application threads were stopped: 0.0000821 seconds, Stopping threads took: 0.0000237 seconds
2016-04-11T15:31:32.938+0100: 6.035: Total time for which application threads were stopped: 0.0000845 seconds, Stopping threads took: 0.0000253 seconds
2016-04-11T15:31:32.938+0100: 6.035: Total time for which application threads were stopped: 0.0000845 seconds, Stopping threads took: 0.0000253 seconds
2016-04-11T15:31:32.939+0100: 6.035: Total time for which application threads were stopped: 0.0000861 seconds, Stopping threads took: 0.0000245 seconds
2016-04-11T15:31:32.939+0100: 6.035: Total time for which application threads were stopped: 0.0000837 seconds, Stopping threads took: 0.0000253 seconds
2016-04-11T15:31:32.939+0100: 6.036: Total time for which application threads were stopped: 0.0002701 seconds, Stopping threads took: 0.0000245 seconds
2016-04-11T15:31:32.946+0100: 6.042: Total time for which application threads were stopped: 0.0005109 seconds, Stopping threads took: 0.0003617 seconds
2016-04-11T15:31:32.947+0100: 6.043: Total time for which application threads were stopped: 0.0002053 seconds, Stopping threads took: 0.0000505 seconds
2016-04-11T15:31:32.947+0100: 6.044: Total time for which application threads were stopped: 0.0001879 seconds, Stopping threads took: 0.0000379 seconds
2016-04-11T15:31:32.958+0100: 6.054: Total time for which application threads were stopped: 0.0002314 seconds, Stopping threads took: 0.0000569 seconds
2016-04-11T15:31:32.958+0100: 6.055: Total time for which application threads were stopped: 0.0001698 seconds, Stopping threads took: 0.0000261 seconds
2016-04-11T15:31:32.959+0100: 6.056: Total time for which application threads were stopped: 0.0001785 seconds, Stopping threads took: 0.0000276 seconds
2016-04-11T15:31:32.959+0100: 6.056: Total time for which application threads were stopped: 0.0001500 seconds, Stopping threads took: 0.0000221 seconds
2016-04-11T15:31:32.973+0100: 6.070: Total time for which application threads were stopped: 0.0004533 seconds, Stopping threads took: 0.0000561 seconds
2016-04-11T15:31:32.997+0100: 6.094: Total time for which application threads were stopped: 0.0013764 seconds, Stopping threads took: 0.0011853 seconds
2016-04-11T15:31:32.998+0100: 6.095: Total time for which application threads were stopped: 0.0001816 seconds, Stopping threads took: 0.0000395 seconds
2016-04-11T15:31:33.008+0100: 6.105: Total time for which application threads were stopped: 0.0009728 seconds, Stopping threads took: 0.0008291 seconds
2016-04-11T15:31:33.009+0100: 6.105: Total time for which application threads were stopped: 0.0003151 seconds, Stopping threads took: 0.0002314 seconds
2016-04-11T15:31:33.018+0100: 6.115: Total time for which application threads were stopped: 0.0001943 seconds, Stopping threads took: 0.0000734 seconds
2016-04-11T15:31:33.073+0100: 6.169: Total time for which application threads were stopped: 0.0009886 seconds, Stopping threads took: 0.0009018 seconds
2016-04-11T15:31:33.076+0100: 6.173: Total time for which application threads were stopped: 0.0001666 seconds, Stopping threads took: 0.0000505 seconds
2016-04-11T15:31:33.077+0100: 6.173: Total time for which application threads were stopped: 0.0000837 seconds, Stopping threads took: 0.0000300 seconds
2016-04-11T15:31:33.079+0100: 6.176: Total time for which application threads were stopped: 0.0001271 seconds, Stopping threads took: 0.0000379 seconds
2016-04-11T15:31:33.079+0100: 6.176: Total time for which application threads were stopped: 0.0000790 seconds, Stopping threads took: 0.0000221 seconds
2016-04-11T15:31:33.079+0100: 6.176: Total time for which application threads were stopped: 0.0000734 seconds, Stopping threads took: 0.0000205 seconds
2016-04-11T15:31:33.080+0100: 6.177: Total time for which application threads were stopped: 0.0001011 seconds, Stopping threads took: 0.0000292 seconds
2016-04-11T15:31:33.095+0100: 6.192: Total time for which application threads were stopped: 0.0001595 seconds, Stopping threads took: 0.0000608 seconds
2016-04-11T15:31:33.095+0100: 6.192: Total time for which application threads were stopped: 0.0000892 seconds, Stopping threads took: 0.0000363 seconds
2016-04-11T15:31:33.095+0100: 6.192: Total time for which application threads were stopped: 0.0001279 seconds, Stopping threads took: 0.0000284 seconds
2016-04-11T15:31:33.095+0100: 6.192: Total time for which application threads were stopped: 0.0000861 seconds, Stopping threads took: 0.0000308 seconds
2016-04-11T15:31:33.096+0100: 6.193: Total time for which application threads were stopped: 0.0000884 seconds, Stopping threads took: 0.0000324 seconds
2016-04-11T15:31:33.096+0100: 6.193: Total time for which application threads were stopped: 0.0000734 seconds, Stopping threads took: 0.0000261 seconds
2016-04-11T15:31:33.099+0100: 6.195: Total time for which application threads were stopped: 0.0013771 seconds, Stopping threads took: 0.0012816 seconds
2016-04-11T15:31:33.101+0100: 6.197: Total time for which application threads were stopped: 0.0001390 seconds, Stopping threads took: 0.0000719 seconds
2016-04-11T15:31:33.107+0100: 6.203: Total time for which application threads were stopped: 0.0001871 seconds, Stopping threads took: 0.0000592 seconds
2016-04-11T15:31:33.195+0100: 6.292: Total time for which application threads were stopped: 0.0011126 seconds, Stopping threads took: 0.0009523 seconds
2016-04-11T15:31:33.211+0100: 6.308: Total time for which application threads were stopped: 0.0001698 seconds, Stopping threads took: 0.0000521 seconds
2016-04-11T15:31:33.211+0100: 6.308: Total time for which application threads were stopped: 0.0000758 seconds, Stopping threads took: 0.0000205 seconds
2016-04-11T15:31:33.212+0100: 6.309: Total time for which application threads were stopped: 0.0001003 seconds, Stopping threads took: 0.0000363 seconds
2016-04-11T15:31:33.222+0100: 6.319: Total time for which application threads were stopped: 0.0001516 seconds, Stopping threads took: 0.0000576 seconds
2016-04-11T15:31:33.222+0100: 6.319: Total time for which application threads were stopped: 0.0000829 seconds, Stopping threads took: 0.0000284 seconds
2016-04-11T15:31:33.222+0100: 6.319: Total time for which application threads were stopped: 0.0000821 seconds, Stopping threads took: 0.0000284 seconds
2016-04-11T15:31:33.223+0100: 6.320: Total time for which application threads were stopped: 0.0000971 seconds, Stopping threads took: 0.0000332 seconds
2016-04-11T15:31:33.231+0100: 6.327: Total time for which application threads were stopped: 0.0001737 seconds, Stopping threads took: 0.0000703 seconds
2016-04-11T15:31:33.231+0100: 6.327: Total time for which application threads were stopped: 0.0000853 seconds, Stopping threads took: 0.0000268 seconds
2016-04-11T15:31:33.231+0100: 6.328: Total time for which application threads were stopped: 0.0000790 seconds, Stopping threads took: 0.0000253 seconds
2016-04-11T15:31:33.232+0100: 6.328: Total time for which application threads were stopped: 0.0000963 seconds, Stopping threads took: 0.0000332 seconds
2016-04-11T15:31:33.309+0100: 6.405: Total time for which application threads were stopped: 0.0001974 seconds, Stopping threads took: 0.0000987 seconds
2016-04-11T15:31:33.309+0100: 6.405: Total time for which application threads were stopped: 0.0000750 seconds, Stopping threads took: 0.0000205 seconds
2016-04-11T15:31:33.309+0100: 6.406: Total time for which application threads were stopped: 0.0000719 seconds, Stopping threads took: 0.0000190 seconds
2016-04-11T15:31:33.310+0100: 6.406: Total time for which application threads were stopped: 0.0001153 seconds, Stopping threads took: 0.0000505 seconds
2016-04-11T15:31:33.311+0100: 6.408: Total time for which application threads were stopped: 0.0001832 seconds, Stopping threads took: 0.0000932 seconds
2016-04-11T15:31:33.312+0100: 6.408: Total time for which application threads were stopped: 0.0001650 seconds, Stopping threads took: 0.0001050 seconds
2016-04-11T15:31:33.313+0100: 6.410: Total time for which application threads were stopped: 0.0001524 seconds, Stopping threads took: 0.0000474 seconds
2016-04-11T15:31:33.314+0100: 6.411: Total time for which application threads were stopped: 0.0001019 seconds, Stopping threads took: 0.0000308 seconds
2016-04-11T15:31:33.317+0100: 6.414: Total time for which application threads were stopped: 0.0002582 seconds, Stopping threads took: 0.0000403 seconds
2016-04-11T15:31:33.317+0100: 6.414: Total time for which application threads were stopped: 0.0000869 seconds, Stopping threads took: 0.0000213 seconds
2016-04-11T15:31:33.317+0100: 6.414: Total time for which application threads were stopped: 0.0000837 seconds, Stopping threads took: 0.0000190 seconds
2016-04-11T15:31:33.318+0100: 6.415: Total time for which application threads were stopped: 0.0001090 seconds, Stopping threads took: 0.0000347 seconds
2016-04-11T15:31:33.324+0100: 6.421: Total time for which application threads were stopped: 0.0001966 seconds, Stopping threads took: 0.0000608 seconds
2016-04-11T15:31:33.324+0100: 6.421: Total time for which application threads were stopped: 0.0001184 seconds, Stopping threads took: 0.0000300 seconds
2016-04-11T15:31:33.324+0100: 6.421: Total time for which application threads were stopped: 0.0001050 seconds, Stopping threads took: 0.0000253 seconds
2016-04-11T15:31:33.326+0100: 6.422: Total time for which application threads were stopped: 0.0009847 seconds, Stopping threads took: 0.0008757 seconds
2016-04-11T15:31:33.327+0100: 6.423: Total time for which application threads were stopped: 0.0010202 seconds, Stopping threads took: 0.0009199 seconds
2016-04-11T15:31:33.327+0100: 6.423: Total time for which application threads were stopped: 0.0000829 seconds, Stopping threads took: 0.0000205 seconds
2016-04-11T15:31:33.328+0100: 6.424: Total time for which application threads were stopped: 0.0009563 seconds, Stopping threads took: 0.0008623 seconds
2016-04-11T15:31:33.328+0100: 6.425: Total time for which application threads were stopped: 0.0001556 seconds, Stopping threads took: 0.0000584 seconds
2016-04-11T15:31:33.329+0100: 6.426: Total time for which application threads were stopped: 0.0000987 seconds, Stopping threads took: 0.0000308 seconds
2016-04-11T15:31:33.329+0100: 6.426: Total time for which application threads were stopped: 0.0001232 seconds, Stopping threads took: 0.0000284 seconds
2016-04-11T15:31:33.329+0100: 6.426: Total time for which application threads were stopped: 0.0000877 seconds, Stopping threads took: 0.0000300 seconds
2016-04-11T15:31:33.329+0100: 6.426: Total time for which application threads were stopped: 0.0001145 seconds, Stopping threads took: 0.0000300 seconds
2016-04-11T15:31:33.330+0100: 6.427: Total time for which application threads were stopped: 0.0000940 seconds, Stopping threads took: 0.0000324 seconds
2016-04-11T15:31:33.331+0100: 6.427: Total time for which application threads were stopped: 0.0001295 seconds, Stopping threads took: 0.0000316 seconds
2016-04-11T15:31:33.331+0100: 6.428: Total time for which application threads were stopped: 0.0000908 seconds, Stopping threads took: 0.0000324 seconds
2016-04-11T15:31:33.331+0100: 6.428: Total time for which application threads were stopped: 0.0000837 seconds, Stopping threads took: 0.0000268 seconds
2016-04-11T15:31:33.332+0100: 6.429: Total time for which application threads were stopped: 0.0009349 seconds, Stopping threads took: 0.0008710 seconds
2016-04-11T15:31:33.332+0100: 6.429: Total time for which application threads were stopped: 0.0000861 seconds, Stopping threads took: 0.0000316 seconds
2016-04-11T15:31:33.333+0100: 6.430: Total time for which application threads were stopped: 0.0009302 seconds, Stopping threads took: 0.0008726 seconds
2016-04-11T15:31:33.334+0100: 6.431: Total time for which application threads were stopped: 0.0009010 seconds, Stopping threads took: 0.0008473 seconds
2016-04-11T15:31:33.335+0100: 6.432: Total time for which application threads were stopped: 0.0009523 seconds, Stopping threads took: 0.0008915 seconds
2016-04-11T15:31:33.336+0100: 6.433: Total time for which application threads were stopped: 0.0009302 seconds, Stopping threads took: 0.0008710 seconds
2016-04-11T15:31:33.337+0100: 6.434: Total time for which application threads were stopped: 0.0009255 seconds, Stopping threads took: 0.0008686 seconds
2016-04-11T15:31:33.338+0100: 6.434: Total time for which application threads were stopped: 0.0001406 seconds, Stopping threads took: 0.0000324 seconds
2016-04-11T15:31:33.338+0100: 6.434: Total time for which application threads were stopped: 0.0001216 seconds, Stopping threads took: 0.0000253 seconds
2016-04-11T15:31:33.338+0100: 6.435: Total time for which application threads were stopped: 0.0000774 seconds, Stopping threads took: 0.0000253 seconds
2016-04-11T15:31:33.338+0100: 6.435: Total time for which application threads were stopped: 0.0000774 seconds, Stopping threads took: 0.0000253 seconds
2016-04-11T15:31:33.338+0100: 6.435: Total time for which application threads were stopped: 0.0000766 seconds, Stopping threads took: 0.0000245 seconds
2016-04-11T15:31:33.339+0100: 6.435: Total time for which application threads were stopped: 0.0002693 seconds, Stopping threads took: 0.0000245 seconds
2016-04-11T15:31:33.339+0100: 6.436: Total time for which application threads were stopped: 0.0000979 seconds, Stopping threads took: 0.0000300 seconds
2016-04-11T15:31:33.348+0100: 6.444: Total time for which application threads were stopped: 0.0001406 seconds, Stopping threads took: 0.0000497 seconds
2016-04-11T15:31:33.348+0100: 6.444: Total time for which application threads were stopped: 0.0000805 seconds, Stopping threads took: 0.0000253 seconds
2016-04-11T15:31:33.374+0100: 6.470: Total time for which application threads were stopped: 0.0119150 seconds, Stopping threads took: 0.0117760 seconds
2016-04-11T15:31:33.374+0100: 6.471: Total time for which application threads were stopped: 0.0001398 seconds, Stopping threads took: 0.0000411 seconds
2016-04-11T15:31:33.374+0100: 6.471: Total time for which application threads were stopped: 0.0001169 seconds, Stopping threads took: 0.0000276 seconds
2016-04-11T15:31:33.374+0100: 6.471: Total time for which application threads were stopped: 0.0001153 seconds, Stopping threads took: 0.0000284 seconds
2016-04-11T15:31:33.375+0100: 6.471: Total time for which application threads were stopped: 0.0001121 seconds, Stopping threads took: 0.0000261 seconds
2016-04-11T15:31:33.375+0100: 6.472: Total time for which application threads were stopped: 0.0001058 seconds, Stopping threads took: 0.0000245 seconds
2016-04-11T15:31:33.375+0100: 6.472: Total time for which application threads were stopped: 0.0001113 seconds, Stopping threads took: 0.0000268 seconds
2016-04-11T15:31:33.375+0100: 6.472: Total time for which application threads were stopped: 0.0002906 seconds, Stopping threads took: 0.0000253 seconds
2016-04-11T15:31:33.399+0100: 6.496: Total time for which application threads were stopped: 0.0002140 seconds, Stopping threads took: 0.0000450 seconds
2016-04-11T15:31:33.402+0100: 6.498: Total time for which application threads were stopped: 0.0004564 seconds, Stopping threads took: 0.0000466 seconds
2016-04-11T15:31:33.402+0100: 6.499: Total time for which application threads were stopped: 0.0001571 seconds, Stopping threads took: 0.0000300 seconds
2016-04-11T15:31:33.411+0100: 6.507: Total time for which application threads were stopped: 0.0010873 seconds, Stopping threads took: 0.0008505 seconds
2016-04-11T15:31:33.411+0100: 6.508: Total time for which application threads were stopped: 0.0001737 seconds, Stopping threads took: 0.0000411 seconds
2016-04-11T15:31:33.411+0100: 6.508: Total time for which application threads were stopped: 0.0001311 seconds, Stopping threads took: 0.0000276 seconds
2016-04-11T15:31:33.412+0100: 6.509: Total time for which application threads were stopped: 0.0001524 seconds, Stopping threads took: 0.0000324 seconds
2016-04-11T15:31:33.412+0100: 6.509: Total time for which application threads were stopped: 0.0001319 seconds, Stopping threads took: 0.0000276 seconds
2016-04-11T15:31:33.412+0100: 6.509: Total time for which application threads were stopped: 0.0001319 seconds, Stopping threads took: 0.0000284 seconds
2016-04-11T15:31:33.413+0100: 6.510: Total time for which application threads were stopped: 0.0001611 seconds, Stopping threads took: 0.0000355 seconds
2016-04-11T15:31:33.413+0100: 6.510: Total time for which application threads were stopped: 0.0001974 seconds, Stopping threads took: 0.0000308 seconds
2016-04-11T15:31:33.414+0100: 6.510: Total time for which application threads were stopped: 0.0001982 seconds, Stopping threads took: 0.0000892 seconds
2016-04-11T15:31:33.414+0100: 6.511: Total time for which application threads were stopped: 0.0001477 seconds, Stopping threads took: 0.0000395 seconds
2016-04-11T15:31:33.415+0100: 6.511: Total time for which application threads were stopped: 0.0001556 seconds, Stopping threads took: 0.0000316 seconds
2016-04-11T15:31:33.508+0100: 6.605: Total time for which application threads were stopped: 0.0003403 seconds, Stopping threads took: 0.0000774 seconds
2016-04-11T15:31:33.549+0100: 6.646: Total time for which application threads were stopped: 0.0001674 seconds, Stopping threads took: 0.0000600 seconds
2016-04-11T15:31:33.549+0100: 6.646: Total time for which application threads were stopped: 0.0000877 seconds, Stopping threads took: 0.0000253 seconds
2016-04-11T15:31:33.549+0100: 6.646: Total time for which application threads were stopped: 0.0000892 seconds, Stopping threads took: 0.0000276 seconds
2016-04-11T15:31:33.550+0100: 6.646: Total time for which application threads were stopped: 0.0000932 seconds, Stopping threads took: 0.0000268 seconds
2016-04-11T15:31:33.552+0100: 6.648: Total time for which application threads were stopped: 0.0001492 seconds, Stopping threads took: 0.0000450 seconds
2016-04-11T15:31:33.552+0100: 6.649: Total time for which application threads were stopped: 0.0000948 seconds, Stopping threads took: 0.0000261 seconds
2016-04-11T15:31:33.552+0100: 6.649: Total time for which application threads were stopped: 0.0000948 seconds, Stopping threads took: 0.0000261 seconds
2016-04-11T15:31:33.552+0100: 6.649: Total time for which application threads were stopped: 0.0000987 seconds, Stopping threads took: 0.0000276 seconds
2016-04-11T15:31:33.567+0100: 6.663: Total time for which application threads were stopped: 0.0001816 seconds, Stopping threads took: 0.0000513 seconds
2016-04-11T15:31:33.589+0100: 6.686: Total time for which application threads were stopped: 0.0004588 seconds, Stopping threads took: 0.0000505 seconds
2016-04-11T15:31:33.593+0100: 6.689: Total time for which application threads were stopped: 0.0001453 seconds, Stopping threads took: 0.0000426 seconds
2016-04-11T15:31:33.593+0100: 6.690: Total time for which application threads were stopped: 0.0000845 seconds, Stopping threads took: 0.0000213 seconds
2016-04-11T15:31:33.593+0100: 6.690: Total time for which application threads were stopped: 0.0000829 seconds, Stopping threads took: 0.0000213 seconds
2016-04-11T15:31:33.594+0100: 6.691: Total time for which application threads were stopped: 0.0001003 seconds, Stopping threads took: 0.0000276 seconds
2016-04-11T15:31:33.644+0100: 6.741: Total time for which application threads were stopped: 0.0002258 seconds, Stopping threads took: 0.0000490 seconds
2016-04-11T15:31:33.651+0100: 6.747: Total time for which application threads were stopped: 0.0001721 seconds, Stopping threads took: 0.0000513 seconds
2016-04-11T15:31:33.651+0100: 6.747: Total time for which application threads were stopped: 0.0000924 seconds, Stopping threads took: 0.0000268 seconds
2016-04-11T15:31:33.651+0100: 6.748: Total time for which application threads were stopped: 0.0001840 seconds, Stopping threads took: 0.0000261 seconds
2016-04-11T15:31:33.651+0100: 6.748: Total time for which application threads were stopped: 0.0000948 seconds, Stopping threads took: 0.0000284 seconds
2016-04-11T15:31:33.691+0100: 6.787: Total time for which application threads were stopped: 0.0001690 seconds, Stopping threads took: 0.0000466 seconds
2016-04-11T15:31:33.693+0100: 6.790: Total time for which application threads were stopped: 0.0001256 seconds, Stopping threads took: 0.0000332 seconds
2016-04-11T15:31:33.694+0100: 6.790: Total time for which application threads were stopped: 0.0003972 seconds, Stopping threads took: 0.0000221 seconds
2016-04-11T15:31:33.694+0100: 6.791: Total time for which application threads were stopped: 0.0001248 seconds, Stopping threads took: 0.0000419 seconds
2016-04-11T15:31:33.819+0100: 6.915: Total time for which application threads were stopped: 0.0002582 seconds, Stopping threads took: 0.0000924 seconds
2016-04-11T15:31:33.820+0100: 6.916: Total time for which application threads were stopped: 0.0001532 seconds, Stopping threads took: 0.0000458 seconds
2016-04-11T15:31:33.820+0100: 6.917: Total time for which application threads were stopped: 0.0001011 seconds, Stopping threads took: 0.0000276 seconds
2016-04-11T15:31:33.820+0100: 6.917: Total time for which application threads were stopped: 0.0001184 seconds, Stopping threads took: 0.0000284 seconds
2016-04-11T15:31:33.820+0100: 6.917: Total time for which application threads were stopped: 0.0001184 seconds, Stopping threads took: 0.0000316 seconds
2016-04-11T15:31:33.821+0100: 6.917: Total time for which application threads were stopped: 0.0001271 seconds, Stopping threads took: 0.0000300 seconds
2016-04-11T15:31:33.821+0100: 6.918: Total time for which application threads were stopped: 0.0001011 seconds, Stopping threads took: 0.0000292 seconds
2016-04-11T15:31:33.822+0100: 6.918: Total time for which application threads were stopped: 0.0001184 seconds, Stopping threads took: 0.0000340 seconds
2016-04-11T15:31:33.822+0100: 6.918: Total time for which application threads were stopped: 0.0001200 seconds, Stopping threads took: 0.0000308 seconds
2016-04-11T15:31:33.822+0100: 6.919: Total time for which application threads were stopped: 0.0001082 seconds, Stopping threads took: 0.0000300 seconds
2016-04-11T15:31:33.823+0100: 6.920: Total time for which application threads were stopped: 0.0004501 seconds, Stopping threads took: 0.0000347 seconds
2016-04-11T15:31:33.825+0100: 6.921: Total time for which application threads were stopped: 0.0002432 seconds, Stopping threads took: 0.0000450 seconds
2016-04-11T15:31:33.825+0100: 6.922: Total time for which application threads were stopped: 0.0001256 seconds, Stopping threads took: 0.0000292 seconds
{Heap before GC invocations=1 (full 0):
 par new generation   total 109248K, used 93296K [0x00000000e0000000, 0x00000000e8000000, 0x00000000e8000000)
  eden space 87424K, 100% used [0x00000000e0000000, 0x00000000e5560000, 0x00000000e5560000)
  from space 21824K,  26% used [0x00000000e6ab0000, 0x00000000e706c228, 0x00000000e8000000)
  to   space 21824K,   0% used [0x00000000e5560000, 0x00000000e5560000, 0x00000000e6ab0000)
 concurrent mark-sweep generation total 393216K, used 0K [0x00000000e8000000, 0x0000000100000000, 0x0000000100000000)
 Metaspace       used 20018K, capacity 20372K, committed 20736K, reserved 1067008K
  class space    used 2355K, capacity 2488K, committed 2560K, reserved 1048576K
2016-04-11T15:31:33.967+0100: 7.063: [GC (Allocation Failure) 2016-04-11T15:31:33.967+0100: 7.063: [ParNew
Desired survivor size 20112992 bytes, new threshold 8 (max 8)
- age   1:    9194240 bytes,    9194240 total
- age   2:    2626992 bytes,   11821232 total
: 93296K->12587K(109248K), 0.0492749 secs] 93296K->12587K(502464K), 0.0494936 secs] [Times: user=0.06 sys=0.00, real=0.05 secs] 
Heap after GC invocations=2 (full 0):
 par new generation   total 109248K, used 12587K [0x00000000e0000000, 0x00000000e8000000, 0x00000000e8000000)
  eden space 87424K,   0% used [0x00000000e0000000, 0x00000000e0000000, 0x00000000e5560000)
  from space 21824K,  57% used [0x00000000e5560000, 0x00000000e61aad00, 0x00000000e6ab0000)
  to   space 21824K,   0% used [0x00000000e6ab0000, 0x00000000e6ab0000, 0x00000000e8000000)
 concurrent mark-sweep generation total 393216K, used 0K [0x00000000e8000000, 0x0000000100000000, 0x0000000100000000)
 Metaspace       used 20018K, capacity 20372K, committed 20736K, reserved 1067008K
  class space    used 2355K, capacity 2488K, committed 2560K, reserved 1048576K
}
2016-04-11T15:31:34.016+0100: 7.113: Total time for which application threads were stopped: 0.0499303 seconds, Stopping threads took: 0.0000442 seconds
2016-04-11T15:31:34.020+0100: 7.117: Total time for which application threads were stopped: 0.0003885 seconds, Stopping threads took: 0.0001808 seconds
2016-04-11T15:31:34.022+0100: 7.118: Total time for which application threads were stopped: 0.0011624 seconds, Stopping threads took: 0.0010210 seconds
2016-04-11T15:31:34.024+0100: 7.121: Total time for which application threads were stopped: 0.0010076 seconds, Stopping threads took: 0.0009310 seconds
2016-04-11T15:31:34.025+0100: 7.121: Total time for which application threads were stopped: 0.0000940 seconds, Stopping threads took: 0.0000324 seconds
2016-04-11T15:31:34.025+0100: 7.121: Total time for which application threads were stopped: 0.0000900 seconds, Stopping threads took: 0.0000284 seconds
2016-04-11T15:31:34.025+0100: 7.122: Total time for which application threads were stopped: 0.0000884 seconds, Stopping threads took: 0.0000308 seconds
2016-04-11T15:31:34.025+0100: 7.122: Total time for which application threads were stopped: 0.0000861 seconds, Stopping threads took: 0.0000284 seconds
2016-04-11T15:31:34.025+0100: 7.122: Total time for which application threads were stopped: 0.0000853 seconds, Stopping threads took: 0.0000284 seconds
2016-04-11T15:31:34.025+0100: 7.122: Total time for which application threads were stopped: 0.0000916 seconds, Stopping threads took: 0.0000300 seconds
2016-04-11T15:31:34.025+0100: 7.122: Total time for which application threads were stopped: 0.0000892 seconds, Stopping threads took: 0.0000316 seconds
2016-04-11T15:31:34.026+0100: 7.122: Total time for which application threads were stopped: 0.0001074 seconds, Stopping threads took: 0.0000466 seconds
2016-04-11T15:31:34.026+0100: 7.122: Total time for which application threads were stopped: 0.0000940 seconds, Stopping threads took: 0.0000347 seconds
2016-04-11T15:31:34.027+0100: 7.124: Total time for which application threads were stopped: 0.0010258 seconds, Stopping threads took: 0.0009468 seconds
2016-04-11T15:31:34.027+0100: 7.124: Total time for which application threads were stopped: 0.0000940 seconds, Stopping threads took: 0.0000308 seconds
2016-04-11T15:31:34.027+0100: 7.124: Total time for which application threads were stopped: 0.0000869 seconds, Stopping threads took: 0.0000292 seconds
2016-04-11T15:31:34.027+0100: 7.124: Total time for which application threads were stopped: 0.0000845 seconds, Stopping threads took: 0.0000276 seconds
2016-04-11T15:31:34.027+0100: 7.124: Total time for which application threads were stopped: 0.0000845 seconds, Stopping threads took: 0.0000276 seconds
2016-04-11T15:31:34.028+0100: 7.124: Total time for which application threads were stopped: 0.0000900 seconds, Stopping threads took: 0.0000300 seconds
2016-04-11T15:31:34.028+0100: 7.124: Total time for which application threads were stopped: 0.0000845 seconds, Stopping threads took: 0.0000276 seconds
2016-04-11T15:31:34.028+0100: 7.124: Total time for which application threads were stopped: 0.0000869 seconds, Stopping threads took: 0.0000284 seconds
2016-04-11T15:31:34.028+0100: 7.125: Total time for which application threads were stopped: 0.0001034 seconds, Stopping threads took: 0.0000300 seconds
2016-04-11T15:31:34.028+0100: 7.125: Total time for which application threads were stopped: 0.0003411 seconds, Stopping threads took: 0.0000324 seconds
2016-04-11T15:31:34.068+0100: 7.165: Total time for which application threads were stopped: 0.0001879 seconds, Stopping threads took: 0.0000687 seconds
2016-04-11T15:31:34.069+0100: 7.165: Total time for which application threads were stopped: 0.0003451 seconds, Stopping threads took: 0.0000347 seconds
2016-04-11T15:31:34.069+0100: 7.166: Total time for which application threads were stopped: 0.0001469 seconds, Stopping threads took: 0.0000813 seconds
2016-04-11T15:31:34.072+0100: 7.168: Total time for which application threads were stopped: 0.0002006 seconds, Stopping threads took: 0.0000671 seconds
2016-04-11T15:31:34.072+0100: 7.169: Total time for which application threads were stopped: 0.0001619 seconds, Stopping threads took: 0.0000616 seconds
2016-04-11T15:31:34.075+0100: 7.172: Total time for which application threads were stopped: 0.0003759 seconds, Stopping threads took: 0.0000395 seconds
2016-04-11T15:31:34.076+0100: 7.173: Total time for which application threads were stopped: 0.0001034 seconds, Stopping threads took: 0.0000340 seconds
2016-04-11T15:31:34.104+0100: 7.200: Total time for which application threads were stopped: 0.0058900 seconds, Stopping threads took: 0.0056681 seconds
2016-04-11T15:31:34.105+0100: 7.202: Total time for which application threads were stopped: 0.0011039 seconds, Stopping threads took: 0.0009744 seconds
2016-04-11T15:31:34.106+0100: 7.202: Total time for which application threads were stopped: 0.0001382 seconds, Stopping threads took: 0.0000253 seconds
2016-04-11T15:31:34.106+0100: 7.203: Total time for which application threads were stopped: 0.0001571 seconds, Stopping threads took: 0.0000316 seconds
2016-04-11T15:31:34.107+0100: 7.203: Total time for which application threads were stopped: 0.0001232 seconds, Stopping threads took: 0.0000221 seconds
2016-04-11T15:31:34.108+0100: 7.204: Total time for which application threads were stopped: 0.0001500 seconds, Stopping threads took: 0.0000308 seconds
2016-04-11T15:31:34.108+0100: 7.204: Total time for which application threads were stopped: 0.0001429 seconds, Stopping threads took: 0.0000458 seconds
2016-04-11T15:31:34.108+0100: 7.205: Total time for which application threads were stopped: 0.0001413 seconds, Stopping threads took: 0.0000284 seconds
2016-04-11T15:31:34.109+0100: 7.205: Total time for which application threads were stopped: 0.0003135 seconds, Stopping threads took: 0.0000221 seconds
2016-04-11T15:31:34.119+0100: 7.216: Total time for which application threads were stopped: 0.0003909 seconds, Stopping threads took: 0.0002353 seconds
2016-04-11T15:31:34.131+0100: 7.228: Total time for which application threads were stopped: 0.0118432 seconds, Stopping threads took: 0.0116102 seconds
2016-04-11T15:31:34.147+0100: 7.243: Total time for which application threads were stopped: 0.0011774 seconds, Stopping threads took: 0.0010029 seconds
2016-04-11T15:31:34.149+0100: 7.245: Total time for which application threads were stopped: 0.0001895 seconds, Stopping threads took: 0.0000419 seconds
2016-04-11T15:31:34.151+0100: 7.248: Total time for which application threads were stopped: 0.0002100 seconds, Stopping threads took: 0.0000458 seconds
2016-04-11T15:31:34.151+0100: 7.248: Total time for which application threads were stopped: 0.0001311 seconds, Stopping threads took: 0.0000221 seconds
2016-04-11T15:31:34.151+0100: 7.248: Total time for which application threads were stopped: 0.0001240 seconds, Stopping threads took: 0.0000229 seconds
2016-04-11T15:31:34.167+0100: 7.264: Total time for which application threads were stopped: 0.0001761 seconds, Stopping threads took: 0.0000632 seconds
2016-04-11T15:31:34.172+0100: 7.269: Total time for which application threads were stopped: 0.0011718 seconds, Stopping threads took: 0.0010384 seconds
2016-04-11T15:31:34.174+0100: 7.271: Total time for which application threads were stopped: 0.0001785 seconds, Stopping threads took: 0.0000561 seconds
2016-04-11T15:31:34.175+0100: 7.271: Total time for which application threads were stopped: 0.0001208 seconds, Stopping threads took: 0.0000395 seconds
2016-04-11T15:31:34.176+0100: 7.273: Total time for which application threads were stopped: 0.0001398 seconds, Stopping threads took: 0.0000395 seconds
2016-04-11T15:31:34.177+0100: 7.273: Total time for which application threads were stopped: 0.0001137 seconds, Stopping threads took: 0.0000347 seconds
2016-04-11T15:31:34.177+0100: 7.273: Total time for which application threads were stopped: 0.0000987 seconds, Stopping threads took: 0.0000300 seconds
2016-04-11T15:31:34.177+0100: 7.274: Total time for which application threads were stopped: 0.0000979 seconds, Stopping threads took: 0.0000292 seconds
2016-04-11T15:31:34.177+0100: 7.274: Total time for which application threads were stopped: 0.0001011 seconds, Stopping threads took: 0.0000300 seconds
2016-04-11T15:31:34.177+0100: 7.274: Total time for which application threads were stopped: 0.0003245 seconds, Stopping threads took: 0.0000292 seconds
2016-04-11T15:31:34.251+0100: 7.348: Total time for which application threads were stopped: 0.0089199 seconds, Stopping threads took: 0.0086569 seconds
2016-04-11T15:31:34.253+0100: 7.350: Total time for which application threads were stopped: 0.0001950 seconds, Stopping threads took: 0.0000434 seconds
2016-04-11T15:31:34.254+0100: 7.351: Total time for which application threads were stopped: 0.0014040 seconds, Stopping threads took: 0.0012737 seconds
2016-04-11T15:31:34.264+0100: 7.360: Total time for which application threads were stopped: 0.0002140 seconds, Stopping threads took: 0.0000537 seconds
2016-04-11T15:31:34.325+0100: 7.422: Total time for which application threads were stopped: 0.0084777 seconds, Stopping threads took: 0.0083071 seconds
2016-04-11T15:31:34.335+0100: 7.431: Total time for which application threads were stopped: 0.0001935 seconds, Stopping threads took: 0.0000450 seconds
2016-04-11T15:31:34.379+0100: 7.475: Total time for which application threads were stopped: 0.0001950 seconds, Stopping threads took: 0.0000529 seconds
2016-04-11T15:31:34.473+0100: 7.570: Total time for which application threads were stopped: 0.0004880 seconds, Stopping threads took: 0.0000569 seconds
2016-04-11T15:31:34.617+0100: 7.714: Total time for which application threads were stopped: 0.0002266 seconds, Stopping threads took: 0.0000561 seconds
2016-04-11T15:31:34.631+0100: 7.728: Total time for which application threads were stopped: 0.0001421 seconds, Stopping threads took: 0.0000426 seconds
2016-04-11T15:31:34.648+0100: 7.745: Total time for which application threads were stopped: 0.0004754 seconds, Stopping threads took: 0.0000450 seconds
2016-04-11T15:31:34.663+0100: 7.760: Total time for which application threads were stopped: 0.0007281 seconds, Stopping threads took: 0.0006159 seconds
2016-04-11T15:31:34.830+0100: 7.927: Total time for which application threads were stopped: 0.0002416 seconds, Stopping threads took: 0.0000584 seconds
2016-04-11T15:31:34.941+0100: 8.038: Total time for which application threads were stopped: 0.0466896 seconds, Stopping threads took: 0.0465498 seconds
2016-04-11T15:31:34.943+0100: 8.040: Total time for which application threads were stopped: 0.0001674 seconds, Stopping threads took: 0.0000505 seconds
2016-04-11T15:31:35.034+0100: 8.131: Total time for which application threads were stopped: 0.0172064 seconds, Stopping threads took: 0.0169656 seconds
2016-04-11T15:31:35.083+0100: 8.180: Total time for which application threads were stopped: 0.0085795 seconds, Stopping threads took: 0.0084027 seconds
2016-04-11T15:31:35.093+0100: 8.190: Total time for which application threads were stopped: 0.0001911 seconds, Stopping threads took: 0.0000419 seconds
2016-04-11T15:31:35.094+0100: 8.190: Total time for which application threads were stopped: 0.0001698 seconds, Stopping threads took: 0.0000300 seconds
2016-04-11T15:31:35.199+0100: 8.296: Total time for which application threads were stopped: 0.0002053 seconds, Stopping threads took: 0.0000521 seconds
{Heap before GC invocations=2 (full 0):
 par new generation   total 109248K, used 100011K [0x00000000e0000000, 0x00000000e8000000, 0x00000000e8000000)
  eden space 87424K, 100% used [0x00000000e0000000, 0x00000000e5560000, 0x00000000e5560000)
  from space 21824K,  57% used [0x00000000e5560000, 0x00000000e61aad00, 0x00000000e6ab0000)
  to   space 21824K,   0% used [0x00000000e6ab0000, 0x00000000e6ab0000, 0x00000000e8000000)
 concurrent mark-sweep generation total 393216K, used 0K [0x00000000e8000000, 0x0000000100000000, 0x0000000100000000)
 Metaspace       used 21955K, capacity 22324K, committed 22548K, reserved 1069056K
  class space    used 2591K, capacity 2712K, committed 2764K, reserved 1048576K
2016-04-11T15:31:35.384+0100: 8.481: [GC (Allocation Failure) 2016-04-11T15:31:35.384+0100: 8.481: [ParNew
Desired survivor size 20112992 bytes, new threshold 8 (max 8)
- age   1:    3196704 bytes,    3196704 total
- age   2:    3038632 bytes,    6235336 total
- age   3:    2603480 bytes,    8838816 total
: 100011K->14439K(109248K), 0.0317826 secs] 100011K->14439K(502464K), 0.0318979 secs] [Times: user=0.06 sys=0.00, real=0.03 secs] 
Heap after GC invocations=3 (full 0):
 par new generation   total 109248K, used 14439K [0x00000000e0000000, 0x00000000e8000000, 0x00000000e8000000)
  eden space 87424K,   0% used [0x00000000e0000000, 0x00000000e0000000, 0x00000000e5560000)
  from space 21824K,  66% used [0x00000000e6ab0000, 0x00000000e78c9e70, 0x00000000e8000000)
  to   space 21824K,   0% used [0x00000000e5560000, 0x00000000e5560000, 0x00000000e6ab0000)
 concurrent mark-sweep generation total 393216K, used 0K [0x00000000e8000000, 0x0000000100000000, 0x0000000100000000)
 Metaspace       used 21955K, capacity 22324K, committed 22548K, reserved 1069056K
  class space    used 2591K, capacity 2712K, committed 2764K, reserved 1048576K
}
2016-04-11T15:31:35.416+0100: 8.513: Total time for which application threads were stopped: 0.0324546 seconds, Stopping threads took: 0.0000482 seconds
2016-04-11T15:31:35.416+0100: 8.513: [GC (CMS Initial Mark) [1 CMS-initial-mark: 0K(393216K)] 14440K(502464K), 0.0085266 secs] [Times: user=0.03 sys=0.00, real=0.01 secs] 
2016-04-11T15:31:35.425+0100: 8.522: Total time for which application threads were stopped: 0.0087785 seconds, Stopping threads took: 0.0000411 seconds
2016-04-11T15:31:35.425+0100: 8.522: [CMS-concurrent-mark-start]
2016-04-11T15:31:35.425+0100: 8.522: [CMS-concurrent-mark: 0.000/0.000 secs] [Times: user=0.00 sys=0.00, real=0.00 secs] 
2016-04-11T15:31:35.425+0100: 8.522: [CMS-concurrent-preclean-start]
2016-04-11T15:31:35.428+0100: 8.525: [CMS-concurrent-preclean: 0.003/0.003 secs] [Times: user=0.00 sys=0.00, real=0.00 secs] 
2016-04-11T15:31:35.433+0100: 8.530: Total time for which application threads were stopped: 0.0001895 seconds, Stopping threads took: 0.0000632 seconds
2016-04-11T15:31:35.441+0100: 8.538: [GC (CMS Final Remark) [YG occupancy: 16547 K (109248 K)]{Heap before GC invocations=3 (full 1):
 par new generation   total 109248K, used 16547K [0x00000000e0000000, 0x00000000e8000000, 0x00000000e8000000)
  eden space 87424K,   2% used [0x00000000e0000000, 0x00000000e020eff0, 0x00000000e5560000)
  from space 21824K,  66% used [0x00000000e6ab0000, 0x00000000e78c9e70, 0x00000000e8000000)
  to   space 21824K,   0% used [0x00000000e5560000, 0x00000000e5560000, 0x00000000e6ab0000)
 concurrent mark-sweep generation total 393216K, used 0K [0x00000000e8000000, 0x0000000100000000, 0x0000000100000000)
 Metaspace       used 21960K, capacity 22330K, committed 22548K, reserved 1069056K
  class space    used 2592K, capacity 2713K, committed 2764K, reserved 1048576K
2016-04-11T15:31:35.441+0100: 8.538: [GC (CMS Final Remark) 2016-04-11T15:31:35.441+0100: 8.538: [ParNew
Desired survivor size 20112992 bytes, new threshold 8 (max 8)
- age   1:     150288 bytes,     150288 total
- age   2:    1759808 bytes,    1910096 total
- age   3:    3028064 bytes,    4938160 total
- age   4:    2603480 bytes,    7541640 total
: 16547K->9129K(109248K), 0.0273195 secs] 16547K->9129K(502464K), 0.0274245 secs] [Times: user=0.03 sys=0.00, real=0.03 secs] 
Heap after GC invocations=4 (full 1):
 par new generation   total 109248K, used 9129K [0x00000000e0000000, 0x00000000e8000000, 0x00000000e8000000)
  eden space 87424K,   0% used [0x00000000e0000000, 0x00000000e0000000, 0x00000000e5560000)
  from space 21824K,  41% used [0x00000000e5560000, 0x00000000e5e4a400, 0x00000000e6ab0000)
  to   space 21824K,   0% used [0x00000000e6ab0000, 0x00000000e6ab0000, 0x00000000e8000000)
 concurrent mark-sweep generation total 393216K, used 0K [0x00000000e8000000, 0x0000000100000000, 0x0000000100000000)
 Metaspace       used 21960K, capacity 22330K, committed 22548K, reserved 1069056K
  class space    used 2592K, capacity 2713K, committed 2764K, reserved 1048576K
}
2016-04-11T15:31:35.469+0100: 8.565: [Rescan (parallel) , 0.0092815 secs]2016-04-11T15:31:35.478+0100: 8.575: [weak refs processing, 0.0018186 secs]2016-04-11T15:31:35.480+0100: 8.577: [class unloading, 0.0073145 secs]2016-04-11T15:31:35.487+0100: 8.584: [scrub symbol table, 0.0094600 secs]2016-04-11T15:31:35.497+0100: 8.593: [scrub string table, 0.0006586 secs][1 CMS-remark: 0K(393216K)] 9129K(502464K), 0.0579744 secs] [Times: user=0.08 sys=0.00, real=0.06 secs] 
2016-04-11T15:31:35.499+0100: 8.596: Total time for which application threads were stopped: 0.0583021 seconds, Stopping threads took: 0.0000434 seconds
2016-04-11T15:31:35.499+0100: 8.596: Total time for which application threads were stopped: 0.0001603 seconds, Stopping threads took: 0.0000300 seconds
2016-04-11T15:31:35.499+0100: 8.596: [CMS-concurrent-sweep-start]
2016-04-11T15:31:35.500+0100: 8.596: [CMS-concurrent-sweep: 0.000/0.000 secs] [Times: user=0.00 sys=0.00, real=0.00 secs] 
2016-04-11T15:31:35.500+0100: 8.596: [CMS-concurrent-reset-start]
2016-04-11T15:31:35.507+0100: 8.603: [CMS-concurrent-reset: 0.007/0.007 secs] [Times: user=0.03 sys=0.00, real=0.01 secs] 
2016-04-11T15:31:35.585+0100: 8.682: Total time for which application threads were stopped: 0.0002693 seconds, Stopping threads took: 0.0001113 seconds
2016-04-11T15:31:35.606+0100: 8.703: Total time for which application threads were stopped: 0.0002093 seconds, Stopping threads took: 0.0000671 seconds
2016-04-11T15:31:35.649+0100: 8.746: Total time for which application threads were stopped: 0.0012848 seconds, Stopping threads took: 0.0011031 seconds
2016-04-11T15:31:35.650+0100: 8.747: Total time for which application threads were stopped: 0.0001571 seconds, Stopping threads took: 0.0000347 seconds
2016-04-11T15:31:35.650+0100: 8.747: Total time for which application threads were stopped: 0.0001477 seconds, Stopping threads took: 0.0000569 seconds
2016-04-11T15:31:35.741+0100: 8.838: Total time for which application threads were stopped: 0.0001990 seconds, Stopping threads took: 0.0000474 seconds
2016-04-11T15:31:35.743+0100: 8.840: Total time for which application threads were stopped: 0.0001319 seconds, Stopping threads took: 0.0000379 seconds
2016-04-11T15:31:35.751+0100: 8.848: Total time for which application threads were stopped: 0.0001745 seconds, Stopping threads took: 0.0000490 seconds
2016-04-11T15:31:35.841+0100: 8.938: Total time for which application threads were stopped: 0.0002645 seconds, Stopping threads took: 0.0000584 seconds
2016-04-11T15:31:35.841+0100: 8.938: Total time for which application threads were stopped: 0.0001287 seconds, Stopping threads took: 0.0000284 seconds
2016-04-11T15:31:35.841+0100: 8.938: Total time for which application threads were stopped: 0.0001729 seconds, Stopping threads took: 0.0000261 seconds
{Heap before GC invocations=4 (full 1):
 par new generation   total 109248K, used 96553K [0x00000000e0000000, 0x00000000e8000000, 0x00000000e8000000)
  eden space 87424K, 100% used [0x00000000e0000000, 0x00000000e5560000, 0x00000000e5560000)
  from space 21824K,  41% used [0x00000000e5560000, 0x00000000e5e4a400, 0x00000000e6ab0000)
  to   space 21824K,   0% used [0x00000000e6ab0000, 0x00000000e6ab0000, 0x00000000e8000000)
 concurrent mark-sweep generation total 393216K, used 0K [0x00000000e8000000, 0x0000000100000000, 0x0000000100000000)
 Metaspace       used 22700K, capacity 23008K, committed 23188K, reserved 1069056K
  class space    used 2693K, capacity 2810K, committed 2892K, reserved 1048576K
2016-04-11T15:31:35.900+0100: 8.997: [GC (Allocation Failure) 2016-04-11T15:31:35.900+0100: 8.997: [ParNew
Desired survivor size 20112992 bytes, new threshold 8 (max 8)
- age   1:    1157384 bytes,    1157384 total
- age   2:       2984 bytes,    1160368 total
- age   3:    1473552 bytes,    2633920 total
- age   4:    3027680 bytes,    5661600 total
- age   5:    2603480 bytes,    8265080 total
: 96553K->13329K(109248K), 0.0298432 secs] 96553K->13329K(502464K), 0.0299853 secs] [Times: user=0.06 sys=0.00, real=0.03 secs] 
Heap after GC invocations=5 (full 1):
 par new generation   total 109248K, used 13329K [0x00000000e0000000, 0x00000000e8000000, 0x00000000e8000000)
  eden space 87424K,   0% used [0x00000000e0000000, 0x00000000e0000000, 0x00000000e5560000)
  from space 21824K,  61% used [0x00000000e6ab0000, 0x00000000e77b4640, 0x00000000e8000000)
  to   space 21824K,   0% used [0x00000000e5560000, 0x00000000e5560000, 0x00000000e6ab0000)
 concurrent mark-sweep generation total 393216K, used 0K [0x00000000e8000000, 0x0000000100000000, 0x0000000100000000)
 Metaspace       used 22700K, capacity 23008K, committed 23188K, reserved 1069056K
  class space    used 2693K, capacity 2810K, committed 2892K, reserved 1048576K
}
2016-04-11T15:31:35.930+0100: 9.027: Total time for which application threads were stopped: 0.0304757 seconds, Stopping threads took: 0.0001019 seconds
2016-04-11T15:31:36.147+0100: 9.244: Total time for which application threads were stopped: 0.0002551 seconds, Stopping threads took: 0.0000640 seconds
2016-04-11T15:31:36.176+0100: 9.272: Total time for which application threads were stopped: 0.0270305 seconds, Stopping threads took: 0.0268086 seconds
2016-04-11T15:31:36.176+0100: 9.273: Total time for which application threads were stopped: 0.0001603 seconds, Stopping threads took: 0.0000387 seconds
2016-04-11T15:31:36.292+0100: 9.388: Total time for which application threads were stopped: 0.0001753 seconds, Stopping threads took: 0.0000608 seconds
{Heap before GC invocations=5 (full 1):
 par new generation   total 109248K, used 100753K [0x00000000e0000000, 0x00000000e8000000, 0x00000000e8000000)
  eden space 87424K, 100% used [0x00000000e0000000, 0x00000000e5560000, 0x00000000e5560000)
  from space 21824K,  61% used [0x00000000e6ab0000, 0x00000000e77b4640, 0x00000000e8000000)
  to   space 21824K,   0% used [0x00000000e5560000, 0x00000000e5560000, 0x00000000e6ab0000)
 concurrent mark-sweep generation total 393216K, used 0K [0x00000000e8000000, 0x0000000100000000, 0x0000000100000000)
 Metaspace       used 22914K, capacity 23252K, committed 23628K, reserved 1071104K
  class space    used 2724K, capacity 2846K, committed 2892K, reserved 1048576K
2016-04-11T15:31:36.352+0100: 9.449: [GC (Allocation Failure) 2016-04-11T15:31:36.352+0100: 9.449: [ParNew
Desired survivor size 20112992 bytes, new threshold 8 (max 8)
- age   1:     814952 bytes,     814952 total
- age   2:     138936 bytes,     953888 total
- age   3:       2888 bytes,     956776 total
- age   4:    1473008 bytes,    2429784 total
- age   5:    3024192 bytes,    5453976 total
- age   6:    2603480 bytes,    8057456 total
: 100753K->8289K(109248K), 0.0283910 secs] 100753K->8289K(502464K), 0.0285482 secs] [Times: user=0.06 sys=0.00, real=0.03 secs] 
Heap after GC invocations=6 (full 1):
 par new generation   total 109248K, used 8289K [0x00000000e0000000, 0x00000000e8000000, 0x00000000e8000000)
  eden space 87424K,   0% used [0x00000000e0000000, 0x00000000e0000000, 0x00000000e5560000)
  from space 21824K,  37% used [0x00000000e5560000, 0x00000000e5d78448, 0x00000000e6ab0000)
  to   space 21824K,   0% used [0x00000000e6ab0000, 0x00000000e6ab0000, 0x00000000e8000000)
 concurrent mark-sweep generation total 393216K, used 0K [0x00000000e8000000, 0x0000000100000000, 0x0000000100000000)
 Metaspace       used 22914K, capacity 23252K, committed 23628K, reserved 1071104K
  class space    used 2724K, capacity 2846K, committed 2892K, reserved 1048576K
}
2016-04-11T15:31:36.381+0100: 9.478: Total time for which application threads were stopped: 0.0377460 seconds, Stopping threads took: 0.0088196 seconds
2016-04-11T15:31:36.446+0100: 9.543: Total time for which application threads were stopped: 0.0046092 seconds, Stopping threads took: 0.0044165 seconds
2016-04-11T15:31:36.518+0100: 9.614: Total time for which application threads were stopped: 0.0011868 seconds, Stopping threads took: 0.0010013 seconds
2016-04-11T15:31:36.569+0100: 9.666: Total time for which application threads were stopped: 0.0002361 seconds, Stopping threads took: 0.0000600 seconds
2016-04-11T15:31:36.570+0100: 9.667: Total time for which application threads were stopped: 0.0001453 seconds, Stopping threads took: 0.0000340 seconds
2016-04-11T15:31:36.651+0100: 9.748: Total time for which application threads were stopped: 0.0001824 seconds, Stopping threads took: 0.0000648 seconds
2016-04-11T15:31:36.808+0100: 9.905: Total time for which application threads were stopped: 0.0001800 seconds, Stopping threads took: 0.0000466 seconds
2016-04-11T15:31:36.925+0100: 10.022: Total time for which application threads were stopped: 0.0005630 seconds, Stopping threads took: 0.0000466 seconds
2016-04-11T15:31:37.134+0100: 10.231: Total time for which application threads were stopped: 0.0002006 seconds, Stopping threads took: 0.0000474 seconds
2016-04-11T15:31:37.259+0100: 10.356: Total time for which application threads were stopped: 0.0001998 seconds, Stopping threads took: 0.0000584 seconds
2016-04-11T15:31:37.499+0100: 10.596: Total time for which application threads were stopped: 0.0158325 seconds, Stopping threads took: 0.0156153 seconds
2016-04-11T15:31:37.517+0100: 10.613: Total time for which application threads were stopped: 0.0003703 seconds, Stopping threads took: 0.0000482 seconds
2016-04-11T15:31:37.558+0100: 10.655: Total time for which application threads were stopped: 0.0008765 seconds, Stopping threads took: 0.0007683 seconds
2016-04-11T15:31:37.580+0100: 10.677: Total time for which application threads were stopped: 0.0020025 seconds, Stopping threads took: 0.0018225 seconds
2016-04-11T15:31:37.662+0100: 10.759: Total time for which application threads were stopped: 0.0001761 seconds, Stopping threads took: 0.0000490 seconds
2016-04-11T15:31:37.662+0100: 10.759: Total time for which application threads were stopped: 0.0001098 seconds, Stopping threads took: 0.0000442 seconds
2016-04-11T15:31:37.801+0100: 10.898: Total time for which application threads were stopped: 0.0012492 seconds, Stopping threads took: 0.0011229 seconds
2016-04-11T15:31:37.812+0100: 10.909: Total time for which application threads were stopped: 0.0002140 seconds, Stopping threads took: 0.0000584 seconds
2016-04-11T15:31:37.822+0100: 10.918: Total time for which application threads were stopped: 0.0001816 seconds, Stopping threads took: 0.0000592 seconds
2016-04-11T15:31:37.824+0100: 10.921: Total time for which application threads were stopped: 0.0001429 seconds, Stopping threads took: 0.0000450 seconds
2016-04-11T15:31:37.830+0100: 10.927: Total time for which application threads were stopped: 0.0001761 seconds, Stopping threads took: 0.0000553 seconds
2016-04-11T15:31:37.839+0100: 10.936: Total time for which application threads were stopped: 0.0001832 seconds, Stopping threads took: 0.0000434 seconds
2016-04-11T15:31:37.840+0100: 10.936: Total time for which application threads were stopped: 0.0001358 seconds, Stopping threads took: 0.0000261 seconds
2016-04-11T15:31:37.843+0100: 10.940: Total time for which application threads were stopped: 0.0001919 seconds, Stopping threads took: 0.0000537 seconds
2016-04-11T15:31:38.185+0100: 11.282: Total time for which application threads were stopped: 0.0057423 seconds, Stopping threads took: 0.0055362 seconds
2016-04-11T15:31:38.186+0100: 11.283: Total time for which application threads were stopped: 0.0003546 seconds, Stopping threads took: 0.0002645 seconds
{Heap before GC invocations=6 (full 1):
 par new generation   total 109248K, used 95713K [0x00000000e0000000, 0x00000000e8000000, 0x00000000e8000000)
  eden space 87424K, 100% used [0x00000000e0000000, 0x00000000e5560000, 0x00000000e5560000)
  from space 21824K,  37% used [0x00000000e5560000, 0x00000000e5d78448, 0x00000000e6ab0000)
  to   space 21824K,   0% used [0x00000000e6ab0000, 0x00000000e6ab0000, 0x00000000e8000000)
 concurrent mark-sweep generation total 393216K, used 0K [0x00000000e8000000, 0x0000000100000000, 0x0000000100000000)
 Metaspace       used 26795K, capacity 27178K, committed 27468K, reserved 1073152K
  class space    used 3196K, capacity 3302K, committed 3404K, reserved 1048576K
2016-04-11T15:31:38.188+0100: 11.285: [GC (Allocation Failure) 2016-04-11T15:31:38.189+0100: 11.285: [ParNew
Desired survivor size 20112992 bytes, new threshold 8 (max 8)
- age   1:    4664216 bytes,    4664216 total
- age   2:     118184 bytes,    4782400 total
- age   3:     133584 bytes,    4915984 total
- age   4:       2800 bytes,    4918784 total
- age   5:     409560 bytes,    5328344 total
- age   6:    3002800 bytes,    8331144 total
- age   7:    2603312 bytes,   10934456 total
: 95713K->13644K(109248K), 0.0414613 secs] 95713K->13644K(502464K), 0.0416287 secs] [Times: user=0.06 sys=0.00, real=0.04 secs] 
Heap after GC invocations=7 (full 1):
 par new generation   total 109248K, used 13644K [0x00000000e0000000, 0x00000000e8000000, 0x00000000e8000000)
  eden space 87424K,   0% used [0x00000000e0000000, 0x00000000e0000000, 0x00000000e5560000)
  from space 21824K,  62% used [0x00000000e6ab0000, 0x00000000e78033c0, 0x00000000e8000000)
  to   space 21824K,   0% used [0x00000000e5560000, 0x00000000e5560000, 0x00000000e6ab0000)
 concurrent mark-sweep generation total 393216K, used 0K [0x00000000e8000000, 0x0000000100000000, 0x0000000100000000)
 Metaspace       used 26795K, capacity 27178K, committed 27468K, reserved 1073152K
  class space    used 3196K, capacity 3302K, committed 3404K, reserved 1048576K
}
2016-04-11T15:31:38.230+0100: 11.327: Total time for which application threads were stopped: 0.0421514 seconds, Stopping threads took: 0.0000521 seconds
2016-04-11T15:31:38.239+0100: 11.336: Total time for which application threads were stopped: 0.0002598 seconds, Stopping threads took: 0.0000774 seconds
2016-04-11T15:31:38.240+0100: 11.337: Total time for which application threads were stopped: 0.0001635 seconds, Stopping threads took: 0.0000300 seconds
2016-04-11T15:31:38.251+0100: 11.348: Total time for which application threads were stopped: 0.0002614 seconds, Stopping threads took: 0.0000861 seconds
2016-04-11T15:31:38.278+0100: 11.375: Total time for which application threads were stopped: 0.0015382 seconds, Stopping threads took: 0.0013764 seconds
2016-04-11T15:31:38.306+0100: 11.403: Total time for which application threads were stopped: 0.0007818 seconds, Stopping threads took: 0.0006246 seconds
2016-04-11T15:31:38.308+0100: 11.405: Total time for which application threads were stopped: 0.0006396 seconds, Stopping threads took: 0.0005322 seconds
2016-04-11T15:31:38.311+0100: 11.408: Total time for which application threads were stopped: 0.0007739 seconds, Stopping threads took: 0.0006538 seconds
2016-04-11T15:31:38.321+0100: 11.418: Total time for which application threads were stopped: 0.0001761 seconds, Stopping threads took: 0.0000458 seconds
2016-04-11T15:31:38.322+0100: 11.419: Total time for which application threads were stopped: 0.0002219 seconds, Stopping threads took: 0.0000940 seconds
2016-04-11T15:31:38.329+0100: 11.426: Total time for which application threads were stopped: 0.0001737 seconds, Stopping threads took: 0.0000482 seconds
2016-04-11T15:31:38.330+0100: 11.427: Total time for which application threads were stopped: 0.0000995 seconds, Stopping threads took: 0.0000237 seconds
2016-04-11T15:31:38.330+0100: 11.427: Total time for which application threads were stopped: 0.0001058 seconds, Stopping threads took: 0.0000229 seconds
2016-04-11T15:31:38.331+0100: 11.428: Total time for which application threads were stopped: 0.0001027 seconds, Stopping threads took: 0.0000229 seconds
2016-04-11T15:31:38.338+0100: 11.435: Total time for which application threads were stopped: 0.0001437 seconds, Stopping threads took: 0.0000466 seconds
2016-04-11T15:31:38.355+0100: 11.452: Total time for which application threads were stopped: 0.0001816 seconds, Stopping threads took: 0.0000616 seconds
2016-04-11T15:31:38.389+0100: 11.486: Total time for which application threads were stopped: 0.0005970 seconds, Stopping threads took: 0.0000600 seconds
2016-04-11T15:31:38.426+0100: 11.523: Total time for which application threads were stopped: 0.0001690 seconds, Stopping threads took: 0.0000608 seconds
2016-04-11T15:31:38.427+0100: 11.524: Total time for which application threads were stopped: 0.0001398 seconds, Stopping threads took: 0.0000458 seconds
2016-04-11T15:31:38.428+0100: 11.525: Total time for which application threads were stopped: 0.0001019 seconds, Stopping threads took: 0.0000316 seconds
2016-04-11T15:31:38.435+0100: 11.532: Total time for which application threads were stopped: 0.0001469 seconds, Stopping threads took: 0.0000474 seconds
2016-04-11T15:31:38.454+0100: 11.551: Total time for which application threads were stopped: 0.0001248 seconds, Stopping threads took: 0.0000419 seconds
2016-04-11T15:31:48.355+0100: 21.452: Total time for which application threads were stopped: 0.0014932 seconds, Stopping threads took: 0.0000474 seconds
2016-04-11T15:31:48.461+0100: 21.557: Total time for which application threads were stopped: 0.0001777 seconds, Stopping threads took: 0.0000553 seconds
2016-04-11T15:31:48.467+0100: 21.564: Total time for which application threads were stopped: 0.0010384 seconds, Stopping threads took: 0.0009192 seconds
2016-04-11T15:31:48.472+0100: 21.568: Total time for which application threads were stopped: 0.0001658 seconds, Stopping threads took: 0.0000632 seconds
2016-04-11T15:31:48.477+0100: 21.574: Total time for which application threads were stopped: 0.0006001 seconds, Stopping threads took: 0.0004856 seconds
2016-04-11T15:31:48.481+0100: 21.578: Total time for which application threads were stopped: 0.0001382 seconds, Stopping threads took: 0.0000403 seconds
2016-04-11T15:31:48.496+0100: 21.592: Total time for which application threads were stopped: 0.0003159 seconds, Stopping threads took: 0.0001911 seconds
2016-04-11T15:31:48.500+0100: 21.597: Total time for which application threads were stopped: 0.0001587 seconds, Stopping threads took: 0.0000497 seconds
2016-04-11T15:31:48.549+0100: 21.645: Total time for which application threads were stopped: 0.0001721 seconds, Stopping threads took: 0.0000569 seconds
2016-04-11T15:31:48.617+0100: 21.713: Total time for which application threads were stopped: 0.0002440 seconds, Stopping threads took: 0.0001034 seconds
2016-04-11T15:31:49.427+0100: 22.524: Total time for which application threads were stopped: 0.0001903 seconds, Stopping threads took: 0.0000624 seconds
2016-04-11T15:31:49.427+0100: 22.524: Total time for which application threads were stopped: 0.0001319 seconds, Stopping threads took: 0.0000671 seconds
2016-04-11T15:31:49.429+0100: 22.525: Total time for which application threads were stopped: 0.0001153 seconds, Stopping threads took: 0.0000379 seconds
2016-04-11T15:31:49.429+0100: 22.526: Total time for which application threads were stopped: 0.0000861 seconds, Stopping threads took: 0.0000276 seconds
2016-04-11T15:31:49.429+0100: 22.526: Total time for which application threads were stopped: 0.0000900 seconds, Stopping threads took: 0.0000308 seconds
2016-04-11T15:31:49.431+0100: 22.527: Total time for which application threads were stopped: 0.0001248 seconds, Stopping threads took: 0.0000450 seconds
2016-04-11T15:31:49.431+0100: 22.527: Total time for which application threads were stopped: 0.0000877 seconds, Stopping threads took: 0.0000292 seconds
2016-04-11T15:31:49.431+0100: 22.528: Total time for which application threads were stopped: 0.0000892 seconds, Stopping threads took: 0.0000292 seconds
2016-04-11T15:31:49.431+0100: 22.528: Total time for which application threads were stopped: 0.0000869 seconds, Stopping threads took: 0.0000292 seconds
2016-04-11T15:31:49.431+0100: 22.528: Total time for which application threads were stopped: 0.0000916 seconds, Stopping threads took: 0.0000332 seconds
2016-04-11T15:31:49.432+0100: 22.528: Total time for which application threads were stopped: 0.0001240 seconds, Stopping threads took: 0.0000616 seconds
2016-04-11T15:31:49.432+0100: 22.528: Total time for which application threads were stopped: 0.0000908 seconds, Stopping threads took: 0.0000308 seconds
2016-04-11T15:31:49.432+0100: 22.529: Total time for which application threads were stopped: 0.0000884 seconds, Stopping threads took: 0.0000292 seconds
2016-04-11T15:31:49.560+0100: 22.656: Total time for which application threads were stopped: 0.0002187 seconds, Stopping threads took: 0.0001161 seconds
2016-04-11T15:31:49.587+0100: 22.684: Total time for which application threads were stopped: 0.0003245 seconds, Stopping threads took: 0.0002219 seconds
2016-04-11T15:31:49.588+0100: 22.685: Total time for which application threads were stopped: 0.0001050 seconds, Stopping threads took: 0.0000284 seconds
2016-04-11T15:31:49.589+0100: 22.685: Total time for which application threads were stopped: 0.0000916 seconds, Stopping threads took: 0.0000237 seconds
2016-04-11T15:31:49.596+0100: 22.693: Total time for which application threads were stopped: 0.0006759 seconds, Stopping threads took: 0.0000576 seconds
2016-04-11T15:31:49.597+0100: 22.694: Total time for which application threads were stopped: 0.0001413 seconds, Stopping threads took: 0.0000371 seconds
2016-04-11T15:31:49.600+0100: 22.697: Total time for which application threads were stopped: 0.0016362 seconds, Stopping threads took: 0.0015059 seconds
2016-04-11T15:31:49.604+0100: 22.701: Total time for which application threads were stopped: 0.0002140 seconds, Stopping threads took: 0.0000821 seconds
2016-04-11T15:31:49.612+0100: 22.708: Total time for which application threads were stopped: 0.0001824 seconds, Stopping threads took: 0.0000553 seconds
2016-04-11T15:31:49.612+0100: 22.709: Total time for which application threads were stopped: 0.0000884 seconds, Stopping threads took: 0.0000197 seconds
2016-04-11T15:31:49.614+0100: 22.711: Total time for which application threads were stopped: 0.0001366 seconds, Stopping threads took: 0.0000379 seconds
2016-04-11T15:31:49.616+0100: 22.713: Total time for which application threads were stopped: 0.0003380 seconds, Stopping threads took: 0.0000332 seconds
2016-04-11T15:31:49.620+0100: 22.717: Total time for which application threads were stopped: 0.0001611 seconds, Stopping threads took: 0.0000553 seconds
2016-04-11T15:31:49.622+0100: 22.718: Total time for which application threads were stopped: 0.0001437 seconds, Stopping threads took: 0.0000521 seconds
2016-04-11T15:31:50.968+0100: 24.064: Total time for which application threads were stopped: 0.0001729 seconds, Stopping threads took: 0.0000474 seconds
2016-04-11T15:31:50.976+0100: 24.072: Total time for which application threads were stopped: 0.0018707 seconds, Stopping threads took: 0.0017562 seconds
2016-04-11T15:31:50.982+0100: 24.079: Total time for which application threads were stopped: 0.0001587 seconds, Stopping threads took: 0.0000482 seconds
2016-04-11T15:31:51.014+0100: 24.110: Total time for which application threads were stopped: 0.0001848 seconds, Stopping threads took: 0.0000624 seconds
2016-04-11T15:31:51.147+0100: 24.243: Total time for which application threads were stopped: 0.0001658 seconds, Stopping threads took: 0.0000576 seconds
2016-04-11T15:31:51.147+0100: 24.244: Total time for which application threads were stopped: 0.0000813 seconds, Stopping threads took: 0.0000324 seconds
2016-04-11T15:31:51.147+0100: 24.244: Total time for which application threads were stopped: 0.0000782 seconds, Stopping threads took: 0.0000300 seconds
2016-04-11T15:31:51.147+0100: 24.244: Total time for which application threads were stopped: 0.0000774 seconds, Stopping threads took: 0.0000292 seconds
2016-04-11T15:31:51.147+0100: 24.244: Total time for which application threads were stopped: 0.0000798 seconds, Stopping threads took: 0.0000308 seconds
2016-04-11T15:31:51.182+0100: 24.279: Total time for which application threads were stopped: 0.0002456 seconds, Stopping threads took: 0.0000663 seconds
2016-04-11T15:31:51.714+0100: 24.810: Total time for which application threads were stopped: 0.0002637 seconds, Stopping threads took: 0.0000576 seconds
2016-04-11T15:31:51.764+0100: 24.860: Total time for which application threads were stopped: 0.0006499 seconds, Stopping threads took: 0.0000474 seconds
2016-04-11T15:31:51.824+0100: 24.921: Total time for which application threads were stopped: 0.0005986 seconds, Stopping threads took: 0.0000426 seconds
2016-04-11T15:31:52.198+0100: 25.295: Total time for which application threads were stopped: 0.0001895 seconds, Stopping threads took: 0.0000482 seconds
2016-04-11T15:31:52.223+0100: 25.320: Total time for which application threads were stopped: 0.0008054 seconds, Stopping threads took: 0.0000742 seconds
2016-04-11T15:31:52.289+0100: 25.386: Total time for which application threads were stopped: 0.0001990 seconds, Stopping threads took: 0.0000663 seconds
2016-04-11T15:31:52.839+0100: 25.936: Total time for which application threads were stopped: 0.0001532 seconds, Stopping threads took: 0.0000537 seconds
2016-04-11T15:31:52.839+0100: 25.936: Total time for which application threads were stopped: 0.0000798 seconds, Stopping threads took: 0.0000276 seconds
2016-04-11T15:31:52.839+0100: 25.936: Total time for which application threads were stopped: 0.0000766 seconds, Stopping threads took: 0.0000268 seconds
2016-04-11T15:31:52.940+0100: 26.036: Total time for which application threads were stopped: 0.0001635 seconds, Stopping threads took: 0.0000490 seconds
2016-04-11T15:31:52.940+0100: 26.037: Total time for which application threads were stopped: 0.0001003 seconds, Stopping threads took: 0.0000387 seconds
2016-04-11T15:31:52.946+0100: 26.043: Total time for which application threads were stopped: 0.0001445 seconds, Stopping threads took: 0.0000458 seconds
2016-04-11T15:31:52.950+0100: 26.047: Total time for which application threads were stopped: 0.0001263 seconds, Stopping threads took: 0.0000395 seconds
2016-04-11T15:31:53.046+0100: 26.143: Total time for which application threads were stopped: 0.0002487 seconds, Stopping threads took: 0.0000419 seconds
2016-04-11T15:31:53.063+0100: 26.160: Total time for which application threads were stopped: 0.0001595 seconds, Stopping threads took: 0.0000458 seconds
2016-04-11T15:31:53.063+0100: 26.160: Total time for which application threads were stopped: 0.0000813 seconds, Stopping threads took: 0.0000213 seconds
2016-04-11T15:31:53.064+0100: 26.160: Total time for which application threads were stopped: 0.0000766 seconds, Stopping threads took: 0.0000205 seconds
2016-04-11T15:31:53.355+0100: 26.452: Total time for which application threads were stopped: 0.0002227 seconds, Stopping threads took: 0.0000458 seconds
2016-04-11T15:31:53.356+0100: 26.452: Total time for which application threads were stopped: 0.0000766 seconds, Stopping threads took: 0.0000213 seconds
2016-04-11T15:31:54.215+0100: 27.311: Total time for which application threads were stopped: 0.0001714 seconds, Stopping threads took: 0.0000600 seconds
2016-04-11T15:31:54.217+0100: 27.314: Total time for which application threads were stopped: 0.0001327 seconds, Stopping threads took: 0.0000537 seconds
2016-04-11T15:31:54.217+0100: 27.314: Total time for which application threads were stopped: 0.0000892 seconds, Stopping threads took: 0.0000316 seconds
2016-04-11T15:31:54.236+0100: 27.333: Total time for which application threads were stopped: 0.0001532 seconds, Stopping threads took: 0.0000584 seconds
2016-04-11T15:31:54.238+0100: 27.335: Total time for which application threads were stopped: 0.0001508 seconds, Stopping threads took: 0.0000561 seconds
2016-04-11T15:31:54.241+0100: 27.338: Total time for which application threads were stopped: 0.0001335 seconds, Stopping threads took: 0.0000529 seconds
2016-04-11T15:31:54.310+0100: 27.407: Total time for which application threads were stopped: 0.0001603 seconds, Stopping threads took: 0.0000490 seconds
2016-04-11T15:31:58.310+0100: 31.407: Total time for which application threads were stopped: 0.0001374 seconds, Stopping threads took: 0.0000474 seconds
2016-04-11T15:32:00.310+0100: 33.407: Total time for which application threads were stopped: 0.0001500 seconds, Stopping threads took: 0.0000482 seconds
2016-04-11T15:32:07.311+0100: 40.407: Total time for which application threads were stopped: 0.0001848 seconds, Stopping threads took: 0.0000726 seconds
2016-04-11T15:32:08.501+0100: 41.598: Total time for which application threads were stopped: 0.0001911 seconds, Stopping threads took: 0.0000450 seconds
2016-04-11T15:32:08.695+0100: 41.792: Total time for which application threads were stopped: 0.0001611 seconds, Stopping threads took: 0.0000466 seconds
2016-04-11T15:32:09.695+0100: 42.791: Total time for which application threads were stopped: 0.0001485 seconds, Stopping threads took: 0.0000434 seconds
2016-04-11T15:32:13.695+0100: 46.792: Total time for which application threads were stopped: 0.0001571 seconds, Stopping threads took: 0.0000490 seconds
2016-04-11T15:32:23.696+0100: 56.798: Total time for which application threads were stopped: 0.0001579 seconds, Stopping threads took: 0.0000466 seconds
2016-04-11T15:32:25.672+0100: 58.775: Total time for which application threads were stopped: 0.0001729 seconds, Stopping threads took: 0.0000576 seconds
2016-04-11T15:32:25.674+0100: 58.777: Total time for which application threads were stopped: 0.0001279 seconds, Stopping threads took: 0.0000474 seconds
{Heap before GC invocations=7 (full 1):
 par new generation   total 109248K, used 101068K [0x00000000e0000000, 0x00000000e8000000, 0x00000000e8000000)
  eden space 87424K, 100% used [0x00000000e0000000, 0x00000000e5560000, 0x00000000e5560000)
  from space 21824K,  62% used [0x00000000e6ab0000, 0x00000000e78033c0, 0x00000000e8000000)
  to   space 21824K,   0% used [0x00000000e5560000, 0x00000000e5560000, 0x00000000e6ab0000)
 concurrent mark-sweep generation total 393216K, used 0K [0x00000000e8000000, 0x0000000100000000, 0x0000000100000000)
 Metaspace       used 34096K, capacity 34508K, committed 34892K, reserved 1079296K
  class space    used 3998K, capacity 4124K, committed 4172K, reserved 1048576K
2016-04-11T15:32:25.676+0100: 58.778: [GC (Allocation Failure) 2016-04-11T15:32:25.676+0100: 58.778: [ParNew
Desired survivor size 20112992 bytes, new threshold 8 (max 8)
- age   1:   10589392 bytes,   10589392 total
- age   2:    1415832 bytes,   12005224 total
- age   3:     118120 bytes,   12123344 total
- age   4:     133008 bytes,   12256352 total
- age   5:       2800 bytes,   12259152 total
- age   6:     398704 bytes,   12657856 total
- age   7:    2899896 bytes,   15557752 total
- age   8:    2583608 bytes,   18141360 total
: 101068K->21824K(109248K), 0.0557121 secs] 101068K->22761K(502464K), 0.0558708 secs] [Times: user=0.09 sys=0.00, real=0.05 secs] 
Heap after GC invocations=8 (full 1):
 par new generation   total 109248K, used 21824K [0x00000000e0000000, 0x00000000e8000000, 0x00000000e8000000)
  eden space 87424K,   0% used [0x00000000e0000000, 0x00000000e0000000, 0x00000000e5560000)
  from space 21824K, 100% used [0x00000000e5560000, 0x00000000e6ab0000, 0x00000000e6ab0000)
  to   space 21824K,   0% used [0x00000000e6ab0000, 0x00000000e6ab0000, 0x00000000e8000000)
 concurrent mark-sweep generation total 393216K, used 937K [0x00000000e8000000, 0x0000000100000000, 0x0000000100000000)
 Metaspace       used 34096K, capacity 34508K, committed 34892K, reserved 1079296K
  class space    used 3998K, capacity 4124K, committed 4172K, reserved 1048576K
}
2016-04-11T15:32:25.732+0100: 58.834: Total time for which application threads were stopped: 0.0562854 seconds, Stopping threads took: 0.0000300 seconds
2016-04-11T15:32:25.745+0100: 58.848: Total time for which application threads were stopped: 0.0001429 seconds, Stopping threads took: 0.0000434 seconds
2016-04-11T15:32:25.745+0100: 58.848: Total time for which application threads were stopped: 0.0000821 seconds, Stopping threads took: 0.0000221 seconds
2016-04-11T15:32:25.745+0100: 58.848: Total time for which application threads were stopped: 0.0000679 seconds, Stopping threads took: 0.0000205 seconds
2016-04-11T15:32:25.746+0100: 58.849: Total time for which application threads were stopped: 0.0002503 seconds, Stopping threads took: 0.0001848 seconds
2016-04-11T15:32:25.746+0100: 58.849: Total time for which application threads were stopped: 0.0000790 seconds, Stopping threads took: 0.0000213 seconds
2016-04-11T15:32:25.747+0100: 58.849: Total time for which application threads were stopped: 0.0001192 seconds, Stopping threads took: 0.0000316 seconds
2016-04-11T15:32:25.765+0100: 58.868: Total time for which application threads were stopped: 0.0001398 seconds, Stopping threads took: 0.0000458 seconds
2016-04-11T15:32:25.773+0100: 58.875: Total time for which application threads were stopped: 0.0002835 seconds, Stopping threads took: 0.0000387 seconds
2016-04-11T15:32:25.773+0100: 58.876: Total time for which application threads were stopped: 0.0000908 seconds, Stopping threads took: 0.0000268 seconds
2016-04-11T15:32:25.773+0100: 58.876: Total time for which application threads were stopped: 0.0000782 seconds, Stopping threads took: 0.0000213 seconds
2016-04-11T15:32:25.778+0100: 58.881: Total time for which application threads were stopped: 0.0001390 seconds, Stopping threads took: 0.0000411 seconds
2016-04-11T15:32:25.781+0100: 58.883: Total time for which application threads were stopped: 0.0001374 seconds, Stopping threads took: 0.0000395 seconds
2016-04-11T15:32:25.784+0100: 58.887: Total time for which application threads were stopped: 0.0001919 seconds, Stopping threads took: 0.0000419 seconds
2016-04-11T15:32:25.792+0100: 58.895: Total time for which application threads were stopped: 0.0001706 seconds, Stopping threads took: 0.0000553 seconds
2016-04-11T15:32:25.793+0100: 58.896: Total time for which application threads were stopped: 0.0001177 seconds, Stopping threads took: 0.0000395 seconds
2016-04-11T15:32:25.793+0100: 58.896: Total time for which application threads were stopped: 0.0000971 seconds, Stopping threads took: 0.0000332 seconds
2016-04-11T15:32:25.794+0100: 58.896: Total time for which application threads were stopped: 0.0001066 seconds, Stopping threads took: 0.0000466 seconds
2016-04-11T15:32:25.794+0100: 58.896: Total time for which application threads were stopped: 0.0000845 seconds, Stopping threads took: 0.0000292 seconds
2016-04-11T15:32:25.794+0100: 58.897: Total time for which application threads were stopped: 0.0000837 seconds, Stopping threads took: 0.0000284 seconds
2016-04-11T15:32:25.794+0100: 58.897: Total time for which application threads were stopped: 0.0000916 seconds, Stopping threads took: 0.0000332 seconds
2016-04-11T15:32:25.794+0100: 58.897: Total time for which application threads were stopped: 0.0000853 seconds, Stopping threads took: 0.0000276 seconds
2016-04-11T15:32:25.796+0100: 58.898: Total time for which application threads were stopped: 0.0001674 seconds, Stopping threads took: 0.0000371 seconds
2016-04-11T15:32:25.796+0100: 58.899: Total time for which application threads were stopped: 0.0000869 seconds, Stopping threads took: 0.0000276 seconds
2016-04-11T15:32:25.796+0100: 58.899: Total time for which application threads were stopped: 0.0000813 seconds, Stopping threads took: 0.0000253 seconds
2016-04-11T15:32:25.797+0100: 58.900: Total time for which application threads were stopped: 0.0001129 seconds, Stopping threads took: 0.0000379 seconds
2016-04-11T15:32:25.797+0100: 58.900: Total time for which application threads were stopped: 0.0000853 seconds, Stopping threads took: 0.0000276 seconds
2016-04-11T15:32:25.798+0100: 58.901: Total time for which application threads were stopped: 0.0009918 seconds, Stopping threads took: 0.0008970 seconds
2016-04-11T15:32:25.802+0100: 58.905: Total time for which application threads were stopped: 0.0001413 seconds, Stopping threads took: 0.0000513 seconds
2016-04-11T15:32:25.802+0100: 58.905: Total time for which application threads were stopped: 0.0000821 seconds, Stopping threads took: 0.0000268 seconds
2016-04-11T15:32:25.802+0100: 58.905: Total time for which application threads were stopped: 0.0000798 seconds, Stopping threads took: 0.0000253 seconds
2016-04-11T15:32:25.802+0100: 58.905: Total time for which application threads were stopped: 0.0000798 seconds, Stopping threads took: 0.0000245 seconds
2016-04-11T15:32:25.803+0100: 58.906: Total time for which application threads were stopped: 0.0000955 seconds, Stopping threads took: 0.0000324 seconds
2016-04-11T15:32:25.803+0100: 58.906: Total time for which application threads were stopped: 0.0000805 seconds, Stopping threads took: 0.0000253 seconds
2016-04-11T15:32:25.803+0100: 58.906: Total time for which application threads were stopped: 0.0000790 seconds, Stopping threads took: 0.0000245 seconds
2016-04-11T15:32:25.804+0100: 58.907: Total time for which application threads were stopped: 0.0001508 seconds, Stopping threads took: 0.0000395 seconds
2016-04-11T15:32:25.805+0100: 58.908: Total time for which application threads were stopped: 0.0001295 seconds, Stopping threads took: 0.0000782 seconds
2016-04-11T15:32:25.806+0100: 58.908: Total time for which application threads were stopped: 0.0000869 seconds, Stopping threads took: 0.0000316 seconds
2016-04-11T15:32:25.807+0100: 58.910: Total time for which application threads were stopped: 0.0001098 seconds, Stopping threads took: 0.0000442 seconds
2016-04-11T15:32:25.815+0100: 58.918: Total time for which application threads were stopped: 0.0001295 seconds, Stopping threads took: 0.0000679 seconds
2016-04-11T15:32:25.845+0100: 58.948: Total time for which application threads were stopped: 0.0001745 seconds, Stopping threads took: 0.0001121 seconds
2016-04-11T15:32:25.846+0100: 58.948: Total time for which application threads were stopped: 0.0000600 seconds, Stopping threads took: 0.0000261 seconds
2016-04-11T15:32:25.846+0100: 58.948: Total time for which application threads were stopped: 0.0000576 seconds, Stopping threads took: 0.0000245 seconds
2016-04-11T15:32:25.846+0100: 58.949: Total time for which application threads were stopped: 0.0000608 seconds, Stopping threads took: 0.0000261 seconds
2016-04-11T15:32:25.846+0100: 58.949: Total time for which application threads were stopped: 0.0000569 seconds, Stopping threads took: 0.0000245 seconds
Heap
 par new generation   total 109248K, used 25300K [0x00000000e0000000, 0x00000000e8000000, 0x00000000e8000000)
  eden space 87424K,   3% used [0x00000000e0000000, 0x00000000e03650c0, 0x00000000e5560000)
  from space 21824K, 100% used [0x00000000e5560000, 0x00000000e6ab0000, 0x00000000e6ab0000)
  to   space 21824K,   0% used [0x00000000e6ab0000, 0x00000000e6ab0000, 0x00000000e8000000)
 concurrent mark-sweep generation total 393216K, used 937K [0x00000000e8000000, 0x0000000100000000, 0x0000000100000000)
 Metaspace       used 34139K, capacity 34604K, committed 34892K, reserved 1079296K
  class space    used 4005K, capacity 4156K, committed 4172K, reserved 1048576K
