Java HotSpot(TM) 64-Bit Server VM (25.73-b02) for windows-amd64 JRE (1.8.0_73-b02), built on Jan 29 2016 17:38:49 by "java_re" with MS VC++ 10.0 (VS2010)
Memory: 4k page, physical 4027256k(875572k free), swap 8052656k(3122740k free)
CommandLine flags: -XX:CMSInitiatingOccupancyFraction=50 -XX:CMSMaxAbortablePrecleanTime=6000 -XX:+CMSParallelRemarkEnabled -XX:+CMSScavengeBeforeRemark -XX:ConcGCThreads=4 -XX:InitialHeapSize=536870912 -XX:MaxHeapSize=536870912 -XX:MaxTenuringThreshold=8 -XX:NewRatio=3 -XX:OldPLABSize=16 -XX:ParallelGCThreads=4 -XX:+ParallelRefProcEnabled -XX:PretenureSizeThreshold=67108864 -XX:+PrintGC -XX:+PrintGCApplicationStoppedTime -XX:+PrintGCDateStamps -XX:+PrintGCDetails -XX:+PrintGCTimeStamps -XX:+PrintHeapAtGC -XX:+PrintTenuringDistribution -XX:SurvivorRatio=4 -XX:TargetSurvivorRatio=90 -XX:ThreadStackSize=256 -XX:+UseCMSInitiatingOccupancyOnly -XX:+UseCompressedClassPointers -XX:+UseCompressedOops -XX:+UseConcMarkSweepGC -XX:-UseLargePagesIndividualAllocation -XX:+UseParNewGC 
2016-05-03T15:05:43.516+0100: 1.067: Total time for which application threads were stopped: 0.0002148 seconds, Stopping threads took: 0.0000426 seconds
2016-05-03T15:05:44.027+0100: 1.578: Total time for which application threads were stopped: 0.0002558 seconds, Stopping threads took: 0.0000434 seconds
2016-05-03T15:05:44.789+0100: 2.340: Total time for which application threads were stopped: 0.0002780 seconds, Stopping threads took: 0.0000466 seconds
2016-05-03T15:05:44.798+0100: 2.349: Total time for which application threads were stopped: 0.0002290 seconds, Stopping threads took: 0.0000450 seconds
2016-05-03T15:05:44.985+0100: 2.536: Total time for which application threads were stopped: 0.0003269 seconds, Stopping threads took: 0.0000490 seconds
2016-05-03T15:05:45.015+0100: 2.566: Total time for which application threads were stopped: 0.0002827 seconds, Stopping threads took: 0.0000497 seconds
2016-05-03T15:05:46.017+0100: 3.568: Total time for which application threads were stopped: 0.0002085 seconds, Stopping threads took: 0.0000813 seconds
{Heap before GC invocations=0 (full 0):
 par new generation   total 109248K, used 87424K [0x00000000e0000000, 0x00000000e8000000, 0x00000000e8000000)
  eden space 87424K, 100% used [0x00000000e0000000, 0x00000000e5560000, 0x00000000e5560000)
  from space 21824K,   0% used [0x00000000e5560000, 0x00000000e5560000, 0x00000000e6ab0000)
  to   space 21824K,   0% used [0x00000000e6ab0000, 0x00000000e6ab0000, 0x00000000e8000000)
 concurrent mark-sweep generation total 393216K, used 0K [0x00000000e8000000, 0x0000000100000000, 0x0000000100000000)
 Metaspace       used 10131K, capacity 10344K, committed 10496K, reserved 1058816K
  class space    used 1166K, capacity 1212K, committed 1280K, reserved 1048576K
2016-05-03T15:05:46.309+0100: 3.860: [GC (Allocation Failure) 2016-05-03T15:05:46.309+0100: 3.860: [ParNew
Desired survivor size 20112992 bytes, new threshold 8 (max 8)
- age   1:    5841192 bytes,    5841192 total
: 87424K->5776K(109248K), 0.0350075 secs] 87424K->5776K(502464K), 0.0354560 secs] [Times: user=0.05 sys=0.00, real=0.04 secs] 
Heap after GC invocations=1 (full 0):
 par new generation   total 109248K, used 5776K [0x00000000e0000000, 0x00000000e8000000, 0x00000000e8000000)
  eden space 87424K,   0% used [0x00000000e0000000, 0x00000000e0000000, 0x00000000e5560000)
  from space 21824K,  26% used [0x00000000e6ab0000, 0x00000000e70541d8, 0x00000000e8000000)
  to   space 21824K,   0% used [0x00000000e5560000, 0x00000000e5560000, 0x00000000e6ab0000)
 concurrent mark-sweep generation total 393216K, used 0K [0x00000000e8000000, 0x0000000100000000, 0x0000000100000000)
 Metaspace       used 10131K, capacity 10344K, committed 10496K, reserved 1058816K
  class space    used 1166K, capacity 1212K, committed 1280K, reserved 1048576K
}
2016-05-03T15:05:46.345+0100: 3.896: Total time for which application threads were stopped: 0.0359069 seconds, Stopping threads took: 0.0000576 seconds
2016-05-03T15:05:46.727+0100: 4.278: Total time for which application threads were stopped: 0.0003356 seconds, Stopping threads took: 0.0000529 seconds
2016-05-03T15:05:46.770+0100: 4.321: Total time for which application threads were stopped: 0.0003617 seconds, Stopping threads took: 0.0000655 seconds
2016-05-03T15:05:46.865+0100: 4.416: Total time for which application threads were stopped: 0.0003648 seconds, Stopping threads took: 0.0000576 seconds
2016-05-03T15:05:47.256+0100: 4.807: Total time for which application threads were stopped: 0.0004509 seconds, Stopping threads took: 0.0000450 seconds
2016-05-03T15:05:47.259+0100: 4.810: Total time for which application threads were stopped: 0.0003253 seconds, Stopping threads took: 0.0000363 seconds
2016-05-03T15:05:47.268+0100: 4.819: Total time for which application threads were stopped: 0.0003767 seconds, Stopping threads took: 0.0000505 seconds
2016-05-03T15:05:47.894+0100: 5.445: Total time for which application threads were stopped: 0.0002535 seconds, Stopping threads took: 0.0000529 seconds
2016-05-03T15:05:47.895+0100: 5.446: Total time for which application threads were stopped: 0.0001508 seconds, Stopping threads took: 0.0000450 seconds
2016-05-03T15:05:47.896+0100: 5.447: Total time for which application threads were stopped: 0.0002432 seconds, Stopping threads took: 0.0001192 seconds
2016-05-03T15:05:47.903+0100: 5.454: Total time for which application threads were stopped: 0.0004485 seconds, Stopping threads took: 0.0002811 seconds
2016-05-03T15:05:47.905+0100: 5.456: Total time for which application threads were stopped: 0.0010084 seconds, Stopping threads took: 0.0008465 seconds
2016-05-03T15:05:47.905+0100: 5.456: Total time for which application threads were stopped: 0.0001603 seconds, Stopping threads took: 0.0000221 seconds
2016-05-03T15:05:47.905+0100: 5.456: Total time for which application threads were stopped: 0.0001295 seconds, Stopping threads took: 0.0000197 seconds
2016-05-03T15:05:47.905+0100: 5.456: Total time for which application threads were stopped: 0.0001224 seconds, Stopping threads took: 0.0000190 seconds
2016-05-03T15:05:47.905+0100: 5.457: Total time for which application threads were stopped: 0.0001232 seconds, Stopping threads took: 0.0000190 seconds
2016-05-03T15:05:47.923+0100: 5.475: Total time for which application threads were stopped: 0.0015469 seconds, Stopping threads took: 0.0011513 seconds
2016-05-03T15:05:47.964+0100: 5.515: Total time for which application threads were stopped: 0.0001879 seconds, Stopping threads took: 0.0000482 seconds
2016-05-03T15:05:47.967+0100: 5.518: Total time for which application threads were stopped: 0.0001319 seconds, Stopping threads took: 0.0000529 seconds
2016-05-03T15:05:47.968+0100: 5.519: Total time for which application threads were stopped: 0.0000861 seconds, Stopping threads took: 0.0000229 seconds
2016-05-03T15:05:47.968+0100: 5.519: Total time for which application threads were stopped: 0.0000671 seconds, Stopping threads took: 0.0000213 seconds
2016-05-03T15:05:47.968+0100: 5.519: Total time for which application threads were stopped: 0.0000624 seconds, Stopping threads took: 0.0000190 seconds
2016-05-03T15:05:48.027+0100: 5.578: Total time for which application threads were stopped: 0.0001556 seconds, Stopping threads took: 0.0000561 seconds
2016-05-03T15:05:48.027+0100: 5.578: Total time for which application threads were stopped: 0.0000798 seconds, Stopping threads took: 0.0000308 seconds
2016-05-03T15:05:48.044+0100: 5.595: Total time for which application threads were stopped: 0.0001335 seconds, Stopping threads took: 0.0000521 seconds
2016-05-03T15:05:48.044+0100: 5.595: Total time for which application threads were stopped: 0.0000750 seconds, Stopping threads took: 0.0000276 seconds
2016-05-03T15:05:48.047+0100: 5.598: Total time for which application threads were stopped: 0.0001216 seconds, Stopping threads took: 0.0000474 seconds
2016-05-03T15:05:48.145+0100: 5.696: Total time for which application threads were stopped: 0.0001642 seconds, Stopping threads took: 0.0000584 seconds
2016-05-03T15:05:48.146+0100: 5.697: Total time for which application threads were stopped: 0.0001106 seconds, Stopping threads took: 0.0000355 seconds
2016-05-03T15:05:48.146+0100: 5.697: Total time for which application threads were stopped: 0.0001034 seconds, Stopping threads took: 0.0000569 seconds
2016-05-03T15:05:48.146+0100: 5.697: Total time for which application threads were stopped: 0.0000734 seconds, Stopping threads took: 0.0000284 seconds
2016-05-03T15:05:48.146+0100: 5.697: Total time for which application threads were stopped: 0.0000750 seconds, Stopping threads took: 0.0000284 seconds
2016-05-03T15:05:48.146+0100: 5.697: Total time for which application threads were stopped: 0.0000734 seconds, Stopping threads took: 0.0000284 seconds
2016-05-03T15:05:48.146+0100: 5.697: Total time for which application threads were stopped: 0.0000742 seconds, Stopping threads took: 0.0000292 seconds
2016-05-03T15:05:48.146+0100: 5.697: Total time for which application threads were stopped: 0.0000726 seconds, Stopping threads took: 0.0000292 seconds
2016-05-03T15:05:48.381+0100: 5.932: Total time for which application threads were stopped: 0.0001927 seconds, Stopping threads took: 0.0000608 seconds
2016-05-03T15:05:48.425+0100: 5.976: Total time for which application threads were stopped: 0.0116126 seconds, Stopping threads took: 0.0114760 seconds
2016-05-03T15:05:48.582+0100: 6.133: Total time for which application threads were stopped: 0.0002416 seconds, Stopping threads took: 0.0001184 seconds
2016-05-03T15:05:48.583+0100: 6.134: Total time for which application threads were stopped: 0.0005243 seconds, Stopping threads took: 0.0004572 seconds
{Heap before GC invocations=1 (full 0):
 par new generation   total 109248K, used 93200K [0x00000000e0000000, 0x00000000e8000000, 0x00000000e8000000)
  eden space 87424K, 100% used [0x00000000e0000000, 0x00000000e5560000, 0x00000000e5560000)
  from space 21824K,  26% used [0x00000000e6ab0000, 0x00000000e70541d8, 0x00000000e8000000)
  to   space 21824K,   0% used [0x00000000e5560000, 0x00000000e5560000, 0x00000000e6ab0000)
 concurrent mark-sweep generation total 393216K, used 0K [0x00000000e8000000, 0x0000000100000000, 0x0000000100000000)
 Metaspace       used 19460K, capacity 19828K, committed 20224K, reserved 1067008K
  class space    used 2312K, capacity 2456K, committed 2560K, reserved 1048576K
2016-05-03T15:05:48.589+0100: 6.140: [GC (Allocation Failure) 2016-05-03T15:05:48.589+0100: 6.140: [ParNew
Desired survivor size 20112992 bytes, new threshold 8 (max 8)
- age   1:    8136848 bytes,    8136848 total
- age   2:    2632632 bytes,   10769480 total
: 93200K->12505K(109248K), 0.0441429 secs] 93200K->12505K(502464K), 0.0443088 secs] [Times: user=0.05 sys=0.02, real=0.04 secs] 
Heap after GC invocations=2 (full 0):
 par new generation   total 109248K, used 12505K [0x00000000e0000000, 0x00000000e8000000, 0x00000000e8000000)
  eden space 87424K,   0% used [0x00000000e0000000, 0x00000000e0000000, 0x00000000e5560000)
  from space 21824K,  57% used [0x00000000e5560000, 0x00000000e6196660, 0x00000000e6ab0000)
  to   space 21824K,   0% used [0x00000000e6ab0000, 0x00000000e6ab0000, 0x00000000e8000000)
 concurrent mark-sweep generation total 393216K, used 0K [0x00000000e8000000, 0x0000000100000000, 0x0000000100000000)
 Metaspace       used 19460K, capacity 19828K, committed 20224K, reserved 1067008K
  class space    used 2312K, capacity 2456K, committed 2560K, reserved 1048576K
}
2016-05-03T15:05:48.633+0100: 6.185: Total time for which application threads were stopped: 0.0448165 seconds, Stopping threads took: 0.0001445 seconds
2016-05-03T15:05:48.635+0100: 6.186: Total time for which application threads were stopped: 0.0002085 seconds, Stopping threads took: 0.0000877 seconds
2016-05-03T15:05:48.637+0100: 6.188: Total time for which application threads were stopped: 0.0010210 seconds, Stopping threads took: 0.0009144 seconds
2016-05-03T15:05:48.639+0100: 6.191: Total time for which application threads were stopped: 0.0009602 seconds, Stopping threads took: 0.0008915 seconds
2016-05-03T15:05:48.640+0100: 6.191: Total time for which application threads were stopped: 0.0000987 seconds, Stopping threads took: 0.0000379 seconds
2016-05-03T15:05:48.645+0100: 6.196: Total time for which application threads were stopped: 0.0001477 seconds, Stopping threads took: 0.0000576 seconds
2016-05-03T15:05:48.647+0100: 6.198: Total time for which application threads were stopped: 0.0001058 seconds, Stopping threads took: 0.0000458 seconds
2016-05-03T15:05:48.647+0100: 6.199: Total time for which application threads were stopped: 0.0001390 seconds, Stopping threads took: 0.0000853 seconds
2016-05-03T15:05:48.648+0100: 6.199: Total time for which application threads were stopped: 0.0004501 seconds, Stopping threads took: 0.0003956 seconds
2016-05-03T15:05:48.649+0100: 6.200: Total time for which application threads were stopped: 0.0001263 seconds, Stopping threads took: 0.0000379 seconds
2016-05-03T15:05:48.649+0100: 6.201: Total time for which application threads were stopped: 0.0001137 seconds, Stopping threads took: 0.0000403 seconds
2016-05-03T15:05:48.650+0100: 6.201: Total time for which application threads were stopped: 0.0000790 seconds, Stopping threads took: 0.0000308 seconds
2016-05-03T15:05:48.650+0100: 6.201: Total time for which application threads were stopped: 0.0000837 seconds, Stopping threads took: 0.0000347 seconds
2016-05-03T15:05:48.650+0100: 6.201: Total time for which application threads were stopped: 0.0000837 seconds, Stopping threads took: 0.0000347 seconds
2016-05-03T15:05:48.651+0100: 6.202: Total time for which application threads were stopped: 0.0007920 seconds, Stopping threads took: 0.0007194 seconds
2016-05-03T15:05:48.660+0100: 6.211: Total time for which application threads were stopped: 0.0001619 seconds, Stopping threads took: 0.0000561 seconds
2016-05-03T15:05:48.660+0100: 6.211: Total time for which application threads were stopped: 0.0001074 seconds, Stopping threads took: 0.0000521 seconds
2016-05-03T15:05:48.660+0100: 6.212: Total time for which application threads were stopped: 0.0000829 seconds, Stopping threads took: 0.0000300 seconds
2016-05-03T15:05:48.661+0100: 6.212: Total time for which application threads were stopped: 0.0001216 seconds, Stopping threads took: 0.0000411 seconds
2016-05-03T15:05:48.719+0100: 6.270: Total time for which application threads were stopped: 0.0088464 seconds, Stopping threads took: 0.0086925 seconds
2016-05-03T15:05:48.746+0100: 6.297: Total time for which application threads were stopped: 0.0001777 seconds, Stopping threads took: 0.0000592 seconds
2016-05-03T15:05:48.746+0100: 6.297: Total time for which application threads were stopped: 0.0002787 seconds, Stopping threads took: 0.0000292 seconds
2016-05-03T15:05:48.747+0100: 6.298: Total time for which application threads were stopped: 0.0005314 seconds, Stopping threads took: 0.0000379 seconds
2016-05-03T15:05:48.843+0100: 6.394: Total time for which application threads were stopped: 0.0030536 seconds, Stopping threads took: 0.0029130 seconds
2016-05-03T15:05:48.903+0100: 6.455: Total time for which application threads were stopped: 0.0001327 seconds, Stopping threads took: 0.0000419 seconds
2016-05-03T15:05:48.916+0100: 6.467: Total time for which application threads were stopped: 0.0004746 seconds, Stopping threads took: 0.0000505 seconds
2016-05-03T15:05:49.025+0100: 6.576: Total time for which application threads were stopped: 0.0004383 seconds, Stopping threads took: 0.0003214 seconds
2016-05-03T15:05:49.047+0100: 6.598: Total time for which application threads were stopped: 0.0001674 seconds, Stopping threads took: 0.0000537 seconds
2016-05-03T15:05:49.047+0100: 6.598: Total time for which application threads were stopped: 0.0000955 seconds, Stopping threads took: 0.0000300 seconds
2016-05-03T15:05:49.057+0100: 6.609: Total time for which application threads were stopped: 0.0004454 seconds, Stopping threads took: 0.0000521 seconds
2016-05-03T15:05:49.137+0100: 6.688: Total time for which application threads were stopped: 0.0005820 seconds, Stopping threads took: 0.0000497 seconds
2016-05-03T15:05:49.373+0100: 6.924: Total time for which application threads were stopped: 0.0002495 seconds, Stopping threads took: 0.0000695 seconds
2016-05-03T15:05:49.525+0100: 7.076: Total time for which application threads were stopped: 0.0001950 seconds, Stopping threads took: 0.0000442 seconds
2016-05-03T15:05:49.552+0100: 7.103: Total time for which application threads were stopped: 0.0001650 seconds, Stopping threads took: 0.0000442 seconds
2016-05-03T15:05:49.555+0100: 7.106: Total time for which application threads were stopped: 0.0001263 seconds, Stopping threads took: 0.0000403 seconds
2016-05-03T15:05:49.700+0100: 7.251: Total time for which application threads were stopped: 0.0003348 seconds, Stopping threads took: 0.0001113 seconds
2016-05-03T15:05:49.915+0100: 7.466: Total time for which application threads were stopped: 0.0001706 seconds, Stopping threads took: 0.0000529 seconds
2016-05-03T15:05:49.931+0100: 7.482: Total time for which application threads were stopped: 0.0001871 seconds, Stopping threads took: 0.0000640 seconds
2016-05-03T15:05:50.123+0100: 7.675: Total time for which application threads were stopped: 0.0003632 seconds, Stopping threads took: 0.0002282 seconds
2016-05-03T15:05:50.185+0100: 7.736: Total time for which application threads were stopped: 0.0001690 seconds, Stopping threads took: 0.0000537 seconds
2016-05-03T15:05:50.255+0100: 7.806: Total time for which application threads were stopped: 0.0007470 seconds, Stopping threads took: 0.0006009 seconds
2016-05-03T15:05:50.259+0100: 7.810: Total time for which application threads were stopped: 0.0012066 seconds, Stopping threads took: 0.0010542 seconds
2016-05-03T15:05:50.260+0100: 7.811: Total time for which application threads were stopped: 0.0007178 seconds, Stopping threads took: 0.0006278 seconds
{Heap before GC invocations=2 (full 0):
 par new generation   total 109248K, used 99929K [0x00000000e0000000, 0x00000000e8000000, 0x00000000e8000000)
  eden space 87424K, 100% used [0x00000000e0000000, 0x00000000e5560000, 0x00000000e5560000)
  from space 21824K,  57% used [0x00000000e5560000, 0x00000000e6196660, 0x00000000e6ab0000)
  to   space 21824K,   0% used [0x00000000e6ab0000, 0x00000000e6ab0000, 0x00000000e8000000)
 concurrent mark-sweep generation total 393216K, used 0K [0x00000000e8000000, 0x0000000100000000, 0x0000000100000000)
 Metaspace       used 22592K, capacity 22938K, committed 23212K, reserved 1069056K
  class space    used 2693K, capacity 2809K, committed 2816K, reserved 1048576K
2016-05-03T15:05:50.261+0100: 7.812: [GC (Allocation Failure) 2016-05-03T15:05:50.261+0100: 7.813: [ParNew
Desired survivor size 20112992 bytes, new threshold 8 (max 8)
- age   1:    3344656 bytes,    3344656 total
- age   2:    2587456 bytes,    5932112 total
- age   3:    2601472 bytes,    8533584 total
: 99929K->15487K(109248K), 0.0335143 secs] 99929K->15487K(502464K), 0.0337496 secs] [Times: user=0.05 sys=0.00, real=0.03 secs] 
Heap after GC invocations=3 (full 0):
 par new generation   total 109248K, used 15487K [0x00000000e0000000, 0x00000000e8000000, 0x00000000e8000000)
  eden space 87424K,   0% used [0x00000000e0000000, 0x00000000e0000000, 0x00000000e5560000)
  from space 21824K,  70% used [0x00000000e6ab0000, 0x00000000e79cfcb0, 0x00000000e8000000)
  to   space 21824K,   0% used [0x00000000e5560000, 0x00000000e5560000, 0x00000000e6ab0000)
 concurrent mark-sweep generation total 393216K, used 0K [0x00000000e8000000, 0x0000000100000000, 0x0000000100000000)
 Metaspace       used 22592K, capacity 22938K, committed 23212K, reserved 1069056K
  class space    used 2693K, capacity 2809K, committed 2816K, reserved 1048576K
}
2016-05-03T15:05:50.295+0100: 7.846: Total time for which application threads were stopped: 0.0341539 seconds, Stopping threads took: 0.0000355 seconds
2016-05-03T15:05:50.295+0100: 7.847: [GC (CMS Initial Mark) [1 CMS-initial-mark: 0K(393216K)] 15487K(502464K), 0.0080639 secs] [Times: user=0.00 sys=0.01, real=0.01 secs] 
2016-05-03T15:05:50.304+0100: 7.855: Total time for which application threads were stopped: 0.0083671 seconds, Stopping threads took: 0.0000434 seconds
2016-05-03T15:05:50.304+0100: 7.855: [CMS-concurrent-mark-start]
2016-05-03T15:05:50.306+0100: 7.857: Total time for which application threads were stopped: 0.0002922 seconds, Stopping threads took: 0.0000584 seconds
2016-05-03T15:05:50.307+0100: 7.858: [CMS-concurrent-mark: 0.003/0.003 secs] [Times: user=0.00 sys=0.00, real=0.00 secs] 
2016-05-03T15:05:50.307+0100: 7.858: [CMS-concurrent-preclean-start]
2016-05-03T15:05:50.309+0100: 7.860: [CMS-concurrent-preclean: 0.002/0.002 secs] [Times: user=0.00 sys=0.00, real=0.00 secs] 
2016-05-03T15:05:50.311+0100: 7.862: [GC (CMS Final Remark) [YG occupancy: 16296 K (109248 K)]{Heap before GC invocations=3 (full 1):
 par new generation   total 109248K, used 16296K [0x00000000e0000000, 0x00000000e8000000, 0x00000000e8000000)
  eden space 87424K,   0% used [0x00000000e0000000, 0x00000000e00ca510, 0x00000000e5560000)
  from space 21824K,  70% used [0x00000000e6ab0000, 0x00000000e79cfcb0, 0x00000000e8000000)
  to   space 21824K,   0% used [0x00000000e5560000, 0x00000000e5560000, 0x00000000e6ab0000)
 concurrent mark-sweep generation total 393216K, used 0K [0x00000000e8000000, 0x0000000100000000, 0x0000000100000000)
 Metaspace       used 22601K, capacity 22938K, committed 23212K, reserved 1069056K
  class space    used 2694K, capacity 2809K, committed 2816K, reserved 1048576K
2016-05-03T15:05:50.311+0100: 7.862: [GC (CMS Final Remark) 2016-05-03T15:05:50.311+0100: 7.862: [ParNew
Desired survivor size 20112992 bytes, new threshold 8 (max 8)
- age   1:      77040 bytes,      77040 total
- age   2:    1216216 bytes,    1293256 total
- age   3:    2587048 bytes,    3880304 total
- age   4:    2600752 bytes,    6481056 total
: 16296K->7549K(109248K), 0.0328794 secs] 16296K->7549K(502464K), 0.0329923 secs] [Times: user=0.03 sys=0.00, real=0.03 secs] 
Heap after GC invocations=4 (full 1):
 par new generation   total 109248K, used 7549K [0x00000000e0000000, 0x00000000e8000000, 0x00000000e8000000)
  eden space 87424K,   0% used [0x00000000e0000000, 0x00000000e0000000, 0x00000000e5560000)
  from space 21824K,  34% used [0x00000000e5560000, 0x00000000e5cbf500, 0x00000000e6ab0000)
  to   space 21824K,   0% used [0x00000000e6ab0000, 0x00000000e6ab0000, 0x00000000e8000000)
 concurrent mark-sweep generation total 393216K, used 0K [0x00000000e8000000, 0x0000000100000000, 0x0000000100000000)
 Metaspace       used 22601K, capacity 22938K, committed 23212K, reserved 1069056K
  class space    used 2694K, capacity 2809K, committed 2816K, reserved 1048576K
}
2016-05-03T15:05:50.344+0100: 7.895: [Rescan (parallel) , 0.0077615 secs]2016-05-03T15:05:50.352+0100: 7.903: [weak refs processing, 0.0016970 secs]2016-05-03T15:05:50.354+0100: 7.905: [class unloading, 0.0072703 secs]2016-05-03T15:05:50.361+0100: 7.912: [scrub symbol table, 0.0098272 secs]2016-05-03T15:05:50.371+0100: 7.922: [scrub string table, 0.0006601 secs][1 CMS-remark: 0K(393216K)] 7549K(502464K), 0.0622298 secs] [Times: user=0.05 sys=0.00, real=0.06 secs] 
2016-05-03T15:05:50.373+0100: 7.924: Total time for which application threads were stopped: 0.0635178 seconds, Stopping threads took: 0.0010873 seconds
2016-05-03T15:05:50.374+0100: 7.925: [CMS-concurrent-sweep-start]
2016-05-03T15:05:50.374+0100: 7.925: [CMS-concurrent-sweep: 0.000/0.000 secs] [Times: user=0.00 sys=0.00, real=0.00 secs] 
2016-05-03T15:05:50.374+0100: 7.925: [CMS-concurrent-reset-start]
2016-05-03T15:05:50.379+0100: 7.930: [CMS-concurrent-reset: 0.005/0.005 secs] [Times: user=0.00 sys=0.00, real=0.00 secs] 
2016-05-03T15:05:50.479+0100: 8.030: Total time for which application threads were stopped: 0.0002029 seconds, Stopping threads took: 0.0000505 seconds
2016-05-03T15:05:50.481+0100: 8.032: Total time for which application threads were stopped: 0.0001153 seconds, Stopping threads took: 0.0000355 seconds
2016-05-03T15:05:50.551+0100: 8.102: Total time for which application threads were stopped: 0.0001927 seconds, Stopping threads took: 0.0000474 seconds
2016-05-03T15:05:50.698+0100: 8.249: Total time for which application threads were stopped: 0.0001785 seconds, Stopping threads took: 0.0000458 seconds
2016-05-03T15:05:50.698+0100: 8.249: Total time for which application threads were stopped: 0.0000995 seconds, Stopping threads took: 0.0000284 seconds
2016-05-03T15:05:50.698+0100: 8.250: Total time for which application threads were stopped: 0.0000782 seconds, Stopping threads took: 0.0000261 seconds
2016-05-03T15:05:50.706+0100: 8.257: Total time for which application threads were stopped: 0.0001390 seconds, Stopping threads took: 0.0000490 seconds
2016-05-03T15:05:50.707+0100: 8.258: Total time for which application threads were stopped: 0.0002945 seconds, Stopping threads took: 0.0000316 seconds
2016-05-03T15:05:50.841+0100: 8.392: Total time for which application threads were stopped: 0.0001871 seconds, Stopping threads took: 0.0000576 seconds
2016-05-03T15:05:50.852+0100: 8.403: Total time for which application threads were stopped: 0.0001548 seconds, Stopping threads took: 0.0000434 seconds
2016-05-03T15:05:50.854+0100: 8.405: Total time for which application threads were stopped: 0.0001169 seconds, Stopping threads took: 0.0000292 seconds
2016-05-03T15:05:50.855+0100: 8.407: Total time for which application threads were stopped: 0.0001027 seconds, Stopping threads took: 0.0000245 seconds
2016-05-03T15:05:50.856+0100: 8.408: Total time for which application threads were stopped: 0.0001232 seconds, Stopping threads took: 0.0000434 seconds
2016-05-03T15:05:50.902+0100: 8.454: Total time for which application threads were stopped: 0.0001619 seconds, Stopping threads took: 0.0000592 seconds
2016-05-03T15:05:50.999+0100: 8.551: Total time for which application threads were stopped: 0.0005085 seconds, Stopping threads took: 0.0000403 seconds
{Heap before GC invocations=4 (full 1):
 par new generation   total 109248K, used 94973K [0x00000000e0000000, 0x00000000e8000000, 0x00000000e8000000)
  eden space 87424K, 100% used [0x00000000e0000000, 0x00000000e5560000, 0x00000000e5560000)
  from space 21824K,  34% used [0x00000000e5560000, 0x00000000e5cbf500, 0x00000000e6ab0000)
  to   space 21824K,   0% used [0x00000000e6ab0000, 0x00000000e6ab0000, 0x00000000e8000000)
 concurrent mark-sweep generation total 393216K, used 0K [0x00000000e8000000, 0x0000000100000000, 0x0000000100000000)
 Metaspace       used 23977K, capacity 24382K, committed 24832K, reserved 1071104K
  class space    used 2872K, capacity 3011K, committed 3072K, reserved 1048576K
2016-05-03T15:05:51.150+0100: 8.701: [GC (Allocation Failure) 2016-05-03T15:05:51.150+0100: 8.701: [ParNew
Desired survivor size 20112992 bytes, new threshold 8 (max 8)
- age   1:    1723224 bytes,    1723224 total
- age   2:       2992 bytes,    1726216 total
- age   3:     669736 bytes,    2395952 total
- age   4:    2577736 bytes,    4973688 total
- age   5:    2600736 bytes,    7574424 total
: 94973K->11381K(109248K), 0.0293599 secs] 94973K->11381K(502464K), 0.0295139 secs] [Times: user=0.06 sys=0.00, real=0.03 secs] 
Heap after GC invocations=5 (full 1):
 par new generation   total 109248K, used 11381K [0x00000000e0000000, 0x00000000e8000000, 0x00000000e8000000)
  eden space 87424K,   0% used [0x00000000e0000000, 0x00000000e0000000, 0x00000000e5560000)
  from space 21824K,  52% used [0x00000000e6ab0000, 0x00000000e75cd440, 0x00000000e8000000)
  to   space 21824K,   0% used [0x00000000e5560000, 0x00000000e5560000, 0x00000000e6ab0000)
 concurrent mark-sweep generation total 393216K, used 0K [0x00000000e8000000, 0x0000000100000000, 0x0000000100000000)
 Metaspace       used 23977K, capacity 24382K, committed 24832K, reserved 1071104K
  class space    used 2872K, capacity 3011K, committed 3072K, reserved 1048576K
}
2016-05-03T15:05:51.180+0100: 8.731: Total time for which application threads were stopped: 0.0299766 seconds, Stopping threads took: 0.0000474 seconds
2016-05-03T15:05:51.233+0100: 8.784: Total time for which application threads were stopped: 0.0001492 seconds, Stopping threads took: 0.0000497 seconds
2016-05-03T15:05:51.341+0100: 8.892: Total time for which application threads were stopped: 0.0002527 seconds, Stopping threads took: 0.0001074 seconds
2016-05-03T15:05:51.344+0100: 8.896: Total time for which application threads were stopped: 0.0002085 seconds, Stopping threads took: 0.0000734 seconds
2016-05-03T15:05:51.544+0100: 9.095: Total time for which application threads were stopped: 0.0001698 seconds, Stopping threads took: 0.0000505 seconds
2016-05-03T15:05:51.544+0100: 9.095: Total time for which application threads were stopped: 0.0000758 seconds, Stopping threads took: 0.0000268 seconds
2016-05-03T15:05:51.569+0100: 9.120: Total time for which application threads were stopped: 0.0001706 seconds, Stopping threads took: 0.0000553 seconds
2016-05-03T15:05:51.569+0100: 9.120: Total time for which application threads were stopped: 0.0000869 seconds, Stopping threads took: 0.0000205 seconds
2016-05-03T15:05:51.697+0100: 9.249: Total time for which application threads were stopped: 0.0001429 seconds, Stopping threads took: 0.0000458 seconds
2016-05-03T15:05:51.870+0100: 9.421: Total time for which application threads were stopped: 0.0014340 seconds, Stopping threads took: 0.0012232 seconds
2016-05-03T15:05:52.065+0100: 9.617: Total time for which application threads were stopped: 0.0001556 seconds, Stopping threads took: 0.0000561 seconds
2016-05-03T15:05:52.067+0100: 9.619: Total time for which application threads were stopped: 0.0001074 seconds, Stopping threads took: 0.0000442 seconds
2016-05-03T15:06:00.241+0100: 17.792: Total time for which application threads were stopped: 0.0001579 seconds, Stopping threads took: 0.0000553 seconds
2016-05-03T15:06:00.242+0100: 17.792: Total time for which application threads were stopped: 0.0001161 seconds, Stopping threads took: 0.0000284 seconds
2016-05-03T15:06:00.243+0100: 17.794: Total time for which application threads were stopped: 0.0001184 seconds, Stopping threads took: 0.0000340 seconds
2016-05-03T15:06:00.249+0100: 17.799: Total time for which application threads were stopped: 0.0001682 seconds, Stopping threads took: 0.0000474 seconds
2016-05-03T15:06:00.441+0100: 17.992: Total time for which application threads were stopped: 0.0023413 seconds, Stopping threads took: 0.0021613 seconds
2016-05-03T15:06:01.441+0100: 18.992: Total time for which application threads were stopped: 0.0002227 seconds, Stopping threads took: 0.0000513 seconds
2016-05-03T15:06:08.664+0100: 26.215: Total time for which application threads were stopped: 0.0001508 seconds, Stopping threads took: 0.0000466 seconds
2016-05-03T15:06:08.665+0100: 26.217: Total time for which application threads were stopped: 0.0007454 seconds, Stopping threads took: 0.0006601 seconds
2016-05-03T15:06:08.696+0100: 26.247: Total time for which application threads were stopped: 0.0001658 seconds, Stopping threads took: 0.0000537 seconds
2016-05-03T15:06:08.696+0100: 26.248: Total time for which application threads were stopped: 0.0000845 seconds, Stopping threads took: 0.0000276 seconds
2016-05-03T15:06:08.697+0100: 26.248: Total time for which application threads were stopped: 0.0001706 seconds, Stopping threads took: 0.0000379 seconds
2016-05-03T15:06:08.729+0100: 26.280: Total time for which application threads were stopped: 0.0001974 seconds, Stopping threads took: 0.0000569 seconds
2016-05-03T15:06:08.732+0100: 26.283: Total time for which application threads were stopped: 0.0001445 seconds, Stopping threads took: 0.0000355 seconds
2016-05-03T15:06:14.537+0100: 32.089: Total time for which application threads were stopped: 0.0001540 seconds, Stopping threads took: 0.0000545 seconds
2016-05-03T15:06:14.538+0100: 32.090: Total time for which application threads were stopped: 0.0001327 seconds, Stopping threads took: 0.0000482 seconds
2016-05-03T15:06:14.539+0100: 32.090: Total time for which application threads were stopped: 0.0000924 seconds, Stopping threads took: 0.0000300 seconds
2016-05-03T15:06:15.540+0100: 33.090: Total time for which application threads were stopped: 0.0001413 seconds, Stopping threads took: 0.0000466 seconds
2016-05-03T15:07:05.542+0100: 83.095: Total time for which application threads were stopped: 0.0001421 seconds, Stopping threads took: 0.0000466 seconds
2016-05-03T15:07:54.567+0100: 132.123: Total time for which application threads were stopped: 0.0001453 seconds, Stopping threads took: 0.0000434 seconds
2016-05-03T15:09:48.651+0100: 246.211: Total time for which application threads were stopped: 0.0001706 seconds, Stopping threads took: 0.0000474 seconds
2016-05-03T15:09:48.652+0100: 246.212: Total time for which application threads were stopped: 0.0000829 seconds, Stopping threads took: 0.0000300 seconds
2016-05-03T15:09:48.662+0100: 246.222: Total time for which application threads were stopped: 0.0001635 seconds, Stopping threads took: 0.0000529 seconds
2016-05-03T15:09:48.665+0100: 246.225: Total time for which application threads were stopped: 0.0001579 seconds, Stopping threads took: 0.0000711 seconds
2016-05-03T15:09:48.673+0100: 246.233: Total time for which application threads were stopped: 0.0001564 seconds, Stopping threads took: 0.0000561 seconds
2016-05-03T15:09:48.679+0100: 246.239: Total time for which application threads were stopped: 0.0001461 seconds, Stopping threads took: 0.0000434 seconds
2016-05-03T15:09:48.680+0100: 246.240: Total time for which application threads were stopped: 0.0000734 seconds, Stopping threads took: 0.0000190 seconds
2016-05-03T15:09:48.680+0100: 246.240: Total time for which application threads were stopped: 0.0000687 seconds, Stopping threads took: 0.0000166 seconds
2016-05-03T15:09:48.680+0100: 246.240: Total time for which application threads were stopped: 0.0000829 seconds, Stopping threads took: 0.0000308 seconds
2016-05-03T15:09:48.680+0100: 246.240: Total time for which application threads were stopped: 0.0000719 seconds, Stopping threads took: 0.0000190 seconds
2016-05-03T15:09:48.680+0100: 246.240: Total time for which application threads were stopped: 0.0000703 seconds, Stopping threads took: 0.0000190 seconds
2016-05-03T15:09:48.680+0100: 246.240: Total time for which application threads were stopped: 0.0000695 seconds, Stopping threads took: 0.0000182 seconds
2016-05-03T15:09:48.685+0100: 246.245: Total time for which application threads were stopped: 0.0001398 seconds, Stopping threads took: 0.0000434 seconds
2016-05-03T15:09:48.685+0100: 246.245: Total time for which application threads were stopped: 0.0000750 seconds, Stopping threads took: 0.0000197 seconds
2016-05-03T15:09:48.685+0100: 246.245: Total time for which application threads were stopped: 0.0000719 seconds, Stopping threads took: 0.0000190 seconds
2016-05-03T15:09:48.687+0100: 246.247: Total time for which application threads were stopped: 0.0001303 seconds, Stopping threads took: 0.0000474 seconds
2016-05-03T15:09:48.687+0100: 246.247: Total time for which application threads were stopped: 0.0000853 seconds, Stopping threads took: 0.0000316 seconds
2016-05-03T15:09:48.688+0100: 246.247: Total time for which application threads were stopped: 0.0000845 seconds, Stopping threads took: 0.0000300 seconds
2016-05-03T15:09:48.688+0100: 246.248: Total time for which application threads were stopped: 0.0000900 seconds, Stopping threads took: 0.0000324 seconds
2016-05-03T15:09:48.696+0100: 246.256: Total time for which application threads were stopped: 0.0001682 seconds, Stopping threads took: 0.0000426 seconds
2016-05-03T15:09:48.697+0100: 246.256: Total time for which application threads were stopped: 0.0001177 seconds, Stopping threads took: 0.0000403 seconds
2016-05-03T15:09:48.697+0100: 246.257: Total time for which application threads were stopped: 0.0000774 seconds, Stopping threads took: 0.0000229 seconds
2016-05-03T15:09:48.697+0100: 246.257: Total time for which application threads were stopped: 0.0000711 seconds, Stopping threads took: 0.0000190 seconds
2016-05-03T15:09:48.697+0100: 246.257: Total time for which application threads were stopped: 0.0000742 seconds, Stopping threads took: 0.0000182 seconds
2016-05-03T15:09:48.697+0100: 246.257: Total time for which application threads were stopped: 0.0000703 seconds, Stopping threads took: 0.0000190 seconds
2016-05-03T15:09:48.699+0100: 246.259: Total time for which application threads were stopped: 0.0001074 seconds, Stopping threads took: 0.0000324 seconds
2016-05-03T15:09:48.699+0100: 246.259: Total time for which application threads were stopped: 0.0000711 seconds, Stopping threads took: 0.0000190 seconds
2016-05-03T15:09:48.699+0100: 246.259: Total time for which application threads were stopped: 0.0000703 seconds, Stopping threads took: 0.0000190 seconds
2016-05-03T15:09:48.700+0100: 246.260: Total time for which application threads were stopped: 0.0000829 seconds, Stopping threads took: 0.0000213 seconds
2016-05-03T15:09:48.700+0100: 246.260: Total time for which application threads were stopped: 0.0000726 seconds, Stopping threads took: 0.0000182 seconds
2016-05-03T15:09:48.700+0100: 246.260: Total time for which application threads were stopped: 0.0000687 seconds, Stopping threads took: 0.0000190 seconds
2016-05-03T15:09:48.700+0100: 246.260: Total time for which application threads were stopped: 0.0000687 seconds, Stopping threads took: 0.0000190 seconds
2016-05-03T15:09:48.700+0100: 246.260: Total time for which application threads were stopped: 0.0000695 seconds, Stopping threads took: 0.0000190 seconds
2016-05-03T15:09:48.700+0100: 246.260: Total time for which application threads were stopped: 0.0000687 seconds, Stopping threads took: 0.0000182 seconds
2016-05-03T15:09:48.700+0100: 246.260: Total time for which application threads were stopped: 0.0000711 seconds, Stopping threads took: 0.0000182 seconds
2016-05-03T15:09:48.700+0100: 246.260: Total time for which application threads were stopped: 0.0000687 seconds, Stopping threads took: 0.0000190 seconds
2016-05-03T15:09:48.701+0100: 246.261: Total time for which application threads were stopped: 0.0000687 seconds, Stopping threads took: 0.0000182 seconds
2016-05-03T15:09:48.701+0100: 246.261: Total time for which application threads were stopped: 0.0000695 seconds, Stopping threads took: 0.0000182 seconds
2016-05-03T15:09:48.701+0100: 246.261: Total time for which application threads were stopped: 0.0000687 seconds, Stopping threads took: 0.0000190 seconds
2016-05-03T15:09:48.701+0100: 246.261: Total time for which application threads were stopped: 0.0000711 seconds, Stopping threads took: 0.0000190 seconds
2016-05-03T15:09:48.701+0100: 246.261: Total time for which application threads were stopped: 0.0000687 seconds, Stopping threads took: 0.0000190 seconds
2016-05-03T15:09:48.701+0100: 246.261: Total time for which application threads were stopped: 0.0000687 seconds, Stopping threads took: 0.0000182 seconds
2016-05-03T15:09:48.701+0100: 246.261: Total time for which application threads were stopped: 0.0000679 seconds, Stopping threads took: 0.0000182 seconds
2016-05-03T15:09:48.701+0100: 246.261: Total time for which application threads were stopped: 0.0000671 seconds, Stopping threads took: 0.0000182 seconds
2016-05-03T15:09:48.702+0100: 246.262: Total time for which application threads were stopped: 0.0000742 seconds, Stopping threads took: 0.0000190 seconds
2016-05-03T15:09:48.702+0100: 246.262: Total time for which application threads were stopped: 0.0000695 seconds, Stopping threads took: 0.0000190 seconds
2016-05-03T15:09:48.702+0100: 246.262: Total time for which application threads were stopped: 0.0002748 seconds, Stopping threads took: 0.0000182 seconds
2016-05-03T15:09:48.702+0100: 246.262: Total time for which application threads were stopped: 0.0000774 seconds, Stopping threads took: 0.0000197 seconds
2016-05-03T15:09:48.707+0100: 246.267: Total time for which application threads were stopped: 0.0002124 seconds, Stopping threads took: 0.0000505 seconds
2016-05-03T15:09:48.708+0100: 246.268: Total time for which application threads were stopped: 0.0000861 seconds, Stopping threads took: 0.0000308 seconds
2016-05-03T15:09:48.708+0100: 246.268: Total time for which application threads were stopped: 0.0000884 seconds, Stopping threads took: 0.0000324 seconds
2016-05-03T15:09:48.719+0100: 246.279: Total time for which application threads were stopped: 0.0003719 seconds, Stopping threads took: 0.0002708 seconds
2016-05-03T15:09:48.720+0100: 246.280: Total time for which application threads were stopped: 0.0000584 seconds, Stopping threads took: 0.0000205 seconds
2016-05-03T15:09:48.720+0100: 246.280: Total time for which application threads were stopped: 0.0000592 seconds, Stopping threads took: 0.0000268 seconds
2016-05-03T15:09:48.720+0100: 246.280: Total time for which application threads were stopped: 0.0000679 seconds, Stopping threads took: 0.0000324 seconds
2016-05-03T15:09:48.720+0100: 246.280: Total time for which application threads were stopped: 0.0000569 seconds, Stopping threads took: 0.0000245 seconds
Heap
 par new generation   total 109248K, used 67343K [0x00000000e0000000, 0x00000000e8000000, 0x00000000e8000000)
  eden space 87424K,  64% used [0x00000000e0000000, 0x00000000e36a6a30, 0x00000000e5560000)
  from space 21824K,  52% used [0x00000000e6ab0000, 0x00000000e75cd440, 0x00000000e8000000)
  to   space 21824K,   0% used [0x00000000e5560000, 0x00000000e5560000, 0x00000000e6ab0000)
 concurrent mark-sweep generation total 393216K, used 0K [0x00000000e8000000, 0x0000000100000000, 0x0000000100000000)
 Metaspace       used 28393K, capacity 28700K, committed 29184K, reserved 1075200K
  class space    used 3403K, capacity 3534K, committed 3584K, reserved 1048576K
