Java HotSpot(TM) 64-Bit Server VM (25.73-b02) for windows-amd64 JRE (1.8.0_73-b02), built on Jan 29 2016 17:38:49 by "java_re" with MS VC++ 10.0 (VS2010)
Memory: 4k page, physical 4027256k(1082176k free), swap 8052676k(1824152k free)
CommandLine flags: -XX:CMSInitiatingOccupancyFraction=50 -XX:CMSMaxAbortablePrecleanTime=6000 -XX:+CMSParallelRemarkEnabled -XX:+CMSScavengeBeforeRemark -XX:ConcGCThreads=4 -XX:InitialHeapSize=536870912 -XX:MaxHeapSize=536870912 -XX:MaxTenuringThreshold=8 -XX:NewRatio=3 -XX:OldPLABSize=16 -XX:ParallelGCThreads=4 -XX:+ParallelRefProcEnabled -XX:PretenureSizeThreshold=67108864 -XX:+PrintGC -XX:+PrintGCApplicationStoppedTime -XX:+PrintGCDateStamps -XX:+PrintGCDetails -XX:+PrintGCTimeStamps -XX:+PrintHeapAtGC -XX:+PrintTenuringDistribution -XX:SurvivorRatio=4 -XX:TargetSurvivorRatio=90 -XX:ThreadStackSize=256 -XX:+UseCMSInitiatingOccupancyOnly -XX:+UseCompressedClassPointers -XX:+UseCompressedOops -XX:+UseConcMarkSweepGC -XX:-UseLargePagesIndividualAllocation -XX:+UseParNewGC 
2016-02-29T14:30:44.122+0000: 1.053: Total time for which application threads were stopped: 0.0004793 seconds, Stopping threads took: 0.0003324 seconds
2016-02-29T14:30:44.704+0000: 1.634: Total time for which application threads were stopped: 0.0003072 seconds, Stopping threads took: 0.0000411 seconds
2016-02-29T14:30:45.708+0000: 2.638: Total time for which application threads were stopped: 0.0042546 seconds, Stopping threads took: 0.0041180 seconds
2016-02-29T14:30:45.860+0000: 2.790: Total time for which application threads were stopped: 0.0103711 seconds, Stopping threads took: 0.0100726 seconds
2016-02-29T14:30:46.050+0000: 2.981: Total time for which application threads were stopped: 0.0003056 seconds, Stopping threads took: 0.0000482 seconds
2016-02-29T14:30:46.077+0000: 3.007: Total time for which application threads were stopped: 0.0002780 seconds, Stopping threads took: 0.0000529 seconds
2016-02-29T14:30:47.077+0000: 4.007: Total time for which application threads were stopped: 0.0001485 seconds, Stopping threads took: 0.0000497 seconds
{Heap before GC invocations=0 (full 0):
 par new generation   total 109248K, used 87424K [0x00000000e0000000, 0x00000000e8000000, 0x00000000e8000000)
  eden space 87424K, 100% used [0x00000000e0000000, 0x00000000e5560000, 0x00000000e5560000)
  from space 21824K,   0% used [0x00000000e5560000, 0x00000000e5560000, 0x00000000e6ab0000)
  to   space 21824K,   0% used [0x00000000e6ab0000, 0x00000000e6ab0000, 0x00000000e8000000)
 concurrent mark-sweep generation total 393216K, used 0K [0x00000000e8000000, 0x0000000100000000, 0x0000000100000000)
 Metaspace       used 10145K, capacity 10344K, committed 10496K, reserved 1058816K
  class space    used 1166K, capacity 1212K, committed 1280K, reserved 1048576K
2016-02-29T14:30:47.412+0000: 4.349: [GC (Allocation Failure) 2016-02-29T14:30:47.412+0000: 4.350: [ParNew
Desired survivor size 20112992 bytes, new threshold 8 (max 8)
- age   1:    5744480 bytes,    5744480 total
: 87424K->5678K(109248K), 0.0219827 secs] 87424K->5678K(502464K), 0.0223254 secs] [Times: user=0.03 sys=0.00, real=0.03 secs] 
Heap after GC invocations=1 (full 0):
 par new generation   total 109248K, used 5678K [0x00000000e0000000, 0x00000000e8000000, 0x00000000e8000000)
  eden space 87424K,   0% used [0x00000000e0000000, 0x00000000e0000000, 0x00000000e5560000)
  from space 21824K,  26% used [0x00000000e6ab0000, 0x00000000e703bbe0, 0x00000000e8000000)
  to   space 21824K,   0% used [0x00000000e5560000, 0x00000000e5560000, 0x00000000e6ab0000)
 concurrent mark-sweep generation total 393216K, used 0K [0x00000000e8000000, 0x0000000100000000, 0x0000000100000000)
 Metaspace       used 10145K, capacity 10344K, committed 10496K, reserved 1058816K
  class space    used 1166K, capacity 1212K, committed 1280K, reserved 1048576K
}
2016-02-29T14:30:47.441+0000: 4.372: Total time for which application threads were stopped: 0.0227352 seconds, Stopping threads took: 0.0000561 seconds
2016-02-29T14:30:47.474+0000: 4.407: Total time for which application threads were stopped: 0.0003222 seconds, Stopping threads took: 0.0000497 seconds
2016-02-29T14:30:47.698+0000: 4.629: Total time for which application threads were stopped: 0.0003016 seconds, Stopping threads took: 0.0000371 seconds
2016-02-29T14:30:47.801+0000: 4.738: Total time for which application threads were stopped: 0.0003364 seconds, Stopping threads took: 0.0000426 seconds
2016-02-29T14:30:48.119+0000: 5.050: Total time for which application threads were stopped: 0.0004517 seconds, Stopping threads took: 0.0000411 seconds
2016-02-29T14:30:48.122+0000: 5.052: Total time for which application threads were stopped: 0.0002361 seconds, Stopping threads took: 0.0000276 seconds
2016-02-29T14:30:48.130+0000: 5.061: Total time for which application threads were stopped: 0.0003048 seconds, Stopping threads took: 0.0000379 seconds
2016-02-29T14:30:48.869+0000: 5.805: Total time for which application threads were stopped: 0.0003151 seconds, Stopping threads took: 0.0001098 seconds
2016-02-29T14:30:48.869+0000: 5.805: Total time for which application threads were stopped: 0.0001240 seconds, Stopping threads took: 0.0000324 seconds
2016-02-29T14:30:48.869+0000: 5.805: Total time for which application threads were stopped: 0.0001192 seconds, Stopping threads took: 0.0000332 seconds
2016-02-29T14:30:48.869+0000: 5.805: Total time for which application threads were stopped: 0.0001556 seconds, Stopping threads took: 0.0000332 seconds
2016-02-29T14:30:48.869+0000: 5.806: Total time for which application threads were stopped: 0.0001192 seconds, Stopping threads took: 0.0000332 seconds
2016-02-29T14:30:48.869+0000: 5.806: Total time for which application threads were stopped: 0.0001066 seconds, Stopping threads took: 0.0000197 seconds
2016-02-29T14:30:48.869+0000: 5.806: Total time for which application threads were stopped: 0.0001027 seconds, Stopping threads took: 0.0000190 seconds
2016-02-29T14:30:48.869+0000: 5.806: Total time for which application threads were stopped: 0.0001034 seconds, Stopping threads took: 0.0000190 seconds
2016-02-29T14:30:48.869+0000: 5.806: Total time for which application threads were stopped: 0.0001027 seconds, Stopping threads took: 0.0000190 seconds
2016-02-29T14:30:48.869+0000: 5.806: Total time for which application threads were stopped: 0.0001027 seconds, Stopping threads took: 0.0000190 seconds
2016-02-29T14:30:48.869+0000: 5.807: Total time for which application threads were stopped: 0.0001027 seconds, Stopping threads took: 0.0000182 seconds
2016-02-29T14:30:48.869+0000: 5.807: Total time for which application threads were stopped: 0.0001019 seconds, Stopping threads took: 0.0000182 seconds
2016-02-29T14:30:48.869+0000: 5.807: Total time for which application threads were stopped: 0.0001090 seconds, Stopping threads took: 0.0000182 seconds
2016-02-29T14:30:48.869+0000: 5.807: Total time for which application threads were stopped: 0.0001019 seconds, Stopping threads took: 0.0000182 seconds
2016-02-29T14:30:48.869+0000: 5.807: Total time for which application threads were stopped: 0.0001019 seconds, Stopping threads took: 0.0000190 seconds
2016-02-29T14:30:48.869+0000: 5.807: Total time for which application threads were stopped: 0.0001019 seconds, Stopping threads took: 0.0000182 seconds
2016-02-29T14:30:48.869+0000: 5.808: Total time for which application threads were stopped: 0.0001027 seconds, Stopping threads took: 0.0000182 seconds
2016-02-29T14:30:48.869+0000: 5.808: Total time for which application threads were stopped: 0.0001058 seconds, Stopping threads took: 0.0000197 seconds
2016-02-29T14:30:48.869+0000: 5.808: Total time for which application threads were stopped: 0.0001027 seconds, Stopping threads took: 0.0000190 seconds
2016-02-29T14:30:48.869+0000: 5.808: Total time for which application threads were stopped: 0.0002614 seconds, Stopping threads took: 0.0000261 seconds
2016-02-29T14:30:48.869+0000: 5.808: Total time for which application threads were stopped: 0.0001121 seconds, Stopping threads took: 0.0000197 seconds
2016-02-29T14:30:48.869+0000: 5.809: Total time for which application threads were stopped: 0.0001105 seconds, Stopping threads took: 0.0000197 seconds
2016-02-29T14:30:48.869+0000: 5.809: Total time for which application threads were stopped: 0.0001042 seconds, Stopping threads took: 0.0000182 seconds
2016-02-29T14:30:48.869+0000: 5.809: Total time for which application threads were stopped: 0.0001066 seconds, Stopping threads took: 0.0000190 seconds
2016-02-29T14:30:48.879+0000: 5.810: Total time for which application threads were stopped: 0.0001082 seconds, Stopping threads took: 0.0000395 seconds
2016-02-29T14:30:48.879+0000: 5.810: Total time for which application threads were stopped: 0.0000758 seconds, Stopping threads took: 0.0000182 seconds
2016-02-29T14:30:48.879+0000: 5.810: Total time for which application threads were stopped: 0.0000813 seconds, Stopping threads took: 0.0000205 seconds
2016-02-29T14:30:48.879+0000: 5.810: Total time for which application threads were stopped: 0.0000766 seconds, Stopping threads took: 0.0000190 seconds
2016-02-29T14:30:48.879+0000: 5.810: Total time for which application threads were stopped: 0.0000766 seconds, Stopping threads took: 0.0000190 seconds
2016-02-29T14:30:48.879+0000: 5.810: Total time for which application threads were stopped: 0.0000758 seconds, Stopping threads took: 0.0000190 seconds
2016-02-29T14:30:48.879+0000: 5.810: Total time for which application threads were stopped: 0.0000766 seconds, Stopping threads took: 0.0000190 seconds
2016-02-29T14:30:48.879+0000: 5.811: Total time for which application threads were stopped: 0.0000750 seconds, Stopping threads took: 0.0000182 seconds
2016-02-29T14:30:48.879+0000: 5.811: Total time for which application threads were stopped: 0.0000758 seconds, Stopping threads took: 0.0000182 seconds
2016-02-29T14:30:48.879+0000: 5.811: Total time for which application threads were stopped: 0.0000766 seconds, Stopping threads took: 0.0000190 seconds
2016-02-29T14:30:48.879+0000: 5.811: Total time for which application threads were stopped: 0.0000758 seconds, Stopping threads took: 0.0000182 seconds
2016-02-29T14:30:48.879+0000: 5.811: Total time for which application threads were stopped: 0.0000758 seconds, Stopping threads took: 0.0000190 seconds
2016-02-29T14:30:48.879+0000: 5.811: Total time for which application threads were stopped: 0.0000766 seconds, Stopping threads took: 0.0000190 seconds
2016-02-29T14:30:48.879+0000: 5.811: Total time for which application threads were stopped: 0.0000750 seconds, Stopping threads took: 0.0000182 seconds
2016-02-29T14:30:48.879+0000: 5.811: Total time for which application threads were stopped: 0.0000766 seconds, Stopping threads took: 0.0000190 seconds
2016-02-29T14:30:48.879+0000: 5.812: Total time for which application threads were stopped: 0.0000750 seconds, Stopping threads took: 0.0000182 seconds
2016-02-29T14:30:48.879+0000: 5.812: Total time for which application threads were stopped: 0.0000758 seconds, Stopping threads took: 0.0000190 seconds
2016-02-29T14:30:48.879+0000: 5.812: Total time for which application threads were stopped: 0.0000758 seconds, Stopping threads took: 0.0000190 seconds
2016-02-29T14:30:48.879+0000: 5.812: Total time for which application threads were stopped: 0.0000758 seconds, Stopping threads took: 0.0000182 seconds
2016-02-29T14:30:48.879+0000: 5.812: Total time for which application threads were stopped: 0.0002211 seconds, Stopping threads took: 0.0000190 seconds
2016-02-29T14:30:48.879+0000: 5.813: Total time for which application threads were stopped: 0.0001500 seconds, Stopping threads took: 0.0000411 seconds
2016-02-29T14:30:48.879+0000: 5.814: Total time for which application threads were stopped: 0.0002377 seconds, Stopping threads took: 0.0001192 seconds
2016-02-29T14:30:48.879+0000: 5.815: Total time for which application threads were stopped: 0.0002061 seconds, Stopping threads took: 0.0000900 seconds
2016-02-29T14:30:48.879+0000: 5.816: Total time for which application threads were stopped: 0.0003151 seconds, Stopping threads took: 0.0001721 seconds
2016-02-29T14:30:48.879+0000: 5.816: Total time for which application threads were stopped: 0.0001603 seconds, Stopping threads took: 0.0000237 seconds
2016-02-29T14:30:48.879+0000: 5.817: Total time for which application threads were stopped: 0.0001477 seconds, Stopping threads took: 0.0000213 seconds
2016-02-29T14:30:48.879+0000: 5.817: Total time for which application threads were stopped: 0.0001390 seconds, Stopping threads took: 0.0000197 seconds
2016-02-29T14:30:48.879+0000: 5.817: Total time for which application threads were stopped: 0.0001595 seconds, Stopping threads took: 0.0000332 seconds
2016-02-29T14:30:48.899+0000: 5.837: Total time for which application threads were stopped: 0.0003964 seconds, Stopping threads took: 0.0000497 seconds
2016-02-29T14:30:48.909+0000: 5.848: Total time for which application threads were stopped: 0.0001579 seconds, Stopping threads took: 0.0000403 seconds
2016-02-29T14:30:48.909+0000: 5.849: Total time for which application threads were stopped: 0.0001295 seconds, Stopping threads took: 0.0000419 seconds
2016-02-29T14:30:48.909+0000: 5.849: Total time for which application threads were stopped: 0.0001058 seconds, Stopping threads took: 0.0000363 seconds
2016-02-29T14:30:48.909+0000: 5.849: Total time for which application threads were stopped: 0.0002227 seconds, Stopping threads took: 0.0000324 seconds
2016-02-29T14:30:48.929+0000: 5.862: Total time for which application threads were stopped: 0.0004769 seconds, Stopping threads took: 0.0003214 seconds
2016-02-29T14:30:48.929+0000: 5.862: Total time for which application threads were stopped: 0.0001050 seconds, Stopping threads took: 0.0000340 seconds
2016-02-29T14:30:48.929+0000: 5.864: Total time for which application threads were stopped: 0.0003980 seconds, Stopping threads took: 0.0002906 seconds
2016-02-29T14:30:48.929+0000: 5.864: Total time for which application threads were stopped: 0.0000948 seconds, Stopping threads took: 0.0000197 seconds
2016-02-29T14:30:48.929+0000: 5.865: Total time for which application threads were stopped: 0.0000900 seconds, Stopping threads took: 0.0000190 seconds
2016-02-29T14:30:48.929+0000: 5.866: Total time for which application threads were stopped: 0.0005851 seconds, Stopping threads took: 0.0004935 seconds
2016-02-29T14:30:48.939+0000: 5.877: Total time for which application threads were stopped: 0.0001895 seconds, Stopping threads took: 0.0000726 seconds
2016-02-29T14:30:48.939+0000: 5.877: Total time for which application threads were stopped: 0.0001271 seconds, Stopping threads took: 0.0000411 seconds
2016-02-29T14:30:48.939+0000: 5.877: Total time for which application threads were stopped: 0.0001311 seconds, Stopping threads took: 0.0000458 seconds
2016-02-29T14:30:48.939+0000: 5.878: Total time for which application threads were stopped: 0.0001429 seconds, Stopping threads took: 0.0000569 seconds
2016-02-29T14:30:48.939+0000: 5.878: Total time for which application threads were stopped: 0.0001390 seconds, Stopping threads took: 0.0000403 seconds
2016-02-29T14:30:48.939+0000: 5.878: Total time for which application threads were stopped: 0.0001240 seconds, Stopping threads took: 0.0000387 seconds
2016-02-29T14:30:48.959+0000: 5.895: Total time for which application threads were stopped: 0.0004888 seconds, Stopping threads took: 0.0003514 seconds
2016-02-29T14:30:48.959+0000: 5.895: Total time for which application threads were stopped: 0.0000837 seconds, Stopping threads took: 0.0000347 seconds
2016-02-29T14:30:48.959+0000: 5.896: Total time for which application threads were stopped: 0.0000679 seconds, Stopping threads took: 0.0000197 seconds
2016-02-29T14:30:48.969+0000: 5.904: Total time for which application threads were stopped: 0.0001485 seconds, Stopping threads took: 0.0000600 seconds
2016-02-29T14:30:48.969+0000: 5.904: Total time for which application threads were stopped: 0.0000845 seconds, Stopping threads took: 0.0000332 seconds
2016-02-29T14:30:48.969+0000: 5.905: Total time for which application threads were stopped: 0.0001461 seconds, Stopping threads took: 0.0000963 seconds
2016-02-29T14:30:48.969+0000: 5.905: Total time for which application threads were stopped: 0.0000916 seconds, Stopping threads took: 0.0000387 seconds
2016-02-29T14:30:48.979+0000: 5.914: Total time for which application threads were stopped: 0.0001327 seconds, Stopping threads took: 0.0000426 seconds
2016-02-29T14:30:48.979+0000: 5.914: Total time for which application threads were stopped: 0.0000758 seconds, Stopping threads took: 0.0000213 seconds
2016-02-29T14:30:48.979+0000: 5.914: Total time for which application threads were stopped: 0.0000695 seconds, Stopping threads took: 0.0000190 seconds
2016-02-29T14:30:48.979+0000: 5.915: Total time for which application threads were stopped: 0.0000719 seconds, Stopping threads took: 0.0000197 seconds
2016-02-29T14:30:48.989+0000: 5.921: Total time for which application threads were stopped: 0.0001200 seconds, Stopping threads took: 0.0000379 seconds
2016-02-29T14:30:48.989+0000: 5.921: Total time for which application threads were stopped: 0.0000766 seconds, Stopping threads took: 0.0000221 seconds
2016-02-29T14:30:48.989+0000: 5.922: Total time for which application threads were stopped: 0.0000695 seconds, Stopping threads took: 0.0000190 seconds
2016-02-29T14:30:48.989+0000: 5.922: Total time for which application threads were stopped: 0.0000711 seconds, Stopping threads took: 0.0000197 seconds
2016-02-29T14:30:49.019+0000: 5.958: Total time for which application threads were stopped: 0.0001327 seconds, Stopping threads took: 0.0000458 seconds
2016-02-29T14:30:49.019+0000: 5.958: Total time for which application threads were stopped: 0.0000719 seconds, Stopping threads took: 0.0000221 seconds
2016-02-29T14:30:49.019+0000: 5.958: Total time for which application threads were stopped: 0.0000695 seconds, Stopping threads took: 0.0000205 seconds
2016-02-29T14:30:49.029+0000: 5.959: Total time for which application threads were stopped: 0.0001208 seconds, Stopping threads took: 0.0000261 seconds
2016-02-29T14:30:49.029+0000: 5.964: Total time for which application threads were stopped: 0.0001342 seconds, Stopping threads took: 0.0000458 seconds
2016-02-29T14:30:49.029+0000: 5.964: Total time for which application threads were stopped: 0.0000837 seconds, Stopping threads took: 0.0000324 seconds
2016-02-29T14:30:49.029+0000: 5.965: Total time for which application threads were stopped: 0.0000782 seconds, Stopping threads took: 0.0000284 seconds
2016-02-29T14:30:49.029+0000: 5.965: Total time for which application threads were stopped: 0.0000971 seconds, Stopping threads took: 0.0000387 seconds
2016-02-29T14:30:49.039+0000: 5.970: Total time for which application threads were stopped: 0.0001295 seconds, Stopping threads took: 0.0000561 seconds
2016-02-29T14:30:49.039+0000: 5.971: Total time for which application threads were stopped: 0.0001011 seconds, Stopping threads took: 0.0000426 seconds
2016-02-29T14:30:49.039+0000: 5.971: Total time for which application threads were stopped: 0.0000726 seconds, Stopping threads took: 0.0000276 seconds
2016-02-29T14:30:49.039+0000: 5.972: Total time for which application threads were stopped: 0.0000726 seconds, Stopping threads took: 0.0000284 seconds
2016-02-29T14:30:49.039+0000: 5.972: Total time for which application threads were stopped: 0.0002037 seconds, Stopping threads took: 0.0000284 seconds
2016-02-29T14:30:49.039+0000: 5.972: Total time for which application threads were stopped: 0.0000742 seconds, Stopping threads took: 0.0000284 seconds
2016-02-29T14:30:49.039+0000: 5.972: Total time for which application threads were stopped: 0.0000916 seconds, Stopping threads took: 0.0000450 seconds
2016-02-29T14:30:49.039+0000: 5.972: Total time for which application threads were stopped: 0.0000750 seconds, Stopping threads took: 0.0000292 seconds
2016-02-29T14:30:49.203+0000: 6.141: Total time for which application threads were stopped: 0.0001563 seconds, Stopping threads took: 0.0000458 seconds
2016-02-29T14:30:49.203+0000: 6.141: Total time for which application threads were stopped: 0.0000695 seconds, Stopping threads took: 0.0000205 seconds
2016-02-29T14:30:49.203+0000: 6.141: Total time for which application threads were stopped: 0.0000687 seconds, Stopping threads took: 0.0000213 seconds
2016-02-29T14:30:49.203+0000: 6.142: Total time for which application threads were stopped: 0.0000719 seconds, Stopping threads took: 0.0000213 seconds
2016-02-29T14:30:49.213+0000: 6.147: Total time for which application threads were stopped: 0.0001287 seconds, Stopping threads took: 0.0000442 seconds
2016-02-29T14:30:49.213+0000: 6.148: Total time for which application threads were stopped: 0.0000703 seconds, Stopping threads took: 0.0000205 seconds
2016-02-29T14:30:49.213+0000: 6.148: Total time for which application threads were stopped: 0.0000695 seconds, Stopping threads took: 0.0000205 seconds
2016-02-29T14:30:49.213+0000: 6.148: Total time for which application threads were stopped: 0.0000861 seconds, Stopping threads took: 0.0000261 seconds
2016-02-29T14:30:49.272+0000: 6.203: Total time for which application threads were stopped: 0.0001382 seconds, Stopping threads took: 0.0000466 seconds
2016-02-29T14:30:49.273+0000: 6.203: Total time for which application threads were stopped: 0.0001319 seconds, Stopping threads took: 0.0000197 seconds
2016-02-29T14:30:49.273+0000: 6.203: Total time for which application threads were stopped: 0.0000726 seconds, Stopping threads took: 0.0000205 seconds
2016-02-29T14:30:49.273+0000: 6.204: Total time for which application threads were stopped: 0.0001019 seconds, Stopping threads took: 0.0000292 seconds
2016-02-29T14:30:49.325+0000: 6.265: Total time for which application threads were stopped: 0.0001350 seconds, Stopping threads took: 0.0000458 seconds
2016-02-29T14:30:49.325+0000: 6.265: Total time for which application threads were stopped: 0.0000695 seconds, Stopping threads took: 0.0000221 seconds
2016-02-29T14:30:49.325+0000: 6.265: Total time for which application threads were stopped: 0.0000648 seconds, Stopping threads took: 0.0000197 seconds
2016-02-29T14:30:49.325+0000: 6.265: Total time for which application threads were stopped: 0.0000640 seconds, Stopping threads took: 0.0000190 seconds
2016-02-29T14:30:49.335+0000: 6.265: Total time for which application threads were stopped: 0.0000655 seconds, Stopping threads took: 0.0000205 seconds
2016-02-29T14:30:49.335+0000: 6.265: Total time for which application threads were stopped: 0.0001137 seconds, Stopping threads took: 0.0000695 seconds
2016-02-29T14:30:49.335+0000: 6.266: Total time for which application threads were stopped: 0.0000663 seconds, Stopping threads took: 0.0000205 seconds
2016-02-29T14:30:49.335+0000: 6.266: Total time for which application threads were stopped: 0.0000624 seconds, Stopping threads took: 0.0000197 seconds
2016-02-29T14:30:49.335+0000: 6.266: Total time for which application threads were stopped: 0.0000632 seconds, Stopping threads took: 0.0000190 seconds
2016-02-29T14:30:49.335+0000: 6.266: Total time for which application threads were stopped: 0.0000624 seconds, Stopping threads took: 0.0000190 seconds
2016-02-29T14:30:49.335+0000: 6.266: Total time for which application threads were stopped: 0.0000632 seconds, Stopping threads took: 0.0000190 seconds
2016-02-29T14:30:49.335+0000: 6.266: Total time for which application threads were stopped: 0.0002795 seconds, Stopping threads took: 0.0000190 seconds
2016-02-29T14:30:49.375+0000: 6.313: Total time for which application threads were stopped: 0.0003988 seconds, Stopping threads took: 0.0000458 seconds
{Heap before GC invocations=1 (full 0):
 par new generation   total 109248K, used 93102K [0x00000000e0000000, 0x00000000e8000000, 0x00000000e8000000)
  eden space 87424K, 100% used [0x00000000e0000000, 0x00000000e5560000, 0x00000000e5560000)
  from space 21824K,  26% used [0x00000000e6ab0000, 0x00000000e703bbe0, 0x00000000e8000000)
  to   space 21824K,   0% used [0x00000000e5560000, 0x00000000e5560000, 0x00000000e6ab0000)
 concurrent mark-sweep generation total 393216K, used 0K [0x00000000e8000000, 0x0000000100000000, 0x0000000100000000)
 Metaspace       used 19733K, capacity 20116K, committed 20480K, reserved 1067008K
  class space    used 2349K, capacity 2488K, committed 2560K, reserved 1048576K
2016-02-29T14:30:49.395+0000: 6.328: [GC (Allocation Failure) 2016-02-29T14:30:49.395+0000: 6.328: [ParNew
Desired survivor size 20112992 bytes, new threshold 8 (max 8)
- age   1:    7734272 bytes,    7734272 total
- age   2:    2553768 bytes,   10288040 total
: 93102K->12151K(109248K), 0.0344542 secs] 93102K->12151K(502464K), 0.0346098 secs] [Times: user=0.05 sys=0.02, real=0.03 secs] 
Heap after GC invocations=2 (full 0):
 par new generation   total 109248K, used 12151K [0x00000000e0000000, 0x00000000e8000000, 0x00000000e8000000)
  eden space 87424K,   0% used [0x00000000e0000000, 0x00000000e0000000, 0x00000000e5560000)
  from space 21824K,  55% used [0x00000000e5560000, 0x00000000e613de30, 0x00000000e6ab0000)
  to   space 21824K,   0% used [0x00000000e6ab0000, 0x00000000e6ab0000, 0x00000000e8000000)
 concurrent mark-sweep generation total 393216K, used 0K [0x00000000e8000000, 0x0000000100000000, 0x0000000100000000)
 Metaspace       used 19733K, capacity 20116K, committed 20480K, reserved 1067008K
  class space    used 2349K, capacity 2488K, committed 2560K, reserved 1048576K
}
2016-02-29T14:30:49.425+0000: 6.363: Total time for which application threads were stopped: 0.0350417 seconds, Stopping threads took: 0.0000750 seconds
2016-02-29T14:30:49.435+0000: 6.370: Total time for which application threads were stopped: 0.0002053 seconds, Stopping threads took: 0.0000687 seconds
2016-02-29T14:30:49.435+0000: 6.370: Total time for which application threads were stopped: 0.0000853 seconds, Stopping threads took: 0.0000363 seconds
2016-02-29T14:30:49.435+0000: 6.372: Total time for which application threads were stopped: 0.0001271 seconds, Stopping threads took: 0.0000703 seconds
2016-02-29T14:30:49.435+0000: 6.372: Total time for which application threads were stopped: 0.0000908 seconds, Stopping threads took: 0.0000387 seconds
2016-02-29T14:30:49.435+0000: 6.372: Total time for which application threads were stopped: 0.0000869 seconds, Stopping threads took: 0.0000403 seconds
2016-02-29T14:30:49.435+0000: 6.374: Total time for which application threads were stopped: 0.0001011 seconds, Stopping threads took: 0.0000474 seconds
2016-02-29T14:30:49.435+0000: 6.375: Total time for which application threads were stopped: 0.0000790 seconds, Stopping threads took: 0.0000340 seconds
2016-02-29T14:30:49.435+0000: 6.375: Total time for which application threads were stopped: 0.0001066 seconds, Stopping threads took: 0.0000608 seconds
2016-02-29T14:30:49.435+0000: 6.375: Total time for which application threads were stopped: 0.0000861 seconds, Stopping threads took: 0.0000395 seconds
2016-02-29T14:30:49.435+0000: 6.375: Total time for which application threads were stopped: 0.0000861 seconds, Stopping threads took: 0.0000419 seconds
2016-02-29T14:30:49.445+0000: 6.375: Total time for which application threads were stopped: 0.0001374 seconds, Stopping threads took: 0.0000916 seconds
2016-02-29T14:30:49.445+0000: 6.375: Total time for which application threads were stopped: 0.0001082 seconds, Stopping threads took: 0.0000632 seconds
2016-02-29T14:30:49.445+0000: 6.376: Total time for which application threads were stopped: 0.0001177 seconds, Stopping threads took: 0.0000719 seconds
2016-02-29T14:30:49.445+0000: 6.376: Total time for which application threads were stopped: 0.0000853 seconds, Stopping threads took: 0.0000403 seconds
2016-02-29T14:30:49.445+0000: 6.376: Total time for which application threads were stopped: 0.0000782 seconds, Stopping threads took: 0.0000332 seconds
2016-02-29T14:30:49.445+0000: 6.376: Total time for which application threads were stopped: 0.0000853 seconds, Stopping threads took: 0.0000395 seconds
2016-02-29T14:30:49.445+0000: 6.376: Total time for which application threads were stopped: 0.0000861 seconds, Stopping threads took: 0.0000411 seconds
2016-02-29T14:30:49.445+0000: 6.376: Total time for which application threads were stopped: 0.0000805 seconds, Stopping threads took: 0.0000324 seconds
2016-02-29T14:30:49.445+0000: 6.376: Total time for which application threads were stopped: 0.0000884 seconds, Stopping threads took: 0.0000419 seconds
2016-02-29T14:30:49.445+0000: 6.376: Total time for which application threads were stopped: 0.0000908 seconds, Stopping threads took: 0.0000403 seconds
2016-02-29T14:30:49.445+0000: 6.377: Total time for which application threads were stopped: 0.0000853 seconds, Stopping threads took: 0.0000403 seconds
2016-02-29T14:30:49.445+0000: 6.377: Total time for which application threads were stopped: 0.0000798 seconds, Stopping threads took: 0.0000347 seconds
2016-02-29T14:30:49.445+0000: 6.377: Total time for which application threads were stopped: 0.0002345 seconds, Stopping threads took: 0.0000426 seconds
2016-02-29T14:30:49.485+0000: 6.418: Total time for which application threads were stopped: 0.0004698 seconds, Stopping threads took: 0.0000474 seconds
2016-02-29T14:30:49.485+0000: 6.420: Total time for which application threads were stopped: 0.0001153 seconds, Stopping threads took: 0.0000332 seconds
2016-02-29T14:30:49.485+0000: 6.420: Total time for which application threads were stopped: 0.0000711 seconds, Stopping threads took: 0.0000197 seconds
2016-02-29T14:30:49.485+0000: 6.420: Total time for which application threads were stopped: 0.0000687 seconds, Stopping threads took: 0.0000190 seconds
2016-02-29T14:30:49.485+0000: 6.421: Total time for which application threads were stopped: 0.0000845 seconds, Stopping threads took: 0.0000245 seconds
2016-02-29T14:30:49.719+0000: 6.650: Total time for which application threads were stopped: 0.0002061 seconds, Stopping threads took: 0.0000569 seconds
2016-02-29T14:30:49.744+0000: 6.675: Total time for which application threads were stopped: 0.0001406 seconds, Stopping threads took: 0.0000529 seconds
2016-02-29T14:30:49.766+0000: 6.696: Total time for which application threads were stopped: 0.0001635 seconds, Stopping threads took: 0.0000482 seconds
2016-02-29T14:30:49.766+0000: 6.697: Total time for which application threads were stopped: 0.0000805 seconds, Stopping threads took: 0.0000245 seconds
2016-02-29T14:30:49.766+0000: 6.697: Total time for which application threads were stopped: 0.0000758 seconds, Stopping threads took: 0.0000229 seconds
2016-02-29T14:30:49.767+0000: 6.698: Total time for which application threads were stopped: 0.0000971 seconds, Stopping threads took: 0.0000292 seconds
2016-02-29T14:30:50.046+0000: 6.976: Total time for which application threads were stopped: 0.0001682 seconds, Stopping threads took: 0.0000529 seconds
2016-02-29T14:30:50.200+0000: 7.130: Total time for which application threads were stopped: 0.0002037 seconds, Stopping threads took: 0.0000474 seconds
2016-02-29T14:30:50.201+0000: 7.132: Total time for which application threads were stopped: 0.0001145 seconds, Stopping threads took: 0.0000316 seconds
2016-02-29T14:30:50.202+0000: 7.132: Total time for which application threads were stopped: 0.0000742 seconds, Stopping threads took: 0.0000205 seconds
2016-02-29T14:30:50.202+0000: 7.132: Total time for which application threads were stopped: 0.0000766 seconds, Stopping threads took: 0.0000261 seconds
2016-02-29T14:30:50.202+0000: 7.133: Total time for which application threads were stopped: 0.0000892 seconds, Stopping threads took: 0.0000308 seconds
2016-02-29T14:30:50.203+0000: 7.134: Total time for which application threads were stopped: 0.0000932 seconds, Stopping threads took: 0.0000324 seconds
2016-02-29T14:30:50.203+0000: 7.134: Total time for which application threads were stopped: 0.0000774 seconds, Stopping threads took: 0.0000253 seconds
2016-02-29T14:30:50.203+0000: 7.134: Total time for which application threads were stopped: 0.0000750 seconds, Stopping threads took: 0.0000253 seconds
2016-02-29T14:30:50.204+0000: 7.135: Total time for which application threads were stopped: 0.0000869 seconds, Stopping threads took: 0.0000300 seconds
2016-02-29T14:30:50.218+0000: 7.149: Total time for which application threads were stopped: 0.0001437 seconds, Stopping threads took: 0.0000529 seconds
2016-02-29T14:30:50.218+0000: 7.149: Total time for which application threads were stopped: 0.0000782 seconds, Stopping threads took: 0.0000268 seconds
2016-02-29T14:30:50.218+0000: 7.149: Total time for which application threads were stopped: 0.0000758 seconds, Stopping threads took: 0.0000253 seconds
2016-02-29T14:30:50.219+0000: 7.149: Total time for which application threads were stopped: 0.0000853 seconds, Stopping threads took: 0.0000284 seconds
2016-02-29T14:30:50.261+0000: 7.192: Total time for which application threads were stopped: 0.0001571 seconds, Stopping threads took: 0.0000513 seconds
2016-02-29T14:30:50.427+0000: 7.366: Total time for which application threads were stopped: 0.0002029 seconds, Stopping threads took: 0.0000766 seconds
2016-02-29T14:30:50.437+0000: 7.369: Total time for which application threads were stopped: 0.0001619 seconds, Stopping threads took: 0.0000450 seconds
{Heap before GC invocations=2 (full 0):
 par new generation   total 109248K, used 99575K [0x00000000e0000000, 0x00000000e8000000, 0x00000000e8000000)
  eden space 87424K, 100% used [0x00000000e0000000, 0x00000000e5560000, 0x00000000e5560000)
  from space 21824K,  55% used [0x00000000e5560000, 0x00000000e613de30, 0x00000000e6ab0000)
  to   space 21824K,   0% used [0x00000000e6ab0000, 0x00000000e6ab0000, 0x00000000e8000000)
 concurrent mark-sweep generation total 393216K, used 0K [0x00000000e8000000, 0x0000000100000000, 0x0000000100000000)
 Metaspace       used 21365K, capacity 21728K, committed 21884K, reserved 1069056K
  class space    used 2542K, capacity 2682K, committed 2688K, reserved 1048576K
2016-02-29T14:30:50.481+0000: 7.412: [GC (Allocation Failure) 2016-02-29T14:30:50.482+0000: 7.412: [ParNew
Desired survivor size 20112992 bytes, new threshold 8 (max 8)
- age   1:    1950568 bytes,    1950568 total
- age   2:    2343768 bytes,    4294336 total
- age   3:    2550984 bytes,    6845320 total
: 99575K->12704K(109248K), 0.0254721 secs] 99575K->12704K(502464K), 0.0256197 secs] [Times: user=0.06 sys=0.00, real=0.03 secs] 
Heap after GC invocations=3 (full 0):
 par new generation   total 109248K, used 12704K [0x00000000e0000000, 0x00000000e8000000, 0x00000000e8000000)
  eden space 87424K,   0% used [0x00000000e0000000, 0x00000000e0000000, 0x00000000e5560000)
  from space 21824K,  58% used [0x00000000e6ab0000, 0x00000000e77181f0, 0x00000000e8000000)
  to   space 21824K,   0% used [0x00000000e5560000, 0x00000000e5560000, 0x00000000e6ab0000)
 concurrent mark-sweep generation total 393216K, used 0K [0x00000000e8000000, 0x0000000100000000, 0x0000000100000000)
 Metaspace       used 21365K, capacity 21728K, committed 21884K, reserved 1069056K
  class space    used 2542K, capacity 2682K, committed 2688K, reserved 1048576K
}
2016-02-29T14:30:50.507+0000: 7.438: Total time for which application threads were stopped: 0.0260130 seconds, Stopping threads took: 0.0000442 seconds
2016-02-29T14:30:50.509+0000: 7.440: [GC (CMS Initial Mark) [1 CMS-initial-mark: 0K(393216K)] 12736K(502464K), 0.0120878 secs] [Times: user=0.02 sys=0.00, real=0.01 secs] 
2016-02-29T14:30:50.519+0000: 7.452: Total time for which application threads were stopped: 0.0137010 seconds, Stopping threads took: 0.0014529 seconds
2016-02-29T14:30:50.519+0000: 7.452: Total time for which application threads were stopped: 0.0001469 seconds, Stopping threads took: 0.0000411 seconds
2016-02-29T14:30:50.519+0000: 7.452: [CMS-concurrent-mark-start]
2016-02-29T14:30:50.519+0000: 7.454: [CMS-concurrent-mark: 0.001/0.001 secs] [Times: user=0.00 sys=0.00, real=0.00 secs] 
2016-02-29T14:30:50.519+0000: 7.454: [CMS-concurrent-preclean-start]
2016-02-29T14:30:50.519+0000: 7.456: [CMS-concurrent-preclean: 0.002/0.002 secs] [Times: user=0.00 sys=0.00, real=0.00 secs] 
2016-02-29T14:30:50.519+0000: 7.458: [GC (CMS Final Remark) [YG occupancy: 13754 K (109248 K)]{Heap before GC invocations=3 (full 1):
 par new generation   total 109248K, used 13754K [0x00000000e0000000, 0x00000000e8000000, 0x00000000e8000000)
  eden space 87424K,   1% used [0x00000000e0000000, 0x00000000e01069a0, 0x00000000e5560000)
  from space 21824K,  58% used [0x00000000e6ab0000, 0x00000000e77181f0, 0x00000000e8000000)
  to   space 21824K,   0% used [0x00000000e5560000, 0x00000000e5560000, 0x00000000e6ab0000)
 concurrent mark-sweep generation total 393216K, used 0K [0x00000000e8000000, 0x0000000100000000, 0x0000000100000000)
 Metaspace       used 21365K, capacity 21728K, committed 21884K, reserved 1069056K
  class space    used 2542K, capacity 2682K, committed 2688K, reserved 1048576K
2016-02-29T14:30:50.519+0000: 7.458: [GC (CMS Final Remark) 2016-02-29T14:30:50.519+0000: 7.458: [ParNew
Desired survivor size 20112992 bytes, new threshold 8 (max 8)
- age   1:      25176 bytes,      25176 total
- age   2:     777040 bytes,     802216 total
- age   3:    2342808 bytes,    3145024 total
- age   4:    2549472 bytes,    5694496 total
: 13754K->5898K(109248K), 0.0230274 secs] 13754K->5898K(502464K), 0.0231482 secs] [Times: user=0.05 sys=0.00, real=0.03 secs] 
Heap after GC invocations=4 (full 1):
 par new generation   total 109248K, used 5898K [0x00000000e0000000, 0x00000000e8000000, 0x00000000e8000000)
  eden space 87424K,   0% used [0x00000000e0000000, 0x00000000e0000000, 0x00000000e5560000)
  from space 21824K,  27% used [0x00000000e5560000, 0x00000000e5b22830, 0x00000000e6ab0000)
  to   space 21824K,   0% used [0x00000000e6ab0000, 0x00000000e6ab0000, 0x00000000e8000000)
 concurrent mark-sweep generation total 393216K, used 0K [0x00000000e8000000, 0x0000000100000000, 0x0000000100000000)
 Metaspace       used 21365K, capacity 21728K, committed 21884K, reserved 1069056K
  class space    used 2542K, capacity 2682K, committed 2688K, reserved 1048576K
}
2016-02-29T14:30:50.549+0000: 7.481: [Rescan (parallel) , 0.0071644 secs]2016-02-29T14:30:50.549+0000: 7.488: [weak refs processing, 0.0019654 secs]2016-02-29T14:30:50.559+0000: 7.490: [class unloading, 0.0064900 secs]2016-02-29T14:30:50.559+0000: 7.497: [scrub symbol table, 0.0080582 secs]2016-02-29T14:30:50.574+0000: 7.505: [scrub string table, 0.0006601 secs][1 CMS-remark: 0K(393216K)] 5898K(502464K), 0.0493278 secs] [Times: user=0.06 sys=0.00, real=0.06 secs] 
2016-02-29T14:30:50.576+0000: 7.507: Total time for which application threads were stopped: 0.0500179 seconds, Stopping threads took: 0.0005346 seconds
2016-02-29T14:30:50.577+0000: 7.507: [CMS-concurrent-sweep-start]
2016-02-29T14:30:50.577+0000: 7.507: [CMS-concurrent-sweep: 0.000/0.000 secs] [Times: user=0.00 sys=0.00, real=0.00 secs] 
2016-02-29T14:30:50.577+0000: 7.507: [CMS-concurrent-reset-start]
2016-02-29T14:30:50.588+0000: 7.519: [CMS-concurrent-reset: 0.011/0.011 secs] [Times: user=0.03 sys=0.00, real=0.01 secs] 
2016-02-29T14:30:50.711+0000: 7.644: Total time for which application threads were stopped: 0.0001524 seconds, Stopping threads took: 0.0000442 seconds
2016-02-29T14:30:50.711+0000: 7.645: Total time for which application threads were stopped: 0.0000726 seconds, Stopping threads took: 0.0000205 seconds
2016-02-29T14:30:50.722+0000: 7.653: Total time for which application threads were stopped: 0.0001256 seconds, Stopping threads took: 0.0000411 seconds
2016-02-29T14:30:50.723+0000: 7.653: Total time for which application threads were stopped: 0.0000916 seconds, Stopping threads took: 0.0000316 seconds
2016-02-29T14:30:50.723+0000: 7.653: Total time for which application threads were stopped: 0.0000766 seconds, Stopping threads took: 0.0000261 seconds
2016-02-29T14:30:50.860+0000: 7.790: Total time for which application threads were stopped: 0.0001832 seconds, Stopping threads took: 0.0000569 seconds
2016-02-29T14:30:50.876+0000: 7.807: Total time for which application threads were stopped: 0.0001769 seconds, Stopping threads took: 0.0000592 seconds
2016-02-29T14:30:50.880+0000: 7.811: Total time for which application threads were stopped: 0.0001587 seconds, Stopping threads took: 0.0000569 seconds
2016-02-29T14:30:50.882+0000: 7.813: Total time for which application threads were stopped: 0.0001295 seconds, Stopping threads took: 0.0000434 seconds
2016-02-29T14:30:50.905+0000: 7.835: Total time for which application threads were stopped: 0.0004998 seconds, Stopping threads took: 0.0000466 seconds
2016-02-29T14:30:51.057+0000: 7.988: Total time for which application threads were stopped: 0.0002345 seconds, Stopping threads took: 0.0000482 seconds
2016-02-29T14:30:51.084+0000: 8.015: Total time for which application threads were stopped: 0.0001374 seconds, Stopping threads took: 0.0000474 seconds
2016-02-29T14:30:51.203+0000: 8.134: Total time for which application threads were stopped: 0.0001200 seconds, Stopping threads took: 0.0000466 seconds
2016-02-29T14:30:51.231+0000: 8.161: Total time for which application threads were stopped: 0.0001563 seconds, Stopping threads took: 0.0000490 seconds
2016-02-29T14:30:51.231+0000: 8.161: Total time for which application threads were stopped: 0.0000805 seconds, Stopping threads took: 0.0000300 seconds
2016-02-29T14:30:51.231+0000: 8.162: Total time for which application threads were stopped: 0.0002464 seconds, Stopping threads took: 0.0000276 seconds
2016-02-29T14:30:51.231+0000: 8.162: Total time for which application threads were stopped: 0.0000813 seconds, Stopping threads took: 0.0000300 seconds
2016-02-29T14:30:51.335+0000: 8.271: Total time for which application threads were stopped: 0.0001485 seconds, Stopping threads took: 0.0000537 seconds
2016-02-29T14:30:51.335+0000: 8.273: Total time for which application threads were stopped: 0.0001445 seconds, Stopping threads took: 0.0000324 seconds
2016-02-29T14:30:51.490+0000: 8.421: Total time for which application threads were stopped: 0.0001500 seconds, Stopping threads took: 0.0000482 seconds
2016-02-29T14:30:51.492+0000: 8.423: Total time for which application threads were stopped: 0.0001421 seconds, Stopping threads took: 0.0000537 seconds
2016-02-29T14:30:51.493+0000: 8.423: Total time for which application threads were stopped: 0.0001192 seconds, Stopping threads took: 0.0000545 seconds
2016-02-29T14:30:51.529+0000: 8.460: Total time for which application threads were stopped: 0.0001524 seconds, Stopping threads took: 0.0000474 seconds
2016-02-29T14:30:51.529+0000: 8.460: Total time for which application threads were stopped: 0.0000679 seconds, Stopping threads took: 0.0000205 seconds
2016-02-29T14:30:51.661+0000: 8.592: Total time for which application threads were stopped: 0.0001500 seconds, Stopping threads took: 0.0000497 seconds
2016-02-29T14:30:51.661+0000: 8.592: Total time for which application threads were stopped: 0.0000711 seconds, Stopping threads took: 0.0000190 seconds
2016-02-29T14:30:51.666+0000: 8.597: Total time for which application threads were stopped: 0.0001492 seconds, Stopping threads took: 0.0000482 seconds
2016-02-29T14:30:51.669+0000: 8.600: Total time for which application threads were stopped: 0.0004698 seconds, Stopping threads took: 0.0000458 seconds
2016-02-29T14:30:51.669+0000: 8.600: Total time for which application threads were stopped: 0.0002527 seconds, Stopping threads took: 0.0000197 seconds
2016-02-29T14:30:51.671+0000: 8.602: Total time for which application threads were stopped: 0.0011639 seconds, Stopping threads took: 0.0000276 seconds
2016-02-29T14:30:51.803+0000: 8.733: Total time for which application threads were stopped: 0.0001437 seconds, Stopping threads took: 0.0000474 seconds
2016-02-29T14:30:51.833+0000: 8.764: Total time for which application threads were stopped: 0.0001990 seconds, Stopping threads took: 0.0000505 seconds
2016-02-29T14:30:51.885+0000: 8.815: Total time for which application threads were stopped: 0.0005401 seconds, Stopping threads took: 0.0004114 seconds
2016-02-29T14:30:52.288+0000: 9.219: Total time for which application threads were stopped: 0.0001824 seconds, Stopping threads took: 0.0000663 seconds
2016-02-29T14:30:52.294+0000: 9.224: Total time for which application threads were stopped: 0.0011489 seconds, Stopping threads took: 0.0010652 seconds
2016-02-29T14:30:52.302+0000: 9.232: Total time for which application threads were stopped: 0.0001382 seconds, Stopping threads took: 0.0000442 seconds
2016-02-29T14:30:52.303+0000: 9.234: Total time for which application threads were stopped: 0.0001129 seconds, Stopping threads took: 0.0000458 seconds
2016-02-29T14:30:53.686+0000: 10.618: Total time for which application threads were stopped: 0.0001366 seconds, Stopping threads took: 0.0000505 seconds
2016-02-29T14:30:53.686+0000: 10.620: Total time for which application threads were stopped: 0.0015343 seconds, Stopping threads took: 0.0014616 seconds
2016-02-29T14:30:53.686+0000: 10.625: Total time for which application threads were stopped: 0.0001358 seconds, Stopping threads took: 0.0000513 seconds
2016-02-29T14:30:53.686+0000: 10.626: Total time for which application threads were stopped: 0.0000884 seconds, Stopping threads took: 0.0000308 seconds
2016-02-29T14:30:53.696+0000: 10.629: Total time for which application threads were stopped: 0.0001287 seconds, Stopping threads took: 0.0000482 seconds
2016-02-29T14:30:53.696+0000: 10.629: Total time for which application threads were stopped: 0.0000766 seconds, Stopping threads took: 0.0000261 seconds
2016-02-29T14:30:53.696+0000: 10.634: Total time for which application threads were stopped: 0.0001161 seconds, Stopping threads took: 0.0000474 seconds
2016-02-29T14:30:53.696+0000: 10.634: Total time for which application threads were stopped: 0.0000719 seconds, Stopping threads took: 0.0000261 seconds
2016-02-29T14:30:53.696+0000: 10.634: Total time for which application threads were stopped: 0.0000829 seconds, Stopping threads took: 0.0000324 seconds
2016-02-29T14:30:53.696+0000: 10.635: Total time for which application threads were stopped: 0.0000711 seconds, Stopping threads took: 0.0000253 seconds
2016-02-29T14:30:53.706+0000: 10.636: Total time for which application threads were stopped: 0.0003498 seconds, Stopping threads took: 0.0000363 seconds
2016-02-29T14:30:53.744+0000: 10.674: Total time for which application threads were stopped: 0.0001374 seconds, Stopping threads took: 0.0000411 seconds
2016-02-29T14:30:53.753+0000: 10.684: Total time for which application threads were stopped: 0.0001153 seconds, Stopping threads took: 0.0000340 seconds
2016-02-29T14:30:53.753+0000: 10.684: Total time for which application threads were stopped: 0.0000821 seconds, Stopping threads took: 0.0000213 seconds
2016-02-29T14:30:53.754+0000: 10.685: Total time for which application threads were stopped: 0.0005006 seconds, Stopping threads took: 0.0000205 seconds
2016-02-29T14:30:53.758+0000: 10.696: Total time for which application threads were stopped: 0.0004414 seconds, Stopping threads took: 0.0000387 seconds
2016-02-29T14:30:53.778+0000: 10.714: Total time for which application threads were stopped: 0.0001287 seconds, Stopping threads took: 0.0000371 seconds
2016-02-29T14:30:53.788+0000: 10.723: Total time for which application threads were stopped: 0.0001508 seconds, Stopping threads took: 0.0000671 seconds
2016-02-29T14:30:53.818+0000: 10.752: Total time for which application threads were stopped: 0.0001461 seconds, Stopping threads took: 0.0000561 seconds
{Heap before GC invocations=4 (full 1):
 par new generation   total 109248K, used 93322K [0x00000000e0000000, 0x00000000e8000000, 0x00000000e8000000)
  eden space 87424K, 100% used [0x00000000e0000000, 0x00000000e5560000, 0x00000000e5560000)
  from space 21824K,  27% used [0x00000000e5560000, 0x00000000e5b22830, 0x00000000e6ab0000)
  to   space 21824K,   0% used [0x00000000e6ab0000, 0x00000000e6ab0000, 0x00000000e8000000)
 concurrent mark-sweep generation total 393216K, used 0K [0x00000000e8000000, 0x0000000100000000, 0x0000000100000000)
 Metaspace       used 27037K, capacity 27368K, committed 27772K, reserved 1073152K
  class space    used 3248K, capacity 3370K, committed 3456K, reserved 1048576K
2016-02-29T14:30:54.180+0000: 11.118: [GC (Allocation Failure) 2016-02-29T14:30:54.180+0000: 11.118: [ParNew
Desired survivor size 20112992 bytes, new threshold 8 (max 8)
- age   1:    6152912 bytes,    6152912 total
- age   3:     253072 bytes,    6405984 total
- age   4:    2296168 bytes,    8702152 total
- age   5:    2548848 bytes,   11251000 total
: 93322K->12533K(109248K), 0.0346903 secs] 93322K->12533K(502464K), 0.0348348 secs] [Times: user=0.09 sys=0.00, real=0.04 secs] 
Heap after GC invocations=5 (full 1):
 par new generation   total 109248K, used 12533K [0x00000000e0000000, 0x00000000e8000000, 0x00000000e8000000)
  eden space 87424K,   0% used [0x00000000e0000000, 0x00000000e0000000, 0x00000000e5560000)
  from space 21824K,  57% used [0x00000000e6ab0000, 0x00000000e76ed5c0, 0x00000000e8000000)
  to   space 21824K,   0% used [0x00000000e5560000, 0x00000000e5560000, 0x00000000e6ab0000)
 concurrent mark-sweep generation total 393216K, used 0K [0x00000000e8000000, 0x0000000100000000, 0x0000000100000000)
 Metaspace       used 27037K, capacity 27368K, committed 27772K, reserved 1073152K
  class space    used 3248K, capacity 3370K, committed 3456K, reserved 1048576K
}
2016-02-29T14:30:54.220+0000: 11.153: Total time for which application threads were stopped: 0.0352367 seconds, Stopping threads took: 0.0000419 seconds
2016-02-29T14:30:54.247+0000: 11.178: Total time for which application threads were stopped: 0.0001350 seconds, Stopping threads took: 0.0000537 seconds
2016-02-29T14:30:54.311+0000: 11.242: Total time for which application threads were stopped: 0.0001374 seconds, Stopping threads took: 0.0000466 seconds
2016-02-29T14:30:54.312+0000: 11.243: Total time for which application threads were stopped: 0.0001145 seconds, Stopping threads took: 0.0000324 seconds
2016-02-29T14:33:21.648+0000: 158.583: Total time for which application threads were stopped: 0.0001563 seconds, Stopping threads took: 0.0000545 seconds
2016-02-29T14:34:44.782+0000: 241.716: Total time for which application threads were stopped: 0.0001879 seconds, Stopping threads took: 0.0000790 seconds
2016-02-29T14:44:39.066+0000: 836.020: Total time for which application threads were stopped: 0.0002250 seconds, Stopping threads took: 0.0001105 seconds
2016-02-29T14:44:39.068+0000: 836.021: Total time for which application threads were stopped: 0.0001358 seconds, Stopping threads took: 0.0000513 seconds
2016-02-29T14:44:39.068+0000: 836.021: Total time for which application threads were stopped: 0.0000971 seconds, Stopping threads took: 0.0000347 seconds
2016-02-29T14:44:39.071+0000: 836.024: Total time for which application threads were stopped: 0.0001532 seconds, Stopping threads took: 0.0000387 seconds
2016-02-29T14:44:39.073+0000: 836.026: Total time for which application threads were stopped: 0.0001216 seconds, Stopping threads took: 0.0000419 seconds
2016-02-29T14:44:39.075+0000: 836.029: Total time for which application threads were stopped: 0.0001161 seconds, Stopping threads took: 0.0000450 seconds
2016-02-29T14:44:39.077+0000: 836.030: Total time for which application threads were stopped: 0.0001145 seconds, Stopping threads took: 0.0000434 seconds
2016-02-29T14:44:39.077+0000: 836.031: Total time for which application threads were stopped: 0.0000750 seconds, Stopping threads took: 0.0000245 seconds
2016-02-29T14:44:39.077+0000: 836.031: Total time for which application threads were stopped: 0.0000790 seconds, Stopping threads took: 0.0000276 seconds
2016-02-29T14:44:39.077+0000: 836.031: Total time for which application threads were stopped: 0.0000948 seconds, Stopping threads took: 0.0000268 seconds
2016-02-29T14:44:39.078+0000: 836.031: Total time for which application threads were stopped: 0.0000782 seconds, Stopping threads took: 0.0000268 seconds
2016-02-29T14:44:39.078+0000: 836.031: Total time for which application threads were stopped: 0.0000790 seconds, Stopping threads took: 0.0000276 seconds
2016-02-29T14:44:39.081+0000: 836.034: Total time for which application threads were stopped: 0.0001808 seconds, Stopping threads took: 0.0000466 seconds
2016-02-29T14:44:39.081+0000: 836.034: Total time for which application threads were stopped: 0.0000821 seconds, Stopping threads took: 0.0000300 seconds
2016-02-29T14:44:39.081+0000: 836.036: Total time for which application threads were stopped: 0.0001042 seconds, Stopping threads took: 0.0000387 seconds
2016-02-29T14:44:39.081+0000: 836.036: Total time for which application threads were stopped: 0.0000790 seconds, Stopping threads took: 0.0000268 seconds
2016-02-29T14:44:39.081+0000: 836.036: Total time for which application threads were stopped: 0.0001263 seconds, Stopping threads took: 0.0000276 seconds
2016-02-29T14:44:39.081+0000: 836.036: Total time for which application threads were stopped: 0.0000798 seconds, Stopping threads took: 0.0000284 seconds
2016-02-29T14:44:39.081+0000: 836.042: Total time for which application threads were stopped: 0.0001350 seconds, Stopping threads took: 0.0000513 seconds
2016-02-29T14:44:39.081+0000: 836.043: Total time for which application threads were stopped: 0.0000861 seconds, Stopping threads took: 0.0000324 seconds
2016-02-29T14:44:39.081+0000: 836.043: Total time for which application threads were stopped: 0.0000782 seconds, Stopping threads took: 0.0000276 seconds
2016-02-29T14:44:39.081+0000: 836.043: Total time for which application threads were stopped: 0.0000758 seconds, Stopping threads took: 0.0000261 seconds
2016-02-29T14:44:39.081+0000: 836.043: Total time for which application threads were stopped: 0.0000774 seconds, Stopping threads took: 0.0000268 seconds
2016-02-29T14:44:39.081+0000: 836.044: Total time for which application threads were stopped: 0.0000884 seconds, Stopping threads took: 0.0000324 seconds
2016-02-29T14:44:39.081+0000: 836.044: Total time for which application threads were stopped: 0.0000750 seconds, Stopping threads took: 0.0000261 seconds
2016-02-29T14:44:39.081+0000: 836.044: Total time for which application threads were stopped: 0.0001382 seconds, Stopping threads took: 0.0000261 seconds
2016-02-29T14:44:39.091+0000: 836.044: Total time for which application threads were stopped: 0.0000758 seconds, Stopping threads took: 0.0000268 seconds
2016-02-29T14:44:39.091+0000: 836.044: Total time for which application threads were stopped: 0.0000742 seconds, Stopping threads took: 0.0000261 seconds
2016-02-29T14:44:39.091+0000: 836.044: Total time for which application threads were stopped: 0.0000734 seconds, Stopping threads took: 0.0000261 seconds
2016-02-29T14:44:39.091+0000: 836.044: Total time for which application threads were stopped: 0.0000734 seconds, Stopping threads took: 0.0000261 seconds
2016-02-29T14:44:39.091+0000: 836.045: Total time for which application threads were stopped: 0.0000734 seconds, Stopping threads took: 0.0000261 seconds
2016-02-29T14:44:39.091+0000: 836.045: Total time for which application threads were stopped: 0.0000726 seconds, Stopping threads took: 0.0000261 seconds
2016-02-29T14:44:39.091+0000: 836.045: Total time for which application threads were stopped: 0.0000734 seconds, Stopping threads took: 0.0000261 seconds
2016-02-29T14:44:39.091+0000: 836.045: Total time for which application threads were stopped: 0.0000726 seconds, Stopping threads took: 0.0000253 seconds
2016-02-29T14:44:39.091+0000: 836.045: Total time for which application threads were stopped: 0.0000726 seconds, Stopping threads took: 0.0000253 seconds
2016-02-29T14:44:39.091+0000: 836.045: Total time for which application threads were stopped: 0.0000726 seconds, Stopping threads took: 0.0000261 seconds
2016-02-29T14:44:39.091+0000: 836.045: Total time for which application threads were stopped: 0.0000726 seconds, Stopping threads took: 0.0000261 seconds
2016-02-29T14:44:39.091+0000: 836.045: Total time for which application threads were stopped: 0.0000726 seconds, Stopping threads took: 0.0000253 seconds
2016-02-29T14:44:39.091+0000: 836.045: Total time for which application threads were stopped: 0.0000734 seconds, Stopping threads took: 0.0000261 seconds
2016-02-29T14:44:39.091+0000: 836.046: Total time for which application threads were stopped: 0.0000734 seconds, Stopping threads took: 0.0000261 seconds
2016-02-29T14:44:39.091+0000: 836.046: Total time for which application threads were stopped: 0.0000742 seconds, Stopping threads took: 0.0000261 seconds
2016-02-29T14:44:39.091+0000: 836.046: Total time for which application threads were stopped: 0.0000734 seconds, Stopping threads took: 0.0000261 seconds
2016-02-29T14:44:39.091+0000: 836.046: Total time for which application threads were stopped: 0.0002424 seconds, Stopping threads took: 0.0000261 seconds
2016-02-29T14:44:39.091+0000: 836.046: Total time for which application threads were stopped: 0.0000805 seconds, Stopping threads took: 0.0000292 seconds
2016-02-29T14:44:39.091+0000: 836.049: Total time for which application threads were stopped: 0.0001603 seconds, Stopping threads took: 0.0000426 seconds
2016-02-29T14:44:39.091+0000: 836.049: Total time for which application threads were stopped: 0.0000837 seconds, Stopping threads took: 0.0000316 seconds
2016-02-29T14:44:39.091+0000: 836.050: Total time for which application threads were stopped: 0.0000940 seconds, Stopping threads took: 0.0000379 seconds
2016-02-29T14:44:39.091+0000: 836.052: Total time for which application threads were stopped: 0.0001153 seconds, Stopping threads took: 0.0000458 seconds
2016-02-29T14:44:39.101+0000: 836.060: Total time for which application threads were stopped: 0.0000979 seconds, Stopping threads took: 0.0000332 seconds
2016-02-29T14:44:39.111+0000: 836.067: Total time for which application threads were stopped: 0.0000995 seconds, Stopping threads took: 0.0000426 seconds
2016-02-29T14:44:39.111+0000: 836.068: Total time for which application threads were stopped: 0.0000600 seconds, Stopping threads took: 0.0000261 seconds
2016-02-29T14:44:39.111+0000: 836.068: Total time for which application threads were stopped: 0.0000584 seconds, Stopping threads took: 0.0000261 seconds
2016-02-29T14:44:39.111+0000: 836.068: Total time for which application threads were stopped: 0.0000663 seconds, Stopping threads took: 0.0000308 seconds
2016-02-29T14:44:39.111+0000: 836.068: Total time for which application threads were stopped: 0.0000608 seconds, Stopping threads took: 0.0000284 seconds
Heap
 par new generation   total 109248K, used 31815K [0x00000000e0000000, 0x00000000e8000000, 0x00000000e8000000)
  eden space 87424K,  22% used [0x00000000e0000000, 0x00000000e12d48d8, 0x00000000e5560000)
  from space 21824K,  57% used [0x00000000e6ab0000, 0x00000000e76ed5c0, 0x00000000e8000000)
  to   space 21824K,   0% used [0x00000000e5560000, 0x00000000e5560000, 0x00000000e6ab0000)
 concurrent mark-sweep generation total 393216K, used 0K [0x00000000e8000000, 0x0000000100000000, 0x0000000100000000)
 Metaspace       used 27179K, capacity 27528K, committed 27772K, reserved 1073152K
  class space    used 3267K, capacity 3402K, committed 3456K, reserved 1048576K
