Java HotSpot(TM) 64-Bit Server VM (25.73-b02) for windows-amd64 JRE (1.8.0_73-b02), built on Jan 29 2016 17:38:49 by "java_re" with MS VC++ 10.0 (VS2010)
Memory: 4k page, physical 8269212k(2836896k free), swap 13595636k(5946256k free)
CommandLine flags: -XX:CMSInitiatingOccupancyFraction=50 -XX:CMSMaxAbortablePrecleanTime=6000 -XX:+CMSParallelRemarkEnabled -XX:+CMSScavengeBeforeRemark -XX:ConcGCThreads=4 -XX:InitialHeapSize=536870912 -XX:MaxHeapSize=536870912 -XX:MaxTenuringThreshold=8 -XX:NewRatio=3 -XX:OldPLABSize=16 -XX:ParallelGCThreads=4 -XX:+ParallelRefProcEnabled -XX:PretenureSizeThreshold=67108864 -XX:+PrintGC -XX:+PrintGCApplicationStoppedTime -XX:+PrintGCDateStamps -XX:+PrintGCDetails -XX:+PrintGCTimeStamps -XX:+PrintHeapAtGC -XX:+PrintTenuringDistribution -XX:SurvivorRatio=4 -XX:TargetSurvivorRatio=90 -XX:ThreadStackSize=256 -XX:+UseCMSInitiatingOccupancyOnly -XX:+UseCompressedClassPointers -XX:+UseCompressedOops -XX:+UseConcMarkSweepGC -XX:-UseLargePagesIndividualAllocation -XX:+UseParNewGC 
2016-07-14T14:35:58.011+0100: 1.051: Total time for which application threads were stopped: 0.0001165 seconds, Stopping threads took: 0.0000213 seconds
2016-07-14T14:35:58.835+0100: 1.876: Total time for which application threads were stopped: 0.0001662 seconds, Stopping threads took: 0.0000264 seconds
2016-07-14T14:35:59.073+0100: 2.114: Total time for which application threads were stopped: 0.0001733 seconds, Stopping threads took: 0.0000221 seconds
2016-07-14T14:35:59.219+0100: 2.259: Total time for which application threads were stopped: 0.0002226 seconds, Stopping threads took: 0.0000336 seconds
2016-07-14T14:35:59.234+0100: 2.275: Total time for which application threads were stopped: 0.0001871 seconds, Stopping threads took: 0.0000284 seconds
{Heap before GC invocations=0 (full 0):
 par new generation   total 109248K, used 87424K [0x00000000e0000000, 0x00000000e8000000, 0x00000000e8000000)
  eden space 87424K, 100% used [0x00000000e0000000, 0x00000000e5560000, 0x00000000e5560000)
  from space 21824K,   0% used [0x00000000e5560000, 0x00000000e5560000, 0x00000000e6ab0000)
  to   space 21824K,   0% used [0x00000000e6ab0000, 0x00000000e6ab0000, 0x00000000e8000000)
 concurrent mark-sweep generation total 393216K, used 0K [0x00000000e8000000, 0x0000000100000000, 0x0000000100000000)
 Metaspace       used 10139K, capacity 10268K, committed 10496K, reserved 1058816K
  class space    used 1165K, capacity 1208K, committed 1280K, reserved 1048576K
2016-07-14T14:36:00.206+0100: 3.246: [GC (Allocation Failure) 2016-07-14T14:36:00.206+0100: 3.246: [ParNew
Desired survivor size 20112992 bytes, new threshold 8 (max 8)
- age   1:    5824136 bytes,    5824136 total
: 87424K->5755K(109248K), 0.0057054 secs] 87424K->5755K(502464K), 0.0059001 secs] [Times: user=0.00 sys=0.00, real=0.00 secs] 
Heap after GC invocations=1 (full 0):
 par new generation   total 109248K, used 5755K [0x00000000e0000000, 0x00000000e8000000, 0x00000000e8000000)
  eden space 87424K,   0% used [0x00000000e0000000, 0x00000000e0000000, 0x00000000e5560000)
  from space 21824K,  26% used [0x00000000e6ab0000, 0x00000000e704ed98, 0x00000000e8000000)
  to   space 21824K,   0% used [0x00000000e5560000, 0x00000000e5560000, 0x00000000e6ab0000)
 concurrent mark-sweep generation total 393216K, used 0K [0x00000000e8000000, 0x0000000100000000, 0x0000000100000000)
 Metaspace       used 10139K, capacity 10268K, committed 10496K, reserved 1058816K
  class space    used 1165K, capacity 1208K, committed 1280K, reserved 1048576K
}
2016-07-14T14:36:00.211+0100: 3.252: Total time for which application threads were stopped: 0.0061401 seconds, Stopping threads took: 0.0000264 seconds
2016-07-14T14:36:00.656+0100: 3.697: Total time for which application threads were stopped: 0.0002167 seconds, Stopping threads took: 0.0000276 seconds
2016-07-14T14:36:00.743+0100: 3.784: Total time for which application threads were stopped: 0.0018660 seconds, Stopping threads took: 0.0016493 seconds
2016-07-14T14:36:01.117+0100: 4.158: Total time for which application threads were stopped: 0.0005637 seconds, Stopping threads took: 0.0003024 seconds
2016-07-14T14:36:01.122+0100: 4.163: Total time for which application threads were stopped: 0.0002258 seconds, Stopping threads took: 0.0000213 seconds
2016-07-14T14:36:01.129+0100: 4.169: Total time for which application threads were stopped: 0.0002515 seconds, Stopping threads took: 0.0000280 seconds
2016-07-14T14:36:01.133+0100: 4.174: Total time for which application threads were stopped: 0.0002353 seconds, Stopping threads took: 0.0000284 seconds
2016-07-14T14:36:02.133+0100: 5.174: Total time for which application threads were stopped: 0.0001311 seconds, Stopping threads took: 0.0000257 seconds
2016-07-14T14:36:04.655+0100: 7.696: Total time for which application threads were stopped: 0.0001232 seconds, Stopping threads took: 0.0000347 seconds
2016-07-14T14:36:04.656+0100: 7.697: Total time for which application threads were stopped: 0.0001595 seconds, Stopping threads took: 0.0000932 seconds
2016-07-14T14:36:04.662+0100: 7.703: Total time for which application threads were stopped: 0.0005649 seconds, Stopping threads took: 0.0003253 seconds
2016-07-14T14:36:04.706+0100: 7.747: Total time for which application threads were stopped: 0.0001307 seconds, Stopping threads took: 0.0000336 seconds
2016-07-14T14:36:04.706+0100: 7.747: Total time for which application threads were stopped: 0.0000636 seconds, Stopping threads took: 0.0000233 seconds
2016-07-14T14:36:04.747+0100: 7.788: Total time for which application threads were stopped: 0.0000758 seconds, Stopping threads took: 0.0000328 seconds
2016-07-14T14:36:04.747+0100: 7.788: Total time for which application threads were stopped: 0.0000529 seconds, Stopping threads took: 0.0000205 seconds
2016-07-14T14:36:05.747+0100: 8.788: Total time for which application threads were stopped: 0.0001062 seconds, Stopping threads took: 0.0000430 seconds
{Heap before GC invocations=1 (full 0):
 par new generation   total 109248K, used 93179K [0x00000000e0000000, 0x00000000e8000000, 0x00000000e8000000)
  eden space 87424K, 100% used [0x00000000e0000000, 0x00000000e5560000, 0x00000000e5560000)
  from space 21824K,  26% used [0x00000000e6ab0000, 0x00000000e704ed98, 0x00000000e8000000)
  to   space 21824K,   0% used [0x00000000e5560000, 0x00000000e5560000, 0x00000000e6ab0000)
 concurrent mark-sweep generation total 393216K, used 0K [0x00000000e8000000, 0x0000000100000000, 0x0000000100000000)
 Metaspace       used 19414K, capacity 19798K, committed 20096K, reserved 1067008K
  class space    used 2307K, capacity 2422K, committed 2432K, reserved 1048576K
2016-07-14T14:36:05.779+0100: 8.820: [GC (Allocation Failure) 2016-07-14T14:36:05.779+0100: 8.820: [ParNew
Desired survivor size 20112992 bytes, new threshold 8 (max 8)
- age   1:    8035184 bytes,    8035184 total
- age   2:    2609936 bytes,   10645120 total
: 93179K->12441K(109248K), 0.0092429 secs] 93179K->12441K(502464K), 0.0093964 secs] [Times: user=0.00 sys=0.00, real=0.01 secs] 
Heap after GC invocations=2 (full 0):
 par new generation   total 109248K, used 12441K [0x00000000e0000000, 0x00000000e8000000, 0x00000000e8000000)
  eden space 87424K,   0% used [0x00000000e0000000, 0x00000000e0000000, 0x00000000e5560000)
  from space 21824K,  57% used [0x00000000e5560000, 0x00000000e6186670, 0x00000000e6ab0000)
  to   space 21824K,   0% used [0x00000000e6ab0000, 0x00000000e6ab0000, 0x00000000e8000000)
 concurrent mark-sweep generation total 393216K, used 0K [0x00000000e8000000, 0x0000000100000000, 0x0000000100000000)
 Metaspace       used 19414K, capacity 19798K, committed 20096K, reserved 1067008K
  class space    used 2307K, capacity 2422K, committed 2432K, reserved 1048576K
}
2016-07-14T14:36:05.789+0100: 8.829: Total time for which application threads were stopped: 0.0096286 seconds, Stopping threads took: 0.0000316 seconds
2016-07-14T14:36:05.789+0100: 8.830: Total time for which application threads were stopped: 0.0001026 seconds, Stopping threads took: 0.0000418 seconds
2016-07-14T14:36:05.791+0100: 8.831: Total time for which application threads were stopped: 0.0000841 seconds, Stopping threads took: 0.0000304 seconds
2016-07-14T14:36:05.791+0100: 8.831: Total time for which application threads were stopped: 0.0000604 seconds, Stopping threads took: 0.0000249 seconds
2016-07-14T14:36:05.804+0100: 8.845: Total time for which application threads were stopped: 0.0001255 seconds, Stopping threads took: 0.0000466 seconds
2016-07-14T14:36:05.804+0100: 8.845: Total time for which application threads were stopped: 0.0000671 seconds, Stopping threads took: 0.0000205 seconds
2016-07-14T14:36:05.804+0100: 8.845: Total time for which application threads were stopped: 0.0000411 seconds, Stopping threads took: 0.0000138 seconds
2016-07-14T14:36:05.833+0100: 8.874: Total time for which application threads were stopped: 0.0003359 seconds, Stopping threads took: 0.0000284 seconds
2016-07-14T14:36:05.873+0100: 8.914: Total time for which application threads were stopped: 0.0003348 seconds, Stopping threads took: 0.0000280 seconds
2016-07-14T14:36:05.893+0100: 8.934: Total time for which application threads were stopped: 0.0000943 seconds, Stopping threads took: 0.0000336 seconds
2016-07-14T14:36:06.003+0100: 9.044: Total time for which application threads were stopped: 0.0001121 seconds, Stopping threads took: 0.0000237 seconds
2016-07-14T14:36:06.003+0100: 9.044: Total time for which application threads were stopped: 0.0000363 seconds, Stopping threads took: 0.0000099 seconds
2016-07-14T14:36:06.003+0100: 9.044: Total time for which application threads were stopped: 0.0000339 seconds, Stopping threads took: 0.0000091 seconds
2016-07-14T14:36:06.003+0100: 9.044: Total time for which application threads were stopped: 0.0000336 seconds, Stopping threads took: 0.0000087 seconds
2016-07-14T14:36:06.003+0100: 9.044: Total time for which application threads were stopped: 0.0000359 seconds, Stopping threads took: 0.0000095 seconds
2016-07-14T14:36:06.003+0100: 9.044: Total time for which application threads were stopped: 0.0000328 seconds, Stopping threads took: 0.0000091 seconds
2016-07-14T14:36:06.003+0100: 9.044: Total time for which application threads were stopped: 0.0000312 seconds, Stopping threads took: 0.0000091 seconds
2016-07-14T14:36:06.003+0100: 9.044: Total time for which application threads were stopped: 0.0000328 seconds, Stopping threads took: 0.0000111 seconds
2016-07-14T14:36:06.003+0100: 9.044: Total time for which application threads were stopped: 0.0000217 seconds, Stopping threads took: 0.0000071 seconds
2016-07-14T14:36:06.003+0100: 9.044: Total time for which application threads were stopped: 0.0000201 seconds, Stopping threads took: 0.0000063 seconds
2016-07-14T14:36:06.003+0100: 9.044: Total time for which application threads were stopped: 0.0000197 seconds, Stopping threads took: 0.0000063 seconds
2016-07-14T14:36:06.003+0100: 9.044: Total time for which application threads were stopped: 0.0000197 seconds, Stopping threads took: 0.0000063 seconds
2016-07-14T14:36:06.003+0100: 9.044: Total time for which application threads were stopped: 0.0000193 seconds, Stopping threads took: 0.0000063 seconds
2016-07-14T14:36:06.003+0100: 9.044: Total time for which application threads were stopped: 0.0000209 seconds, Stopping threads took: 0.0000067 seconds
2016-07-14T14:36:06.003+0100: 9.044: Total time for which application threads were stopped: 0.0000193 seconds, Stopping threads took: 0.0000059 seconds
2016-07-14T14:36:06.003+0100: 9.044: Total time for which application threads were stopped: 0.0000193 seconds, Stopping threads took: 0.0000059 seconds
2016-07-14T14:36:06.003+0100: 9.044: Total time for which application threads were stopped: 0.0000790 seconds, Stopping threads took: 0.0000063 seconds
2016-07-14T14:36:06.006+0100: 9.047: Total time for which application threads were stopped: 0.0000525 seconds, Stopping threads took: 0.0000229 seconds
2016-07-14T14:36:06.006+0100: 9.047: Total time for which application threads were stopped: 0.0000288 seconds, Stopping threads took: 0.0000111 seconds
2016-07-14T14:36:06.006+0100: 9.047: Total time for which application threads were stopped: 0.0000225 seconds, Stopping threads took: 0.0000075 seconds
2016-07-14T14:36:06.013+0100: 9.054: Total time for which application threads were stopped: 0.0002132 seconds, Stopping threads took: 0.0000174 seconds
2016-07-14T14:36:06.014+0100: 9.055: Total time for which application threads were stopped: 0.0000501 seconds, Stopping threads took: 0.0000114 seconds
2016-07-14T14:36:06.030+0100: 9.071: Total time for which application threads were stopped: 0.0000742 seconds, Stopping threads took: 0.0000245 seconds
2016-07-14T14:36:06.031+0100: 9.072: Total time for which application threads were stopped: 0.0000454 seconds, Stopping threads took: 0.0000134 seconds
2016-07-14T14:36:06.050+0100: 9.092: Total time for which application threads were stopped: 0.0000876 seconds, Stopping threads took: 0.0000225 seconds
2016-07-14T14:36:06.077+0100: 9.119: Total time for which application threads were stopped: 0.0000774 seconds, Stopping threads took: 0.0000237 seconds
2016-07-14T14:36:06.092+0100: 9.132: Total time for which application threads were stopped: 0.0000643 seconds, Stopping threads took: 0.0000182 seconds
2016-07-14T14:36:06.131+0100: 9.172: Total time for which application threads were stopped: 0.0000837 seconds, Stopping threads took: 0.0000225 seconds
2016-07-14T14:36:06.438+0100: 9.478: Total time for which application threads were stopped: 0.0462159 seconds, Stopping threads took: 0.0461275 seconds
2016-07-14T14:36:06.438+0100: 9.479: Total time for which application threads were stopped: 0.0001125 seconds, Stopping threads took: 0.0000355 seconds
2016-07-14T14:36:06.439+0100: 9.480: Total time for which application threads were stopped: 0.0003225 seconds, Stopping threads took: 0.0002384 seconds
2016-07-14T14:36:06.498+0100: 9.538: Total time for which application threads were stopped: 0.0000880 seconds, Stopping threads took: 0.0000292 seconds
2016-07-14T14:36:06.566+0100: 9.607: Total time for which application threads were stopped: 0.0000900 seconds, Stopping threads took: 0.0000316 seconds
2016-07-14T14:36:06.710+0100: 9.751: Total time for which application threads were stopped: 0.0001026 seconds, Stopping threads took: 0.0000324 seconds
2016-07-14T14:36:06.865+0100: 9.905: Total time for which application threads were stopped: 0.0001022 seconds, Stopping threads took: 0.0000332 seconds
2016-07-14T14:36:06.928+0100: 9.969: Total time for which application threads were stopped: 0.0000892 seconds, Stopping threads took: 0.0000312 seconds
2016-07-14T14:36:06.929+0100: 9.970: Total time for which application threads were stopped: 0.0000849 seconds, Stopping threads took: 0.0000324 seconds
2016-07-14T14:36:07.039+0100: 10.080: Total time for which application threads were stopped: 0.0579928 seconds, Stopping threads took: 0.0579186 seconds
2016-07-14T14:36:07.040+0100: 10.080: Total time for which application threads were stopped: 0.0000955 seconds, Stopping threads took: 0.0000241 seconds
2016-07-14T14:36:07.073+0100: 10.114: Total time for which application threads were stopped: 0.0001216 seconds, Stopping threads took: 0.0000245 seconds
2016-07-14T14:36:07.114+0100: 10.155: Total time for which application threads were stopped: 0.0001058 seconds, Stopping threads took: 0.0000407 seconds
2016-07-14T14:36:07.120+0100: 10.160: Total time for which application threads were stopped: 0.0000813 seconds, Stopping threads took: 0.0000316 seconds
2016-07-14T14:36:07.788+0100: 10.829: [GC (CMS Initial Mark) [1 CMS-initial-mark: 0K(393216K)] 86711K(502464K), 0.0100498 secs] [Times: user=0.06 sys=0.00, real=0.01 secs] 
2016-07-14T14:36:07.798+0100: 10.839: Total time for which application threads were stopped: 0.0101832 seconds, Stopping threads took: 0.0000261 seconds
2016-07-14T14:36:07.798+0100: 10.839: [CMS-concurrent-mark-start]
2016-07-14T14:36:07.798+0100: 10.839: [CMS-concurrent-mark: 0.000/0.000 secs] [Times: user=0.00 sys=0.00, real=0.00 secs] 
2016-07-14T14:36:07.798+0100: 10.839: [CMS-concurrent-preclean-start]
2016-07-14T14:36:07.800+0100: 10.840: [CMS-concurrent-preclean: 0.001/0.001 secs] [Times: user=0.00 sys=0.00, real=0.00 secs] 
2016-07-14T14:36:07.800+0100: 10.840: [CMS-concurrent-abortable-preclean-start]
2016-07-14T14:36:09.107+0100: 12.148: Total time for which application threads were stopped: 0.0000770 seconds, Stopping threads took: 0.0000245 seconds
2016-07-14T14:36:09.108+0100: 12.148: Total time for which application threads were stopped: 0.0000553 seconds, Stopping threads took: 0.0000150 seconds
2016-07-14T14:36:09.112+0100: 12.153: Total time for which application threads were stopped: 0.0000730 seconds, Stopping threads took: 0.0000229 seconds
2016-07-14T14:36:09.134+0100: 12.175: Total time for which application threads were stopped: 0.0123121 seconds, Stopping threads took: 0.0122395 seconds
2016-07-14T14:36:09.164+0100: 12.205: Total time for which application threads were stopped: 0.0000770 seconds, Stopping threads took: 0.0000241 seconds
2016-07-14T14:36:09.176+0100: 12.217: Total time for which application threads were stopped: 0.0001070 seconds, Stopping threads took: 0.0000257 seconds
2016-07-14T14:36:09.185+0100: 12.226: Total time for which application threads were stopped: 0.0000872 seconds, Stopping threads took: 0.0000237 seconds
2016-07-14T14:36:11.336+0100: 14.376: Total time for which application threads were stopped: 0.0000888 seconds, Stopping threads took: 0.0000284 seconds
2016-07-14T14:36:11.336+0100: 14.377: Total time for which application threads were stopped: 0.0000553 seconds, Stopping threads took: 0.0000142 seconds
2016-07-14T14:36:11.336+0100: 14.377: Total time for which application threads were stopped: 0.0000395 seconds, Stopping threads took: 0.0000075 seconds
 CMS: abort preclean due to time 2016-07-14T14:36:13.896+0100: 16.937: [CMS-concurrent-abortable-preclean: 1.889/6.096 secs] [Times: user=2.00 sys=0.22, real=6.10 secs] 
2016-07-14T14:36:13.896+0100: 16.937: [GC (CMS Final Remark) [YG occupancy: 95104 K (109248 K)]{Heap before GC invocations=2 (full 1):
 par new generation   total 109248K, used 95104K [0x00000000e0000000, 0x00000000e8000000, 0x00000000e8000000)
  eden space 87424K,  94% used [0x00000000e0000000, 0x00000000e50b9d60, 0x00000000e5560000)
  from space 21824K,  57% used [0x00000000e5560000, 0x00000000e6186670, 0x00000000e6ab0000)
  to   space 21824K,   0% used [0x00000000e6ab0000, 0x00000000e6ab0000, 0x00000000e8000000)
 concurrent mark-sweep generation total 393216K, used 0K [0x00000000e8000000, 0x0000000100000000, 0x0000000100000000)
 Metaspace       used 25481K, capacity 25830K, committed 26276K, reserved 1073152K
  class space    used 3097K, capacity 3200K, committed 3300K, reserved 1048576K
2016-07-14T14:36:13.896+0100: 16.937: [GC (CMS Final Remark) 2016-07-14T14:36:13.896+0100: 16.937: [ParNew
Desired survivor size 20112992 bytes, new threshold 8 (max 8)
- age   1:    5991592 bytes,    5991592 total
- age   2:    2559656 bytes,    8551248 total
- age   3:    2586488 bytes,   11137736 total
: 95104K->15319K(109248K), 0.0083776 secs] 95104K->15319K(502464K), 0.0084585 secs] [Times: user=0.06 sys=0.00, real=0.01 secs] 
Heap after GC invocations=3 (full 1):
 par new generation   total 109248K, used 15319K [0x00000000e0000000, 0x00000000e8000000, 0x00000000e8000000)
  eden space 87424K,   0% used [0x00000000e0000000, 0x00000000e0000000, 0x00000000e5560000)
  from space 21824K,  70% used [0x00000000e6ab0000, 0x00000000e79a5c08, 0x00000000e8000000)
  to   space 21824K,   0% used [0x00000000e5560000, 0x00000000e5560000, 0x00000000e6ab0000)
 concurrent mark-sweep generation total 393216K, used 0K [0x00000000e8000000, 0x0000000100000000, 0x0000000100000000)
 Metaspace       used 25481K, capacity 25830K, committed 26276K, reserved 1073152K
  class space    used 3097K, capacity 3200K, committed 3300K, reserved 1048576K
}
2016-07-14T14:36:13.905+0100: 16.945: [Rescan (parallel) , 0.0028999 secs]2016-07-14T14:36:13.908+0100: 16.948: [weak refs processing, 0.0002775 secs]2016-07-14T14:36:13.908+0100: 16.949: [class unloading, 0.0040210 secs]2016-07-14T14:36:13.912+0100: 16.953: [scrub symbol table, 0.0067444 secs]2016-07-14T14:36:13.919+0100: 16.959: [scrub string table, 0.0006032 secs][1 CMS-remark: 0K(393216K)] 15319K(502464K), 0.0241387 secs] [Times: user=0.08 sys=0.00, real=0.02 secs] 
2016-07-14T14:36:13.920+0100: 16.961: Total time for which application threads were stopped: 0.0242634 seconds, Stopping threads took: 0.0000253 seconds
2016-07-14T14:36:13.920+0100: 16.961: [CMS-concurrent-sweep-start]
2016-07-14T14:36:13.920+0100: 16.961: [CMS-concurrent-sweep: 0.000/0.000 secs] [Times: user=0.00 sys=0.00, real=0.00 secs] 
2016-07-14T14:36:13.920+0100: 16.961: [CMS-concurrent-reset-start]
2016-07-14T14:36:13.922+0100: 16.963: Total time for which application threads were stopped: 0.0000774 seconds, Stopping threads took: 0.0000320 seconds
2016-07-14T14:36:13.923+0100: 16.963: [CMS-concurrent-reset: 0.002/0.002 secs] [Times: user=0.00 sys=0.00, real=0.00 secs] 
2016-07-14T14:38:56.997+0100: 180.037: Total time for which application threads were stopped: 0.0001046 seconds, Stopping threads took: 0.0000351 seconds
2016-07-14T14:39:43.813+0100: 226.854: Total time for which application threads were stopped: 0.0000817 seconds, Stopping threads took: 0.0000189 seconds
2016-07-14T14:39:43.813+0100: 226.854: Total time for which application threads were stopped: 0.0000462 seconds, Stopping threads took: 0.0000150 seconds
2016-07-14T14:39:43.813+0100: 226.854: Total time for which application threads were stopped: 0.0000367 seconds, Stopping threads took: 0.0000091 seconds
2016-07-14T14:39:43.814+0100: 226.855: Total time for which application threads were stopped: 0.0000458 seconds, Stopping threads took: 0.0000201 seconds
2016-07-14T14:39:43.814+0100: 226.855: Total time for which application threads were stopped: 0.0000454 seconds, Stopping threads took: 0.0000209 seconds
2016-07-14T14:39:43.861+0100: 226.902: Total time for which application threads were stopped: 0.0001018 seconds, Stopping threads took: 0.0000268 seconds
2016-07-14T14:39:43.861+0100: 226.902: Total time for which application threads were stopped: 0.0000758 seconds, Stopping threads took: 0.0000257 seconds
2016-07-14T14:39:43.869+0100: 226.910: Total time for which application threads were stopped: 0.0000572 seconds, Stopping threads took: 0.0000166 seconds
2016-07-14T14:39:43.870+0100: 226.911: Total time for which application threads were stopped: 0.0000742 seconds, Stopping threads took: 0.0000276 seconds
2016-07-14T14:39:43.877+0100: 226.918: Total time for which application threads were stopped: 0.0004252 seconds, Stopping threads took: 0.0000162 seconds
2016-07-14T14:39:43.902+0100: 226.943: Total time for which application threads were stopped: 0.0000636 seconds, Stopping threads took: 0.0000249 seconds
2016-07-14T14:39:43.902+0100: 226.943: Total time for which application threads were stopped: 0.0000995 seconds, Stopping threads took: 0.0000186 seconds
2016-07-14T14:39:43.902+0100: 226.943: Total time for which application threads were stopped: 0.0000351 seconds, Stopping threads took: 0.0000170 seconds
2016-07-14T14:39:43.902+0100: 226.943: Total time for which application threads were stopped: 0.0000371 seconds, Stopping threads took: 0.0000189 seconds
2016-07-14T14:39:43.902+0100: 226.943: Total time for which application threads were stopped: 0.0000375 seconds, Stopping threads took: 0.0000193 seconds
2016-07-14T14:39:43.903+0100: 226.944: Total time for which application threads were stopped: 0.0000379 seconds, Stopping threads took: 0.0000197 seconds
2016-07-14T14:40:26.924+0100: 269.964: Total time for which application threads were stopped: 0.0000793 seconds, Stopping threads took: 0.0000241 seconds
2016-07-14T14:40:52.663+0100: 295.703: Total time for which application threads were stopped: 0.0002061 seconds, Stopping threads took: 0.0000561 seconds
2016-07-14T14:40:52.664+0100: 295.704: Total time for which application threads were stopped: 0.0000892 seconds, Stopping threads took: 0.0000268 seconds
2016-07-14T14:40:52.664+0100: 295.705: Total time for which application threads were stopped: 0.0000833 seconds, Stopping threads took: 0.0000225 seconds
2016-07-14T14:40:52.668+0100: 295.708: Total time for which application threads were stopped: 0.0001082 seconds, Stopping threads took: 0.0000304 seconds
2016-07-14T14:40:52.668+0100: 295.709: Total time for which application threads were stopped: 0.0000821 seconds, Stopping threads took: 0.0000221 seconds
2016-07-14T14:40:52.668+0100: 295.709: Total time for which application threads were stopped: 0.0000809 seconds, Stopping threads took: 0.0000221 seconds
2016-07-14T14:40:52.668+0100: 295.709: Total time for which application threads were stopped: 0.0000801 seconds, Stopping threads took: 0.0000221 seconds
2016-07-14T14:40:52.668+0100: 295.709: Total time for which application threads were stopped: 0.0001038 seconds, Stopping threads took: 0.0000221 seconds
2016-07-14T14:40:52.669+0100: 295.709: Total time for which application threads were stopped: 0.0000955 seconds, Stopping threads took: 0.0000261 seconds
2016-07-14T14:40:52.669+0100: 295.709: Total time for which application threads were stopped: 0.0001086 seconds, Stopping threads took: 0.0000280 seconds
2016-07-14T14:40:52.669+0100: 295.710: Total time for which application threads were stopped: 0.0000845 seconds, Stopping threads took: 0.0000237 seconds
2016-07-14T14:40:52.669+0100: 295.710: Total time for which application threads were stopped: 0.0000924 seconds, Stopping threads took: 0.0000229 seconds
2016-07-14T14:40:52.669+0100: 295.710: Total time for which application threads were stopped: 0.0000888 seconds, Stopping threads took: 0.0000229 seconds
2016-07-14T14:40:52.670+0100: 295.710: Total time for which application threads were stopped: 0.0001216 seconds, Stopping threads took: 0.0000422 seconds
2016-07-14T14:40:52.670+0100: 295.710: Total time for which application threads were stopped: 0.0001342 seconds, Stopping threads took: 0.0000261 seconds
2016-07-14T14:40:52.670+0100: 295.711: Total time for which application threads were stopped: 0.0001101 seconds, Stopping threads took: 0.0000363 seconds
2016-07-14T14:40:52.670+0100: 295.711: Total time for which application threads were stopped: 0.0000975 seconds, Stopping threads took: 0.0000241 seconds
2016-07-14T14:40:52.670+0100: 295.711: Total time for which application threads were stopped: 0.0000943 seconds, Stopping threads took: 0.0000233 seconds
2016-07-14T14:40:52.670+0100: 295.711: Total time for which application threads were stopped: 0.0000932 seconds, Stopping threads took: 0.0000233 seconds
2016-07-14T14:40:52.671+0100: 295.711: Total time for which application threads were stopped: 0.0001015 seconds, Stopping threads took: 0.0000268 seconds
2016-07-14T14:40:52.671+0100: 295.711: Total time for which application threads were stopped: 0.0000975 seconds, Stopping threads took: 0.0000280 seconds
2016-07-14T14:40:52.671+0100: 295.712: Total time for which application threads were stopped: 0.0000821 seconds, Stopping threads took: 0.0000217 seconds
2016-07-14T14:40:52.671+0100: 295.712: Total time for which application threads were stopped: 0.0001022 seconds, Stopping threads took: 0.0000264 seconds
2016-07-14T14:40:52.672+0100: 295.712: Total time for which application threads were stopped: 0.0004327 seconds, Stopping threads took: 0.0000363 seconds
2016-07-14T14:40:52.672+0100: 295.713: Total time for which application threads were stopped: 0.0000746 seconds, Stopping threads took: 0.0000209 seconds
2016-07-14T14:40:52.675+0100: 295.715: Total time for which application threads were stopped: 0.0001165 seconds, Stopping threads took: 0.0000292 seconds
2016-07-14T14:40:52.675+0100: 295.716: Total time for which application threads were stopped: 0.0000651 seconds, Stopping threads took: 0.0000174 seconds
2016-07-14T14:40:52.675+0100: 295.716: Total time for which application threads were stopped: 0.0000841 seconds, Stopping threads took: 0.0000217 seconds
2016-07-14T14:40:52.676+0100: 295.716: Total time for which application threads were stopped: 0.0000872 seconds, Stopping threads took: 0.0000229 seconds
2016-07-14T14:40:52.676+0100: 295.717: Total time for which application threads were stopped: 0.0000837 seconds, Stopping threads took: 0.0000225 seconds
2016-07-14T14:40:52.677+0100: 295.717: Total time for which application threads were stopped: 0.0000640 seconds, Stopping threads took: 0.0000162 seconds
2016-07-14T14:40:52.679+0100: 295.719: Total time for which application threads were stopped: 0.0001018 seconds, Stopping threads took: 0.0000375 seconds
2016-07-14T14:40:52.679+0100: 295.720: Total time for which application threads were stopped: 0.0001070 seconds, Stopping threads took: 0.0000426 seconds
2016-07-14T14:40:52.681+0100: 295.722: Total time for which application threads were stopped: 0.0000580 seconds, Stopping threads took: 0.0000166 seconds
2016-07-14T14:40:52.681+0100: 295.722: Total time for which application threads were stopped: 0.0000434 seconds, Stopping threads took: 0.0000118 seconds
2016-07-14T14:40:52.681+0100: 295.722: Total time for which application threads were stopped: 0.0000872 seconds, Stopping threads took: 0.0000130 seconds
2016-07-14T14:40:52.682+0100: 295.723: Total time for which application threads were stopped: 0.0000572 seconds, Stopping threads took: 0.0000201 seconds
2016-07-14T14:40:52.683+0100: 295.724: Total time for which application threads were stopped: 0.0001161 seconds, Stopping threads took: 0.0000636 seconds
2016-07-14T14:40:52.683+0100: 295.724: Total time for which application threads were stopped: 0.0000493 seconds, Stopping threads took: 0.0000130 seconds
2016-07-14T14:40:52.689+0100: 295.730: Total time for which application threads were stopped: 0.0001772 seconds, Stopping threads took: 0.0001105 seconds
2016-07-14T14:40:52.690+0100: 295.730: Total time for which application threads were stopped: 0.0000734 seconds, Stopping threads took: 0.0000442 seconds
2016-07-14T14:40:52.693+0100: 295.733: Total time for which application threads were stopped: 0.0000675 seconds, Stopping threads took: 0.0000233 seconds
2016-07-14T14:40:52.693+0100: 295.733: Total time for which application threads were stopped: 0.0000482 seconds, Stopping threads took: 0.0000166 seconds
2016-07-14T14:40:52.693+0100: 295.733: Total time for which application threads were stopped: 0.0000478 seconds, Stopping threads took: 0.0000162 seconds
2016-07-14T14:40:52.693+0100: 295.734: Total time for which application threads were stopped: 0.0000482 seconds, Stopping threads took: 0.0000166 seconds
2016-07-14T14:40:52.693+0100: 295.734: Total time for which application threads were stopped: 0.0000478 seconds, Stopping threads took: 0.0000162 seconds
2016-07-14T14:40:52.693+0100: 295.734: Total time for which application threads were stopped: 0.0000379 seconds, Stopping threads took: 0.0000130 seconds
2016-07-14T14:40:52.693+0100: 295.734: Total time for which application threads were stopped: 0.0000351 seconds, Stopping threads took: 0.0000122 seconds
2016-07-14T14:40:52.693+0100: 295.734: Total time for which application threads were stopped: 0.0000482 seconds, Stopping threads took: 0.0000166 seconds
2016-07-14T14:40:52.693+0100: 295.734: Total time for which application threads were stopped: 0.0000371 seconds, Stopping threads took: 0.0000126 seconds
2016-07-14T14:40:52.694+0100: 295.734: Total time for which application threads were stopped: 0.0000533 seconds, Stopping threads took: 0.0000162 seconds
2016-07-14T14:40:52.694+0100: 295.734: Total time for which application threads were stopped: 0.0000371 seconds, Stopping threads took: 0.0000126 seconds
2016-07-14T14:40:52.694+0100: 295.734: Total time for which application threads were stopped: 0.0000351 seconds, Stopping threads took: 0.0000122 seconds
2016-07-14T14:40:52.694+0100: 295.734: Total time for which application threads were stopped: 0.0000478 seconds, Stopping threads took: 0.0000166 seconds
2016-07-14T14:40:52.694+0100: 295.734: Total time for which application threads were stopped: 0.0000478 seconds, Stopping threads took: 0.0000166 seconds
2016-07-14T14:40:52.694+0100: 295.735: Total time for which application threads were stopped: 0.0000478 seconds, Stopping threads took: 0.0000162 seconds
2016-07-14T14:40:52.694+0100: 295.735: Total time for which application threads were stopped: 0.0001330 seconds, Stopping threads took: 0.0000134 seconds
2016-07-14T14:40:52.790+0100: 295.831: Total time for which application threads were stopped: 0.0001421 seconds, Stopping threads took: 0.0000375 seconds
2016-07-14T14:40:52.791+0100: 295.831: Total time for which application threads were stopped: 0.0001022 seconds, Stopping threads took: 0.0000474 seconds
2016-07-14T14:40:52.791+0100: 295.832: Total time for which application threads were stopped: 0.0000707 seconds, Stopping threads took: 0.0000237 seconds
2016-07-14T14:40:52.793+0100: 295.834: Total time for which application threads were stopped: 0.0000904 seconds, Stopping threads took: 0.0000296 seconds
2016-07-14T14:40:52.794+0100: 295.835: Total time for which application threads were stopped: 0.0000955 seconds, Stopping threads took: 0.0000332 seconds
2016-07-14T14:40:52.794+0100: 295.835: Total time for which application threads were stopped: 0.0000478 seconds, Stopping threads took: 0.0000150 seconds
2016-07-14T14:40:52.795+0100: 295.835: Total time for which application threads were stopped: 0.0000454 seconds, Stopping threads took: 0.0000126 seconds
2016-07-14T14:40:52.795+0100: 295.836: Total time for which application threads were stopped: 0.0000493 seconds, Stopping threads took: 0.0000142 seconds
2016-07-14T14:40:52.800+0100: 295.840: Total time for which application threads were stopped: 0.0000967 seconds, Stopping threads took: 0.0000316 seconds
2016-07-14T14:40:52.800+0100: 295.841: Total time for which application threads were stopped: 0.0000580 seconds, Stopping threads took: 0.0000197 seconds
2016-07-14T14:40:52.800+0100: 295.841: Total time for which application threads were stopped: 0.0000470 seconds, Stopping threads took: 0.0000170 seconds
2016-07-14T14:40:52.800+0100: 295.841: Total time for which application threads were stopped: 0.0000584 seconds, Stopping threads took: 0.0000217 seconds
2016-07-14T14:40:52.801+0100: 295.842: Total time for which application threads were stopped: 0.0000825 seconds, Stopping threads took: 0.0000261 seconds
2016-07-14T14:40:52.801+0100: 295.842: Total time for which application threads were stopped: 0.0000422 seconds, Stopping threads took: 0.0000122 seconds
2016-07-14T14:40:52.801+0100: 295.843: Total time for which application threads were stopped: 0.0000561 seconds, Stopping threads took: 0.0000162 seconds
2016-07-14T14:40:52.802+0100: 295.843: Total time for which application threads were stopped: 0.0000537 seconds, Stopping threads took: 0.0000150 seconds
2016-07-14T14:40:52.805+0100: 295.846: Total time for which application threads were stopped: 0.0000999 seconds, Stopping threads took: 0.0000347 seconds
2016-07-14T14:40:52.805+0100: 295.846: Total time for which application threads were stopped: 0.0000628 seconds, Stopping threads took: 0.0000182 seconds
2016-07-14T14:40:52.805+0100: 295.846: Total time for which application threads were stopped: 0.0000572 seconds, Stopping threads took: 0.0000166 seconds
2016-07-14T14:40:52.806+0100: 295.847: Total time for which application threads were stopped: 0.0000533 seconds, Stopping threads took: 0.0000162 seconds
2016-07-14T14:40:52.829+0100: 295.871: Total time for which application threads were stopped: 0.0000947 seconds, Stopping threads took: 0.0000347 seconds
2016-07-14T14:40:52.830+0100: 295.871: Total time for which application threads were stopped: 0.0000872 seconds, Stopping threads took: 0.0000209 seconds
2016-07-14T14:40:52.830+0100: 295.871: Total time for which application threads were stopped: 0.0000624 seconds, Stopping threads took: 0.0000276 seconds
2016-07-14T14:40:52.837+0100: 295.878: Total time for which application threads were stopped: 0.0000908 seconds, Stopping threads took: 0.0000272 seconds
2016-07-14T14:40:52.837+0100: 295.878: Total time for which application threads were stopped: 0.0000533 seconds, Stopping threads took: 0.0000197 seconds
2016-07-14T14:40:52.855+0100: 295.897: Total time for which application threads were stopped: 0.0001350 seconds, Stopping threads took: 0.0000521 seconds
2016-07-14T14:40:52.856+0100: 295.897: Total time for which application threads were stopped: 0.0000572 seconds, Stopping threads took: 0.0000193 seconds
2016-07-14T14:40:52.881+0100: 295.922: Total time for which application threads were stopped: 0.0000991 seconds, Stopping threads took: 0.0000363 seconds
2016-07-14T14:40:52.881+0100: 295.922: Total time for which application threads were stopped: 0.0000458 seconds, Stopping threads took: 0.0000138 seconds
2016-07-14T14:40:52.881+0100: 295.922: Total time for which application threads were stopped: 0.0000399 seconds, Stopping threads took: 0.0000118 seconds
2016-07-14T14:40:52.881+0100: 295.923: Total time for which application threads were stopped: 0.0003004 seconds, Stopping threads took: 0.0002633 seconds
2016-07-14T14:40:52.885+0100: 295.926: Total time for which application threads were stopped: 0.0000868 seconds, Stopping threads took: 0.0000264 seconds
2016-07-14T14:40:52.886+0100: 295.926: Total time for which application threads were stopped: 0.0000557 seconds, Stopping threads took: 0.0000166 seconds
2016-07-14T14:40:52.886+0100: 295.926: Total time for which application threads were stopped: 0.0000438 seconds, Stopping threads took: 0.0000130 seconds
2016-07-14T14:40:52.887+0100: 295.928: Total time for which application threads were stopped: 0.0000632 seconds, Stopping threads took: 0.0000189 seconds
2016-07-14T14:40:52.916+0100: 295.957: Total time for which application threads were stopped: 0.0000667 seconds, Stopping threads took: 0.0000225 seconds
2016-07-14T14:40:52.916+0100: 295.958: Total time for which application threads were stopped: 0.0000391 seconds, Stopping threads took: 0.0000114 seconds
2016-07-14T14:40:52.916+0100: 295.958: Total time for which application threads were stopped: 0.0000324 seconds, Stopping threads took: 0.0000095 seconds
2016-07-14T14:40:52.917+0100: 295.958: Total time for which application threads were stopped: 0.0000553 seconds, Stopping threads took: 0.0000154 seconds
2016-07-14T14:40:52.936+0100: 295.977: Total time for which application threads were stopped: 0.0001007 seconds, Stopping threads took: 0.0000379 seconds
2016-07-14T14:40:52.936+0100: 295.978: Total time for which application threads were stopped: 0.0000620 seconds, Stopping threads took: 0.0000209 seconds
2016-07-14T14:40:52.936+0100: 295.978: Total time for which application threads were stopped: 0.0000474 seconds, Stopping threads took: 0.0000170 seconds
2016-07-14T14:40:52.937+0100: 295.978: Total time for which application threads were stopped: 0.0000541 seconds, Stopping threads took: 0.0000186 seconds
2016-07-14T14:40:52.962+0100: 296.003: Total time for which application threads were stopped: 0.0000888 seconds, Stopping threads took: 0.0000257 seconds
2016-07-14T14:40:52.962+0100: 296.003: Total time for which application threads were stopped: 0.0000718 seconds, Stopping threads took: 0.0000343 seconds
2016-07-14T14:40:52.962+0100: 296.003: Total time for which application threads were stopped: 0.0000486 seconds, Stopping threads took: 0.0000126 seconds
2016-07-14T14:40:52.963+0100: 296.004: Total time for which application threads were stopped: 0.0000754 seconds, Stopping threads took: 0.0000363 seconds
2016-07-14T14:40:52.965+0100: 296.007: Total time for which application threads were stopped: 0.0000872 seconds, Stopping threads took: 0.0000296 seconds
2016-07-14T14:40:52.965+0100: 296.007: Total time for which application threads were stopped: 0.0000647 seconds, Stopping threads took: 0.0000217 seconds
2016-07-14T14:40:52.965+0100: 296.007: Total time for which application threads were stopped: 0.0000572 seconds, Stopping threads took: 0.0000178 seconds
2016-07-14T14:40:52.966+0100: 296.007: Total time for which application threads were stopped: 0.0000726 seconds, Stopping threads took: 0.0000257 seconds
2016-07-14T14:40:52.988+0100: 296.029: Total time for which application threads were stopped: 0.0001018 seconds, Stopping threads took: 0.0000296 seconds
2016-07-14T14:40:52.988+0100: 296.029: Total time for which application threads were stopped: 0.0000726 seconds, Stopping threads took: 0.0000197 seconds
2016-07-14T14:40:52.988+0100: 296.029: Total time for which application threads were stopped: 0.0000568 seconds, Stopping threads took: 0.0000158 seconds
2016-07-14T14:40:52.988+0100: 296.029: Total time for which application threads were stopped: 0.0000576 seconds, Stopping threads took: 0.0000158 seconds
2016-07-14T14:40:53.008+0100: 296.049: Total time for which application threads were stopped: 0.0000955 seconds, Stopping threads took: 0.0000407 seconds
2016-07-14T14:40:53.008+0100: 296.049: Total time for which application threads were stopped: 0.0000790 seconds, Stopping threads took: 0.0000308 seconds
2016-07-14T14:40:53.008+0100: 296.049: Total time for which application threads were stopped: 0.0000754 seconds, Stopping threads took: 0.0000261 seconds
2016-07-14T14:40:53.009+0100: 296.050: Total time for which application threads were stopped: 0.0000529 seconds, Stopping threads took: 0.0000158 seconds
2016-07-14T14:40:53.013+0100: 296.054: Total time for which application threads were stopped: 0.0000963 seconds, Stopping threads took: 0.0000403 seconds
2016-07-14T14:40:53.034+0100: 296.075: Total time for which application threads were stopped: 0.0002740 seconds, Stopping threads took: 0.0000205 seconds
2016-07-14T14:40:53.082+0100: 296.124: Total time for which application threads were stopped: 0.0000691 seconds, Stopping threads took: 0.0000229 seconds
2016-07-14T14:40:53.082+0100: 296.124: Total time for which application threads were stopped: 0.0000474 seconds, Stopping threads took: 0.0000134 seconds
2016-07-14T14:40:53.082+0100: 296.124: Total time for which application threads were stopped: 0.0000308 seconds, Stopping threads took: 0.0000099 seconds
2016-07-14T14:40:53.083+0100: 296.124: Total time for which application threads were stopped: 0.0000414 seconds, Stopping threads took: 0.0000111 seconds
2016-07-14T14:40:53.090+0100: 296.131: Total time for which application threads were stopped: 0.0003344 seconds, Stopping threads took: 0.0000332 seconds
2016-07-14T14:40:53.094+0100: 296.135: Total time for which application threads were stopped: 0.0001172 seconds, Stopping threads took: 0.0000343 seconds
2016-07-14T14:40:53.177+0100: 296.218: Total time for which application threads were stopped: 0.0001105 seconds, Stopping threads took: 0.0000343 seconds
2016-07-14T14:40:53.210+0100: 296.251: Total time for which application threads were stopped: 0.0000805 seconds, Stopping threads took: 0.0000237 seconds
2016-07-14T14:40:53.210+0100: 296.251: Total time for which application threads were stopped: 0.0000284 seconds, Stopping threads took: 0.0000091 seconds
2016-07-14T14:40:53.210+0100: 296.251: Total time for which application threads were stopped: 0.0001153 seconds, Stopping threads took: 0.0000103 seconds
2016-07-14T14:40:53.211+0100: 296.251: Total time for which application threads were stopped: 0.0000363 seconds, Stopping threads took: 0.0000118 seconds
2016-07-14T14:40:53.323+0100: 296.363: Total time for which application threads were stopped: 0.0000825 seconds, Stopping threads took: 0.0000213 seconds
2016-07-14T14:40:53.323+0100: 296.363: Total time for which application threads were stopped: 0.0000418 seconds, Stopping threads took: 0.0000122 seconds
2016-07-14T14:40:53.323+0100: 296.364: Total time for which application threads were stopped: 0.0000363 seconds, Stopping threads took: 0.0000118 seconds
2016-07-14T14:40:53.694+0100: 296.734: Total time for which application threads were stopped: 0.0003683 seconds, Stopping threads took: 0.0000229 seconds
{Heap before GC invocations=3 (full 1):
 par new generation   total 109248K, used 102743K [0x00000000e0000000, 0x00000000e8000000, 0x00000000e8000000)
  eden space 87424K, 100% used [0x00000000e0000000, 0x00000000e5560000, 0x00000000e5560000)
  from space 21824K,  70% used [0x00000000e6ab0000, 0x00000000e79a5c08, 0x00000000e8000000)
  to   space 21824K,   0% used [0x00000000e5560000, 0x00000000e5560000, 0x00000000e6ab0000)
 concurrent mark-sweep generation total 393216K, used 0K [0x00000000e8000000, 0x0000000100000000, 0x0000000100000000)
 Metaspace       used 29970K, capacity 30344K, committed 30564K, reserved 1077248K
  class space    used 3568K, capacity 3681K, committed 3684K, reserved 1048576K
2016-07-14T14:40:53.716+0100: 296.757: [GC (Allocation Failure) 2016-07-14T14:40:53.716+0100: 296.757: [ParNew
Desired survivor size 20112992 bytes, new threshold 8 (max 8)
- age   1:   13017168 bytes,   13017168 total
- age   2:    1042232 bytes,   14059400 total
- age   3:    2524440 bytes,   16583840 total
- age   4:    2576080 bytes,   19159920 total
: 102743K->20368K(109248K), 0.0198832 secs] 102743K->20368K(502464K), 0.0200640 secs] [Times: user=0.06 sys=0.00, real=0.02 secs] 
Heap after GC invocations=4 (full 1):
 par new generation   total 109248K, used 20368K [0x00000000e0000000, 0x00000000e8000000, 0x00000000e8000000)
  eden space 87424K,   0% used [0x00000000e0000000, 0x00000000e0000000, 0x00000000e5560000)
  from space 21824K,  93% used [0x00000000e5560000, 0x00000000e6944108, 0x00000000e6ab0000)
  to   space 21824K,   0% used [0x00000000e6ab0000, 0x00000000e6ab0000, 0x00000000e8000000)
 concurrent mark-sweep generation total 393216K, used 0K [0x00000000e8000000, 0x0000000100000000, 0x0000000100000000)
 Metaspace       used 29970K, capacity 30344K, committed 30564K, reserved 1077248K
  class space    used 3568K, capacity 3681K, committed 3684K, reserved 1048576K
}
2016-07-14T14:40:53.736+0100: 296.777: Total time for which application threads were stopped: 0.0203135 seconds, Stopping threads took: 0.0000316 seconds
2016-07-14T14:40:53.738+0100: 296.779: Total time for which application threads were stopped: 0.0002140 seconds, Stopping threads took: 0.0000379 seconds
2016-07-14T14:40:53.738+0100: 296.779: Total time for which application threads were stopped: 0.0000821 seconds, Stopping threads took: 0.0000170 seconds
2016-07-14T14:40:53.738+0100: 296.779: Total time for which application threads were stopped: 0.0005377 seconds, Stopping threads took: 0.0004579 seconds
2016-07-14T14:40:53.739+0100: 296.779: Total time for which application threads were stopped: 0.0000865 seconds, Stopping threads took: 0.0000201 seconds
2016-07-14T14:40:53.917+0100: 296.958: Total time for which application threads were stopped: 0.0004204 seconds, Stopping threads took: 0.0000343 seconds
2016-07-14T14:40:54.242+0100: 297.283: Total time for which application threads were stopped: 0.0000928 seconds, Stopping threads took: 0.0000245 seconds
2016-07-14T14:40:54.243+0100: 297.283: Total time for which application threads were stopped: 0.0000379 seconds, Stopping threads took: 0.0000103 seconds
2016-07-14T14:40:54.243+0100: 297.284: Total time for which application threads were stopped: 0.0000553 seconds, Stopping threads took: 0.0000142 seconds
2016-07-14T14:40:54.244+0100: 297.284: Total time for which application threads were stopped: 0.0001093 seconds, Stopping threads took: 0.0000608 seconds
2016-07-14T14:40:54.245+0100: 297.285: Total time for which application threads were stopped: 0.0000703 seconds, Stopping threads took: 0.0000261 seconds
2016-07-14T14:40:54.245+0100: 297.285: Total time for which application threads were stopped: 0.0000695 seconds, Stopping threads took: 0.0000304 seconds
2016-07-14T14:40:54.245+0100: 297.285: Total time for which application threads were stopped: 0.0000671 seconds, Stopping threads took: 0.0000304 seconds
2016-07-14T14:40:54.245+0100: 297.286: Total time for which application threads were stopped: 0.0000667 seconds, Stopping threads took: 0.0000304 seconds
2016-07-14T14:40:54.245+0100: 297.286: Total time for which application threads were stopped: 0.0000758 seconds, Stopping threads took: 0.0000300 seconds
2016-07-14T14:40:54.245+0100: 297.286: Total time for which application threads were stopped: 0.0000478 seconds, Stopping threads took: 0.0000205 seconds
2016-07-14T14:40:54.245+0100: 297.286: Total time for which application threads were stopped: 0.0000276 seconds, Stopping threads took: 0.0000067 seconds
2016-07-14T14:40:54.245+0100: 297.286: Total time for which application threads were stopped: 0.0000308 seconds, Stopping threads took: 0.0000111 seconds
2016-07-14T14:40:54.245+0100: 297.286: Total time for which application threads were stopped: 0.0000268 seconds, Stopping threads took: 0.0000075 seconds
2016-07-14T14:40:54.245+0100: 297.286: Total time for which application threads were stopped: 0.0000280 seconds, Stopping threads took: 0.0000075 seconds
2016-07-14T14:40:54.246+0100: 297.286: Total time for which application threads were stopped: 0.0000490 seconds, Stopping threads took: 0.0000213 seconds
2016-07-14T14:40:54.246+0100: 297.287: Total time for which application threads were stopped: 0.0000482 seconds, Stopping threads took: 0.0000099 seconds
2016-07-14T14:40:54.247+0100: 297.288: Total time for which application threads were stopped: 0.0001097 seconds, Stopping threads took: 0.0000122 seconds
2016-07-14T14:40:54.247+0100: 297.288: Total time for which application threads were stopped: 0.0000462 seconds, Stopping threads took: 0.0000111 seconds
2016-07-14T14:40:54.247+0100: 297.288: Total time for which application threads were stopped: 0.0000288 seconds, Stopping threads took: 0.0000087 seconds
2016-07-14T14:40:54.247+0100: 297.288: Total time for which application threads were stopped: 0.0000280 seconds, Stopping threads took: 0.0000087 seconds
2016-07-14T14:40:54.248+0100: 297.288: Total time for which application threads were stopped: 0.0000379 seconds, Stopping threads took: 0.0000087 seconds
2016-07-14T14:40:54.248+0100: 297.288: Total time for which application threads were stopped: 0.0000632 seconds, Stopping threads took: 0.0000201 seconds
2016-07-14T14:40:54.248+0100: 297.288: Total time for which application threads were stopped: 0.0000979 seconds, Stopping threads took: 0.0000608 seconds
2016-07-14T14:40:54.248+0100: 297.289: Total time for which application threads were stopped: 0.0002053 seconds, Stopping threads took: 0.0000126 seconds
2016-07-14T14:40:54.251+0100: 297.291: Total time for which application threads were stopped: 0.0001050 seconds, Stopping threads took: 0.0000391 seconds
2016-07-14T14:40:54.260+0100: 297.300: Total time for which application threads were stopped: 0.0001220 seconds, Stopping threads took: 0.0000403 seconds
2016-07-14T14:40:54.260+0100: 297.300: Total time for which application threads were stopped: 0.0000643 seconds, Stopping threads took: 0.0000261 seconds
2016-07-14T14:40:54.260+0100: 297.301: Total time for which application threads were stopped: 0.0000782 seconds, Stopping threads took: 0.0000296 seconds
2016-07-14T14:40:54.260+0100: 297.301: Total time for which application threads were stopped: 0.0000501 seconds, Stopping threads took: 0.0000245 seconds
2016-07-14T14:40:54.261+0100: 297.301: Total time for which application threads were stopped: 0.0000774 seconds, Stopping threads took: 0.0000241 seconds
2016-07-14T14:40:54.268+0100: 297.309: Total time for which application threads were stopped: 0.0001097 seconds, Stopping threads took: 0.0000320 seconds
2016-07-14T14:40:54.268+0100: 297.309: Total time for which application threads were stopped: 0.0000592 seconds, Stopping threads took: 0.0000209 seconds
2016-07-14T14:40:54.277+0100: 297.317: Total time for which application threads were stopped: 0.0001007 seconds, Stopping threads took: 0.0000320 seconds
2016-07-14T14:40:54.278+0100: 297.319: Total time for which application threads were stopped: 0.0001007 seconds, Stopping threads took: 0.0000296 seconds
2016-07-14T14:40:54.279+0100: 297.319: Total time for which application threads were stopped: 0.0000679 seconds, Stopping threads took: 0.0000213 seconds
2016-07-14T14:40:54.283+0100: 297.323: Total time for which application threads were stopped: 0.0000999 seconds, Stopping threads took: 0.0000328 seconds
2016-07-14T14:40:54.283+0100: 297.324: Total time for which application threads were stopped: 0.0000604 seconds, Stopping threads took: 0.0000162 seconds
2016-07-14T14:40:54.288+0100: 297.328: Total time for which application threads were stopped: 0.0002072 seconds, Stopping threads took: 0.0000391 seconds
2016-07-14T14:40:54.288+0100: 297.328: Total time for which application threads were stopped: 0.0000655 seconds, Stopping threads took: 0.0000201 seconds
2016-07-14T14:40:54.288+0100: 297.329: Total time for which application threads were stopped: 0.0000987 seconds, Stopping threads took: 0.0000189 seconds
2016-07-14T14:40:54.288+0100: 297.329: Total time for which application threads were stopped: 0.0000493 seconds, Stopping threads took: 0.0000150 seconds
2016-07-14T14:40:54.289+0100: 297.329: Total time for which application threads were stopped: 0.0000671 seconds, Stopping threads took: 0.0000193 seconds
2016-07-14T14:40:54.289+0100: 297.329: Total time for which application threads were stopped: 0.0000604 seconds, Stopping threads took: 0.0000201 seconds
2016-07-14T14:40:54.289+0100: 297.330: Total time for which application threads were stopped: 0.0000517 seconds, Stopping threads took: 0.0000170 seconds
2016-07-14T14:40:54.289+0100: 297.330: Total time for which application threads were stopped: 0.0000418 seconds, Stopping threads took: 0.0000134 seconds
2016-07-14T14:40:54.289+0100: 297.330: Total time for which application threads were stopped: 0.0000557 seconds, Stopping threads took: 0.0000205 seconds
2016-07-14T14:40:54.290+0100: 297.330: Total time for which application threads were stopped: 0.0000801 seconds, Stopping threads took: 0.0000466 seconds
2016-07-14T14:40:54.291+0100: 297.332: Total time for which application threads were stopped: 0.0000979 seconds, Stopping threads took: 0.0000339 seconds
2016-07-14T14:40:54.291+0100: 297.333: Total time for which application threads were stopped: 0.0000754 seconds, Stopping threads took: 0.0000182 seconds
2016-07-14T14:40:54.292+0100: 297.333: Total time for which application threads were stopped: 0.0000801 seconds, Stopping threads took: 0.0000253 seconds
2016-07-14T14:40:54.292+0100: 297.333: Total time for which application threads were stopped: 0.0000608 seconds, Stopping threads took: 0.0000205 seconds
2016-07-14T14:40:54.292+0100: 297.333: Total time for which application threads were stopped: 0.0000561 seconds, Stopping threads took: 0.0000205 seconds
2016-07-14T14:40:54.292+0100: 297.333: Total time for which application threads were stopped: 0.0000474 seconds, Stopping threads took: 0.0000221 seconds
2016-07-14T14:40:54.292+0100: 297.333: Total time for which application threads were stopped: 0.0000888 seconds, Stopping threads took: 0.0000568 seconds
2016-07-14T14:40:54.292+0100: 297.333: Total time for which application threads were stopped: 0.0000490 seconds, Stopping threads took: 0.0000245 seconds
2016-07-14T14:40:54.292+0100: 297.333: Total time for which application threads were stopped: 0.0000458 seconds, Stopping threads took: 0.0000237 seconds
2016-07-14T14:40:54.292+0100: 297.333: Total time for which application threads were stopped: 0.0000422 seconds, Stopping threads took: 0.0000193 seconds
2016-07-14T14:40:54.292+0100: 297.333: Total time for which application threads were stopped: 0.0000454 seconds, Stopping threads took: 0.0000237 seconds
2016-07-14T14:40:54.292+0100: 297.333: Total time for which application threads were stopped: 0.0000466 seconds, Stopping threads took: 0.0000237 seconds
2016-07-14T14:40:54.292+0100: 297.333: Total time for which application threads were stopped: 0.0000482 seconds, Stopping threads took: 0.0000261 seconds
2016-07-14T14:40:54.292+0100: 297.334: Total time for which application threads were stopped: 0.0000517 seconds, Stopping threads took: 0.0000099 seconds
2016-07-14T14:40:54.293+0100: 297.334: Total time for which application threads were stopped: 0.0000616 seconds, Stopping threads took: 0.0000268 seconds
2016-07-14T14:40:54.293+0100: 297.334: Total time for which application threads were stopped: 0.0000517 seconds, Stopping threads took: 0.0000264 seconds
2016-07-14T14:40:54.293+0100: 297.334: Total time for which application threads were stopped: 0.0000486 seconds, Stopping threads took: 0.0000245 seconds
2016-07-14T14:40:54.293+0100: 297.334: Total time for which application threads were stopped: 0.0000478 seconds, Stopping threads took: 0.0000099 seconds
2016-07-14T14:40:54.294+0100: 297.335: Total time for which application threads were stopped: 0.0000482 seconds, Stopping threads took: 0.0000166 seconds
2016-07-14T14:40:54.294+0100: 297.335: Total time for which application threads were stopped: 0.0000561 seconds, Stopping threads took: 0.0000138 seconds
2016-07-14T14:40:54.294+0100: 297.335: Total time for which application threads were stopped: 0.0000509 seconds, Stopping threads took: 0.0000130 seconds
2016-07-14T14:40:54.296+0100: 297.337: Total time for which application threads were stopped: 0.0000612 seconds, Stopping threads took: 0.0000146 seconds
2016-07-14T14:40:54.296+0100: 297.337: Total time for which application threads were stopped: 0.0000829 seconds, Stopping threads took: 0.0000142 seconds
2016-07-14T14:40:54.310+0100: 297.351: Total time for which application threads were stopped: 0.0005124 seconds, Stopping threads took: 0.0004271 seconds
2016-07-14T14:40:54.310+0100: 297.351: Total time for which application threads were stopped: 0.0000722 seconds, Stopping threads took: 0.0000201 seconds
2016-07-14T14:40:54.313+0100: 297.354: Total time for which application threads were stopped: 0.0001042 seconds, Stopping threads took: 0.0000280 seconds
2016-07-14T14:40:54.313+0100: 297.354: Total time for which application threads were stopped: 0.0000493 seconds, Stopping threads took: 0.0000138 seconds
2016-07-14T14:40:54.313+0100: 297.354: Total time for which application threads were stopped: 0.0000442 seconds, Stopping threads took: 0.0000114 seconds
2016-07-14T14:40:54.313+0100: 297.355: Total time for which application threads were stopped: 0.0000438 seconds, Stopping threads took: 0.0000111 seconds
2016-07-14T14:40:54.313+0100: 297.355: Total time for which application threads were stopped: 0.0000434 seconds, Stopping threads took: 0.0000111 seconds
2016-07-14T14:40:54.314+0100: 297.355: Total time for which application threads were stopped: 0.0001437 seconds, Stopping threads took: 0.0000154 seconds
2016-07-14T14:40:54.399+0100: 297.440: Total time for which application threads were stopped: 0.0001291 seconds, Stopping threads took: 0.0000316 seconds
2016-07-14T14:40:54.400+0100: 297.441: Total time for which application threads were stopped: 0.0000884 seconds, Stopping threads took: 0.0000300 seconds
2016-07-14T14:40:54.490+0100: 297.531: Total time for which application threads were stopped: 0.0001018 seconds, Stopping threads took: 0.0000375 seconds
2016-07-14T14:40:54.490+0100: 297.531: Total time for which application threads were stopped: 0.0000651 seconds, Stopping threads took: 0.0000170 seconds
2016-07-14T14:40:54.490+0100: 297.531: Total time for which application threads were stopped: 0.0000375 seconds, Stopping threads took: 0.0000154 seconds
2016-07-14T14:40:54.490+0100: 297.531: Total time for which application threads were stopped: 0.0000403 seconds, Stopping threads took: 0.0000103 seconds
2016-07-14T14:40:54.490+0100: 297.531: Total time for which application threads were stopped: 0.0000371 seconds, Stopping threads took: 0.0000103 seconds
2016-07-14T14:40:54.490+0100: 297.531: Total time for which application threads were stopped: 0.0000450 seconds, Stopping threads took: 0.0000099 seconds
2016-07-14T14:40:54.490+0100: 297.531: Total time for which application threads were stopped: 0.0000497 seconds, Stopping threads took: 0.0000138 seconds
2016-07-14T14:40:54.491+0100: 297.531: Total time for which application threads were stopped: 0.0000367 seconds, Stopping threads took: 0.0000103 seconds
2016-07-14T14:40:54.491+0100: 297.531: Total time for which application threads were stopped: 0.0000438 seconds, Stopping threads took: 0.0000122 seconds
2016-07-14T14:40:54.491+0100: 297.531: Total time for which application threads were stopped: 0.0000407 seconds, Stopping threads took: 0.0000111 seconds
2016-07-14T14:40:54.491+0100: 297.532: Total time for which application threads were stopped: 0.0000399 seconds, Stopping threads took: 0.0000111 seconds
2016-07-14T14:40:54.491+0100: 297.532: Total time for which application threads were stopped: 0.0000375 seconds, Stopping threads took: 0.0000111 seconds
2016-07-14T14:40:54.491+0100: 297.532: Total time for which application threads were stopped: 0.0000387 seconds, Stopping threads took: 0.0000107 seconds
2016-07-14T14:40:54.491+0100: 297.532: Total time for which application threads were stopped: 0.0000414 seconds, Stopping threads took: 0.0000114 seconds
2016-07-14T14:40:54.491+0100: 297.532: Total time for which application threads were stopped: 0.0000430 seconds, Stopping threads took: 0.0000107 seconds
2016-07-14T14:40:54.491+0100: 297.532: Total time for which application threads were stopped: 0.0000395 seconds, Stopping threads took: 0.0000111 seconds
2016-07-14T14:40:54.491+0100: 297.532: Total time for which application threads were stopped: 0.0000399 seconds, Stopping threads took: 0.0000111 seconds
2016-07-14T14:40:54.491+0100: 297.532: Total time for which application threads were stopped: 0.0000509 seconds, Stopping threads took: 0.0000142 seconds
2016-07-14T14:40:54.491+0100: 297.532: Total time for which application threads were stopped: 0.0000395 seconds, Stopping threads took: 0.0000111 seconds
2016-07-14T14:40:54.491+0100: 297.532: Total time for which application threads were stopped: 0.0001512 seconds, Stopping threads took: 0.0000107 seconds
2016-07-14T14:40:54.500+0100: 297.541: Total time for which application threads were stopped: 0.0001054 seconds, Stopping threads took: 0.0000383 seconds
2016-07-14T14:40:54.501+0100: 297.542: Total time for which application threads were stopped: 0.0000884 seconds, Stopping threads took: 0.0000268 seconds
2016-07-14T14:40:55.501+0100: 298.542: Total time for which application threads were stopped: 0.0003008 seconds, Stopping threads took: 0.0000312 seconds
2016-07-14T14:40:56.501+0100: 299.542: Total time for which application threads were stopped: 0.0001374 seconds, Stopping threads took: 0.0000383 seconds
2016-07-14T14:40:58.995+0100: 302.036: Total time for which application threads were stopped: 0.0000896 seconds, Stopping threads took: 0.0000245 seconds
2016-07-14T14:40:58.995+0100: 302.036: Total time for which application threads were stopped: 0.0000347 seconds, Stopping threads took: 0.0000111 seconds
2016-07-14T14:40:59.996+0100: 303.037: Total time for which application threads were stopped: 0.0003190 seconds, Stopping threads took: 0.0000624 seconds
{Heap before GC invocations=4 (full 1):
 par new generation   total 109248K, used 107792K [0x00000000e0000000, 0x00000000e8000000, 0x00000000e8000000)
  eden space 87424K, 100% used [0x00000000e0000000, 0x00000000e5560000, 0x00000000e5560000)
  from space 21824K,  93% used [0x00000000e5560000, 0x00000000e6944108, 0x00000000e6ab0000)
  to   space 21824K,   0% used [0x00000000e6ab0000, 0x00000000e6ab0000, 0x00000000e8000000)
 concurrent mark-sweep generation total 393216K, used 0K [0x00000000e8000000, 0x0000000100000000, 0x0000000100000000)
 Metaspace       used 30829K, capacity 31176K, committed 31332K, reserved 1077248K
  class space    used 3603K, capacity 3681K, committed 3684K, reserved 1048576K
2016-07-14T14:41:00.558+0100: 303.598: [GC (Allocation Failure) 2016-07-14T14:41:00.558+0100: 303.598: [ParNew
Desired survivor size 20112992 bytes, new threshold 8 (max 8)
- age   1:    4921512 bytes,    4921512 total
- age   2:    8853416 bytes,   13774928 total
- age   3:    1040992 bytes,   14815920 total
- age   4:    2509064 bytes,   17324984 total
- age   5:    2306912 bytes,   19631896 total
: 107792K->21824K(109248K), 0.0224914 secs] 107792K->22270K(502464K), 0.0225806 secs] [Times: user=0.06 sys=0.00, real=0.02 secs] 
Heap after GC invocations=5 (full 1):
 par new generation   total 109248K, used 21824K [0x00000000e0000000, 0x00000000e8000000, 0x00000000e8000000)
  eden space 87424K,   0% used [0x00000000e0000000, 0x00000000e0000000, 0x00000000e5560000)
  from space 21824K, 100% used [0x00000000e6ab0000, 0x00000000e8000000, 0x00000000e8000000)
  to   space 21824K,   0% used [0x00000000e5560000, 0x00000000e5560000, 0x00000000e6ab0000)
 concurrent mark-sweep generation total 393216K, used 446K [0x00000000e8000000, 0x0000000100000000, 0x0000000100000000)
 Metaspace       used 30829K, capacity 31176K, committed 31332K, reserved 1077248K
  class space    used 3603K, capacity 3681K, committed 3684K, reserved 1048576K
}
2016-07-14T14:41:00.580+0100: 303.621: Total time for which application threads were stopped: 0.0228849 seconds, Stopping threads took: 0.0000912 seconds
2016-07-14T14:41:00.585+0100: 303.626: Total time for which application threads were stopped: 0.0019051 seconds, Stopping threads took: 0.0017736 seconds
2016-07-14T14:41:00.585+0100: 303.626: Total time for which application threads were stopped: 0.0001046 seconds, Stopping threads took: 0.0000253 seconds
2016-07-14T14:41:00.586+0100: 303.627: Total time for which application threads were stopped: 0.0002961 seconds, Stopping threads took: 0.0001899 seconds
2016-07-14T14:41:00.586+0100: 303.627: Total time for which application threads were stopped: 0.0002463 seconds, Stopping threads took: 0.0001492 seconds
2016-07-14T14:41:00.587+0100: 303.627: Total time for which application threads were stopped: 0.0000884 seconds, Stopping threads took: 0.0000411 seconds
2016-07-14T14:41:00.587+0100: 303.628: Total time for which application threads were stopped: 0.0000663 seconds, Stopping threads took: 0.0000233 seconds
2016-07-14T14:41:00.587+0100: 303.628: Total time for which application threads were stopped: 0.0000604 seconds, Stopping threads took: 0.0000182 seconds
2016-07-14T14:41:00.587+0100: 303.628: Total time for which application threads were stopped: 0.0000600 seconds, Stopping threads took: 0.0000205 seconds
2016-07-14T14:41:00.587+0100: 303.628: Total time for which application threads were stopped: 0.0000659 seconds, Stopping threads took: 0.0000150 seconds
2016-07-14T14:41:00.587+0100: 303.628: Total time for which application threads were stopped: 0.0000557 seconds, Stopping threads took: 0.0000134 seconds
2016-07-14T14:41:00.587+0100: 303.628: Total time for which application threads were stopped: 0.0000632 seconds, Stopping threads took: 0.0000182 seconds
2016-07-14T14:41:00.587+0100: 303.628: Total time for which application threads were stopped: 0.0000541 seconds, Stopping threads took: 0.0000162 seconds
2016-07-14T14:41:00.587+0100: 303.628: Total time for which application threads were stopped: 0.0000632 seconds, Stopping threads took: 0.0000209 seconds
2016-07-14T14:41:00.587+0100: 303.628: Total time for which application threads were stopped: 0.0000533 seconds, Stopping threads took: 0.0000182 seconds
2016-07-14T14:41:00.588+0100: 303.629: Total time for which application threads were stopped: 0.0001595 seconds, Stopping threads took: 0.0001192 seconds
2016-07-14T14:41:00.588+0100: 303.629: Total time for which application threads were stopped: 0.0000640 seconds, Stopping threads took: 0.0000209 seconds
2016-07-14T14:41:00.588+0100: 303.629: Total time for which application threads were stopped: 0.0000557 seconds, Stopping threads took: 0.0000150 seconds
2016-07-14T14:41:00.588+0100: 303.629: Total time for which application threads were stopped: 0.0000572 seconds, Stopping threads took: 0.0000142 seconds
2016-07-14T14:41:00.588+0100: 303.629: Total time for which application threads were stopped: 0.0001796 seconds, Stopping threads took: 0.0000118 seconds
2016-07-14T14:41:00.792+0100: 303.832: Total time for which application threads were stopped: 0.0001050 seconds, Stopping threads took: 0.0000304 seconds
2016-07-14T14:41:01.625+0100: 304.667: Total time for which application threads were stopped: 0.0003529 seconds, Stopping threads took: 0.0000186 seconds
2016-07-14T14:41:01.678+0100: 304.719: Total time for which application threads were stopped: 0.0001018 seconds, Stopping threads took: 0.0000320 seconds
2016-07-14T14:41:01.686+0100: 304.727: Total time for which application threads were stopped: 0.0004871 seconds, Stopping threads took: 0.0000347 seconds
2016-07-14T14:41:01.712+0100: 304.754: Total time for which application threads were stopped: 0.0001425 seconds, Stopping threads took: 0.0000367 seconds
2016-07-14T14:41:01.724+0100: 304.766: Total time for which application threads were stopped: 0.0002349 seconds, Stopping threads took: 0.0000336 seconds
2016-07-14T14:41:02.336+0100: 305.377: Total time for which application threads were stopped: 0.0001745 seconds, Stopping threads took: 0.0000363 seconds
2016-07-14T14:41:03.336+0100: 306.376: Total time for which application threads were stopped: 0.0000833 seconds, Stopping threads took: 0.0000213 seconds
{Heap before GC invocations=5 (full 1):
 par new generation   total 109248K, used 109248K [0x00000000e0000000, 0x00000000e8000000, 0x00000000e8000000)
  eden space 87424K, 100% used [0x00000000e0000000, 0x00000000e5560000, 0x00000000e5560000)
  from space 21824K, 100% used [0x00000000e6ab0000, 0x00000000e8000000, 0x00000000e8000000)
  to   space 21824K,   0% used [0x00000000e5560000, 0x00000000e5560000, 0x00000000e6ab0000)
 concurrent mark-sweep generation total 393216K, used 446K [0x00000000e8000000, 0x0000000100000000, 0x0000000100000000)
 Metaspace       used 36101K, capacity 36600K, committed 36836K, reserved 1081344K
  class space    used 4157K, capacity 4313K, committed 4324K, reserved 1048576K
2016-07-14T14:41:04.164+0100: 307.204: [GC (Allocation Failure) 2016-07-14T14:41:04.164+0100: 307.204: [ParNew
Desired survivor size 20112992 bytes, new threshold 5 (max 8)
- age   1:    5360440 bytes,    5360440 total
- age   2:    4025896 bytes,    9386336 total
- age   3:    7438848 bytes,   16825184 total
- age   4:    1023496 bytes,   17848680 total
- age   5:    2266720 bytes,   20115400 total
- age   6:    2222904 bytes,   22338304 total
: 109248K->21824K(109248K), 0.0281577 secs] 109694K->26640K(502464K), 0.0282434 secs] [Times: user=0.13 sys=0.00, real=0.03 secs] 
Heap after GC invocations=6 (full 1):
 par new generation   total 109248K, used 21824K [0x00000000e0000000, 0x00000000e8000000, 0x00000000e8000000)
  eden space 87424K,   0% used [0x00000000e0000000, 0x00000000e0000000, 0x00000000e5560000)
  from space 21824K, 100% used [0x00000000e5560000, 0x00000000e6ab0000, 0x00000000e6ab0000)
  to   space 21824K,   0% used [0x00000000e6ab0000, 0x00000000e6ab0000, 0x00000000e8000000)
 concurrent mark-sweep generation total 393216K, used 4816K [0x00000000e8000000, 0x0000000100000000, 0x0000000100000000)
 Metaspace       used 36101K, capacity 36600K, committed 36836K, reserved 1081344K
  class space    used 4157K, capacity 4313K, committed 4324K, reserved 1048576K
}
2016-07-14T14:41:04.191+0100: 307.233: Total time for which application threads were stopped: 0.0284629 seconds, Stopping threads took: 0.0000304 seconds
2016-07-14T14:41:04.192+0100: 307.234: Total time for which application threads were stopped: 0.0000892 seconds, Stopping threads took: 0.0000288 seconds
2016-07-14T14:41:04.193+0100: 307.234: Total time for which application threads were stopped: 0.0000770 seconds, Stopping threads took: 0.0000411 seconds
2016-07-14T14:41:05.194+0100: 308.234: Total time for which application threads were stopped: 0.0001540 seconds, Stopping threads took: 0.0000328 seconds
2016-07-14T14:41:06.194+0100: 309.235: Total time for which application threads were stopped: 0.0000936 seconds, Stopping threads took: 0.0000245 seconds
2016-07-14T14:41:07.194+0100: 310.235: Total time for which application threads were stopped: 0.0001168 seconds, Stopping threads took: 0.0000324 seconds
{Heap before GC invocations=6 (full 1):
 par new generation   total 109248K, used 109248K [0x00000000e0000000, 0x00000000e8000000, 0x00000000e8000000)
  eden space 87424K, 100% used [0x00000000e0000000, 0x00000000e5560000, 0x00000000e5560000)
  from space 21824K, 100% used [0x00000000e5560000, 0x00000000e6ab0000, 0x00000000e6ab0000)
  to   space 21824K,   0% used [0x00000000e6ab0000, 0x00000000e6ab0000, 0x00000000e8000000)
 concurrent mark-sweep generation total 393216K, used 4816K [0x00000000e8000000, 0x0000000100000000, 0x0000000100000000)
 Metaspace       used 36226K, capacity 36664K, committed 36836K, reserved 1081344K
  class space    used 4158K, capacity 4313K, committed 4324K, reserved 1048576K
2016-07-14T14:41:08.016+0100: 311.057: [GC (Allocation Failure) 2016-07-14T14:41:08.016+0100: 311.057: [ParNew
Desired survivor size 20112992 bytes, new threshold 8 (max 8)
- age   1:    1163552 bytes,    1163552 total
- age   2:    3452896 bytes,    4616448 total
- age   3:    4022352 bytes,    8638800 total
- age   4:    7437544 bytes,   16076344 total
- age   5:    1021984 bytes,   17098328 total
: 109248K->20920K(109248K), 0.0281794 secs] 114064K->30300K(502464K), 0.0282714 secs] [Times: user=0.06 sys=0.00, real=0.03 secs] 
Heap after GC invocations=7 (full 1):
 par new generation   total 109248K, used 20920K [0x00000000e0000000, 0x00000000e8000000, 0x00000000e8000000)
  eden space 87424K,   0% used [0x00000000e0000000, 0x00000000e0000000, 0x00000000e5560000)
  from space 21824K,  95% used [0x00000000e6ab0000, 0x00000000e7f1e1a0, 0x00000000e8000000)
  to   space 21824K,   0% used [0x00000000e5560000, 0x00000000e5560000, 0x00000000e6ab0000)
 concurrent mark-sweep generation total 393216K, used 9380K [0x00000000e8000000, 0x0000000100000000, 0x0000000100000000)
 Metaspace       used 36226K, capacity 36664K, committed 36836K, reserved 1081344K
  class space    used 4158K, capacity 4313K, committed 4324K, reserved 1048576K
}
2016-07-14T14:41:08.044+0100: 311.085: Total time for which application threads were stopped: 0.0285114 seconds, Stopping threads took: 0.0000403 seconds
2016-07-14T14:41:08.644+0100: 311.686: Total time for which application threads were stopped: 0.0001066 seconds, Stopping threads took: 0.0000178 seconds
2016-07-14T14:41:08.651+0100: 311.692: Total time for which application threads were stopped: 0.0001011 seconds, Stopping threads took: 0.0000387 seconds
2016-07-14T14:41:08.846+0100: 311.887: Total time for which application threads were stopped: 0.0001054 seconds, Stopping threads took: 0.0000304 seconds
2016-07-14T14:41:08.859+0100: 311.900: Total time for which application threads were stopped: 0.0004121 seconds, Stopping threads took: 0.0000351 seconds
2016-07-14T14:41:09.859+0100: 312.900: Total time for which application threads were stopped: 0.0001022 seconds, Stopping threads took: 0.0000241 seconds
2016-07-14T14:41:10.860+0100: 313.901: Total time for which application threads were stopped: 0.0000829 seconds, Stopping threads took: 0.0000253 seconds
2016-07-14T14:41:11.861+0100: 314.902: Total time for which application threads were stopped: 0.0003861 seconds, Stopping threads took: 0.0002195 seconds
{Heap before GC invocations=7 (full 1):
 par new generation   total 109248K, used 108344K [0x00000000e0000000, 0x00000000e8000000, 0x00000000e8000000)
  eden space 87424K, 100% used [0x00000000e0000000, 0x00000000e5560000, 0x00000000e5560000)
  from space 21824K,  95% used [0x00000000e6ab0000, 0x00000000e7f1e1a0, 0x00000000e8000000)
  to   space 21824K,   0% used [0x00000000e5560000, 0x00000000e5560000, 0x00000000e6ab0000)
 concurrent mark-sweep generation total 393216K, used 9380K [0x00000000e8000000, 0x0000000100000000, 0x0000000100000000)
 Metaspace       used 36650K, capacity 37080K, committed 37476K, reserved 1083392K
  class space    used 4204K, capacity 4345K, committed 4452K, reserved 1048576K
2016-07-14T14:41:12.577+0100: 315.618: [GC (Allocation Failure) 2016-07-14T14:41:12.577+0100: 315.618: [ParNew
Desired survivor size 20112992 bytes, new threshold 8 (max 8)
- age   1:    1058312 bytes,    1058312 total
- age   2:      13584 bytes,    1071896 total
- age   3:    3444600 bytes,    4516496 total
- age   4:    4022280 bytes,    8538776 total
- age   5:    7435480 bytes,   15974256 total
- age   6:    1022248 bytes,   16996504 total
: 108344K->21824K(109248K), 0.0182892 secs] 117724K->31238K(502464K), 0.0183705 secs] [Times: user=0.05 sys=0.00, real=0.02 secs] 
Heap after GC invocations=8 (full 1):
 par new generation   total 109248K, used 21824K [0x00000000e0000000, 0x00000000e8000000, 0x00000000e8000000)
  eden space 87424K,   0% used [0x00000000e0000000, 0x00000000e0000000, 0x00000000e5560000)
  from space 21824K, 100% used [0x00000000e5560000, 0x00000000e6ab0000, 0x00000000e6ab0000)
  to   space 21824K,   0% used [0x00000000e6ab0000, 0x00000000e6ab0000, 0x00000000e8000000)
 concurrent mark-sweep generation total 393216K, used 9414K [0x00000000e8000000, 0x0000000100000000, 0x0000000100000000)
 Metaspace       used 36650K, capacity 37080K, committed 37476K, reserved 1083392K
  class space    used 4204K, capacity 4345K, committed 4452K, reserved 1048576K
}
2016-07-14T14:41:12.596+0100: 315.636: Total time for which application threads were stopped: 0.0185904 seconds, Stopping threads took: 0.0000221 seconds
2016-07-14T14:41:12.596+0100: 315.637: Total time for which application threads were stopped: 0.0000979 seconds, Stopping threads took: 0.0000308 seconds
2016-07-14T14:41:12.596+0100: 315.637: Total time for which application threads were stopped: 0.0000888 seconds, Stopping threads took: 0.0000312 seconds
2016-07-14T14:41:12.596+0100: 315.637: Total time for which application threads were stopped: 0.0000640 seconds, Stopping threads took: 0.0000213 seconds
2016-07-14T14:41:13.596+0100: 316.637: Total time for which application threads were stopped: 0.0000920 seconds, Stopping threads took: 0.0000233 seconds
2016-07-14T14:41:14.597+0100: 317.638: Total time for which application threads were stopped: 0.0001255 seconds, Stopping threads took: 0.0000284 seconds
2016-07-14T14:41:15.598+0100: 318.638: Total time for which application threads were stopped: 0.0000995 seconds, Stopping threads took: 0.0000399 seconds
2016-07-14T14:41:16.598+0100: 319.639: Total time for which application threads were stopped: 0.0000991 seconds, Stopping threads took: 0.0000221 seconds
2016-07-14T14:41:17.599+0100: 320.639: Total time for which application threads were stopped: 0.0001034 seconds, Stopping threads took: 0.0000213 seconds
{Heap before GC invocations=8 (full 1):
 par new generation   total 109248K, used 109248K [0x00000000e0000000, 0x00000000e8000000, 0x00000000e8000000)
  eden space 87424K, 100% used [0x00000000e0000000, 0x00000000e5560000, 0x00000000e5560000)
  from space 21824K, 100% used [0x00000000e5560000, 0x00000000e6ab0000, 0x00000000e6ab0000)
  to   space 21824K,   0% used [0x00000000e6ab0000, 0x00000000e6ab0000, 0x00000000e8000000)
 concurrent mark-sweep generation total 393216K, used 9414K [0x00000000e8000000, 0x0000000100000000, 0x0000000100000000)
 Metaspace       used 36743K, capacity 37144K, committed 37476K, reserved 1083392K
  class space    used 4204K, capacity 4345K, committed 4452K, reserved 1048576K
2016-07-14T14:41:18.003+0100: 321.044: [GC (Allocation Failure) 2016-07-14T14:41:18.003+0100: 321.044: [ParNew
Desired survivor size 20112992 bytes, new threshold 8 (max 8)
- age   1:     759400 bytes,     759400 total
- age   2:     101008 bytes,     860408 total
- age   3:       8656 bytes,     869064 total
- age   4:    3444528 bytes,    4313592 total
- age   5:    4022144 bytes,    8335736 total
- age   6:    7435432 bytes,   15771168 total
- age   7:    1021288 bytes,   16792456 total
: 109248K->21323K(109248K), 0.0179785 secs] 118662K->30738K(502464K), 0.0180535 secs] [Times: user=0.06 sys=0.00, real=0.02 secs] 
Heap after GC invocations=9 (full 1):
 par new generation   total 109248K, used 21323K [0x00000000e0000000, 0x00000000e8000000, 0x00000000e8000000)
  eden space 87424K,   0% used [0x00000000e0000000, 0x00000000e0000000, 0x00000000e5560000)
  from space 21824K,  97% used [0x00000000e6ab0000, 0x00000000e7f82ec0, 0x00000000e8000000)
  to   space 21824K,   0% used [0x00000000e5560000, 0x00000000e5560000, 0x00000000e6ab0000)
 concurrent mark-sweep generation total 393216K, used 9414K [0x00000000e8000000, 0x0000000100000000, 0x0000000100000000)
 Metaspace       used 36743K, capacity 37144K, committed 37476K, reserved 1083392K
  class space    used 4204K, capacity 4345K, committed 4452K, reserved 1048576K
}
2016-07-14T14:41:18.021+0100: 321.062: Total time for which application threads were stopped: 0.0183255 seconds, Stopping threads took: 0.0000280 seconds
2016-07-14T14:41:19.022+0100: 322.063: Total time for which application threads were stopped: 0.0001066 seconds, Stopping threads took: 0.0000268 seconds
2016-07-14T14:41:20.023+0100: 323.063: Total time for which application threads were stopped: 0.0000786 seconds, Stopping threads took: 0.0000257 seconds
2016-07-14T14:41:21.023+0100: 324.064: Total time for which application threads were stopped: 0.0001141 seconds, Stopping threads took: 0.0000308 seconds
2016-07-14T14:41:22.024+0100: 325.064: Total time for which application threads were stopped: 0.0000884 seconds, Stopping threads took: 0.0000336 seconds
2016-07-14T14:41:23.024+0100: 326.064: Total time for which application threads were stopped: 0.0000667 seconds, Stopping threads took: 0.0000178 seconds
2016-07-14T14:41:25.025+0100: 328.066: Total time for which application threads were stopped: 0.0001026 seconds, Stopping threads took: 0.0000300 seconds
2016-07-14T14:41:26.026+0100: 329.067: Total time for which application threads were stopped: 0.0002100 seconds, Stopping threads took: 0.0000612 seconds
{Heap before GC invocations=9 (full 1):
 par new generation   total 109248K, used 108747K [0x00000000e0000000, 0x00000000e8000000, 0x00000000e8000000)
  eden space 87424K, 100% used [0x00000000e0000000, 0x00000000e5560000, 0x00000000e5560000)
  from space 21824K,  97% used [0x00000000e6ab0000, 0x00000000e7f82ec0, 0x00000000e8000000)
  to   space 21824K,   0% used [0x00000000e5560000, 0x00000000e5560000, 0x00000000e6ab0000)
 concurrent mark-sweep generation total 393216K, used 9414K [0x00000000e8000000, 0x0000000100000000, 0x0000000100000000)
 Metaspace       used 36825K, capacity 37272K, committed 37476K, reserved 1083392K
  class space    used 4204K, capacity 4345K, committed 4452K, reserved 1048576K
2016-07-14T14:41:26.053+0100: 329.094: [GC (Allocation Failure) 2016-07-14T14:41:26.053+0100: 329.094: [ParNew
Desired survivor size 20112992 bytes, new threshold 8 (max 8)
- age   1:     890288 bytes,     890288 total
- age   2:       5720 bytes,     896008 total
- age   3:     100616 bytes,     996624 total
- age   4:       8656 bytes,    1005280 total
- age   5:    3444528 bytes,    4449808 total
- age   6:    4022144 bytes,    8471952 total
- age   7:    7435432 bytes,   15907384 total
- age   8:    1021288 bytes,   16928672 total
: 108747K->21824K(109248K), 0.0259317 secs] 118162K->31238K(502464K), 0.0260477 secs] [Times: user=0.13 sys=0.00, real=0.03 secs] 
Heap after GC invocations=10 (full 1):
 par new generation   total 109248K, used 21824K [0x00000000e0000000, 0x00000000e8000000, 0x00000000e8000000)
  eden space 87424K,   0% used [0x00000000e0000000, 0x00000000e0000000, 0x00000000e5560000)
  from space 21824K, 100% used [0x00000000e5560000, 0x00000000e6ab0000, 0x00000000e6ab0000)
  to   space 21824K,   0% used [0x00000000e6ab0000, 0x00000000e6ab0000, 0x00000000e8000000)
 concurrent mark-sweep generation total 393216K, used 9414K [0x00000000e8000000, 0x0000000100000000, 0x0000000100000000)
 Metaspace       used 36825K, capacity 37272K, committed 37476K, reserved 1083392K
  class space    used 4204K, capacity 4345K, committed 4452K, reserved 1048576K
}
2016-07-14T14:41:26.079+0100: 329.120: Total time for which application threads were stopped: 0.0263707 seconds, Stopping threads took: 0.0000292 seconds
2016-07-14T14:41:28.080+0100: 331.120: Total time for which application threads were stopped: 0.0001042 seconds, Stopping threads took: 0.0000288 seconds
2016-07-14T14:41:29.081+0100: 332.121: Total time for which application threads were stopped: 0.0001101 seconds, Stopping threads took: 0.0000300 seconds
2016-07-14T14:41:30.081+0100: 333.122: Total time for which application threads were stopped: 0.0000880 seconds, Stopping threads took: 0.0000217 seconds
2016-07-14T14:41:31.082+0100: 334.122: Total time for which application threads were stopped: 0.0000683 seconds, Stopping threads took: 0.0000193 seconds
2016-07-14T14:41:33.082+0100: 336.123: Total time for which application threads were stopped: 0.0000951 seconds, Stopping threads took: 0.0000284 seconds
{Heap before GC invocations=10 (full 1):
 par new generation   total 109248K, used 109248K [0x00000000e0000000, 0x00000000e8000000, 0x00000000e8000000)
  eden space 87424K, 100% used [0x00000000e0000000, 0x00000000e5560000, 0x00000000e5560000)
  from space 21824K, 100% used [0x00000000e5560000, 0x00000000e6ab0000, 0x00000000e6ab0000)
  to   space 21824K,   0% used [0x00000000e6ab0000, 0x00000000e6ab0000, 0x00000000e8000000)
 concurrent mark-sweep generation total 393216K, used 9414K [0x00000000e8000000, 0x0000000100000000, 0x0000000100000000)
 Metaspace       used 36962K, capacity 37400K, committed 37732K, reserved 1083392K
  class space    used 4204K, capacity 4345K, committed 4452K, reserved 1048576K
2016-07-14T14:41:33.868+0100: 336.909: [GC (Allocation Failure) 2016-07-14T14:41:33.868+0100: 336.909: [ParNew
Desired survivor size 20112992 bytes, new threshold 8 (max 8)
- age   1:     722696 bytes,     722696 total
- age   2:       8928 bytes,     731624 total
- age   3:       4592 bytes,     736216 total
- age   4:     100616 bytes,     836832 total
- age   5:       8656 bytes,     845488 total
- age   6:    3444408 bytes,    4289896 total
- age   7:    4022144 bytes,    8312040 total
- age   8:    7435424 bytes,   15747464 total
: 109248K->18907K(109248K), 0.0188422 secs] 118662K->29338K(502464K), 0.0189176 secs] [Times: user=0.08 sys=0.00, real=0.02 secs] 
Heap after GC invocations=11 (full 1):
 par new generation   total 109248K, used 18907K [0x00000000e0000000, 0x00000000e8000000, 0x00000000e8000000)
  eden space 87424K,   0% used [0x00000000e0000000, 0x00000000e0000000, 0x00000000e5560000)
  from space 21824K,  86% used [0x00000000e6ab0000, 0x00000000e7d26cf8, 0x00000000e8000000)
  to   space 21824K,   0% used [0x00000000e5560000, 0x00000000e5560000, 0x00000000e6ab0000)
 concurrent mark-sweep generation total 393216K, used 10431K [0x00000000e8000000, 0x0000000100000000, 0x0000000100000000)
 Metaspace       used 36962K, capacity 37400K, committed 37732K, reserved 1083392K
  class space    used 4204K, capacity 4345K, committed 4452K, reserved 1048576K
}
2016-07-14T14:41:33.887+0100: 336.928: Total time for which application threads were stopped: 0.0191343 seconds, Stopping threads took: 0.0000249 seconds
2016-07-14T14:41:34.887+0100: 337.928: Total time for which application threads were stopped: 0.0000872 seconds, Stopping threads took: 0.0000237 seconds
2016-07-14T14:41:35.888+0100: 338.928: Total time for which application threads were stopped: 0.0000936 seconds, Stopping threads took: 0.0000237 seconds
2016-07-14T14:41:36.889+0100: 339.929: Total time for which application threads were stopped: 0.0001192 seconds, Stopping threads took: 0.0000347 seconds
2016-07-14T14:41:37.889+0100: 340.929: Total time for which application threads were stopped: 0.0000920 seconds, Stopping threads took: 0.0000268 seconds
2016-07-14T14:41:38.890+0100: 341.930: Total time for which application threads were stopped: 0.0001334 seconds, Stopping threads took: 0.0000367 seconds
2016-07-14T14:41:39.890+0100: 342.930: Total time for which application threads were stopped: 0.0000750 seconds, Stopping threads took: 0.0000209 seconds
2016-07-14T14:41:40.890+0100: 343.931: Total time for which application threads were stopped: 0.0000995 seconds, Stopping threads took: 0.0000300 seconds
{Heap before GC invocations=11 (full 1):
 par new generation   total 109248K, used 106331K [0x00000000e0000000, 0x00000000e8000000, 0x00000000e8000000)
  eden space 87424K, 100% used [0x00000000e0000000, 0x00000000e5560000, 0x00000000e5560000)
  from space 21824K,  86% used [0x00000000e6ab0000, 0x00000000e7d26cf8, 0x00000000e8000000)
  to   space 21824K,   0% used [0x00000000e5560000, 0x00000000e5560000, 0x00000000e6ab0000)
 concurrent mark-sweep generation total 393216K, used 10431K [0x00000000e8000000, 0x0000000100000000, 0x0000000100000000)
 Metaspace       used 37000K, capacity 37464K, committed 37732K, reserved 1083392K
  class space    used 4204K, capacity 4345K, committed 4452K, reserved 1048576K
2016-07-14T14:41:43.368+0100: 346.409: [GC (Allocation Failure) 2016-07-14T14:41:43.368+0100: 346.409: [ParNew
Desired survivor size 20112992 bytes, new threshold 8 (max 8)
- age   1:     900704 bytes,     900704 total
- age   2:       9712 bytes,     910416 total
- age   3:       5872 bytes,     916288 total
- age   4:       4592 bytes,     920880 total
- age   5:      99240 bytes,    1020120 total
- age   6:       8656 bytes,    1028776 total
- age   7:    3444408 bytes,    4473184 total
- age   8:    4022144 bytes,    8495328 total
: 106331K->13634K(109248K), 0.0246649 secs] 116762K->32092K(502464K), 0.0247431 secs] [Times: user=0.13 sys=0.00, real=0.02 secs] 
Heap after GC invocations=12 (full 1):
 par new generation   total 109248K, used 13634K [0x00000000e0000000, 0x00000000e8000000, 0x00000000e8000000)
  eden space 87424K,   0% used [0x00000000e0000000, 0x00000000e0000000, 0x00000000e5560000)
  from space 21824K,  62% used [0x00000000e5560000, 0x00000000e62b0a60, 0x00000000e6ab0000)
  to   space 21824K,   0% used [0x00000000e6ab0000, 0x00000000e6ab0000, 0x00000000e8000000)
 concurrent mark-sweep generation total 393216K, used 18457K [0x00000000e8000000, 0x0000000100000000, 0x0000000100000000)
 Metaspace       used 37000K, capacity 37464K, committed 37732K, reserved 1083392K
  class space    used 4204K, capacity 4345K, committed 4452K, reserved 1048576K
}
2016-07-14T14:41:43.393+0100: 346.434: Total time for which application threads were stopped: 0.0249641 seconds, Stopping threads took: 0.0000722 seconds
2016-07-14T14:41:44.394+0100: 347.435: Total time for which application threads were stopped: 0.0001015 seconds, Stopping threads took: 0.0000336 seconds
2016-07-14T14:41:47.395+0100: 350.436: Total time for which application threads were stopped: 0.0000790 seconds, Stopping threads took: 0.0000213 seconds
2016-07-14T14:41:48.396+0100: 351.437: Total time for which application threads were stopped: 0.0001090 seconds, Stopping threads took: 0.0000304 seconds
{Heap before GC invocations=12 (full 1):
 par new generation   total 109248K, used 101058K [0x00000000e0000000, 0x00000000e8000000, 0x00000000e8000000)
  eden space 87424K, 100% used [0x00000000e0000000, 0x00000000e5560000, 0x00000000e5560000)
  from space 21824K,  62% used [0x00000000e5560000, 0x00000000e62b0a60, 0x00000000e6ab0000)
  to   space 21824K,   0% used [0x00000000e6ab0000, 0x00000000e6ab0000, 0x00000000e8000000)
 concurrent mark-sweep generation total 393216K, used 18457K [0x00000000e8000000, 0x0000000100000000, 0x0000000100000000)
 Metaspace       used 37069K, capacity 37528K, committed 37732K, reserved 1083392K
  class space    used 4204K, capacity 4345K, committed 4452K, reserved 1048576K
2016-07-14T14:41:49.320+0100: 352.361: [GC (Allocation Failure) 2016-07-14T14:41:49.320+0100: 352.361: [ParNew
Desired survivor size 20112992 bytes, new threshold 8 (max 8)
- age   1:     868568 bytes,     868568 total
- age   2:       7568 bytes,     876136 total
- age   3:       6832 bytes,     882968 total
- age   4:       5872 bytes,     888840 total
- age   5:       4592 bytes,     893432 total
- age   6:      99240 bytes,     992672 total
- age   7:       8656 bytes,    1001328 total
- age   8:    3444408 bytes,    4445736 total
: 101058K->6853K(109248K), 0.0185335 secs] 119516K->29242K(502464K), 0.0186117 secs] [Times: user=0.08 sys=0.00, real=0.02 secs] 
Heap after GC invocations=13 (full 1):
 par new generation   total 109248K, used 6853K [0x00000000e0000000, 0x00000000e8000000, 0x00000000e8000000)
  eden space 87424K,   0% used [0x00000000e0000000, 0x00000000e0000000, 0x00000000e5560000)
  from space 21824K,  31% used [0x00000000e6ab0000, 0x00000000e7161570, 0x00000000e8000000)
  to   space 21824K,   0% used [0x00000000e5560000, 0x00000000e5560000, 0x00000000e6ab0000)
 concurrent mark-sweep generation total 393216K, used 22389K [0x00000000e8000000, 0x0000000100000000, 0x0000000100000000)
 Metaspace       used 37069K, capacity 37528K, committed 37732K, reserved 1083392K
  class space    used 4204K, capacity 4345K, committed 4452K, reserved 1048576K
}
2016-07-14T14:41:49.339+0100: 352.380: Total time for which application threads were stopped: 0.0188166 seconds, Stopping threads took: 0.0000197 seconds
2016-07-14T14:41:50.340+0100: 353.381: Total time for which application threads were stopped: 0.0000888 seconds, Stopping threads took: 0.0000351 seconds
2016-07-14T14:41:51.340+0100: 354.381: Total time for which application threads were stopped: 0.0000975 seconds, Stopping threads took: 0.0000261 seconds
2016-07-14T14:41:52.341+0100: 355.381: Total time for which application threads were stopped: 0.0000853 seconds, Stopping threads took: 0.0000320 seconds
2016-07-14T14:41:53.342+0100: 356.382: Total time for which application threads were stopped: 0.0001401 seconds, Stopping threads took: 0.0000509 seconds
2016-07-14T14:41:54.342+0100: 357.383: Total time for which application threads were stopped: 0.0000900 seconds, Stopping threads took: 0.0000201 seconds
{Heap before GC invocations=13 (full 1):
 par new generation   total 109248K, used 94277K [0x00000000e0000000, 0x00000000e8000000, 0x00000000e8000000)
  eden space 87424K, 100% used [0x00000000e0000000, 0x00000000e5560000, 0x00000000e5560000)
  from space 21824K,  31% used [0x00000000e6ab0000, 0x00000000e7161570, 0x00000000e8000000)
  to   space 21824K,   0% used [0x00000000e5560000, 0x00000000e5560000, 0x00000000e6ab0000)
 concurrent mark-sweep generation total 393216K, used 22389K [0x00000000e8000000, 0x0000000100000000, 0x0000000100000000)
 Metaspace       used 37096K, capacity 37528K, committed 37732K, reserved 1083392K
  class space    used 4204K, capacity 4345K, committed 4452K, reserved 1048576K
2016-07-14T14:41:55.051+0100: 358.092: [GC (Allocation Failure) 2016-07-14T14:41:55.051+0100: 358.092: [ParNew
Desired survivor size 20112992 bytes, new threshold 8 (max 8)
- age   1:     739400 bytes,     739400 total
- age   2:       7336 bytes,     746736 total
- age   3:       4600 bytes,     751336 total
- age   4:       6832 bytes,     758168 total
- age   5:       5872 bytes,     764040 total
- age   6:       4592 bytes,     768632 total
- age   7:      99240 bytes,     867872 total
- age   8:       8656 bytes,     876528 total
: 94277K->2456K(109248K), 0.0088082 secs] 116666K->28246K(502464K), 0.0088848 secs] [Times: user=0.06 sys=0.00, real=0.01 secs] 
Heap after GC invocations=14 (full 1):
 par new generation   total 109248K, used 2456K [0x00000000e0000000, 0x00000000e8000000, 0x00000000e8000000)
  eden space 87424K,   0% used [0x00000000e0000000, 0x00000000e0000000, 0x00000000e5560000)
  from space 21824K,  11% used [0x00000000e5560000, 0x00000000e57c6040, 0x00000000e6ab0000)
  to   space 21824K,   0% used [0x00000000e6ab0000, 0x00000000e6ab0000, 0x00000000e8000000)
 concurrent mark-sweep generation total 393216K, used 25790K [0x00000000e8000000, 0x0000000100000000, 0x0000000100000000)
 Metaspace       used 37096K, capacity 37528K, committed 37732K, reserved 1083392K
  class space    used 4204K, capacity 4345K, committed 4452K, reserved 1048576K
}
2016-07-14T14:41:55.061+0100: 358.101: Total time for which application threads were stopped: 0.0090609 seconds, Stopping threads took: 0.0000186 seconds
2016-07-14T14:41:56.061+0100: 359.102: Total time for which application threads were stopped: 0.0000971 seconds, Stopping threads took: 0.0000257 seconds
2016-07-14T14:42:00.062+0100: 363.103: Total time for which application threads were stopped: 0.0000995 seconds, Stopping threads took: 0.0000284 seconds
2016-07-14T14:42:01.063+0100: 364.104: Total time for which application threads were stopped: 0.0001180 seconds, Stopping threads took: 0.0000434 seconds
{Heap before GC invocations=14 (full 1):
 par new generation   total 109248K, used 89880K [0x00000000e0000000, 0x00000000e8000000, 0x00000000e8000000)
  eden space 87424K, 100% used [0x00000000e0000000, 0x00000000e5560000, 0x00000000e5560000)
  from space 21824K,  11% used [0x00000000e5560000, 0x00000000e57c6040, 0x00000000e6ab0000)
  to   space 21824K,   0% used [0x00000000e6ab0000, 0x00000000e6ab0000, 0x00000000e8000000)
 concurrent mark-sweep generation total 393216K, used 25790K [0x00000000e8000000, 0x0000000100000000, 0x0000000100000000)
 Metaspace       used 37149K, capacity 37592K, committed 37988K, reserved 1083392K
  class space    used 4204K, capacity 4345K, committed 4452K, reserved 1048576K
2016-07-14T14:42:01.233+0100: 364.274: [GC (Allocation Failure) 2016-07-14T14:42:01.233+0100: 364.274: [ParNew
Desired survivor size 20112992 bytes, new threshold 8 (max 8)
- age   1:     790920 bytes,     790920 total
- age   2:       2968 bytes,     793888 total
- age   3:       4984 bytes,     798872 total
- age   4:       4600 bytes,     803472 total
- age   5:       6712 bytes,     810184 total
- age   6:       5872 bytes,     816056 total
- age   7:       4592 bytes,     820648 total
- age   8:      99240 bytes,     919888 total
: 89880K->1241K(109248K), 0.0055598 secs] 115670K->27040K(502464K), 0.0056656 secs] [Times: user=0.00 sys=0.00, real=0.01 secs] 
Heap after GC invocations=15 (full 1):
 par new generation   total 109248K, used 1241K [0x00000000e0000000, 0x00000000e8000000, 0x00000000e8000000)
  eden space 87424K,   0% used [0x00000000e0000000, 0x00000000e0000000, 0x00000000e5560000)
  from space 21824K,   5% used [0x00000000e6ab0000, 0x00000000e6be6690, 0x00000000e8000000)
  to   space 21824K,   0% used [0x00000000e5560000, 0x00000000e5560000, 0x00000000e6ab0000)
 concurrent mark-sweep generation total 393216K, used 25798K [0x00000000e8000000, 0x0000000100000000, 0x0000000100000000)
 Metaspace       used 37149K, capacity 37592K, committed 37988K, reserved 1083392K
  class space    used 4204K, capacity 4345K, committed 4452K, reserved 1048576K
}
2016-07-14T14:42:01.239+0100: 364.280: Total time for which application threads were stopped: 0.0059095 seconds, Stopping threads took: 0.0000284 seconds
2016-07-14T14:42:02.239+0100: 365.279: Total time for which application threads were stopped: 0.0000971 seconds, Stopping threads took: 0.0000320 seconds
2016-07-14T14:42:03.239+0100: 366.280: Total time for which application threads were stopped: 0.0000991 seconds, Stopping threads took: 0.0000253 seconds
2016-07-14T14:42:04.240+0100: 367.280: Total time for which application threads were stopped: 0.0000746 seconds, Stopping threads took: 0.0000241 seconds
2016-07-14T14:42:05.240+0100: 368.281: Total time for which application threads were stopped: 0.0000711 seconds, Stopping threads took: 0.0000189 seconds
2016-07-14T14:42:07.241+0100: 370.282: Total time for which application threads were stopped: 0.0002045 seconds, Stopping threads took: 0.0000663 seconds
{Heap before GC invocations=15 (full 1):
 par new generation   total 109248K, used 88665K [0x00000000e0000000, 0x00000000e8000000, 0x00000000e8000000)
  eden space 87424K, 100% used [0x00000000e0000000, 0x00000000e5560000, 0x00000000e5560000)
  from space 21824K,   5% used [0x00000000e6ab0000, 0x00000000e6be6690, 0x00000000e8000000)
  to   space 21824K,   0% used [0x00000000e5560000, 0x00000000e5560000, 0x00000000e6ab0000)
 concurrent mark-sweep generation total 393216K, used 25798K [0x00000000e8000000, 0x0000000100000000, 0x0000000100000000)
 Metaspace       used 37304K, capacity 37720K, committed 37988K, reserved 1083392K
  class space    used 4204K, capacity 4345K, committed 4452K, reserved 1048576K
2016-07-14T14:42:09.874+0100: 372.914: [GC (Allocation Failure) 2016-07-14T14:42:09.874+0100: 372.915: [ParNew
Desired survivor size 20112992 bytes, new threshold 8 (max 8)
- age   1:     480416 bytes,     480416 total
- age   2:       4040 bytes,     484456 total
- age   3:       2576 bytes,     487032 total
- age   4:       4984 bytes,     492016 total
- age   5:       3224 bytes,     495240 total
- age   6:       6712 bytes,     501952 total
- age   7:       5872 bytes,     507824 total
- age   8:       4592 bytes,     512416 total
: 88665K->711K(109248K), 0.0065060 secs] 114464K->26609K(502464K), 0.0065790 secs] [Times: user=0.00 sys=0.00, real=0.01 secs] 
Heap after GC invocations=16 (full 1):
 par new generation   total 109248K, used 711K [0x00000000e0000000, 0x00000000e8000000, 0x00000000e8000000)
  eden space 87424K,   0% used [0x00000000e0000000, 0x00000000e0000000, 0x00000000e5560000)
  from space 21824K,   3% used [0x00000000e5560000, 0x00000000e5611ed0, 0x00000000e6ab0000)
  to   space 21824K,   0% used [0x00000000e6ab0000, 0x00000000e6ab0000, 0x00000000e8000000)
 concurrent mark-sweep generation total 393216K, used 25897K [0x00000000e8000000, 0x0000000100000000, 0x0000000100000000)
 Metaspace       used 37304K, capacity 37720K, committed 37988K, reserved 1083392K
  class space    used 4204K, capacity 4345K, committed 4452K, reserved 1048576K
}
2016-07-14T14:42:09.880+0100: 372.921: Total time for which application threads were stopped: 0.0067535 seconds, Stopping threads took: 0.0000182 seconds
2016-07-14T14:42:10.881+0100: 373.921: Total time for which application threads were stopped: 0.0000797 seconds, Stopping threads took: 0.0000245 seconds
2016-07-14T14:42:11.881+0100: 374.921: Total time for which application threads were stopped: 0.0000711 seconds, Stopping threads took: 0.0000189 seconds
2016-07-14T14:42:12.881+0100: 375.921: Total time for which application threads were stopped: 0.0001015 seconds, Stopping threads took: 0.0000308 seconds
2016-07-14T14:42:18.882+0100: 381.923: Total time for which application threads were stopped: 0.0001251 seconds, Stopping threads took: 0.0000312 seconds
2016-07-14T14:42:19.883+0100: 382.923: Total time for which application threads were stopped: 0.0001038 seconds, Stopping threads took: 0.0000261 seconds
2016-07-14T14:42:22.885+0100: 385.925: Total time for which application threads were stopped: 0.0001603 seconds, Stopping threads took: 0.0000462 seconds
{Heap before GC invocations=16 (full 1):
 par new generation   total 109248K, used 88135K [0x00000000e0000000, 0x00000000e8000000, 0x00000000e8000000)
  eden space 87424K, 100% used [0x00000000e0000000, 0x00000000e5560000, 0x00000000e5560000)
  from space 21824K,   3% used [0x00000000e5560000, 0x00000000e5611ed0, 0x00000000e6ab0000)
  to   space 21824K,   0% used [0x00000000e6ab0000, 0x00000000e6ab0000, 0x00000000e8000000)
 concurrent mark-sweep generation total 393216K, used 25897K [0x00000000e8000000, 0x0000000100000000, 0x0000000100000000)
 Metaspace       used 37364K, capacity 37784K, committed 37988K, reserved 1083392K
  class space    used 4205K, capacity 4345K, committed 4452K, reserved 1048576K
2016-07-14T14:42:28.681+0100: 391.722: [GC (Allocation Failure) 2016-07-14T14:42:28.681+0100: 391.722: [ParNew
Desired survivor size 20112992 bytes, new threshold 8 (max 8)
- age   1:     557136 bytes,     557136 total
- age   2:       8768 bytes,     565904 total
- age   3:       3648 bytes,     569552 total
- age   4:       2576 bytes,     572128 total
- age   5:       4984 bytes,     577112 total
- age   6:       3224 bytes,     580336 total
- age   7:       6712 bytes,     587048 total
- age   8:       5872 bytes,     592920 total
: 88135K->780K(109248K), 0.0072991 secs] 114033K->26682K(502464K), 0.0074005 secs] [Times: user=0.06 sys=0.00, real=0.01 secs] 
Heap after GC invocations=17 (full 1):
 par new generation   total 109248K, used 780K [0x00000000e0000000, 0x00000000e8000000, 0x00000000e8000000)
  eden space 87424K,   0% used [0x00000000e0000000, 0x00000000e0000000, 0x00000000e5560000)
  from space 21824K,   3% used [0x00000000e6ab0000, 0x00000000e6b73168, 0x00000000e8000000)
  to   space 21824K,   0% used [0x00000000e5560000, 0x00000000e5560000, 0x00000000e6ab0000)
 concurrent mark-sweep generation total 393216K, used 25902K [0x00000000e8000000, 0x0000000100000000, 0x0000000100000000)
 Metaspace       used 37364K, capacity 37784K, committed 37988K, reserved 1083392K
  class space    used 4205K, capacity 4345K, committed 4452K, reserved 1048576K
}
2016-07-14T14:42:28.688+0100: 391.730: Total time for which application threads were stopped: 0.0076709 seconds, Stopping threads took: 0.0000253 seconds
2016-07-14T14:42:30.689+0100: 393.730: Total time for which application threads were stopped: 0.0000726 seconds, Stopping threads took: 0.0000221 seconds
2016-07-14T14:42:32.690+0100: 395.731: Total time for which application threads were stopped: 0.0001583 seconds, Stopping threads took: 0.0000426 seconds
2016-07-14T14:42:33.691+0100: 396.731: Total time for which application threads were stopped: 0.0000880 seconds, Stopping threads took: 0.0000300 seconds
2016-07-14T14:42:34.692+0100: 397.732: Total time for which application threads were stopped: 0.0000865 seconds, Stopping threads took: 0.0000276 seconds
{Heap before GC invocations=17 (full 1):
 par new generation   total 109248K, used 88204K [0x00000000e0000000, 0x00000000e8000000, 0x00000000e8000000)
  eden space 87424K, 100% used [0x00000000e0000000, 0x00000000e5560000, 0x00000000e5560000)
  from space 21824K,   3% used [0x00000000e6ab0000, 0x00000000e6b73168, 0x00000000e8000000)
  to   space 21824K,   0% used [0x00000000e5560000, 0x00000000e5560000, 0x00000000e6ab0000)
 concurrent mark-sweep generation total 393216K, used 25902K [0x00000000e8000000, 0x0000000100000000, 0x0000000100000000)
 Metaspace       used 37379K, capacity 37848K, committed 38244K, reserved 1083392K
  class space    used 4205K, capacity 4345K, committed 4452K, reserved 1048576K
2016-07-14T14:42:35.335+0100: 398.376: [GC (Allocation Failure) 2016-07-14T14:42:35.335+0100: 398.376: [ParNew
Desired survivor size 20112992 bytes, new threshold 8 (max 8)
- age   1:     581056 bytes,     581056 total
- age   2:       8672 bytes,     589728 total
- age   3:       8768 bytes,     598496 total
- age   4:       3528 bytes,     602024 total
- age   5:       2576 bytes,     604600 total
- age   6:       4984 bytes,     609584 total
- age   7:       3104 bytes,     612688 total
- age   8:       6680 bytes,     619368 total
: 88204K->704K(109248K), 0.0053438 secs] 114106K->26613K(502464K), 0.0054173 secs] [Times: user=0.06 sys=0.00, real=0.00 secs] 
Heap after GC invocations=18 (full 1):
 par new generation   total 109248K, used 704K [0x00000000e0000000, 0x00000000e8000000, 0x00000000e8000000)
  eden space 87424K,   0% used [0x00000000e0000000, 0x00000000e0000000, 0x00000000e5560000)
  from space 21824K,   3% used [0x00000000e5560000, 0x00000000e56103f0, 0x00000000e6ab0000)
  to   space 21824K,   0% used [0x00000000e6ab0000, 0x00000000e6ab0000, 0x00000000e8000000)
 concurrent mark-sweep generation total 393216K, used 25908K [0x00000000e8000000, 0x0000000100000000, 0x0000000100000000)
 Metaspace       used 37379K, capacity 37848K, committed 38244K, reserved 1083392K
  class space    used 4205K, capacity 4345K, committed 4452K, reserved 1048576K
}
2016-07-14T14:42:35.340+0100: 398.381: Total time for which application threads were stopped: 0.0055858 seconds, Stopping threads took: 0.0000174 seconds
2016-07-14T14:42:36.341+0100: 399.381: Total time for which application threads were stopped: 0.0001082 seconds, Stopping threads took: 0.0000379 seconds
2016-07-14T14:42:37.257+0100: 400.299: Total time for which application threads were stopped: 0.0013520 seconds, Stopping threads took: 0.0000608 seconds
2016-07-14T14:42:38.257+0100: 401.298: Total time for which application threads were stopped: 0.0000999 seconds, Stopping threads took: 0.0000205 seconds
{Heap before GC invocations=18 (full 1):
 par new generation   total 109248K, used 88128K [0x00000000e0000000, 0x00000000e8000000, 0x00000000e8000000)
  eden space 87424K, 100% used [0x00000000e0000000, 0x00000000e5560000, 0x00000000e5560000)
  from space 21824K,   3% used [0x00000000e5560000, 0x00000000e56103f0, 0x00000000e6ab0000)
  to   space 21824K,   0% used [0x00000000e6ab0000, 0x00000000e6ab0000, 0x00000000e8000000)
 concurrent mark-sweep generation total 393216K, used 25908K [0x00000000e8000000, 0x0000000100000000, 0x0000000100000000)
 Metaspace       used 37570K, capacity 37912K, committed 38244K, reserved 1083392K
  class space    used 4233K, capacity 4345K, committed 4452K, reserved 1048576K
2016-07-14T14:42:38.493+0100: 401.534: [GC (Allocation Failure) 2016-07-14T14:42:38.493+0100: 401.534: [ParNew
Desired survivor size 20112992 bytes, new threshold 8 (max 8)
- age   1:    2040240 bytes,    2040240 total
- age   2:       3472 bytes,    2043712 total
- age   3:       8280 bytes,    2051992 total
- age   4:       8768 bytes,    2060760 total
- age   5:       3528 bytes,    2064288 total
- age   6:       2576 bytes,    2066864 total
- age   7:       4984 bytes,    2071848 total
- age   8:       3104 bytes,    2074952 total
: 88128K->2205K(109248K), 0.0055771 secs] 114037K->28120K(502464K), 0.0056423 secs] [Times: user=0.06 sys=0.00, real=0.01 secs] 
Heap after GC invocations=19 (full 1):
 par new generation   total 109248K, used 2205K [0x00000000e0000000, 0x00000000e8000000, 0x00000000e8000000)
  eden space 87424K,   0% used [0x00000000e0000000, 0x00000000e0000000, 0x00000000e5560000)
  from space 21824K,  10% used [0x00000000e6ab0000, 0x00000000e6cd7550, 0x00000000e8000000)
  to   space 21824K,   0% used [0x00000000e5560000, 0x00000000e5560000, 0x00000000e6ab0000)
 concurrent mark-sweep generation total 393216K, used 25914K [0x00000000e8000000, 0x0000000100000000, 0x0000000100000000)
 Metaspace       used 37570K, capacity 37912K, committed 38244K, reserved 1083392K
  class space    used 4233K, capacity 4345K, committed 4452K, reserved 1048576K
}
2016-07-14T14:42:38.499+0100: 401.540: Total time for which application threads were stopped: 0.0058108 seconds, Stopping threads took: 0.0000186 seconds
2016-07-14T14:42:41.501+0100: 404.541: Total time for which application threads were stopped: 0.0000833 seconds, Stopping threads took: 0.0000288 seconds
2016-07-14T14:42:42.501+0100: 405.542: Total time for which application threads were stopped: 0.0000943 seconds, Stopping threads took: 0.0000284 seconds
2016-07-14T14:42:43.502+0100: 406.542: Total time for which application threads were stopped: 0.0001078 seconds, Stopping threads took: 0.0000418 seconds
2016-07-14T14:42:45.503+0100: 408.543: Total time for which application threads were stopped: 0.0001153 seconds, Stopping threads took: 0.0000288 seconds
{Heap before GC invocations=19 (full 1):
 par new generation   total 109248K, used 89629K [0x00000000e0000000, 0x00000000e8000000, 0x00000000e8000000)
  eden space 87424K, 100% used [0x00000000e0000000, 0x00000000e5560000, 0x00000000e5560000)
  from space 21824K,  10% used [0x00000000e6ab0000, 0x00000000e6cd7550, 0x00000000e8000000)
  to   space 21824K,   0% used [0x00000000e5560000, 0x00000000e5560000, 0x00000000e6ab0000)
 concurrent mark-sweep generation total 393216K, used 25914K [0x00000000e8000000, 0x0000000100000000, 0x0000000100000000)
 Metaspace       used 37589K, capacity 37912K, committed 38244K, reserved 1083392K
  class space    used 4233K, capacity 4345K, committed 4452K, reserved 1048576K
2016-07-14T14:42:45.575+0100: 408.615: [GC (Allocation Failure) 2016-07-14T14:42:45.575+0100: 408.615: [ParNew
Desired survivor size 20112992 bytes, new threshold 8 (max 8)
- age   1:    1335976 bytes,    1335976 total
- age   2:     672784 bytes,    2008760 total
- age   3:       3080 bytes,    2011840 total
- age   4:       8248 bytes,    2020088 total
- age   5:       7392 bytes,    2027480 total
- age   6:       3528 bytes,    2031008 total
- age   7:       2576 bytes,    2033584 total
- age   8:       4984 bytes,    2038568 total
: 89629K->2792K(109248K), 0.0090009 secs] 115544K->28710K(502464K), 0.0090897 secs] [Times: user=0.00 sys=0.00, real=0.01 secs] 
Heap after GC invocations=20 (full 1):
 par new generation   total 109248K, used 2792K [0x00000000e0000000, 0x00000000e8000000, 0x00000000e8000000)
  eden space 87424K,   0% used [0x00000000e0000000, 0x00000000e0000000, 0x00000000e5560000)
  from space 21824K,  12% used [0x00000000e5560000, 0x00000000e581a310, 0x00000000e6ab0000)
  to   space 21824K,   0% used [0x00000000e6ab0000, 0x00000000e6ab0000, 0x00000000e8000000)
 concurrent mark-sweep generation total 393216K, used 25917K [0x00000000e8000000, 0x0000000100000000, 0x0000000100000000)
 Metaspace       used 37589K, capacity 37912K, committed 38244K, reserved 1083392K
  class space    used 4233K, capacity 4345K, committed 4452K, reserved 1048576K
}
2016-07-14T14:42:45.584+0100: 408.625: Total time for which application threads were stopped: 0.0093163 seconds, Stopping threads took: 0.0000233 seconds
2016-07-14T14:42:45.598+0100: 408.639: Total time for which application threads were stopped: 0.0001093 seconds, Stopping threads took: 0.0000363 seconds
2016-07-14T14:42:45.598+0100: 408.639: Total time for which application threads were stopped: 0.0000679 seconds, Stopping threads took: 0.0000186 seconds
2016-07-14T14:42:45.599+0100: 408.640: Total time for which application threads were stopped: 0.0000746 seconds, Stopping threads took: 0.0000225 seconds
2016-07-14T14:42:45.599+0100: 408.640: Total time for which application threads were stopped: 0.0000888 seconds, Stopping threads took: 0.0000411 seconds
2016-07-14T14:42:45.599+0100: 408.640: Total time for which application threads were stopped: 0.0000592 seconds, Stopping threads took: 0.0000138 seconds
2016-07-14T14:42:45.733+0100: 408.774: Total time for which application threads were stopped: 0.0001922 seconds, Stopping threads took: 0.0000312 seconds
2016-07-14T14:42:46.733+0100: 409.773: Total time for which application threads were stopped: 0.0001453 seconds, Stopping threads took: 0.0000557 seconds
2016-07-14T14:42:47.733+0100: 410.774: Total time for which application threads were stopped: 0.0001015 seconds, Stopping threads took: 0.0000312 seconds
2016-07-14T14:42:48.734+0100: 411.775: Total time for which application threads were stopped: 0.0000892 seconds, Stopping threads took: 0.0000257 seconds
{Heap before GC invocations=20 (full 1):
 par new generation   total 109248K, used 90216K [0x00000000e0000000, 0x00000000e8000000, 0x00000000e8000000)
  eden space 87424K, 100% used [0x00000000e0000000, 0x00000000e5560000, 0x00000000e5560000)
  from space 21824K,  12% used [0x00000000e5560000, 0x00000000e581a310, 0x00000000e6ab0000)
  to   space 21824K,   0% used [0x00000000e6ab0000, 0x00000000e6ab0000, 0x00000000e8000000)
 concurrent mark-sweep generation total 393216K, used 25917K [0x00000000e8000000, 0x0000000100000000, 0x0000000100000000)
 Metaspace       used 37596K, capacity 38040K, committed 38244K, reserved 1083392K
  class space    used 4233K, capacity 4345K, committed 4452K, reserved 1048576K
2016-07-14T14:42:49.488+0100: 412.530: [GC (Allocation Failure) 2016-07-14T14:42:49.488+0100: 412.530: [ParNew
Desired survivor size 20112992 bytes, new threshold 8 (max 8)
- age   1:    1321120 bytes,    1321120 total
- age   2:      12968 bytes,    1334088 total
- age   3:     666240 bytes,    2000328 total
- age   4:       3080 bytes,    2003408 total
- age   5:       8248 bytes,    2011656 total
- age   6:       7392 bytes,    2019048 total
- age   7:       3528 bytes,    2022576 total
- age   8:       2576 bytes,    2025152 total
: 90216K->2799K(109248K), 0.0066489 secs] 116134K->28722K(502464K), 0.0067152 secs] [Times: user=0.00 sys=0.00, real=0.01 secs] 
Heap after GC invocations=21 (full 1):
 par new generation   total 109248K, used 2799K [0x00000000e0000000, 0x00000000e8000000, 0x00000000e8000000)
  eden space 87424K,   0% used [0x00000000e0000000, 0x00000000e0000000, 0x00000000e5560000)
  from space 21824K,  12% used [0x00000000e6ab0000, 0x00000000e6d6be60, 0x00000000e8000000)
  to   space 21824K,   0% used [0x00000000e5560000, 0x00000000e5560000, 0x00000000e6ab0000)
 concurrent mark-sweep generation total 393216K, used 25922K [0x00000000e8000000, 0x0000000100000000, 0x0000000100000000)
 Metaspace       used 37596K, capacity 38040K, committed 38244K, reserved 1083392K
  class space    used 4233K, capacity 4345K, committed 4452K, reserved 1048576K
}
2016-07-14T14:42:49.495+0100: 412.536: Total time for which application threads were stopped: 0.0068783 seconds, Stopping threads took: 0.0000170 seconds
2016-07-14T14:42:50.496+0100: 413.537: Total time for which application threads were stopped: 0.0001105 seconds, Stopping threads took: 0.0000418 seconds
2016-07-14T14:42:51.496+0100: 414.537: Total time for which application threads were stopped: 0.0001066 seconds, Stopping threads took: 0.0000253 seconds
2016-07-14T14:42:52.497+0100: 415.538: Total time for which application threads were stopped: 0.0000999 seconds, Stopping threads took: 0.0000268 seconds
{Heap before GC invocations=21 (full 1):
 par new generation   total 109248K, used 90223K [0x00000000e0000000, 0x00000000e8000000, 0x00000000e8000000)
  eden space 87424K, 100% used [0x00000000e0000000, 0x00000000e5560000, 0x00000000e5560000)
  from space 21824K,  12% used [0x00000000e6ab0000, 0x00000000e6d6be60, 0x00000000e8000000)
  to   space 21824K,   0% used [0x00000000e5560000, 0x00000000e5560000, 0x00000000e6ab0000)
 concurrent mark-sweep generation total 393216K, used 25922K [0x00000000e8000000, 0x0000000100000000, 0x0000000100000000)
 Metaspace       used 37738K, capacity 38168K, committed 38500K, reserved 1083392K
  class space    used 4233K, capacity 4345K, committed 4452K, reserved 1048576K
2016-07-14T14:42:53.300+0100: 416.341: [GC (Allocation Failure) 2016-07-14T14:42:53.300+0100: 416.341: [ParNew
Desired survivor size 20112992 bytes, new threshold 8 (max 8)
- age   1:    2239432 bytes,    2239432 total
- age   2:      10584 bytes,    2250016 total
- age   3:       6400 bytes,    2256416 total
- age   4:     666240 bytes,    2922656 total
- age   5:       3080 bytes,    2925736 total
- age   6:       8248 bytes,    2933984 total
- age   7:       7392 bytes,    2941376 total
- age   8:       3528 bytes,    2944904 total
: 90223K->3371K(109248K), 0.0055377 secs] 116146K->29296K(502464K), 0.0056312 secs] [Times: user=0.00 sys=0.00, real=0.01 secs] 
Heap after GC invocations=22 (full 1):
 par new generation   total 109248K, used 3371K [0x00000000e0000000, 0x00000000e8000000, 0x00000000e8000000)
  eden space 87424K,   0% used [0x00000000e0000000, 0x00000000e0000000, 0x00000000e5560000)
  from space 21824K,  15% used [0x00000000e5560000, 0x00000000e58aac30, 0x00000000e6ab0000)
  to   space 21824K,   0% used [0x00000000e6ab0000, 0x00000000e6ab0000, 0x00000000e8000000)
 concurrent mark-sweep generation total 393216K, used 25925K [0x00000000e8000000, 0x0000000100000000, 0x0000000100000000)
 Metaspace       used 37738K, capacity 38168K, committed 38500K, reserved 1083392K
  class space    used 4233K, capacity 4345K, committed 4452K, reserved 1048576K
}
2016-07-14T14:42:53.306+0100: 416.347: Total time for which application threads were stopped: 0.0058949 seconds, Stopping threads took: 0.0000257 seconds
{Heap before GC invocations=22 (full 1):
 par new generation   total 109248K, used 90795K [0x00000000e0000000, 0x00000000e8000000, 0x00000000e8000000)
  eden space 87424K, 100% used [0x00000000e0000000, 0x00000000e5560000, 0x00000000e5560000)
  from space 21824K,  15% used [0x00000000e5560000, 0x00000000e58aac30, 0x00000000e6ab0000)
  to   space 21824K,   0% used [0x00000000e6ab0000, 0x00000000e6ab0000, 0x00000000e8000000)
 concurrent mark-sweep generation total 393216K, used 25925K [0x00000000e8000000, 0x0000000100000000, 0x0000000100000000)
 Metaspace       used 37738K, capacity 38168K, committed 38500K, reserved 1083392K
  class space    used 4233K, capacity 4345K, committed 4452K, reserved 1048576K
2016-07-14T14:42:53.499+0100: 416.540: [GC (Allocation Failure) 2016-07-14T14:42:53.499+0100: 416.540: [ParNew
Desired survivor size 20112992 bytes, new threshold 8 (max 8)
- age   1:    2546672 bytes,    2546672 total
- age   2:    1783616 bytes,    4330288 total
- age   3:       2848 bytes,    4333136 total
- age   4:       6400 bytes,    4339536 total
- age   5:     666216 bytes,    5005752 total
- age   6:       3080 bytes,    5008832 total
- age   7:       8248 bytes,    5017080 total
- age   8:       7392 bytes,    5024472 total
: 90795K->6593K(109248K), 0.0053237 secs] 116720K->32522K(502464K), 0.0054050 secs] [Times: user=0.00 sys=0.00, real=0.00 secs] 
Heap after GC invocations=23 (full 1):
 par new generation   total 109248K, used 6593K [0x00000000e0000000, 0x00000000e8000000, 0x00000000e8000000)
  eden space 87424K,   0% used [0x00000000e0000000, 0x00000000e0000000, 0x00000000e5560000)
  from space 21824K,  30% used [0x00000000e6ab0000, 0x00000000e71206e8, 0x00000000e8000000)
  to   space 21824K,   0% used [0x00000000e5560000, 0x00000000e5560000, 0x00000000e6ab0000)
 concurrent mark-sweep generation total 393216K, used 25928K [0x00000000e8000000, 0x0000000100000000, 0x0000000100000000)
 Metaspace       used 37738K, capacity 38168K, committed 38500K, reserved 1083392K
  class space    used 4233K, capacity 4345K, committed 4452K, reserved 1048576K
}
2016-07-14T14:42:53.504+0100: 416.545: Total time for which application threads were stopped: 0.0056221 seconds, Stopping threads took: 0.0000276 seconds
{Heap before GC invocations=23 (full 1):
 par new generation   total 109248K, used 94017K [0x00000000e0000000, 0x00000000e8000000, 0x00000000e8000000)
  eden space 87424K, 100% used [0x00000000e0000000, 0x00000000e5560000, 0x00000000e5560000)
  from space 21824K,  30% used [0x00000000e6ab0000, 0x00000000e71206e8, 0x00000000e8000000)
  to   space 21824K,   0% used [0x00000000e5560000, 0x00000000e5560000, 0x00000000e6ab0000)
 concurrent mark-sweep generation total 393216K, used 25928K [0x00000000e8000000, 0x0000000100000000, 0x0000000100000000)
 Metaspace       used 37738K, capacity 38168K, committed 38500K, reserved 1083392K
  class space    used 4233K, capacity 4345K, committed 4452K, reserved 1048576K
2016-07-14T14:42:53.631+0100: 416.672: [GC (Allocation Failure) 2016-07-14T14:42:53.631+0100: 416.672: [ParNew
Desired survivor size 20112992 bytes, new threshold 8 (max 8)
- age   1:    2464384 bytes,    2464384 total
- age   2:    2303928 bytes,    4768312 total
- age   3:    1783208 bytes,    6551520 total
- age   4:       2848 bytes,    6554368 total
- age   5:       6400 bytes,    6560768 total
- age   6:     666216 bytes,    7226984 total
- age   7:       3080 bytes,    7230064 total
- age   8:       8248 bytes,    7238312 total
: 94017K->8538K(109248K), 0.0054777 secs] 119946K->34473K(502464K), 0.0055487 secs] [Times: user=0.06 sys=0.00, real=0.01 secs] 
Heap after GC invocations=24 (full 1):
 par new generation   total 109248K, used 8538K [0x00000000e0000000, 0x00000000e8000000, 0x00000000e8000000)
  eden space 87424K,   0% used [0x00000000e0000000, 0x00000000e0000000, 0x00000000e5560000)
  from space 21824K,  39% used [0x00000000e5560000, 0x00000000e5db6820, 0x00000000e6ab0000)
  to   space 21824K,   0% used [0x00000000e6ab0000, 0x00000000e6ab0000, 0x00000000e8000000)
 concurrent mark-sweep generation total 393216K, used 25935K [0x00000000e8000000, 0x0000000100000000, 0x0000000100000000)
 Metaspace       used 37738K, capacity 38168K, committed 38500K, reserved 1083392K
  class space    used 4233K, capacity 4345K, committed 4452K, reserved 1048576K
}
2016-07-14T14:42:53.637+0100: 416.678: Total time for which application threads were stopped: 0.0057362 seconds, Stopping threads took: 0.0000257 seconds
2016-07-14T14:42:54.638+0100: 417.679: Total time for which application threads were stopped: 0.0002041 seconds, Stopping threads took: 0.0000636 seconds
2016-07-14T14:42:59.640+0100: 422.680: Total time for which application threads were stopped: 0.0000817 seconds, Stopping threads took: 0.0000268 seconds
2016-07-14T14:43:00.640+0100: 423.681: Total time for which application threads were stopped: 0.0000837 seconds, Stopping threads took: 0.0000304 seconds
{Heap before GC invocations=24 (full 1):
 par new generation   total 109248K, used 95948K [0x00000000e0000000, 0x00000000e8000000, 0x00000000e8000000)
  eden space 87424K,  99% used [0x00000000e0000000, 0x00000000e555c988, 0x00000000e5560000)
  from space 21824K,  39% used [0x00000000e5560000, 0x00000000e5db6820, 0x00000000e6ab0000)
  to   space 21824K,   0% used [0x00000000e6ab0000, 0x00000000e6ab0000, 0x00000000e8000000)
 concurrent mark-sweep generation total 393216K, used 25935K [0x00000000e8000000, 0x0000000100000000, 0x0000000100000000)
 Metaspace       used 37747K, capacity 38168K, committed 38500K, reserved 1083392K
  class space    used 4234K, capacity 4345K, committed 4452K, reserved 1048576K
2016-07-14T14:43:03.915+0100: 426.956: [GC (Allocation Failure) 2016-07-14T14:43:03.915+0100: 426.956: [ParNew
Desired survivor size 20112992 bytes, new threshold 8 (max 8)
- age   1:    1041472 bytes,    1041472 total
- age   4:       9856 bytes,    1051328 total
- age   5:       2848 bytes,    1054176 total
- age   6:       6400 bytes,    1060576 total
- age   7:     666216 bytes,    1726792 total
- age   8:       2960 bytes,    1729752 total
: 95948K->5911K(109248K), 0.0062565 secs] 121884K->31855K(502464K), 0.0063375 secs] [Times: user=0.06 sys=0.00, real=0.01 secs] 
Heap after GC invocations=25 (full 1):
 par new generation   total 109248K, used 5911K [0x00000000e0000000, 0x00000000e8000000, 0x00000000e8000000)
  eden space 87424K,   0% used [0x00000000e0000000, 0x00000000e0000000, 0x00000000e5560000)
  from space 21824K,  27% used [0x00000000e6ab0000, 0x00000000e7075d80, 0x00000000e8000000)
  to   space 21824K,   0% used [0x00000000e5560000, 0x00000000e5560000, 0x00000000e6ab0000)
 concurrent mark-sweep generation total 393216K, used 25943K [0x00000000e8000000, 0x0000000100000000, 0x0000000100000000)
 Metaspace       used 37747K, capacity 38168K, committed 38500K, reserved 1083392K
  class space    used 4234K, capacity 4345K, committed 4452K, reserved 1048576K
}
2016-07-14T14:43:03.922+0100: 426.963: Total time for which application threads were stopped: 0.0065096 seconds, Stopping threads took: 0.0000182 seconds
2016-07-14T14:43:06.924+0100: 429.964: Total time for which application threads were stopped: 0.0000861 seconds, Stopping threads took: 0.0000284 seconds
{Heap before GC invocations=25 (full 1):
 par new generation   total 109248K, used 93335K [0x00000000e0000000, 0x00000000e8000000, 0x00000000e8000000)
  eden space 87424K, 100% used [0x00000000e0000000, 0x00000000e5560000, 0x00000000e5560000)
  from space 21824K,  27% used [0x00000000e6ab0000, 0x00000000e7075d80, 0x00000000e8000000)
  to   space 21824K,   0% used [0x00000000e5560000, 0x00000000e5560000, 0x00000000e6ab0000)
 concurrent mark-sweep generation total 393216K, used 25943K [0x00000000e8000000, 0x0000000100000000, 0x0000000100000000)
 Metaspace       used 37755K, capacity 38168K, committed 38500K, reserved 1083392K
  class space    used 4234K, capacity 4345K, committed 4452K, reserved 1048576K
2016-07-14T14:43:08.460+0100: 431.501: [GC (Allocation Failure) 2016-07-14T14:43:08.460+0100: 431.501: [ParNew
Desired survivor size 20112992 bytes, new threshold 8 (max 8)
- age   1:    1288792 bytes,    1288792 total
- age   2:      11456 bytes,    1300248 total
- age   5:       6944 bytes,    1307192 total
- age   6:       2848 bytes,    1310040 total
- age   7:       6400 bytes,    1316440 total
- age   8:     666216 bytes,    1982656 total
: 93335K->2533K(109248K), 0.0060481 secs] 119279K->28480K(502464K), 0.0061156 secs] [Times: user=0.06 sys=0.00, real=0.01 secs] 
Heap after GC invocations=26 (full 1):
 par new generation   total 109248K, used 2533K [0x00000000e0000000, 0x00000000e8000000, 0x00000000e8000000)
  eden space 87424K,   0% used [0x00000000e0000000, 0x00000000e0000000, 0x00000000e5560000)
  from space 21824K,  11% used [0x00000000e5560000, 0x00000000e57d95d0, 0x00000000e6ab0000)
  to   space 21824K,   0% used [0x00000000e6ab0000, 0x00000000e6ab0000, 0x00000000e8000000)
 concurrent mark-sweep generation total 393216K, used 25946K [0x00000000e8000000, 0x0000000100000000, 0x0000000100000000)
 Metaspace       used 37755K, capacity 38168K, committed 38500K, reserved 1083392K
  class space    used 4234K, capacity 4345K, committed 4452K, reserved 1048576K
}
2016-07-14T14:43:08.466+0100: 431.507: Total time for which application threads were stopped: 0.0063153 seconds, Stopping threads took: 0.0000300 seconds
2016-07-14T14:43:16.471+0100: 439.512: Total time for which application threads were stopped: 0.0000805 seconds, Stopping threads took: 0.0000233 seconds
{Heap before GC invocations=26 (full 1):
 par new generation   total 109248K, used 89957K [0x00000000e0000000, 0x00000000e8000000, 0x00000000e8000000)
  eden space 87424K, 100% used [0x00000000e0000000, 0x00000000e5560000, 0x00000000e5560000)
  from space 21824K,  11% used [0x00000000e5560000, 0x00000000e57d95d0, 0x00000000e6ab0000)
  to   space 21824K,   0% used [0x00000000e6ab0000, 0x00000000e6ab0000, 0x00000000e8000000)
 concurrent mark-sweep generation total 393216K, used 25946K [0x00000000e8000000, 0x0000000100000000, 0x0000000100000000)
 Metaspace       used 37756K, capacity 38168K, committed 38500K, reserved 1083392K
  class space    used 4234K, capacity 4345K, committed 4452K, reserved 1048576K
2016-07-14T14:43:18.902+0100: 441.943: [GC (Allocation Failure) 2016-07-14T14:43:18.903+0100: 441.943: [ParNew
Desired survivor size 20112992 bytes, new threshold 8 (max 8)
- age   1:     894616 bytes,     894616 total
- age   2:       8288 bytes,     902904 total
- age   3:       4856 bytes,     907760 total
- age   6:       6944 bytes,     914704 total
- age   7:       2848 bytes,     917552 total
- age   8:       5024 bytes,     922576 total
: 89957K->1722K(109248K), 0.0054871 secs] 115904K->28321K(502464K), 0.0056170 secs] [Times: user=0.00 sys=0.00, real=0.01 secs] 
Heap after GC invocations=27 (full 1):
 par new generation   total 109248K, used 1722K [0x00000000e0000000, 0x00000000e8000000, 0x00000000e8000000)
  eden space 87424K,   0% used [0x00000000e0000000, 0x00000000e0000000, 0x00000000e5560000)
  from space 21824K,   7% used [0x00000000e6ab0000, 0x00000000e6c5e9e0, 0x00000000e8000000)
  to   space 21824K,   0% used [0x00000000e5560000, 0x00000000e5560000, 0x00000000e6ab0000)
 concurrent mark-sweep generation total 393216K, used 26599K [0x00000000e8000000, 0x0000000100000000, 0x0000000100000000)
 Metaspace       used 37756K, capacity 38168K, committed 38500K, reserved 1083392K
  class space    used 4234K, capacity 4345K, committed 4452K, reserved 1048576K
}
2016-07-14T14:43:18.908+0100: 441.949: Total time for which application threads were stopped: 0.0058108 seconds, Stopping threads took: 0.0000264 seconds
2016-07-14T14:43:19.908+0100: 442.949: Total time for which application threads were stopped: 0.0001757 seconds, Stopping threads took: 0.0000462 seconds
2016-07-14T14:43:23.910+0100: 446.950: Total time for which application threads were stopped: 0.0000726 seconds, Stopping threads took: 0.0000205 seconds
{Heap before GC invocations=27 (full 1):
 par new generation   total 109248K, used 89146K [0x00000000e0000000, 0x00000000e8000000, 0x00000000e8000000)
  eden space 87424K, 100% used [0x00000000e0000000, 0x00000000e5560000, 0x00000000e5560000)
  from space 21824K,   7% used [0x00000000e6ab0000, 0x00000000e6c5e9e0, 0x00000000e8000000)
  to   space 21824K,   0% used [0x00000000e5560000, 0x00000000e5560000, 0x00000000e6ab0000)
 concurrent mark-sweep generation total 393216K, used 26599K [0x00000000e8000000, 0x0000000100000000, 0x0000000100000000)
 Metaspace       used 37775K, capacity 38168K, committed 38500K, reserved 1083392K
  class space    used 4235K, capacity 4345K, committed 4452K, reserved 1048576K
2016-07-14T14:43:25.056+0100: 448.097: [GC (Allocation Failure) 2016-07-14T14:43:25.056+0100: 448.097: [ParNew
Desired survivor size 20112992 bytes, new threshold 8 (max 8)
- age   1:    1442728 bytes,    1442728 total
- age   2:       3872 bytes,    1446600 total
- age   3:       1720 bytes,    1448320 total
- age   4:       4856 bytes,    1453176 total
- age   7:       6944 bytes,    1460120 total
- age   8:       2848 bytes,    1462968 total
: 89146K->1542K(109248K), 0.0070464 secs] 115745K->28146K(502464K), 0.0071282 secs] [Times: user=0.06 sys=0.00, real=0.01 secs] 
Heap after GC invocations=28 (full 1):
 par new generation   total 109248K, used 1542K [0x00000000e0000000, 0x00000000e8000000, 0x00000000e8000000)
  eden space 87424K,   0% used [0x00000000e0000000, 0x00000000e0000000, 0x00000000e5560000)
  from space 21824K,   7% used [0x00000000e5560000, 0x00000000e56e1920, 0x00000000e6ab0000)
  to   space 21824K,   0% used [0x00000000e6ab0000, 0x00000000e6ab0000, 0x00000000e8000000)
 concurrent mark-sweep generation total 393216K, used 26604K [0x00000000e8000000, 0x0000000100000000, 0x0000000100000000)
 Metaspace       used 37775K, capacity 38168K, committed 38500K, reserved 1083392K
  class space    used 4235K, capacity 4345K, committed 4452K, reserved 1048576K
}
2016-07-14T14:43:25.063+0100: 448.104: Total time for which application threads were stopped: 0.0073425 seconds, Stopping threads took: 0.0000249 seconds
2016-07-14T14:43:26.064+0100: 449.105: Total time for which application threads were stopped: 0.0000943 seconds, Stopping threads took: 0.0000367 seconds
2016-07-14T14:43:27.065+0100: 450.106: Total time for which application threads were stopped: 0.0001303 seconds, Stopping threads took: 0.0000320 seconds
2016-07-14T14:43:30.066+0100: 453.106: Total time for which application threads were stopped: 0.0000979 seconds, Stopping threads took: 0.0000296 seconds
2016-07-14T14:43:34.066+0100: 457.107: Total time for which application threads were stopped: 0.0000936 seconds, Stopping threads took: 0.0000308 seconds
{Heap before GC invocations=28 (full 1):
 par new generation   total 109248K, used 88966K [0x00000000e0000000, 0x00000000e8000000, 0x00000000e8000000)
  eden space 87424K, 100% used [0x00000000e0000000, 0x00000000e5560000, 0x00000000e5560000)
  from space 21824K,   7% used [0x00000000e5560000, 0x00000000e56e1920, 0x00000000e6ab0000)
  to   space 21824K,   0% used [0x00000000e6ab0000, 0x00000000e6ab0000, 0x00000000e8000000)
 concurrent mark-sweep generation total 393216K, used 26604K [0x00000000e8000000, 0x0000000100000000, 0x0000000100000000)
 Metaspace       used 37776K, capacity 38168K, committed 38500K, reserved 1083392K
  class space    used 4235K, capacity 4345K, committed 4452K, reserved 1048576K
2016-07-14T14:43:35.171+0100: 458.212: [GC (Allocation Failure) 2016-07-14T14:43:35.171+0100: 458.212: [ParNew
Desired survivor size 20112992 bytes, new threshold 8 (max 8)
- age   1:    1289800 bytes,    1289800 total
- age   2:      11240 bytes,    1301040 total
- age   3:       3480 bytes,    1304520 total
- age   4:       1720 bytes,    1306240 total
- age   5:       4736 bytes,    1310976 total
- age   8:       6944 bytes,    1317920 total
: 88966K->1938K(109248K), 0.0062577 secs] 115570K->28545K(502464K), 0.0063189 secs] [Times: user=0.00 sys=0.00, real=0.01 secs] 
Heap after GC invocations=29 (full 1):
 par new generation   total 109248K, used 1938K [0x00000000e0000000, 0x00000000e8000000, 0x00000000e8000000)
  eden space 87424K,   0% used [0x00000000e0000000, 0x00000000e0000000, 0x00000000e5560000)
  from space 21824K,   8% used [0x00000000e6ab0000, 0x00000000e6c94a80, 0x00000000e8000000)
  to   space 21824K,   0% used [0x00000000e5560000, 0x00000000e5560000, 0x00000000e6ab0000)
 concurrent mark-sweep generation total 393216K, used 26606K [0x00000000e8000000, 0x0000000100000000, 0x0000000100000000)
 Metaspace       used 37776K, capacity 38168K, committed 38500K, reserved 1083392K
  class space    used 4235K, capacity 4345K, committed 4452K, reserved 1048576K
}
2016-07-14T14:43:35.177+0100: 458.219: Total time for which application threads were stopped: 0.0064863 seconds, Stopping threads took: 0.0000182 seconds
2016-07-14T14:43:40.179+0100: 463.220: Total time for which application threads were stopped: 0.0000699 seconds, Stopping threads took: 0.0000186 seconds
2016-07-14T14:43:41.180+0100: 464.220: Total time for which application threads were stopped: 0.0000718 seconds, Stopping threads took: 0.0000197 seconds
{Heap before GC invocations=29 (full 1):
 par new generation   total 109248K, used 89362K [0x00000000e0000000, 0x00000000e8000000, 0x00000000e8000000)
  eden space 87424K, 100% used [0x00000000e0000000, 0x00000000e5560000, 0x00000000e5560000)
  from space 21824K,   8% used [0x00000000e6ab0000, 0x00000000e6c94a80, 0x00000000e8000000)
  to   space 21824K,   0% used [0x00000000e5560000, 0x00000000e5560000, 0x00000000e6ab0000)
 concurrent mark-sweep generation total 393216K, used 26606K [0x00000000e8000000, 0x0000000100000000, 0x0000000100000000)
 Metaspace       used 37776K, capacity 38168K, committed 38500K, reserved 1083392K
  class space    used 4235K, capacity 4345K, committed 4452K, reserved 1048576K
2016-07-14T14:43:42.762+0100: 465.803: [GC (Allocation Failure) 2016-07-14T14:43:42.762+0100: 465.803: [ParNew
Desired survivor size 20112992 bytes, new threshold 8 (max 8)
- age   1:    1143320 bytes,    1143320 total
- age   2:      13096 bytes,    1156416 total
- age   3:       4672 bytes,    1161088 total
- age   4:       2104 bytes,    1163192 total
- age   5:       1720 bytes,    1164912 total
- age   6:       4736 bytes,    1169648 total
: 89362K->1449K(109248K), 0.0097107 secs] 115969K->28063K(502464K), 0.0098046 secs] [Times: user=0.00 sys=0.00, real=0.01 secs] 
Heap after GC invocations=30 (full 1):
 par new generation   total 109248K, used 1449K [0x00000000e0000000, 0x00000000e8000000, 0x00000000e8000000)
  eden space 87424K,   0% used [0x00000000e0000000, 0x00000000e0000000, 0x00000000e5560000)
  from space 21824K,   6% used [0x00000000e5560000, 0x00000000e56ca7c0, 0x00000000e6ab0000)
  to   space 21824K,   0% used [0x00000000e6ab0000, 0x00000000e6ab0000, 0x00000000e8000000)
 concurrent mark-sweep generation total 393216K, used 26613K [0x00000000e8000000, 0x0000000100000000, 0x0000000100000000)
 Metaspace       used 37776K, capacity 38168K, committed 38500K, reserved 1083392K
  class space    used 4235K, capacity 4345K, committed 4452K, reserved 1048576K
}
2016-07-14T14:43:42.772+0100: 465.813: Total time for which application threads were stopped: 0.0100663 seconds, Stopping threads took: 0.0000249 seconds
2016-07-14T14:43:45.773+0100: 468.814: Total time for which application threads were stopped: 0.0001026 seconds, Stopping threads took: 0.0000292 seconds
{Heap before GC invocations=30 (full 1):
 par new generation   total 109248K, used 88873K [0x00000000e0000000, 0x00000000e8000000, 0x00000000e8000000)
  eden space 87424K, 100% used [0x00000000e0000000, 0x00000000e5560000, 0x00000000e5560000)
  from space 21824K,   6% used [0x00000000e5560000, 0x00000000e56ca7c0, 0x00000000e6ab0000)
  to   space 21824K,   0% used [0x00000000e6ab0000, 0x00000000e6ab0000, 0x00000000e8000000)
 concurrent mark-sweep generation total 393216K, used 26613K [0x00000000e8000000, 0x0000000100000000, 0x0000000100000000)
 Metaspace       used 37776K, capacity 38168K, committed 38500K, reserved 1083392K
  class space    used 4235K, capacity 4345K, committed 4452K, reserved 1048576K
2016-07-14T14:44:27.220+0100: 510.261: [GC (Allocation Failure) 2016-07-14T14:44:27.220+0100: 510.261: [ParNew
Desired survivor size 20112992 bytes, new threshold 8 (max 8)
- age   1:    1157576 bytes,    1157576 total
- age   2:       9744 bytes,    1167320 total
- age   3:       4976 bytes,    1172296 total
- age   4:       4552 bytes,    1176848 total
- age   5:       2104 bytes,    1178952 total
- age   6:       1720 bytes,    1180672 total
- age   7:       4704 bytes,    1185376 total
: 88873K->1556K(109248K), 0.0053711 secs] 115487K->28170K(502464K), 0.0054398 secs] [Times: user=0.00 sys=0.00, real=0.01 secs] 
Heap after GC invocations=31 (full 1):
 par new generation   total 109248K, used 1556K [0x00000000e0000000, 0x00000000e8000000, 0x00000000e8000000)
  eden space 87424K,   0% used [0x00000000e0000000, 0x00000000e0000000, 0x00000000e5560000)
  from space 21824K,   7% used [0x00000000e6ab0000, 0x00000000e6c353a0, 0x00000000e8000000)
  to   space 21824K,   0% used [0x00000000e5560000, 0x00000000e5560000, 0x00000000e6ab0000)
 concurrent mark-sweep generation total 393216K, used 26613K [0x00000000e8000000, 0x0000000100000000, 0x0000000100000000)
 Metaspace       used 37776K, capacity 38168K, committed 38500K, reserved 1083392K
  class space    used 4235K, capacity 4345K, committed 4452K, reserved 1048576K
}
2016-07-14T14:44:27.226+0100: 510.266: Total time for which application threads were stopped: 0.0056553 seconds, Stopping threads took: 0.0000391 seconds
2016-07-14T14:45:20.253+0100: 563.293: Total time for which application threads were stopped: 0.0000892 seconds, Stopping threads took: 0.0000261 seconds
2016-07-14T14:46:09.567+0100: 612.608: Total time for which application threads were stopped: 0.0001899 seconds, Stopping threads took: 0.0000403 seconds
2016-07-14T14:46:10.568+0100: 613.608: Total time for which application threads were stopped: 0.0001295 seconds, Stopping threads took: 0.0000383 seconds
2016-07-14T14:52:28.877+0100: 991.919: Total time for which application threads were stopped: 0.0001066 seconds, Stopping threads took: 0.0000257 seconds
2016-07-14T14:52:28.877+0100: 991.919: Total time for which application threads were stopped: 0.0000391 seconds, Stopping threads took: 0.0000103 seconds
2016-07-14T14:52:28.878+0100: 991.919: Total time for which application threads were stopped: 0.0001275 seconds, Stopping threads took: 0.0000095 seconds
2016-07-14T14:52:28.878+0100: 991.919: Total time for which application threads were stopped: 0.0000636 seconds, Stopping threads took: 0.0000233 seconds
2016-07-14T14:52:28.878+0100: 991.919: Total time for which application threads were stopped: 0.0000490 seconds, Stopping threads took: 0.0000178 seconds
2016-07-14T14:52:28.879+0100: 991.921: Total time for which application threads were stopped: 0.0000872 seconds, Stopping threads took: 0.0000209 seconds
2016-07-14T14:52:28.880+0100: 991.921: Total time for which application threads were stopped: 0.0000900 seconds, Stopping threads took: 0.0000264 seconds
2016-07-14T14:52:28.902+0100: 991.944: Total time for which application threads were stopped: 0.0000995 seconds, Stopping threads took: 0.0000272 seconds
2016-07-14T14:52:28.902+0100: 991.944: Total time for which application threads were stopped: 0.0000616 seconds, Stopping threads took: 0.0000229 seconds
2016-07-14T14:52:28.904+0100: 991.945: Total time for which application threads were stopped: 0.0000872 seconds, Stopping threads took: 0.0000292 seconds
2016-07-14T14:52:28.934+0100: 991.976: Total time for which application threads were stopped: 0.0001026 seconds, Stopping threads took: 0.0000241 seconds
2016-07-14T14:52:28.935+0100: 991.976: Total time for which application threads were stopped: 0.0000722 seconds, Stopping threads took: 0.0000300 seconds
2016-07-14T14:52:28.937+0100: 991.978: Total time for which application threads were stopped: 0.0001461 seconds, Stopping threads took: 0.0000592 seconds
2016-07-14T14:52:29.005+0100: 992.046: Total time for which application threads were stopped: 0.0001615 seconds, Stopping threads took: 0.0000367 seconds
2016-07-14T14:52:29.510+0100: 992.551: Total time for which application threads were stopped: 0.0002222 seconds, Stopping threads took: 0.0000399 seconds
2016-07-14T14:52:30.363+0100: 993.404: Total time for which application threads were stopped: 0.0002297 seconds, Stopping threads took: 0.0000497 seconds
2016-07-14T14:52:30.609+0100: 993.650: Total time for which application threads were stopped: 0.0000979 seconds, Stopping threads took: 0.0000197 seconds
2016-07-14T14:52:30.609+0100: 993.650: Total time for which application threads were stopped: 0.0000695 seconds, Stopping threads took: 0.0000229 seconds
2016-07-14T14:52:30.620+0100: 993.661: Total time for which application threads were stopped: 0.0001243 seconds, Stopping threads took: 0.0000264 seconds
2016-07-14T14:52:30.620+0100: 993.662: Total time for which application threads were stopped: 0.0001240 seconds, Stopping threads took: 0.0000675 seconds
2016-07-14T14:52:30.625+0100: 993.666: Total time for which application threads were stopped: 0.0000967 seconds, Stopping threads took: 0.0000229 seconds
{Heap before GC invocations=31 (full 1):
 par new generation   total 109248K, used 88980K [0x00000000e0000000, 0x00000000e8000000, 0x00000000e8000000)
  eden space 87424K, 100% used [0x00000000e0000000, 0x00000000e5560000, 0x00000000e5560000)
  from space 21824K,   7% used [0x00000000e6ab0000, 0x00000000e6c353a0, 0x00000000e8000000)
  to   space 21824K,   0% used [0x00000000e5560000, 0x00000000e5560000, 0x00000000e6ab0000)
 concurrent mark-sweep generation total 393216K, used 26613K [0x00000000e8000000, 0x0000000100000000, 0x0000000100000000)
 Metaspace       used 39381K, capacity 39736K, committed 40036K, reserved 1085440K
  class space    used 4330K, capacity 4441K, committed 4452K, reserved 1048576K
2016-07-14T14:52:30.797+0100: 993.837: [GC (Allocation Failure) 2016-07-14T14:52:30.797+0100: 993.837: [ParNew
Desired survivor size 20112992 bytes, new threshold 8 (max 8)
- age   1:    6251432 bytes,    6251432 total
- age   2:      13752 bytes,    6265184 total
- age   3:       3792 bytes,    6268976 total
- age   4:       4944 bytes,    6273920 total
- age   5:       4520 bytes,    6278440 total
- age   6:       2104 bytes,    6280544 total
- age   7:       1720 bytes,    6282264 total
- age   8:       4704 bytes,    6286968 total
: 88980K->6677K(109248K), 0.0070547 secs] 115594K->33291K(502464K), 0.0071605 secs] [Times: user=0.00 sys=0.00, real=0.01 secs] 
Heap after GC invocations=32 (full 1):
 par new generation   total 109248K, used 6677K [0x00000000e0000000, 0x00000000e8000000, 0x00000000e8000000)
  eden space 87424K,   0% used [0x00000000e0000000, 0x00000000e0000000, 0x00000000e5560000)
  from space 21824K,  30% used [0x00000000e5560000, 0x00000000e5be5688, 0x00000000e6ab0000)
  to   space 21824K,   0% used [0x00000000e6ab0000, 0x00000000e6ab0000, 0x00000000e8000000)
 concurrent mark-sweep generation total 393216K, used 26613K [0x00000000e8000000, 0x0000000100000000, 0x0000000100000000)
 Metaspace       used 39381K, capacity 39736K, committed 40036K, reserved 1085440K
  class space    used 4330K, capacity 4441K, committed 4452K, reserved 1048576K
}
2016-07-14T14:52:30.804+0100: 993.845: Total time for which application threads were stopped: 0.0075051 seconds, Stopping threads took: 0.0000371 seconds
2016-07-14T14:52:30.832+0100: 993.873: Total time for which application threads were stopped: 0.0001236 seconds, Stopping threads took: 0.0000367 seconds
2016-07-14T14:52:30.833+0100: 993.874: Total time for which application threads were stopped: 0.0000928 seconds, Stopping threads took: 0.0000253 seconds
2016-07-14T14:52:30.835+0100: 993.876: Total time for which application threads were stopped: 0.0001113 seconds, Stopping threads took: 0.0000351 seconds
2016-07-14T14:52:30.890+0100: 993.931: Total time for which application threads were stopped: 0.0001654 seconds, Stopping threads took: 0.0000292 seconds
2016-07-14T14:52:31.783+0100: 994.824: Total time for which application threads were stopped: 0.0002144 seconds, Stopping threads took: 0.0000774 seconds
2016-07-14T14:52:31.783+0100: 994.824: Total time for which application threads were stopped: 0.0001263 seconds, Stopping threads took: 0.0000276 seconds
2016-07-14T14:52:31.785+0100: 994.826: Total time for which application threads were stopped: 0.0001196 seconds, Stopping threads took: 0.0000284 seconds
2016-07-14T14:52:31.787+0100: 994.828: Total time for which application threads were stopped: 0.0001520 seconds, Stopping threads took: 0.0000347 seconds
2016-07-14T14:52:31.794+0100: 994.834: Total time for which application threads were stopped: 0.0008491 seconds, Stopping threads took: 0.0000264 seconds
2016-07-14T14:52:31.799+0100: 994.840: Total time for which application threads were stopped: 0.0001472 seconds, Stopping threads took: 0.0000324 seconds
2016-07-14T14:52:31.809+0100: 994.850: Total time for which application threads were stopped: 0.0007110 seconds, Stopping threads took: 0.0000241 seconds
2016-07-14T14:52:31.821+0100: 994.862: Total time for which application threads were stopped: 0.0001832 seconds, Stopping threads took: 0.0000375 seconds
2016-07-14T14:52:31.824+0100: 994.865: Total time for which application threads were stopped: 0.0007710 seconds, Stopping threads took: 0.0000276 seconds
2016-07-14T14:52:32.824+0100: 995.865: Total time for which application threads were stopped: 0.0000817 seconds, Stopping threads took: 0.0000213 seconds
2016-07-14T14:52:35.826+0100: 998.866: Total time for which application threads were stopped: 0.0001425 seconds, Stopping threads took: 0.0000379 seconds
2016-07-14T14:53:11.843+0100: 1034.883: Total time for which application threads were stopped: 0.0001934 seconds, Stopping threads took: 0.0000363 seconds
2016-07-14T14:53:12.843+0100: 1035.884: Total time for which application threads were stopped: 0.0000726 seconds, Stopping threads took: 0.0000213 seconds
2016-07-14T14:53:13.843+0100: 1036.884: Total time for which application threads were stopped: 0.0001046 seconds, Stopping threads took: 0.0000261 seconds
2016-07-14T14:53:14.844+0100: 1037.884: Total time for which application threads were stopped: 0.0000947 seconds, Stopping threads took: 0.0000237 seconds
2016-07-14T14:53:15.844+0100: 1038.885: Total time for which application threads were stopped: 0.0001184 seconds, Stopping threads took: 0.0000347 seconds
{Heap before GC invocations=32 (full 1):
 par new generation   total 109248K, used 94086K [0x00000000e0000000, 0x00000000e8000000, 0x00000000e8000000)
  eden space 87424K,  99% used [0x00000000e0000000, 0x00000000e555c4e8, 0x00000000e5560000)
  from space 21824K,  30% used [0x00000000e5560000, 0x00000000e5be5688, 0x00000000e6ab0000)
  to   space 21824K,   0% used [0x00000000e6ab0000, 0x00000000e6ab0000, 0x00000000e8000000)
 concurrent mark-sweep generation total 393216K, used 26613K [0x00000000e8000000, 0x0000000100000000, 0x0000000100000000)
 Metaspace       used 39686K, capacity 40088K, committed 40420K, reserved 1085440K
  class space    used 4354K, capacity 4473K, committed 4580K, reserved 1048576K
2016-07-14T14:53:20.637+0100: 1043.678: [GC (Allocation Failure) 2016-07-14T14:53:20.637+0100: 1043.678: [ParNew
Desired survivor size 20112992 bytes, new threshold 8 (max 8)
- age   1:    1260192 bytes,    1260192 total
- age   2:    2579776 bytes,    3839968 total
- age   3:       5200 bytes,    3845168 total
- age   4:       3792 bytes,    3848960 total
- age   5:       4944 bytes,    3853904 total
- age   6:       4520 bytes,    3858424 total
- age   7:       2104 bytes,    3860528 total
- age   8:       1720 bytes,    3862248 total
: 94086K->4950K(109248K), 0.0081012 secs] 120700K->31568K(502464K), 0.0081589 secs] [Times: user=0.00 sys=0.00, real=0.01 secs] 
Heap after GC invocations=33 (full 1):
 par new generation   total 109248K, used 4950K [0x00000000e0000000, 0x00000000e8000000, 0x00000000e8000000)
  eden space 87424K,   0% used [0x00000000e0000000, 0x00000000e0000000, 0x00000000e5560000)
  from space 21824K,  22% used [0x00000000e6ab0000, 0x00000000e6f85a30, 0x00000000e8000000)
  to   space 21824K,   0% used [0x00000000e5560000, 0x00000000e5560000, 0x00000000e6ab0000)
 concurrent mark-sweep generation total 393216K, used 26618K [0x00000000e8000000, 0x0000000100000000, 0x0000000100000000)
 Metaspace       used 39686K, capacity 40088K, committed 40420K, reserved 1085440K
  class space    used 4354K, capacity 4473K, committed 4580K, reserved 1048576K
}
2016-07-14T14:53:20.645+0100: 1043.686: Total time for which application threads were stopped: 0.0083989 seconds, Stopping threads took: 0.0000272 seconds
2016-07-14T14:53:21.645+0100: 1044.686: Total time for which application threads were stopped: 0.0000963 seconds, Stopping threads took: 0.0000276 seconds
2016-07-14T14:53:23.646+0100: 1046.687: Total time for which application threads were stopped: 0.0000715 seconds, Stopping threads took: 0.0000197 seconds
{Heap before GC invocations=33 (full 1):
 par new generation   total 109248K, used 92374K [0x00000000e0000000, 0x00000000e8000000, 0x00000000e8000000)
  eden space 87424K, 100% used [0x00000000e0000000, 0x00000000e5560000, 0x00000000e5560000)
  from space 21824K,  22% used [0x00000000e6ab0000, 0x00000000e6f85a30, 0x00000000e8000000)
  to   space 21824K,   0% used [0x00000000e5560000, 0x00000000e5560000, 0x00000000e6ab0000)
 concurrent mark-sweep generation total 393216K, used 26618K [0x00000000e8000000, 0x0000000100000000, 0x0000000100000000)
 Metaspace       used 39731K, capacity 40152K, committed 40420K, reserved 1085440K
  class space    used 4354K, capacity 4473K, committed 4580K, reserved 1048576K
2016-07-14T14:53:23.918+0100: 1046.959: [GC (Allocation Failure) 2016-07-14T14:53:23.918+0100: 1046.959: [ParNew
Desired survivor size 20112992 bytes, new threshold 8 (max 8)
- age   1:    1252624 bytes,    1252624 total
- age   2:      63680 bytes,    1316304 total
- age   3:    2496088 bytes,    3812392 total
- age   4:       5200 bytes,    3817592 total
- age   5:       3792 bytes,    3821384 total
- age   6:       4944 bytes,    3826328 total
- age   7:       4520 bytes,    3830848 total
- age   8:       2104 bytes,    3832952 total
: 92374K->4178K(109248K), 0.0160130 secs] 118992K->30798K(502464K), 0.0161488 secs] [Times: user=0.00 sys=0.02, real=0.02 secs] 
Heap after GC invocations=34 (full 1):
 par new generation   total 109248K, used 4178K [0x00000000e0000000, 0x00000000e8000000, 0x00000000e8000000)
  eden space 87424K,   0% used [0x00000000e0000000, 0x00000000e0000000, 0x00000000e5560000)
  from space 21824K,  19% used [0x00000000e5560000, 0x00000000e5974838, 0x00000000e6ab0000)
  to   space 21824K,   0% used [0x00000000e6ab0000, 0x00000000e6ab0000, 0x00000000e8000000)
 concurrent mark-sweep generation total 393216K, used 26619K [0x00000000e8000000, 0x0000000100000000, 0x0000000100000000)
 Metaspace       used 39731K, capacity 40152K, committed 40420K, reserved 1085440K
  class space    used 4354K, capacity 4473K, committed 4580K, reserved 1048576K
}
2016-07-14T14:53:23.934+0100: 1046.975: Total time for which application threads were stopped: 0.0165621 seconds, Stopping threads took: 0.0000343 seconds
2016-07-14T14:53:26.936+0100: 1049.976: Total time for which application threads were stopped: 0.0001034 seconds, Stopping threads took: 0.0000304 seconds
{Heap before GC invocations=34 (full 1):
 par new generation   total 109248K, used 91602K [0x00000000e0000000, 0x00000000e8000000, 0x00000000e8000000)
  eden space 87424K, 100% used [0x00000000e0000000, 0x00000000e5560000, 0x00000000e5560000)
  from space 21824K,  19% used [0x00000000e5560000, 0x00000000e5974838, 0x00000000e6ab0000)
  to   space 21824K,   0% used [0x00000000e6ab0000, 0x00000000e6ab0000, 0x00000000e8000000)
 concurrent mark-sweep generation total 393216K, used 26619K [0x00000000e8000000, 0x0000000100000000, 0x0000000100000000)
 Metaspace       used 39731K, capacity 40152K, committed 40420K, reserved 1085440K
  class space    used 4354K, capacity 4473K, committed 4580K, reserved 1048576K
2016-07-14T14:53:29.968+0100: 1053.009: [GC (Allocation Failure) 2016-07-14T14:53:29.968+0100: 1053.009: [ParNew
Desired survivor size 20112992 bytes, new threshold 8 (max 8)
- age   1:    1261264 bytes,    1261264 total
- age   2:      12120 bytes,    1273384 total
- age   3:      57152 bytes,    1330536 total
- age   4:    2496112 bytes,    3826648 total
- age   5:       5200 bytes,    3831848 total
- age   6:       3792 bytes,    3835640 total
- age   7:       4944 bytes,    3840584 total
- age   8:       4520 bytes,    3845104 total
: 91602K->4589K(109248K), 0.0090992 secs] 118222K->31211K(502464K), 0.0092152 secs] [Times: user=0.00 sys=0.00, real=0.01 secs] 
Heap after GC invocations=35 (full 1):
 par new generation   total 109248K, used 4589K [0x00000000e0000000, 0x00000000e8000000, 0x00000000e8000000)
  eden space 87424K,   0% used [0x00000000e0000000, 0x00000000e0000000, 0x00000000e5560000)
  from space 21824K,  21% used [0x00000000e6ab0000, 0x00000000e6f2b6b8, 0x00000000e8000000)
  to   space 21824K,   0% used [0x00000000e5560000, 0x00000000e5560000, 0x00000000e6ab0000)
 concurrent mark-sweep generation total 393216K, used 26622K [0x00000000e8000000, 0x0000000100000000, 0x0000000100000000)
 Metaspace       used 39731K, capacity 40152K, committed 40420K, reserved 1085440K
  class space    used 4354K, capacity 4473K, committed 4580K, reserved 1048576K
}
2016-07-14T14:53:29.977+0100: 1053.018: Total time for which application threads were stopped: 0.0096222 seconds, Stopping threads took: 0.0000438 seconds
2016-07-14T14:53:33.978+0100: 1057.019: Total time for which application threads were stopped: 0.0000955 seconds, Stopping threads took: 0.0000434 seconds
2016-07-14T14:53:34.978+0100: 1058.019: Total time for which application threads were stopped: 0.0000774 seconds, Stopping threads took: 0.0000229 seconds
2016-07-14T14:53:36.979+0100: 1060.020: Total time for which application threads were stopped: 0.0001757 seconds, Stopping threads took: 0.0000482 seconds
2016-07-14T14:53:37.979+0100: 1061.020: Total time for which application threads were stopped: 0.0001137 seconds, Stopping threads took: 0.0000312 seconds
{Heap before GC invocations=35 (full 1):
 par new generation   total 109248K, used 92013K [0x00000000e0000000, 0x00000000e8000000, 0x00000000e8000000)
  eden space 87424K, 100% used [0x00000000e0000000, 0x00000000e5560000, 0x00000000e5560000)
  from space 21824K,  21% used [0x00000000e6ab0000, 0x00000000e6f2b6b8, 0x00000000e8000000)
  to   space 21824K,   0% used [0x00000000e5560000, 0x00000000e5560000, 0x00000000e6ab0000)
 concurrent mark-sweep generation total 393216K, used 26622K [0x00000000e8000000, 0x0000000100000000, 0x0000000100000000)
 Metaspace       used 39731K, capacity 40152K, committed 40420K, reserved 1085440K
  class space    used 4354K, capacity 4473K, committed 4580K, reserved 1048576K
2016-07-14T14:53:41.927+0100: 1064.968: [GC (Allocation Failure) 2016-07-14T14:53:41.927+0100: 1064.968: [ParNew
Desired survivor size 20112992 bytes, new threshold 8 (max 8)
- age   1:    1040856 bytes,    1040856 total
- age   2:       8144 bytes,    1049000 total
- age   3:       5552 bytes,    1054552 total
- age   4:      55616 bytes,    1110168 total
- age   5:    2496056 bytes,    3606224 total
- age   6:       5200 bytes,    3611424 total
- age   7:       3792 bytes,    3615216 total
- age   8:       4944 bytes,    3620160 total
: 92013K->3847K(109248K), 0.0099191 secs] 118635K->30473K(502464K), 0.0100083 secs] [Times: user=0.06 sys=0.00, real=0.01 secs] 
Heap after GC invocations=36 (full 1):
 par new generation   total 109248K, used 3847K [0x00000000e0000000, 0x00000000e8000000, 0x00000000e8000000)
  eden space 87424K,   0% used [0x00000000e0000000, 0x00000000e0000000, 0x00000000e5560000)
  from space 21824K,  17% used [0x00000000e5560000, 0x00000000e5921d80, 0x00000000e6ab0000)
  to   space 21824K,   0% used [0x00000000e6ab0000, 0x00000000e6ab0000, 0x00000000e8000000)
 concurrent mark-sweep generation total 393216K, used 26626K [0x00000000e8000000, 0x0000000100000000, 0x0000000100000000)
 Metaspace       used 39731K, capacity 40152K, committed 40420K, reserved 1085440K
  class space    used 4354K, capacity 4473K, committed 4580K, reserved 1048576K
}
2016-07-14T14:53:41.937+0100: 1064.978: Total time for which application threads were stopped: 0.0102744 seconds, Stopping threads took: 0.0000300 seconds
2016-07-14T14:53:42.937+0100: 1065.978: Total time for which application threads were stopped: 0.0000896 seconds, Stopping threads took: 0.0000272 seconds
2016-07-14T14:53:43.938+0100: 1066.979: Total time for which application threads were stopped: 0.0001161 seconds, Stopping threads took: 0.0000347 seconds
2016-07-14T14:53:45.939+0100: 1068.980: Total time for which application threads were stopped: 0.0001437 seconds, Stopping threads took: 0.0000268 seconds
2016-07-14T14:53:46.940+0100: 1069.980: Total time for which application threads were stopped: 0.0001011 seconds, Stopping threads took: 0.0000241 seconds
2016-07-14T14:53:48.941+0100: 1071.982: Total time for which application threads were stopped: 0.0001007 seconds, Stopping threads took: 0.0000288 seconds
2016-07-14T14:53:49.942+0100: 1072.982: Total time for which application threads were stopped: 0.0000718 seconds, Stopping threads took: 0.0000193 seconds
{Heap before GC invocations=36 (full 1):
 par new generation   total 109248K, used 91249K [0x00000000e0000000, 0x00000000e8000000, 0x00000000e8000000)
  eden space 87424K,  99% used [0x00000000e0000000, 0x00000000e555a680, 0x00000000e5560000)
  from space 21824K,  17% used [0x00000000e5560000, 0x00000000e5921d80, 0x00000000e6ab0000)
  to   space 21824K,   0% used [0x00000000e6ab0000, 0x00000000e6ab0000, 0x00000000e8000000)
 concurrent mark-sweep generation total 393216K, used 26626K [0x00000000e8000000, 0x0000000100000000, 0x0000000100000000)
 Metaspace       used 39816K, capacity 40248K, committed 40420K, reserved 1085440K
  class space    used 4370K, capacity 4505K, committed 4580K, reserved 1048576K
2016-07-14T14:53:51.688+0100: 1074.729: [GC (Allocation Failure) 2016-07-14T14:53:51.688+0100: 1074.729: [ParNew
Desired survivor size 20112992 bytes, new threshold 8 (max 8)
- age   1:     602648 bytes,     602648 total
- age   2:      14584 bytes,     617232 total
- age   3:       1576 bytes,     618808 total
- age   4:       5552 bytes,     624360 total
- age   5:      55616 bytes,     679976 total
- age   6:    2496056 bytes,    3176032 total
- age   7:       5200 bytes,    3181232 total
- age   8:       3792 bytes,    3185024 total
: 91249K->3613K(109248K), 0.0058614 secs] 117875K->30244K(502464K), 0.0059478 secs] [Times: user=0.00 sys=0.00, real=0.01 secs] 
Heap after GC invocations=37 (full 1):
 par new generation   total 109248K, used 3613K [0x00000000e0000000, 0x00000000e8000000, 0x00000000e8000000)
  eden space 87424K,   0% used [0x00000000e0000000, 0x00000000e0000000, 0x00000000e5560000)
  from space 21824K,  16% used [0x00000000e6ab0000, 0x00000000e6e37688, 0x00000000e8000000)
  to   space 21824K,   0% used [0x00000000e5560000, 0x00000000e5560000, 0x00000000e6ab0000)
 concurrent mark-sweep generation total 393216K, used 26631K [0x00000000e8000000, 0x0000000100000000, 0x0000000100000000)
 Metaspace       used 39816K, capacity 40248K, committed 40420K, reserved 1085440K
  class space    used 4370K, capacity 4505K, committed 4580K, reserved 1048576K
}
2016-07-14T14:53:51.694+0100: 1074.735: Total time for which application threads were stopped: 0.0061870 seconds, Stopping threads took: 0.0000312 seconds
2016-07-14T14:53:52.695+0100: 1075.736: Total time for which application threads were stopped: 0.0001007 seconds, Stopping threads took: 0.0000249 seconds
2016-07-14T14:53:53.695+0100: 1076.736: Total time for which application threads were stopped: 0.0000833 seconds, Stopping threads took: 0.0000213 seconds
2016-07-14T14:53:55.696+0100: 1078.736: Total time for which application threads were stopped: 0.0000920 seconds, Stopping threads took: 0.0000264 seconds
2016-07-14T14:53:56.696+0100: 1079.736: Total time for which application threads were stopped: 0.0001097 seconds, Stopping threads took: 0.0000272 seconds
2016-07-14T14:53:57.696+0100: 1080.737: Total time for which application threads were stopped: 0.0000809 seconds, Stopping threads took: 0.0000205 seconds
{Heap before GC invocations=37 (full 1):
 par new generation   total 109248K, used 91037K [0x00000000e0000000, 0x00000000e8000000, 0x00000000e8000000)
  eden space 87424K, 100% used [0x00000000e0000000, 0x00000000e5560000, 0x00000000e5560000)
  from space 21824K,  16% used [0x00000000e6ab0000, 0x00000000e6e37688, 0x00000000e8000000)
  to   space 21824K,   0% used [0x00000000e5560000, 0x00000000e5560000, 0x00000000e6ab0000)
 concurrent mark-sweep generation total 393216K, used 26631K [0x00000000e8000000, 0x0000000100000000, 0x0000000100000000)
 Metaspace       used 39817K, capacity 40248K, committed 40420K, reserved 1085440K
  class space    used 4370K, capacity 4505K, committed 4580K, reserved 1048576K
2016-07-14T14:53:59.167+0100: 1082.207: [GC (Allocation Failure) 2016-07-14T14:53:59.167+0100: 1082.207: [ParNew
Desired survivor size 20112992 bytes, new threshold 8 (max 8)
- age   1:     639176 bytes,     639176 total
- age   2:      25504 bytes,     664680 total
- age   3:       8456 bytes,     673136 total
- age   4:       1576 bytes,     674712 total
- age   5:       5552 bytes,     680264 total
- age   6:      55616 bytes,     735880 total
- age   7:    2496056 bytes,    3231936 total
- age   8:       5200 bytes,    3237136 total
: 91037K->3478K(109248K), 0.0067519 secs] 117668K->30113K(502464K), 0.0068155 secs] [Times: user=0.06 sys=0.00, real=0.01 secs] 
Heap after GC invocations=38 (full 1):
 par new generation   total 109248K, used 3478K [0x00000000e0000000, 0x00000000e8000000, 0x00000000e8000000)
  eden space 87424K,   0% used [0x00000000e0000000, 0x00000000e0000000, 0x00000000e5560000)
  from space 21824K,  15% used [0x00000000e5560000, 0x00000000e58c5b50, 0x00000000e6ab0000)
  to   space 21824K,   0% used [0x00000000e6ab0000, 0x00000000e6ab0000, 0x00000000e8000000)
 concurrent mark-sweep generation total 393216K, used 26635K [0x00000000e8000000, 0x0000000100000000, 0x0000000100000000)
 Metaspace       used 39817K, capacity 40248K, committed 40420K, reserved 1085440K
  class space    used 4370K, capacity 4505K, committed 4580K, reserved 1048576K
}
2016-07-14T14:53:59.174+0100: 1082.214: Total time for which application threads were stopped: 0.0069995 seconds, Stopping threads took: 0.0000233 seconds
2016-07-14T14:54:02.176+0100: 1085.217: Total time for which application threads were stopped: 0.0000801 seconds, Stopping threads took: 0.0000264 seconds
{Heap before GC invocations=38 (full 1):
 par new generation   total 109248K, used 90902K [0x00000000e0000000, 0x00000000e8000000, 0x00000000e8000000)
  eden space 87424K, 100% used [0x00000000e0000000, 0x00000000e5560000, 0x00000000e5560000)
  from space 21824K,  15% used [0x00000000e5560000, 0x00000000e58c5b50, 0x00000000e6ab0000)
  to   space 21824K,   0% used [0x00000000e6ab0000, 0x00000000e6ab0000, 0x00000000e8000000)
 concurrent mark-sweep generation total 393216K, used 26635K [0x00000000e8000000, 0x0000000100000000, 0x0000000100000000)
 Metaspace       used 39817K, capacity 40248K, committed 40420K, reserved 1085440K
  class space    used 4370K, capacity 4505K, committed 4580K, reserved 1048576K
2016-07-14T14:54:03.773+0100: 1086.814: [GC (Allocation Failure) 2016-07-14T14:54:03.773+0100: 1086.814: [ParNew
Desired survivor size 20112992 bytes, new threshold 8 (max 8)
- age   1:     753224 bytes,     753224 total
- age   2:       8480 bytes,     761704 total
- age   3:      25504 bytes,     787208 total
- age   4:       8336 bytes,     795544 total
- age   5:       1576 bytes,     797120 total
- age   6:       5552 bytes,     802672 total
- age   7:      55584 bytes,     858256 total
- age   8:    2496056 bytes,    3354312 total
: 90902K->3566K(109248K), 0.0101275 secs] 117537K->30206K(502464K), 0.0102254 secs] [Times: user=0.06 sys=0.00, real=0.01 secs] 
Heap after GC invocations=39 (full 1):
 par new generation   total 109248K, used 3566K [0x00000000e0000000, 0x00000000e8000000, 0x00000000e8000000)
  eden space 87424K,   0% used [0x00000000e0000000, 0x00000000e0000000, 0x00000000e5560000)
  from space 21824K,  16% used [0x00000000e6ab0000, 0x00000000e6e2b960, 0x00000000e8000000)
  to   space 21824K,   0% used [0x00000000e5560000, 0x00000000e5560000, 0x00000000e6ab0000)
 concurrent mark-sweep generation total 393216K, used 26640K [0x00000000e8000000, 0x0000000100000000, 0x0000000100000000)
 Metaspace       used 39817K, capacity 40248K, committed 40420K, reserved 1085440K
  class space    used 4370K, capacity 4505K, committed 4580K, reserved 1048576K
}
2016-07-14T14:54:03.783+0100: 1086.824: Total time for which application threads were stopped: 0.0105408 seconds, Stopping threads took: 0.0000339 seconds
2016-07-14T14:54:05.784+0100: 1088.825: Total time for which application threads were stopped: 0.0000746 seconds, Stopping threads took: 0.0000221 seconds
2016-07-14T14:54:06.785+0100: 1089.825: Total time for which application threads were stopped: 0.0001611 seconds, Stopping threads took: 0.0000628 seconds
2016-07-14T14:54:08.786+0100: 1091.826: Total time for which application threads were stopped: 0.0000884 seconds, Stopping threads took: 0.0000312 seconds
2016-07-14T14:54:12.788+0100: 1095.829: Total time for which application threads were stopped: 0.0001062 seconds, Stopping threads took: 0.0000316 seconds
{Heap before GC invocations=39 (full 1):
 par new generation   total 109248K, used 90937K [0x00000000e0000000, 0x00000000e8000000, 0x00000000e8000000)
  eden space 87424K,  99% used [0x00000000e0000000, 0x00000000e5552e68, 0x00000000e5560000)
  from space 21824K,  16% used [0x00000000e6ab0000, 0x00000000e6e2b960, 0x00000000e8000000)
  to   space 21824K,   0% used [0x00000000e5560000, 0x00000000e5560000, 0x00000000e6ab0000)
 concurrent mark-sweep generation total 393216K, used 26640K [0x00000000e8000000, 0x0000000100000000, 0x0000000100000000)
 Metaspace       used 39840K, capacity 40312K, committed 40676K, reserved 1085440K
  class space    used 4370K, capacity 4505K, committed 4580K, reserved 1048576K
2016-07-14T14:54:12.948+0100: 1095.989: [GC (Allocation Failure) 2016-07-14T14:54:12.948+0100: 1095.989: [ParNew
Desired survivor size 20112992 bytes, new threshold 8 (max 8)
- age   1:     426880 bytes,     426880 total
- age   2:      10552 bytes,     437432 total
- age   3:       4848 bytes,     442280 total
- age   4:      25504 bytes,     467784 total
- age   5:       6960 bytes,     474744 total
- age   6:       1576 bytes,     476320 total
- age   7:       5552 bytes,     481872 total
- age   8:      52024 bytes,     533896 total
: 90937K->937K(109248K), 0.0158705 secs] 117578K->30017K(502464K), 0.0160453 secs] [Times: user=0.00 sys=0.00, real=0.02 secs] 
Heap after GC invocations=40 (full 1):
 par new generation   total 109248K, used 937K [0x00000000e0000000, 0x00000000e8000000, 0x00000000e8000000)
  eden space 87424K,   0% used [0x00000000e0000000, 0x00000000e0000000, 0x00000000e5560000)
  from space 21824K,   4% used [0x00000000e5560000, 0x00000000e564a6e0, 0x00000000e6ab0000)
  to   space 21824K,   0% used [0x00000000e6ab0000, 0x00000000e6ab0000, 0x00000000e8000000)
 concurrent mark-sweep generation total 393216K, used 29079K [0x00000000e8000000, 0x0000000100000000, 0x0000000100000000)
 Metaspace       used 39840K, capacity 40312K, committed 40676K, reserved 1085440K
  class space    used 4370K, capacity 4505K, committed 4580K, reserved 1048576K
}
2016-07-14T14:54:12.964+0100: 1096.005: Total time for which application threads were stopped: 0.0165333 seconds, Stopping threads took: 0.0000474 seconds
2016-07-14T14:54:12.965+0100: 1096.005: Total time for which application threads were stopped: 0.0002357 seconds, Stopping threads took: 0.0000711 seconds
2016-07-14T14:54:12.965+0100: 1096.006: Total time for which application threads were stopped: 0.0002005 seconds, Stopping threads took: 0.0001240 seconds
2016-07-14T14:54:12.965+0100: 1096.006: Total time for which application threads were stopped: 0.0001192 seconds, Stopping threads took: 0.0000509 seconds
2016-07-14T14:54:13.965+0100: 1097.006: Total time for which application threads were stopped: 0.0000916 seconds, Stopping threads took: 0.0000237 seconds
2016-07-14T14:54:14.966+0100: 1098.006: Total time for which application threads were stopped: 0.0000821 seconds, Stopping threads took: 0.0000237 seconds
2016-07-14T14:54:15.966+0100: 1099.006: Total time for which application threads were stopped: 0.0001042 seconds, Stopping threads took: 0.0000300 seconds
2016-07-14T14:54:16.967+0100: 1100.007: Total time for which application threads were stopped: 0.0001263 seconds, Stopping threads took: 0.0000324 seconds
2016-07-14T14:54:18.967+0100: 1102.008: Total time for which application threads were stopped: 0.0000940 seconds, Stopping threads took: 0.0000253 seconds
{Heap before GC invocations=40 (full 1):
 par new generation   total 109248K, used 88361K [0x00000000e0000000, 0x00000000e8000000, 0x00000000e8000000)
  eden space 87424K, 100% used [0x00000000e0000000, 0x00000000e5560000, 0x00000000e5560000)
  from space 21824K,   4% used [0x00000000e5560000, 0x00000000e564a6e0, 0x00000000e6ab0000)
  to   space 21824K,   0% used [0x00000000e6ab0000, 0x00000000e6ab0000, 0x00000000e8000000)
 concurrent mark-sweep generation total 393216K, used 29079K [0x00000000e8000000, 0x0000000100000000, 0x0000000100000000)
 Metaspace       used 39840K, capacity 40312K, committed 40676K, reserved 1085440K
  class space    used 4370K, capacity 4505K, committed 4580K, reserved 1048576K
2016-07-14T14:54:20.441+0100: 1103.482: [GC (Allocation Failure) 2016-07-14T14:54:20.441+0100: 1103.482: [ParNew
Desired survivor size 20112992 bytes, new threshold 8 (max 8)
- age   1:     930624 bytes,     930624 total
- age   2:       7632 bytes,     938256 total
- age   3:       7096 bytes,     945352 total
- age   4:       4848 bytes,     950200 total
- age   5:      25504 bytes,     975704 total
- age   6:       6960 bytes,     982664 total
- age   7:       1576 bytes,     984240 total
- age   8:       3968 bytes,     988208 total
: 88361K->1152K(109248K), 0.0056245 secs] 117441K->30283K(502464K), 0.0057043 secs] [Times: user=0.00 sys=0.00, real=0.01 secs] 
Heap after GC invocations=41 (full 1):
 par new generation   total 109248K, used 1152K [0x00000000e0000000, 0x00000000e8000000, 0x00000000e8000000)
  eden space 87424K,   0% used [0x00000000e0000000, 0x00000000e0000000, 0x00000000e5560000)
  from space 21824K,   5% used [0x00000000e6ab0000, 0x00000000e6bd0060, 0x00000000e8000000)
  to   space 21824K,   0% used [0x00000000e5560000, 0x00000000e5560000, 0x00000000e6ab0000)
 concurrent mark-sweep generation total 393216K, used 29131K [0x00000000e8000000, 0x0000000100000000, 0x0000000100000000)
 Metaspace       used 39840K, capacity 40312K, committed 40676K, reserved 1085440K
  class space    used 4370K, capacity 4505K, committed 4580K, reserved 1048576K
}
2016-07-14T14:54:20.447+0100: 1103.487: Total time for which application threads were stopped: 0.0059368 seconds, Stopping threads took: 0.0000197 seconds
2016-07-14T14:54:20.447+0100: 1103.488: Total time for which application threads were stopped: 0.0001101 seconds, Stopping threads took: 0.0000438 seconds
2016-07-14T14:54:20.447+0100: 1103.488: Total time for which application threads were stopped: 0.0000742 seconds, Stopping threads took: 0.0000280 seconds
2016-07-14T14:54:20.447+0100: 1103.488: Total time for which application threads were stopped: 0.0000616 seconds, Stopping threads took: 0.0000268 seconds
2016-07-14T14:54:20.447+0100: 1103.488: Total time for which application threads were stopped: 0.0000572 seconds, Stopping threads took: 0.0000237 seconds
2016-07-14T14:54:20.447+0100: 1103.488: Total time for which application threads were stopped: 0.0000576 seconds, Stopping threads took: 0.0000245 seconds
2016-07-14T14:54:20.447+0100: 1103.488: Total time for which application threads were stopped: 0.0000525 seconds, Stopping threads took: 0.0000213 seconds
2016-07-14T14:54:24.448+0100: 1107.489: Total time for which application threads were stopped: 0.0000782 seconds, Stopping threads took: 0.0000205 seconds
2016-07-14T14:54:32.456+0100: 1115.497: Total time for which application threads were stopped: 0.0001050 seconds, Stopping threads took: 0.0000296 seconds
{Heap before GC invocations=41 (full 1):
 par new generation   total 109248K, used 88576K [0x00000000e0000000, 0x00000000e8000000, 0x00000000e8000000)
  eden space 87424K, 100% used [0x00000000e0000000, 0x00000000e5560000, 0x00000000e5560000)
  from space 21824K,   5% used [0x00000000e6ab0000, 0x00000000e6bd0060, 0x00000000e8000000)
  to   space 21824K,   0% used [0x00000000e5560000, 0x00000000e5560000, 0x00000000e6ab0000)
 concurrent mark-sweep generation total 393216K, used 29131K [0x00000000e8000000, 0x0000000100000000, 0x0000000100000000)
 Metaspace       used 39840K, capacity 40312K, committed 40676K, reserved 1085440K
  class space    used 4370K, capacity 4505K, committed 4580K, reserved 1048576K
2016-07-14T14:54:34.028+0100: 1117.070: [GC (Allocation Failure) 2016-07-14T14:54:34.028+0100: 1117.070: [ParNew
Desired survivor size 20112992 bytes, new threshold 8 (max 8)
- age   1:    1050112 bytes,    1050112 total
- age   2:      10000 bytes,    1060112 total
- age   3:       7632 bytes,    1067744 total
- age   4:       6840 bytes,    1074584 total
- age   5:       4848 bytes,    1079432 total
- age   6:      25504 bytes,    1104936 total
- age   7:       6928 bytes,    1111864 total
- age   8:       1312 bytes,    1113176 total
: 88576K->1333K(109248K), 0.0064121 secs] 117707K->30468K(502464K), 0.0064784 secs] [Times: user=0.00 sys=0.00, real=0.01 secs] 
Heap after GC invocations=42 (full 1):
 par new generation   total 109248K, used 1333K [0x00000000e0000000, 0x00000000e8000000, 0x00000000e8000000)
  eden space 87424K,   0% used [0x00000000e0000000, 0x00000000e0000000, 0x00000000e5560000)
  from space 21824K,   6% used [0x00000000e5560000, 0x00000000e56ad780, 0x00000000e6ab0000)
  to   space 21824K,   0% used [0x00000000e6ab0000, 0x00000000e6ab0000, 0x00000000e8000000)
 concurrent mark-sweep generation total 393216K, used 29134K [0x00000000e8000000, 0x0000000100000000, 0x0000000100000000)
 Metaspace       used 39840K, capacity 40312K, committed 40676K, reserved 1085440K
  class space    used 4370K, capacity 4505K, committed 4580K, reserved 1048576K
}
2016-07-14T14:54:34.035+0100: 1117.076: Total time for which application threads were stopped: 0.0066600 seconds, Stopping threads took: 0.0000182 seconds
{Heap before GC invocations=42 (full 1):
 par new generation   total 109248K, used 88757K [0x00000000e0000000, 0x00000000e8000000, 0x00000000e8000000)
  eden space 87424K, 100% used [0x00000000e0000000, 0x00000000e5560000, 0x00000000e5560000)
  from space 21824K,   6% used [0x00000000e5560000, 0x00000000e56ad780, 0x00000000e6ab0000)
  to   space 21824K,   0% used [0x00000000e6ab0000, 0x00000000e6ab0000, 0x00000000e8000000)
 concurrent mark-sweep generation total 393216K, used 29134K [0x00000000e8000000, 0x0000000100000000, 0x0000000100000000)
 Metaspace       used 39842K, capacity 40312K, committed 40676K, reserved 1085440K
  class space    used 4370K, capacity 4505K, committed 4580K, reserved 1048576K
2016-07-14T14:54:42.647+0100: 1125.688: [GC (Allocation Failure) 2016-07-14T14:54:42.647+0100: 1125.688: [ParNew
Desired survivor size 20112992 bytes, new threshold 8 (max 8)
- age   1:     435680 bytes,     435680 total
- age   2:      11480 bytes,     447160 total
- age   3:       5744 bytes,     452904 total
- age   4:       7632 bytes,     460536 total
- age   5:       6840 bytes,     467376 total
- age   6:       4320 bytes,     471696 total
- age   7:      24976 bytes,     496672 total
- age   8:       6928 bytes,     503600 total
: 88757K->926K(109248K), 0.0051567 secs] 117892K->30062K(502464K), 0.0052230 secs] [Times: user=0.05 sys=0.00, real=0.00 secs] 
Heap after GC invocations=43 (full 1):
 par new generation   total 109248K, used 926K [0x00000000e0000000, 0x00000000e8000000, 0x00000000e8000000)
  eden space 87424K,   0% used [0x00000000e0000000, 0x00000000e0000000, 0x00000000e5560000)
  from space 21824K,   4% used [0x00000000e6ab0000, 0x00000000e6b97800, 0x00000000e8000000)
  to   space 21824K,   0% used [0x00000000e5560000, 0x00000000e5560000, 0x00000000e6ab0000)
 concurrent mark-sweep generation total 393216K, used 29136K [0x00000000e8000000, 0x0000000100000000, 0x0000000100000000)
 Metaspace       used 39842K, capacity 40312K, committed 40676K, reserved 1085440K
  class space    used 4370K, capacity 4505K, committed 4580K, reserved 1048576K
}
2016-07-14T14:54:42.652+0100: 1125.693: Total time for which application threads were stopped: 0.0054098 seconds, Stopping threads took: 0.0000193 seconds
2016-07-14T14:54:42.652+0100: 1125.693: Total time for which application threads were stopped: 0.0001397 seconds, Stopping threads took: 0.0000782 seconds
2016-07-14T14:54:42.652+0100: 1125.694: Total time for which application threads were stopped: 0.0000711 seconds, Stopping threads took: 0.0000296 seconds
2016-07-14T14:54:42.653+0100: 1125.694: Total time for which application threads were stopped: 0.0001007 seconds, Stopping threads took: 0.0000517 seconds
2016-07-14T14:54:48.657+0100: 1131.697: Total time for which application threads were stopped: 0.0000963 seconds, Stopping threads took: 0.0000284 seconds
{Heap before GC invocations=43 (full 1):
 par new generation   total 109248K, used 88350K [0x00000000e0000000, 0x00000000e8000000, 0x00000000e8000000)
  eden space 87424K, 100% used [0x00000000e0000000, 0x00000000e5560000, 0x00000000e5560000)
  from space 21824K,   4% used [0x00000000e6ab0000, 0x00000000e6b97800, 0x00000000e8000000)
  to   space 21824K,   0% used [0x00000000e5560000, 0x00000000e5560000, 0x00000000e6ab0000)
 concurrent mark-sweep generation total 393216K, used 29136K [0x00000000e8000000, 0x0000000100000000, 0x0000000100000000)
 Metaspace       used 39842K, capacity 40312K, committed 40676K, reserved 1085440K
  class space    used 4370K, capacity 4505K, committed 4580K, reserved 1048576K
2016-07-14T14:55:04.081+0100: 1147.121: [GC (Allocation Failure) 2016-07-14T14:55:04.081+0100: 1147.121: [ParNew
Desired survivor size 20112992 bytes, new threshold 8 (max 8)
- age   1:    1417624 bytes,    1417624 total
- age   2:       6400 bytes,    1424024 total
- age   3:       4792 bytes,    1428816 total
- age   4:       5744 bytes,    1434560 total
- age   5:       7512 bytes,    1442072 total
- age   6:       6808 bytes,    1448880 total
- age   7:       4320 bytes,    1453200 total
- age   8:      24976 bytes,    1478176 total
: 88350K->1500K(109248K), 0.0065368 secs] 117486K->30643K(502464K), 0.0066055 secs] [Times: user=0.00 sys=0.00, real=0.01 secs] 
Heap after GC invocations=44 (full 1):
 par new generation   total 109248K, used 1500K [0x00000000e0000000, 0x00000000e8000000, 0x00000000e8000000)
  eden space 87424K,   0% used [0x00000000e0000000, 0x00000000e0000000, 0x00000000e5560000)
  from space 21824K,   6% used [0x00000000e5560000, 0x00000000e56d7150, 0x00000000e6ab0000)
  to   space 21824K,   0% used [0x00000000e6ab0000, 0x00000000e6ab0000, 0x00000000e8000000)
 concurrent mark-sweep generation total 393216K, used 29142K [0x00000000e8000000, 0x0000000100000000, 0x0000000100000000)
 Metaspace       used 39842K, capacity 40312K, committed 40676K, reserved 1085440K
  class space    used 4370K, capacity 4505K, committed 4580K, reserved 1048576K
}
2016-07-14T14:55:04.087+0100: 1147.128: Total time for which application threads were stopped: 0.0068277 seconds, Stopping threads took: 0.0000249 seconds
2016-07-14T14:55:14.093+0100: 1157.134: Total time for which application threads were stopped: 0.0000762 seconds, Stopping threads took: 0.0000189 seconds
{Heap before GC invocations=44 (full 1):
 par new generation   total 109248K, used 88924K [0x00000000e0000000, 0x00000000e8000000, 0x00000000e8000000)
  eden space 87424K, 100% used [0x00000000e0000000, 0x00000000e5560000, 0x00000000e5560000)
  from space 21824K,   6% used [0x00000000e5560000, 0x00000000e56d7150, 0x00000000e6ab0000)
  to   space 21824K,   0% used [0x00000000e6ab0000, 0x00000000e6ab0000, 0x00000000e8000000)
 concurrent mark-sweep generation total 393216K, used 29142K [0x00000000e8000000, 0x0000000100000000, 0x0000000100000000)
 Metaspace       used 39842K, capacity 40312K, committed 40676K, reserved 1085440K
  class space    used 4370K, capacity 4505K, committed 4580K, reserved 1048576K
2016-07-14T14:55:14.957+0100: 1157.998: [GC (Allocation Failure) 2016-07-14T14:55:14.957+0100: 1157.998: [ParNew
Desired survivor size 20112992 bytes, new threshold 8 (max 8)
- age   1:    1351088 bytes,    1351088 total
- age   2:       9000 bytes,    1360088 total
- age   3:       5024 bytes,    1365112 total
- age   4:       4792 bytes,    1369904 total
- age   5:       5704 bytes,    1375608 total
- age   6:       7512 bytes,    1383120 total
- age   7:       6808 bytes,    1389928 total
- age   8:       4056 bytes,    1393984 total
: 88924K->1925K(109248K), 0.0076252 secs] 118067K->31093K(502464K), 0.0077163 secs] [Times: user=0.01 sys=0.00, real=0.01 secs] 
Heap after GC invocations=45 (full 1):
 par new generation   total 109248K, used 1925K [0x00000000e0000000, 0x00000000e8000000, 0x00000000e8000000)
  eden space 87424K,   0% used [0x00000000e0000000, 0x00000000e0000000, 0x00000000e5560000)
  from space 21824K,   8% used [0x00000000e6ab0000, 0x00000000e6c91628, 0x00000000e8000000)
  to   space 21824K,   0% used [0x00000000e5560000, 0x00000000e5560000, 0x00000000e6ab0000)
 concurrent mark-sweep generation total 393216K, used 29168K [0x00000000e8000000, 0x0000000100000000, 0x0000000100000000)
 Metaspace       used 39842K, capacity 40312K, committed 40676K, reserved 1085440K
  class space    used 4370K, capacity 4505K, committed 4580K, reserved 1048576K
}
2016-07-14T14:55:14.964+0100: 1158.005: Total time for which application threads were stopped: 0.0079820 seconds, Stopping threads took: 0.0000272 seconds
2016-07-14T14:55:14.965+0100: 1158.006: Total time for which application threads were stopped: 0.0002203 seconds, Stopping threads took: 0.0000549 seconds
2016-07-14T14:55:14.965+0100: 1158.006: Total time for which application threads were stopped: 0.0001662 seconds, Stopping threads took: 0.0000391 seconds
2016-07-14T14:55:14.965+0100: 1158.006: Total time for which application threads were stopped: 0.0001607 seconds, Stopping threads took: 0.0000379 seconds
2016-07-14T14:55:33.974+0100: 1177.015: Total time for which application threads were stopped: 0.0000987 seconds, Stopping threads took: 0.0000355 seconds
{Heap before GC invocations=45 (full 1):
 par new generation   total 109248K, used 89349K [0x00000000e0000000, 0x00000000e8000000, 0x00000000e8000000)
  eden space 87424K, 100% used [0x00000000e0000000, 0x00000000e5560000, 0x00000000e5560000)
  from space 21824K,   8% used [0x00000000e6ab0000, 0x00000000e6c91628, 0x00000000e8000000)
  to   space 21824K,   0% used [0x00000000e5560000, 0x00000000e5560000, 0x00000000e6ab0000)
 concurrent mark-sweep generation total 393216K, used 29168K [0x00000000e8000000, 0x0000000100000000, 0x0000000100000000)
 Metaspace       used 39842K, capacity 40312K, committed 40676K, reserved 1085440K
  class space    used 4371K, capacity 4505K, committed 4580K, reserved 1048576K
2016-07-14T14:55:48.327+0100: 1191.368: [GC (Allocation Failure) 2016-07-14T14:55:48.327+0100: 1191.368: [ParNew
Desired survivor size 20112992 bytes, new threshold 8 (max 8)
- age   1:     797008 bytes,     797008 total
- age   2:      10856 bytes,     807864 total
- age   3:       2192 bytes,     810056 total
- age   4:       5024 bytes,     815080 total
- age   5:       4760 bytes,     819840 total
- age   6:       5704 bytes,     825544 total
- age   7:       7480 bytes,     833024 total
- age   8:       6808 bytes,     839832 total
: 89349K->1213K(109248K), 0.0063221 secs] 118517K->30384K(502464K), 0.0063971 secs] [Times: user=0.00 sys=0.00, real=0.01 secs] 
Heap after GC invocations=46 (full 1):
 par new generation   total 109248K, used 1213K [0x00000000e0000000, 0x00000000e8000000, 0x00000000e8000000)
  eden space 87424K,   0% used [0x00000000e0000000, 0x00000000e0000000, 0x00000000e5560000)
  from space 21824K,   5% used [0x00000000e5560000, 0x00000000e568f530, 0x00000000e6ab0000)
  to   space 21824K,   0% used [0x00000000e6ab0000, 0x00000000e6ab0000, 0x00000000e8000000)
 concurrent mark-sweep generation total 393216K, used 29171K [0x00000000e8000000, 0x0000000100000000, 0x0000000100000000)
 Metaspace       used 39842K, capacity 40312K, committed 40676K, reserved 1085440K
  class space    used 4371K, capacity 4505K, committed 4580K, reserved 1048576K
}
2016-07-14T14:55:48.334+0100: 1191.375: Total time for which application threads were stopped: 0.0066008 seconds, Stopping threads took: 0.0000213 seconds
2016-07-14T14:55:48.335+0100: 1191.375: Total time for which application threads were stopped: 0.0002420 seconds, Stopping threads took: 0.0001184 seconds
2016-07-14T14:55:48.335+0100: 1191.375: Total time for which application threads were stopped: 0.0001784 seconds, Stopping threads took: 0.0001078 seconds
2016-07-14T14:55:48.335+0100: 1191.376: Total time for which application threads were stopped: 0.0000983 seconds, Stopping threads took: 0.0000253 seconds
2016-07-14T14:55:48.335+0100: 1191.376: Total time for which application threads were stopped: 0.0001007 seconds, Stopping threads took: 0.0000284 seconds
2016-07-14T14:55:48.335+0100: 1191.376: Total time for which application threads were stopped: 0.0001378 seconds, Stopping threads took: 0.0000205 seconds
2016-07-14T14:55:55.339+0100: 1198.379: Total time for which application threads were stopped: 0.0001101 seconds, Stopping threads took: 0.0000296 seconds
2016-07-14T14:55:55.639+0100: 1198.680: Total time for which application threads were stopped: 0.0002001 seconds, Stopping threads took: 0.0000363 seconds
2016-07-14T14:55:56.639+0100: 1199.679: Total time for which application threads were stopped: 0.0001007 seconds, Stopping threads took: 0.0000288 seconds
{Heap before GC invocations=46 (full 1):
 par new generation   total 109248K, used 88637K [0x00000000e0000000, 0x00000000e8000000, 0x00000000e8000000)
  eden space 87424K, 100% used [0x00000000e0000000, 0x00000000e5560000, 0x00000000e5560000)
  from space 21824K,   5% used [0x00000000e5560000, 0x00000000e568f530, 0x00000000e6ab0000)
  to   space 21824K,   0% used [0x00000000e6ab0000, 0x00000000e6ab0000, 0x00000000e8000000)
 concurrent mark-sweep generation total 393216K, used 29171K [0x00000000e8000000, 0x0000000100000000, 0x0000000100000000)
 Metaspace       used 39842K, capacity 40312K, committed 40676K, reserved 1085440K
  class space    used 4371K, capacity 4505K, committed 4580K, reserved 1048576K
2016-07-14T14:55:57.599+0100: 1200.639: [GC (Allocation Failure) 2016-07-14T14:55:57.599+0100: 1200.639: [ParNew
Desired survivor size 20112992 bytes, new threshold 8 (max 8)
- age   1:    2209504 bytes,    2209504 total
- age   2:      12144 bytes,    2221648 total
- age   3:       4288 bytes,    2225936 total
- age   4:       2192 bytes,    2228128 total
- age   5:       5024 bytes,    2233152 total
- age   6:       4760 bytes,    2237912 total
- age   7:       5704 bytes,    2243616 total
- age   8:       7480 bytes,    2251096 total
: 88637K->2467K(109248K), 0.0063450 secs] 117808K->31643K(502464K), 0.0064164 secs] [Times: user=0.00 sys=0.00, real=0.01 secs] 
Heap after GC invocations=47 (full 1):
 par new generation   total 109248K, used 2467K [0x00000000e0000000, 0x00000000e8000000, 0x00000000e8000000)
  eden space 87424K,   0% used [0x00000000e0000000, 0x00000000e0000000, 0x00000000e5560000)
  from space 21824K,  11% used [0x00000000e6ab0000, 0x00000000e6d18e50, 0x00000000e8000000)
  to   space 21824K,   0% used [0x00000000e5560000, 0x00000000e5560000, 0x00000000e6ab0000)
 concurrent mark-sweep generation total 393216K, used 29176K [0x00000000e8000000, 0x0000000100000000, 0x0000000100000000)
 Metaspace       used 39842K, capacity 40312K, committed 40676K, reserved 1085440K
  class space    used 4371K, capacity 4505K, committed 4580K, reserved 1048576K
}
2016-07-14T14:55:57.605+0100: 1200.646: Total time for which application threads were stopped: 0.0066067 seconds, Stopping threads took: 0.0000189 seconds
2016-07-14T14:55:59.606+0100: 1202.646: Total time for which application threads were stopped: 0.0000797 seconds, Stopping threads took: 0.0000209 seconds
{Heap before GC invocations=47 (full 1):
 par new generation   total 109248K, used 89891K [0x00000000e0000000, 0x00000000e8000000, 0x00000000e8000000)
  eden space 87424K, 100% used [0x00000000e0000000, 0x00000000e5560000, 0x00000000e5560000)
  from space 21824K,  11% used [0x00000000e6ab0000, 0x00000000e6d18e50, 0x00000000e8000000)
  to   space 21824K,   0% used [0x00000000e5560000, 0x00000000e5560000, 0x00000000e6ab0000)
 concurrent mark-sweep generation total 393216K, used 29176K [0x00000000e8000000, 0x0000000100000000, 0x0000000100000000)
 Metaspace       used 39844K, capacity 40312K, committed 40676K, reserved 1085440K
  class space    used 4371K, capacity 4505K, committed 4580K, reserved 1048576K
2016-07-14T14:55:59.640+0100: 1202.681: [GC (Allocation Failure) 2016-07-14T14:55:59.640+0100: 1202.681: [ParNew
Desired survivor size 20112992 bytes, new threshold 8 (max 8)
- age   1:     681424 bytes,     681424 total
- age   2:       9008 bytes,     690432 total
- age   3:       9264 bytes,     699696 total
- age   4:       4288 bytes,     703984 total
- age   5:       2192 bytes,     706176 total
- age   6:       5024 bytes,     711200 total
- age   7:       4760 bytes,     715960 total
- age   8:       5704 bytes,     721664 total
: 89891K->1314K(109248K), 0.0062846 secs] 119067K->30498K(502464K), 0.0064057 secs] [Times: user=0.00 sys=0.00, real=0.01 secs] 
Heap after GC invocations=48 (full 1):
 par new generation   total 109248K, used 1314K [0x00000000e0000000, 0x00000000e8000000, 0x00000000e8000000)
  eden space 87424K,   0% used [0x00000000e0000000, 0x00000000e0000000, 0x00000000e5560000)
  from space 21824K,   6% used [0x00000000e5560000, 0x00000000e56a8978, 0x00000000e6ab0000)
  to   space 21824K,   0% used [0x00000000e6ab0000, 0x00000000e6ab0000, 0x00000000e8000000)
 concurrent mark-sweep generation total 393216K, used 29183K [0x00000000e8000000, 0x0000000100000000, 0x0000000100000000)
 Metaspace       used 39844K, capacity 40312K, committed 40676K, reserved 1085440K
  class space    used 4371K, capacity 4505K, committed 4580K, reserved 1048576K
}
2016-07-14T14:55:59.647+0100: 1202.687: Total time for which application threads were stopped: 0.0065960 seconds, Stopping threads took: 0.0000280 seconds
2016-07-14T14:56:00.647+0100: 1203.688: Total time for which application threads were stopped: 0.0001149 seconds, Stopping threads took: 0.0000391 seconds
{Heap before GC invocations=48 (full 1):
 par new generation   total 109248K, used 88738K [0x00000000e0000000, 0x00000000e8000000, 0x00000000e8000000)
  eden space 87424K, 100% used [0x00000000e0000000, 0x00000000e5560000, 0x00000000e5560000)
  from space 21824K,   6% used [0x00000000e5560000, 0x00000000e56a8978, 0x00000000e6ab0000)
  to   space 21824K,   0% used [0x00000000e6ab0000, 0x00000000e6ab0000, 0x00000000e8000000)
 concurrent mark-sweep generation total 393216K, used 29183K [0x00000000e8000000, 0x0000000100000000, 0x0000000100000000)
 Metaspace       used 39845K, capacity 40312K, committed 40676K, reserved 1085440K
  class space    used 4371K, capacity 4505K, committed 4580K, reserved 1048576K
2016-07-14T14:56:09.128+0100: 1212.170: [GC (Allocation Failure) 2016-07-14T14:56:09.128+0100: 1212.170: [ParNew
Desired survivor size 20112992 bytes, new threshold 8 (max 8)
- age   1:    1067440 bytes,    1067440 total
- age   2:       5592 bytes,    1073032 total
- age   3:       5088 bytes,    1078120 total
- age   4:       7768 bytes,    1085888 total
- age   5:       4288 bytes,    1090176 total
- age   6:       2160 bytes,    1092336 total
- age   7:       5024 bytes,    1097360 total
- age   8:       4760 bytes,    1102120 total
: 88738K->1350K(109248K), 0.0062605 secs] 117922K->30540K(502464K), 0.0063248 secs] [Times: user=0.00 sys=0.00, real=0.01 secs] 
Heap after GC invocations=49 (full 1):
 par new generation   total 109248K, used 1350K [0x00000000e0000000, 0x00000000e8000000, 0x00000000e8000000)
  eden space 87424K,   0% used [0x00000000e0000000, 0x00000000e0000000, 0x00000000e5560000)
  from space 21824K,   6% used [0x00000000e6ab0000, 0x00000000e6c01b00, 0x00000000e8000000)
  to   space 21824K,   0% used [0x00000000e5560000, 0x00000000e5560000, 0x00000000e6ab0000)
 concurrent mark-sweep generation total 393216K, used 29189K [0x00000000e8000000, 0x0000000100000000, 0x0000000100000000)
 Metaspace       used 39845K, capacity 40312K, committed 40676K, reserved 1085440K
  class space    used 4371K, capacity 4505K, committed 4580K, reserved 1048576K
}
2016-07-14T14:56:09.135+0100: 1212.176: Total time for which application threads were stopped: 0.0065206 seconds, Stopping threads took: 0.0000189 seconds
2016-07-14T14:56:11.137+0100: 1214.177: Total time for which application threads were stopped: 0.0001220 seconds, Stopping threads took: 0.0000399 seconds
2016-07-14T14:56:13.137+0100: 1216.178: Total time for which application threads were stopped: 0.0000924 seconds, Stopping threads took: 0.0000233 seconds
{Heap before GC invocations=49 (full 1):
 par new generation   total 109248K, used 88774K [0x00000000e0000000, 0x00000000e8000000, 0x00000000e8000000)
  eden space 87424K, 100% used [0x00000000e0000000, 0x00000000e5560000, 0x00000000e5560000)
  from space 21824K,   6% used [0x00000000e6ab0000, 0x00000000e6c01b00, 0x00000000e8000000)
  to   space 21824K,   0% used [0x00000000e5560000, 0x00000000e5560000, 0x00000000e6ab0000)
 concurrent mark-sweep generation total 393216K, used 29189K [0x00000000e8000000, 0x0000000100000000, 0x0000000100000000)
 Metaspace       used 39846K, capacity 40312K, committed 40676K, reserved 1085440K
  class space    used 4371K, capacity 4505K, committed 4580K, reserved 1048576K
2016-07-14T14:56:20.163+0100: 1223.204: [GC (Allocation Failure) 2016-07-14T14:56:20.163+0100: 1223.204: [ParNew
Desired survivor size 20112992 bytes, new threshold 8 (max 8)
- age   1:    1520368 bytes,    1520368 total
- age   2:      11272 bytes,    1531640 total
- age   3:       3240 bytes,    1534880 total
- age   4:       5088 bytes,    1539968 total
- age   5:       7768 bytes,    1547736 total
- age   6:       4288 bytes,    1552024 total
- age   7:       2160 bytes,    1554184 total
- age   8:       5024 bytes,    1559208 total
: 88774K->1640K(109248K), 0.0056522 secs] 117964K->30833K(502464K), 0.0057722 secs] [Times: user=0.05 sys=0.00, real=0.01 secs] 
Heap after GC invocations=50 (full 1):
 par new generation   total 109248K, used 1640K [0x00000000e0000000, 0x00000000e8000000, 0x00000000e8000000)
  eden space 87424K,   0% used [0x00000000e0000000, 0x00000000e0000000, 0x00000000e5560000)
  from space 21824K,   7% used [0x00000000e5560000, 0x00000000e56fa018, 0x00000000e6ab0000)
  to   space 21824K,   0% used [0x00000000e6ab0000, 0x00000000e6ab0000, 0x00000000e8000000)
 concurrent mark-sweep generation total 393216K, used 29193K [0x00000000e8000000, 0x0000000100000000, 0x0000000100000000)
 Metaspace       used 39846K, capacity 40312K, committed 40676K, reserved 1085440K
  class space    used 4371K, capacity 4505K, committed 4580K, reserved 1048576K
}
2016-07-14T14:56:20.169+0100: 1223.210: Total time for which application threads were stopped: 0.0059755 seconds, Stopping threads took: 0.0000253 seconds
2016-07-14T14:56:24.170+0100: 1227.211: Total time for which application threads were stopped: 0.0000936 seconds, Stopping threads took: 0.0000363 seconds
2016-07-14T14:56:25.170+0100: 1228.211: Total time for which application threads were stopped: 0.0001090 seconds, Stopping threads took: 0.0000343 seconds
{Heap before GC invocations=50 (full 1):
 par new generation   total 109248K, used 89064K [0x00000000e0000000, 0x00000000e8000000, 0x00000000e8000000)
  eden space 87424K, 100% used [0x00000000e0000000, 0x00000000e5560000, 0x00000000e5560000)
  from space 21824K,   7% used [0x00000000e5560000, 0x00000000e56fa018, 0x00000000e6ab0000)
  to   space 21824K,   0% used [0x00000000e6ab0000, 0x00000000e6ab0000, 0x00000000e8000000)
 concurrent mark-sweep generation total 393216K, used 29193K [0x00000000e8000000, 0x0000000100000000, 0x0000000100000000)
 Metaspace       used 39846K, capacity 40312K, committed 40676K, reserved 1085440K
  class space    used 4371K, capacity 4505K, committed 4580K, reserved 1048576K
2016-07-14T14:56:32.072+0100: 1235.112: [GC (Allocation Failure) 2016-07-14T14:56:32.072+0100: 1235.112: [ParNew
Desired survivor size 20112992 bytes, new threshold 8 (max 8)
- age   1:    1341704 bytes,    1341704 total
- age   2:      13080 bytes,    1354784 total
- age   3:       4584 bytes,    1359368 total
- age   4:       3240 bytes,    1362608 total
- age   5:       5088 bytes,    1367696 total
- age   6:       7736 bytes,    1375432 total
- age   7:       4288 bytes,    1379720 total
- age   8:       2024 bytes,    1381744 total
: 89064K->2006K(109248K), 0.0110714 secs] 118257K->31205K(502464K), 0.0111807 secs] [Times: user=0.06 sys=0.00, real=0.01 secs] 
Heap after GC invocations=51 (full 1):
 par new generation   total 109248K, used 2006K [0x00000000e0000000, 0x00000000e8000000, 0x00000000e8000000)
  eden space 87424K,   0% used [0x00000000e0000000, 0x00000000e0000000, 0x00000000e5560000)
  from space 21824K,   9% used [0x00000000e6ab0000, 0x00000000e6ca5b00, 0x00000000e8000000)
  to   space 21824K,   0% used [0x00000000e5560000, 0x00000000e5560000, 0x00000000e6ab0000)
 concurrent mark-sweep generation total 393216K, used 29198K [0x00000000e8000000, 0x0000000100000000, 0x0000000100000000)
 Metaspace       used 39846K, capacity 40312K, committed 40676K, reserved 1085440K
  class space    used 4371K, capacity 4505K, committed 4580K, reserved 1048576K
}
2016-07-14T14:56:32.083+0100: 1235.124: Total time for which application threads were stopped: 0.0115076 seconds, Stopping threads took: 0.0000359 seconds
2016-07-14T14:56:35.084+0100: 1238.125: Total time for which application threads were stopped: 0.0001070 seconds, Stopping threads took: 0.0000438 seconds
2016-07-14T14:56:37.086+0100: 1240.126: Total time for which application threads were stopped: 0.0001125 seconds, Stopping threads took: 0.0000288 seconds
{Heap before GC invocations=51 (full 1):
 par new generation   total 109248K, used 89430K [0x00000000e0000000, 0x00000000e8000000, 0x00000000e8000000)
  eden space 87424K, 100% used [0x00000000e0000000, 0x00000000e5560000, 0x00000000e5560000)
  from space 21824K,   9% used [0x00000000e6ab0000, 0x00000000e6ca5b00, 0x00000000e8000000)
  to   space 21824K,   0% used [0x00000000e5560000, 0x00000000e5560000, 0x00000000e6ab0000)
 concurrent mark-sweep generation total 393216K, used 29198K [0x00000000e8000000, 0x0000000100000000, 0x0000000100000000)
 Metaspace       used 39852K, capacity 40312K, committed 40676K, reserved 1085440K
  class space    used 4371K, capacity 4505K, committed 4580K, reserved 1048576K
2016-07-14T14:56:41.632+0100: 1244.673: [GC (Allocation Failure) 2016-07-14T14:56:41.632+0100: 1244.673: [ParNew
Desired survivor size 20112992 bytes, new threshold 8 (max 8)
- age   1:    1264952 bytes,    1264952 total
- age   2:       8376 bytes,    1273328 total
- age   3:       6512 bytes,    1279840 total
- age   4:       3208 bytes,    1283048 total
- age   5:       3240 bytes,    1286288 total
- age   6:       5088 bytes,    1291376 total
- age   7:       7616 bytes,    1298992 total
- age   8:       4288 bytes,    1303280 total
: 89430K->1702K(109248K), 0.0108847 secs] 118629K->30903K(502464K), 0.0109932 secs] [Times: user=0.05 sys=0.02, real=0.01 secs] 
Heap after GC invocations=52 (full 1):
 par new generation   total 109248K, used 1702K [0x00000000e0000000, 0x00000000e8000000, 0x00000000e8000000)
  eden space 87424K,   0% used [0x00000000e0000000, 0x00000000e0000000, 0x00000000e5560000)
  from space 21824K,   7% used [0x00000000e5560000, 0x00000000e5709b98, 0x00000000e6ab0000)
  to   space 21824K,   0% used [0x00000000e6ab0000, 0x00000000e6ab0000, 0x00000000e8000000)
 concurrent mark-sweep generation total 393216K, used 29200K [0x00000000e8000000, 0x0000000100000000, 0x0000000100000000)
 Metaspace       used 39852K, capacity 40312K, committed 40676K, reserved 1085440K
  class space    used 4371K, capacity 4505K, committed 4580K, reserved 1048576K
}
2016-07-14T14:56:41.643+0100: 1244.684: Total time for which application threads were stopped: 0.0113714 seconds, Stopping threads took: 0.0000351 seconds
2016-07-14T14:56:42.644+0100: 1245.685: Total time for which application threads were stopped: 0.0002041 seconds, Stopping threads took: 0.0000628 seconds
{Heap before GC invocations=52 (full 1):
 par new generation   total 109248K, used 89126K [0x00000000e0000000, 0x00000000e8000000, 0x00000000e8000000)
  eden space 87424K, 100% used [0x00000000e0000000, 0x00000000e5560000, 0x00000000e5560000)
  from space 21824K,   7% used [0x00000000e5560000, 0x00000000e5709b98, 0x00000000e6ab0000)
  to   space 21824K,   0% used [0x00000000e6ab0000, 0x00000000e6ab0000, 0x00000000e8000000)
 concurrent mark-sweep generation total 393216K, used 29200K [0x00000000e8000000, 0x0000000100000000, 0x0000000100000000)
 Metaspace       used 39852K, capacity 40312K, committed 40676K, reserved 1085440K
  class space    used 4371K, capacity 4505K, committed 4580K, reserved 1048576K
2016-07-14T14:56:52.334+0100: 1255.375: [GC (Allocation Failure) 2016-07-14T14:56:52.334+0100: 1255.375: [ParNew
Desired survivor size 20112992 bytes, new threshold 8 (max 8)
- age   1:    1294392 bytes,    1294392 total
- age   2:      15120 bytes,    1309512 total
- age   3:       1808 bytes,    1311320 total
- age   4:       6512 bytes,    1317832 total
- age   5:       3208 bytes,    1321040 total
- age   6:       3240 bytes,    1324280 total
- age   7:       5088 bytes,    1329368 total
- age   8:       7616 bytes,    1336984 total
: 89126K->1499K(109248K), 0.0167796 secs] 118327K->30704K(502464K), 0.0169182 secs] [Times: user=0.06 sys=0.00, real=0.02 secs] 
Heap after GC invocations=53 (full 1):
 par new generation   total 109248K, used 1499K [0x00000000e0000000, 0x00000000e8000000, 0x00000000e8000000)
  eden space 87424K,   0% used [0x00000000e0000000, 0x00000000e0000000, 0x00000000e5560000)
  from space 21824K,   6% used [0x00000000e6ab0000, 0x00000000e6c26e38, 0x00000000e8000000)
  to   space 21824K,   0% used [0x00000000e5560000, 0x00000000e5560000, 0x00000000e6ab0000)
 concurrent mark-sweep generation total 393216K, used 29205K [0x00000000e8000000, 0x0000000100000000, 0x0000000100000000)
 Metaspace       used 39852K, capacity 40312K, committed 40676K, reserved 1085440K
  class space    used 4371K, capacity 4505K, committed 4580K, reserved 1048576K
}
2016-07-14T14:56:52.351+0100: 1255.392: Total time for which application threads were stopped: 0.0173548 seconds, Stopping threads took: 0.0000509 seconds
2016-07-14T14:56:53.351+0100: 1256.392: Total time for which application threads were stopped: 0.0000845 seconds, Stopping threads took: 0.0000296 seconds
{Heap before GC invocations=53 (full 1):
 par new generation   total 109248K, used 88923K [0x00000000e0000000, 0x00000000e8000000, 0x00000000e8000000)
  eden space 87424K, 100% used [0x00000000e0000000, 0x00000000e5560000, 0x00000000e5560000)
  from space 21824K,   6% used [0x00000000e6ab0000, 0x00000000e6c26e38, 0x00000000e8000000)
  to   space 21824K,   0% used [0x00000000e5560000, 0x00000000e5560000, 0x00000000e6ab0000)
 concurrent mark-sweep generation total 393216K, used 29205K [0x00000000e8000000, 0x0000000100000000, 0x0000000100000000)
 Metaspace       used 39852K, capacity 40312K, committed 40676K, reserved 1085440K
  class space    used 4371K, capacity 4505K, committed 4580K, reserved 1048576K
2016-07-14T14:57:03.982+0100: 1267.023: [GC (Allocation Failure) 2016-07-14T14:57:03.982+0100: 1267.023: [ParNew
Desired survivor size 20112992 bytes, new threshold 8 (max 8)
- age   1:    1141488 bytes,    1141488 total
- age   2:      10832 bytes,    1152320 total
- age   3:       7176 bytes,    1159496 total
- age   4:       1688 bytes,    1161184 total
- age   5:       6512 bytes,    1167696 total
- age   6:       3176 bytes,    1170872 total
- age   7:       3240 bytes,    1174112 total
- age   8:       5088 bytes,    1179200 total
: 88923K->1718K(109248K), 0.0083965 secs] 118128K->30931K(502464K), 0.0084857 secs] [Times: user=0.00 sys=0.00, real=0.01 secs] 
Heap after GC invocations=54 (full 1):
 par new generation   total 109248K, used 1718K [0x00000000e0000000, 0x00000000e8000000, 0x00000000e8000000)
  eden space 87424K,   0% used [0x00000000e0000000, 0x00000000e0000000, 0x00000000e5560000)
  from space 21824K,   7% used [0x00000000e5560000, 0x00000000e570db40, 0x00000000e6ab0000)
  to   space 21824K,   0% used [0x00000000e6ab0000, 0x00000000e6ab0000, 0x00000000e8000000)
 concurrent mark-sweep generation total 393216K, used 29212K [0x00000000e8000000, 0x0000000100000000, 0x0000000100000000)
 Metaspace       used 39852K, capacity 40312K, committed 40676K, reserved 1085440K
  class space    used 4371K, capacity 4505K, committed 4580K, reserved 1048576K
}
2016-07-14T14:57:03.990+0100: 1267.032: Total time for which application threads were stopped: 0.0087798 seconds, Stopping threads took: 0.0000371 seconds
{Heap before GC invocations=54 (full 1):
 par new generation   total 109248K, used 89142K [0x00000000e0000000, 0x00000000e8000000, 0x00000000e8000000)
  eden space 87424K, 100% used [0x00000000e0000000, 0x00000000e5560000, 0x00000000e5560000)
  from space 21824K,   7% used [0x00000000e5560000, 0x00000000e570db40, 0x00000000e6ab0000)
  to   space 21824K,   0% used [0x00000000e6ab0000, 0x00000000e6ab0000, 0x00000000e8000000)
 concurrent mark-sweep generation total 393216K, used 29212K [0x00000000e8000000, 0x0000000100000000, 0x0000000100000000)
 Metaspace       used 39852K, capacity 40312K, committed 40676K, reserved 1085440K
  class space    used 4371K, capacity 4505K, committed 4580K, reserved 1048576K
2016-07-14T14:57:09.877+0100: 1272.918: [GC (Allocation Failure) 2016-07-14T14:57:09.877+0100: 1272.918: [ParNew
Desired survivor size 20112992 bytes, new threshold 8 (max 8)
- age   1:     724936 bytes,     724936 total
- age   2:      13592 bytes,     738528 total
- age   3:       4880 bytes,     743408 total
- age   4:       7176 bytes,     750584 total
- age   5:       1688 bytes,     752272 total
- age   6:       6512 bytes,     758784 total
- age   7:       3176 bytes,     761960 total
- age   8:       3240 bytes,     765200 total
: 89142K->1256K(109248K), 0.0066738 secs] 118355K->30474K(502464K), 0.0067744 secs] [Times: user=0.00 sys=0.00, real=0.01 secs] 
Heap after GC invocations=55 (full 1):
 par new generation   total 109248K, used 1256K [0x00000000e0000000, 0x00000000e8000000, 0x00000000e8000000)
  eden space 87424K,   0% used [0x00000000e0000000, 0x00000000e0000000, 0x00000000e5560000)
  from space 21824K,   5% used [0x00000000e6ab0000, 0x00000000e6bea3f8, 0x00000000e8000000)
  to   space 21824K,   0% used [0x00000000e5560000, 0x00000000e5560000, 0x00000000e6ab0000)
 concurrent mark-sweep generation total 393216K, used 29217K [0x00000000e8000000, 0x0000000100000000, 0x0000000100000000)
 Metaspace       used 39852K, capacity 40312K, committed 40676K, reserved 1085440K
  class space    used 4371K, capacity 4505K, committed 4580K, reserved 1048576K
}
2016-07-14T14:57:09.884+0100: 1272.925: Total time for which application threads were stopped: 0.0070460 seconds, Stopping threads took: 0.0000351 seconds
2016-07-14T14:57:13.886+0100: 1276.927: Total time for which application threads were stopped: 0.0000983 seconds, Stopping threads took: 0.0000272 seconds
{Heap before GC invocations=55 (full 1):
 par new generation   total 109248K, used 88680K [0x00000000e0000000, 0x00000000e8000000, 0x00000000e8000000)
  eden space 87424K, 100% used [0x00000000e0000000, 0x00000000e5560000, 0x00000000e5560000)
  from space 21824K,   5% used [0x00000000e6ab0000, 0x00000000e6bea3f8, 0x00000000e8000000)
  to   space 21824K,   0% used [0x00000000e5560000, 0x00000000e5560000, 0x00000000e6ab0000)
 concurrent mark-sweep generation total 393216K, used 29217K [0x00000000e8000000, 0x0000000100000000, 0x0000000100000000)
 Metaspace       used 39852K, capacity 40312K, committed 40676K, reserved 1085440K
  class space    used 4371K, capacity 4505K, committed 4580K, reserved 1048576K
2016-07-14T14:57:18.503+0100: 1281.545: [GC (Allocation Failure) 2016-07-14T14:57:18.503+0100: 1281.545: [ParNew
Desired survivor size 20112992 bytes, new threshold 8 (max 8)
- age   1:     494904 bytes,     494904 total
- age   2:       4072 bytes,     498976 total
- age   3:       4904 bytes,     503880 total
- age   4:       4880 bytes,     508760 total
- age   5:       7176 bytes,     515936 total
- age   6:       1688 bytes,     517624 total
- age   7:       6512 bytes,     524136 total
- age   8:       3176 bytes,     527312 total
: 88680K->705K(109248K), 0.0052195 secs] 117898K->29925K(502464K), 0.0053067 secs] [Times: user=0.00 sys=0.00, real=0.01 secs] 
Heap after GC invocations=56 (full 1):
 par new generation   total 109248K, used 705K [0x00000000e0000000, 0x00000000e8000000, 0x00000000e8000000)
  eden space 87424K,   0% used [0x00000000e0000000, 0x00000000e0000000, 0x00000000e5560000)
  from space 21824K,   3% used [0x00000000e5560000, 0x00000000e56104b0, 0x00000000e6ab0000)
  to   space 21824K,   0% used [0x00000000e6ab0000, 0x00000000e6ab0000, 0x00000000e8000000)
 concurrent mark-sweep generation total 393216K, used 29220K [0x00000000e8000000, 0x0000000100000000, 0x0000000100000000)
 Metaspace       used 39852K, capacity 40312K, committed 40676K, reserved 1085440K
  class space    used 4371K, capacity 4505K, committed 4580K, reserved 1048576K
}
2016-07-14T14:57:18.509+0100: 1281.550: Total time for which application threads were stopped: 0.0055925 seconds, Stopping threads took: 0.0000186 seconds
2016-07-14T14:57:18.509+0100: 1281.550: Total time for which application threads were stopped: 0.0001465 seconds, Stopping threads took: 0.0000525 seconds
2016-07-14T14:57:18.509+0100: 1281.551: Total time for which application threads were stopped: 0.0001172 seconds, Stopping threads took: 0.0000407 seconds
2016-07-14T14:57:18.509+0100: 1281.551: Total time for which application threads were stopped: 0.0000955 seconds, Stopping threads took: 0.0000501 seconds
2016-07-14T14:57:20.510+0100: 1283.551: Total time for which application threads were stopped: 0.0001626 seconds, Stopping threads took: 0.0000474 seconds
{Heap before GC invocations=56 (full 1):
 par new generation   total 109248K, used 88129K [0x00000000e0000000, 0x00000000e8000000, 0x00000000e8000000)
  eden space 87424K, 100% used [0x00000000e0000000, 0x00000000e5560000, 0x00000000e5560000)
  from space 21824K,   3% used [0x00000000e5560000, 0x00000000e56104b0, 0x00000000e6ab0000)
  to   space 21824K,   0% used [0x00000000e6ab0000, 0x00000000e6ab0000, 0x00000000e8000000)
 concurrent mark-sweep generation total 393216K, used 29220K [0x00000000e8000000, 0x0000000100000000, 0x0000000100000000)
 Metaspace       used 39852K, capacity 40312K, committed 40676K, reserved 1085440K
  class space    used 4371K, capacity 4505K, committed 4580K, reserved 1048576K
2016-07-14T14:57:22.977+0100: 1286.018: [GC (Allocation Failure) 2016-07-14T14:57:22.977+0100: 1286.018: [ParNew
Desired survivor size 20112992 bytes, new threshold 8 (max 8)
- age   1:     469200 bytes,     469200 total
- age   2:       5608 bytes,     474808 total
- age   3:       2328 bytes,     477136 total
- age   4:       4904 bytes,     482040 total
- age   5:       4880 bytes,     486920 total
- age   6:       7056 bytes,     493976 total
- age   7:       1688 bytes,     495664 total
- age   8:       6512 bytes,     502176 total
: 88129K->594K(109248K), 0.0054078 secs] 117349K->29818K(502464K), 0.0054974 secs] [Times: user=0.06 sys=0.00, real=0.01 secs] 
Heap after GC invocations=57 (full 1):
 par new generation   total 109248K, used 594K [0x00000000e0000000, 0x00000000e8000000, 0x00000000e8000000)
  eden space 87424K,   0% used [0x00000000e0000000, 0x00000000e0000000, 0x00000000e5560000)
  from space 21824K,   2% used [0x00000000e6ab0000, 0x00000000e6b44a88, 0x00000000e8000000)
  to   space 21824K,   0% used [0x00000000e5560000, 0x00000000e5560000, 0x00000000e6ab0000)
 concurrent mark-sweep generation total 393216K, used 29223K [0x00000000e8000000, 0x0000000100000000, 0x0000000100000000)
 Metaspace       used 39852K, capacity 40312K, committed 40676K, reserved 1085440K
  class space    used 4371K, capacity 4505K, committed 4580K, reserved 1048576K
}
2016-07-14T14:57:22.983+0100: 1286.024: Total time for which application threads were stopped: 0.0057058 seconds, Stopping threads took: 0.0000209 seconds
2016-07-14T14:57:23.983+0100: 1287.024: Total time for which application threads were stopped: 0.0002353 seconds, Stopping threads took: 0.0000568 seconds
2016-07-14T14:57:31.988+0100: 1295.028: Total time for which application threads were stopped: 0.0001121 seconds, Stopping threads took: 0.0000308 seconds
2016-07-14T14:57:38.989+0100: 1302.030: Total time for which application threads were stopped: 0.0002171 seconds, Stopping threads took: 0.0000521 seconds
{Heap before GC invocations=57 (full 1):
 par new generation   total 109248K, used 88018K [0x00000000e0000000, 0x00000000e8000000, 0x00000000e8000000)
  eden space 87424K, 100% used [0x00000000e0000000, 0x00000000e5560000, 0x00000000e5560000)
  from space 21824K,   2% used [0x00000000e6ab0000, 0x00000000e6b44a88, 0x00000000e8000000)
  to   space 21824K,   0% used [0x00000000e5560000, 0x00000000e5560000, 0x00000000e6ab0000)
 concurrent mark-sweep generation total 393216K, used 29223K [0x00000000e8000000, 0x0000000100000000, 0x0000000100000000)
 Metaspace       used 39852K, capacity 40312K, committed 40676K, reserved 1085440K
  class space    used 4371K, capacity 4505K, committed 4580K, reserved 1048576K
2016-07-14T14:57:39.254+0100: 1302.295: [GC (Allocation Failure) 2016-07-14T14:57:39.254+0100: 1302.295: [ParNew
Desired survivor size 20112992 bytes, new threshold 8 (max 8)
- age   1:     735896 bytes,     735896 total
- age   2:       1960 bytes,     737856 total
- age   3:       5608 bytes,     743464 total
- age   4:       2328 bytes,     745792 total
- age   5:       4784 bytes,     750576 total
- age   6:       4880 bytes,     755456 total
- age   7:       7056 bytes,     762512 total
- age   8:       1656 bytes,     764168 total
: 88018K->912K(109248K), 0.0054153 secs] 117242K->30142K(502464K), 0.0055136 secs] [Times: user=0.00 sys=0.00, real=0.01 secs] 
Heap after GC invocations=58 (full 1):
 par new generation   total 109248K, used 912K [0x00000000e0000000, 0x00000000e8000000, 0x00000000e8000000)
  eden space 87424K,   0% used [0x00000000e0000000, 0x00000000e0000000, 0x00000000e5560000)
  from space 21824K,   4% used [0x00000000e5560000, 0x00000000e56442b0, 0x00000000e6ab0000)
  to   space 21824K,   0% used [0x00000000e6ab0000, 0x00000000e6ab0000, 0x00000000e8000000)
 concurrent mark-sweep generation total 393216K, used 29230K [0x00000000e8000000, 0x0000000100000000, 0x0000000100000000)
 Metaspace       used 39852K, capacity 40312K, committed 40676K, reserved 1085440K
  class space    used 4371K, capacity 4505K, committed 4580K, reserved 1048576K
}
2016-07-14T14:57:39.259+0100: 1302.300: Total time for which application threads were stopped: 0.0057789 seconds, Stopping threads took: 0.0000308 seconds
2016-07-14T14:57:41.260+0100: 1304.300: Total time for which application threads were stopped: 0.0000967 seconds, Stopping threads took: 0.0000268 seconds
2016-07-14T14:57:43.261+0100: 1306.301: Total time for which application threads were stopped: 0.0001022 seconds, Stopping threads took: 0.0000300 seconds
{Heap before GC invocations=58 (full 1):
 par new generation   total 109248K, used 88336K [0x00000000e0000000, 0x00000000e8000000, 0x00000000e8000000)
  eden space 87424K, 100% used [0x00000000e0000000, 0x00000000e5560000, 0x00000000e5560000)
  from space 21824K,   4% used [0x00000000e5560000, 0x00000000e56442b0, 0x00000000e6ab0000)
  to   space 21824K,   0% used [0x00000000e6ab0000, 0x00000000e6ab0000, 0x00000000e8000000)
 concurrent mark-sweep generation total 393216K, used 29230K [0x00000000e8000000, 0x0000000100000000, 0x0000000100000000)
 Metaspace       used 39854K, capacity 40312K, committed 40676K, reserved 1085440K
  class space    used 4371K, capacity 4505K, committed 4580K, reserved 1048576K
2016-07-14T14:57:44.883+0100: 1307.925: [GC (Allocation Failure) 2016-07-14T14:57:44.883+0100: 1307.925: [ParNew
Desired survivor size 20112992 bytes, new threshold 8 (max 8)
- age   1:     952952 bytes,     952952 total
- age   2:       6968 bytes,     959920 total
- age   3:       1960 bytes,     961880 total
- age   4:       4192 bytes,     966072 total
- age   5:       2328 bytes,     968400 total
- age   6:       4784 bytes,     973184 total
- age   7:       4880 bytes,     978064 total
- age   8:       7056 bytes,     985120 total
: 88336K->1133K(109248K), 0.0058989 secs] 117566K->30365K(502464K), 0.0059699 secs] [Times: user=0.05 sys=0.00, real=0.01 secs] 
Heap after GC invocations=59 (full 1):
 par new generation   total 109248K, used 1133K [0x00000000e0000000, 0x00000000e8000000, 0x00000000e8000000)
  eden space 87424K,   0% used [0x00000000e0000000, 0x00000000e0000000, 0x00000000e5560000)
  from space 21824K,   5% used [0x00000000e6ab0000, 0x00000000e6bcb5f8, 0x00000000e8000000)
  to   space 21824K,   0% used [0x00000000e5560000, 0x00000000e5560000, 0x00000000e6ab0000)
 concurrent mark-sweep generation total 393216K, used 29231K [0x00000000e8000000, 0x0000000100000000, 0x0000000100000000)
 Metaspace       used 39854K, capacity 40312K, committed 40676K, reserved 1085440K
  class space    used 4371K, capacity 4505K, committed 4580K, reserved 1048576K
}
2016-07-14T14:57:44.890+0100: 1307.931: Total time for which application threads were stopped: 0.0061642 seconds, Stopping threads took: 0.0000193 seconds
2016-07-14T14:57:44.890+0100: 1307.931: Total time for which application threads were stopped: 0.0002021 seconds, Stopping threads took: 0.0000501 seconds
2016-07-14T14:57:44.891+0100: 1307.931: Total time for which application threads were stopped: 0.0001287 seconds, Stopping threads took: 0.0000257 seconds
2016-07-14T14:57:44.891+0100: 1307.932: Total time for which application threads were stopped: 0.0000801 seconds, Stopping threads took: 0.0000237 seconds
2016-07-14T14:57:44.891+0100: 1307.932: Total time for which application threads were stopped: 0.0000711 seconds, Stopping threads took: 0.0000264 seconds
2016-07-14T14:57:44.891+0100: 1307.932: Total time for which application threads were stopped: 0.0000584 seconds, Stopping threads took: 0.0000264 seconds
2016-07-14T14:57:44.891+0100: 1307.932: Total time for which application threads were stopped: 0.0000853 seconds, Stopping threads took: 0.0000328 seconds
2016-07-14T14:57:59.896+0100: 1322.937: Total time for which application threads were stopped: 0.0001015 seconds, Stopping threads took: 0.0000213 seconds
2016-07-14T14:58:00.896+0100: 1323.937: Total time for which application threads were stopped: 0.0003608 seconds, Stopping threads took: 0.0001717 seconds
2016-07-14T14:58:32.913+0100: 1355.953: Total time for which application threads were stopped: 0.0000837 seconds, Stopping threads took: 0.0000245 seconds
{Heap before GC invocations=59 (full 1):
 par new generation   total 109248K, used 88557K [0x00000000e0000000, 0x00000000e8000000, 0x00000000e8000000)
  eden space 87424K, 100% used [0x00000000e0000000, 0x00000000e5560000, 0x00000000e5560000)
  from space 21824K,   5% used [0x00000000e6ab0000, 0x00000000e6bcb5f8, 0x00000000e8000000)
  to   space 21824K,   0% used [0x00000000e5560000, 0x00000000e5560000, 0x00000000e6ab0000)
 concurrent mark-sweep generation total 393216K, used 29231K [0x00000000e8000000, 0x0000000100000000, 0x0000000100000000)
 Metaspace       used 39874K, capacity 40312K, committed 40676K, reserved 1085440K
  class space    used 4374K, capacity 4505K, committed 4580K, reserved 1048576K
2016-07-14T14:58:33.166+0100: 1356.207: [GC (Allocation Failure) 2016-07-14T14:58:33.166+0100: 1356.207: [ParNew
Desired survivor size 20112992 bytes, new threshold 8 (max 8)
- age   1:     765184 bytes,     765184 total
- age   2:       7720 bytes,     772904 total
- age   3:       6344 bytes,     779248 total
- age   4:       1840 bytes,     781088 total
- age   5:       4192 bytes,     785280 total
- age   6:       2328 bytes,     787608 total
- age   7:       4752 bytes,     792360 total
- age   8:       4880 bytes,     797240 total
: 88557K->1019K(109248K), 0.0064961 secs] 117789K->30258K(502464K), 0.0065668 secs] [Times: user=0.06 sys=0.00, real=0.01 secs] 
Heap after GC invocations=60 (full 1):
 par new generation   total 109248K, used 1019K [0x00000000e0000000, 0x00000000e8000000, 0x00000000e8000000)
  eden space 87424K,   0% used [0x00000000e0000000, 0x00000000e0000000, 0x00000000e5560000)
  from space 21824K,   4% used [0x00000000e5560000, 0x00000000e565ef40, 0x00000000e6ab0000)
  to   space 21824K,   0% used [0x00000000e6ab0000, 0x00000000e6ab0000, 0x00000000e8000000)
 concurrent mark-sweep generation total 393216K, used 29238K [0x00000000e8000000, 0x0000000100000000, 0x0000000100000000)
 Metaspace       used 39874K, capacity 40312K, committed 40676K, reserved 1085440K
  class space    used 4374K, capacity 4505K, committed 4580K, reserved 1048576K
}
2016-07-14T14:58:33.173+0100: 1356.214: Total time for which application threads were stopped: 0.0067626 seconds, Stopping threads took: 0.0000186 seconds
2016-07-14T14:58:34.174+0100: 1357.214: Total time for which application threads were stopped: 0.0001030 seconds, Stopping threads took: 0.0000257 seconds
2016-07-14T14:59:34.207+0100: 1417.248: Total time for which application threads were stopped: 0.0001153 seconds, Stopping threads took: 0.0000371 seconds
2016-07-14T14:59:45.214+0100: 1428.254: Total time for which application threads were stopped: 0.0002515 seconds, Stopping threads took: 0.0000943 seconds
2016-07-14T15:00:15.518+0100: 1458.559: Total time for which application threads were stopped: 0.0001093 seconds, Stopping threads took: 0.0000284 seconds
2016-07-14T15:05:22.278+0100: 1765.319: Total time for which application threads were stopped: 0.0000947 seconds, Stopping threads took: 0.0000249 seconds
2016-07-14T15:05:22.278+0100: 1765.319: Total time for which application threads were stopped: 0.0000466 seconds, Stopping threads took: 0.0000209 seconds
2016-07-14T15:05:22.279+0100: 1765.320: Total time for which application threads were stopped: 0.0000987 seconds, Stopping threads took: 0.0000328 seconds
2016-07-14T15:05:22.280+0100: 1765.321: Total time for which application threads were stopped: 0.0001176 seconds, Stopping threads took: 0.0000312 seconds
2016-07-14T15:05:22.284+0100: 1765.325: Total time for which application threads were stopped: 0.0001465 seconds, Stopping threads took: 0.0000766 seconds
2016-07-14T15:05:22.284+0100: 1765.325: Total time for which application threads were stopped: 0.0001784 seconds, Stopping threads took: 0.0001133 seconds
2016-07-14T15:05:22.284+0100: 1765.326: Total time for which application threads were stopped: 0.0001338 seconds, Stopping threads took: 0.0000628 seconds
2016-07-14T15:05:22.303+0100: 1765.344: Total time for which application threads were stopped: 0.0001670 seconds, Stopping threads took: 0.0000371 seconds
{Heap before GC invocations=60 (full 1):
 par new generation   total 109248K, used 88443K [0x00000000e0000000, 0x00000000e8000000, 0x00000000e8000000)
  eden space 87424K, 100% used [0x00000000e0000000, 0x00000000e5560000, 0x00000000e5560000)
  from space 21824K,   4% used [0x00000000e5560000, 0x00000000e565ef40, 0x00000000e6ab0000)
  to   space 21824K,   0% used [0x00000000e6ab0000, 0x00000000e6ab0000, 0x00000000e8000000)
 concurrent mark-sweep generation total 393216K, used 29238K [0x00000000e8000000, 0x0000000100000000, 0x0000000100000000)
 Metaspace       used 39979K, capacity 40376K, committed 40676K, reserved 1085440K
  class space    used 4374K, capacity 4505K, committed 4580K, reserved 1048576K
2016-07-14T15:05:23.232+0100: 1766.273: [GC (Allocation Failure) 2016-07-14T15:05:23.232+0100: 1766.273: [ParNew
Desired survivor size 20112992 bytes, new threshold 8 (max 8)
- age   1:    3198472 bytes,    3198472 total
- age   2:     349256 bytes,    3547728 total
- age   3:       1616 bytes,    3549344 total
- age   4:       6344 bytes,    3555688 total
- age   5:       1808 bytes,    3557496 total
- age   6:       4192 bytes,    3561688 total
- age   7:       2328 bytes,    3564016 total
- age   8:       4752 bytes,    3568768 total
: 88443K->3810K(109248K), 0.0053656 secs] 117682K->33053K(502464K), 0.0054469 secs] [Times: user=0.00 sys=0.00, real=0.01 secs] 
Heap after GC invocations=61 (full 1):
 par new generation   total 109248K, used 3810K [0x00000000e0000000, 0x00000000e8000000, 0x00000000e8000000)
  eden space 87424K,   0% used [0x00000000e0000000, 0x00000000e0000000, 0x00000000e5560000)
  from space 21824K,  17% used [0x00000000e6ab0000, 0x00000000e6e68898, 0x00000000e8000000)
  to   space 21824K,   0% used [0x00000000e5560000, 0x00000000e5560000, 0x00000000e6ab0000)
 concurrent mark-sweep generation total 393216K, used 29243K [0x00000000e8000000, 0x0000000100000000, 0x0000000100000000)
 Metaspace       used 39979K, capacity 40376K, committed 40676K, reserved 1085440K
  class space    used 4374K, capacity 4505K, committed 4580K, reserved 1048576K
}
2016-07-14T15:05:23.238+0100: 1766.278: Total time for which application threads were stopped: 0.0057118 seconds, Stopping threads took: 0.0000261 seconds
2016-07-14T15:05:23.269+0100: 1766.311: Total time for which application threads were stopped: 0.0001022 seconds, Stopping threads took: 0.0000272 seconds
2016-07-14T15:05:23.270+0100: 1766.311: Total time for which application threads were stopped: 0.0000782 seconds, Stopping threads took: 0.0000257 seconds
2016-07-14T15:05:23.395+0100: 1766.436: Total time for which application threads were stopped: 0.0001488 seconds, Stopping threads took: 0.0000320 seconds
2016-07-14T15:05:23.409+0100: 1766.450: Total time for which application threads were stopped: 0.0001374 seconds, Stopping threads took: 0.0000347 seconds
2016-07-14T15:05:24.377+0100: 1767.418: Total time for which application threads were stopped: 0.0000892 seconds, Stopping threads took: 0.0000178 seconds
2016-07-14T15:05:25.378+0100: 1768.418: Total time for which application threads were stopped: 0.0000715 seconds, Stopping threads took: 0.0000201 seconds
2016-07-14T15:06:04.392+0100: 1807.433: Total time for which application threads were stopped: 0.0000963 seconds, Stopping threads took: 0.0000284 seconds
2016-07-14T15:06:05.392+0100: 1808.433: Total time for which application threads were stopped: 0.0001022 seconds, Stopping threads took: 0.0000324 seconds
{Heap before GC invocations=61 (full 1):
 par new generation   total 109248K, used 91234K [0x00000000e0000000, 0x00000000e8000000, 0x00000000e8000000)
  eden space 87424K, 100% used [0x00000000e0000000, 0x00000000e5560000, 0x00000000e5560000)
  from space 21824K,  17% used [0x00000000e6ab0000, 0x00000000e6e68898, 0x00000000e8000000)
  to   space 21824K,   0% used [0x00000000e5560000, 0x00000000e5560000, 0x00000000e6ab0000)
 concurrent mark-sweep generation total 393216K, used 29243K [0x00000000e8000000, 0x0000000100000000, 0x0000000100000000)
 Metaspace       used 40087K, capacity 40504K, committed 40676K, reserved 1085440K
  class space    used 4383K, capacity 4505K, committed 4580K, reserved 1048576K
2016-07-14T15:06:08.521+0100: 1811.562: [GC (Allocation Failure) 2016-07-14T15:06:08.521+0100: 1811.562: [ParNew
Desired survivor size 20112992 bytes, new threshold 8 (max 8)
- age   1:    1854024 bytes,    1854024 total
- age   2:     699904 bytes,    2553928 total
- age   3:     347880 bytes,    2901808 total
- age   4:       1616 bytes,    2903424 total
- age   5:       6344 bytes,    2909768 total
- age   6:       1808 bytes,    2911576 total
- age   7:       4192 bytes,    2915768 total
- age   8:       2328 bytes,    2918096 total
: 91234K->3466K(109248K), 0.0146365 secs] 120477K->32714K(502464K), 0.0147723 secs] [Times: user=0.06 sys=0.00, real=0.02 secs] 
Heap after GC invocations=62 (full 1):
 par new generation   total 109248K, used 3466K [0x00000000e0000000, 0x00000000e8000000, 0x00000000e8000000)
  eden space 87424K,   0% used [0x00000000e0000000, 0x00000000e0000000, 0x00000000e5560000)
  from space 21824K,  15% used [0x00000000e5560000, 0x00000000e58c2a88, 0x00000000e6ab0000)
  to   space 21824K,   0% used [0x00000000e6ab0000, 0x00000000e6ab0000, 0x00000000e8000000)
 concurrent mark-sweep generation total 393216K, used 29248K [0x00000000e8000000, 0x0000000100000000, 0x0000000100000000)
 Metaspace       used 40087K, capacity 40504K, committed 40676K, reserved 1085440K
  class space    used 4383K, capacity 4505K, committed 4580K, reserved 1048576K
}
2016-07-14T15:06:08.536+0100: 1811.577: Total time for which application threads were stopped: 0.0151670 seconds, Stopping threads took: 0.0000336 seconds
2016-07-14T15:06:09.537+0100: 1812.577: Total time for which application threads were stopped: 0.0000829 seconds, Stopping threads took: 0.0000312 seconds
{Heap before GC invocations=62 (full 1):
 par new generation   total 109248K, used 90890K [0x00000000e0000000, 0x00000000e8000000, 0x00000000e8000000)
  eden space 87424K, 100% used [0x00000000e0000000, 0x00000000e5560000, 0x00000000e5560000)
  from space 21824K,  15% used [0x00000000e5560000, 0x00000000e58c2a88, 0x00000000e6ab0000)
  to   space 21824K,   0% used [0x00000000e6ab0000, 0x00000000e6ab0000, 0x00000000e8000000)
 concurrent mark-sweep generation total 393216K, used 29248K [0x00000000e8000000, 0x0000000100000000, 0x0000000100000000)
 Metaspace       used 40088K, capacity 40504K, committed 40676K, reserved 1085440K
  class space    used 4383K, capacity 4505K, committed 4580K, reserved 1048576K
2016-07-14T15:06:11.032+0100: 1814.073: [GC (Allocation Failure) 2016-07-14T15:06:11.032+0100: 1814.073: [ParNew
Desired survivor size 20112992 bytes, new threshold 8 (max 8)
- age   1:     941744 bytes,     941744 total
- age   2:     813080 bytes,    1754824 total
- age   3:     699904 bytes,    2454728 total
- age   4:     347880 bytes,    2802608 total
- age   5:       1616 bytes,    2804224 total
- age   6:       6344 bytes,    2810568 total
- age   7:       1808 bytes,    2812376 total
- age   8:       4192 bytes,    2816568 total
: 90890K->4291K(109248K), 0.0058847 secs] 120138K->33542K(502464K), 0.0059553 secs] [Times: user=0.00 sys=0.00, real=0.00 secs] 
Heap after GC invocations=63 (full 1):
 par new generation   total 109248K, used 4291K [0x00000000e0000000, 0x00000000e8000000, 0x00000000e8000000)
  eden space 87424K,   0% used [0x00000000e0000000, 0x00000000e0000000, 0x00000000e5560000)
  from space 21824K,  19% used [0x00000000e6ab0000, 0x00000000e6ee0f10, 0x00000000e8000000)
  to   space 21824K,   0% used [0x00000000e5560000, 0x00000000e5560000, 0x00000000e6ab0000)
 concurrent mark-sweep generation total 393216K, used 29250K [0x00000000e8000000, 0x0000000100000000, 0x0000000100000000)
 Metaspace       used 40088K, capacity 40504K, committed 40676K, reserved 1085440K
  class space    used 4383K, capacity 4505K, committed 4580K, reserved 1048576K
}
2016-07-14T15:06:11.038+0100: 1814.079: Total time for which application threads were stopped: 0.0061543 seconds, Stopping threads took: 0.0000237 seconds
2016-07-14T15:06:12.039+0100: 1815.079: Total time for which application threads were stopped: 0.0001441 seconds, Stopping threads took: 0.0000434 seconds
{Heap before GC invocations=63 (full 1):
 par new generation   total 109248K, used 91715K [0x00000000e0000000, 0x00000000e8000000, 0x00000000e8000000)
  eden space 87424K, 100% used [0x00000000e0000000, 0x00000000e5560000, 0x00000000e5560000)
  from space 21824K,  19% used [0x00000000e6ab0000, 0x00000000e6ee0f10, 0x00000000e8000000)
  to   space 21824K,   0% used [0x00000000e5560000, 0x00000000e5560000, 0x00000000e6ab0000)
 concurrent mark-sweep generation total 393216K, used 29250K [0x00000000e8000000, 0x0000000100000000, 0x0000000100000000)
 Metaspace       used 40088K, capacity 40504K, committed 40676K, reserved 1085440K
  class space    used 4383K, capacity 4505K, committed 4580K, reserved 1048576K
2016-07-14T15:06:14.863+0100: 1817.904: [GC (Allocation Failure) 2016-07-14T15:06:14.864+0100: 1817.904: [ParNew
Desired survivor size 20112992 bytes, new threshold 8 (max 8)
- age   1:     754584 bytes,     754584 total
- age   2:       7256 bytes,     761840 total
- age   3:     808632 bytes,    1570472 total
- age   4:     699752 bytes,    2270224 total
- age   5:     347880 bytes,    2618104 total
- age   6:       1616 bytes,    2619720 total
- age   7:       6344 bytes,    2626064 total
- age   8:       1808 bytes,    2627872 total
: 91715K->3315K(109248K), 0.0054745 secs] 120966K->32570K(502464K), 0.0055448 secs] [Times: user=0.00 sys=0.00, real=0.01 secs] 
Heap after GC invocations=64 (full 1):
 par new generation   total 109248K, used 3315K [0x00000000e0000000, 0x00000000e8000000, 0x00000000e8000000)
  eden space 87424K,   0% used [0x00000000e0000000, 0x00000000e0000000, 0x00000000e5560000)
  from space 21824K,  15% used [0x00000000e5560000, 0x00000000e589cf40, 0x00000000e6ab0000)
  to   space 21824K,   0% used [0x00000000e6ab0000, 0x00000000e6ab0000, 0x00000000e8000000)
 concurrent mark-sweep generation total 393216K, used 29254K [0x00000000e8000000, 0x0000000100000000, 0x0000000100000000)
 Metaspace       used 40088K, capacity 40504K, committed 40676K, reserved 1085440K
  class space    used 4383K, capacity 4505K, committed 4580K, reserved 1048576K
}
2016-07-14T15:06:14.869+0100: 1817.910: Total time for which application threads were stopped: 0.0057552 seconds, Stopping threads took: 0.0000276 seconds
2016-07-14T15:06:16.870+0100: 1819.910: Total time for which application threads were stopped: 0.0001378 seconds, Stopping threads took: 0.0000351 seconds
2016-07-14T15:06:19.872+0100: 1822.912: Total time for which application threads were stopped: 0.0000715 seconds, Stopping threads took: 0.0000205 seconds
{Heap before GC invocations=64 (full 1):
 par new generation   total 109248K, used 90739K [0x00000000e0000000, 0x00000000e8000000, 0x00000000e8000000)
  eden space 87424K, 100% used [0x00000000e0000000, 0x00000000e5560000, 0x00000000e5560000)
  from space 21824K,  15% used [0x00000000e5560000, 0x00000000e589cf40, 0x00000000e6ab0000)
  to   space 21824K,   0% used [0x00000000e6ab0000, 0x00000000e6ab0000, 0x00000000e8000000)
 concurrent mark-sweep generation total 393216K, used 29254K [0x00000000e8000000, 0x0000000100000000, 0x0000000100000000)
 Metaspace       used 40100K, capacity 40504K, committed 40676K, reserved 1085440K
  class space    used 4383K, capacity 4505K, committed 4580K, reserved 1048576K
2016-07-14T15:06:20.545+0100: 1823.586: [GC (Allocation Failure) 2016-07-14T15:06:20.545+0100: 1823.586: [ParNew
Desired survivor size 20112992 bytes, new threshold 8 (max 8)
- age   1:     603320 bytes,     603320 total
- age   2:       6688 bytes,     610008 total
- age   3:       2896 bytes,     612904 total
- age   4:     808632 bytes,    1421536 total
- age   5:     699752 bytes,    2121288 total
- age   6:     347880 bytes,    2469168 total
- age   7:       1616 bytes,    2470784 total
- age   8:       6344 bytes,    2477128 total
: 90739K->3474K(109248K), 0.0176887 secs] 119994K->32730K(502464K), 0.0178569 secs] [Times: user=0.02 sys=0.00, real=0.02 secs] 
Heap after GC invocations=65 (full 1):
 par new generation   total 109248K, used 3474K [0x00000000e0000000, 0x00000000e8000000, 0x00000000e8000000)
  eden space 87424K,   0% used [0x00000000e0000000, 0x00000000e0000000, 0x00000000e5560000)
  from space 21824K,  15% used [0x00000000e6ab0000, 0x00000000e6e14a80, 0x00000000e8000000)
  to   space 21824K,   0% used [0x00000000e5560000, 0x00000000e5560000, 0x00000000e6ab0000)
 concurrent mark-sweep generation total 393216K, used 29256K [0x00000000e8000000, 0x0000000100000000, 0x0000000100000000)
 Metaspace       used 40100K, capacity 40504K, committed 40676K, reserved 1085440K
  class space    used 4383K, capacity 4505K, committed 4580K, reserved 1048576K
}
2016-07-14T15:06:20.563+0100: 1823.604: Total time for which application threads were stopped: 0.0184340 seconds, Stopping threads took: 0.0000711 seconds
2016-07-14T15:06:21.563+0100: 1824.604: Total time for which application threads were stopped: 0.0001476 seconds, Stopping threads took: 0.0000407 seconds
2016-07-14T15:06:22.564+0100: 1825.604: Total time for which application threads were stopped: 0.0001011 seconds, Stopping threads took: 0.0000316 seconds
{Heap before GC invocations=65 (full 1):
 par new generation   total 109248K, used 90898K [0x00000000e0000000, 0x00000000e8000000, 0x00000000e8000000)
  eden space 87424K, 100% used [0x00000000e0000000, 0x00000000e5560000, 0x00000000e5560000)
  from space 21824K,  15% used [0x00000000e6ab0000, 0x00000000e6e14a80, 0x00000000e8000000)
  to   space 21824K,   0% used [0x00000000e5560000, 0x00000000e5560000, 0x00000000e6ab0000)
 concurrent mark-sweep generation total 393216K, used 29256K [0x00000000e8000000, 0x0000000100000000, 0x0000000100000000)
 Metaspace       used 40100K, capacity 40504K, committed 40676K, reserved 1085440K
  class space    used 4383K, capacity 4505K, committed 4580K, reserved 1048576K
2016-07-14T15:06:23.407+0100: 1826.448: [GC (Allocation Failure) 2016-07-14T15:06:23.407+0100: 1826.448: [ParNew
Desired survivor size 20112992 bytes, new threshold 8 (max 8)
- age   1:     897856 bytes,     897856 total
- age   2:       6224 bytes,     904080 total
- age   3:       3032 bytes,     907112 total
- age   4:       2896 bytes,     910008 total
- age   5:     808632 bytes,    1718640 total
- age   6:     699752 bytes,    2418392 total
- age   7:     347880 bytes,    2766272 total
- age   8:       1616 bytes,    2767888 total
: 90898K->3669K(109248K), 0.0066454 secs] 120154K->32931K(502464K), 0.0067148 secs] [Times: user=0.00 sys=0.00, real=0.01 secs] 
Heap after GC invocations=66 (full 1):
 par new generation   total 109248K, used 3669K [0x00000000e0000000, 0x00000000e8000000, 0x00000000e8000000)
  eden space 87424K,   0% used [0x00000000e0000000, 0x00000000e0000000, 0x00000000e5560000)
  from space 21824K,  16% used [0x00000000e5560000, 0x00000000e58f5460, 0x00000000e6ab0000)
  to   space 21824K,   0% used [0x00000000e6ab0000, 0x00000000e6ab0000, 0x00000000e8000000)
 concurrent mark-sweep generation total 393216K, used 29262K [0x00000000e8000000, 0x0000000100000000, 0x0000000100000000)
 Metaspace       used 40100K, capacity 40504K, committed 40676K, reserved 1085440K
  class space    used 4383K, capacity 4505K, committed 4580K, reserved 1048576K
}
2016-07-14T15:06:23.414+0100: 1826.454: Total time for which application threads were stopped: 0.0069087 seconds, Stopping threads took: 0.0000217 seconds
2016-07-14T15:06:43.339+0100: 1846.380: Total time for which application threads were stopped: 0.0000790 seconds, Stopping threads took: 0.0000193 seconds
2016-07-14T15:06:44.339+0100: 1847.380: Total time for which application threads were stopped: 0.0001018 seconds, Stopping threads took: 0.0000288 seconds
2016-07-14T15:08:54.042+0100: 1977.083: Total time for which application threads were stopped: 0.0001271 seconds, Stopping threads took: 0.0000367 seconds
2016-07-14T15:08:54.042+0100: 1977.083: Total time for which application threads were stopped: 0.0000450 seconds, Stopping threads took: 0.0000111 seconds
2016-07-14T15:08:54.043+0100: 1977.084: Total time for which application threads were stopped: 0.0000770 seconds, Stopping threads took: 0.0000154 seconds
2016-07-14T15:08:54.059+0100: 1977.099: Total time for which application threads were stopped: 0.0008168 seconds, Stopping threads took: 0.0000268 seconds
2016-07-14T15:08:54.095+0100: 1977.137: Total time for which application threads were stopped: 0.0002586 seconds, Stopping threads took: 0.0000750 seconds
2016-07-14T15:08:54.109+0100: 1977.150: Total time for which application threads were stopped: 0.0000959 seconds, Stopping threads took: 0.0000276 seconds
2016-07-14T15:08:54.109+0100: 1977.150: Total time for which application threads were stopped: 0.0000486 seconds, Stopping threads took: 0.0000142 seconds
2016-07-14T15:08:54.109+0100: 1977.151: Total time for which application threads were stopped: 0.0000557 seconds, Stopping threads took: 0.0000091 seconds
2016-07-14T15:08:54.110+0100: 1977.152: Total time for which application threads were stopped: 0.0002179 seconds, Stopping threads took: 0.0000284 seconds
2016-07-14T15:08:54.111+0100: 1977.152: Total time for which application threads were stopped: 0.0000584 seconds, Stopping threads took: 0.0000150 seconds
2016-07-14T15:08:55.112+0100: 1978.153: Total time for which application threads were stopped: 0.0001721 seconds, Stopping threads took: 0.0000478 seconds
2016-07-14T15:09:29.128+0100: 2012.169: Total time for which application threads were stopped: 0.0002155 seconds, Stopping threads took: 0.0000683 seconds
2016-07-14T15:10:12.015+0100: 2055.056: Total time for which application threads were stopped: 0.0000801 seconds, Stopping threads took: 0.0000229 seconds
2016-07-14T15:10:12.015+0100: 2055.056: Total time for which application threads were stopped: 0.0000395 seconds, Stopping threads took: 0.0000111 seconds
2016-07-14T15:10:12.016+0100: 2055.057: Total time for which application threads were stopped: 0.0011156 seconds, Stopping threads took: 0.0000126 seconds
2016-07-14T15:10:12.018+0100: 2055.059: Total time for which application threads were stopped: 0.0006644 seconds, Stopping threads took: 0.0000186 seconds
2016-07-14T15:10:12.020+0100: 2055.061: Total time for which application threads were stopped: 0.0000967 seconds, Stopping threads took: 0.0000284 seconds
2016-07-14T15:10:12.021+0100: 2055.062: Total time for which application threads were stopped: 0.0000762 seconds, Stopping threads took: 0.0000225 seconds
2016-07-14T15:10:12.022+0100: 2055.063: Total time for which application threads were stopped: 0.0000371 seconds, Stopping threads took: 0.0000083 seconds
2016-07-14T15:10:12.022+0100: 2055.063: Total time for which application threads were stopped: 0.0000438 seconds, Stopping threads took: 0.0000170 seconds
2016-07-14T15:10:12.022+0100: 2055.063: Total time for which application threads were stopped: 0.0000462 seconds, Stopping threads took: 0.0000095 seconds
2016-07-14T15:10:12.022+0100: 2055.063: Total time for which application threads were stopped: 0.0000395 seconds, Stopping threads took: 0.0000095 seconds
2016-07-14T15:10:12.022+0100: 2055.063: Total time for which application threads were stopped: 0.0000288 seconds, Stopping threads took: 0.0000059 seconds
2016-07-14T15:10:12.023+0100: 2055.064: Total time for which application threads were stopped: 0.0000742 seconds, Stopping threads took: 0.0000276 seconds
2016-07-14T15:10:12.024+0100: 2055.065: Total time for which application threads were stopped: 0.0000726 seconds, Stopping threads took: 0.0000217 seconds
2016-07-14T15:10:12.027+0100: 2055.068: Total time for which application threads were stopped: 0.0000995 seconds, Stopping threads took: 0.0000276 seconds
2016-07-14T15:10:12.054+0100: 2055.095: Total time for which application threads were stopped: 0.0000754 seconds, Stopping threads took: 0.0000201 seconds
2016-07-14T15:10:12.055+0100: 2055.096: Total time for which application threads were stopped: 0.0000770 seconds, Stopping threads took: 0.0000174 seconds
2016-07-14T15:10:12.055+0100: 2055.096: Total time for which application threads were stopped: 0.0000636 seconds, Stopping threads took: 0.0000182 seconds
2016-07-14T15:10:12.056+0100: 2055.096: Total time for which application threads were stopped: 0.0000486 seconds, Stopping threads took: 0.0000111 seconds
2016-07-14T15:10:12.056+0100: 2055.096: Total time for which application threads were stopped: 0.0000521 seconds, Stopping threads took: 0.0000118 seconds
2016-07-14T15:10:12.056+0100: 2055.096: Total time for which application threads were stopped: 0.0000458 seconds, Stopping threads took: 0.0000099 seconds
2016-07-14T15:10:12.056+0100: 2055.096: Total time for which application threads were stopped: 0.0000450 seconds, Stopping threads took: 0.0000111 seconds
2016-07-14T15:10:12.056+0100: 2055.096: Total time for which application threads were stopped: 0.0000458 seconds, Stopping threads took: 0.0000107 seconds
2016-07-14T15:10:12.056+0100: 2055.096: Total time for which application threads were stopped: 0.0001200 seconds, Stopping threads took: 0.0000833 seconds
2016-07-14T15:10:12.056+0100: 2055.097: Total time for which application threads were stopped: 0.0000537 seconds, Stopping threads took: 0.0000142 seconds
2016-07-14T15:10:12.056+0100: 2055.097: Total time for which application threads were stopped: 0.0000545 seconds, Stopping threads took: 0.0000182 seconds
2016-07-14T15:10:12.056+0100: 2055.097: Total time for which application threads were stopped: 0.0000486 seconds, Stopping threads took: 0.0000158 seconds
2016-07-14T15:10:12.057+0100: 2055.097: Total time for which application threads were stopped: 0.0000541 seconds, Stopping threads took: 0.0000186 seconds
2016-07-14T15:10:12.058+0100: 2055.099: Total time for which application threads were stopped: 0.0000932 seconds, Stopping threads took: 0.0000142 seconds
2016-07-14T15:10:12.060+0100: 2055.100: Total time for which application threads were stopped: 0.0002128 seconds, Stopping threads took: 0.0001536 seconds
Heap
 par new generation   total 109248K, used 11253K [0x00000000e0000000, 0x00000000e8000000, 0x00000000e8000000)
  eden space 87424K,   8% used [0x00000000e0000000, 0x00000000e0768038, 0x00000000e5560000)
  from space 21824K,  16% used [0x00000000e5560000, 0x00000000e58f5460, 0x00000000e6ab0000)
  to   space 21824K,   0% used [0x00000000e6ab0000, 0x00000000e6ab0000, 0x00000000e8000000)
 concurrent mark-sweep generation total 393216K, used 29262K [0x00000000e8000000, 0x0000000100000000, 0x0000000100000000)
 Metaspace       used 40391K, capacity 40824K, committed 40932K, reserved 1085440K
  class space    used 4428K, capacity 4569K, committed 4580K, reserved 1048576K
