Java HotSpot(TM) 64-Bit Server VM (25.73-b02) for windows-amd64 JRE (1.8.0_73-b02), built on Jan 29 2016 17:38:49 by "java_re" with MS VC++ 10.0 (VS2010)
Memory: 4k page, physical 4027256k(1206692k free), swap 8052676k(1829548k free)
CommandLine flags: -XX:CMSInitiatingOccupancyFraction=50 -XX:CMSMaxAbortablePrecleanTime=6000 -XX:+CMSParallelRemarkEnabled -XX:+CMSScavengeBeforeRemark -XX:ConcGCThreads=4 -XX:InitialHeapSize=536870912 -XX:MaxHeapSize=536870912 -XX:MaxTenuringThreshold=8 -XX:NewRatio=3 -XX:OldPLABSize=16 -XX:ParallelGCThreads=4 -XX:+ParallelRefProcEnabled -XX:PretenureSizeThreshold=67108864 -XX:+PrintGC -XX:+PrintGCApplicationStoppedTime -XX:+PrintGCDateStamps -XX:+PrintGCDetails -XX:+PrintGCTimeStamps -XX:+PrintHeapAtGC -XX:+PrintTenuringDistribution -XX:SurvivorRatio=4 -XX:TargetSurvivorRatio=90 -XX:ThreadStackSize=256 -XX:+UseCMSInitiatingOccupancyOnly -XX:+UseCompressedClassPointers -XX:+UseCompressedOops -XX:+UseConcMarkSweepGC -XX:-UseLargePagesIndividualAllocation -XX:+UseParNewGC 
2016-02-29T15:46:08.454+0000: 1.059: Total time for which application threads were stopped: 0.0004430 seconds, Stopping threads took: 0.0002606 seconds
2016-02-29T15:46:09.007+0000: 1.612: Total time for which application threads were stopped: 0.0002369 seconds, Stopping threads took: 0.0000450 seconds
2016-02-29T15:46:09.103+0000: 1.708: Total time for which application threads were stopped: 0.0001974 seconds, Stopping threads took: 0.0000450 seconds
2016-02-29T15:46:09.723+0000: 2.329: Total time for which application threads were stopped: 0.0002898 seconds, Stopping threads took: 0.0000458 seconds
2016-02-29T15:46:09.865+0000: 2.470: Total time for which application threads were stopped: 0.0003182 seconds, Stopping threads took: 0.0000529 seconds
2016-02-29T15:46:09.889+0000: 2.494: Total time for which application threads were stopped: 0.0002827 seconds, Stopping threads took: 0.0000474 seconds
2016-02-29T15:46:10.889+0000: 3.494: Total time for which application threads were stopped: 0.0001635 seconds, Stopping threads took: 0.0000561 seconds
{Heap before GC invocations=0 (full 0):
 par new generation   total 109248K, used 87424K [0x00000000e0000000, 0x00000000e8000000, 0x00000000e8000000)
  eden space 87424K, 100% used [0x00000000e0000000, 0x00000000e5560000, 0x00000000e5560000)
  from space 21824K,   0% used [0x00000000e5560000, 0x00000000e5560000, 0x00000000e6ab0000)
  to   space 21824K,   0% used [0x00000000e6ab0000, 0x00000000e6ab0000, 0x00000000e8000000)
 concurrent mark-sweep generation total 393216K, used 0K [0x00000000e8000000, 0x0000000100000000, 0x0000000100000000)
 Metaspace       used 10141K, capacity 10344K, committed 10496K, reserved 1058816K
  class space    used 1166K, capacity 1212K, committed 1280K, reserved 1048576K
2016-02-29T15:46:10.998+0000: 3.604: [GC (Allocation Failure) 2016-02-29T15:46:10.999+0000: 3.604: [ParNew
Desired survivor size 20112992 bytes, new threshold 8 (max 8)
- age   1:    5738856 bytes,    5738856 total
: 87424K->5680K(109248K), 0.0361630 secs] 87424K->5680K(502464K), 0.0364844 secs] [Times: user=0.02 sys=0.00, real=0.04 secs] 
Heap after GC invocations=1 (full 0):
 par new generation   total 109248K, used 5680K [0x00000000e0000000, 0x00000000e8000000, 0x00000000e8000000)
  eden space 87424K,   0% used [0x00000000e0000000, 0x00000000e0000000, 0x00000000e5560000)
  from space 21824K,  26% used [0x00000000e6ab0000, 0x00000000e703c040, 0x00000000e8000000)
  to   space 21824K,   0% used [0x00000000e5560000, 0x00000000e5560000, 0x00000000e6ab0000)
 concurrent mark-sweep generation total 393216K, used 0K [0x00000000e8000000, 0x0000000100000000, 0x0000000100000000)
 Metaspace       used 10141K, capacity 10344K, committed 10496K, reserved 1058816K
  class space    used 1166K, capacity 1212K, committed 1280K, reserved 1048576K
}
2016-02-29T15:46:11.035+0000: 3.640: Total time for which application threads were stopped: 0.0368839 seconds, Stopping threads took: 0.0000434 seconds
2016-02-29T15:46:11.406+0000: 4.011: Total time for which application threads were stopped: 0.0003419 seconds, Stopping threads took: 0.0000497 seconds
2016-02-29T15:46:11.527+0000: 4.133: Total time for which application threads were stopped: 0.0003332 seconds, Stopping threads took: 0.0000411 seconds
2016-02-29T15:46:11.721+0000: 4.326: Total time for which application threads were stopped: 0.0016085 seconds, Stopping threads took: 0.0011576 seconds
2016-02-29T15:46:11.880+0000: 4.487: Total time for which application threads were stopped: 0.0003664 seconds, Stopping threads took: 0.0000403 seconds
2016-02-29T15:46:11.890+0000: 4.495: Total time for which application threads were stopped: 0.0004485 seconds, Stopping threads took: 0.0000371 seconds
2016-02-29T15:46:12.573+0000: 5.178: Total time for which application threads were stopped: 0.0046660 seconds, Stopping threads took: 0.0044228 seconds
2016-02-29T15:46:12.587+0000: 5.192: Total time for which application threads were stopped: 0.0035186 seconds, Stopping threads took: 0.0033417 seconds
2016-02-29T15:46:12.610+0000: 5.216: Total time for which application threads were stopped: 0.0004414 seconds, Stopping threads took: 0.0000600 seconds
2016-02-29T15:46:12.674+0000: 5.279: Total time for which application threads were stopped: 0.0001856 seconds, Stopping threads took: 0.0000490 seconds
2016-02-29T15:46:12.674+0000: 5.279: Total time for which application threads were stopped: 0.0000742 seconds, Stopping threads took: 0.0000245 seconds
2016-02-29T15:46:12.789+0000: 5.394: Total time for which application threads were stopped: 0.0001587 seconds, Stopping threads took: 0.0000608 seconds
2016-02-29T15:46:12.790+0000: 5.395: Total time for which application threads were stopped: 0.0000987 seconds, Stopping threads took: 0.0000403 seconds
2016-02-29T15:46:12.790+0000: 5.395: Total time for which application threads were stopped: 0.0000750 seconds, Stopping threads took: 0.0000284 seconds
2016-02-29T15:46:12.790+0000: 5.395: Total time for which application threads were stopped: 0.0001058 seconds, Stopping threads took: 0.0000387 seconds
2016-02-29T15:46:12.790+0000: 5.395: Total time for which application threads were stopped: 0.0000742 seconds, Stopping threads took: 0.0000284 seconds
2016-02-29T15:46:12.790+0000: 5.396: Total time for which application threads were stopped: 0.0000742 seconds, Stopping threads took: 0.0000292 seconds
2016-02-29T15:46:12.790+0000: 5.396: Total time for which application threads were stopped: 0.0000719 seconds, Stopping threads took: 0.0000276 seconds
2016-02-29T15:46:12.790+0000: 5.396: Total time for which application threads were stopped: 0.0000719 seconds, Stopping threads took: 0.0000276 seconds
2016-02-29T15:46:13.120+0000: 5.727: Total time for which application threads were stopped: 0.0001556 seconds, Stopping threads took: 0.0000450 seconds
2016-02-29T15:46:13.120+0000: 5.727: Total time for which application threads were stopped: 0.0000671 seconds, Stopping threads took: 0.0000197 seconds
2016-02-29T15:46:13.120+0000: 5.727: Total time for which application threads were stopped: 0.0000703 seconds, Stopping threads took: 0.0000205 seconds
2016-02-29T15:46:13.177+0000: 5.782: Total time for which application threads were stopped: 0.0004335 seconds, Stopping threads took: 0.0000442 seconds
{Heap before GC invocations=1 (full 0):
 par new generation   total 109248K, used 93104K [0x00000000e0000000, 0x00000000e8000000, 0x00000000e8000000)
  eden space 87424K, 100% used [0x00000000e0000000, 0x00000000e5560000, 0x00000000e5560000)
  from space 21824K,  26% used [0x00000000e6ab0000, 0x00000000e703c040, 0x00000000e8000000)
  to   space 21824K,   0% used [0x00000000e5560000, 0x00000000e5560000, 0x00000000e6ab0000)
 concurrent mark-sweep generation total 393216K, used 0K [0x00000000e8000000, 0x0000000100000000, 0x0000000100000000)
 Metaspace       used 19740K, capacity 20116K, committed 20480K, reserved 1067008K
  class space    used 2351K, capacity 2488K, committed 2560K, reserved 1048576K
2016-02-29T15:46:13.182+0000: 5.796: [GC (Allocation Failure) 2016-02-29T15:46:13.182+0000: 5.796: [ParNew
Desired survivor size 20112992 bytes, new threshold 8 (max 8)
- age   1:    7684312 bytes,    7684312 total
- age   2:    2552088 bytes,   10236400 total
: 93104K->11269K(109248K), 0.0306166 secs] 93104K->11269K(502464K), 0.0307816 secs] [Times: user=0.06 sys=0.00, real=0.03 secs] 
Heap after GC invocations=2 (full 0):
 par new generation   total 109248K, used 11269K [0x00000000e0000000, 0x00000000e8000000, 0x00000000e8000000)
  eden space 87424K,   0% used [0x00000000e0000000, 0x00000000e0000000, 0x00000000e5560000)
  from space 21824K,  51% used [0x00000000e5560000, 0x00000000e6061420, 0x00000000e6ab0000)
  to   space 21824K,   0% used [0x00000000e6ab0000, 0x00000000e6ab0000, 0x00000000e8000000)
 concurrent mark-sweep generation total 393216K, used 0K [0x00000000e8000000, 0x0000000100000000, 0x0000000100000000)
 Metaspace       used 19740K, capacity 20116K, committed 20480K, reserved 1067008K
  class space    used 2351K, capacity 2488K, committed 2560K, reserved 1048576K
}
2016-02-29T15:46:13.212+0000: 5.827: Total time for which application threads were stopped: 0.0312088 seconds, Stopping threads took: 0.0000750 seconds
2016-02-29T15:46:13.232+0000: 5.837: Total time for which application threads were stopped: 0.0002045 seconds, Stopping threads took: 0.0001082 seconds
2016-02-29T15:46:13.234+0000: 5.840: Total time for which application threads were stopped: 0.0001429 seconds, Stopping threads took: 0.0000466 seconds
2016-02-29T15:46:13.252+0000: 5.858: Total time for which application threads were stopped: 0.0004762 seconds, Stopping threads took: 0.0000442 seconds
2016-02-29T15:46:13.388+0000: 5.993: Total time for which application threads were stopped: 0.0002258 seconds, Stopping threads took: 0.0000490 seconds
2016-02-29T15:46:13.448+0000: 6.053: Total time for which application threads were stopped: 0.0001721 seconds, Stopping threads took: 0.0000545 seconds
2016-02-29T15:46:13.657+0000: 6.262: Total time for which application threads were stopped: 0.0001753 seconds, Stopping threads took: 0.0000505 seconds
2016-02-29T15:46:13.780+0000: 6.385: Total time for which application threads were stopped: 0.0001808 seconds, Stopping threads took: 0.0000521 seconds
2016-02-29T15:46:13.847+0000: 6.452: Total time for which application threads were stopped: 0.0001721 seconds, Stopping threads took: 0.0000537 seconds
2016-02-29T15:46:14.008+0000: 6.614: Total time for which application threads were stopped: 0.0001627 seconds, Stopping threads took: 0.0000490 seconds
2016-02-29T15:46:14.041+0000: 6.646: Total time for which application threads were stopped: 0.0001887 seconds, Stopping threads took: 0.0000537 seconds
{Heap before GC invocations=2 (full 0):
 par new generation   total 109248K, used 98693K [0x00000000e0000000, 0x00000000e8000000, 0x00000000e8000000)
  eden space 87424K, 100% used [0x00000000e0000000, 0x00000000e5560000, 0x00000000e5560000)
  from space 21824K,  51% used [0x00000000e5560000, 0x00000000e6061420, 0x00000000e6ab0000)
  to   space 21824K,   0% used [0x00000000e6ab0000, 0x00000000e6ab0000, 0x00000000e8000000)
 concurrent mark-sweep generation total 393216K, used 0K [0x00000000e8000000, 0x0000000100000000, 0x0000000100000000)
 Metaspace       used 21339K, capacity 21728K, committed 21884K, reserved 1069056K
  class space    used 2544K, capacity 2682K, committed 2688K, reserved 1048576K
2016-02-29T15:46:14.071+0000: 6.676: [GC (Allocation Failure) 2016-02-29T15:46:14.071+0000: 6.676: [ParNew
Desired survivor size 20112992 bytes, new threshold 8 (max 8)
- age   1:    1887880 bytes,    1887880 total
- age   2:    2349952 bytes,    4237832 total
- age   3:    2548856 bytes,    6786688 total
: 98693K->12654K(109248K), 0.0478212 secs] 98693K->12654K(502464K), 0.0480407 secs] [Times: user=0.03 sys=0.00, real=0.05 secs] 
Heap after GC invocations=3 (full 0):
 par new generation   total 109248K, used 12654K [0x00000000e0000000, 0x00000000e8000000, 0x00000000e8000000)
  eden space 87424K,   0% used [0x00000000e0000000, 0x00000000e0000000, 0x00000000e5560000)
  from space 21824K,  57% used [0x00000000e6ab0000, 0x00000000e770bad0, 0x00000000e8000000)
  to   space 21824K,   0% used [0x00000000e5560000, 0x00000000e5560000, 0x00000000e6ab0000)
 concurrent mark-sweep generation total 393216K, used 0K [0x00000000e8000000, 0x0000000100000000, 0x0000000100000000)
 Metaspace       used 21339K, capacity 21728K, committed 21884K, reserved 1069056K
  class space    used 2544K, capacity 2682K, committed 2688K, reserved 1048576K
}
2016-02-29T15:46:14.119+0000: 6.724: Total time for which application threads were stopped: 0.0484663 seconds, Stopping threads took: 0.0000545 seconds
2016-02-29T15:46:14.124+0000: 6.729: [GC (CMS Initial Mark) [1 CMS-initial-mark: 0K(393216K)] 14604K(502464K), 0.0150441 secs] [Times: user=0.00 sys=0.00, real=0.01 secs] 
2016-02-29T15:46:14.139+0000: 6.744: Total time for which application threads were stopped: 0.0152708 seconds, Stopping threads took: 0.0000576 seconds
2016-02-29T15:46:14.139+0000: 6.744: [CMS-concurrent-mark-start]
2016-02-29T15:46:14.140+0000: 6.745: Total time for which application threads were stopped: 0.0001856 seconds, Stopping threads took: 0.0000655 seconds
2016-02-29T15:46:14.147+0000: 6.752: [CMS-concurrent-mark: 0.007/0.008 secs] [Times: user=0.00 sys=0.02, real=0.01 secs] 
2016-02-29T15:46:14.152+0000: 6.757: Total time for which application threads were stopped: 0.0002440 seconds, Stopping threads took: 0.0000505 seconds
2016-02-29T15:46:14.152+0000: 6.757: [CMS-concurrent-preclean-start]
2016-02-29T15:46:14.154+0000: 6.760: [CMS-concurrent-preclean: 0.002/0.002 secs] [Times: user=0.00 sys=0.00, real=0.00 secs] 
2016-02-29T15:46:14.154+0000: 6.760: [CMS-concurrent-abortable-preclean-start]
2016-02-29T15:46:14.351+0000: 6.956: Total time for which application threads were stopped: 0.0001461 seconds, Stopping threads took: 0.0000426 seconds
2016-02-29T15:46:14.351+0000: 6.957: Total time for which application threads were stopped: 0.0000711 seconds, Stopping threads took: 0.0000190 seconds
2016-02-29T15:46:14.351+0000: 6.957: Total time for which application threads were stopped: 0.0000703 seconds, Stopping threads took: 0.0000182 seconds
2016-02-29T15:46:14.351+0000: 6.957: Total time for which application threads were stopped: 0.0000750 seconds, Stopping threads took: 0.0000245 seconds
2016-02-29T15:46:14.352+0000: 6.957: Total time for which application threads were stopped: 0.0000742 seconds, Stopping threads took: 0.0000221 seconds
2016-02-29T15:46:14.352+0000: 6.957: Total time for which application threads were stopped: 0.0000671 seconds, Stopping threads took: 0.0000197 seconds
2016-02-29T15:46:14.352+0000: 6.957: Total time for which application threads were stopped: 0.0000648 seconds, Stopping threads took: 0.0000182 seconds
2016-02-29T15:46:14.352+0000: 6.957: Total time for which application threads were stopped: 0.0000655 seconds, Stopping threads took: 0.0000182 seconds
2016-02-29T15:46:14.352+0000: 6.957: Total time for which application threads were stopped: 0.0000695 seconds, Stopping threads took: 0.0000229 seconds
2016-02-29T15:46:14.352+0000: 6.958: Total time for which application threads were stopped: 0.0002329 seconds, Stopping threads took: 0.0000182 seconds
2016-02-29T15:46:14.353+0000: 6.959: Total time for which application threads were stopped: 0.0000979 seconds, Stopping threads took: 0.0000229 seconds
2016-02-29T15:46:14.356+0000: 6.965: Total time for which application threads were stopped: 0.0001327 seconds, Stopping threads took: 0.0000576 seconds
2016-02-29T15:46:14.356+0000: 6.968: Total time for which application threads were stopped: 0.0001169 seconds, Stopping threads took: 0.0000347 seconds
2016-02-29T15:46:14.356+0000: 6.968: Total time for which application threads were stopped: 0.0000703 seconds, Stopping threads took: 0.0000190 seconds
2016-02-29T15:46:14.488+0000: 7.099: Total time for which application threads were stopped: 0.0002211 seconds, Stopping threads took: 0.0000490 seconds
2016-02-29T15:46:14.508+0000: 7.117: Total time for which application threads were stopped: 0.0001721 seconds, Stopping threads took: 0.0000474 seconds
2016-02-29T15:46:14.522+0000: 7.128: Total time for which application threads were stopped: 0.0001642 seconds, Stopping threads took: 0.0000482 seconds
2016-02-29T15:46:14.522+0000: 7.128: [CMS-concurrent-abortable-preclean: 0.202/0.368 secs] [Times: user=0.53 sys=0.03, real=0.37 secs] 
2016-02-29T15:46:14.525+0000: 7.130: [GC (CMS Final Remark) [YG occupancy: 58017 K (109248 K)]{Heap before GC invocations=3 (full 1):
 par new generation   total 109248K, used 58017K [0x00000000e0000000, 0x00000000e8000000, 0x00000000e8000000)
  eden space 87424K,  51% used [0x00000000e0000000, 0x00000000e2c4cb60, 0x00000000e5560000)
  from space 21824K,  57% used [0x00000000e6ab0000, 0x00000000e770bad0, 0x00000000e8000000)
  to   space 21824K,   0% used [0x00000000e5560000, 0x00000000e5560000, 0x00000000e6ab0000)
 concurrent mark-sweep generation total 393216K, used 0K [0x00000000e8000000, 0x0000000100000000, 0x0000000100000000)
 Metaspace       used 21776K, capacity 22196K, committed 22548K, reserved 1069056K
  class space    used 2602K, capacity 2750K, committed 2816K, reserved 1048576K
2016-02-29T15:46:14.525+0000: 7.131: [GC (CMS Final Remark) 2016-02-29T15:46:14.525+0000: 7.131: [ParNew
Desired survivor size 20112992 bytes, new threshold 8 (max 8)
- age   1:     557592 bytes,     557592 total
- age   2:     762608 bytes,    1320200 total
- age   3:    2345464 bytes,    3665664 total
- age   4:    2548856 bytes,    6214520 total
: 58017K->8379K(109248K), 0.0235675 secs] 58017K->8379K(502464K), 0.0236788 secs] [Times: user=0.06 sys=0.00, real=0.02 secs] 
Heap after GC invocations=4 (full 1):
 par new generation   total 109248K, used 8379K [0x00000000e0000000, 0x00000000e8000000, 0x00000000e8000000)
  eden space 87424K,   0% used [0x00000000e0000000, 0x00000000e0000000, 0x00000000e5560000)
  from space 21824K,  38% used [0x00000000e5560000, 0x00000000e5d8edd0, 0x00000000e6ab0000)
  to   space 21824K,   0% used [0x00000000e6ab0000, 0x00000000e6ab0000, 0x00000000e8000000)
 concurrent mark-sweep generation total 393216K, used 0K [0x00000000e8000000, 0x0000000100000000, 0x0000000100000000)
 Metaspace       used 21776K, capacity 22196K, committed 22548K, reserved 1069056K
  class space    used 2602K, capacity 2750K, committed 2816K, reserved 1048576K
}
2016-02-29T15:46:14.549+0000: 7.154: [Rescan (parallel) , 0.0076453 secs]2016-02-29T15:46:14.557+0000: 7.162: [weak refs processing, 0.0022212 secs]2016-02-29T15:46:14.559+0000: 7.164: [class unloading, 0.0069148 secs]2016-02-29T15:46:14.566+0000: 7.171: [scrub symbol table, 0.0091337 secs]2016-02-29T15:46:14.573+0000: 7.180: [scrub string table, 0.0006278 secs][1 CMS-remark: 0K(393216K)] 8379K(502464K), 0.0520670 secs] [Times: user=0.08 sys=0.00, real=0.05 secs] 
2016-02-29T15:46:14.573+0000: 7.183: Total time for which application threads were stopped: 0.0522881 seconds, Stopping threads took: 0.0000355 seconds
2016-02-29T15:46:14.573+0000: 7.184: Total time for which application threads were stopped: 0.0001500 seconds, Stopping threads took: 0.0000490 seconds
2016-02-29T15:46:14.573+0000: 7.185: [CMS-concurrent-sweep-start]
2016-02-29T15:46:14.573+0000: 7.185: [CMS-concurrent-sweep: 0.000/0.000 secs] [Times: user=0.00 sys=0.00, real=0.00 secs] 
2016-02-29T15:46:14.573+0000: 7.185: [CMS-concurrent-reset-start]
2016-02-29T15:46:14.583+0000: 7.189: [CMS-concurrent-reset: 0.004/0.004 secs] [Times: user=0.01 sys=0.00, real=0.01 secs] 
2016-02-29T15:46:14.593+0000: 7.207: Total time for which application threads were stopped: 0.0001627 seconds, Stopping threads took: 0.0000403 seconds
2016-02-29T15:46:14.603+0000: 7.209: Total time for which application threads were stopped: 0.0004454 seconds, Stopping threads took: 0.0000426 seconds
2016-02-29T15:46:14.763+0000: 7.368: Total time for which application threads were stopped: 0.0001824 seconds, Stopping threads took: 0.0000490 seconds
2016-02-29T15:46:15.032+0000: 7.637: Total time for which application threads were stopped: 0.0002306 seconds, Stopping threads took: 0.0001011 seconds
2016-02-29T15:46:15.035+0000: 7.641: Total time for which application threads were stopped: 0.0006222 seconds, Stopping threads took: 0.0004762 seconds
2016-02-29T15:46:15.195+0000: 7.800: Total time for which application threads were stopped: 0.0001579 seconds, Stopping threads took: 0.0000482 seconds
2016-02-29T15:46:15.195+0000: 7.800: Total time for which application threads were stopped: 0.0000679 seconds, Stopping threads took: 0.0000197 seconds
2016-02-29T15:46:15.352+0000: 7.958: Total time for which application threads were stopped: 0.0001548 seconds, Stopping threads took: 0.0000466 seconds
2016-02-29T15:46:15.381+0000: 7.987: Total time for which application threads were stopped: 0.0001879 seconds, Stopping threads took: 0.0000513 seconds
2016-02-29T15:46:15.398+0000: 8.003: Total time for which application threads were stopped: 0.0002574 seconds, Stopping threads took: 0.0000924 seconds
2016-02-29T15:46:15.671+0000: 8.276: Total time for which application threads were stopped: 0.0002061 seconds, Stopping threads took: 0.0000663 seconds
2016-02-29T15:46:15.672+0000: 8.277: Total time for which application threads were stopped: 0.0000987 seconds, Stopping threads took: 0.0000268 seconds
2016-02-29T15:46:15.672+0000: 8.277: Total time for which application threads were stopped: 0.0000869 seconds, Stopping threads took: 0.0000308 seconds
2016-02-29T15:46:15.673+0000: 8.279: Total time for which application threads were stopped: 0.0001034 seconds, Stopping threads took: 0.0000332 seconds
2016-02-29T15:46:17.425+0000: 10.032: Total time for which application threads were stopped: 0.0001413 seconds, Stopping threads took: 0.0000513 seconds
2016-02-29T15:46:17.425+0000: 10.032: Total time for which application threads were stopped: 0.0000766 seconds, Stopping threads took: 0.0000276 seconds
2016-02-29T15:46:17.425+0000: 10.035: Total time for which application threads were stopped: 0.0001287 seconds, Stopping threads took: 0.0000450 seconds
2016-02-29T15:46:17.425+0000: 10.036: Total time for which application threads were stopped: 0.0000916 seconds, Stopping threads took: 0.0000308 seconds
2016-02-29T15:46:17.435+0000: 10.044: Total time for which application threads were stopped: 0.0001358 seconds, Stopping threads took: 0.0000521 seconds
2016-02-29T15:46:17.435+0000: 10.044: Total time for which application threads were stopped: 0.0000790 seconds, Stopping threads took: 0.0000268 seconds
2016-02-29T15:46:17.435+0000: 10.049: Total time for which application threads were stopped: 0.0001240 seconds, Stopping threads took: 0.0000474 seconds
2016-02-29T15:46:17.435+0000: 10.049: Total time for which application threads were stopped: 0.0000742 seconds, Stopping threads took: 0.0000261 seconds
2016-02-29T15:46:17.445+0000: 10.051: Total time for which application threads were stopped: 0.0001027 seconds, Stopping threads took: 0.0000347 seconds
2016-02-29T15:46:17.478+0000: 10.084: Total time for which application threads were stopped: 0.0003103 seconds, Stopping threads took: 0.0000505 seconds
2016-02-29T15:46:17.494+0000: 10.099: Total time for which application threads were stopped: 0.0004943 seconds, Stopping threads took: 0.0000403 seconds
2016-02-29T15:46:17.497+0000: 10.110: Total time for which application threads were stopped: 0.0004754 seconds, Stopping threads took: 0.0000411 seconds
2016-02-29T15:46:17.527+0000: 10.137: Total time for which application threads were stopped: 0.0001563 seconds, Stopping threads took: 0.0000513 seconds
2016-02-29T15:46:18.019+0000: 10.625: Total time for which application threads were stopped: 0.0001879 seconds, Stopping threads took: 0.0000521 seconds
2016-02-29T15:46:18.019+0000: 10.625: Total time for which application threads were stopped: 0.0001090 seconds, Stopping threads took: 0.0000347 seconds
2016-02-29T15:46:21.428+0000: 14.034: Total time for which application threads were stopped: 0.0001619 seconds, Stopping threads took: 0.0000529 seconds
2016-02-29T15:46:21.428+0000: 14.039: Total time for which application threads were stopped: 0.0001390 seconds, Stopping threads took: 0.0000434 seconds
2016-02-29T15:46:21.428+0000: 14.041: Total time for which application threads were stopped: 0.0001516 seconds, Stopping threads took: 0.0000434 seconds
2016-02-29T15:46:21.428+0000: 14.042: Total time for which application threads were stopped: 0.0000845 seconds, Stopping threads took: 0.0000229 seconds
2016-02-29T15:46:21.428+0000: 14.042: Total time for which application threads were stopped: 0.0000790 seconds, Stopping threads took: 0.0000205 seconds
2016-02-29T15:46:21.428+0000: 14.042: Total time for which application threads were stopped: 0.0000916 seconds, Stopping threads took: 0.0000308 seconds
2016-02-29T15:46:21.428+0000: 14.042: Total time for which application threads were stopped: 0.0000805 seconds, Stopping threads took: 0.0000268 seconds
2016-02-29T15:46:21.428+0000: 14.043: Total time for which application threads were stopped: 0.0000782 seconds, Stopping threads took: 0.0000213 seconds
2016-02-29T15:46:21.428+0000: 14.043: Total time for which application threads were stopped: 0.0000774 seconds, Stopping threads took: 0.0000197 seconds
2016-02-29T15:46:21.438+0000: 14.043: Total time for which application threads were stopped: 0.0000798 seconds, Stopping threads took: 0.0000205 seconds
2016-02-29T15:46:21.438+0000: 14.043: Total time for which application threads were stopped: 0.0000774 seconds, Stopping threads took: 0.0000197 seconds
2016-02-29T15:46:21.438+0000: 14.044: Total time for which application threads were stopped: 0.0000924 seconds, Stopping threads took: 0.0000324 seconds
2016-02-29T15:46:21.438+0000: 14.044: Total time for which application threads were stopped: 0.0000845 seconds, Stopping threads took: 0.0000308 seconds
2016-02-29T15:46:21.444+0000: 14.049: Total time for which application threads were stopped: 0.0002037 seconds, Stopping threads took: 0.0000616 seconds
2016-02-29T15:46:21.533+0000: 14.138: Total time for which application threads were stopped: 0.0001690 seconds, Stopping threads took: 0.0000521 seconds
2016-02-29T15:46:21.534+0000: 14.140: Total time for which application threads were stopped: 0.0002029 seconds, Stopping threads took: 0.0001034 seconds
2016-02-29T15:46:21.537+0000: 14.142: Total time for which application threads were stopped: 0.0002021 seconds, Stopping threads took: 0.0001058 seconds
2016-02-29T15:46:21.542+0000: 14.148: Total time for which application threads were stopped: 0.0002400 seconds, Stopping threads took: 0.0000482 seconds
2016-02-29T15:46:21.591+0000: 14.197: Total time for which application threads were stopped: 0.0021612 seconds, Stopping threads took: 0.0020246 seconds
2016-02-29T15:46:21.594+0000: 14.199: Total time for which application threads were stopped: 0.0001437 seconds, Stopping threads took: 0.0000419 seconds
2016-02-29T15:46:21.596+0000: 14.202: Total time for which application threads were stopped: 0.0018580 seconds, Stopping threads took: 0.0017506 seconds
2016-02-29T15:46:21.597+0000: 14.202: Total time for which application threads were stopped: 0.0000940 seconds, Stopping threads took: 0.0000276 seconds
2016-02-29T15:46:21.601+0000: 14.207: Total time for which application threads were stopped: 0.0021660 seconds, Stopping threads took: 0.0020388 seconds
2016-02-29T15:46:21.603+0000: 14.209: Total time for which application threads were stopped: 0.0002740 seconds, Stopping threads took: 0.0001848 seconds
2016-02-29T15:46:21.606+0000: 14.212: Total time for which application threads were stopped: 0.0006388 seconds, Stopping threads took: 0.0003640 seconds
2016-02-29T15:46:21.607+0000: 14.213: Total time for which application threads were stopped: 0.0001263 seconds, Stopping threads took: 0.0000442 seconds
2016-02-29T15:46:21.608+0000: 14.214: Total time for which application threads were stopped: 0.0001121 seconds, Stopping threads took: 0.0000363 seconds
2016-02-29T15:46:21.613+0000: 14.218: Total time for which application threads were stopped: 0.0001635 seconds, Stopping threads took: 0.0000529 seconds
2016-02-29T15:46:21.615+0000: 14.220: Total time for which application threads were stopped: 0.0001366 seconds, Stopping threads took: 0.0000466 seconds
2016-02-29T15:46:21.619+0000: 14.225: Total time for which application threads were stopped: 0.0002298 seconds, Stopping threads took: 0.0000900 seconds
2016-02-29T15:46:21.621+0000: 14.226: Total time for which application threads were stopped: 0.0001864 seconds, Stopping threads took: 0.0000932 seconds
2016-02-29T15:46:21.621+0000: 14.226: Total time for which application threads were stopped: 0.0000869 seconds, Stopping threads took: 0.0000276 seconds
2016-02-29T15:46:21.622+0000: 14.228: Total time for which application threads were stopped: 0.0001563 seconds, Stopping threads took: 0.0000608 seconds
2016-02-29T15:46:21.644+0000: 14.250: Total time for which application threads were stopped: 0.0001571 seconds, Stopping threads took: 0.0000537 seconds
2016-02-29T15:46:21.646+0000: 14.251: Total time for which application threads were stopped: 0.0001129 seconds, Stopping threads took: 0.0000379 seconds
2016-02-29T15:46:21.768+0000: 14.373: Total time for which application threads were stopped: 0.0001903 seconds, Stopping threads took: 0.0000474 seconds
2016-02-29T15:46:21.768+0000: 14.373: Total time for which application threads were stopped: 0.0000798 seconds, Stopping threads took: 0.0000213 seconds
2016-02-29T15:46:21.792+0000: 14.397: Total time for which application threads were stopped: 0.0015003 seconds, Stopping threads took: 0.0013598 seconds
2016-02-29T15:46:21.835+0000: 14.440: Total time for which application threads were stopped: 0.0001327 seconds, Stopping threads took: 0.0000395 seconds
2016-02-29T15:46:21.835+0000: 14.440: Total time for which application threads were stopped: 0.0000758 seconds, Stopping threads took: 0.0000197 seconds
2016-02-29T15:46:21.835+0000: 14.441: Total time for which application threads were stopped: 0.0001153 seconds, Stopping threads took: 0.0000190 seconds
2016-02-29T15:46:21.841+0000: 14.446: Total time for which application threads were stopped: 0.0001485 seconds, Stopping threads took: 0.0000466 seconds
2016-02-29T15:46:21.848+0000: 14.453: Total time for which application threads were stopped: 0.0004232 seconds, Stopping threads took: 0.0001113 seconds
2016-02-29T15:46:22.047+0000: 14.652: Total time for which application threads were stopped: 0.0001919 seconds, Stopping threads took: 0.0000608 seconds
2016-02-29T15:46:22.081+0000: 14.686: Total time for which application threads were stopped: 0.0001445 seconds, Stopping threads took: 0.0000513 seconds
2016-02-29T15:46:22.111+0000: 14.717: Total time for which application threads were stopped: 0.0001429 seconds, Stopping threads took: 0.0000403 seconds
2016-02-29T15:46:22.112+0000: 14.718: Total time for which application threads were stopped: 0.0001034 seconds, Stopping threads took: 0.0000284 seconds
2016-02-29T15:46:22.113+0000: 14.719: Total time for which application threads were stopped: 0.0001121 seconds, Stopping threads took: 0.0000316 seconds
2016-02-29T15:46:22.114+0000: 14.719: Total time for which application threads were stopped: 0.0000813 seconds, Stopping threads took: 0.0000213 seconds
2016-02-29T15:46:22.120+0000: 14.725: Total time for which application threads were stopped: 0.0001658 seconds, Stopping threads took: 0.0000616 seconds
2016-02-29T15:46:22.121+0000: 14.727: Total time for which application threads were stopped: 0.0001382 seconds, Stopping threads took: 0.0000505 seconds
2016-02-29T15:46:22.122+0000: 14.727: Total time for which application threads were stopped: 0.0000892 seconds, Stopping threads took: 0.0000300 seconds
2016-02-29T15:46:22.122+0000: 14.727: Total time for which application threads were stopped: 0.0000924 seconds, Stopping threads took: 0.0000300 seconds
2016-02-29T15:46:22.122+0000: 14.728: Total time for which application threads were stopped: 0.0000900 seconds, Stopping threads took: 0.0000300 seconds
2016-02-29T15:46:22.122+0000: 14.728: Total time for which application threads were stopped: 0.0001421 seconds, Stopping threads took: 0.0000821 seconds
2016-02-29T15:46:22.123+0000: 14.728: Total time for which application threads were stopped: 0.0000876 seconds, Stopping threads took: 0.0000237 seconds
2016-02-29T15:46:22.125+0000: 14.731: Total time for which application threads were stopped: 0.0001224 seconds, Stopping threads took: 0.0000340 seconds
2016-02-29T15:46:22.128+0000: 14.733: Total time for which application threads were stopped: 0.0001461 seconds, Stopping threads took: 0.0000529 seconds
2016-02-29T15:46:23.128+0000: 15.733: Total time for which application threads were stopped: 0.0001706 seconds, Stopping threads took: 0.0000474 seconds
2016-02-29T15:46:24.488+0000: 17.094: Total time for which application threads were stopped: 0.0001563 seconds, Stopping threads took: 0.0000529 seconds
2016-02-29T15:46:24.506+0000: 17.112: Total time for which application threads were stopped: 0.0005109 seconds, Stopping threads took: 0.0000505 seconds
2016-02-29T15:46:24.508+0000: 17.113: Total time for which application threads were stopped: 0.0001224 seconds, Stopping threads took: 0.0000395 seconds
2016-02-29T15:46:24.620+0000: 17.225: Total time for which application threads were stopped: 0.0001721 seconds, Stopping threads took: 0.0000711 seconds
2016-02-29T15:46:24.638+0000: 17.244: Total time for which application threads were stopped: 0.0010486 seconds, Stopping threads took: 0.0009270 seconds
2016-02-29T15:46:24.640+0000: 17.246: Total time for which application threads were stopped: 0.0010234 seconds, Stopping threads took: 0.0009286 seconds
2016-02-29T15:46:24.640+0000: 17.246: Total time for which application threads were stopped: 0.0001153 seconds, Stopping threads took: 0.0000497 seconds
2016-02-29T15:46:24.641+0000: 17.246: Total time for which application threads were stopped: 0.0001153 seconds, Stopping threads took: 0.0000537 seconds
2016-02-29T15:46:24.641+0000: 17.247: Total time for which application threads were stopped: 0.0001137 seconds, Stopping threads took: 0.0000411 seconds
2016-02-29T15:46:24.641+0000: 17.247: Total time for which application threads were stopped: 0.0000837 seconds, Stopping threads took: 0.0000213 seconds
2016-02-29T15:46:24.642+0000: 17.247: Total time for which application threads were stopped: 0.0001121 seconds, Stopping threads took: 0.0000363 seconds
2016-02-29T15:46:24.642+0000: 17.248: Total time for which application threads were stopped: 0.0001082 seconds, Stopping threads took: 0.0000363 seconds
2016-02-29T15:46:24.642+0000: 17.248: Total time for which application threads were stopped: 0.0001887 seconds, Stopping threads took: 0.0001216 seconds
2016-02-29T15:46:24.643+0000: 17.248: Total time for which application threads were stopped: 0.0001366 seconds, Stopping threads took: 0.0000569 seconds
2016-02-29T15:46:24.648+0000: 17.253: Total time for which application threads were stopped: 0.0001532 seconds, Stopping threads took: 0.0000466 seconds
2016-02-29T15:46:25.650+0000: 18.255: Total time for which application threads were stopped: 0.0001469 seconds, Stopping threads took: 0.0000474 seconds
2016-02-29T15:46:25.826+0000: 18.431: Total time for which application threads were stopped: 0.0002203 seconds, Stopping threads took: 0.0000592 seconds
2016-02-29T15:46:25.834+0000: 18.440: Total time for which application threads were stopped: 0.0002574 seconds, Stopping threads took: 0.0001011 seconds
2016-02-29T15:46:25.872+0000: 18.478: Total time for which application threads were stopped: 0.0001603 seconds, Stopping threads took: 0.0000474 seconds
2016-02-29T15:46:25.872+0000: 18.478: Total time for which application threads were stopped: 0.0002179 seconds, Stopping threads took: 0.0000221 seconds
2016-02-29T15:46:26.079+0000: 18.685: Total time for which application threads were stopped: 0.0001761 seconds, Stopping threads took: 0.0000569 seconds
2016-02-29T15:46:26.080+0000: 18.685: Total time for which application threads were stopped: 0.0000924 seconds, Stopping threads took: 0.0000284 seconds
2016-02-29T15:46:26.080+0000: 18.685: Total time for which application threads were stopped: 0.0000892 seconds, Stopping threads took: 0.0000300 seconds
2016-02-29T15:46:26.080+0000: 18.686: Total time for which application threads were stopped: 0.0000837 seconds, Stopping threads took: 0.0000292 seconds
2016-02-29T15:46:26.080+0000: 18.686: Total time for which application threads were stopped: 0.0000869 seconds, Stopping threads took: 0.0000316 seconds
2016-02-29T15:46:26.080+0000: 18.686: Total time for which application threads were stopped: 0.0000971 seconds, Stopping threads took: 0.0000371 seconds
2016-02-29T15:46:26.081+0000: 18.687: Total time for which application threads were stopped: 0.0000892 seconds, Stopping threads took: 0.0000292 seconds
2016-02-29T15:46:26.081+0000: 18.687: Total time for which application threads were stopped: 0.0000845 seconds, Stopping threads took: 0.0000276 seconds
2016-02-29T15:46:26.095+0000: 18.700: Total time for which application threads were stopped: 0.0002029 seconds, Stopping threads took: 0.0000592 seconds
2016-02-29T15:46:26.095+0000: 18.701: Total time for which application threads were stopped: 0.0001374 seconds, Stopping threads took: 0.0000379 seconds
2016-02-29T15:46:26.121+0000: 18.726: Total time for which application threads were stopped: 0.0005448 seconds, Stopping threads took: 0.0000466 seconds
2016-02-29T15:46:26.409+0000: 19.015: Total time for which application threads were stopped: 0.0006222 seconds, Stopping threads took: 0.0000490 seconds
2016-02-29T15:46:26.551+0000: 19.157: Total time for which application threads were stopped: 0.0001603 seconds, Stopping threads took: 0.0000490 seconds
2016-02-29T15:46:27.002+0000: 19.608: Total time for which application threads were stopped: 0.0002337 seconds, Stopping threads took: 0.0000490 seconds
2016-02-29T15:46:27.305+0000: 19.911: Total time for which application threads were stopped: 0.0001603 seconds, Stopping threads took: 0.0000490 seconds
2016-02-29T15:46:27.305+0000: 19.911: Total time for which application threads were stopped: 0.0000845 seconds, Stopping threads took: 0.0000205 seconds
2016-02-29T15:46:27.356+0000: 19.962: Total time for which application threads were stopped: 0.0001808 seconds, Stopping threads took: 0.0000426 seconds
2016-02-29T15:46:27.416+0000: 20.022: Total time for which application threads were stopped: 0.0001587 seconds, Stopping threads took: 0.0000419 seconds
2016-02-29T15:46:27.452+0000: 20.057: Total time for which application threads were stopped: 0.0001516 seconds, Stopping threads took: 0.0000442 seconds
2016-02-29T15:46:27.453+0000: 20.058: Total time for which application threads were stopped: 0.0000979 seconds, Stopping threads took: 0.0000245 seconds
2016-02-29T15:46:27.454+0000: 20.060: Total time for which application threads were stopped: 0.0001303 seconds, Stopping threads took: 0.0000347 seconds
2016-02-29T15:46:27.455+0000: 20.061: Total time for which application threads were stopped: 0.0001098 seconds, Stopping threads took: 0.0000300 seconds
2016-02-29T15:46:27.470+0000: 20.076: Total time for which application threads were stopped: 0.0001461 seconds, Stopping threads took: 0.0000419 seconds
2016-02-29T15:46:27.477+0000: 20.083: Total time for which application threads were stopped: 0.0001690 seconds, Stopping threads took: 0.0000592 seconds
2016-02-29T15:46:27.477+0000: 20.083: Total time for which application threads were stopped: 0.0000971 seconds, Stopping threads took: 0.0000340 seconds
2016-02-29T15:46:27.479+0000: 20.085: Total time for which application threads were stopped: 0.0000987 seconds, Stopping threads took: 0.0000261 seconds
2016-02-29T15:46:27.479+0000: 20.085: Total time for which application threads were stopped: 0.0000821 seconds, Stopping threads took: 0.0000205 seconds
2016-02-29T15:46:27.552+0000: 20.158: Total time for which application threads were stopped: 0.0001611 seconds, Stopping threads took: 0.0000474 seconds
2016-02-29T15:46:29.559+0000: 22.165: Total time for which application threads were stopped: 0.0003680 seconds, Stopping threads took: 0.0002637 seconds
2016-02-29T15:46:32.576+0000: 25.181: Total time for which application threads were stopped: 0.0001579 seconds, Stopping threads took: 0.0000466 seconds
2016-02-29T15:48:48.171+0000: 160.778: Total time for which application threads were stopped: 0.0003561 seconds, Stopping threads took: 0.0001390 seconds
2016-02-29T15:48:48.213+0000: 160.820: Total time for which application threads were stopped: 0.0002243 seconds, Stopping threads took: 0.0000750 seconds
2016-02-29T15:48:48.282+0000: 160.888: Total time for which application threads were stopped: 0.0005038 seconds, Stopping threads took: 0.0000521 seconds
2016-02-29T15:48:49.229+0000: 161.836: Total time for which application threads were stopped: 0.0001816 seconds, Stopping threads took: 0.0000529 seconds
2016-02-29T15:48:49.280+0000: 161.886: Total time for which application threads were stopped: 0.0001761 seconds, Stopping threads took: 0.0000450 seconds
2016-02-29T15:48:49.285+0000: 161.891: Total time for which application threads were stopped: 0.0001642 seconds, Stopping threads took: 0.0000569 seconds
2016-02-29T15:48:49.285+0000: 161.892: Total time for which application threads were stopped: 0.0000940 seconds, Stopping threads took: 0.0000340 seconds
2016-02-29T15:48:49.294+0000: 161.900: Total time for which application threads were stopped: 0.0001611 seconds, Stopping threads took: 0.0000569 seconds
2016-02-29T15:48:49.294+0000: 161.900: Total time for which application threads were stopped: 0.0000900 seconds, Stopping threads took: 0.0000324 seconds
2016-02-29T15:48:49.347+0000: 161.953: Total time for which application threads were stopped: 0.0002606 seconds, Stopping threads took: 0.0001413 seconds
2016-02-29T15:48:49.366+0000: 161.973: Total time for which application threads were stopped: 0.0001619 seconds, Stopping threads took: 0.0000482 seconds
2016-02-29T15:48:49.392+0000: 161.998: Total time for which application threads were stopped: 0.0001800 seconds, Stopping threads took: 0.0000442 seconds
2016-02-29T15:48:49.406+0000: 162.012: Total time for which application threads were stopped: 0.0001658 seconds, Stopping threads took: 0.0000505 seconds
2016-02-29T15:48:49.407+0000: 162.013: Total time for which application threads were stopped: 0.0001019 seconds, Stopping threads took: 0.0000308 seconds
2016-02-29T15:48:49.407+0000: 162.013: Total time for which application threads were stopped: 0.0000671 seconds, Stopping threads took: 0.0000174 seconds
2016-02-29T15:48:49.435+0000: 162.041: Total time for which application threads were stopped: 0.0001777 seconds, Stopping threads took: 0.0000616 seconds
2016-02-29T15:48:49.435+0000: 162.041: Total time for which application threads were stopped: 0.0000940 seconds, Stopping threads took: 0.0000347 seconds
2016-02-29T15:48:49.437+0000: 162.043: Total time for which application threads were stopped: 0.0001161 seconds, Stopping threads took: 0.0000316 seconds
2016-02-29T15:48:49.437+0000: 162.043: Total time for which application threads were stopped: 0.0000940 seconds, Stopping threads took: 0.0000324 seconds
2016-02-29T15:48:49.444+0000: 162.050: Total time for which application threads were stopped: 0.0001406 seconds, Stopping threads took: 0.0000387 seconds
2016-02-29T15:48:49.464+0000: 162.070: Total time for which application threads were stopped: 0.0001777 seconds, Stopping threads took: 0.0000434 seconds
2016-02-29T15:48:49.464+0000: 162.070: Total time for which application threads were stopped: 0.0000955 seconds, Stopping threads took: 0.0000213 seconds
2016-02-29T15:48:50.341+0000: 162.952: Total time for which application threads were stopped: 0.0001548 seconds, Stopping threads took: 0.0000529 seconds
2016-02-29T15:48:51.350+0000: 163.956: Total time for which application threads were stopped: 0.0001642 seconds, Stopping threads took: 0.0000450 seconds
2016-02-29T15:48:58.250+0000: 170.857: Total time for which application threads were stopped: 0.0001627 seconds, Stopping threads took: 0.0000458 seconds
2016-02-29T15:48:59.259+0000: 171.865: Total time for which application threads were stopped: 0.0001642 seconds, Stopping threads took: 0.0000553 seconds
2016-02-29T15:49:00.289+0000: 172.901: Total time for which application threads were stopped: 0.0001737 seconds, Stopping threads took: 0.0000545 seconds
2016-02-29T15:49:00.716+0000: 173.323: Total time for which application threads were stopped: 0.0001950 seconds, Stopping threads took: 0.0000592 seconds
2016-02-29T15:49:02.313+0000: 174.920: Total time for which application threads were stopped: 0.0001642 seconds, Stopping threads took: 0.0000592 seconds
2016-02-29T15:49:07.330+0000: 179.936: Total time for which application threads were stopped: 0.0001635 seconds, Stopping threads took: 0.0000490 seconds
2016-02-29T15:49:08.330+0000: 180.937: Total time for which application threads were stopped: 0.0001974 seconds, Stopping threads took: 0.0000758 seconds
2016-02-29T15:49:08.383+0000: 180.998: Total time for which application threads were stopped: 0.0001556 seconds, Stopping threads took: 0.0000403 seconds
2016-02-29T15:49:08.493+0000: 181.107: Total time for which application threads were stopped: 0.0001911 seconds, Stopping threads took: 0.0000940 seconds
2016-02-29T15:49:13.500+0000: 186.107: Total time for which application threads were stopped: 0.0001619 seconds, Stopping threads took: 0.0000490 seconds
2016-02-29T15:49:15.510+0000: 188.117: Total time for which application threads were stopped: 0.0001753 seconds, Stopping threads took: 0.0000490 seconds
2016-02-29T15:49:23.550+0000: 196.156: Total time for which application threads were stopped: 0.0001619 seconds, Stopping threads took: 0.0000513 seconds
2016-02-29T15:49:25.559+0000: 198.165: Total time for which application threads were stopped: 0.0001777 seconds, Stopping threads took: 0.0000505 seconds
{Heap before GC invocations=4 (full 1):
 par new generation   total 109248K, used 95803K [0x00000000e0000000, 0x00000000e8000000, 0x00000000e8000000)
  eden space 87424K, 100% used [0x00000000e0000000, 0x00000000e5560000, 0x00000000e5560000)
  from space 21824K,  38% used [0x00000000e5560000, 0x00000000e5d8edd0, 0x00000000e6ab0000)
  to   space 21824K,   0% used [0x00000000e6ab0000, 0x00000000e6ab0000, 0x00000000e8000000)
 concurrent mark-sweep generation total 393216K, used 0K [0x00000000e8000000, 0x0000000100000000, 0x0000000100000000)
 Metaspace       used 31438K, capacity 31752K, committed 32000K, reserved 1077248K
  class space    used 3673K, capacity 3824K, committed 3840K, reserved 1048576K
2016-02-29T15:49:30.374+0000: 202.980: [GC (Allocation Failure) 2016-02-29T15:49:30.374+0000: 202.980: [ParNew
Desired survivor size 20112992 bytes, new threshold 8 (max 8)
- age   1:   10971368 bytes,   10971368 total
- age   2:     111168 bytes,   11082536 total
- age   3:     235112 bytes,   11317648 total
- age   4:    2293552 bytes,   13611200 total
- age   5:    2546160 bytes,   16157360 total
: 95803K->17125K(109248K), 0.0513200 secs] 95803K->17125K(502464K), 0.0515024 secs] [Times: user=0.08 sys=0.02, real=0.05 secs] 
Heap after GC invocations=5 (full 1):
 par new generation   total 109248K, used 17125K [0x00000000e0000000, 0x00000000e8000000, 0x00000000e8000000)
  eden space 87424K,   0% used [0x00000000e0000000, 0x00000000e0000000, 0x00000000e5560000)
  from space 21824K,  78% used [0x00000000e6ab0000, 0x00000000e7b69680, 0x00000000e8000000)
  to   space 21824K,   0% used [0x00000000e5560000, 0x00000000e5560000, 0x00000000e6ab0000)
 concurrent mark-sweep generation total 393216K, used 0K [0x00000000e8000000, 0x0000000100000000, 0x0000000100000000)
 Metaspace       used 31438K, capacity 31752K, committed 32000K, reserved 1077248K
  class space    used 3673K, capacity 3824K, committed 3840K, reserved 1048576K
}
2016-02-29T15:49:30.425+0000: 203.031: Total time for which application threads were stopped: 0.0520275 seconds, Stopping threads took: 0.0000948 seconds
2016-02-29T15:49:30.429+0000: 203.035: Total time for which application threads were stopped: 0.0012129 seconds, Stopping threads took: 0.0010747 seconds
2016-02-29T15:49:30.443+0000: 203.049: Total time for which application threads were stopped: 0.0003309 seconds, Stopping threads took: 0.0000474 seconds
2016-02-29T15:49:30.466+0000: 203.072: Total time for which application threads were stopped: 0.0001674 seconds, Stopping threads took: 0.0000545 seconds
2016-02-29T15:49:30.725+0000: 203.331: Total time for which application threads were stopped: 0.0001579 seconds, Stopping threads took: 0.0000576 seconds
2016-02-29T15:49:33.070+0000: 205.683: Total time for which application threads were stopped: 0.0001848 seconds, Stopping threads took: 0.0000576 seconds
2016-02-29T15:49:33.175+0000: 205.782: Total time for which application threads were stopped: 0.0001840 seconds, Stopping threads took: 0.0000521 seconds
2016-02-29T15:49:34.773+0000: 207.383: Total time for which application threads were stopped: 0.0001548 seconds, Stopping threads took: 0.0000458 seconds
2016-02-29T15:49:35.780+0000: 208.386: Total time for which application threads were stopped: 0.0001943 seconds, Stopping threads took: 0.0000963 seconds
2016-02-29T15:49:37.790+0000: 210.396: Total time for which application threads were stopped: 0.0001682 seconds, Stopping threads took: 0.0000529 seconds
2016-02-29T15:49:38.141+0000: 210.747: Total time for which application threads were stopped: 0.0002014 seconds, Stopping threads took: 0.0000624 seconds
2016-02-29T15:49:38.290+0000: 210.896: Total time for which application threads were stopped: 0.0001753 seconds, Stopping threads took: 0.0000442 seconds
2016-02-29T15:49:39.290+0000: 211.906: Total time for which application threads were stopped: 0.0001714 seconds, Stopping threads took: 0.0000505 seconds
2016-02-29T15:49:40.883+0000: 213.499: Total time for which application threads were stopped: 0.0003474 seconds, Stopping threads took: 0.0001966 seconds
2016-02-29T15:49:40.943+0000: 213.559: Total time for which application threads were stopped: 0.0003561 seconds, Stopping threads took: 0.0000703 seconds
2016-02-29T15:49:40.961+0000: 213.577: Total time for which application threads were stopped: 0.0001864 seconds, Stopping threads took: 0.0000434 seconds
2016-02-29T15:49:42.961+0000: 215.577: Total time for which application threads were stopped: 0.0001856 seconds, Stopping threads took: 0.0000569 seconds
2016-02-29T15:49:46.970+0000: 219.586: Total time for which application threads were stopped: 0.0001674 seconds, Stopping threads took: 0.0000513 seconds
2016-02-29T15:49:52.752+0000: 225.369: Total time for which application threads were stopped: 0.0001674 seconds, Stopping threads took: 0.0000537 seconds
2016-02-29T15:49:52.775+0000: 225.391: Total time for which application threads were stopped: 0.0207919 seconds, Stopping threads took: 0.0206529 seconds
2016-02-29T15:49:52.777+0000: 225.393: Total time for which application threads were stopped: 0.0001374 seconds, Stopping threads took: 0.0000442 seconds
2016-02-29T15:49:52.778+0000: 225.394: Total time for which application threads were stopped: 0.0001003 seconds, Stopping threads took: 0.0000324 seconds
2016-02-29T15:49:52.779+0000: 225.396: Total time for which application threads were stopped: 0.0001635 seconds, Stopping threads took: 0.0000387 seconds
2016-02-29T15:49:52.782+0000: 225.398: Total time for which application threads were stopped: 0.0001927 seconds, Stopping threads took: 0.0000387 seconds
2016-02-29T15:49:52.782+0000: 225.398: Total time for which application threads were stopped: 0.0000869 seconds, Stopping threads took: 0.0000284 seconds
2016-02-29T15:49:52.783+0000: 225.399: Total time for which application threads were stopped: 0.0000884 seconds, Stopping threads took: 0.0000300 seconds
2016-02-29T15:49:52.800+0000: 225.416: Total time for which application threads were stopped: 0.0024921 seconds, Stopping threads took: 0.0024139 seconds
2016-02-29T15:49:52.800+0000: 225.416: Total time for which application threads were stopped: 0.0000671 seconds, Stopping threads took: 0.0000284 seconds
2016-02-29T15:49:52.800+0000: 225.416: Total time for which application threads were stopped: 0.0000600 seconds, Stopping threads took: 0.0000245 seconds
2016-02-29T15:49:52.800+0000: 225.417: Total time for which application threads were stopped: 0.0000663 seconds, Stopping threads took: 0.0000268 seconds
2016-02-29T15:49:52.800+0000: 225.417: Total time for which application threads were stopped: 0.0000592 seconds, Stopping threads took: 0.0000229 seconds
Heap
 par new generation   total 109248K, used 35759K [0x00000000e0000000, 0x00000000e8000000, 0x00000000e8000000)
  eden space 87424K,  21% used [0x00000000e0000000, 0x00000000e12326b0, 0x00000000e5560000)
  from space 21824K,  78% used [0x00000000e6ab0000, 0x00000000e7b69680, 0x00000000e8000000)
  to   space 21824K,   0% used [0x00000000e5560000, 0x00000000e5560000, 0x00000000e6ab0000)
 concurrent mark-sweep generation total 393216K, used 0K [0x00000000e8000000, 0x0000000100000000, 0x0000000100000000)
 Metaspace       used 31626K, capacity 32052K, committed 32384K, reserved 1077248K
  class space    used 3681K, capacity 3858K, committed 3968K, reserved 1048576K
