Java HotSpot(TM) 64-Bit Server VM (25.73-b02) for windows-amd64 JRE (1.8.0_73-b02), built on Jan 29 2016 17:38:49 by "java_re" with MS VC++ 10.0 (VS2010)
Memory: 4k page, physical 4027256k(1202456k free), swap 8052676k(1937092k free)
CommandLine flags: -XX:CMSInitiatingOccupancyFraction=50 -XX:CMSMaxAbortablePrecleanTime=6000 -XX:+CMSParallelRemarkEnabled -XX:+CMSScavengeBeforeRemark -XX:ConcGCThreads=4 -XX:InitialHeapSize=536870912 -XX:MaxHeapSize=536870912 -XX:MaxTenuringThreshold=8 -XX:NewRatio=3 -XX:OldPLABSize=16 -XX:ParallelGCThreads=4 -XX:+ParallelRefProcEnabled -XX:PretenureSizeThreshold=67108864 -XX:+PrintGC -XX:+PrintGCApplicationStoppedTime -XX:+PrintGCDateStamps -XX:+PrintGCDetails -XX:+PrintGCTimeStamps -XX:+PrintHeapAtGC -XX:+PrintTenuringDistribution -XX:SurvivorRatio=4 -XX:TargetSurvivorRatio=90 -XX:ThreadStackSize=256 -XX:+UseCMSInitiatingOccupancyOnly -XX:+UseCompressedClassPointers -XX:+UseCompressedOops -XX:+UseConcMarkSweepGC -XX:-UseLargePagesIndividualAllocation -XX:+UseParNewGC 
2016-02-29T16:14:54.057+0000: 1.071: Total time for which application threads were stopped: 0.0001879 seconds, Stopping threads took: 0.0000284 seconds
2016-02-29T16:14:54.511+0000: 1.525: Total time for which application threads were stopped: 0.0002487 seconds, Stopping threads took: 0.0000419 seconds
2016-02-29T16:14:54.546+0000: 1.560: Total time for which application threads were stopped: 0.0001935 seconds, Stopping threads took: 0.0000426 seconds
2016-02-29T16:14:55.386+0000: 2.400: Total time for which application threads were stopped: 0.0002629 seconds, Stopping threads took: 0.0000458 seconds
2016-02-29T16:14:55.539+0000: 2.553: Total time for which application threads were stopped: 0.0003190 seconds, Stopping threads took: 0.0000505 seconds
2016-02-29T16:14:55.663+0000: 2.677: Total time for which application threads were stopped: 0.0002748 seconds, Stopping threads took: 0.0000505 seconds
2016-02-29T16:14:56.673+0000: 3.687: Total time for which application threads were stopped: 0.0001595 seconds, Stopping threads took: 0.0000529 seconds
{Heap before GC invocations=0 (full 0):
 par new generation   total 109248K, used 87424K [0x00000000e0000000, 0x00000000e8000000, 0x00000000e8000000)
  eden space 87424K, 100% used [0x00000000e0000000, 0x00000000e5560000, 0x00000000e5560000)
  from space 21824K,   0% used [0x00000000e5560000, 0x00000000e5560000, 0x00000000e6ab0000)
  to   space 21824K,   0% used [0x00000000e6ab0000, 0x00000000e6ab0000, 0x00000000e8000000)
 concurrent mark-sweep generation total 393216K, used 0K [0x00000000e8000000, 0x0000000100000000, 0x0000000100000000)
 Metaspace       used 10134K, capacity 10344K, committed 10496K, reserved 1058816K
  class space    used 1166K, capacity 1212K, committed 1280K, reserved 1048576K
2016-02-29T16:14:56.846+0000: 3.860: [GC (Allocation Failure) 2016-02-29T16:14:56.846+0000: 3.861: [ParNew
Desired survivor size 20112992 bytes, new threshold 8 (max 8)
- age   1:    5744672 bytes,    5744672 total
: 87424K->5680K(109248K), 0.0245837 secs] 87424K->5680K(502464K), 0.0249249 secs] [Times: user=0.03 sys=0.00, real=0.03 secs] 
Heap after GC invocations=1 (full 0):
 par new generation   total 109248K, used 5680K [0x00000000e0000000, 0x00000000e8000000, 0x00000000e8000000)
  eden space 87424K,   0% used [0x00000000e0000000, 0x00000000e0000000, 0x00000000e5560000)
  from space 21824K,  26% used [0x00000000e6ab0000, 0x00000000e703c0b0, 0x00000000e8000000)
  to   space 21824K,   0% used [0x00000000e5560000, 0x00000000e5560000, 0x00000000e6ab0000)
 concurrent mark-sweep generation total 393216K, used 0K [0x00000000e8000000, 0x0000000100000000, 0x0000000100000000)
 Metaspace       used 10134K, capacity 10344K, committed 10496K, reserved 1058816K
  class space    used 1166K, capacity 1212K, committed 1280K, reserved 1048576K
}
2016-02-29T16:14:56.871+0000: 3.885: Total time for which application threads were stopped: 0.0253418 seconds, Stopping threads took: 0.0000561 seconds
2016-02-29T16:14:57.175+0000: 4.189: Total time for which application threads were stopped: 0.0003222 seconds, Stopping threads took: 0.0000497 seconds
2016-02-29T16:14:57.338+0000: 4.352: Total time for which application threads were stopped: 0.0003443 seconds, Stopping threads took: 0.0000497 seconds
2016-02-29T16:14:57.343+0000: 4.357: Total time for which application threads were stopped: 0.0008876 seconds, Stopping threads took: 0.0006033 seconds
2016-02-29T16:14:57.648+0000: 4.665: Total time for which application threads were stopped: 0.0004122 seconds, Stopping threads took: 0.0000371 seconds
2016-02-29T16:14:57.648+0000: 4.668: Total time for which application threads were stopped: 0.0002093 seconds, Stopping threads took: 0.0000245 seconds
2016-02-29T16:14:57.658+0000: 4.676: Total time for which application threads were stopped: 0.0003151 seconds, Stopping threads took: 0.0000355 seconds
2016-02-29T16:14:58.296+0000: 5.312: Total time for which application threads were stopped: 0.0002361 seconds, Stopping threads took: 0.0000347 seconds
2016-02-29T16:14:58.296+0000: 5.314: Total time for which application threads were stopped: 0.0001485 seconds, Stopping threads took: 0.0000466 seconds
2016-02-29T16:14:58.296+0000: 5.315: Total time for which application threads were stopped: 0.0002416 seconds, Stopping threads took: 0.0001216 seconds
2016-02-29T16:14:58.306+0000: 5.320: Total time for which application threads were stopped: 0.0002487 seconds, Stopping threads took: 0.0000766 seconds
2016-02-29T16:14:58.316+0000: 5.337: Total time for which application threads were stopped: 0.0004098 seconds, Stopping threads took: 0.0000545 seconds
2016-02-29T16:14:58.326+0000: 5.347: Total time for which application threads were stopped: 0.0001563 seconds, Stopping threads took: 0.0000442 seconds
2016-02-29T16:14:58.326+0000: 5.348: Total time for which application threads were stopped: 0.0001153 seconds, Stopping threads took: 0.0000308 seconds
2016-02-29T16:14:58.326+0000: 5.348: Total time for which application threads were stopped: 0.0001050 seconds, Stopping threads took: 0.0000403 seconds
2016-02-29T16:14:58.326+0000: 5.349: Total time for which application threads were stopped: 0.0000924 seconds, Stopping threads took: 0.0000332 seconds
2016-02-29T16:14:58.366+0000: 5.387: Total time for which application threads were stopped: 0.0001587 seconds, Stopping threads took: 0.0000553 seconds
2016-02-29T16:14:58.366+0000: 5.387: Total time for which application threads were stopped: 0.0003553 seconds, Stopping threads took: 0.0003127 seconds
2016-02-29T16:14:58.438+0000: 5.455: Total time for which application threads were stopped: 0.0001334 seconds, Stopping threads took: 0.0000466 seconds
2016-02-29T16:14:58.438+0000: 5.456: Total time for which application threads were stopped: 0.0000963 seconds, Stopping threads took: 0.0000411 seconds
2016-02-29T16:14:58.438+0000: 5.456: Total time for which application threads were stopped: 0.0000734 seconds, Stopping threads took: 0.0000284 seconds
2016-02-29T16:14:58.438+0000: 5.456: Total time for which application threads were stopped: 0.0000750 seconds, Stopping threads took: 0.0000316 seconds
2016-02-29T16:14:58.438+0000: 5.456: Total time for which application threads were stopped: 0.0000719 seconds, Stopping threads took: 0.0000276 seconds
2016-02-29T16:14:58.438+0000: 5.456: Total time for which application threads were stopped: 0.0000742 seconds, Stopping threads took: 0.0000284 seconds
2016-02-29T16:14:58.438+0000: 5.457: Total time for which application threads were stopped: 0.0000711 seconds, Stopping threads took: 0.0000284 seconds
2016-02-29T16:14:58.438+0000: 5.457: Total time for which application threads were stopped: 0.0000719 seconds, Stopping threads took: 0.0000276 seconds
2016-02-29T16:14:58.842+0000: 5.860: Total time for which application threads were stopped: 0.0001374 seconds, Stopping threads took: 0.0000450 seconds
2016-02-29T16:14:58.842+0000: 5.860: Total time for which application threads were stopped: 0.0000703 seconds, Stopping threads took: 0.0000229 seconds
2016-02-29T16:14:58.842+0000: 5.860: Total time for which application threads were stopped: 0.0000640 seconds, Stopping threads took: 0.0000197 seconds
2016-02-29T16:14:58.892+0000: 5.907: Total time for which application threads were stopped: 0.0004375 seconds, Stopping threads took: 0.0000529 seconds
{Heap before GC invocations=1 (full 0):
 par new generation   total 109248K, used 93104K [0x00000000e0000000, 0x00000000e8000000, 0x00000000e8000000)
  eden space 87424K, 100% used [0x00000000e0000000, 0x00000000e5560000, 0x00000000e5560000)
  from space 21824K,  26% used [0x00000000e6ab0000, 0x00000000e703c0b0, 0x00000000e8000000)
  to   space 21824K,   0% used [0x00000000e5560000, 0x00000000e5560000, 0x00000000e6ab0000)
 concurrent mark-sweep generation total 393216K, used 0K [0x00000000e8000000, 0x0000000100000000, 0x0000000100000000)
 Metaspace       used 19740K, capacity 20116K, committed 20480K, reserved 1067008K
  class space    used 2349K, capacity 2488K, committed 2560K, reserved 1048576K
2016-02-29T16:14:58.902+0000: 5.923: [GC (Allocation Failure) 2016-02-29T16:14:58.902+0000: 5.923: [ParNew
Desired survivor size 20112992 bytes, new threshold 8 (max 8)
- age   1:    7734688 bytes,    7734688 total
- age   2:    2553352 bytes,   10288040 total
: 93104K->11237K(109248K), 0.0319479 secs] 93104K->11237K(502464K), 0.0321098 secs] [Times: user=0.08 sys=0.00, real=0.04 secs] 
Heap after GC invocations=2 (full 0):
 par new generation   total 109248K, used 11237K [0x00000000e0000000, 0x00000000e8000000, 0x00000000e8000000)
  eden space 87424K,   0% used [0x00000000e0000000, 0x00000000e0000000, 0x00000000e5560000)
  from space 21824K,  51% used [0x00000000e5560000, 0x00000000e60596e0, 0x00000000e6ab0000)
  to   space 21824K,   0% used [0x00000000e6ab0000, 0x00000000e6ab0000, 0x00000000e8000000)
 concurrent mark-sweep generation total 393216K, used 0K [0x00000000e8000000, 0x0000000100000000, 0x0000000100000000)
 Metaspace       used 19740K, capacity 20116K, committed 20480K, reserved 1067008K
  class space    used 2349K, capacity 2488K, committed 2560K, reserved 1048576K
}
2016-02-29T16:14:58.941+0000: 5.955: Total time for which application threads were stopped: 0.0325693 seconds, Stopping threads took: 0.0000845 seconds
2016-02-29T16:14:58.950+0000: 5.964: Total time for which application threads were stopped: 0.0010376 seconds, Stopping threads took: 0.0009286 seconds
2016-02-29T16:14:58.951+0000: 5.965: Total time for which application threads were stopped: 0.0000829 seconds, Stopping threads took: 0.0000347 seconds
2016-02-29T16:14:58.987+0000: 6.001: Total time for which application threads were stopped: 0.0005393 seconds, Stopping threads took: 0.0000482 seconds
2016-02-29T16:14:59.190+0000: 6.205: Total time for which application threads were stopped: 0.0002037 seconds, Stopping threads took: 0.0000561 seconds
2016-02-29T16:14:59.207+0000: 6.221: Total time for which application threads were stopped: 0.0001319 seconds, Stopping threads took: 0.0000490 seconds
2016-02-29T16:14:59.207+0000: 6.222: Total time for which application threads were stopped: 0.0001019 seconds, Stopping threads took: 0.0000442 seconds
2016-02-29T16:14:59.284+0000: 6.299: Total time for which application threads were stopped: 0.0001658 seconds, Stopping threads took: 0.0000537 seconds
2016-02-29T16:14:59.383+0000: 6.398: Total time for which application threads were stopped: 0.0001556 seconds, Stopping threads took: 0.0000600 seconds
2016-02-29T16:14:59.484+0000: 6.498: Total time for which application threads were stopped: 0.0001761 seconds, Stopping threads took: 0.0000616 seconds
2016-02-29T16:14:59.522+0000: 6.536: Total time for which application threads were stopped: 0.0001556 seconds, Stopping threads took: 0.0000482 seconds
2016-02-29T16:14:59.679+0000: 6.693: Total time for which application threads were stopped: 0.0001698 seconds, Stopping threads took: 0.0000513 seconds
{Heap before GC invocations=2 (full 0):
 par new generation   total 109248K, used 98661K [0x00000000e0000000, 0x00000000e8000000, 0x00000000e8000000)
  eden space 87424K, 100% used [0x00000000e0000000, 0x00000000e5560000, 0x00000000e5560000)
  from space 21824K,  51% used [0x00000000e5560000, 0x00000000e60596e0, 0x00000000e6ab0000)
  to   space 21824K,   0% used [0x00000000e6ab0000, 0x00000000e6ab0000, 0x00000000e8000000)
 concurrent mark-sweep generation total 393216K, used 0K [0x00000000e8000000, 0x0000000100000000, 0x0000000100000000)
 Metaspace       used 21390K, capacity 21792K, committed 21960K, reserved 1069056K
  class space    used 2542K, capacity 2682K, committed 2684K, reserved 1048576K
2016-02-29T16:14:59.736+0000: 6.751: [GC (Allocation Failure) 2016-02-29T16:14:59.736+0000: 6.751: [ParNew
Desired survivor size 20112992 bytes, new threshold 8 (max 8)
- age   1:    1788712 bytes,    1788712 total
- age   2:    2349856 bytes,    4138568 total
- age   3:    2550584 bytes,    6689152 total
: 98661K->12707K(109248K), 0.0244732 secs] 98661K->12707K(502464K), 0.0246366 secs] [Times: user=0.03 sys=0.00, real=0.02 secs] 
Heap after GC invocations=3 (full 0):
 par new generation   total 109248K, used 12707K [0x00000000e0000000, 0x00000000e8000000, 0x00000000e8000000)
  eden space 87424K,   0% used [0x00000000e0000000, 0x00000000e0000000, 0x00000000e5560000)
  from space 21824K,  58% used [0x00000000e6ab0000, 0x00000000e7718e20, 0x00000000e8000000)
  to   space 21824K,   0% used [0x00000000e5560000, 0x00000000e5560000, 0x00000000e6ab0000)
 concurrent mark-sweep generation total 393216K, used 0K [0x00000000e8000000, 0x0000000100000000, 0x0000000100000000)
 Metaspace       used 21390K, capacity 21792K, committed 21960K, reserved 1069056K
  class space    used 2542K, capacity 2682K, committed 2684K, reserved 1048576K
}
2016-02-29T16:14:59.761+0000: 6.775: Total time for which application threads were stopped: 0.0250370 seconds, Stopping threads took: 0.0000537 seconds
2016-02-29T16:14:59.782+0000: 6.796: [GC (CMS Initial Mark) [1 CMS-initial-mark: 0K(393216K)] 18905K(502464K), 0.0100181 secs] [Times: user=0.03 sys=0.00, real=0.01 secs] 
2016-02-29T16:14:59.792+0000: 6.806: Total time for which application threads were stopped: 0.0103908 seconds, Stopping threads took: 0.0001935 seconds
2016-02-29T16:14:59.793+0000: 6.807: [CMS-concurrent-mark-start]
2016-02-29T16:14:59.799+0000: 6.814: Total time for which application threads were stopped: 0.0001848 seconds, Stopping threads took: 0.0000466 seconds
2016-02-29T16:14:59.810+0000: 6.824: [CMS-concurrent-mark: 0.008/0.016 secs] [Times: user=0.03 sys=0.00, real=0.02 secs] 
2016-02-29T16:14:59.810+0000: 6.824: [CMS-concurrent-preclean-start]
2016-02-29T16:14:59.812+0000: 6.826: [CMS-concurrent-preclean: 0.003/0.003 secs] [Times: user=0.00 sys=0.00, real=0.00 secs] 
2016-02-29T16:14:59.812+0000: 6.827: [CMS-concurrent-abortable-preclean-start]
2016-02-29T16:14:59.896+0000: 6.910: Total time for which application threads were stopped: 0.0002195 seconds, Stopping threads took: 0.0000529 seconds
2016-02-29T16:14:59.897+0000: 6.912: Total time for which application threads were stopped: 0.0000821 seconds, Stopping threads took: 0.0000237 seconds
2016-02-29T16:14:59.897+0000: 6.912: Total time for which application threads were stopped: 0.0000687 seconds, Stopping threads took: 0.0000190 seconds
2016-02-29T16:14:59.897+0000: 6.912: Total time for which application threads were stopped: 0.0000671 seconds, Stopping threads took: 0.0000190 seconds
2016-02-29T16:14:59.898+0000: 6.912: Total time for which application threads were stopped: 0.0000695 seconds, Stopping threads took: 0.0000190 seconds
2016-02-29T16:14:59.898+0000: 6.912: Total time for which application threads were stopped: 0.0000632 seconds, Stopping threads took: 0.0000182 seconds
2016-02-29T16:14:59.898+0000: 6.912: Total time for which application threads were stopped: 0.0000632 seconds, Stopping threads took: 0.0000182 seconds
2016-02-29T16:14:59.898+0000: 6.912: Total time for which application threads were stopped: 0.0001177 seconds, Stopping threads took: 0.0000182 seconds
2016-02-29T16:14:59.898+0000: 6.913: Total time for which application threads were stopped: 0.0000648 seconds, Stopping threads took: 0.0000190 seconds
2016-02-29T16:14:59.899+0000: 6.913: Total time for which application threads were stopped: 0.0002337 seconds, Stopping threads took: 0.0000182 seconds
2016-02-29T16:14:59.906+0000: 6.921: Total time for which application threads were stopped: 0.0001161 seconds, Stopping threads took: 0.0000403 seconds
2016-02-29T16:14:59.907+0000: 6.921: Total time for which application threads were stopped: 0.0000750 seconds, Stopping threads took: 0.0000197 seconds
2016-02-29T16:14:59.907+0000: 6.921: Total time for which application threads were stopped: 0.0000663 seconds, Stopping threads took: 0.0000190 seconds
2016-02-29T16:14:59.938+0000: 6.952: Total time for which application threads were stopped: 0.0001871 seconds, Stopping threads took: 0.0000561 seconds
2016-02-29T16:15:00.227+0000: 7.241: Total time for which application threads were stopped: 0.0002100 seconds, Stopping threads took: 0.0000561 seconds
2016-02-29T16:15:00.325+0000: 7.340: Total time for which application threads were stopped: 0.0001477 seconds, Stopping threads took: 0.0000474 seconds
2016-02-29T16:15:00.325+0000: 7.340: [CMS-concurrent-abortable-preclean: 0.317/0.513 secs] [Times: user=0.65 sys=0.02, real=0.51 secs] 
2016-02-29T16:15:00.351+0000: 7.365: [GC (CMS Final Remark) [YG occupancy: 58276 K (109248 K)]{Heap before GC invocations=3 (full 1):
 par new generation   total 109248K, used 58276K [0x00000000e0000000, 0x00000000e8000000, 0x00000000e8000000)
  eden space 87424K,  52% used [0x00000000e0000000, 0x00000000e2c80228, 0x00000000e5560000)
  from space 21824K,  58% used [0x00000000e6ab0000, 0x00000000e7718e20, 0x00000000e8000000)
  to   space 21824K,   0% used [0x00000000e5560000, 0x00000000e5560000, 0x00000000e6ab0000)
 concurrent mark-sweep generation total 393216K, used 0K [0x00000000e8000000, 0x0000000100000000, 0x0000000100000000)
 Metaspace       used 21825K, capacity 22197K, committed 22548K, reserved 1069056K
  class space    used 2599K, capacity 2751K, committed 2812K, reserved 1048576K
2016-02-29T16:15:00.351+0000: 7.365: [GC (CMS Final Remark) 2016-02-29T16:15:00.351+0000: 7.365: [ParNew
Desired survivor size 20112992 bytes, new threshold 8 (max 8)
- age   1:     558392 bytes,     558392 total
- age   2:     764256 bytes,    1322648 total
- age   3:    2345928 bytes,    3668576 total
- age   4:    2549432 bytes,    6218008 total
: 58276K->8355K(109248K), 0.0244677 secs] 58276K->8355K(502464K), 0.0255384 secs] [Times: user=0.06 sys=0.00, real=0.03 secs] 
Heap after GC invocations=4 (full 1):
 par new generation   total 109248K, used 8355K [0x00000000e0000000, 0x00000000e8000000, 0x00000000e8000000)
  eden space 87424K,   0% used [0x00000000e0000000, 0x00000000e0000000, 0x00000000e5560000)
  from space 21824K,  38% used [0x00000000e5560000, 0x00000000e5d88fc0, 0x00000000e6ab0000)
  to   space 21824K,   0% used [0x00000000e6ab0000, 0x00000000e6ab0000, 0x00000000e8000000)
 concurrent mark-sweep generation total 393216K, used 0K [0x00000000e8000000, 0x0000000100000000, 0x0000000100000000)
 Metaspace       used 21825K, capacity 22197K, committed 22548K, reserved 1069056K
  class space    used 2599K, capacity 2751K, committed 2812K, reserved 1048576K
}
2016-02-29T16:15:00.377+0000: 7.391: [Rescan (parallel) , 0.0084483 secs]2016-02-29T16:15:00.385+0000: 7.399: [weak refs processing, 0.0019378 secs]2016-02-29T16:15:00.387+0000: 7.401: [class unloading, 0.0069725 secs]2016-02-29T16:15:00.394+0000: 7.408: [scrub symbol table, 0.0099873 secs]2016-02-29T16:15:00.404+0000: 7.418: [scrub string table, 0.0006436 secs][1 CMS-remark: 0K(393216K)] 8355K(502464K), 0.0554332 secs] [Times: user=0.11 sys=0.00, real=0.05 secs] 
2016-02-29T16:15:00.406+0000: 7.421: Total time for which application threads were stopped: 0.0556591 seconds, Stopping threads took: 0.0000419 seconds
2016-02-29T16:15:00.407+0000: 7.422: [CMS-concurrent-sweep-start]
2016-02-29T16:15:00.407+0000: 7.422: [CMS-concurrent-sweep: 0.000/0.000 secs] [Times: user=0.00 sys=0.00, real=0.00 secs] 
2016-02-29T16:15:00.407+0000: 7.422: [CMS-concurrent-reset-start]
2016-02-29T16:15:00.413+0000: 7.427: [CMS-concurrent-reset: 0.005/0.005 secs] [Times: user=0.00 sys=0.00, real=0.01 secs] 
2016-02-29T16:15:00.413+0000: 7.427: Total time for which application threads were stopped: 0.0001469 seconds, Stopping threads took: 0.0000434 seconds
2016-02-29T16:15:00.414+0000: 7.429: Total time for which application threads were stopped: 0.0001311 seconds, Stopping threads took: 0.0000363 seconds
2016-02-29T16:15:00.435+0000: 7.449: Total time for which application threads were stopped: 0.0004904 seconds, Stopping threads took: 0.0000434 seconds
2016-02-29T16:15:00.607+0000: 7.622: Total time for which application threads were stopped: 0.0001903 seconds, Stopping threads took: 0.0000442 seconds
2016-02-29T16:15:00.627+0000: 7.641: Total time for which application threads were stopped: 0.0001334 seconds, Stopping threads took: 0.0000553 seconds
2016-02-29T16:15:00.736+0000: 7.751: Total time for which application threads were stopped: 0.0001374 seconds, Stopping threads took: 0.0000505 seconds
2016-02-29T16:15:00.848+0000: 7.872: Total time for which application threads were stopped: 0.0001429 seconds, Stopping threads took: 0.0000529 seconds
2016-02-29T16:15:00.858+0000: 7.875: Total time for which application threads were stopped: 0.0001745 seconds, Stopping threads took: 0.0000521 seconds
2016-02-29T16:15:01.035+0000: 8.049: Total time for which application threads were stopped: 0.0001477 seconds, Stopping threads took: 0.0000497 seconds
2016-02-29T16:15:01.035+0000: 8.049: Total time for which application threads were stopped: 0.0000663 seconds, Stopping threads took: 0.0000197 seconds
2016-02-29T16:15:01.164+0000: 8.179: Total time for which application threads were stopped: 0.0001469 seconds, Stopping threads took: 0.0000490 seconds
2016-02-29T16:15:01.196+0000: 8.211: Total time for which application threads were stopped: 0.0002085 seconds, Stopping threads took: 0.0000679 seconds
2016-02-29T16:15:01.518+0000: 8.532: Total time for which application threads were stopped: 0.0128276 seconds, Stopping threads took: 0.0126697 seconds
2016-02-29T16:15:01.518+0000: 8.533: Total time for which application threads were stopped: 0.0001034 seconds, Stopping threads took: 0.0000450 seconds
2016-02-29T16:15:01.519+0000: 8.533: Total time for which application threads were stopped: 0.0000837 seconds, Stopping threads took: 0.0000308 seconds
2016-02-29T16:15:01.520+0000: 8.534: Total time for which application threads were stopped: 0.0001050 seconds, Stopping threads took: 0.0000387 seconds
2016-02-29T16:15:01.521+0000: 8.535: Total time for which application threads were stopped: 0.0000790 seconds, Stopping threads took: 0.0000253 seconds
2016-02-29T16:15:02.993+0000: 10.007: Total time for which application threads were stopped: 0.0001263 seconds, Stopping threads took: 0.0000458 seconds
2016-02-29T16:15:02.993+0000: 10.008: Total time for which application threads were stopped: 0.0000663 seconds, Stopping threads took: 0.0000197 seconds
2016-02-29T16:15:03.022+0000: 10.036: Total time for which application threads were stopped: 0.0001374 seconds, Stopping threads took: 0.0000513 seconds
2016-02-29T16:15:03.022+0000: 10.037: Total time for which application threads were stopped: 0.0000892 seconds, Stopping threads took: 0.0000324 seconds
2016-02-29T16:15:03.025+0000: 10.039: Total time for which application threads were stopped: 0.0001050 seconds, Stopping threads took: 0.0000379 seconds
2016-02-29T16:15:03.025+0000: 10.039: Total time for which application threads were stopped: 0.0000758 seconds, Stopping threads took: 0.0000261 seconds
2016-02-29T16:15:03.030+0000: 10.044: Total time for which application threads were stopped: 0.0001082 seconds, Stopping threads took: 0.0000434 seconds
2016-02-29T16:15:03.030+0000: 10.044: Total time for which application threads were stopped: 0.0000719 seconds, Stopping threads took: 0.0000261 seconds
2016-02-29T16:15:03.032+0000: 10.046: Total time for which application threads were stopped: 0.0002780 seconds, Stopping threads took: 0.0000324 seconds
2016-02-29T16:15:03.092+0000: 10.106: Total time for which application threads were stopped: 0.0005709 seconds, Stopping threads took: 0.0000529 seconds
2016-02-29T16:15:03.122+0000: 10.137: Total time for which application threads were stopped: 0.0001342 seconds, Stopping threads took: 0.0000474 seconds
2016-02-29T16:15:03.131+0000: 10.145: Total time for which application threads were stopped: 0.0001445 seconds, Stopping threads took: 0.0000545 seconds
2016-02-29T16:15:03.604+0000: 10.627: Total time for which application threads were stopped: 0.0001903 seconds, Stopping threads took: 0.0000553 seconds
2016-02-29T16:15:03.614+0000: 10.628: Total time for which application threads were stopped: 0.0001303 seconds, Stopping threads took: 0.0000268 seconds
2016-02-29T16:15:08.799+0000: 15.822: Total time for which application threads were stopped: 0.0001619 seconds, Stopping threads took: 0.0000608 seconds
2016-02-29T16:15:08.799+0000: 15.822: Total time for which application threads were stopped: 0.0000940 seconds, Stopping threads took: 0.0000355 seconds
2016-02-29T16:15:08.799+0000: 15.823: Total time for which application threads were stopped: 0.0001003 seconds, Stopping threads took: 0.0000371 seconds
2016-02-29T16:15:08.809+0000: 15.823: Total time for which application threads were stopped: 0.0000916 seconds, Stopping threads took: 0.0000316 seconds
2016-02-29T16:15:08.809+0000: 15.824: Total time for which application threads were stopped: 0.0000837 seconds, Stopping threads took: 0.0000284 seconds
2016-02-29T16:15:08.809+0000: 15.824: Total time for which application threads were stopped: 0.0000805 seconds, Stopping threads took: 0.0000276 seconds
2016-02-29T16:15:08.810+0000: 15.824: Total time for which application threads were stopped: 0.0000766 seconds, Stopping threads took: 0.0000253 seconds
2016-02-29T16:15:08.810+0000: 15.824: Total time for which application threads were stopped: 0.0000774 seconds, Stopping threads took: 0.0000268 seconds
2016-02-29T16:15:08.810+0000: 15.824: Total time for which application threads were stopped: 0.0000766 seconds, Stopping threads took: 0.0000253 seconds
2016-02-29T16:15:08.810+0000: 15.825: Total time for which application threads were stopped: 0.0000821 seconds, Stopping threads took: 0.0000284 seconds
2016-02-29T16:15:08.810+0000: 15.825: Total time for which application threads were stopped: 0.0000766 seconds, Stopping threads took: 0.0000261 seconds
2016-02-29T16:15:08.816+0000: 15.831: Total time for which application threads were stopped: 0.0001579 seconds, Stopping threads took: 0.0000624 seconds
2016-02-29T16:15:08.816+0000: 15.831: Total time for which application threads were stopped: 0.0000829 seconds, Stopping threads took: 0.0000276 seconds
2016-02-29T16:15:08.854+0000: 15.868: Total time for which application threads were stopped: 0.0028143 seconds, Stopping threads took: 0.0023989 seconds
2016-02-29T16:15:08.947+0000: 15.961: Total time for which application threads were stopped: 0.0002653 seconds, Stopping threads took: 0.0000592 seconds
2016-02-29T16:15:08.947+0000: 15.962: Total time for which application threads were stopped: 0.0001271 seconds, Stopping threads took: 0.0000324 seconds
2016-02-29T16:15:08.956+0000: 15.971: Total time for which application threads were stopped: 0.0001406 seconds, Stopping threads took: 0.0000545 seconds
2016-02-29T16:15:08.963+0000: 15.977: Total time for which application threads were stopped: 0.0017948 seconds, Stopping threads took: 0.0016772 seconds
2016-02-29T16:15:08.967+0000: 15.981: Total time for which application threads were stopped: 0.0008623 seconds, Stopping threads took: 0.0007430 seconds
2016-02-29T16:15:08.968+0000: 15.982: Total time for which application threads were stopped: 0.0003009 seconds, Stopping threads took: 0.0002282 seconds
2016-02-29T16:15:09.005+0000: 16.020: Total time for which application threads were stopped: 0.0002187 seconds, Stopping threads took: 0.0000497 seconds
2016-02-29T16:15:09.010+0000: 16.025: Total time for which application threads were stopped: 0.0016740 seconds, Stopping threads took: 0.0015516 seconds
2016-02-29T16:15:09.015+0000: 16.029: Total time for which application threads were stopped: 0.0001966 seconds, Stopping threads took: 0.0000584 seconds
2016-02-29T16:15:09.020+0000: 16.035: Total time for which application threads were stopped: 0.0007146 seconds, Stopping threads took: 0.0005599 seconds
2016-02-29T16:15:09.036+0000: 16.050: Total time for which application threads were stopped: 0.0005006 seconds, Stopping threads took: 0.0000569 seconds
2016-02-29T16:15:09.040+0000: 16.054: Total time for which application threads were stopped: 0.0001619 seconds, Stopping threads took: 0.0000584 seconds
2016-02-29T16:15:09.042+0000: 16.057: Total time for which application threads were stopped: 0.0013353 seconds, Stopping threads took: 0.0011537 seconds
2016-02-29T16:15:09.044+0000: 16.059: Total time for which application threads were stopped: 0.0001256 seconds, Stopping threads took: 0.0000442 seconds
2016-02-29T16:15:09.064+0000: 16.078: Total time for which application threads were stopped: 0.0001587 seconds, Stopping threads took: 0.0000490 seconds
2016-02-29T16:15:09.070+0000: 16.085: Total time for which application threads were stopped: 0.0001406 seconds, Stopping threads took: 0.0000450 seconds
2016-02-29T16:15:09.185+0000: 16.199: Total time for which application threads were stopped: 0.0001674 seconds, Stopping threads took: 0.0000513 seconds
2016-02-29T16:15:09.206+0000: 16.220: Total time for which application threads were stopped: 0.0001477 seconds, Stopping threads took: 0.0000584 seconds
2016-02-29T16:15:09.226+0000: 16.241: Total time for which application threads were stopped: 0.0001390 seconds, Stopping threads took: 0.0000419 seconds
2016-02-29T16:15:09.259+0000: 16.273: Total time for which application threads were stopped: 0.0001642 seconds, Stopping threads took: 0.0000624 seconds
2016-02-29T16:15:09.261+0000: 16.275: Total time for which application threads were stopped: 0.0001200 seconds, Stopping threads took: 0.0000395 seconds
2016-02-29T16:15:09.270+0000: 16.284: Total time for which application threads were stopped: 0.0003435 seconds, Stopping threads took: 0.0000553 seconds
2016-02-29T16:15:09.310+0000: 16.324: Total time for which application threads were stopped: 0.0001729 seconds, Stopping threads took: 0.0000490 seconds
2016-02-29T16:15:09.511+0000: 16.526: Total time for which application threads were stopped: 0.0001966 seconds, Stopping threads took: 0.0000576 seconds
2016-02-29T16:15:09.552+0000: 16.567: Total time for which application threads were stopped: 0.0001358 seconds, Stopping threads took: 0.0000497 seconds
2016-02-29T16:15:09.577+0000: 16.591: Total time for which application threads were stopped: 0.0001658 seconds, Stopping threads took: 0.0000545 seconds
2016-02-29T16:15:09.577+0000: 16.591: Total time for which application threads were stopped: 0.0000924 seconds, Stopping threads took: 0.0000347 seconds
2016-02-29T16:15:09.577+0000: 16.591: Total time for which application threads were stopped: 0.0000869 seconds, Stopping threads took: 0.0000300 seconds
2016-02-29T16:15:09.577+0000: 16.592: Total time for which application threads were stopped: 0.0000829 seconds, Stopping threads took: 0.0000284 seconds
2016-02-29T16:15:09.577+0000: 16.592: Total time for which application threads were stopped: 0.0000861 seconds, Stopping threads took: 0.0000300 seconds
2016-02-29T16:15:09.579+0000: 16.593: Total time for which application threads were stopped: 0.0001453 seconds, Stopping threads took: 0.0000719 seconds
2016-02-29T16:15:09.579+0000: 16.593: Total time for which application threads were stopped: 0.0000853 seconds, Stopping threads took: 0.0000300 seconds
2016-02-29T16:15:09.579+0000: 16.594: Total time for which application threads were stopped: 0.0000861 seconds, Stopping threads took: 0.0000292 seconds
2016-02-29T16:15:09.579+0000: 16.594: Total time for which application threads were stopped: 0.0000845 seconds, Stopping threads took: 0.0000284 seconds
2016-02-29T16:15:09.579+0000: 16.594: Total time for which application threads were stopped: 0.0000829 seconds, Stopping threads took: 0.0000276 seconds
2016-02-29T16:15:09.580+0000: 16.594: Total time for which application threads were stopped: 0.0000829 seconds, Stopping threads took: 0.0000308 seconds
2016-02-29T16:15:09.580+0000: 16.594: Total time for which application threads were stopped: 0.0001500 seconds, Stopping threads took: 0.0000876 seconds
2016-02-29T16:15:09.583+0000: 16.597: Total time for which application threads were stopped: 0.0001579 seconds, Stopping threads took: 0.0000584 seconds
2016-02-29T16:15:10.583+0000: 17.597: Total time for which application threads were stopped: 0.0001421 seconds, Stopping threads took: 0.0000474 seconds
2016-02-29T16:15:11.665+0000: 18.680: Total time for which application threads were stopped: 0.0001311 seconds, Stopping threads took: 0.0000387 seconds
2016-02-29T16:15:11.680+0000: 18.694: Total time for which application threads were stopped: 0.0005133 seconds, Stopping threads took: 0.0000419 seconds
2016-02-29T16:15:11.681+0000: 18.696: Total time for which application threads were stopped: 0.0001192 seconds, Stopping threads took: 0.0000426 seconds
2016-02-29T16:15:11.755+0000: 18.770: Total time for which application threads were stopped: 0.0001919 seconds, Stopping threads took: 0.0000679 seconds
2016-02-29T16:15:11.756+0000: 18.771: Total time for which application threads were stopped: 0.0000955 seconds, Stopping threads took: 0.0000276 seconds
2016-02-29T16:15:11.757+0000: 18.772: Total time for which application threads were stopped: 0.0001161 seconds, Stopping threads took: 0.0000411 seconds
2016-02-29T16:15:11.758+0000: 18.773: Total time for which application threads were stopped: 0.0001279 seconds, Stopping threads took: 0.0000442 seconds
2016-02-29T16:15:11.759+0000: 18.773: Total time for which application threads were stopped: 0.0000924 seconds, Stopping threads took: 0.0000300 seconds
2016-02-29T16:15:11.759+0000: 18.773: Total time for which application threads were stopped: 0.0002464 seconds, Stopping threads took: 0.0001753 seconds
2016-02-29T16:15:11.762+0000: 18.777: Total time for which application threads were stopped: 0.0001563 seconds, Stopping threads took: 0.0000553 seconds
2016-02-29T16:15:11.763+0000: 18.777: Total time for which application threads were stopped: 0.0000987 seconds, Stopping threads took: 0.0000292 seconds
2016-02-29T16:15:11.763+0000: 18.777: Total time for which application threads were stopped: 0.0000963 seconds, Stopping threads took: 0.0000300 seconds
2016-02-29T16:15:11.763+0000: 18.778: Total time for which application threads were stopped: 0.0001011 seconds, Stopping threads took: 0.0000245 seconds
2016-02-29T16:15:11.764+0000: 18.778: Total time for which application threads were stopped: 0.0001113 seconds, Stopping threads took: 0.0000347 seconds
2016-02-29T16:15:11.770+0000: 18.785: Total time for which application threads were stopped: 0.0001516 seconds, Stopping threads took: 0.0000513 seconds
2016-02-29T16:15:12.775+0000: 19.789: Total time for which application threads were stopped: 0.0001524 seconds, Stopping threads took: 0.0000545 seconds
2016-02-29T16:15:12.966+0000: 19.981: Total time for which application threads were stopped: 0.0001445 seconds, Stopping threads took: 0.0000426 seconds
2016-02-29T16:15:12.972+0000: 19.987: Total time for which application threads were stopped: 0.0001950 seconds, Stopping threads took: 0.0001058 seconds
2016-02-29T16:15:12.972+0000: 19.987: Total time for which application threads were stopped: 0.0001058 seconds, Stopping threads took: 0.0000229 seconds
2016-02-29T16:15:13.016+0000: 20.031: Total time for which application threads were stopped: 0.0001864 seconds, Stopping threads took: 0.0000584 seconds
2016-02-29T16:15:13.016+0000: 20.031: Total time for which application threads were stopped: 0.0000861 seconds, Stopping threads took: 0.0000284 seconds
2016-02-29T16:15:13.202+0000: 20.216: Total time for which application threads were stopped: 0.0001477 seconds, Stopping threads took: 0.0000419 seconds
2016-02-29T16:15:13.202+0000: 20.217: Total time for which application threads were stopped: 0.0000790 seconds, Stopping threads took: 0.0000213 seconds
2016-02-29T16:15:13.202+0000: 20.217: Total time for which application threads were stopped: 0.0001240 seconds, Stopping threads took: 0.0000205 seconds
2016-02-29T16:15:13.202+0000: 20.217: Total time for which application threads were stopped: 0.0000750 seconds, Stopping threads took: 0.0000205 seconds
2016-02-29T16:15:13.203+0000: 20.217: Total time for which application threads were stopped: 0.0000742 seconds, Stopping threads took: 0.0000197 seconds
2016-02-29T16:15:13.203+0000: 20.217: Total time for which application threads were stopped: 0.0000734 seconds, Stopping threads took: 0.0000197 seconds
2016-02-29T16:15:13.203+0000: 20.218: Total time for which application threads were stopped: 0.0000742 seconds, Stopping threads took: 0.0000197 seconds
2016-02-29T16:15:13.203+0000: 20.218: Total time for which application threads were stopped: 0.0000726 seconds, Stopping threads took: 0.0000190 seconds
2016-02-29T16:15:13.216+0000: 20.231: Total time for which application threads were stopped: 0.0001500 seconds, Stopping threads took: 0.0000474 seconds
2016-02-29T16:15:13.217+0000: 20.232: Total time for which application threads were stopped: 0.0001271 seconds, Stopping threads took: 0.0000395 seconds
2016-02-29T16:15:13.254+0000: 20.269: Total time for which application threads were stopped: 0.0005591 seconds, Stopping threads took: 0.0000521 seconds
2016-02-29T16:15:13.586+0000: 20.601: Total time for which application threads were stopped: 0.0005867 seconds, Stopping threads took: 0.0000497 seconds
2016-02-29T16:15:13.701+0000: 20.716: Total time for which application threads were stopped: 0.0001295 seconds, Stopping threads took: 0.0000434 seconds
2016-02-29T16:15:14.065+0000: 21.079: Total time for which application threads were stopped: 0.0002685 seconds, Stopping threads took: 0.0000490 seconds
2016-02-29T16:15:14.529+0000: 21.543: Total time for which application threads were stopped: 0.0002006 seconds, Stopping threads took: 0.0000608 seconds
2016-02-29T16:15:14.529+0000: 21.544: Total time for which application threads were stopped: 0.0000884 seconds, Stopping threads took: 0.0000300 seconds
2016-02-29T16:15:14.681+0000: 21.696: Total time for which application threads were stopped: 0.0001492 seconds, Stopping threads took: 0.0000482 seconds
2016-02-29T16:15:14.732+0000: 21.747: Total time for which application threads were stopped: 0.0001500 seconds, Stopping threads took: 0.0000553 seconds
2016-02-29T16:15:14.776+0000: 21.791: Total time for which application threads were stopped: 0.0001429 seconds, Stopping threads took: 0.0000434 seconds
2016-02-29T16:15:14.777+0000: 21.792: Total time for which application threads were stopped: 0.0000916 seconds, Stopping threads took: 0.0000261 seconds
2016-02-29T16:15:14.779+0000: 21.794: Total time for which application threads were stopped: 0.0001153 seconds, Stopping threads took: 0.0000332 seconds
2016-02-29T16:15:14.780+0000: 21.795: Total time for which application threads were stopped: 0.0000845 seconds, Stopping threads took: 0.0000213 seconds
2016-02-29T16:15:14.793+0000: 21.808: Total time for which application threads were stopped: 0.0001469 seconds, Stopping threads took: 0.0000497 seconds
2016-02-29T16:15:14.809+0000: 21.824: Total time for which application threads were stopped: 0.0001579 seconds, Stopping threads took: 0.0000474 seconds
2016-02-29T16:15:14.810+0000: 21.825: Total time for which application threads were stopped: 0.0000805 seconds, Stopping threads took: 0.0000221 seconds
2016-02-29T16:15:14.810+0000: 21.825: Total time for which application threads were stopped: 0.0000734 seconds, Stopping threads took: 0.0000197 seconds
2016-02-29T16:15:14.810+0000: 21.825: Total time for which application threads were stopped: 0.0000726 seconds, Stopping threads took: 0.0000190 seconds
2016-02-29T16:15:14.993+0000: 22.008: Total time for which application threads were stopped: 0.0001650 seconds, Stopping threads took: 0.0000592 seconds
2016-02-29T16:15:17.001+0000: 24.015: Total time for which application threads were stopped: 0.0001327 seconds, Stopping threads took: 0.0000474 seconds
2016-02-29T16:15:22.012+0000: 29.026: Total time for which application threads were stopped: 0.0001642 seconds, Stopping threads took: 0.0000490 seconds
2016-02-29T16:15:25.180+0000: 32.201: Total time for which application threads were stopped: 0.0048460 seconds, Stopping threads took: 0.0047078 seconds
2016-02-29T16:16:10.298+0000: 77.314: Total time for which application threads were stopped: 0.0002487 seconds, Stopping threads took: 0.0000561 seconds
2016-02-29T16:16:20.308+0000: 87.324: Total time for which application threads were stopped: 0.0001469 seconds, Stopping threads took: 0.0000569 seconds
2016-02-29T16:17:10.407+0000: 137.426: Total time for which application threads were stopped: 0.0001571 seconds, Stopping threads took: 0.0000505 seconds
2016-02-29T16:18:30.562+0000: 217.581: Total time for which application threads were stopped: 0.0001658 seconds, Stopping threads took: 0.0000592 seconds
2016-02-29T16:22:47.116+0000: 474.144: Total time for which application threads were stopped: 0.0002195 seconds, Stopping threads took: 0.0000955 seconds
2016-02-29T16:22:47.118+0000: 474.146: Total time for which application threads were stopped: 0.0001374 seconds, Stopping threads took: 0.0000505 seconds
2016-02-29T16:22:47.130+0000: 474.159: Total time for which application threads were stopped: 0.0001319 seconds, Stopping threads took: 0.0000403 seconds
2016-02-29T16:22:47.131+0000: 474.159: Total time for which application threads were stopped: 0.0000774 seconds, Stopping threads took: 0.0000205 seconds
2016-02-29T16:22:47.131+0000: 474.159: Total time for which application threads were stopped: 0.0000726 seconds, Stopping threads took: 0.0000197 seconds
2016-02-29T16:22:47.134+0000: 474.162: Total time for which application threads were stopped: 0.0001256 seconds, Stopping threads took: 0.0000387 seconds
2016-02-29T16:22:47.134+0000: 474.162: Total time for which application threads were stopped: 0.0000766 seconds, Stopping threads took: 0.0000205 seconds
2016-02-29T16:22:47.141+0000: 474.169: Total time for which application threads were stopped: 0.0001406 seconds, Stopping threads took: 0.0000434 seconds
2016-02-29T16:22:47.146+0000: 474.175: Total time for which application threads were stopped: 0.0001374 seconds, Stopping threads took: 0.0000419 seconds
2016-02-29T16:22:47.147+0000: 474.175: Total time for which application threads were stopped: 0.0000869 seconds, Stopping threads took: 0.0000190 seconds
2016-02-29T16:22:47.147+0000: 474.175: Total time for which application threads were stopped: 0.0000703 seconds, Stopping threads took: 0.0000197 seconds
2016-02-29T16:22:47.147+0000: 474.175: Total time for which application threads were stopped: 0.0000687 seconds, Stopping threads took: 0.0000182 seconds
2016-02-29T16:22:47.147+0000: 474.176: Total time for which application threads were stopped: 0.0000798 seconds, Stopping threads took: 0.0000213 seconds
2016-02-29T16:22:47.158+0000: 474.186: Total time for which application threads were stopped: 0.0002085 seconds, Stopping threads took: 0.0000450 seconds
2016-02-29T16:22:47.158+0000: 474.186: Total time for which application threads were stopped: 0.0000837 seconds, Stopping threads took: 0.0000292 seconds
2016-02-29T16:22:47.159+0000: 474.187: Total time for which application threads were stopped: 0.0000900 seconds, Stopping threads took: 0.0000316 seconds
2016-02-29T16:22:47.169+0000: 474.197: Total time for which application threads were stopped: 0.0002874 seconds, Stopping threads took: 0.0002258 seconds
2016-02-29T16:22:47.169+0000: 474.197: Total time for which application threads were stopped: 0.0000648 seconds, Stopping threads took: 0.0000308 seconds
2016-02-29T16:22:47.169+0000: 474.197: Total time for which application threads were stopped: 0.0000561 seconds, Stopping threads took: 0.0000237 seconds
2016-02-29T16:22:47.169+0000: 474.197: Total time for which application threads were stopped: 0.0000608 seconds, Stopping threads took: 0.0000261 seconds
2016-02-29T16:22:47.169+0000: 474.197: Total time for which application threads were stopped: 0.0000545 seconds, Stopping threads took: 0.0000221 seconds
Heap
 par new generation   total 109248K, used 93539K [0x00000000e0000000, 0x00000000e8000000, 0x00000000e8000000)
  eden space 87424K,  97% used [0x00000000e0000000, 0x00000000e532fce8, 0x00000000e5560000)
  from space 21824K,  38% used [0x00000000e5560000, 0x00000000e5d88fc0, 0x00000000e6ab0000)
  to   space 21824K,   0% used [0x00000000e6ab0000, 0x00000000e6ab0000, 0x00000000e8000000)
 concurrent mark-sweep generation total 393216K, used 0K [0x00000000e8000000, 0x0000000100000000, 0x0000000100000000)
 Metaspace       used 31343K, capacity 31741K, committed 31996K, reserved 1077248K
  class space    used 3672K, capacity 3823K, committed 3836K, reserved 1048576K
