Java HotSpot(TM) 64-Bit Server VM (25.73-b02) for windows-amd64 JRE (1.8.0_73-b02), built on Jan 29 2016 17:38:49 by "java_re" with MS VC++ 10.0 (VS2010)
Memory: 4k page, physical 4027256k(1123620k free), swap 9029216k(1736116k free)
CommandLine flags: -XX:CMSInitiatingOccupancyFraction=50 -XX:CMSMaxAbortablePrecleanTime=6000 -XX:+CMSParallelRemarkEnabled -XX:+CMSScavengeBeforeRemark -XX:ConcGCThreads=4 -XX:InitialHeapSize=536870912 -XX:MaxHeapSize=536870912 -XX:MaxTenuringThreshold=8 -XX:NewRatio=3 -XX:OldPLABSize=16 -XX:ParallelGCThreads=4 -XX:+ParallelRefProcEnabled -XX:PretenureSizeThreshold=67108864 -XX:+PrintGC -XX:+PrintGCApplicationStoppedTime -XX:+PrintGCDateStamps -XX:+PrintGCDetails -XX:+PrintGCTimeStamps -XX:+PrintHeapAtGC -XX:+PrintTenuringDistribution -XX:SurvivorRatio=4 -XX:TargetSurvivorRatio=90 -XX:ThreadStackSize=256 -XX:+UseCMSInitiatingOccupancyOnly -XX:+UseCompressedClassPointers -XX:+UseCompressedOops -XX:+UseConcMarkSweepGC -XX:-UseLargePagesIndividualAllocation -XX:+UseParNewGC 
2016-03-04T17:11:13.506+0000: 1.062: Total time for which application threads were stopped: 0.0008331 seconds, Stopping threads took: 0.0006602 seconds
2016-03-04T17:11:13.844+0000: 1.400: Total time for which application threads were stopped: 0.0002314 seconds, Stopping threads took: 0.0000458 seconds
2016-03-04T17:11:14.756+0000: 2.311: Total time for which application threads were stopped: 0.0003348 seconds, Stopping threads took: 0.0000490 seconds
2016-03-04T17:11:14.788+0000: 2.343: Total time for which application threads were stopped: 0.0002677 seconds, Stopping threads took: 0.0000505 seconds
2016-03-04T17:11:15.812+0000: 3.367: Total time for which application threads were stopped: 0.0001627 seconds, Stopping threads took: 0.0000497 seconds
{Heap before GC invocations=0 (full 0):
 par new generation   total 109248K, used 87424K [0x00000000e0000000, 0x00000000e8000000, 0x00000000e8000000)
  eden space 87424K, 100% used [0x00000000e0000000, 0x00000000e5560000, 0x00000000e5560000)
  from space 21824K,   0% used [0x00000000e5560000, 0x00000000e5560000, 0x00000000e6ab0000)
  to   space 21824K,   0% used [0x00000000e6ab0000, 0x00000000e6ab0000, 0x00000000e8000000)
 concurrent mark-sweep generation total 393216K, used 0K [0x00000000e8000000, 0x0000000100000000, 0x0000000100000000)
 Metaspace       used 10140K, capacity 10344K, committed 10496K, reserved 1058816K
  class space    used 1166K, capacity 1212K, committed 1280K, reserved 1048576K
2016-03-04T17:11:16.394+0000: 3.949: [GC (Allocation Failure) 2016-03-04T17:11:16.394+0000: 3.949: [ParNew
Desired survivor size 20112992 bytes, new threshold 8 (max 8)
- age   1:    5745264 bytes,    5745264 total
: 87424K->5673K(109248K), 0.0267369 secs] 87424K->5673K(502464K), 0.0271010 secs] [Times: user=0.02 sys=0.00, real=0.03 secs] 
Heap after GC invocations=1 (full 0):
 par new generation   total 109248K, used 5673K [0x00000000e0000000, 0x00000000e8000000, 0x00000000e8000000)
  eden space 87424K,   0% used [0x00000000e0000000, 0x00000000e0000000, 0x00000000e5560000)
  from space 21824K,  25% used [0x00000000e6ab0000, 0x00000000e703a430, 0x00000000e8000000)
  to   space 21824K,   0% used [0x00000000e5560000, 0x00000000e5560000, 0x00000000e6ab0000)
 concurrent mark-sweep generation total 393216K, used 0K [0x00000000e8000000, 0x0000000100000000, 0x0000000100000000)
 Metaspace       used 10140K, capacity 10344K, committed 10496K, reserved 1058816K
  class space    used 1166K, capacity 1212K, committed 1280K, reserved 1048576K
}
2016-03-04T17:11:16.421+0000: 3.976: Total time for which application threads were stopped: 0.0275305 seconds, Stopping threads took: 0.0000750 seconds
2016-03-04T17:11:16.755+0000: 4.311: Total time for which application threads were stopped: 0.0009713 seconds, Stopping threads took: 0.0006412 seconds
2016-03-04T17:11:16.808+0000: 4.364: Total time for which application threads were stopped: 0.0003451 seconds, Stopping threads took: 0.0000545 seconds
2016-03-04T17:11:16.946+0000: 4.502: Total time for which application threads were stopped: 0.0003514 seconds, Stopping threads took: 0.0000505 seconds
2016-03-04T17:11:17.346+0000: 4.902: Total time for which application threads were stopped: 0.0005220 seconds, Stopping threads took: 0.0000482 seconds
2016-03-04T17:11:17.349+0000: 4.905: Total time for which application threads were stopped: 0.0002614 seconds, Stopping threads took: 0.0000363 seconds
2016-03-04T17:11:17.359+0000: 4.914: Total time for which application threads were stopped: 0.0003506 seconds, Stopping threads took: 0.0000450 seconds
2016-03-04T17:11:18.124+0000: 5.680: Total time for which application threads were stopped: 0.0010179 seconds, Stopping threads took: 0.0008110 seconds
2016-03-04T17:11:18.125+0000: 5.680: Total time for which application threads were stopped: 0.0001161 seconds, Stopping threads took: 0.0000253 seconds
2016-03-04T17:11:18.125+0000: 5.680: Total time for which application threads were stopped: 0.0001058 seconds, Stopping threads took: 0.0000205 seconds
2016-03-04T17:11:18.125+0000: 5.680: Total time for which application threads were stopped: 0.0001106 seconds, Stopping threads took: 0.0000261 seconds
2016-03-04T17:11:18.125+0000: 5.681: Total time for which application threads were stopped: 0.0001082 seconds, Stopping threads took: 0.0000253 seconds
2016-03-04T17:11:18.125+0000: 5.681: Total time for which application threads were stopped: 0.0001082 seconds, Stopping threads took: 0.0000245 seconds
2016-03-04T17:11:18.125+0000: 5.681: Total time for which application threads were stopped: 0.0001066 seconds, Stopping threads took: 0.0000245 seconds
2016-03-04T17:11:18.125+0000: 5.681: Total time for which application threads were stopped: 0.0001192 seconds, Stopping threads took: 0.0000245 seconds
2016-03-04T17:11:18.126+0000: 5.681: Total time for which application threads were stopped: 0.0001224 seconds, Stopping threads took: 0.0000379 seconds
2016-03-04T17:11:18.126+0000: 5.681: Total time for which application threads were stopped: 0.0001082 seconds, Stopping threads took: 0.0000253 seconds
2016-03-04T17:11:18.126+0000: 5.682: Total time for which application threads were stopped: 0.0001066 seconds, Stopping threads took: 0.0000245 seconds
2016-03-04T17:11:18.126+0000: 5.682: Total time for which application threads were stopped: 0.0001082 seconds, Stopping threads took: 0.0000253 seconds
2016-03-04T17:11:18.126+0000: 5.682: Total time for which application threads were stopped: 0.0001074 seconds, Stopping threads took: 0.0000253 seconds
2016-03-04T17:11:18.126+0000: 5.682: Total time for which application threads were stopped: 0.0001098 seconds, Stopping threads took: 0.0000261 seconds
2016-03-04T17:11:18.127+0000: 5.682: Total time for which application threads were stopped: 0.0001106 seconds, Stopping threads took: 0.0000268 seconds
2016-03-04T17:11:18.127+0000: 5.682: Total time for which application threads were stopped: 0.0001082 seconds, Stopping threads took: 0.0000245 seconds
2016-03-04T17:11:18.127+0000: 5.683: Total time for which application threads were stopped: 0.0001145 seconds, Stopping threads took: 0.0000276 seconds
2016-03-04T17:11:18.127+0000: 5.683: Total time for which application threads were stopped: 0.0001106 seconds, Stopping threads took: 0.0000261 seconds
2016-03-04T17:11:18.127+0000: 5.683: Total time for which application threads were stopped: 0.0001066 seconds, Stopping threads took: 0.0000245 seconds
2016-03-04T17:11:18.127+0000: 5.683: Total time for which application threads were stopped: 0.0001090 seconds, Stopping threads took: 0.0000245 seconds
2016-03-04T17:11:18.128+0000: 5.683: Total time for which application threads were stopped: 0.0002519 seconds, Stopping threads took: 0.0000261 seconds
2016-03-04T17:11:18.128+0000: 5.684: Total time for which application threads were stopped: 0.0001263 seconds, Stopping threads took: 0.0000284 seconds
2016-03-04T17:11:18.128+0000: 5.684: Total time for which application threads were stopped: 0.0001145 seconds, Stopping threads took: 0.0000253 seconds
2016-03-04T17:11:18.128+0000: 5.684: Total time for which application threads were stopped: 0.0001129 seconds, Stopping threads took: 0.0000253 seconds
2016-03-04T17:11:18.130+0000: 5.686: Total time for which application threads were stopped: 0.0001429 seconds, Stopping threads took: 0.0000347 seconds
2016-03-04T17:11:18.131+0000: 5.686: Total time for which application threads were stopped: 0.0001461 seconds, Stopping threads took: 0.0000355 seconds
2016-03-04T17:11:18.131+0000: 5.687: Total time for which application threads were stopped: 0.0001042 seconds, Stopping threads took: 0.0000324 seconds
2016-03-04T17:11:18.131+0000: 5.687: Total time for which application threads were stopped: 0.0001137 seconds, Stopping threads took: 0.0000426 seconds
2016-03-04T17:11:18.131+0000: 5.687: Total time for which application threads were stopped: 0.0000995 seconds, Stopping threads took: 0.0000395 seconds
2016-03-04T17:11:18.132+0000: 5.687: Total time for which application threads were stopped: 0.0001011 seconds, Stopping threads took: 0.0000419 seconds
2016-03-04T17:11:18.132+0000: 5.687: Total time for which application threads were stopped: 0.0000979 seconds, Stopping threads took: 0.0000395 seconds
2016-03-04T17:11:18.132+0000: 5.687: Total time for which application threads were stopped: 0.0000987 seconds, Stopping threads took: 0.0000387 seconds
2016-03-04T17:11:18.132+0000: 5.688: Total time for which application threads were stopped: 0.0001011 seconds, Stopping threads took: 0.0000403 seconds
2016-03-04T17:11:18.208+0000: 5.763: Total time for which application threads were stopped: 0.0756189 seconds, Stopping threads took: 0.0754886 seconds
2016-03-04T17:11:18.208+0000: 5.764: Total time for which application threads were stopped: 0.0001232 seconds, Stopping threads took: 0.0000545 seconds
2016-03-04T17:11:18.208+0000: 5.764: Total time for which application threads were stopped: 0.0001737 seconds, Stopping threads took: 0.0000513 seconds
2016-03-04T17:11:18.208+0000: 5.764: Total time for which application threads were stopped: 0.0000940 seconds, Stopping threads took: 0.0000284 seconds
2016-03-04T17:11:18.209+0000: 5.764: Total time for which application threads were stopped: 0.0001453 seconds, Stopping threads took: 0.0000253 seconds
2016-03-04T17:11:18.209+0000: 5.765: Total time for which application threads were stopped: 0.0001177 seconds, Stopping threads took: 0.0000474 seconds
2016-03-04T17:11:18.209+0000: 5.765: Total time for which application threads were stopped: 0.0001500 seconds, Stopping threads took: 0.0000221 seconds
2016-03-04T17:11:18.210+0000: 5.765: Total time for which application threads were stopped: 0.0001398 seconds, Stopping threads took: 0.0000679 seconds
2016-03-04T17:11:18.210+0000: 5.765: Total time for which application threads were stopped: 0.0001714 seconds, Stopping threads took: 0.0000513 seconds
2016-03-04T17:11:18.211+0000: 5.766: Total time for which application threads were stopped: 0.0001666 seconds, Stopping threads took: 0.0000237 seconds
2016-03-04T17:11:18.211+0000: 5.767: Total time for which application threads were stopped: 0.0001445 seconds, Stopping threads took: 0.0000213 seconds
2016-03-04T17:11:18.213+0000: 5.769: Total time for which application threads were stopped: 0.0001532 seconds, Stopping threads took: 0.0000371 seconds
2016-03-04T17:11:18.214+0000: 5.769: Total time for which application threads were stopped: 0.0001074 seconds, Stopping threads took: 0.0000387 seconds
2016-03-04T17:11:18.214+0000: 5.769: Total time for which application threads were stopped: 0.0000924 seconds, Stopping threads took: 0.0000300 seconds
2016-03-04T17:11:18.214+0000: 5.770: Total time for which application threads were stopped: 0.0002803 seconds, Stopping threads took: 0.0000616 seconds
2016-03-04T17:11:18.235+0000: 5.791: Total time for which application threads were stopped: 0.0008481 seconds, Stopping threads took: 0.0004454 seconds
2016-03-04T17:11:18.241+0000: 5.796: Total time for which application threads were stopped: 0.0001800 seconds, Stopping threads took: 0.0000545 seconds
2016-03-04T17:11:18.242+0000: 5.797: Total time for which application threads were stopped: 0.0002085 seconds, Stopping threads took: 0.0000884 seconds
2016-03-04T17:11:18.244+0000: 5.800: Total time for which application threads were stopped: 0.0001879 seconds, Stopping threads took: 0.0000798 seconds
2016-03-04T17:11:18.244+0000: 5.800: Total time for which application threads were stopped: 0.0001342 seconds, Stopping threads took: 0.0000482 seconds
2016-03-04T17:11:18.260+0000: 5.816: Total time for which application threads were stopped: 0.0009776 seconds, Stopping threads took: 0.0008015 seconds
2016-03-04T17:11:18.261+0000: 5.816: Total time for which application threads were stopped: 0.0001256 seconds, Stopping threads took: 0.0000213 seconds
2016-03-04T17:11:18.263+0000: 5.819: Total time for which application threads were stopped: 0.0002022 seconds, Stopping threads took: 0.0000924 seconds
2016-03-04T17:11:18.263+0000: 5.819: Total time for which application threads were stopped: 0.0001074 seconds, Stopping threads took: 0.0000284 seconds
2016-03-04T17:11:18.263+0000: 5.819: Total time for which application threads were stopped: 0.0001034 seconds, Stopping threads took: 0.0000284 seconds
2016-03-04T17:11:18.293+0000: 5.849: Total time for which application threads were stopped: 0.0001390 seconds, Stopping threads took: 0.0000490 seconds
2016-03-04T17:11:18.293+0000: 5.849: Total time for which application threads were stopped: 0.0000805 seconds, Stopping threads took: 0.0000316 seconds
2016-03-04T17:11:18.293+0000: 5.849: Total time for which application threads were stopped: 0.0000805 seconds, Stopping threads took: 0.0000316 seconds
2016-03-04T17:11:18.297+0000: 5.852: Total time for which application threads were stopped: 0.0001327 seconds, Stopping threads took: 0.0000403 seconds
2016-03-04T17:11:18.297+0000: 5.853: Total time for which application threads were stopped: 0.0000805 seconds, Stopping threads took: 0.0000253 seconds
2016-03-04T17:11:18.298+0000: 5.853: Total time for which application threads were stopped: 0.0000861 seconds, Stopping threads took: 0.0000332 seconds
2016-03-04T17:11:18.298+0000: 5.854: Total time for which application threads were stopped: 0.0000877 seconds, Stopping threads took: 0.0000316 seconds
2016-03-04T17:11:18.301+0000: 5.857: Total time for which application threads were stopped: 0.0001145 seconds, Stopping threads took: 0.0000379 seconds
2016-03-04T17:11:18.301+0000: 5.857: Total time for which application threads were stopped: 0.0000774 seconds, Stopping threads took: 0.0000276 seconds
2016-03-04T17:11:18.319+0000: 5.874: Total time for which application threads were stopped: 0.0001745 seconds, Stopping threads took: 0.0000679 seconds
2016-03-04T17:11:18.319+0000: 5.875: Total time for which application threads were stopped: 0.0001113 seconds, Stopping threads took: 0.0000324 seconds
2016-03-04T17:11:18.319+0000: 5.875: Total time for which application threads were stopped: 0.0001358 seconds, Stopping threads took: 0.0000316 seconds
2016-03-04T17:11:18.320+0000: 5.875: Total time for which application threads were stopped: 0.0000703 seconds, Stopping threads took: 0.0000205 seconds
2016-03-04T17:11:18.333+0000: 5.888: Total time for which application threads were stopped: 0.0001603 seconds, Stopping threads took: 0.0000821 seconds
2016-03-04T17:11:18.333+0000: 5.889: Total time for which application threads were stopped: 0.0000916 seconds, Stopping threads took: 0.0000324 seconds
2016-03-04T17:11:18.334+0000: 5.890: Total time for which application threads were stopped: 0.0001003 seconds, Stopping threads took: 0.0000379 seconds
2016-03-04T17:11:18.335+0000: 5.890: Total time for which application threads were stopped: 0.0002061 seconds, Stopping threads took: 0.0001524 seconds
2016-03-04T17:11:18.335+0000: 5.891: Total time for which application threads were stopped: 0.0001011 seconds, Stopping threads took: 0.0000411 seconds
2016-03-04T17:11:18.335+0000: 5.891: Total time for which application threads were stopped: 0.0000821 seconds, Stopping threads took: 0.0000292 seconds
2016-03-04T17:11:18.336+0000: 5.892: Total time for which application threads were stopped: 0.0000971 seconds, Stopping threads took: 0.0000387 seconds
2016-03-04T17:11:18.336+0000: 5.892: Total time for which application threads were stopped: 0.0001027 seconds, Stopping threads took: 0.0000300 seconds
2016-03-04T17:11:18.337+0000: 5.892: Total time for which application threads were stopped: 0.0000924 seconds, Stopping threads took: 0.0000403 seconds
2016-03-04T17:11:18.337+0000: 5.892: Total time for which application threads were stopped: 0.0000805 seconds, Stopping threads took: 0.0000324 seconds
2016-03-04T17:11:18.337+0000: 5.893: Total time for which application threads were stopped: 0.0000798 seconds, Stopping threads took: 0.0000332 seconds
2016-03-04T17:11:18.337+0000: 5.893: Total time for which application threads were stopped: 0.0000955 seconds, Stopping threads took: 0.0000403 seconds
2016-03-04T17:11:18.337+0000: 5.893: Total time for which application threads were stopped: 0.0001295 seconds, Stopping threads took: 0.0000782 seconds
2016-03-04T17:11:18.337+0000: 5.893: Total time for which application threads were stopped: 0.0000837 seconds, Stopping threads took: 0.0000340 seconds
2016-03-04T17:11:18.338+0000: 5.893: Total time for which application threads were stopped: 0.0000900 seconds, Stopping threads took: 0.0000363 seconds
2016-03-04T17:11:18.338+0000: 5.893: Total time for which application threads were stopped: 0.0000908 seconds, Stopping threads took: 0.0000324 seconds
2016-03-04T17:11:18.338+0000: 5.893: Total time for which application threads were stopped: 0.0000995 seconds, Stopping threads took: 0.0000403 seconds
2016-03-04T17:11:18.338+0000: 5.894: Total time for which application threads were stopped: 0.0000861 seconds, Stopping threads took: 0.0000332 seconds
2016-03-04T17:11:18.338+0000: 5.894: Total time for which application threads were stopped: 0.0001042 seconds, Stopping threads took: 0.0000379 seconds
2016-03-04T17:11:18.345+0000: 5.901: Total time for which application threads were stopped: 0.0001453 seconds, Stopping threads took: 0.0000537 seconds
2016-03-04T17:11:18.345+0000: 5.901: Total time for which application threads were stopped: 0.0000861 seconds, Stopping threads took: 0.0000324 seconds
2016-03-04T17:11:18.345+0000: 5.901: Total time for which application threads were stopped: 0.0000782 seconds, Stopping threads took: 0.0000268 seconds
2016-03-04T17:11:18.347+0000: 5.903: Total time for which application threads were stopped: 0.0001184 seconds, Stopping threads took: 0.0000434 seconds
2016-03-04T17:11:18.347+0000: 5.903: Total time for which application threads were stopped: 0.0000829 seconds, Stopping threads took: 0.0000300 seconds
2016-03-04T17:11:18.347+0000: 5.903: Total time for which application threads were stopped: 0.0000829 seconds, Stopping threads took: 0.0000276 seconds
2016-03-04T17:11:18.347+0000: 5.903: Total time for which application threads were stopped: 0.0002195 seconds, Stopping threads took: 0.0000261 seconds
2016-03-04T17:11:18.373+0000: 5.929: Total time for which application threads were stopped: 0.0002835 seconds, Stopping threads took: 0.0001793 seconds
2016-03-04T17:11:18.399+0000: 5.955: Total time for which application threads were stopped: 0.0012966 seconds, Stopping threads took: 0.0011671 seconds
2016-03-04T17:11:18.405+0000: 5.961: Total time for which application threads were stopped: 0.0005077 seconds, Stopping threads took: 0.0000561 seconds
2016-03-04T17:11:18.406+0000: 5.962: Total time for which application threads were stopped: 0.0004027 seconds, Stopping threads took: 0.0000379 seconds
2016-03-04T17:11:18.446+0000: 6.002: Total time for which application threads were stopped: 0.0001777 seconds, Stopping threads took: 0.0000640 seconds
2016-03-04T17:11:18.457+0000: 6.012: Total time for which application threads were stopped: 0.0002069 seconds, Stopping threads took: 0.0000924 seconds
2016-03-04T17:11:18.457+0000: 6.012: Total time for which application threads were stopped: 0.0001200 seconds, Stopping threads took: 0.0000521 seconds
2016-03-04T17:11:18.457+0000: 6.013: Total time for which application threads were stopped: 0.0000955 seconds, Stopping threads took: 0.0000347 seconds
2016-03-04T17:11:18.463+0000: 6.018: Total time for which application threads were stopped: 0.0005409 seconds, Stopping threads took: 0.0004485 seconds
2016-03-04T17:11:18.463+0000: 6.018: Total time for which application threads were stopped: 0.0000798 seconds, Stopping threads took: 0.0000221 seconds
2016-03-04T17:11:18.463+0000: 6.019: Total time for which application threads were stopped: 0.0001303 seconds, Stopping threads took: 0.0000734 seconds
2016-03-04T17:11:18.470+0000: 6.026: Total time for which application threads were stopped: 0.0001871 seconds, Stopping threads took: 0.0000576 seconds
2016-03-04T17:11:18.470+0000: 6.026: Total time for which application threads were stopped: 0.0000813 seconds, Stopping threads took: 0.0000197 seconds
2016-03-04T17:11:18.470+0000: 6.026: Total time for which application threads were stopped: 0.0000782 seconds, Stopping threads took: 0.0000221 seconds
2016-03-04T17:11:18.472+0000: 6.028: Total time for which application threads were stopped: 0.0001074 seconds, Stopping threads took: 0.0000268 seconds
2016-03-04T17:11:18.472+0000: 6.028: Total time for which application threads were stopped: 0.0000892 seconds, Stopping threads took: 0.0000221 seconds
2016-03-04T17:11:18.472+0000: 6.028: Total time for which application threads were stopped: 0.0000813 seconds, Stopping threads took: 0.0000190 seconds
2016-03-04T17:11:18.492+0000: 6.052: Total time for which application threads were stopped: 0.0001635 seconds, Stopping threads took: 0.0000529 seconds
2016-03-04T17:11:18.512+0000: 6.068: Total time for which application threads were stopped: 0.0004825 seconds, Stopping threads took: 0.0000569 seconds
2016-03-04T17:11:18.560+0000: 6.116: Total time for which application threads were stopped: 0.0014253 seconds, Stopping threads took: 0.0013108 seconds
2016-03-04T17:11:18.560+0000: 6.116: Total time for which application threads were stopped: 0.0000861 seconds, Stopping threads took: 0.0000292 seconds
2016-03-04T17:11:18.561+0000: 6.116: Total time for which application threads were stopped: 0.0000924 seconds, Stopping threads took: 0.0000379 seconds
2016-03-04T17:11:18.663+0000: 6.219: Total time for which application threads were stopped: 0.0001571 seconds, Stopping threads took: 0.0000561 seconds
2016-03-04T17:11:18.664+0000: 6.219: Total time for which application threads were stopped: 0.0000813 seconds, Stopping threads took: 0.0000261 seconds
2016-03-04T17:11:18.664+0000: 6.219: Total time for which application threads were stopped: 0.0000798 seconds, Stopping threads took: 0.0000261 seconds
2016-03-04T17:11:18.698+0000: 6.254: Total time for which application threads were stopped: 0.0001642 seconds, Stopping threads took: 0.0000687 seconds
2016-03-04T17:11:18.698+0000: 6.254: Total time for which application threads were stopped: 0.0001335 seconds, Stopping threads took: 0.0000300 seconds
2016-03-04T17:11:18.699+0000: 6.254: Total time for which application threads were stopped: 0.0000861 seconds, Stopping threads took: 0.0000316 seconds
2016-03-04T17:11:18.741+0000: 6.296: Total time for which application threads were stopped: 0.0001666 seconds, Stopping threads took: 0.0000466 seconds
2016-03-04T17:11:18.741+0000: 6.296: Total time for which application threads were stopped: 0.0000758 seconds, Stopping threads took: 0.0000213 seconds
2016-03-04T17:11:18.742+0000: 6.298: Total time for which application threads were stopped: 0.0001027 seconds, Stopping threads took: 0.0000347 seconds
2016-03-04T17:11:18.747+0000: 6.303: Total time for which application threads were stopped: 0.0001319 seconds, Stopping threads took: 0.0000466 seconds
2016-03-04T17:11:18.747+0000: 6.303: Total time for which application threads were stopped: 0.0000805 seconds, Stopping threads took: 0.0000261 seconds
2016-03-04T17:11:18.748+0000: 6.303: Total time for which application threads were stopped: 0.0000805 seconds, Stopping threads took: 0.0000276 seconds
2016-03-04T17:11:18.840+0000: 6.395: Total time for which application threads were stopped: 0.0001769 seconds, Stopping threads took: 0.0000829 seconds
2016-03-04T17:11:18.840+0000: 6.395: Total time for which application threads were stopped: 0.0000813 seconds, Stopping threads took: 0.0000261 seconds
2016-03-04T17:11:18.840+0000: 6.396: Total time for which application threads were stopped: 0.0000798 seconds, Stopping threads took: 0.0000261 seconds
{Heap before GC invocations=1 (full 0):
 par new generation   total 109248K, used 93096K [0x00000000e0000000, 0x00000000e8000000, 0x00000000e8000000)
  eden space 87424K,  99% used [0x00000000e0000000, 0x00000000e555fed8, 0x00000000e5560000)
  from space 21824K,  25% used [0x00000000e6ab0000, 0x00000000e703a430, 0x00000000e8000000)
  to   space 21824K,   0% used [0x00000000e5560000, 0x00000000e5560000, 0x00000000e6ab0000)
 concurrent mark-sweep generation total 393216K, used 0K [0x00000000e8000000, 0x0000000100000000, 0x0000000100000000)
 Metaspace       used 20588K, capacity 20852K, committed 21120K, reserved 1067008K
  class space    used 2464K, capacity 2584K, committed 2688K, reserved 1048576K
2016-03-04T17:11:18.937+0000: 6.493: [GC (Allocation Failure) 2016-03-04T17:11:18.938+0000: 6.493: [ParNew
Desired survivor size 20112992 bytes, new threshold 8 (max 8)
- age   1:    8761728 bytes,    8761728 total
- age   2:    2553656 bytes,   11315384 total
: 93096K->14046K(109248K), 0.0429312 secs] 93096K->14046K(502464K), 0.0430757 secs] [Times: user=0.05 sys=0.01, real=0.04 secs] 
Heap after GC invocations=2 (full 0):
 par new generation   total 109248K, used 14046K [0x00000000e0000000, 0x00000000e8000000, 0x00000000e8000000)
  eden space 87424K,   0% used [0x00000000e0000000, 0x00000000e0000000, 0x00000000e5560000)
  from space 21824K,  64% used [0x00000000e5560000, 0x00000000e6317860, 0x00000000e6ab0000)
  to   space 21824K,   0% used [0x00000000e6ab0000, 0x00000000e6ab0000, 0x00000000e8000000)
 concurrent mark-sweep generation total 393216K, used 0K [0x00000000e8000000, 0x0000000100000000, 0x0000000100000000)
 Metaspace       used 20588K, capacity 20852K, committed 21120K, reserved 1067008K
  class space    used 2464K, capacity 2584K, committed 2688K, reserved 1048576K
}
2016-03-04T17:11:18.981+0000: 6.536: Total time for which application threads were stopped: 0.0435029 seconds, Stopping threads took: 0.0000474 seconds
2016-03-04T17:11:18.982+0000: 6.538: Total time for which application threads were stopped: 0.0001824 seconds, Stopping threads took: 0.0000766 seconds
2016-03-04T17:11:18.984+0000: 6.539: Total time for which application threads were stopped: 0.0001074 seconds, Stopping threads took: 0.0000466 seconds
2016-03-04T17:11:18.985+0000: 6.540: Total time for which application threads were stopped: 0.0000869 seconds, Stopping threads took: 0.0000324 seconds
2016-03-04T17:11:19.039+0000: 6.594: Total time for which application threads were stopped: 0.0001848 seconds, Stopping threads took: 0.0000584 seconds
2016-03-04T17:11:19.041+0000: 6.597: Total time for which application threads were stopped: 0.0001382 seconds, Stopping threads took: 0.0000371 seconds
2016-03-04T17:11:19.047+0000: 6.602: Total time for which application threads were stopped: 0.0001635 seconds, Stopping threads took: 0.0000482 seconds
2016-03-04T17:11:19.057+0000: 6.613: Total time for which application threads were stopped: 0.0004588 seconds, Stopping threads took: 0.0000695 seconds
2016-03-04T17:11:19.441+0000: 6.997: Total time for which application threads were stopped: 0.0002495 seconds, Stopping threads took: 0.0000545 seconds
2016-03-04T17:11:19.555+0000: 7.111: Total time for which application threads were stopped: 0.0001998 seconds, Stopping threads took: 0.0000490 seconds
2016-03-04T17:11:19.575+0000: 7.131: Total time for which application threads were stopped: 0.0001413 seconds, Stopping threads took: 0.0000450 seconds
2016-03-04T17:11:19.595+0000: 7.151: Total time for which application threads were stopped: 0.0001635 seconds, Stopping threads took: 0.0000458 seconds
2016-03-04T17:11:19.597+0000: 7.152: Total time for which application threads were stopped: 0.0001042 seconds, Stopping threads took: 0.0000276 seconds
2016-03-04T17:11:19.597+0000: 7.153: Total time for which application threads were stopped: 0.0003640 seconds, Stopping threads took: 0.0000197 seconds
2016-03-04T17:11:19.659+0000: 7.215: Total time for which application threads were stopped: 0.0001650 seconds, Stopping threads took: 0.0000482 seconds
2016-03-04T17:11:19.843+0000: 7.399: Total time for which application threads were stopped: 0.0001595 seconds, Stopping threads took: 0.0000466 seconds
2016-03-04T17:11:19.996+0000: 7.552: Total time for which application threads were stopped: 0.0001642 seconds, Stopping threads took: 0.0000497 seconds
2016-03-04T17:11:20.039+0000: 7.595: Total time for which application threads were stopped: 0.0001453 seconds, Stopping threads took: 0.0000403 seconds
2016-03-04T17:11:20.039+0000: 7.595: Total time for which application threads were stopped: 0.0000758 seconds, Stopping threads took: 0.0000205 seconds
2016-03-04T17:11:20.041+0000: 7.597: Total time for which application threads were stopped: 0.0001232 seconds, Stopping threads took: 0.0000379 seconds
2016-03-04T17:11:20.041+0000: 7.597: Total time for which application threads were stopped: 0.0000758 seconds, Stopping threads took: 0.0000197 seconds
2016-03-04T17:11:20.103+0000: 7.659: Total time for which application threads were stopped: 0.0001698 seconds, Stopping threads took: 0.0000505 seconds
2016-03-04T17:11:20.163+0000: 7.718: Total time for which application threads were stopped: 0.0002322 seconds, Stopping threads took: 0.0000521 seconds
2016-03-04T17:11:20.214+0000: 7.770: Total time for which application threads were stopped: 0.0001603 seconds, Stopping threads took: 0.0000482 seconds
2016-03-04T17:11:20.301+0000: 7.857: Total time for which application threads were stopped: 0.0112589 seconds, Stopping threads took: 0.0111302 seconds
2016-03-04T17:11:20.302+0000: 7.858: Total time for which application threads were stopped: 0.0001240 seconds, Stopping threads took: 0.0000419 seconds
2016-03-04T17:11:20.302+0000: 7.858: Total time for which application threads were stopped: 0.0000837 seconds, Stopping threads took: 0.0000237 seconds
2016-03-04T17:11:20.413+0000: 7.968: Total time for which application threads were stopped: 0.0002653 seconds, Stopping threads took: 0.0000569 seconds
2016-03-04T17:11:20.511+0000: 8.066: Total time for which application threads were stopped: 0.0001540 seconds, Stopping threads took: 0.0000553 seconds
{Heap before GC invocations=2 (full 0):
 par new generation   total 109248K, used 101470K [0x00000000e0000000, 0x00000000e8000000, 0x00000000e8000000)
  eden space 87424K, 100% used [0x00000000e0000000, 0x00000000e5560000, 0x00000000e5560000)
  from space 21824K,  64% used [0x00000000e5560000, 0x00000000e6317860, 0x00000000e6ab0000)
  to   space 21824K,   0% used [0x00000000e6ab0000, 0x00000000e6ab0000, 0x00000000e8000000)
 concurrent mark-sweep generation total 393216K, used 0K [0x00000000e8000000, 0x0000000100000000, 0x0000000100000000)
 Metaspace       used 22615K, capacity 22944K, committed 23212K, reserved 1069056K
  class space    used 2698K, capacity 2810K, committed 2816K, reserved 1048576K
2016-03-04T17:11:20.513+0000: 8.069: [GC (Allocation Failure) 2016-03-04T17:11:20.513+0000: 8.069: [ParNew
Desired survivor size 20112992 bytes, new threshold 8 (max 8)
- age   1:    2106864 bytes,    2106864 total
- age   2:    2686792 bytes,    4793656 total
- age   3:    2549440 bytes,    7343096 total
: 101470K->13836K(109248K), 0.0276624 secs] 101470K->13836K(502464K), 0.0278085 secs] [Times: user=0.05 sys=0.02, real=0.03 secs] 
Heap after GC invocations=3 (full 0):
 par new generation   total 109248K, used 13836K [0x00000000e0000000, 0x00000000e8000000, 0x00000000e8000000)
  eden space 87424K,   0% used [0x00000000e0000000, 0x00000000e0000000, 0x00000000e5560000)
  from space 21824K,  63% used [0x00000000e6ab0000, 0x00000000e7833060, 0x00000000e8000000)
  to   space 21824K,   0% used [0x00000000e5560000, 0x00000000e5560000, 0x00000000e6ab0000)
 concurrent mark-sweep generation total 393216K, used 0K [0x00000000e8000000, 0x0000000100000000, 0x0000000100000000)
 Metaspace       used 22615K, capacity 22944K, committed 23212K, reserved 1069056K
  class space    used 2698K, capacity 2810K, committed 2816K, reserved 1048576K
}
2016-03-04T17:11:20.541+0000: 8.097: Total time for which application threads were stopped: 0.0282096 seconds, Stopping threads took: 0.0000482 seconds
2016-03-04T17:11:20.541+0000: 8.097: [GC (CMS Initial Mark) [1 CMS-initial-mark: 0K(393216K)] 13845K(502464K), 0.0123178 secs] [Times: user=0.00 sys=0.00, real=0.01 secs] 
2016-03-04T17:11:20.554+0000: 8.110: Total time for which application threads were stopped: 0.0125421 seconds, Stopping threads took: 0.0000466 seconds
2016-03-04T17:11:20.554+0000: 8.110: [CMS-concurrent-mark-start]
2016-03-04T17:11:20.555+0000: 8.110: [CMS-concurrent-mark: 0.001/0.001 secs] [Times: user=0.00 sys=0.00, real=0.00 secs] 
2016-03-04T17:11:20.555+0000: 8.110: [CMS-concurrent-preclean-start]
2016-03-04T17:11:20.557+0000: 8.113: [CMS-concurrent-preclean: 0.002/0.002 secs] [Times: user=0.01 sys=0.00, real=0.00 secs] 
2016-03-04T17:11:20.559+0000: 8.115: Total time for which application threads were stopped: 0.0001808 seconds, Stopping threads took: 0.0000576 seconds
2016-03-04T17:11:20.618+0000: 8.173: [GC (CMS Final Remark) [YG occupancy: 23349 K (109248 K)]{Heap before GC invocations=3 (full 1):
 par new generation   total 109248K, used 23349K [0x00000000e0000000, 0x00000000e8000000, 0x00000000e8000000)
  eden space 87424K,  10% used [0x00000000e0000000, 0x00000000e094a630, 0x00000000e5560000)
  from space 21824K,  63% used [0x00000000e6ab0000, 0x00000000e7833060, 0x00000000e8000000)
  to   space 21824K,   0% used [0x00000000e5560000, 0x00000000e5560000, 0x00000000e6ab0000)
 concurrent mark-sweep generation total 393216K, used 0K [0x00000000e8000000, 0x0000000100000000, 0x0000000100000000)
 Metaspace       used 22636K, capacity 23008K, committed 23212K, reserved 1069056K
  class space    used 2702K, capacity 2810K, committed 2816K, reserved 1048576K
2016-03-04T17:11:20.618+0000: 8.174: [GC (CMS Final Remark) 2016-03-04T17:11:20.618+0000: 8.174: [ParNew
Desired survivor size 20112992 bytes, new threshold 8 (max 8)
- age   1:     189232 bytes,     189232 total
- age   2:    1804640 bytes,    1993872 total
- age   3:    2686712 bytes,    4680584 total
- age   4:    2549440 bytes,    7230024 total
: 23349K->9126K(109248K), 0.0413068 secs] 23349K->9126K(502464K), 0.0414221 secs] [Times: user=0.05 sys=0.00, real=0.04 secs] 
Heap after GC invocations=4 (full 1):
 par new generation   total 109248K, used 9126K [0x00000000e0000000, 0x00000000e8000000, 0x00000000e8000000)
  eden space 87424K,   0% used [0x00000000e0000000, 0x00000000e0000000, 0x00000000e5560000)
  from space 21824K,  41% used [0x00000000e5560000, 0x00000000e5e499a0, 0x00000000e6ab0000)
  to   space 21824K,   0% used [0x00000000e6ab0000, 0x00000000e6ab0000, 0x00000000e8000000)
 concurrent mark-sweep generation total 393216K, used 0K [0x00000000e8000000, 0x0000000100000000, 0x0000000100000000)
 Metaspace       used 22636K, capacity 23008K, committed 23212K, reserved 1069056K
  class space    used 2702K, capacity 2810K, committed 2816K, reserved 1048576K
}
2016-03-04T17:11:20.659+0000: 8.215: [Rescan (parallel) , 0.0080205 secs]2016-03-04T17:11:20.667+0000: 8.223: [weak refs processing, 0.0015864 secs]2016-03-04T17:11:20.669+0000: 8.225: [class unloading, 0.0073999 secs]2016-03-04T17:11:20.676+0000: 8.232: [scrub symbol table, 0.0096614 secs]2016-03-04T17:11:20.686+0000: 8.242: [scrub string table, 0.0006602 secs][1 CMS-remark: 0K(393216K)] 9126K(502464K), 0.0707065 secs] [Times: user=0.09 sys=0.00, real=0.07 secs] 
2016-03-04T17:11:20.688+0000: 8.244: Total time for which application threads were stopped: 0.0778086 seconds, Stopping threads took: 0.0069087 seconds
2016-03-04T17:11:20.720+0000: 8.276: [CMS-concurrent-sweep-start]
2016-03-04T17:11:20.720+0000: 8.276: [CMS-concurrent-sweep: 0.000/0.000 secs] [Times: user=0.00 sys=0.00, real=0.00 secs] 
2016-03-04T17:11:20.720+0000: 8.276: [CMS-concurrent-reset-start]
2016-03-04T17:11:20.725+0000: 8.280: [CMS-concurrent-reset: 0.005/0.005 secs] [Times: user=0.00 sys=0.00, real=0.00 secs] 
2016-03-04T17:11:20.794+0000: 8.350: Total time for which application threads were stopped: 0.0001627 seconds, Stopping threads took: 0.0000521 seconds
2016-03-04T17:11:20.794+0000: 8.350: Total time for which application threads were stopped: 0.0000979 seconds, Stopping threads took: 0.0000268 seconds
2016-03-04T17:11:20.795+0000: 8.350: Total time for which application threads were stopped: 0.0000790 seconds, Stopping threads took: 0.0000268 seconds
2016-03-04T17:11:20.802+0000: 8.358: Total time for which application threads were stopped: 0.0001390 seconds, Stopping threads took: 0.0000490 seconds
2016-03-04T17:11:20.803+0000: 8.358: Total time for which application threads were stopped: 0.0002969 seconds, Stopping threads took: 0.0000355 seconds
2016-03-04T17:11:20.942+0000: 8.498: Total time for which application threads were stopped: 0.0001785 seconds, Stopping threads took: 0.0000584 seconds
2016-03-04T17:11:20.953+0000: 8.508: Total time for which application threads were stopped: 0.0001919 seconds, Stopping threads took: 0.0000616 seconds
2016-03-04T17:11:20.958+0000: 8.513: Total time for which application threads were stopped: 0.0001753 seconds, Stopping threads took: 0.0000600 seconds
2016-03-04T17:11:20.959+0000: 8.515: Total time for which application threads were stopped: 0.0001461 seconds, Stopping threads took: 0.0000521 seconds
2016-03-04T17:11:20.984+0000: 8.540: Total time for which application threads were stopped: 0.0005559 seconds, Stopping threads took: 0.0000466 seconds
2016-03-04T17:11:21.145+0000: 8.701: Total time for which application threads were stopped: 0.0002393 seconds, Stopping threads took: 0.0000466 seconds
2016-03-04T17:11:21.306+0000: 8.862: Total time for which application threads were stopped: 0.0001413 seconds, Stopping threads took: 0.0000482 seconds
2016-03-04T17:11:21.438+0000: 8.994: Total time for which application threads were stopped: 0.0001903 seconds, Stopping threads took: 0.0000632 seconds
2016-03-04T17:11:21.442+0000: 8.998: Total time for which application threads were stopped: 0.0001808 seconds, Stopping threads took: 0.0000600 seconds
2016-03-04T17:11:21.604+0000: 9.160: Total time for which application threads were stopped: 0.0004438 seconds, Stopping threads took: 0.0000505 seconds
2016-03-04T17:11:21.604+0000: 9.160: Total time for which application threads were stopped: 0.0002195 seconds, Stopping threads took: 0.0000221 seconds
2016-03-04T17:11:21.639+0000: 9.194: Total time for which application threads were stopped: 0.0001595 seconds, Stopping threads took: 0.0000482 seconds
2016-03-04T17:11:21.639+0000: 9.195: Total time for which application threads were stopped: 0.0000750 seconds, Stopping threads took: 0.0000213 seconds
2016-03-04T17:11:21.769+0000: 9.325: Total time for which application threads were stopped: 0.0001785 seconds, Stopping threads took: 0.0000482 seconds
2016-03-04T17:11:21.841+0000: 9.396: Total time for which application threads were stopped: 0.0001982 seconds, Stopping threads took: 0.0000553 seconds
2016-03-04T17:11:22.199+0000: 9.755: Total time for which application threads were stopped: 0.0002456 seconds, Stopping threads took: 0.0000545 seconds
2016-03-04T17:11:22.272+0000: 9.828: Total time for which application threads were stopped: 0.0043455 seconds, Stopping threads took: 0.0041939 seconds
2016-03-04T17:11:22.276+0000: 9.831: Total time for which application threads were stopped: 0.0033521 seconds, Stopping threads took: 0.0032068 seconds
2016-03-04T17:11:22.277+0000: 9.833: Total time for which application threads were stopped: 0.0004888 seconds, Stopping threads took: 0.0003854 seconds
2016-03-04T17:11:22.277+0000: 9.833: Total time for which application threads were stopped: 0.0000932 seconds, Stopping threads took: 0.0000332 seconds
2016-03-04T17:11:22.279+0000: 9.835: Total time for which application threads were stopped: 0.0014056 seconds, Stopping threads took: 0.0013282 seconds
2016-03-04T17:11:22.279+0000: 9.835: Total time for which application threads were stopped: 0.0001027 seconds, Stopping threads took: 0.0000411 seconds
2016-03-04T17:11:22.280+0000: 9.836: Total time for which application threads were stopped: 0.0000932 seconds, Stopping threads took: 0.0000324 seconds
2016-03-04T17:11:22.280+0000: 9.836: Total time for which application threads were stopped: 0.0000908 seconds, Stopping threads took: 0.0000308 seconds
2016-03-04T17:11:22.280+0000: 9.836: Total time for which application threads were stopped: 0.0000845 seconds, Stopping threads took: 0.0000268 seconds
2016-03-04T17:11:22.280+0000: 9.836: Total time for which application threads were stopped: 0.0000829 seconds, Stopping threads took: 0.0000253 seconds
2016-03-04T17:11:22.281+0000: 9.836: Total time for which application threads were stopped: 0.0000987 seconds, Stopping threads took: 0.0000284 seconds
2016-03-04T17:11:22.281+0000: 9.837: Total time for which application threads were stopped: 0.0001098 seconds, Stopping threads took: 0.0000497 seconds
2016-03-04T17:11:22.283+0000: 9.838: Total time for which application threads were stopped: 0.0001413 seconds, Stopping threads took: 0.0000505 seconds
2016-03-04T17:11:22.293+0000: 9.849: Total time for which application threads were stopped: 0.0052015 seconds, Stopping threads took: 0.0050554 seconds
2016-03-04T17:11:22.482+0000: 10.038: Total time for which application threads were stopped: 0.0001611 seconds, Stopping threads took: 0.0000521 seconds
2016-03-04T17:11:22.484+0000: 10.040: Total time for which application threads were stopped: 0.0001011 seconds, Stopping threads took: 0.0000340 seconds
2016-03-04T17:11:22.491+0000: 10.047: Total time for which application threads were stopped: 0.0001342 seconds, Stopping threads took: 0.0000497 seconds
2016-03-04T17:11:22.492+0000: 10.047: Total time for which application threads were stopped: 0.0000782 seconds, Stopping threads took: 0.0000276 seconds
2016-03-04T17:11:22.562+0000: 10.118: Total time for which application threads were stopped: 0.0001579 seconds, Stopping threads took: 0.0000521 seconds
{Heap before GC invocations=4 (full 1):
 par new generation   total 109248K, used 96550K [0x00000000e0000000, 0x00000000e8000000, 0x00000000e8000000)
  eden space 87424K, 100% used [0x00000000e0000000, 0x00000000e5560000, 0x00000000e5560000)
  from space 21824K,  41% used [0x00000000e5560000, 0x00000000e5e499a0, 0x00000000e6ab0000)
  to   space 21824K,   0% used [0x00000000e6ab0000, 0x00000000e6ab0000, 0x00000000e8000000)
 concurrent mark-sweep generation total 393216K, used 0K [0x00000000e8000000, 0x0000000100000000, 0x0000000100000000)
 Metaspace       used 27216K, capacity 27496K, committed 27776K, reserved 1073152K
  class space    used 3265K, capacity 3370K, committed 3456K, reserved 1048576K
2016-03-04T17:11:22.563+0000: 10.118: [GC (Allocation Failure) 2016-03-04T17:11:22.563+0000: 10.118: [ParNew
Desired survivor size 20112992 bytes, new threshold 8 (max 8)
- age   1:    5024968 bytes,    5024968 total
- age   2:      13552 bytes,    5038520 total
- age   3:     305960 bytes,    5344480 total
- age   4:    2641688 bytes,    7986168 total
- age   5:    2549272 bytes,   10535440 total
: 96550K->11571K(109248K), 0.0361251 secs] 96550K->11571K(502464K), 0.0362949 secs] [Times: user=0.06 sys=0.00, real=0.04 secs] 
Heap after GC invocations=5 (full 1):
 par new generation   total 109248K, used 11571K [0x00000000e0000000, 0x00000000e8000000, 0x00000000e8000000)
  eden space 87424K,   0% used [0x00000000e0000000, 0x00000000e0000000, 0x00000000e5560000)
  from space 21824K,  53% used [0x00000000e6ab0000, 0x00000000e75fcc78, 0x00000000e8000000)
  to   space 21824K,   0% used [0x00000000e5560000, 0x00000000e5560000, 0x00000000e6ab0000)
 concurrent mark-sweep generation total 393216K, used 0K [0x00000000e8000000, 0x0000000100000000, 0x0000000100000000)
 Metaspace       used 27216K, capacity 27496K, committed 27776K, reserved 1073152K
  class space    used 3265K, capacity 3370K, committed 3456K, reserved 1048576K
}
2016-03-04T17:11:22.599+0000: 10.155: Total time for which application threads were stopped: 0.0366826 seconds, Stopping threads took: 0.0000474 seconds
2016-03-04T17:11:22.609+0000: 10.165: Total time for which application threads were stopped: 0.0001848 seconds, Stopping threads took: 0.0000426 seconds
2016-03-04T17:11:22.624+0000: 10.180: Total time for which application threads were stopped: 0.0006657 seconds, Stopping threads took: 0.0005156 seconds
2016-03-04T17:11:22.633+0000: 10.189: Total time for which application threads were stopped: 0.0001769 seconds, Stopping threads took: 0.0000545 seconds
2016-03-04T17:11:22.658+0000: 10.214: Total time for which application threads were stopped: 0.0001635 seconds, Stopping threads took: 0.0000592 seconds
2016-03-04T17:11:22.671+0000: 10.227: Total time for which application threads were stopped: 0.0001564 seconds, Stopping threads took: 0.0000640 seconds
2016-03-04T17:11:22.682+0000: 10.238: Total time for which application threads were stopped: 0.0001548 seconds, Stopping threads took: 0.0000569 seconds
2016-03-04T17:11:22.685+0000: 10.241: Total time for which application threads were stopped: 0.0001295 seconds, Stopping threads took: 0.0000458 seconds
2016-03-04T17:11:22.686+0000: 10.241: Total time for which application threads were stopped: 0.0001192 seconds, Stopping threads took: 0.0000324 seconds
2016-03-04T17:11:22.689+0000: 10.245: Total time for which application threads were stopped: 0.0002977 seconds, Stopping threads took: 0.0000482 seconds
2016-03-04T17:11:22.714+0000: 10.270: Total time for which application threads were stopped: 0.0050009 seconds, Stopping threads took: 0.0048722 seconds
2016-03-04T17:11:22.715+0000: 10.270: Total time for which application threads were stopped: 0.0001327 seconds, Stopping threads took: 0.0000584 seconds
2016-03-04T17:11:22.724+0000: 10.279: Total time for which application threads were stopped: 0.0001903 seconds, Stopping threads took: 0.0000640 seconds
2016-03-04T17:11:22.741+0000: 10.297: Total time for which application threads were stopped: 0.0003032 seconds, Stopping threads took: 0.0000553 seconds
2016-03-04T17:11:22.743+0000: 10.298: Total time for which application threads were stopped: 0.0002345 seconds, Stopping threads took: 0.0001074 seconds
2016-03-04T17:11:22.762+0000: 10.318: Total time for which application threads were stopped: 0.0030631 seconds, Stopping threads took: 0.0028712 seconds
2016-03-04T17:11:22.768+0000: 10.324: Total time for which application threads were stopped: 0.0001785 seconds, Stopping threads took: 0.0000537 seconds
2016-03-04T17:11:22.768+0000: 10.324: Total time for which application threads were stopped: 0.0001074 seconds, Stopping threads took: 0.0000411 seconds
2016-03-04T17:11:22.768+0000: 10.324: Total time for which application threads were stopped: 0.0000869 seconds, Stopping threads took: 0.0000284 seconds
2016-03-04T17:11:22.772+0000: 10.328: Total time for which application threads were stopped: 0.0016251 seconds, Stopping threads took: 0.0014767 seconds
2016-03-04T17:11:22.787+0000: 10.343: Total time for which application threads were stopped: 0.0001564 seconds, Stopping threads took: 0.0000553 seconds
2016-03-04T17:11:22.887+0000: 10.443: Total time for which application threads were stopped: 0.0001864 seconds, Stopping threads took: 0.0000608 seconds
2016-03-04T17:11:22.887+0000: 10.443: Total time for which application threads were stopped: 0.0001469 seconds, Stopping threads took: 0.0000268 seconds
2016-03-04T17:11:22.905+0000: 10.461: Total time for which application threads were stopped: 0.0001635 seconds, Stopping threads took: 0.0000505 seconds
2016-03-04T17:11:22.937+0000: 10.493: Total time for which application threads were stopped: 0.0053460 seconds, Stopping threads took: 0.0052196 seconds
2016-03-04T17:11:22.939+0000: 10.494: Total time for which application threads were stopped: 0.0002701 seconds, Stopping threads took: 0.0000371 seconds
2016-03-04T17:11:23.253+0000: 10.808: Total time for which application threads were stopped: 0.0001895 seconds, Stopping threads took: 0.0000608 seconds
2016-03-04T17:11:23.473+0000: 11.032: Total time for which application threads were stopped: 0.0001532 seconds, Stopping threads took: 0.0000466 seconds
2016-03-04T17:11:23.477+0000: 11.036: Total time for which application threads were stopped: 0.0001335 seconds, Stopping threads took: 0.0000434 seconds
2016-03-04T17:11:23.477+0000: 11.036: Total time for which application threads were stopped: 0.0000813 seconds, Stopping threads took: 0.0000229 seconds
2016-03-04T17:11:23.477+0000: 11.036: Total time for which application threads were stopped: 0.0000766 seconds, Stopping threads took: 0.0000213 seconds
2016-03-04T17:11:23.480+0000: 11.039: Total time for which application threads were stopped: 0.0001200 seconds, Stopping threads took: 0.0000387 seconds
2016-03-04T17:11:23.483+0000: 11.042: Total time for which application threads were stopped: 0.0001208 seconds, Stopping threads took: 0.0000387 seconds
2016-03-04T17:11:23.483+0000: 11.042: Total time for which application threads were stopped: 0.0000782 seconds, Stopping threads took: 0.0000221 seconds
2016-03-04T17:11:23.483+0000: 11.042: Total time for which application threads were stopped: 0.0000798 seconds, Stopping threads took: 0.0000221 seconds
2016-03-04T17:11:23.483+0000: 11.042: Total time for which application threads were stopped: 0.0000813 seconds, Stopping threads took: 0.0000213 seconds
2016-03-04T17:11:23.484+0000: 11.043: Total time for which application threads were stopped: 0.0000766 seconds, Stopping threads took: 0.0000213 seconds
2016-03-04T17:11:23.484+0000: 11.043: Total time for which application threads were stopped: 0.0000837 seconds, Stopping threads took: 0.0000213 seconds
2016-03-04T17:11:23.485+0000: 11.044: Total time for which application threads were stopped: 0.0000916 seconds, Stopping threads took: 0.0000268 seconds
2016-03-04T17:11:23.487+0000: 11.046: Total time for which application threads were stopped: 0.0001358 seconds, Stopping threads took: 0.0000505 seconds
2016-03-04T17:11:23.620+0000: 11.179: Total time for which application threads were stopped: 0.0001469 seconds, Stopping threads took: 0.0000474 seconds
2016-03-04T17:11:23.621+0000: 11.180: Total time for which application threads were stopped: 0.0001113 seconds, Stopping threads took: 0.0000371 seconds
2016-03-04T17:11:47.677+0000: 35.235: Total time for which application threads were stopped: 0.0001871 seconds, Stopping threads took: 0.0000640 seconds
2016-03-04T17:12:00.443+0000: 48.002: Total time for which application threads were stopped: 0.0001469 seconds, Stopping threads took: 0.0000624 seconds
2016-03-04T17:12:00.492+0000: 48.051: Total time for which application threads were stopped: 0.0001808 seconds, Stopping threads took: 0.0000561 seconds
2016-03-04T17:12:00.560+0000: 48.119: Total time for which application threads were stopped: 0.0001650 seconds, Stopping threads took: 0.0000608 seconds
2016-03-04T17:12:00.562+0000: 48.121: Total time for which application threads were stopped: 0.0001232 seconds, Stopping threads took: 0.0000521 seconds
2016-03-04T17:12:00.571+0000: 48.130: Total time for which application threads were stopped: 0.0001461 seconds, Stopping threads took: 0.0000569 seconds
2016-03-04T17:12:00.602+0000: 48.160: Total time for which application threads were stopped: 0.0001729 seconds, Stopping threads took: 0.0000600 seconds
2016-03-04T17:12:00.602+0000: 48.161: Total time for which application threads were stopped: 0.0000861 seconds, Stopping threads took: 0.0000332 seconds
2016-03-04T17:12:00.632+0000: 48.191: Total time for which application threads were stopped: 0.0001587 seconds, Stopping threads took: 0.0000600 seconds
2016-03-04T17:12:00.721+0000: 48.280: Total time for which application threads were stopped: 0.0001666 seconds, Stopping threads took: 0.0000569 seconds
2016-03-04T17:12:00.763+0000: 48.322: Total time for which application threads were stopped: 0.0001413 seconds, Stopping threads took: 0.0000490 seconds
2016-03-04T17:12:00.994+0000: 48.553: Total time for which application threads were stopped: 0.0001714 seconds, Stopping threads took: 0.0000505 seconds
{Heap before GC invocations=5 (full 1):
 par new generation   total 109248K, used 98995K [0x00000000e0000000, 0x00000000e8000000, 0x00000000e8000000)
  eden space 87424K, 100% used [0x00000000e0000000, 0x00000000e5560000, 0x00000000e5560000)
  from space 21824K,  53% used [0x00000000e6ab0000, 0x00000000e75fcc78, 0x00000000e8000000)
  to   space 21824K,   0% used [0x00000000e5560000, 0x00000000e5560000, 0x00000000e6ab0000)
 concurrent mark-sweep generation total 393216K, used 0K [0x00000000e8000000, 0x0000000100000000, 0x0000000100000000)
 Metaspace       used 27531K, capacity 27880K, committed 28288K, reserved 1075200K
  class space    used 3283K, capacity 3434K, committed 3456K, reserved 1048576K
2016-03-04T17:12:01.007+0000: 48.566: [GC (Allocation Failure) 2016-03-04T17:12:01.007+0000: 48.566: [ParNew
Desired survivor size 20112992 bytes, new threshold 8 (max 8)
- age   1:    1739072 bytes,    1739072 total
- age   2:    1149720 bytes,    2888792 total
- age   3:      13552 bytes,    2902344 total
- age   4:     303768 bytes,    3206112 total
- age   5:    2625472 bytes,    5831584 total
- age   6:    2545432 bytes,    8377016 total
: 98995K->12909K(109248K), 0.0319289 secs] 98995K->12909K(502464K), 0.0320916 secs] [Times: user=0.05 sys=0.00, real=0.03 secs] 
Heap after GC invocations=6 (full 1):
 par new generation   total 109248K, used 12909K [0x00000000e0000000, 0x00000000e8000000, 0x00000000e8000000)
  eden space 87424K,   0% used [0x00000000e0000000, 0x00000000e0000000, 0x00000000e5560000)
  from space 21824K,  59% used [0x00000000e5560000, 0x00000000e61fb700, 0x00000000e6ab0000)
  to   space 21824K,   0% used [0x00000000e6ab0000, 0x00000000e6ab0000, 0x00000000e8000000)
 concurrent mark-sweep generation total 393216K, used 0K [0x00000000e8000000, 0x0000000100000000, 0x0000000100000000)
 Metaspace       used 27531K, capacity 27880K, committed 28288K, reserved 1075200K
  class space    used 3283K, capacity 3434K, committed 3456K, reserved 1048576K
}
2016-03-04T17:12:01.039+0000: 48.598: Total time for which application threads were stopped: 0.0325480 seconds, Stopping threads took: 0.0000584 seconds
2016-03-04T17:12:01.040+0000: 48.599: Total time for which application threads were stopped: 0.0009350 seconds, Stopping threads took: 0.0007707 seconds
2016-03-04T17:12:01.063+0000: 48.622: Total time for which application threads were stopped: 0.0001532 seconds, Stopping threads took: 0.0000497 seconds
2016-03-04T17:12:01.075+0000: 48.634: Total time for which application threads were stopped: 0.0001319 seconds, Stopping threads took: 0.0000497 seconds
2016-03-04T17:12:01.082+0000: 48.641: Total time for which application threads were stopped: 0.0005622 seconds, Stopping threads took: 0.0000490 seconds
2016-03-04T17:12:01.086+0000: 48.645: Total time for which application threads were stopped: 0.0001674 seconds, Stopping threads took: 0.0000545 seconds
2016-03-04T17:12:01.124+0000: 48.683: Total time for which application threads were stopped: 0.0001579 seconds, Stopping threads took: 0.0000529 seconds
2016-03-04T17:12:01.127+0000: 48.686: Total time for which application threads were stopped: 0.0001271 seconds, Stopping threads took: 0.0000505 seconds
2016-03-04T17:12:01.129+0000: 48.688: Total time for which application threads were stopped: 0.0001390 seconds, Stopping threads took: 0.0000419 seconds
2016-03-04T17:12:01.190+0000: 48.749: Total time for which application threads were stopped: 0.0001445 seconds, Stopping threads took: 0.0000505 seconds
2016-03-04T17:12:01.205+0000: 48.764: Total time for which application threads were stopped: 0.0002408 seconds, Stopping threads took: 0.0000450 seconds
2016-03-04T17:12:01.430+0000: 48.989: Total time for which application threads were stopped: 0.0001871 seconds, Stopping threads took: 0.0000505 seconds
2016-03-04T17:12:01.435+0000: 48.994: Total time for which application threads were stopped: 0.0001437 seconds, Stopping threads took: 0.0000482 seconds
2016-03-04T17:12:01.438+0000: 48.997: Total time for which application threads were stopped: 0.0001374 seconds, Stopping threads took: 0.0000497 seconds
2016-03-04T17:12:01.473+0000: 49.032: Total time for which application threads were stopped: 0.0001579 seconds, Stopping threads took: 0.0000600 seconds
2016-03-04T17:12:01.489+0000: 49.048: Total time for which application threads were stopped: 0.0001587 seconds, Stopping threads took: 0.0000521 seconds
2016-03-04T17:12:01.515+0000: 49.074: Total time for which application threads were stopped: 0.0001469 seconds, Stopping threads took: 0.0000505 seconds
2016-03-04T17:12:01.548+0000: 49.107: Total time for which application threads were stopped: 0.0001990 seconds, Stopping threads took: 0.0000537 seconds
2016-03-04T17:12:02.568+0000: 50.127: Total time for which application threads were stopped: 0.0001579 seconds, Stopping threads took: 0.0000537 seconds
2016-03-04T17:12:13.604+0000: 61.163: Total time for which application threads were stopped: 0.0002124 seconds, Stopping threads took: 0.0001161 seconds
2016-03-04T17:12:23.626+0000: 71.187: Total time for which application threads were stopped: 0.0001311 seconds, Stopping threads took: 0.0000450 seconds
2016-03-04T17:12:27.898+0000: 75.459: Total time for which application threads were stopped: 0.0001398 seconds, Stopping threads took: 0.0000450 seconds
2016-03-04T17:12:28.120+0000: 75.682: Total time for which application threads were stopped: 0.0002661 seconds, Stopping threads took: 0.0000497 seconds
2016-03-04T17:12:28.121+0000: 75.683: Total time for which application threads were stopped: 0.0001019 seconds, Stopping threads took: 0.0000276 seconds
2016-03-04T17:12:28.168+0000: 75.729: Total time for which application threads were stopped: 0.0001619 seconds, Stopping threads took: 0.0000592 seconds
2016-03-04T17:12:28.169+0000: 75.730: Total time for which application threads were stopped: 0.0001058 seconds, Stopping threads took: 0.0000308 seconds
2016-03-04T17:12:28.170+0000: 75.731: Total time for which application threads were stopped: 0.0000908 seconds, Stopping threads took: 0.0000253 seconds
2016-03-04T17:12:28.170+0000: 75.731: Total time for which application threads were stopped: 0.0001461 seconds, Stopping threads took: 0.0000237 seconds
2016-03-04T17:12:28.196+0000: 75.757: Total time for which application threads were stopped: 0.0002306 seconds, Stopping threads took: 0.0000474 seconds
2016-03-04T17:12:28.237+0000: 75.799: Total time for which application threads were stopped: 0.0002337 seconds, Stopping threads took: 0.0000655 seconds
2016-03-04T17:12:28.245+0000: 75.806: Total time for which application threads were stopped: 0.0001627 seconds, Stopping threads took: 0.0000490 seconds
2016-03-04T17:12:28.246+0000: 75.807: Total time for which application threads were stopped: 0.0001027 seconds, Stopping threads took: 0.0000268 seconds
2016-03-04T17:12:28.248+0000: 75.809: Total time for which application threads were stopped: 0.0002045 seconds, Stopping threads took: 0.0000426 seconds
2016-03-04T17:12:28.254+0000: 75.815: Total time for which application threads were stopped: 0.0001421 seconds, Stopping threads took: 0.0000419 seconds
2016-03-04T17:12:28.290+0000: 75.852: Total time for which application threads were stopped: 0.0002551 seconds, Stopping threads took: 0.0000742 seconds
2016-03-04T17:12:28.366+0000: 75.927: Total time for which application threads were stopped: 0.0001642 seconds, Stopping threads took: 0.0000592 seconds
2016-03-04T17:12:28.406+0000: 75.967: Total time for which application threads were stopped: 0.0002685 seconds, Stopping threads took: 0.0000505 seconds
2016-03-04T17:12:28.430+0000: 75.991: Total time for which application threads were stopped: 0.0002495 seconds, Stopping threads took: 0.0000561 seconds
2016-03-04T17:12:28.445+0000: 76.007: Total time for which application threads were stopped: 0.0002511 seconds, Stopping threads took: 0.0000616 seconds
2016-03-04T17:12:28.459+0000: 76.021: Total time for which application threads were stopped: 0.0002480 seconds, Stopping threads took: 0.0000711 seconds
{Heap before GC invocations=6 (full 1):
 par new generation   total 109248K, used 100333K [0x00000000e0000000, 0x00000000e8000000, 0x00000000e8000000)
  eden space 87424K, 100% used [0x00000000e0000000, 0x00000000e5560000, 0x00000000e5560000)
  from space 21824K,  59% used [0x00000000e5560000, 0x00000000e61fb700, 0x00000000e6ab0000)
  to   space 21824K,   0% used [0x00000000e6ab0000, 0x00000000e6ab0000, 0x00000000e8000000)
 concurrent mark-sweep generation total 393216K, used 0K [0x00000000e8000000, 0x0000000100000000, 0x0000000100000000)
 Metaspace       used 28033K, capacity 28430K, committed 28928K, reserved 1075200K
  class space    used 3326K, capacity 3468K, committed 3584K, reserved 1048576K
2016-03-04T17:12:28.461+0000: 76.023: [GC (Allocation Failure) 2016-03-04T17:12:28.462+0000: 76.023: [ParNew
Desired survivor size 20112992 bytes, new threshold 8 (max 8)
- age   1:    1795232 bytes,    1795232 total
- age   2:     956376 bytes,    2751608 total
- age   3:    1127496 bytes,    3879104 total
- age   4:      13552 bytes,    3892656 total
- age   5:     300168 bytes,    4192824 total
- age   6:    2621360 bytes,    6814184 total
- age   7:    2545032 bytes,    9359216 total
: 100333K->11669K(109248K), 0.0377368 secs] 100333K->11669K(502464K), 0.0379295 secs] [Times: user=0.09 sys=0.00, real=0.04 secs] 
Heap after GC invocations=7 (full 1):
 par new generation   total 109248K, used 11669K [0x00000000e0000000, 0x00000000e8000000, 0x00000000e8000000)
  eden space 87424K,   0% used [0x00000000e0000000, 0x00000000e0000000, 0x00000000e5560000)
  from space 21824K,  53% used [0x00000000e6ab0000, 0x00000000e76154a8, 0x00000000e8000000)
  to   space 21824K,   0% used [0x00000000e5560000, 0x00000000e5560000, 0x00000000e6ab0000)
 concurrent mark-sweep generation total 393216K, used 0K [0x00000000e8000000, 0x0000000100000000, 0x0000000100000000)
 Metaspace       used 28033K, capacity 28430K, committed 28928K, reserved 1075200K
  class space    used 3326K, capacity 3468K, committed 3584K, reserved 1048576K
}
2016-03-04T17:12:28.500+0000: 76.061: Total time for which application threads were stopped: 0.0383622 seconds, Stopping threads took: 0.0000584 seconds
2016-03-04T17:12:28.530+0000: 76.092: Total time for which application threads were stopped: 0.0045239 seconds, Stopping threads took: 0.0044102 seconds
2016-03-04T17:12:28.530+0000: 76.092: Total time for which application threads were stopped: 0.0001208 seconds, Stopping threads took: 0.0000363 seconds
2016-03-04T17:12:28.533+0000: 76.094: Total time for which application threads were stopped: 0.0001500 seconds, Stopping threads took: 0.0000671 seconds
2016-03-04T17:12:28.533+0000: 76.094: Total time for which application threads were stopped: 0.0000877 seconds, Stopping threads took: 0.0000292 seconds
2016-03-04T17:12:28.534+0000: 76.095: Total time for which application threads were stopped: 0.0001082 seconds, Stopping threads took: 0.0000379 seconds
2016-03-04T17:12:28.540+0000: 76.101: Total time for which application threads were stopped: 0.0029667 seconds, Stopping threads took: 0.0026817 seconds
2016-03-04T17:12:28.542+0000: 76.104: Total time for which application threads were stopped: 0.0002116 seconds, Stopping threads took: 0.0000900 seconds
2016-03-04T17:12:28.622+0000: 76.183: Total time for which application threads were stopped: 0.0001998 seconds, Stopping threads took: 0.0000434 seconds
2016-03-04T17:12:32.594+0000: 80.156: Total time for which application threads were stopped: 0.0002401 seconds, Stopping threads took: 0.0000979 seconds
2016-03-04T17:12:32.595+0000: 80.156: Total time for which application threads were stopped: 0.0000979 seconds, Stopping threads took: 0.0000268 seconds
2016-03-04T17:12:32.597+0000: 80.158: Total time for which application threads were stopped: 0.0001721 seconds, Stopping threads took: 0.0000576 seconds
{Heap before GC invocations=7 (full 1):
 par new generation   total 109248K, used 99093K [0x00000000e0000000, 0x00000000e8000000, 0x00000000e8000000)
  eden space 87424K, 100% used [0x00000000e0000000, 0x00000000e5560000, 0x00000000e5560000)
  from space 21824K,  53% used [0x00000000e6ab0000, 0x00000000e76154a8, 0x00000000e8000000)
  to   space 21824K,   0% used [0x00000000e5560000, 0x00000000e5560000, 0x00000000e6ab0000)
 concurrent mark-sweep generation total 393216K, used 0K [0x00000000e8000000, 0x0000000100000000, 0x0000000100000000)
 Metaspace       used 28155K, capacity 28652K, committed 29184K, reserved 1075200K
  class space    used 3330K, capacity 3474K, committed 3584K, reserved 1048576K
2016-03-04T17:12:32.614+0000: 80.176: [GC (Allocation Failure) 2016-03-04T17:12:32.615+0000: 80.176: [ParNew
Desired survivor size 20112992 bytes, new threshold 8 (max 8)
- age   1:    1181616 bytes,    1181616 total
- age   2:     885944 bytes,    2067560 total
- age   3:     413192 bytes,    2480752 total
- age   4:    1127272 bytes,    3608024 total
- age   5:      13552 bytes,    3621576 total
- age   6:     300064 bytes,    3921640 total
- age   7:    2621296 bytes,    6542936 total
- age   8:    2544976 bytes,    9087912 total
: 99093K->13664K(109248K), 0.0367671 secs] 99093K->13664K(502464K), 0.0370396 secs] [Times: user=0.05 sys=0.00, real=0.04 secs] 
Heap after GC invocations=8 (full 1):
 par new generation   total 109248K, used 13664K [0x00000000e0000000, 0x00000000e8000000, 0x00000000e8000000)
  eden space 87424K,   0% used [0x00000000e0000000, 0x00000000e0000000, 0x00000000e5560000)
  from space 21824K,  62% used [0x00000000e5560000, 0x00000000e62b80e0, 0x00000000e6ab0000)
  to   space 21824K,   0% used [0x00000000e6ab0000, 0x00000000e6ab0000, 0x00000000e8000000)
 concurrent mark-sweep generation total 393216K, used 0K [0x00000000e8000000, 0x0000000100000000, 0x0000000100000000)
 Metaspace       used 28155K, capacity 28652K, committed 29184K, reserved 1075200K
  class space    used 3330K, capacity 3474K, committed 3584K, reserved 1048576K
}
2016-03-04T17:12:32.652+0000: 80.213: Total time for which application threads were stopped: 0.0374739 seconds, Stopping threads took: 0.0000592 seconds
2016-03-04T17:12:32.658+0000: 80.220: Total time for which application threads were stopped: 0.0002432 seconds, Stopping threads took: 0.0001342 seconds
2016-03-04T17:12:32.659+0000: 80.221: Total time for which application threads were stopped: 0.0002337 seconds, Stopping threads took: 0.0001106 seconds
2016-03-04T17:12:32.696+0000: 80.257: Total time for which application threads were stopped: 0.0055252 seconds, Stopping threads took: 0.0054004 seconds
2016-03-04T17:12:32.696+0000: 80.257: Total time for which application threads were stopped: 0.0001113 seconds, Stopping threads took: 0.0000419 seconds
2016-03-04T17:12:32.698+0000: 80.260: Total time for which application threads were stopped: 0.0001508 seconds, Stopping threads took: 0.0000505 seconds
2016-03-04T17:12:32.699+0000: 80.260: Total time for which application threads were stopped: 0.0000892 seconds, Stopping threads took: 0.0000284 seconds
2016-03-04T17:12:32.702+0000: 80.263: Total time for which application threads were stopped: 0.0001666 seconds, Stopping threads took: 0.0000513 seconds
2016-03-04T17:12:32.705+0000: 80.267: Total time for which application threads were stopped: 0.0001532 seconds, Stopping threads took: 0.0000592 seconds
2016-03-04T17:12:33.712+0000: 81.273: Total time for which application threads were stopped: 0.0001429 seconds, Stopping threads took: 0.0000553 seconds
2016-03-04T17:12:58.592+0000: 106.153: Total time for which application threads were stopped: 0.0030410 seconds, Stopping threads took: 0.0027812 seconds
2016-03-04T17:12:58.641+0000: 106.202: Total time for which application threads were stopped: 0.0002093 seconds, Stopping threads took: 0.0000466 seconds
2016-03-04T17:12:58.643+0000: 106.205: Total time for which application threads were stopped: 0.0002866 seconds, Stopping threads took: 0.0000482 seconds
{Heap before GC invocations=8 (full 1):
 par new generation   total 109248K, used 101088K [0x00000000e0000000, 0x00000000e8000000, 0x00000000e8000000)
  eden space 87424K, 100% used [0x00000000e0000000, 0x00000000e5560000, 0x00000000e5560000)
  from space 21824K,  62% used [0x00000000e5560000, 0x00000000e62b80e0, 0x00000000e6ab0000)
  to   space 21824K,   0% used [0x00000000e6ab0000, 0x00000000e6ab0000, 0x00000000e8000000)
 concurrent mark-sweep generation total 393216K, used 0K [0x00000000e8000000, 0x0000000100000000, 0x0000000100000000)
 Metaspace       used 28304K, capacity 28862K, committed 29184K, reserved 1075200K
  class space    used 3334K, capacity 3479K, committed 3584K, reserved 1048576K
2016-03-04T17:12:59.515+0000: 107.077: [GC (Allocation Failure) 2016-03-04T17:12:59.515+0000: 107.077: [ParNew
Desired survivor size 20112992 bytes, new threshold 8 (max 8)
- age   1:    1539912 bytes,    1539912 total
- age   2:     859424 bytes,    2399336 total
- age   3:     363464 bytes,    2762800 total
- age   4:     413024 bytes,    3175824 total
- age   5:    1127168 bytes,    4302992 total
- age   6:      13552 bytes,    4316544 total
- age   7:     300064 bytes,    4616608 total
- age   8:    2621296 bytes,    7237904 total
: 101088K->9384K(109248K), 0.1191779 secs] 101088K->12103K(502464K), 0.1193398 secs] [Times: user=0.13 sys=0.00, real=0.12 secs] 
Heap after GC invocations=9 (full 1):
 par new generation   total 109248K, used 9384K [0x00000000e0000000, 0x00000000e8000000, 0x00000000e8000000)
  eden space 87424K,   0% used [0x00000000e0000000, 0x00000000e0000000, 0x00000000e5560000)
  from space 21824K,  42% used [0x00000000e6ab0000, 0x00000000e73da0c0, 0x00000000e8000000)
  to   space 21824K,   0% used [0x00000000e5560000, 0x00000000e5560000, 0x00000000e6ab0000)
 concurrent mark-sweep generation total 393216K, used 2719K [0x00000000e8000000, 0x0000000100000000, 0x0000000100000000)
 Metaspace       used 28304K, capacity 28862K, committed 29184K, reserved 1075200K
  class space    used 3334K, capacity 3479K, committed 3584K, reserved 1048576K
}
2016-03-04T17:12:59.634+0000: 107.196: Total time for which application threads were stopped: 0.1201002 seconds, Stopping threads took: 0.0003767 seconds
2016-03-04T17:12:59.666+0000: 107.228: Total time for which application threads were stopped: 0.0001840 seconds, Stopping threads took: 0.0000750 seconds
2016-03-04T17:12:59.666+0000: 107.228: Total time for which application threads were stopped: 0.0001027 seconds, Stopping threads took: 0.0000316 seconds
2016-03-04T17:13:00.312+0000: 107.874: Total time for which application threads were stopped: 0.0460385 seconds, Stopping threads took: 0.0458418 seconds
2016-03-04T17:13:00.361+0000: 107.923: Total time for which application threads were stopped: 0.0001950 seconds, Stopping threads took: 0.0000569 seconds
2016-03-04T17:13:01.394+0000: 108.956: Total time for which application threads were stopped: 0.0001374 seconds, Stopping threads took: 0.0000442 seconds
{Heap before GC invocations=9 (full 1):
 par new generation   total 109248K, used 96808K [0x00000000e0000000, 0x00000000e8000000, 0x00000000e8000000)
  eden space 87424K, 100% used [0x00000000e0000000, 0x00000000e5560000, 0x00000000e5560000)
  from space 21824K,  42% used [0x00000000e6ab0000, 0x00000000e73da0c0, 0x00000000e8000000)
  to   space 21824K,   0% used [0x00000000e5560000, 0x00000000e5560000, 0x00000000e6ab0000)
 concurrent mark-sweep generation total 393216K, used 2719K [0x00000000e8000000, 0x0000000100000000, 0x0000000100000000)
 Metaspace       used 28400K, capacity 29008K, committed 29440K, reserved 1075200K
  class space    used 3337K, capacity 3483K, committed 3584K, reserved 1048576K
2016-03-04T17:13:01.553+0000: 109.115: [GC (Allocation Failure) 2016-03-04T17:13:01.553+0000: 109.115: [ParNew
Desired survivor size 20112992 bytes, new threshold 8 (max 8)
- age   1:    1717400 bytes,    1717400 total
- age   2:     605064 bytes,    2322464 total
- age   3:     284032 bytes,    2606496 total
- age   4:     363256 bytes,    2969752 total
- age   5:     413024 bytes,    3382776 total
- age   6:    1127064 bytes,    4509840 total
- age   7:      13552 bytes,    4523392 total
- age   8:     299960 bytes,    4823352 total
: 96808K->6463K(109248K), 0.0538710 secs] 99527K->11886K(502464K), 0.0540274 secs] [Times: user=0.06 sys=0.00, real=0.05 secs] 
Heap after GC invocations=10 (full 1):
 par new generation   total 109248K, used 6463K [0x00000000e0000000, 0x00000000e8000000, 0x00000000e8000000)
  eden space 87424K,   0% used [0x00000000e0000000, 0x00000000e0000000, 0x00000000e5560000)
  from space 21824K,  29% used [0x00000000e5560000, 0x00000000e5bafcf8, 0x00000000e6ab0000)
  to   space 21824K,   0% used [0x00000000e6ab0000, 0x00000000e6ab0000, 0x00000000e8000000)
 concurrent mark-sweep generation total 393216K, used 5423K [0x00000000e8000000, 0x0000000100000000, 0x0000000100000000)
 Metaspace       used 28400K, capacity 29008K, committed 29440K, reserved 1075200K
  class space    used 3337K, capacity 3483K, committed 3584K, reserved 1048576K
}
2016-03-04T17:13:01.607+0000: 109.169: Total time for which application threads were stopped: 0.0544972 seconds, Stopping threads took: 0.0000537 seconds
2016-03-04T17:13:01.607+0000: 109.169: Total time for which application threads were stopped: 0.0003190 seconds, Stopping threads took: 0.0001327 seconds
2016-03-04T17:13:01.609+0000: 109.171: Total time for which application threads were stopped: 0.0008141 seconds, Stopping threads took: 0.0006902 seconds
2016-03-04T17:13:01.806+0000: 109.368: Total time for which application threads were stopped: 0.0002669 seconds, Stopping threads took: 0.0000711 seconds
2016-03-04T17:13:01.850+0000: 109.412: Total time for which application threads were stopped: 0.0002045 seconds, Stopping threads took: 0.0000576 seconds
2016-03-04T17:13:02.854+0000: 110.416: Total time for which application threads were stopped: 0.0001508 seconds, Stopping threads took: 0.0000505 seconds
2016-03-04T17:13:03.854+0000: 111.416: Total time for which application threads were stopped: 0.0001429 seconds, Stopping threads took: 0.0000450 seconds
2016-03-04T17:13:04.450+0000: 112.012: Total time for which application threads were stopped: 0.0001698 seconds, Stopping threads took: 0.0000592 seconds
2016-03-04T17:13:04.536+0000: 112.098: Total time for which application threads were stopped: 0.0007636 seconds, Stopping threads took: 0.0006120 seconds
2016-03-04T17:13:04.551+0000: 112.113: Total time for which application threads were stopped: 0.0001966 seconds, Stopping threads took: 0.0000592 seconds
2016-03-04T17:13:04.556+0000: 112.118: Total time for which application threads were stopped: 0.0013732 seconds, Stopping threads took: 0.0012445 seconds
2016-03-04T17:13:04.578+0000: 112.140: Total time for which application threads were stopped: 0.0030473 seconds, Stopping threads took: 0.0028854 seconds
2016-03-04T17:13:04.581+0000: 112.143: Total time for which application threads were stopped: 0.0002290 seconds, Stopping threads took: 0.0000829 seconds
2016-03-04T17:13:04.583+0000: 112.145: Total time for which application threads were stopped: 0.0001848 seconds, Stopping threads took: 0.0000513 seconds
2016-03-04T17:13:04.586+0000: 112.148: Total time for which application threads were stopped: 0.0001642 seconds, Stopping threads took: 0.0000695 seconds
2016-03-04T17:13:04.610+0000: 112.172: Total time for which application threads were stopped: 0.0021810 seconds, Stopping threads took: 0.0020389 seconds
2016-03-04T17:13:05.611+0000: 113.172: Total time for which application threads were stopped: 0.0001848 seconds, Stopping threads took: 0.0000466 seconds
2016-03-04T17:13:10.616+0000: 118.177: Total time for which application threads were stopped: 0.0001437 seconds, Stopping threads took: 0.0000482 seconds
2016-03-04T17:14:05.724+0000: 173.287: Total time for which application threads were stopped: 0.0001753 seconds, Stopping threads took: 0.0000584 seconds
2016-03-04T17:14:28.556+0000: 196.121: Total time for which application threads were stopped: 0.0010471 seconds, Stopping threads took: 0.0000497 seconds
2016-03-04T17:14:28.559+0000: 196.124: Total time for which application threads were stopped: 0.0006688 seconds, Stopping threads took: 0.0000411 seconds
2016-03-04T17:14:28.607+0000: 196.172: Total time for which application threads were stopped: 0.0401769 seconds, Stopping threads took: 0.0400181 seconds
2016-03-04T17:14:28.609+0000: 196.175: Total time for which application threads were stopped: 0.0001311 seconds, Stopping threads took: 0.0000497 seconds
2016-03-04T17:14:28.630+0000: 196.196: Total time for which application threads were stopped: 0.0001429 seconds, Stopping threads took: 0.0000474 seconds
2016-03-04T17:14:28.632+0000: 196.197: Total time for which application threads were stopped: 0.0001169 seconds, Stopping threads took: 0.0000411 seconds
2016-03-04T17:14:28.632+0000: 196.198: Total time for which application threads were stopped: 0.0001011 seconds, Stopping threads took: 0.0000371 seconds
2016-03-04T17:14:28.632+0000: 196.198: Total time for which application threads were stopped: 0.0000829 seconds, Stopping threads took: 0.0000308 seconds
2016-03-04T17:14:28.633+0000: 196.198: Total time for which application threads were stopped: 0.0000798 seconds, Stopping threads took: 0.0000292 seconds
2016-03-04T17:14:28.633+0000: 196.198: Total time for which application threads were stopped: 0.0000805 seconds, Stopping threads took: 0.0000284 seconds
2016-03-04T17:14:28.633+0000: 196.198: Total time for which application threads were stopped: 0.0000805 seconds, Stopping threads took: 0.0000284 seconds
2016-03-04T17:14:28.634+0000: 196.200: Total time for which application threads were stopped: 0.0001019 seconds, Stopping threads took: 0.0000347 seconds
2016-03-04T17:14:28.634+0000: 196.200: Total time for which application threads were stopped: 0.0000798 seconds, Stopping threads took: 0.0000276 seconds
2016-03-04T17:14:28.635+0000: 196.201: Total time for which application threads were stopped: 0.0001011 seconds, Stopping threads took: 0.0000332 seconds
2016-03-04T17:14:28.635+0000: 196.201: Total time for which application threads were stopped: 0.0000798 seconds, Stopping threads took: 0.0000276 seconds
2016-03-04T17:14:28.637+0000: 196.203: Total time for which application threads were stopped: 0.0001421 seconds, Stopping threads took: 0.0000497 seconds
2016-03-04T17:14:28.637+0000: 196.203: Total time for which application threads were stopped: 0.0000853 seconds, Stopping threads took: 0.0000300 seconds
2016-03-04T17:14:28.638+0000: 196.203: Total time for which application threads were stopped: 0.0000845 seconds, Stopping threads took: 0.0000332 seconds
2016-03-04T17:14:28.638+0000: 196.203: Total time for which application threads were stopped: 0.0000877 seconds, Stopping threads took: 0.0000324 seconds
2016-03-04T17:14:28.639+0000: 196.205: Total time for which application threads were stopped: 0.0003593 seconds, Stopping threads took: 0.0000395 seconds
2016-03-04T17:14:28.640+0000: 196.205: Total time for which application threads were stopped: 0.0002535 seconds, Stopping threads took: 0.0001887 seconds
2016-03-04T17:14:28.641+0000: 196.206: Total time for which application threads were stopped: 0.0000955 seconds, Stopping threads took: 0.0000371 seconds
2016-03-04T17:14:28.642+0000: 196.208: Total time for which application threads were stopped: 0.0001082 seconds, Stopping threads took: 0.0000450 seconds
2016-03-04T17:14:28.648+0000: 196.213: Total time for which application threads were stopped: 0.0001121 seconds, Stopping threads took: 0.0000355 seconds
2016-03-04T17:14:28.663+0000: 196.228: Total time for which application threads were stopped: 0.0114192 seconds, Stopping threads took: 0.0113229 seconds
2016-03-04T17:14:28.663+0000: 196.228: Total time for which application threads were stopped: 0.0000695 seconds, Stopping threads took: 0.0000340 seconds
2016-03-04T17:14:28.663+0000: 196.228: Total time for which application threads were stopped: 0.0000640 seconds, Stopping threads took: 0.0000261 seconds
2016-03-04T17:14:28.663+0000: 196.229: Total time for which application threads were stopped: 0.0000655 seconds, Stopping threads took: 0.0000292 seconds
2016-03-04T17:14:28.663+0000: 196.229: Total time for which application threads were stopped: 0.0000576 seconds, Stopping threads took: 0.0000245 seconds
Heap
 par new generation   total 109248K, used 89969K [0x00000000e0000000, 0x00000000e8000000, 0x00000000e8000000)
  eden space 87424K,  95% used [0x00000000e0000000, 0x00000000e518c728, 0x00000000e5560000)
  from space 21824K,  29% used [0x00000000e5560000, 0x00000000e5bafcf8, 0x00000000e6ab0000)
  to   space 21824K,   0% used [0x00000000e6ab0000, 0x00000000e6ab0000, 0x00000000e8000000)
 concurrent mark-sweep generation total 393216K, used 5423K [0x00000000e8000000, 0x0000000100000000, 0x0000000100000000)
 Metaspace       used 28582K, capacity 29238K, committed 29696K, reserved 1075200K
  class space    used 3347K, capacity 3517K, committed 3584K, reserved 1048576K
