Java HotSpot(TM) 64-Bit Server VM (25.73-b02) for windows-amd64 JRE (1.8.0_73-b02), built on Jan 29 2016 17:38:49 by "java_re" with MS VC++ 10.0 (VS2010)
Memory: 4k page, physical 4027256k(1054508k free), swap 8052676k(1727556k free)
CommandLine flags: -XX:CMSInitiatingOccupancyFraction=50 -XX:CMSMaxAbortablePrecleanTime=6000 -XX:+CMSParallelRemarkEnabled -XX:+CMSScavengeBeforeRemark -XX:ConcGCThreads=4 -XX:InitialHeapSize=536870912 -XX:MaxHeapSize=536870912 -XX:MaxTenuringThreshold=8 -XX:NewRatio=3 -XX:OldPLABSize=16 -XX:ParallelGCThreads=4 -XX:+ParallelRefProcEnabled -XX:PretenureSizeThreshold=67108864 -XX:+PrintGC -XX:+PrintGCApplicationStoppedTime -XX:+PrintGCDateStamps -XX:+PrintGCDetails -XX:+PrintGCTimeStamps -XX:+PrintHeapAtGC -XX:+PrintTenuringDistribution -XX:SurvivorRatio=4 -XX:TargetSurvivorRatio=90 -XX:ThreadStackSize=256 -XX:+UseCMSInitiatingOccupancyOnly -XX:+UseCompressedClassPointers -XX:+UseCompressedOops -XX:+UseConcMarkSweepGC -XX:-UseLargePagesIndividualAllocation -XX:+UseParNewGC 
2016-03-15T16:51:23.700+0000: 1.114: Total time for which application threads were stopped: 0.0001895 seconds, Stopping threads took: 0.0000363 seconds
2016-03-15T16:51:24.517+0000: 1.932: Total time for which application threads were stopped: 0.0002527 seconds, Stopping threads took: 0.0000442 seconds
2016-03-15T16:51:24.617+0000: 2.031: Total time for which application threads were stopped: 0.0002187 seconds, Stopping threads took: 0.0000466 seconds
2016-03-15T16:51:25.295+0000: 2.710: Total time for which application threads were stopped: 0.0016117 seconds, Stopping threads took: 0.0013700 seconds
2016-03-15T16:51:25.533+0000: 2.947: Total time for which application threads were stopped: 0.0004114 seconds, Stopping threads took: 0.0000537 seconds
2016-03-15T16:51:25.558+0000: 2.972: Total time for which application threads were stopped: 0.0002740 seconds, Stopping threads took: 0.0000497 seconds
2016-03-15T16:51:26.566+0000: 3.981: Total time for which application threads were stopped: 0.0005693 seconds, Stopping threads took: 0.0004635 seconds
{Heap before GC invocations=0 (full 0):
 par new generation   total 109248K, used 87424K [0x00000000e0000000, 0x00000000e8000000, 0x00000000e8000000)
  eden space 87424K, 100% used [0x00000000e0000000, 0x00000000e5560000, 0x00000000e5560000)
  from space 21824K,   0% used [0x00000000e5560000, 0x00000000e5560000, 0x00000000e6ab0000)
  to   space 21824K,   0% used [0x00000000e6ab0000, 0x00000000e6ab0000, 0x00000000e8000000)
 concurrent mark-sweep generation total 393216K, used 0K [0x00000000e8000000, 0x0000000100000000, 0x0000000100000000)
 Metaspace       used 10142K, capacity 10344K, committed 10496K, reserved 1058816K
  class space    used 1166K, capacity 1212K, committed 1280K, reserved 1048576K
2016-03-15T16:51:26.604+0000: 4.019: [GC (Allocation Failure) 2016-03-15T16:51:26.605+0000: 4.019: [ParNew
Desired survivor size 20112992 bytes, new threshold 8 (max 8)
- age   1:    5745624 bytes,    5745624 total
: 87424K->5677K(109248K), 0.0414736 secs] 87424K->5677K(502464K), 0.0418353 secs] [Times: user=0.05 sys=0.02, real=0.04 secs] 
Heap after GC invocations=1 (full 0):
 par new generation   total 109248K, used 5677K [0x00000000e0000000, 0x00000000e8000000, 0x00000000e8000000)
  eden space 87424K,   0% used [0x00000000e0000000, 0x00000000e0000000, 0x00000000e5560000)
  from space 21824K,  26% used [0x00000000e6ab0000, 0x00000000e703b728, 0x00000000e8000000)
  to   space 21824K,   0% used [0x00000000e5560000, 0x00000000e5560000, 0x00000000e6ab0000)
 concurrent mark-sweep generation total 393216K, used 0K [0x00000000e8000000, 0x0000000100000000, 0x0000000100000000)
 Metaspace       used 10142K, capacity 10344K, committed 10496K, reserved 1058816K
  class space    used 1166K, capacity 1212K, committed 1280K, reserved 1048576K
}
2016-03-15T16:51:26.646+0000: 4.061: Total time for which application threads were stopped: 0.0422443 seconds, Stopping threads took: 0.0000442 seconds
2016-03-15T16:51:27.071+0000: 4.485: Total time for which application threads were stopped: 0.0003530 seconds, Stopping threads took: 0.0000442 seconds
2016-03-15T16:51:27.090+0000: 4.504: Total time for which application threads were stopped: 0.0003238 seconds, Stopping threads took: 0.0000434 seconds
2016-03-15T16:51:27.273+0000: 4.688: Total time for which application threads were stopped: 0.0003632 seconds, Stopping threads took: 0.0000466 seconds
2016-03-15T16:51:27.621+0000: 5.036: Total time for which application threads were stopped: 0.0004122 seconds, Stopping threads took: 0.0000387 seconds
2016-03-15T16:51:27.621+0000: 5.039: Total time for which application threads were stopped: 0.0002172 seconds, Stopping threads took: 0.0000253 seconds
2016-03-15T16:51:27.631+0000: 5.048: Total time for which application threads were stopped: 0.0003324 seconds, Stopping threads took: 0.0000387 seconds
2016-03-15T16:51:28.235+0000: 5.650: Total time for which application threads were stopped: 0.0002527 seconds, Stopping threads took: 0.0000569 seconds
2016-03-15T16:51:28.235+0000: 5.651: Total time for which application threads were stopped: 0.0001311 seconds, Stopping threads took: 0.0000419 seconds
2016-03-15T16:51:28.235+0000: 5.651: Total time for which application threads were stopped: 0.0001619 seconds, Stopping threads took: 0.0000632 seconds
2016-03-15T16:51:28.235+0000: 5.651: Total time for which application threads were stopped: 0.0001090 seconds, Stopping threads took: 0.0000190 seconds
2016-03-15T16:51:28.235+0000: 5.651: Total time for which application threads were stopped: 0.0001263 seconds, Stopping threads took: 0.0000371 seconds
2016-03-15T16:51:28.235+0000: 5.651: Total time for which application threads were stopped: 0.0001042 seconds, Stopping threads took: 0.0000174 seconds
2016-03-15T16:51:28.235+0000: 5.653: Total time for which application threads were stopped: 0.0001650 seconds, Stopping threads took: 0.0000624 seconds
2016-03-15T16:51:28.235+0000: 5.654: Total time for which application threads were stopped: 0.0002377 seconds, Stopping threads took: 0.0001161 seconds
2016-03-15T16:51:28.235+0000: 5.655: Total time for which application threads were stopped: 0.0001319 seconds, Stopping threads took: 0.0000419 seconds
2016-03-15T16:51:28.235+0000: 5.656: Total time for which application threads were stopped: 0.0002282 seconds, Stopping threads took: 0.0000940 seconds
2016-03-15T16:51:28.235+0000: 5.656: Total time for which application threads were stopped: 0.0001524 seconds, Stopping threads took: 0.0000221 seconds
2016-03-15T16:51:28.235+0000: 5.656: Total time for which application threads were stopped: 0.0001461 seconds, Stopping threads took: 0.0000229 seconds
2016-03-15T16:51:28.235+0000: 5.656: Total time for which application threads were stopped: 0.0002006 seconds, Stopping threads took: 0.0000671 seconds
2016-03-15T16:51:28.235+0000: 5.657: Total time for which application threads were stopped: 0.0001974 seconds, Stopping threads took: 0.0000805 seconds
2016-03-15T16:51:28.245+0000: 5.663: Total time for which application threads were stopped: 0.0002179 seconds, Stopping threads took: 0.0000466 seconds
2016-03-15T16:51:28.245+0000: 5.664: Total time for which application threads were stopped: 0.0001595 seconds, Stopping threads took: 0.0000395 seconds
2016-03-15T16:51:28.245+0000: 5.664: Total time for which application threads were stopped: 0.0001477 seconds, Stopping threads took: 0.0000371 seconds
2016-03-15T16:51:28.245+0000: 5.665: Total time for which application threads were stopped: 0.0008876 seconds, Stopping threads took: 0.0007778 seconds
2016-03-15T16:51:28.245+0000: 5.665: Total time for which application threads were stopped: 0.0004193 seconds, Stopping threads took: 0.0003135 seconds
2016-03-15T16:51:28.245+0000: 5.666: Total time for which application threads were stopped: 0.0001579 seconds, Stopping threads took: 0.0000529 seconds
2016-03-15T16:51:28.265+0000: 5.683: Total time for which application threads were stopped: 0.0004027 seconds, Stopping threads took: 0.0000561 seconds
2016-03-15T16:51:28.285+0000: 5.707: Total time for which application threads were stopped: 0.0002108 seconds, Stopping threads took: 0.0000411 seconds
2016-03-15T16:51:28.285+0000: 5.708: Total time for which application threads were stopped: 0.0002811 seconds, Stopping threads took: 0.0001840 seconds
2016-03-15T16:51:28.285+0000: 5.708: Total time for which application threads were stopped: 0.0001003 seconds, Stopping threads took: 0.0000205 seconds
2016-03-15T16:51:28.285+0000: 5.708: Total time for which application threads were stopped: 0.0001058 seconds, Stopping threads took: 0.0000316 seconds
2016-03-15T16:51:28.305+0000: 5.720: Total time for which application threads were stopped: 0.0001982 seconds, Stopping threads took: 0.0000513 seconds
2016-03-15T16:51:28.305+0000: 5.720: Total time for which application threads were stopped: 0.0001113 seconds, Stopping threads took: 0.0000261 seconds
2016-03-15T16:51:28.305+0000: 5.727: Total time for which application threads were stopped: 0.0001871 seconds, Stopping threads took: 0.0001169 seconds
2016-03-15T16:51:28.305+0000: 5.729: Total time for which application threads were stopped: 0.0001429 seconds, Stopping threads took: 0.0000766 seconds
2016-03-15T16:51:28.319+0000: 5.734: Total time for which application threads were stopped: 0.0001358 seconds, Stopping threads took: 0.0000513 seconds
2016-03-15T16:51:28.319+0000: 5.734: Total time for which application threads were stopped: 0.0000766 seconds, Stopping threads took: 0.0000276 seconds
2016-03-15T16:51:28.319+0000: 5.734: Total time for which application threads were stopped: 0.0000758 seconds, Stopping threads took: 0.0000284 seconds
2016-03-15T16:51:28.320+0000: 5.734: Total time for which application threads were stopped: 0.0000853 seconds, Stopping threads took: 0.0000340 seconds
2016-03-15T16:51:28.320+0000: 5.735: Total time for which application threads were stopped: 0.0000845 seconds, Stopping threads took: 0.0000395 seconds
2016-03-15T16:51:28.322+0000: 5.737: Total time for which application threads were stopped: 0.0000932 seconds, Stopping threads took: 0.0000316 seconds
2016-03-15T16:51:28.387+0000: 5.809: Total time for which application threads were stopped: 0.0001350 seconds, Stopping threads took: 0.0000466 seconds
2016-03-15T16:51:28.387+0000: 5.811: Total time for which application threads were stopped: 0.0001034 seconds, Stopping threads took: 0.0000379 seconds
2016-03-15T16:51:28.387+0000: 5.811: Total time for which application threads were stopped: 0.0000663 seconds, Stopping threads took: 0.0000213 seconds
2016-03-15T16:51:28.387+0000: 5.811: Total time for which application threads were stopped: 0.0000632 seconds, Stopping threads took: 0.0000197 seconds
2016-03-15T16:51:28.387+0000: 5.811: Total time for which application threads were stopped: 0.0000655 seconds, Stopping threads took: 0.0000213 seconds
2016-03-15T16:51:28.387+0000: 5.811: Total time for which application threads were stopped: 0.0000632 seconds, Stopping threads took: 0.0000197 seconds
2016-03-15T16:51:28.387+0000: 5.813: Total time for which application threads were stopped: 0.0023879 seconds, Stopping threads took: 0.0000205 seconds
2016-03-15T16:51:28.397+0000: 5.814: Total time for which application threads were stopped: 0.0001105 seconds, Stopping threads took: 0.0000426 seconds
2016-03-15T16:51:28.768+0000: 6.182: Total time for which application threads were stopped: 0.0001587 seconds, Stopping threads took: 0.0000411 seconds
2016-03-15T16:51:28.768+0000: 6.183: Total time for which application threads were stopped: 0.0000695 seconds, Stopping threads took: 0.0000221 seconds
2016-03-15T16:51:28.768+0000: 6.183: Total time for which application threads were stopped: 0.0000695 seconds, Stopping threads took: 0.0000221 seconds
2016-03-15T16:51:28.772+0000: 6.187: Total time for which application threads were stopped: 0.0001058 seconds, Stopping threads took: 0.0000363 seconds
2016-03-15T16:51:28.773+0000: 6.187: Total time for which application threads were stopped: 0.0000774 seconds, Stopping threads took: 0.0000245 seconds
2016-03-15T16:51:28.773+0000: 6.188: Total time for which application threads were stopped: 0.0000703 seconds, Stopping threads took: 0.0000213 seconds
2016-03-15T16:51:28.774+0000: 6.188: Total time for which application threads were stopped: 0.0000679 seconds, Stopping threads took: 0.0000205 seconds
2016-03-15T16:51:28.774+0000: 6.189: Total time for which application threads were stopped: 0.0000679 seconds, Stopping threads took: 0.0000205 seconds
2016-03-15T16:51:28.774+0000: 6.189: Total time for which application threads were stopped: 0.0000663 seconds, Stopping threads took: 0.0000205 seconds
2016-03-15T16:51:28.774+0000: 6.189: Total time for which application threads were stopped: 0.0000655 seconds, Stopping threads took: 0.0000205 seconds
2016-03-15T16:51:28.832+0000: 6.246: Total time for which application threads were stopped: 0.0004864 seconds, Stopping threads took: 0.0000466 seconds
{Heap before GC invocations=1 (full 0):
 par new generation   total 109248K, used 93101K [0x00000000e0000000, 0x00000000e8000000, 0x00000000e8000000)
  eden space 87424K, 100% used [0x00000000e0000000, 0x00000000e5560000, 0x00000000e5560000)
  from space 21824K,  26% used [0x00000000e6ab0000, 0x00000000e703b728, 0x00000000e8000000)
  to   space 21824K,   0% used [0x00000000e5560000, 0x00000000e5560000, 0x00000000e6ab0000)
 concurrent mark-sweep generation total 393216K, used 0K [0x00000000e8000000, 0x0000000100000000, 0x0000000100000000)
 Metaspace       used 19740K, capacity 20116K, committed 20480K, reserved 1067008K
  class space    used 2350K, capacity 2488K, committed 2560K, reserved 1048576K
2016-03-15T16:51:28.862+0000: 6.277: [GC (Allocation Failure) 2016-03-15T16:51:28.862+0000: 6.277: [ParNew
Desired survivor size 20112992 bytes, new threshold 8 (max 8)
- age   1:    7680008 bytes,    7680008 total
- age   2:    2554288 bytes,   10234296 total
: 93101K->11319K(109248K), 0.0422064 secs] 93101K->11319K(502464K), 0.0423888 secs] [Times: user=0.05 sys=0.02, real=0.04 secs] 
Heap after GC invocations=2 (full 0):
 par new generation   total 109248K, used 11319K [0x00000000e0000000, 0x00000000e8000000, 0x00000000e8000000)
  eden space 87424K,   0% used [0x00000000e0000000, 0x00000000e0000000, 0x00000000e5560000)
  from space 21824K,  51% used [0x00000000e5560000, 0x00000000e606dea0, 0x00000000e6ab0000)
  to   space 21824K,   0% used [0x00000000e6ab0000, 0x00000000e6ab0000, 0x00000000e8000000)
 concurrent mark-sweep generation total 393216K, used 0K [0x00000000e8000000, 0x0000000100000000, 0x0000000100000000)
 Metaspace       used 19740K, capacity 20116K, committed 20480K, reserved 1067008K
  class space    used 2350K, capacity 2488K, committed 2560K, reserved 1048576K
}
2016-03-15T16:51:28.905+0000: 6.319: Total time for which application threads were stopped: 0.0427923 seconds, Stopping threads took: 0.0000545 seconds
2016-03-15T16:51:28.938+0000: 6.353: Total time for which application threads were stopped: 0.0001540 seconds, Stopping threads took: 0.0000663 seconds
2016-03-15T16:51:28.973+0000: 6.387: Total time for which application threads were stopped: 0.0008820 seconds, Stopping threads took: 0.0007873 seconds
2016-03-15T16:51:28.981+0000: 6.396: Total time for which application threads were stopped: 0.0004446 seconds, Stopping threads took: 0.0000474 seconds
2016-03-15T16:51:28.982+0000: 6.396: Total time for which application threads were stopped: 0.0001587 seconds, Stopping threads took: 0.0000340 seconds
2016-03-15T16:51:29.206+0000: 6.621: Total time for which application threads were stopped: 0.0002219 seconds, Stopping threads took: 0.0000497 seconds
2016-03-15T16:51:29.223+0000: 6.638: Total time for which application threads were stopped: 0.0001374 seconds, Stopping threads took: 0.0000545 seconds
2016-03-15T16:51:29.224+0000: 6.639: Total time for which application threads were stopped: 0.0000884 seconds, Stopping threads took: 0.0000300 seconds
2016-03-15T16:51:29.273+0000: 6.688: Total time for which application threads were stopped: 0.0001666 seconds, Stopping threads took: 0.0000537 seconds
2016-03-15T16:51:29.392+0000: 6.806: Total time for which application threads were stopped: 0.0003790 seconds, Stopping threads took: 0.0000490 seconds
2016-03-15T16:51:29.495+0000: 6.910: Total time for which application threads were stopped: 0.0001611 seconds, Stopping threads took: 0.0000513 seconds
2016-03-15T16:51:29.623+0000: 7.037: Total time for which application threads were stopped: 0.0001832 seconds, Stopping threads took: 0.0000513 seconds
2016-03-15T16:51:29.642+0000: 7.057: Total time for which application threads were stopped: 0.0001398 seconds, Stopping threads took: 0.0000482 seconds
2016-03-15T16:51:29.642+0000: 7.057: Total time for which application threads were stopped: 0.0000726 seconds, Stopping threads took: 0.0000213 seconds
2016-03-15T16:51:29.643+0000: 7.057: Total time for which application threads were stopped: 0.0000703 seconds, Stopping threads took: 0.0000205 seconds
2016-03-15T16:51:29.700+0000: 7.115: Total time for which application threads were stopped: 0.0001587 seconds, Stopping threads took: 0.0000529 seconds
2016-03-15T16:51:29.854+0000: 7.268: Total time for which application threads were stopped: 0.0001595 seconds, Stopping threads took: 0.0000600 seconds
2016-03-15T16:51:29.921+0000: 7.335: Total time for which application threads were stopped: 0.0002274 seconds, Stopping threads took: 0.0000940 seconds
{Heap before GC invocations=2 (full 0):
 par new generation   total 109248K, used 98743K [0x00000000e0000000, 0x00000000e8000000, 0x00000000e8000000)
  eden space 87424K, 100% used [0x00000000e0000000, 0x00000000e5560000, 0x00000000e5560000)
  from space 21824K,  51% used [0x00000000e5560000, 0x00000000e606dea0, 0x00000000e6ab0000)
  to   space 21824K,   0% used [0x00000000e6ab0000, 0x00000000e6ab0000, 0x00000000e8000000)
 concurrent mark-sweep generation total 393216K, used 0K [0x00000000e8000000, 0x0000000100000000, 0x0000000100000000)
 Metaspace       used 21348K, capacity 21728K, committed 21884K, reserved 1069056K
  class space    used 2542K, capacity 2682K, committed 2688K, reserved 1048576K
2016-03-15T16:51:29.948+0000: 7.363: [GC (Allocation Failure) 2016-03-15T16:51:29.948+0000: 7.363: [ParNew
Desired survivor size 20112992 bytes, new threshold 8 (max 8)
- age   1:    1857784 bytes,    1857784 total
- age   2:    2366400 bytes,    4224184 total
- age   3:    2550680 bytes,    6774864 total
: 98743K->12658K(109248K), 0.0251548 secs] 98743K->12658K(502464K), 0.0252812 secs] [Times: user=0.06 sys=0.00, real=0.03 secs] 
Heap after GC invocations=3 (full 0):
 par new generation   total 109248K, used 12658K [0x00000000e0000000, 0x00000000e8000000, 0x00000000e8000000)
  eden space 87424K,   0% used [0x00000000e0000000, 0x00000000e0000000, 0x00000000e5560000)
  from space 21824K,  58% used [0x00000000e6ab0000, 0x00000000e770caf0, 0x00000000e8000000)
  to   space 21824K,   0% used [0x00000000e5560000, 0x00000000e5560000, 0x00000000e6ab0000)
 concurrent mark-sweep generation total 393216K, used 0K [0x00000000e8000000, 0x0000000100000000, 0x0000000100000000)
 Metaspace       used 21348K, capacity 21728K, committed 21884K, reserved 1069056K
  class space    used 2542K, capacity 2682K, committed 2688K, reserved 1048576K
}
2016-03-15T16:51:29.973+0000: 7.388: Total time for which application threads were stopped: 0.0258624 seconds, Stopping threads took: 0.0000655 seconds
2016-03-15T16:51:29.976+0000: 7.390: [GC (CMS Initial Mark) [1 CMS-initial-mark: 0K(393216K)] 13679K(502464K), 0.0081104 secs] [Times: user=0.02 sys=0.02, real=0.01 secs] 
2016-03-15T16:51:29.984+0000: 7.399: Total time for which application threads were stopped: 0.0095255 seconds, Stopping threads took: 0.0012366 seconds
2016-03-15T16:51:29.984+0000: 7.399: [CMS-concurrent-mark-start]
2016-03-15T16:51:29.984+0000: 7.399: [CMS-concurrent-mark: 0.000/0.000 secs] [Times: user=0.00 sys=0.00, real=0.00 secs] 
2016-03-15T16:51:29.984+0000: 7.399: [CMS-concurrent-preclean-start]
2016-03-15T16:51:29.987+0000: 7.402: [CMS-concurrent-preclean: 0.002/0.002 secs] [Times: user=0.00 sys=0.00, real=0.00 secs] 
2016-03-15T16:51:29.988+0000: 7.403: Total time for which application threads were stopped: 0.0002266 seconds, Stopping threads took: 0.0001066 seconds
2016-03-15T16:51:29.989+0000: 7.403: Total time for which application threads were stopped: 0.0001358 seconds, Stopping threads took: 0.0000355 seconds
2016-03-15T16:51:29.989+0000: 7.404: [GC (CMS Final Remark) [YG occupancy: 13679 K (109248 K)]{Heap before GC invocations=3 (full 1):
 par new generation   total 109248K, used 13679K [0x00000000e0000000, 0x00000000e8000000, 0x00000000e8000000)
  eden space 87424K,   1% used [0x00000000e0000000, 0x00000000e00ff318, 0x00000000e5560000)
  from space 21824K,  58% used [0x00000000e6ab0000, 0x00000000e770caf0, 0x00000000e8000000)
  to   space 21824K,   0% used [0x00000000e5560000, 0x00000000e5560000, 0x00000000e6ab0000)
 concurrent mark-sweep generation total 393216K, used 0K [0x00000000e8000000, 0x0000000100000000, 0x0000000100000000)
 Metaspace       used 21348K, capacity 21728K, committed 21884K, reserved 1069056K
  class space    used 2542K, capacity 2682K, committed 2688K, reserved 1048576K
2016-03-15T16:51:29.990+0000: 7.404: [GC (CMS Final Remark) 2016-03-15T16:51:29.990+0000: 7.404: [ParNew
Desired survivor size 20112992 bytes, new threshold 8 (max 8)
- age   1:     120696 bytes,     120696 total
- age   2:     827672 bytes,     948368 total
- age   3:    2365376 bytes,    3313744 total
- age   4:    2550392 bytes,    5864136 total
: 13679K->6700K(109248K), 0.0228554 secs] 13679K->6700K(502464K), 0.0229620 secs] [Times: user=0.05 sys=0.00, real=0.02 secs] 
Heap after GC invocations=4 (full 1):
 par new generation   total 109248K, used 6700K [0x00000000e0000000, 0x00000000e8000000, 0x00000000e8000000)
  eden space 87424K,   0% used [0x00000000e0000000, 0x00000000e0000000, 0x00000000e5560000)
  from space 21824K,  30% used [0x00000000e5560000, 0x00000000e5beb1c0, 0x00000000e6ab0000)
  to   space 21824K,   0% used [0x00000000e6ab0000, 0x00000000e6ab0000, 0x00000000e8000000)
 concurrent mark-sweep generation total 393216K, used 0K [0x00000000e8000000, 0x0000000100000000, 0x0000000100000000)
 Metaspace       used 21348K, capacity 21728K, committed 21884K, reserved 1069056K
  class space    used 2542K, capacity 2682K, committed 2688K, reserved 1048576K
}
2016-03-15T16:51:30.013+0000: 7.427: [Rescan (parallel) , 0.0084444 secs]2016-03-15T16:51:30.021+0000: 7.436: [weak refs processing, 0.0015461 secs]2016-03-15T16:51:30.023+0000: 7.437: [class unloading, 0.0068217 secs]2016-03-15T16:51:30.030+0000: 7.444: [scrub symbol table, 0.0102117 secs]2016-03-15T16:51:30.040+0000: 7.455: [scrub string table, 0.0006467 secs][1 CMS-remark: 0K(393216K)] 6700K(502464K), 0.0525633 secs] [Times: user=0.06 sys=0.00, real=0.05 secs] 
2016-03-15T16:51:30.042+0000: 7.457: Total time for which application threads were stopped: 0.0534312 seconds, Stopping threads took: 0.0007249 seconds
2016-03-15T16:51:30.060+0000: 7.474: [CMS-concurrent-sweep-start]
2016-03-15T16:51:30.060+0000: 7.474: [CMS-concurrent-sweep: 0.000/0.000 secs] [Times: user=0.00 sys=0.00, real=0.00 secs] 
2016-03-15T16:51:30.060+0000: 7.474: [CMS-concurrent-reset-start]
2016-03-15T16:51:30.065+0000: 7.480: [CMS-concurrent-reset: 0.005/0.005 secs] [Times: user=0.00 sys=0.00, real=0.01 secs] 
2016-03-15T16:51:30.267+0000: 7.681: Total time for which application threads were stopped: 0.0002085 seconds, Stopping threads took: 0.0000505 seconds
2016-03-15T16:51:30.267+0000: 7.682: Total time for which application threads were stopped: 0.0000782 seconds, Stopping threads took: 0.0000268 seconds
2016-03-15T16:51:30.275+0000: 7.689: Total time for which application threads were stopped: 0.0001382 seconds, Stopping threads took: 0.0000537 seconds
2016-03-15T16:51:30.275+0000: 7.690: Total time for which application threads were stopped: 0.0000877 seconds, Stopping threads took: 0.0000300 seconds
2016-03-15T16:51:30.275+0000: 7.690: Total time for which application threads were stopped: 0.0000766 seconds, Stopping threads took: 0.0000268 seconds
2016-03-15T16:51:30.411+0000: 7.829: Total time for which application threads were stopped: 0.0001674 seconds, Stopping threads took: 0.0000569 seconds
2016-03-15T16:51:30.431+0000: 7.846: Total time for which application threads were stopped: 0.0001943 seconds, Stopping threads took: 0.0000648 seconds
2016-03-15T16:51:30.431+0000: 7.849: Total time for which application threads were stopped: 0.0001382 seconds, Stopping threads took: 0.0000411 seconds
2016-03-15T16:51:30.431+0000: 7.851: Total time for which application threads were stopped: 0.0001153 seconds, Stopping threads took: 0.0000308 seconds
2016-03-15T16:51:30.461+0000: 7.876: Total time for which application threads were stopped: 0.0001445 seconds, Stopping threads took: 0.0000553 seconds
2016-03-15T16:51:30.461+0000: 7.882: Total time for which application threads were stopped: 0.0004880 seconds, Stopping threads took: 0.0000419 seconds
2016-03-15T16:51:30.477+0000: 7.892: Total time for which application threads were stopped: 0.0040501 seconds, Stopping threads took: 0.0039332 seconds
2016-03-15T16:51:30.477+0000: 7.892: Total time for which application threads were stopped: 0.0000900 seconds, Stopping threads took: 0.0000371 seconds
2016-03-15T16:51:30.480+0000: 7.895: Total time for which application threads were stopped: 0.0001674 seconds, Stopping threads took: 0.0000711 seconds
2016-03-15T16:51:30.481+0000: 7.896: Total time for which application threads were stopped: 0.0001050 seconds, Stopping threads took: 0.0000371 seconds
2016-03-15T16:51:30.485+0000: 7.899: Total time for which application threads were stopped: 0.0023342 seconds, Stopping threads took: 0.0022039 seconds
2016-03-15T16:51:30.486+0000: 7.901: Total time for which application threads were stopped: 0.0007462 seconds, Stopping threads took: 0.0006578 seconds
2016-03-15T16:51:30.494+0000: 7.909: Total time for which application threads were stopped: 0.0001548 seconds, Stopping threads took: 0.0000671 seconds
2016-03-15T16:51:30.496+0000: 7.911: Total time for which application threads were stopped: 0.0001279 seconds, Stopping threads took: 0.0000387 seconds
2016-03-15T16:51:30.497+0000: 7.912: Total time for which application threads were stopped: 0.0000869 seconds, Stopping threads took: 0.0000340 seconds
2016-03-15T16:51:30.498+0000: 7.913: Total time for which application threads were stopped: 0.0001003 seconds, Stopping threads took: 0.0000347 seconds
2016-03-15T16:51:30.500+0000: 7.914: Total time for which application threads were stopped: 0.0001129 seconds, Stopping threads took: 0.0000442 seconds
2016-03-15T16:51:30.501+0000: 7.916: Total time for which application threads were stopped: 0.0001192 seconds, Stopping threads took: 0.0000521 seconds
2016-03-15T16:51:30.514+0000: 7.929: Total time for which application threads were stopped: 0.0001413 seconds, Stopping threads took: 0.0000576 seconds
2016-03-15T16:51:30.516+0000: 7.930: Total time for which application threads were stopped: 0.0003285 seconds, Stopping threads took: 0.0000419 seconds
2016-03-15T16:51:30.556+0000: 7.971: Total time for which application threads were stopped: 0.0001287 seconds, Stopping threads took: 0.0000395 seconds
2016-03-15T16:51:30.556+0000: 7.971: Total time for which application threads were stopped: 0.0000821 seconds, Stopping threads took: 0.0000213 seconds
2016-03-15T16:51:30.566+0000: 7.982: Total time for which application threads were stopped: 0.0004667 seconds, Stopping threads took: 0.0000411 seconds
2016-03-15T16:51:30.596+0000: 8.011: Total time for which application threads were stopped: 0.0001350 seconds, Stopping threads took: 0.0000442 seconds
2016-03-15T16:51:30.629+0000: 8.044: Total time for which application threads were stopped: 0.0001492 seconds, Stopping threads took: 0.0000663 seconds
2016-03-15T16:51:30.655+0000: 8.070: Total time for which application threads were stopped: 0.0001303 seconds, Stopping threads took: 0.0000426 seconds
2016-03-15T16:51:30.655+0000: 8.070: Total time for which application threads were stopped: 0.0000766 seconds, Stopping threads took: 0.0000221 seconds
2016-03-15T16:51:30.655+0000: 8.070: Total time for which application threads were stopped: 0.0000695 seconds, Stopping threads took: 0.0000190 seconds
2016-03-15T16:51:31.662+0000: 9.076: Total time for which application threads were stopped: 0.0001666 seconds, Stopping threads took: 0.0000482 seconds
2016-03-15T16:51:32.534+0000: 9.950: Total time for which application threads were stopped: 0.0001374 seconds, Stopping threads took: 0.0000411 seconds
2016-03-15T16:51:32.534+0000: 9.951: Total time for which application threads were stopped: 0.0000805 seconds, Stopping threads took: 0.0000284 seconds
2016-03-15T16:51:32.574+0000: 9.991: Total time for which application threads were stopped: 0.0001737 seconds, Stopping threads took: 0.0000845 seconds
2016-03-15T16:51:32.574+0000: 9.991: Total time for which application threads were stopped: 0.0000837 seconds, Stopping threads took: 0.0000268 seconds
2016-03-15T16:51:33.009+0000: 10.424: Total time for which application threads were stopped: 0.0001342 seconds, Stopping threads took: 0.0000434 seconds
2016-03-15T16:51:33.133+0000: 10.548: Total time for which application threads were stopped: 0.0001587 seconds, Stopping threads took: 0.0000513 seconds
2016-03-15T16:51:33.135+0000: 10.550: Total time for which application threads were stopped: 0.0001098 seconds, Stopping threads took: 0.0000316 seconds
2016-03-15T16:51:33.135+0000: 10.550: Total time for which application threads were stopped: 0.0000742 seconds, Stopping threads took: 0.0000174 seconds
2016-03-15T16:51:38.802+0000: 16.217: Total time for which application threads were stopped: 0.0001761 seconds, Stopping threads took: 0.0000561 seconds
2016-03-15T16:51:38.803+0000: 16.218: Total time for which application threads were stopped: 0.0001050 seconds, Stopping threads took: 0.0000332 seconds
2016-03-15T16:51:38.847+0000: 16.262: Total time for which application threads were stopped: 0.0001421 seconds, Stopping threads took: 0.0000474 seconds
2016-03-15T16:51:38.938+0000: 16.353: Total time for which application threads were stopped: 0.0001406 seconds, Stopping threads took: 0.0000521 seconds
2016-03-15T16:51:38.938+0000: 16.353: Total time for which application threads were stopped: 0.0000790 seconds, Stopping threads took: 0.0000276 seconds
2016-03-15T16:51:38.939+0000: 16.354: Total time for which application threads were stopped: 0.0001011 seconds, Stopping threads took: 0.0000411 seconds
2016-03-15T16:51:38.939+0000: 16.354: Total time for which application threads were stopped: 0.0001216 seconds, Stopping threads took: 0.0000679 seconds
2016-03-15T16:51:38.940+0000: 16.355: Total time for which application threads were stopped: 0.0001177 seconds, Stopping threads took: 0.0000505 seconds
2016-03-15T16:51:38.940+0000: 16.355: Total time for which application threads were stopped: 0.0000774 seconds, Stopping threads took: 0.0000268 seconds
2016-03-15T16:51:38.942+0000: 16.357: Total time for which application threads were stopped: 0.0001161 seconds, Stopping threads took: 0.0000403 seconds
2016-03-15T16:51:38.942+0000: 16.357: Total time for which application threads were stopped: 0.0000790 seconds, Stopping threads took: 0.0000268 seconds
2016-03-15T16:51:38.943+0000: 16.358: Total time for which application threads were stopped: 0.0001366 seconds, Stopping threads took: 0.0000624 seconds
2016-03-15T16:51:38.943+0000: 16.358: Total time for which application threads were stopped: 0.0000861 seconds, Stopping threads took: 0.0000324 seconds
2016-03-15T16:51:38.977+0000: 16.392: Total time for which application threads were stopped: 0.0016954 seconds, Stopping threads took: 0.0015738 seconds
2016-03-15T16:51:38.980+0000: 16.395: Total time for which application threads were stopped: 0.0001832 seconds, Stopping threads took: 0.0000711 seconds
2016-03-15T16:51:38.981+0000: 16.396: Total time for which application threads were stopped: 0.0010929 seconds, Stopping threads took: 0.0009965 seconds
2016-03-15T16:51:38.996+0000: 16.410: Total time for which application threads were stopped: 0.0001800 seconds, Stopping threads took: 0.0000458 seconds
2016-03-15T16:51:39.011+0000: 16.426: Total time for which application threads were stopped: 0.0002495 seconds, Stopping threads took: 0.0000561 seconds
2016-03-15T16:51:39.012+0000: 16.427: Total time for which application threads were stopped: 0.0001200 seconds, Stopping threads took: 0.0000403 seconds
2016-03-15T16:51:39.015+0000: 16.429: Total time for which application threads were stopped: 0.0001358 seconds, Stopping threads took: 0.0000458 seconds
2016-03-15T16:51:39.030+0000: 16.445: Total time for which application threads were stopped: 0.0001911 seconds, Stopping threads took: 0.0000892 seconds
2016-03-15T16:51:39.037+0000: 16.452: Total time for which application threads were stopped: 0.0002890 seconds, Stopping threads took: 0.0000497 seconds
2016-03-15T16:51:39.043+0000: 16.458: Total time for which application threads were stopped: 0.0001650 seconds, Stopping threads took: 0.0000497 seconds
2016-03-15T16:51:39.045+0000: 16.460: Total time for which application threads were stopped: 0.0001366 seconds, Stopping threads took: 0.0000497 seconds
2016-03-15T16:51:39.046+0000: 16.461: Total time for which application threads were stopped: 0.0001216 seconds, Stopping threads took: 0.0000466 seconds
2016-03-15T16:51:39.056+0000: 16.470: Total time for which application threads were stopped: 0.0004343 seconds, Stopping threads took: 0.0003143 seconds
2016-03-15T16:51:39.060+0000: 16.475: Total time for which application threads were stopped: 0.0001406 seconds, Stopping threads took: 0.0000513 seconds
2016-03-15T16:51:39.091+0000: 16.506: Total time for which application threads were stopped: 0.0001413 seconds, Stopping threads took: 0.0000537 seconds
2016-03-15T16:51:39.094+0000: 16.509: Total time for which application threads were stopped: 0.0001382 seconds, Stopping threads took: 0.0000490 seconds
2016-03-15T16:51:39.094+0000: 16.509: Total time for which application threads were stopped: 0.0000861 seconds, Stopping threads took: 0.0000284 seconds
2016-03-15T16:51:39.099+0000: 16.514: Total time for which application threads were stopped: 0.0002314 seconds, Stopping threads took: 0.0000576 seconds
2016-03-15T16:51:39.103+0000: 16.517: Total time for which application threads were stopped: 0.0001421 seconds, Stopping threads took: 0.0000513 seconds
2016-03-15T16:51:39.122+0000: 16.537: Total time for which application threads were stopped: 0.0002195 seconds, Stopping threads took: 0.0001279 seconds
2016-03-15T16:51:39.131+0000: 16.545: Total time for which application threads were stopped: 0.0001729 seconds, Stopping threads took: 0.0000561 seconds
2016-03-15T16:51:39.155+0000: 16.570: Total time for which application threads were stopped: 0.0001587 seconds, Stopping threads took: 0.0000632 seconds
2016-03-15T16:51:39.251+0000: 16.666: Total time for which application threads were stopped: 0.0002250 seconds, Stopping threads took: 0.0001161 seconds
2016-03-15T16:51:39.269+0000: 16.684: Total time for which application threads were stopped: 0.0018375 seconds, Stopping threads took: 0.0016811 seconds
2016-03-15T16:51:39.270+0000: 16.685: Total time for which application threads were stopped: 0.0001563 seconds, Stopping threads took: 0.0000466 seconds
2016-03-15T16:51:39.270+0000: 16.685: Total time for which application threads were stopped: 0.0000955 seconds, Stopping threads took: 0.0000387 seconds
2016-03-15T16:51:39.383+0000: 16.798: Total time for which application threads were stopped: 0.0002780 seconds, Stopping threads took: 0.0001611 seconds
2016-03-15T16:51:39.392+0000: 16.807: Total time for which application threads were stopped: 0.0003332 seconds, Stopping threads took: 0.0000505 seconds
2016-03-15T16:51:40.396+0000: 17.811: Total time for which application threads were stopped: 0.0001690 seconds, Stopping threads took: 0.0000561 seconds
2016-03-15T16:51:46.567+0000: 23.981: Total time for which application threads were stopped: 0.0009949 seconds, Stopping threads took: 0.0008591 seconds
2016-03-15T16:51:46.573+0000: 23.987: Total time for which application threads were stopped: 0.0001169 seconds, Stopping threads took: 0.0000403 seconds
2016-03-15T16:51:46.574+0000: 23.988: Total time for which application threads were stopped: 0.0000845 seconds, Stopping threads took: 0.0000324 seconds
2016-03-15T16:51:46.575+0000: 23.989: Total time for which application threads were stopped: 0.0000916 seconds, Stopping threads took: 0.0000347 seconds
2016-03-15T16:51:46.583+0000: 23.997: Total time for which application threads were stopped: 0.0045160 seconds, Stopping threads took: 0.0044094 seconds
2016-03-15T16:51:46.597+0000: 24.011: Total time for which application threads were stopped: 0.0001066 seconds, Stopping threads took: 0.0000371 seconds
2016-03-15T16:51:46.619+0000: 24.033: Total time for which application threads were stopped: 0.0046360 seconds, Stopping threads took: 0.0045476 seconds
2016-03-15T16:51:46.626+0000: 24.040: Total time for which application threads were stopped: 0.0001216 seconds, Stopping threads took: 0.0000403 seconds
2016-03-15T16:51:46.626+0000: 24.040: Total time for which application threads were stopped: 0.0000576 seconds, Stopping threads took: 0.0000268 seconds
2016-03-15T16:51:46.626+0000: 24.041: Total time for which application threads were stopped: 0.0000640 seconds, Stopping threads took: 0.0000308 seconds
2016-03-15T16:51:46.627+0000: 24.041: Total time for which application threads were stopped: 0.0000679 seconds, Stopping threads took: 0.0000324 seconds
Heap
 par new generation   total 109248K, used 85204K [0x00000000e0000000, 0x00000000e8000000, 0x00000000e8000000)
  eden space 87424K,  89% used [0x00000000e0000000, 0x00000000e4caa0a8, 0x00000000e5560000)
  from space 21824K,  30% used [0x00000000e5560000, 0x00000000e5beb1c0, 0x00000000e6ab0000)
  to   space 21824K,   0% used [0x00000000e6ab0000, 0x00000000e6ab0000, 0x00000000e8000000)
 concurrent mark-sweep generation total 393216K, used 0K [0x00000000e8000000, 0x0000000100000000, 0x0000000100000000)
 Metaspace       used 23447K, capacity 23828K, committed 24060K, reserved 1071104K
  class space    used 2805K, capacity 2974K, committed 3072K, reserved 1048576K
