Java HotSpot(TM) 64-Bit Server VM (25.73-b02) for windows-amd64 JRE (1.8.0_73-b02), built on Jan 29 2016 17:38:49 by "java_re" with MS VC++ 10.0 (VS2010)
Memory: 4k page, physical 8269212k(3311844k free), swap 10513632k(3322676k free)
CommandLine flags: -XX:CMSInitiatingOccupancyFraction=50 -XX:CMSMaxAbortablePrecleanTime=6000 -XX:+CMSParallelRemarkEnabled -XX:+CMSScavengeBeforeRemark -XX:ConcGCThreads=4 -XX:InitialHeapSize=536870912 -XX:MaxHeapSize=536870912 -XX:MaxTenuringThreshold=8 -XX:NewRatio=3 -XX:OldPLABSize=16 -XX:ParallelGCThreads=4 -XX:+ParallelRefProcEnabled -XX:PretenureSizeThreshold=67108864 -XX:+PrintGC -XX:+PrintGCApplicationStoppedTime -XX:+PrintGCDateStamps -XX:+PrintGCDetails -XX:+PrintGCTimeStamps -XX:+PrintHeapAtGC -XX:+PrintTenuringDistribution -XX:SurvivorRatio=4 -XX:TargetSurvivorRatio=90 -XX:ThreadStackSize=256 -XX:+UseCMSInitiatingOccupancyOnly -XX:+UseCompressedClassPointers -XX:+UseCompressedOops -XX:+UseConcMarkSweepGC -XX:-UseLargePagesIndividualAllocation -XX:+UseParNewGC 
2016-06-21T17:12:40.862+0100: 1.325: Total time for which application threads were stopped: 0.0001425 seconds, Stopping threads took: 0.0000257 seconds
2016-06-21T17:12:41.179+0100: 1.643: Total time for which application threads were stopped: 0.0001299 seconds, Stopping threads took: 0.0000221 seconds
2016-06-21T17:12:41.502+0100: 1.966: Total time for which application threads were stopped: 0.0112032 seconds, Stopping threads took: 0.0110528 seconds
2016-06-21T17:12:41.613+0100: 2.076: Total time for which application threads were stopped: 0.0002140 seconds, Stopping threads took: 0.0000292 seconds
2016-06-21T17:12:41.670+0100: 2.134: Total time for which application threads were stopped: 0.0001599 seconds, Stopping threads took: 0.0000257 seconds
{Heap before GC invocations=0 (full 0):
 par new generation   total 109248K, used 87424K [0x00000000e0000000, 0x00000000e8000000, 0x00000000e8000000)
  eden space 87424K, 100% used [0x00000000e0000000, 0x00000000e5560000, 0x00000000e5560000)
  from space 21824K,   0% used [0x00000000e5560000, 0x00000000e5560000, 0x00000000e6ab0000)
  to   space 21824K,   0% used [0x00000000e6ab0000, 0x00000000e6ab0000, 0x00000000e8000000)
 concurrent mark-sweep generation total 393216K, used 0K [0x00000000e8000000, 0x0000000100000000, 0x0000000100000000)
 Metaspace       used 10108K, capacity 10268K, committed 10496K, reserved 1058816K
  class space    used 1165K, capacity 1208K, committed 1280K, reserved 1048576K
2016-06-21T17:12:42.251+0100: 2.715: [GC (Allocation Failure) 2016-06-21T17:12:42.252+0100: 2.715: [ParNew
Desired survivor size 20112992 bytes, new threshold 8 (max 8)
- age   1:    5898656 bytes,    5898656 total
: 87424K->5840K(109248K), 0.0057690 secs] 87424K->5840K(502464K), 0.0059979 secs] [Times: user=0.00 sys=0.00, real=0.01 secs] 
Heap after GC invocations=1 (full 0):
 par new generation   total 109248K, used 5840K [0x00000000e0000000, 0x00000000e8000000, 0x00000000e8000000)
  eden space 87424K,   0% used [0x00000000e0000000, 0x00000000e0000000, 0x00000000e5560000)
  from space 21824K,  26% used [0x00000000e6ab0000, 0x00000000e70641a0, 0x00000000e8000000)
  to   space 21824K,   0% used [0x00000000e5560000, 0x00000000e5560000, 0x00000000e6ab0000)
 concurrent mark-sweep generation total 393216K, used 0K [0x00000000e8000000, 0x0000000100000000, 0x0000000100000000)
 Metaspace       used 10108K, capacity 10268K, committed 10496K, reserved 1058816K
  class space    used 1165K, capacity 1208K, committed 1280K, reserved 1048576K
}
2016-06-21T17:12:42.257+0100: 2.721: Total time for which application threads were stopped: 0.0062498 seconds, Stopping threads took: 0.0000379 seconds
2016-06-21T17:12:42.475+0100: 2.939: Total time for which application threads were stopped: 0.0002061 seconds, Stopping threads took: 0.0000225 seconds
2016-06-21T17:12:42.569+0100: 3.032: Total time for which application threads were stopped: 0.0002163 seconds, Stopping threads took: 0.0000249 seconds
2016-06-21T17:12:42.884+0100: 3.348: Total time for which application threads were stopped: 0.0002834 seconds, Stopping threads took: 0.0000316 seconds
2016-06-21T17:12:42.886+0100: 3.349: Total time for which application threads were stopped: 0.0001840 seconds, Stopping threads took: 0.0000178 seconds
2016-06-21T17:12:42.890+0100: 3.354: Total time for which application threads were stopped: 0.0002238 seconds, Stopping threads took: 0.0000300 seconds
2016-06-21T17:12:43.467+0100: 3.931: Total time for which application threads were stopped: 0.0007473 seconds, Stopping threads took: 0.0004488 seconds
{Heap before GC invocations=1 (full 0):
 par new generation   total 109248K, used 93264K [0x00000000e0000000, 0x00000000e8000000, 0x00000000e8000000)
  eden space 87424K, 100% used [0x00000000e0000000, 0x00000000e5560000, 0x00000000e5560000)
  from space 21824K,  26% used [0x00000000e6ab0000, 0x00000000e70641a0, 0x00000000e8000000)
  to   space 21824K,   0% used [0x00000000e5560000, 0x00000000e5560000, 0x00000000e6ab0000)
 concurrent mark-sweep generation total 393216K, used 0K [0x00000000e8000000, 0x0000000100000000, 0x0000000100000000)
 Metaspace       used 19499K, capacity 19798K, committed 20096K, reserved 1067008K
  class space    used 2320K, capacity 2422K, committed 2432K, reserved 1048576K
2016-06-21T17:12:43.981+0100: 4.445: [GC (Allocation Failure) 2016-06-21T17:12:43.981+0100: 4.445: [ParNew
Desired survivor size 20112992 bytes, new threshold 8 (max 8)
- age   1:    8045888 bytes,    8045888 total
- age   2:    2594192 bytes,   10640080 total
: 93264K->12714K(109248K), 0.0086937 secs] 93264K->12714K(502464K), 0.0088434 secs] [Times: user=0.06 sys=0.00, real=0.01 secs] 
Heap after GC invocations=2 (full 0):
 par new generation   total 109248K, used 12714K [0x00000000e0000000, 0x00000000e8000000, 0x00000000e8000000)
  eden space 87424K,   0% used [0x00000000e0000000, 0x00000000e0000000, 0x00000000e5560000)
  from space 21824K,  58% used [0x00000000e5560000, 0x00000000e61ca800, 0x00000000e6ab0000)
  to   space 21824K,   0% used [0x00000000e6ab0000, 0x00000000e6ab0000, 0x00000000e8000000)
 concurrent mark-sweep generation total 393216K, used 0K [0x00000000e8000000, 0x0000000100000000, 0x0000000100000000)
 Metaspace       used 19499K, capacity 19798K, committed 20096K, reserved 1067008K
  class space    used 2320K, capacity 2422K, committed 2432K, reserved 1048576K
}
2016-06-21T17:12:43.990+0100: 4.454: Total time for which application threads were stopped: 0.0091694 seconds, Stopping threads took: 0.0000912 seconds
2016-06-21T17:12:44.025+0100: 4.489: Total time for which application threads were stopped: 0.0118096 seconds, Stopping threads took: 0.0115182 seconds
2016-06-21T17:12:44.038+0100: 4.502: Total time for which application threads were stopped: 0.0005112 seconds, Stopping threads took: 0.0002424 seconds
2016-06-21T17:12:44.065+0100: 4.529: Total time for which application threads were stopped: 0.0003320 seconds, Stopping threads took: 0.0000375 seconds
2016-06-21T17:12:44.149+0100: 4.613: Total time for which application threads were stopped: 0.0001409 seconds, Stopping threads took: 0.0000312 seconds
2016-06-21T17:12:44.182+0100: 4.646: Total time for which application threads were stopped: 0.0001141 seconds, Stopping threads took: 0.0000268 seconds
2016-06-21T17:12:44.312+0100: 4.775: Total time for which application threads were stopped: 0.0001153 seconds, Stopping threads took: 0.0000418 seconds
2016-06-21T17:12:44.313+0100: 4.777: Total time for which application threads were stopped: 0.0002866 seconds, Stopping threads took: 0.0000257 seconds
2016-06-21T17:12:44.382+0100: 4.846: Total time for which application threads were stopped: 0.0001180 seconds, Stopping threads took: 0.0000343 seconds
2016-06-21T17:12:44.426+0100: 4.890: Total time for which application threads were stopped: 0.0001007 seconds, Stopping threads took: 0.0000261 seconds
2016-06-21T17:12:44.455+0100: 4.919: Total time for which application threads were stopped: 0.0000861 seconds, Stopping threads took: 0.0000257 seconds
2016-06-21T17:12:44.552+0100: 5.016: Total time for which application threads were stopped: 0.0001015 seconds, Stopping threads took: 0.0000261 seconds
2016-06-21T17:12:44.622+0100: 5.086: Total time for which application threads were stopped: 0.0001011 seconds, Stopping threads took: 0.0000312 seconds
2016-06-21T17:12:44.833+0100: 5.297: Total time for which application threads were stopped: 0.0000872 seconds, Stopping threads took: 0.0000284 seconds
2016-06-21T17:12:44.909+0100: 5.373: Total time for which application threads were stopped: 0.0372035 seconds, Stopping threads took: 0.0371246 seconds
2016-06-21T17:12:45.028+0100: 5.492: Total time for which application threads were stopped: 0.0001725 seconds, Stopping threads took: 0.0000979 seconds
2016-06-21T17:12:45.042+0100: 5.505: Total time for which application threads were stopped: 0.0001121 seconds, Stopping threads took: 0.0000379 seconds
2016-06-21T17:12:45.169+0100: 5.633: Total time for which application threads were stopped: 0.0001066 seconds, Stopping threads took: 0.0000351 seconds
2016-06-21T17:12:45.258+0100: 5.722: Total time for which application threads were stopped: 0.0001018 seconds, Stopping threads took: 0.0000312 seconds
2016-06-21T17:12:45.351+0100: 5.815: Total time for which application threads were stopped: 0.0368834 seconds, Stopping threads took: 0.0367804 seconds
2016-06-21T17:12:45.351+0100: 5.815: Total time for which application threads were stopped: 0.0002408 seconds, Stopping threads took: 0.0001867 seconds
2016-06-21T17:12:45.418+0100: 5.882: Total time for which application threads were stopped: 0.0000936 seconds, Stopping threads took: 0.0000237 seconds
2016-06-21T17:12:45.443+0100: 5.907: Total time for which application threads were stopped: 0.0001022 seconds, Stopping threads took: 0.0000379 seconds
2016-06-21T17:12:45.990+0100: 6.453: [GC (CMS Initial Mark) [1 CMS-initial-mark: 0K(393216K)] 89976K(502464K), 0.0111180 secs] [Times: user=0.06 sys=0.00, real=0.01 secs] 
2016-06-21T17:12:46.001+0100: 6.465: Total time for which application threads were stopped: 0.0112660 seconds, Stopping threads took: 0.0000296 seconds
2016-06-21T17:12:46.001+0100: 6.465: [CMS-concurrent-mark-start]
2016-06-21T17:12:46.001+0100: 6.465: [CMS-concurrent-mark: 0.000/0.000 secs] [Times: user=0.00 sys=0.00, real=0.00 secs] 
2016-06-21T17:12:46.001+0100: 6.465: [CMS-concurrent-preclean-start]
2016-06-21T17:12:46.002+0100: 6.466: [CMS-concurrent-preclean: 0.001/0.001 secs] [Times: user=0.00 sys=0.00, real=0.00 secs] 
2016-06-21T17:12:46.002+0100: 6.466: [CMS-concurrent-abortable-preclean-start]
 CMS: abort preclean due to time 2016-06-21T17:12:52.034+0100: 12.498: [CMS-concurrent-abortable-preclean: 1.839/6.032 secs] [Times: user=1.84 sys=0.00, real=6.03 secs] 
2016-06-21T17:12:52.034+0100: 12.498: [GC (CMS Final Remark) [YG occupancy: 89976 K (109248 K)]{Heap before GC invocations=2 (full 1):
 par new generation   total 109248K, used 89976K [0x00000000e0000000, 0x00000000e8000000, 0x00000000e8000000)
  eden space 87424K,  88% used [0x00000000e0000000, 0x00000000e4b73af8, 0x00000000e5560000)
  from space 21824K,  58% used [0x00000000e5560000, 0x00000000e61ca800, 0x00000000e6ab0000)
  to   space 21824K,   0% used [0x00000000e6ab0000, 0x00000000e6ab0000, 0x00000000e8000000)
 concurrent mark-sweep generation total 393216K, used 0K [0x00000000e8000000, 0x0000000100000000, 0x0000000100000000)
 Metaspace       used 25483K, capacity 25830K, committed 26200K, reserved 1073152K
  class space    used 3100K, capacity 3200K, committed 3244K, reserved 1048576K
2016-06-21T17:12:52.034+0100: 12.498: [GC (CMS Final Remark) 2016-06-21T17:12:52.034+0100: 12.498: [ParNew
Desired survivor size 20112992 bytes, new threshold 8 (max 8)
- age   1:    5891192 bytes,    5891192 total
- age   2:    2564432 bytes,    8455624 total
- age   3:    2589024 bytes,   11044648 total
: 89976K->15349K(109248K), 0.0085990 secs] 89976K->15349K(502464K), 0.0086594 secs] [Times: user=0.00 sys=0.00, real=0.01 secs] 
Heap after GC invocations=3 (full 1):
 par new generation   total 109248K, used 15349K [0x00000000e0000000, 0x00000000e8000000, 0x00000000e8000000)
  eden space 87424K,   0% used [0x00000000e0000000, 0x00000000e0000000, 0x00000000e5560000)
  from space 21824K,  70% used [0x00000000e6ab0000, 0x00000000e79ad458, 0x00000000e8000000)
  to   space 21824K,   0% used [0x00000000e5560000, 0x00000000e5560000, 0x00000000e6ab0000)
 concurrent mark-sweep generation total 393216K, used 0K [0x00000000e8000000, 0x0000000100000000, 0x0000000100000000)
 Metaspace       used 25483K, capacity 25830K, committed 26200K, reserved 1073152K
  class space    used 3100K, capacity 3200K, committed 3244K, reserved 1048576K
}
2016-06-21T17:12:52.043+0100: 12.507: [Rescan (parallel) , 0.0028663 secs]2016-06-21T17:12:52.046+0100: 12.510: [weak refs processing, 0.0002957 secs]2016-06-21T17:12:52.046+0100: 12.510: [class unloading, 0.0041446 secs]2016-06-21T17:12:52.051+0100: 12.514: [scrub symbol table, 0.0058720 secs]2016-06-21T17:12:52.056+0100: 12.520: [scrub string table, 0.0004429 secs][1 CMS-remark: 0K(393216K)] 15349K(502464K), 0.0234020 secs] [Times: user=0.03 sys=0.00, real=0.02 secs] 
2016-06-21T17:12:52.058+0100: 12.522: Total time for which application threads were stopped: 0.0235189 seconds, Stopping threads took: 0.0000272 seconds
2016-06-21T17:12:52.058+0100: 12.522: [CMS-concurrent-sweep-start]
2016-06-21T17:12:52.058+0100: 12.522: [CMS-concurrent-sweep: 0.000/0.000 secs] [Times: user=0.00 sys=0.00, real=0.00 secs] 
2016-06-21T17:12:52.058+0100: 12.522: [CMS-concurrent-reset-start]
2016-06-21T17:12:52.060+0100: 12.524: [CMS-concurrent-reset: 0.002/0.002 secs] [Times: user=0.00 sys=0.00, real=0.00 secs] 
2016-06-21T17:12:52.061+0100: 12.524: Total time for which application threads were stopped: 0.0000762 seconds, Stopping threads took: 0.0000316 seconds
2016-06-21T17:13:06.755+0100: 27.219: Total time for which application threads were stopped: 0.0000782 seconds, Stopping threads took: 0.0000245 seconds
2016-06-21T17:13:06.755+0100: 27.219: Total time for which application threads were stopped: 0.0000351 seconds, Stopping threads took: 0.0000103 seconds
2016-06-21T17:13:06.760+0100: 27.225: Total time for which application threads were stopped: 0.0000683 seconds, Stopping threads took: 0.0000174 seconds
2016-06-21T17:13:06.761+0100: 27.226: Total time for which application threads were stopped: 0.0000462 seconds, Stopping threads took: 0.0000126 seconds
2016-06-21T17:13:06.762+0100: 27.227: Total time for which application threads were stopped: 0.0000486 seconds, Stopping threads took: 0.0000154 seconds
2016-06-21T17:13:06.762+0100: 27.227: Total time for which application threads were stopped: 0.0000375 seconds, Stopping threads took: 0.0000091 seconds
2016-06-21T17:13:06.762+0100: 27.227: Total time for which application threads were stopped: 0.0000300 seconds, Stopping threads took: 0.0000067 seconds
2016-06-21T17:13:06.762+0100: 27.227: Total time for which application threads were stopped: 0.0000363 seconds, Stopping threads took: 0.0000103 seconds
2016-06-21T17:13:06.763+0100: 27.227: Total time for which application threads were stopped: 0.0000359 seconds, Stopping threads took: 0.0000099 seconds
2016-06-21T17:13:06.763+0100: 27.227: Total time for which application threads were stopped: 0.0000343 seconds, Stopping threads took: 0.0000099 seconds
2016-06-21T17:13:06.763+0100: 27.227: Total time for which application threads were stopped: 0.0000367 seconds, Stopping threads took: 0.0000103 seconds
2016-06-21T17:13:06.764+0100: 27.228: Total time for which application threads were stopped: 0.0000513 seconds, Stopping threads took: 0.0000178 seconds
2016-06-21T17:13:06.764+0100: 27.228: Total time for which application threads were stopped: 0.0000434 seconds, Stopping threads took: 0.0000146 seconds
2016-06-21T17:13:06.764+0100: 27.228: Total time for which application threads were stopped: 0.0000426 seconds, Stopping threads took: 0.0000142 seconds
2016-06-21T17:13:06.764+0100: 27.228: Total time for which application threads were stopped: 0.0000395 seconds, Stopping threads took: 0.0000158 seconds
2016-06-21T17:13:06.765+0100: 27.229: Total time for which application threads were stopped: 0.0000418 seconds, Stopping threads took: 0.0000122 seconds
2016-06-21T17:13:06.765+0100: 27.229: Total time for which application threads were stopped: 0.0000296 seconds, Stopping threads took: 0.0000083 seconds
2016-06-21T17:13:06.765+0100: 27.229: Total time for which application threads were stopped: 0.0000355 seconds, Stopping threads took: 0.0000103 seconds
2016-06-21T17:13:06.765+0100: 27.229: Total time for which application threads were stopped: 0.0000304 seconds, Stopping threads took: 0.0000083 seconds
2016-06-21T17:13:06.765+0100: 27.229: Total time for which application threads were stopped: 0.0000280 seconds, Stopping threads took: 0.0000079 seconds
2016-06-21T17:13:06.765+0100: 27.229: Total time for which application threads were stopped: 0.0000300 seconds, Stopping threads took: 0.0000083 seconds
2016-06-21T17:13:06.765+0100: 27.230: Total time for which application threads were stopped: 0.0000328 seconds, Stopping threads took: 0.0000095 seconds
2016-06-21T17:13:06.765+0100: 27.230: Total time for which application threads were stopped: 0.0000320 seconds, Stopping threads took: 0.0000091 seconds
2016-06-21T17:13:06.765+0100: 27.230: Total time for which application threads were stopped: 0.0000336 seconds, Stopping threads took: 0.0000087 seconds
2016-06-21T17:13:06.765+0100: 27.230: Total time for which application threads were stopped: 0.0000292 seconds, Stopping threads took: 0.0000079 seconds
2016-06-21T17:13:06.765+0100: 27.230: Total time for which application threads were stopped: 0.0000280 seconds, Stopping threads took: 0.0000079 seconds
2016-06-21T17:13:06.766+0100: 27.230: Total time for which application threads were stopped: 0.0000312 seconds, Stopping threads took: 0.0000091 seconds
2016-06-21T17:13:06.766+0100: 27.230: Total time for which application threads were stopped: 0.0000328 seconds, Stopping threads took: 0.0000091 seconds
2016-06-21T17:13:06.766+0100: 27.230: Total time for which application threads were stopped: 0.0000292 seconds, Stopping threads took: 0.0000079 seconds
2016-06-21T17:13:06.766+0100: 27.230: Total time for which application threads were stopped: 0.0000284 seconds, Stopping threads took: 0.0000079 seconds
2016-06-21T17:13:06.766+0100: 27.230: Total time for which application threads were stopped: 0.0000359 seconds, Stopping threads took: 0.0000107 seconds
2016-06-21T17:13:06.766+0100: 27.230: Total time for which application threads were stopped: 0.0000308 seconds, Stopping threads took: 0.0000079 seconds
2016-06-21T17:13:06.766+0100: 27.230: Total time for which application threads were stopped: 0.0000300 seconds, Stopping threads took: 0.0000087 seconds
2016-06-21T17:13:06.766+0100: 27.230: Total time for which application threads were stopped: 0.0000308 seconds, Stopping threads took: 0.0000079 seconds
2016-06-21T17:13:06.766+0100: 27.230: Total time for which application threads were stopped: 0.0001311 seconds, Stopping threads took: 0.0000091 seconds
2016-06-21T17:13:06.766+0100: 27.231: Total time for which application threads were stopped: 0.0000316 seconds, Stopping threads took: 0.0000095 seconds
2016-06-21T17:13:06.768+0100: 27.232: Total time for which application threads were stopped: 0.0000797 seconds, Stopping threads took: 0.0000213 seconds
Heap
 par new generation   total 109248K, used 20506K [0x00000000e0000000, 0x00000000e8000000, 0x00000000e8000000)
  eden space 87424K,   5% used [0x00000000e0000000, 0x00000000e0509558, 0x00000000e5560000)
  from space 21824K,  70% used [0x00000000e6ab0000, 0x00000000e79ad458, 0x00000000e8000000)
  to   space 21824K,   0% used [0x00000000e5560000, 0x00000000e5560000, 0x00000000e6ab0000)
 concurrent mark-sweep generation total 393216K, used 0K [0x00000000e8000000, 0x0000000100000000, 0x0000000100000000)
 Metaspace       used 25549K, capacity 25894K, committed 26200K, reserved 1073152K
  class space    used 3111K, capacity 3200K, committed 3244K, reserved 1048576K
